###############################################################################
#
# IAR ELF Linker V8.32.1.169/W32 for ARM                  21/Dec/2020  04:17:28
# Copyright 2007-2018 IAR Systems AB.
#
#    Output file  =  
#        D:\Electronics\Projects\MKS_DLP_new\SRC\firmware\MKSDLP_Alter_debug_1_1\Exe\mksDLP.out
#    Map file     =  
#        D:\Electronics\Projects\MKS_DLP_new\SRC\firmware\MKSDLP_Alter_debug_1_1\List\mksDLP.map
#    Command line =  
#        -f C:\Temp\EW300C.tmp
#        (D:\Electronics\Projects\MKS_DLP_new\SRC\firmware\MKSDLP_Alter_debug_1_1\Obj\config.o
#        D:\Electronics\Projects\MKS_DLP_new\SRC\firmware\MKSDLP_Alter_debug_1_1\Obj\cpld_utils.o
#        D:\Electronics\Projects\MKS_DLP_new\SRC\firmware\MKSDLP_Alter_debug_1_1\Obj\datetime.o
#        D:\Electronics\Projects\MKS_DLP_new\SRC\firmware\MKSDLP_Alter_debug_1_1\Obj\diskio.o
#        D:\Electronics\Projects\MKS_DLP_new\SRC\firmware\MKSDLP_Alter_debug_1_1\Obj\ds3231.o
#        D:\Electronics\Projects\MKS_DLP_new\SRC\firmware\MKSDLP_Alter_debug_1_1\Obj\eeprom.o
#        D:\Electronics\Projects\MKS_DLP_new\SRC\firmware\MKSDLP_Alter_debug_1_1\Obj\ext_i2c.o
#        D:\Electronics\Projects\MKS_DLP_new\SRC\firmware\MKSDLP_Alter_debug_1_1\Obj\fatfs.o
#        D:\Electronics\Projects\MKS_DLP_new\SRC\firmware\MKSDLP_Alter_debug_1_1\Obj\ff.o
#        D:\Electronics\Projects\MKS_DLP_new\SRC\firmware\MKSDLP_Alter_debug_1_1\Obj\ff_gen_drv.o
#        D:\Electronics\Projects\MKS_DLP_new\SRC\firmware\MKSDLP_Alter_debug_1_1\Obj\ffsystem.o
#        D:\Electronics\Projects\MKS_DLP_new\SRC\firmware\MKSDLP_Alter_debug_1_1\Obj\ffunicode.o
#        D:\Electronics\Projects\MKS_DLP_new\SRC\firmware\MKSDLP_Alter_debug_1_1\Obj\files_photon.o
#        D:\Electronics\Projects\MKS_DLP_new\SRC\firmware\MKSDLP_Alter_debug_1_1\Obj\files_pws.o
#        D:\Electronics\Projects\MKS_DLP_new\SRC\firmware\MKSDLP_Alter_debug_1_1\Obj\fnt12.o
#        D:\Electronics\Projects\MKS_DLP_new\SRC\firmware\MKSDLP_Alter_debug_1_1\Obj\fnt12bold.o
#        D:\Electronics\Projects\MKS_DLP_new\SRC\firmware\MKSDLP_Alter_debug_1_1\Obj\fnt170num_lcd.o
#        D:\Electronics\Projects\MKS_DLP_new\SRC\firmware\MKSDLP_Alter_debug_1_1\Obj\fnt18.o
#        D:\Electronics\Projects\MKS_DLP_new\SRC\firmware\MKSDLP_Alter_debug_1_1\Obj\fnt18bold.o
#        D:\Electronics\Projects\MKS_DLP_new\SRC\firmware\MKSDLP_Alter_debug_1_1\Obj\fnt24.o
#        D:\Electronics\Projects\MKS_DLP_new\SRC\firmware\MKSDLP_Alter_debug_1_1\Obj\fnt24bold.o
#        D:\Electronics\Projects\MKS_DLP_new\SRC\firmware\MKSDLP_Alter_debug_1_1\Obj\fnt36.o
#        D:\Electronics\Projects\MKS_DLP_new\SRC\firmware\MKSDLP_Alter_debug_1_1\Obj\fnt36num.o
#        D:\Electronics\Projects\MKS_DLP_new\SRC\firmware\MKSDLP_Alter_debug_1_1\Obj\fsmc.o
#        D:\Electronics\Projects\MKS_DLP_new\SRC\firmware\MKSDLP_Alter_debug_1_1\Obj\fst_spi.o
#        D:\Electronics\Projects\MKS_DLP_new\SRC\firmware\MKSDLP_Alter_debug_1_1\Obj\gpio.o
#        D:\Electronics\Projects\MKS_DLP_new\SRC\firmware\MKSDLP_Alter_debug_1_1\Obj\languages.o
#        D:\Electronics\Projects\MKS_DLP_new\SRC\firmware\MKSDLP_Alter_debug_1_1\Obj\lcd_low.o
#        D:\Electronics\Projects\MKS_DLP_new\SRC\firmware\MKSDLP_Alter_debug_1_1\Obj\lcd_ui.o
#        D:\Electronics\Projects\MKS_DLP_new\SRC\firmware\MKSDLP_Alter_debug_1_1\Obj\main.o
#        D:\Electronics\Projects\MKS_DLP_new\SRC\firmware\MKSDLP_Alter_debug_1_1\Obj\motor.o
#        D:\Electronics\Projects\MKS_DLP_new\SRC\firmware\MKSDLP_Alter_debug_1_1\Obj\printing.o
#        D:\Electronics\Projects\MKS_DLP_new\SRC\firmware\MKSDLP_Alter_debug_1_1\Obj\prtfiles.o
#        D:\Electronics\Projects\MKS_DLP_new\SRC\firmware\MKSDLP_Alter_debug_1_1\Obj\rtc.o
#        D:\Electronics\Projects\MKS_DLP_new\SRC\firmware\MKSDLP_Alter_debug_1_1\Obj\spi_flash.o
#        D:\Electronics\Projects\MKS_DLP_new\SRC\firmware\MKSDLP_Alter_debug_1_1\Obj\spifl_diskio.o
#        D:\Electronics\Projects\MKS_DLP_new\SRC\firmware\MKSDLP_Alter_debug_1_1\Obj\ssd_utils.o
#        D:\Electronics\Projects\MKS_DLP_new\SRC\firmware\MKSDLP_Alter_debug_1_1\Obj\startup_stm32f407xx.o
#        D:\Electronics\Projects\MKS_DLP_new\SRC\firmware\MKSDLP_Alter_debug_1_1\Obj\stm32f4xx_hal.o
#        D:\Electronics\Projects\MKS_DLP_new\SRC\firmware\MKSDLP_Alter_debug_1_1\Obj\stm32f4xx_hal_cortex.o
#        D:\Electronics\Projects\MKS_DLP_new\SRC\firmware\MKSDLP_Alter_debug_1_1\Obj\stm32f4xx_hal_dma.o
#        D:\Electronics\Projects\MKS_DLP_new\SRC\firmware\MKSDLP_Alter_debug_1_1\Obj\stm32f4xx_hal_dma_ex.o
#        D:\Electronics\Projects\MKS_DLP_new\SRC\firmware\MKSDLP_Alter_debug_1_1\Obj\stm32f4xx_hal_exti.o
#        D:\Electronics\Projects\MKS_DLP_new\SRC\firmware\MKSDLP_Alter_debug_1_1\Obj\stm32f4xx_hal_flash.o
#        D:\Electronics\Projects\MKS_DLP_new\SRC\firmware\MKSDLP_Alter_debug_1_1\Obj\stm32f4xx_hal_flash_ex.o
#        D:\Electronics\Projects\MKS_DLP_new\SRC\firmware\MKSDLP_Alter_debug_1_1\Obj\stm32f4xx_hal_flash_ramfunc.o
#        D:\Electronics\Projects\MKS_DLP_new\SRC\firmware\MKSDLP_Alter_debug_1_1\Obj\stm32f4xx_hal_gpio.o
#        D:\Electronics\Projects\MKS_DLP_new\SRC\firmware\MKSDLP_Alter_debug_1_1\Obj\stm32f4xx_hal_hcd.o
#        D:\Electronics\Projects\MKS_DLP_new\SRC\firmware\MKSDLP_Alter_debug_1_1\Obj\stm32f4xx_hal_i2c.o
#        D:\Electronics\Projects\MKS_DLP_new\SRC\firmware\MKSDLP_Alter_debug_1_1\Obj\stm32f4xx_hal_msp.o
#        D:\Electronics\Projects\MKS_DLP_new\SRC\firmware\MKSDLP_Alter_debug_1_1\Obj\stm32f4xx_hal_pwr.o
#        D:\Electronics\Projects\MKS_DLP_new\SRC\firmware\MKSDLP_Alter_debug_1_1\Obj\stm32f4xx_hal_pwr_ex.o
#        D:\Electronics\Projects\MKS_DLP_new\SRC\firmware\MKSDLP_Alter_debug_1_1\Obj\stm32f4xx_hal_rcc.o
#        D:\Electronics\Projects\MKS_DLP_new\SRC\firmware\MKSDLP_Alter_debug_1_1\Obj\stm32f4xx_hal_rcc_ex.o
#        D:\Electronics\Projects\MKS_DLP_new\SRC\firmware\MKSDLP_Alter_debug_1_1\Obj\stm32f4xx_hal_rtc.o
#        D:\Electronics\Projects\MKS_DLP_new\SRC\firmware\MKSDLP_Alter_debug_1_1\Obj\stm32f4xx_hal_rtc_ex.o
#        D:\Electronics\Projects\MKS_DLP_new\SRC\firmware\MKSDLP_Alter_debug_1_1\Obj\stm32f4xx_hal_spi.o
#        D:\Electronics\Projects\MKS_DLP_new\SRC\firmware\MKSDLP_Alter_debug_1_1\Obj\stm32f4xx_hal_sram.o
#        D:\Electronics\Projects\MKS_DLP_new\SRC\firmware\MKSDLP_Alter_debug_1_1\Obj\stm32f4xx_hal_tim.o
#        D:\Electronics\Projects\MKS_DLP_new\SRC\firmware\MKSDLP_Alter_debug_1_1\Obj\stm32f4xx_hal_tim_ex.o
#        D:\Electronics\Projects\MKS_DLP_new\SRC\firmware\MKSDLP_Alter_debug_1_1\Obj\stm32f4xx_hal_wwdg.o
#        D:\Electronics\Projects\MKS_DLP_new\SRC\firmware\MKSDLP_Alter_debug_1_1\Obj\stm32f4xx_it.o
#        D:\Electronics\Projects\MKS_DLP_new\SRC\firmware\MKSDLP_Alter_debug_1_1\Obj\stm32f4xx_ll_fsmc.o
#        D:\Electronics\Projects\MKS_DLP_new\SRC\firmware\MKSDLP_Alter_debug_1_1\Obj\stm32f4xx_ll_usb.o
#        D:\Electronics\Projects\MKS_DLP_new\SRC\firmware\MKSDLP_Alter_debug_1_1\Obj\sys_timer.o
#        D:\Electronics\Projects\MKS_DLP_new\SRC\firmware\MKSDLP_Alter_debug_1_1\Obj\system_stm32f4xx.o
#        D:\Electronics\Projects\MKS_DLP_new\SRC\firmware\MKSDLP_Alter_debug_1_1\Obj\tgui.o
#        D:\Electronics\Projects\MKS_DLP_new\SRC\firmware\MKSDLP_Alter_debug_1_1\Obj\tgui_calibscreenfuncs.o
#        D:\Electronics\Projects\MKS_DLP_new\SRC\firmware\MKSDLP_Alter_debug_1_1\Obj\tgui_clocksetscreenfuncs.o
#        D:\Electronics\Projects\MKS_DLP_new\SRC\firmware\MKSDLP_Alter_debug_1_1\Obj\tgui_defaultfuncs.o
#        D:\Electronics\Projects\MKS_DLP_new\SRC\firmware\MKSDLP_Alter_debug_1_1\Obj\tgui_filesscreenfuncs.o
#        D:\Electronics\Projects\MKS_DLP_new\SRC\firmware\MKSDLP_Alter_debug_1_1\Obj\tgui_fileviewscreenfuncs.o
#        D:\Electronics\Projects\MKS_DLP_new\SRC\firmware\MKSDLP_Alter_debug_1_1\Obj\tgui_infoscreenfuncs.o
#        D:\Electronics\Projects\MKS_DLP_new\SRC\firmware\MKSDLP_Alter_debug_1_1\Obj\tgui_langscreenfuncs.o
#        D:\Electronics\Projects\MKS_DLP_new\SRC\firmware\MKSDLP_Alter_debug_1_1\Obj\tgui_mainscreenfuncs.o
#        D:\Electronics\Projects\MKS_DLP_new\SRC\firmware\MKSDLP_Alter_debug_1_1\Obj\tgui_messagebox.o
#        D:\Electronics\Projects\MKS_DLP_new\SRC\firmware\MKSDLP_Alter_debug_1_1\Obj\tgui_movezscreenfuncs.o
#        D:\Electronics\Projects\MKS_DLP_new\SRC\firmware\MKSDLP_Alter_debug_1_1\Obj\tgui_numenterscreenfuncs.o
#        D:\Electronics\Projects\MKS_DLP_new\SRC\firmware\MKSDLP_Alter_debug_1_1\Obj\tgui_printscreenfuncs.o
#        D:\Electronics\Projects\MKS_DLP_new\SRC\firmware\MKSDLP_Alter_debug_1_1\Obj\tgui_prnparamsscreenfuncs.o
#        D:\Electronics\Projects\MKS_DLP_new\SRC\firmware\MKSDLP_Alter_debug_1_1\Obj\tgui_screensaverfuncs.o
#        D:\Electronics\Projects\MKS_DLP_new\SRC\firmware\MKSDLP_Alter_debug_1_1\Obj\tgui_servicescreenfuncs.o
#        D:\Electronics\Projects\MKS_DLP_new\SRC\firmware\MKSDLP_Alter_debug_1_1\Obj\tgui_settingsscreenfuncs.o
#        D:\Electronics\Projects\MKS_DLP_new\SRC\firmware\MKSDLP_Alter_debug_1_1\Obj\tgui_uvtestscreenfuncs.o
#        D:\Electronics\Projects\MKS_DLP_new\SRC\firmware\MKSDLP_Alter_debug_1_1\Obj\tim.o
#        D:\Electronics\Projects\MKS_DLP_new\SRC\firmware\MKSDLP_Alter_debug_1_1\Obj\touch.o
#        D:\Electronics\Projects\MKS_DLP_new\SRC\firmware\MKSDLP_Alter_debug_1_1\Obj\unicode_utils.o
#        D:\Electronics\Projects\MKS_DLP_new\SRC\firmware\MKSDLP_Alter_debug_1_1\Obj\usb_host.o
#        D:\Electronics\Projects\MKS_DLP_new\SRC\firmware\MKSDLP_Alter_debug_1_1\Obj\usbh_conf.o
#        D:\Electronics\Projects\MKS_DLP_new\SRC\firmware\MKSDLP_Alter_debug_1_1\Obj\usbh_core.o
#        D:\Electronics\Projects\MKS_DLP_new\SRC\firmware\MKSDLP_Alter_debug_1_1\Obj\usbh_ctlreq.o
#        D:\Electronics\Projects\MKS_DLP_new\SRC\firmware\MKSDLP_Alter_debug_1_1\Obj\usbh_diskio.o
#        D:\Electronics\Projects\MKS_DLP_new\SRC\firmware\MKSDLP_Alter_debug_1_1\Obj\usbh_ioreq.o
#        D:\Electronics\Projects\MKS_DLP_new\SRC\firmware\MKSDLP_Alter_debug_1_1\Obj\usbh_msc.o
#        D:\Electronics\Projects\MKS_DLP_new\SRC\firmware\MKSDLP_Alter_debug_1_1\Obj\usbh_msc_bot.o
#        D:\Electronics\Projects\MKS_DLP_new\SRC\firmware\MKSDLP_Alter_debug_1_1\Obj\usbh_msc_scsi.o
#        D:\Electronics\Projects\MKS_DLP_new\SRC\firmware\MKSDLP_Alter_debug_1_1\Obj\usbh_pipes.o
#        D:\Electronics\Projects\MKS_DLP_new\SRC\firmware\MKSDLP_Alter_debug_1_1\Obj\usbh_platform.o
#        D:\Electronics\Projects\MKS_DLP_new\SRC\firmware\MKSDLP_Alter_debug_1_1\Obj\uvdisplay.o
#        D:\Electronics\Projects\MKS_DLP_new\SRC\firmware\MKSDLP_Alter_debug_1_1\Obj\z_endstops.o
#        D:\Electronics\Projects\MKS_DLP_new\SRC\firmware\MKSDLP_Alter_debug_1_1\Obj\z_planner.o
#        D:\Electronics\Projects\MKS_DLP_new\SRC\firmware\MKSDLP_Alter_debug_1_1\Obj\z_stepper.o
#        --redirect _Printf=_PrintfFull --redirect _Scanf=_ScanfFull
#        --no_out_extension -o
#        D:\Electronics\Projects\MKS_DLP_new\SRC\firmware\MKSDLP_Alter_debug_1_1\Exe\mksDLP.out
#        --map
#        D:\Electronics\Projects\MKS_DLP_new\SRC\firmware\MKSDLP_Alter_debug_1_1\List\mksDLP.map
#        --log libraries,call_graph --log_file
#        D:\Electronics\Projects\MKS_DLP_new\SRC\firmware\MKSDLP_Alter_debug_1_1\List\mksDLP.log
#        --config
#        D:\Electronics\Projects\MKS_DLP_new\SRC\firmware/config/stm32f407xx_flash.icf
#        --semihosting --entry __iar_program_start --merge_duplicate_sections
#        --vfe --text_out locale)
#
###############################################################################

*******************************************************************************
*** RUNTIME MODEL ATTRIBUTES
***

CppFlavor                     = *
__CPP_Exceptions              = Disabled
__CPP_Language                = C++14
__Heap_Handler                = DLMalloc
__SystemLibrary               = DLib
__dlib_dynamic_initialization = normal
__dlib_version                = 6


*******************************************************************************
*** HEAP SELECTION
***

The advanced heap was selected because the application calls memory
allocation functions outside of system library functions, and there
are calls to deallocation functions in the application.


*******************************************************************************
*** PLACEMENT SUMMARY
***

"A0":  place at 0x801'0000 { ro section .intvec };
"P1":  place in [from 0x801'0000 to 0x807'ffff] { ro };
define block CSTACK with size = 20K, alignment = 8 { };
define block HEAP with size = 8K, alignment = 8 { };
"P2":  place in [from 0x2000'0000 to 0x2001'ffff] {
          rw, block CSTACK, block HEAP };
"P3":  place in [from 0x1000'0000 to 0x1000'ffff] { rw section CCMRAM };
initialize by copy { rw };

  Section                Kind         Address     Size  Object
  -------                ----         -------     ----  ------
"A0":                                            0x188
  .intvec                ro code   0x801'0000    0x188  startup_stm32f407xx.o [1]
                                 - 0x801'0188    0x188

"P1":                                          0x3c0f3
  .rodata                const     0x801'0188   0x66f0  fnt170num_lcd.o [1]
  .text                  ro code   0x801'6878   0x594c  tgui.o [1]
  .text                  ro code   0x801'c1c4     0x66  ABImemset.o [5]
  .text                  ro code   0x801'c22a     0x7a  lz77_init_single.o [5]
  .text                  ro code   0x801'c2a4    0xaf8  tgui_defaultfuncs.o [1]
  .text                  ro code   0x801'cd9c     0xa6  ABImemcpy.o [5]
  .text                  ro code   0x801'ce42     0x3a  zero_init3.o [5]
  .text                  ro code   0x801'ce7c     0x40  languages.o [1]
  .text                  ro code   0x801'cebc    0x754  tgui_messagebox.o [1]
  .text                  ro code   0x801'd610    0x20c  sys_timer.o [1]
  .text                  ro code   0x801'd81c    0x26c  datetime.o [1]
  .text                  ro code   0x801'da88     0x40  sprintf.o [2]
  .text                  ro code   0x801'dac8    0xc54  lcd_ui.o [1]
  .text                  ro code   0x801'e71c    0x520  lcd_low.o [1]
  .text                  ro code   0x801'ec3c   0x2f90  ff.o [1]
  .text                  ro code   0x802'1bcc    0x39a  unicode_utils.o [1]
  .text                  ro code   0x802'1f66     0x26  xencoding_8859_1.o [2]
  .text                  ro code   0x802'1f8c    0x3a4  touch.o [1]
  .text                  ro code   0x802'2330     0x70  strncpy.o [5]
  .text                  ro code   0x802'23a0    0x418  stm32f4xx_hal_rtc.o [1]
  .text                  ro code   0x802'27b8      0xc  stm32f4xx_hal.o [1]
  .text                  ro code   0x802'27c4    0xf46  xprintffull.o [2]
  .text                  ro code   0x802'370a     0x1e  xsscin.o [2]
  .text                  ro code   0x802'3728     0x28  stm32f4xx_hal.o [1]
  .text                  ro code   0x802'3750    0x114  fsmc.o [1]
  .text                  ro code   0x802'3864    0x458  stm32f4xx_hal_dma.o [1]
  .text                  ro code   0x802'3cbc    0x12c  stm32f4xx_hal_cortex.o [1]
  .text                  ro code   0x802'3de8     0xb0  diskio.o [1]
  .text                  ro code   0x802'3e98    0x144  ffunicode.o [1]
  .text                  ro code   0x802'3fdc    0x158  fatfs.o [1]
  .text                  ro code   0x802'4134    0x538  fst_spi.o [1]
  .text                  ro code   0x802'466c    0x104  xlocale_c.o [2]
  .text                  ro code   0x802'4770     0x16  strchr.o [5]
  .text                  ro code   0x802'4786      0xa  xsprout.o [2]
  .text                  ro code   0x802'4790     0x40  xfail_s.o [2]
  .text                  ro code   0x802'47d0     0x36  strlen.o [5]
  .rodata                const     0x802'4806      0x2  languages.o [1]
  .text                  ro code   0x802'4808     0x58  memchr.o [5]
  .text                  ro code   0x802'4860      0xa  xmbcurmax.o [2]
  .rodata                const     0x802'486a      0x2  languages.o [1]
  .text                  ro code   0x802'486c    0x230  I64DivMod.o [5]
  .text                  ro code   0x802'4a9c    0x1a2  DblMul.o [4]
  .rodata                const     0x802'4c3e      0x1  unwind_debug.o [6]
  .text                  ro code   0x802'4c40     0x70  frexp.o [4]
  .text                  ro code   0x802'4cb0     0x2e  DblCmpLe.o [4]
  .text                  ro code   0x802'4ce0     0x2e  DblCmpGe.o [4]
  .text                  ro code   0x802'4d10    0x13a  ldexp.o [4]
  .text                  ro code   0x802'4e4c     0x3a  DblToS32.o [4]
  .text                  ro code   0x802'4e88     0x22  S32ToDbl.o [4]
  .text                  ro code   0x802'4eac     0xe2  DblSub.o [4]
  .text                  ro code   0x802'4f90    0x246  DblDiv.o [4]
  .text                  ro code   0x802'51d8     0x28  DblToU32.o [4]
  .text                  ro code   0x802'5200     0x1a  U32ToDbl.o [4]
  .text                  ro code   0x802'521c      0x6  ABImemclr4.o [5]
  .text                  ro code   0x802'5224     0x5c  stm32f4xx_hal_sram.o [1]
  .text                  ro code   0x802'5280   0x2182  main.o [1]
  .text                  ro code   0x802'7404    0x252  stm32f4xx_hal_gpio.o [1]
  .text                  ro code   0x802'7658     0x54  ff_gen_drv.o [1]
  .text                  ro code   0x802'76ac    0x766  stm32f4xx_hal_spi.o [1]
  .text                  ro code   0x802'7e12      0x6  abort.o [2]
  .text                  ro code   0x802'7e18      0x2  stm32f4xx_hal_i2c.o [1]
  .text                  ro code   0x802'7e1c    0x17a  DblAdd.o [4]
  .text                  ro code   0x802'7f98     0x32  ABImemset48.o [5]
  .text                  ro code   0x802'7fcc     0xe4  stm32f4xx_ll_fsmc.o [1]
  .text                  ro code   0x802'80b0     0x18  stm32f4xx_hal_pwr.o [1]
  .text                  ro code   0x802'80c8     0x34  stm32f4xx_hal.o [1]
  .text                  ro code   0x802'80fc    0x2c0  gpio.o [1]
  .text                  ro code   0x802'83bc    0x600  eeprom.o [1]
  .text                  ro code   0x802'89bc   0x1204  config.o [1]
  .text                  ro code   0x802'9bc0    0x394  spi_flash.o [1]
  .text                  ro code   0x802'9f54     0xc8  rtc.o [1]
  .text                  ro code   0x802'a01c    0x2ae  ds3231.o [1]
  .text                  ro code   0x802'a2cc    0x2c8  motor.o [1]
  .text                  ro code   0x802'a594    0x1e6  cpld_utils.o [1]
  .text                  ro code   0x802'a77c     0x24  uvdisplay.o [1]
  .text                  ro code   0x802'a7a0    0x488  tgui_uvtestscreenfuncs.o [1]
  .text                  ro code   0x802'ac28     0x20  usbh_platform.o [1]
  .text                  ro code   0x802'ac48     0x94  usb_host.o [1]
  .text                  ro code   0x802'acdc     0x12  strcmp.o [5]
  .text                  ro code   0x802'acf0    0x484  tgui_screensaverfuncs.o [1]
  .text                  ro code   0x802'b174     0x48  FltToDbl.o [4]
  .text                  ro code   0x802'b1bc     0x68  DblToFlt.o [4]
  .text                  ro code   0x802'b224    0x524  tgui_movezscreenfuncs.o [1]
  .text                  ro code   0x802'b748    0x758  printing.o [1]
  .text                  ro code   0x802'bea0    0x5c0  prtfiles.o [1]
  .text                  ro code   0x802'c460    0x3b4  stm32f4xx_hal_rcc.o [1]
  .text                  ro code   0x802'c814    0x1f4  stm32f4xx_hal_rcc.o [1]
  .text                  ro code   0x802'ca08    0x150  stm32f4xx_hal_rcc_ex.o [1]
  .text                  ro code   0x802'cb58     0x14  exit.o [6]
  .text                  ro code   0x802'cb6c     0x4c  stm32f4xx_hal.o [1]
  .text                  ro code   0x802'cbb8     0x40  stm32f4xx_hal_msp.o [1]
  .text                  ro code   0x802'cbf8    0x22e  stm32f4xx_hal_i2c.o [1]
  .text                  ro code   0x802'ce28      0xe  math_wrappers64.o [4]
  .text                  ro code   0x802'ce38    0x152  iar_Stoulx.o [2]
  .text                  ro code   0x802'cf8c    0xe30  z_planner.o [1]
  .text                  ro code   0x802'ddbc     0x18  tgui_uvtestscreenfuncs.o [1]
  .text                  ro code   0x802'ddd4    0x7bc  ext_i2c.o [1]
  .text                  ro code   0x802'e590     0xe4  z_endstops.o [1]
  .text                  ro code   0x802'e674    0x590  z_stepper.o [1]
  .text                  ro code   0x802'ec04    0x1cc  tim.o [1]
  .text                  ro code   0x802'edd0    0x78a  stm32f4xx_hal_tim.o [1]
  .text                  ro code   0x802'f55c     0x14  motor.o [1]
  .text                  ro code   0x802'f570      0xc  z_endstops.o [1]
  .text                  ro code   0x802'f57c     0x18  z_endstops.o [1]
  .text                  ro code   0x802'f594     0x20  z_stepper.o [1]
  .text                  ro code   0x802'f5b4     0x20  motor.o [1]
  .text                  ro code   0x802'f5d4     0x30  cpld_utils.o [1]
  .text                  ro code   0x802'f604    0x5d0  ssd_utils.o [1]
  .text                  ro code   0x802'fbd4     0x18  strcpy.o [5]
  .text                  ro code   0x802'fbec     0x1e  strcat.o [2]
  .text                  ro code   0x802'fc0a    0x7de  usbh_core.o [1]
  .text                  ro code   0x803'03e8    0x56c  files_pws.o [1]
  .text                  ro code   0x803'0954    0x700  files_photon.o [1]
  .text                  ro code   0x803'1054     0x1e  sqrtf.o [4]
  .text                  ro code   0x803'1074    0x51c  strto64.o [4]
  .text                  ro code   0x803'1590     0x14  isspace.o [2]
  .text                  ro code   0x803'15a4     0x14  tolower.o [2]
  .text                  ro code   0x803'15b8     0x24  z_planner.o [1]
  .text                  ro code   0x803'15dc     0x18  z_planner.o [1]
  .text                  ro code   0x803'15f4      0x8  z_stepper.o [1]
  .text                  ro code   0x803'15fc     0x3c  ceilf.o [4]
  .text                  ro code   0x803'1638     0xac  z_planner.o [1]
  .text                  ro code   0x803'16e4     0x3c  floorf.o [4]
  .text                  ro code   0x803'1720     0xbc  z_planner.o [1]
  .text                  ro code   0x803'17dc     0x12  z_planner.o [1]
  .text                  ro code   0x803'17ee      0x8  z_planner.o [1]
  .text                  ro code   0x803'17f8     0x20  z_stepper.o [1]
  .text                  ro code   0x803'1818     0x10  z_stepper.o [1]
  .text                  ro code   0x803'1828      0xc  z_stepper.o [1]
  .text                  ro code   0x803'1834     0x38  z_planner.o [1]
  .text                  ro code   0x803'186c     0x18  z_planner.o [1]
  .text                  ro code   0x803'1884     0x2e  lroundf.o [4]
  .text                  ro code   0x803'18b4     0x18  z_stepper.o [1]
  .text                  ro code   0x803'18cc     0x1c  z_stepper.o [1]
  .text                  ro code   0x803'18e8     0x2c  z_stepper.o [1]
  .text                  ro code   0x803'1914     0xac  stm32f4xx_hal_tim_ex.o [1]
  .text                  ro code   0x803'19c0    0x2f8  usbh_conf.o [1]
  .text                  ro code   0x803'1cb8     0xb6  usbh_pipes.o [1]
  .text                  ro code   0x803'1d6e    0x5bc  usbh_ctlreq.o [1]
  .text                  ro code   0x803'232a    0x122  iar_Stopfx.o [2]
  .text                  ro code   0x803'244c    0x1c4  iar_Stoflt.o [2]
  .text                  ro code   0x803'2610    0x21c  iar_Stoxflt.o [2]
  .text                  ro code   0x803'282c     0x10  z_stepper.o [1]
  .text                  ro code   0x803'283c      0xe  z_planner.o [1]
  .text                  ro code   0x803'284c     0x1c  z_stepper.o [1]
  .text                  ro code   0x803'2868   0x1060  stm32f4xx_hal_hcd.o [1]
  .text                  ro code   0x803'38c8     0xd0  usbh_ioreq.o [1]
  .text                  ro code   0x803'3998     0x14  isalpha.o [2]
  .text                  ro code   0x803'39ac    0x9c4  stm32f4xx_ll_usb.o [1]
  .rodata                const     0x803'4370   0x3b94  fnt36.o [1]
  .rodata                const     0x803'7f04   0x2094  fnt24bold.o [1]
  .rodata                const     0x803'9f98   0x1a1c  fnt24.o [1]
  .text                  ro code   0x803'b9b4   0x14e0  dlmalloc.o [2]
  .text                  ro code   0x803'ce94     0x2c  xgetmemchunk.o [2]
  .rodata                const     0x803'cec0   0x10c8  fnt18bold.o [1]
  .text                  ro code   0x803'df88    0xf28  tgui_filesscreenfuncs.o [1]
  .text                  ro code   0x803'eeb0    0xbf8  tgui_fileviewscreenfuncs.o [1]
  .rodata                const     0x803'faa8    0xea4  fnt18.o [1]
  .text                  ro code   0x804'094c    0xe58  xscanffull.o [2]
  .text                  ro code   0x804'17a4     0x3c  wctob.o [2]
  .text                  ro code   0x804'17e0     0x9e  iar_Stollx.o [2]
  .text                  ro code   0x804'1880    0x1b2  iar_Stoullx.o [2]
  .text                  ro code   0x804'1a34    0x9d8  tgui_prnparamsscreenfuncs.o [1]
  .text                  ro code   0x804'240c    0x620  tgui_numenterscreenfuncs.o [1]
  .text                  ro code   0x804'2a2c     0x28  sscanf.o [2]
  .text                  ro code   0x804'2a54    0x97c  tgui_printscreenfuncs.o [1]
  .text                  ro code   0x804'33d0    0x8b4  usbh_msc.o [1]
  .text                  ro code   0x804'3c84    0x394  usbh_msc_bot.o [1]
  .text                  ro code   0x804'4018      0x4  heaptramp0.o [2]
  .text                  ro code   0x804'401c    0x3ea  usbh_msc_scsi.o [1]
  .rodata                const     0x804'4408    0x788  fnt12bold.o [1]
  .text                  ro code   0x804'4b90    0x730  tgui_clocksetscreenfuncs.o [1]
  .rodata                const     0x804'52c0    0x6b4  fnt12.o [1]
  .rodata                const     0x804'5974    0x684  fnt36num.o [1]
  .text                  ro code   0x804'5ff8    0x5cc  tgui_calibscreenfuncs.o [1]
  .text                  ro code   0x804'65c4    0x474  tgui_infoscreenfuncs.o [1]
  .text                  ro code   0x804'6a38    0x450  tgui_settingsscreenfuncs.o [1]
  .text                  ro code   0x804'6e88    0x3f4  tgui_servicescreenfuncs.o [1]
  .rodata                const     0x804'727c    0x228  languages.o [1]
  .rodata                const     0x804'74a4    0x228  languages.o [1]
  .rodata                const     0x804'76cc    0x200  cpld_utils.o [1]
  .rodata                const     0x804'78cc    0x1f4  ffunicode.o [1]
  .text                  ro code   0x804'7ac0    0x144  usbh_diskio.o [1]
  .rodata                const     0x804'7c04    0x140  fnt12.o [1]
  .rodata                const     0x804'7d44    0x140  fnt12bold.o [1]
  .rodata                const     0x804'7e84    0x140  fnt18.o [1]
  .rodata                const     0x804'7fc4    0x140  fnt18bold.o [1]
  .rodata                const     0x804'8104    0x140  fnt24.o [1]
  .rodata                const     0x804'8244    0x140  fnt24bold.o [1]
  .rodata                const     0x804'8384    0x140  fnt36.o [1]
  .text                  ro code   0x804'84c4    0x12c  spifl_diskio.o [1]
  .rodata                const     0x804'85f0    0x100  ffunicode.o [1]
  .rodata                const     0x804'86f0     0xc8  languages.o [1]
  .rodata                const     0x804'87b8     0xbc  ffunicode.o [1]
  .rodata                const     0x804'8874     0xb8  languages.o [1]
  .text                  ro code   0x804'892c     0x9e  stm32f4xx_it.o [1]
  .rodata                const     0x804'89cc     0x9c  languages.o [1]
  .rodata                const     0x804'8a68     0x80  ff.o [1]
  .rodata                const     0x804'8ae8     0x78  languages.o [1]
  .rodata                const     0x804'8b60     0x74  languages.o [1]
  .rodata                const     0x804'8bd4     0x74  languages.o [1]
  .rodata                const     0x804'8c48     0x70  languages.o [1]
  .rodata                const     0x804'8cb8     0x70  languages.o [1]
  .rodata                const     0x804'8d28     0x68  languages.o [1]
  .rodata                const     0x804'8d90     0x68  languages.o [1]
  .rodata                const     0x804'8df8     0x68  languages.o [1]
  .rodata                const     0x804'8e60     0x64  languages.o [1]
  .rodata                const     0x804'8ec4     0x60  languages.o [1]
  .rodata                const     0x804'8f24     0x54  languages.o [1]
  .rodata                const     0x804'8f78     0x54  languages.o [1]
  .rodata                const     0x804'8fcc     0x50  iar_Stoulx.o [2]
  .rodata                const     0x804'901c     0x50  iar_Stoullx.o [2]
  .rodata                const     0x804'906c     0x4c  languages.o [1]
  .rodata                const     0x804'90b8     0x4c  xscanffull.o [2]
  .rodata                const     0x804'9104     0x48  languages.o [1]
  .rodata                const     0x804'914c     0x44  languages.o [1]
  .rodata                const     0x804'9190     0x48  strto64.o [4]
  .rodata                const     0x804'91d8     0x40  languages.o [1]
  .rodata                const     0x804'9218     0x3c  languages.o [1]
  .rodata                const     0x804'9254     0x3c  languages.o [1]
  .rodata                const     0x804'9290     0x3c  languages.o [1]
  .rodata                const     0x804'92cc     0x3c  languages.o [1]
  .rodata                const     0x804'9308     0x3c  languages.o [1]
  .rodata                const     0x804'9344     0x3c  languages.o [1]
  .rodata                const     0x804'9380     0x3c  main.o [1]
  .rodata                const     0x804'93bc     0x3c  main.o [1]
  .rodata                const     0x804'93f8     0x3c  main.o [1]
  .rodata                const     0x804'9434     0x38  fnt170num_lcd.o [1]
  .rodata                const     0x804'946c     0x38  fnt36num.o [1]
  .rodata                const     0x804'94a4     0x38  languages.o [1]
  .rodata                const     0x804'94dc     0x38  languages.o [1]
  .rodata                const     0x804'9514     0x38  languages.o [1]
  .rodata                const     0x804'954c     0x38  languages.o [1]
  .rodata                const     0x804'9584     0x38  main.o [1]
  .rodata                const     0x804'95bc     0x38  main.o [1]
  .rodata                const     0x804'95f4     0x38  main.o [1]
  .rodata                const     0x804'962c     0x34  languages.o [1]
  .rodata                const     0x804'9660     0x34  languages.o [1]
  .rodata                const     0x804'9694     0x34  languages.o [1]
  .rodata                const     0x804'96c8     0x34  main.o [1]
  .rodata                const     0x804'96fc     0x34  main.o [1]
  .rodata                const     0x804'9730     0x30  languages.o [1]
  .rodata                const     0x804'9760     0x30  languages.o [1]
  .rodata                const     0x804'9790     0x30  languages.o [1]
  .rodata                const     0x804'97c0     0x30  languages.o [1]
  .rodata                const     0x804'97f0     0x30  main.o [1]
  .rodata                const     0x804'9820     0x2c  languages.o [1]
  .rodata                const     0x804'984c     0x2c  languages.o [1]
  .rodata                const     0x804'9878     0x2c  languages.o [1]
  .rodata                const     0x804'98a4     0x2c  languages.o [1]
  .rodata                const     0x804'98d0     0x2c  main.o [1]
  .rodata                const     0x804'98fc     0x2c  main.o [1]
  .rodata                const     0x804'9928     0x2c  main.o [1]
  .rodata                const     0x804'9954     0x2c  main.o [1]
  .rodata                const     0x804'9980     0x28  languages.o [1]
  .rodata                const     0x804'99a8     0x28  languages.o [1]
  .rodata                const     0x804'99d0     0x28  languages.o [1]
  .rodata                const     0x804'99f8     0x28  main.o [1]
  .rodata                const     0x804'9a20     0x28  main.o [1]
  .rodata                const     0x804'9a48     0x28  main.o [1]
  .rodata                const     0x804'9a70     0x28  main.o [1]
  .rodata                const     0x804'9a98     0x28  main.o [1]
  .rodata                const     0x804'9ac0     0x28  main.o [1]
  .rodata                const     0x804'9ae8     0x28  xscanffull.o [2]
  .text                  ro code   0x804'9b10     0x28  data_init.o [5]
  .rodata                const     0x804'9b38     0x24  languages.o [1]
  .rodata                const     0x804'9b5c     0x24  languages.o [1]
  .rodata                const     0x804'9b80     0x24  languages.o [1]
  .rodata                const     0x804'9ba4     0x24  main.o [1]
  .rodata                const     0x804'9bc8     0x24  main.o [1]
  .rodata                const     0x804'9bec     0x24  main.o [1]
  .rodata                const     0x804'9c10     0x24  main.o [1]
  .rodata                const     0x804'9c34     0x24  main.o [1]
  .rodata                const     0x804'9c58     0x24  main.o [1]
  .rodata                const     0x804'9c7c     0x24  main.o [1]
  .rodata                const     0x804'9ca0     0x24  tgui.o [1]
  .rodata                const     0x804'9cc4     0x24  tgui.o [1]
  .rodata                const     0x804'9ce8     0x24  tgui.o [1]
  .rodata                const     0x804'9d0c     0x24  tgui.o [1]
  .rodata                const     0x804'9d30     0x24  tgui.o [1]
  .rodata                const     0x804'9d54     0x24  tgui.o [1]
  .rodata                const     0x804'9d78     0x24  tgui.o [1]
  .rodata                const     0x804'9d9c     0x24  tgui.o [1]
  .rodata                const     0x804'9dc0     0x24  tgui.o [1]
  .rodata                const     0x804'9de4     0x24  tgui.o [1]
  .rodata                const     0x804'9e08     0x24  tgui.o [1]
  .rodata                const     0x804'9e2c     0x24  tgui.o [1]
  .rodata                const     0x804'9e50     0x24  tgui.o [1]
  .rodata                const     0x804'9e74     0x24  tgui_infoscreenfuncs.o [1]
  .text                  ro code   0x804'9e98     0x22  fpinit_M.o [4]
  .iar.init_table        const     0x804'9ebc     0x2c  - Linker created -
  .rodata                const     0x804'9ee8     0x20  languages.o [1]
  .rodata                const     0x804'9f08     0x20  languages.o [1]
  .rodata                const     0x804'9f28     0x20  languages.o [1]
  .rodata                const     0x804'9f48     0x20  languages.o [1]
  .rodata                const     0x804'9f68     0x20  languages.o [1]
  .rodata                const     0x804'9f88     0x20  languages.o [1]
  .rodata                const     0x804'9fa8     0x20  languages.o [1]
  .rodata                const     0x804'9fc8     0x20  languages.o [1]
  .rodata                const     0x804'9fe8     0x20  languages.o [1]
  .rodata                const     0x804'a008     0x20  languages.o [1]
  .rodata                const     0x804'a028     0x20  languages.o [1]
  .rodata                const     0x804'a048     0x20  main.o [1]
  .rodata                const     0x804'a068     0x20  main.o [1]
  .rodata                const     0x804'a088     0x20  tgui.o [1]
  .rodata                const     0x804'a0a8     0x20  tgui.o [1]
  .rodata                const     0x804'a0c8     0x20  tgui.o [1]
  .rodata                const     0x804'a0e8     0x20  tgui.o [1]
  .rodata                const     0x804'a108     0x20  tgui.o [1]
  .rodata                const     0x804'a128     0x20  tgui.o [1]
  .rodata                const     0x804'a148     0x20  tgui.o [1]
  .rodata                const     0x804'a168     0x20  tgui.o [1]
  .rodata                const     0x804'a188     0x20  tgui.o [1]
  .rodata                const     0x804'a1a8     0x20  tgui.o [1]
  .rodata                const     0x804'a1c8     0x20  tgui.o [1]
  .rodata                const     0x804'a1e8     0x20  tgui.o [1]
  .rodata                const     0x804'a208     0x20  tgui.o [1]
  .rodata                const     0x804'a228     0x20  tgui.o [1]
  .rodata                const     0x804'a248     0x20  tgui.o [1]
  .rodata                const     0x804'a268     0x20  tgui.o [1]
  .rodata                const     0x804'a288     0x20  tgui.o [1]
  .rodata                const     0x804'a2a8     0x20  tgui.o [1]
  .rodata                const     0x804'a2c8     0x20  tgui.o [1]
  .rodata                const     0x804'a2e8     0x20  tgui.o [1]
  .rodata                const     0x804'a308     0x20  tgui.o [1]
  .rodata                const     0x804'a328     0x20  tgui.o [1]
  .rodata                const     0x804'a348     0x20  tgui.o [1]
  .rodata                const     0x804'a368     0x20  tgui.o [1]
  .rodata                const     0x804'a388     0x20  tgui.o [1]
  .rodata                const     0x804'a3a8     0x20  tgui.o [1]
  .rodata                const     0x804'a3c8     0x20  tgui.o [1]
  .rodata                const     0x804'a3e8     0x20  tgui.o [1]
  .rodata                const     0x804'a408     0x20  tgui.o [1]
  .rodata                const     0x804'a428     0x20  tgui.o [1]
  .rodata                const     0x804'a448     0x20  tgui.o [1]
  .rodata                const     0x804'a468     0x20  tgui.o [1]
  .rodata                const     0x804'a488     0x20  tgui.o [1]
  .rodata                const     0x804'a4a8     0x20  tgui.o [1]
  .rodata                const     0x804'a4c8     0x20  tgui.o [1]
  .rodata                const     0x804'a4e8     0x20  tgui.o [1]
  .rodata                const     0x804'a508     0x20  tgui.o [1]
  .rodata                const     0x804'a528     0x20  tgui.o [1]
  .rodata                const     0x804'a548     0x20  tgui.o [1]
  .rodata                const     0x804'a568     0x20  tgui.o [1]
  .rodata                const     0x804'a588     0x20  tgui.o [1]
  .rodata                const     0x804'a5a8     0x20  tgui.o [1]
  .rodata                const     0x804'a5c8     0x20  tgui.o [1]
  .rodata                const     0x804'a5e8     0x20  tgui.o [1]
  .rodata                const     0x804'a608     0x20  tgui.o [1]
  .rodata                const     0x804'a628     0x20  tgui.o [1]
  .rodata                const     0x804'a648     0x20  tgui.o [1]
  .rodata                const     0x804'a668     0x20  tgui.o [1]
  .rodata                const     0x804'a688     0x20  tgui.o [1]
  .rodata                const     0x804'a6a8     0x20  tgui.o [1]
  .rodata                const     0x804'a6c8     0x20  tgui.o [1]
  .rodata                const     0x804'a6e8     0x20  tgui.o [1]
  .rodata                const     0x804'a708     0x20  tgui.o [1]
  .rodata                const     0x804'a728     0x20  tgui.o [1]
  .rodata                const     0x804'a748     0x20  tgui.o [1]
  .rodata                const     0x804'a768     0x20  tgui.o [1]
  .rodata                const     0x804'a788     0x20  tgui_printscreenfuncs.o [1]
  .text                  ro code   0x804'a7a8     0x20  system_stm32f4xx.o [1]
  .text                  ro code   0x804'a7c8     0x20  cmain_call_ctors.o [5]
  .text                  ro code   0x804'a7e8     0x18  cppinit.o [2]
  .text                  ro code   0x804'a800     0x1e  cmain.o [5]
  .text                  ro code   0x804'a81e      0x4  low_level_init.o [2]
  .text                  ro code   0x804'a822      0x4  exit.o [2]
  .text                  ro code   0x804'a828      0xa  cexit.o [5]
  .rodata                const     0x804'a834     0x1c  languages.o [1]
  .rodata                const     0x804'a850     0x1c  languages.o [1]
  .rodata                const     0x804'a86c     0x1c  languages.o [1]
  .rodata                const     0x804'a888     0x1c  languages.o [1]
  .rodata                const     0x804'a8a4     0x1c  languages.o [1]
  .rodata                const     0x804'a8c0     0x1c  languages.o [1]
  .rodata                const     0x804'a8dc     0x1c  languages.o [1]
  .rodata                const     0x804'a8f8     0x1c  languages.o [1]
  .rodata                const     0x804'a914     0x1c  languages.o [1]
  .rodata                const     0x804'a930     0x1c  languages.o [1]
  .rodata                const     0x804'a94c     0x1c  languages.o [1]
  .rodata                const     0x804'a968     0x1c  languages.o [1]
  .rodata                const     0x804'a984     0x1c  languages.o [1]
  .rodata                const     0x804'a9a0     0x1c  languages.o [1]
  .rodata                const     0x804'a9bc     0x1c  languages.o [1]
  .rodata                const     0x804'a9d8     0x1c  languages.o [1]
  .rodata                const     0x804'a9f4     0x1c  languages.o [1]
  .rodata                const     0x804'aa10     0x1c  languages.o [1]
  .rodata                const     0x804'aa2c     0x1c  languages.o [1]
  .rodata                const     0x804'aa48     0x1c  languages.o [1]
  .rodata                const     0x804'aa64     0x1c  main.o [1]
  .rodata                const     0x804'aa80     0x1c  main.o [1]
  .rodata                const     0x804'aa9c     0x1c  main.o [1]
  .rodata                const     0x804'aab8     0x1c  main.o [1]
  .rodata                const     0x804'aad4     0x1c  main.o [1]
  .rodata                const     0x804'aaf0     0x1c  tgui.o [1]
  .rodata                const     0x804'ab0c     0x1c  tgui.o [1]
  .rodata                const     0x804'ab28     0x1c  tgui.o [1]
  .rodata                const     0x804'ab44     0x1c  tgui.o [1]
  .rodata                const     0x804'ab60     0x1c  tgui.o [1]
  .rodata                const     0x804'ab7c     0x1c  tgui.o [1]
  .rodata                const     0x804'ab98     0x1c  tgui.o [1]
  .rodata                const     0x804'abb4     0x1c  tgui.o [1]
  .rodata                const     0x804'abd0     0x1c  tgui.o [1]
  .rodata                const     0x804'abec     0x1c  tgui.o [1]
  .rodata                const     0x804'ac08     0x1c  tgui.o [1]
  .rodata                const     0x804'ac24     0x1c  tgui.o [1]
  .rodata                const     0x804'ac40     0x1c  tgui.o [1]
  .rodata                const     0x804'ac5c     0x1c  tgui.o [1]
  .rodata                const     0x804'ac78     0x1c  tgui.o [1]
  .rodata                const     0x804'ac94     0x1c  tgui.o [1]
  .rodata                const     0x804'acb0     0x1c  tgui.o [1]
  .rodata                const     0x804'accc     0x1c  tgui.o [1]
  .rodata                const     0x804'ace8     0x1c  tgui.o [1]
  .rodata                const     0x804'ad04     0x1c  tgui.o [1]
  .rodata                const     0x804'ad20     0x1c  tgui.o [1]
  .rodata                const     0x804'ad3c     0x1c  tgui.o [1]
  .rodata                const     0x804'ad58     0x1c  tgui.o [1]
  .rodata                const     0x804'ad74     0x1c  tgui.o [1]
  .rodata                const     0x804'ad90     0x1c  tgui.o [1]
  .rodata                const     0x804'adac     0x1c  tgui.o [1]
  .rodata                const     0x804'adc8     0x1c  tgui.o [1]
  .rodata                const     0x804'ade4     0x1c  tgui.o [1]
  .rodata                const     0x804'ae00     0x1c  tgui.o [1]
  .rodata                const     0x804'ae1c     0x1c  tgui.o [1]
  .rodata                const     0x804'ae38     0x1c  tgui_calibscreenfuncs.o [1]
  .rodata                const     0x804'ae54     0x1c  tgui_filesscreenfuncs.o [1]
  .rodata                const     0x804'ae70     0x1c  tgui_filesscreenfuncs.o [1]
  .rodata                const     0x804'ae8c     0x1c  tgui_fileviewscreenfuncs.o [1]
  .rodata                const     0x804'aea8     0x1c  tgui_infoscreenfuncs.o [1]
  .text                  ro code   0x804'aec4     0x1c  tgui_langscreenfuncs.o [1]
  .rodata                const     0x804'aee0     0x18  config.o [1]
  .rodata                const     0x804'aef8     0x18  config.o [1]
  .rodata                const     0x804'af10     0x18  config.o [1]
  .rodata                const     0x804'af28     0x18  config.o [1]
  .rodata                const     0x804'af40     0x18  config.o [1]
  .rodata                const     0x804'af58     0x18  datetime.o [1]
  .rodata                const     0x804'af70     0x18  datetime.o [1]
  .rodata                const     0x804'af88     0x18  languages.o [1]
  .rodata                const     0x804'afa0     0x18  languages.o [1]
  .rodata                const     0x804'afb8     0x18  languages.o [1]
  .rodata                const     0x804'afd0     0x18  languages.o [1]
  .rodata                const     0x804'afe8     0x18  languages.o [1]
  .rodata                const     0x804'b000     0x18  languages.o [1]
  .rodata                const     0x804'b018     0x18  languages.o [1]
  .rodata                const     0x804'b030     0x18  main.o [1]
  .rodata                const     0x804'b048     0x18  main.o [1]
  .rodata                const     0x804'b060     0x18  main.o [1]
  .rodata                const     0x804'b078     0x18  main.o [1]
  .rodata                const     0x804'b090     0x18  main.o [1]
  .rodata                const     0x804'b0a8     0x18  main.o [1]
  .rodata                const     0x804'b0c0     0x18  main.o [1]
  .rodata                const     0x804'b0d8     0x18  main.o [1]
  .rodata                const     0x804'b0f0     0x18  main.o [1]
  .rodata                const     0x804'b108     0x18  tgui.o [1]
  .rodata                const     0x804'b120     0x18  tgui.o [1]
  .rodata                const     0x804'b138     0x18  tgui.o [1]
  .rodata                const     0x804'b150     0x18  tgui.o [1]
  .rodata                const     0x804'b168     0x18  tgui.o [1]
  .rodata                const     0x804'b180     0x18  tgui.o [1]
  .rodata                const     0x804'b198     0x18  tgui_filesscreenfuncs.o [1]
  .rodata                const     0x804'b1b0     0x18  tgui_uvtestscreenfuncs.o [1]
  .rodata                const     0x804'b1c8     0x18  tgui_uvtestscreenfuncs.o [1]
  .rodata                const     0x804'b1e0     0x18  tgui_uvtestscreenfuncs.o [1]
  .rodata                const     0x804'b1f8     0x14  config.o [1]
  .rodata                const     0x804'b20c     0x14  config.o [1]
  .rodata                const     0x804'b220     0x14  config.o [1]
  .rodata                const     0x804'b234     0x14  config.o [1]
  .rodata                const     0x804'b248     0x14  config.o [1]
  .rodata                const     0x804'b25c     0x14  config.o [1]
  .rodata                const     0x804'b270     0x14  ff.o [1]
  .rodata                const     0x804'b284     0x14  ff.o [1]
  .rodata                const     0x804'b298     0x14  languages.o [1]
  .rodata                const     0x804'b2ac     0x14  languages.o [1]
  .rodata                const     0x804'b2c0     0x14  languages.o [1]
  .rodata                const     0x804'b2d4     0x14  languages.o [1]
  .rodata                const     0x804'b2e8     0x14  languages.o [1]
  .rodata                const     0x804'b2fc     0x14  languages.o [1]
  .rodata                const     0x804'b310     0x14  languages.o [1]
  .rodata                const     0x804'b324     0x14  languages.o [1]
  .rodata                const     0x804'b338     0x14  languages.o [1]
  .rodata                const     0x804'b34c     0x14  languages.o [1]
  .rodata                const     0x804'b360     0x14  languages.o [1]
  .rodata                const     0x804'b374     0x14  languages.o [1]
  .rodata                const     0x804'b388     0x14  languages.o [1]
  .rodata                const     0x804'b39c     0x14  languages.o [1]
  .rodata                const     0x804'b3b0     0x14  languages.o [1]
  .rodata                const     0x804'b3c4     0x14  languages.o [1]
  .rodata                const     0x804'b3d8     0x14  languages.o [1]
  .rodata                const     0x804'b3ec     0x14  main.o [1]
  .rodata                const     0x804'b400     0x14  main.o [1]
  .rodata                const     0x804'b414     0x14  main.o [1]
  .rodata                const     0x804'b428     0x14  main.o [1]
  .rodata                const     0x804'b43c     0x14  main.o [1]
  .rodata                const     0x804'b450     0x14  spifl_diskio.o [1]
  .rodata                const     0x804'b464     0x14  tgui.o [1]
  .rodata                const     0x804'b478     0x14  tgui.o [1]
  .rodata                const     0x804'b48c     0x14  tgui.o [1]
  .rodata                const     0x804'b4a0     0x14  tgui.o [1]
  .rodata                const     0x804'b4b4     0x14  tgui.o [1]
  .rodata                const     0x804'b4c8     0x14  tgui.o [1]
  .rodata                const     0x804'b4dc     0x14  tgui.o [1]
  .rodata                const     0x804'b4f0     0x14  tgui_filesscreenfuncs.o [1]
  .rodata                const     0x804'b504     0x14  tgui_infoscreenfuncs.o [1]
  .rodata                const     0x804'b518     0x14  tgui_printscreenfuncs.o [1]
  .rodata                const     0x804'b52c     0x14  usbh_diskio.o [1]
  .rodata                const     0x804'b540     0x10  config.o [1]
  .rodata                const     0x804'b550     0x10  config.o [1]
  .rodata                const     0x804'b560     0x10  config.o [1]
  .rodata                const     0x804'b570     0x10  config.o [1]
  .rodata                const     0x804'b580     0x10  config.o [1]
  .rodata                const     0x804'b590     0x10  config.o [1]
  .rodata                const     0x804'b5a0     0x10  config.o [1]
  .rodata                const     0x804'b5b0     0x10  config.o [1]
  .rodata                const     0x804'b5c0     0x10  ff.o [1]
  .rodata                const     0x804'b5d0     0x10  ff.o [1]
  .rodata                const     0x804'b5e0     0x10  ff.o [1]
  .rodata                const     0x804'b5f0     0x10  ff.o [1]
  .rodata                const     0x804'b600     0x10  languages.o [1]
  .rodata                const     0x804'b610     0x10  languages.o [1]
  .rodata                const     0x804'b620     0x10  languages.o [1]
  .rodata                const     0x804'b630     0x10  languages.o [1]
  .rodata                const     0x804'b640     0x10  languages.o [1]
  .rodata                const     0x804'b650     0x10  languages.o [1]
  .rodata                const     0x804'b660     0x10  languages.o [1]
  .rodata                const     0x804'b670     0x10  languages.o [1]
  .rodata                const     0x804'b680     0x10  languages.o [1]
  .rodata                const     0x804'b690     0x10  languages.o [1]
  .rodata                const     0x804'b6a0     0x10  languages.o [1]
  .rodata                const     0x804'b6b0     0x10  languages.o [1]
  .rodata                const     0x804'b6c0     0x10  languages.o [1]
  .rodata                const     0x804'b6d0     0x10  languages.o [1]
  .rodata                const     0x804'b6e0     0x10  languages.o [1]
  .rodata                const     0x804'b6f0     0x10  languages.o [1]
  .rodata                const     0x804'b700     0x10  languages.o [1]
  .rodata                const     0x804'b710     0x10  languages.o [1]
  .rodata                const     0x804'b720     0x10  languages.o [1]
  .rodata                const     0x804'b730     0x10  languages.o [1]
  .rodata                const     0x804'b740     0x10  languages.o [1]
  .rodata                const     0x804'b750     0x10  languages.o [1]
  .rodata                const     0x804'b760     0x10  languages.o [1]
  .rodata                const     0x804'b770     0x10  main.o [1]
  .rodata                const     0x804'b780     0x10  system_stm32f4xx.o [1]
  .rodata                const     0x804'b790     0x10  tgui.o [1]
  .rodata                const     0x804'b7a0     0x10  tgui_defaultfuncs.o [1]
  .text                  ro code   0x804'b7b0     0x10  startup_stm32f407xx.o [1]
  .rodata                const     0x804'b7c0      0xc  config.o [1]
  .rodata                const     0x804'b7cc      0xc  config.o [1]
  .rodata                const     0x804'b7d8      0xc  config.o [1]
  .rodata                const     0x804'b7e4      0xc  config.o [1]
  .rodata                const     0x804'b7f0      0xc  config.o [1]
  .rodata                const     0x804'b7fc      0xc  config.o [1]
  .rodata                const     0x804'b808      0xc  config.o [1]
  .rodata                const     0x804'b814      0xc  ff.o [1]
  .rodata                const     0x804'b820      0xc  ff.o [1]
  .rodata                const     0x804'b82c      0xc  files_pws.o [1]
  .rodata                const     0x804'b838      0xc  files_pws.o [1]
  .rodata                const     0x804'b844      0xc  languages.o [1]
  .rodata                const     0x804'b850      0xc  languages.o [1]
  .rodata                const     0x804'b85c      0xc  languages.o [1]
  .rodata                const     0x804'b868      0xc  languages.o [1]
  .rodata                const     0x804'b874      0xc  languages.o [1]
  .rodata                const     0x804'b880      0xc  languages.o [1]
  .rodata                const     0x804'b88c      0xc  languages.o [1]
  .rodata                const     0x804'b898      0xc  languages.o [1]
  .rodata                const     0x804'b8a4      0xc  languages.o [1]
  .rodata                const     0x804'b8b0      0xc  languages.o [1]
  .rodata                const     0x804'b8bc      0xc  languages.o [1]
  .rodata                const     0x804'b8c8      0xc  languages.o [1]
  .rodata                const     0x804'b8d4      0xc  languages.o [1]
  .rodata                const     0x804'b8e0      0xc  languages.o [1]
  .rodata                const     0x804'b8ec      0xc  languages.o [1]
  .rodata                const     0x804'b8f8      0xc  languages.o [1]
  .rodata                const     0x804'b904      0xc  languages.o [1]
  .rodata                const     0x804'b910      0xc  languages.o [1]
  .rodata                const     0x804'b91c      0xc  languages.o [1]
  .rodata                const     0x804'b928      0xc  languages.o [1]
  .rodata                const     0x804'b934      0xc  languages.o [1]
  .rodata                const     0x804'b940      0xc  languages.o [1]
  .rodata                const     0x804'b94c      0xc  languages.o [1]
  .rodata                const     0x804'b958      0xc  languages.o [1]
  .rodata                const     0x804'b964      0xc  languages.o [1]
  .rodata                const     0x804'b970      0xc  languages.o [1]
  .rodata                const     0x804'b97c      0xc  languages.o [1]
  .rodata                const     0x804'b988      0xc  languages.o [1]
  .rodata                const     0x804'b994      0xc  languages.o [1]
  .rodata                const     0x804'b9a0      0xc  languages.o [1]
  .rodata                const     0x804'b9ac      0xc  languages.o [1]
  .rodata                const     0x804'b9b8      0xc  languages.o [1]
  .rodata                const     0x804'b9c4      0xc  languages.o [1]
  .rodata                const     0x804'b9d0      0xc  languages.o [1]
  .rodata                const     0x804'b9dc      0xc  languages.o [1]
  .rodata                const     0x804'b9e8      0xc  languages.o [1]
  .rodata                const     0x804'b9f4      0xc  languages.o [1]
  .rodata                const     0x804'ba00      0xc  languages.o [1]
  .rodata                const     0x804'ba0c      0xc  languages.o [1]
  .rodata                const     0x804'ba18      0xc  main.o [1]
  .rodata                const     0x804'ba24      0xc  main.o [1]
  .rodata                const     0x804'ba30      0xc  main.o [1]
  .rodata                const     0x804'ba3c      0xc  tgui_clocksetscreenfuncs.o [1]
  .rodata                const     0x804'ba48      0xc  tgui_fileviewscreenfuncs.o [1]
  .rodata                const     0x804'ba54      0xc  tgui_fileviewscreenfuncs.o [1]
  .rodata                const     0x804'ba60      0xc  tgui_fileviewscreenfuncs.o [1]
  .rodata                const     0x804'ba6c      0xc  tgui_fileviewscreenfuncs.o [1]
  .rodata                const     0x804'ba78      0xc  tgui_screensaverfuncs.o [1]
  .rodata                const     0x804'ba84      0xc  tgui_screensaverfuncs.o [1]
  .text                  ro code   0x804'ba90      0xc  cstartup_M.o [5]
  .rodata                const     0x804'ba9c      0x8  config.o [1]
  .rodata                const     0x804'baa4      0x8  config.o [1]
  .rodata                const     0x804'baac      0x8  ff.o [1]
  .rodata                const     0x804'bab4      0x8  ff.o [1]
  .rodata                const     0x804'babc      0x8  files_pws.o [1]
  .rodata                const     0x804'bac4      0x8  files_pws.o [1]
  .rodata                const     0x804'bacc      0x8  languages.o [1]
  .rodata                const     0x804'bad4      0x8  languages.o [1]
  .rodata                const     0x804'badc      0x8  languages.o [1]
  .rodata                const     0x804'bae4      0x8  languages.o [1]
  .rodata                const     0x804'baec      0x8  languages.o [1]
  .rodata                const     0x804'baf4      0x8  languages.o [1]
  .rodata                const     0x804'bafc      0x8  languages.o [1]
  .rodata                const     0x804'bb04      0x8  languages.o [1]
  .rodata                const     0x804'bb0c      0x8  languages.o [1]
  .rodata                const     0x804'bb14      0x8  languages.o [1]
  .rodata                const     0x804'bb1c      0x8  languages.o [1]
  .rodata                const     0x804'bb24      0x8  languages.o [1]
  .rodata                const     0x804'bb2c      0x8  languages.o [1]
  .rodata                const     0x804'bb34      0x8  languages.o [1]
  .rodata                const     0x804'bb3c      0x8  languages.o [1]
  .rodata                const     0x804'bb44      0x8  languages.o [1]
  .rodata                const     0x804'bb4c      0x8  languages.o [1]
  .rodata                const     0x804'bb54      0x8  languages.o [1]
  .rodata                const     0x804'bb5c      0x8  languages.o [1]
  .rodata                const     0x804'bb64      0x8  languages.o [1]
  .rodata                const     0x804'bb6c      0x8  languages.o [1]
  .rodata                const     0x804'bb74      0x8  languages.o [1]
  .rodata                const     0x804'bb7c      0x8  languages.o [1]
  .rodata                const     0x804'bb84      0x8  languages.o [1]
  .rodata                const     0x804'bb8c      0x8  languages.o [1]
  .rodata                const     0x804'bb94      0x8  languages.o [1]
  .rodata                const     0x804'bb9c      0x8  languages.o [1]
  .rodata                const     0x804'bba4      0x8  languages.o [1]
  .rodata                const     0x804'bbac      0x8  languages.o [1]
  .rodata                const     0x804'bbb4      0x8  languages.o [1]
  .rodata                const     0x804'bbbc      0x8  languages.o [1]
  .rodata                const     0x804'bbc4      0x8  languages.o [1]
  .rodata                const     0x804'bbcc      0x8  languages.o [1]
  .rodata                const     0x804'bbd4      0x8  languages.o [1]
  .rodata                const     0x804'bbdc      0x8  languages.o [1]
  .rodata                const     0x804'bbe4      0x8  languages.o [1]
  .rodata                const     0x804'bbec      0x8  languages.o [1]
  .rodata                const     0x804'bbf4      0x8  languages.o [1]
  .rodata                const     0x804'bbfc      0x8  languages.o [1]
  .rodata                const     0x804'bc04      0x8  languages.o [1]
  .rodata                const     0x804'bc0c      0x8  languages.o [1]
  .rodata                const     0x804'bc14      0x8  languages.o [1]
  .rodata                const     0x804'bc1c      0x8  languages.o [1]
  .rodata                const     0x804'bc24      0x8  languages.o [1]
  .rodata                const     0x804'bc2c      0x8  languages.o [1]
  .rodata                const     0x804'bc34      0x8  languages.o [1]
  .rodata                const     0x804'bc3c      0x8  languages.o [1]
  .rodata                const     0x804'bc44      0x8  languages.o [1]
  .rodata                const     0x804'bc4c      0x8  languages.o [1]
  .rodata                const     0x804'bc54      0x8  languages.o [1]
  .rodata                const     0x804'bc5c      0x8  languages.o [1]
  .rodata                const     0x804'bc64      0x8  languages.o [1]
  .rodata                const     0x804'bc6c      0x8  languages.o [1]
  .rodata                const     0x804'bc74      0x8  languages.o [1]
  .rodata                const     0x804'bc7c      0x8  languages.o [1]
  .rodata                const     0x804'bc84      0x8  languages.o [1]
  .rodata                const     0x804'bc8c      0x8  languages.o [1]
  .rodata                const     0x804'bc94      0x8  languages.o [1]
  .rodata                const     0x804'bc9c      0x8  languages.o [1]
  .rodata                const     0x804'bca4      0x8  languages.o [1]
  .rodata                const     0x804'bcac      0x8  main.o [1]
  .rodata                const     0x804'bcb4      0x8  main.o [1]
  .rodata                const     0x804'bcbc      0x8  main.o [1]
  .rodata                const     0x804'bcc4      0x8  main.o [1]
  .rodata                const     0x804'bccc      0x8  stm32f4xx_hal_dma.o [1]
  .rodata                const     0x804'bcd4      0x8  system_stm32f4xx.o [1]
  .rodata                const     0x804'bcdc      0x8  tgui.o [1]
  .rodata                const     0x804'bce4      0x8  tgui.o [1]
  .rodata                const     0x804'bcec      0x8  tgui.o [1]
  .rodata                const     0x804'bcf4      0x8  tgui.o [1]
  .rodata                const     0x804'bcfc      0x8  tgui.o [1]
  .rodata                const     0x804'bd04      0x8  tgui.o [1]
  .rodata                const     0x804'bd0c      0x8  tgui.o [1]
  .rodata                const     0x804'bd14      0x8  tgui.o [1]
  .rodata                const     0x804'bd1c      0x8  tgui.o [1]
  .rodata                const     0x804'bd24      0x8  tgui.o [1]
  .rodata                const     0x804'bd2c      0x8  tgui.o [1]
  .rodata                const     0x804'bd34      0x8  tgui.o [1]
  .rodata                const     0x804'bd3c      0x8  tgui.o [1]
  .rodata                const     0x804'bd44      0x8  tgui.o [1]
  .rodata                const     0x804'bd4c      0x8  tgui.o [1]
  .rodata                const     0x804'bd54      0x8  tgui.o [1]
  .rodata                const     0x804'bd5c      0x8  tgui.o [1]
  .rodata                const     0x804'bd64      0x8  tgui.o [1]
  .rodata                const     0x804'bd6c      0x8  tgui.o [1]
  .rodata                const     0x804'bd74      0x8  tgui.o [1]
  .rodata                const     0x804'bd7c      0x8  tgui.o [1]
  .rodata                const     0x804'bd84      0x8  tgui.o [1]
  .rodata                const     0x804'bd8c      0x8  tgui.o [1]
  .rodata                const     0x804'bd94      0x8  tgui.o [1]
  .rodata                const     0x804'bd9c      0x8  tgui.o [1]
  .rodata                const     0x804'bda4      0x8  tgui.o [1]
  .rodata                const     0x804'bdac      0x8  tgui.o [1]
  .rodata                const     0x804'bdb4      0x8  tgui.o [1]
  .rodata                const     0x804'bdbc      0x8  tgui.o [1]
  .rodata                const     0x804'bdc4      0x8  tgui.o [1]
  .rodata                const     0x804'bdcc      0x8  tgui.o [1]
  .rodata                const     0x804'bdd4      0x8  tgui.o [1]
  .rodata                const     0x804'bddc      0x8  tgui.o [1]
  .rodata                const     0x804'bde4      0x8  tgui.o [1]
  .rodata                const     0x804'bdec      0x8  tgui.o [1]
  .rodata                const     0x804'bdf4      0x8  tgui.o [1]
  .rodata                const     0x804'bdfc      0x8  tgui.o [1]
  .rodata                const     0x804'be04      0x8  tgui.o [1]
  .rodata                const     0x804'be0c      0x8  tgui.o [1]
  .rodata                const     0x804'be14      0x8  tgui.o [1]
  .rodata                const     0x804'be1c      0x8  tgui.o [1]
  .rodata                const     0x804'be24      0x8  tgui.o [1]
  .rodata                const     0x804'be2c      0x8  tgui.o [1]
  .rodata                const     0x804'be34      0x8  tgui.o [1]
  .rodata                const     0x804'be3c      0x8  tgui.o [1]
  .rodata                const     0x804'be44      0x8  tgui.o [1]
  .rodata                const     0x804'be4c      0x8  tgui.o [1]
  .rodata                const     0x804'be54      0x8  tgui.o [1]
  .rodata                const     0x804'be5c      0x8  tgui.o [1]
  .rodata                const     0x804'be64      0x8  tgui.o [1]
  .rodata                const     0x804'be6c      0x8  tgui.o [1]
  .rodata                const     0x804'be74      0x8  tgui.o [1]
  .rodata                const     0x804'be7c      0x8  tgui.o [1]
  .rodata                const     0x804'be84      0x8  tgui.o [1]
  .rodata                const     0x804'be8c      0x8  tgui.o [1]
  .rodata                const     0x804'be94      0x8  tgui.o [1]
  .rodata                const     0x804'be9c      0x8  tgui.o [1]
  .rodata                const     0x804'bea4      0x8  tgui.o [1]
  .rodata                const     0x804'beac      0x8  tgui.o [1]
  .rodata                const     0x804'beb4      0x8  tgui.o [1]
  .rodata                const     0x804'bebc      0x8  tgui.o [1]
  .rodata                const     0x804'bec4      0x8  tgui.o [1]
  .rodata                const     0x804'becc      0x8  tgui.o [1]
  .rodata                const     0x804'bed4      0x8  tgui.o [1]
  .rodata                const     0x804'bedc      0x8  tgui.o [1]
  .rodata                const     0x804'bee4      0x8  tgui.o [1]
  .rodata                const     0x804'beec      0x8  tgui.o [1]
  .rodata                const     0x804'bef4      0x8  tgui.o [1]
  .rodata                const     0x804'befc      0x8  tgui.o [1]
  .rodata                const     0x804'bf04      0x8  tgui.o [1]
  .rodata                const     0x804'bf0c      0x8  tgui.o [1]
  .rodata                const     0x804'bf14      0x8  tgui.o [1]
  .rodata                const     0x804'bf1c      0x8  tgui.o [1]
  .rodata                const     0x804'bf24      0x8  tgui.o [1]
  .rodata                const     0x804'bf2c      0x8  tgui.o [1]
  .rodata                const     0x804'bf34      0x8  tgui.o [1]
  .rodata                const     0x804'bf3c      0x8  tgui.o [1]
  .rodata                const     0x804'bf44      0x8  tgui.o [1]
  .rodata                const     0x804'bf4c      0x8  tgui.o [1]
  .rodata                const     0x804'bf54      0x8  tgui.o [1]
  .rodata                const     0x804'bf5c      0x8  tgui.o [1]
  .rodata                const     0x804'bf64      0x8  tgui.o [1]
  .rodata                const     0x804'bf6c      0x8  tgui.o [1]
  .rodata                const     0x804'bf74      0x8  tgui.o [1]
  .rodata                const     0x804'bf7c      0x8  tgui.o [1]
  .rodata                const     0x804'bf84      0x8  tgui.o [1]
  .rodata                const     0x804'bf8c      0x8  tgui.o [1]
  .rodata                const     0x804'bf94      0x8  tgui.o [1]
  .rodata                const     0x804'bf9c      0x8  tgui.o [1]
  .rodata                const     0x804'bfa4      0x8  tgui.o [1]
  .rodata                const     0x804'bfac      0x8  tgui.o [1]
  .rodata                const     0x804'bfb4      0x8  tgui.o [1]
  .rodata                const     0x804'bfbc      0x8  tgui.o [1]
  .rodata                const     0x804'bfc4      0x8  tgui.o [1]
  .rodata                const     0x804'bfcc      0x8  tgui.o [1]
  .rodata                const     0x804'bfd4      0x8  tgui.o [1]
  .rodata                const     0x804'bfdc      0x8  tgui.o [1]
  .rodata                const     0x804'bfe4      0x8  tgui.o [1]
  .rodata                const     0x804'bfec      0x8  tgui.o [1]
  .rodata                const     0x804'bff4      0x8  tgui.o [1]
  .rodata                const     0x804'bffc      0x8  tgui.o [1]
  .rodata                const     0x804'c004      0x8  tgui.o [1]
  .rodata                const     0x804'c00c      0x8  tgui.o [1]
  .rodata                const     0x804'c014      0x8  tgui.o [1]
  .rodata                const     0x804'c01c      0x8  tgui.o [1]
  .rodata                const     0x804'c024      0x8  tgui.o [1]
  .rodata                const     0x804'c02c      0x8  tgui.o [1]
  .rodata                const     0x804'c034      0x8  tgui.o [1]
  .rodata                const     0x804'c03c      0x8  tgui.o [1]
  .rodata                const     0x804'c044      0x8  tgui.o [1]
  .rodata                const     0x804'c04c      0x8  tgui.o [1]
  .rodata                const     0x804'c054      0x8  tgui.o [1]
  .rodata                const     0x804'c05c      0x8  tgui.o [1]
  .rodata                const     0x804'c064      0x8  tgui.o [1]
  .rodata                const     0x804'c06c      0x8  tgui.o [1]
  .rodata                const     0x804'c074      0x8  tgui_clocksetscreenfuncs.o [1]
  .rodata                const     0x804'c07c      0x8  tgui_filesscreenfuncs.o [1]
  .rodata                const     0x804'c084      0x8  tgui_filesscreenfuncs.o [1]
  .rodata                const     0x804'c08c      0x8  tgui_filesscreenfuncs.o [1]
  .rodata                const     0x804'c094      0x8  tgui_filesscreenfuncs.o [1]
  .rodata                const     0x804'c09c      0x8  tgui_infoscreenfuncs.o [1]
  .rodata                const     0x804'c0a4      0x8  tgui_numenterscreenfuncs.o [1]
  .rodata                const     0x804'c0ac      0x8  tgui_printscreenfuncs.o [1]
  .rodata                const     0x804'c0b4      0x8  tgui_prnparamsscreenfuncs.o [1]
  .rodata                const     0x804'c0bc      0x8  tim.o [1]
  .rodata                const     0x804'c0c4      0x6  xlocale_c.o [2]
  .rodata                const     0x804'c0cc      0x4  languages.o [1]
  .rodata                const     0x804'c0d0      0x4  languages.o [1]
  .rodata                const     0x804'c0d4      0x4  languages.o [1]
  .rodata                const     0x804'c0d8      0x4  languages.o [1]
  .rodata                const     0x804'c0dc      0x4  languages.o [1]
  .rodata                const     0x804'c0e0      0x4  languages.o [1]
  .rodata                const     0x804'c0e4      0x4  languages.o [1]
  .rodata                const     0x804'c0e8      0x4  languages.o [1]
  .rodata                const     0x804'c0ec      0x4  languages.o [1]
  .rodata                const     0x804'c0f0      0x4  languages.o [1]
  .rodata                const     0x804'c0f4      0x4  languages.o [1]
  .rodata                const     0x804'c0f8      0x4  languages.o [1]
  .rodata                const     0x804'c0fc      0x4  languages.o [1]
  .rodata                const     0x804'c100      0x4  languages.o [1]
  .rodata                const     0x804'c104      0x4  languages.o [1]
  .rodata                const     0x804'c108      0x4  languages.o [1]
  .rodata                const     0x804'c10c      0x4  languages.o [1]
  .rodata                const     0x804'c110      0x4  languages.o [1]
  .rodata                const     0x804'c114      0x4  languages.o [1]
  .rodata                const     0x804'c118      0x4  languages.o [1]
  .rodata                const     0x804'c11c      0x4  languages.o [1]
  .rodata                const     0x804'c120      0x4  languages.o [1]
  .rodata                const     0x804'c124      0x4  languages.o [1]
  .rodata                const     0x804'c128      0x4  languages.o [1]
  .rodata                const     0x804'c12c      0x4  languages.o [1]
  .rodata                const     0x804'c130      0x4  languages.o [1]
  .rodata                const     0x804'c134      0x4  languages.o [1]
  .rodata                const     0x804'c138      0x4  languages.o [1]
  .rodata                const     0x804'c13c      0x4  languages.o [1]
  .rodata                const     0x804'c140      0x4  languages.o [1]
  .rodata                const     0x804'c144      0x4  languages.o [1]
  .rodata                const     0x804'c148      0x4  languages.o [1]
  .rodata                const     0x804'c14c      0x4  languages.o [1]
  .rodata                const     0x804'c150      0x4  languages.o [1]
  .rodata                const     0x804'c154      0x4  languages.o [1]
  .rodata                const     0x804'c158      0x4  languages.o [1]
  .rodata                const     0x804'c15c      0x4  languages.o [1]
  .rodata                const     0x804'c160      0x4  languages.o [1]
  .rodata                const     0x804'c164      0x4  languages.o [1]
  .rodata                const     0x804'c168      0x4  languages.o [1]
  .rodata                const     0x804'c16c      0x4  languages.o [1]
  .rodata                const     0x804'c170      0x4  printing.o [1]
  .rodata                const     0x804'c174      0x4  rtc.o [1]
  .rodata                const     0x804'c178      0x4  usbh_msc.o [1]
  .text                  ro code   0x804'c17c      0x4  startup_stm32f407xx.o [1]
  SHT$$PREINIT_ARRAY               0x804'c180      0x0  <Block>
  SHT$$INIT_ARRAY                  0x804'c180      0x4  <Block>
    .init_array          const     0x804'c180      0x4  z_planner.o [1]
  __iar_tls$$INIT_ARRAY            0x804'c184      0x0  <Block>
  .rodata                const     0x804'c184      0x0  zero_init3.o [5]
  .rodata                const     0x804'c184      0x0  lz77_init_single.o [5]
  Initializer bytes      const     0x804'c184     0xf7  <for P2-1>
                                 - 0x804'c27b  0x3c0f3

"P3", part 1 of 2:                              0x1cc0
  CCMRAM                 zero     0x1000'0000   0x1cc0  printing.o [1]
                                - 0x1000'1cc0   0x1cc0

"P3", part 2 of 2:                              0x5428
  CCMRAM                 uninit   0x1000'1cc0   0x4000  main.o [1]
  CCMRAM                 uninit   0x1000'5cc0   0x1028  main.o [1]
  CCMRAM                 uninit   0x1000'6ce8    0x400  tgui.o [1]
                                - 0x1000'70e8   0x5428

"P2", part 1 of 3:                               0x33f
  P2-1                            0x2000'0000    0x33f  <Init block>
    .data                inited   0x2000'0000      0xc  fnt12.o [1]
    .data                inited   0x2000'000c      0xc  fnt12bold.o [1]
    .data                inited   0x2000'0018      0xc  fnt170num_lcd.o [1]
    .data                inited   0x2000'0024      0xc  fnt18.o [1]
    .data                inited   0x2000'0030      0xc  fnt18bold.o [1]
    .data                inited   0x2000'003c      0xc  fnt24.o [1]
    .data                inited   0x2000'0048      0xc  fnt24bold.o [1]
    .data                inited   0x2000'0054      0xc  fnt36.o [1]
    .data                inited   0x2000'0060      0xc  fnt36num.o [1]
    .data                inited   0x2000'006c     0x10  languages.o [1]
    .data                inited   0x2000'007c      0x4  languages.o [1]
    .data                inited   0x2000'0080      0x4  lcd_ui.o [1]
    .data                inited   0x2000'0084      0x4  stm32f4xx_hal.o [1]
    .data                inited   0x2000'0088      0x4  system_stm32f4xx.o [1]
    .data                inited   0x2000'008c    0x200  tgui_filesscreenfuncs.o [1]
    .data                inited   0x2000'028c      0x4  tgui_movezscreenfuncs.o [1]
    .data                inited   0x2000'0290     0x20  usbh_msc.o [1]
    .data                inited   0x2000'02b0      0x4  z_stepper.o [1]
    .data                inited   0x2000'02b4     0x38  xlocale_c.o [2]
    .data                inited   0x2000'02ec     0x48  xlocale_c.o [2]
    .data                inited   0x2000'0334      0x2  lcd_ui.o [1]
    .data                inited   0x2000'0336      0x2  lcd_ui.o [1]
    .data                inited   0x2000'0338      0x2  lcd_ui.o [1]
    .data                inited   0x2000'033a      0x1  lcd_ui.o [1]
    .data                inited   0x2000'033b      0x1  stm32f4xx_hal.o [1]
    .data                inited   0x2000'033c      0x1  tgui_defaultfuncs.o [1]
    .data                inited   0x2000'033d      0x1  tgui_filesscreenfuncs.o [1]
    .data                inited   0x2000'033e      0x1  z_endstops.o [1]
                                - 0x2000'033f    0x33f

"P2", part 2 of 3:                              0xa02c
  .bss                   zero     0x2000'0340   0x1038  fatfs.o [1]
  .bss                   zero     0x2000'1378   0x1038  fatfs.o [1]
  .bss                   zero     0x2000'23b0    0x830  tgui_filesscreenfuncs.o [1]
  .bss                   zero     0x2000'2be0    0x600  uvdisplay.o [1]
  .bss                   zero     0x2000'31e0    0x5d8  tgui.o [1]
  .bss                   zero     0x2000'37b8    0x5d8  tgui.o [1]
  .bss                   zero     0x2000'3d90    0x5d8  tgui.o [1]
  .bss                   zero     0x2000'4368    0x4d0  tgui.o [1]
  .bss                   zero     0x2000'4838    0x478  tgui.o [1]
  .bss                   zero     0x2000'4cb0    0x478  tgui.o [1]
  .bss                   zero     0x2000'5128    0x400  config.o [1]
  .bss                   zero     0x2000'5528    0x400  main.o [1]
  .bss                   zero     0x2000'5928    0x400  main.o [1]
  .bss                   zero     0x2000'5d28    0x400  main.o [1]
  .bss                   zero     0x2000'6128    0x400  tgui_fileviewscreenfuncs.o [1]
  .bss                   zero     0x2000'6528    0x400  z_planner.o [1]
  .bss                   zero     0x2000'6928    0x3d8  usb_host.o [1]
  .bss                   zero     0x2000'6d00    0x3c8  tgui.o [1]
  .bss                   zero     0x2000'70c8    0x370  tgui.o [1]
  .bss                   zero     0x2000'7438    0x370  tgui.o [1]
  .bss                   zero     0x2000'77a8    0x350  tgui.o [1]
  .bss                   zero     0x2000'7af8    0x2c4  usbh_conf.o [1]
  .bss                   zero     0x2000'7dbc    0x2c0  tgui.o [1]
  .bss                   zero     0x2000'807c    0x224  main.o [1]
  .bss                   zero     0x2000'82a0    0x210  tgui.o [1]
  .bss                   zero     0x2000'84b0    0x210  tgui.o [1]
  .bss                   zero     0x2000'86c0    0x200  config.o [1]
  .bss                   zero     0x2000'88c0    0x200  ff.o [1]
  .bss                   zero     0x2000'8ac0    0x200  main.o [1]
  .bss                   zero     0x2000'8cc0    0x1d8  dlmalloc.o [2]
  .bss                   zero     0x2000'8e98    0x19c  cpld_utils.o [1]
  .bss                   zero     0x2000'9034    0x160  tgui.o [1]
  .bss                   zero     0x2000'9194    0x108  tgui.o [1]
  .bss                   zero     0x2000'929c    0x100  sys_timer.o [1]
  .bss                   zero     0x2000'939c    0x100  tgui_fileviewscreenfuncs.o [1]
  .bss                   zero     0x2000'949c    0x100  tgui_fileviewscreenfuncs.o [1]
  .bss                   zero     0x2000'959c     0xb0  tgui.o [1]
  .bss                   zero     0x2000'964c     0x80  fst_spi.o [1]
  .bss                   zero     0x2000'96cc     0x80  fst_spi.o [1]
  .bss                   zero     0x2000'974c     0x70  files_photon.o [1]
  .bss                   zero     0x2000'97bc     0x60  fst_spi.o [1]
  .bss                   zero     0x2000'981c     0x60  fst_spi.o [1]
  .bss                   zero     0x2000'987c     0x60  fst_spi.o [1]
  .bss                   zero     0x2000'98dc     0x60  fst_spi.o [1]
  .bss                   zero     0x2000'993c     0x60  fst_spi.o [1]
  .bss                   zero     0x2000'999c     0x60  lcd_low.o [1]
  .bss                   zero     0x2000'99fc     0x58  tgui.o [1]
  .bss                   zero     0x2000'9a54     0x54  config.o [1]
[...]
enter_begin             0x2000'a355     0x1  Data  Gb  tgui_numenterscreenfuncs.o [1]
exit                     0x804'a823     0x4  Code  Gb  exit.o [2]
exti2c_timer            0x2000'a33e     0x1  Data  Gb  ext_i2c.o [1]
fMoveStep               0x2000'028c     0x4  Data  Gb  tgui_movezscreenfuncs.o [1]
f_close                  0x802'0bf7    0x2a  Code  Gb  ff.o [1]
f_closedir               0x802'0e53    0x1c  Code  Gb  ff.o [1]
f_getfree                0x802'0f17   0x100  Code  Gb  ff.o [1]
f_lseek                  0x802'0c21   0x1aa  Code  Gb  ff.o [1]
f_mkdir                  0x802'10ed   0x132  Code  Gb  ff.o [1]
f_mkfs                   0x802'1509   0x692  Code  Gb  ff.o [1]
f_mkfs::cst              0x804'b5d0    0x10  Data  Lc  ff.o [1]
f_mkfs::cst32            0x804'b5e0    0x10  Data  Lc  ff.o [1]
f_mkfs::defopt           0x804'b5f0    0x10  Data  Lc  ff.o [1]
f_mount                  0x802'04e3    0x54  Code  Gb  ff.o [1]
f_open                   0x802'0559   0x21a  Code  Gb  ff.o [1]
f_opendir                0x802'0dcb    0x88  Code  Gb  ff.o [1]
f_read                   0x802'0773   0x1cc  Code  Gb  ff.o [1]
f_readdir                0x802'0e6f    0x5c  Code  Gb  ff.o [1]
f_rename                 0x802'121f   0x142  Code  Gb  ff.o [1]
f_stat                   0x802'0ecb    0x4c  Code  Gb  ff.o [1]
f_sync                   0x802'0b57    0xa0  Code  Gb  ff.o [1]
f_unlink                 0x802'1017    0xd6  Code  Gb  ff.o [1]
f_write                  0x802'093f   0x218  Code  Gb  ff.o [1]
fbuff                   0x1000'1cc0  0x4000  Data  Gb  main.o [1]
ff_oem2uni               0x802'3edf    0x3a  Code  Gb  ffunicode.o [1]
ff_uni2oem               0x802'3e99    0x46  Code  Gb  ffunicode.o [1]
ff_wtoupper              0x802'3f19    0xb6  Code  Gb  ffunicode.o [1]
ff_wtoupper::cvt1        0x804'78cc   0x1f4  Data  Lc  ffunicode.o [1]
ff_wtoupper::cvt2        0x804'87b8    0xbc  Data  Lc  ffunicode.o [1]
filedate                0x2000'a336     0x2  Data  Gb  tgui_fileviewscreenfuncs.o [1]
files                   0x2000'23b0   0x830  Data  Gb  tgui_filesscreenfuncs.o [1]
filesize                0x2000'a2b8     0x4  Data  Gb  tgui_fileviewscreenfuncs.o [1]
filetime                0x2000'a338     0x2  Data  Gb  tgui_fileviewscreenfuncs.o [1]
find_volume              0x802'01cd    0x6c  Code  Lc  ff.o [1]
finfo                   0x2000'807c   0x224  Data  Gb  main.o [1]
floorf                   0x803'16f5          Code  Gb  floorf.o [4]
fnt12_data               0x804'52c0   0x6b4  Data  Gb  fnt12.o [1]
fnt12_width              0x804'7c04   0x140  Data  Gb  fnt12.o [1]
fnt12bold_data           0x804'4408   0x788  Data  Gb  fnt12bold.o [1]
fnt12bold_width          0x804'7d44   0x140  Data  Gb  fnt12bold.o [1]
fnt170num_lcd_data       0x801'0188  0x66f0  Data  Gb  fnt170num_lcd.o [1]
fnt170num_lcd_width      0x804'9434    0x38  Data  Gb  fnt170num_lcd.o [1]
fnt18_data               0x803'faa8   0xea4  Data  Gb  fnt18.o [1]
fnt18_width              0x804'7e84   0x140  Data  Gb  fnt18.o [1]
fnt18bold_data           0x803'cec0  0x10c8  Data  Gb  fnt18bold.o [1]
fnt18bold_width          0x804'7fc4   0x140  Data  Gb  fnt18bold.o [1]
fnt24_data               0x803'9f98  0x1a1c  Data  Gb  fnt24.o [1]
fnt24_width              0x804'8104   0x140  Data  Gb  fnt24.o [1]
fnt24bold_data           0x803'7f04  0x2094  Data  Gb  fnt24bold.o [1]
fnt24bold_width          0x804'8244   0x140  Data  Gb  fnt24bold.o [1]
fnt36_data               0x803'4370  0x3b94  Data  Gb  fnt36.o [1]
fnt36_width              0x804'8384   0x140  Data  Gb  fnt36.o [1]
fnt36num_data            0x804'5974   0x684  Data  Gb  fnt36num.o [1]
fnt36num_width           0x804'946c    0x38  Data  Gb  fnt36num.o [1]
follow_path              0x802'0069    0x9a  Code  Lc  ff.o [1]
font_fnt12              0x2000'0000     0xc  Data  Gb  fnt12.o [1]
font_fnt12bold          0x2000'000c     0xc  Data  Gb  fnt12bold.o [1]
font_fnt170num_lcd      0x2000'0018     0xc  Data  Gb  fnt170num_lcd.o [1]
font_fnt18              0x2000'0024     0xc  Data  Gb  fnt18.o [1]
font_fnt18bold          0x2000'0030     0xc  Data  Gb  fnt18bold.o [1]
font_fnt24              0x2000'003c     0xc  Data  Gb  fnt24.o [1]
font_fnt24bold          0x2000'0048     0xc  Data  Gb  fnt24bold.o [1]
font_fnt36              0x2000'0054     0xc  Data  Gb  fnt36.o [1]
font_fnt36num           0x2000'0060     0xc  Data  Gb  fnt36num.o [1]
fphoton_header          0x2000'974c    0x70  Data  Gb  files_photon.o [1]
fphoton_info            0x2000'9cb0    0x3c  Data  Gb  files_photon.o [1]
fphoton_preview_big     0x2000'a0d8    0x20  Data  Gb  files_photon.o [1]
fphoton_preview_small   0x2000'a0f8    0x20  Data  Gb  files_photon.o [1]
fpws_header             0x2000'9d58    0x30  Data  Gb  files_pws.o [1]
fpws_info               0x2000'9b50    0x54  Data  Gb  files_pws.o [1]
fpws_layersdata         0x2000'a1e8    0x14  Data  Gb  files_pws.o [1]
fpws_preview            0x2000'a1b4    0x1c  Data  Gb  files_pws.o [1]
free                     0x804'4019     0x4  Code  Gb  heaptramp0.o [2]
fres                    0x2000'a349     0x1  Data  Gb  main.o [1]
fv_dirname              0x2000'949c   0x100  Data  Gb  tgui_fileviewscreenfuncs.o [1]
fv_filename             0x2000'939c   0x100  Data  Gb  tgui_fileviewscreenfuncs.o [1]
fv_filetype             0x2000'a352     0x1  Data  Gb  tgui_fileviewscreenfuncs.o [1]
fv_tfilename            0x2000'6128   0x400  Data  Gb  tgui_fileviewscreenfuncs.o [1]
gen_numname              0x801'f76d    0xa2  Code  Lc  ff.o [1]
get_fat                  0x801'eed1   0x10a  Code  Lc  ff.o [1]
get_fattime              0x802'3ff9    0x50  Code  Gb  fatfs.o [1]
get_fileinfo             0x801'fc13   0x1c8  Code  Lc  ff.o [1]
get_ldnumber             0x802'0103    0x4e  Code  Lc  ff.o [1]
hExtI2C                 0x2000'9afc    0x54  Data  Gb  ext_i2c.o [1]
hFlashSpi               0x2000'96cc    0x80  Data  Gb  fst_spi.o [1]
hFlashSpiDmaRx          0x2000'98dc    0x60  Data  Gb  fst_spi.o [1]
hFlashSpiDmaTx          0x2000'993c    0x60  Data  Gb  fst_spi.o [1]
hI2C                    0x2000'9aa8    0x54  Data  Gb  eeprom.o [1]
hLcdDma                 0x2000'999c    0x60  Data  Gb  lcd_low.o [1]
hRTC                    0x2000'a138    0x20  Data  Gb  rtc.o [1]
hStepperTim             0x2000'9bf4    0x40  Data  Gb  tim.o [1]
hTouchSpi               0x2000'964c    0x80  Data  Gb  fst_spi.o [1]
hTouchSpiDmaRx          0x2000'97bc    0x60  Data  Gb  fst_spi.o [1]
hTouchSpiDmaTx          0x2000'981c    0x60  Data  Gb  fst_spi.o [1]
hUsbHost                0x2000'6928   0x3d8  Data  Gb  usb_host.o [1]
hZRefTim                0x2000'9c34    0x40  Data  Gb  tim.o [1]
hhcd_USB_OTG_FS         0x2000'7af8   0x2c4  Data  Gb  usbh_conf.o [1]
hsram1                  0x2000'9ba4    0x50  Data  Gb  fsmc.o [1]
i2c_timer               0x2000'a33d     0x1  Data  Gb  eeprom.o [1]
idle()                   0x802'a2cd     0xa  Code  Gb  motor.o [1]
idle()::idlecount       0x2000'a278     0x4  Data  Lc  motor.o [1]
init_mparams             0x803'b9cf    0x32  Code  Lc  dlmalloc.o [2]
init_top                 0x803'ba01    0x36  Code  Lc  dlmalloc.o [2]
inited                  0x2000'a34b     0x1  Data  Gb  prtfiles.o [1]
isalpha                  0x803'3999    0x14  Code  Gb  isalpha.o [2]
isspace                  0x803'1591    0x14  Code  Gb  isspace.o [2]
l_info                  0x2000'a118    0x20  Data  Gb  printing.o [1]
lastfilenum             0x2000'033d     0x1  Data  Gb  tgui_filesscreenfuncs.o [1]
lcdui_bgcolor           0x2000'a334     0x2  Data  Gb  lcd_ui.o [1]
lcdui_color             0x2000'0338     0x2  Data  Gb  lcd_ui.o [1]
lcdui_current_font      0x2000'0080     0x4  Data  Gb  lcd_ui.o [1]
lcdui_current_font_type
                        0x2000'033a     0x1  Data  Gb  lcd_ui.o [1]
lcdui_cursor_x          0x2000'a330     0x2  Data  Gb  lcd_ui.o [1]
lcdui_cursor_y          0x2000'a332     0x2  Data  Gb  lcd_ui.o [1]
lcdui_height            0x2000'0336     0x2  Data  Gb  lcd_ui.o [1]
lcdui_width             0x2000'0334     0x2  Data  Gb  lcd_ui.o [1]
ld_clust                 0x801'f561    0x26  Code  Lc  ff.o [1]
ld_dword                 0x801'ec49    0x16  Code  Lc  ff.o [1]
ld_word                  0x801'ec3d     0xc  Code  Lc  ff.o [1]
ldata_length            0x2000'a284     0x4  Data  Gb  printing.o [1]
ldata_offset_begin      0x2000'a27c     0x4  Data  Gb  printing.o [1]
ldata_offset_current    0x2000'a280     0x4  Data  Gb  printing.o [1]
ldexp                    0x802'4d11          Code  Gb  ldexp.o [4]
ldexpl                   0x802'4d11          Code  Gb  ldexp.o [4]
lmos                     0x804'af58    0x18  Data  Lc  datetime.o [1]
lngCurrent              0x2000'007c     0x4  Data  Gb  languages.o [1]
lngLanguages            0x2000'006c    0x10  Data  Gb  languages.o [1]
localeconv               0x802'4763     0x4  Code  Gb  xlocale_c.o [2]
lroundf                  0x803'1889          Code  Gb  lroundf.o [4]
main                     0x802'5281  0x203e  Code  Gb  main.o [1]
mem_cmp                  0x801'eca5    0x1e  Code  Lc  ff.o [1]
mem_cpy                  0x801'ec85    0x14  Code  Lc  ff.o [1]
mem_set                  0x801'ec99     0xc  Code  Lc  ff.o [1]
memchr                   0x802'4809          Code  Gb  memchr.o [5]
mos                      0x804'af70    0x18  Data  Lc  datetime.o [1]
mount_volume             0x802'0239   0x262  Code  Lc  ff.o [1]
move_window              0x801'ede5    0x3e  Code  Lc  ff.o [1]
mparams                 0x2000'a1d0    0x18  Data  Lc  dlmalloc.o [2]
msg                     0x2000'8ac0   0x200  Data  Gb  main.o [1]
ndigs                    0x804'8fcc    0x28  Data  Lc  iar_Stoulx.o [2]
ndigs                    0x804'901c    0x28  Data  Lc  iar_Stoullx.o [2]
nomorefiles             0x2000'a351     0x1  Data  Gb  tgui_filesscreenfuncs.o [1]
numstr                  0x2000'a158    0x20  Data  Gb  tgui_numenterscreenfuncs.o [1]
numstr_len              0x2000'a354     0x1  Data  Gb  tgui_numenterscreenfuncs.o [1]
oldUsbMounted           0x2000'a34e     0x1  Data  Gb  tgui_filesscreenfuncs.o [1]
old_datetime            0x2000'a260     0x8  Data  Gb  tgui_screensaverfuncs.o [1]
old_layer               0x2000'a2c4     0x4  Data  Gb  tgui_printscreenfuncs.o [1]
old_pause               0x2000'a357     0x1  Data  Gb  tgui_printscreenfuncs.o [1]
old_prtlayer            0x2000'a2c8     0x4  Data  Gb  tgui_screensaverfuncs.o [1]
old_time                0x2000'a2c0     0x4  Data  Gb  tgui_printscreenfuncs.o [1]
pfile_type              0x2000'a34a     0x1  Data  Gb  prtfiles.o [1]
pick_lfn                 0x801'f651    0x90  Code  Lc  ff.o [1]
pows                     0x804'9190    0x48  Data  Lc  strto64.o [4]
pp_current_screen       0x2000'a359     0x1  Data  Gb  tgui_prnparamsscreenfuncs.o [1]
prepend_alloc            0x803'ba37   0x346  Code  Lc  dlmalloc.o [2]
prev_position           0x2000'a240     0x8  Data  Gb  printing.o [1]
prevcolors               0x804'c170     0x4  Data  Lc  printing.o [1]
previmage               0x1000'0000  0x1cc0  Data  Gb  printing.o [1]
prnparams               0x2000'a178    0x20  Data  Gb  tgui_prnparamsscreenfuncs.o [1]
prt_file                0x2000'a290     0x4  Data  Gb  prtfiles.o [1]
put_fat                  0x801'efdb   0x15c  Code  Lc  ff.o [1]
put_lfn                  0x801'f6e1    0x84  Code  Lc  ff.o [1]
put_utf                  0x801'ed39    0x5c  Code  Lc  ff.o [1]
ranmatch                 0x804'0cb5    0x44  Code  Lc  xscanffull.o [2]
reTransmission_all_cnt  0x2000'a26c     0x4  Data  Gb  cpld_utils.o [1]
reTransmission_data_cnt
                        0x2000'a268     0x4  Data  Gb  cpld_utils.o [1]
remove_chain             0x801'f137    0x8e  Code  Lc  ff.o [1]
resX                    0x2000'a288     0x4  Data  Gb  printing.o [1]
resY                    0x2000'a28c     0x4  Data  Gb  printing.o [1]
retSPIFL                0x2000'a340     0x1  Data  Gb  fatfs.o [1]
retUSBH                 0x2000'a33f     0x1  Data  Gb  fatfs.o [1]
s_tfname                0x2000'5928   0x400  Data  Gb  main.o [1]
scalbln                  0x802'4d11          Code  Gb  ldexp.o [4]
scalblnl                 0x802'4d11          Code  Gb  ldexp.o [4]
scalbn                   0x802'4d11          Code  Gb  ldexp.o [4]
scalbnl                  0x802'4d11          Code  Gb  ldexp.o [4]
scale                    0x802'2f9b    0x46  Code  Lc  xprintffull.o [2]
scrTimeTimer            0x2000'033c     0x1  Data  Gb  tgui_defaultfuncs.o [1]
sec_hand                0x2000'a324     0x4  Data  Lc  xfail_s.o [2]
segment_holding          0x803'b9b5    0x1a  Code  Lc  dlmalloc.o [2]
sfile                   0x2000'a36c  0x1028  Data  Gb  main.o [1]
sprintf                  0x801'da89    0x40  Code  Gb  sprintf.o [2]
sqrtf                    0x803'1055          Code  Gb  sqrtf.o [4]
srvMode                 0x2000'a348     0x1  Data  Gb  main.o [1]
srv_current_screen      0x2000'a35a     0x1  Data  Gb  tgui_servicescreenfuncs.o [1]
sscanf                   0x804'2a2d    0x28  Code  Gb  sscanf.o [2]
st_clust                 0x801'f587    0x2a  Code  Lc  ff.o [1]
st_dword                 0x801'ec6d    0x18  Code  Lc  ff.o [1]
st_word                  0x801'ec5f     0xe  Code  Lc  ff.o [1]
strcat                   0x802'fbed    0x1e  Code  Gb  strcat.o [2]
strchr                   0x802'4771          Code  Gb  strchr.o [5]
strcmp                   0x802'acdd          Code  Gb  strcmp.o [5]
strcpy                   0x802'fbd5          Code  Gb  strcpy.o [5]
strcpy_utf(char *, char *)
                         0x802'1df1    0x28  Code  Gb  unicode_utils.o [1]
strlen                   0x802'47d1          Code  Gb  strlen.o [5]
strncpy                  0x802'2331          Code  Gb  strncpy.o [5]
strtoll                  0x804'1879     0x2  Code  Gb  iar_Stollx.o [2]
strtoul                  0x802'cf85     0x2  Code  Gb  iar_Stoulx.o [2]
strtoull                 0x804'1a2d     0x2  Code  Gb  iar_Stoullx.o [2]
strtrim(char *)          0x802'1eab    0x5e  Code  Gb  unicode_utils.o [1]
strupper_utf(char *)     0x802'1f09    0x5e  Code  Gb  unicode_utils.o [1]
subdir                  0x2000'a350     0x1  Data  Gb  tgui_filesscreenfuncs.o [1]
sum_sfn                  0x801'f80f    0x20  Code  Lc  ff.o [1]
sync_fs                  0x801'ee23    0x94  Code  Lc  ff.o [1]
sync_window              0x801'ed95    0x50  Code  Lc  ff.o [1]
sys_alloc                0x803'bf75   0x164  Code  Lc  dlmalloc.o [2]
sys_trim                 0x803'c0d9    0x64  Code  Lc  dlmalloc.o [2]
systemInfo              0x2000'9c74    0x3c  Data  Gb  config.o [1]
tchar2uni                0x801'ecf3    0x46  Code  Lc  ff.o [1]
tfname                  0x1000'6ce8   0x400  Data  Gb  tgui.o [1]
tguiActiveScreen        0x2000'a2b4     0x4  Data  Gb  tgui.o [1]
tguiDBuff               0x2000'c3bc  0x1000  Data  Gb  tgui.o [1]
tguiDefaultConfig       0x2000'a088    0x28  Data  Gb  tgui.o [1]
tguiFBuff               0x2000'd3bc   0x200  Data  Gb  tgui.o [1]
tguiFile                0x2000'b394  0x1028  Data  Gb  tgui.o [1]
tguiMsgBox              0x2000'77a8   0x350  Data  Gb  tgui.o [1]
tguiScrCalibButtons     0x2000'4cb0   0x478  Data  Gb  tgui.o [1]
tguiScrClockSetButtons  0x2000'37b8   0x5d8  Data  Gb  tgui.o [1]
tguiScrFilesButtons     0x2000'70c8   0x370  Data  Gb  tgui.o [1]
tguiScrFilesListButtons
                        0x2000'4368   0x4d0  Data  Gb  tgui.o [1]
tguiScrFileviewButtons  0x2000'82a0   0x210  Data  Gb  tgui.o [1]
tguiScrInfoButtons      0x2000'959c    0xb0  Data  Gb  tgui.o [1]
tguiScrLanguageButtons  0x2000'9194   0x108  Data  Gb  tgui.o [1]
tguiScrMainButtons      0x2000'9034   0x160  Data  Gb  tgui.o [1]
tguiScrMovezButtons     0x2000'6d00   0x3c8  Data  Gb  tgui.o [1]
tguiScrNumenterButtons  0x2000'31e0   0x5d8  Data  Gb  tgui.o [1]
tguiScrPrintButtons     0x2000'84b0   0x210  Data  Gb  tgui.o [1]
tguiScrPrnparamsButtons
                        0x2000'4838   0x478  Data  Gb  tgui.o [1]
tguiScrServiceButtons   0x2000'7dbc   0x2c0  Data  Gb  tgui.o [1]
tguiScrSettingsButtons  0x2000'7438   0x370  Data  Gb  tgui.o [1]
tguiScrUVTestButtons    0x2000'3d90   0x5d8  Data  Gb  tgui.o [1]
tguiScreenCalib         0x2000'a058    0x30  Data  Gb  tgui.o [1]
tguiScreenClockSet      0x2000'9f98    0x30  Data  Gb  tgui.o [1]
tguiScreenFiles         0x2000'9e78    0x30  Data  Gb  tgui.o [1]
tguiScreenFilesList     0x2000'9ea8    0x30  Data  Gb  tgui.o [1]
tguiScreenFileview      0x2000'9f38    0x30  Data  Gb  tgui.o [1]
tguiScreenInfo          0x2000'9e18    0x30  Data  Gb  tgui.o [1]
tguiScreenLanguage      0x2000'9de8    0x30  Data  Gb  tgui.o [1]
tguiScreenMain          0x2000'9d88    0x30  Data  Gb  tgui.o [1]
tguiScreenMovez         0x2000'9e48    0x30  Data  Gb  tgui.o [1]
tguiScreenNumenter      0x2000'9f08    0x30  Data  Gb  tgui.o [1]
tguiScreenPrint         0x2000'9f68    0x30  Data  Gb  tgui.o [1]
tguiScreenPrnparams     0x2000'a028    0x30  Data  Gb  tgui.o [1]
tguiScreenSaver         0x2000'9fc8    0x30  Data  Gb  tgui.o [1]
tguiScreenSaverButtons  0x2000'99fc    0x58  Data  Gb  tgui.o [1]
tguiScreenService       0x2000'9db8    0x30  Data  Gb  tgui.o [1]
tguiScreenSettings      0x2000'9ed8    0x30  Data  Gb  tgui.o [1]
tguiScreenTimer         0x2000'a346     0x1  Data  Gb  main.o [1]
tguiScreenUVTest        0x2000'9ff8    0x30  Data  Gb  tgui.o [1]
tguiTimer               0x2000'a343     0x1  Data  Gb  main.o [1]
timerWorkTimeTimer      0x2000'a347     0x1  Data  Gb  main.o [1]
tmalloc_large            0x803'c149   0x386  Code  Lc  dlmalloc.o [2]
tmalloc_small            0x803'c4cf   0x200  Code  Lc  dlmalloc.o [2]
tolower                  0x803'15a5    0x14  Code  Gb  tolower.o [2]
touch_buff              0x2000'987c    0x60  Data  Gb  fst_spi.o [1]
touch_info              0x2000'a20c    0x10  Data  Gb  touch.o [1]
touch_point             0x2000'a2cc     0x4  Data  Gb  touch.o [1]
tstrcat(unsigned short *, unsigned short *)
                         0x802'1e3b    0x2c  Code  Gb  unicode_utils.o [1]
tstrcat_utf(unsigned short *, char *)
                         0x802'1e67    0x44  Code  Gb  unicode_utils.o [1]
tstrcpy(unsigned short *, unsigned short *)
                         0x802'1e19    0x22  Code  Gb  unicode_utils.o [1]
typeval                 0x2000'a353     0x1  Data  Gb  tgui_numenterscreenfuncs.o [1]
u_tfname                0x2000'5528   0x400  Data  Gb  main.o [1]
uc866                    0x804'85f0   0x100  Data  Lc  ffunicode.o [1]
ufile                   0x1000'5cc0  0x1028  Data  Gb  main.o [1]
uv_image                0x2000'a35d     0x1  Data  Gb  tgui_uvtestscreenfuncs.o [1]
uvdisp_on               0x2000'a35c     0x1  Data  Gb  tgui_uvtestscreenfuncs.o [1]
uvfan_timer             0x2000'a2b0     0x4  Data  Gb  sys_timer.o [1]
uvled_timer             0x2000'a2a8     0x4  Data  Gb  sys_timer.o [1]
uvlight_on              0x2000'a35b     0x1  Data  Gb  tgui_uvtestscreenfuncs.o [1]
uvpause_timer           0x2000'a2ac     0x4  Data  Gb  sys_timer.o [1]
uwTick                  0x2000'a29c     0x4  Data  Gb  stm32f4xx_hal.o [1]
uwTickFreq              0x2000'033b     0x1  Data  Gb  stm32f4xx_hal.o [1]
uwTickPrio              0x2000'0084     0x4  Data  Gb  stm32f4xx_hal.o [1]
validate                 0x802'049b    0x48  Code  Lc  ff.o [1]
wctob                    0x804'17a5    0x32  Code  Gb  wctob.o [2]
zDisTimer               0x2000'a345     0x1  Data  Gb  main.o [1]
zHoldTimer              0x2000'a344     0x1  Data  Gb  main.o [1]
zPlanner                0x2000'a361     0x1  Data  Gb  z_planner.o [1]


[1] = D:\Electronics\Projects\MKS_DLP_new\SRC\firmware\MKSDLP_Alter_debug_1_1\Obj
[2] = dl7M_tlf.a
[3] = dlpp7M_tl_fc.a
[4] = m7M_tls.a
[5] = rt7M_tl.a
[6] = shb_l.a

  156 979 bytes of readonly  code memory
   89 416 bytes of readonly  data memory
  112 291 bytes of readwrite data memory

Errors: none
Warnings: none
