###############################################################################
#
# IAR ELF Linker V8.32.1.169/W32 for ARM                  21/May/2021  01:30:52
# Copyright 2007-2018 IAR Systems AB.
#
#    Output file  =  
#        D:\Electronics\Projects\MKS_DLP_new\SRC\firmware\MKSDLP_Alter_debug_1_1\Exe\mksDLP.out
#    Map file     =  
#        D:\Electronics\Projects\MKS_DLP_new\SRC\firmware\MKSDLP_Alter_debug_1_1\List\mksDLP.map
#    Command line =  
#        -f C:\Temp\EW2D0E.tmp
#        (D:\Electronics\Projects\MKS_DLP_new\SRC\firmware\MKSDLP_Alter_debug_1_1\Obj\config.o
#        D:\Electronics\Projects\MKS_DLP_new\SRC\firmware\MKSDLP_Alter_debug_1_1\Obj\cpld_utils.o
#        D:\Electronics\Projects\MKS_DLP_new\SRC\firmware\MKSDLP_Alter_debug_1_1\Obj\datetime.o
#        D:\Electronics\Projects\MKS_DLP_new\SRC\firmware\MKSDLP_Alter_debug_1_1\Obj\diskio.o
#        D:\Electronics\Projects\MKS_DLP_new\SRC\firmware\MKSDLP_Alter_debug_1_1\Obj\ds3231.o
#        D:\Electronics\Projects\MKS_DLP_new\SRC\firmware\MKSDLP_Alter_debug_1_1\Obj\eeprom.o
#        D:\Electronics\Projects\MKS_DLP_new\SRC\firmware\MKSDLP_Alter_debug_1_1\Obj\ext_i2c.o
#        D:\Electronics\Projects\MKS_DLP_new\SRC\firmware\MKSDLP_Alter_debug_1_1\Obj\fatfs.o
#        D:\Electronics\Projects\MKS_DLP_new\SRC\firmware\MKSDLP_Alter_debug_1_1\Obj\ff.o
#        D:\Electronics\Projects\MKS_DLP_new\SRC\firmware\MKSDLP_Alter_debug_1_1\Obj\ff_gen_drv.o
#        D:\Electronics\Projects\MKS_DLP_new\SRC\firmware\MKSDLP_Alter_debug_1_1\Obj\ffsystem.o
#        D:\Electronics\Projects\MKS_DLP_new\SRC\firmware\MKSDLP_Alter_debug_1_1\Obj\ffunicode.o
#        D:\Electronics\Projects\MKS_DLP_new\SRC\firmware\MKSDLP_Alter_debug_1_1\Obj\files_photon.o
#        D:\Electronics\Projects\MKS_DLP_new\SRC\firmware\MKSDLP_Alter_debug_1_1\Obj\files_pws.o
#        D:\Electronics\Projects\MKS_DLP_new\SRC\firmware\MKSDLP_Alter_debug_1_1\Obj\fnt12.o
#        D:\Electronics\Projects\MKS_DLP_new\SRC\firmware\MKSDLP_Alter_debug_1_1\Obj\fnt12bold.o
#        D:\Electronics\Projects\MKS_DLP_new\SRC\firmware\MKSDLP_Alter_debug_1_1\Obj\fnt170num_lcd.o
#        D:\Electronics\Projects\MKS_DLP_new\SRC\firmware\MKSDLP_Alter_debug_1_1\Obj\fnt18.o
#        D:\Electronics\Projects\MKS_DLP_new\SRC\firmware\MKSDLP_Alter_debug_1_1\Obj\fnt18bold.o
#        D:\Electronics\Projects\MKS_DLP_new\SRC\firmware\MKSDLP_Alter_debug_1_1\Obj\fnt24.o
#        D:\Electronics\Projects\MKS_DLP_new\SRC\firmware\MKSDLP_Alter_debug_1_1\Obj\fnt24bold.o
#        D:\Electronics\Projects\MKS_DLP_new\SRC\firmware\MKSDLP_Alter_debug_1_1\Obj\fnt36.o
#        D:\Electronics\Projects\MKS_DLP_new\SRC\firmware\MKSDLP_Alter_debug_1_1\Obj\fnt36num.o
#        D:\Electronics\Projects\MKS_DLP_new\SRC\firmware\MKSDLP_Alter_debug_1_1\Obj\fsmc.o
#        D:\Electronics\Projects\MKS_DLP_new\SRC\firmware\MKSDLP_Alter_debug_1_1\Obj\fst_spi.o
#        D:\Electronics\Projects\MKS_DLP_new\SRC\firmware\MKSDLP_Alter_debug_1_1\Obj\gpio.o
#        D:\Electronics\Projects\MKS_DLP_new\SRC\firmware\MKSDLP_Alter_debug_1_1\Obj\languages.o
#        D:\Electronics\Projects\MKS_DLP_new\SRC\firmware\MKSDLP_Alter_debug_1_1\Obj\lcd_low.o
#        D:\Electronics\Projects\MKS_DLP_new\SRC\firmware\MKSDLP_Alter_debug_1_1\Obj\lcd_ui.o
#        D:\Electronics\Projects\MKS_DLP_new\SRC\firmware\MKSDLP_Alter_debug_1_1\Obj\main.o
#        D:\Electronics\Projects\MKS_DLP_new\SRC\firmware\MKSDLP_Alter_debug_1_1\Obj\motor.o
#        D:\Electronics\Projects\MKS_DLP_new\SRC\firmware\MKSDLP_Alter_debug_1_1\Obj\printing.o
#        D:\Electronics\Projects\MKS_DLP_new\SRC\firmware\MKSDLP_Alter_debug_1_1\Obj\prtfiles.o
#        D:\Electronics\Projects\MKS_DLP_new\SRC\firmware\MKSDLP_Alter_debug_1_1\Obj\rtc.o
#        D:\Electronics\Projects\MKS_DLP_new\SRC\firmware\MKSDLP_Alter_debug_1_1\Obj\spi_flash.o
#        D:\Electronics\Projects\MKS_DLP_new\SRC\firmware\MKSDLP_Alter_debug_1_1\Obj\spifl_diskio.o
#        D:\Electronics\Projects\MKS_DLP_new\SRC\firmware\MKSDLP_Alter_debug_1_1\Obj\ssd_utils.o
#        D:\Electronics\Projects\MKS_DLP_new\SRC\firmware\MKSDLP_Alter_debug_1_1\Obj\startup_stm32f407xx.o
#        D:\Electronics\Projects\MKS_DLP_new\SRC\firmware\MKSDLP_Alter_debug_1_1\Obj\stm32f4xx_hal.o
#        D:\Electronics\Projects\MKS_DLP_new\SRC\firmware\MKSDLP_Alter_debug_1_1\Obj\stm32f4xx_hal_cortex.o
#        D:\Electronics\Projects\MKS_DLP_new\SRC\firmware\MKSDLP_Alter_debug_1_1\Obj\stm32f4xx_hal_dma.o
#        D:\Electronics\Projects\MKS_DLP_new\SRC\firmware\MKSDLP_Alter_debug_1_1\Obj\stm32f4xx_hal_dma_ex.o
#        D:\Electronics\Projects\MKS_DLP_new\SRC\firmware\MKSDLP_Alter_debug_1_1\Obj\stm32f4xx_hal_exti.o
#        D:\Electronics\Projects\MKS_DLP_new\SRC\firmware\MKSDLP_Alter_debug_1_1\Obj\stm32f4xx_hal_flash.o
#        D:\Electronics\Projects\MKS_DLP_new\SRC\firmware\MKSDLP_Alter_debug_1_1\Obj\stm32f4xx_hal_flash_ex.o
#        D:\Electronics\Projects\MKS_DLP_new\SRC\firmware\MKSDLP_Alter_debug_1_1\Obj\stm32f4xx_hal_flash_ramfunc.o
#        D:\Electronics\Projects\MKS_DLP_new\SRC\firmware\MKSDLP_Alter_debug_1_1\Obj\stm32f4xx_hal_gpio.o
#        D:\Electronics\Projects\MKS_DLP_new\SRC\firmware\MKSDLP_Alter_debug_1_1\Obj\stm32f4xx_hal_hcd.o
#        D:\Electronics\Projects\MKS_DLP_new\SRC\firmware\MKSDLP_Alter_debug_1_1\Obj\stm32f4xx_hal_i2c.o
#        D:\Electronics\Projects\MKS_DLP_new\SRC\firmware\MKSDLP_Alter_debug_1_1\Obj\stm32f4xx_hal_msp.o
#        D:\Electronics\Projects\MKS_DLP_new\SRC\firmware\MKSDLP_Alter_debug_1_1\Obj\stm32f4xx_hal_pwr.o
#        D:\Electronics\Projects\MKS_DLP_new\SRC\firmware\MKSDLP_Alter_debug_1_1\Obj\stm32f4xx_hal_pwr_ex.o
#        D:\Electronics\Projects\MKS_DLP_new\SRC\firmware\MKSDLP_Alter_debug_1_1\Obj\stm32f4xx_hal_rcc.o
#        D:\Electronics\Projects\MKS_DLP_new\SRC\firmware\MKSDLP_Alter_debug_1_1\Obj\stm32f4xx_hal_rcc_ex.o
#        D:\Electronics\Projects\MKS_DLP_new\SRC\firmware\MKSDLP_Alter_debug_1_1\Obj\stm32f4xx_hal_rtc.o
#        D:\Electronics\Projects\MKS_DLP_new\SRC\firmware\MKSDLP_Alter_debug_1_1\Obj\stm32f4xx_hal_rtc_ex.o
#        D:\Electronics\Projects\MKS_DLP_new\SRC\firmware\MKSDLP_Alter_debug_1_1\Obj\stm32f4xx_hal_spi.o
#        D:\Electronics\Projects\MKS_DLP_new\SRC\firmware\MKSDLP_Alter_debug_1_1\Obj\stm32f4xx_hal_sram.o
#        D:\Electronics\Projects\MKS_DLP_new\SRC\firmware\MKSDLP_Alter_debug_1_1\Obj\stm32f4xx_hal_tim.o
#        D:\Electronics\Projects\MKS_DLP_new\SRC\firmware\MKSDLP_Alter_debug_1_1\Obj\stm32f4xx_hal_tim_ex.o
#        D:\Electronics\Projects\MKS_DLP_new\SRC\firmware\MKSDLP_Alter_debug_1_1\Obj\stm32f4xx_hal_wwdg.o
#        D:\Electronics\Projects\MKS_DLP_new\SRC\firmware\MKSDLP_Alter_debug_1_1\Obj\stm32f4xx_it.o
#        D:\Electronics\Projects\MKS_DLP_new\SRC\firmware\MKSDLP_Alter_debug_1_1\Obj\stm32f4xx_ll_fsmc.o
#        D:\Electronics\Projects\MKS_DLP_new\SRC\firmware\MKSDLP_Alter_debug_1_1\Obj\stm32f4xx_ll_usb.o
#        D:\Electronics\Projects\MKS_DLP_new\SRC\firmware\MKSDLP_Alter_debug_1_1\Obj\sys_timer.o
#        D:\Electronics\Projects\MKS_DLP_new\SRC\firmware\MKSDLP_Alter_debug_1_1\Obj\system_stm32f4xx.o
#        D:\Electronics\Projects\MKS_DLP_new\SRC\firmware\MKSDLP_Alter_debug_1_1\Obj\tgui.o
#        D:\Electronics\Projects\MKS_DLP_new\SRC\firmware\MKSDLP_Alter_debug_1_1\Obj\tgui_calibscreenfuncs.o
#        D:\Electronics\Projects\MKS_DLP_new\SRC\firmware\MKSDLP_Alter_debug_1_1\Obj\tgui_clocksetscreenfuncs.o
#        D:\Electronics\Projects\MKS_DLP_new\SRC\firmware\MKSDLP_Alter_debug_1_1\Obj\tgui_defaultfuncs.o
#        D:\Electronics\Projects\MKS_DLP_new\SRC\firmware\MKSDLP_Alter_debug_1_1\Obj\tgui_filesscreenfuncs.o
#        D:\Electronics\Projects\MKS_DLP_new\SRC\firmware\MKSDLP_Alter_debug_1_1\Obj\tgui_fileviewscreenfuncs.o
#        D:\Electronics\Projects\MKS_DLP_new\SRC\firmware\MKSDLP_Alter_debug_1_1\Obj\tgui_infoscreenfuncs.o
#        D:\Electronics\Projects\MKS_DLP_new\SRC\firmware\MKSDLP_Alter_debug_1_1\Obj\tgui_langscreenfuncs.o
#        D:\Electronics\Projects\MKS_DLP_new\SRC\firmware\MKSDLP_Alter_debug_1_1\Obj\tgui_mainscreenfuncs.o
#        D:\Electronics\Projects\MKS_DLP_new\SRC\firmware\MKSDLP_Alter_debug_1_1\Obj\tgui_messagebox.o
#        D:\Electronics\Projects\MKS_DLP_new\SRC\firmware\MKSDLP_Alter_debug_1_1\Obj\tgui_movezscreenfuncs.o
#        D:\Electronics\Projects\MKS_DLP_new\SRC\firmware\MKSDLP_Alter_debug_1_1\Obj\tgui_numenterscreenfuncs.o
#        D:\Electronics\Projects\MKS_DLP_new\SRC\firmware\MKSDLP_Alter_debug_1_1\Obj\tgui_printscreenfuncs.o
#        D:\Electronics\Projects\MKS_DLP_new\SRC\firmware\MKSDLP_Alter_debug_1_1\Obj\tgui_prnparamsextscreenfuncs.o
#        D:\Electronics\Projects\MKS_DLP_new\SRC\firmware\MKSDLP_Alter_debug_1_1\Obj\tgui_prnparamsscreenfuncs.o
#        D:\Electronics\Projects\MKS_DLP_new\SRC\firmware\MKSDLP_Alter_debug_1_1\Obj\tgui_screensaverfuncs.o
#        D:\Electronics\Projects\MKS_DLP_new\SRC\firmware\MKSDLP_Alter_debug_1_1\Obj\tgui_servicescreenfuncs.o
#        D:\Electronics\Projects\MKS_DLP_new\SRC\firmware\MKSDLP_Alter_debug_1_1\Obj\tgui_settingsscreenfuncs.o
#        D:\Electronics\Projects\MKS_DLP_new\SRC\firmware\MKSDLP_Alter_debug_1_1\Obj\tgui_uvtestscreenfuncs.o
#        D:\Electronics\Projects\MKS_DLP_new\SRC\firmware\MKSDLP_Alter_debug_1_1\Obj\tim.o
#        D:\Electronics\Projects\MKS_DLP_new\SRC\firmware\MKSDLP_Alter_debug_1_1\Obj\touch.o
#        D:\Electronics\Projects\MKS_DLP_new\SRC\firmware\MKSDLP_Alter_debug_1_1\Obj\unicode_utils.o
#        D:\Electronics\Projects\MKS_DLP_new\SRC\firmware\MKSDLP_Alter_debug_1_1\Obj\usb_host.o
#        D:\Electronics\Projects\MKS_DLP_new\SRC\firmware\MKSDLP_Alter_debug_1_1\Obj\usbh_conf.o
#        D:\Electronics\Projects\MKS_DLP_new\SRC\firmware\MKSDLP_Alter_debug_1_1\Obj\usbh_core.o
#        D:\Electronics\Projects\MKS_DLP_new\SRC\firmware\MKSDLP_Alter_debug_1_1\Obj\usbh_ctlreq.o
#        D:\Electronics\Projects\MKS_DLP_new\SRC\firmware\MKSDLP_Alter_debug_1_1\Obj\usbh_diskio.o
#        D:\Electronics\Projects\MKS_DLP_new\SRC\firmware\MKSDLP_Alter_debug_1_1\Obj\usbh_ioreq.o
#        D:\Electronics\Projects\MKS_DLP_new\SRC\firmware\MKSDLP_Alter_debug_1_1\Obj\usbh_msc.o
#        D:\Electronics\Projects\MKS_DLP_new\SRC\firmware\MKSDLP_Alter_debug_1_1\Obj\usbh_msc_bot.o
#        D:\Electronics\Projects\MKS_DLP_new\SRC\firmware\MKSDLP_Alter_debug_1_1\Obj\usbh_msc_scsi.o
#        D:\Electronics\Projects\MKS_DLP_new\SRC\firmware\MKSDLP_Alter_debug_1_1\Obj\usbh_pipes.o
#        D:\Electronics\Projects\MKS_DLP_new\SRC\firmware\MKSDLP_Alter_debug_1_1\Obj\usbh_platform.o
#        D:\Electronics\Projects\MKS_DLP_new\SRC\firmware\MKSDLP_Alter_debug_1_1\Obj\uvdisplay.o
#        D:\Electronics\Projects\MKS_DLP_new\SRC\firmware\MKSDLP_Alter_debug_1_1\Obj\z_endstops.o
#        D:\Electronics\Projects\MKS_DLP_new\SRC\firmware\MKSDLP_Alter_debug_1_1\Obj\z_planner.o
#        D:\Electronics\Projects\MKS_DLP_new\SRC\firmware\MKSDLP_Alter_debug_1_1\Obj\z_stepper.o
#        --redirect _Printf=_PrintfFull --redirect _Scanf=_ScanfFull
#        --no_out_extension -o
#        D:\Electronics\Projects\MKS_DLP_new\SRC\firmware\MKSDLP_Alter_debug_1_1\Exe\mksDLP.out
#        --map
#        D:\Electronics\Projects\MKS_DLP_new\SRC\firmware\MKSDLP_Alter_debug_1_1\List\mksDLP.map
#        --log libraries,call_graph --log_file
#        D:\Electronics\Projects\MKS_DLP_new\SRC\firmware\MKSDLP_Alter_debug_1_1\List\mksDLP.log
#        --config
#        D:\Electronics\Projects\MKS_DLP_new\SRC\firmware/config/stm32f407xx_flash.icf
#        --semihosting --entry __iar_program_start --merge_duplicate_sections
#        --vfe --text_out locale)
#
###############################################################################

*******************************************************************************
*** RUNTIME MODEL ATTRIBUTES
***

CppFlavor                     = *
__CPP_Exceptions              = Disabled
__CPP_Language                = C++14
__Heap_Handler                = DLMalloc
__SystemLibrary               = DLib
__dlib_dynamic_initialization = normal
__dlib_version                = 6


*******************************************************************************
*** HEAP SELECTION
***

The advanced heap was selected because the application calls memory
allocation functions outside of system library functions, and there
are calls to deallocation functions in the application.


*******************************************************************************
*** PLACEMENT SUMMARY
***

"A0":  place at 0x801'0000 { ro section .intvec };
"P1":  place in [from 0x801'0000 to 0x807'ffff] { ro };
define block CSTACK with size = 20K, alignment = 8 { };
define block HEAP with size = 8K, alignment = 8 { };
"P2":  place in [from 0x2000'0000 to 0x2001'ffff] {
          rw, block CSTACK, block HEAP };
"P3":  place in [from 0x1000'0000 to 0x1000'ffff] { rw section CCMRAM };
initialize by copy { rw };

  Section                Kind         Address     Size  Object
  -------                ----         -------     ----  ------
"A0":                                            0x188
  .intvec                ro code   0x801'0000    0x188  startup_stm32f407xx.o [1]
                                 - 0x801'0188    0x188

"P1":                                          0x3d5fb
  .rodata                const     0x801'0188   0x66f0  fnt170num_lcd.o [1]
  .text                  ro code   0x801'6878   0x600c  tgui.o [1]
  .text                  ro code   0x801'c884     0x66  ABImemset.o [5]
  .text                  ro code   0x801'c8ea     0x7a  lz77_init_single.o [5]
  .text                  ro code   0x801'c964    0xaf8  tgui_defaultfuncs.o [1]
  .text                  ro code   0x801'd45c     0xa6  ABImemcpy.o [5]
  .text                  ro code   0x801'd502     0x3a  zero_init3.o [5]
  .text                  ro code   0x801'd53c     0x40  languages.o [1]
  .text                  ro code   0x801'd57c    0x754  tgui_messagebox.o [1]
  .text                  ro code   0x801'dcd0    0x20c  sys_timer.o [1]
  .text                  ro code   0x801'dedc    0x334  datetime.o [1]
  .text                  ro code   0x801'e210     0x40  sprintf.o [2]
  .text                  ro code   0x801'e250    0xc54  lcd_ui.o [1]
  .text                  ro code   0x801'eea4    0x520  lcd_low.o [1]
  .text                  ro code   0x801'f3c4   0x2f90  ff.o [1]
  .text                  ro code   0x802'2354    0x39a  unicode_utils.o [1]
  .text                  ro code   0x802'26ee     0x26  xencoding_8859_1.o [2]
  .text                  ro code   0x802'2714    0x3a4  touch.o [1]
  .text                  ro code   0x802'2ab8     0x70  strncpy.o [5]
  .text                  ro code   0x802'2b28    0x418  stm32f4xx_hal_rtc.o [1]
  .text                  ro code   0x802'2f40      0xc  stm32f4xx_hal.o [1]
  .text                  ro code   0x802'2f4c    0xf46  xprintffull.o [2]
  .text                  ro code   0x802'3e92     0x1e  xsscin.o [2]
  .text                  ro code   0x802'3eb0     0x28  stm32f4xx_hal.o [1]
  .text                  ro code   0x802'3ed8    0x114  fsmc.o [1]
  .text                  ro code   0x802'3fec    0x458  stm32f4xx_hal_dma.o [1]
  .text                  ro code   0x802'4444    0x12c  stm32f4xx_hal_cortex.o [1]
  .text                  ro code   0x802'4570     0xb0  diskio.o [1]
  .text                  ro code   0x802'4620    0x144  ffunicode.o [1]
  .text                  ro code   0x802'4764    0x158  fatfs.o [1]
  .text                  ro code   0x802'48bc    0x538  fst_spi.o [1]
  .text                  ro code   0x802'4df4    0x104  xlocale_c.o [2]
  .text                  ro code   0x802'4ef8     0x16  strchr.o [5]
  .text                  ro code   0x802'4f0e      0xa  xsprout.o [2]
  .text                  ro code   0x802'4f18     0x40  xfail_s.o [2]
  .text                  ro code   0x802'4f58     0x36  strlen.o [5]
  .rodata                const     0x802'4f8e      0x2  languages.o [1]
  .text                  ro code   0x802'4f90     0x58  memchr.o [5]
  .text                  ro code   0x802'4fe8      0xa  xmbcurmax.o [2]
  .rodata                const     0x802'4ff2      0x2  languages.o [1]
  .text                  ro code   0x802'4ff4    0x230  I64DivMod.o [5]
  .text                  ro code   0x802'5224    0x1a2  DblMul.o [4]
  .rodata                const     0x802'53c6      0x1  unwind_debug.o [6]
  .text                  ro code   0x802'53c8     0x70  frexp.o [4]
  .text                  ro code   0x802'5438     0x2e  DblCmpLe.o [4]
  .text                  ro code   0x802'5468     0x2e  DblCmpGe.o [4]
  .text                  ro code   0x802'5498    0x13a  ldexp.o [4]
  .text                  ro code   0x802'55d4     0x3a  DblToS32.o [4]
  .text                  ro code   0x802'5610     0x22  S32ToDbl.o [4]
  .text                  ro code   0x802'5634     0xe2  DblSub.o [4]
  .text                  ro code   0x802'5718    0x246  DblDiv.o [4]
  .text                  ro code   0x802'5960     0x28  DblToU32.o [4]
  .text                  ro code   0x802'5988     0x1a  U32ToDbl.o [4]
  .text                  ro code   0x802'59a4      0x6  ABImemclr4.o [5]
  .text                  ro code   0x802'59ac     0x5c  stm32f4xx_hal_sram.o [1]
  .text                  ro code   0x802'5a08   0x2282  main.o [1]
  .text                  ro code   0x802'7c8c    0x252  stm32f4xx_hal_gpio.o [1]
  .text                  ro code   0x802'7ee0     0x54  ff_gen_drv.o [1]
  .text                  ro code   0x802'7f34    0x766  stm32f4xx_hal_spi.o [1]
  .text                  ro code   0x802'869a      0x6  abort.o [2]
  .text                  ro code   0x802'86a0      0x2  stm32f4xx_hal_i2c.o [1]
  .text                  ro code   0x802'86a4    0x17a  DblAdd.o [4]
  .text                  ro code   0x802'8820     0x32  ABImemset48.o [5]
  .text                  ro code   0x802'8854     0xe4  stm32f4xx_ll_fsmc.o [1]
  .text                  ro code   0x802'8938     0x18  stm32f4xx_hal_pwr.o [1]
  .text                  ro code   0x802'8950     0x34  stm32f4xx_hal.o [1]
  .text                  ro code   0x802'8984    0x32c  gpio.o [1]
  .text                  ro code   0x802'8cb0    0x600  eeprom.o [1]
  .text                  ro code   0x802'92b0   0x1314  config.o [1]
  .text                  ro code   0x802'a5c4    0x394  spi_flash.o [1]
  .text                  ro code   0x802'a958     0xc8  rtc.o [1]
  .text                  ro code   0x802'aa20    0x2ae  ds3231.o [1]
  .text                  ro code   0x802'acd0    0x2c8  motor.o [1]
  .text                  ro code   0x802'af98    0x1e6  cpld_utils.o [1]
  .text                  ro code   0x802'b180     0x24  uvdisplay.o [1]
  .text                  ro code   0x802'b1a4    0x488  tgui_uvtestscreenfuncs.o [1]
  .text                  ro code   0x802'b62c     0x20  usbh_platform.o [1]
  .text                  ro code   0x802'b64c     0x94  usb_host.o [1]
  .text                  ro code   0x802'b6e0     0x12  strcmp.o [5]
  .text                  ro code   0x802'b6f4    0x484  tgui_screensaverfuncs.o [1]
  .text                  ro code   0x802'bb78     0x48  FltToDbl.o [4]
  .text                  ro code   0x802'bbc0     0x68  DblToFlt.o [4]
  .text                  ro code   0x802'bc28    0x5e4  tgui_movezscreenfuncs.o [1]
  .text                  ro code   0x802'c20c    0x774  printing.o [1]
  .text                  ro code   0x802'c980    0x5d4  prtfiles.o [1]
  .text                  ro code   0x802'cf54    0x3b4  stm32f4xx_hal_rcc.o [1]
  .text                  ro code   0x802'd308    0x1f4  stm32f4xx_hal_rcc.o [1]
  .text                  ro code   0x802'd4fc    0x150  stm32f4xx_hal_rcc_ex.o [1]
  .text                  ro code   0x802'd64c     0x14  exit.o [6]
  .text                  ro code   0x802'd660     0x4c  stm32f4xx_hal.o [1]
  .text                  ro code   0x802'd6ac     0x40  stm32f4xx_hal_msp.o [1]
  .text                  ro code   0x802'd6ec    0x22e  stm32f4xx_hal_i2c.o [1]
  .text                  ro code   0x802'd91c      0xe  math_wrappers64.o [4]
  .text                  ro code   0x802'd92c    0x152  iar_Stoulx.o [2]
  .text                  ro code   0x802'da80    0xe30  z_planner.o [1]
  .text                  ro code   0x802'e8b0     0x18  tgui_uvtestscreenfuncs.o [1]
  .text                  ro code   0x802'e8c8    0x7bc  ext_i2c.o [1]
  .text                  ro code   0x802'f084     0xe4  z_endstops.o [1]
  .text                  ro code   0x802'f168    0x590  z_stepper.o [1]
  .text                  ro code   0x802'f6f8    0x1cc  tim.o [1]
  .text                  ro code   0x802'f8c4    0x78a  stm32f4xx_hal_tim.o [1]
  .text                  ro code   0x803'0050     0x14  motor.o [1]
  .text                  ro code   0x803'0064      0xc  z_endstops.o [1]
  .text                  ro code   0x803'0070     0x18  z_endstops.o [1]
  .text                  ro code   0x803'0088     0x20  z_stepper.o [1]
  .text                  ro code   0x803'00a8     0x20  motor.o [1]
  .text                  ro code   0x803'00c8     0x30  cpld_utils.o [1]
  .text                  ro code   0x803'00f8    0x5d0  ssd_utils.o [1]
  .text                  ro code   0x803'06c8     0x18  strcpy.o [5]
  .text                  ro code   0x803'06e0     0x1e  strcat.o [2]
  .text                  ro code   0x803'06fe    0x7de  usbh_core.o [1]
  .text                  ro code   0x803'0edc    0x56c  files_pws.o [1]
  .text                  ro code   0x803'1448    0x700  files_photon.o [1]
  .text                  ro code   0x803'1b48     0x1e  sqrtf.o [4]
  .text                  ro code   0x803'1b68    0x51c  strto64.o [4]
  .text                  ro code   0x803'2084     0x14  isspace.o [2]
  .text                  ro code   0x803'2098     0x14  tolower.o [2]
  .text                  ro code   0x803'20ac     0x24  z_planner.o [1]
  .text                  ro code   0x803'20d0     0x18  z_planner.o [1]
  .text                  ro code   0x803'20e8      0x8  z_stepper.o [1]
  .text                  ro code   0x803'20f0     0x3c  ceilf.o [4]
  .text                  ro code   0x803'212c     0xac  z_planner.o [1]
  .text                  ro code   0x803'21d8     0x3c  floorf.o [4]
  .text                  ro code   0x803'2214     0xbc  z_planner.o [1]
  .text                  ro code   0x803'22d0     0x12  z_planner.o [1]
  .text                  ro code   0x803'22e2      0x8  z_planner.o [1]
  .text                  ro code   0x803'22ec     0x20  z_stepper.o [1]
  .text                  ro code   0x803'230c     0x10  z_stepper.o [1]
  .text                  ro code   0x803'231c      0xc  z_stepper.o [1]
  .text                  ro code   0x803'2328     0x38  z_planner.o [1]
  .text                  ro code   0x803'2360     0x18  z_planner.o [1]
  .text                  ro code   0x803'2378     0x2e  lroundf.o [4]
  .text                  ro code   0x803'23a8     0x18  z_stepper.o [1]
  .text                  ro code   0x803'23c0     0x1c  z_stepper.o [1]
  .text                  ro code   0x803'23dc     0x2c  z_stepper.o [1]
  .text                  ro code   0x803'2408     0xac  stm32f4xx_hal_tim_ex.o [1]
  .text                  ro code   0x803'24b4    0x2f8  usbh_conf.o [1]
  .text                  ro code   0x803'27ac     0xb6  usbh_pipes.o [1]
  .text                  ro code   0x803'2862    0x5bc  usbh_ctlreq.o [1]
  .text                  ro code   0x803'2e1e    0x122  iar_Stopfx.o [2]
  .text                  ro code   0x803'2f40    0x1c4  iar_Stoflt.o [2]
  .text                  ro code   0x803'3104    0x21c  iar_Stoxflt.o [2]
  .text                  ro code   0x803'3320     0x10  z_stepper.o [1]
  .text                  ro code   0x803'3330      0xe  z_planner.o [1]
  .text                  ro code   0x803'3340     0x1c  z_stepper.o [1]
  .text                  ro code   0x803'335c   0x1060  stm32f4xx_hal_hcd.o [1]
  .text                  ro code   0x803'43bc     0xd0  usbh_ioreq.o [1]
  .text                  ro code   0x803'448c     0x14  isalpha.o [2]
  .text                  ro code   0x803'44a0    0x9c4  stm32f4xx_ll_usb.o [1]
  .rodata                const     0x803'4e64   0x3b94  fnt36.o [1]
  .rodata                const     0x803'89f8   0x2094  fnt24bold.o [1]
  .rodata                const     0x803'aa8c   0x1a1c  fnt24.o [1]
  .text                  ro code   0x803'c4a8   0x14e0  dlmalloc.o [2]
  .text                  ro code   0x803'd988     0x2c  xgetmemchunk.o [2]
  .rodata                const     0x803'd9b4   0x10c8  fnt18bold.o [1]
  .text                  ro code   0x803'ea7c    0xf28  tgui_filesscreenfuncs.o [1]
  .text                  ro code   0x803'f9a4    0xbf8  tgui_fileviewscreenfuncs.o [1]
  .rodata                const     0x804'059c    0xea4  fnt18.o [1]
  .text                  ro code   0x804'1440    0xe58  xscanffull.o [2]
  .text                  ro code   0x804'2298     0x3c  wctob.o [2]
  .text                  ro code   0x804'22d4     0x9e  iar_Stollx.o [2]
  .text                  ro code   0x804'2374    0x1b2  iar_Stoullx.o [2]
  .text                  ro code   0x804'2528    0xb3c  tgui_prnparamsscreenfuncs.o [1]
  .text                  ro code   0x804'3064    0x620  tgui_numenterscreenfuncs.o [1]
  .text                  ro code   0x804'3684     0x28  sscanf.o [2]
  .text                  ro code   0x804'36ac    0xa50  tgui_printscreenfuncs.o [1]
  .text                  ro code   0x804'40fc    0x8b4  usbh_msc.o [1]
  .text                  ro code   0x804'49b0    0x394  usbh_msc_bot.o [1]
  .text                  ro code   0x804'4d44      0x4  heaptramp0.o [2]
  .text                  ro code   0x804'4d48    0x3ea  usbh_msc_scsi.o [1]
  .rodata                const     0x804'5134    0x788  fnt12bold.o [1]
  .text                  ro code   0x804'58bc    0x730  tgui_clocksetscreenfuncs.o [1]
  .rodata                const     0x804'5fec    0x6b4  fnt12.o [1]
  .rodata                const     0x804'66a0    0x684  fnt36num.o [1]
  .text                  ro code   0x804'6d24    0x5cc  tgui_calibscreenfuncs.o [1]
  .text                  ro code   0x804'72f0    0x574  tgui_prnparamsextscreenfuncs.o [1]
  .text                  ro code   0x804'7864    0x474  tgui_infoscreenfuncs.o [1]
  .text                  ro code   0x804'7cd8    0x450  tgui_settingsscreenfuncs.o [1]
  .text                  ro code   0x804'8128    0x3f4  tgui_servicescreenfuncs.o [1]
  .rodata                const     0x804'851c    0x23c  languages.o [1]
  .rodata                const     0x804'8758    0x23c  languages.o [1]
  .rodata                const     0x804'8994    0x200  cpld_utils.o [1]
  .rodata                const     0x804'8b94    0x1f4  ffunicode.o [1]
  .text                  ro code   0x804'8d88    0x144  usbh_diskio.o [1]
  .rodata                const     0x804'8ecc    0x140  fnt12.o [1]
  .rodata                const     0x804'900c    0x140  fnt12bold.o [1]
  .rodata                const     0x804'914c    0x140  fnt18.o [1]
  .rodata                const     0x804'928c    0x140  fnt18bold.o [1]
  .rodata                const     0x804'93cc    0x140  fnt24.o [1]
  .rodata                const     0x804'950c    0x140  fnt24bold.o [1]
  .rodata                const     0x804'964c    0x140  fnt36.o [1]
  .text                  ro code   0x804'978c    0x12c  spifl_diskio.o [1]
  .rodata                const     0x804'98b8    0x100  ffunicode.o [1]
  .rodata                const     0x804'99b8     0xc8  languages.o [1]
  .rodata                const     0x804'9a80     0xbc  ffunicode.o [1]
  .rodata                const     0x804'9b3c     0xb8  languages.o [1]
  .text                  ro code   0x804'9bf4     0x9e  stm32f4xx_it.o [1]
  .rodata                const     0x804'9c94     0x9c  languages.o [1]
  .rodata                const     0x804'9d30     0x88  languages.o [1]
  .rodata                const     0x804'9db8     0x80  ff.o [1]
  .rodata                const     0x804'9e38     0x78  languages.o [1]
  .rodata                const     0x804'9eb0     0x74  languages.o [1]
  .rodata                const     0x804'9f24     0x74  languages.o [1]
  .rodata                const     0x804'9f98     0x70  languages.o [1]
  .rodata                const     0x804'a008     0x70  languages.o [1]
  .rodata                const     0x804'a078     0x68  languages.o [1]
  .rodata                const     0x804'a0e0     0x68  languages.o [1]
  .rodata                const     0x804'a148     0x68  languages.o [1]
  .rodata                const     0x804'a1b0     0x64  languages.o [1]
  .rodata                const     0x804'a214     0x60  languages.o [1]
  .rodata                const     0x804'a274     0x54  languages.o [1]
  .rodata                const     0x804'a2c8     0x54  languages.o [1]
  .rodata                const     0x804'a31c     0x50  iar_Stoulx.o [2]
  .rodata                const     0x804'a36c     0x50  iar_Stoullx.o [2]
  .rodata                const     0x804'a3bc     0x4c  languages.o [1]
  .rodata                const     0x804'a408     0x4c  languages.o [1]
  .rodata                const     0x804'a454     0x4c  xscanffull.o [2]
  .rodata                const     0x804'a4a0     0x48  languages.o [1]
  .rodata                const     0x804'a4e8     0x48  strto64.o [4]
  .rodata                const     0x804'a530     0x44  languages.o [1]
  .rodata                const     0x804'a574     0x40  languages.o [1]
  .rodata                const     0x804'a5b4     0x3c  languages.o [1]
  .rodata                const     0x804'a5f0     0x3c  languages.o [1]
  .rodata                const     0x804'a62c     0x3c  languages.o [1]
  .rodata                const     0x804'a668     0x3c  languages.o [1]
  .rodata                const     0x804'a6a4     0x3c  languages.o [1]
  .rodata                const     0x804'a6e0     0x3c  languages.o [1]
  .rodata                const     0x804'a71c     0x3c  main.o [1]
  .rodata                const     0x804'a758     0x3c  main.o [1]
  .rodata                const     0x804'a794     0x3c  main.o [1]
  .rodata                const     0x804'a7d0     0x38  fnt170num_lcd.o [1]
  .rodata                const     0x804'a808     0x38  fnt36num.o [1]
  .rodata                const     0x804'a840     0x38  languages.o [1]
  .rodata                const     0x804'a878     0x38  languages.o [1]
  .rodata                const     0x804'a8b0     0x38  languages.o [1]
  .rodata                const     0x804'a8e8     0x38  languages.o [1]
  .rodata                const     0x804'a920     0x38  main.o [1]
  .rodata                const     0x804'a958     0x38  main.o [1]
  .rodata                const     0x804'a990     0x38  main.o [1]
  .rodata                const     0x804'a9c8     0x34  languages.o [1]
  .rodata                const     0x804'a9fc     0x34  languages.o [1]
  .rodata                const     0x804'aa30     0x34  languages.o [1]
  .rodata                const     0x804'aa64     0x34  main.o [1]
  .rodata                const     0x804'aa98     0x34  main.o [1]
  .rodata                const     0x804'aacc     0x30  languages.o [1]
  .rodata                const     0x804'aafc     0x30  languages.o [1]
  .rodata                const     0x804'ab2c     0x30  languages.o [1]
  .rodata                const     0x804'ab5c     0x30  languages.o [1]
  .rodata                const     0x804'ab8c     0x30  main.o [1]
  .rodata                const     0x804'abbc     0x2c  languages.o [1]
  .rodata                const     0x804'abe8     0x2c  languages.o [1]
  .rodata                const     0x804'ac14     0x2c  languages.o [1]
  .rodata                const     0x804'ac40     0x2c  languages.o [1]
  .rodata                const     0x804'ac6c     0x2c  languages.o [1]
  .rodata                const     0x804'ac98     0x2c  main.o [1]
  .rodata                const     0x804'acc4     0x2c  main.o [1]
  .rodata                const     0x804'acf0     0x2c  main.o [1]
  .rodata                const     0x804'ad1c     0x2c  main.o [1]
  .rodata                const     0x804'ad48     0x28  languages.o [1]
  .rodata                const     0x804'ad70     0x28  languages.o [1]
  .rodata                const     0x804'ad98     0x28  languages.o [1]
  .rodata                const     0x804'adc0     0x28  main.o [1]
  .rodata                const     0x804'ade8     0x28  main.o [1]
  .rodata                const     0x804'ae10     0x28  main.o [1]
  .rodata                const     0x804'ae38     0x28  main.o [1]
  .rodata                const     0x804'ae60     0x28  main.o [1]
  .rodata                const     0x804'ae88     0x28  main.o [1]
  .rodata                const     0x804'aeb0     0x28  tgui.o [1]
  .rodata                const     0x804'aed8     0x28  tgui.o [1]
  .rodata                const     0x804'af00     0x28  xscanffull.o [2]
  .text                  ro code   0x804'af28     0x28  data_init.o [5]
  .rodata                const     0x804'af50     0x24  languages.o [1]
  .rodata                const     0x804'af74     0x24  languages.o [1]
  .rodata                const     0x804'af98     0x24  languages.o [1]
  .rodata                const     0x804'afbc     0x24  main.o [1]
  .rodata                const     0x804'afe0     0x24  main.o [1]
  .rodata                const     0x804'b004     0x24  main.o [1]
  .rodata                const     0x804'b028     0x24  main.o [1]
  .rodata                const     0x804'b04c     0x24  main.o [1]
  .rodata                const     0x804'b070     0x24  main.o [1]
  .rodata                const     0x804'b094     0x24  main.o [1]
  .rodata                const     0x804'b0b8     0x24  tgui.o [1]
  .rodata                const     0x804'b0dc     0x24  tgui.o [1]
  .rodata                const     0x804'b100     0x24  tgui.o [1]
  .rodata                const     0x804'b124     0x24  tgui.o [1]
  .rodata                const     0x804'b148     0x24  tgui.o [1]
  .rodata                const     0x804'b16c     0x24  tgui.o [1]
  .rodata                const     0x804'b190     0x24  tgui.o [1]
  .rodata                const     0x804'b1b4     0x24  tgui.o [1]
  .rodata                const     0x804'b1d8     0x24  tgui.o [1]
  .rodata                const     0x804'b1fc     0x24  tgui.o [1]
  .rodata                const     0x804'b220     0x24  tgui.o [1]
  .rodata                const     0x804'b244     0x24  tgui.o [1]
  .rodata                const     0x804'b268     0x24  tgui.o [1]
  .rodata                const     0x804'b28c     0x24  tgui.o [1]
  .rodata                const     0x804'b2b0     0x24  tgui_infoscreenfuncs.o [1]
  .text                  ro code   0x804'b2d4     0x22  fpinit_M.o [4]
  .iar.init_table        const     0x804'b2f8     0x2c  - Linker created -
  .rodata                const     0x804'b324     0x20  languages.o [1]
  .rodata                const     0x804'b344     0x20  languages.o [1]
  .rodata                const     0x804'b364     0x20  languages.o [1]
  .rodata                const     0x804'b384     0x20  languages.o [1]
  .rodata                const     0x804'b3a4     0x20  languages.o [1]
  .rodata                const     0x804'b3c4     0x20  languages.o [1]
  .rodata                const     0x804'b3e4     0x20  languages.o [1]
  .rodata                const     0x804'b404     0x20  languages.o [1]
  .rodata                const     0x804'b424     0x20  languages.o [1]
  .rodata                const     0x804'b444     0x20  languages.o [1]
  .rodata                const     0x804'b464     0x20  languages.o [1]
  .rodata                const     0x804'b484     0x20  main.o [1]
  .rodata                const     0x804'b4a4     0x20  main.o [1]
  .rodata                const     0x804'b4c4     0x20  tgui.o [1]
  .rodata                const     0x804'b4e4     0x20  tgui.o [1]
  .rodata                const     0x804'b504     0x20  tgui.o [1]
  .rodata                const     0x804'b524     0x20  tgui.o [1]
  .rodata                const     0x804'b544     0x20  tgui.o [1]
  .rodata                const     0x804'b564     0x20  tgui.o [1]
  .rodata                const     0x804'b584     0x20  tgui.o [1]
  .rodata                const     0x804'b5a4     0x20  tgui.o [1]
  .rodata                const     0x804'b5c4     0x20  tgui.o [1]
  .rodata                const     0x804'b5e4     0x20  tgui.o [1]
  .rodata                const     0x804'b604     0x20  tgui.o [1]
  .rodata                const     0x804'b624     0x20  tgui.o [1]
  .rodata                const     0x804'b644     0x20  tgui.o [1]
  .rodata                const     0x804'b664     0x20  tgui.o [1]
  .rodata                const     0x804'b684     0x20  tgui.o [1]
  .rodata                const     0x804'b6a4     0x20  tgui.o [1]
  .rodata                const     0x804'b6c4     0x20  tgui.o [1]
  .rodata                const     0x804'b6e4     0x20  tgui.o [1]
  .rodata                const     0x804'b704     0x20  tgui.o [1]
  .rodata                const     0x804'b724     0x20  tgui.o [1]
  .rodata                const     0x804'b744     0x20  tgui.o [1]
  .rodata                const     0x804'b764     0x20  tgui.o [1]
  .rodata                const     0x804'b784     0x20  tgui.o [1]
  .rodata                const     0x804'b7a4     0x20  tgui.o [1]
  .rodata                const     0x804'b7c4     0x20  tgui.o [1]
  .rodata                const     0x804'b7e4     0x20  tgui.o [1]
  .rodata                const     0x804'b804     0x20  tgui.o [1]
  .rodata                const     0x804'b824     0x20  tgui.o [1]
  .rodata                const     0x804'b844     0x20  tgui.o [1]
  .rodata                const     0x804'b864     0x20  tgui.o [1]
  .rodata                const     0x804'b884     0x20  tgui.o [1]
  .rodata                const     0x804'b8a4     0x20  tgui.o [1]
  .rodata                const     0x804'b8c4     0x20  tgui.o [1]
  .rodata                const     0x804'b8e4     0x20  tgui.o [1]
  .rodata                const     0x804'b904     0x20  tgui.o [1]
  .rodata                const     0x804'b924     0x20  tgui.o [1]
  .rodata                const     0x804'b944     0x20  tgui.o [1]
  .rodata                const     0x804'b964     0x20  tgui.o [1]
  .rodata                const     0x804'b984     0x20  tgui.o [1]
  .rodata                const     0x804'b9a4     0x20  tgui.o [1]
  .rodata                const     0x804'b9c4     0x20  tgui.o [1]
  .rodata                const     0x804'b9e4     0x20  tgui.o [1]
  .rodata                const     0x804'ba04     0x20  tgui.o [1]
  .rodata                const     0x804'ba24     0x20  tgui.o [1]
  .rodata                const     0x804'ba44     0x20  tgui.o [1]
  .rodata                const     0x804'ba64     0x20  tgui.o [1]
  .rodata                const     0x804'ba84     0x20  tgui.o [1]
  .rodata                const     0x804'baa4     0x20  tgui.o [1]
  .rodata                const     0x804'bac4     0x20  tgui.o [1]
  .rodata                const     0x804'bae4     0x20  tgui.o [1]
  .rodata                const     0x804'bb04     0x20  tgui.o [1]
  .rodata                const     0x804'bb24     0x20  tgui.o [1]
  .rodata                const     0x804'bb44     0x20  tgui.o [1]
  .rodata                const     0x804'bb64     0x20  tgui.o [1]
  .rodata                const     0x804'bb84     0x20  tgui.o [1]
  .rodata                const     0x804'bba4     0x20  tgui.o [1]
  .text                  ro code   0x804'bbc4     0x20  system_stm32f4xx.o [1]
  .text                  ro code   0x804'bbe4     0x20  cmain_call_ctors.o [5]
  .text                  ro code   0x804'bc04     0x18  cppinit.o [2]
  .text                  ro code   0x804'bc1c     0x1e  cmain.o [5]
  .text                  ro code   0x804'bc3a      0x4  low_level_init.o [2]
  .text                  ro code   0x804'bc3e      0x4  exit.o [2]
  .text                  ro code   0x804'bc44      0xa  cexit.o [5]
  .rodata                const     0x804'bc50     0x1c  languages.o [1]
  .rodata                const     0x804'bc6c     0x1c  languages.o [1]
  .rodata                const     0x804'bc88     0x1c  languages.o [1]
  .rodata                const     0x804'bca4     0x1c  languages.o [1]
  .rodata                const     0x804'bcc0     0x1c  languages.o [1]
  .rodata                const     0x804'bcdc     0x1c  languages.o [1]
  .rodata                const     0x804'bcf8     0x1c  languages.o [1]
  .rodata                const     0x804'bd14     0x1c  languages.o [1]
  .rodata                const     0x804'bd30     0x1c  languages.o [1]
  .rodata                const     0x804'bd4c     0x1c  languages.o [1]
  .rodata                const     0x804'bd68     0x1c  languages.o [1]
  .rodata                const     0x804'bd84     0x1c  languages.o [1]
  .rodata                const     0x804'bda0     0x1c  languages.o [1]
  .rodata                const     0x804'bdbc     0x1c  languages.o [1]
  .rodata                const     0x804'bdd8     0x1c  languages.o [1]
  .rodata                const     0x804'bdf4     0x1c  languages.o [1]
  .rodata                const     0x804'be10     0x1c  languages.o [1]
  .rodata                const     0x804'be2c     0x1c  languages.o [1]
  .rodata                const     0x804'be48     0x1c  languages.o [1]
  .rodata                const     0x804'be64     0x1c  languages.o [1]
  .rodata                const     0x804'be80     0x1c  main.o [1]
  .rodata                const     0x804'be9c     0x1c  main.o [1]
  .rodata                const     0x804'beb8     0x1c  main.o [1]
  .rodata                const     0x804'bed4     0x1c  main.o [1]
  .rodata                const     0x804'bef0     0x1c  main.o [1]
  .rodata                const     0x804'bf0c     0x1c  tgui.o [1]
  .rodata                const     0x804'bf28     0x1c  tgui.o [1]
  .rodata                const     0x804'bf44     0x1c  tgui.o [1]
  .rodata                const     0x804'bf60     0x1c  tgui.o [1]
  .rodata                const     0x804'bf7c     0x1c  tgui.o [1]
  .rodata                const     0x804'bf98     0x1c  tgui.o [1]
  .rodata                const     0x804'bfb4     0x1c  tgui.o [1]
  .rodata                const     0x804'bfd0     0x1c  tgui.o [1]
  .rodata                const     0x804'bfec     0x1c  tgui.o [1]
  .rodata                const     0x804'c008     0x1c  tgui.o [1]
  .rodata                const     0x804'c024     0x1c  tgui.o [1]
  .rodata                const     0x804'c040     0x1c  tgui.o [1]
  .rodata                const     0x804'c05c     0x1c  tgui.o [1]
  .rodata                const     0x804'c078     0x1c  tgui.o [1]
  .rodata                const     0x804'c094     0x1c  tgui.o [1]
  .rodata                const     0x804'c0b0     0x1c  tgui.o [1]
  .rodata                const     0x804'c0cc     0x1c  tgui.o [1]
  .rodata                const     0x804'c0e8     0x1c  tgui.o [1]
  .rodata                const     0x804'c104     0x1c  tgui.o [1]
  .rodata                const     0x804'c120     0x1c  tgui.o [1]
  .rodata                const     0x804'c13c     0x1c  tgui.o [1]
  .rodata                const     0x804'c158     0x1c  tgui.o [1]
  .rodata                const     0x804'c174     0x1c  tgui.o [1]
  .rodata                const     0x804'c190     0x1c  tgui.o [1]
  .rodata                const     0x804'c1ac     0x1c  tgui.o [1]
  .rodata                const     0x804'c1c8     0x1c  tgui.o [1]
  .rodata                const     0x804'c1e4     0x1c  tgui.o [1]
  .rodata                const     0x804'c200     0x1c  tgui.o [1]
  .rodata                const     0x804'c21c     0x1c  tgui.o [1]
  .rodata                const     0x804'c238     0x1c  tgui.o [1]
  .rodata                const     0x804'c254     0x1c  tgui_calibscreenfuncs.o [1]
  .rodata                const     0x804'c270     0x1c  tgui_filesscreenfuncs.o [1]
  .rodata                const     0x804'c28c     0x1c  tgui_filesscreenfuncs.o [1]
  .rodata                const     0x804'c2a8     0x1c  tgui_fileviewscreenfuncs.o [1]
  .rodata                const     0x804'c2c4     0x1c  tgui_infoscreenfuncs.o [1]
  .text                  ro code   0x804'c2e0     0x1c  tgui_langscreenfuncs.o [1]
  .rodata                const     0x804'c2fc     0x18  config.o [1]
  .rodata                const     0x804'c314     0x18  config.o [1]
  .rodata                const     0x804'c32c     0x18  config.o [1]
  .rodata                const     0x804'c344     0x18  config.o [1]
  .rodata                const     0x804'c35c     0x18  config.o [1]
  .rodata                const     0x804'c374     0x18  config.o [1]
  .rodata                const     0x804'c38c     0x18  config.o [1]
  .rodata                const     0x804'c3a4     0x18  datetime.o [1]
  .rodata                const     0x804'c3bc     0x18  datetime.o [1]
  .rodata                const     0x804'c3d4     0x18  languages.o [1]
  .rodata                const     0x804'c3ec     0x18  languages.o [1]
  .rodata                const     0x804'c404     0x18  languages.o [1]
  .rodata                const     0x804'c41c     0x18  languages.o [1]
  .rodata                const     0x804'c434     0x18  languages.o [1]
  .rodata                const     0x804'c44c     0x18  languages.o [1]
  .rodata                const     0x804'c464     0x18  languages.o [1]
  .rodata                const     0x804'c47c     0x18  main.o [1]
  .rodata                const     0x804'c494     0x18  main.o [1]
  .rodata                const     0x804'c4ac     0x18  main.o [1]
  .rodata                const     0x804'c4c4     0x18  main.o [1]
  .rodata                const     0x804'c4dc     0x18  main.o [1]
  .rodata                const     0x804'c4f4     0x18  main.o [1]
  .rodata                const     0x804'c50c     0x18  main.o [1]
  .rodata                const     0x804'c524     0x18  main.o [1]
  .rodata                const     0x804'c53c     0x18  main.o [1]
  .rodata                const     0x804'c554     0x18  tgui.o [1]
  .rodata                const     0x804'c56c     0x18  tgui.o [1]
  .rodata                const     0x804'c584     0x18  tgui.o [1]
  .rodata                const     0x804'c59c     0x18  tgui.o [1]
  .rodata                const     0x804'c5b4     0x18  tgui.o [1]
  .rodata                const     0x804'c5cc     0x18  tgui.o [1]
  .rodata                const     0x804'c5e4     0x18  tgui_filesscreenfuncs.o [1]
  .rodata                const     0x804'c5fc     0x18  tgui_printscreenfuncs.o [1]
  .rodata                const     0x804'c614     0x18  tgui_printscreenfuncs.o [1]
  .rodata                const     0x804'c62c     0x18  tgui_printscreenfuncs.o [1]
  .rodata                const     0x804'c644     0x18  tgui_uvtestscreenfuncs.o [1]
  .rodata                const     0x804'c65c     0x18  tgui_uvtestscreenfuncs.o [1]
  .rodata                const     0x804'c674     0x18  tgui_uvtestscreenfuncs.o [1]
  .rodata                const     0x804'c68c     0x14  config.o [1]
  .rodata                const     0x804'c6a0     0x14  config.o [1]
  .rodata                const     0x804'c6b4     0x14  config.o [1]
  .rodata                const     0x804'c6c8     0x14  config.o [1]
  .rodata                const     0x804'c6dc     0x14  config.o [1]
  .rodata                const     0x804'c6f0     0x14  config.o [1]
  .rodata                const     0x804'c704     0x14  ff.o [1]
  .rodata                const     0x804'c718     0x14  ff.o [1]
  .rodata                const     0x804'c72c     0x14  languages.o [1]
  .rodata                const     0x804'c740     0x14  languages.o [1]
  .rodata                const     0x804'c754     0x14  languages.o [1]
  .rodata                const     0x804'c768     0x14  languages.o [1]
  .rodata                const     0x804'c77c     0x14  languages.o [1]
  .rodata                const     0x804'c790     0x14  languages.o [1]
  .rodata                const     0x804'c7a4     0x14  languages.o [1]
  .rodata                const     0x804'c7b8     0x14  languages.o [1]
  .rodata                const     0x804'c7cc     0x14  languages.o [1]
  .rodata                const     0x804'c7e0     0x14  languages.o [1]
  .rodata                const     0x804'c7f4     0x14  languages.o [1]
  .rodata                const     0x804'c808     0x14  languages.o [1]
  .rodata                const     0x804'c81c     0x14  languages.o [1]
  .rodata                const     0x804'c830     0x14  languages.o [1]
  .rodata                const     0x804'c844     0x14  languages.o [1]
  .rodata                const     0x804'c858     0x14  languages.o [1]
  .rodata                const     0x804'c86c     0x14  languages.o [1]
  .rodata                const     0x804'c880     0x14  languages.o [1]
  .rodata                const     0x804'c894     0x14  languages.o [1]
  .rodata                const     0x804'c8a8     0x14  main.o [1]
  .rodata                const     0x804'c8bc     0x14  main.o [1]
  .rodata                const     0x804'c8d0     0x14  main.o [1]
  .rodata                const     0x804'c8e4     0x14  main.o [1]
  .rodata                const     0x804'c8f8     0x14  main.o [1]
  .rodata                const     0x804'c90c     0x14  spifl_diskio.o [1]
  .rodata                const     0x804'c920     0x14  tgui.o [1]
  .rodata                const     0x804'c934     0x14  tgui.o [1]
  .rodata                const     0x804'c948     0x14  tgui.o [1]
  .rodata                const     0x804'c95c     0x14  tgui.o [1]
  .rodata                const     0x804'c970     0x14  tgui.o [1]
  .rodata                const     0x804'c984     0x14  tgui.o [1]
  .rodata                const     0x804'c998     0x14  tgui.o [1]
  .rodata                const     0x804'c9ac     0x14  tgui_filesscreenfuncs.o [1]
  .rodata                const     0x804'c9c0     0x14  tgui_infoscreenfuncs.o [1]
  .rodata                const     0x804'c9d4     0x14  tgui_printscreenfuncs.o [1]
  .rodata                const     0x804'c9e8     0x14  usbh_diskio.o [1]
  .rodata                const     0x804'c9fc     0x10  config.o [1]
  .rodata                const     0x804'ca0c     0x10  config.o [1]
  .rodata                const     0x804'ca1c     0x10  config.o [1]
  .rodata                const     0x804'ca2c     0x10  config.o [1]
  .rodata                const     0x804'ca3c     0x10  config.o [1]
  .rodata                const     0x804'ca4c     0x10  config.o [1]
  .rodata                const     0x804'ca5c     0x10  config.o [1]
  .rodata                const     0x804'ca6c     0x10  config.o [1]
  .rodata                const     0x804'ca7c     0x10  ff.o [1]
  .rodata                const     0x804'ca8c     0x10  ff.o [1]
  .rodata                const     0x804'ca9c     0x10  ff.o [1]
  .rodata                const     0x804'caac     0x10  ff.o [1]
  .rodata                const     0x804'cabc     0x10  languages.o [1]
  .rodata                const     0x804'cacc     0x10  languages.o [1]
  .rodata                const     0x804'cadc     0x10  languages.o [1]
  .rodata                const     0x804'caec     0x10  languages.o [1]
  .rodata                const     0x804'cafc     0x10  languages.o [1]
  .rodata                const     0x804'cb0c     0x10  languages.o [1]
  .rodata                const     0x804'cb1c     0x10  languages.o [1]
  .rodata                const     0x804'cb2c     0x10  languages.o [1]
  .rodata                const     0x804'cb3c     0x10  languages.o [1]
  .rodata                const     0x804'cb4c     0x10  languages.o [1]
  .rodata                const     0x804'cb5c     0x10  languages.o [1]
  .rodata                const     0x804'cb6c     0x10  languages.o [1]
  .rodata                const     0x804'cb7c     0x10  languages.o [1]
  .rodata                const     0x804'cb8c     0x10  languages.o [1]
  .rodata                const     0x804'cb9c     0x10  languages.o [1]
  .rodata                const     0x804'cbac     0x10  languages.o [1]
  .rodata                const     0x804'cbbc     0x10  languages.o [1]
  .rodata                const     0x804'cbcc     0x10  languages.o [1]
  .rodata                const     0x804'cbdc     0x10  languages.o [1]
  .rodata                const     0x804'cbec     0x10  languages.o [1]
  .rodata                const     0x804'cbfc     0x10  languages.o [1]
  .rodata                const     0x804'cc0c     0x10  languages.o [1]
  .rodata                const     0x804'cc1c     0x10  languages.o [1]
  .rodata                const     0x804'cc2c     0x10  languages.o [1]
  .rodata                const     0x804'cc3c     0x10  languages.o [1]
  .rodata                const     0x804'cc4c     0x10  main.o [1]
  .rodata                const     0x804'cc5c     0x10  system_stm32f4xx.o [1]
  .rodata                const     0x804'cc6c     0x10  tgui.o [1]
  .rodata                const     0x804'cc7c     0x10  tgui_defaultfuncs.o [1]
  .text                  ro code   0x804'cc8c     0x10  startup_stm32f407xx.o [1]
  .rodata                const     0x804'cc9c      0xc  config.o [1]
  .rodata                const     0x804'cca8      0xc  config.o [1]
  .rodata                const     0x804'ccb4      0xc  config.o [1]
  .rodata                const     0x804'ccc0      0xc  config.o [1]
  .rodata                const     0x804'cccc      0xc  config.o [1]
  .rodata                const     0x804'ccd8      0xc  config.o [1]
  .rodata                const     0x804'cce4      0xc  config.o [1]
  .rodata                const     0x804'ccf0      0xc  config.o [1]
  .rodata                const     0x804'ccfc      0xc  config.o [1]
  .rodata                const     0x804'cd08      0xc  ff.o [1]
  .rodata                const     0x804'cd14      0xc  ff.o [1]
  .rodata                const     0x804'cd20      0xc  files_pws.o [1]
  .rodata                const     0x804'cd2c      0xc  files_pws.o [1]
  .rodata                const     0x804'cd38      0xc  languages.o [1]
  .rodata                const     0x804'cd44      0xc  languages.o [1]
  .rodata                const     0x804'cd50      0xc  languages.o [1]
  .rodata                const     0x804'cd5c      0xc  languages.o [1]
  .rodata                const     0x804'cd68      0xc  languages.o [1]
  .rodata                const     0x804'cd74      0xc  languages.o [1]
  .rodata                const     0x804'cd80      0xc  languages.o [1]
  .rodata                const     0x804'cd8c      0xc  languages.o [1]
  .rodata                const     0x804'cd98      0xc  languages.o [1]
  .rodata                const     0x804'cda4      0xc  languages.o [1]
  .rodata                const     0x804'cdb0      0xc  languages.o [1]
  .rodata                const     0x804'cdbc      0xc  languages.o [1]
  .rodata                const     0x804'cdc8      0xc  languages.o [1]
  .rodata                const     0x804'cdd4      0xc  languages.o [1]
  .rodata                const     0x804'cde0      0xc  languages.o [1]
  .rodata                const     0x804'cdec      0xc  languages.o [1]
  .rodata                const     0x804'cdf8      0xc  languages.o [1]
  .rodata                const     0x804'ce04      0xc  languages.o [1]
  .rodata                const     0x804'ce10      0xc  languages.o [1]
  .rodata                const     0x804'ce1c      0xc  languages.o [1]
  .rodata                const     0x804'ce28      0xc  languages.o [1]
  .rodata                const     0x804'ce34      0xc  languages.o [1]
  .rodata                const     0x804'ce40      0xc  languages.o [1]
  .rodata                const     0x804'ce4c      0xc  languages.o [1]
  .rodata                const     0x804'ce58      0xc  languages.o [1]
  .rodata                const     0x804'ce64      0xc  languages.o [1]
  .rodata                const     0x804'ce70      0xc  languages.o [1]
  .rodata                const     0x804'ce7c      0xc  languages.o [1]
  .rodata                const     0x804'ce88      0xc  languages.o [1]
  .rodata                const     0x804'ce94      0xc  languages.o [1]
  .rodata                const     0x804'cea0      0xc  languages.o [1]
  .rodata                const     0x804'ceac      0xc  languages.o [1]
  .rodata                const     0x804'ceb8      0xc  languages.o [1]
  .rodata                const     0x804'cec4      0xc  languages.o [1]
  .rodata                const     0x804'ced0      0xc  languages.o [1]
  .rodata                const     0x804'cedc      0xc  languages.o [1]
  .rodata                const     0x804'cee8      0xc  languages.o [1]
  .rodata                const     0x804'cef4      0xc  languages.o [1]
  .rodata                const     0x804'cf00      0xc  languages.o [1]
  .rodata                const     0x804'cf0c      0xc  languages.o [1]
  .rodata                const     0x804'cf18      0xc  main.o [1]
  .rodata                const     0x804'cf24      0xc  main.o [1]
  .rodata                const     0x804'cf30      0xc  main.o [1]
  .rodata                const     0x804'cf3c      0xc  tgui_clocksetscreenfuncs.o [1]
  .rodata                const     0x804'cf48      0xc  tgui_fileviewscreenfuncs.o [1]
  .rodata                const     0x804'cf54      0xc  tgui_fileviewscreenfuncs.o [1]
  .rodata                const     0x804'cf60      0xc  tgui_fileviewscreenfuncs.o [1]
  .rodata                const     0x804'cf6c      0xc  tgui_fileviewscreenfuncs.o [1]
  .rodata                const     0x804'cf78      0xc  tgui_screensaverfuncs.o [1]
  .rodata                const     0x804'cf84      0xc  tgui_screensaverfuncs.o [1]
  .text                  ro code   0x804'cf90      0xc  cstartup_M.o [5]
  .rodata                const     0x804'cf9c      0x8  config.o [1]
  .rodata                const     0x804'cfa4      0x8  config.o [1]
  .rodata                const     0x804'cfac      0x8  ff.o [1]
  .rodata                const     0x804'cfb4      0x8  ff.o [1]
  .rodata                const     0x804'cfbc      0x8  files_pws.o [1]
  .rodata                const     0x804'cfc4      0x8  files_pws.o [1]
  .rodata                const     0x804'cfcc      0x8  languages.o [1]
  .rodata                const     0x804'cfd4      0x8  languages.o [1]
  .rodata                const     0x804'cfdc      0x8  languages.o [1]
  .rodata                const     0x804'cfe4      0x8  languages.o [1]
  .rodata                const     0x804'cfec      0x8  languages.o [1]
  .rodata                const     0x804'cff4      0x8  languages.o [1]
  .rodata                const     0x804'cffc      0x8  languages.o [1]
  .rodata                const     0x804'd004      0x8  languages.o [1]
  .rodata                const     0x804'd00c      0x8  languages.o [1]
  .rodata                const     0x804'd014      0x8  languages.o [1]
  .rodata                const     0x804'd01c      0x8  languages.o [1]
  .rodata                const     0x804'd024      0x8  languages.o [1]
  .rodata                const     0x804'd02c      0x8  languages.o [1]
  .rodata                const     0x804'd034      0x8  languages.o [1]
  .rodata                const     0x804'd03c      0x8  languages.o [1]
  .rodata                const     0x804'd044      0x8  languages.o [1]
  .rodata                const     0x804'd04c      0x8  languages.o [1]
  .rodata                const     0x804'd054      0x8  languages.o [1]
  .rodata                const     0x804'd05c      0x8  languages.o [1]
  .rodata                const     0x804'd064      0x8  languages.o [1]
  .rodata                const     0x804'd06c      0x8  languages.o [1]
  .rodata                const     0x804'd074      0x8  languages.o [1]
  .rodata                const     0x804'd07c      0x8  languages.o [1]
  .rodata                const     0x804'd084      0x8  languages.o [1]
  .rodata                const     0x804'd08c      0x8  languages.o [1]
  .rodata                const     0x804'd094      0x8  languages.o [1]
  .rodata                const     0x804'd09c      0x8  languages.o [1]
  .rodata                const     0x804'd0a4      0x8  languages.o [1]
  .rodata                const     0x804'd0ac      0x8  languages.o [1]
  .rodata                const     0x804'd0b4      0x8  languages.o [1]
  .rodata                const     0x804'd0bc      0x8  languages.o [1]
  .rodata                const     0x804'd0c4      0x8  languages.o [1]
  .rodata                const     0x804'd0cc      0x8  languages.o [1]
  .rodata                const     0x804'd0d4      0x8  languages.o [1]
  .rodata                const     0x804'd0dc      0x8  languages.o [1]
  .rodata                const     0x804'd0e4      0x8  languages.o [1]
  .rodata                const     0x804'd0ec      0x8  languages.o [1]
  .rodata                const     0x804'd0f4      0x8  languages.o [1]
  .rodata                const     0x804'd0fc      0x8  languages.o [1]
  .rodata                const     0x804'd104      0x8  languages.o [1]
  .rodata                const     0x804'd10c      0x8  languages.o [1]
  .rodata                const     0x804'd114      0x8  languages.o [1]
  .rodata                const     0x804'd11c      0x8  languages.o [1]
  .rodata                const     0x804'd124      0x8  languages.o [1]
  .rodata                const     0x804'd12c      0x8  languages.o [1]
  .rodata                const     0x804'd134      0x8  languages.o [1]
  .rodata                const     0x804'd13c      0x8  languages.o [1]
  .rodata                const     0x804'd144      0x8  languages.o [1]
  .rodata                const     0x804'd14c      0x8  languages.o [1]
  .rodata                const     0x804'd154      0x8  languages.o [1]
  .rodata                const     0x804'd15c      0x8  languages.o [1]
  .rodata                const     0x804'd164      0x8  languages.o [1]
  .rodata                const     0x804'd16c      0x8  languages.o [1]
  .rodata                const     0x804'd174      0x8  languages.o [1]
  .rodata                const     0x804'd17c      0x8  languages.o [1]
  .rodata                const     0x804'd184      0x8  languages.o [1]
  .rodata                const     0x804'd18c      0x8  languages.o [1]
  .rodata                const     0x804'd194      0x8  languages.o [1]
  .rodata                const     0x804'd19c      0x8  languages.o [1]
  .rodata                const     0x804'd1a4      0x8  languages.o [1]
  .rodata                const     0x804'd1ac      0x8  main.o [1]
  .rodata                const     0x804'd1b4      0x8  main.o [1]
  .rodata                const     0x804'd1bc      0x8  main.o [1]
  .rodata                const     0x804'd1c4      0x8  main.o [1]
  .rodata                const     0x804'd1cc      0x8  stm32f4xx_hal_dma.o [1]
  .rodata                const     0x804'd1d4      0x8  system_stm32f4xx.o [1]
  .rodata                const     0x804'd1dc      0x8  tgui.o [1]
  .rodata                const     0x804'd1e4      0x8  tgui.o [1]
  .rodata                const     0x804'd1ec      0x8  tgui.o [1]
  .rodata                const     0x804'd1f4      0x8  tgui.o [1]
  .rodata                const     0x804'd1fc      0x8  tgui.o [1]
  .rodata                const     0x804'd204      0x8  tgui.o [1]
  .rodata                const     0x804'd20c      0x8  tgui.o [1]
  .rodata                const     0x804'd214      0x8  tgui.o [1]
  .rodata                const     0x804'd21c      0x8  tgui.o [1]
  .rodata                const     0x804'd224      0x8  tgui.o [1]
  .rodata                const     0x804'd22c      0x8  tgui.o [1]
  .rodata                const     0x804'd234      0x8  tgui.o [1]
  .rodata                const     0x804'd23c      0x8  tgui.o [1]
  .rodata                const     0x804'd244      0x8  tgui.o [1]
  .rodata                const     0x804'd24c      0x8  tgui.o [1]
  .rodata                const     0x804'd254      0x8  tgui.o [1]
  .rodata                const     0x804'd25c      0x8  tgui.o [1]
  .rodata                const     0x804'd264      0x8  tgui.o [1]
  .rodata                const     0x804'd26c      0x8  tgui.o [1]
  .rodata                const     0x804'd274      0x8  tgui.o [1]
  .rodata                const     0x804'd27c      0x8  tgui.o [1]
  .rodata                const     0x804'd284      0x8  tgui.o [1]
  .rodata                const     0x804'd28c      0x8  tgui.o [1]
  .rodata                const     0x804'd294      0x8  tgui.o [1]
  .rodata                const     0x804'd29c      0x8  tgui.o [1]
  .rodata                const     0x804'd2a4      0x8  tgui.o [1]
  .rodata                const     0x804'd2ac      0x8  tgui.o [1]
  .rodata                const     0x804'd2b4      0x8  tgui.o [1]
  .rodata                const     0x804'd2bc      0x8  tgui.o [1]
  .rodata                const     0x804'd2c4      0x8  tgui.o [1]
  .rodata                const     0x804'd2cc      0x8  tgui.o [1]
  .rodata                const     0x804'd2d4      0x8  tgui.o [1]
  .rodata                const     0x804'd2dc      0x8  tgui.o [1]
  .rodata                const     0x804'd2e4      0x8  tgui.o [1]
  .rodata                const     0x804'd2ec      0x8  tgui.o [1]
  .rodata                const     0x804'd2f4      0x8  tgui.o [1]
  .rodata                const     0x804'd2fc      0x8  tgui.o [1]
  .rodata                const     0x804'd304      0x8  tgui.o [1]
  .rodata                const     0x804'd30c      0x8  tgui.o [1]
  .rodata                const     0x804'd314      0x8  tgui.o [1]
  .rodata                const     0x804'd31c      0x8  tgui.o [1]
  .rodata                const     0x804'd324      0x8  tgui.o [1]
  .rodata                const     0x804'd32c      0x8  tgui.o [1]
  .rodata                const     0x804'd334      0x8  tgui.o [1]
  .rodata                const     0x804'd33c      0x8  tgui.o [1]
  .rodata                const     0x804'd344      0x8  tgui.o [1]
  .rodata                const     0x804'd34c      0x8  tgui.o [1]
  .rodata                const     0x804'd354      0x8  tgui.o [1]
  .rodata                const     0x804'd35c      0x8  tgui.o [1]
  .rodata                const     0x804'd364      0x8  tgui.o [1]
  .rodata                const     0x804'd36c      0x8  tgui.o [1]
  .rodata                const     0x804'd374      0x8  tgui.o [1]
  .rodata                const     0x804'd37c      0x8  tgui.o [1]
  .rodata                const     0x804'd384      0x8  tgui.o [1]
  .rodata                const     0x804'd38c      0x8  tgui.o [1]
  .rodata                const     0x804'd394      0x8  tgui.o [1]
  .rodata                const     0x804'd39c      0x8  tgui.o [1]
  .rodata                const     0x804'd3a4      0x8  tgui.o [1]
  .rodata                const     0x804'd3ac      0x8  tgui.o [1]
  .rodata                const     0x804'd3b4      0x8  tgui.o [1]
  .rodata                const     0x804'd3bc      0x8  tgui.o [1]
  .rodata                const     0x804'd3c4      0x8  tgui.o [1]
  .rodata                const     0x804'd3cc      0x8  tgui.o [1]
  .rodata                const     0x804'd3d4      0x8  tgui.o [1]
  .rodata                const     0x804'd3dc      0x8  tgui.o [1]
  .rodata                const     0x804'd3e4      0x8  tgui.o [1]
  .rodata                const     0x804'd3ec      0x8  tgui.o [1]
  .rodata                const     0x804'd3f4      0x8  tgui.o [1]
  .rodata                const     0x804'd3fc      0x8  tgui.o [1]
  .rodata                const     0x804'd404      0x8  tgui.o [1]
  .rodata                const     0x804'd40c      0x8  tgui.o [1]
  .rodata                const     0x804'd414      0x8  tgui.o [1]
  .rodata                const     0x804'd41c      0x8  tgui.o [1]
  .rodata                const     0x804'd424      0x8  tgui.o [1]
  .rodata                const     0x804'd42c      0x8  tgui.o [1]
  .rodata                const     0x804'd434      0x8  tgui.o [1]
  .rodata                const     0x804'd43c      0x8  tgui.o [1]
  .rodata                const     0x804'd444      0x8  tgui.o [1]
  .rodata                const     0x804'd44c      0x8  tgui.o [1]
  .rodata                const     0x804'd454      0x8  tgui.o [1]
  .rodata                const     0x804'd45c      0x8  tgui.o [1]
  .rodata                const     0x804'd464      0x8  tgui.o [1]
  .rodata                const     0x804'd46c      0x8  tgui.o [1]
  .rodata                const     0x804'd474      0x8  tgui.o [1]
  .rodata                const     0x804'd47c      0x8  tgui.o [1]
  .rodata                const     0x804'd484      0x8  tgui.o [1]
  .rodata                const     0x804'd48c      0x8  tgui.o [1]
  .rodata                const     0x804'd494      0x8  tgui.o [1]
  .rodata                const     0x804'd49c      0x8  tgui.o [1]
  .rodata                const     0x804'd4a4      0x8  tgui.o [1]
  .rodata                const     0x804'd4ac      0x8  tgui.o [1]
  .rodata                const     0x804'd4b4      0x8  tgui.o [1]
  .rodata                const     0x804'd4bc      0x8  tgui.o [1]
  .rodata                const     0x804'd4c4      0x8  tgui.o [1]
  .rodata                const     0x804'd4cc      0x8  tgui.o [1]
  .rodata                const     0x804'd4d4      0x8  tgui.o [1]
  .rodata                const     0x804'd4dc      0x8  tgui.o [1]
  .rodata                const     0x804'd4e4      0x8  tgui.o [1]
  .rodata                const     0x804'd4ec      0x8  tgui.o [1]
  .rodata                const     0x804'd4f4      0x8  tgui.o [1]
  .rodata                const     0x804'd4fc      0x8  tgui.o [1]
  .rodata                const     0x804'd504      0x8  tgui.o [1]
  .rodata                const     0x804'd50c      0x8  tgui.o [1]
  .rodata                const     0x804'd514      0x8  tgui.o [1]
  .rodata                const     0x804'd51c      0x8  tgui.o [1]
  .rodata                const     0x804'd524      0x8  tgui.o [1]
  .rodata                const     0x804'd52c      0x8  tgui.o [1]
  .rodata                const     0x804'd534      0x8  tgui.o [1]
  .rodata                const     0x804'd53c      0x8  tgui.o [1]
  .rodata                const     0x804'd544      0x8  tgui.o [1]
  .rodata                const     0x804'd54c      0x8  tgui.o [1]
  .rodata                const     0x804'd554      0x8  tgui.o [1]
  .rodata                const     0x804'd55c      0x8  tgui.o [1]
  .rodata                const     0x804'd564      0x8  tgui.o [1]
  .rodata                const     0x804'd56c      0x8  tgui.o [1]
  .rodata                const     0x804'd574      0x8  tgui_clocksetscreenfuncs.o [1]
  .rodata                const     0x804'd57c      0x8  tgui_filesscreenfuncs.o [1]
  .rodata                const     0x804'd584      0x8  tgui_filesscreenfuncs.o [1]
  .rodata                const     0x804'd58c      0x8  tgui_filesscreenfuncs.o [1]
  .rodata                const     0x804'd594      0x8  tgui_filesscreenfuncs.o [1]
  .rodata                const     0x804'd59c      0x8  tgui_infoscreenfuncs.o [1]
  .rodata                const     0x804'd5a4      0x8  tgui_numenterscreenfuncs.o [1]
  .rodata                const     0x804'd5ac      0x8  tgui_printscreenfuncs.o [1]
  .rodata                const     0x804'd5b4      0x8  tgui_prnparamsextscreenfuncs.o [1]
  .rodata                const     0x804'd5bc      0x8  tim.o [1]
  .rodata                const     0x804'd5c4      0x6  xlocale_c.o [2]
  .rodata                const     0x804'd5cc      0x4  languages.o [1]
  .rodata                const     0x804'd5d0      0x4  languages.o [1]
  .rodata                const     0x804'd5d4      0x4  languages.o [1]
  .rodata                const     0x804'd5d8      0x4  languages.o [1]
  .rodata                const     0x804'd5dc      0x4  languages.o [1]
  .rodata                const     0x804'd5e0      0x4  languages.o [1]
  .rodata                const     0x804'd5e4      0x4  languages.o [1]
  .rodata                const     0x804'd5e8      0x4  languages.o [1]
  .rodata                const     0x804'd5ec      0x4  languages.o [1]
  .rodata                const     0x804'd5f0      0x4  languages.o [1]
  .rodata                const     0x804'd5f4      0x4  languages.o [1]
  .rodata                const     0x804'd5f8      0x4  languages.o [1]
  .rodata                const     0x804'd5fc      0x4  languages.o [1]
  .rodata                const     0x804'd600      0x4  languages.o [1]
  .rodata                const     0x804'd604      0x4  languages.o [1]
  .rodata                const     0x804'd608      0x4  languages.o [1]
  .rodata                const     0x804'd60c      0x4  languages.o [1]
  .rodata                const     0x804'd610      0x4  languages.o [1]
  .rodata                const     0x804'd614      0x4  languages.o [1]
  .rodata                const     0x804'd618      0x4  languages.o [1]
  .rodata                const     0x804'd61c      0x4  languages.o [1]
  .rodata                const     0x804'd620      0x4  languages.o [1]
  .rodata                const     0x804'd624      0x4  languages.o [1]
  .rodata                const     0x804'd628      0x4  languages.o [1]
  .rodata                const     0x804'd62c      0x4  languages.o [1]
  .rodata                const     0x804'd630      0x4  languages.o [1]
  .rodata                const     0x804'd634      0x4  languages.o [1]
  .rodata                const     0x804'd638      0x4  languages.o [1]
  .rodata                const     0x804'd63c      0x4  languages.o [1]
  .rodata                const     0x804'd640      0x4  languages.o [1]
  .rodata                const     0x804'd644      0x4  languages.o [1]
  .rodata                const     0x804'd648      0x4  languages.o [1]
  .rodata                const     0x804'd64c      0x4  languages.o [1]
  .rodata                const     0x804'd650      0x4  languages.o [1]
  .rodata                const     0x804'd654      0x4  languages.o [1]
  .rodata                const     0x804'd658      0x4  languages.o [1]
  .rodata                const     0x804'd65c      0x4  languages.o [1]
  .rodata                const     0x804'd660      0x4  languages.o [1]
  .rodata                const     0x804'd664      0x4  languages.o [1]
  .rodata                const     0x804'd668      0x4  languages.o [1]
  .rodata                const     0x804'd66c      0x4  languages.o [1]
  .rodata                const     0x804'd670      0x4  printing.o [1]
  .rodata                const     0x804'd674      0x4  rtc.o [1]
  .rodata                const     0x804'd678      0x4  usbh_msc.o [1]
  .text                  ro code   0x804'd67c      0x4  startup_stm32f407xx.o [1]
  SHT$$PREINIT_ARRAY               0x804'd680      0x0  <Block>
  SHT$$INIT_ARRAY                  0x804'd680      0x4  <Block>
    .init_array          const     0x804'd680      0x4  z_planner.o [1]
  __iar_tls$$INIT_ARRAY            0x804'd684      0x0  <Block>
  .rodata                const     0x804'd684      0x0  zero_init3.o [5]
  .rodata                const     0x804'd684      0x0  lz77_init_single.o [5]
  Initializer bytes      const     0x804'd684     0xff  <for P2-1>
                                 - 0x804'd783  0x3d5fb

"P3", part 1 of 2:                              0x1cc0
  CCMRAM                 zero     0x1000'0000   0x1cc0  printing.o [1]
                                - 0x1000'1cc0   0x1cc0

"P3", part 2 of 2:                              0x5428
  CCMRAM                 uninit   0x1000'1cc0   0x4000  main.o [1]
  CCMRAM                 uninit   0x1000'5cc0   0x1028  main.o [1]
  CCMRAM                 uninit   0x1000'6ce8    0x400  tgui.o [1]
                                - 0x1000'70e8   0x5428

"P2", part 1 of 3:                               0x33f
  P2-1                            0x2000'0000    0x33f  <Init block>
    .data                inited   0x2000'0000      0xc  fnt12.o [1]
    .data                inited   0x2000'000c      0xc  fnt12bold.o [1]
    .data                inited   0x2000'0018      0xc  fnt170num_lcd.o [1]
    .data                inited   0x2000'0024      0xc  fnt18.o [1]
    .data                inited   0x2000'0030      0xc  fnt18bold.o [1]
    .data                inited   0x2000'003c      0xc  fnt24.o [1]
    .data                inited   0x2000'0048      0xc  fnt24bold.o [1]
    .data                inited   0x2000'0054      0xc  fnt36.o [1]
    .data                inited   0x2000'0060      0xc  fnt36num.o [1]
    .data                inited   0x2000'006c     0x10  languages.o [1]
    .data                inited   0x2000'007c      0x4  languages.o [1]
    .data                inited   0x2000'0080      0x4  lcd_ui.o [1]
    .data                inited   0x2000'0084      0x4  stm32f4xx_hal.o [1]
    .data                inited   0x2000'0088      0x4  system_stm32f4xx.o [1]
    .data                inited   0x2000'008c    0x200  tgui_filesscreenfuncs.o [1]
    .data                inited   0x2000'028c      0x4  tgui_movezscreenfuncs.o [1]
    .data                inited   0x2000'0290     0x20  usbh_msc.o [1]
    .data                inited   0x2000'02b0      0x4  z_stepper.o [1]
    .data                inited   0x2000'02b4     0x38  xlocale_c.o [2]
    .data                inited   0x2000'02ec     0x48  xlocale_c.o [2]
    .data                inited   0x2000'0334      0x2  lcd_ui.o [1]
    .data                inited   0x2000'0336      0x2  lcd_ui.o [1]
    .data                inited   0x2000'0338      0x2  lcd_ui.o [1]
    .data                inited   0x2000'033a      0x1  lcd_ui.o [1]
    .data                inited   0x2000'033b      0x1  stm32f4xx_hal.o [1]
    .data                inited   0x2000'033c      0x1  tgui_defaultfuncs.o [1]
    .data                inited   0x2000'033d      0x1  tgui_filesscreenfuncs.o [1]
    .data                inited   0x2000'033e      0x1  z_endstops.o [1]
                                - 0x2000'033f    0x33f

"P2", part 2 of 3:                              0xa348
  .bss                   zero     0x2000'0340   0x1038  fatfs.o [1]
  .bss                   zero     0x2000'1378   0x1038  fatfs.o [1]
  .bss                   zero     0x2000'23b0    0x830  tgui_filesscreenfuncs.o [1]
  .bss                   zero     0x2000'2be0    0x600  uvdisplay.o [1]
  .bss                   zero     0x2000'31e0    0x5d8  tgui.o [1]
  .bss                   zero     0x2000'37b8    0x5d8  tgui.o [1]
  .bss                   zero     0x2000'3d90    0x5d8  tgui.o [1]
  .bss                   zero     0x2000'4368    0x4d0  tgui.o [1]
  .bss                   zero     0x2000'4838    0x4d0  tgui.o [1]
  .bss                   zero     0x2000'4d08    0x478  tgui.o [1]
  .bss                   zero     0x2000'5180    0x400  config.o [1]
  .bss                   zero     0x2000'5580    0x400  main.o [1]
  .bss                   zero     0x2000'5980    0x400  main.o [1]
  .bss                   zero     0x2000'5d80    0x400  main.o [1]
  .bss                   zero     0x2000'6180    0x400  tgui_fileviewscreenfuncs.o [1]
  .bss                   zero     0x2000'6580    0x400  z_planner.o [1]
  .bss                   zero     0x2000'6980    0x3d8  usb_host.o [1]
  .bss                   zero     0x2000'6d58    0x3c8  tgui.o [1]
  .bss                   zero     0x2000'7120    0x370  tgui.o [1]
  .bss                   zero     0x2000'7490    0x370  tgui.o [1]
  .bss                   zero     0x2000'7800    0x350  tgui.o [1]
  .bss                   zero     0x2000'7b50    0x2c4  usbh_conf.o [1]
  .bss                   zero     0x2000'7e14    0x2c0  tgui.o [1]
  .bss                   zero     0x2000'80d4    0x268  tgui.o [1]
  .bss                   zero     0x2000'833c    0x224  main.o [1]
  .bss                   zero     0x2000'8560    0x210  tgui.o [1]
  .bss                   zero     0x2000'8770    0x210  tgui.o [1]
  .bss                   zero     0x2000'8980    0x200  config.o [1]
[...]
f_getfree                0x802'169f   0x100  Code  Gb  ff.o [1]
f_lseek                  0x802'13a9   0x1aa  Code  Gb  ff.o [1]
f_mkdir                  0x802'1875   0x132  Code  Gb  ff.o [1]
f_mkfs                   0x802'1c91   0x692  Code  Gb  ff.o [1]
f_mkfs::cst              0x804'ca8c    0x10  Data  Lc  ff.o [1]
f_mkfs::cst32            0x804'ca9c    0x10  Data  Lc  ff.o [1]
f_mkfs::defopt           0x804'caac    0x10  Data  Lc  ff.o [1]
f_mount                  0x802'0c6b    0x54  Code  Gb  ff.o [1]
f_open                   0x802'0ce1   0x21a  Code  Gb  ff.o [1]
f_opendir                0x802'1553    0x88  Code  Gb  ff.o [1]
f_read                   0x802'0efb   0x1cc  Code  Gb  ff.o [1]
f_readdir                0x802'15f7    0x5c  Code  Gb  ff.o [1]
f_rename                 0x802'19a7   0x142  Code  Gb  ff.o [1]
f_stat                   0x802'1653    0x4c  Code  Gb  ff.o [1]
f_sync                   0x802'12df    0xa0  Code  Gb  ff.o [1]
f_unlink                 0x802'179f    0xd6  Code  Gb  ff.o [1]
f_write                  0x802'10c7   0x218  Code  Gb  ff.o [1]
fbuff                   0x1000'1cc0  0x4000  Data  Gb  main.o [1]
ff_oem2uni               0x802'4667    0x3a  Code  Gb  ffunicode.o [1]
ff_uni2oem               0x802'4621    0x46  Code  Gb  ffunicode.o [1]
ff_wtoupper              0x802'46a1    0xb6  Code  Gb  ffunicode.o [1]
ff_wtoupper::cvt1        0x804'8b94   0x1f4  Data  Lc  ffunicode.o [1]
ff_wtoupper::cvt2        0x804'9a80    0xbc  Data  Lc  ffunicode.o [1]
filedate                0x2000'a64e     0x2  Data  Gb  tgui_fileviewscreenfuncs.o [1]
files                   0x2000'23b0   0x830  Data  Gb  tgui_filesscreenfuncs.o [1]
filesize                0x2000'a5cc     0x4  Data  Gb  tgui_fileviewscreenfuncs.o [1]
filetime                0x2000'a650     0x2  Data  Gb  tgui_fileviewscreenfuncs.o [1]
find_volume              0x802'0955    0x6c  Code  Lc  ff.o [1]
finfo                   0x2000'833c   0x224  Data  Gb  main.o [1]
floorf                   0x803'21e9          Code  Gb  floorf.o [4]
fnt12_data               0x804'5fec   0x6b4  Data  Gb  fnt12.o [1]
fnt12_width              0x804'8ecc   0x140  Data  Gb  fnt12.o [1]
fnt12bold_data           0x804'5134   0x788  Data  Gb  fnt12bold.o [1]
fnt12bold_width          0x804'900c   0x140  Data  Gb  fnt12bold.o [1]
fnt170num_lcd_data       0x801'0188  0x66f0  Data  Gb  fnt170num_lcd.o [1]
fnt170num_lcd_width      0x804'a7d0    0x38  Data  Gb  fnt170num_lcd.o [1]
fnt18_data               0x804'059c   0xea4  Data  Gb  fnt18.o [1]
fnt18_width              0x804'914c   0x140  Data  Gb  fnt18.o [1]
fnt18bold_data           0x803'd9b4  0x10c8  Data  Gb  fnt18bold.o [1]
fnt18bold_width          0x804'928c   0x140  Data  Gb  fnt18bold.o [1]
fnt24_data               0x803'aa8c  0x1a1c  Data  Gb  fnt24.o [1]
fnt24_width              0x804'93cc   0x140  Data  Gb  fnt24.o [1]
fnt24bold_data           0x803'89f8  0x2094  Data  Gb  fnt24bold.o [1]
fnt24bold_width          0x804'950c   0x140  Data  Gb  fnt24bold.o [1]
fnt36_data               0x803'4e64  0x3b94  Data  Gb  fnt36.o [1]
fnt36_width              0x804'964c   0x140  Data  Gb  fnt36.o [1]
fnt36num_data            0x804'66a0   0x684  Data  Gb  fnt36num.o [1]
fnt36num_width           0x804'a808    0x38  Data  Gb  fnt36num.o [1]
follow_path              0x802'07f1    0x9a  Code  Lc  ff.o [1]
font_fnt12              0x2000'0000     0xc  Data  Gb  fnt12.o [1]
font_fnt12bold          0x2000'000c     0xc  Data  Gb  fnt12bold.o [1]
font_fnt170num_lcd      0x2000'0018     0xc  Data  Gb  fnt170num_lcd.o [1]
font_fnt18              0x2000'0024     0xc  Data  Gb  fnt18.o [1]
font_fnt18bold          0x2000'0030     0xc  Data  Gb  fnt18bold.o [1]
font_fnt24              0x2000'003c     0xc  Data  Gb  fnt24.o [1]
font_fnt24bold          0x2000'0048     0xc  Data  Gb  fnt24bold.o [1]
font_fnt36              0x2000'0054     0xc  Data  Gb  fnt36.o [1]
font_fnt36num           0x2000'0060     0xc  Data  Gb  fnt36num.o [1]
fphoton_header          0x2000'9a0c    0x70  Data  Gb  files_photon.o [1]
fphoton_info            0x2000'9fc0    0x3c  Data  Gb  files_photon.o [1]
fphoton_preview_big     0x2000'a3e0    0x20  Data  Gb  files_photon.o [1]
fphoton_preview_small   0x2000'a400    0x20  Data  Gb  files_photon.o [1]
fpws_header             0x2000'a030    0x30  Data  Gb  files_pws.o [1]
fpws_info               0x2000'9e10    0x54  Data  Gb  files_pws.o [1]
fpws_layersdata         0x2000'a4f0    0x14  Data  Gb  files_pws.o [1]
fpws_preview            0x2000'a4bc    0x1c  Data  Gb  files_pws.o [1]
free                     0x804'4d45     0x4  Code  Gb  heaptramp0.o [2]
fres                    0x2000'a661     0x1  Data  Gb  main.o [1]
fv_dirname              0x2000'975c   0x100  Data  Gb  tgui_fileviewscreenfuncs.o [1]
fv_filename             0x2000'965c   0x100  Data  Gb  tgui_fileviewscreenfuncs.o [1]
fv_filetype             0x2000'a66a     0x1  Data  Gb  tgui_fileviewscreenfuncs.o [1]
fv_tfilename            0x2000'6180   0x400  Data  Gb  tgui_fileviewscreenfuncs.o [1]
gen_numname              0x801'fef5    0xa2  Code  Lc  ff.o [1]
get_fat                  0x801'f659   0x10a  Code  Lc  ff.o [1]
get_fattime              0x802'4781    0x50  Code  Gb  fatfs.o [1]
get_fileinfo             0x802'039b   0x1c8  Code  Lc  ff.o [1]
get_ldnumber             0x802'088b    0x4e  Code  Lc  ff.o [1]
hExtI2C                 0x2000'9dbc    0x54  Data  Gb  ext_i2c.o [1]
hFlashSpi               0x2000'998c    0x80  Data  Gb  fst_spi.o [1]
hFlashSpiDmaRx          0x2000'9b9c    0x60  Data  Gb  fst_spi.o [1]
hFlashSpiDmaTx          0x2000'9bfc    0x60  Data  Gb  fst_spi.o [1]
hI2C                    0x2000'9d68    0x54  Data  Gb  eeprom.o [1]
hLcdDma                 0x2000'9c5c    0x60  Data  Gb  lcd_low.o [1]
hRTC                    0x2000'a440    0x20  Data  Gb  rtc.o [1]
hStepperTim             0x2000'9f40    0x40  Data  Gb  tim.o [1]
hTouchSpi               0x2000'990c    0x80  Data  Gb  fst_spi.o [1]
hTouchSpiDmaRx          0x2000'9a7c    0x60  Data  Gb  fst_spi.o [1]
hTouchSpiDmaTx          0x2000'9adc    0x60  Data  Gb  fst_spi.o [1]
hUsbHost                0x2000'6980   0x3d8  Data  Gb  usb_host.o [1]
hZRefTim                0x2000'9f80    0x40  Data  Gb  tim.o [1]
hhcd_USB_OTG_FS         0x2000'7b50   0x2c4  Data  Gb  usbh_conf.o [1]
hsram1                  0x2000'9e64    0x50  Data  Gb  fsmc.o [1]
i2c_timer               0x2000'a655     0x1  Data  Gb  eeprom.o [1]
idle()                   0x802'acd1     0xa  Code  Gb  motor.o [1]
idle()::idlecount       0x2000'a58c     0x4  Data  Lc  motor.o [1]
init_mparams             0x803'c4c3    0x32  Code  Lc  dlmalloc.o [2]
init_top                 0x803'c4f5    0x36  Code  Lc  dlmalloc.o [2]
inited                  0x2000'a663     0x1  Data  Gb  prtfiles.o [1]
isalpha                  0x803'448d    0x14  Code  Gb  isalpha.o [2]
isspace                  0x803'2085    0x14  Code  Gb  isspace.o [2]
l_info                  0x2000'a420    0x20  Data  Gb  printing.o [1]
lastfilenum             0x2000'033d     0x1  Data  Gb  tgui_filesscreenfuncs.o [1]
lcdui_bgcolor           0x2000'a64c     0x2  Data  Gb  lcd_ui.o [1]
lcdui_color             0x2000'0338     0x2  Data  Gb  lcd_ui.o [1]
lcdui_current_font      0x2000'0080     0x4  Data  Gb  lcd_ui.o [1]
lcdui_current_font_type
                        0x2000'033a     0x1  Data  Gb  lcd_ui.o [1]
lcdui_cursor_x          0x2000'a648     0x2  Data  Gb  lcd_ui.o [1]
lcdui_cursor_y          0x2000'a64a     0x2  Data  Gb  lcd_ui.o [1]
lcdui_height            0x2000'0336     0x2  Data  Gb  lcd_ui.o [1]
lcdui_width             0x2000'0334     0x2  Data  Gb  lcd_ui.o [1]
ld_clust                 0x801'fce9    0x26  Code  Lc  ff.o [1]
ld_dword                 0x801'f3d1    0x16  Code  Lc  ff.o [1]
ld_word                  0x801'f3c5     0xc  Code  Lc  ff.o [1]
ldata_length            0x2000'a598     0x4  Data  Gb  printing.o [1]
ldata_offset_begin      0x2000'a590     0x4  Data  Gb  printing.o [1]
ldata_offset_current    0x2000'a594     0x4  Data  Gb  printing.o [1]
ldexp                    0x802'5499          Code  Gb  ldexp.o [4]
ldexpl                   0x802'5499          Code  Gb  ldexp.o [4]
lmos                     0x804'c3a4    0x18  Data  Lc  datetime.o [1]
lngCurrent              0x2000'007c     0x4  Data  Gb  languages.o [1]
lngLanguages            0x2000'006c    0x10  Data  Gb  languages.o [1]
localeconv               0x802'4eeb     0x4  Code  Gb  xlocale_c.o [2]
lroundf                  0x803'237d          Code  Gb  lroundf.o [4]
main                     0x802'5a09  0x2148  Code  Gb  main.o [1]
mem_cmp                  0x801'f42d    0x1e  Code  Lc  ff.o [1]
mem_cpy                  0x801'f40d    0x14  Code  Lc  ff.o [1]
mem_set                  0x801'f421     0xc  Code  Lc  ff.o [1]
memchr                   0x802'4f91          Code  Gb  memchr.o [5]
mos                      0x804'c3bc    0x18  Data  Lc  datetime.o [1]
mount_volume             0x802'09c1   0x262  Code  Lc  ff.o [1]
move_window              0x801'f56d    0x3e  Code  Lc  ff.o [1]
mparams                 0x2000'a4d8    0x18  Data  Lc  dlmalloc.o [2]
msg                     0x2000'8d80   0x200  Data  Gb  main.o [1]
ndigs                    0x804'a31c    0x28  Data  Lc  iar_Stoulx.o [2]
ndigs                    0x804'a36c    0x28  Data  Lc  iar_Stoullx.o [2]
nomorefiles             0x2000'a669     0x1  Data  Gb  tgui_filesscreenfuncs.o [1]
numstr                  0x2000'a460    0x20  Data  Gb  tgui_numenterscreenfuncs.o [1]
numstr_len              0x2000'a66c     0x1  Data  Gb  tgui_numenterscreenfuncs.o [1]
oldUsbMounted           0x2000'a666     0x1  Data  Gb  tgui_filesscreenfuncs.o [1]
old_datetime            0x2000'a574     0x8  Data  Gb  tgui_screensaverfuncs.o [1]
old_layer               0x2000'a5dc     0x4  Data  Gb  tgui_printscreenfuncs.o [1]
old_pass                0x2000'a5d8     0x4  Data  Gb  tgui_printscreenfuncs.o [1]
old_pause               0x2000'a66f     0x1  Data  Gb  tgui_printscreenfuncs.o [1]
old_prtlayer            0x2000'a5e0     0x4  Data  Gb  tgui_screensaverfuncs.o [1]
old_time                0x2000'a5d4     0x4  Data  Gb  tgui_printscreenfuncs.o [1]
pfile_type              0x2000'a662     0x1  Data  Gb  prtfiles.o [1]
pick_lfn                 0x801'fdd9    0x90  Code  Lc  ff.o [1]
pows                     0x804'a4e8    0x48  Data  Lc  strto64.o [4]
pp_current_screen       0x2000'a673     0x1  Data  Gb  tgui_prnparamsscreenfuncs.o [1]
ppext_current_screen    0x2000'a672     0x1  Data  Gb  tgui_prnparamsextscreenfuncs.o [1]
prepend_alloc            0x803'c52b   0x346  Code  Lc  dlmalloc.o [2]
prev_position           0x2000'a554     0x8  Data  Gb  printing.o [1]
prevcolors               0x804'd670     0x4  Data  Lc  printing.o [1]
previmage               0x1000'0000  0x1cc0  Data  Gb  printing.o [1]
prnparams               0x2000'a480    0x20  Data  Gb  tgui_prnparamsscreenfuncs.o [1]
prnparamsext            0x2000'a530     0xc  Data  Gb  tgui_prnparamsextscreenfuncs.o [1]
prt_file                0x2000'a5a4     0x4  Data  Gb  prtfiles.o [1]
put_fat                  0x801'f763   0x15c  Code  Lc  ff.o [1]
put_lfn                  0x801'fe69    0x84  Code  Lc  ff.o [1]
put_utf                  0x801'f4c1    0x5c  Code  Lc  ff.o [1]
ranmatch                 0x804'17a9    0x44  Code  Lc  xscanffull.o [2]
reTransmission_all_cnt  0x2000'a580     0x4  Data  Gb  cpld_utils.o [1]
reTransmission_data_cnt
                        0x2000'a57c     0x4  Data  Gb  cpld_utils.o [1]
remove_chain             0x801'f8bf    0x8e  Code  Lc  ff.o [1]
resX                    0x2000'a59c     0x4  Data  Gb  printing.o [1]
resY                    0x2000'a5a0     0x4  Data  Gb  printing.o [1]
retSPIFL                0x2000'a658     0x1  Data  Gb  fatfs.o [1]
retUSBH                 0x2000'a657     0x1  Data  Gb  fatfs.o [1]
s_tfname                0x2000'5980   0x400  Data  Gb  main.o [1]
scalbln                  0x802'5499          Code  Gb  ldexp.o [4]
scalblnl                 0x802'5499          Code  Gb  ldexp.o [4]
scalbn                   0x802'5499          Code  Gb  ldexp.o [4]
scalbnl                  0x802'5499          Code  Gb  ldexp.o [4]
scale                    0x802'3723    0x46  Code  Lc  xprintffull.o [2]
scrTimeTimer            0x2000'033c     0x1  Data  Gb  tgui_defaultfuncs.o [1]
sec_hand                0x2000'a63c     0x4  Data  Lc  xfail_s.o [2]
segment_holding          0x803'c4a9    0x1a  Code  Lc  dlmalloc.o [2]
sfile                   0x2000'a688  0x1028  Data  Gb  main.o [1]
sprintf                  0x801'e211    0x40  Code  Gb  sprintf.o [2]
sqrtf                    0x803'1b49          Code  Gb  sqrtf.o [4]
srvMode                 0x2000'a660     0x1  Data  Gb  main.o [1]
srv_current_screen      0x2000'a674     0x1  Data  Gb  tgui_servicescreenfuncs.o [1]
sscanf                   0x804'3685    0x28  Code  Gb  sscanf.o [2]
st_clust                 0x801'fd0f    0x2a  Code  Lc  ff.o [1]
st_dword                 0x801'f3f5    0x18  Code  Lc  ff.o [1]
st_word                  0x801'f3e7     0xe  Code  Lc  ff.o [1]
strcat                   0x803'06e1    0x1e  Code  Gb  strcat.o [2]
strchr                   0x802'4ef9          Code  Gb  strchr.o [5]
strcmp                   0x802'b6e1          Code  Gb  strcmp.o [5]
strcpy                   0x803'06c9          Code  Gb  strcpy.o [5]
strcpy_utf(char *, char *)
                         0x802'2579    0x28  Code  Gb  unicode_utils.o [1]
strlen                   0x802'4f59          Code  Gb  strlen.o [5]
strncpy                  0x802'2ab9          Code  Gb  strncpy.o [5]
strtoll                  0x804'236d     0x2  Code  Gb  iar_Stollx.o [2]
strtoul                  0x802'da79     0x2  Code  Gb  iar_Stoulx.o [2]
strtoull                 0x804'2521     0x2  Code  Gb  iar_Stoullx.o [2]
strtrim(char *)          0x802'2633    0x5e  Code  Gb  unicode_utils.o [1]
strupper_utf(char *)     0x802'2691    0x5e  Code  Gb  unicode_utils.o [1]
subdir                  0x2000'a668     0x1  Data  Gb  tgui_filesscreenfuncs.o [1]
sum_sfn                  0x801'ff97    0x20  Code  Lc  ff.o [1]
sync_fs                  0x801'f5ab    0x94  Code  Lc  ff.o [1]
sync_window              0x801'f51d    0x50  Code  Lc  ff.o [1]
sys_alloc                0x803'ca69   0x164  Code  Lc  dlmalloc.o [2]
sys_trim                 0x803'cbcd    0x64  Code  Lc  dlmalloc.o [2]
systemInfo              0x2000'9eb4    0x4c  Data  Gb  config.o [1]
tchar2uni                0x801'f47b    0x46  Code  Lc  ff.o [1]
tfname                  0x1000'6ce8   0x400  Data  Gb  tgui.o [1]
tguiActiveScreen        0x2000'a5c8     0x4  Data  Gb  tgui.o [1]
tguiDBuff               0x2000'c6d8  0x1000  Data  Gb  tgui.o [1]
tguiDefaultConfig       0x2000'a390    0x28  Data  Gb  tgui.o [1]
tguiFBuff               0x2000'd6d8   0x200  Data  Gb  tgui.o [1]
tguiFile                0x2000'b6b0  0x1028  Data  Gb  tgui.o [1]
tguiMsgBox              0x2000'7800   0x350  Data  Gb  tgui.o [1]
tguiScrCalibButtons     0x2000'4d08   0x478  Data  Gb  tgui.o [1]
tguiScrClockSetButtons  0x2000'37b8   0x5d8  Data  Gb  tgui.o [1]
tguiScrFilesButtons     0x2000'7120   0x370  Data  Gb  tgui.o [1]
tguiScrFilesListButtons
                        0x2000'4368   0x4d0  Data  Gb  tgui.o [1]
tguiScrFileviewButtons  0x2000'8560   0x210  Data  Gb  tgui.o [1]
tguiScrInfoButtons      0x2000'985c    0xb0  Data  Gb  tgui.o [1]
tguiScrLanguageButtons  0x2000'9454   0x108  Data  Gb  tgui.o [1]
tguiScrMainButtons      0x2000'92f4   0x160  Data  Gb  tgui.o [1]
tguiScrMovezButtons     0x2000'6d58   0x3c8  Data  Gb  tgui.o [1]
tguiScrNumenterButtons  0x2000'31e0   0x5d8  Data  Gb  tgui.o [1]
tguiScrPrintButtons     0x2000'8770   0x210  Data  Gb  tgui.o [1]
tguiScrPrnparamsButtons
                        0x2000'4838   0x4d0  Data  Gb  tgui.o [1]
tguiScrPrnparamsExtButtons
                        0x2000'80d4   0x268  Data  Gb  tgui.o [1]
tguiScrServiceButtons   0x2000'7e14   0x2c0  Data  Gb  tgui.o [1]
tguiScrSettingsButtons  0x2000'7490   0x370  Data  Gb  tgui.o [1]
tguiScrUVTestButtons    0x2000'3d90   0x5d8  Data  Gb  tgui.o [1]
tguiScreenCalib         0x2000'a360    0x30  Data  Gb  tgui.o [1]
tguiScreenClockSet      0x2000'a270    0x30  Data  Gb  tgui.o [1]
tguiScreenFiles         0x2000'a150    0x30  Data  Gb  tgui.o [1]
tguiScreenFilesList     0x2000'a180    0x30  Data  Gb  tgui.o [1]
tguiScreenFileview      0x2000'a210    0x30  Data  Gb  tgui.o [1]
tguiScreenInfo          0x2000'a0f0    0x30  Data  Gb  tgui.o [1]
tguiScreenLanguage      0x2000'a0c0    0x30  Data  Gb  tgui.o [1]
tguiScreenMain          0x2000'a060    0x30  Data  Gb  tgui.o [1]
tguiScreenMovez         0x2000'a120    0x30  Data  Gb  tgui.o [1]
tguiScreenNumenter      0x2000'a1e0    0x30  Data  Gb  tgui.o [1]
tguiScreenPrint         0x2000'a240    0x30  Data  Gb  tgui.o [1]
tguiScreenPrnparams     0x2000'a300    0x30  Data  Gb  tgui.o [1]
tguiScreenPrnparamsExt  0x2000'a330    0x30  Data  Gb  tgui.o [1]
tguiScreenSaver         0x2000'a2a0    0x30  Data  Gb  tgui.o [1]
tguiScreenSaverButtons  0x2000'9cbc    0x58  Data  Gb  tgui.o [1]
tguiScreenService       0x2000'a090    0x30  Data  Gb  tgui.o [1]
tguiScreenSettings      0x2000'a1b0    0x30  Data  Gb  tgui.o [1]
tguiScreenTimer         0x2000'a65e     0x1  Data  Gb  main.o [1]
tguiScreenUVTest        0x2000'a2d0    0x30  Data  Gb  tgui.o [1]
tguiTimer               0x2000'a65b     0x1  Data  Gb  main.o [1]
time_show               0x2000'a671     0x1  Data  Gb  tgui_printscreenfuncs.o [1]
timerWorkTimeTimer      0x2000'a65f     0x1  Data  Gb  main.o [1]
tmalloc_large            0x803'cc3d   0x386  Code  Lc  dlmalloc.o [2]
tmalloc_small            0x803'cfc3   0x200  Code  Lc  dlmalloc.o [2]
tolower                  0x803'2099    0x14  Code  Gb  tolower.o [2]
touch_buff              0x2000'9b3c    0x60  Data  Gb  fst_spi.o [1]
touch_info              0x2000'a514    0x10  Data  Gb  touch.o [1]
touch_point             0x2000'a5e4     0x4  Data  Gb  touch.o [1]
tstrcat(unsigned short *, unsigned short *)
                         0x802'25c3    0x2c  Code  Gb  unicode_utils.o [1]
tstrcat_utf(unsigned short *, char *)
                         0x802'25ef    0x44  Code  Gb  unicode_utils.o [1]
tstrcpy(unsigned short *, unsigned short *)
                         0x802'25a1    0x22  Code  Gb  unicode_utils.o [1]
typeval                 0x2000'a66b     0x1  Data  Gb  tgui_numenterscreenfuncs.o [1]
u_tfname                0x2000'5580   0x400  Data  Gb  main.o [1]
uc866                    0x804'98b8   0x100  Data  Lc  ffunicode.o [1]
ufile                   0x1000'5cc0  0x1028  Data  Gb  main.o [1]
uv_image                0x2000'a677     0x1  Data  Gb  tgui_uvtestscreenfuncs.o [1]
uvdisp_on               0x2000'a676     0x1  Data  Gb  tgui_uvtestscreenfuncs.o [1]
uvfan_timer             0x2000'a5c4     0x4  Data  Gb  sys_timer.o [1]
uvled_timer             0x2000'a5bc     0x4  Data  Gb  sys_timer.o [1]
uvlight_on              0x2000'a675     0x1  Data  Gb  tgui_uvtestscreenfuncs.o [1]
uvpause_timer           0x2000'a5c0     0x4  Data  Gb  sys_timer.o [1]
uwTick                  0x2000'a5b0     0x4  Data  Gb  stm32f4xx_hal.o [1]
uwTickFreq              0x2000'033b     0x1  Data  Gb  stm32f4xx_hal.o [1]
uwTickPrio              0x2000'0084     0x4  Data  Gb  stm32f4xx_hal.o [1]
validate                 0x802'0c23    0x48  Code  Lc  ff.o [1]
wctob                    0x804'2299    0x32  Code  Gb  wctob.o [2]
zDisTimer               0x2000'a65d     0x1  Data  Gb  main.o [1]
zHoldTimer              0x2000'a65c     0x1  Data  Gb  main.o [1]
zPlanner                0x2000'a67b     0x1  Data  Gb  z_planner.o [1]


[1] = D:\Electronics\Projects\MKS_DLP_new\SRC\firmware\MKSDLP_Alter_debug_1_1\Obj
[2] = dl7M_tlf.a
[3] = dlpp7M_tl_fc.a
[4] = m7M_tls.a
[5] = rt7M_tl.a
[6] = shb_l.a

  161 747 bytes of readonly  code memory
   90 032 bytes of readonly  data memory
  113 085 bytes of readwrite data memory

Errors: none
Warnings: none
