###############################################################################
#
# IAR ELF Linker V8.32.1.169/W32 for ARM                  14/Aug/2020  17:50:57
# Copyright 2007-2018 IAR Systems AB.
#
#    Output file  =  
#        D:\Electronics\Projects\MKS_DLP_new\SRC\firmware\MKSDLP_Alter_debug\Exe\MKS_DLP_new.out
#    Map file     =  
#        D:\Electronics\Projects\MKS_DLP_new\SRC\firmware\MKSDLP_Alter_debug\List\MKS_DLP_new.map
#    Command line =  
#        -f C:\Temp\EWCD7.tmp
#        (D:\Electronics\Projects\MKS_DLP_new\SRC\firmware\MKSDLP_Alter_Debug\Obj\config.o
#        D:\Electronics\Projects\MKS_DLP_new\SRC\firmware\MKSDLP_Alter_Debug\Obj\cpld_utils.o
#        D:\Electronics\Projects\MKS_DLP_new\SRC\firmware\MKSDLP_Alter_Debug\Obj\datetime.o
#        D:\Electronics\Projects\MKS_DLP_new\SRC\firmware\MKSDLP_Alter_Debug\Obj\diskio.o
#        D:\Electronics\Projects\MKS_DLP_new\SRC\firmware\MKSDLP_Alter_Debug\Obj\fatfs.o
#        D:\Electronics\Projects\MKS_DLP_new\SRC\firmware\MKSDLP_Alter_Debug\Obj\ff.o
#        D:\Electronics\Projects\MKS_DLP_new\SRC\firmware\MKSDLP_Alter_Debug\Obj\ff_gen_drv.o
#        D:\Electronics\Projects\MKS_DLP_new\SRC\firmware\MKSDLP_Alter_Debug\Obj\ffsystem.o
#        D:\Electronics\Projects\MKS_DLP_new\SRC\firmware\MKSDLP_Alter_Debug\Obj\ffunicode.o
#        D:\Electronics\Projects\MKS_DLP_new\SRC\firmware\MKSDLP_Alter_Debug\Obj\files_pws.o
#        D:\Electronics\Projects\MKS_DLP_new\SRC\firmware\MKSDLP_Alter_Debug\Obj\fnt12.o
#        D:\Electronics\Projects\MKS_DLP_new\SRC\firmware\MKSDLP_Alter_Debug\Obj\fnt12bold.o
#        D:\Electronics\Projects\MKS_DLP_new\SRC\firmware\MKSDLP_Alter_Debug\Obj\fnt18.o
#        D:\Electronics\Projects\MKS_DLP_new\SRC\firmware\MKSDLP_Alter_Debug\Obj\fnt18bold.o
#        D:\Electronics\Projects\MKS_DLP_new\SRC\firmware\MKSDLP_Alter_Debug\Obj\fnt24.o
#        D:\Electronics\Projects\MKS_DLP_new\SRC\firmware\MKSDLP_Alter_Debug\Obj\fnt24bold.o
#        D:\Electronics\Projects\MKS_DLP_new\SRC\firmware\MKSDLP_Alter_Debug\Obj\fsmc.o
#        D:\Electronics\Projects\MKS_DLP_new\SRC\firmware\MKSDLP_Alter_Debug\Obj\fst_spi.o
#        D:\Electronics\Projects\MKS_DLP_new\SRC\firmware\MKSDLP_Alter_Debug\Obj\gpio.o
#        D:\Electronics\Projects\MKS_DLP_new\SRC\firmware\MKSDLP_Alter_Debug\Obj\languages.o
#        D:\Electronics\Projects\MKS_DLP_new\SRC\firmware\MKSDLP_Alter_Debug\Obj\lcd_low.o
#        D:\Electronics\Projects\MKS_DLP_new\SRC\firmware\MKSDLP_Alter_Debug\Obj\lcd_ui.o
#        D:\Electronics\Projects\MKS_DLP_new\SRC\firmware\MKSDLP_Alter_Debug\Obj\main.o
#        D:\Electronics\Projects\MKS_DLP_new\SRC\firmware\MKSDLP_Alter_Debug\Obj\motor.o
#        D:\Electronics\Projects\MKS_DLP_new\SRC\firmware\MKSDLP_Alter_Debug\Obj\prtfiles.o
#        D:\Electronics\Projects\MKS_DLP_new\SRC\firmware\MKSDLP_Alter_Debug\Obj\rtc.o
#        D:\Electronics\Projects\MKS_DLP_new\SRC\firmware\MKSDLP_Alter_Debug\Obj\spi_flash.o
#        D:\Electronics\Projects\MKS_DLP_new\SRC\firmware\MKSDLP_Alter_Debug\Obj\spifl_diskio.o
#        D:\Electronics\Projects\MKS_DLP_new\SRC\firmware\MKSDLP_Alter_Debug\Obj\ssd_utils.o
#        D:\Electronics\Projects\MKS_DLP_new\SRC\firmware\MKSDLP_Alter_Debug\Obj\startup_stm32f407xx.o
#        D:\Electronics\Projects\MKS_DLP_new\SRC\firmware\MKSDLP_Alter_Debug\Obj\stm32f4xx_hal.o
#        D:\Electronics\Projects\MKS_DLP_new\SRC\firmware\MKSDLP_Alter_Debug\Obj\stm32f4xx_hal_cortex.o
#        D:\Electronics\Projects\MKS_DLP_new\SRC\firmware\MKSDLP_Alter_Debug\Obj\stm32f4xx_hal_dma.o
#        D:\Electronics\Projects\MKS_DLP_new\SRC\firmware\MKSDLP_Alter_Debug\Obj\stm32f4xx_hal_dma_ex.o
#        D:\Electronics\Projects\MKS_DLP_new\SRC\firmware\MKSDLP_Alter_Debug\Obj\stm32f4xx_hal_exti.o
#        D:\Electronics\Projects\MKS_DLP_new\SRC\firmware\MKSDLP_Alter_Debug\Obj\stm32f4xx_hal_flash.o
#        D:\Electronics\Projects\MKS_DLP_new\SRC\firmware\MKSDLP_Alter_Debug\Obj\stm32f4xx_hal_flash_ex.o
#        D:\Electronics\Projects\MKS_DLP_new\SRC\firmware\MKSDLP_Alter_Debug\Obj\stm32f4xx_hal_flash_ramfunc.o
#        D:\Electronics\Projects\MKS_DLP_new\SRC\firmware\MKSDLP_Alter_Debug\Obj\stm32f4xx_hal_gpio.o
#        D:\Electronics\Projects\MKS_DLP_new\SRC\firmware\MKSDLP_Alter_Debug\Obj\stm32f4xx_hal_hcd.o
#        D:\Electronics\Projects\MKS_DLP_new\SRC\firmware\MKSDLP_Alter_Debug\Obj\stm32f4xx_hal_msp.o
#        D:\Electronics\Projects\MKS_DLP_new\SRC\firmware\MKSDLP_Alter_Debug\Obj\stm32f4xx_hal_pwr.o
#        D:\Electronics\Projects\MKS_DLP_new\SRC\firmware\MKSDLP_Alter_Debug\Obj\stm32f4xx_hal_pwr_ex.o
#        D:\Electronics\Projects\MKS_DLP_new\SRC\firmware\MKSDLP_Alter_Debug\Obj\stm32f4xx_hal_rcc.o
#        D:\Electronics\Projects\MKS_DLP_new\SRC\firmware\MKSDLP_Alter_Debug\Obj\stm32f4xx_hal_rcc_ex.o
#        D:\Electronics\Projects\MKS_DLP_new\SRC\firmware\MKSDLP_Alter_Debug\Obj\stm32f4xx_hal_rtc.o
#        D:\Electronics\Projects\MKS_DLP_new\SRC\firmware\MKSDLP_Alter_Debug\Obj\stm32f4xx_hal_rtc_ex.o
#        D:\Electronics\Projects\MKS_DLP_new\SRC\firmware\MKSDLP_Alter_Debug\Obj\stm32f4xx_hal_spi.o
#        D:\Electronics\Projects\MKS_DLP_new\SRC\firmware\MKSDLP_Alter_Debug\Obj\stm32f4xx_hal_sram.o
#        D:\Electronics\Projects\MKS_DLP_new\SRC\firmware\MKSDLP_Alter_Debug\Obj\stm32f4xx_hal_tim.o
#        D:\Electronics\Projects\MKS_DLP_new\SRC\firmware\MKSDLP_Alter_Debug\Obj\stm32f4xx_hal_tim_ex.o
#        D:\Electronics\Projects\MKS_DLP_new\SRC\firmware\MKSDLP_Alter_Debug\Obj\stm32f4xx_it.o
#        D:\Electronics\Projects\MKS_DLP_new\SRC\firmware\MKSDLP_Alter_Debug\Obj\stm32f4xx_ll_fsmc.o
#        D:\Electronics\Projects\MKS_DLP_new\SRC\firmware\MKSDLP_Alter_Debug\Obj\stm32f4xx_ll_usb.o
#        D:\Electronics\Projects\MKS_DLP_new\SRC\firmware\MKSDLP_Alter_Debug\Obj\sys_timer.o
#        D:\Electronics\Projects\MKS_DLP_new\SRC\firmware\MKSDLP_Alter_Debug\Obj\system_stm32f4xx.o
#        D:\Electronics\Projects\MKS_DLP_new\SRC\firmware\MKSDLP_Alter_Debug\Obj\tgui.o
#        D:\Electronics\Projects\MKS_DLP_new\SRC\firmware\MKSDLP_Alter_Debug\Obj\tgui_defaultfuncs.o
#        D:\Electronics\Projects\MKS_DLP_new\SRC\firmware\MKSDLP_Alter_Debug\Obj\tgui_filesscreenfuncs.o
#        D:\Electronics\Projects\MKS_DLP_new\SRC\firmware\MKSDLP_Alter_Debug\Obj\tgui_infoscreenfuncs.o
#        D:\Electronics\Projects\MKS_DLP_new\SRC\firmware\MKSDLP_Alter_Debug\Obj\tgui_langscreenfuncs.o
#        D:\Electronics\Projects\MKS_DLP_new\SRC\firmware\MKSDLP_Alter_Debug\Obj\tgui_mainscreenfuncs.o
#        D:\Electronics\Projects\MKS_DLP_new\SRC\firmware\MKSDLP_Alter_Debug\Obj\tgui_movezscreenfuncs.o
#        D:\Electronics\Projects\MKS_DLP_new\SRC\firmware\MKSDLP_Alter_Debug\Obj\tim.o
#        D:\Electronics\Projects\MKS_DLP_new\SRC\firmware\MKSDLP_Alter_Debug\Obj\touch.o
#        D:\Electronics\Projects\MKS_DLP_new\SRC\firmware\MKSDLP_Alter_Debug\Obj\unicode_utils.o
#        D:\Electronics\Projects\MKS_DLP_new\SRC\firmware\MKSDLP_Alter_Debug\Obj\usb_host.o
#        D:\Electronics\Projects\MKS_DLP_new\SRC\firmware\MKSDLP_Alter_Debug\Obj\usbh_conf.o
#        D:\Electronics\Projects\MKS_DLP_new\SRC\firmware\MKSDLP_Alter_Debug\Obj\usbh_core.o
#        D:\Electronics\Projects\MKS_DLP_new\SRC\firmware\MKSDLP_Alter_Debug\Obj\usbh_ctlreq.o
#        D:\Electronics\Projects\MKS_DLP_new\SRC\firmware\MKSDLP_Alter_Debug\Obj\usbh_diskio.o
#        D:\Electronics\Projects\MKS_DLP_new\SRC\firmware\MKSDLP_Alter_Debug\Obj\usbh_ioreq.o
#        D:\Electronics\Projects\MKS_DLP_new\SRC\firmware\MKSDLP_Alter_Debug\Obj\usbh_msc.o
#        D:\Electronics\Projects\MKS_DLP_new\SRC\firmware\MKSDLP_Alter_Debug\Obj\usbh_msc_bot.o
#        D:\Electronics\Projects\MKS_DLP_new\SRC\firmware\MKSDLP_Alter_Debug\Obj\usbh_msc_scsi.o
#        D:\Electronics\Projects\MKS_DLP_new\SRC\firmware\MKSDLP_Alter_Debug\Obj\usbh_pipes.o
#        D:\Electronics\Projects\MKS_DLP_new\SRC\firmware\MKSDLP_Alter_Debug\Obj\usbh_platform.o
#        D:\Electronics\Projects\MKS_DLP_new\SRC\firmware\MKSDLP_Alter_Debug\Obj\uvdisplay.o
#        D:\Electronics\Projects\MKS_DLP_new\SRC\firmware\MKSDLP_Alter_Debug\Obj\z_endstops.o
#        D:\Electronics\Projects\MKS_DLP_new\SRC\firmware\MKSDLP_Alter_Debug\Obj\z_planner.o
#        D:\Electronics\Projects\MKS_DLP_new\SRC\firmware\MKSDLP_Alter_Debug\Obj\z_stepper.o
#        --redirect _Printf=_PrintfFull --redirect _Scanf=_ScanfFull
#        --no_out_extension -o
#        D:\Electronics\Projects\MKS_DLP_new\SRC\firmware\MKSDLP_Alter_debug\Exe\MKS_DLP_new.out
#        --map
#        D:\Electronics\Projects\MKS_DLP_new\SRC\firmware\MKSDLP_Alter_debug\List\MKS_DLP_new.map
#        --log libraries,call_graph --log_file
#        D:\Electronics\Projects\MKS_DLP_new\SRC\firmware\MKSDLP_Alter_debug\List\MKS_DLP_new.log
#        --config
#        D:\Electronics\Projects\MKS_DLP_new\SRC\firmware/config/stm32f407xx_flash.icf
#        --semihosting --entry __iar_program_start --merge_duplicate_sections
#        --vfe --text_out locale)
#
###############################################################################

*******************************************************************************
*** RUNTIME MODEL ATTRIBUTES
***

CppFlavor                     = *
__CPP_Exceptions              = Disabled
__CPP_Language                = C++14
__Heap_Handler                = DLMalloc
__SystemLibrary               = DLib
__dlib_dynamic_initialization = normal
__dlib_version                = 6


*******************************************************************************
*** HEAP SELECTION
***

The advanced heap was selected because the application calls memory
allocation functions outside of system library functions, and there
are calls to deallocation functions in the application.


*******************************************************************************
*** PLACEMENT SUMMARY
***

"A0":  place at 0x801'0000 { ro section .intvec };
"P1":  place in [from 0x801'0000 to 0x807'ffff] { ro };
define block CSTACK with size = 16K, alignment = 8 { };
define block HEAP with size = 8K, alignment = 8 { };
"P2":  place in [from 0x2000'0000 to 0x2001'ffff] {
          rw, block CSTACK, block HEAP };
"P3":  place in [from 0x1000'0000 to 0x1000'ffff] { rw section CCMRAM };
initialize by copy { rw };

  Section                Kind         Address     Size  Object
  -------                ----         -------     ----  ------
"A0":                                            0x188
  .intvec                ro code   0x801'0000    0x188  startup_stm32f407xx.o [1]
                                 - 0x801'0188    0x188

"P1":                                          0x19427
  .text                  ro code   0x801'0188   0x24ac  ff.o [1]
  .text                  ro code   0x801'2634     0x7c  diskio.o [1]
  .text                  ro code   0x801'26b0      0x6  ABImemclr.o [5]
  .text                  ro code   0x801'26b6     0x7a  lz77_init_single.o [5]
  .text                  ro code   0x801'2730    0x110  ffunicode.o [1]
  .text                  ro code   0x801'2840     0x66  ABImemset.o [5]
  .text                  ro code   0x801'28a6     0x3a  zero_init3.o [5]
  .text                  ro code   0x801'28e0    0x10c  fatfs.o [1]
  .text                  ro code   0x801'29ec     0x44  ff_gen_drv.o [1]
  .text                  ro code   0x801'2a30    0x444  stm32f4xx_hal_rtc.o [1]
  .text                  ro code   0x801'2e74     0x36  strlen.o [5]
  .text                  ro code   0x801'2eaa     0x1e  xencoding_8859_1.o [2]
  .text                  ro code   0x801'2ec8      0xc  stm32f4xx_hal.o [1]
  .rodata                const     0x801'2ed4   0x2094  fnt24bold.o [1]
  .text                  ro code   0x801'4f68   0x1d5c  tgui.o [1]
  .text                  ro code   0x801'6cc4    0x7dc  tgui_defaultfuncs.o [1]
  .text                  ro code   0x801'74a0     0xa6  ABImemcpy.o [5]
  .text                  ro code   0x801'7546      0xa  xsprout.o [2]
  .text                  ro code   0x801'7550     0x34  languages.o [1]
  .text                  ro code   0x801'7584     0xfc  sys_timer.o [1]
  .text                  ro code   0x801'7680     0x7c  datetime.o [1]
  .text                  ro code   0x801'76fc     0x40  sprintf.o [2]
  .text                  ro code   0x801'773c    0x614  lcd_ui.o [1]
  .text                  ro code   0x801'7d50    0x3b4  lcd_low.o [1]
  .text                  ro code   0x801'8104    0x1d6  unicode_utils.o [1]
  .rodata                const     0x801'82da      0x1  unwind_debug.o [6]
  .text                  ro code   0x801'82dc    0x1e4  touch.o [1]
  .text                  ro code   0x801'84c0    0xf46  xprintffull.o [2]
  .text                  ro code   0x801'9408     0x28  stm32f4xx_hal.o [1]
  .text                  ro code   0x801'9430     0xec  fsmc.o [1]
  .text                  ro code   0x801'951c    0x364  stm32f4xx_hal_dma.o [1]
  .text                  ro code   0x801'9880     0xc0  stm32f4xx_hal_cortex.o [1]
  .text                  ro code   0x801'9940    0x4c0  fst_spi.o [1]
  .text                  ro code   0x801'9e00     0x78  xlocale_c.o [2]
  .text                  ro code   0x801'9e78     0x16  strchr.o [5]
  .text                  ro code   0x801'9e90     0x40  xfail_s.o [2]
  .text                  ro code   0x801'9ed0     0x58  memchr.o [5]
  .text                  ro code   0x801'9f28      0xa  xmbcurmax.o [2]
  .text                  ro code   0x801'9f34    0x230  I64DivMod.o [5]
  .text                  ro code   0x801'a164    0x1a2  DblMul.o [4]
  .text                  ro code   0x801'a308     0x70  frexp.o [4]
  .text                  ro code   0x801'a378     0x2e  DblCmpLe.o [4]
  .text                  ro code   0x801'a3a8     0x2e  DblCmpGe.o [4]
  .text                  ro code   0x801'a3d8    0x13a  ldexp.o [4]
  .text                  ro code   0x801'a514     0x3a  DblToS32.o [4]
  .text                  ro code   0x801'a550     0x22  S32ToDbl.o [4]
  .text                  ro code   0x801'a574     0xe2  DblSub.o [4]
  .text                  ro code   0x801'a658    0x246  DblDiv.o [4]
  .text                  ro code   0x801'a8a0     0x28  DblToU32.o [4]
  .text                  ro code   0x801'a8c8     0x1a  U32ToDbl.o [4]
  .text                  ro code   0x801'a8e4     0x54  stm32f4xx_hal_sram.o [1]
  .text                  ro code   0x801'a938    0x7b8  main.o [1]
  .text                  ro code   0x801'b0f0    0x206  stm32f4xx_hal_gpio.o [1]
  .text                  ro code   0x801'b2f8    0x57a  stm32f4xx_hal_spi.o [1]
  .text                  ro code   0x801'b874      0x6  ABImemclr4.o [5]
  .text                  ro code   0x801'b87a      0x6  abort.o [2]
  .text                  ro code   0x801'b880      0x2  stm32f4xx_hal_spi.o [1]
  .text                  ro code   0x801'b884    0x16a  DblAdd.o [4]
  .text                  ro code   0x801'b9f0     0xd4  stm32f4xx_ll_fsmc.o [1]
  .text                  ro code   0x801'bac4     0x34  stm32f4xx_hal.o [1]
  .text                  ro code   0x801'baf8    0x270  gpio.o [1]
  .text                  ro code   0x801'bd68    0x384  spi_flash.o [1]
  .text                  ro code   0x801'c0ec     0xb0  rtc.o [1]
  .text                  ro code   0x801'c19c     0xb0  config.o [1]
  .text                  ro code   0x801'c24c    0x1d8  motor.o [1]
  .text                  ro code   0x801'c424      0xe  uvdisplay.o [1]
  .text                  ro code   0x801'c434     0x14  usbh_platform.o [1]
  .text                  ro code   0x801'c448     0x70  usb_host.o [1]
  .text                  ro code   0x801'c4b8     0x12  strcmp.o [5]
  .text                  ro code   0x801'c4cc    0x288  tgui_movezscreenfuncs.o [1]
  .text                  ro code   0x801'c754    0x328  stm32f4xx_hal_rcc.o [1]
  .text                  ro code   0x801'ca7c    0x188  stm32f4xx_hal_rcc.o [1]
  .text                  ro code   0x801'cc04    0x12c  stm32f4xx_hal_rcc_ex.o [1]
  .text                  ro code   0x801'cd30     0x32  ABImemset48.o [5]
  .text                  ro code   0x801'cd64     0x14  exit.o [6]
  .text                  ro code   0x801'cd78     0x40  stm32f4xx_hal.o [1]
  .text                  ro code   0x801'cdb8     0x38  stm32f4xx_hal_msp.o [1]
  .text                  ro code   0x801'cdf0     0xbc  z_endstops.o [1]
  .text                  ro code   0x801'ceac    0xb04  z_planner.o [1]
  .text                  ro code   0x801'd9b0    0x4d4  z_stepper.o [1]
  .text                  ro code   0x801'de84    0x1d4  tim.o [1]
  .text                  ro code   0x801'e058    0x692  stm32f4xx_hal_tim.o [1]
  .text                  ro code   0x801'e6ec     0x48  FltToDbl.o [4]
  .text                  ro code   0x801'e734     0x8e  cpld_utils.o [1]
  .text                  ro code   0x801'e7c4    0x4f8  ssd_utils.o [1]
  .text                  ro code   0x801'ecbc    0x560  usbh_core.o [1]
  .text                  ro code   0x801'f21c     0x3c  ceilf.o [4]
  .text                  ro code   0x801'f258     0x58  z_planner.o [1]
  .text                  ro code   0x801'f2b0     0x3c  floorf.o [4]
  .text                  ro code   0x801'f2ec     0x1e  sqrtf.o [4]
  .text                  ro code   0x801'f30c     0x2e  lroundf.o [4]
  .text                  ro code   0x801'f33c     0x2c  z_stepper.o [1]
  .text                  ro code   0x801'f368     0x8c  stm32f4xx_hal_tim_ex.o [1]
  .text                  ro code   0x801'f3f4    0x248  usbh_conf.o [1]
  .text                  ro code   0x801'f63c     0x7c  usbh_pipes.o [1]
  .text                  ro code   0x801'f6b8    0x4f8  usbh_ctlreq.o [1]
  .text                  ro code   0x801'fbb0    0x870  stm32f4xx_hal_hcd.o [1]
  .text                  ro code   0x802'0420     0x98  usbh_ioreq.o [1]
  .text                  ro code   0x802'04b8    0x640  stm32f4xx_ll_usb.o [1]
  .rodata                const     0x802'0af8   0x195c  fnt24.o [1]
  .text                  ro code   0x802'2454   0x14e0  dlmalloc.o [2]
  .text                  ro code   0x802'3934     0x2c  xgetmemchunk.o [2]
  .rodata                const     0x802'3960   0x10c8  fnt18bold.o [1]
  .rodata                const     0x802'4a28    0xea4  fnt18.o [1]
  .text                  ro code   0x802'58cc    0x9a8  tgui_filesscreenfuncs.o [1]
  .text                  ro code   0x802'6274     0x38  prtfiles.o [1]
  .text                  ro code   0x802'62ac     0x18  strcpy.o [5]
  .text                  ro code   0x802'62c4     0x1e  strcat.o [2]
  .text                  ro code   0x802'62e4    0x2b0  files_pws.o [1]
  .rodata                const     0x802'6594    0x788  fnt12bold.o [1]
  .rodata                const     0x802'6d1c    0x6b4  fnt12.o [1]
  .text                  ro code   0x802'73d0    0x506  usbh_msc.o [1]
  .text                  ro code   0x802'78d8    0x242  usbh_msc_bot.o [1]
  .text                  ro code   0x802'7b1a      0x4  heaptramp0.o [2]
  .text                  ro code   0x802'7b1e    0x2fe  usbh_msc_scsi.o [1]
  .rodata                const     0x802'7e1c    0x2b0  ffunicode.o [1]
  .rodata                const     0x802'80cc    0x258  languages.o [1]
  .rodata                const     0x802'8324    0x174  tgui.o [1]
  .rodata                const     0x802'8498    0x16c  main.o [1]
  .rodata                const     0x802'8604    0x140  fnt12.o [1]
  .rodata                const     0x802'8744    0x140  fnt12bold.o [1]
  .rodata                const     0x802'8884    0x140  fnt18.o [1]
  .rodata                const     0x802'89c4    0x140  fnt18bold.o [1]
  .rodata                const     0x802'8b04    0x140  fnt24.o [1]
  .rodata                const     0x802'8c44    0x140  fnt24bold.o [1]
  .rodata                const     0x802'8d84    0x100  ffunicode.o [1]
  .text                  ro code   0x802'8e84     0xf4  usbh_diskio.o [1]
  .text                  ro code   0x802'8f78     0xd0  spifl_diskio.o [1]
  .rodata                const     0x802'9048     0x94  languages.o [1]
  .rodata                const     0x802'90dc     0x94  languages.o [1]
  .text                  ro code   0x802'9170     0x8c  tgui_infoscreenfuncs.o [1]
  .rodata                const     0x802'91fc     0x80  ff.o [1]
  .text                  ro code   0x802'927c     0x7a  stm32f4xx_it.o [1]
  .rodata                const     0x802'92f8     0x30  languages.o [1]
  .text                  ro code   0x802'9328     0x30  system_stm32f4xx.o [1]
  .text                  ro code   0x802'9358     0x28  data_init.o [5]
  .rodata                const     0x802'9380     0x24  languages.o [1]
  .rodata                const     0x802'93a4     0x24  tgui_infoscreenfuncs.o [1]
  .text                  ro code   0x802'93c8     0x22  fpinit_M.o [4]
  .iar.init_table        const     0x802'93ec     0x24  - Linker created -
  .text                  ro code   0x802'9410     0x20  cmain_call_ctors.o [5]
  .text                  ro code   0x802'9430     0x18  cppinit.o [2]
  .text                  ro code   0x802'9448     0x1e  cmain.o [5]
  .text                  ro code   0x802'9466      0x4  low_level_init.o [2]
  .text                  ro code   0x802'946a      0x4  exit.o [2]
  .text                  ro code   0x802'9470      0xa  cexit.o [5]
  .rodata                const     0x802'947c     0x14  spifl_diskio.o [1]
  .rodata                const     0x802'9490     0x14  usbh_diskio.o [1]
  .text                  ro code   0x802'94a4     0x10  startup_stm32f407xx.o [1]
  .text                  ro code   0x802'94b4     0x10  tgui_langscreenfuncs.o [1]
  .text                  ro code   0x802'94c4      0xc  cstartup_M.o [5]
  .rodata                const     0x802'94d0      0x6  xlocale_c.o [2]
  .rodata                const     0x802'94d8      0x4  usbh_msc.o [1]
  .text                  ro code   0x802'94dc      0x4  startup_stm32f407xx.o [1]
  SHT$$PREINIT_ARRAY               0x802'94e0      0x0  <Block>
  SHT$$INIT_ARRAY                  0x802'94e0      0x4  <Block>
    .init_array          const     0x802'94e0      0x4  z_planner.o [1]
  __iar_tls$$INIT_ARRAY            0x802'94e4      0x0  <Block>
  .rodata                const     0x802'94e4      0x0  zero_init3.o [5]
  .rodata                const     0x802'94e4      0x0  lz77_init_single.o [5]
  Initializer bytes      const     0x802'94e4     0xcb  <for P2-1>
                                 - 0x802'95af  0x19427

"P3":                                           0x7478
  CCMRAM                 uninit   0x1000'0000   0x6050  main.o [1]
  CCMRAM                 uninit   0x1000'6050   0x1028  tgui.o [1]
  CCMRAM                 uninit   0x1000'7078    0x400  tgui.o [1]
                                - 0x1000'7478   0x7478

"P2", part 1 of 3:                               0x36e
  P2-1                            0x2000'0000    0x36e  <Init block>
    .data                inited   0x2000'0000      0xc  fnt12.o [1]
    .data                inited   0x2000'000c      0xc  fnt12bold.o [1]
    .data                inited   0x2000'0018      0xc  fnt18.o [1]
    .data                inited   0x2000'0024      0xc  fnt18bold.o [1]
    .data                inited   0x2000'0030      0xc  fnt24.o [1]
    .data                inited   0x2000'003c      0xc  fnt24bold.o [1]
    .data                inited   0x2000'0048     0x14  languages.o [1]
    .data                inited   0x2000'005c     0x14  lcd_ui.o [1]
    .data                inited   0x2000'0070      0xc  stm32f4xx_hal.o [1]
    .data                inited   0x2000'007c      0x4  system_stm32f4xx.o [1]
    .data                inited   0x2000'0080    0x200  tgui_filesscreenfuncs.o [1]
    .data                inited   0x2000'0280      0x4  tgui_movezscreenfuncs.o [1]
    .data                inited   0x2000'0284     0x20  usbh_msc.o [1]
    .data                inited   0x2000'02a4     0x40  z_stepper.o [1]
    .data                inited   0x2000'02e4     0x38  xlocale_c.o [2]
    .data                inited   0x2000'031c     0x48  xlocale_c.o [2]
    .data                inited   0x2000'0364      0x2  tgui_defaultfuncs.o [1]
    .data                inited   0x2000'0366      0x5  tgui_filesscreenfuncs.o [1]
    .data                inited   0x2000'036b      0x3  z_endstops.o [1]
                                - 0x2000'036e    0x36e

"P2", part 2 of 3:                              0x6010
  .bss                   zero     0x2000'0370   0x1354  tgui.o [1]
  .bss                   zero     0x2000'16c4   0x1060  main.o [1]
  .bss                   zero     0x2000'2724   0x1038  fatfs.o [1]
  .bss                   zero     0x2000'375c   0x1038  fatfs.o [1]
  .bss                   zero     0x2000'4794    0x830  tgui_filesscreenfuncs.o [1]
  .bss                   zero     0x2000'4fc4    0x3d8  usb_host.o [1]
  .bss                   zero     0x2000'539c    0x2c4  usbh_conf.o [1]
  .bss                   zero     0x2000'5660    0x20c  ff.o [1]
  .bss                   zero     0x2000'586c    0x200  z_planner.o [1]
  .bss                   zero     0x2000'5a6c    0x1d8  dlmalloc.o [2]
  .bss                   zero     0x2000'5c44    0x100  sys_timer.o [1]
  .bss                   zero     0x2000'5d44     0xc0  fst_spi.o [1]
  .bss                   zero     0x2000'5e04     0xc0  fst_spi.o [1]
  .bss                   zero     0x2000'5ec4     0xa0  files_pws.o [1]
  .bss                   zero     0x2000'5f64     0x80  fst_spi.o [1]
  .bss                   zero     0x2000'5fe4     0x80  fst_spi.o [1]
  .bss                   zero     0x2000'6064     0x60  config.o [1]
  .bss                   zero     0x2000'60c4     0x60  fst_spi.o [1]
  .bss                   zero     0x2000'6124     0x60  lcd_low.o [1]
  .bss                   zero     0x2000'6184     0x50  fsmc.o [1]
  .bss                   zero     0x2000'61d4     0x4c  z_planner.o [1]
  .bss                   zero     0x2000'6220     0x40  tim.o [1]
  .bss                   zero     0x2000'6260     0x40  tim.o [1]
  .bss                   zero     0x2000'62a0     0x34  tgui.o [1]
  .bss                   zero     0x2000'62d4     0x20  rtc.o [1]
  .bss                   zero     0x2000'62f4     0x18  dlmalloc.o [2]
  .bss                   zero     0x2000'630c     0x14  fatfs.o [1]
  .bss                   zero     0x2000'6320     0x14  touch.o [1]
  .bss                   zero     0x2000'6334     0x10  ff_gen_drv.o [1]
  .bss                   zero     0x2000'6344      0xc  spi_flash.o [1]
  .bss                   zero     0x2000'6350      0x8  prtfiles.o [1]
  .bss                   zero     0x2000'6358      0x8  spi_flash.o [1]
  .bss                   zero     0x2000'6360      0x4  cpld_utils.o [1]
  .bss                   zero     0x2000'6364      0x4  fsmc.o [1]
  .bss                   zero     0x2000'6368      0x4  motor.o [1]
  .bss                   zero     0x2000'636c      0x4  stm32f4xx_ll_usb.o [1]
  .bss                   zero     0x2000'6370      0x4  z_stepper.o [1]
  .bss                   zero     0x2000'6374      0x4  xfail_s.o [2]
  .bss                   zero     0x2000'6378      0x4  xgetmemchunk.o [2]
  .bss                   zero     0x2000'637c      0x2  lcd_low.o [1]
  .bss                   zero     0x2000'637e      0x1  usb_host.o [1]
  .bss                   zero     0x2000'637f      0x1  z_planner.o [1]
                                - 0x2000'6380   0x6010

"P2", part 3 of 3:                              0x7200
  .noinit                uninit   0x2000'6380   0x1000  tgui.o [1]
  .noinit                uninit   0x2000'7380    0x200  tgui.o [1]
  CSTACK                          0x2000'7580   0x4000  <Block>
    CSTACK               uninit   0x2000'7580   0x4000  <Block tail>
  HEAP                            0x2000'b580   0x2000  <Block>
    HEAP                 uninit   0x2000'b580   0x2000  <Block tail>
                                - 0x2000'd580   0x7200

Unused ranges:

         From           To      Size
         ----           --      ----
   0x802'95af   0x807'ffff  0x5'6a51
  0x1000'7478  0x1000'ffff    0x8b88
  0x2000'036e  0x2000'036f       0x2
  0x2000'd580  0x2001'ffff  0x1'2a80


*******************************************************************************
*** INIT TABLE
***

          Address      Size
          -------      ----
Zero (__iar_zero_init3)
    1 destination range, total size 0x6010:
          0x2000'0370  0x6010

Copy/lz77 (__iar_lz77_init_single3)
    1 source range, total size 0xcb (23% of destination):
           0x802'94e4    0xcb
    1 destination range, total size 0x36e:
          0x2000'0000   0x36e

Extra (__iar_cstart_call_ctors)



*******************************************************************************
*** MODULE SUMMARY
***

    Module                   ro code  ro data  rw data
    ------                   -------  -------  -------
command line/config:
    --------------------------------------------------
    Total:

D:\Electronics\Projects\MKS_DLP_new\SRC\firmware\MKSDLP_Alter_Debug\Obj: [1]
    config.o                     176                96
    cpld_utils.o                 142                 4
    datetime.o                   124
    diskio.o                     124
    fatfs.o                      268             8 324
    ff.o                       9 388      128      524
    ff_gen_drv.o                  68                16
    ffunicode.o                  272      944
    files_pws.o                  688               160
    fnt12.o                             2 038       12
    fnt12bold.o                         2 251       12
    fnt18.o                             4 071       12
    fnt18bold.o                         4 619       12
    fnt24.o                             6 814       12
    fnt24bold.o                         8 663       12
    fsmc.o                       236                84
    fst_spi.o                  1 216               736
    gpio.o                       624
    languages.o                   52      985       20
    lcd_low.o                    948                98
    lcd_ui.o                   1 556        4       20
    main.o                     1 976      364   28 848
    motor.o                      472                 4
    prtfiles.o                    56                 8
    rtc.o                        176                32
    spi_flash.o                  900                20
    spifl_diskio.o               208       20
    ssd_utils.o                1 272
    startup_stm32f407xx.o        412
    stm32f4xx_hal.o              168        3       12
    stm32f4xx_hal_cortex.o       192
    stm32f4xx_hal_dma.o          868
    stm32f4xx_hal_gpio.o         518
    stm32f4xx_hal_hcd.o        2 160
    stm32f4xx_hal_msp.o           56
    stm32f4xx_hal_rcc.o        1 200
    stm32f4xx_hal_rcc_ex.o       300
    stm32f4xx_hal_rtc.o        1 092
    stm32f4xx_hal_spi.o        1 404
    stm32f4xx_hal_sram.o          84
    stm32f4xx_hal_tim.o        1 682
    stm32f4xx_hal_tim_ex.o       140
    stm32f4xx_it.o               122
    stm32f4xx_ll_fsmc.o          212
    stm32f4xx_ll_usb.o         1 600                 4
    sys_timer.o                  252               256
    system_stm32f4xx.o            48        1        4
    tgui.o                     7 516      372   14 768
    tgui_defaultfuncs.o        2 012        1        2
    tgui_filesscreenfuncs.o    2 472      119    2 613
    tgui_infoscreenfuncs.o       140       36
    tgui_langscreenfuncs.o        16
    tgui_movezscreenfuncs.o      648        1        4
    tim.o                        468               128
    touch.o                      484                20
    unicode_utils.o              470
    usb_host.o                   112               985
    usbh_conf.o                  584               708
    usbh_core.o                1 376
    usbh_ctlreq.o              1 272
    usbh_diskio.o                244       20
    usbh_ioreq.o                 152
    usbh_msc.o                 1 286       12       32
    usbh_msc_bot.o               578
    usbh_msc_scsi.o              766
    usbh_pipes.o                 124
    usbh_platform.o               20
    uvdisplay.o                   14
    z_endstops.o                 188        1        3
    z_planner.o                2 908        4      589
    z_stepper.o                1 280       15       68
    --------------------------------------------------
    Total:                    58 582   31 486   59 262

dl7M_tlf.a: [2]
    abort.o                        6
    cppinit.o                     24
    dlmalloc.o                 5 344               496
    exit.o                         4
    heaptramp0.o                   4
    low_level_init.o               4
    sprintf.o                     64
    strcat.o                      30
    xencoding_8859_1.o            30
    xfail_s.o                     64                 4
    xgetmemchunk.o                44                 4
    xlocale_c.o                  120       35      128
    xmbcurmax.o                   10
    xprintffull.o              3 910
    xsprout.o                     10
    --------------------------------------------------
    Total:                     9 668       35      632

dlpp7M_tl_fc.a: [3]
    --------------------------------------------------
    Total:

m7M_tls.a: [4]
    DblAdd.o                     362
    DblCmpGe.o                    46
    DblCmpLe.o                    46
    DblDiv.o                     582
    DblMul.o                     418
    DblSub.o                     226
    DblToS32.o                    58
    DblToU32.o                    40
    FltToDbl.o                    72
    S32ToDbl.o                    34
    U32ToDbl.o                    26
    ceilf.o                       60
    floorf.o                      60
    fpinit_M.o                    34
    frexp.o                      112
    ldexp.o                      314
    lroundf.o                     46
    sqrtf.o                       30
    --------------------------------------------------
    Total:                     2 566

rt7M_tl.a: [5]
    ABImemclr.o                    6
    ABImemclr4.o                   6
    ABImemcpy.o                  166
    ABImemset.o                  102
    ABImemset48.o                 50
    I64DivMod.o                  560
    cexit.o                       10
    cmain.o                       30
    cmain_call_ctors.o            32
    cstartup_M.o                  12
    data_init.o                   40
    lz77_init_single.o           122
    memchr.o                      88
    strchr.o                      22
    strcmp.o                      18
    strcpy.o                      24
    strlen.o                      54
    zero_init3.o                  58
    --------------------------------------------------
    Total:                     1 400

shb_l.a: [6]
    exit.o                        20
    unwind_debug.o                          1
    --------------------------------------------------
    Total:                        20        1

    Gaps                          53        8
    Linker created                         36   24 576
------------------------------------------------------
    Grand Total:              72 289   31 566   84 470


*******************************************************************************
*** ENTRY LIST
***

Entry                       Address    Size  Type      Object
-----                       -------    ----  ----      ------
.iar.init_table$$Base    0x802'93ec           --   Gb  - Linker created -
.iar.init_table$$Limit   0x802'9410           --   Gb  - Linker created -
?main                    0x802'9449          Code  Gb  cmain.o [5]
AHBPrescTable            0x802'9348    0x10  Data  Gb  system_stm32f4xx.o [1]
Appli_state             0x2000'637e     0x1  Data  Gb  usb_host.o [1]
Appli_state_old         0x2000'18e8     0x1  Data  Gb  main.o [1]
BusFault_Handler         0x802'9283     0x2  Code  Gb  stm32f4xx_it.o [1]
CFG_Init()               0x801'c19d    0xb0  Code  Gb  config.o [1]
CPLD_Init()              0x801'e7c1     0x2  Code  Gb  cpld_utils.o [1]
CSTACK$$Base            0x2000'7580           --   Gb  - Linker created -
CSTACK$$Limit           0x2000'b580           --   Gb  - Linker created -
CacheMore                0x801'9e05    0x24  Code  Lc  xlocale_c.o [2]
DMA1_Stream3_IRQHandler
                         0x802'9291     0x6  Code  Gb  stm32f4xx_it.o [1]
DMA1_Stream4_IRQHandler
                         0x802'9297     0x6  Code  Gb  stm32f4xx_it.o [1]
DMA2_Stream2_IRQHandler
                         0x802'92a9     0x6  Code  Gb  stm32f4xx_it.o [1]
DMA2_Stream5_IRQHandler
                         0x802'92af     0x6  Code  Gb  stm32f4xx_it.o [1]
DMA2_Stream7_IRQHandler
                         0x802'92a3     0x6  Code  Gb  stm32f4xx_it.o [1]
DMA_CalcBaseAndBitshift
                         0x801'983d    0x2c  Code  Lc  stm32f4xx_hal_dma.o [1]
DMA_CalcBaseAndBitshift::flagBitshiftOffset
                         0x801'9878     0x8  Data  Lc  stm32f4xx_hal_dma.o [1]
DTIME_GetDateTime(DATETIME_STRUCT *)
                         0x801'768f    0x6a  Code  Gb  datetime.o [1]
DTIME_GetMinutes()       0x801'7681     0x6  Code  Gb  datetime.o [1]
DeInitStateMachine       0x801'ecf9    0x46  Code  Lc  usbh_core.o [1]
DebugMon_Handler         0x802'9289     0x2  Code  Gb  stm32f4xx_it.o [1]
DeviceCode              0x2000'637c     0x2  Data  Gb  lcd_low.o [1]
EXTI0_IRQHandler         0x802'92e1     0x6  Code  Gb  stm32f4xx_it.o [1]
EXTI2_IRQHandler         0x802'92e7     0x4  Code  Gb  stm32f4xx_it.o [1]
Endstops::enabled       0x2000'036b     0x1  Data  Gb  z_endstops.o [1]
Endstops::hit_state     0x2000'036c     0x1  Data  Gb  z_endstops.o [1]
Endstops::init()         0x801'cdf3    0x2a  Code  Gb  z_endstops.o [1]
Endstops::live_state    0x2000'036d     0x1  Data  Gb  z_endstops.o [1]
Endstops::update()       0x801'ce1d    0x7c  Code  Gb  z_endstops.o [1]
EndstopsInterrupt        0x801'cdf1     0x2  Code  Gb  z_endstops.o [1]
Error_Handler            0x801'b045     0x2  Code  Gb  main.o [1]
ExCvt                    0x802'91fc    0x80  Data  Lc  ff.o [1]
FATFS_DelFileExtensionUTF
                         0x801'29ab    0x20  Code  Gb  fatfs.o [1]
FATFS_GetFileExtension   0x801'2949    0x2c  Code  Gb  fatfs.o [1]
FATFS_GetFileExtensionUTF
                         0x801'2975    0x36  Code  Gb  fatfs.o [1]
FATFS_Init               0x801'28e1    0x1c  Code  Gb  fatfs.o [1]
FATFS_LinkDriver         0x801'29ed    0x3e  Code  Gb  ff_gen_drv.o [1]
FLASH_SPIEnable          0x801'9ba9   0x17e  Code  Gb  fst_spi.o [1]
FLASH_SPIGetSpeed        0x801'9d3b     0xc  Code  Gb  fst_spi.o [1]
FLASH_SPIInit            0x801'9b55    0x54  Code  Gb  fst_spi.o [1]
FLASH_SPIReadBuff        0x801'9d5f    0x32  Code  Gb  fst_spi.o [1]
FLASH_SPIReadBuffDMA     0x801'9d91    0x26  Code  Gb  fst_spi.o [1]
FLASH_SPISetSpeed        0x801'9d27    0x14  Code  Gb  fst_spi.o [1]
FLASH_SPIWriteReadByte   0x801'9d47    0x18  Code  Gb  fst_spi.o [1]
FPWS_DrawPreview(FIL *, TG_RECT *)
                         0x802'6399   0x1cc  Code  Gb  files_pws.o [1]
FPWS_ReadFileInfo(FIL *)
                         0x802'62e5    0xb2  Code  Gb  files_pws.o [1]
FSMC_Initialized        0x2000'6364     0x4  Data  Lc  fsmc.o [1]
FSMC_NORSRAM_Extended_Timing_Init
                         0x801'ba81    0x3a  Code  Gb  stm32f4xx_ll_fsmc.o [1]
FSMC_NORSRAM_Init        0x801'b9f1    0x4e  Code  Gb  stm32f4xx_ll_fsmc.o [1]
FSMC_NORSRAM_Timing_Init
                         0x801'ba3f    0x3c  Code  Gb  stm32f4xx_ll_fsmc.o [1]
FatFs                   0x2000'5664     0x8  Data  Lc  ff.o [1]
Fsid                    0x2000'5660     0x2  Data  Lc  ff.o [1]
GPIO_Init                0x801'baf9   0x252  Code  Gb  gpio.o [1]
HAL_DMA_GetState         0x801'9835     0x6  Code  Gb  stm32f4xx_hal_dma.o [1]
HAL_DMA_IRQHandler       0x801'968d   0x1a8  Code  Gb  stm32f4xx_hal_dma.o [1]
HAL_DMA_Init             0x801'951d    0xee  Code  Gb  stm32f4xx_hal_dma.o [1]
HAL_DMA_Start_IT         0x801'960b    0x82  Code  Gb  stm32f4xx_hal_dma.o [1]
HAL_Delay                0x801'9409    0x28  Code  Wk  stm32f4xx_hal.o [1]
HAL_FSMC_MspInit         0x801'9497    0x6c  Code  Gb  fsmc.o [1]
HAL_GPIO_EXTI_IRQHandler
                         0x801'b2b1    0x10  Code  Gb  stm32f4xx_hal_gpio.o [1]
HAL_GPIO_Init            0x801'b0f1   0x1aa  Code  Gb  stm32f4xx_hal_gpio.o [1]
HAL_GPIO_ReadPin         0x801'b29b     0xe  Code  Gb  stm32f4xx_hal_gpio.o [1]
HAL_GPIO_WritePin        0x801'b2a9     0x8  Code  Gb  stm32f4xx_hal_gpio.o [1]
HAL_GetTick              0x801'2ec9     0xc  Code  Wk  stm32f4xx_hal.o [1]
HAL_HCD_Connect_Callback
                         0x801'f477     0x8  Code  Gb  usbh_conf.o [1]
HAL_HCD_Disconnect_Callback
                         0x801'f47f     0x8  Code  Gb  usbh_conf.o [1]
HAL_HCD_GetCurrentFrame
                         0x801'ff5f     0x6  Code  Gb  stm32f4xx_hal_hcd.o [1]
HAL_HCD_GetCurrentSpeed
                         0x801'ff65     0x6  Code  Gb  stm32f4xx_hal_hcd.o [1]
HAL_HCD_HC_GetURBState   0x801'ff45     0xe  Code  Gb  stm32f4xx_hal_hcd.o [1]
HAL_HCD_HC_GetXferCount
                         0x801'ff53     0xc  Code  Gb  stm32f4xx_hal_hcd.o [1]
HAL_HCD_HC_Halt          0x801'fc91    0x1e  Code  Gb  stm32f4xx_hal_hcd.o [1]
HAL_HCD_HC_Init          0x801'fc1f    0x72  Code  Gb  stm32f4xx_hal_hcd.o [1]
HAL_HCD_HC_NotifyURBChange_Callback
                         0x801'f487     0x2  Code  Gb  usbh_conf.o [1]
HAL_HCD_HC_SubmitRequest
                         0x801'fcb1    0x90  Code  Gb  stm32f4xx_hal_hcd.o [1]
HAL_HCD_IRQHandler       0x801'fd41   0x1b4  Code  Gb  stm32f4xx_hal_hcd.o [1]
HAL_HCD_Init             0x801'fbb1    0x6e  Code  Gb  stm32f4xx_hal_hcd.o [1]
HAL_HCD_MspInit          0x801'f3f5    0x7a  Code  Gb  usbh_conf.o [1]
HAL_HCD_PortDisabled_Callback
                         0x801'f491     0x8  Code  Gb  usbh_conf.o [1]
HAL_HCD_PortEnabled_Callback
                         0x801'f489     0x8  Code  Gb  usbh_conf.o [1]
HAL_HCD_ResetPort        0x801'ff3f     0x6  Code  Gb  stm32f4xx_hal_hcd.o [1]
HAL_HCD_SOF_Callback     0x801'f46f     0x8  Code  Gb  usbh_conf.o [1]
HAL_HCD_Start            0x801'fef5    0x24  Code  Gb  stm32f4xx_hal_hcd.o [1]
HAL_HCD_Stop             0x801'ff21    0x1e  Code  Gb  stm32f4xx_hal_hcd.o [1]
HAL_IncTick              0x801'7585    0x52  Code  Gb  sys_timer.o [1]
HAL_Init                 0x801'bac5    0x30  Code  Gb  stm32f4xx_hal.o [1]
HAL_InitTick             0x801'cd79    0x40  Code  Wk  stm32f4xx_hal.o [1]
HAL_MspInit              0x801'cdb9    0x38  Code  Gb  stm32f4xx_hal_msp.o [1]
HAL_NVIC_EnableIRQ       0x801'98ed    0x16  Code  Gb  stm32f4xx_hal_cortex.o [1]
HAL_NVIC_SetPriority     0x801'989b    0x52  Code  Gb  stm32f4xx_hal_cortex.o [1]
HAL_NVIC_SetPriorityGrouping
                         0x801'9881    0x1a  Code  Gb  stm32f4xx_hal_cortex.o [1]
HAL_RCCEx_PeriphCLKConfig
                         0x801'cc05   0x112  Code  Gb  stm32f4xx_hal_rcc_ex.o [1]
HAL_RCC_ClockConfig      0x801'ca7d   0x112  Code  Gb  stm32f4xx_hal_rcc.o [1]
HAL_RCC_GetSysClockFreq
                         0x801'cba5    0x60  Code  Wk  stm32f4xx_hal_rcc.o [1]
HAL_RCC_OscConfig        0x801'c755   0x328  Code  Wk  stm32f4xx_hal_rcc.o [1]
HAL_RTC_GetDate          0x801'2df3    0x5a  Code  Gb  stm32f4xx_hal_rtc.o [1]
HAL_RTC_GetTime          0x801'2c69    0x66  Code  Gb  stm32f4xx_hal_rtc.o [1]
HAL_RTC_Init             0x801'2a31    0xe6  Code  Gb  stm32f4xx_hal_rtc.o [1]
HAL_RTC_SetDate          0x801'2ccf   0x124  Code  Gb  stm32f4xx_hal_rtc.o [1]
HAL_RTC_SetTime          0x801'2b17   0x152  Code  Gb  stm32f4xx_hal_rtc.o [1]
HAL_SPI_Init             0x801'b2f9    0xb6  Code  Gb  stm32f4xx_hal_spi.o [1]
HAL_SPI_Receive_DMA      0x801'b3af    0xd6  Code  Gb  stm32f4xx_hal_spi.o [1]
HAL_SPI_TransmitReceive_DMA
                         0x801'b485    0xfc  Code  Gb  stm32f4xx_hal_spi.o [1]
HAL_SPI_TxRxCpltCallback
                         0x801'9941    0x1c  Code  Gb  fst_spi.o [1]
HAL_SRAM_Init            0x801'a8e5    0x54  Code  Gb  stm32f4xx_hal_sram.o [1]
HAL_SRAM_MspInit         0x801'9503     0x2  Code  Gb  fsmc.o [1]
HAL_SYSTICK_Config       0x801'9903    0x22  Code  Gb  stm32f4xx_hal_cortex.o [1]
HAL_TIMEx_MasterConfigSynchronization
                         0x801'f369    0x70  Code  Gb  stm32f4xx_hal_tim_ex.o [1]
HAL_TIM_Base_Init        0x801'e059    0x1e  Code  Gb  stm32f4xx_hal_tim.o [1]
HAL_TIM_Base_MspInit     0x801'df93    0x54  Code  Gb  tim.o [1]
HAL_TIM_Base_Start_IT    0x801'e077     0xe  Code  Gb  stm32f4xx_hal_tim.o [1]
HAL_TIM_Base_Stop_IT     0x801'e085    0x1e  Code  Gb  stm32f4xx_hal_tim.o [1]
HAL_TIM_ConfigClockSource
                         0x801'e371    0xfa  Code  Gb  stm32f4xx_hal_tim.o [1]
HAL_TIM_IRQHandler       0x801'e14d   0x14a  Code  Gb  stm32f4xx_hal_tim.o [1]
HAL_TIM_MspPostInit      0x801'dfe7    0x4a  Code  Gb  tim.o [1]
HAL_TIM_PWM_ConfigChannel
                         0x801'e297    0xda  Code  Gb  stm32f4xx_hal_tim.o [1]
HAL_TIM_PWM_Init         0x801'e0c5    0x1e  Code  Gb  stm32f4xx_hal_tim.o [1]
HAL_TIM_PWM_Start        0x801'e0e3    0x32  Code  Gb  stm32f4xx_hal_tim.o [1]
HCD_HC_IN_IRQHandler     0x801'ff6b   0x212  Code  Lc  stm32f4xx_hal_hcd.o [1]
HCD_HC_OUT_IRQHandler    0x802'017d   0x238  Code  Lc  stm32f4xx_hal_hcd.o [1]
HCD_RXQLVL_IRQHandler    0x802'03b5    0x68  Code  Lc  stm32f4xx_hal_hcd.o [1]
HEAP$$Base              0x2000'b580           --   Gb  - Linker created -
HEAP$$Limit             0x2000'd580           --   Gb  - Linker created -
HardFault_Handler        0x802'927f     0x2  Code  Gb  stm32f4xx_it.o [1]
IsrStepperHandler        0x801'd9f3    0x12  Code  Gb  z_stepper.o [1]
LANG_GetLanduadesCount()
                         0x801'7581     0x4  Code  Gb  languages.o [1]
LANG_GetLanguageName(unsigned char)
                         0x801'755b    0x10  Code  Gb  languages.o [1]
LANG_GetString(LNG_STRING_ID)
                         0x801'7551     0xa  Code  Gb  languages.o [1]
LANG_SetLanguage(unsigned char)
                         0x801'756b     0xc  Code  Gb  languages.o [1]
LCDUI_Clear()            0x801'7841     0xa  Code  Gb  lcd_ui.o [1]
LCDUI_DrawFastVLine(short, short, short)
                         0x801'784b    0x42  Code  Gb  lcd_ui.o [1]
LCDUI_DrawText(char *, unsigned short, short, short, short, short)
                         0x801'7a43   0x2e8  Code  Gb  lcd_ui.o [1]
LCDUI_FillRect(short, short, short, short)
                         0x801'788d    0x52  Code  Gb  lcd_ui.o [1]
LCDUI_FillRoundRect(short, short, short, short, short)
                         0x801'78df    0x54  Code  Gb  lcd_ui.o [1]
LCDUI_GetCurrentFontHeight()
                         0x801'7a39     0xa  Code  Gb  lcd_ui.o [1]
LCDUI_GetTextWidthUTF(char *)
                         0x801'7a0d    0x2c  Code  Gb  lcd_ui.o [1]
LCDUI_Init()             0x801'773d    0x28  Code  Gb  lcd_ui.o [1]
LCDUI_SetBackColor(unsigned short)
                         0x801'781f     0xc  Code  Gb  lcd_ui.o [1]
LCDUI_SetColor(unsigned short)
                         0x801'7813     0xc  Code  Gb  lcd_ui.o [1]
LCDUI_SetCursorCoord(short, short)
                         0x801'782b    0x16  Code  Gb  lcd_ui.o [1]
LCDUI_SetFont(LCDUI_FONT_TYPE)
                         0x801'79c5    0x40  Code  Gb  lcd_ui.o [1]
LCD_BackLight            0x801'80d1    0x14  Code  Gb  lcd_low.o [1]
LCD_Clear                0x801'807d    0x54  Code  Gb  lcd_low.o [1]
LCD_CtrlLinesConfig      0x801'7d51    0x8e  Code  Gb  lcd_low.o [1]
LCD_Initializtion        0x801'7e31   0x1d4  Code  Gb  lcd_low.o [1]
LCD_SetCursor            0x801'8005    0x28  Code  Gb  lcd_low.o [1]
LCD_SetWindows           0x801'802d    0x50  Code  Gb  lcd_low.o [1]
LCD_WaitDMAReady         0x801'7e1f    0x12  Code  Gb  lcd_low.o [1]
LCD_WriteCmd             0x801'7ddf     0x8  Code  Gb  lcd_low.o [1]
LCD_WriteRAM             0x801'7df1     0x8  Code  Gb  lcd_low.o [1]
LCD_WriteRAM_DMA         0x801'7df9    0x26  Code  Gb  lcd_low.o [1]
LCD_WriteRAM_Prepare     0x801'7de7     0xa  Code  Gb  lcd_low.o [1]
LfnBuf                  0x2000'566c   0x200  Data  Lc  ff.o [1]
LfnOfs                   0x801'0dd8    0x10  Data  Lc  ff.o [1]
LoadInt                  0x801'8683    0x7a  Code  Lc  xprintffull.o [2]
MIPI_Off()               0x801'ec5d    0x26  Code  Gb  ssd_utils.o [1]
MIPI_On()                0x801'ec83    0x24  Code  Gb  ssd_utils.o [1]
MX_FSMC_Init             0x801'9431    0x66  Code  Gb  fsmc.o [1]
MemManage_Handler        0x802'9281     0x2  Code  Gb  stm32f4xx_it.o [1]
NMI_Handler              0x802'927d     0x2  Code  Gb  stm32f4xx_it.o [1]
OTG_FS_IRQHandler        0x802'929d     0x6  Code  Gb  stm32f4xx_it.o [1]
PFILE_DrawPreview(FIL *, TG_RECT *)
                         0x802'6297    0x10  Code  Gb  prtfiles.o [1]
PFILE_Init(FIL *, FILES_TYPE)
                         0x802'6275    0x22  Code  Gb  prtfiles.o [1]
PendSV_Handler           0x802'928b     0x2  Code  Gb  stm32f4xx_it.o [1]
Planner::_buffer_steps(int, float, float)
                         0x801'd3d9    0x76  Code  Gb  z_planner.o [1]
Planner::_populate_block(block_t *, bool, int, float, float)
                         0x801'd455   0x406  Code  Gb  z_planner.o [1]
Planner::_populate_block(block_t *, bool, int32_t, float, float)::previous_safe_speed
                        0x2000'621c     0x4  Data  Lc  z_planner.o [1]
Planner::block_buffer   0x2000'586c   0x200  Data  Gb  z_planner.o [1]
Planner::block_buffer_head
                        0x2000'61d4     0x1  Data  Gb  z_planner.o [1]
Planner::block_buffer_nonbusy
                        0x2000'61d5     0x1  Data  Gb  z_planner.o [1]
Planner::block_buffer_planned
                        0x2000'61d6     0x1  Data  Gb  z_planner.o [1]
Planner::block_buffer_tail
                        0x2000'61d7     0x1  Data  Gb  z_planner.o [1]
Planner::buffer_segment(float, float, float const &)
                         0x801'd8b7    0x3c  Code  Gb  z_planner.o [1]
Planner::buffer_sync_block()
                         0x801'd85b    0x5c  Code  Gb  z_planner.o [1]
Planner::calculate_trapezoid_for_block(block_t *, float const &, float const &)
                         0x801'cf1d   0x150  Code  Gb  z_planner.o [1]
Planner::cleaning_buffer_counter
                        0x2000'61da     0x2  Data  Gb  z_planner.o [1]
Planner::cutoff_long    0x2000'6210     0x4  Data  Gb  z_planner.o [1]
Planner::delay_before_delivering
                        0x2000'61d8     0x1  Data  Gb  z_planner.o [1]
Planner::endstop_triggered()
                         0x801'd3b9     0x4  Code  Gb  z_planner.o [1]
Planner::estimate_acceleration_distance(float, float, float)
                         0x801'f259    0x58  Code  Gb  z_planner.o [1]
Planner::forward_pass()
                         0x801'd209    0x44  Code  Gb  z_planner.o [1]
Planner::forward_pass_kernel(block_t const *, block_t *, unsigned char)
                         0x801'd185    0x84  Code  Gb  z_planner.o [1]
Planner::get_current_block()
                         0x801'cecb    0x50  Code  Gb  z_planner.o [1]
Planner::init()          0x801'ceb3    0x18  Code  Gb  z_planner.o [1]
Planner::max_acceleration_steps_per_s2
                        0x2000'6204     0x4  Data  Gb  z_planner.o [1]
Planner::position       0x2000'620c     0x4  Data  Gb  z_planner.o [1]
Planner::previous_nominal_speed_sqr
                        0x2000'6218     0x4  Data  Gb  z_planner.o [1]
Planner::previous_speed
                        0x2000'6214     0x4  Data  Gb  z_planner.o [1]
Planner::quick_stop()    0x801'd375    0x40  Code  Gb  z_planner.o [1]
Planner::recalculate()   0x801'd353    0x22  Code  Gb  z_planner.o [1]
Planner::recalculate_trapezoids()
                         0x801'd251   0x102  Code  Gb  z_planner.o [1]
Planner::refresh_positioning()
                         0x801'd959    0x2c  Code  Gb  z_planner.o [1]
Planner::reset_acceleration_rates()
                         0x801'd927    0x2c  Code  Gb  z_planner.o [1]
Planner::reverse_pass()
                         0x801'd133    0x52  Code  Gb  z_planner.o [1]
Planner::reverse_pass_kernel(block_t *, block_t const *)
                         0x801'd06d    0xc6  Code  Gb  z_planner.o [1]
Planner::set_machine_position_mm(float)
                         0x801'd8f9    0x28  Code  Gb  z_planner.o [1]
Planner::set_position_mm(float)
                         0x801'd925     0x2  Code  Gb  z_planner.o [1]
Planner::settings       0x2000'61dc    0x28  Data  Gb  z_planner.o [1]
Planner::steps_to_mm    0x2000'6208     0x4  Data  Gb  z_planner.o [1]
Planner::synchronize()   0x801'd3bd    0x1c  Code  Gb  z_planner.o [1]
RTC_Bcd2ToByte           0x801'2e61    0x12  Code  Gb  stm32f4xx_hal_rtc.o [1]
RTC_Enable               0x801'c17d    0x10  Code  Gb  rtc.o [1]
RTC_Init                 0x801'c0ed    0x90  Code  Gb  rtc.o [1]
Region$$Table$$Base      0x802'93ec           --   Gb  - Linker created -
Region$$Table$$Limit     0x802'9410           --   Gb  - Linker created -
SHT$$INIT_ARRAY$$Base    0x802'94e0           --   Gb  - Linker created -
SHT$$INIT_ARRAY$$Limit   0x802'94e4           --   Gb  - Linker created -
SHT$$PREINIT_ARRAY$$Base
                         0x802'94e0           --   Gb  - Linker created -
SHT$$PREINIT_ARRAY$$Limit
                         0x802'94e0           --   Gb  - Linker created -
SPIFL_Driver             0x802'947c    0x14  Data  Gb  spifl_diskio.o [1]
SPIFL_EraseSector        0x801'bf33    0x50  Code  Gb  spi_flash.o [1]
SPIFL_Init               0x801'bdf3    0x56  Code  Gb  spi_flash.o [1]
SPIFL_ReadBuff           0x801'beb3    0x80  Code  Gb  spi_flash.o [1]
SPIFL_ReadID             0x801'be49    0x6a  Code  Gb  spi_flash.o [1]
SPIFL_WriteBuff          0x801'bf97   0x14a  Code  Gb  spi_flash.o [1]
SPIFL_initialize         0x802'8f79    0x18  Code  Gb  spifl_diskio.o [1]
SPIFL_ioctl              0x802'900d    0x36  Code  Gb  spifl_diskio.o [1]
SPIFL_read               0x802'8f9f    0x2e  Code  Gb  spifl_diskio.o [1]
SPIFL_status             0x802'8f91     0xe  Code  Gb  spifl_diskio.o [1]
SPIFL_write              0x802'8fcd    0x2e  Code  Gb  spifl_diskio.o [1]
SPI_DMAError             0x801'b691    0x22  Code  Lc  stm32f4xx_hal_spi.o [1]
SPI_DMAHalfReceiveCplt   0x801'b681     0x6  Code  Lc  stm32f4xx_hal_spi.o [1]
SPI_DMAHalfTransmitReceiveCplt
                         0x801'b689     0x6  Code  Lc  stm32f4xx_hal_spi.o [1]
SPI_DMAReceiveCplt       0x801'b5ad    0x68  Code  Lc  stm32f4xx_hal_spi.o [1]
SPI_DMATransmitReceiveCplt
                         0x801'b61d    0x5a  Code  Lc  stm32f4xx_hal_spi.o [1]
SPI_EndRxTransaction     0x801'b6b5    0xf2  Code  Lc  stm32f4xx_hal_spi.o [1]
SPI_EndRxTxTransaction   0x801'b7a7    0xbe  Code  Lc  stm32f4xx_hal_spi.o [1]
SSD_Init()               0x801'eb3d    0x94  Code  Gb  ssd_utils.o [1]
SSD_SleepIn()            0x801'ebd1    0x82  Code  Gb  ssd_utils.o [1]
SVC_Handler              0x802'9287     0x2  Code  Gb  stm32f4xx_it.o [1]
SYSTIMER_GetCountDown    0x801'7645    0x18  Code  Gb  sys_timer.o [1]
SYSTIMER_Init            0x801'75d7    0x3c  Code  Gb  sys_timer.o [1]
SYSTIMER_NewCountDown    0x801'7613    0x32  Code  Gb  sys_timer.o [1]
SYSTIMER_SetCountDown    0x801'765d    0x16  Code  Gb  sys_timer.o [1]
SpiflFS                 0x2000'375c  0x1038  Data  Gb  fatfs.o [1]
SpiflPath               0x2000'6318     0x8  Data  Gb  fatfs.o [1]
Stepper::abort_current_block
                        0x2000'02a6     0x1  Data  Gb  z_stepper.o [1]
Stepper::acc_step_rate  0x2000'02d8     0x4  Data  Gb  z_stepper.o [1]
Stepper::accelerate_until
                        0x2000'02c8     0x4  Data  Gb  z_stepper.o [1]
Stepper::acceleration_time
                        0x2000'02b0     0x4  Data  Gb  z_stepper.o [1]
Stepper::advance_dividend
                        0x2000'02bc     0x4  Data  Gb  z_stepper.o [1]
Stepper::advance_divisor
                        0x2000'02c0     0x4  Data  Gb  z_stepper.o [1]
Stepper::axis_did_move  0x2000'02a5     0x1  Data  Gb  z_stepper.o [1]
Stepper::block_phase_isr()
                         0x801'dbe5   0x1c0  Code  Gb  z_stepper.o [1]
Stepper::count_direction
                        0x2000'02a8     0x1  Data  Gb  z_stepper.o [1]
Stepper::count_position
                        0x2000'02e0     0x4  Data  Gb  z_stepper.o [1]
Stepper::current_block  0x2000'02ac     0x4  Data  Gb  z_stepper.o [1]
Stepper::decelerate_after
                        0x2000'02cc     0x4  Data  Gb  z_stepper.o [1]
Stepper::deceleration_time
                        0x2000'02b4     0x4  Data  Gb  z_stepper.o [1]
Stepper::delta_error    0x2000'02b8     0x4  Data  Gb  z_stepper.o [1]
Stepper::discard_current_block()
                         0x801'f33d    0x2c  Code  Gb  z_stepper.o [1]
Stepper::endstop_triggered()
                         0x801'de1b    0x28  Code  Gb  z_stepper.o [1]
Stepper::endstops_trigsteps
                        0x2000'02dc     0x4  Data  Gb  z_stepper.o [1]
Stepper::init()          0x801'ddb5    0x3a  Code  Gb  z_stepper.o [1]
Stepper::is_block_busy(block_t const *)
                         0x801'dda5    0x10  Code  Gb  z_stepper.o [1]
Stepper::isr()           0x801'da05    0xa0  Code  Gb  z_stepper.o [1]
Stepper::isr()::nextMainISR
                        0x2000'6370     0x4  Data  Lc  z_stepper.o [1]
Stepper::last_direction_bits
                        0x2000'02a4     0x1  Data  Gb  z_stepper.o [1]
Stepper::pulse_phase_isr()
                         0x801'daa5   0x140  Code  Gb  z_stepper.o [1]
Stepper::set_directions()
                         0x801'd9b1    0x42  Code  Gb  z_stepper.o [1]
Stepper::set_position(int)
                         0x801'ddef    0x2c  Code  Gb  z_stepper.o [1]
Stepper::step_event_count
                        0x2000'02d0     0x4  Data  Gb  z_stepper.o [1]
Stepper::step_events_completed
                        0x2000'02c4     0x4  Data  Gb  z_stepper.o [1]
Stepper::steps_per_isr  0x2000'02a7     0x1  Data  Gb  z_stepper.o [1]
Stepper::ticks_nominal  0x2000'02d4     0x4  Data  Gb  z_stepper.o [1]
SysTick_Handler          0x802'928d     0x4  Code  Gb  stm32f4xx_it.o [1]
SystemClock_Config()     0x801'af4d    0xb4  Code  Gb  main.o [1]
SystemCoreClock         0x2000'007c     0x4  Data  Gb  system_stm32f4xx.o [1]
SystemInit               0x802'9329    0x12  Code  Gb  system_stm32f4xx.o [1]
TGUI_DrawLogo()          0x801'6919     0x8  Code  Gb  tgui.o [1]
TGUI_ForceRepaint()      0x801'6921    0x10  Code  Gb  tgui.o [1]
TGUI_Init()              0x801'4f95  0x18c2  Code  Gb  tgui.o [1]
TGUI_PointInRect(TOUCH_POINT *, TG_RECT *)
                         0x801'4f69    0x2c  Code  Gb  tgui.o [1]
TGUI_Process()           0x801'6931    0x10  Code  Gb  tgui.o [1]
TGUI_USBStateChanged()   0x801'6951    0x12  Code  Gb  tgui.o [1]
TIM2_IRQHandler          0x802'92b5    0x10  Code  Gb  stm32f4xx_it.o [1]
TIM_Base_SetConfig       0x801'e46b    0xa0  Code  Gb  stm32f4xx_hal_tim.o [1]
TIM_OC1_SetConfig        0x801'e50b    0x5c  Code  Lc  stm32f4xx_hal_tim.o [1]
TIM_OC2_SetConfig        0x801'e567    0x60  Code  Gb  stm32f4xx_hal_tim.o [1]
TIM_OC3_SetConfig        0x801'e5c7    0x5c  Code  Lc  stm32f4xx_hal_tim.o [1]
TIM_OC4_SetConfig        0x801'e629    0x48  Code  Lc  stm32f4xx_hal_tim.o [1]
TIM_TI1_ConfigInputStage
                         0x801'e6a1    0x24  Code  Lc  stm32f4xx_hal_tim.o [1]
TIM_TI2_ConfigInputStage
                         0x801'e6c5    0x26  Code  Lc  stm32f4xx_hal_tim.o [1]
TIM_ZRef_Init            0x801'def5    0x9e  Code  Gb  tim.o [1]
TIM_ZStepper_Init        0x801'de85    0x6e  Code  Gb  tim.o [1]
TOUCH_SPIEnable          0x801'99b3   0x13e  Code  Gb  fst_spi.o [1]
TOUCH_SPIGetState        0x801'9b4d     0x8  Code  Gb  fst_spi.o [1]
TOUCH_SPIInit            0x801'995d    0x56  Code  Gb  fst_spi.o [1]
TOUCH_SPIStartRead       0x801'9af1    0x5c  Code  Gb  fst_spi.o [1]
Timers                  0x2000'5c44   0x100  Data  Gb  sys_timer.o [1]
Touch_Enable             0x801'847b     0x4  Code  Gb  touch.o [1]
Touch_GetCoords          0x801'8495     0xc  Code  Gb  touch.o [1]
Touch_GetState           0x801'847f     0x6  Code  Gb  touch.o [1]
Touch_Init               0x801'8451    0x2a  Code  Gb  touch.o [1]
Touch_IsPressed          0x801'84a1    0x16  Code  Gb  touch.o [1]
Touch_SetWorked          0x801'8485    0x10  Code  Gb  touch.o [1]
USBH_AllocPipe           0x801'f661    0x40  Code  Gb  usbh_pipes.o [1]
USBH_BulkReceiveData     0x802'0497    0x14  Code  Gb  usbh_ioreq.o [1]
USBH_BulkSendData        0x802'046d    0x1c  Code  Gb  usbh_ioreq.o [1]
USBH_ClosePipe           0x801'f657     0xa  Code  Gb  usbh_pipes.o [1]
USBH_ClrFeature          0x801'f859    0x4a  Code  Gb  usbh_ctlreq.o [1]
USBH_CtlReceiveData      0x802'0457    0x16  Code  Gb  usbh_ioreq.o [1]
USBH_CtlReq              0x801'f9e3    0x40  Code  Gb  usbh_ctlreq.o [1]
USBH_CtlSendData         0x802'0439    0x1e  Code  Gb  usbh_ioreq.o [1]
USBH_CtlSendSetup        0x802'0421    0x18  Code  Gb  usbh_ioreq.o [1]
USBH_Delay               0x801'f639     0x4  Code  Gb  usbh_conf.o [1]
USBH_Driver              0x802'9490    0x14  Data  Gb  usbh_diskio.o [1]
USBH_FindInterface       0x801'ed79    0x3c  Code  Gb  usbh_core.o [1]
USBH_FreePipe            0x801'f6a1    0x18  Code  Gb  usbh_pipes.o [1]
USBH_Get_CfgDesc         0x801'f6fb    0x42  Code  Gb  usbh_ctlreq.o [1]
USBH_Get_DevDesc         0x801'f6b9    0x42  Code  Gb  usbh_ctlreq.o [1]
USBH_Get_StringDesc      0x801'f73d    0x64  Code  Gb  usbh_ctlreq.o [1]
USBH_HandleControl       0x801'fa25   0x18c  Code  Lc  usbh_ctlreq.o [1]
USBH_HandleEnum          0x801'eff9   0x1b8  Code  Lc  usbh_core.o [1]
USBH_Init                0x801'ecbd    0x3c  Code  Gb  usbh_core.o [1]
USBH_LL_ClosePipe        0x801'f597    0x1c  Code  Gb  usbh_conf.o [1]
USBH_LL_Connect          0x801'f1df    0x12  Code  Gb  usbh_core.o [1]
USBH_LL_Disconnect       0x801'f1f1    0x12  Code  Gb  usbh_core.o [1]
USBH_LL_DriverVBUS       0x801'f5e9    0x1a  Code  Gb  usbh_conf.o [1]
USBH_LL_GetLastXferSize
                         0x801'f565     0x8  Code  Gb  usbh_conf.o [1]
USBH_LL_GetSpeed         0x801'f52d    0x1c  Code  Gb  usbh_conf.o [1]
USBH_LL_GetToggle        0x801'f61f    0x1a  Code  Gb  usbh_conf.o [1]
USBH_LL_GetURBState      0x801'f5e1     0x8  Code  Gb  usbh_conf.o [1]
USBH_LL_IncTimer         0x801'f1b7    0x1c  Code  Gb  usbh_core.o [1]
USBH_LL_Init             0x801'f499    0x4c  Code  Gb  usbh_conf.o [1]
USBH_LL_OpenPipe         0x801'f56d    0x2a  Code  Gb  usbh_conf.o [1]
USBH_LL_PortDisabled     0x801'f1d7     0x2  Code  Gb  usbh_core.o [1]
USBH_LL_PortEnabled      0x801'f1d3     0x4  Code  Gb  usbh_core.o [1]
USBH_LL_ResetPort        0x801'f549    0x1c  Code  Gb  usbh_conf.o [1]
USBH_LL_SetTimer         0x801'f1b1     0x6  Code  Gb  usbh_core.o [1]
USBH_LL_SetToggle        0x801'f603    0x1c  Code  Gb  usbh_conf.o [1]
USBH_LL_Start            0x801'f4f5    0x1c  Code  Gb  usbh_conf.o [1]
USBH_LL_Stop             0x801'f511    0x1c  Code  Gb  usbh_conf.o [1]
USBH_LL_SubmitURB        0x801'f5b3    0x2e  Code  Gb  usbh_conf.o [1]
USBH_MSC_BOT_Abort       0x802'7af9    0x22  Code  Lc  usbh_msc_bot.o [1]
USBH_MSC_BOT_Init        0x802'7905    0x1a  Code  Gb  usbh_msc_bot.o [1]
USBH_MSC_BOT_Process     0x802'7921   0x1ca  Code  Gb  usbh_msc_bot.o [1]
USBH_MSC_BOT_REQ_GetMaxLUN
                         0x802'78ef    0x16  Code  Gb  usbh_msc_bot.o [1]
USBH_MSC_BOT_REQ_Reset   0x802'78d9    0x16  Code  Gb  usbh_msc_bot.o [1]
USBH_MSC_ClassRequest    0x802'750b    0x70  Code  Lc  usbh_msc.o [1]
USBH_MSC_GetLUNInfo      0x802'77b5    0x2a  Code  Gb  usbh_msc.o [1]
USBH_MSC_InterfaceDeInit
                         0x802'74bd    0x4e  Code  Lc  usbh_msc.o [1]
USBH_MSC_InterfaceInit   0x802'73d1    0xec  Code  Lc  usbh_msc.o [1]
USBH_MSC_Process         0x802'757d   0x19a  Code  Lc  usbh_msc.o [1]
USBH_MSC_RdWrProcess     0x802'771b    0x76  Code  Lc  usbh_msc.o [1]
USBH_MSC_Read            0x802'77df    0x74  Code  Gb  usbh_msc.o [1]
USBH_MSC_SCSI_Inquiry    0x802'7bdd    0xc8  Code  Gb  usbh_msc_scsi.o [1]
USBH_MSC_SCSI_Read       0x802'7da1    0x7c  Code  Gb  usbh_msc_scsi.o [1]
USBH_MSC_SCSI_ReadCapacity
                         0x802'7b6b    0x72  Code  Gb  usbh_msc_scsi.o [1]
USBH_MSC_SCSI_RequestSense
                         0x802'7ca5    0x80  Code  Gb  usbh_msc_scsi.o [1]
USBH_MSC_SCSI_TestUnitReady
                         0x802'7b1f    0x4c  Code  Gb  usbh_msc_scsi.o [1]
USBH_MSC_SCSI_Write      0x802'7d25    0x7c  Code  Gb  usbh_msc_scsi.o [1]
USBH_MSC_SOFProcess      0x802'7717     0x4  Code  Lc  usbh_msc.o [1]
USBH_MSC_UnitIsReady     0x802'7791    0x24  Code  Gb  usbh_msc.o [1]
USBH_MSC_Write           0x802'7853    0x74  Code  Gb  usbh_msc.o [1]
USBH_OpenPipe            0x801'f63d    0x1a  Code  Gb  usbh_pipes.o [1]
USBH_ParseCfgDesc        0x801'f8fd    0xe6  Code  Lc  usbh_ctlreq.o [1]
USBH_ParseDevDesc        0x801'f8a3    0x5a  Code  Lc  usbh_ctlreq.o [1]
USBH_Process             0x801'edc9   0x22e  Code  Gb  usbh_core.o [1]
USBH_RegisterClass       0x801'ed3f    0x22  Code  Gb  usbh_core.o [1]
USBH_SelectInterface     0x801'ed61    0x18  Code  Gb  usbh_core.o [1]
USBH_SetAddress          0x801'f7a1    0x1a  Code  Gb  usbh_ctlreq.o [1]
USBH_SetCfg              0x801'f7bb    0x4a  Code  Gb  usbh_ctlreq.o [1]
USBH_SetFeature          0x801'f80f    0x4a  Code  Gb  usbh_ctlreq.o [1]
USBH_Start               0x801'edb5    0x14  Code  Gb  usbh_core.o [1]
USBH_UserProcess         0x801'c485    0x26  Code  Lc  usb_host.o [1]
USBH_initialize          0x802'8e85     0x4  Code  Gb  usbh_diskio.o [1]
USBH_ioctl               0x802'8f1d    0x56  Code  Gb  usbh_diskio.o [1]
USBH_msc                0x2000'0284    0x20  Data  Gb  usbh_msc.o [1]
USBH_read                0x802'8e9d    0x38  Code  Gb  usbh_diskio.o [1]
USBH_status              0x802'8e89    0x14  Code  Gb  usbh_diskio.o [1]
USBH_write               0x802'8ed5    0x42  Code  Gb  usbh_diskio.o [1]
USB_CoreInit             0x802'04b9    0x78  Code  Gb  stm32f4xx_ll_usb.o [1]
USB_CoreReset            0x802'05bd    0x2a  Code  Lc  stm32f4xx_ll_usb.o [1]
USB_DisableGlobalInt     0x802'0539     0x6  Code  Gb  stm32f4xx_ll_usb.o [1]
USB_DriveVbus            0x802'0739    0x40  Code  Gb  stm32f4xx_ll_usb.o [1]
USB_EnableGlobalInt      0x802'0531     0x8  Code  Gb  stm32f4xx_ll_usb.o [1]
USB_FlushRxFifo          0x802'056d    0x1a  Code  Gb  stm32f4xx_ll_usb.o [1]
USB_GetCurrentFrame      0x802'0797     0xa  Code  Gb  stm32f4xx_ll_usb.o [1]
USB_GetHostSpeed         0x802'077f    0x18  Code  Gb  stm32f4xx_ll_usb.o [1]
USB_GetMode              0x802'05b5     0x8  Code  Gb  stm32f4xx_ll_usb.o [1]
USB_HC_Halt              0x802'09e3    0x68  Code  Gb  stm32f4xx_ll_usb.o [1]
USB_HC_Init              0x802'07a1    0xe0  Code  Gb  stm32f4xx_ll_usb.o [1]
USB_HC_ReadInterrupt     0x802'09d9     0xa  Code  Gb  stm32f4xx_ll_usb.o [1]
USB_HC_StartXfer         0x802'0881   0x154  Code  Gb  stm32f4xx_ll_usb.o [1]
USB_HC_StartXfer::tmpreg
                        0x2000'636c     0x4  Data  Lc  stm32f4xx_ll_usb.o [1]
USB_HOST_Init            0x801'c449    0x36  Code  Gb  usb_host.o [1]
USB_HOST_Process         0x801'c47f     0x6  Code  Gb  usb_host.o [1]
USB_HOST_VbusFS          0x801'c435    0x14  Code  Gb  usbh_platform.o [1]
USB_HostInit             0x802'05e7    0xe2  Code  Gb  stm32f4xx_ll_usb.o [1]
USB_InitFSLSPClkSel      0x802'06d1    0x32  Code  Gb  stm32f4xx_ll_usb.o [1]
USB_ReadInterrupts       0x802'05ab     0xa  Code  Gb  stm32f4xx_ll_usb.o [1]
USB_ReadPacket           0x802'0587    0x18  Code  Gb  stm32f4xx_ll_usb.o [1]
USB_ResetPort            0x802'0703    0x36  Code  Gb  stm32f4xx_ll_usb.o [1]
USB_SetCurrentMode       0x802'0545    0x28  Code  Gb  stm32f4xx_ll_usb.o [1]
USB_StopHost             0x802'0a4b    0x82  Code  Gb  stm32f4xx_ll_usb.o [1]
UTF8toANSI(char *)       0x801'8105    0x2c  Code  Gb  unicode_utils.o [1]
UTF8toUnicode(char *)    0x801'8131    0x2e  Code  Gb  unicode_utils.o [1]
UVD_Init()               0x801'c425     0xe  Code  Gb  uvdisplay.o [1]
UnicodeToANSI_Str(char *, unsigned short *, unsigned short)
                         0x801'81c9    0x56  Code  Gb  unicode_utils.o [1]
UnicodeToUTF8_Str(char *, unsigned short *, unsigned short)
                         0x801'815f    0x6a  Code  Gb  unicode_utils.o [1]
UsageFault_Handler       0x802'9285     0x2  Code  Gb  stm32f4xx_it.o [1]
UsbFS                   0x2000'2724  0x1038  Data  Gb  fatfs.o [1]
UsbMounted              0x2000'18e9     0x1  Data  Gb  main.o [1]
UsbPath                 0x2000'6310     0x8  Data  Gb  fatfs.o [1]
ZMOTOR_DisableEndstops()
                         0x801'c3c9    0x10  Code  Gb  motor.o [1]
ZMOTOR_EnableEndstops()
                         0x801'c3bf     0xa  Code  Gb  motor.o [1]
ZMOTOR_GetCurrentPosition()
                         0x801'c3a9    0x16  Code  Gb  motor.o [1]
ZMOTOR_GetEndstopState()
                         0x801'c381     0x6  Code  Gb  motor.o [1]
ZMOTOR_Init()            0x801'c259    0xa6  Code  Gb  motor.o [1]
ZMOTOR_IsMotorEnabled()
                         0x801'c347     0x6  Code  Gb  motor.o [1]
ZMOTOR_IsMoving()        0x801'c387    0x1a  Code  Gb  motor.o [1]
ZMOTOR_MotorDisable()    0x801'c32b    0x1c  Code  Gb  motor.o [1]
ZMOTOR_MotorEnable()     0x801'c2ff    0x2c  Code  Gb  motor.o [1]
ZMOTOR_MoveAbsolute(float, float)
                         0x801'c34d     0xe  Code  Gb  motor.o [1]
ZMOTOR_SetFullCurrent()
                         0x801'c35b     0x8  Code  Gb  motor.o [1]
ZMOTOR_SetHoldCurrent()
                         0x801'c377     0xa  Code  Gb  motor.o [1]
ZMOTOR_SetPosition(float)
                         0x801'c3a1     0x4  Code  Gb  motor.o [1]
ZMOTOR_Stop()            0x801'c3a5     0x4  Code  Gb  motor.o [1]
_Encoding_8859_1_Mbrlen
                         0x801'2ebd     0x2  Code  Gb  xencoding_8859_1.o [2]
_Encoding_8859_1_Wctomb
                         0x801'2eab    0x12  Code  Gb  xencoding_8859_1.o [2]
_GenldFull               0x801'90e1   0x274  Code  Lc  xprintffull.o [2]
_LdtobFull               0x801'8cdd   0x3d6  Code  Lc  xprintffull.o [2]
_LitobFull               0x801'8b8d   0x10a  Code  Lc  xprintffull.o [2]
_Locale_lconv           0x2000'02e4    0x38  Data  Lc  xlocale_c.o [2]
_PrintfFull              0x801'84c1   0x1aa  Code  Gb  xprintffull.o [2]
_PutcharsFull            0x801'9355    0x2e  Code  Lc  xprintffull.o [2]
_PutfldFull              0x801'86fd   0x2d4  Code  Lc  xprintffull.o [2]
_PutstrFull              0x801'8ac7    0xc6  Code  Lc  xprintffull.o [2]
_PuttxtFull              0x801'89d1    0xf6  Code  Lc  xprintffull.o [2]
_SProut                  0x801'7547     0xa  Code  Gb  xsprout.o [2]
__aeabi_cdcmple          0x801'a379          Code  Gb  DblCmpLe.o [4]
__aeabi_cdrcmple         0x801'a3a9          Code  Gb  DblCmpGe.o [4]
__aeabi_d2iz             0x801'a515          Code  Gb  DblToS32.o [4]
__aeabi_d2uiz            0x801'a8a1          Code  Gb  DblToU32.o [4]
__aeabi_ddiv             0x801'a659          Code  Gb  DblDiv.o [4]
__aeabi_dmul             0x801'a165          Code  Gb  DblMul.o [4]
__aeabi_dsub             0x801'a575          Code  Gb  DblSub.o [4]
__aeabi_f2d              0x801'e6ed          Code  Gb  FltToDbl.o [4]
__aeabi_i2d              0x801'a551          Code  Gb  S32ToDbl.o [4]
__aeabi_memclr           0x801'26b1          Code  Gb  ABImemclr.o [5]
__aeabi_memclr4          0x801'b875          Code  Gb  ABImemclr4.o [5]
__aeabi_memcpy           0x801'74a1          Code  Gb  ABImemcpy.o [5]
__aeabi_memcpy4          0x801'74c1          Code  Gb  ABImemcpy.o [5]
__aeabi_memcpy8          0x801'74c1          Code  Gb  ABImemcpy.o [5]
__aeabi_memset           0x801'2841          Code  Gb  ABImemset.o [5]
__aeabi_ui2d             0x801'a8c9          Code  Gb  U32ToDbl.o [4]
__aeabi_uldivmod         0x801'9f35          Code  Gb  I64DivMod.o [5]
__call_ctors             0x802'9431    0x18  Code  Gb  cppinit.o [2]
__cmain                  0x802'9449          Code  Gb  cmain.o [5]
__data_GetMemChunk       0x802'3935    0x2c  Code  Gb  xgetmemchunk.o [2]
__data_GetMemChunk::start
                        0x2000'6378     0x4  Data  Lc  xgetmemchunk.o [2]
__exit                   0x801'cd65    0x14  Code  Gb  exit.o [6]
__iar_Fail_s             0x801'9e91    0x1c  Code  Gb  xfail_s.o [2]
__iar_Mbcurmax           0x801'9f29     0xa  Code  Gb  xmbcurmax.o [2]
__iar_Memchr             0x801'9ed1          Code  Gb  memchr.o [5]
__iar_Memset             0x801'2841          Code  Gb  ABImemset.o [5]
__iar_Memset4_word       0x801'cd31          Code  Gb  ABImemset48.o [5]
__iar_Memset8_word       0x801'cd31          Code  Gb  ABImemset48.o [5]
__iar_Memset_word        0x801'2849          Code  Gb  ABImemset.o [5]
__iar_Strchr             0x801'9e79          Code  Gb  strchr.o [5]
__iar_ceil32             0x801'f22d          Code  Gb  ceilf.o [4]
__iar_cstart_call_ctors
                         0x802'9411    0x20  Code  Gb  cmain_call_ctors.o [5]
__iar_dadd               0x801'a585          Code  Gb  DblSub.o [4]
__iar_data_init3         0x802'9359    0x28  Code  Gb  data_init.o [5]
__iar_debug_exceptions   0x801'82da     0x1  Data  Gb  unwind_debug.o [6]
__iar_dlfree             0x802'3433   0x4f6  Code  Gb  dlmalloc.o [2]
__iar_dlmalloc           0x802'317d   0x2b6  Code  Gb  dlmalloc.o [2]
__iar_dsub               0x801'b885          Code  Gb  DblAdd.o [4]
__iar_dsubStart          0x801'b897          Code  Gb  DblAdd.o [4]
__iar_floor32            0x801'f2c1          Code  Gb  floorf.o [4]
__iar_frexp              0x801'a315          Code  Gb  frexp.o [4]
__iar_frexpl             0x801'a315          Code  Gb  frexp.o [4]
__iar_globLocale        0x2000'031c    0x48  Data  Lc  xlocale_c.o [2]
__iar_global_Locale      0x801'9e01     0x4  Code  Gb  xlocale_c.o [2]
__iar_init_vfp           0x802'93c9          Code  Gb  fpinit_M.o [4]
__iar_ldexp64            0x801'a3d9          Code  Gb  ldexp.o [4]
__iar_lround32           0x801'f311          Code  Gb  lroundf.o [4]
__iar_lz77_init_single3
                         0x801'26b7    0x7a  Code  Gb  lz77_init_single.o [5]
__iar_program_start      0x802'94c5          Code  Gb  cstartup_M.o [5]
__iar_scalbln64          0x801'a3d9          Code  Gb  ldexp.o [4]
__iar_scalbn64           0x801'a3d9          Code  Gb  ldexp.o [4]
__iar_softfp___iar_frexp64
                         0x801'a309          Code  Gb  frexp.o [4]
__iar_softfp_frexp       0x801'a309          Code  Gb  frexp.o [4]
__iar_softfp_frexpl      0x801'a309          Code  Gb  frexp.o [4]
__iar_sqrt32             0x801'f2ed          Code  Gb  sqrtf.o [4]
__iar_tls$$INIT_ARRAY$$Base
                         0x802'94e4           --   Gb  - Linker created -
__iar_tls$$INIT_ARRAY$$Limit
                         0x802'94e4           --   Gb  - Linker created -
__iar_vfp___iar_ceil32   0x801'f21d          Code  Gb  ceilf.o [4]
__iar_vfp___iar_floor32
                         0x801'f2b1          Code  Gb  floorf.o [4]
__iar_vfp___iar_lround32
                         0x801'f30d          Code  Gb  lroundf.o [4]
__iar_vfp_ceilf          0x801'f21d          Code  Gb  ceilf.o [4]
__iar_vfp_floorf         0x801'f2b1          Code  Gb  floorf.o [4]
__iar_vfp_lroundf        0x801'f30d          Code  Gb  lroundf.o [4]
__iar_zero_init3         0x801'28a7    0x3a  Code  Gb  zero_init3.o [5]
__low_level_init         0x802'9467     0x4  Code  Gb  low_level_init.o [2]
__sti__routine           0x801'cead     0x6  Code  Lc  z_planner.o [1]
__vector_table           0x801'0000          Data  Gb  startup_stm32f407xx.o [1]
_call_main               0x802'9455          Code  Gb  cmain.o [5]
_cpld_bank2disp_enable(unsigned char, unsigned char, unsigned char)
                         0x801'e735    0x4e  Code  Gb  cpld_utils.o [1]
_cpld_bank2disp_read()   0x801'e783    0x34  Code  Gb  cpld_utils.o [1]
_exit                    0x802'9471          Code  Gb  cexit.o [5]
_gLocale_mblen           0x801'9e65     0x4  Code  Gb  xlocale_c.o [2]
_gLocale_mblenInt        0x801'9e29    0x2c  Code  Gb  xlocale_c.o [2]
_gLocale_wctomb          0x801'9e69     0x4  Code  Gb  xlocale_c.o [2]
_gLocale_wctombInt       0x801'9e61     0x4  Code  Gb  xlocale_c.o [2]
_gm_                    0x2000'5a6c   0x1d8  Data  Lc  dlmalloc.o [2]
_lcdui_FillCircle_helper(short, short, short, unsigned char, short)
                         0x801'7765    0xae  Code  Gb  lcd_ui.o [1]
_lcdui_GetCharData(char)
                         0x801'7967    0x5c  Code  Gb  lcd_ui.o [1]
_lcdui_GetCharWidth(char)
                         0x801'7933    0x34  Code  Gb  lcd_ui.o [1]
_main                    0x802'9463          Code  Gb  cmain.o [5]
_spifl_WaitBusy          0x801'bd69    0x4a  Code  Gb  spi_flash.o [1]
_spifl_WriteEnable       0x801'bdb3    0x40  Code  Gb  spi_flash.o [1]
_spifl_bust_counts      0x2000'6358     0x4  Data  Gb  spi_flash.o [1]
_spifl_info             0x2000'6344     0xc  Data  Gb  spi_flash.o [1]
_ssd_cfg(unsigned char)
                         0x801'e8d9    0xdc  Code  Gb  ssd_utils.o [1]
_ssd_ls055r1sx04_cfg(unsigned char)
                         0x801'e9b5    0xc6  Code  Gb  ssd_utils.o [1]
_ssd_read_data(unsigned char, unsigned char)
                         0x801'e7c5    0x66  Code  Gb  ssd_utils.o [1]
_ssd_write_DCS(unsigned char, unsigned char, unsigned char, unsigned char)
                         0x801'eaf9    0x44  Code  Gb  ssd_utils.o [1]
_ssd_write_DCS_sleep(unsigned char, unsigned char)
                         0x801'ea7b    0x4a  Code  Gb  ssd_utils.o [1]
_ssd_write_Generic(unsigned char, unsigned char, unsigned char)
                         0x801'eac5    0x30  Code  Gb  ssd_utils.o [1]
_ssd_write_byte(unsigned char, unsigned char, unsigned char)
                         0x801'e885    0x54  Code  Gb  ssd_utils.o [1]
_ssd_write_data(unsigned char, unsigned char, unsigned short)
                         0x801'e82b    0x5a  Code  Gb  ssd_utils.o [1]
_tgui_DefaultButtonPaint(void *, void *)
                         0x801'70d5    0xd6  Code  Gb  tgui_defaultfuncs.o [1]
_tgui_DefaultButtonProcess(void *, void *)
                         0x801'71ad   0x1c6  Code  Gb  tgui_defaultfuncs.o [1]
_tgui_DefaultScreenPaint(void *, void *)
                         0x801'7373    0x90  Code  Gb  tgui_defaultfuncs.o [1]
_tgui_DefaultScreenProcess(void *, void *)
                         0x801'7403    0x6e  Code  Gb  tgui_defaultfuncs.o [1]
_tgui_DrawFileCimg(char *, short, short)
                         0x801'704d    0x88  Code  Gb  tgui_defaultfuncs.o [1]
_tgui_DrawFileCimgBackground(char *)
                         0x801'6fcd    0x80  Code  Gb  tgui_defaultfuncs.o [1]
_tgui_DrawFileRawImg(FIL *, short, short, unsigned short, unsigned short, unsigned int, unsigned char)
                         0x801'6e4d   0x180  Code  Gb  tgui_defaultfuncs.o [1]
_tgui_DrawStringInRect(char *, TG_RECT *, TG_TEXTOPTIONS *)
                         0x801'6da3    0xaa  Code  Gb  tgui_defaultfuncs.o [1]
_tgui_FilesBackButtonPress(void *, void *)
                         0x802'606b    0x24  Code  Gb  tgui_filesscreenfuncs.o [1]
_tgui_FilesDirNamePaint(void *, void *)
                         0x802'5f07    0x92  Code  Gb  tgui_filesscreenfuncs.o [1]
_tgui_FilesDownButtonPress(void *, void *)
                         0x802'5f99    0x62  Code  Gb  tgui_filesscreenfuncs.o [1]
_tgui_FilesDrawPreview(TG_RECT *, FILES_ITEM *)
                         0x802'58cd    0x66  Code  Gb  tgui_filesscreenfuncs.o [1]
_tgui_FilesFileButtonPaint(void *, void *)
                         0x802'5bd7   0x11a  Code  Gb  tgui_filesscreenfuncs.o [1]
_tgui_FilesFileButtonPress(void *, void *)
                         0x802'616b    0xb2  Code  Gb  tgui_filesscreenfuncs.o [1]
_tgui_FilesListButtonPress(void *, void *)
                         0x802'6135    0x2e  Code  Gb  tgui_filesscreenfuncs.o [1]
_tgui_FilesListFileButtonPaint(void *, void *)
                         0x802'5cfd   0x20a  Code  Gb  tgui_filesscreenfuncs.o [1]
_tgui_FilesPrevButtonPress(void *, void *)
                         0x802'608f    0xa2  Code  Gb  tgui_filesscreenfuncs.o [1]
_tgui_FilesReadDir()     0x802'5933   0x1c0  Code  Gb  tgui_filesscreenfuncs.o [1]
_tgui_FilesScreenPaint(void *, void *)
                         0x802'5bb9    0x1e  Code  Gb  tgui_filesscreenfuncs.o [1]
_tgui_FilesScreenProcess(void *, void *)
                         0x802'5af3    0xc0  Code  Gb  tgui_filesscreenfuncs.o [1]
_tgui_FilesUpButtonPress(void *, void *)
                         0x802'5ffb    0x70  Code  Gb  tgui_filesscreenfuncs.o [1]
_tgui_InfoScreenFansTimePaint(void *, void *)
                         0x802'9191     0x8  Code  Gb  tgui_infoscreenfuncs.o [1]
_tgui_InfoScreenLightTimePaint(void *, void *)
                         0x802'9187     0xa  Code  Gb  tgui_infoscreenfuncs.o [1]
_tgui_InfoScreenUIAuthorPaint(void *, void *)
                         0x802'91d5     0x6  Code  Gb  tgui_infoscreenfuncs.o [1]
_tgui_InfoScreenURLPaint(void *, void *)
                         0x802'91c3     0x8  Code  Gb  tgui_infoscreenfuncs.o [1]
_tgui_InfoScreenVersionPaint(void *, void *)
                         0x802'9171    0x16  Code  Gb  tgui_infoscreenfuncs.o [1]
_tgui_LanguageButtonPress(void *, void *)
                         0x802'94b5    0x10  Code  Gb  tgui_langscreenfuncs.o [1]
_tgui_MovezBackButtonPress(void *, void *)
                         0x801'c4cd    0x2a  Code  Gb  tgui_movezscreenfuncs.o [1]
_tgui_MovezDownButtonPress(void *, void *)
                         0x801'c655    0x8c  Code  Gb  tgui_movezscreenfuncs.o [1]
_tgui_MovezHomeButtonPress(void *, void *)
                         0x801'c535    0x62  Code  Gb  tgui_movezscreenfuncs.o [1]
_tgui_MovezScreenProcess(void *, void *)
                         0x801'c751     0x4  Code  Gb  tgui_movezscreenfuncs.o [1]
_tgui_MovezStepSelectButtonPress(void *, void *)
                         0x801'c597    0x34  Code  Gb  tgui_movezscreenfuncs.o [1]
_tgui_MovezStopButtonPress(void *, void *)
                         0x801'c4f7    0x3e  Code  Gb  tgui_movezscreenfuncs.o [1]
_tgui_MovezUpButtonPress(void *, void *)
                         0x801'c5cb    0x8a  Code  Gb  tgui_movezscreenfuncs.o [1]
_tgui_MovezUpdateHomed()
                         0x801'c6e1    0x4a  Code  Gb  tgui_movezscreenfuncs.o [1]
_tgui_ScreenTimeInit()   0x801'6cc5    0x24  Code  Gb  tgui_defaultfuncs.o [1]
_tgui_ScreenTimePaint(void *, void *)
                         0x801'6d1d    0x86  Code  Gb  tgui_defaultfuncs.o [1]
_tgui_ScreenTimeProcess(void *, void *)
                         0x801'6ce9    0x34  Code  Gb  tgui_defaultfuncs.o [1]
_tgui_ScreenTimeProcess(void *, void *)::minutes
                        0x2000'0365     0x1  Data  Lc  tgui_defaultfuncs.o [1]
_touch_ReadCoords        0x801'82dd    0xb0  Code  Gb  touch.o [1]
_touch_RefreshState      0x801'838d    0xc4  Code  Gb  touch.o [1]
abort                    0x801'b87b     0x6  Code  Gb  abort.o [2]
activefilelist          0x2000'0367     0x1  Data  Gb  tgui_filesscreenfuncs.o [1]
add_segment              0x802'281d   0x1f2  Code  Lc  dlmalloc.o [2]
ceilf                    0x801'f22d          Code  Gb  ceilf.o [4]
cfgzMotor               0x2000'6064    0x50  Data  Gb  config.o [1]
cfname                  0x2000'20f0   0x400  Data  Gb  main.o [1]
check_fs                 0x801'1263    0x64  Code  Lc  ff.o [1]
clngLangEng              0x802'9048    0x94  Data  Lc  languages.o [1]
clngLangRus              0x802'90dc    0x94  Data  Lc  languages.o [1]
clst2sect                0x801'0301    0x1a  Code  Lc  ff.o [1]
cmd                     0x2000'6360     0x4  Data  Gb  cpld_utils.o [1]
create_chain             0x801'05b5    0xe0  Code  Lc  ff.o [1]
create_name              0x801'0f55   0x230  Code  Lc  ff.o [1]
create_partition         0x801'1e73   0x150  Code  Lc  ff.o [1]
currdir                 0x2000'0080   0x200  Data  Gb  tgui_filesscreenfuncs.o [1]
d                       0x2000'635c     0x4  Data  Gb  spi_flash.o [1]
dir                     0x2000'26f0    0x34  Data  Gb  main.o [1]
dir_clear                0x801'0695    0x54  Code  Lc  ff.o [1]
dir_find                 0x801'0a5f   0x170  Code  Lc  ff.o [1]
dir_next                 0x801'077d    0xbc  Code  Lc  ff.o [1]
dir_read                 0x801'092f   0x130  Code  Lc  ff.o [1]
dir_register             0x801'0bd1   0x208  Code  Lc  ff.o [1]
dir_sdi                  0x801'06e9    0x88  Code  Lc  ff.o [1]
disk                    0x2000'6334    0x10  Data  Gb  ff_gen_drv.o [1]
disk_initialize          0x801'2647    0x24  Code  Gb  diskio.o [1]
disk_ioctl               0x801'2697    0x16  Code  Gb  diskio.o [1]
disk_read                0x801'266b    0x16  Code  Gb  diskio.o [1]
disk_status              0x801'2635    0x12  Code  Gb  diskio.o [1]
disk_write               0x801'2681    0x16  Code  Gb  diskio.o [1]
exit                     0x802'946b     0x4  Code  Gb  exit.o [2]
fMoveStep               0x2000'0280     0x4  Data  Gb  tgui_movezscreenfuncs.o [1]
f_close                  0x801'1c37    0x1e  Code  Gb  ff.o [1]
f_closedir               0x801'1dff    0x2e  Code  Gb  ff.o [1]
f_lseek                  0x801'1c55   0x14a  Code  Gb  ff.o [1]
f_mkfs                   0x801'1fc3   0x5e8  Code  Gb  ff.o [1]
f_mkfs::cst              0x801'2604    0x10  Data  Lc  ff.o [1]
f_mkfs::cst32            0x801'2614    0x10  Data  Lc  ff.o [1]
f_mkfs::defopt           0x801'2624    0x10  Data  Lc  ff.o [1]
f_mount                  0x801'160b    0x46  Code  Gb  ff.o [1]
f_open                   0x801'166d   0x1d6  Code  Gb  ff.o [1]
f_opendir                0x801'1d9f    0x60  Code  Gb  ff.o [1]
f_read                   0x801'1843   0x192  Code  Gb  ff.o [1]
f_readdir                0x801'1e2d    0x40  Code  Gb  ff.o [1]
f_sync                   0x801'1bab    0x8c  Code  Gb  ff.o [1]
f_write                  0x801'19d5   0x1d6  Code  Gb  ff.o [1]
fbuff                   0x1000'0000  0x4000  Data  Gb  main.o [1]
ff_oem2uni               0x801'278f    0x2a  Code  Gb  ffunicode.o [1]
ff_uni2oem               0x801'2731    0x5e  Code  Gb  ffunicode.o [1]
ff_wtoupper              0x801'27b9    0x80  Code  Gb  ffunicode.o [1]
ff_wtoupper::cvt1        0x802'7e1c   0x1f4  Data  Lc  ffunicode.o [1]
ff_wtoupper::cvt2        0x802'8010    0xbc  Data  Lc  ffunicode.o [1]
files                   0x2000'4794   0x830  Data  Gb  tgui_filesscreenfuncs.o [1]
finfo                   0x2000'16c4   0x224  Data  Gb  main.o [1]
floorf                   0x801'f2c1          Code  Gb  floorf.o [4]
fnt12_data               0x802'6d1c   0x6b4  Data  Gb  fnt12.o [1]
fnt12_width              0x802'8604   0x140  Data  Gb  fnt12.o [1]
fnt12bold_data           0x802'6594   0x788  Data  Gb  fnt12bold.o [1]
fnt12bold_width          0x802'8744   0x140  Data  Gb  fnt12bold.o [1]
fnt18_data               0x802'4a28   0xea4  Data  Gb  fnt18.o [1]
fnt18_width              0x802'8884   0x140  Data  Gb  fnt18.o [1]
fnt18bold_data           0x802'3960  0x10c8  Data  Gb  fnt18bold.o [1]
fnt18bold_width          0x802'89c4   0x140  Data  Gb  fnt18bold.o [1]
fnt24_data               0x802'0af8  0x195c  Data  Gb  fnt24.o [1]
fnt24_width              0x802'8b04   0x140  Data  Gb  fnt24.o [1]
fnt24bold_data           0x801'2ed4  0x2094  Data  Gb  fnt24bold.o [1]
fnt24bold_width          0x802'8c44   0x140  Data  Gb  fnt24bold.o [1]
follow_path              0x801'119f    0x7e  Code  Lc  ff.o [1]
font_fnt12              0x2000'0000     0xc  Data  Gb  fnt12.o [1]
font_fnt12bold          0x2000'000c     0xc  Data  Gb  fnt12bold.o [1]
font_fnt18              0x2000'0018     0xc  Data  Gb  fnt18.o [1]
font_fnt18bold          0x2000'0024     0xc  Data  Gb  fnt18bold.o [1]
font_fnt24              0x2000'0030     0xc  Data  Gb  fnt24.o [1]
font_fnt24bold          0x2000'003c     0xc  Data  Gb  fnt24bold.o [1]
fpws_header             0x2000'5ec4    0x30  Data  Gb  files_pws.o [1]
fpws_info               0x2000'5f10    0x54  Data  Gb  files_pws.o [1]
fpws_preview            0x2000'5ef4    0x1c  Data  Gb  files_pws.o [1]
free                     0x802'7b1b     0x4  Code  Gb  heaptramp0.o [2]
gen_numname              0x801'0875    0x9e  Code  Lc  ff.o [1]
get_fat                  0x801'031b    0xee  Code  Lc  ff.o [1]
get_fattime              0x801'28fd    0x4c  Code  Gb  fatfs.o [1]
get_fileinfo             0x801'0de9   0x16a  Code  Lc  ff.o [1]
get_ldnumber             0x801'121d    0x46  Code  Lc  ff.o [1]
hFlashSpi               0x2000'5fe4    0x80  Data  Gb  fst_spi.o [1]
hFlashSpiDmaRx          0x2000'5e04    0x60  Data  Gb  fst_spi.o [1]
hFlashSpiDmaTx          0x2000'5e64    0x60  Data  Gb  fst_spi.o [1]
hLcdDma                 0x2000'6124    0x60  Data  Gb  lcd_low.o [1]
hRTC                    0x2000'62d4    0x20  Data  Gb  rtc.o [1]
hStepperTim             0x2000'6220    0x40  Data  Gb  tim.o [1]
hTouchSpi               0x2000'5f64    0x80  Data  Gb  fst_spi.o [1]
hTouchSpiDmaRx          0x2000'5d44    0x60  Data  Gb  fst_spi.o [1]
hTouchSpiDmaTx          0x2000'5da4    0x60  Data  Gb  fst_spi.o [1]
hUsbHost                0x2000'4fc4   0x3d8  Data  Gb  usb_host.o [1]
hZRefTim                0x2000'6260    0x40  Data  Gb  tim.o [1]
hhcd_USB_OTG_FS         0x2000'539c   0x2c4  Data  Gb  usbh_conf.o [1]
hsram1                  0x2000'6184    0x50  Data  Gb  fsmc.o [1]
idle()                   0x801'c24d     0xa  Code  Gb  motor.o [1]
idle()::idlecount       0x2000'6368     0x4  Data  Lc  motor.o [1]
init_mparams             0x802'246f    0x32  Code  Lc  dlmalloc.o [2]
init_top                 0x802'24a1    0x36  Code  Lc  dlmalloc.o [2]
lastfilenum             0x2000'0368     0x1  Data  Gb  tgui_filesscreenfuncs.o [1]
lcdui_bgcolor           0x2000'0066     0x2  Data  Gb  lcd_ui.o [1]
lcdui_color             0x2000'0068     0x2  Data  Gb  lcd_ui.o [1]
lcdui_current_font      0x2000'006c     0x4  Data  Gb  lcd_ui.o [1]
lcdui_current_font_type
                        0x2000'005c     0x1  Data  Gb  lcd_ui.o [1]
lcdui_cursor_x          0x2000'0062     0x2  Data  Gb  lcd_ui.o [1]
lcdui_cursor_y          0x2000'0064     0x2  Data  Gb  lcd_ui.o [1]
lcdui_height            0x2000'0060     0x2  Data  Gb  lcd_ui.o [1]
lcdui_width             0x2000'005e     0x2  Data  Gb  lcd_ui.o [1]
ld_clust                 0x801'083f    0x1e  Code  Lc  ff.o [1]
ld_dword                 0x801'0189    0x16  Code  Lc  ff.o [1]
ldexp                    0x801'a3d9          Code  Gb  ldexp.o [4]
ldexpl                   0x801'a3d9          Code  Gb  ldexp.o [4]
lngCurrent              0x2000'0058     0x4  Data  Gb  languages.o [1]
lngLanguages            0x2000'0048    0x10  Data  Gb  languages.o [1]
localeconv               0x801'9e6d     0x4  Code  Gb  xlocale_c.o [2]
lroundf                  0x801'f311          Code  Gb  lroundf.o [4]
main                     0x801'a939   0x610  Code  Gb  main.o [1]
mem_cmp                  0x801'01af    0x18  Code  Lc  ff.o [1]
memchr                   0x801'9ed1          Code  Gb  memchr.o [5]
mount_volume             0x801'12d1   0x2f6  Code  Lc  ff.o [1]
move_window              0x801'0247    0x34  Code  Lc  ff.o [1]
mparams                 0x2000'62f4    0x18  Data  Lc  dlmalloc.o [2]
msg                     0x2000'24f0   0x200  Data  Gb  main.o [1]
nomorefiles             0x2000'036a     0x1  Data  Gb  tgui_filesscreenfuncs.o [1]
oldUsbMounted           0x2000'0366     0x1  Data  Gb  tgui_filesscreenfuncs.o [1]
pfile_type              0x2000'6350     0x1  Data  Gb  prtfiles.o [1]
prepend_alloc            0x802'24d7   0x346  Code  Lc  dlmalloc.o [2]
prt_file                0x2000'6354     0x4  Data  Gb  prtfiles.o [1]
put_fat                  0x801'0409   0x13c  Code  Lc  ff.o [1]
put_utf                  0x801'01c7    0x3c  Code  Lc  ff.o [1]
remove_chain             0x801'0545    0x70  Code  Lc  ff.o [1]
retSPIFL                0x2000'630d     0x1  Data  Gb  fatfs.o [1]
retUSBH                 0x2000'630c     0x1  Data  Gb  fatfs.o [1]
s_tfname                0x2000'1cf0   0x400  Data  Gb  main.o [1]
scalbln                  0x801'a3d9          Code  Gb  ldexp.o [4]
scalblnl                 0x801'a3d9          Code  Gb  ldexp.o [4]
scalbn                   0x801'a3d9          Code  Gb  ldexp.o [4]
scalbnl                  0x801'a3d9          Code  Gb  ldexp.o [4]
scale                    0x801'8c97    0x46  Code  Lc  xprintffull.o [2]
scrTimeTimer            0x2000'0364     0x1  Data  Gb  tgui_defaultfuncs.o [1]
sec_hand                0x2000'6374     0x4  Data  Lc  xfail_s.o [2]
segment_holding          0x802'2455    0x1a  Code  Lc  dlmalloc.o [2]
sfile                   0x1000'5028  0x1028  Data  Gb  main.o [1]
sprintf                  0x801'76fd    0x40  Code  Gb  sprintf.o [2]
sqrtf                    0x801'f2ed          Code  Gb  sqrtf.o [4]
srvMode                 0x2000'18ec     0x1  Data  Gb  main.o [1]
st_clust                 0x801'085d    0x18  Code  Lc  ff.o [1]
st_dword                 0x801'019f    0x10  Code  Lc  ff.o [1]
strcat                   0x802'62c5    0x1e  Code  Gb  strcat.o [2]
strchr                   0x801'9e79          Code  Gb  strchr.o [5]
strcmp                   0x801'c4b9          Code  Gb  strcmp.o [5]
strcpy                   0x802'62ad          Code  Gb  strcpy.o [5]
strcpy_utf(char *, char *)
                         0x801'8225    0x22  Code  Gb  unicode_utils.o [1]
strlen                   0x801'2e75          Code  Gb  strlen.o [5]
subdir                  0x2000'0369     0x1  Data  Gb  tgui_filesscreenfuncs.o [1]
sum_sfn                  0x801'0913    0x1c  Code  Lc  ff.o [1]
sync_fs                  0x801'027b    0x86  Code  Lc  ff.o [1]
sync_window              0x801'0203    0x44  Code  Lc  ff.o [1]
sys_alloc                0x802'2a15   0x164  Code  Lc  dlmalloc.o [2]
sys_trim                 0x802'2b79    0x64  Code  Lc  dlmalloc.o [2]
systemInfo              0x2000'60b4    0x10  Data  Gb  config.o [1]
tfname                  0x1000'7078   0x400  Data  Gb  tgui.o [1]
tguiActiveScreen        0x2000'62d0     0x4  Data  Gb  tgui.o [1]
tguiDBuff               0x2000'6380  0x1000  Data  Gb  tgui.o [1]
tguiDefaultConfig       0x2000'169c    0x28  Data  Gb  tgui.o [1]
tguiFBuff               0x2000'7380   0x200  Data  Gb  tgui.o [1]
tguiFile                0x1000'6050  0x1028  Data  Gb  tgui.o [1]
tguiScrFilesButtons     0x2000'0a54   0x348  Data  Gb  tgui.o [1]
tguiScrFilesListButtons
                        0x2000'0fe8   0x498  Data  Gb  tgui.o [1]
tguiScrInfoButtons      0x2000'0370   0x39c  Data  Gb  tgui.o [1]
tguiScrLanguageButtons  0x2000'1480    0xfc  Data  Gb  tgui.o [1]
tguiScrMainButtons      0x2000'0d9c   0x150  Data  Gb  tgui.o [1]
tguiScrMovezButtons     0x2000'070c   0x348  Data  Gb  tgui.o [1]
tguiScrServiceButtons   0x2000'0eec    0xfc  Data  Gb  tgui.o [1]
tguiScreenFiles         0x2000'62a0    0x30  Data  Gb  tgui.o [1]
tguiScreenFilesList     0x2000'166c    0x30  Data  Gb  tgui.o [1]
tguiScreenInfo          0x2000'160c    0x30  Data  Gb  tgui.o [1]
tguiScreenLanguage      0x2000'15dc    0x30  Data  Gb  tgui.o [1]
tguiScreenMain          0x2000'157c    0x30  Data  Gb  tgui.o [1]
tguiScreenMovez         0x2000'163c    0x30  Data  Gb  tgui.o [1]
tguiScreenService       0x2000'15ac    0x30  Data  Gb  tgui.o [1]
tguiTimer               0x2000'18ea     0x1  Data  Gb  main.o [1]
tmalloc_large            0x802'2be9   0x386  Code  Lc  dlmalloc.o [2]
tmalloc_small            0x802'2f6f   0x200  Code  Lc  dlmalloc.o [2]
touch_buff              0x2000'60c4    0x60  Data  Gb  fst_spi.o [1]
touch_info              0x2000'6320    0x10  Data  Gb  touch.o [1]
touch_point             0x2000'6330     0x4  Data  Gb  touch.o [1]
tstrcat(unsigned short *, unsigned short *)
                         0x801'8275    0x2e  Code  Gb  unicode_utils.o [1]
tstrcat_utf(unsigned short *, char *)
                         0x801'82a3    0x38  Code  Gb  unicode_utils.o [1]
tstrcpy(unsigned short *, unsigned short *)
                         0x801'8247    0x20  Code  Gb  unicode_utils.o [1]
u_tfname                0x2000'18f0   0x400  Data  Gb  main.o [1]
uc866                    0x802'8d84   0x100  Data  Lc  ffunicode.o [1]
ufile                   0x1000'4000  0x1028  Data  Gb  main.o [1]
uwTick                  0x2000'0074     0x4  Data  Gb  stm32f4xx_hal.o [1]
uwTickFreq              0x2000'0070     0x1  Data  Gb  stm32f4xx_hal.o [1]
uwTickPrio              0x2000'0078     0x4  Data  Gb  stm32f4xx_hal.o [1]
validate                 0x801'15d5    0x36  Code  Lc  ff.o [1]
zHoldTimer              0x2000'18eb     0x1  Data  Gb  main.o [1]
zPlanner                0x2000'637f     0x1  Data  Gb  z_planner.o [1]


[1] = D:\Electronics\Projects\MKS_DLP_new\SRC\firmware\MKSDLP_Alter_Debug\Obj
[2] = dl7M_tlf.a
[3] = dlpp7M_tl_fc.a
[4] = m7M_tls.a
[5] = rt7M_tl.a
[6] = shb_l.a

  72 289 bytes of readonly  code memory
  31 566 bytes of readonly  data memory
  84 470 bytes of readwrite data memory

Errors: none
Warnings: none
