###############################################################################
#
# IAR ELF Linker V8.32.1.169/W32 for ARM                  11/Aug/2020  18:49:10
# Copyright 2007-2018 IAR Systems AB.
#
#    Output file  =  
#        D:\Electronics\Projects\MKS_DLP_new\SRC\firmware\MKSDLP_Alter_debug\Exe\MKS_DLP_new.out
#    Map file     =  
#        D:\Electronics\Projects\MKS_DLP_new\SRC\firmware\MKSDLP_Alter_debug\List\MKS_DLP_new.map
#    Command line =  
#        -f C:\Temp\EW53E8.tmp
#        (D:\Electronics\Projects\MKS_DLP_new\SRC\firmware\MKSDLP_Alter_Debug\Obj\config.o
#        D:\Electronics\Projects\MKS_DLP_new\SRC\firmware\MKSDLP_Alter_Debug\Obj\cpld_utils.o
#        D:\Electronics\Projects\MKS_DLP_new\SRC\firmware\MKSDLP_Alter_Debug\Obj\datetime.o
#        D:\Electronics\Projects\MKS_DLP_new\SRC\firmware\MKSDLP_Alter_Debug\Obj\diskio.o
#        D:\Electronics\Projects\MKS_DLP_new\SRC\firmware\MKSDLP_Alter_Debug\Obj\fatfs.o
#        D:\Electronics\Projects\MKS_DLP_new\SRC\firmware\MKSDLP_Alter_Debug\Obj\ff.o
#        D:\Electronics\Projects\MKS_DLP_new\SRC\firmware\MKSDLP_Alter_Debug\Obj\ff_gen_drv.o
#        D:\Electronics\Projects\MKS_DLP_new\SRC\firmware\MKSDLP_Alter_Debug\Obj\ffsystem.o
#        D:\Electronics\Projects\MKS_DLP_new\SRC\firmware\MKSDLP_Alter_Debug\Obj\ffunicode.o
#        D:\Electronics\Projects\MKS_DLP_new\SRC\firmware\MKSDLP_Alter_Debug\Obj\fnt12.o
#        D:\Electronics\Projects\MKS_DLP_new\SRC\firmware\MKSDLP_Alter_Debug\Obj\fnt12bold.o
#        D:\Electronics\Projects\MKS_DLP_new\SRC\firmware\MKSDLP_Alter_Debug\Obj\fnt18.o
#        D:\Electronics\Projects\MKS_DLP_new\SRC\firmware\MKSDLP_Alter_Debug\Obj\fnt18bold.o
#        D:\Electronics\Projects\MKS_DLP_new\SRC\firmware\MKSDLP_Alter_Debug\Obj\fnt24.o
#        D:\Electronics\Projects\MKS_DLP_new\SRC\firmware\MKSDLP_Alter_Debug\Obj\fnt24bold.o
#        D:\Electronics\Projects\MKS_DLP_new\SRC\firmware\MKSDLP_Alter_Debug\Obj\fsmc.o
#        D:\Electronics\Projects\MKS_DLP_new\SRC\firmware\MKSDLP_Alter_Debug\Obj\fst_spi.o
#        D:\Electronics\Projects\MKS_DLP_new\SRC\firmware\MKSDLP_Alter_Debug\Obj\gpio.o
#        D:\Electronics\Projects\MKS_DLP_new\SRC\firmware\MKSDLP_Alter_Debug\Obj\languages.o
#        D:\Electronics\Projects\MKS_DLP_new\SRC\firmware\MKSDLP_Alter_Debug\Obj\lcd_low.o
#        D:\Electronics\Projects\MKS_DLP_new\SRC\firmware\MKSDLP_Alter_Debug\Obj\lcd_ui.o
#        D:\Electronics\Projects\MKS_DLP_new\SRC\firmware\MKSDLP_Alter_Debug\Obj\main.o
#        D:\Electronics\Projects\MKS_DLP_new\SRC\firmware\MKSDLP_Alter_Debug\Obj\motor.o
#        D:\Electronics\Projects\MKS_DLP_new\SRC\firmware\MKSDLP_Alter_Debug\Obj\rtc.o
#        D:\Electronics\Projects\MKS_DLP_new\SRC\firmware\MKSDLP_Alter_Debug\Obj\spi_flash.o
#        D:\Electronics\Projects\MKS_DLP_new\SRC\firmware\MKSDLP_Alter_Debug\Obj\spifl_diskio.o
#        D:\Electronics\Projects\MKS_DLP_new\SRC\firmware\MKSDLP_Alter_Debug\Obj\ssd_utils.o
#        D:\Electronics\Projects\MKS_DLP_new\SRC\firmware\MKSDLP_Alter_Debug\Obj\startup_stm32f407xx.o
#        D:\Electronics\Projects\MKS_DLP_new\SRC\firmware\MKSDLP_Alter_Debug\Obj\stm32f4xx_hal.o
#        D:\Electronics\Projects\MKS_DLP_new\SRC\firmware\MKSDLP_Alter_Debug\Obj\stm32f4xx_hal_cortex.o
#        D:\Electronics\Projects\MKS_DLP_new\SRC\firmware\MKSDLP_Alter_Debug\Obj\stm32f4xx_hal_dma.o
#        D:\Electronics\Projects\MKS_DLP_new\SRC\firmware\MKSDLP_Alter_Debug\Obj\stm32f4xx_hal_dma_ex.o
#        D:\Electronics\Projects\MKS_DLP_new\SRC\firmware\MKSDLP_Alter_Debug\Obj\stm32f4xx_hal_exti.o
#        D:\Electronics\Projects\MKS_DLP_new\SRC\firmware\MKSDLP_Alter_Debug\Obj\stm32f4xx_hal_flash.o
#        D:\Electronics\Projects\MKS_DLP_new\SRC\firmware\MKSDLP_Alter_Debug\Obj\stm32f4xx_hal_flash_ex.o
#        D:\Electronics\Projects\MKS_DLP_new\SRC\firmware\MKSDLP_Alter_Debug\Obj\stm32f4xx_hal_flash_ramfunc.o
#        D:\Electronics\Projects\MKS_DLP_new\SRC\firmware\MKSDLP_Alter_Debug\Obj\stm32f4xx_hal_gpio.o
#        D:\Electronics\Projects\MKS_DLP_new\SRC\firmware\MKSDLP_Alter_Debug\Obj\stm32f4xx_hal_hcd.o
#        D:\Electronics\Projects\MKS_DLP_new\SRC\firmware\MKSDLP_Alter_Debug\Obj\stm32f4xx_hal_msp.o
#        D:\Electronics\Projects\MKS_DLP_new\SRC\firmware\MKSDLP_Alter_Debug\Obj\stm32f4xx_hal_pwr.o
#        D:\Electronics\Projects\MKS_DLP_new\SRC\firmware\MKSDLP_Alter_Debug\Obj\stm32f4xx_hal_pwr_ex.o
#        D:\Electronics\Projects\MKS_DLP_new\SRC\firmware\MKSDLP_Alter_Debug\Obj\stm32f4xx_hal_rcc.o
#        D:\Electronics\Projects\MKS_DLP_new\SRC\firmware\MKSDLP_Alter_Debug\Obj\stm32f4xx_hal_rcc_ex.o
#        D:\Electronics\Projects\MKS_DLP_new\SRC\firmware\MKSDLP_Alter_Debug\Obj\stm32f4xx_hal_rtc.o
#        D:\Electronics\Projects\MKS_DLP_new\SRC\firmware\MKSDLP_Alter_Debug\Obj\stm32f4xx_hal_rtc_ex.o
#        D:\Electronics\Projects\MKS_DLP_new\SRC\firmware\MKSDLP_Alter_Debug\Obj\stm32f4xx_hal_spi.o
#        D:\Electronics\Projects\MKS_DLP_new\SRC\firmware\MKSDLP_Alter_Debug\Obj\stm32f4xx_hal_sram.o
#        D:\Electronics\Projects\MKS_DLP_new\SRC\firmware\MKSDLP_Alter_Debug\Obj\stm32f4xx_hal_tim.o
#        D:\Electronics\Projects\MKS_DLP_new\SRC\firmware\MKSDLP_Alter_Debug\Obj\stm32f4xx_hal_tim_ex.o
#        D:\Electronics\Projects\MKS_DLP_new\SRC\firmware\MKSDLP_Alter_Debug\Obj\stm32f4xx_it.o
#        D:\Electronics\Projects\MKS_DLP_new\SRC\firmware\MKSDLP_Alter_Debug\Obj\stm32f4xx_ll_fsmc.o
#        D:\Electronics\Projects\MKS_DLP_new\SRC\firmware\MKSDLP_Alter_Debug\Obj\stm32f4xx_ll_usb.o
#        D:\Electronics\Projects\MKS_DLP_new\SRC\firmware\MKSDLP_Alter_Debug\Obj\sys_timer.o
#        D:\Electronics\Projects\MKS_DLP_new\SRC\firmware\MKSDLP_Alter_Debug\Obj\system_stm32f4xx.o
#        D:\Electronics\Projects\MKS_DLP_new\SRC\firmware\MKSDLP_Alter_Debug\Obj\tgui.o
#        D:\Electronics\Projects\MKS_DLP_new\SRC\firmware\MKSDLP_Alter_Debug\Obj\tgui_defaultfuncs.o
#        D:\Electronics\Projects\MKS_DLP_new\SRC\firmware\MKSDLP_Alter_Debug\Obj\tgui_filesscreenfuncs.o
#        D:\Electronics\Projects\MKS_DLP_new\SRC\firmware\MKSDLP_Alter_Debug\Obj\tgui_infoscreenfuncs.o
#        D:\Electronics\Projects\MKS_DLP_new\SRC\firmware\MKSDLP_Alter_Debug\Obj\tgui_langscreenfuncs.o
#        D:\Electronics\Projects\MKS_DLP_new\SRC\firmware\MKSDLP_Alter_Debug\Obj\tgui_mainscreenfuncs.o
#        D:\Electronics\Projects\MKS_DLP_new\SRC\firmware\MKSDLP_Alter_Debug\Obj\tim.o
#        D:\Electronics\Projects\MKS_DLP_new\SRC\firmware\MKSDLP_Alter_Debug\Obj\touch.o
#        D:\Electronics\Projects\MKS_DLP_new\SRC\firmware\MKSDLP_Alter_Debug\Obj\unicode_utils.o
#        D:\Electronics\Projects\MKS_DLP_new\SRC\firmware\MKSDLP_Alter_Debug\Obj\usb_host.o
#        D:\Electronics\Projects\MKS_DLP_new\SRC\firmware\MKSDLP_Alter_Debug\Obj\usbh_conf.o
#        D:\Electronics\Projects\MKS_DLP_new\SRC\firmware\MKSDLP_Alter_Debug\Obj\usbh_core.o
#        D:\Electronics\Projects\MKS_DLP_new\SRC\firmware\MKSDLP_Alter_Debug\Obj\usbh_ctlreq.o
#        D:\Electronics\Projects\MKS_DLP_new\SRC\firmware\MKSDLP_Alter_Debug\Obj\usbh_diskio.o
#        D:\Electronics\Projects\MKS_DLP_new\SRC\firmware\MKSDLP_Alter_Debug\Obj\usbh_ioreq.o
#        D:\Electronics\Projects\MKS_DLP_new\SRC\firmware\MKSDLP_Alter_Debug\Obj\usbh_msc.o
#        D:\Electronics\Projects\MKS_DLP_new\SRC\firmware\MKSDLP_Alter_Debug\Obj\usbh_msc_bot.o
#        D:\Electronics\Projects\MKS_DLP_new\SRC\firmware\MKSDLP_Alter_Debug\Obj\usbh_msc_scsi.o
#        D:\Electronics\Projects\MKS_DLP_new\SRC\firmware\MKSDLP_Alter_Debug\Obj\usbh_pipes.o
#        D:\Electronics\Projects\MKS_DLP_new\SRC\firmware\MKSDLP_Alter_Debug\Obj\usbh_platform.o
#        D:\Electronics\Projects\MKS_DLP_new\SRC\firmware\MKSDLP_Alter_Debug\Obj\uvdisplay.o
#        D:\Electronics\Projects\MKS_DLP_new\SRC\firmware\MKSDLP_Alter_Debug\Obj\z_endstops.o
#        D:\Electronics\Projects\MKS_DLP_new\SRC\firmware\MKSDLP_Alter_Debug\Obj\z_planner.o
#        D:\Electronics\Projects\MKS_DLP_new\SRC\firmware\MKSDLP_Alter_Debug\Obj\z_stepper.o
#        --redirect _Printf=_PrintfFull --redirect _Scanf=_ScanfFull
#        --no_out_extension -o
#        D:\Electronics\Projects\MKS_DLP_new\SRC\firmware\MKSDLP_Alter_debug\Exe\MKS_DLP_new.out
#        --map
#        D:\Electronics\Projects\MKS_DLP_new\SRC\firmware\MKSDLP_Alter_debug\List\MKS_DLP_new.map
#        --log libraries,call_graph --log_file
#        D:\Electronics\Projects\MKS_DLP_new\SRC\firmware\MKSDLP_Alter_debug\List\MKS_DLP_new.log
#        --config
#        D:\Electronics\Projects\MKS_DLP_new\SRC\firmware/config/stm32f407xx_flash.icf
#        --semihosting --entry __iar_program_start --merge_duplicate_sections
#        --vfe --text_out locale)
#
###############################################################################

*******************************************************************************
*** RUNTIME MODEL ATTRIBUTES
***

CppFlavor                     = *
__CPP_Exceptions              = Disabled
__CPP_Language                = C++14
__Heap_Handler                = DLMalloc
__SystemLibrary               = DLib
__dlib_dynamic_initialization = normal
__dlib_version                = 6


*******************************************************************************
*** HEAP SELECTION
***

The advanced heap was selected because the application calls memory
allocation functions outside of system library functions, and there
are calls to deallocation functions in the application.


*******************************************************************************
*** PLACEMENT SUMMARY
***

"A0":  place at 0x801'0000 { ro section .intvec };
"P1":  place in [from 0x801'0000 to 0x807'ffff] { ro };
define block CSTACK with size = 16K, alignment = 8 { };
define block HEAP with size = 8K, alignment = 8 { };
"P2":  place in [from 0x2000'0000 to 0x2001'ffff] {
          rw, block CSTACK, block HEAP };
"P3":  place in [from 0x1000'0000 to 0x1000'ffff] { rw section CCMRAM };
initialize by copy { rw };

  Section                Kind         Address     Size  Object
  -------                ----         -------     ----  ------
"A0":                                            0x188
  .intvec                ro code   0x801'0000    0x188  startup_stm32f407xx.o [1]
                                 - 0x801'0188    0x188

"P1":                                          0x1c39a
  .text                  ro code   0x801'0188   0x2e88  ff.o [1]
  .text                  ro code   0x801'3010     0xf0  diskio.o [1]
  .text                  ro code   0x801'3100    0x168  ffunicode.o [1]
  .text                  ro code   0x801'3268     0xd8  fatfs.o [1]
  .text                  ro code   0x801'3340     0x60  ff_gen_drv.o [1]
  .text                  ro code   0x801'33a0    0x444  stm32f4xx_hal_rtc.o [1]
  .text                  ro code   0x801'37e4     0x36  strlen.o [5]
  .text                  ro code   0x801'381a     0x7a  lz77_init_single.o [5]
  .text                  ro code   0x801'3894      0xc  stm32f4xx_hal.o [1]
  .text                  ro code   0x801'38a0   0x225c  tgui.o [1]
  .text                  ro code   0x801'5afc     0x66  ABImemset.o [5]
  .text                  ro code   0x801'5b62     0x3a  zero_init3.o [5]
  .text                  ro code   0x801'5b9c    0xcf4  tgui_defaultfuncs.o [1]
  .text                  ro code   0x801'6890     0xa6  ABImemcpy.o [5]
  .text                  ro code   0x801'6936     0x1e  xencoding_8859_1.o [2]
  .text                  ro code   0x801'6954     0x44  languages.o [1]
  .text                  ro code   0x801'6998    0x128  sys_timer.o [1]
  .text                  ro code   0x801'6ac0     0x98  datetime.o [1]
  .text                  ro code   0x801'6b58     0x40  sprintf.o [2]
  .text                  ro code   0x801'6b98    0xb74  lcd_ui.o [1]
  .text                  ro code   0x801'770c    0x230  unicode_utils.o [1]
  .text                  ro code   0x801'793c    0x524  lcd_low.o [1]
  .text                  ro code   0x801'7e60    0x278  touch.o [1]
  .text                  ro code   0x801'80d8    0xf46  xprintffull.o [2]
  .text                  ro code   0x801'901e      0xa  xsprout.o [2]
  .text                  ro code   0x801'9028     0x28  stm32f4xx_hal.o [1]
  .text                  ro code   0x801'9050    0x114  fsmc.o [1]
  .text                  ro code   0x801'9164    0x484  stm32f4xx_hal_dma.o [1]
  .text                  ro code   0x801'95e8    0x158  stm32f4xx_hal_cortex.o [1]
  .text                  ro code   0x801'9740    0x568  fst_spi.o [1]
  .text                  ro code   0x801'9ca8     0x78  xlocale_c.o [2]
  .text                  ro code   0x801'9d20     0x16  strchr.o [5]
  .rodata                const     0x801'9d36      0x2  languages.o [1]
  .text                  ro code   0x801'9d38     0x40  xfail_s.o [2]
  .text                  ro code   0x801'9d78     0x58  memchr.o [5]
  .text                  ro code   0x801'9dd0      0xa  xmbcurmax.o [2]
  .rodata                const     0x801'9dda      0x2  languages.o [1]
  .text                  ro code   0x801'9ddc    0x230  I64DivMod.o [5]
  .text                  ro code   0x801'a00c    0x1a2  DblMul.o [4]
  .rodata                const     0x801'a1ae      0x1  unwind_debug.o [6]
  .text                  ro code   0x801'a1b0     0x70  frexp.o [4]
  .text                  ro code   0x801'a220     0x2e  DblCmpLe.o [4]
  .text                  ro code   0x801'a250     0x2e  DblCmpGe.o [4]
  .text                  ro code   0x801'a280    0x13a  ldexp.o [4]
  .text                  ro code   0x801'a3bc     0x3a  DblToS32.o [4]
  .text                  ro code   0x801'a3f8     0x22  S32ToDbl.o [4]
  .text                  ro code   0x801'a41c     0xe2  DblSub.o [4]
  .text                  ro code   0x801'a500    0x246  DblDiv.o [4]
  .text                  ro code   0x801'a748     0x28  DblToU32.o [4]
  .text                  ro code   0x801'a770     0x1a  U32ToDbl.o [4]
  .text                  ro code   0x801'a78c      0x6  ABImemclr4.o [5]
  .text                  ro code   0x801'a794     0x5c  stm32f4xx_hal_sram.o [1]
  .text                  ro code   0x801'a7f0    0x6ca  main.o [1]
  .text                  ro code   0x801'aebc    0x2a2  stm32f4xx_hal_gpio.o [1]
  .text                  ro code   0x801'b160    0x63e  stm32f4xx_hal_spi.o [1]
  .text                  ro code   0x801'b79e      0x6  abort.o [2]
  .text                  ro code   0x801'b7a4      0x2  stm32f4xx_hal_spi.o [1]
  .text                  ro code   0x801'b7a8    0x16a  DblAdd.o [4]
  .text                  ro code   0x801'b914     0x32  ABImemset48.o [5]
  .text                  ro code   0x801'b948     0xec  stm32f4xx_ll_fsmc.o [1]
  .text                  ro code   0x801'ba34     0x34  stm32f4xx_hal.o [1]
  .text                  ro code   0x801'ba68    0x28c  gpio.o [1]
  .text                  ro code   0x801'bcf4    0x328  spi_flash.o [1]
  .text                  ro code   0x801'c01c     0xc8  rtc.o [1]
  .text                  ro code   0x801'c0e4     0xb0  config.o [1]
  .text                  ro code   0x801'c194     0xe8  motor.o [1]
  .text                  ro code   0x801'c27c      0xc  uvdisplay.o [1]
  .text                  ro code   0x801'c288     0x28  usbh_platform.o [1]
  .text                  ro code   0x801'c2b0     0x8c  usb_host.o [1]
  .text                  ro code   0x801'c33c     0x12  strcmp.o [5]
  .text                  ro code   0x801'c350    0x3dc  stm32f4xx_hal_rcc.o [1]
  .text                  ro code   0x801'c72c    0x1f4  stm32f4xx_hal_rcc.o [1]
  .text                  ro code   0x801'c920    0x160  stm32f4xx_hal_rcc_ex.o [1]
  .text                  ro code   0x801'ca80     0x14  exit.o [6]
  .text                  ro code   0x801'ca94     0x4c  stm32f4xx_hal.o [1]
  .text                  ro code   0x801'cae0     0x40  stm32f4xx_hal_msp.o [1]
  .text                  ro code   0x801'cb20     0x20  spi_flash.o [1]
  .text                  ro code   0x801'cb40     0xd0  z_endstops.o [1]
  .text                  ro code   0x801'cc10    0x240  z_planner.o [1]
  .text                  ro code   0x801'ce50    0x5b8  z_stepper.o [1]
  .text                  ro code   0x801'd408    0x1e8  tim.o [1]
  .text                  ro code   0x801'd5f0    0x7a2  stm32f4xx_hal_tim.o [1]
  .text                  ro code   0x801'dd94     0x48  FltToDbl.o [4]
  .text                  ro code   0x801'dddc     0xb6  cpld_utils.o [1]
  .text                  ro code   0x801'de94    0x5b4  ssd_utils.o [1]
  .text                  ro code   0x801'e448    0x7f4  usbh_core.o [1]
  .text                  ro code   0x801'ec3c     0x18  z_endstops.o [1]
  .text                  ro code   0x801'ec54     0x18  z_stepper.o [1]
  .text                  ro code   0x801'ec6c      0xc  z_endstops.o [1]
  .text                  ro code   0x801'ec78     0x24  z_planner.o [1]
  .text                  ro code   0x801'ec9c     0x18  z_planner.o [1]
  .text                  ro code   0x801'ecb4      0x8  z_stepper.o [1]
  .text                  ro code   0x801'ecbc     0x20  z_stepper.o [1]
  .text                  ro code   0x801'ecdc     0x38  z_planner.o [1]
  .text                  ro code   0x801'ed14     0x10  z_stepper.o [1]
  .text                  ro code   0x801'ed24     0x2e  lroundf.o [4]
  .text                  ro code   0x801'ed54     0x1c  z_stepper.o [1]
  .text                  ro code   0x801'ed70     0x30  z_stepper.o [1]
  .text                  ro code   0x801'eda0     0x20  z_stepper.o [1]
  .text                  ro code   0x801'edc0      0xc  z_stepper.o [1]
  .text                  ro code   0x801'edcc     0xac  stm32f4xx_hal_tim_ex.o [1]
  .text                  ro code   0x801'ee78    0x3a0  usbh_conf.o [1]
  .text                  ro code   0x801'f218     0xe0  usbh_pipes.o [1]
  .text                  ro code   0x801'f2f8    0x642  usbh_ctlreq.o [1]
  .text                  ro code   0x801'f93a      0xe  z_planner.o [1]
  .text                  ro code   0x801'f948     0x1c  z_stepper.o [1]
  .text                  ro code   0x801'f964     0x10  z_stepper.o [1]
  .text                  ro code   0x801'f974   0x10d2  stm32f4xx_hal_hcd.o [1]
  .text                  ro code   0x802'0a46    0x10e  usbh_ioreq.o [1]
  .text                  ro code   0x802'0b54    0xa8c  stm32f4xx_ll_usb.o [1]
  .rodata                const     0x802'15e0   0x2094  fnt24bold.o [1]
  .rodata                const     0x802'3674   0x195c  fnt24.o [1]
  .text                  ro code   0x802'4fd0   0x14e0  dlmalloc.o [2]
  .text                  ro code   0x802'64b0     0x2c  xgetmemchunk.o [2]
  .rodata                const     0x802'64dc   0x10c8  fnt18bold.o [1]
  .rodata                const     0x802'75a4    0xea4  fnt18.o [1]
  .text                  ro code   0x802'8448    0x9ae  usbh_msc.o [1]
  .text                  ro code   0x802'8df8    0x43c  usbh_msc_bot.o [1]
  .text                  ro code   0x802'9234      0x4  heaptramp0.o [2]
  .text                  ro code   0x802'9238    0x490  usbh_msc_scsi.o [1]
  .rodata                const     0x802'96c8    0x788  fnt12bold.o [1]
  .rodata                const     0x802'9e50    0x6b4  fnt12.o [1]
  .text                  ro code   0x802'a504    0x43c  tgui_filesscreenfuncs.o [1]
  .text                  ro code   0x802'a940     0x18  strcpy.o [5]
  .rodata                const     0x802'a958    0x1f4  ffunicode.o [1]
  .text                  ro code   0x802'ab4c    0x170  usbh_diskio.o [1]
  .text                  ro code   0x802'acbc    0x150  spifl_diskio.o [1]
  .rodata                const     0x802'ae0c    0x140  fnt12.o [1]
  .rodata                const     0x802'af4c    0x140  fnt12bold.o [1]
  .rodata                const     0x802'b08c    0x140  fnt18.o [1]
  .rodata                const     0x802'b1cc    0x140  fnt18bold.o [1]
  .rodata                const     0x802'b30c    0x140  fnt24.o [1]
  .rodata                const     0x802'b44c    0x140  fnt24bold.o [1]
  .rodata                const     0x802'b58c    0x100  ffunicode.o [1]
  .text                  ro code   0x802'b68c     0xdc  tgui_infoscreenfuncs.o [1]
  .text                  ro code   0x802'b768     0x1e  strcat.o [2]
  .rodata                const     0x802'b788     0xbc  ffunicode.o [1]
  .text                  ro code   0x802'b844     0x9c  stm32f4xx_it.o [1]
  .rodata                const     0x802'b8e0     0x94  languages.o [1]
  .rodata                const     0x802'b974     0x94  languages.o [1]
  .rodata                const     0x802'ba08     0x80  ff.o [1]
  .rodata                const     0x802'ba88     0x34  main.o [1]
  .rodata                const     0x802'babc     0x34  main.o [1]
  .rodata                const     0x802'baf0     0x30  languages.o [1]
  .rodata                const     0x802'bb20     0x30  main.o [1]
  .rodata                const     0x802'bb50     0x30  main.o [1]
  .rodata                const     0x802'bb80     0x2c  main.o [1]
  .rodata                const     0x802'bbac     0x2c  main.o [1]
  .rodata                const     0x802'bbd8     0x28  main.o [1]
  .text                  ro code   0x802'bc00     0x28  data_init.o [5]
  .rodata                const     0x802'bc28     0x24  languages.o [1]
  .rodata                const     0x802'bc4c     0x24  main.o [1]
  .rodata                const     0x802'bc70     0x24  tgui_infoscreenfuncs.o [1]
  .text                  ro code   0x802'bc94     0x22  fpinit_M.o [4]
  .iar.init_table        const     0x802'bcb8     0x24  - Linker created -
  .rodata                const     0x802'bcdc     0x20  main.o [1]
  .text                  ro code   0x802'bcfc     0x20  system_stm32f4xx.o [1]
  .text                  ro code   0x802'bd1c     0x20  cmain_call_ctors.o [5]
  .text                  ro code   0x802'bd3c     0x18  cppinit.o [2]
  .text                  ro code   0x802'bd54     0x1e  cmain.o [5]
  .text                  ro code   0x802'bd72      0x4  low_level_init.o [2]
  .text                  ro code   0x802'bd76      0x4  exit.o [2]
  .text                  ro code   0x802'bd7c      0xa  cexit.o [5]
  .rodata                const     0x802'bd88     0x1c  languages.o [1]
  .rodata                const     0x802'bda4     0x1c  tgui.o [1]
  .rodata                const     0x802'bdc0     0x1c  tgui.o [1]
  .rodata                const     0x802'bddc     0x1c  tgui.o [1]
  .rodata                const     0x802'bdf8     0x18  languages.o [1]
  .rodata                const     0x802'be10     0x18  languages.o [1]
  .rodata                const     0x802'be28     0x18  main.o [1]
  .rodata                const     0x802'be40     0x18  main.o [1]
  .rodata                const     0x802'be58     0x18  main.o [1]
  .rodata                const     0x802'be70     0x18  tgui.o [1]
  .rodata                const     0x802'be88     0x18  tgui.o [1]
  .rodata                const     0x802'bea0     0x18  tgui.o [1]
  .rodata                const     0x802'beb8     0x18  tgui.o [1]
  .rodata                const     0x802'bed0     0x18  tgui.o [1]
  .rodata                const     0x802'bee8     0x18  tgui.o [1]
  .rodata                const     0x802'bf00     0x18  tgui.o [1]
  .rodata                const     0x802'bf18     0x18  tgui.o [1]
  .rodata                const     0x802'bf30     0x14  ff.o [1]
  .rodata                const     0x802'bf44     0x14  ff.o [1]
  .rodata                const     0x802'bf58     0x14  spifl_diskio.o [1]
  .rodata                const     0x802'bf6c     0x14  tgui.o [1]
  .rodata                const     0x802'bf80     0x14  tgui.o [1]
  .rodata                const     0x802'bf94     0x14  tgui_filesscreenfuncs.o [1]
  .rodata                const     0x802'bfa8     0x14  usbh_diskio.o [1]
  .text                  ro code   0x802'bfbc     0x14  tgui_langscreenfuncs.o [1]
  .rodata                const     0x802'bfd0     0x10  ff.o [1]
  .rodata                const     0x802'bfe0     0x10  ff.o [1]
  .rodata                const     0x802'bff0     0x10  ff.o [1]
  .rodata                const     0x802'c000     0x10  ff.o [1]
  .rodata                const     0x802'c010     0x10  languages.o [1]
  .rodata                const     0x802'c020     0x10  languages.o [1]
  .rodata                const     0x802'c030     0x10  languages.o [1]
  .rodata                const     0x802'c040     0x10  languages.o [1]
  .rodata                const     0x802'c050     0x10  languages.o [1]
  .rodata                const     0x802'c060     0x10  main.o [1]
  .rodata                const     0x802'c070     0x10  main.o [1]
  .rodata                const     0x802'c080     0x10  system_stm32f4xx.o [1]
  .rodata                const     0x802'c090     0x10  tgui.o [1]
  .rodata                const     0x802'c0a0     0x10  tgui.o [1]
  .rodata                const     0x802'c0b0     0x10  tgui.o [1]
  .rodata                const     0x802'c0c0     0x10  tgui.o [1]
  .rodata                const     0x802'c0d0     0x10  tgui_defaultfuncs.o [1]
  .text                  ro code   0x802'c0e0     0x10  startup_stm32f407xx.o [1]
  .rodata                const     0x802'c0f0      0xc  ff.o [1]
  .rodata                const     0x802'c0fc      0xc  ff.o [1]
  .rodata                const     0x802'c108      0xc  languages.o [1]
  .rodata                const     0x802'c114      0xc  languages.o [1]
  .rodata                const     0x802'c120      0xc  languages.o [1]
  .rodata                const     0x802'c12c      0xc  languages.o [1]
  .rodata                const     0x802'c138      0xc  languages.o [1]
  .rodata                const     0x802'c144      0xc  languages.o [1]
  .rodata                const     0x802'c150      0xc  languages.o [1]
  .rodata                const     0x802'c15c      0xc  languages.o [1]
  .rodata                const     0x802'c168      0xc  languages.o [1]
  .rodata                const     0x802'c174      0xc  languages.o [1]
  .rodata                const     0x802'c180      0xc  languages.o [1]
  .rodata                const     0x802'c18c      0xc  languages.o [1]
  .rodata                const     0x802'c198      0xc  languages.o [1]
  .rodata                const     0x802'c1a4      0xc  main.o [1]
  .rodata                const     0x802'c1b0      0xc  main.o [1]
  .rodata                const     0x802'c1bc      0xc  tgui.o [1]
  .rodata                const     0x802'c1c8      0xc  tgui_infoscreenfuncs.o [1]
  .text                  ro code   0x802'c1d4      0xc  cstartup_M.o [5]
  .rodata                const     0x802'c1e0      0x8  ff.o [1]
  .rodata                const     0x802'c1e8      0x8  ff.o [1]
  .rodata                const     0x802'c1f0      0x8  languages.o [1]
  .rodata                const     0x802'c1f8      0x8  languages.o [1]
  .rodata                const     0x802'c200      0x8  languages.o [1]
  .rodata                const     0x802'c208      0x8  languages.o [1]
  .rodata                const     0x802'c210      0x8  languages.o [1]
  .rodata                const     0x802'c218      0x8  languages.o [1]
  .rodata                const     0x802'c220      0x8  languages.o [1]
  .rodata                const     0x802'c228      0x8  languages.o [1]
  .rodata                const     0x802'c230      0x8  languages.o [1]
  .rodata                const     0x802'c238      0x8  languages.o [1]
  .rodata                const     0x802'c240      0x8  languages.o [1]
  .rodata                const     0x802'c248      0x8  languages.o [1]
  .rodata                const     0x802'c250      0x8  languages.o [1]
  .rodata                const     0x802'c258      0x8  languages.o [1]
  .rodata                const     0x802'c260      0x8  languages.o [1]
  .rodata                const     0x802'c268      0x8  languages.o [1]
  .rodata                const     0x802'c270      0x8  languages.o [1]
  .rodata                const     0x802'c278      0x8  languages.o [1]
  .rodata                const     0x802'c280      0x8  languages.o [1]
  .rodata                const     0x802'c288      0x8  languages.o [1]
  .rodata                const     0x802'c290      0x8  languages.o [1]
  .rodata                const     0x802'c298      0x8  languages.o [1]
  .rodata                const     0x802'c2a0      0x8  languages.o [1]
  .rodata                const     0x802'c2a8      0x8  languages.o [1]
  .rodata                const     0x802'c2b0      0x8  languages.o [1]
  .rodata                const     0x802'c2b8      0x8  languages.o [1]
  .rodata                const     0x802'c2c0      0x8  main.o [1]
  .rodata                const     0x802'c2c8      0x8  stm32f4xx_hal_dma.o [1]
  .rodata                const     0x802'c2d0      0x8  tgui.o [1]
  .rodata                const     0x802'c2d8      0x8  tgui.o [1]
  .rodata                const     0x802'c2e0      0x8  tgui.o [1]
  .rodata                const     0x802'c2e8      0x8  tgui.o [1]
  .rodata                const     0x802'c2f0      0x8  tgui.o [1]
  .rodata                const     0x802'c2f8      0x8  tgui.o [1]
  .rodata                const     0x802'c300      0x8  tgui.o [1]
  .rodata                const     0x802'c308      0x8  tgui.o [1]
  .rodata                const     0x802'c310      0x8  tgui.o [1]
  .rodata                const     0x802'c318      0x8  tgui.o [1]
  .rodata                const     0x802'c320      0x8  tgui.o [1]
  .rodata                const     0x802'c328      0x8  tgui.o [1]
  .rodata                const     0x802'c330      0x8  tgui.o [1]
  .rodata                const     0x802'c338      0x8  tgui.o [1]
  .rodata                const     0x802'c340      0x8  tgui.o [1]
  .rodata                const     0x802'c348      0x8  tgui.o [1]
  .rodata                const     0x802'c350      0x8  tgui.o [1]
  .rodata                const     0x802'c358      0x8  tgui.o [1]
  .rodata                const     0x802'c360      0x8  tgui.o [1]
  .rodata                const     0x802'c368      0x8  tgui.o [1]
  .rodata                const     0x802'c370      0x8  tgui.o [1]
  .rodata                const     0x802'c378      0x8  tgui.o [1]
  .rodata                const     0x802'c380      0x8  tgui.o [1]
  .rodata                const     0x802'c388      0x8  tgui.o [1]
  .rodata                const     0x802'c390      0x8  tgui.o [1]
  .rodata                const     0x802'c398      0x8  tgui.o [1]
  .rodata                const     0x802'c3a0      0x8  tgui.o [1]
  .rodata                const     0x802'c3a8      0x8  tgui.o [1]
  .rodata                const     0x802'c3b0      0x8  tgui.o [1]
  .rodata                const     0x802'c3b8      0x8  tgui.o [1]
  .rodata                const     0x802'c3c0      0x8  tgui.o [1]
  .rodata                const     0x802'c3c8      0x8  tgui.o [1]
  .rodata                const     0x802'c3d0      0x8  tgui.o [1]
  .rodata                const     0x802'c3d8      0x8  tgui.o [1]
  .rodata                const     0x802'c3e0      0x8  tgui.o [1]
  .rodata                const     0x802'c3e8      0x8  tgui.o [1]
  .rodata                const     0x802'c3f0      0x8  tgui.o [1]
  .rodata                const     0x802'c3f8      0x8  tgui_infoscreenfuncs.o [1]
  .rodata                const     0x802'c400      0x8  tim.o [1]
  .rodata                const     0x802'c408      0x6  xlocale_c.o [2]
  .rodata                const     0x802'c410      0x4  languages.o [1]
  .rodata                const     0x802'c414      0x4  languages.o [1]
  .rodata                const     0x802'c418      0x4  languages.o [1]
  .rodata                const     0x802'c41c      0x4  languages.o [1]
  .rodata                const     0x802'c420      0x4  languages.o [1]
  .rodata                const     0x802'c424      0x4  languages.o [1]
  .rodata                const     0x802'c428      0x4  languages.o [1]
  .rodata                const     0x802'c42c      0x4  languages.o [1]
  .rodata                const     0x802'c430      0x4  languages.o [1]
  .rodata                const     0x802'c434      0x4  languages.o [1]
  .rodata                const     0x802'c438      0x4  languages.o [1]
  .rodata                const     0x802'c43c      0x4  languages.o [1]
  .rodata                const     0x802'c440      0x4  languages.o [1]
  .rodata                const     0x802'c444      0x4  languages.o [1]
  .rodata                const     0x802'c448      0x4  languages.o [1]
  .rodata                const     0x802'c44c      0x4  languages.o [1]
  .rodata                const     0x802'c450      0x4  languages.o [1]
  .rodata                const     0x802'c454      0x4  languages.o [1]
  .rodata                const     0x802'c458      0x4  languages.o [1]
  .rodata                const     0x802'c45c      0x4  rtc.o [1]
  .rodata                const     0x802'c460      0x4  usbh_msc.o [1]
  .text                  ro code   0x802'c464      0x4  startup_stm32f407xx.o [1]
  SHT$$PREINIT_ARRAY               0x802'c468      0x0  <Block>
  SHT$$INIT_ARRAY                  0x802'c468      0x4  <Block>
    .init_array          const     0x802'c468      0x4  z_planner.o [1]
  __iar_tls$$INIT_ARRAY            0x802'c46c      0x0  <Block>
  .rodata                const     0x802'c46c      0x0  zero_init3.o [5]
  .rodata                const     0x802'c46c      0x0  lz77_init_single.o [5]
  Initializer bytes      const     0x802'c46c     0xb6  <for P2-1>
                                 - 0x802'c522  0x1c39a

"P3":                                           0x5478
  CCMRAM                 uninit   0x1000'0000   0x2000  main.o [1]
  CCMRAM                 uninit   0x1000'2000   0x1028  main.o [1]
  CCMRAM                 uninit   0x1000'3028   0x1028  main.o [1]
  CCMRAM                 uninit   0x1000'4050   0x1028  tgui.o [1]
  CCMRAM                 uninit   0x1000'5078    0x400  tgui.o [1]
                                - 0x1000'5478   0x5478

"P2", part 1 of 3:                               0x316
  P2-1                            0x2000'0000    0x316  <Init block>
    .data                inited   0x2000'0000      0xc  fnt12.o [1]
    .data                inited   0x2000'000c      0xc  fnt12bold.o [1]
    .data                inited   0x2000'0018      0xc  fnt18.o [1]
    .data                inited   0x2000'0024      0xc  fnt18bold.o [1]
    .data                inited   0x2000'0030      0xc  fnt24.o [1]
    .data                inited   0x2000'003c      0xc  fnt24bold.o [1]
    .data                inited   0x2000'0048     0x10  languages.o [1]
    .data                inited   0x2000'0058      0x4  languages.o [1]
    .data                inited   0x2000'005c      0x4  lcd_ui.o [1]
    .data                inited   0x2000'0060      0x4  stm32f4xx_hal.o [1]
    .data                inited   0x2000'0064      0x4  system_stm32f4xx.o [1]
    .data                inited   0x2000'0068    0x200  tgui_filesscreenfuncs.o [1]
    .data                inited   0x2000'0268     0x20  usbh_msc.o [1]
    .data                inited   0x2000'0288      0x4  z_stepper.o [1]
    .data                inited   0x2000'028c     0x38  xlocale_c.o [2]
    .data                inited   0x2000'02c4     0x48  xlocale_c.o [2]
    .data                inited   0x2000'030c      0x2  lcd_ui.o [1]
    .data                inited   0x2000'030e      0x2  lcd_ui.o [1]
    .data                inited   0x2000'0310      0x2  lcd_ui.o [1]
    .data                inited   0x2000'0312      0x1  lcd_ui.o [1]
    .data                inited   0x2000'0313      0x1  stm32f4xx_hal.o [1]
    .data                inited   0x2000'0314      0x1  tgui_defaultfuncs.o [1]
    .data                inited   0x2000'0315      0x1  tgui_filesscreenfuncs.o [1]
                                - 0x2000'0316    0x316

"P2", part 2 of 3:                              0x5640
  .bss                   zero     0x2000'0318   0x1038  fatfs.o [1]
  .bss                   zero     0x2000'1350   0x1038  fatfs.o [1]
  .bss                   zero     0x2000'2388    0x404  tgui_filesscreenfuncs.o [1]
  .bss                   zero     0x2000'278c    0x400  main.o [1]
  .bss                   zero     0x2000'2b8c    0x400  main.o [1]
  .bss                   zero     0x2000'2f8c    0x400  main.o [1]
  .bss                   zero     0x2000'338c    0x3d8  usb_host.o [1]
  .bss                   zero     0x2000'3764    0x39c  tgui.o [1]
  .bss                   zero     0x2000'3b00    0x348  tgui.o [1]
  .bss                   zero     0x2000'3e48    0x2f4  tgui.o [1]
  .bss                   zero     0x2000'413c    0x2c4  usbh_conf.o [1]
  .bss                   zero     0x2000'4400    0x224  main.o [1]
  .bss                   zero     0x2000'4624    0x200  ff.o [1]
  .bss                   zero     0x2000'4824    0x200  main.o [1]
  .bss                   zero     0x2000'4a24    0x200  z_planner.o [1]
  .bss                   zero     0x2000'4c24    0x1d8  dlmalloc.o [2]
  .bss                   zero     0x2000'4dfc    0x150  tgui.o [1]
  .bss                   zero     0x2000'4f4c    0x100  sys_timer.o [1]
  .bss                   zero     0x2000'504c     0xfc  tgui.o [1]
  .bss                   zero     0x2000'5148     0xfc  tgui.o [1]
  .bss                   zero     0x2000'5244     0x80  fst_spi.o [1]
  .bss                   zero     0x2000'52c4     0x80  fst_spi.o [1]
  .bss                   zero     0x2000'5344     0x60  fst_spi.o [1]
  .bss                   zero     0x2000'53a4     0x60  fst_spi.o [1]
  .bss                   zero     0x2000'5404     0x60  fst_spi.o [1]
  .bss                   zero     0x2000'5464     0x60  fst_spi.o [1]
  .bss                   zero     0x2000'54c4     0x60  fst_spi.o [1]
  .bss                   zero     0x2000'5524     0x60  lcd_low.o [1]
  .bss                   zero     0x2000'5584     0x50  fsmc.o [1]
  .bss                   zero     0x2000'55d4     0x40  config.o [1]
  .bss                   zero     0x2000'5614     0x40  tim.o [1]
  .bss                   zero     0x2000'5654     0x40  tim.o [1]
  .bss                   zero     0x2000'5694     0x34  main.o [1]
  .bss                   zero     0x2000'56c8     0x30  tgui.o [1]
  .bss                   zero     0x2000'56f8     0x30  tgui.o [1]
  .bss                   zero     0x2000'5728     0x30  tgui.o [1]
  .bss                   zero     0x2000'5758     0x30  tgui.o [1]
  .bss                   zero     0x2000'5788     0x30  tgui.o [1]
  .bss                   zero     0x2000'57b8     0x30  tgui.o [1]
  .bss                   zero     0x2000'57e8     0x28  z_planner.o [1]
  .bss                   zero     0x2000'5810     0x20  rtc.o [1]
  .bss                   zero     0x2000'5830     0x20  tgui.o [1]
  .bss                   zero     0x2000'5850     0x18  dlmalloc.o [2]
  .bss                   zero     0x2000'5868     0x10  ff_gen_drv.o [1]
  .bss                   zero     0x2000'5878     0x10  touch.o [1]
  .bss                   zero     0x2000'5888      0xc  config.o [1]
  .bss                   zero     0x2000'5894      0xc  spi_flash.o [1]
  .bss                   zero     0x2000'58a0      0x8  fatfs.o [1]
  .bss                   zero     0x2000'58a8      0x8  fatfs.o [1]
  .bss                   zero     0x2000'58b0      0x8  ff.o [1]
  .bss                   zero     0x2000'58b8      0x4  cpld_utils.o [1]
  .bss                   zero     0x2000'58bc      0x4  fsmc.o [1]
  .bss                   zero     0x2000'58c0      0x4  motor.o [1]
  .bss                   zero     0x2000'58c4      0x4  spi_flash.o [1]
  .bss                   zero     0x2000'58c8      0x4  spi_flash.o [1]
  .bss                   zero     0x2000'58cc      0x4  stm32f4xx_hal.o [1]
  .bss                   zero     0x2000'58d0      0x4  stm32f4xx_ll_usb.o [1]
  .bss                   zero     0x2000'58d4      0x4  tgui.o [1]
  .bss                   zero     0x2000'58d8      0x4  touch.o [1]
  .bss                   zero     0x2000'58dc      0x4  z_planner.o [1]
  .bss                   zero     0x2000'58e0      0x4  z_planner.o [1]
  .bss                   zero     0x2000'58e4      0x4  z_planner.o [1]
  .bss                   zero     0x2000'58e8      0x4  z_planner.o [1]
  .bss                   zero     0x2000'58ec      0x4  z_planner.o [1]
  .bss                   zero     0x2000'58f0      0x4  z_planner.o [1]
  .bss                   zero     0x2000'58f4      0x4  z_stepper.o [1]
  .bss                   zero     0x2000'58f8      0x4  z_stepper.o [1]
  .bss                   zero     0x2000'58fc      0x4  z_stepper.o [1]
  .bss                   zero     0x2000'5900      0x4  z_stepper.o [1]
  .bss                   zero     0x2000'5904      0x4  z_stepper.o [1]
  .bss                   zero     0x2000'5908      0x4  z_stepper.o [1]
  .bss                   zero     0x2000'590c      0x4  z_stepper.o [1]
  .bss                   zero     0x2000'5910      0x4  z_stepper.o [1]
  .bss                   zero     0x2000'5914      0x4  z_stepper.o [1]
  .bss                   zero     0x2000'5918      0x4  z_stepper.o [1]
  .bss                   zero     0x2000'591c      0x4  z_stepper.o [1]
  .bss                   zero     0x2000'5920      0x4  z_stepper.o [1]
  .bss                   zero     0x2000'5924      0x4  z_stepper.o [1]
  .bss                   zero     0x2000'5928      0x4  z_stepper.o [1]
  .bss                   zero     0x2000'592c      0x4  xfail_s.o [2]
  .bss                   zero     0x2000'5930      0x4  xgetmemchunk.o [2]
  .bss                   zero     0x2000'5934      0x2  ff.o [1]
  .bss                   zero     0x2000'5936      0x2  lcd_low.o [1]
  .bss                   zero     0x2000'5938      0x2  lcd_ui.o [1]
  .bss                   zero     0x2000'593a      0x2  lcd_ui.o [1]
  .bss                   zero     0x2000'593c      0x2  lcd_ui.o [1]
  .bss                   zero     0x2000'593e      0x2  z_planner.o [1]
  .bss                   zero     0x2000'5940      0x1  fatfs.o [1]
  .bss                   zero     0x2000'5941      0x1  fatfs.o [1]
  .bss                   zero     0x2000'5942      0x1  main.o [1]
  .bss                   zero     0x2000'5943      0x1  main.o [1]
  .bss                   zero     0x2000'5944      0x1  main.o [1]
  .bss                   zero     0x2000'5945      0x1  main.o [1]
  .bss                   zero     0x2000'5946      0x1  tgui_defaultfuncs.o [1]
  .bss                   zero     0x2000'5947      0x1  tgui_filesscreenfuncs.o [1]
  .bss                   zero     0x2000'5948      0x1  usb_host.o [1]
  .bss                   zero     0x2000'5949      0x1  z_endstops.o [1]
  .bss                   zero     0x2000'594a      0x1  z_endstops.o [1]
  .bss                   zero     0x2000'594b      0x1  z_planner.o [1]
  .bss                   zero     0x2000'594c      0x1  z_planner.o [1]
  .bss                   zero     0x2000'594d      0x1  z_planner.o [1]
  .bss                   zero     0x2000'594e      0x1  z_planner.o [1]
  .bss                   zero     0x2000'594f      0x1  z_planner.o [1]
  .bss                   zero     0x2000'5950      0x1  z_planner.o [1]
  .bss                   zero     0x2000'5951      0x1  z_stepper.o [1]
  .bss                   zero     0x2000'5952      0x1  z_stepper.o [1]
  .bss                   zero     0x2000'5953      0x1  z_stepper.o [1]
  .bss                   zero     0x2000'5954      0x1  z_stepper.o [1]
  .bss                   zero     0x2000'5955      0x1  z_stepper.o [1]
                                - 0x2000'5956   0x563e

"P2", part 3 of 3:                              0x7200
  .noinit                uninit   0x2000'5958   0x1000  tgui.o [1]
  .noinit                uninit   0x2000'6958    0x200  tgui.o [1]
  CSTACK                          0x2000'6b58   0x4000  <Block>
    CSTACK               uninit   0x2000'6b58   0x4000  <Block tail>
  HEAP                            0x2000'ab58   0x2000  <Block>
    HEAP                 uninit   0x2000'ab58   0x2000  <Block tail>
                                - 0x2000'cb58   0x7200

Unused ranges:

         From           To      Size
         ----           --      ----
   0x802'c522   0x807'ffff  0x5'3ade
  0x1000'5478  0x1000'ffff    0xab88
  0x2000'0316  0x2000'0317       0x2
  0x2000'cb58  0x2001'ffff  0x1'34a8


*******************************************************************************
*** INIT TABLE
***

          Address      Size
          -------      ----
Zero (__iar_zero_init3)
    1 destination range, total size 0x563e:
          0x2000'0318  0x563e

Copy/lz77 (__iar_lz77_init_single3)
    1 source range, total size 0xb6 (23% of destination):
           0x802'c46c    0xb6
    1 destination range, total size 0x316:
          0x2000'0000   0x316

Extra (__iar_cstart_call_ctors)



*******************************************************************************
*** MODULE SUMMARY
***

    Module                   ro code  ro data  rw data
    ------                   -------  -------  -------
command line/config:
    --------------------------------------------------
    Total:

D:\Electronics\Projects\MKS_DLP_new\SRC\firmware\MKSDLP_Alter_Debug\Obj: [1]
    config.o                     176                76
    cpld_utils.o                 182                 4
    datetime.o                   152
    diskio.o                     240
    fatfs.o                      216             8 322
    ff.o                      11 912      272      522
    ff_gen_drv.o                  96                16
    ffunicode.o                  360      944
    fnt12.o                             2 038       12
    fnt12bold.o                         2 251       12
    fnt18.o                             4 071       12
    fnt18bold.o                         4 619       12
    fnt24.o                             6 814       12
    fnt24bold.o                         8 663       12
    fsmc.o                       276                84
    fst_spi.o                  1 384               736
    gpio.o                       652
    languages.o                   68      985       20
    lcd_low.o                  1 316                98
    lcd_ui.o                   2 932        3       17
    main.o                     1 738      532   20 652
    motor.o                      232                 4
    rtc.o                        200        4       32
    spi_flash.o                  840                20
    spifl_diskio.o               336       20
    ssd_utils.o                1 460
    startup_stm32f407xx.o        412
    stm32f4xx_hal.o              180        1        9
    stm32f4xx_hal_cortex.o       344
    stm32f4xx_hal_dma.o        1 156        8
    stm32f4xx_hal_gpio.o         674
    stm32f4xx_hal_hcd.o        4 306
    stm32f4xx_hal_msp.o           64
    stm32f4xx_hal_rcc.o        1 488
    stm32f4xx_hal_rcc_ex.o       352
    stm32f4xx_hal_rtc.o        1 092
    stm32f4xx_hal_spi.o        1 600
    stm32f4xx_hal_sram.o          92
    stm32f4xx_hal_tim.o        1 954
    stm32f4xx_hal_tim_ex.o       172
    stm32f4xx_it.o               156
    stm32f4xx_ll_fsmc.o          236
    stm32f4xx_ll_usb.o         2 700                 4
    sys_timer.o                  296               256
    system_stm32f4xx.o            32       16        4
    tgui.o                     8 796      688   13 452
    tgui_defaultfuncs.o        3 316       16        2
    tgui_filesscreenfuncs.o    1 084      139    1 542
    tgui_infoscreenfuncs.o       220       56
    tgui_langscreenfuncs.o        20
    tim.o                        488        8      128
    touch.o                      632                20
    unicode_utils.o              560
    usb_host.o                   140               985
    usbh_conf.o                  928               708
    usbh_core.o                2 036
    usbh_ctlreq.o              1 602
    usbh_diskio.o                368       20
    usbh_ioreq.o                 270
    usbh_msc.o                 2 478       12       32
    usbh_msc_bot.o             1 084
    usbh_msc_scsi.o            1 168
    usbh_pipes.o                 224
    usbh_platform.o               40
    uvdisplay.o                   12
    z_endstops.o                 244                 2
    z_planner.o                  706        4      584
    z_stepper.o                1 708        1       65
    --------------------------------------------------
    Total:                    70 198   32 185   48 468

dl7M_tlf.a: [2]
    abort.o                        6
    cppinit.o                     24
    dlmalloc.o                 5 344               496
    exit.o                         4
    heaptramp0.o                   4
    low_level_init.o               4
    sprintf.o                     64
    strcat.o                      30
    xencoding_8859_1.o            30
    xfail_s.o                     64                 4
    xgetmemchunk.o                44                 4
    xlocale_c.o                  120       35      128
    xmbcurmax.o                   10
    xprintffull.o              3 910
    xsprout.o                     10
    --------------------------------------------------
    Total:                     9 668       35      632

dlpp7M_tl_fc.a: [3]
    --------------------------------------------------
    Total:

m7M_tls.a: [4]
    DblAdd.o                     362
    DblCmpGe.o                    46
    DblCmpLe.o                    46
    DblDiv.o                     582
    DblMul.o                     418
    DblSub.o                     226
    DblToS32.o                    58
    DblToU32.o                    40
    FltToDbl.o                    72
    S32ToDbl.o                    34
    U32ToDbl.o                    26
    fpinit_M.o                    34
    frexp.o                      112
    ldexp.o                      314
    lroundf.o                     46
    --------------------------------------------------
    Total:                     2 416

rt7M_tl.a: [5]
    ABImemclr4.o                   6
    ABImemcpy.o                  166
    ABImemset.o                  102
    ABImemset48.o                 50
    I64DivMod.o                  560
    cexit.o                       10
    cmain.o                       30
    cmain_call_ctors.o            32
    cstartup_M.o                  12
    data_init.o                   40
    lz77_init_single.o           122
    memchr.o                      88
    strchr.o                      22
    strcmp.o                      18
    strcpy.o                      24
    strlen.o                      54
    zero_init3.o                  58
    --------------------------------------------------
    Total:                     1 394

shb_l.a: [6]
    exit.o                        20
    unwind_debug.o                          1
    --------------------------------------------------
    Total:                        20        1

    Gaps                          41        8
    Linker created                         36   24 576
------------------------------------------------------
    Grand Total:              83 737   32 265   73 676


*******************************************************************************
*** ENTRY LIST
***

Entry                       Address    Size  Type      Object
-----                       -------    ----  ----      ------
.iar.init_table$$Base    0x802'bcb8           --   Gb  - Linker created -
.iar.init_table$$Limit   0x802'bcdc           --   Gb  - Linker created -
?main                    0x802'bd55          Code  Gb  cmain.o [5]
AHBPrescTable            0x802'c080    0x10  Data  Gb  system_stm32f4xx.o [1]
Appli_state             0x2000'5948     0x1  Data  Gb  usb_host.o [1]
Appli_state_old         0x2000'5942     0x1  Data  Gb  main.o [1]
BusFault_Handler         0x802'b84b     0x2  Code  Gb  stm32f4xx_it.o [1]
CFG_Init()               0x801'c0e5    0xb0  Code  Gb  config.o [1]
CPLD_Init()              0x801'de91     0x2  Code  Gb  cpld_utils.o [1]
CSTACK$$Base            0x2000'6b58           --   Gb  - Linker created -
CSTACK$$Limit           0x2000'ab58           --   Gb  - Linker created -
CacheMore                0x801'9cad    0x24  Code  Lc  xlocale_c.o [2]
DMA1_Stream3_IRQHandler
                         0x802'b85d     0xa  Code  Gb  stm32f4xx_it.o [1]
DMA1_Stream4_IRQHandler
                         0x802'b867     0xa  Code  Gb  stm32f4xx_it.o [1]
DMA2_Stream2_IRQHandler
                         0x802'b885     0xa  Code  Gb  stm32f4xx_it.o [1]
DMA2_Stream5_IRQHandler
                         0x802'b88f     0xa  Code  Gb  stm32f4xx_it.o [1]
DMA2_Stream7_IRQHandler
                         0x802'b87b     0xa  Code  Gb  stm32f4xx_it.o [1]
DMA_CalcBaseAndBitshift
                         0x801'950f    0x30  Code  Lc  stm32f4xx_hal_dma.o [1]
DMA_CalcBaseAndBitshift::flagBitshiftOffset
                         0x802'c2c8     0x8  Data  Lc  stm32f4xx_hal_dma.o [1]
DMA_CheckFifoParam       0x801'954d    0x9c  Code  Lc  stm32f4xx_hal_dma.o [1]
DMA_SetConfig            0x801'94e1    0x2e  Code  Lc  stm32f4xx_hal_dma.o [1]
DTIME_GetDateTime(DATETIME_STRUCT *)
                         0x801'6ad9    0x78  Code  Gb  datetime.o [1]
DTIME_GetMinutes()       0x801'6ac1    0x18  Code  Gb  datetime.o [1]
DeInitStateMachine       0x801'e49b    0x68  Code  Lc  usbh_core.o [1]
DebugMon_Handler         0x802'b851     0x2  Code  Gb  stm32f4xx_it.o [1]
DeviceCode              0x2000'5936     0x2  Data  Gb  lcd_low.o [1]
EXTI0_IRQHandler         0x802'b8c5     0xe  Code  Gb  stm32f4xx_it.o [1]
EXTI2_IRQHandler         0x802'b8d3     0xe  Code  Gb  stm32f4xx_it.o [1]
Endstops::hit_state     0x2000'5949     0x1  Data  Gb  z_endstops.o [1]
Endstops::init()         0x801'cb49    0x24  Code  Gb  z_endstops.o [1]
Endstops::live_state    0x2000'594a     0x1  Data  Gb  z_endstops.o [1]
Endstops::state()        0x801'ec6d     0xc  Code  Gb  z_endstops.o [1]
Endstops::update()       0x801'cb6d    0x94  Code  Gb  z_endstops.o [1]
EndstopsInterrupt        0x801'cb41     0x8  Code  Gb  z_endstops.o [1]
Error_Handler            0x801'aeb9     0x2  Code  Gb  main.o [1]
ExCvt                    0x802'ba08    0x80  Data  Lc  ff.o [1]
FATFS_GetFileExtension   0x801'32d5    0x4a  Code  Gb  fatfs.o [1]
FATFS_Init               0x801'3269    0x1c  Code  Gb  fatfs.o [1]
FATFS_LinkDriver         0x801'338b    0x12  Code  Gb  ff_gen_drv.o [1]
FATFS_LinkDriverEx       0x801'3341    0x4a  Code  Gb  ff_gen_drv.o [1]
FLASH_SPIEnable          0x801'99f9   0x188  Code  Gb  fst_spi.o [1]
FLASH_SPIGetSpeed        0x801'9b9f     0xc  Code  Gb  fst_spi.o [1]
FLASH_SPIInit            0x801'9995    0x64  Code  Gb  fst_spi.o [1]
FLASH_SPIReadBuff        0x801'9bd3    0x4e  Code  Gb  fst_spi.o [1]
FLASH_SPIReadBuffDMA     0x801'9c21    0x36  Code  Gb  fst_spi.o [1]
FLASH_SPISetSpeed        0x801'9b81    0x1e  Code  Gb  fst_spi.o [1]
FLASH_SPIWriteReadByte   0x801'9bab    0x28  Code  Gb  fst_spi.o [1]
FSMC_Initialized        0x2000'58bc     0x4  Data  Lc  fsmc.o [1]
FSMC_NORSRAM_Extended_Timing_Init
                         0x801'b9e9    0x44  Code  Gb  stm32f4xx_ll_fsmc.o [1]
FSMC_NORSRAM_Init        0x801'b949    0x5a  Code  Gb  stm32f4xx_ll_fsmc.o [1]
FSMC_NORSRAM_Timing_Init
                         0x801'b9a3    0x46  Code  Gb  stm32f4xx_ll_fsmc.o [1]
FatFs                   0x2000'58b0     0x8  Data  Lc  ff.o [1]
Fsid                    0x2000'5934     0x2  Data  Lc  ff.o [1]
GPIO_Init                0x801'ba69   0x28c  Code  Gb  gpio.o [1]
HAL_DMA_GetState         0x801'94db     0x6  Code  Gb  stm32f4xx_hal_dma.o [1]
HAL_DMA_IRQHandler       0x801'92d3   0x208  Code  Gb  stm32f4xx_hal_dma.o [1]
HAL_DMA_Init             0x801'9165    0xe2  Code  Gb  stm32f4xx_hal_dma.o [1]
HAL_DMA_Start_IT         0x801'9247    0x8c  Code  Gb  stm32f4xx_hal_dma.o [1]
HAL_Delay                0x801'9029    0x28  Code  Wk  stm32f4xx_hal.o [1]
HAL_FSMC_MspInit         0x801'90d3    0x70  Code  Gb  fsmc.o [1]
HAL_GPIO_EXTI_IRQHandler
                         0x801'b0ff    0x20  Code  Gb  stm32f4xx_hal_gpio.o [1]
HAL_GPIO_Init            0x801'aebd   0x212  Code  Gb  stm32f4xx_hal_gpio.o [1]
HAL_GPIO_ReadPin         0x801'b0cf    0x16  Code  Gb  stm32f4xx_hal_gpio.o [1]
HAL_GPIO_WritePin        0x801'b0e5    0x1a  Code  Gb  stm32f4xx_hal_gpio.o [1]
HAL_GetTick              0x801'3895     0xc  Code  Wk  stm32f4xx_hal.o [1]
HAL_HCD_Connect_Callback
                         0x801'ef09     0xe  Code  Gb  usbh_conf.o [1]
HAL_HCD_Disconnect_Callback
                         0x801'ef17     0xe  Code  Gb  usbh_conf.o [1]
HAL_HCD_GetCurrentFrame
                         0x801'fec5     0xc  Code  Gb  stm32f4xx_hal_hcd.o [1]
HAL_HCD_GetCurrentSpeed
                         0x801'fed1     0xc  Code  Gb  stm32f4xx_hal_hcd.o [1]
HAL_HCD_HC_GetURBState   0x801'feab     0xe  Code  Gb  stm32f4xx_hal_hcd.o [1]
HAL_HCD_HC_GetXferCount
                         0x801'feb9     0xc  Code  Gb  stm32f4xx_hal_hcd.o [1]
HAL_HCD_HC_Halt          0x801'fac5    0x30  Code  Gb  stm32f4xx_hal_hcd.o [1]
HAL_HCD_HC_Init          0x801'f9eb    0xda  Code  Gb  stm32f4xx_hal_hcd.o [1]
HAL_HCD_HC_NotifyURBChange_Callback
                         0x801'ef25     0x2  Code  Gb  usbh_conf.o [1]
HAL_HCD_HC_SubmitRequest
                         0x801'faf5   0x21a  Code  Gb  stm32f4xx_hal_hcd.o [1]
HAL_HCD_IRQHandler       0x801'fd0f   0x13c  Code  Gb  stm32f4xx_hal_hcd.o [1]
HAL_HCD_Init             0x801'f975    0x76  Code  Gb  stm32f4xx_hal_hcd.o [1]
HAL_HCD_MspInit          0x801'ee79    0x82  Code  Gb  usbh_conf.o [1]
HAL_HCD_PortDisabled_Callback
                         0x801'ef35     0xe  Code  Gb  usbh_conf.o [1]
HAL_HCD_PortEnabled_Callback
                         0x801'ef27     0xe  Code  Gb  usbh_conf.o [1]
HAL_HCD_ResetPort        0x801'fe9f     0xc  Code  Gb  stm32f4xx_hal_hcd.o [1]
HAL_HCD_SOF_Callback     0x801'eefb     0xe  Code  Gb  usbh_conf.o [1]
HAL_HCD_Start            0x801'fe4b    0x2e  Code  Gb  stm32f4xx_hal_hcd.o [1]
HAL_HCD_Stop             0x801'fe79    0x26  Code  Gb  stm32f4xx_hal_hcd.o [1]
HAL_IncTick              0x801'6999    0x58  Code  Gb  sys_timer.o [1]
HAL_Init                 0x801'ba35    0x30  Code  Gb  stm32f4xx_hal.o [1]
HAL_InitTick             0x801'ca95    0x4c  Code  Wk  stm32f4xx_hal.o [1]
HAL_MspInit              0x801'cae1    0x40  Code  Gb  stm32f4xx_hal_msp.o [1]
HAL_NVIC_EnableIRQ       0x801'9707     0xe  Code  Gb  stm32f4xx_hal_cortex.o [1]
HAL_NVIC_SetPriority     0x801'96dd    0x2a  Code  Gb  stm32f4xx_hal_cortex.o [1]
HAL_NVIC_SetPriorityGrouping
                         0x801'96d1     0xc  Code  Gb  stm32f4xx_hal_cortex.o [1]
HAL_RCCEx_PeriphCLKConfig
                         0x801'c921   0x13a  Code  Gb  stm32f4xx_hal_rcc_ex.o [1]
HAL_RCC_ClockConfig      0x801'c72d   0x140  Code  Gb  stm32f4xx_hal_rcc.o [1]
HAL_RCC_GetSysClockFreq
                         0x801'c885    0x9c  Code  Wk  stm32f4xx_hal_rcc.o [1]
HAL_RCC_OscConfig        0x801'c351   0x3dc  Code  Wk  stm32f4xx_hal_rcc.o [1]
HAL_RTC_GetDate          0x801'36e1    0x54  Code  Gb  stm32f4xx_hal_rtc.o [1]
HAL_RTC_GetTime          0x801'357d    0x68  Code  Gb  stm32f4xx_hal_rtc.o [1]
HAL_RTC_Init             0x801'33a1    0xcc  Code  Gb  stm32f4xx_hal_rtc.o [1]
HAL_RTC_SetDate          0x801'35e5    0xfc  Code  Gb  stm32f4xx_hal_rtc.o [1]
HAL_RTC_SetTime          0x801'346d   0x110  Code  Gb  stm32f4xx_hal_rtc.o [1]
HAL_RTC_WaitForSynchro   0x801'3741    0x36  Code  Gb  stm32f4xx_hal_rtc.o [1]
HAL_SPI_Init             0x801'b161    0xca  Code  Gb  stm32f4xx_hal_spi.o [1]
HAL_SPI_Receive_DMA      0x801'b251   0x112  Code  Gb  stm32f4xx_hal_spi.o [1]
HAL_SPI_TransmitReceive_DMA
                         0x801'b363   0x16e  Code  Gb  stm32f4xx_hal_spi.o [1]
HAL_SPI_TxRxCpltCallback
                         0x801'9741    0x20  Code  Gb  fst_spi.o [1]
HAL_SRAM_Init            0x801'a795    0x5c  Code  Gb  stm32f4xx_hal_sram.o [1]
HAL_SRAM_MspInit         0x801'9143     0xa  Code  Gb  fsmc.o [1]
HAL_SYSTICK_Config       0x801'9715     0xc  Code  Gb  stm32f4xx_hal_cortex.o [1]
HAL_TIMEx_MasterConfigSynchronization
                         0x801'edcd    0x8e  Code  Gb  stm32f4xx_hal_tim_ex.o [1]
HAL_TIM_Base_Init        0x801'd5f1    0x38  Code  Gb  stm32f4xx_hal_tim.o [1]
HAL_TIM_Base_MspInit     0x801'd52d    0x56  Code  Gb  tim.o [1]
HAL_TIM_Base_Start_IT    0x801'd629    0x2a  Code  Gb  stm32f4xx_hal_tim.o [1]
HAL_TIM_Base_Stop_IT     0x801'd653    0x36  Code  Gb  stm32f4xx_hal_tim.o [1]
HAL_TIM_ConfigClockSource
                         0x801'd997    0xec  Code  Gb  stm32f4xx_hal_tim.o [1]
HAL_TIM_IRQHandler       0x801'd721   0x176  Code  Gb  stm32f4xx_hal_tim.o [1]
HAL_TIM_MspPostInit      0x801'd583    0x4e  Code  Gb  tim.o [1]
HAL_TIM_PWM_ConfigChannel
                         0x801'd897   0x100  Code  Gb  stm32f4xx_hal_tim.o [1]
HAL_TIM_PWM_Init         0x801'd689    0x38  Code  Gb  stm32f4xx_hal_tim.o [1]
HAL_TIM_PWM_Start        0x801'd6c1    0x58  Code  Gb  stm32f4xx_hal_tim.o [1]
HCD_HC_IN_IRQHandler     0x801'fedd   0x570  Code  Lc  stm32f4xx_hal_hcd.o [1]
HCD_HC_OUT_IRQHandler    0x802'044d   0x488  Code  Lc  stm32f4xx_hal_hcd.o [1]
HCD_Port_IRQHandler      0x802'099d    0xaa  Code  Lc  stm32f4xx_hal_hcd.o [1]
HCD_RXQLVL_IRQHandler    0x802'08d5    0xc4  Code  Lc  stm32f4xx_hal_hcd.o [1]
HEAP$$Base              0x2000'ab58           --   Gb  - Linker created -
HEAP$$Limit             0x2000'cb58           --   Gb  - Linker created -
HardFault_Handler        0x802'b847     0x2  Code  Gb  stm32f4xx_it.o [1]
IsrStepperHandler        0x801'cf13    0x1c  Code  Gb  z_stepper.o [1]
LANG_GetLanduadesCount()
                         0x801'6995     0x4  Code  Gb  languages.o [1]
LANG_GetLanguageName(unsigned char)
                         0x801'695f    0x18  Code  Gb  languages.o [1]
LANG_GetString(LNG_STRING_ID)
                         0x801'6955     0xa  Code  Gb  languages.o [1]
LANG_SetLanguage(unsigned char)
                         0x801'6977    0x12  Code  Gb  languages.o [1]
LCDUI_Clear()            0x801'6cef     0xe  Code  Gb  lcd_ui.o [1]
LCDUI_DrawChar(char, unsigned short, short, short)
                         0x801'703b   0x19e  Code  Gb  lcd_ui.o [1]
LCDUI_DrawFastVLine(short, short, short)
                         0x801'6cfd    0x6e  Code  Gb  lcd_ui.o [1]
LCDUI_DrawText(char *, unsigned short, short, short, short, short)
                         0x801'71d9   0x254  Code  Gb  lcd_ui.o [1]
LCDUI_DrawTextUTF(char *, unsigned short, short, short, short, short)
                         0x801'744d   0x28c  Code  Gb  lcd_ui.o [1]
LCDUI_FillRect(short, short, short, short)
                         0x801'6d6b    0x96  Code  Gb  lcd_ui.o [1]
LCDUI_FillRoundRect(short, short, short, short, short)
                         0x801'6e01    0x84  Code  Gb  lcd_ui.o [1]
LCDUI_GetCurrentFontHeight()
                         0x801'7031     0xa  Code  Gb  lcd_ui.o [1]
LCDUI_GetTextWidthUTF(char *)
                         0x801'6ff1    0x40  Code  Gb  lcd_ui.o [1]
LCDUI_Init()             0x801'6b99    0x42  Code  Gb  lcd_ui.o [1]
LCDUI_SetBackColor(unsigned short)
                         0x801'6cc3     0xe  Code  Gb  lcd_ui.o [1]
LCDUI_SetColor(unsigned short)
                         0x801'6cb5     0xe  Code  Gb  lcd_ui.o [1]
LCDUI_SetCursorCoord(short, short)
                         0x801'6cd1    0x1e  Code  Gb  lcd_ui.o [1]
LCDUI_SetFont(LCDUI_FONT_TYPE)
                         0x801'6f79    0x78  Code  Gb  lcd_ui.o [1]
LCD_BackLight            0x801'7e21    0x1c  Code  Gb  lcd_low.o [1]
LCD_Clear                0x801'7ded    0x34  Code  Gb  lcd_low.o [1]
LCD_CtrlLinesConfig      0x801'793d    0x9a  Code  Gb  lcd_low.o [1]
LCD_FSMCConfig           0x801'79d7     0x8  Code  Gb  lcd_low.o [1]
LCD_Initializtion        0x801'7a7f   0x256  Code  Gb  lcd_low.o [1]
LCD_ReadRAM              0x801'7a55     0xa  Code  Gb  lcd_low.o [1]
LCD_ReadReg              0x801'79f9     0xc  Code  Gb  lcd_low.o [1]
LCD_Read_ID              0x801'7a5f    0x20  Code  Gb  lcd_low.o [1]
LCD_SetCursor            0x801'7cd5    0x5c  Code  Gb  lcd_low.o [1]
LCD_SetWindows           0x801'7d31    0xbc  Code  Gb  lcd_low.o [1]
LCD_WaitDMAReady         0x801'7a45    0x10  Code  Gb  lcd_low.o [1]
LCD_WriteCmd             0x801'7a05     0x8  Code  Gb  lcd_low.o [1]
LCD_WriteRAM             0x801'7a17     0x8  Code  Gb  lcd_low.o [1]
LCD_WriteRAM_DMA         0x801'7a1f    0x26  Code  Gb  lcd_low.o [1]
LCD_WriteRAM_Prepare     0x801'7a0d     0xa  Code  Gb  lcd_low.o [1]
LCD_WriteReg             0x801'79eb     0xe  Code  Gb  lcd_low.o [1]
LCD_X_Init               0x801'79df     0xc  Code  Gb  lcd_low.o [1]
LfnBuf                  0x2000'4624   0x200  Data  Lc  ff.o [1]
LfnOfs                   0x802'bfd0    0x10  Data  Lc  ff.o [1]
LoadInt                  0x801'829b    0x7a  Code  Lc  xprintffull.o [2]
MIPI_Off()               0x801'e3e3    0x2c  Code  Gb  ssd_utils.o [1]
MIPI_On()                0x801'e40f    0x2c  Code  Gb  ssd_utils.o [1]
MX_FSMC_Init             0x801'9051    0x82  Code  Gb  fsmc.o [1]
MemManage_Handler        0x802'b849     0x2  Code  Gb  stm32f4xx_it.o [1]
NMI_Handler              0x802'b845     0x2  Code  Gb  stm32f4xx_it.o [1]
NVIC_EncodePriority      0x801'9661    0x40  Code  Lc  stm32f4xx_hal_cortex.o [1]
OTG_FS_IRQHandler        0x802'b871     0xa  Code  Gb  stm32f4xx_it.o [1]
PendSV_Handler           0x802'b853     0x2  Code  Gb  stm32f4xx_it.o [1]
Planner::Planner()       0x801'cc1d     0xe  Code  Gb  z_planner.o [1]
Planner::block_buffer   0x2000'4a24   0x200  Data  Gb  z_planner.o [1]
Planner::block_buffer_head
                        0x2000'594c     0x1  Data  Gb  z_planner.o [1]
Planner::block_buffer_nonbusy
                        0x2000'594d     0x1  Data  Gb  z_planner.o [1]
Planner::block_buffer_planned
                        0x2000'594e     0x1  Data  Gb  z_planner.o [1]
Planner::block_buffer_tail
                        0x2000'594f     0x1  Data  Gb  z_planner.o [1]
Planner::buffer_sync_block()
                         0x801'cd21    0x48  Code  Gb  z_planner.o [1]
Planner::cleaning_buffer_counter
                        0x2000'593e     0x2  Data  Gb  z_planner.o [1]
Planner::clear_block_buffer()
                         0x801'ec79    0x24  Code  Gb  z_planner.o [1]
Planner::cutoff_long    0x2000'58e8     0x4  Data  Gb  z_planner.o [1]
Planner::delay_before_delivering
                        0x2000'5950     0x1  Data  Gb  z_planner.o [1]
Planner::endstop_triggered()
                         0x801'ccd3     0x8  Code  Gb  z_planner.o [1]
Planner::get_current_block()
                         0x801'cc55    0x7e  Code  Gb  z_planner.o [1]
Planner::get_next_free_block(unsigned char &, unsigned char)
                         0x801'ecdd    0x38  Code  Gb  z_planner.o [1]
Planner::has_blocks_queued()
                         0x801'ecbd    0x20  Code  Gb  z_stepper.o [1]
Planner::init()          0x801'cc2b    0x2a  Code  Gb  z_planner.o [1]
Planner::max_acceleration_steps_per_s2
                        0x2000'58dc     0x4  Data  Gb  z_planner.o [1]
Planner::moves_free()    0x801'f93b     0xe  Code  Gb  z_planner.o [1]
Planner::movesplanned()
                         0x801'ec9d    0x18  Code  Gb  z_planner.o [1]
Planner::next_block_index(unsigned char)
                         0x801'ecb5     0x8  Code  Gb  z_stepper.o [1]
Planner::position       0x2000'58e4     0x4  Data  Gb  z_planner.o [1]
Planner::previous_nominal_speed_sqr
                        0x2000'58f0     0x4  Data  Gb  z_planner.o [1]
Planner::previous_speed
                        0x2000'58ec     0x4  Data  Gb  z_planner.o [1]
Planner::refresh_positioning()
                         0x801'cdf7    0x32  Code  Gb  z_planner.o [1]
Planner::release_current_block()
                         0x801'f949    0x1c  Code  Gb  z_stepper.o [1]
Planner::reset_acceleration_rates()
                         0x801'cdc1    0x36  Code  Gb  z_planner.o [1]
Planner::set_machine_position_mm(float)
                         0x801'cd69    0x3a  Code  Gb  z_planner.o [1]
Planner::set_position_mm(float)
                         0x801'cda5    0x1c  Code  Gb  z_planner.o [1]
Planner::settings       0x2000'57e8    0x28  Data  Gb  z_planner.o [1]
Planner::steps_to_mm    0x2000'58e0     0x4  Data  Gb  z_planner.o [1]
Planner::synchronize()   0x801'ccdb    0x1c  Code  Gb  z_planner.o [1]
RTC_Bcd2ToByte           0x801'37c9    0x1a  Code  Gb  stm32f4xx_hal_rtc.o [1]
RTC_ByteToBcd2           0x801'37b1    0x18  Code  Gb  stm32f4xx_hal_rtc.o [1]
RTC_Enable               0x801'c0bf    0x10  Code  Gb  rtc.o [1]
RTC_EnterInitMode        0x801'3777    0x3a  Code  Gb  stm32f4xx_hal_rtc.o [1]
RTC_Init                 0x801'c01d    0xa2  Code  Gb  rtc.o [1]
Region$$Table$$Base      0x802'bcb8           --   Gb  - Linker created -
Region$$Table$$Limit     0x802'bcdc           --   Gb  - Linker created -
SHT$$INIT_ARRAY$$Base    0x802'c468           --   Gb  - Linker created -
SHT$$INIT_ARRAY$$Limit   0x802'c46c           --   Gb  - Linker created -
SHT$$PREINIT_ARRAY$$Base
                         0x802'c468           --   Gb  - Linker created -
SHT$$PREINIT_ARRAY$$Limit
                         0x802'c468           --   Gb  - Linker created -
SPIFL_Driver             0x802'bf58    0x14  Data  Gb  spifl_diskio.o [1]
SPIFL_EraseSector        0x801'be93    0x52  Code  Gb  spi_flash.o [1]
SPIFL_Init               0x801'bd73    0x46  Code  Gb  spi_flash.o [1]
SPIFL_ReadBuff           0x801'be1b    0x78  Code  Gb  spi_flash.o [1]
SPIFL_ReadID             0x801'bdb9    0x62  Code  Gb  spi_flash.o [1]
SPIFL_WriteBuff          0x801'bee5   0x124  Code  Gb  spi_flash.o [1]
SPIFL_initialize         0x802'acbd    0x1e  Code  Gb  spifl_diskio.o [1]
SPIFL_ioctl              0x802'ada9    0x60  Code  Gb  spifl_diskio.o [1]
SPIFL_read               0x802'aced    0x5e  Code  Gb  spifl_diskio.o [1]
SPIFL_status             0x802'acdb    0x12  Code  Gb  spifl_diskio.o [1]
SPIFL_write              0x802'ad4b    0x5e  Code  Gb  spifl_diskio.o [1]
SPI_DMAError             0x801'b5d5    0x28  Code  Lc  stm32f4xx_hal_spi.o [1]
SPI_DMAHalfReceiveCplt   0x801'b5b5     0xe  Code  Lc  stm32f4xx_hal_spi.o [1]
SPI_DMAHalfTransmitReceiveCplt
                         0x801'b5c5     0xe  Code  Lc  stm32f4xx_hal_spi.o [1]
SPI_DMAReceiveCplt       0x801'b4d1    0x7a  Code  Lc  stm32f4xx_hal_spi.o [1]
SPI_DMATransmitReceiveCplt
                         0x801'b54d    0x66  Code  Lc  stm32f4xx_hal_spi.o [1]
SPI_EndRxTransaction     0x801'b69d    0x9a  Code  Lc  stm32f4xx_hal_spi.o [1]
SPI_EndRxTxTransaction   0x801'b737    0x5e  Code  Lc  stm32f4xx_hal_spi.o [1]
SPI_WaitFlagStateUntilTimeout
                         0x801'b5fd    0xa0  Code  Lc  stm32f4xx_hal_spi.o [1]
SSD_Init()               0x801'e2f9    0x94  Code  Gb  ssd_utils.o [1]
SSD_SleepIn()            0x801'e38d    0x56  Code  Gb  ssd_utils.o [1]
SVC_Handler              0x802'b84f     0x2  Code  Gb  stm32f4xx_it.o [1]
SYSTIMER_GetCountDown    0x801'6a69    0x26  Code  Gb  sys_timer.o [1]
SYSTIMER_Init            0x801'69f1    0x2a  Code  Gb  sys_timer.o [1]
SYSTIMER_NewCountDown    0x801'6a1b    0x4e  Code  Gb  sys_timer.o [1]
SYSTIMER_SetCountDown    0x801'6a8f    0x22  Code  Gb  sys_timer.o [1]
SpiflFS                 0x2000'1350  0x1038  Data  Gb  fatfs.o [1]
SpiflPath               0x2000'58a8     0x8  Data  Gb  fatfs.o [1]
Stepper::_set_position(int)
                         0x801'd351     0x6  Code  Gb  z_stepper.o [1]
Stepper::abort_current_block
                        0x2000'5953     0x1  Data  Gb  z_stepper.o [1]
Stepper::acc_step_rate  0x2000'591c     0x4  Data  Gb  z_stepper.o [1]
Stepper::accelerate_until
                        0x2000'5910     0x4  Data  Gb  z_stepper.o [1]
Stepper::acceleration_time
                        0x2000'58f8     0x4  Data  Gb  z_stepper.o [1]
Stepper::advance_dividend
                        0x2000'5904     0x4  Data  Gb  z_stepper.o [1]
Stepper::advance_divisor
                        0x2000'5908     0x4  Data  Gb  z_stepper.o [1]
Stepper::axis_did_move  0x2000'5952     0x1  Data  Gb  z_stepper.o [1]
Stepper::axis_is_moving()
                         0x801'ec3d    0x18  Code  Gb  z_endstops.o [1]
Stepper::block_phase_isr()
                         0x801'd17f   0x19a  Code  Gb  z_stepper.o [1]
Stepper::calc_timer_interval(unsigned int, unsigned char *)
                         0x801'ed71    0x30  Code  Gb  z_stepper.o [1]
Stepper::count_direction
                        0x2000'5955     0x1  Data  Gb  z_stepper.o [1]
Stepper::count_position
                        0x2000'5924     0x4  Data  Gb  z_stepper.o [1]
Stepper::current_block  0x2000'58f4     0x4  Data  Gb  z_stepper.o [1]
Stepper::decelerate_after
                        0x2000'5914     0x4  Data  Gb  z_stepper.o [1]
Stepper::deceleration_time
                        0x2000'58fc     0x4  Data  Gb  z_stepper.o [1]
Stepper::delta_error    0x2000'5900     0x4  Data  Gb  z_stepper.o [1]
Stepper::discard_current_block()
                         0x801'ed55    0x1c  Code  Gb  z_stepper.o [1]
Stepper::endstop_triggered()
                         0x801'd379    0x22  Code  Gb  z_stepper.o [1]
Stepper::endstops_trigsteps
                        0x2000'5920     0x4  Data  Gb  z_stepper.o [1]
Stepper::init()          0x801'd319    0x38  Code  Gb  z_stepper.o [1]
Stepper::is_awake()      0x801'f965    0x10  Code  Gb  z_stepper.o [1]
Stepper::isr()           0x801'cf2f    0xbe  Code  Gb  z_stepper.o [1]
Stepper::isr()::nextMainISR
                        0x2000'5928     0x4  Data  Lc  z_stepper.o [1]
Stepper::last_direction_bits
                        0x2000'5951     0x1  Data  Gb  z_stepper.o [1]
Stepper::motor_direction()
                         0x801'ec55    0x18  Code  Gb  z_stepper.o [1]
Stepper::pulse_phase_isr()
                         0x801'cfed   0x192  Code  Gb  z_stepper.o [1]
Stepper::quick_stop()    0x801'edc1     0xc  Code  Gb  z_stepper.o [1]
Stepper::set_directions()
                         0x801'cebb    0x58  Code  Gb  z_stepper.o [1]
Stepper::set_position(int)
                         0x801'd357    0x22  Code  Gb  z_stepper.o [1]
Stepper::step_event_count
                        0x2000'5918     0x4  Data  Gb  z_stepper.o [1]
Stepper::step_events_completed
                        0x2000'590c     0x4  Data  Gb  z_stepper.o [1]
Stepper::steps_per_isr  0x2000'5954     0x1  Data  Gb  z_stepper.o [1]
Stepper::suspend()       0x801'eda1    0x20  Code  Gb  z_stepper.o [1]
Stepper::ticks_nominal  0x2000'0288     0x4  Data  Gb  z_stepper.o [1]
Stepper::wake_up()       0x801'ed15    0x10  Code  Gb  z_stepper.o [1]
SysTick_Config           0x801'96a1    0x30  Code  Lc  stm32f4xx_hal_cortex.o [1]
SysTick_Handler          0x802'b855     0x8  Code  Gb  stm32f4xx_it.o [1]
SystemClock_Config()     0x801'ad49    0xc6  Code  Gb  main.o [1]
SystemCoreClock         0x2000'0064     0x4  Data  Gb  system_stm32f4xx.o [1]
SystemInit               0x802'bcfd    0x12  Code  Gb  system_stm32f4xx.o [1]
TGUI_DrawLogo()          0x801'5991     0xa  Code  Gb  tgui.o [1]
TGUI_ForceRepaint()      0x801'599b    0x18  Code  Gb  tgui.o [1]
TGUI_Init()              0x801'38d5  0x20b6  Code  Gb  tgui.o [1]
TGUI_PointInRect(TOUCH_POINT *, TG_RECT *)
                         0x801'38a1    0x32  Code  Gb  tgui.o [1]
TGUI_Process()           0x801'59c1    0x18  Code  Gb  tgui.o [1]
TGUI_USBStateChanged()   0x801'59ed    0x1a  Code  Gb  tgui.o [1]
TIM2_IRQHandler          0x802'b899     0xe  Code  Gb  stm32f4xx_it.o [1]
TIM_Base_SetConfig       0x801'da83    0xc0  Code  Gb  stm32f4xx_hal_tim.o [1]
TIM_CCxChannelCmd        0x801'dd6f    0x24  Code  Gb  stm32f4xx_hal_tim.o [1]
TIM_ETR_SetConfig        0x801'dd57    0x18  Code  Gb  stm32f4xx_hal_tim.o [1]
TIM_ITRx_SetConfig       0x801'dd47    0x10  Code  Lc  stm32f4xx_hal_tim.o [1]
TIM_OC1_SetConfig        0x801'db43    0x64  Code  Lc  stm32f4xx_hal_tim.o [1]
TIM_OC2_SetConfig        0x801'dba7    0x6e  Code  Gb  stm32f4xx_hal_tim.o [1]
TIM_OC3_SetConfig        0x801'dc15    0x6c  Code  Lc  stm32f4xx_hal_tim.o [1]
TIM_OC4_SetConfig        0x801'dc81    0x4c  Code  Lc  stm32f4xx_hal_tim.o [1]
TIM_TI1_ConfigInputStage
                         0x801'dcfd    0x24  Code  Lc  stm32f4xx_hal_tim.o [1]
TIM_TI2_ConfigInputStage
                         0x801'dd21    0x26  Code  Lc  stm32f4xx_hal_tim.o [1]
TIM_ZRef_Init            0x801'd47d    0xb0  Code  Gb  tim.o [1]
TIM_ZStepper_Init        0x801'd409    0x74  Code  Gb  tim.o [1]
TOUCH_SPIEnable          0x801'97c5   0x15a  Code  Gb  fst_spi.o [1]
TOUCH_SPIGetState        0x801'997f     0xa  Code  Gb  fst_spi.o [1]
TOUCH_SPIInit            0x801'9761    0x64  Code  Gb  fst_spi.o [1]
TOUCH_SPIStartRead       0x801'991f    0x60  Code  Gb  fst_spi.o [1]
Timers                  0x2000'4f4c   0x100  Data  Gb  sys_timer.o [1]
Touch_Enable             0x801'8083     0x8  Code  Gb  touch.o [1]
Touch_GetCoords          0x801'80a7     0xc  Code  Gb  touch.o [1]
Touch_GetState           0x801'808b     0x6  Code  Gb  touch.o [1]
Touch_Init               0x801'804f    0x34  Code  Gb  touch.o [1]
Touch_IsPressed          0x801'80b3    0x18  Code  Gb  touch.o [1]
Touch_SetWorked          0x801'8091    0x16  Code  Gb  touch.o [1]
USBH_AllocPipe           0x801'f26b    0x34  Code  Gb  usbh_pipes.o [1]
USBH_BulkReceiveData     0x802'0b25    0x30  Code  Gb  usbh_ioreq.o [1]
USBH_BulkSendData        0x802'0ae3    0x42  Code  Gb  usbh_ioreq.o [1]
USBH_ClosePipe           0x801'f257    0x14  Code  Gb  usbh_pipes.o [1]
USBH_ClrFeature          0x801'f48b    0x2e  Code  Gb  usbh_ctlreq.o [1]
USBH_CtlReceiveData      0x802'0ab3    0x30  Code  Gb  usbh_ioreq.o [1]
USBH_CtlReq              0x801'f699    0x5e  Code  Gb  usbh_ctlreq.o [1]
USBH_CtlSendData         0x802'0a71    0x42  Code  Gb  usbh_ioreq.o [1]
USBH_CtlSendSetup        0x802'0a47    0x2a  Code  Gb  usbh_ioreq.o [1]
USBH_Delay               0x801'f1df     0xc  Code  Gb  usbh_conf.o [1]
USBH_Driver              0x802'bfa8    0x14  Data  Gb  usbh_diskio.o [1]
USBH_FindInterface       0x801'e559    0x74  Code  Gb  usbh_core.o [1]
USBH_FreePipe            0x801'f29f    0x2a  Code  Gb  usbh_pipes.o [1]
USBH_GetDescriptor       0x801'f3b7    0x4e  Code  Gb  usbh_ctlreq.o [1]
USBH_GetFreePipe         0x801'f2c9    0x30  Code  Lc  usbh_pipes.o [1]
USBH_GetNextDesc         0x801'f687    0x12  Code  Gb  usbh_ctlreq.o [1]
USBH_Get_CfgDesc         0x801'f337    0x3a  Code  Gb  usbh_ctlreq.o [1]
USBH_Get_DevDesc         0x801'f2f9    0x3e  Code  Gb  usbh_ctlreq.o [1]
USBH_Get_StringDesc      0x801'f371    0x46  Code  Gb  usbh_ctlreq.o [1]
USBH_Get_USB_Status      0x801'f1eb    0x2e  Code  Gb  usbh_conf.o [1]
USBH_HandleControl       0x801'f6f7   0x244  Code  Lc  usbh_ctlreq.o [1]
USBH_HandleEnum          0x801'e8c3   0x2e8  Code  Lc  usbh_core.o [1]
USBH_HandleSof           0x801'ebc7    0x1e  Code  Lc  usbh_core.o [1]
USBH_Init                0x801'e449    0x52  Code  Gb  usbh_core.o [1]
USBH_LL_ClosePipe        0x801'f09b    0x2a  Code  Gb  usbh_conf.o [1]
USBH_LL_Connect          0x801'ebf5    0x18  Code  Gb  usbh_core.o [1]
USBH_LL_Disconnect       0x801'ec0d    0x30  Code  Gb  usbh_core.o [1]
USBH_LL_DriverVBUS       0x801'f139    0x20  Code  Gb  usbh_conf.o [1]
USBH_LL_GetLastXferSize
                         0x801'f02f    0x14  Code  Gb  usbh_conf.o [1]
USBH_LL_GetSpeed         0x801'efe5    0x2c  Code  Gb  usbh_conf.o [1]
USBH_LL_GetToggle        0x801'f19b    0x44  Code  Gb  usbh_conf.o [1]
USBH_LL_GetURBState      0x801'f125    0x14  Code  Gb  usbh_conf.o [1]
USBH_LL_IncTimer         0x801'ebb1    0x16  Code  Gb  usbh_core.o [1]
USBH_LL_Init             0x801'ef43    0x50  Code  Gb  usbh_conf.o [1]
USBH_LL_OpenPipe         0x801'f043    0x58  Code  Gb  usbh_conf.o [1]
USBH_LL_PortDisabled     0x801'ebed     0x8  Code  Gb  usbh_core.o [1]
USBH_LL_PortEnabled      0x801'ebe5     0x8  Code  Gb  usbh_core.o [1]
[...]
__iar_softfp_frexpl      0x801'a1b1          Code  Gb  frexp.o [4]
__iar_tls$$INIT_ARRAY$$Base
                         0x802'c46c           --   Gb  - Linker created -
__iar_tls$$INIT_ARRAY$$Limit
                         0x802'c46c           --   Gb  - Linker created -
__iar_vfp___iar_lround32
                         0x801'ed25          Code  Gb  lroundf.o [4]
__iar_vfp_lroundf        0x801'ed25          Code  Gb  lroundf.o [4]
__iar_zero_init3         0x801'5b63    0x3a  Code  Gb  zero_init3.o [5]
__low_level_init         0x802'bd73     0x4  Code  Gb  low_level_init.o [2]
__sti__routine           0x801'cc11     0xc  Code  Lc  z_planner.o [1]
__vector_table           0x801'0000          Data  Gb  startup_stm32f407xx.o [1]
_call_main               0x802'bd61          Code  Gb  cmain.o [5]
_cpld_bank2disp_enable(unsigned char, unsigned char, unsigned char)
                         0x801'dddd    0x70  Code  Gb  cpld_utils.o [1]
_cpld_bank2disp_read()   0x801'de4d    0x3a  Code  Gb  cpld_utils.o [1]
_exit                    0x802'bd7d          Code  Gb  cexit.o [5]
_flash_SPIGetFlags       0x801'9989     0xc  Code  Gb  fst_spi.o [1]
_gLocale_mblen           0x801'9d0d     0x4  Code  Gb  xlocale_c.o [2]
_gLocale_mblenInt        0x801'9cd1    0x2c  Code  Gb  xlocale_c.o [2]
_gLocale_wctomb          0x801'9d11     0x4  Code  Gb  xlocale_c.o [2]
_gLocale_wctombInt       0x801'9d09     0x4  Code  Gb  xlocale_c.o [2]
_gm_                    0x2000'4c24   0x1d8  Data  Lc  dlmalloc.o [2]
_lcdui_FillCircle_helper(short, short, short, unsigned char, short)
                         0x801'6bdb    0xda  Code  Gb  lcd_ui.o [1]
_lcdui_GetCharData(char)
                         0x801'6ed9    0xa0  Code  Gb  lcd_ui.o [1]
_lcdui_GetCharWidth(char)
                         0x801'6e85    0x54  Code  Gb  lcd_ui.o [1]
_main                    0x802'bd6f          Code  Gb  cmain.o [5]
_spifl_WaitBusy          0x801'bcf5    0x52  Code  Gb  spi_flash.o [1]
_spifl_WriteEnable       0x801'bd47    0x2c  Code  Gb  spi_flash.o [1]
_spifl_bust_counts      0x2000'58c4     0x4  Data  Gb  spi_flash.o [1]
_spifl_info             0x2000'5894     0xc  Data  Gb  spi_flash.o [1]
_ssd_cfg(unsigned char)
                         0x801'e037   0x100  Code  Gb  ssd_utils.o [1]
_ssd_ls055r1sx04_cfg(unsigned char)
                         0x801'e137    0xc0  Code  Gb  ssd_utils.o [1]
_ssd_read_data(unsigned char, unsigned char)
                         0x801'de95    0x9c  Code  Gb  ssd_utils.o [1]
_ssd_read_id(unsigned char)
                         0x801'e027    0x10  Code  Gb  ssd_utils.o [1]
_ssd_write_DCS(unsigned char, unsigned char, unsigned char, unsigned char)
                         0x801'e293    0x66  Code  Gb  ssd_utils.o [1]
_ssd_write_DCS_sleep(unsigned char, unsigned char)
                         0x801'e1f7    0x54  Code  Gb  ssd_utils.o [1]
_ssd_write_Generic(unsigned char, unsigned char, unsigned char)
                         0x801'e24b    0x48  Code  Gb  ssd_utils.o [1]
_ssd_write_byte(unsigned char, unsigned char, unsigned char)
                         0x801'dfbb    0x6c  Code  Gb  ssd_utils.o [1]
_ssd_write_data(unsigned char, unsigned char, unsigned short)
                         0x801'df31    0x8a  Code  Gb  ssd_utils.o [1]
_tgui_DefaultButtonPaint(void *, void *)
                         0x801'62f5   0x134  Code  Gb  tgui_defaultfuncs.o [1]
_tgui_DefaultButtonProcess(void *, void *)
                         0x801'6429   0x276  Code  Gb  tgui_defaultfuncs.o [1]
_tgui_DefaultScreenPaint(void *, void *)
                         0x801'66a9    0xe0  Code  Gb  tgui_defaultfuncs.o [1]
_tgui_DefaultScreenProcess(void *, void *)
                         0x801'6789    0xea  Code  Gb  tgui_defaultfuncs.o [1]
_tgui_DrawFileCimg(char *, short, short)
                         0x801'604f   0x2a6  Code  Gb  tgui_defaultfuncs.o [1]
_tgui_DrawFileCimgBackground(char *)
                         0x801'5dc3   0x28c  Code  Gb  tgui_defaultfuncs.o [1]
_tgui_DrawStringInRect(char *, TG_RECT *, TG_TEXTOPTIONS *)
                         0x801'5ce1    0xe2  Code  Gb  tgui_defaultfuncs.o [1]
_tgui_FilesDirNamePaint(void *, void *)
                         0x802'a7ed    0x84  Code  Gb  tgui_filesscreenfuncs.o [1]
_tgui_FilesDownPress(void *, void *)
                         0x802'a875    0xa4  Code  Gb  tgui_filesscreenfuncs.o [1]
_tgui_FilesFileButtonPaint(void *, void *)
                         0x802'a6ef    0xfe  Code  Gb  tgui_filesscreenfuncs.o [1]
_tgui_FilesReadDir(char *)
                         0x802'a505    0xe8  Code  Gb  tgui_filesscreenfuncs.o [1]
_tgui_FilesScreenPaint(void *, void *)
                         0x802'a6dd    0x12  Code  Gb  tgui_filesscreenfuncs.o [1]
_tgui_FilesScreenProcess(void *, void *)
                         0x802'a5ed    0xf0  Code  Gb  tgui_filesscreenfuncs.o [1]
_tgui_InfoScreenFansTimePaint(void *, void *)
                         0x802'b6ed    0x36  Code  Gb  tgui_infoscreenfuncs.o [1]
_tgui_InfoScreenLightTimePaint(void *, void *)
                         0x802'b6b7    0x36  Code  Gb  tgui_infoscreenfuncs.o [1]
_tgui_InfoScreenUIAuthorPaint(void *, void *)
                         0x802'b73d    0x1a  Code  Gb  tgui_infoscreenfuncs.o [1]
_tgui_InfoScreenURLPaint(void *, void *)
                         0x802'b723    0x1a  Code  Gb  tgui_infoscreenfuncs.o [1]
_tgui_InfoScreenVersionPaint(void *, void *)
                         0x802'b68d    0x2a  Code  Gb  tgui_infoscreenfuncs.o [1]
_tgui_LanguageButtonPress(void *, void *)
                         0x802'bfbd    0x14  Code  Gb  tgui_langscreenfuncs.o [1]
_tgui_ScreenTimeInit()   0x801'5b9d    0x24  Code  Gb  tgui_defaultfuncs.o [1]
_tgui_ScreenTimePaint(void *, void *)
                         0x801'5c03    0xde  Code  Gb  tgui_defaultfuncs.o [1]
_tgui_ScreenTimeProcess(void *, void *)
                         0x801'5bc1    0x42  Code  Gb  tgui_defaultfuncs.o [1]
_tgui_ScreenTimeProcess(void *, void *)::minutes
                        0x2000'5946     0x1  Data  Lc  tgui_defaultfuncs.o [1]
_touch_ReadCoords        0x801'7e61    0xc8  Code  Gb  touch.o [1]
_touch_RefreshState      0x801'7f29   0x126  Code  Gb  touch.o [1]
abort                    0x801'b79f     0x6  Code  Gb  abort.o [2]
add_segment              0x802'5399   0x1f2  Code  Lc  dlmalloc.o [2]
beginfilenum            0x2000'0315     0x1  Data  Gb  tgui_filesscreenfuncs.o [1]
cfgzMotor               0x2000'55d4    0x40  Data  Gb  config.o [1]
cfname                  0x2000'2f8c   0x400  Data  Gb  main.o [1]
check_fs                 0x801'17e7    0x7a  Code  Lc  ff.o [1]
chk_chr                  0x801'0223    0x14  Code  Lc  ff.o [1]
clngLangEng              0x802'b8e0    0x94  Data  Lc  languages.o [1]
clngLangRus              0x802'b974    0x94  Data  Lc  languages.o [1]
clst2sect                0x801'044b    0x1c  Code  Lc  ff.o [1]
cmd                     0x2000'58b8     0x4  Data  Gb  cpld_utils.o [1]
cmp_lfn                  0x801'0bab    0xaa  Code  Lc  ff.o [1]
create_chain             0x801'078f   0x154  Code  Lc  ff.o [1]
create_name              0x801'1443   0x29e  Code  Lc  ff.o [1]
create_partition         0x801'26dd   0x1c8  Code  Lc  ff.o [1]
currdir                 0x2000'0068   0x200  Data  Gb  tgui_filesscreenfuncs.o [1]
d                       0x2000'58c8     0x4  Data  Gb  spi_flash.o [1]
dbc_1st                  0x801'0237    0x12  Code  Lc  ff.o [1]
dbc_2nd                  0x801'0249    0x12  Code  Lc  ff.o [1]
dir                     0x2000'5694    0x34  Data  Gb  main.o [1]
dir_alloc                0x801'0ae5    0x74  Code  Lc  ff.o [1]
dir_clear                0x801'08e3    0x68  Code  Lc  ff.o [1]
dir_find                 0x801'0f95   0x12a  Code  Lc  ff.o [1]
dir_next                 0x801'09fd    0xe8  Code  Lc  ff.o [1]
dir_read                 0x801'0e87   0x10e  Code  Lc  ff.o [1]
dir_register             0x801'10bf   0x16a  Code  Lc  ff.o [1]
dir_sdi                  0x801'094b    0xb2  Code  Lc  ff.o [1]
disk                    0x2000'5868    0x10  Data  Gb  ff_gen_drv.o [1]
disk_initialize          0x801'3031    0x38  Code  Gb  diskio.o [1]
disk_ioctl               0x801'30d1    0x2a  Code  Gb  diskio.o [1]
disk_read                0x801'3069    0x34  Code  Gb  diskio.o [1]
disk_status              0x801'3011    0x20  Code  Gb  diskio.o [1]
disk_write               0x801'309d    0x34  Code  Gb  diskio.o [1]
exit                     0x802'bd77     0x4  Code  Gb  exit.o [2]
f_close                  0x801'23d7    0x30  Code  Gb  ff.o [1]
f_closedir               0x801'2657    0x1c  Code  Gb  ff.o [1]
f_lseek                  0x801'2407   0x1c4  Code  Gb  ff.o [1]
f_mkfs                   0x801'28a5   0x73a  Code  Gb  ff.o [1]
f_mkfs::cst              0x802'bfe0    0x10  Data  Lc  ff.o [1]
f_mkfs::cst32            0x802'bff0    0x10  Data  Lc  ff.o [1]
f_mkfs::defopt           0x802'c000    0x10  Data  Lc  ff.o [1]
f_mount                  0x801'1c3d    0x56  Code  Gb  ff.o [1]
f_open                   0x801'1cbd   0x23e  Code  Gb  ff.o [1]
f_opendir                0x801'25cb    0x8c  Code  Gb  ff.o [1]
f_read                   0x801'1efb   0x1f8  Code  Gb  ff.o [1]
f_readdir                0x801'2673    0x6a  Code  Gb  ff.o [1]
f_sync                   0x801'232d    0xaa  Code  Gb  ff.o [1]
f_write                  0x801'20f3   0x23a  Code  Gb  ff.o [1]
fbuff                   0x1000'0000  0x2000  Data  Gb  main.o [1]
ff_oem2uni               0x801'314d    0x40  Code  Gb  ffunicode.o [1]
ff_uni2oem               0x801'3101    0x4c  Code  Gb  ffunicode.o [1]
ff_wtoupper              0x801'318d    0xce  Code  Gb  ffunicode.o [1]
ff_wtoupper::cvt1        0x802'a958   0x1f4  Data  Lc  ffunicode.o [1]
ff_wtoupper::cvt2        0x802'b788    0xbc  Data  Lc  ffunicode.o [1]
files                   0x2000'2388   0x404  Data  Gb  tgui_filesscreenfuncs.o [1]
find_volume              0x801'1865    0x76  Code  Lc  ff.o [1]
finfo                   0x2000'4400   0x224  Data  Gb  main.o [1]
fnt12_data               0x802'9e50   0x6b4  Data  Gb  fnt12.o [1]
fnt12_width              0x802'ae0c   0x140  Data  Gb  fnt12.o [1]
fnt12bold_data           0x802'96c8   0x788  Data  Gb  fnt12bold.o [1]
fnt12bold_width          0x802'af4c   0x140  Data  Gb  fnt12bold.o [1]
fnt18_data               0x802'75a4   0xea4  Data  Gb  fnt18.o [1]
fnt18_width              0x802'b08c   0x140  Data  Gb  fnt18.o [1]
fnt18bold_data           0x802'64dc  0x10c8  Data  Gb  fnt18bold.o [1]
fnt18bold_width          0x802'b1cc   0x140  Data  Gb  fnt18bold.o [1]
fnt24_data               0x802'3674  0x195c  Data  Gb  fnt24.o [1]
fnt24_width              0x802'b30c   0x140  Data  Gb  fnt24.o [1]
fnt24bold_data           0x802'15e0  0x2094  Data  Gb  fnt24bold.o [1]
fnt24bold_width          0x802'b44c   0x140  Data  Gb  fnt24bold.o [1]
follow_path              0x801'16e1    0xa8  Code  Lc  ff.o [1]
font_fnt12              0x2000'0000     0xc  Data  Gb  fnt12.o [1]
font_fnt12bold          0x2000'000c     0xc  Data  Gb  fnt12bold.o [1]
font_fnt18              0x2000'0018     0xc  Data  Gb  fnt18.o [1]
font_fnt18bold          0x2000'0024     0xc  Data  Gb  fnt18bold.o [1]
font_fnt24              0x2000'0030     0xc  Data  Gb  fnt24.o [1]
font_fnt24bold          0x2000'003c     0xc  Data  Gb  fnt24bold.o [1]
free                     0x802'9235     0x4  Code  Gb  heaptramp0.o [2]
gen_numname              0x801'0d89    0xde  Code  Lc  ff.o [1]
get_fat                  0x801'0467   0x112  Code  Lc  ff.o [1]
get_fattime              0x801'3285    0x50  Code  Gb  fatfs.o [1]
get_fileinfo             0x801'1229   0x21a  Code  Lc  ff.o [1]
get_ldnumber             0x801'1789    0x5e  Code  Lc  ff.o [1]
hFlashSpi               0x2000'52c4    0x80  Data  Gb  fst_spi.o [1]
hFlashSpiDmaRx          0x2000'5464    0x60  Data  Gb  fst_spi.o [1]
hFlashSpiDmaTx          0x2000'54c4    0x60  Data  Gb  fst_spi.o [1]
hLcdDma                 0x2000'5524    0x60  Data  Gb  lcd_low.o [1]
hRTC                    0x2000'5810    0x20  Data  Gb  rtc.o [1]
hStepperTim             0x2000'5614    0x40  Data  Gb  tim.o [1]
hTouchSpi               0x2000'5244    0x80  Data  Gb  fst_spi.o [1]
hTouchSpiDmaRx          0x2000'5344    0x60  Data  Gb  fst_spi.o [1]
hTouchSpiDmaTx          0x2000'53a4    0x60  Data  Gb  fst_spi.o [1]
hUsbHost                0x2000'338c   0x3d8  Data  Gb  usb_host.o [1]
hZRefTim                0x2000'5654    0x40  Data  Gb  tim.o [1]
hhcd_USB_OTG_FS         0x2000'413c   0x2c4  Data  Gb  usbh_conf.o [1]
hsram1                  0x2000'5584    0x50  Data  Gb  fsmc.o [1]
idle()                   0x801'c195     0xa  Code  Gb  motor.o [1]
idle()::idlecount       0x2000'58c0     0x4  Data  Lc  motor.o [1]
init_mparams             0x802'4feb    0x32  Code  Lc  dlmalloc.o [2]
init_top                 0x802'501d    0x36  Code  Lc  dlmalloc.o [2]
lcdui_bgcolor           0x2000'593c     0x2  Data  Gb  lcd_ui.o [1]
lcdui_color             0x2000'0310     0x2  Data  Gb  lcd_ui.o [1]
lcdui_current_font      0x2000'005c     0x4  Data  Gb  lcd_ui.o [1]
lcdui_current_font_type
                        0x2000'0312     0x1  Data  Gb  lcd_ui.o [1]
lcdui_cursor_x          0x2000'5938     0x2  Data  Gb  lcd_ui.o [1]
lcdui_cursor_y          0x2000'593a     0x2  Data  Gb  lcd_ui.o [1]
lcdui_height            0x2000'030e     0x2  Data  Gb  lcd_ui.o [1]
lcdui_width             0x2000'030c     0x2  Data  Gb  lcd_ui.o [1]
ld_clust                 0x801'0b59    0x28  Code  Lc  ff.o [1]
ld_dword                 0x801'0197    0x18  Code  Lc  ff.o [1]
ld_word                  0x801'0189     0xe  Code  Lc  ff.o [1]
ldexp                    0x801'a281          Code  Gb  ldexp.o [4]
ldexpl                   0x801'a281          Code  Gb  ldexp.o [4]
lngCurrent              0x2000'0058     0x4  Data  Gb  languages.o [1]
lngLanguages            0x2000'0048    0x10  Data  Gb  languages.o [1]
localeconv               0x801'9d15     0x4  Code  Gb  xlocale_c.o [2]
lroundf                  0x801'ed29          Code  Gb  lroundf.o [4]
main                     0x801'a7f1   0x552  Code  Gb  main.o [1]
mem_cmp                  0x801'01ff    0x24  Code  Lc  ff.o [1]
mem_cpy                  0x801'01d5    0x1c  Code  Lc  ff.o [1]
mem_set                  0x801'01f1     0xe  Code  Lc  ff.o [1]
memchr                   0x801'9d79          Code  Gb  memchr.o [5]
mount_volume             0x801'18db   0x318  Code  Lc  ff.o [1]
move_window              0x801'0373    0x42  Code  Lc  ff.o [1]
mparams                 0x2000'5850    0x18  Data  Lc  dlmalloc.o [2]
msg                     0x2000'4824   0x200  Data  Gb  main.o [1]
oldUsbMounted           0x2000'5947     0x1  Data  Gb  tgui_filesscreenfuncs.o [1]
pick_lfn                 0x801'0c55    0x96  Code  Lc  ff.o [1]
prepend_alloc            0x802'5053   0x346  Code  Lc  dlmalloc.o [2]
put_fat                  0x801'0579   0x166  Code  Lc  ff.o [1]
put_lfn                  0x801'0ceb    0x90  Code  Lc  ff.o [1]
put_utf                  0x801'02af    0x72  Code  Lc  ff.o [1]
remove_chain             0x801'06df    0xb0  Code  Lc  ff.o [1]
retSPIFL                0x2000'5941     0x1  Data  Gb  fatfs.o [1]
retUSBH                 0x2000'5940     0x1  Data  Gb  fatfs.o [1]
s_tfname                0x2000'2b8c   0x400  Data  Gb  main.o [1]
scalbln                  0x801'a281          Code  Gb  ldexp.o [4]
scalblnl                 0x801'a281          Code  Gb  ldexp.o [4]
scalbn                   0x801'a281          Code  Gb  ldexp.o [4]
scalbnl                  0x801'a281          Code  Gb  ldexp.o [4]
scale                    0x801'88af    0x46  Code  Lc  xprintffull.o [2]
scrTimeTimer            0x2000'0314     0x1  Data  Gb  tgui_defaultfuncs.o [1]
sec_hand                0x2000'592c     0x4  Data  Lc  xfail_s.o [2]
segment_holding          0x802'4fd1    0x1a  Code  Lc  dlmalloc.o [2]
sfile                   0x1000'3028  0x1028  Data  Gb  main.o [1]
sprintf                  0x801'6b59    0x40  Code  Gb  sprintf.o [2]
srvMode                 0x2000'5945     0x1  Data  Gb  main.o [1]
st_clust                 0x801'0b81    0x2a  Code  Lc  ff.o [1]
st_dword                 0x801'01bd    0x18  Code  Lc  ff.o [1]
st_word                  0x801'01af     0xe  Code  Lc  ff.o [1]
strcat                   0x802'b769    0x1e  Code  Gb  strcat.o [2]
strchr                   0x801'9d21          Code  Gb  strchr.o [5]
strcmp                   0x801'c33d          Code  Gb  strcmp.o [5]
strcpy                   0x802'a941          Code  Gb  strcpy.o [5]
strlen                   0x801'37e5          Code  Gb  strlen.o [5]
sum_sfn                  0x801'0e67    0x20  Code  Lc  ff.o [1]
sync_fs                  0x801'03b5    0x96  Code  Lc  ff.o [1]
sync_window              0x801'0321    0x52  Code  Lc  ff.o [1]
sys_alloc                0x802'5591   0x164  Code  Lc  dlmalloc.o [2]
sys_trim                 0x802'56f5    0x64  Code  Lc  dlmalloc.o [2]
systemState             0x2000'5888     0xc  Data  Gb  config.o [1]
tchar2uni                0x801'025b    0x54  Code  Lc  ff.o [1]
tfname                  0x1000'5078   0x400  Data  Gb  tgui.o [1]
tguiActiveScreen        0x2000'58d4     0x4  Data  Gb  tgui.o [1]
tguiDBuff               0x2000'5958  0x1000  Data  Gb  tgui.o [1]
tguiDefaultConfig       0x2000'5830    0x20  Data  Gb  tgui.o [1]
tguiFBuff               0x2000'6958   0x200  Data  Gb  tgui.o [1]
tguiFile                0x1000'4050  0x1028  Data  Gb  tgui.o [1]
tguiScrFilesButtons     0x2000'3e48   0x2f4  Data  Gb  tgui.o [1]
tguiScrInfoButtons      0x2000'3764   0x39c  Data  Gb  tgui.o [1]
tguiScrLanguageButtons  0x2000'5148    0xfc  Data  Gb  tgui.o [1]
tguiScrMainButtons      0x2000'4dfc   0x150  Data  Gb  tgui.o [1]
tguiScrMovezButtons     0x2000'3b00   0x348  Data  Gb  tgui.o [1]
tguiScrServiceButtons   0x2000'504c    0xfc  Data  Gb  tgui.o [1]
tguiScreenFiles         0x2000'57b8    0x30  Data  Gb  tgui.o [1]
tguiScreenInfo          0x2000'5758    0x30  Data  Gb  tgui.o [1]
tguiScreenLanguage      0x2000'5728    0x30  Data  Gb  tgui.o [1]
tguiScreenMain          0x2000'56c8    0x30  Data  Gb  tgui.o [1]
tguiScreenMovez         0x2000'5788    0x30  Data  Gb  tgui.o [1]
tguiScreenService       0x2000'56f8    0x30  Data  Gb  tgui.o [1]
tguiTimer               0x2000'5944     0x1  Data  Gb  main.o [1]
tmalloc_large            0x802'5765   0x386  Code  Lc  dlmalloc.o [2]
tmalloc_small            0x802'5aeb   0x200  Code  Lc  dlmalloc.o [2]
touch_buff              0x2000'5404    0x60  Data  Gb  fst_spi.o [1]
touch_info              0x2000'5878    0x10  Data  Gb  touch.o [1]
touch_point             0x2000'58d8     0x4  Data  Gb  touch.o [1]
tstrcat(unsigned short *, unsigned short *)
                         0x801'78c5    0x32  Code  Gb  unicode_utils.o [1]
tstrcat_utf(unsigned short *, char *)
                         0x801'78f7    0x46  Code  Gb  unicode_utils.o [1]
tstrcpy(unsigned short *, unsigned short *)
                         0x801'785b    0x28  Code  Gb  unicode_utils.o [1]
tstrcpy_utf(unsigned short *, char *)
                         0x801'7883    0x42  Code  Gb  unicode_utils.o [1]
u_tfname                0x2000'278c   0x400  Data  Gb  main.o [1]
uc866                    0x802'b58c   0x100  Data  Lc  ffunicode.o [1]
ufile                   0x1000'2000  0x1028  Data  Gb  main.o [1]
uwTick                  0x2000'58cc     0x4  Data  Gb  stm32f4xx_hal.o [1]
uwTickFreq              0x2000'0313     0x1  Data  Gb  stm32f4xx_hal.o [1]
uwTickPrio              0x2000'0060     0x4  Data  Gb  stm32f4xx_hal.o [1]
validate                 0x801'1bf3    0x4a  Code  Lc  ff.o [1]
zPlanner                0x2000'594b     0x1  Data  Gb  z_planner.o [1]


[1] = D:\Electronics\Projects\MKS_DLP_new\SRC\firmware\MKSDLP_Alter_Debug\Obj
[2] = dl7M_tlf.a
[3] = dlpp7M_tl_fc.a
[4] = m7M_tls.a
[5] = rt7M_tl.a
[6] = shb_l.a

  83 737 bytes of readonly  code memory
  32 265 bytes of readonly  data memory
  73 676 bytes of readwrite data memory

Errors: none
Warnings: none
