###############################################################################
#
# IAR ELF Linker V8.32.1.169/W32 for ARM                  26/Sep/2020  18:21:24
# Copyright 2007-2018 IAR Systems AB.
#
#    Output file  =  
#        D:\Electronics\Projects\MKS_DLP_new\SRC\firmware\MKSDLP_Alter_debug\Exe\MKS_DLP_new.out
#    Map file     =  
#        D:\Electronics\Projects\MKS_DLP_new\SRC\firmware\MKSDLP_Alter_debug\List\MKS_DLP_new.map
#    Command line =  
#        -f C:\Temp\EW2F4D.tmp
#        (D:\Electronics\Projects\MKS_DLP_new\SRC\firmware\MKSDLP_Alter_Debug\Obj\config.o
#        D:\Electronics\Projects\MKS_DLP_new\SRC\firmware\MKSDLP_Alter_Debug\Obj\cpld_utils.o
#        D:\Electronics\Projects\MKS_DLP_new\SRC\firmware\MKSDLP_Alter_Debug\Obj\datetime.o
#        D:\Electronics\Projects\MKS_DLP_new\SRC\firmware\MKSDLP_Alter_Debug\Obj\diskio.o
#        D:\Electronics\Projects\MKS_DLP_new\SRC\firmware\MKSDLP_Alter_Debug\Obj\eeprom.o
#        D:\Electronics\Projects\MKS_DLP_new\SRC\firmware\MKSDLP_Alter_Debug\Obj\fatfs.o
#        D:\Electronics\Projects\MKS_DLP_new\SRC\firmware\MKSDLP_Alter_Debug\Obj\ff.o
#        D:\Electronics\Projects\MKS_DLP_new\SRC\firmware\MKSDLP_Alter_Debug\Obj\ff_gen_drv.o
#        D:\Electronics\Projects\MKS_DLP_new\SRC\firmware\MKSDLP_Alter_Debug\Obj\ffsystem.o
#        D:\Electronics\Projects\MKS_DLP_new\SRC\firmware\MKSDLP_Alter_Debug\Obj\ffunicode.o
#        D:\Electronics\Projects\MKS_DLP_new\SRC\firmware\MKSDLP_Alter_Debug\Obj\files_pws.o
#        D:\Electronics\Projects\MKS_DLP_new\SRC\firmware\MKSDLP_Alter_Debug\Obj\fnt12.o
#        D:\Electronics\Projects\MKS_DLP_new\SRC\firmware\MKSDLP_Alter_Debug\Obj\fnt12bold.o
#        D:\Electronics\Projects\MKS_DLP_new\SRC\firmware\MKSDLP_Alter_Debug\Obj\fnt170num_lcd.o
#        D:\Electronics\Projects\MKS_DLP_new\SRC\firmware\MKSDLP_Alter_Debug\Obj\fnt18.o
#        D:\Electronics\Projects\MKS_DLP_new\SRC\firmware\MKSDLP_Alter_Debug\Obj\fnt18bold.o
#        D:\Electronics\Projects\MKS_DLP_new\SRC\firmware\MKSDLP_Alter_Debug\Obj\fnt24.o
#        D:\Electronics\Projects\MKS_DLP_new\SRC\firmware\MKSDLP_Alter_Debug\Obj\fnt24bold.o
#        D:\Electronics\Projects\MKS_DLP_new\SRC\firmware\MKSDLP_Alter_Debug\Obj\fnt36.o
#        D:\Electronics\Projects\MKS_DLP_new\SRC\firmware\MKSDLP_Alter_Debug\Obj\fnt36num.o
#        D:\Electronics\Projects\MKS_DLP_new\SRC\firmware\MKSDLP_Alter_Debug\Obj\fsmc.o
#        D:\Electronics\Projects\MKS_DLP_new\SRC\firmware\MKSDLP_Alter_Debug\Obj\fst_spi.o
#        D:\Electronics\Projects\MKS_DLP_new\SRC\firmware\MKSDLP_Alter_Debug\Obj\gpio.o
#        D:\Electronics\Projects\MKS_DLP_new\SRC\firmware\MKSDLP_Alter_Debug\Obj\languages.o
#        D:\Electronics\Projects\MKS_DLP_new\SRC\firmware\MKSDLP_Alter_Debug\Obj\lcd_low.o
#        D:\Electronics\Projects\MKS_DLP_new\SRC\firmware\MKSDLP_Alter_Debug\Obj\lcd_ui.o
#        D:\Electronics\Projects\MKS_DLP_new\SRC\firmware\MKSDLP_Alter_Debug\Obj\main.o
#        D:\Electronics\Projects\MKS_DLP_new\SRC\firmware\MKSDLP_Alter_Debug\Obj\motor.o
#        D:\Electronics\Projects\MKS_DLP_new\SRC\firmware\MKSDLP_Alter_Debug\Obj\printing.o
#        D:\Electronics\Projects\MKS_DLP_new\SRC\firmware\MKSDLP_Alter_Debug\Obj\prtfiles.o
#        D:\Electronics\Projects\MKS_DLP_new\SRC\firmware\MKSDLP_Alter_Debug\Obj\rtc.o
#        D:\Electronics\Projects\MKS_DLP_new\SRC\firmware\MKSDLP_Alter_Debug\Obj\spi_flash.o
#        D:\Electronics\Projects\MKS_DLP_new\SRC\firmware\MKSDLP_Alter_Debug\Obj\spifl_diskio.o
#        D:\Electronics\Projects\MKS_DLP_new\SRC\firmware\MKSDLP_Alter_Debug\Obj\ssd_utils.o
#        D:\Electronics\Projects\MKS_DLP_new\SRC\firmware\MKSDLP_Alter_Debug\Obj\startup_stm32f407xx.o
#        D:\Electronics\Projects\MKS_DLP_new\SRC\firmware\MKSDLP_Alter_Debug\Obj\stm32f4xx_hal.o
#        D:\Electronics\Projects\MKS_DLP_new\SRC\firmware\MKSDLP_Alter_Debug\Obj\stm32f4xx_hal_cortex.o
#        D:\Electronics\Projects\MKS_DLP_new\SRC\firmware\MKSDLP_Alter_Debug\Obj\stm32f4xx_hal_dma.o
#        D:\Electronics\Projects\MKS_DLP_new\SRC\firmware\MKSDLP_Alter_Debug\Obj\stm32f4xx_hal_dma_ex.o
#        D:\Electronics\Projects\MKS_DLP_new\SRC\firmware\MKSDLP_Alter_Debug\Obj\stm32f4xx_hal_exti.o
#        D:\Electronics\Projects\MKS_DLP_new\SRC\firmware\MKSDLP_Alter_Debug\Obj\stm32f4xx_hal_flash.o
#        D:\Electronics\Projects\MKS_DLP_new\SRC\firmware\MKSDLP_Alter_Debug\Obj\stm32f4xx_hal_flash_ex.o
#        D:\Electronics\Projects\MKS_DLP_new\SRC\firmware\MKSDLP_Alter_Debug\Obj\stm32f4xx_hal_flash_ramfunc.o
#        D:\Electronics\Projects\MKS_DLP_new\SRC\firmware\MKSDLP_Alter_Debug\Obj\stm32f4xx_hal_gpio.o
#        D:\Electronics\Projects\MKS_DLP_new\SRC\firmware\MKSDLP_Alter_Debug\Obj\stm32f4xx_hal_hcd.o
#        D:\Electronics\Projects\MKS_DLP_new\SRC\firmware\MKSDLP_Alter_Debug\Obj\stm32f4xx_hal_i2c.o
#        D:\Electronics\Projects\MKS_DLP_new\SRC\firmware\MKSDLP_Alter_Debug\Obj\stm32f4xx_hal_msp.o
#        D:\Electronics\Projects\MKS_DLP_new\SRC\firmware\MKSDLP_Alter_Debug\Obj\stm32f4xx_hal_pwr.o
#        D:\Electronics\Projects\MKS_DLP_new\SRC\firmware\MKSDLP_Alter_Debug\Obj\stm32f4xx_hal_pwr_ex.o
#        D:\Electronics\Projects\MKS_DLP_new\SRC\firmware\MKSDLP_Alter_Debug\Obj\stm32f4xx_hal_rcc.o
#        D:\Electronics\Projects\MKS_DLP_new\SRC\firmware\MKSDLP_Alter_Debug\Obj\stm32f4xx_hal_rcc_ex.o
#        D:\Electronics\Projects\MKS_DLP_new\SRC\firmware\MKSDLP_Alter_Debug\Obj\stm32f4xx_hal_rtc.o
#        D:\Electronics\Projects\MKS_DLP_new\SRC\firmware\MKSDLP_Alter_Debug\Obj\stm32f4xx_hal_rtc_ex.o
#        D:\Electronics\Projects\MKS_DLP_new\SRC\firmware\MKSDLP_Alter_Debug\Obj\stm32f4xx_hal_spi.o
#        D:\Electronics\Projects\MKS_DLP_new\SRC\firmware\MKSDLP_Alter_Debug\Obj\stm32f4xx_hal_sram.o
#        D:\Electronics\Projects\MKS_DLP_new\SRC\firmware\MKSDLP_Alter_Debug\Obj\stm32f4xx_hal_tim.o
#        D:\Electronics\Projects\MKS_DLP_new\SRC\firmware\MKSDLP_Alter_Debug\Obj\stm32f4xx_hal_tim_ex.o
#        D:\Electronics\Projects\MKS_DLP_new\SRC\firmware\MKSDLP_Alter_Debug\Obj\stm32f4xx_it.o
#        D:\Electronics\Projects\MKS_DLP_new\SRC\firmware\MKSDLP_Alter_Debug\Obj\stm32f4xx_ll_fsmc.o
#        D:\Electronics\Projects\MKS_DLP_new\SRC\firmware\MKSDLP_Alter_Debug\Obj\stm32f4xx_ll_usb.o
#        D:\Electronics\Projects\MKS_DLP_new\SRC\firmware\MKSDLP_Alter_Debug\Obj\sys_timer.o
#        D:\Electronics\Projects\MKS_DLP_new\SRC\firmware\MKSDLP_Alter_Debug\Obj\system_stm32f4xx.o
#        D:\Electronics\Projects\MKS_DLP_new\SRC\firmware\MKSDLP_Alter_Debug\Obj\tgui.o
#        D:\Electronics\Projects\MKS_DLP_new\SRC\firmware\MKSDLP_Alter_Debug\Obj\tgui_clocksetscreenfuncs.o
#        D:\Electronics\Projects\MKS_DLP_new\SRC\firmware\MKSDLP_Alter_Debug\Obj\tgui_defaultfuncs.o
#        D:\Electronics\Projects\MKS_DLP_new\SRC\firmware\MKSDLP_Alter_Debug\Obj\tgui_filesscreenfuncs.o
#        D:\Electronics\Projects\MKS_DLP_new\SRC\firmware\MKSDLP_Alter_Debug\Obj\tgui_fileviewscreenfuncs.o
#        D:\Electronics\Projects\MKS_DLP_new\SRC\firmware\MKSDLP_Alter_Debug\Obj\tgui_infoscreenfuncs.o
#        D:\Electronics\Projects\MKS_DLP_new\SRC\firmware\MKSDLP_Alter_Debug\Obj\tgui_langscreenfuncs.o
#        D:\Electronics\Projects\MKS_DLP_new\SRC\firmware\MKSDLP_Alter_Debug\Obj\tgui_mainscreenfuncs.o
#        D:\Electronics\Projects\MKS_DLP_new\SRC\firmware\MKSDLP_Alter_Debug\Obj\tgui_messagebox.o
#        D:\Electronics\Projects\MKS_DLP_new\SRC\firmware\MKSDLP_Alter_Debug\Obj\tgui_movezscreenfuncs.o
#        D:\Electronics\Projects\MKS_DLP_new\SRC\firmware\MKSDLP_Alter_Debug\Obj\tgui_numenterscreenfuncs.o
#        D:\Electronics\Projects\MKS_DLP_new\SRC\firmware\MKSDLP_Alter_Debug\Obj\tgui_printscreenfuncs.o
#        D:\Electronics\Projects\MKS_DLP_new\SRC\firmware\MKSDLP_Alter_Debug\Obj\tgui_screensaverfuncs.o
#        D:\Electronics\Projects\MKS_DLP_new\SRC\firmware\MKSDLP_Alter_Debug\Obj\tgui_settingsscreenfuncs.o
#        D:\Electronics\Projects\MKS_DLP_new\SRC\firmware\MKSDLP_Alter_Debug\Obj\tgui_uvtestscreenfuncs.o
#        D:\Electronics\Projects\MKS_DLP_new\SRC\firmware\MKSDLP_Alter_Debug\Obj\tim.o
#        D:\Electronics\Projects\MKS_DLP_new\SRC\firmware\MKSDLP_Alter_Debug\Obj\touch.o
#        D:\Electronics\Projects\MKS_DLP_new\SRC\firmware\MKSDLP_Alter_Debug\Obj\unicode_utils.o
#        D:\Electronics\Projects\MKS_DLP_new\SRC\firmware\MKSDLP_Alter_Debug\Obj\usb_host.o
#        D:\Electronics\Projects\MKS_DLP_new\SRC\firmware\MKSDLP_Alter_Debug\Obj\usbh_conf.o
#        D:\Electronics\Projects\MKS_DLP_new\SRC\firmware\MKSDLP_Alter_Debug\Obj\usbh_core.o
#        D:\Electronics\Projects\MKS_DLP_new\SRC\firmware\MKSDLP_Alter_Debug\Obj\usbh_ctlreq.o
#        D:\Electronics\Projects\MKS_DLP_new\SRC\firmware\MKSDLP_Alter_Debug\Obj\usbh_diskio.o
#        D:\Electronics\Projects\MKS_DLP_new\SRC\firmware\MKSDLP_Alter_Debug\Obj\usbh_ioreq.o
#        D:\Electronics\Projects\MKS_DLP_new\SRC\firmware\MKSDLP_Alter_Debug\Obj\usbh_msc.o
#        D:\Electronics\Projects\MKS_DLP_new\SRC\firmware\MKSDLP_Alter_Debug\Obj\usbh_msc_bot.o
#        D:\Electronics\Projects\MKS_DLP_new\SRC\firmware\MKSDLP_Alter_Debug\Obj\usbh_msc_scsi.o
#        D:\Electronics\Projects\MKS_DLP_new\SRC\firmware\MKSDLP_Alter_Debug\Obj\usbh_pipes.o
#        D:\Electronics\Projects\MKS_DLP_new\SRC\firmware\MKSDLP_Alter_Debug\Obj\usbh_platform.o
#        D:\Electronics\Projects\MKS_DLP_new\SRC\firmware\MKSDLP_Alter_Debug\Obj\uvdisplay.o
#        D:\Electronics\Projects\MKS_DLP_new\SRC\firmware\MKSDLP_Alter_Debug\Obj\z_endstops.o
#        D:\Electronics\Projects\MKS_DLP_new\SRC\firmware\MKSDLP_Alter_Debug\Obj\z_planner.o
#        D:\Electronics\Projects\MKS_DLP_new\SRC\firmware\MKSDLP_Alter_Debug\Obj\z_stepper.o
#        --redirect _Printf=_PrintfFull --redirect _Scanf=_ScanfFull
#        --no_out_extension -o
#        D:\Electronics\Projects\MKS_DLP_new\SRC\firmware\MKSDLP_Alter_debug\Exe\MKS_DLP_new.out
#        --map
#        D:\Electronics\Projects\MKS_DLP_new\SRC\firmware\MKSDLP_Alter_debug\List\MKS_DLP_new.map
#        --log libraries,call_graph --log_file
#        D:\Electronics\Projects\MKS_DLP_new\SRC\firmware\MKSDLP_Alter_debug\List\MKS_DLP_new.log
#        --config
#        D:\Electronics\Projects\MKS_DLP_new\SRC\firmware/config/stm32f407xx_flash.icf
#        --semihosting --entry __iar_program_start --merge_duplicate_sections
#        --vfe --text_out locale)
#
###############################################################################

*******************************************************************************
*** RUNTIME MODEL ATTRIBUTES
***

CppFlavor                     = *
__CPP_Exceptions              = Disabled
__CPP_Language                = C++14
__Heap_Handler                = DLMalloc
__SystemLibrary               = DLib
__dlib_dynamic_initialization = normal
__dlib_version                = 6


*******************************************************************************
*** HEAP SELECTION
***

The advanced heap was selected because the application calls memory
allocation functions outside of system library functions, and there
are calls to deallocation functions in the application.


*******************************************************************************
*** PLACEMENT SUMMARY
***

"A0":  place at 0x801'0000 { ro section .intvec };
"P1":  place in [from 0x801'0000 to 0x807'ffff] { ro };
define block CSTACK with size = 16K, alignment = 8 { };
define block HEAP with size = 8K, alignment = 8 { };
"P2":  place in [from 0x2000'0000 to 0x2001'ffff] {
          rw, block CSTACK, block HEAP };
"P3":  place in [from 0x1000'0000 to 0x1000'ffff] { rw section CCMRAM };
initialize by copy { rw };

  Section                Kind         Address     Size  Object
  -------                ----         -------     ----  ------
"A0":                                            0x188
  .intvec                ro code   0x801'0000    0x188  startup_stm32f407xx.o [1]
                                 - 0x801'0188    0x188

"P1":                                          0x35f2b
  .rodata                const     0x801'0188   0x66f0  fnt170num_lcd.o [1]
  .text                  ro code   0x801'6878   0x4a6c  tgui.o [1]
  .text                  ro code   0x801'b2e4     0x66  ABImemset.o [5]
  .text                  ro code   0x801'b34a     0x7a  lz77_init_single.o [5]
  .text                  ro code   0x801'b3c4    0xaf8  tgui_defaultfuncs.o [1]
  .text                  ro code   0x801'bebc     0xa6  ABImemcpy.o [5]
  .text                  ro code   0x801'bf62     0x3a  zero_init3.o [5]
  .text                  ro code   0x801'bf9c     0x40  languages.o [1]
  .text                  ro code   0x801'bfdc    0x754  tgui_messagebox.o [1]
  .text                  ro code   0x801'c730    0x20c  sys_timer.o [1]
  .text                  ro code   0x801'c93c    0x26c  datetime.o [1]
  .text                  ro code   0x801'cba8     0x40  sprintf.o [2]
  .text                  ro code   0x801'cbe8    0xc20  lcd_ui.o [1]
  .text                  ro code   0x801'd808    0x520  lcd_low.o [1]
  .text                  ro code   0x801'dd28   0x2be0  ff.o [1]
  .text                  ro code   0x802'0908    0x39a  unicode_utils.o [1]
  .text                  ro code   0x802'0ca2     0x26  xencoding_8859_1.o [2]
  .text                  ro code   0x802'0cc8    0x2d4  touch.o [1]
  .text                  ro code   0x802'0f9c     0x70  strncpy.o [5]
  .text                  ro code   0x802'100c    0x418  stm32f4xx_hal_rtc.o [1]
  .text                  ro code   0x802'1424      0xc  stm32f4xx_hal.o [1]
  .text                  ro code   0x802'1430    0xf46  xprintffull.o [2]
  .text                  ro code   0x802'2376     0x1e  xsscin.o [2]
  .text                  ro code   0x802'2394     0x28  stm32f4xx_hal.o [1]
  .text                  ro code   0x802'23bc    0x114  fsmc.o [1]
  .text                  ro code   0x802'24d0    0x458  stm32f4xx_hal_dma.o [1]
  .text                  ro code   0x802'2928    0x12c  stm32f4xx_hal_cortex.o [1]
  .text                  ro code   0x802'2a54     0xb0  diskio.o [1]
  .text                  ro code   0x802'2b04    0x144  ffunicode.o [1]
  .text                  ro code   0x802'2c48    0x158  fatfs.o [1]
  .text                  ro code   0x802'2da0    0x5b4  fst_spi.o [1]
  .text                  ro code   0x802'3354    0x104  xlocale_c.o [2]
  .text                  ro code   0x802'3458     0x16  strchr.o [5]
  .text                  ro code   0x802'346e      0xa  xsprout.o [2]
  .text                  ro code   0x802'3478     0x40  xfail_s.o [2]
  .text                  ro code   0x802'34b8     0x36  strlen.o [5]
  .rodata                const     0x802'34ee      0x2  languages.o [1]
  .text                  ro code   0x802'34f0     0x58  memchr.o [5]
  .text                  ro code   0x802'3548      0xa  xmbcurmax.o [2]
  .rodata                const     0x802'3552      0x2  languages.o [1]
  .text                  ro code   0x802'3554    0x230  I64DivMod.o [5]
  .text                  ro code   0x802'3784    0x1a2  DblMul.o [4]
  .rodata                const     0x802'3926      0x1  unwind_debug.o [6]
  .text                  ro code   0x802'3928     0x70  frexp.o [4]
  .text                  ro code   0x802'3998     0x2e  DblCmpLe.o [4]
  .text                  ro code   0x802'39c8     0x2e  DblCmpGe.o [4]
  .text                  ro code   0x802'39f8    0x13a  ldexp.o [4]
  .text                  ro code   0x802'3b34     0x3a  DblToS32.o [4]
  .text                  ro code   0x802'3b70     0x22  S32ToDbl.o [4]
  .text                  ro code   0x802'3b94     0xe2  DblSub.o [4]
  .text                  ro code   0x802'3c78    0x246  DblDiv.o [4]
  .text                  ro code   0x802'3ec0     0x28  DblToU32.o [4]
  .text                  ro code   0x802'3ee8     0x1a  U32ToDbl.o [4]
  .text                  ro code   0x802'3f04      0x6  ABImemclr4.o [5]
  .text                  ro code   0x802'3f0c     0x5c  stm32f4xx_hal_sram.o [1]
  .text                  ro code   0x802'3f68   0x125e  main.o [1]
  .text                  ro code   0x802'51c8    0x252  stm32f4xx_hal_gpio.o [1]
  .text                  ro code   0x802'541c     0x54  ff_gen_drv.o [1]
  .text                  ro code   0x802'5470    0x766  stm32f4xx_hal_spi.o [1]
  .text                  ro code   0x802'5bd6      0x6  abort.o [2]
  .text                  ro code   0x802'5bdc      0x2  stm32f4xx_hal_spi.o [1]
  .text                  ro code   0x802'5be0    0x17a  DblAdd.o [4]
  .text                  ro code   0x802'5d5c     0x32  ABImemset48.o [5]
  .text                  ro code   0x802'5d90     0xe4  stm32f4xx_ll_fsmc.o [1]
  .text                  ro code   0x802'5e74     0x34  stm32f4xx_hal.o [1]
  .text                  ro code   0x802'5ea8    0x2dc  gpio.o [1]
  .text                  ro code   0x802'6184    0x5e4  eeprom.o [1]
  .text                  ro code   0x802'6768    0xec4  config.o [1]
  .text                  ro code   0x802'762c    0x310  spi_flash.o [1]
  .text                  ro code   0x802'793c     0xc8  rtc.o [1]
  .text                  ro code   0x802'7a04    0x2ec  motor.o [1]
  .text                  ro code   0x802'7cf0    0x1da  cpld_utils.o [1]
  .text                  ro code   0x802'7ecc     0x24  uvdisplay.o [1]
  .text                  ro code   0x802'7ef0    0x488  tgui_uvtestscreenfuncs.o [1]
  .text                  ro code   0x802'8378     0x20  usbh_platform.o [1]
  .text                  ro code   0x802'8398     0x94  usb_host.o [1]
  .text                  ro code   0x802'842c     0x12  strcmp.o [5]
  .text                  ro code   0x802'8440    0x484  tgui_screensaverfuncs.o [1]
  .text                  ro code   0x802'88c4     0x48  FltToDbl.o [4]
  .text                  ro code   0x802'890c     0x68  DblToFlt.o [4]
  .text                  ro code   0x802'8974    0x524  tgui_movezscreenfuncs.o [1]
  .text                  ro code   0x802'8e98    0x688  printing.o [1]
  .text                  ro code   0x802'9520    0x3cc  prtfiles.o [1]
  .text                  ro code   0x802'98ec    0x3b4  stm32f4xx_hal_rcc.o [1]
  .text                  ro code   0x802'9ca0    0x1f4  stm32f4xx_hal_rcc.o [1]
  .text                  ro code   0x802'9e94    0x150  stm32f4xx_hal_rcc_ex.o [1]
  .text                  ro code   0x802'9fe4     0x14  exit.o [6]
  .text                  ro code   0x802'9ff8     0x4c  stm32f4xx_hal.o [1]
  .text                  ro code   0x802'a044     0x40  stm32f4xx_hal_msp.o [1]
  .text                  ro code   0x802'a084    0x1ea  stm32f4xx_hal_i2c.o [1]
  .text                  ro code   0x802'a270      0xe  math_wrappers64.o [4]
  .text                  ro code   0x802'a280    0x152  iar_Stoulx.o [2]
  .text                  ro code   0x802'a3d2     0x20  spi_flash.o [1]
  .text                  ro code   0x802'a3f4     0xe4  z_endstops.o [1]
  .text                  ro code   0x802'a4d8    0xe30  z_planner.o [1]
  .text                  ro code   0x802'b308    0x5a4  z_stepper.o [1]
  .text                  ro code   0x802'b8ac    0x1e8  tim.o [1]
  .text                  ro code   0x802'ba94    0x78a  stm32f4xx_hal_tim.o [1]
  .text                  ro code   0x802'c220     0x14  motor.o [1]
  .text                  ro code   0x802'c234      0xc  z_endstops.o [1]
  .text                  ro code   0x802'c240     0x18  z_endstops.o [1]
  .text                  ro code   0x802'c258     0x20  z_stepper.o [1]
  .text                  ro code   0x802'c278     0x20  motor.o [1]
  .text                  ro code   0x802'c298     0x42  cpld_utils.o [1]
  .text                  ro code   0x802'c2dc    0x5c8  ssd_utils.o [1]
  .text                  ro code   0x802'c8a4     0x18  strcpy.o [5]
  .text                  ro code   0x802'c8bc     0x1e  strcat.o [2]
  .text                  ro code   0x802'c8da    0x7de  usbh_core.o [1]
  .text                  ro code   0x802'd0b8    0x4cc  files_pws.o [1]
  .text                  ro code   0x802'd584     0x1e  sqrtf.o [4]
  .text                  ro code   0x802'd5a4    0x51c  strto64.o [4]
  .text                  ro code   0x802'dac0     0x14  isspace.o [2]
  .text                  ro code   0x802'dad4     0x14  tolower.o [2]
  .text                  ro code   0x802'dae8     0x18  z_stepper.o [1]
  .text                  ro code   0x802'db00     0x24  z_planner.o [1]
  .text                  ro code   0x802'db24     0x18  z_planner.o [1]
  .text                  ro code   0x802'db3c      0x8  z_stepper.o [1]
  .text                  ro code   0x802'db44     0x3c  ceilf.o [4]
  .text                  ro code   0x802'db80     0xac  z_planner.o [1]
  .text                  ro code   0x802'dc2c     0x3c  floorf.o [4]
  .text                  ro code   0x802'dc68     0xbc  z_planner.o [1]
  .text                  ro code   0x802'dd24     0x12  z_planner.o [1]
  .text                  ro code   0x802'dd36      0x8  z_planner.o [1]
  .text                  ro code   0x802'dd40     0x20  z_stepper.o [1]
  .text                  ro code   0x802'dd60     0x10  z_stepper.o [1]
  .text                  ro code   0x802'dd70      0xc  z_stepper.o [1]
  .text                  ro code   0x802'dd7c     0x38  z_planner.o [1]
  .text                  ro code   0x802'ddb4     0x18  z_planner.o [1]
  .text                  ro code   0x802'ddcc     0x2e  lroundf.o [4]
  .text                  ro code   0x802'ddfc     0x1c  z_stepper.o [1]
  .text                  ro code   0x802'de18     0x2c  z_stepper.o [1]
  .text                  ro code   0x802'de44     0xac  stm32f4xx_hal_tim_ex.o [1]
  .text                  ro code   0x802'def0    0x2f8  usbh_conf.o [1]
  .text                  ro code   0x802'e1e8     0xb6  usbh_pipes.o [1]
  .text                  ro code   0x802'e29e    0x5bc  usbh_ctlreq.o [1]
  .text                  ro code   0x802'e85a    0x122  iar_Stopfx.o [2]
  .text                  ro code   0x802'e97c    0x1c4  iar_Stoflt.o [2]
  .text                  ro code   0x802'eb40    0x21c  iar_Stoxflt.o [2]
  .text                  ro code   0x802'ed5c     0x10  z_stepper.o [1]
  .text                  ro code   0x802'ed6c      0xe  z_planner.o [1]
  .text                  ro code   0x802'ed7c     0x1c  z_stepper.o [1]
  .text                  ro code   0x802'ed98   0x1060  stm32f4xx_hal_hcd.o [1]
  .text                  ro code   0x802'fdf8     0xd0  usbh_ioreq.o [1]
  .text                  ro code   0x802'fec8     0x14  isalpha.o [2]
  .text                  ro code   0x802'fedc    0x9c4  stm32f4xx_ll_usb.o [1]
  .rodata                const     0x803'08a0   0x3b94  fnt36.o [1]
  .rodata                const     0x803'4434   0x2094  fnt24bold.o [1]
  .rodata                const     0x803'64c8   0x1a1c  fnt24.o [1]
  .text                  ro code   0x803'7ee4   0x14e0  dlmalloc.o [2]
  .text                  ro code   0x803'93c4     0x2c  xgetmemchunk.o [2]
  .rodata                const     0x803'93f0   0x10c8  fnt18bold.o [1]
  .text                  ro code   0x803'a4b8    0xeb8  tgui_filesscreenfuncs.o [1]
  .text                  ro code   0x803'b370    0xb70  tgui_fileviewscreenfuncs.o [1]
  .rodata                const     0x803'bee0    0xea4  fnt18.o [1]
  .text                  ro code   0x803'cd84    0xe58  xscanffull.o [2]
  .text                  ro code   0x803'dbdc     0x3c  wctob.o [2]
  .text                  ro code   0x803'dc18     0x9e  iar_Stollx.o [2]
  .text                  ro code   0x803'dcb8    0x1b2  iar_Stoullx.o [2]
  .text                  ro code   0x803'de6c    0x980  tgui_printscreenfuncs.o [1]
  .text                  ro code   0x803'e7ec    0x8b4  usbh_msc.o [1]
  .text                  ro code   0x803'f0a0    0x394  usbh_msc_bot.o [1]
  .text                  ro code   0x803'f434      0x4  heaptramp0.o [2]
  .text                  ro code   0x803'f438    0x3ea  usbh_msc_scsi.o [1]
  .rodata                const     0x803'f824    0x788  fnt12bold.o [1]
  .rodata                const     0x803'ffac    0x6b4  fnt12.o [1]
  .rodata                const     0x804'0660    0x684  fnt36num.o [1]
  .text                  ro code   0x804'0ce4    0x680  tgui_clocksetscreenfuncs.o [1]
  .text                  ro code   0x804'1364    0x620  tgui_numenterscreenfuncs.o [1]
  .text                  ro code   0x804'1984     0x28  sscanf.o [2]
  .text                  ro code   0x804'19ac    0x474  tgui_infoscreenfuncs.o [1]
  .text                  ro code   0x804'1e20    0x400  tgui_settingsscreenfuncs.o [1]
  .rodata                const     0x804'2220    0x1f4  ffunicode.o [1]
  .rodata                const     0x804'2414    0x1e4  languages.o [1]
  .rodata                const     0x804'25f8    0x1e4  languages.o [1]
  .text                  ro code   0x804'27dc    0x144  usbh_diskio.o [1]
  .rodata                const     0x804'2920    0x140  fnt12.o [1]
  .rodata                const     0x804'2a60    0x140  fnt12bold.o [1]
  .rodata                const     0x804'2ba0    0x140  fnt18.o [1]
  .rodata                const     0x804'2ce0    0x140  fnt18bold.o [1]
  .rodata                const     0x804'2e20    0x140  fnt24.o [1]
  .rodata                const     0x804'2f60    0x140  fnt24bold.o [1]
  .rodata                const     0x804'30a0    0x140  fnt36.o [1]
  .text                  ro code   0x804'31e0    0x12c  spifl_diskio.o [1]
  .rodata                const     0x804'330c    0x100  ffunicode.o [1]
  .rodata                const     0x804'340c     0xc8  languages.o [1]
  .rodata                const     0x804'34d4     0xbc  ffunicode.o [1]
  .rodata                const     0x804'3590     0x9c  languages.o [1]
  .text                  ro code   0x804'362c     0x9c  stm32f4xx_it.o [1]
  .rodata                const     0x804'36c8     0x80  ff.o [1]
  .rodata                const     0x804'3748     0x78  languages.o [1]
  .rodata                const     0x804'37c0     0x74  languages.o [1]
  .rodata                const     0x804'3834     0x74  languages.o [1]
  .rodata                const     0x804'38a8     0x70  languages.o [1]
  .rodata                const     0x804'3918     0x70  languages.o [1]
  .rodata                const     0x804'3988     0x68  languages.o [1]
  .rodata                const     0x804'39f0     0x68  languages.o [1]
  .rodata                const     0x804'3a58     0x68  languages.o [1]
  .rodata                const     0x804'3ac0     0x54  languages.o [1]
  .rodata                const     0x804'3b14     0x54  languages.o [1]
  .rodata                const     0x804'3b68     0x50  iar_Stoulx.o [2]
  .rodata                const     0x804'3bb8     0x50  iar_Stoullx.o [2]
  .rodata                const     0x804'3c08     0x4c  languages.o [1]
  .rodata                const     0x804'3c54     0x4c  xscanffull.o [2]
  .rodata                const     0x804'3ca0     0x48  languages.o [1]
  .rodata                const     0x804'3ce8     0x48  strto64.o [4]
  .rodata                const     0x804'3d30     0x44  languages.o [1]
  .rodata                const     0x804'3d74     0x40  languages.o [1]
  .rodata                const     0x804'3db4     0x3c  languages.o [1]
  .rodata                const     0x804'3df0     0x3c  languages.o [1]
  .rodata                const     0x804'3e2c     0x3c  languages.o [1]
  .rodata                const     0x804'3e68     0x3c  languages.o [1]
  .rodata                const     0x804'3ea4     0x3c  languages.o [1]
  .rodata                const     0x804'3ee0     0x38  fnt170num_lcd.o [1]
  .rodata                const     0x804'3f18     0x38  fnt36num.o [1]
  .rodata                const     0x804'3f50     0x38  languages.o [1]
  .rodata                const     0x804'3f88     0x38  languages.o [1]
  .rodata                const     0x804'3fc0     0x38  main.o [1]
  .rodata                const     0x804'3ff8     0x34  languages.o [1]
  .rodata                const     0x804'402c     0x34  languages.o [1]
  .rodata                const     0x804'4060     0x34  languages.o [1]
  .rodata                const     0x804'4094     0x34  main.o [1]
  .rodata                const     0x804'40c8     0x34  main.o [1]
  .rodata                const     0x804'40fc     0x30  languages.o [1]
  .rodata                const     0x804'412c     0x30  languages.o [1]
  .rodata                const     0x804'415c     0x30  languages.o [1]
  .rodata                const     0x804'418c     0x30  languages.o [1]
  .rodata                const     0x804'41bc     0x30  main.o [1]
  .rodata                const     0x804'41ec     0x30  main.o [1]
  .rodata                const     0x804'421c     0x30  main.o [1]
  .rodata                const     0x804'424c     0x2c  languages.o [1]
  .rodata                const     0x804'4278     0x2c  languages.o [1]
  .rodata                const     0x804'42a4     0x2c  languages.o [1]
  .rodata                const     0x804'42d0     0x2c  main.o [1]
  .rodata                const     0x804'42fc     0x2c  main.o [1]
  .rodata                const     0x804'4328     0x28  languages.o [1]
  .rodata                const     0x804'4350     0x28  languages.o [1]
  .rodata                const     0x804'4378     0x28  main.o [1]
  .rodata                const     0x804'43a0     0x28  xscanffull.o [2]
  .text                  ro code   0x804'43c8     0x28  data_init.o [5]
  .rodata                const     0x804'43f0     0x24  languages.o [1]
  .rodata                const     0x804'4414     0x24  languages.o [1]
  .rodata                const     0x804'4438     0x24  languages.o [1]
  .rodata                const     0x804'445c     0x24  main.o [1]
  .rodata                const     0x804'4480     0x24  tgui_infoscreenfuncs.o [1]
  .text                  ro code   0x804'44a4     0x22  fpinit_M.o [4]
  .iar.init_table        const     0x804'44c8     0x2c  - Linker created -
  .rodata                const     0x804'44f4     0x20  languages.o [1]
  .rodata                const     0x804'4514     0x20  languages.o [1]
  .rodata                const     0x804'4534     0x20  languages.o [1]
  .rodata                const     0x804'4554     0x20  languages.o [1]
  .rodata                const     0x804'4574     0x20  languages.o [1]
  .rodata                const     0x804'4594     0x20  languages.o [1]
  .rodata                const     0x804'45b4     0x20  languages.o [1]
  .rodata                const     0x804'45d4     0x20  main.o [1]
  .rodata                const     0x804'45f4     0x20  tgui.o [1]
  .rodata                const     0x804'4614     0x20  tgui.o [1]
  .rodata                const     0x804'4634     0x20  tgui.o [1]
  .rodata                const     0x804'4654     0x20  tgui.o [1]
  .rodata                const     0x804'4674     0x20  tgui.o [1]
  .rodata                const     0x804'4694     0x20  tgui.o [1]
  .rodata                const     0x804'46b4     0x20  tgui.o [1]
  .rodata                const     0x804'46d4     0x20  tgui_printscreenfuncs.o [1]
  .text                  ro code   0x804'46f4     0x20  system_stm32f4xx.o [1]
  .text                  ro code   0x804'4714     0x20  cmain_call_ctors.o [5]
  .text                  ro code   0x804'4734     0x18  cppinit.o [2]
  .text                  ro code   0x804'474c     0x1e  cmain.o [5]
  .text                  ro code   0x804'476a      0x4  low_level_init.o [2]
  .text                  ro code   0x804'476e      0x4  exit.o [2]
  .text                  ro code   0x804'4774      0xa  cexit.o [5]
  .rodata                const     0x804'4780     0x1c  languages.o [1]
  .rodata                const     0x804'479c     0x1c  languages.o [1]
  .rodata                const     0x804'47b8     0x1c  languages.o [1]
  .rodata                const     0x804'47d4     0x1c  languages.o [1]
  .rodata                const     0x804'47f0     0x1c  languages.o [1]
  .rodata                const     0x804'480c     0x1c  languages.o [1]
  .rodata                const     0x804'4828     0x1c  languages.o [1]
  .rodata                const     0x804'4844     0x1c  languages.o [1]
  .rodata                const     0x804'4860     0x1c  languages.o [1]
  .rodata                const     0x804'487c     0x1c  languages.o [1]
  .rodata                const     0x804'4898     0x1c  languages.o [1]
  .rodata                const     0x804'48b4     0x1c  tgui.o [1]
  .rodata                const     0x804'48d0     0x1c  tgui.o [1]
  .rodata                const     0x804'48ec     0x1c  tgui.o [1]
  .rodata                const     0x804'4908     0x1c  tgui.o [1]
  .rodata                const     0x804'4924     0x1c  tgui.o [1]
  .rodata                const     0x804'4940     0x1c  tgui.o [1]
  .rodata                const     0x804'495c     0x1c  tgui.o [1]
  .rodata                const     0x804'4978     0x1c  tgui.o [1]
  .rodata                const     0x804'4994     0x1c  tgui.o [1]
  .rodata                const     0x804'49b0     0x1c  tgui.o [1]
  .rodata                const     0x804'49cc     0x1c  tgui.o [1]
  .rodata                const     0x804'49e8     0x1c  tgui.o [1]
  .rodata                const     0x804'4a04     0x1c  tgui.o [1]
  .rodata                const     0x804'4a20     0x1c  tgui.o [1]
  .rodata                const     0x804'4a3c     0x1c  tgui.o [1]
  .rodata                const     0x804'4a58     0x1c  tgui.o [1]
  .rodata                const     0x804'4a74     0x1c  tgui.o [1]
  .rodata                const     0x804'4a90     0x1c  tgui.o [1]
  .rodata                const     0x804'4aac     0x1c  tgui.o [1]
  .rodata                const     0x804'4ac8     0x1c  tgui.o [1]
  .rodata                const     0x804'4ae4     0x1c  tgui.o [1]
  .rodata                const     0x804'4b00     0x1c  tgui.o [1]
  .rodata                const     0x804'4b1c     0x1c  tgui.o [1]
  .rodata                const     0x804'4b38     0x1c  tgui.o [1]
  .rodata                const     0x804'4b54     0x1c  tgui.o [1]
  .rodata                const     0x804'4b70     0x1c  tgui.o [1]
  .rodata                const     0x804'4b8c     0x1c  tgui.o [1]
  .rodata                const     0x804'4ba8     0x1c  tgui.o [1]
  .rodata                const     0x804'4bc4     0x1c  tgui.o [1]
  .rodata                const     0x804'4be0     0x1c  tgui.o [1]
  .rodata                const     0x804'4bfc     0x1c  tgui.o [1]
  .rodata                const     0x804'4c18     0x1c  tgui.o [1]
  .rodata                const     0x804'4c34     0x1c  tgui.o [1]
  .rodata                const     0x804'4c50     0x1c  tgui.o [1]
  .rodata                const     0x804'4c6c     0x1c  tgui.o [1]
  .rodata                const     0x804'4c88     0x1c  tgui_fileviewscreenfuncs.o [1]
  .rodata                const     0x804'4ca4     0x1c  tgui_infoscreenfuncs.o [1]
  .text                  ro code   0x804'4cc0     0x1c  tgui_langscreenfuncs.o [1]
  .rodata                const     0x804'4cdc     0x18  config.o [1]
  .rodata                const     0x804'4cf4     0x18  config.o [1]
  .rodata                const     0x804'4d0c     0x18  config.o [1]
  .rodata                const     0x804'4d24     0x18  config.o [1]
  .rodata                const     0x804'4d3c     0x18  config.o [1]
  .rodata                const     0x804'4d54     0x18  datetime.o [1]
  .rodata                const     0x804'4d6c     0x18  datetime.o [1]
  .rodata                const     0x804'4d84     0x18  languages.o [1]
  .rodata                const     0x804'4d9c     0x18  languages.o [1]
  .rodata                const     0x804'4db4     0x18  languages.o [1]
  .rodata                const     0x804'4dcc     0x18  languages.o [1]
  .rodata                const     0x804'4de4     0x18  languages.o [1]
  .rodata                const     0x804'4dfc     0x18  languages.o [1]
  .rodata                const     0x804'4e14     0x18  main.o [1]
  .rodata                const     0x804'4e2c     0x18  main.o [1]
  .rodata                const     0x804'4e44     0x18  main.o [1]
  .rodata                const     0x804'4e5c     0x18  tgui.o [1]
  .rodata                const     0x804'4e74     0x18  tgui.o [1]
  .rodata                const     0x804'4e8c     0x18  tgui.o [1]
  .rodata                const     0x804'4ea4     0x18  tgui.o [1]
  .rodata                const     0x804'4ebc     0x18  tgui.o [1]
  .rodata                const     0x804'4ed4     0x18  tgui.o [1]
  .rodata                const     0x804'4eec     0x18  tgui.o [1]
  .rodata                const     0x804'4f04     0x18  tgui.o [1]
  .rodata                const     0x804'4f1c     0x18  tgui.o [1]
  .rodata                const     0x804'4f34     0x18  tgui.o [1]
  .rodata                const     0x804'4f4c     0x18  tgui.o [1]
  .rodata                const     0x804'4f64     0x18  tgui.o [1]
  .rodata                const     0x804'4f7c     0x18  tgui.o [1]
  .rodata                const     0x804'4f94     0x18  tgui.o [1]
  .rodata                const     0x804'4fac     0x18  tgui.o [1]
  .rodata                const     0x804'4fc4     0x18  tgui.o [1]
  .rodata                const     0x804'4fdc     0x18  tgui.o [1]
  .rodata                const     0x804'4ff4     0x18  tgui.o [1]
  .rodata                const     0x804'500c     0x18  tgui.o [1]
  .rodata                const     0x804'5024     0x18  tgui.o [1]
  .rodata                const     0x804'503c     0x18  tgui.o [1]
  .rodata                const     0x804'5054     0x18  tgui.o [1]
  .rodata                const     0x804'506c     0x18  tgui.o [1]
  .rodata                const     0x804'5084     0x18  tgui.o [1]
  .rodata                const     0x804'509c     0x18  tgui.o [1]
  .rodata                const     0x804'50b4     0x18  tgui.o [1]
  .rodata                const     0x804'50cc     0x18  tgui.o [1]
  .rodata                const     0x804'50e4     0x18  tgui_filesscreenfuncs.o [1]
  .rodata                const     0x804'50fc     0x18  tgui_filesscreenfuncs.o [1]
  .rodata                const     0x804'5114     0x14  config.o [1]
  .rodata                const     0x804'5128     0x14  config.o [1]
  .rodata                const     0x804'513c     0x14  config.o [1]
  .rodata                const     0x804'5150     0x14  config.o [1]
  .rodata                const     0x804'5164     0x14  ff.o [1]
  .rodata                const     0x804'5178     0x14  ff.o [1]
  .rodata                const     0x804'518c     0x14  languages.o [1]
  .rodata                const     0x804'51a0     0x14  languages.o [1]
  .rodata                const     0x804'51b4     0x14  languages.o [1]
  .rodata                const     0x804'51c8     0x14  languages.o [1]
  .rodata                const     0x804'51dc     0x14  languages.o [1]
  .rodata                const     0x804'51f0     0x14  languages.o [1]
  .rodata                const     0x804'5204     0x14  languages.o [1]
  .rodata                const     0x804'5218     0x14  languages.o [1]
  .rodata                const     0x804'522c     0x14  languages.o [1]
  .rodata                const     0x804'5240     0x14  languages.o [1]
  .rodata                const     0x804'5254     0x14  languages.o [1]
  .rodata                const     0x804'5268     0x14  languages.o [1]
  .rodata                const     0x804'527c     0x14  spifl_diskio.o [1]
  .rodata                const     0x804'5290     0x14  tgui.o [1]
  .rodata                const     0x804'52a4     0x14  tgui.o [1]
  .rodata                const     0x804'52b8     0x14  tgui.o [1]
  .rodata                const     0x804'52cc     0x14  tgui.o [1]
  .rodata                const     0x804'52e0     0x14  tgui.o [1]
  .rodata                const     0x804'52f4     0x14  tgui.o [1]
  .rodata                const     0x804'5308     0x14  tgui.o [1]
  .rodata                const     0x804'531c     0x14  tgui_filesscreenfuncs.o [1]
  .rodata                const     0x804'5330     0x14  tgui_filesscreenfuncs.o [1]
  .rodata                const     0x804'5344     0x14  tgui_infoscreenfuncs.o [1]
  .rodata                const     0x804'5358     0x14  tgui_printscreenfuncs.o [1]
  .rodata                const     0x804'536c     0x14  tgui_printscreenfuncs.o [1]
  .rodata                const     0x804'5380     0x14  tgui_uvtestscreenfuncs.o [1]
  .rodata                const     0x804'5394     0x14  tgui_uvtestscreenfuncs.o [1]
  .rodata                const     0x804'53a8     0x14  tgui_uvtestscreenfuncs.o [1]
  .rodata                const     0x804'53bc     0x14  usbh_diskio.o [1]
  .rodata                const     0x804'53d0     0x10  config.o [1]
  .rodata                const     0x804'53e0     0x10  config.o [1]
  .rodata                const     0x804'53f0     0x10  config.o [1]
  .rodata                const     0x804'5400     0x10  config.o [1]
  .rodata                const     0x804'5410     0x10  config.o [1]
  .rodata                const     0x804'5420     0x10  config.o [1]
  .rodata                const     0x804'5430     0x10  ff.o [1]
  .rodata                const     0x804'5440     0x10  ff.o [1]
  .rodata                const     0x804'5450     0x10  ff.o [1]
  .rodata                const     0x804'5460     0x10  ff.o [1]
  .rodata                const     0x804'5470     0x10  languages.o [1]
  .rodata                const     0x804'5480     0x10  languages.o [1]
  .rodata                const     0x804'5490     0x10  languages.o [1]
  .rodata                const     0x804'54a0     0x10  languages.o [1]
  .rodata                const     0x804'54b0     0x10  languages.o [1]
  .rodata                const     0x804'54c0     0x10  languages.o [1]
  .rodata                const     0x804'54d0     0x10  languages.o [1]
  .rodata                const     0x804'54e0     0x10  languages.o [1]
  .rodata                const     0x804'54f0     0x10  languages.o [1]
  .rodata                const     0x804'5500     0x10  languages.o [1]
  .rodata                const     0x804'5510     0x10  languages.o [1]
  .rodata                const     0x804'5520     0x10  languages.o [1]
  .rodata                const     0x804'5530     0x10  languages.o [1]
  .rodata                const     0x804'5540     0x10  languages.o [1]
  .rodata                const     0x804'5550     0x10  languages.o [1]
  .rodata                const     0x804'5560     0x10  languages.o [1]
  .rodata                const     0x804'5570     0x10  languages.o [1]
  .rodata                const     0x804'5580     0x10  languages.o [1]
  .rodata                const     0x804'5590     0x10  languages.o [1]
  .rodata                const     0x804'55a0     0x10  languages.o [1]
  .rodata                const     0x804'55b0     0x10  languages.o [1]
  .rodata                const     0x804'55c0     0x10  main.o [1]
  .rodata                const     0x804'55d0     0x10  main.o [1]
  .rodata                const     0x804'55e0     0x10  system_stm32f4xx.o [1]
  .rodata                const     0x804'55f0     0x10  tgui.o [1]
  .rodata                const     0x804'5600     0x10  tgui.o [1]
  .rodata                const     0x804'5610     0x10  tgui.o [1]
  .rodata                const     0x804'5620     0x10  tgui.o [1]
  .rodata                const     0x804'5630     0x10  tgui.o [1]
  .rodata                const     0x804'5640     0x10  tgui.o [1]
  .rodata                const     0x804'5650     0x10  tgui.o [1]
  .rodata                const     0x804'5660     0x10  tgui_defaultfuncs.o [1]
  .text                  ro code   0x804'5670     0x10  startup_stm32f407xx.o [1]
  .rodata                const     0x804'5680      0xc  config.o [1]
  .rodata                const     0x804'568c      0xc  config.o [1]
  .rodata                const     0x804'5698      0xc  config.o [1]
  .rodata                const     0x804'56a4      0xc  config.o [1]
  .rodata                const     0x804'56b0      0xc  config.o [1]
  .rodata                const     0x804'56bc      0xc  config.o [1]
  .rodata                const     0x804'56c8      0xc  config.o [1]
  .rodata                const     0x804'56d4      0xc  ff.o [1]
  .rodata                const     0x804'56e0      0xc  ff.o [1]
  .rodata                const     0x804'56ec      0xc  files_pws.o [1]
  .rodata                const     0x804'56f8      0xc  files_pws.o [1]
  .rodata                const     0x804'5704      0xc  languages.o [1]
  .rodata                const     0x804'5710      0xc  languages.o [1]
  .rodata                const     0x804'571c      0xc  languages.o [1]
  .rodata                const     0x804'5728      0xc  languages.o [1]
  .rodata                const     0x804'5734      0xc  languages.o [1]
  .rodata                const     0x804'5740      0xc  languages.o [1]
  .rodata                const     0x804'574c      0xc  languages.o [1]
  .rodata                const     0x804'5758      0xc  languages.o [1]
  .rodata                const     0x804'5764      0xc  languages.o [1]
  .rodata                const     0x804'5770      0xc  languages.o [1]
  .rodata                const     0x804'577c      0xc  languages.o [1]
  .rodata                const     0x804'5788      0xc  languages.o [1]
  .rodata                const     0x804'5794      0xc  languages.o [1]
  .rodata                const     0x804'57a0      0xc  languages.o [1]
  .rodata                const     0x804'57ac      0xc  languages.o [1]
  .rodata                const     0x804'57b8      0xc  languages.o [1]
  .rodata                const     0x804'57c4      0xc  languages.o [1]
  .rodata                const     0x804'57d0      0xc  languages.o [1]
  .rodata                const     0x804'57dc      0xc  languages.o [1]
  .rodata                const     0x804'57e8      0xc  languages.o [1]
  .rodata                const     0x804'57f4      0xc  languages.o [1]
  .rodata                const     0x804'5800      0xc  languages.o [1]
  .rodata                const     0x804'580c      0xc  languages.o [1]
  .rodata                const     0x804'5818      0xc  languages.o [1]
  .rodata                const     0x804'5824      0xc  languages.o [1]
  .rodata                const     0x804'5830      0xc  languages.o [1]
  .rodata                const     0x804'583c      0xc  languages.o [1]
  .rodata                const     0x804'5848      0xc  languages.o [1]
  .rodata                const     0x804'5854      0xc  languages.o [1]
  .rodata                const     0x804'5860      0xc  languages.o [1]
  .rodata                const     0x804'586c      0xc  languages.o [1]
  .rodata                const     0x804'5878      0xc  languages.o [1]
  .rodata                const     0x804'5884      0xc  languages.o [1]
  .rodata                const     0x804'5890      0xc  languages.o [1]
  .rodata                const     0x804'589c      0xc  languages.o [1]
  .rodata                const     0x804'58a8      0xc  main.o [1]
  .rodata                const     0x804'58b4      0xc  main.o [1]
  .rodata                const     0x804'58c0      0xc  tgui.o [1]
  .rodata                const     0x804'58cc      0xc  tgui_clocksetscreenfuncs.o [1]
  .rodata                const     0x804'58d8      0xc  tgui_fileviewscreenfuncs.o [1]
  .rodata                const     0x804'58e4      0xc  tgui_fileviewscreenfuncs.o [1]
  .rodata                const     0x804'58f0      0xc  tgui_fileviewscreenfuncs.o [1]
  .rodata                const     0x804'58fc      0xc  tgui_fileviewscreenfuncs.o [1]
  .rodata                const     0x804'5908      0xc  tgui_screensaverfuncs.o [1]
  .rodata                const     0x804'5914      0xc  tgui_screensaverfuncs.o [1]
  .text                  ro code   0x804'5920      0xc  cstartup_M.o [5]
  .rodata                const     0x804'592c      0x8  config.o [1]
  .rodata                const     0x804'5934      0x8  config.o [1]
  .rodata                const     0x804'593c      0x8  ff.o [1]
  .rodata                const     0x804'5944      0x8  ff.o [1]
  .rodata                const     0x804'594c      0x8  files_pws.o [1]
  .rodata                const     0x804'5954      0x8  files_pws.o [1]
  .rodata                const     0x804'595c      0x8  languages.o [1]
  .rodata                const     0x804'5964      0x8  languages.o [1]
  .rodata                const     0x804'596c      0x8  languages.o [1]
  .rodata                const     0x804'5974      0x8  languages.o [1]
  .rodata                const     0x804'597c      0x8  languages.o [1]
  .rodata                const     0x804'5984      0x8  languages.o [1]
  .rodata                const     0x804'598c      0x8  languages.o [1]
  .rodata                const     0x804'5994      0x8  languages.o [1]
  .rodata                const     0x804'599c      0x8  languages.o [1]
  .rodata                const     0x804'59a4      0x8  languages.o [1]
  .rodata                const     0x804'59ac      0x8  languages.o [1]
  .rodata                const     0x804'59b4      0x8  languages.o [1]
  .rodata                const     0x804'59bc      0x8  languages.o [1]
  .rodata                const     0x804'59c4      0x8  languages.o [1]
  .rodata                const     0x804'59cc      0x8  languages.o [1]
  .rodata                const     0x804'59d4      0x8  languages.o [1]
  .rodata                const     0x804'59dc      0x8  languages.o [1]
  .rodata                const     0x804'59e4      0x8  languages.o [1]
  .rodata                const     0x804'59ec      0x8  languages.o [1]
  .rodata                const     0x804'59f4      0x8  languages.o [1]
  .rodata                const     0x804'59fc      0x8  languages.o [1]
  .rodata                const     0x804'5a04      0x8  languages.o [1]
  .rodata                const     0x804'5a0c      0x8  languages.o [1]
  .rodata                const     0x804'5a14      0x8  languages.o [1]
  .rodata                const     0x804'5a1c      0x8  languages.o [1]
  .rodata                const     0x804'5a24      0x8  languages.o [1]
  .rodata                const     0x804'5a2c      0x8  languages.o [1]
  .rodata                const     0x804'5a34      0x8  languages.o [1]
  .rodata                const     0x804'5a3c      0x8  languages.o [1]
  .rodata                const     0x804'5a44      0x8  languages.o [1]
  .rodata                const     0x804'5a4c      0x8  languages.o [1]
  .rodata                const     0x804'5a54      0x8  languages.o [1]
  .rodata                const     0x804'5a5c      0x8  languages.o [1]
  .rodata                const     0x804'5a64      0x8  languages.o [1]
  .rodata                const     0x804'5a6c      0x8  languages.o [1]
  .rodata                const     0x804'5a74      0x8  languages.o [1]
  .rodata                const     0x804'5a7c      0x8  languages.o [1]
  .rodata                const     0x804'5a84      0x8  languages.o [1]
  .rodata                const     0x804'5a8c      0x8  languages.o [1]
  .rodata                const     0x804'5a94      0x8  languages.o [1]
  .rodata                const     0x804'5a9c      0x8  languages.o [1]
  .rodata                const     0x804'5aa4      0x8  languages.o [1]
  .rodata                const     0x804'5aac      0x8  languages.o [1]
  .rodata                const     0x804'5ab4      0x8  languages.o [1]
  .rodata                const     0x804'5abc      0x8  languages.o [1]
  .rodata                const     0x804'5ac4      0x8  languages.o [1]
  .rodata                const     0x804'5acc      0x8  languages.o [1]
  .rodata                const     0x804'5ad4      0x8  languages.o [1]
  .rodata                const     0x804'5adc      0x8  languages.o [1]
  .rodata                const     0x804'5ae4      0x8  languages.o [1]
  .rodata                const     0x804'5aec      0x8  languages.o [1]
  .rodata                const     0x804'5af4      0x8  languages.o [1]
  .rodata                const     0x804'5afc      0x8  languages.o [1]
  .rodata                const     0x804'5b04      0x8  languages.o [1]
  .rodata                const     0x804'5b0c      0x8  languages.o [1]
  .rodata                const     0x804'5b14      0x8  languages.o [1]
  .rodata                const     0x804'5b1c      0x8  languages.o [1]
  .rodata                const     0x804'5b24      0x8  languages.o [1]
  .rodata                const     0x804'5b2c      0x8  languages.o [1]
  .rodata                const     0x804'5b34      0x8  main.o [1]
  .rodata                const     0x804'5b3c      0x8  stm32f4xx_hal_dma.o [1]
  .rodata                const     0x804'5b44      0x8  system_stm32f4xx.o [1]
  .rodata                const     0x804'5b4c      0x8  tgui.o [1]
  .rodata                const     0x804'5b54      0x8  tgui.o [1]
  .rodata                const     0x804'5b5c      0x8  tgui.o [1]
  .rodata                const     0x804'5b64      0x8  tgui.o [1]
  .rodata                const     0x804'5b6c      0x8  tgui.o [1]
  .rodata                const     0x804'5b74      0x8  tgui.o [1]
  .rodata                const     0x804'5b7c      0x8  tgui.o [1]
  .rodata                const     0x804'5b84      0x8  tgui.o [1]
  .rodata                const     0x804'5b8c      0x8  tgui.o [1]
  .rodata                const     0x804'5b94      0x8  tgui.o [1]
  .rodata                const     0x804'5b9c      0x8  tgui.o [1]
  .rodata                const     0x804'5ba4      0x8  tgui.o [1]
  .rodata                const     0x804'5bac      0x8  tgui.o [1]
  .rodata                const     0x804'5bb4      0x8  tgui.o [1]
  .rodata                const     0x804'5bbc      0x8  tgui.o [1]
  .rodata                const     0x804'5bc4      0x8  tgui.o [1]
  .rodata                const     0x804'5bcc      0x8  tgui.o [1]
  .rodata                const     0x804'5bd4      0x8  tgui.o [1]
  .rodata                const     0x804'5bdc      0x8  tgui.o [1]
  .rodata                const     0x804'5be4      0x8  tgui.o [1]
  .rodata                const     0x804'5bec      0x8  tgui.o [1]
  .rodata                const     0x804'5bf4      0x8  tgui.o [1]
  .rodata                const     0x804'5bfc      0x8  tgui.o [1]
  .rodata                const     0x804'5c04      0x8  tgui.o [1]
  .rodata                const     0x804'5c0c      0x8  tgui.o [1]
  .rodata                const     0x804'5c14      0x8  tgui.o [1]
  .rodata                const     0x804'5c1c      0x8  tgui.o [1]
  .rodata                const     0x804'5c24      0x8  tgui.o [1]
  .rodata                const     0x804'5c2c      0x8  tgui.o [1]
  .rodata                const     0x804'5c34      0x8  tgui.o [1]
  .rodata                const     0x804'5c3c      0x8  tgui.o [1]
  .rodata                const     0x804'5c44      0x8  tgui.o [1]
  .rodata                const     0x804'5c4c      0x8  tgui.o [1]
  .rodata                const     0x804'5c54      0x8  tgui.o [1]
  .rodata                const     0x804'5c5c      0x8  tgui.o [1]
  .rodata                const     0x804'5c64      0x8  tgui.o [1]
  .rodata                const     0x804'5c6c      0x8  tgui.o [1]
  .rodata                const     0x804'5c74      0x8  tgui.o [1]
  .rodata                const     0x804'5c7c      0x8  tgui.o [1]
  .rodata                const     0x804'5c84      0x8  tgui.o [1]
  .rodata                const     0x804'5c8c      0x8  tgui.o [1]
  .rodata                const     0x804'5c94      0x8  tgui.o [1]
  .rodata                const     0x804'5c9c      0x8  tgui.o [1]
  .rodata                const     0x804'5ca4      0x8  tgui.o [1]
  .rodata                const     0x804'5cac      0x8  tgui.o [1]
  .rodata                const     0x804'5cb4      0x8  tgui.o [1]
  .rodata                const     0x804'5cbc      0x8  tgui.o [1]
  .rodata                const     0x804'5cc4      0x8  tgui.o [1]
  .rodata                const     0x804'5ccc      0x8  tgui.o [1]
  .rodata                const     0x804'5cd4      0x8  tgui.o [1]
  .rodata                const     0x804'5cdc      0x8  tgui.o [1]
  .rodata                const     0x804'5ce4      0x8  tgui.o [1]
  .rodata                const     0x804'5cec      0x8  tgui.o [1]
  .rodata                const     0x804'5cf4      0x8  tgui.o [1]
  .rodata                const     0x804'5cfc      0x8  tgui.o [1]
  .rodata                const     0x804'5d04      0x8  tgui.o [1]
  .rodata                const     0x804'5d0c      0x8  tgui.o [1]
  .rodata                const     0x804'5d14      0x8  tgui.o [1]
  .rodata                const     0x804'5d1c      0x8  tgui.o [1]
  .rodata                const     0x804'5d24      0x8  tgui.o [1]
  .rodata                const     0x804'5d2c      0x8  tgui.o [1]
  .rodata                const     0x804'5d34      0x8  tgui.o [1]
  .rodata                const     0x804'5d3c      0x8  tgui.o [1]
  .rodata                const     0x804'5d44      0x8  tgui.o [1]
  .rodata                const     0x804'5d4c      0x8  tgui.o [1]
  .rodata                const     0x804'5d54      0x8  tgui.o [1]
  .rodata                const     0x804'5d5c      0x8  tgui.o [1]
  .rodata                const     0x804'5d64      0x8  tgui.o [1]
  .rodata                const     0x804'5d6c      0x8  tgui.o [1]
  .rodata                const     0x804'5d74      0x8  tgui.o [1]
  .rodata                const     0x804'5d7c      0x8  tgui.o [1]
  .rodata                const     0x804'5d84      0x8  tgui.o [1]
  .rodata                const     0x804'5d8c      0x8  tgui.o [1]
  .rodata                const     0x804'5d94      0x8  tgui.o [1]
  .rodata                const     0x804'5d9c      0x8  tgui.o [1]
  .rodata                const     0x804'5da4      0x8  tgui.o [1]
  .rodata                const     0x804'5dac      0x8  tgui.o [1]
  .rodata                const     0x804'5db4      0x8  tgui.o [1]
  .rodata                const     0x804'5dbc      0x8  tgui.o [1]
  .rodata                const     0x804'5dc4      0x8  tgui.o [1]
  .rodata                const     0x804'5dcc      0x8  tgui.o [1]
  .rodata                const     0x804'5dd4      0x8  tgui.o [1]
  .rodata                const     0x804'5ddc      0x8  tgui.o [1]
  .rodata                const     0x804'5de4      0x8  tgui.o [1]
  .rodata                const     0x804'5dec      0x8  tgui.o [1]
  .rodata                const     0x804'5df4      0x8  tgui.o [1]
  .rodata                const     0x804'5dfc      0x8  tgui.o [1]
  .rodata                const     0x804'5e04      0x8  tgui.o [1]
  .rodata                const     0x804'5e0c      0x8  tgui.o [1]
  .rodata                const     0x804'5e14      0x8  tgui.o [1]
  .rodata                const     0x804'5e1c      0x8  tgui.o [1]
  .rodata                const     0x804'5e24      0x8  tgui.o [1]
  .rodata                const     0x804'5e2c      0x8  tgui.o [1]
  .rodata                const     0x804'5e34      0x8  tgui.o [1]
  .rodata                const     0x804'5e3c      0x8  tgui.o [1]
  .rodata                const     0x804'5e44      0x8  tgui.o [1]
  .rodata                const     0x804'5e4c      0x8  tgui.o [1]
  .rodata                const     0x804'5e54      0x8  tgui.o [1]
  .rodata                const     0x804'5e5c      0x8  tgui.o [1]
  .rodata                const     0x804'5e64      0x8  tgui.o [1]
  .rodata                const     0x804'5e6c      0x8  tgui.o [1]
  .rodata                const     0x804'5e74      0x8  tgui.o [1]
  .rodata                const     0x804'5e7c      0x8  tgui.o [1]
  .rodata                const     0x804'5e84      0x8  tgui.o [1]
  .rodata                const     0x804'5e8c      0x8  tgui.o [1]
  .rodata                const     0x804'5e94      0x8  tgui.o [1]
  .rodata                const     0x804'5e9c      0x8  tgui.o [1]
  .rodata                const     0x804'5ea4      0x8  tgui.o [1]
  .rodata                const     0x804'5eac      0x8  tgui.o [1]
  .rodata                const     0x804'5eb4      0x8  tgui.o [1]
  .rodata                const     0x804'5ebc      0x8  tgui_clocksetscreenfuncs.o [1]
  .rodata                const     0x804'5ec4      0x8  tgui_filesscreenfuncs.o [1]
  .rodata                const     0x804'5ecc      0x8  tgui_filesscreenfuncs.o [1]
  .rodata                const     0x804'5ed4      0x8  tgui_infoscreenfuncs.o [1]
  .rodata                const     0x804'5edc      0x8  tgui_numenterscreenfuncs.o [1]
  .rodata                const     0x804'5ee4      0x8  tgui_printscreenfuncs.o [1]
  .rodata                const     0x804'5eec      0x8  tgui_settingsscreenfuncs.o [1]
  .rodata                const     0x804'5ef4      0x8  tim.o [1]
  .rodata                const     0x804'5efc      0x6  xlocale_c.o [2]
  .rodata                const     0x804'5f04      0x4  languages.o [1]
  .rodata                const     0x804'5f08      0x4  languages.o [1]
  .rodata                const     0x804'5f0c      0x4  languages.o [1]
  .rodata                const     0x804'5f10      0x4  languages.o [1]
  .rodata                const     0x804'5f14      0x4  languages.o [1]
  .rodata                const     0x804'5f18      0x4  languages.o [1]
  .rodata                const     0x804'5f1c      0x4  languages.o [1]
  .rodata                const     0x804'5f20      0x4  languages.o [1]
  .rodata                const     0x804'5f24      0x4  languages.o [1]
  .rodata                const     0x804'5f28      0x4  languages.o [1]
  .rodata                const     0x804'5f2c      0x4  languages.o [1]
  .rodata                const     0x804'5f30      0x4  languages.o [1]
  .rodata                const     0x804'5f34      0x4  languages.o [1]
  .rodata                const     0x804'5f38      0x4  languages.o [1]
  .rodata                const     0x804'5f3c      0x4  languages.o [1]
  .rodata                const     0x804'5f40      0x4  languages.o [1]
  .rodata                const     0x804'5f44      0x4  languages.o [1]
  .rodata                const     0x804'5f48      0x4  languages.o [1]
  .rodata                const     0x804'5f4c      0x4  languages.o [1]
  .rodata                const     0x804'5f50      0x4  languages.o [1]
  .rodata                const     0x804'5f54      0x4  languages.o [1]
  .rodata                const     0x804'5f58      0x4  languages.o [1]
  .rodata                const     0x804'5f5c      0x4  languages.o [1]
  .rodata                const     0x804'5f60      0x4  languages.o [1]
  .rodata                const     0x804'5f64      0x4  languages.o [1]
  .rodata                const     0x804'5f68      0x4  languages.o [1]
  .rodata                const     0x804'5f6c      0x4  languages.o [1]
  .rodata                const     0x804'5f70      0x4  languages.o [1]
  .rodata                const     0x804'5f74      0x4  languages.o [1]
  .rodata                const     0x804'5f78      0x4  languages.o [1]
  .rodata                const     0x804'5f7c      0x4  languages.o [1]
  .rodata                const     0x804'5f80      0x4  languages.o [1]
  .rodata                const     0x804'5f84      0x4  languages.o [1]
  .rodata                const     0x804'5f88      0x4  languages.o [1]
  .rodata                const     0x804'5f8c      0x4  languages.o [1]
  .rodata                const     0x804'5f90      0x4  languages.o [1]
  .rodata                const     0x804'5f94      0x4  languages.o [1]
  .rodata                const     0x804'5f98      0x4  languages.o [1]
  .rodata                const     0x804'5f9c      0x4  languages.o [1]
  .rodata                const     0x804'5fa0      0x4  languages.o [1]
  .rodata                const     0x804'5fa4      0x4  languages.o [1]
  .rodata                const     0x804'5fa8      0x4  printing.o [1]
  .rodata                const     0x804'5fac      0x4  rtc.o [1]
  .rodata                const     0x804'5fb0      0x4  usbh_msc.o [1]
  .text                  ro code   0x804'5fb4      0x4  startup_stm32f407xx.o [1]
  SHT$$PREINIT_ARRAY               0x804'5fb8      0x0  <Block>
  SHT$$INIT_ARRAY                  0x804'5fb8      0x4  <Block>
    .init_array          const     0x804'5fb8      0x4  z_planner.o [1]
  __iar_tls$$INIT_ARRAY            0x804'5fbc      0x0  <Block>
  .rodata                const     0x804'5fbc      0x0  zero_init3.o [5]
  .rodata                const     0x804'5fbc      0x0  lz77_init_single.o [5]
  Initializer bytes      const     0x804'5fbc     0xf7  <for P2-1>
                                 - 0x804'60b3  0x35f2b

"P3", part 1 of 2:                              0x1cc0
  CCMRAM                 zero     0x1000'0000   0x1cc0  printing.o [1]
                                - 0x1000'1cc0   0x1cc0

"P3", part 2 of 2:                              0x5428
  CCMRAM                 uninit   0x1000'1cc0   0x4000  main.o [1]
  CCMRAM                 uninit   0x1000'5cc0   0x1028  main.o [1]
  CCMRAM                 uninit   0x1000'6ce8    0x400  tgui.o [1]
                                - 0x1000'70e8   0x5428

"P2", part 1 of 3:                               0x33f
  P2-1                            0x2000'0000    0x33f  <Init block>
    .data                inited   0x2000'0000      0xc  fnt12.o [1]
    .data                inited   0x2000'000c      0xc  fnt12bold.o [1]
    .data                inited   0x2000'0018      0xc  fnt170num_lcd.o [1]
    .data                inited   0x2000'0024      0xc  fnt18.o [1]
    .data                inited   0x2000'0030      0xc  fnt18bold.o [1]
    .data                inited   0x2000'003c      0xc  fnt24.o [1]
    .data                inited   0x2000'0048      0xc  fnt24bold.o [1]
    .data                inited   0x2000'0054      0xc  fnt36.o [1]
    .data                inited   0x2000'0060      0xc  fnt36num.o [1]
    .data                inited   0x2000'006c     0x10  languages.o [1]
    .data                inited   0x2000'007c      0x4  languages.o [1]
    .data                inited   0x2000'0080      0x4  lcd_ui.o [1]
    .data                inited   0x2000'0084      0x4  stm32f4xx_hal.o [1]
    .data                inited   0x2000'0088      0x4  system_stm32f4xx.o [1]
    .data                inited   0x2000'008c    0x200  tgui_filesscreenfuncs.o [1]
    .data                inited   0x2000'028c      0x4  tgui_movezscreenfuncs.o [1]
    .data                inited   0x2000'0290     0x20  usbh_msc.o [1]
    .data                inited   0x2000'02b0      0x4  z_stepper.o [1]
    .data                inited   0x2000'02b4     0x38  xlocale_c.o [2]
    .data                inited   0x2000'02ec     0x48  xlocale_c.o [2]
    .data                inited   0x2000'0334      0x2  lcd_ui.o [1]
    .data                inited   0x2000'0336      0x2  lcd_ui.o [1]
    .data                inited   0x2000'0338      0x2  lcd_ui.o [1]
    .data                inited   0x2000'033a      0x1  lcd_ui.o [1]
    .data                inited   0x2000'033b      0x1  stm32f4xx_hal.o [1]
    .data                inited   0x2000'033c      0x1  tgui_defaultfuncs.o [1]
    .data                inited   0x2000'033d      0x1  tgui_filesscreenfuncs.o [1]
    .data                inited   0x2000'033e      0x1  z_endstops.o [1]
                                - 0x2000'033f    0x33f

"P2", part 2 of 3:                              0x93d4
  .bss                   zero     0x2000'0340   0x1038  fatfs.o [1]
  .bss                   zero     0x2000'1378   0x1038  fatfs.o [1]
  .bss                   zero     0x2000'23b0    0x830  tgui_filesscreenfuncs.o [1]
  .bss                   zero     0x2000'2be0    0x600  uvdisplay.o [1]
  .bss                   zero     0x2000'31e0    0x5d8  tgui.o [1]
  .bss                   zero     0x2000'37b8    0x5d8  tgui.o [1]
  .bss                   zero     0x2000'3d90    0x5d8  tgui.o [1]
  .bss                   zero     0x2000'4368    0x4d0  tgui.o [1]
  .bss                   zero     0x2000'4838    0x400  config.o [1]
  .bss                   zero     0x2000'4c38    0x400  main.o [1]
  .bss                   zero     0x2000'5038    0x400  main.o [1]
  .bss                   zero     0x2000'5438    0x400  main.o [1]
  .bss                   zero     0x2000'5838    0x400  tgui_fileviewscreenfuncs.o [1]
  .bss                   zero     0x2000'5c38    0x400  z_planner.o [1]
  .bss                   zero     0x2000'6038    0x3d8  usb_host.o [1]
  .bss                   zero     0x2000'6410    0x3c8  tgui.o [1]
  .bss                   zero     0x2000'67d8    0x370  tgui.o [1]
  .bss                   zero     0x2000'6b48    0x350  tgui.o [1]
  .bss                   zero     0x2000'6e98    0x318  tgui.o [1]
  .bss                   zero     0x2000'71b0    0x2c4  usbh_conf.o [1]
  .bss                   zero     0x2000'7474    0x224  main.o [1]
  .bss                   zero     0x2000'7698    0x210  tgui.o [1]
  .bss                   zero     0x2000'78a8    0x210  tgui.o [1]
  .bss                   zero     0x2000'7ab8    0x200  config.o [1]
  .bss                   zero     0x2000'7cb8    0x200  ff.o [1]
  .bss                   zero     0x2000'7eb8    0x200  main.o [1]
  .bss                   zero     0x2000'80b8    0x1d8  dlmalloc.o [2]
  .bss                   zero     0x2000'8290    0x1b8  tgui.o [1]
  .bss                   zero     0x2000'8448    0x19c  cpld_utils.o [1]
  .bss                   zero     0x2000'85e4    0x160  tgui.o [1]
  .bss                   zero     0x2000'8744    0x108  tgui.o [1]
  .bss                   zero     0x2000'884c    0x100  sys_timer.o [1]
  .bss                   zero     0x2000'894c    0x100  tgui_fileviewscreenfuncs.o [1]
  .bss                   zero     0x2000'8a4c    0x100  tgui_fileviewscreenfuncs.o [1]
  .bss                   zero     0x2000'8b4c     0xb0  tgui.o [1]
  .bss                   zero     0x2000'8bfc     0x80  fst_spi.o [1]
  .bss                   zero     0x2000'8c7c     0x80  fst_spi.o [1]
  .bss                   zero     0x2000'8cfc     0x60  fst_spi.o [1]
  .bss                   zero     0x2000'8d5c     0x60  fst_spi.o [1]
  .bss                   zero     0x2000'8dbc     0x60  fst_spi.o [1]
  .bss                   zero     0x2000'8e1c     0x60  fst_spi.o [1]
  .bss                   zero     0x2000'8e7c     0x60  fst_spi.o [1]
  .bss                   zero     0x2000'8edc     0x60  lcd_low.o [1]
  .bss                   zero     0x2000'8f3c     0x58  tgui.o [1]
  .bss                   zero     0x2000'8f94     0x54  config.o [1]
  .bss                   zero     0x2000'8fe8     0x54  eeprom.o [1]
  .bss                   zero     0x2000'903c     0x54  files_pws.o [1]
  .bss                   zero     0x2000'9090     0x50  fsmc.o [1]
  .bss                   zero     0x2000'90e0     0x40  tim.o [1]
  .bss                   zero     0x2000'9120     0x40  tim.o [1]
  .bss                   zero     0x2000'9160     0x34  main.o [1]
  .bss                   zero     0x2000'9194     0x30  files_pws.o [1]
  .bss                   zero     0x2000'91c4     0x30  tgui.o [1]
  .bss                   zero     0x2000'91f4     0x30  tgui.o [1]
  .bss                   zero     0x2000'9224     0x30  tgui.o [1]
  .bss                   zero     0x2000'9254     0x30  tgui.o [1]
  .bss                   zero     0x2000'9284     0x30  tgui.o [1]
  .bss                   zero     0x2000'92b4     0x30  tgui.o [1]
  .bss                   zero     0x2000'92e4     0x30  tgui.o [1]
  .bss                   zero     0x2000'9314     0x30  tgui.o [1]
  .bss                   zero     0x2000'9344     0x30  tgui.o [1]
  .bss                   zero     0x2000'9374     0x30  tgui.o [1]
  .bss                   zero     0x2000'93a4     0x30  tgui.o [1]
  .bss                   zero     0x2000'93d4     0x30  tgui.o [1]
  .bss                   zero     0x2000'9404     0x30  tgui.o [1]
  .bss                   zero     0x2000'9434     0x30  tgui.o [1]
  .bss                   zero     0x2000'9464     0x2c  config.o [1]
  .bss                   zero     0x2000'9490     0x28  tgui.o [1]
  .bss                   zero     0x2000'94b8     0x28  z_planner.o [1]
  .bss                   zero     0x2000'94e0     0x20  printing.o [1]
  .bss                   zero     0x2000'9500     0x20  rtc.o [1]
  .bss                   zero     0x2000'9520     0x20  tgui_numenterscreenfuncs.o [1]
  .bss                   zero     0x2000'9540     0x1c  files_pws.o [1]
  .bss                   zero     0x2000'955c     0x18  config.o [1]
  .bss                   zero     0x2000'9574     0x18  config.o [1]
  .bss                   zero     0x2000'958c     0x18  dlmalloc.o [2]
  .bss                   zero     0x2000'95a4     0x14  files_pws.o [1]
  .bss                   zero     0x2000'95b8     0x10  ff_gen_drv.o [1]
  .bss                   zero     0x2000'95c8     0x10  touch.o [1]
  .bss                   zero     0x2000'95d8      0xc  spi_flash.o [1]
  .bss                   zero     0x2000'95e4      0x8  fatfs.o [1]
  .bss                   zero     0x2000'95ec      0x8  fatfs.o [1]
  .bss                   zero     0x2000'95f4      0x8  ff.o [1]
  .bss                   zero     0x2000'95fc      0x8  printing.o [1]
  .bss                   zero     0x2000'9604      0x8  tgui_clocksetscreenfuncs.o [1]
  .bss                   zero     0x2000'960c      0x8  tgui_screensaverfuncs.o [1]
  .bss                   zero     0x2000'9614      0x4  cpld_utils.o [1]
  .bss                   zero     0x2000'9618      0x4  cpld_utils.o [1]
  .bss                   zero     0x2000'961c      0x4  cpld_utils.o [1]
  .bss                   zero     0x2000'9620      0x4  fsmc.o [1]
  .bss                   zero     0x2000'9624      0x4  motor.o [1]
  .bss                   zero     0x2000'9628      0x4  printing.o [1]
  .bss                   zero     0x2000'962c      0x4  printing.o [1]
  .bss                   zero     0x2000'9630      0x4  printing.o [1]
  .bss                   zero     0x2000'9634      0x4  printing.o [1]
  .bss                   zero     0x2000'9638      0x4  printing.o [1]
  .bss                   zero     0x2000'963c      0x4  prtfiles.o [1]
  .bss                   zero     0x2000'9640      0x4  spi_flash.o [1]
  .bss                   zero     0x2000'9644      0x4  spi_flash.o [1]
  .bss                   zero     0x2000'9648      0x4  stm32f4xx_hal.o [1]
  .bss                   zero     0x2000'964c      0x4  stm32f4xx_ll_usb.o [1]
  .bss                   zero     0x2000'9650      0x4  sys_timer.o [1]
  .bss                   zero     0x2000'9654      0x4  sys_timer.o [1]
  .bss                   zero     0x2000'9658      0x4  sys_timer.o [1]
  .bss                   zero     0x2000'965c      0x4  sys_timer.o [1]
  .bss                   zero     0x2000'9660      0x4  tgui.o [1]
  .bss                   zero     0x2000'9664      0x4  tgui_fileviewscreenfuncs.o [1]
  .bss                   zero     0x2000'9668      0x4  tgui_numenterscreenfuncs.o [1]
  .bss                   zero     0x2000'966c      0x4  tgui_printscreenfuncs.o [1]
  .bss                   zero     0x2000'9670      0x4  tgui_printscreenfuncs.o [1]
  .bss                   zero     0x2000'9674      0x4  tgui_screensaverfuncs.o [1]
  .bss                   zero     0x2000'9678      0x4  touch.o [1]
  .bss                   zero     0x2000'967c      0x4  z_planner.o [1]
  .bss                   zero     0x2000'9680      0x4  z_planner.o [1]
  .bss                   zero     0x2000'9684      0x4  z_planner.o [1]
  .bss                   zero     0x2000'9688      0x4  z_planner.o [1]
  .bss                   zero     0x2000'968c      0x4  z_planner.o [1]
  .bss                   zero     0x2000'9690      0x4  z_planner.o [1]
  .bss                   zero     0x2000'9694      0x4  z_planner.o [1]
  .bss                   zero     0x2000'9698      0x4  z_stepper.o [1]
  .bss                   zero     0x2000'969c      0x4  z_stepper.o [1]
  .bss                   zero     0x2000'96a0      0x4  z_stepper.o [1]
  .bss                   zero     0x2000'96a4      0x4  z_stepper.o [1]
  .bss                   zero     0x2000'96a8      0x4  z_stepper.o [1]
  .bss                   zero     0x2000'96ac      0x4  z_stepper.o [1]
  .bss                   zero     0x2000'96b0      0x4  z_stepper.o [1]
  .bss                   zero     0x2000'96b4      0x4  z_stepper.o [1]
  .bss                   zero     0x2000'96b8      0x4  z_stepper.o [1]
  .bss                   zero     0x2000'96bc      0x4  z_stepper.o [1]
  .bss                   zero     0x2000'96c0      0x4  z_stepper.o [1]
  .bss                   zero     0x2000'96c4      0x4  z_stepper.o [1]
  .bss                   zero     0x2000'96c8      0x4  z_stepper.o [1]
  .bss                   zero     0x2000'96cc      0x4  z_stepper.o [1]
  .bss                   zero     0x2000'96d0      0x4  xfail_s.o [2]
  .bss                   zero     0x2000'96d4      0x4  xgetmemchunk.o [2]
  .bss                   zero     0x2000'96d8      0x2  ff.o [1]
  .bss                   zero     0x2000'96da      0x2  lcd_low.o [1]
  .bss                   zero     0x2000'96dc      0x2  lcd_ui.o [1]
  .bss                   zero     0x2000'96de      0x2  lcd_ui.o [1]
  .bss                   zero     0x2000'96e0      0x2  lcd_ui.o [1]
  .bss                   zero     0x2000'96e2      0x2  tgui_fileviewscreenfuncs.o [1]
  .bss                   zero     0x2000'96e4      0x2  tgui_fileviewscreenfuncs.o [1]
  .bss                   zero     0x2000'96e6      0x2  z_planner.o [1]
  .bss                   zero     0x2000'96e8      0x1  eeprom.o [1]
  .bss                   zero     0x2000'96e9      0x1  fatfs.o [1]
  .bss                   zero     0x2000'96ea      0x1  fatfs.o [1]
  .bss                   zero     0x2000'96eb      0x1  main.o [1]
  .bss                   zero     0x2000'96ec      0x1  main.o [1]
  .bss                   zero     0x2000'96ed      0x1  main.o [1]
  .bss                   zero     0x2000'96ee      0x1  main.o [1]
  .bss                   zero     0x2000'96ef      0x1  main.o [1]
  .bss                   zero     0x2000'96f0      0x1  main.o [1]
  .bss                   zero     0x2000'96f1      0x1  main.o [1]
  .bss                   zero     0x2000'96f2      0x1  prtfiles.o [1]
  .bss                   zero     0x2000'96f3      0x1  prtfiles.o [1]
  .bss                   zero     0x2000'96f4      0x1  tgui_defaultfuncs.o [1]
  .bss                   zero     0x2000'96f5      0x1  tgui_filesscreenfuncs.o [1]
  .bss                   zero     0x2000'96f6      0x1  tgui_filesscreenfuncs.o [1]
  .bss                   zero     0x2000'96f7      0x1  tgui_filesscreenfuncs.o [1]
  .bss                   zero     0x2000'96f8      0x1  tgui_filesscreenfuncs.o [1]
  .bss                   zero     0x2000'96f9      0x1  tgui_fileviewscreenfuncs.o [1]
  .bss                   zero     0x2000'96fa      0x1  tgui_numenterscreenfuncs.o [1]
  .bss                   zero     0x2000'96fb      0x1  tgui_numenterscreenfuncs.o [1]
  .bss                   zero     0x2000'96fc      0x1  tgui_numenterscreenfuncs.o [1]
  .bss                   zero     0x2000'96fd      0x1  tgui_numenterscreenfuncs.o [1]
  .bss                   zero     0x2000'96fe      0x1  tgui_printscreenfuncs.o [1]
  .bss                   zero     0x2000'96ff      0x1  tgui_printscreenfuncs.o [1]
  .bss                   zero     0x2000'9700      0x1  tgui_uvtestscreenfuncs.o [1]
  .bss                   zero     0x2000'9701      0x1  tgui_uvtestscreenfuncs.o [1]
  .bss                   zero     0x2000'9702      0x1  tgui_uvtestscreenfuncs.o [1]
  .bss                   zero     0x2000'9703      0x1  usb_host.o [1]
  .bss                   zero     0x2000'9704      0x1  z_endstops.o [1]
  .bss                   zero     0x2000'9705      0x1  z_endstops.o [1]
  .bss                   zero     0x2000'9706      0x1  z_planner.o [1]
  .bss                   zero     0x2000'9707      0x1  z_planner.o [1]
  .bss                   zero     0x2000'9708      0x1  z_planner.o [1]
[...]
digits                   0x804'3be0    0x28  Data  Lc  iar_Stoullx.o [2]
dir                     0x2000'9160    0x34  Data  Gb  main.o [1]
dir_alloc                0x801'e5e9    0x64  Code  Lc  ff.o [1]
dir_clear                0x801'e3e1    0x64  Code  Lc  ff.o [1]
dir_find                 0x801'ea1b   0x118  Code  Lc  ff.o [1]
dir_next                 0x801'e4f7    0xf2  Code  Lc  ff.o [1]
dir_read                 0x801'e91b   0x100  Code  Lc  ff.o [1]
dir_register             0x801'eb33   0x166  Code  Lc  ff.o [1]
dir_sdi                  0x801'e445    0xb2  Code  Lc  ff.o [1]
disk                    0x2000'95b8    0x10  Data  Gb  ff_gen_drv.o [1]
disk_initialize          0x802'2a73    0x32  Code  Gb  diskio.o [1]
disk_ioctl               0x802'2ae1    0x20  Code  Gb  diskio.o [1]
disk_read                0x802'2aa5    0x1e  Code  Gb  diskio.o [1]
disk_status              0x802'2a55    0x1e  Code  Gb  diskio.o [1]
disk_write               0x802'2ac3    0x1e  Code  Gb  diskio.o [1]
disp_locked             0x2000'96ff     0x1  Data  Gb  tgui_printscreenfuncs.o [1]
dmul                     0x802'd5a5    0xc6  Code  Lc  strto64.o [4]
dot_entered             0x2000'96fd     0x1  Data  Gb  tgui_numenterscreenfuncs.o [1]
edit_value              0x2000'9668     0x4  Data  Gb  tgui_numenterscreenfuncs.o [1]
enter_begin             0x2000'96fc     0x1  Data  Gb  tgui_numenterscreenfuncs.o [1]
exit                     0x804'476f     0x4  Code  Gb  exit.o [2]
fMoveStep               0x2000'028c     0x4  Data  Gb  tgui_movezscreenfuncs.o [1]
f_close                  0x801'fc7b    0x2a  Code  Gb  ff.o [1]
f_closedir               0x801'fed7    0x1c  Code  Gb  ff.o [1]
f_getfree                0x801'ff9b   0x100  Code  Gb  ff.o [1]
f_lseek                  0x801'fca5   0x1aa  Code  Gb  ff.o [1]
f_mkfs                   0x802'0243   0x692  Code  Gb  ff.o [1]
f_mkfs::cst              0x804'5440    0x10  Data  Lc  ff.o [1]
f_mkfs::cst32            0x804'5450    0x10  Data  Lc  ff.o [1]
f_mkfs::defopt           0x804'5460    0x10  Data  Lc  ff.o [1]
f_mount                  0x801'f567    0x54  Code  Gb  ff.o [1]
f_open                   0x801'f5dd   0x21a  Code  Gb  ff.o [1]
f_opendir                0x801'fe4f    0x88  Code  Gb  ff.o [1]
f_read                   0x801'f7f7   0x1cc  Code  Gb  ff.o [1]
f_readdir                0x801'fef3    0x5c  Code  Gb  ff.o [1]
f_stat                   0x801'ff4f    0x4c  Code  Gb  ff.o [1]
f_sync                   0x801'fbdb    0xa0  Code  Gb  ff.o [1]
f_write                  0x801'f9c3   0x218  Code  Gb  ff.o [1]
fbuff                   0x1000'1cc0  0x4000  Data  Gb  main.o [1]
ff_oem2uni               0x802'2b4b    0x3a  Code  Gb  ffunicode.o [1]
ff_uni2oem               0x802'2b05    0x46  Code  Gb  ffunicode.o [1]
ff_wtoupper              0x802'2b85    0xb6  Code  Gb  ffunicode.o [1]
ff_wtoupper::cvt1        0x804'2220   0x1f4  Data  Lc  ffunicode.o [1]
ff_wtoupper::cvt2        0x804'34d4    0xbc  Data  Lc  ffunicode.o [1]
filedate                0x2000'96e2     0x2  Data  Gb  tgui_fileviewscreenfuncs.o [1]
files                   0x2000'23b0   0x830  Data  Gb  tgui_filesscreenfuncs.o [1]
filesize                0x2000'9664     0x4  Data  Gb  tgui_fileviewscreenfuncs.o [1]
filetime                0x2000'96e4     0x2  Data  Gb  tgui_fileviewscreenfuncs.o [1]
find_volume              0x801'f251    0x6c  Code  Lc  ff.o [1]
finfo                   0x2000'7474   0x224  Data  Gb  main.o [1]
floorf                   0x802'dc3d          Code  Gb  floorf.o [4]
fnt12_data               0x803'ffac   0x6b4  Data  Gb  fnt12.o [1]
fnt12_width              0x804'2920   0x140  Data  Gb  fnt12.o [1]
fnt12bold_data           0x803'f824   0x788  Data  Gb  fnt12bold.o [1]
fnt12bold_width          0x804'2a60   0x140  Data  Gb  fnt12bold.o [1]
fnt170num_lcd_data       0x801'0188  0x66f0  Data  Gb  fnt170num_lcd.o [1]
fnt170num_lcd_width      0x804'3ee0    0x38  Data  Gb  fnt170num_lcd.o [1]
fnt18_data               0x803'bee0   0xea4  Data  Gb  fnt18.o [1]
fnt18_width              0x804'2ba0   0x140  Data  Gb  fnt18.o [1]
fnt18bold_data           0x803'93f0  0x10c8  Data  Gb  fnt18bold.o [1]
fnt18bold_width          0x804'2ce0   0x140  Data  Gb  fnt18bold.o [1]
fnt24_data               0x803'64c8  0x1a1c  Data  Gb  fnt24.o [1]
fnt24_width              0x804'2e20   0x140  Data  Gb  fnt24.o [1]
fnt24bold_data           0x803'4434  0x2094  Data  Gb  fnt24bold.o [1]
fnt24bold_width          0x804'2f60   0x140  Data  Gb  fnt24bold.o [1]
fnt36_data               0x803'08a0  0x3b94  Data  Gb  fnt36.o [1]
fnt36_width              0x804'30a0   0x140  Data  Gb  fnt36.o [1]
fnt36num_data            0x804'0660   0x684  Data  Gb  fnt36num.o [1]
fnt36num_width           0x804'3f18    0x38  Data  Gb  fnt36num.o [1]
follow_path              0x801'f0ed    0x9a  Code  Lc  ff.o [1]
font_fnt12              0x2000'0000     0xc  Data  Gb  fnt12.o [1]
font_fnt12bold          0x2000'000c     0xc  Data  Gb  fnt12bold.o [1]
font_fnt170num_lcd      0x2000'0018     0xc  Data  Gb  fnt170num_lcd.o [1]
font_fnt18              0x2000'0024     0xc  Data  Gb  fnt18.o [1]
font_fnt18bold          0x2000'0030     0xc  Data  Gb  fnt18bold.o [1]
font_fnt24              0x2000'003c     0xc  Data  Gb  fnt24.o [1]
font_fnt24bold          0x2000'0048     0xc  Data  Gb  fnt24bold.o [1]
font_fnt36              0x2000'0054     0xc  Data  Gb  fnt36.o [1]
font_fnt36num           0x2000'0060     0xc  Data  Gb  fnt36num.o [1]
fpws_header             0x2000'9194    0x30  Data  Gb  files_pws.o [1]
fpws_info               0x2000'903c    0x54  Data  Gb  files_pws.o [1]
fpws_layersdata         0x2000'95a4    0x14  Data  Gb  files_pws.o [1]
fpws_preview            0x2000'9540    0x1c  Data  Gb  files_pws.o [1]
free                     0x803'f435     0x4  Code  Gb  heaptramp0.o [2]
fv_dirname              0x2000'8a4c   0x100  Data  Gb  tgui_fileviewscreenfuncs.o [1]
fv_filename             0x2000'894c   0x100  Data  Gb  tgui_fileviewscreenfuncs.o [1]
fv_filetype             0x2000'96f9     0x1  Data  Gb  tgui_fileviewscreenfuncs.o [1]
fv_tfilename            0x2000'5838   0x400  Data  Gb  tgui_fileviewscreenfuncs.o [1]
gen_numname              0x801'e859    0xa2  Code  Lc  ff.o [1]
get_fat                  0x801'dfbd   0x10a  Code  Lc  ff.o [1]
get_fattime              0x802'2c65    0x50  Code  Gb  fatfs.o [1]
get_fileinfo             0x801'ec99   0x1c8  Code  Lc  ff.o [1]
get_ldnumber             0x801'f187    0x4e  Code  Lc  ff.o [1]
hFlashSpi               0x2000'8c7c    0x80  Data  Gb  fst_spi.o [1]
hFlashSpiDmaRx          0x2000'8e1c    0x60  Data  Gb  fst_spi.o [1]
hFlashSpiDmaTx          0x2000'8e7c    0x60  Data  Gb  fst_spi.o [1]
hI2C                    0x2000'8fe8    0x54  Data  Gb  eeprom.o [1]
hLcdDma                 0x2000'8edc    0x60  Data  Gb  lcd_low.o [1]
hRTC                    0x2000'9500    0x20  Data  Gb  rtc.o [1]
hStepperTim             0x2000'90e0    0x40  Data  Gb  tim.o [1]
hTouchSpi               0x2000'8bfc    0x80  Data  Gb  fst_spi.o [1]
hTouchSpiDmaRx          0x2000'8cfc    0x60  Data  Gb  fst_spi.o [1]
hTouchSpiDmaTx          0x2000'8d5c    0x60  Data  Gb  fst_spi.o [1]
hUsbHost                0x2000'6038   0x3d8  Data  Gb  usb_host.o [1]
hZRefTim                0x2000'9120    0x40  Data  Gb  tim.o [1]
hhcd_USB_OTG_FS         0x2000'71b0   0x2c4  Data  Gb  usbh_conf.o [1]
hsram1                  0x2000'9090    0x50  Data  Gb  fsmc.o [1]
i2c_timer               0x2000'96e8     0x1  Data  Gb  eeprom.o [1]
idle()                   0x802'7a05     0xa  Code  Gb  motor.o [1]
idle()::idlecount       0x2000'9624     0x4  Data  Lc  motor.o [1]
init_mparams             0x803'7eff    0x32  Code  Lc  dlmalloc.o [2]
init_top                 0x803'7f31    0x36  Code  Lc  dlmalloc.o [2]
inited                  0x2000'96f3     0x1  Data  Gb  prtfiles.o [1]
isalpha                  0x802'fec9    0x14  Code  Gb  isalpha.o [2]
isspace                  0x802'dac1    0x14  Code  Gb  isspace.o [2]
l_info                  0x2000'94e0    0x20  Data  Gb  printing.o [1]
lastfilenum             0x2000'033d     0x1  Data  Gb  tgui_filesscreenfuncs.o [1]
lcdui_bgcolor           0x2000'96e0     0x2  Data  Gb  lcd_ui.o [1]
lcdui_color             0x2000'0338     0x2  Data  Gb  lcd_ui.o [1]
lcdui_current_font      0x2000'0080     0x4  Data  Gb  lcd_ui.o [1]
lcdui_current_font_type
                        0x2000'033a     0x1  Data  Gb  lcd_ui.o [1]
lcdui_cursor_x          0x2000'96dc     0x2  Data  Gb  lcd_ui.o [1]
lcdui_cursor_y          0x2000'96de     0x2  Data  Gb  lcd_ui.o [1]
lcdui_height            0x2000'0336     0x2  Data  Gb  lcd_ui.o [1]
lcdui_width             0x2000'0334     0x2  Data  Gb  lcd_ui.o [1]
ld_clust                 0x801'e64d    0x26  Code  Lc  ff.o [1]
ld_dword                 0x801'dd35    0x16  Code  Lc  ff.o [1]
ld_word                  0x801'dd29     0xc  Code  Lc  ff.o [1]
ldata_length            0x2000'9630     0x4  Data  Gb  printing.o [1]
ldata_offset_begin      0x2000'9628     0x4  Data  Gb  printing.o [1]
ldata_offset_current    0x2000'962c     0x4  Data  Gb  printing.o [1]
ldexp                    0x802'39f9          Code  Gb  ldexp.o [4]
ldexpl                   0x802'39f9          Code  Gb  ldexp.o [4]
lmos                     0x804'4d54    0x18  Data  Lc  datetime.o [1]
lngCurrent              0x2000'007c     0x4  Data  Gb  languages.o [1]
lngLanguages            0x2000'006c    0x10  Data  Gb  languages.o [1]
localeconv               0x802'344b     0x4  Code  Gb  xlocale_c.o [2]
lroundf                  0x802'ddd1          Code  Gb  lroundf.o [4]
main                     0x802'3f69  0x10f8  Code  Gb  main.o [1]
mem_cmp                  0x801'dd91    0x1e  Code  Lc  ff.o [1]
mem_cpy                  0x801'dd71    0x14  Code  Lc  ff.o [1]
mem_set                  0x801'dd85     0xc  Code  Lc  ff.o [1]
memchr                   0x802'34f1          Code  Gb  memchr.o [5]
mos                      0x804'4d6c    0x18  Data  Lc  datetime.o [1]
mount_volume             0x801'f2bd   0x262  Code  Lc  ff.o [1]
move_window              0x801'ded1    0x3e  Code  Lc  ff.o [1]
mparams                 0x2000'958c    0x18  Data  Lc  dlmalloc.o [2]
msg                     0x2000'7eb8   0x200  Data  Gb  main.o [1]
ndigs                    0x804'3b68    0x28  Data  Lc  iar_Stoulx.o [2]
ndigs                    0x804'3bb8    0x28  Data  Lc  iar_Stoullx.o [2]
nomorefiles             0x2000'96f8     0x1  Data  Gb  tgui_filesscreenfuncs.o [1]
numstr                  0x2000'9520    0x20  Data  Gb  tgui_numenterscreenfuncs.o [1]
numstr_len              0x2000'96fb     0x1  Data  Gb  tgui_numenterscreenfuncs.o [1]
oldUsbMounted           0x2000'96f5     0x1  Data  Gb  tgui_filesscreenfuncs.o [1]
old_datetime            0x2000'960c     0x8  Data  Gb  tgui_screensaverfuncs.o [1]
old_layer               0x2000'9670     0x4  Data  Gb  tgui_printscreenfuncs.o [1]
old_pause               0x2000'96fe     0x1  Data  Gb  tgui_printscreenfuncs.o [1]
old_prtlayer            0x2000'9674     0x4  Data  Gb  tgui_screensaverfuncs.o [1]
old_time                0x2000'966c     0x4  Data  Gb  tgui_printscreenfuncs.o [1]
pfile_type              0x2000'96f2     0x1  Data  Gb  prtfiles.o [1]
pick_lfn                 0x801'e73d    0x90  Code  Lc  ff.o [1]
pows                     0x804'3ce8    0x48  Data  Lc  strto64.o [4]
prepend_alloc            0x803'7f67   0x346  Code  Lc  dlmalloc.o [2]
prev_position           0x2000'95fc     0x8  Data  Gb  printing.o [1]
prevcolors               0x804'5fa8     0x4  Data  Lc  printing.o [1]
previmage               0x1000'0000  0x1cc0  Data  Gb  printing.o [1]
prt_file                0x2000'963c     0x4  Data  Gb  prtfiles.o [1]
put_fat                  0x801'e0c7   0x15c  Code  Lc  ff.o [1]
put_lfn                  0x801'e7cd    0x84  Code  Lc  ff.o [1]
put_utf                  0x801'de25    0x5c  Code  Lc  ff.o [1]
ranmatch                 0x803'd0ed    0x44  Code  Lc  xscanffull.o [2]
reTransmission_all_cnt  0x2000'9618     0x4  Data  Gb  cpld_utils.o [1]
reTransmission_data_cnt
                        0x2000'9614     0x4  Data  Gb  cpld_utils.o [1]
remove_chain             0x801'e223    0x8e  Code  Lc  ff.o [1]
resX                    0x2000'9634     0x4  Data  Gb  printing.o [1]
resY                    0x2000'9638     0x4  Data  Gb  printing.o [1]
retSPIFL                0x2000'96ea     0x1  Data  Gb  fatfs.o [1]
retUSBH                 0x2000'96e9     0x1  Data  Gb  fatfs.o [1]
s_tfname                0x2000'5038   0x400  Data  Gb  main.o [1]
scalbln                  0x802'39f9          Code  Gb  ldexp.o [4]
scalblnl                 0x802'39f9          Code  Gb  ldexp.o [4]
scalbn                   0x802'39f9          Code  Gb  ldexp.o [4]
scalbnl                  0x802'39f9          Code  Gb  ldexp.o [4]
scale                    0x802'1c07    0x46  Code  Lc  xprintffull.o [2]
scrTimeTimer            0x2000'033c     0x1  Data  Gb  tgui_defaultfuncs.o [1]
sec_hand                0x2000'96d0     0x4  Data  Lc  xfail_s.o [2]
segment_holding          0x803'7ee5    0x1a  Code  Lc  dlmalloc.o [2]
sfile                   0x2000'9714  0x1028  Data  Gb  main.o [1]
sprintf                  0x801'cba9    0x40  Code  Gb  sprintf.o [2]
sqrtf                    0x802'd585          Code  Gb  sqrtf.o [4]
srvMode                 0x2000'96f1     0x1  Data  Gb  main.o [1]
sscanf                   0x804'1985    0x28  Code  Gb  sscanf.o [2]
st_clust                 0x801'e673    0x2a  Code  Lc  ff.o [1]
st_dword                 0x801'dd59    0x18  Code  Lc  ff.o [1]
st_word                  0x801'dd4b     0xe  Code  Lc  ff.o [1]
strcat                   0x802'c8bd    0x1e  Code  Gb  strcat.o [2]
strchr                   0x802'3459          Code  Gb  strchr.o [5]
strcmp                   0x802'842d          Code  Gb  strcmp.o [5]
strcpy                   0x802'c8a5          Code  Gb  strcpy.o [5]
strcpy_utf(char *, char *)
                         0x802'0b2d    0x28  Code  Gb  unicode_utils.o [1]
strlen                   0x802'34b9          Code  Gb  strlen.o [5]
strncpy                  0x802'0f9d          Code  Gb  strncpy.o [5]
strtoll                  0x803'dcb1     0x2  Code  Gb  iar_Stollx.o [2]
strtoul                  0x802'a3cd     0x2  Code  Gb  iar_Stoulx.o [2]
strtoull                 0x803'de65     0x2  Code  Gb  iar_Stoullx.o [2]
strtrim(char *)          0x802'0be7    0x5e  Code  Gb  unicode_utils.o [1]
strupper_utf(char *)     0x802'0c45    0x5e  Code  Gb  unicode_utils.o [1]
subdir                  0x2000'96f7     0x1  Data  Gb  tgui_filesscreenfuncs.o [1]
sum_sfn                  0x801'e8fb    0x20  Code  Lc  ff.o [1]
sync_fs                  0x801'df0f    0x94  Code  Lc  ff.o [1]
sync_window              0x801'de81    0x50  Code  Lc  ff.o [1]
sys_alloc                0x803'84a5   0x164  Code  Lc  dlmalloc.o [2]
sys_trim                 0x803'8609    0x64  Code  Lc  dlmalloc.o [2]
systemInfo              0x2000'9464    0x2c  Data  Gb  config.o [1]
tchar2uni                0x801'dddf    0x46  Code  Lc  ff.o [1]
tfname                  0x1000'6ce8   0x400  Data  Gb  tgui.o [1]
tguiActiveScreen        0x2000'9660     0x4  Data  Gb  tgui.o [1]
tguiDBuff               0x2000'b764  0x1000  Data  Gb  tgui.o [1]
tguiDefaultConfig       0x2000'9490    0x28  Data  Gb  tgui.o [1]
tguiFBuff               0x2000'c764   0x200  Data  Gb  tgui.o [1]
tguiFile                0x2000'a73c  0x1028  Data  Gb  tgui.o [1]
tguiMsgBox              0x2000'6b48   0x350  Data  Gb  tgui.o [1]
tguiScrClockSetButtons  0x2000'37b8   0x5d8  Data  Gb  tgui.o [1]
tguiScrFilesButtons     0x2000'67d8   0x370  Data  Gb  tgui.o [1]
tguiScrFilesListButtons
                        0x2000'4368   0x4d0  Data  Gb  tgui.o [1]
tguiScrFileviewButtons  0x2000'7698   0x210  Data  Gb  tgui.o [1]
tguiScrInfoButtons      0x2000'8b4c    0xb0  Data  Gb  tgui.o [1]
tguiScrLanguageButtons  0x2000'8744   0x108  Data  Gb  tgui.o [1]
tguiScrMainButtons      0x2000'85e4   0x160  Data  Gb  tgui.o [1]
tguiScrMovezButtons     0x2000'6410   0x3c8  Data  Gb  tgui.o [1]
tguiScrNumenterButtons  0x2000'31e0   0x5d8  Data  Gb  tgui.o [1]
tguiScrPrintButtons     0x2000'78a8   0x210  Data  Gb  tgui.o [1]
tguiScrServiceButtons   0x2000'8290   0x1b8  Data  Gb  tgui.o [1]
tguiScrSettingsButtons  0x2000'6e98   0x318  Data  Gb  tgui.o [1]
tguiScrUVTestButtons    0x2000'3d90   0x5d8  Data  Gb  tgui.o [1]
tguiScreenClockSet      0x2000'93d4    0x30  Data  Gb  tgui.o [1]
tguiScreenFiles         0x2000'92b4    0x30  Data  Gb  tgui.o [1]
tguiScreenFilesList     0x2000'92e4    0x30  Data  Gb  tgui.o [1]
tguiScreenFileview      0x2000'9374    0x30  Data  Gb  tgui.o [1]
tguiScreenInfo          0x2000'9254    0x30  Data  Gb  tgui.o [1]
tguiScreenLanguage      0x2000'9224    0x30  Data  Gb  tgui.o [1]
tguiScreenMain          0x2000'91c4    0x30  Data  Gb  tgui.o [1]
tguiScreenMovez         0x2000'9284    0x30  Data  Gb  tgui.o [1]
tguiScreenNumenter      0x2000'9344    0x30  Data  Gb  tgui.o [1]
tguiScreenPrint         0x2000'93a4    0x30  Data  Gb  tgui.o [1]
tguiScreenSaver         0x2000'9404    0x30  Data  Gb  tgui.o [1]
tguiScreenSaverButtons  0x2000'8f3c    0x58  Data  Gb  tgui.o [1]
tguiScreenService       0x2000'91f4    0x30  Data  Gb  tgui.o [1]
tguiScreenSettings      0x2000'9314    0x30  Data  Gb  tgui.o [1]
tguiScreenTimer         0x2000'96f0     0x1  Data  Gb  main.o [1]
tguiScreenUVTest        0x2000'9434    0x30  Data  Gb  tgui.o [1]
tguiTimer               0x2000'96ed     0x1  Data  Gb  main.o [1]
tmalloc_large            0x803'8679   0x386  Code  Lc  dlmalloc.o [2]
tmalloc_small            0x803'89ff   0x200  Code  Lc  dlmalloc.o [2]
tolower                  0x802'dad5    0x14  Code  Gb  tolower.o [2]
touch_buff              0x2000'8dbc    0x60  Data  Gb  fst_spi.o [1]
touch_info              0x2000'95c8    0x10  Data  Gb  touch.o [1]
touch_point             0x2000'9678     0x4  Data  Gb  touch.o [1]
tstrcat(unsigned short *, unsigned short *)
                         0x802'0b77    0x2c  Code  Gb  unicode_utils.o [1]
tstrcat_utf(unsigned short *, char *)
                         0x802'0ba3    0x44  Code  Gb  unicode_utils.o [1]
tstrcpy(unsigned short *, unsigned short *)
                         0x802'0b55    0x22  Code  Gb  unicode_utils.o [1]
typeval                 0x2000'96fa     0x1  Data  Gb  tgui_numenterscreenfuncs.o [1]
u_tfname                0x2000'4c38   0x400  Data  Gb  main.o [1]
uc866                    0x804'330c   0x100  Data  Lc  ffunicode.o [1]
ufile                   0x1000'5cc0  0x1028  Data  Gb  main.o [1]
uv_image                0x2000'9702     0x1  Data  Gb  tgui_uvtestscreenfuncs.o [1]
uvdisp_on               0x2000'9701     0x1  Data  Gb  tgui_uvtestscreenfuncs.o [1]
uvfan_timer             0x2000'965c     0x4  Data  Gb  sys_timer.o [1]
uvled_timer             0x2000'9654     0x4  Data  Gb  sys_timer.o [1]
uvlight_on              0x2000'9700     0x1  Data  Gb  tgui_uvtestscreenfuncs.o [1]
uvpause_timer           0x2000'9658     0x4  Data  Gb  sys_timer.o [1]
uwTick                  0x2000'9648     0x4  Data  Gb  stm32f4xx_hal.o [1]
uwTickFreq              0x2000'033b     0x1  Data  Gb  stm32f4xx_hal.o [1]
uwTickPrio              0x2000'0084     0x4  Data  Gb  stm32f4xx_hal.o [1]
validate                 0x801'f51f    0x48  Code  Lc  ff.o [1]
wctob                    0x803'dbdd    0x32  Code  Gb  wctob.o [2]
zDisTimer               0x2000'96ef     0x1  Data  Gb  main.o [1]
zHoldTimer              0x2000'96ee     0x1  Data  Gb  main.o [1]
zPlanner                0x2000'9706     0x1  Data  Gb  z_planner.o [1]


[1] = D:\Electronics\Projects\MKS_DLP_new\SRC\firmware\MKSDLP_Alter_Debug\Obj
[2] = dl7M_tlf.a
[3] = dlpp7M_tl_fc.a
[4] = m7M_tls.a
[5] = rt7M_tl.a
[6] = shb_l.a

  136 405 bytes of readonly  code memory
   84 958 bytes of readonly  data memory
  105 032 bytes of readwrite data memory

Errors: none
Warnings: none
