###############################################################################
#
# IAR ELF Linker V8.32.1.169/W32 for ARM                  03/Aug/2020  21:37:18
# Copyright 2007-2018 IAR Systems AB.
#
#    Output file  =  
#        D:\Electronics\Projects\MKS_DLP_new\SRC\firmware\MKSDLP_Alter_debug\Exe\MKS_DLP_new.out
#    Map file     =  
#        D:\Electronics\Projects\MKS_DLP_new\SRC\firmware\MKSDLP_Alter_debug\List\MKS_DLP_new.map
#    Command line =  
#        -f C:\Temp\EW9F52.tmp
#        (D:\Electronics\Projects\MKS_DLP_new\SRC\firmware\MKSDLP_Alter_Debug\Obj\config.o
#        D:\Electronics\Projects\MKS_DLP_new\SRC\firmware\MKSDLP_Alter_Debug\Obj\datetime.o
#        D:\Electronics\Projects\MKS_DLP_new\SRC\firmware\MKSDLP_Alter_Debug\Obj\diskio.o
#        D:\Electronics\Projects\MKS_DLP_new\SRC\firmware\MKSDLP_Alter_Debug\Obj\fatfs.o
#        D:\Electronics\Projects\MKS_DLP_new\SRC\firmware\MKSDLP_Alter_Debug\Obj\ff.o
#        D:\Electronics\Projects\MKS_DLP_new\SRC\firmware\MKSDLP_Alter_Debug\Obj\ff_gen_drv.o
#        D:\Electronics\Projects\MKS_DLP_new\SRC\firmware\MKSDLP_Alter_Debug\Obj\ffsystem.o
#        D:\Electronics\Projects\MKS_DLP_new\SRC\firmware\MKSDLP_Alter_Debug\Obj\ffunicode.o
#        D:\Electronics\Projects\MKS_DLP_new\SRC\firmware\MKSDLP_Alter_Debug\Obj\fnt12.o
#        D:\Electronics\Projects\MKS_DLP_new\SRC\firmware\MKSDLP_Alter_Debug\Obj\fnt18.o
#        D:\Electronics\Projects\MKS_DLP_new\SRC\firmware\MKSDLP_Alter_Debug\Obj\fnt18bold.o
#        D:\Electronics\Projects\MKS_DLP_new\SRC\firmware\MKSDLP_Alter_Debug\Obj\fnt24.o
#        D:\Electronics\Projects\MKS_DLP_new\SRC\firmware\MKSDLP_Alter_Debug\Obj\fnt24bold.o
#        D:\Electronics\Projects\MKS_DLP_new\SRC\firmware\MKSDLP_Alter_Debug\Obj\fsmc.o
#        D:\Electronics\Projects\MKS_DLP_new\SRC\firmware\MKSDLP_Alter_Debug\Obj\fst_spi.o
#        D:\Electronics\Projects\MKS_DLP_new\SRC\firmware\MKSDLP_Alter_Debug\Obj\gpio.o
#        D:\Electronics\Projects\MKS_DLP_new\SRC\firmware\MKSDLP_Alter_Debug\Obj\languages.o
#        D:\Electronics\Projects\MKS_DLP_new\SRC\firmware\MKSDLP_Alter_Debug\Obj\lcd_low.o
#        D:\Electronics\Projects\MKS_DLP_new\SRC\firmware\MKSDLP_Alter_Debug\Obj\lcd_ui.o
#        D:\Electronics\Projects\MKS_DLP_new\SRC\firmware\MKSDLP_Alter_Debug\Obj\main.o
#        D:\Electronics\Projects\MKS_DLP_new\SRC\firmware\MKSDLP_Alter_Debug\Obj\motor.o
#        D:\Electronics\Projects\MKS_DLP_new\SRC\firmware\MKSDLP_Alter_Debug\Obj\rtc.o
#        D:\Electronics\Projects\MKS_DLP_new\SRC\firmware\MKSDLP_Alter_Debug\Obj\spi_flash.o
#        D:\Electronics\Projects\MKS_DLP_new\SRC\firmware\MKSDLP_Alter_Debug\Obj\spifl_diskio.o
#        D:\Electronics\Projects\MKS_DLP_new\SRC\firmware\MKSDLP_Alter_Debug\Obj\startup_stm32f407xx.o
#        D:\Electronics\Projects\MKS_DLP_new\SRC\firmware\MKSDLP_Alter_Debug\Obj\stm32f4xx_hal.o
#        D:\Electronics\Projects\MKS_DLP_new\SRC\firmware\MKSDLP_Alter_Debug\Obj\stm32f4xx_hal_cortex.o
#        D:\Electronics\Projects\MKS_DLP_new\SRC\firmware\MKSDLP_Alter_Debug\Obj\stm32f4xx_hal_dma.o
#        D:\Electronics\Projects\MKS_DLP_new\SRC\firmware\MKSDLP_Alter_Debug\Obj\stm32f4xx_hal_dma_ex.o
#        D:\Electronics\Projects\MKS_DLP_new\SRC\firmware\MKSDLP_Alter_Debug\Obj\stm32f4xx_hal_exti.o
#        D:\Electronics\Projects\MKS_DLP_new\SRC\firmware\MKSDLP_Alter_Debug\Obj\stm32f4xx_hal_flash.o
#        D:\Electronics\Projects\MKS_DLP_new\SRC\firmware\MKSDLP_Alter_Debug\Obj\stm32f4xx_hal_flash_ex.o
#        D:\Electronics\Projects\MKS_DLP_new\SRC\firmware\MKSDLP_Alter_Debug\Obj\stm32f4xx_hal_flash_ramfunc.o
#        D:\Electronics\Projects\MKS_DLP_new\SRC\firmware\MKSDLP_Alter_Debug\Obj\stm32f4xx_hal_gpio.o
#        D:\Electronics\Projects\MKS_DLP_new\SRC\firmware\MKSDLP_Alter_Debug\Obj\stm32f4xx_hal_hcd.o
#        D:\Electronics\Projects\MKS_DLP_new\SRC\firmware\MKSDLP_Alter_Debug\Obj\stm32f4xx_hal_msp.o
#        D:\Electronics\Projects\MKS_DLP_new\SRC\firmware\MKSDLP_Alter_Debug\Obj\stm32f4xx_hal_pwr.o
#        D:\Electronics\Projects\MKS_DLP_new\SRC\firmware\MKSDLP_Alter_Debug\Obj\stm32f4xx_hal_pwr_ex.o
#        D:\Electronics\Projects\MKS_DLP_new\SRC\firmware\MKSDLP_Alter_Debug\Obj\stm32f4xx_hal_rcc.o
#        D:\Electronics\Projects\MKS_DLP_new\SRC\firmware\MKSDLP_Alter_Debug\Obj\stm32f4xx_hal_rcc_ex.o
#        D:\Electronics\Projects\MKS_DLP_new\SRC\firmware\MKSDLP_Alter_Debug\Obj\stm32f4xx_hal_rtc.o
#        D:\Electronics\Projects\MKS_DLP_new\SRC\firmware\MKSDLP_Alter_Debug\Obj\stm32f4xx_hal_rtc_ex.o
#        D:\Electronics\Projects\MKS_DLP_new\SRC\firmware\MKSDLP_Alter_Debug\Obj\stm32f4xx_hal_spi.o
#        D:\Electronics\Projects\MKS_DLP_new\SRC\firmware\MKSDLP_Alter_Debug\Obj\stm32f4xx_hal_sram.o
#        D:\Electronics\Projects\MKS_DLP_new\SRC\firmware\MKSDLP_Alter_Debug\Obj\stm32f4xx_hal_tim.o
#        D:\Electronics\Projects\MKS_DLP_new\SRC\firmware\MKSDLP_Alter_Debug\Obj\stm32f4xx_hal_tim_ex.o
#        D:\Electronics\Projects\MKS_DLP_new\SRC\firmware\MKSDLP_Alter_Debug\Obj\stm32f4xx_it.o
#        D:\Electronics\Projects\MKS_DLP_new\SRC\firmware\MKSDLP_Alter_Debug\Obj\stm32f4xx_ll_fsmc.o
#        D:\Electronics\Projects\MKS_DLP_new\SRC\firmware\MKSDLP_Alter_Debug\Obj\stm32f4xx_ll_usb.o
#        D:\Electronics\Projects\MKS_DLP_new\SRC\firmware\MKSDLP_Alter_Debug\Obj\sys_timer.o
#        D:\Electronics\Projects\MKS_DLP_new\SRC\firmware\MKSDLP_Alter_Debug\Obj\system_stm32f4xx.o
#        D:\Electronics\Projects\MKS_DLP_new\SRC\firmware\MKSDLP_Alter_Debug\Obj\tgui.o
#        D:\Electronics\Projects\MKS_DLP_new\SRC\firmware\MKSDLP_Alter_Debug\Obj\tgui_defaultfuncs.o
#        D:\Electronics\Projects\MKS_DLP_new\SRC\firmware\MKSDLP_Alter_Debug\Obj\tgui_infoscreenfuncs.o
#        D:\Electronics\Projects\MKS_DLP_new\SRC\firmware\MKSDLP_Alter_Debug\Obj\tgui_langscreenfuncs.o
#        D:\Electronics\Projects\MKS_DLP_new\SRC\firmware\MKSDLP_Alter_Debug\Obj\tgui_mainscreenfuncs.o
#        D:\Electronics\Projects\MKS_DLP_new\SRC\firmware\MKSDLP_Alter_Debug\Obj\tim.o
#        D:\Electronics\Projects\MKS_DLP_new\SRC\firmware\MKSDLP_Alter_Debug\Obj\touch.o
#        D:\Electronics\Projects\MKS_DLP_new\SRC\firmware\MKSDLP_Alter_Debug\Obj\unicode_utils.o
#        D:\Electronics\Projects\MKS_DLP_new\SRC\firmware\MKSDLP_Alter_Debug\Obj\usb_host.o
#        D:\Electronics\Projects\MKS_DLP_new\SRC\firmware\MKSDLP_Alter_Debug\Obj\usbh_conf.o
#        D:\Electronics\Projects\MKS_DLP_new\SRC\firmware\MKSDLP_Alter_Debug\Obj\usbh_core.o
#        D:\Electronics\Projects\MKS_DLP_new\SRC\firmware\MKSDLP_Alter_Debug\Obj\usbh_ctlreq.o
#        D:\Electronics\Projects\MKS_DLP_new\SRC\firmware\MKSDLP_Alter_Debug\Obj\usbh_diskio.o
#        D:\Electronics\Projects\MKS_DLP_new\SRC\firmware\MKSDLP_Alter_Debug\Obj\usbh_ioreq.o
#        D:\Electronics\Projects\MKS_DLP_new\SRC\firmware\MKSDLP_Alter_Debug\Obj\usbh_msc.o
#        D:\Electronics\Projects\MKS_DLP_new\SRC\firmware\MKSDLP_Alter_Debug\Obj\usbh_msc_bot.o
#        D:\Electronics\Projects\MKS_DLP_new\SRC\firmware\MKSDLP_Alter_Debug\Obj\usbh_msc_scsi.o
#        D:\Electronics\Projects\MKS_DLP_new\SRC\firmware\MKSDLP_Alter_Debug\Obj\usbh_pipes.o
#        D:\Electronics\Projects\MKS_DLP_new\SRC\firmware\MKSDLP_Alter_Debug\Obj\usbh_platform.o
#        D:\Electronics\Projects\MKS_DLP_new\SRC\firmware\MKSDLP_Alter_Debug\Obj\z_endstops.o
#        D:\Electronics\Projects\MKS_DLP_new\SRC\firmware\MKSDLP_Alter_Debug\Obj\z_planner.o
#        D:\Electronics\Projects\MKS_DLP_new\SRC\firmware\MKSDLP_Alter_Debug\Obj\z_stepper.o
#        --redirect _Printf=_PrintfFull --redirect _Scanf=_ScanfFull
#        --no_out_extension -o
#        D:\Electronics\Projects\MKS_DLP_new\SRC\firmware\MKSDLP_Alter_debug\Exe\MKS_DLP_new.out
#        --map
#        D:\Electronics\Projects\MKS_DLP_new\SRC\firmware\MKSDLP_Alter_debug\List\MKS_DLP_new.map
#        --log libraries,call_graph --log_file
#        D:\Electronics\Projects\MKS_DLP_new\SRC\firmware\MKSDLP_Alter_debug\List\MKS_DLP_new.log
#        --config
#        D:\Electronics\Projects\MKS_DLP_new\SRC\firmware/config/stm32f407xx_flash.icf
#        --semihosting --entry __iar_program_start --merge_duplicate_sections
#        --vfe --text_out locale)
#
###############################################################################

*******************************************************************************
*** RUNTIME MODEL ATTRIBUTES
***

CppFlavor                     = *
__CPP_Exceptions              = Disabled
__CPP_Language                = C++14
__Heap_Handler                = DLMalloc
__SystemLibrary               = DLib
__dlib_dynamic_initialization = normal
__dlib_version                = 6


*******************************************************************************
*** HEAP SELECTION
***

The advanced heap was selected because the application calls memory
allocation functions outside of system library functions, and there
are calls to deallocation functions in the application.


*******************************************************************************
*** PLACEMENT SUMMARY
***

"A0":  place at 0x801'0000 { ro section .intvec };
"P1":  place in [from 0x801'0000 to 0x807'ffff] { ro };
define block CSTACK with size = 16K, alignment = 8 { };
define block HEAP with size = 8K, alignment = 8 { };
"P2":  place in [from 0x2000'0000 to 0x2001'ffff] {
          rw, block CSTACK, block HEAP };
"P3":  place in [from 0x1000'0000 to 0x1000'ffff] { rw section CCMRAM };
initialize by copy { rw };

  Section                Kind         Address     Size  Object
  -------                ----         -------     ----  ------
"A0":                                            0x188
  .intvec                ro code   0x801'0000    0x188  startup_stm32f407xx.o [1]
                                 - 0x801'0188    0x188

"P1":                                          0x17c81
  .text                  ro code   0x801'0188   0x2292  ff.o [1]
  .text                  ro code   0x801'241a     0x7a  lz77_init_single.o [5]
  .text                  ro code   0x801'2494     0xb0  diskio.o [1]
  .text                  ro code   0x801'2544    0x144  ffunicode.o [1]
  .text                  ro code   0x801'2688     0x88  fatfs.o [1]
  .text                  ro code   0x801'2710     0x54  ff_gen_drv.o [1]
  .text                  ro code   0x801'2764    0x418  stm32f4xx_hal_rtc.o [1]
  .text                  ro code   0x801'2b7c      0xc  stm32f4xx_hal.o [1]
  .rodata                const     0x801'2b88   0x2094  fnt24bold.o [1]
  .rodata                const     0x801'4c1c   0x195c  fnt24.o [1]
  .text                  ro code   0x801'6578   0x14e0  dlmalloc.o [2]
  .text                  ro code   0x801'7a58      0x6  abort.o [2]
  .text                  ro code   0x801'7a5e     0x3a  zero_init3.o [5]
  .text                  ro code   0x801'7a98     0x2c  xgetmemchunk.o [2]
  .text                  ro code   0x801'7ac4     0x14  exit.o [6]
  .rodata                const     0x801'7ad8   0x10c8  fnt18bold.o [1]
  .text                  ro code   0x801'8ba0   0x1060  stm32f4xx_hal_hcd.o [1]
  .text                  ro code   0x801'9c00    0x2f8  usbh_conf.o [1]
  .text                  ro code   0x801'9ef8    0x9c4  stm32f4xx_ll_usb.o [1]
  .text                  ro code   0x801'a8bc     0xa6  ABImemcpy.o [5]
  .text                  ro code   0x801'a962     0x1e  xencoding_8859_1.o [2]
  .text                  ro code   0x801'a980      0x6  ABImemclr4.o [5]
  .text                  ro code   0x801'a986      0xa  xsprout.o [2]
  .text                  ro code   0x801'a990    0x252  stm32f4xx_hal_gpio.o [1]
  .rodata                const     0x801'abe2      0x2  languages.o [1]
  .text                  ro code   0x801'abe4    0x12c  stm32f4xx_hal_cortex.o [1]
  .text                  ro code   0x801'ad10    0x79e  usbh_core.o [1]
  .rodata                const     0x801'b4ae      0x1  unwind_debug.o [6]
  .text                  ro code   0x801'b4b0    0x6d6  main.o [1]
  .text                  ro code   0x801'bb88     0x20  usbh_platform.o [1]
  .text                  ro code   0x801'bba8     0x28  stm32f4xx_hal.o [1]
  .text                  ro code   0x801'bbd0     0x32  ABImemset48.o [5]
  .text                  ro code   0x801'bc02     0xb6  usbh_pipes.o [1]
  .text                  ro code   0x801'bcb8    0x5bc  usbh_ctlreq.o [1]
  .text                  ro code   0x801'c274     0x34  stm32f4xx_hal.o [1]
  .text                  ro code   0x801'c2a8    0x140  gpio.o [1]
  .text                  ro code   0x801'c3e8    0x26c  touch.o [1]
  .text                  ro code   0x801'c654    0x120  sys_timer.o [1]
  .text                  ro code   0x801'c774     0x78  languages.o [1]
  .text                  ro code   0x801'c7ec    0x580  lcd_low.o [1]
  .text                  ro code   0x801'cd6c    0xab4  lcd_ui.o [1]
  .text                  ro code   0x801'd820    0x534  fst_spi.o [1]
  .text                  ro code   0x801'dd54    0x304  spi_flash.o [1]
  .text                  ro code   0x801'e058    0xd48  tgui.o [1]
  .text                  ro code   0x801'eda0     0x40  sprintf.o [2]
  .text                  ro code   0x801'ede0     0xc8  rtc.o [1]
  .text                  ro code   0x801'eea8     0xa0  config.o [1]
  .text                  ro code   0x801'ef48    0x1e4  motor.o [1]
  .text                  ro code   0x801'f12c     0x8c  usb_host.o [1]
  .text                  ro code   0x801'f1b8    0x1aa  unicode_utils.o [1]
  .text                  ro code   0x801'f364     0x12  strcmp.o [5]
  .text                  ro code   0x801'f378     0x66  ABImemset.o [5]
  .text                  ro code   0x801'f3e0    0x3b4  stm32f4xx_hal_rcc.o [1]
  .text                  ro code   0x801'f794    0x1d4  stm32f4xx_hal_rcc.o [1]
  .text                  ro code   0x801'f968    0x150  stm32f4xx_hal_rcc_ex.o [1]
  .text                  ro code   0x801'fab8     0xd0  usbh_ioreq.o [1]
  .text                  ro code   0x801'fb88     0x4c  stm32f4xx_hal.o [1]
  .text                  ro code   0x801'fbd4     0x40  stm32f4xx_hal_msp.o [1]
  .text                  ro code   0x801'fc14    0x114  fsmc.o [1]
  .text                  ro code   0x801'fd28    0x458  stm32f4xx_hal_dma.o [1]
  .text                  ro code   0x802'0180    0x5fa  stm32f4xx_hal_spi.o [1]
  .text                  ro code   0x802'077a     0x20  spi_flash.o [1]
  .text                  ro code   0x802'079c    0x854  tgui_defaultfuncs.o [1]
  .text                  ro code   0x802'0ff0    0xf46  xprintffull.o [2]
  .text                  ro code   0x802'1f38     0xf4  z_endstops.o [1]
  .text                  ro code   0x802'202c    0x20c  z_planner.o [1]
  .text                  ro code   0x802'2238    0x58c  z_stepper.o [1]
  .text                  ro code   0x802'27c4    0x1e8  tim.o [1]
  .text                  ro code   0x802'29ac    0x78a  stm32f4xx_hal_tim.o [1]
  .text                  ro code   0x802'3138     0x48  FltToDbl.o [4]
  .text                  ro code   0x802'3180    0x1a2  DblMul.o [4]
  .text                  ro code   0x802'3324     0x28  DblToU32.o [4]
  .text                  ro code   0x802'334c    0x230  I64DivMod.o [5]
  .text                  ro code   0x802'357c     0x5c  stm32f4xx_hal_sram.o [1]
  .text                  ro code   0x802'35d8     0x94  datetime.o [1]
  .text                  ro code   0x802'366c     0x78  xlocale_c.o [2]
  .text                  ro code   0x802'36e4     0x16  strchr.o [5]
  .text                  ro code   0x802'36fc     0x40  xfail_s.o [2]
  .text                  ro code   0x802'373c     0x36  strlen.o [5]
  .text                  ro code   0x802'3774     0x58  memchr.o [5]
  .text                  ro code   0x802'37cc      0xa  xmbcurmax.o [2]
  .text                  ro code   0x802'37d8     0x70  frexp.o [4]
  .text                  ro code   0x802'3848     0x2e  DblCmpLe.o [4]
  .text                  ro code   0x802'3878     0x2e  DblCmpGe.o [4]
  .text                  ro code   0x802'38a8    0x13a  ldexp.o [4]
  .text                  ro code   0x802'39e4     0x3a  DblToS32.o [4]
  .text                  ro code   0x802'3a20     0x22  S32ToDbl.o [4]
  .text                  ro code   0x802'3a44     0xe2  DblSub.o [4]
  .text                  ro code   0x802'3b28    0x246  DblDiv.o [4]
  .text                  ro code   0x802'3d70     0x1a  U32ToDbl.o [4]
  .text                  ro code   0x802'3d8c     0x18  z_endstops.o [1]
  .text                  ro code   0x802'3da4     0x18  z_stepper.o [1]
  .text                  ro code   0x802'3dbc      0xc  z_endstops.o [1]
  .text                  ro code   0x802'3dc8     0x24  z_planner.o [1]
  .text                  ro code   0x802'3dec     0x18  z_planner.o [1]
  .text                  ro code   0x802'3e04      0x8  z_stepper.o [1]
  .text                  ro code   0x802'3e0c     0x20  z_stepper.o [1]
  .text                  ro code   0x802'3e2c     0x38  z_planner.o [1]
  .text                  ro code   0x802'3e64     0x10  z_stepper.o [1]
  .text                  ro code   0x802'3e74     0x2e  lroundf.o [4]
  .text                  ro code   0x802'3ea4     0x1c  z_stepper.o [1]
  .text                  ro code   0x802'3ec0     0x2c  z_stepper.o [1]
  .text                  ro code   0x802'3eec     0x20  z_stepper.o [1]
  .text                  ro code   0x802'3f0c      0xc  z_stepper.o [1]
  .text                  ro code   0x802'3f18     0xac  stm32f4xx_hal_tim_ex.o [1]
  .text                  ro code   0x802'3fc4      0x2  stm32f4xx_hal_spi.o [1]
  .text                  ro code   0x802'3fc8     0xe4  stm32f4xx_ll_fsmc.o [1]
  .text                  ro code   0x802'40ac    0x16a  DblAdd.o [4]
  .text                  ro code   0x802'4216      0xe  z_planner.o [1]
  .text                  ro code   0x802'4224     0x1c  z_stepper.o [1]
  .text                  ro code   0x802'4240     0x10  z_stepper.o [1]
  .rodata                const     0x802'4250    0xea4  fnt18.o [1]
  .text                  ro code   0x802'50f4    0x8b4  usbh_msc.o [1]
  .text                  ro code   0x802'59a8    0x394  usbh_msc_bot.o [1]
  .text                  ro code   0x802'5d3c      0x4  heaptramp0.o [2]
  .text                  ro code   0x802'5d40    0x3ea  usbh_msc_scsi.o [1]
  .rodata                const     0x802'612c    0x6b4  fnt12.o [1]
  .rodata                const     0x802'67e0    0x1f4  ffunicode.o [1]
  .text                  ro code   0x802'69d4    0x144  usbh_diskio.o [1]
  .rodata                const     0x802'6b18    0x140  fnt12.o [1]
  .rodata                const     0x802'6c58    0x140  fnt18.o [1]
  .rodata                const     0x802'6d98    0x140  fnt18bold.o [1]
  .rodata                const     0x802'6ed8    0x140  fnt24.o [1]
  .rodata                const     0x802'7018    0x140  fnt24bold.o [1]
  .rodata                const     0x802'7158    0x100  ffunicode.o [1]
  .text                  ro code   0x802'7258     0xf0  spifl_diskio.o [1]
  .rodata                const     0x802'7348     0xbc  ffunicode.o [1]
  .text                  ro code   0x802'7404     0x9c  stm32f4xx_it.o [1]
  .text                  ro code   0x802'74a0     0x98  tgui_infoscreenfuncs.o [1]
  .text                  ro code   0x802'7538     0x1e  strcat.o [2]
  .rodata                const     0x802'7558     0x80  ff.o [1]
  .rodata                const     0x802'75d8     0x38  main.o [1]
  .rodata                const     0x802'7610     0x34  main.o [1]
  .rodata                const     0x802'7644     0x30  main.o [1]
  .rodata                const     0x802'7674     0x30  main.o [1]
  .rodata                const     0x802'76a4     0x2c  main.o [1]
  .text                  ro code   0x802'76d0     0x28  data_init.o [5]
  .rodata                const     0x802'76f8     0x24  languages.o [1]
  .rodata                const     0x802'771c     0x24  main.o [1]
  .text                  ro code   0x802'7740     0x22  fpinit_M.o [4]
  .iar.init_table        const     0x802'7764     0x24  - Linker created -
  .rodata                const     0x802'7788     0x20  main.o [1]
  .text                  ro code   0x802'77a8     0x20  system_stm32f4xx.o [1]
  .text                  ro code   0x802'77c8     0x20  cmain_call_ctors.o [5]
  .text                  ro code   0x802'77e8     0x18  cppinit.o [2]
  .text                  ro code   0x802'7800     0x1e  cmain.o [5]
  .text                  ro code   0x802'781e      0x4  low_level_init.o [2]
  .text                  ro code   0x802'7822      0x4  exit.o [2]
  .text                  ro code   0x802'7828      0xa  cexit.o [5]
  .rodata                const     0x802'7834     0x1c  languages.o [1]
  .rodata                const     0x802'7850     0x18  languages.o [1]
  .rodata                const     0x802'7868     0x18  main.o [1]
  .rodata                const     0x802'7880     0x18  main.o [1]
  .rodata                const     0x802'7898     0x18  main.o [1]
  .rodata                const     0x802'78b0     0x14  main.o [1]
  .rodata                const     0x802'78c4     0x14  main.o [1]
  .rodata                const     0x802'78d8     0x14  spifl_diskio.o [1]
  .rodata                const     0x802'78ec     0x14  usbh_diskio.o [1]
  .rodata                const     0x802'7900     0x10  ff.o [1]
  .rodata                const     0x802'7910     0x10  languages.o [1]
  .rodata                const     0x802'7920     0x10  languages.o [1]
  .rodata                const     0x802'7930     0x10  languages.o [1]
  .rodata                const     0x802'7940     0x10  languages.o [1]
  .rodata                const     0x802'7950     0x10  main.o [1]
  .rodata                const     0x802'7960     0x10  main.o [1]
  .rodata                const     0x802'7970     0x10  main.o [1]
  .rodata                const     0x802'7980     0x10  main.o [1]
  .rodata                const     0x802'7990     0x10  system_stm32f4xx.o [1]
  .rodata                const     0x802'79a0     0x10  tgui_defaultfuncs.o [1]
  .text                  ro code   0x802'79b0     0x10  startup_stm32f407xx.o [1]
  .text                  ro code   0x802'79c0      0xe  tgui_langscreenfuncs.o [1]
  .rodata                const     0x802'79d0      0xc  ff.o [1]
  .rodata                const     0x802'79dc      0xc  languages.o [1]
  .rodata                const     0x802'79e8      0xc  languages.o [1]
  .rodata                const     0x802'79f4      0xc  languages.o [1]
  .rodata                const     0x802'7a00      0xc  languages.o [1]
  .rodata                const     0x802'7a0c      0xc  languages.o [1]
  .rodata                const     0x802'7a18      0xc  languages.o [1]
  .rodata                const     0x802'7a24      0xc  languages.o [1]
  .rodata                const     0x802'7a30      0xc  languages.o [1]
  .rodata                const     0x802'7a3c      0xc  languages.o [1]
  .rodata                const     0x802'7a48      0xc  main.o [1]
  .rodata                const     0x802'7a54      0xc  main.o [1]
  .rodata                const     0x802'7a60      0xc  main.o [1]
  .rodata                const     0x802'7a6c      0xc  tgui_infoscreenfuncs.o [1]
  .text                  ro code   0x802'7a78      0xc  cstartup_M.o [5]
  .rodata                const     0x802'7a84      0x8  ff.o [1]
  .rodata                const     0x802'7a8c      0x8  ff.o [1]
  .rodata                const     0x802'7a94      0x8  languages.o [1]
  .rodata                const     0x802'7a9c      0x8  languages.o [1]
  .rodata                const     0x802'7aa4      0x8  languages.o [1]
  .rodata                const     0x802'7aac      0x8  languages.o [1]
  .rodata                const     0x802'7ab4      0x8  languages.o [1]
  .rodata                const     0x802'7abc      0x8  languages.o [1]
  .rodata                const     0x802'7ac4      0x8  languages.o [1]
  .rodata                const     0x802'7acc      0x8  languages.o [1]
  .rodata                const     0x802'7ad4      0x8  languages.o [1]
  .rodata                const     0x802'7adc      0x8  languages.o [1]
  .rodata                const     0x802'7ae4      0x8  languages.o [1]
  .rodata                const     0x802'7aec      0x8  languages.o [1]
  .rodata                const     0x802'7af4      0x8  languages.o [1]
  .rodata                const     0x802'7afc      0x8  languages.o [1]
  .rodata                const     0x802'7b04      0x8  languages.o [1]
  .rodata                const     0x802'7b0c      0x8  languages.o [1]
  .rodata                const     0x802'7b14      0x8  languages.o [1]
  .rodata                const     0x802'7b1c      0x8  languages.o [1]
  .rodata                const     0x802'7b24      0x8  languages.o [1]
  .rodata                const     0x802'7b2c      0x8  languages.o [1]
  .rodata                const     0x802'7b34      0x8  languages.o [1]
  .rodata                const     0x802'7b3c      0x8  languages.o [1]
  .rodata                const     0x802'7b44      0x8  stm32f4xx_hal_dma.o [1]
  .rodata                const     0x802'7b4c      0x8  tgui.o [1]
  .rodata                const     0x802'7b54      0x8  tgui.o [1]
  .rodata                const     0x802'7b5c      0x8  tgui.o [1]
  .rodata                const     0x802'7b64      0x8  tgui.o [1]
  .rodata                const     0x802'7b6c      0x8  tgui.o [1]
  .rodata                const     0x802'7b74      0x8  tgui.o [1]
  .rodata                const     0x802'7b7c      0x8  tgui.o [1]
  .rodata                const     0x802'7b84      0x8  tgui.o [1]
  .rodata                const     0x802'7b8c      0x8  tgui.o [1]
  .rodata                const     0x802'7b94      0x8  tgui.o [1]
  .rodata                const     0x802'7b9c      0x8  tgui.o [1]
  .rodata                const     0x802'7ba4      0x8  tgui.o [1]
  .rodata                const     0x802'7bac      0x8  tgui.o [1]
  .rodata                const     0x802'7bb4      0x8  tgui.o [1]
  .rodata                const     0x802'7bbc      0x8  tgui.o [1]
  .rodata                const     0x802'7bc4      0x8  tgui.o [1]
  .rodata                const     0x802'7bcc      0x8  tgui.o [1]
  .rodata                const     0x802'7bd4      0x8  tgui.o [1]
  .rodata                const     0x802'7bdc      0x8  tgui.o [1]
  .rodata                const     0x802'7be4      0x8  tgui.o [1]
  .rodata                const     0x802'7bec      0x8  tgui.o [1]
  .rodata                const     0x802'7bf4      0x8  tgui.o [1]
  .rodata                const     0x802'7bfc      0x8  tgui.o [1]
  .rodata                const     0x802'7c04      0x8  tim.o [1]
  .rodata                const     0x802'7c0c      0x6  xlocale_c.o [2]
  .rodata                const     0x802'7c14      0x4  languages.o [1]
  .rodata                const     0x802'7c18      0x4  languages.o [1]
  .rodata                const     0x802'7c1c      0x4  languages.o [1]
  .rodata                const     0x802'7c20      0x4  languages.o [1]
  .rodata                const     0x802'7c24      0x4  languages.o [1]
  .rodata                const     0x802'7c28      0x4  languages.o [1]
  .rodata                const     0x802'7c2c      0x4  languages.o [1]
  .rodata                const     0x802'7c30      0x4  languages.o [1]
  .rodata                const     0x802'7c34      0x4  languages.o [1]
  .rodata                const     0x802'7c38      0x4  languages.o [1]
  .rodata                const     0x802'7c3c      0x4  languages.o [1]
  .rodata                const     0x802'7c40      0x4  languages.o [1]
  .rodata                const     0x802'7c44      0x4  languages.o [1]
  .rodata                const     0x802'7c48      0x4  languages.o [1]
  .rodata                const     0x802'7c4c      0x4  languages.o [1]
  .rodata                const     0x802'7c50      0x4  rtc.o [1]
  .rodata                const     0x802'7c54      0x4  usbh_msc.o [1]
  .text                  ro code   0x802'7c58      0x4  startup_stm32f407xx.o [1]
  SHT$$PREINIT_ARRAY               0x802'7c5c      0x0  <Block>
  SHT$$INIT_ARRAY                  0x802'7c5c      0x4  <Block>
    .init_array          const     0x802'7c5c      0x4  z_planner.o [1]
  __iar_tls$$INIT_ARRAY            0x802'7c60      0x0  <Block>
  .rodata                const     0x802'7c60      0x0  zero_init3.o [5]
  .rodata                const     0x802'7c60      0x0  lz77_init_single.o [5]
  Initializer bytes      const     0x802'7c60    0x1a9  <for P2-1>
                                 - 0x802'7e09  0x17c81

"P3":                                           0x5478
  CCMRAM                 uninit   0x1000'0000   0x2000  main.o [1]
  CCMRAM                 uninit   0x1000'2000   0x1028  main.o [1]
  CCMRAM                 uninit   0x1000'3028   0x1028  main.o [1]
  CCMRAM                 uninit   0x1000'4050   0x1028  tgui.o [1]
  CCMRAM                 uninit   0x1000'5078    0x400  tgui.o [1]
                                - 0x1000'5478   0x5478

"P2", part 1 of 3:                               0x2a9
  P2-1                            0x2000'0000    0x2a9  <Init block>
    .data                inited   0x2000'0000      0xc  fnt12.o [1]
    .data                inited   0x2000'000c      0xc  fnt18.o [1]
    .data                inited   0x2000'0018      0xc  fnt18bold.o [1]
    .data                inited   0x2000'0024      0xc  fnt24.o [1]
    .data                inited   0x2000'0030      0xc  fnt24bold.o [1]
    .data                inited   0x2000'003c     0xd0  languages.o [1]
    .data                inited   0x2000'010c     0xd0  languages.o [1]
    .data                inited   0x2000'01dc     0x10  languages.o [1]
    .data                inited   0x2000'01ec      0x4  languages.o [1]
    .data                inited   0x2000'01f0      0x4  lcd_ui.o [1]
    .data                inited   0x2000'01f4      0x4  stm32f4xx_hal.o [1]
    .data                inited   0x2000'01f8      0x4  system_stm32f4xx.o [1]
    .data                inited   0x2000'01fc     0x20  usbh_msc.o [1]
    .data                inited   0x2000'021c      0x4  z_stepper.o [1]
    .data                inited   0x2000'0220     0x38  xlocale_c.o [2]
    .data                inited   0x2000'0258     0x48  xlocale_c.o [2]
    .data                inited   0x2000'02a0      0x2  lcd_ui.o [1]
    .data                inited   0x2000'02a2      0x2  lcd_ui.o [1]
    .data                inited   0x2000'02a4      0x2  lcd_ui.o [1]
    .data                inited   0x2000'02a6      0x1  lcd_ui.o [1]
    .data                inited   0x2000'02a7      0x1  stm32f4xx_hal.o [1]
    .data                inited   0x2000'02a8      0x1  tgui_defaultfuncs.o [1]
                                - 0x2000'02a9    0x2a9

"P2", part 2 of 3:                              0x4a00
  .bss                   zero     0x2000'02ac   0x1038  fatfs.o [1]
  .bss                   zero     0x2000'12e4   0x1038  fatfs.o [1]
  .bss                   zero     0x2000'231c    0x400  main.o [1]
  .bss                   zero     0x2000'271c    0x400  main.o [1]
  .bss                   zero     0x2000'2b1c    0x400  main.o [1]
  .bss                   zero     0x2000'2f1c    0x3d8  usb_host.o [1]
  .bss                   zero     0x2000'32f4    0x2c4  usbh_conf.o [1]
  .bss                   zero     0x2000'35b8    0x224  main.o [1]
  .bss                   zero     0x2000'37dc    0x214  tgui.o [1]
  .bss                   zero     0x2000'39f0    0x200  ff.o [1]
  .bss                   zero     0x2000'3bf0    0x200  main.o [1]
  .bss                   zero     0x2000'3df0    0x200  z_planner.o [1]
  .bss                   zero     0x2000'3ff0    0x1d8  dlmalloc.o [2]
  .bss                   zero     0x2000'41c8    0x130  tgui.o [1]
  .bss                   zero     0x2000'42f8    0x130  tgui.o [1]
  .bss                   zero     0x2000'4428    0x100  sys_timer.o [1]
  .bss                   zero     0x2000'4528     0xe4  tgui.o [1]
  .bss                   zero     0x2000'460c     0x80  fst_spi.o [1]
  .bss                   zero     0x2000'468c     0x80  fst_spi.o [1]
  .bss                   zero     0x2000'470c     0x60  fst_spi.o [1]
  .bss                   zero     0x2000'476c     0x60  fst_spi.o [1]
  .bss                   zero     0x2000'47cc     0x60  fst_spi.o [1]
  .bss                   zero     0x2000'482c     0x60  fst_spi.o [1]
  .bss                   zero     0x2000'488c     0x60  fst_spi.o [1]
  .bss                   zero     0x2000'48ec     0x60  lcd_low.o [1]
  .bss                   zero     0x2000'494c     0x50  fsmc.o [1]
  .bss                   zero     0x2000'499c     0x40  config.o [1]
  .bss                   zero     0x2000'49dc     0x40  tim.o [1]
  .bss                   zero     0x2000'4a1c     0x40  tim.o [1]
  .bss                   zero     0x2000'4a5c     0x34  main.o [1]
  .bss                   zero     0x2000'4a90     0x2c  tgui.o [1]
  .bss                   zero     0x2000'4abc     0x2c  tgui.o [1]
  .bss                   zero     0x2000'4ae8     0x2c  tgui.o [1]
  .bss                   zero     0x2000'4b14     0x2c  tgui.o [1]
  .bss                   zero     0x2000'4b40     0x28  z_planner.o [1]
  .bss                   zero     0x2000'4b68     0x20  rtc.o [1]
  .bss                   zero     0x2000'4b88     0x1c  tgui.o [1]
  .bss                   zero     0x2000'4ba4     0x18  dlmalloc.o [2]
  .bss                   zero     0x2000'4bbc     0x10  ff_gen_drv.o [1]
  .bss                   zero     0x2000'4bcc     0x10  touch.o [1]
  .bss                   zero     0x2000'4bdc      0xc  config.o [1]
  .bss                   zero     0x2000'4be8      0xc  spi_flash.o [1]
  .bss                   zero     0x2000'4bf4      0x8  fatfs.o [1]
  .bss                   zero     0x2000'4bfc      0x8  fatfs.o [1]
  .bss                   zero     0x2000'4c04      0x8  ff.o [1]
  .bss                   zero     0x2000'4c0c      0x4  fsmc.o [1]
  .bss                   zero     0x2000'4c10      0x4  languages.o [1]
  .bss                   zero     0x2000'4c14      0x4  motor.o [1]
  .bss                   zero     0x2000'4c18      0x4  spi_flash.o [1]
  .bss                   zero     0x2000'4c1c      0x4  spi_flash.o [1]
  .bss                   zero     0x2000'4c20      0x4  stm32f4xx_hal.o [1]
  .bss                   zero     0x2000'4c24      0x4  stm32f4xx_ll_usb.o [1]
  .bss                   zero     0x2000'4c28      0x4  tgui.o [1]
  .bss                   zero     0x2000'4c2c      0x4  touch.o [1]
  .bss                   zero     0x2000'4c30      0x4  z_planner.o [1]
  .bss                   zero     0x2000'4c34      0x4  z_planner.o [1]
  .bss                   zero     0x2000'4c38      0x4  z_planner.o [1]
  .bss                   zero     0x2000'4c3c      0x4  z_planner.o [1]
  .bss                   zero     0x2000'4c40      0x4  z_planner.o [1]
  .bss                   zero     0x2000'4c44      0x4  z_planner.o [1]
  .bss                   zero     0x2000'4c48      0x4  z_stepper.o [1]
  .bss                   zero     0x2000'4c4c      0x4  z_stepper.o [1]
  .bss                   zero     0x2000'4c50      0x4  z_stepper.o [1]
  .bss                   zero     0x2000'4c54      0x4  z_stepper.o [1]
  .bss                   zero     0x2000'4c58      0x4  z_stepper.o [1]
  .bss                   zero     0x2000'4c5c      0x4  z_stepper.o [1]
  .bss                   zero     0x2000'4c60      0x4  z_stepper.o [1]
  .bss                   zero     0x2000'4c64      0x4  z_stepper.o [1]
  .bss                   zero     0x2000'4c68      0x4  z_stepper.o [1]
  .bss                   zero     0x2000'4c6c      0x4  z_stepper.o [1]
  .bss                   zero     0x2000'4c70      0x4  z_stepper.o [1]
  .bss                   zero     0x2000'4c74      0x4  z_stepper.o [1]
  .bss                   zero     0x2000'4c78      0x4  z_stepper.o [1]
  .bss                   zero     0x2000'4c7c      0x4  z_stepper.o [1]
  .bss                   zero     0x2000'4c80      0x4  xfail_s.o [2]
  .bss                   zero     0x2000'4c84      0x4  xgetmemchunk.o [2]
  .bss                   zero     0x2000'4c88      0x2  ff.o [1]
  .bss                   zero     0x2000'4c8a      0x2  lcd_low.o [1]
  .bss                   zero     0x2000'4c8c      0x2  lcd_ui.o [1]
  .bss                   zero     0x2000'4c8e      0x2  lcd_ui.o [1]
  .bss                   zero     0x2000'4c90      0x2  lcd_ui.o [1]
  .bss                   zero     0x2000'4c92      0x2  z_planner.o [1]
  .bss                   zero     0x2000'4c94      0x1  fatfs.o [1]
  .bss                   zero     0x2000'4c95      0x1  fatfs.o [1]
  .bss                   zero     0x2000'4c96      0x1  main.o [1]
  .bss                   zero     0x2000'4c97      0x1  main.o [1]
  .bss                   zero     0x2000'4c98      0x1  main.o [1]
  .bss                   zero     0x2000'4c99      0x1  main.o [1]
  .bss                   zero     0x2000'4c9a      0x1  tgui_defaultfuncs.o [1]
  .bss                   zero     0x2000'4c9b      0x1  usb_host.o [1]
  .bss                   zero     0x2000'4c9c      0x1  z_endstops.o [1]
  .bss                   zero     0x2000'4c9d      0x1  z_endstops.o [1]
  .bss                   zero     0x2000'4c9e      0x1  z_planner.o [1]
  .bss                   zero     0x2000'4c9f      0x1  z_planner.o [1]
  .bss                   zero     0x2000'4ca0      0x1  z_planner.o [1]
  .bss                   zero     0x2000'4ca1      0x1  z_planner.o [1]
  .bss                   zero     0x2000'4ca2      0x1  z_planner.o [1]
  .bss                   zero     0x2000'4ca3      0x1  z_planner.o [1]
  .bss                   zero     0x2000'4ca4      0x1  z_stepper.o [1]
  .bss                   zero     0x2000'4ca5      0x1  z_stepper.o [1]
  .bss                   zero     0x2000'4ca6      0x1  z_stepper.o [1]
  .bss                   zero     0x2000'4ca7      0x1  z_stepper.o [1]
  .bss                   zero     0x2000'4ca8      0x1  z_stepper.o [1]
                                - 0x2000'4ca9   0x49fd

"P2", part 3 of 3:                              0x7204
  .noinit                uninit   0x2000'4cac   0x1000  tgui.o [1]
  .noinit                uninit   0x2000'5cac    0x200  tgui.o [1]
  CSTACK                          0x2000'5eb0   0x4000  <Block>
    CSTACK               uninit   0x2000'5eb0   0x4000  <Block tail>
  HEAP                            0x2000'9eb0   0x2000  <Block>
    HEAP                 uninit   0x2000'9eb0   0x2000  <Block tail>
                                - 0x2000'beb0   0x7204

Unused ranges:

         From           To      Size
         ----           --      ----
   0x802'7e09   0x807'ffff  0x5'81f7
  0x1000'5478  0x1000'ffff    0xab88
  0x2000'02a9  0x2000'02ab       0x3
  0x2000'beb0  0x2001'ffff  0x1'4150


*******************************************************************************
*** INIT TABLE
***

          Address      Size
          -------      ----
Zero (__iar_zero_init3)
    1 destination range, total size 0x49fd:
          0x2000'02ac  0x49fd

Copy/lz77 (__iar_lz77_init_single3)
    1 source range, total size 0x1a9 (62% of destination):
           0x802'7c60   0x1a9
    1 destination range, total size 0x2a9:
          0x2000'0000   0x2a9

Extra (__iar_cstart_call_ctors)



*******************************************************************************
*** MODULE SUMMARY
***

    Module                  ro code  ro data  rw data
    ------                  -------  -------  -------
command line/config:
    -------------------------------------------------
    Total:

D:\Electronics\Projects\MKS_DLP_new\SRC\firmware\MKSDLP_Alter_Debug\Obj: [1]
    config.o                    160                76
    datetime.o                  148
    diskio.o                    176
    fatfs.o                     136             8 322
    ff.o                      8 850      172      522
    ff_gen_drv.o                 84                16
    ffunicode.o                 324      944
    fnt12.o                            2 043       12
    fnt18.o                            4 075       12
    fnt18bold.o                        4 624       12
    fnt24.o                            6 819       12
    fnt24bold.o                        8 668       12
    fsmc.o                      276                84
    fst_spi.o                 1 332               736
    gpio.o                      320
    languages.o                 120      770      440
    lcd_low.o                 1 408                98
    lcd_ui.o                  2 740        7       17
    main.o                    1 750      528   20 652
    motor.o                     484                 4
    rtc.o                       200        4       32
    spi_flash.o                 804                20
    spifl_diskio.o              240       20
    startup_stm32f407xx.o       412
    stm32f4xx_hal.o             180        3        9
    stm32f4xx_hal_cortex.o      300
    stm32f4xx_hal_dma.o       1 112        8
    stm32f4xx_hal_gpio.o        594
    stm32f4xx_hal_hcd.o       4 192
    stm32f4xx_hal_msp.o          64
    stm32f4xx_hal_rcc.o       1 416
    stm32f4xx_hal_rcc_ex.o      336
    stm32f4xx_hal_rtc.o       1 048
    stm32f4xx_hal_spi.o       1 532
    stm32f4xx_hal_sram.o         92
    stm32f4xx_hal_tim.o       1 930
    stm32f4xx_hal_tim_ex.o      172
    stm32f4xx_it.o              156
    stm32f4xx_ll_fsmc.o         228
    stm32f4xx_ll_usb.o        2 500                 4
    sys_timer.o                 288               256
    system_stm32f4xx.o           32       19        4
    tgui.o                    3 400      184   11 344
    tgui_defaultfuncs.o       2 132       17        2
    tgui_infoscreenfuncs.o      152       12
    tgui_langscreenfuncs.o       14
    tim.o                       488        8      128
    touch.o                     620                20
    unicode_utils.o             426
    usb_host.o                  140               985
    usbh_conf.o                 760               708
    usbh_core.o               1 950
    usbh_ctlreq.o             1 468
    usbh_diskio.o               324       20
    usbh_ioreq.o                208
    usbh_msc.o                2 228       24       32
    usbh_msc_bot.o              916
    usbh_msc_scsi.o           1 002
    usbh_pipes.o                182
    usbh_platform.o              32
    z_endstops.o                280                 2
    z_planner.o                 654        4      584
    z_stepper.o               1 660        2       65
    -------------------------------------------------
    Total:                   55 172   28 975   45 222

dl7M_tlf.a: [2]
    abort.o                       6
    cppinit.o                    24
    dlmalloc.o                5 344               496
    exit.o                        4
    heaptramp0.o                  4
    low_level_init.o              4
    sprintf.o                    64
    strcat.o                     30
    xencoding_8859_1.o           30
    xfail_s.o                    64                 4
    xgetmemchunk.o               44                 4
    xlocale_c.o                 120       86      128
    xmbcurmax.o                  10
    xprintffull.o             3 910
    xsprout.o                    10
    -------------------------------------------------
    Total:                    9 668       86      632

dlpp7M_tl_fc.a: [3]
    -------------------------------------------------
    Total:

m7M_tls.a: [4]
    DblAdd.o                    362
    DblCmpGe.o                   46
    DblCmpLe.o                   46
    DblDiv.o                    582
    DblMul.o                    418
    DblSub.o                    226
    DblToS32.o                   58
    DblToU32.o                   40
    FltToDbl.o                   72
    S32ToDbl.o                   34
    U32ToDbl.o                   26
    fpinit_M.o                   34
    frexp.o                     112
    ldexp.o                     314
    lroundf.o                    46
    -------------------------------------------------
    Total:                    2 416

rt7M_tl.a: [5]
    ABImemclr4.o                  6
    ABImemcpy.o                 166
    ABImemset.o                 102
    ABImemset48.o                50
    I64DivMod.o                 560
    cexit.o                      10
    cmain.o                      30
    cmain_call_ctors.o           32
    cstartup_M.o                 12
    data_init.o                  40
    lz77_init_single.o          122
    memchr.o                     88
    strchr.o                     22
    strcmp.o                     18
    strlen.o                     54
    zero_init3.o                 58
    -------------------------------------------------
    Total:                    1 370

shb_l.a: [6]
    exit.o                       20
    unwind_debug.o                         1
    -------------------------------------------------
    Total:                       20        1

    Gaps                         45       12
    Linker created                        36   24 576
-----------------------------------------------------
    Grand Total:             68 691   29 110   70 430


*******************************************************************************
*** ENTRY LIST
***

Entry                       Address    Size  Type      Object
-----                       -------    ----  ----      ------
.iar.init_table$$Base    0x802'7764           --   Gb  - Linker created -
.iar.init_table$$Limit   0x802'7788           --   Gb  - Linker created -
?main                    0x802'7801          Code  Gb  cmain.o [5]
AHBPrescTable            0x802'7990    0x10  Data  Gb  system_stm32f4xx.o [1]
Appli_state             0x2000'4c9b     0x1  Data  Gb  usb_host.o [1]
Appli_state_old         0x2000'4c96     0x1  Data  Gb  main.o [1]
BusFault_Handler         0x802'740b     0x2  Code  Gb  stm32f4xx_it.o [1]
CFG_Init()               0x801'eea9    0xa0  Code  Gb  config.o [1]
CSTACK$$Base            0x2000'5eb0           --   Gb  - Linker created -
CSTACK$$Limit           0x2000'9eb0           --   Gb  - Linker created -
CacheMore                0x802'3671    0x24  Code  Lc  xlocale_c.o [2]
DMA1_Stream3_IRQHandler
                         0x802'741d     0xa  Code  Gb  stm32f4xx_it.o [1]
DMA1_Stream4_IRQHandler
                         0x802'7427     0xa  Code  Gb  stm32f4xx_it.o [1]
DMA2_Stream2_IRQHandler
                         0x802'7445     0xa  Code  Gb  stm32f4xx_it.o [1]
DMA2_Stream5_IRQHandler
                         0x802'744f     0xa  Code  Gb  stm32f4xx_it.o [1]
DMA2_Stream7_IRQHandler
                         0x802'743b     0xa  Code  Gb  stm32f4xx_it.o [1]
DMA_CalcBaseAndBitshift
                         0x802'00bb    0x30  Code  Lc  stm32f4xx_hal_dma.o [1]
DMA_CalcBaseAndBitshift::flagBitshiftOffset
                         0x802'7b44     0x8  Data  Lc  stm32f4xx_hal_dma.o [1]
DMA_CheckFifoParam       0x802'00f9    0x88  Code  Lc  stm32f4xx_hal_dma.o [1]
DMA_SetConfig            0x802'008d    0x2e  Code  Lc  stm32f4xx_hal_dma.o [1]
DTIME_GetDateTime(DATETIME_STRUCT *)
                         0x802'35ef    0x76  Code  Gb  datetime.o [1]
DTIME_GetMinutes()       0x802'35d9    0x16  Code  Gb  datetime.o [1]
DeInitStateMachine       0x801'ad61    0x66  Code  Lc  usbh_core.o [1]
DebugMon_Handler         0x802'7411     0x2  Code  Gb  stm32f4xx_it.o [1]
DeviceCode              0x2000'4c8a     0x2  Data  Gb  lcd_low.o [1]
EXTI0_IRQHandler         0x802'7485     0xe  Code  Gb  stm32f4xx_it.o [1]
EXTI2_IRQHandler         0x802'7493     0xe  Code  Gb  stm32f4xx_it.o [1]
Endstops::hit_state     0x2000'4c9c     0x1  Data  Gb  z_endstops.o [1]
Endstops::init()         0x802'1f41    0x44  Code  Gb  z_endstops.o [1]
Endstops::live_state    0x2000'4c9d     0x1  Data  Gb  z_endstops.o [1]
Endstops::state()        0x802'3dbd     0xc  Code  Gb  z_endstops.o [1]
Endstops::update()       0x802'1f85    0x94  Code  Gb  z_endstops.o [1]
EndstopsInterrupt        0x802'1f39     0x8  Code  Gb  z_endstops.o [1]
Error_Handler            0x801'bb85     0x2  Code  Gb  main.o [1]
ExCvt                    0x802'7558    0x80  Data  Lc  ff.o [1]
FATFS_Init               0x801'2689    0x1c  Code  Gb  fatfs.o [1]
FATFS_LinkDriver         0x801'2755     0xa  Code  Gb  ff_gen_drv.o [1]
FATFS_LinkDriverEx       0x801'2711    0x44  Code  Gb  ff_gen_drv.o [1]
FLASH_SPIEnable          0x801'dac3   0x188  Code  Gb  fst_spi.o [1]
FLASH_SPIInit            0x801'da65    0x5e  Code  Gb  fst_spi.o [1]
FLASH_SPIReadBuff        0x801'dc95    0x40  Code  Gb  fst_spi.o [1]
FLASH_SPIReadBuffDMA     0x801'dcd5    0x2e  Code  Gb  fst_spi.o [1]
FLASH_SPISetSpeed        0x801'dc4b    0x1c  Code  Gb  fst_spi.o [1]
FLASH_SPIWriteReadByte   0x801'dc67    0x2e  Code  Gb  fst_spi.o [1]
FSMC_Initialized        0x2000'4c0c     0x4  Data  Lc  fsmc.o [1]
FSMC_NORSRAM_Extended_Timing_Init
                         0x802'4065    0x40  Code  Gb  stm32f4xx_ll_fsmc.o [1]
FSMC_NORSRAM_Init        0x802'3fc9    0x58  Code  Gb  stm32f4xx_ll_fsmc.o [1]
FSMC_NORSRAM_Timing_Init
                         0x802'4021    0x44  Code  Gb  stm32f4xx_ll_fsmc.o [1]
FatFs                   0x2000'4c04     0x8  Data  Lc  ff.o [1]
Fsid                    0x2000'4c88     0x2  Data  Lc  ff.o [1]
GPIO_Init                0x801'c2a9   0x140  Code  Gb  gpio.o [1]
HAL_DMA_GetState         0x802'0087     0x6  Code  Gb  stm32f4xx_hal_dma.o [1]
HAL_DMA_IRQHandler       0x801'fe7d   0x20a  Code  Gb  stm32f4xx_hal_dma.o [1]
HAL_DMA_Init             0x801'fd29    0xe0  Code  Gb  stm32f4xx_hal_dma.o [1]
HAL_DMA_Start_IT         0x801'fe09    0x74  Code  Gb  stm32f4xx_hal_dma.o [1]
HAL_Delay                0x801'bba9    0x28  Code  Wk  stm32f4xx_hal.o [1]
HAL_FSMC_MspInit         0x801'fc97    0x70  Code  Gb  fsmc.o [1]
HAL_GPIO_EXTI_IRQHandler
                         0x801'ab87    0x1c  Code  Gb  stm32f4xx_hal_gpio.o [1]
HAL_GPIO_Init            0x801'a991   0x1d0  Code  Gb  stm32f4xx_hal_gpio.o [1]
HAL_GPIO_ReadPin         0x801'ab61    0x12  Code  Gb  stm32f4xx_hal_gpio.o [1]
HAL_GPIO_WritePin        0x801'ab73    0x14  Code  Gb  stm32f4xx_hal_gpio.o [1]
HAL_GetTick              0x801'2b7d     0xc  Code  Wk  stm32f4xx_hal.o [1]
HAL_HCD_Connect_Callback
                         0x801'9c8f     0xc  Code  Gb  usbh_conf.o [1]
HAL_HCD_Disconnect_Callback
                         0x801'9c9b     0xc  Code  Gb  usbh_conf.o [1]
HAL_HCD_GetCurrentFrame
                         0x801'90b1     0xa  Code  Gb  stm32f4xx_hal_hcd.o [1]
HAL_HCD_GetCurrentSpeed
                         0x801'90bb     0xa  Code  Gb  stm32f4xx_hal_hcd.o [1]
HAL_HCD_HC_GetURBState   0x801'9097     0xe  Code  Gb  stm32f4xx_hal_hcd.o [1]
HAL_HCD_HC_GetXferCount
                         0x801'90a5     0xc  Code  Gb  stm32f4xx_hal_hcd.o [1]
HAL_HCD_HC_Halt          0x801'8ce1    0x2c  Code  Gb  stm32f4xx_hal_hcd.o [1]
HAL_HCD_HC_Init          0x801'8c17    0xca  Code  Gb  stm32f4xx_hal_hcd.o [1]
HAL_HCD_HC_NotifyURBChange_Callback
                         0x801'9ca7     0x2  Code  Gb  usbh_conf.o [1]
HAL_HCD_HC_SubmitRequest
                         0x801'8d0d   0x1f8  Code  Gb  stm32f4xx_hal_hcd.o [1]
HAL_HCD_IRQHandler       0x801'8f05   0x134  Code  Gb  stm32f4xx_hal_hcd.o [1]
HAL_HCD_Init             0x801'8ba1    0x76  Code  Gb  stm32f4xx_hal_hcd.o [1]
HAL_HCD_MspInit          0x801'9c01    0x82  Code  Gb  usbh_conf.o [1]
HAL_HCD_PortDisabled_Callback
                         0x801'9cb5     0xc  Code  Gb  usbh_conf.o [1]
HAL_HCD_PortEnabled_Callback
                         0x801'9ca9     0xc  Code  Gb  usbh_conf.o [1]
HAL_HCD_ResetPort        0x801'908d     0xa  Code  Gb  stm32f4xx_hal_hcd.o [1]
HAL_HCD_SOF_Callback     0x801'9c83     0xc  Code  Gb  usbh_conf.o [1]
HAL_HCD_Start            0x801'9039    0x2e  Code  Gb  stm32f4xx_hal_hcd.o [1]
HAL_HCD_Stop             0x801'9067    0x26  Code  Gb  stm32f4xx_hal_hcd.o [1]
HAL_IncTick              0x801'c655    0x58  Code  Gb  sys_timer.o [1]
HAL_Init                 0x801'c275    0x30  Code  Gb  stm32f4xx_hal.o [1]
HAL_InitTick             0x801'fb89    0x4c  Code  Wk  stm32f4xx_hal.o [1]
HAL_MspInit              0x801'fbd5    0x40  Code  Gb  stm32f4xx_hal_msp.o [1]
HAL_NVIC_EnableIRQ       0x801'acdd     0xa  Code  Gb  stm32f4xx_hal_cortex.o [1]
HAL_NVIC_SetPriority     0x801'acbb    0x22  Code  Gb  stm32f4xx_hal_cortex.o [1]
HAL_NVIC_SetPriorityGrouping
                         0x801'acb3     0x8  Code  Gb  stm32f4xx_hal_cortex.o [1]
HAL_RCCEx_PeriphCLKConfig
                         0x801'f969   0x12c  Code  Gb  stm32f4xx_hal_rcc_ex.o [1]
HAL_RCC_ClockConfig      0x801'f795   0x13a  Code  Gb  stm32f4xx_hal_rcc.o [1]
HAL_RCC_GetSysClockFreq
                         0x801'f8e9    0x80  Code  Wk  stm32f4xx_hal_rcc.o [1]
HAL_RCC_OscConfig        0x801'f3e1   0x3b4  Code  Wk  stm32f4xx_hal_rcc.o [1]
HAL_RTC_GetDate          0x801'2a7f    0x4e  Code  Gb  stm32f4xx_hal_rtc.o [1]
HAL_RTC_GetTime          0x801'2937    0x62  Code  Gb  stm32f4xx_hal_rtc.o [1]
HAL_RTC_Init             0x801'2765    0xcc  Code  Gb  stm32f4xx_hal_rtc.o [1]
HAL_RTC_SetDate          0x801'2999    0xe6  Code  Gb  stm32f4xx_hal_rtc.o [1]
HAL_RTC_SetTime          0x801'2831   0x106  Code  Gb  stm32f4xx_hal_rtc.o [1]
HAL_RTC_WaitForSynchro   0x801'2ad9    0x36  Code  Gb  stm32f4xx_hal_rtc.o [1]
HAL_SPI_Init             0x802'0181    0xca  Code  Gb  stm32f4xx_hal_spi.o [1]
HAL_SPI_Receive_DMA      0x802'0271   0x106  Code  Gb  stm32f4xx_hal_spi.o [1]
HAL_SPI_TransmitReceive_DMA
                         0x802'0377   0x156  Code  Gb  stm32f4xx_hal_spi.o [1]
HAL_SPI_TxRxCpltCallback
                         0x801'd821    0x1e  Code  Gb  fst_spi.o [1]
HAL_SRAM_Init            0x802'357d    0x5c  Code  Gb  stm32f4xx_hal_sram.o [1]
HAL_SRAM_MspInit         0x801'fd07     0x8  Code  Gb  fsmc.o [1]
HAL_SYSTICK_Config       0x801'ace7     0x8  Code  Gb  stm32f4xx_hal_cortex.o [1]
HAL_TIMEx_MasterConfigSynchronization
                         0x802'3f19    0x8c  Code  Gb  stm32f4xx_hal_tim_ex.o [1]
HAL_TIM_Base_Init        0x802'29ad    0x38  Code  Gb  stm32f4xx_hal_tim.o [1]
HAL_TIM_Base_MspInit     0x802'28e9    0x56  Code  Gb  tim.o [1]
HAL_TIM_Base_Start_IT    0x802'29e5    0x28  Code  Gb  stm32f4xx_hal_tim.o [1]
HAL_TIM_Base_Stop_IT     0x802'2a0d    0x34  Code  Gb  stm32f4xx_hal_tim.o [1]
HAL_TIM_ConfigClockSource
                         0x802'2d47    0xe8  Code  Gb  stm32f4xx_hal_tim.o [1]
HAL_TIM_IRQHandler       0x802'2ad5   0x176  Code  Gb  stm32f4xx_hal_tim.o [1]
HAL_TIM_MspPostInit      0x802'293f    0x4e  Code  Gb  tim.o [1]
HAL_TIM_PWM_ConfigChannel
                         0x802'2c4b    0xfc  Code  Gb  stm32f4xx_hal_tim.o [1]
HAL_TIM_PWM_Init         0x802'2a41    0x38  Code  Gb  stm32f4xx_hal_tim.o [1]
HAL_TIM_PWM_Start        0x802'2a79    0x54  Code  Gb  stm32f4xx_hal_tim.o [1]
HCD_HC_IN_IRQHandler     0x801'90c5   0x55e  Code  Lc  stm32f4xx_hal_hcd.o [1]
HCD_HC_OUT_IRQHandler    0x801'9623   0x478  Code  Lc  stm32f4xx_hal_hcd.o [1]
HCD_Port_IRQHandler      0x801'9b59    0xa8  Code  Lc  stm32f4xx_hal_hcd.o [1]
HCD_RXQLVL_IRQHandler    0x801'9a9b    0xba  Code  Lc  stm32f4xx_hal_hcd.o [1]
HEAP$$Base              0x2000'9eb0           --   Gb  - Linker created -
HEAP$$Limit             0x2000'beb0           --   Gb  - Linker created -
HardFault_Handler        0x802'7407     0x2  Code  Gb  stm32f4xx_it.o [1]
IsrStepperHandler        0x802'22f7    0x1c  Code  Gb  z_stepper.o [1]
LANG_GetLanguageName(unsigned char)
                         0x801'c7af    0x18  Code  Gb  languages.o [1]
LANG_GetString(LNG_STRING_ID)
                         0x801'c775    0x3a  Code  Gb  languages.o [1]
LANG_SetLanguage(unsigned char)
                         0x801'c7c7    0x18  Code  Gb  languages.o [1]
LCDUI_Clear()            0x801'cead     0xe  Code  Gb  lcd_ui.o [1]
LCDUI_DrawChar(char, unsigned short, short, short)
                         0x801'd1ad   0x188  Code  Gb  lcd_ui.o [1]
LCDUI_DrawFastVLine(short, short, short)
                         0x801'cebb    0x64  Code  Gb  lcd_ui.o [1]
LCDUI_DrawText(char *, unsigned short, short, short, short, short)
                         0x801'd335   0x230  Code  Gb  lcd_ui.o [1]
LCDUI_DrawTextUTF(char *, unsigned short, short, short, short, short)
                         0x801'd589   0x266  Code  Gb  lcd_ui.o [1]
LCDUI_FillRect(short, short, short, short)
                         0x801'cf1f    0x86  Code  Gb  lcd_ui.o [1]
LCDUI_FillRoundRect(short, short, short, short, short)
                         0x801'cfa5    0x82  Code  Gb  lcd_ui.o [1]
LCDUI_GetCurrentFontHeight()
                         0x801'd1a3     0xa  Code  Gb  lcd_ui.o [1]
LCDUI_GetTextWidthUTF(char *)
                         0x801'd169    0x3a  Code  Gb  lcd_ui.o [1]
LCDUI_Init()             0x801'cd6d    0x42  Code  Gb  lcd_ui.o [1]
LCDUI_SetBackColor(unsigned short)
                         0x801'ce81     0xe  Code  Gb  lcd_ui.o [1]
LCDUI_SetColor(unsigned short)
                         0x801'ce73     0xe  Code  Gb  lcd_ui.o [1]
LCDUI_SetCursorCoord(short, short)
                         0x801'ce8f    0x1e  Code  Gb  lcd_ui.o [1]
LCDUI_SetFont(LCDUI_FONT_TYPE)
                         0x801'd103    0x66  Code  Gb  lcd_ui.o [1]
LCD_BackLight            0x801'cd2b    0x1a  Code  Gb  lcd_low.o [1]
LCD_Clear                0x801'ccf7    0x34  Code  Gb  lcd_low.o [1]
LCD_CtrlLinesConfig      0x801'c7ed   0x108  Code  Gb  lcd_low.o [1]
LCD_FSMCConfig           0x801'c8f5     0x8  Code  Gb  lcd_low.o [1]
LCD_Initializtion        0x801'c99b   0x256  Code  Gb  lcd_low.o [1]
LCD_ReadRAM              0x801'c971     0xa  Code  Gb  lcd_low.o [1]
LCD_ReadReg              0x801'c917     0xa  Code  Gb  lcd_low.o [1]
LCD_Read_ID              0x801'c97b    0x20  Code  Gb  lcd_low.o [1]
LCD_SetCursor            0x801'cbf1    0x60  Code  Gb  lcd_low.o [1]
LCD_SetWindows           0x801'cc51    0xa6  Code  Gb  lcd_low.o [1]
LCD_WaitDMAReady         0x801'c961    0x10  Code  Gb  lcd_low.o [1]
LCD_WriteCmd             0x801'c921     0x8  Code  Gb  lcd_low.o [1]
LCD_WriteRAM             0x801'c933     0x8  Code  Gb  lcd_low.o [1]
LCD_WriteRAM_DMA         0x801'c93b    0x26  Code  Gb  lcd_low.o [1]
LCD_WriteRAM_Prepare     0x801'c929     0xa  Code  Gb  lcd_low.o [1]
LCD_WriteReg             0x801'c909     0xe  Code  Gb  lcd_low.o [1]
LCD_X_Init               0x801'c8fd     0xc  Code  Gb  lcd_low.o [1]
LfnBuf                  0x2000'39f0   0x200  Data  Lc  ff.o [1]
LfnOfs                   0x802'7900    0x10  Data  Lc  ff.o [1]
LoadInt                  0x802'11b3    0x7a  Code  Lc  xprintffull.o [2]
MX_FSMC_Init             0x801'fc15    0x82  Code  Gb  fsmc.o [1]
MemManage_Handler        0x802'7409     0x2  Code  Gb  stm32f4xx_it.o [1]
NMI_Handler              0x802'7405     0x2  Code  Gb  stm32f4xx_it.o [1]
NVIC_EncodePriority      0x801'ac49    0x3c  Code  Lc  stm32f4xx_hal_cortex.o [1]
OTG_FS_IRQHandler        0x802'7431     0xa  Code  Gb  stm32f4xx_it.o [1]
PendSV_Handler           0x802'7413     0x2  Code  Gb  stm32f4xx_it.o [1]
Planner::Planner()       0x802'2039     0xe  Code  Gb  z_planner.o [1]
Planner::block_buffer   0x2000'3df0   0x200  Data  Gb  z_planner.o [1]
Planner::block_buffer_head
                        0x2000'4c9f     0x1  Data  Gb  z_planner.o [1]
Planner::block_buffer_nonbusy
                        0x2000'4ca0     0x1  Data  Gb  z_planner.o [1]
Planner::block_buffer_planned
                        0x2000'4ca1     0x1  Data  Gb  z_planner.o [1]
Planner::block_buffer_tail
                        0x2000'4ca2     0x1  Data  Gb  z_planner.o [1]
Planner::buffer_sync_block()
                         0x802'2135    0x42  Code  Gb  z_planner.o [1]
Planner::cleaning_buffer_counter
                        0x2000'4c92     0x2  Data  Gb  z_planner.o [1]
Planner::clear_block_buffer()
                         0x802'3dc9    0x24  Code  Gb  z_planner.o [1]
Planner::cutoff_long    0x2000'4c3c     0x4  Data  Gb  z_planner.o [1]
Planner::delay_before_delivering
                        0x2000'4ca3     0x1  Data  Gb  z_planner.o [1]
Planner::endstop_triggered()
                         0x802'20e7     0x8  Code  Gb  z_planner.o [1]
Planner::get_current_block()
                         0x802'206f    0x78  Code  Gb  z_planner.o [1]
Planner::get_next_free_block(unsigned char &, unsigned char)
                         0x802'3e2d    0x38  Code  Gb  z_planner.o [1]
Planner::has_blocks_queued()
                         0x802'3e0d    0x20  Code  Gb  z_stepper.o [1]
Planner::init()          0x802'2047    0x28  Code  Gb  z_planner.o [1]
Planner::max_acceleration_steps_per_s2
                        0x2000'4c30     0x4  Data  Gb  z_planner.o [1]
Planner::moves_free()    0x802'4217     0xe  Code  Gb  z_planner.o [1]
Planner::movesplanned()
                         0x802'3ded    0x18  Code  Gb  z_planner.o [1]
Planner::next_block_index(unsigned char)
                         0x802'3e05     0x8  Code  Gb  z_stepper.o [1]
Planner::position       0x2000'4c38     0x4  Data  Gb  z_planner.o [1]
Planner::previous_nominal_speed_sqr
                        0x2000'4c44     0x4  Data  Gb  z_planner.o [1]
Planner::previous_speed
                        0x2000'4c40     0x4  Data  Gb  z_planner.o [1]
Planner::refresh_positioning()
                         0x802'21df    0x32  Code  Gb  z_planner.o [1]
Planner::release_current_block()
                         0x802'4225    0x1c  Code  Gb  z_stepper.o [1]
Planner::reset_acceleration_rates()
                         0x802'21ab    0x34  Code  Gb  z_planner.o [1]
Planner::set_machine_position_mm(float)
                         0x802'2179    0x2a  Code  Gb  z_planner.o [1]
Planner::set_position_mm(float)
                         0x802'21a3     0x8  Code  Gb  z_planner.o [1]
Planner::settings       0x2000'4b40    0x28  Data  Gb  z_planner.o [1]
Planner::steps_to_mm    0x2000'4c34     0x4  Data  Gb  z_planner.o [1]
Planner::synchronize()   0x802'20ef    0x1c  Code  Gb  z_planner.o [1]
RTC_Bcd2ToByte           0x801'2b61    0x1a  Code  Gb  stm32f4xx_hal_rtc.o [1]
RTC_ByteToBcd2           0x801'2b49    0x18  Code  Gb  stm32f4xx_hal_rtc.o [1]
RTC_Enable               0x801'ee83    0x10  Code  Gb  rtc.o [1]
RTC_EnterInitMode        0x801'2b0f    0x3a  Code  Gb  stm32f4xx_hal_rtc.o [1]
RTC_Init                 0x801'ede1    0xa2  Code  Gb  rtc.o [1]
Region$$Table$$Base      0x802'7764           --   Gb  - Linker created -
Region$$Table$$Limit     0x802'7788           --   Gb  - Linker created -
SHT$$INIT_ARRAY$$Base    0x802'7c5c           --   Gb  - Linker created -
SHT$$INIT_ARRAY$$Limit   0x802'7c60           --   Gb  - Linker created -
SHT$$PREINIT_ARRAY$$Base
                         0x802'7c5c           --   Gb  - Linker created -
SHT$$PREINIT_ARRAY$$Limit
                         0x802'7c5c           --   Gb  - Linker created -
SPIFL_Driver             0x802'78d8    0x14  Data  Gb  spifl_diskio.o [1]
SPIFL_EraseSector        0x801'dedd    0x52  Code  Gb  spi_flash.o [1]
SPIFL_Init               0x801'ddcb    0x42  Code  Gb  spi_flash.o [1]
SPIFL_ReadBuff           0x801'de65    0x78  Code  Gb  spi_flash.o [1]
SPIFL_ReadID             0x801'de0d    0x58  Code  Gb  spi_flash.o [1]
SPIFL_WriteBuff          0x801'df2f   0x118  Code  Gb  spi_flash.o [1]
SPIFL_initialize         0x802'7259    0x1c  Code  Gb  spifl_diskio.o [1]
SPIFL_ioctl              0x802'72ed    0x56  Code  Gb  spifl_diskio.o [1]
SPIFL_read               0x802'7285    0x34  Code  Gb  spifl_diskio.o [1]
SPIFL_status             0x802'7275    0x10  Code  Gb  spifl_diskio.o [1]
SPIFL_write              0x802'72b9    0x34  Code  Gb  spifl_diskio.o [1]
SPI_DMAError             0x802'05c1    0x24  Code  Lc  stm32f4xx_hal_spi.o [1]
SPI_DMAHalfReceiveCplt   0x802'05a9     0xa  Code  Lc  stm32f4xx_hal_spi.o [1]
SPI_DMAHalfTransmitReceiveCplt
                         0x802'05b5     0xa  Code  Lc  stm32f4xx_hal_spi.o [1]
SPI_DMAReceiveCplt       0x802'04cd    0x78  Code  Lc  stm32f4xx_hal_spi.o [1]
SPI_DMATransmitReceiveCplt
                         0x802'0545    0x64  Code  Lc  stm32f4xx_hal_spi.o [1]
SPI_EndRxTransaction     0x802'0685    0x92  Code  Lc  stm32f4xx_hal_spi.o [1]
SPI_EndRxTxTransaction   0x802'0717    0x5a  Code  Lc  stm32f4xx_hal_spi.o [1]
SPI_WaitFlagStateUntilTimeout
                         0x802'05e5    0xa0  Code  Lc  stm32f4xx_hal_spi.o [1]
SVC_Handler              0x802'740f     0x2  Code  Gb  stm32f4xx_it.o [1]
SYSTIMER_GetCountDown    0x801'c723    0x24  Code  Gb  sys_timer.o [1]
SYSTIMER_Init            0x801'c6ad    0x2a  Code  Gb  sys_timer.o [1]
SYSTIMER_NewCountDown    0x801'c6d7    0x4c  Code  Gb  sys_timer.o [1]
SYSTIMER_SetCountDown    0x801'c747    0x20  Code  Gb  sys_timer.o [1]
SpiflFS                 0x2000'12e4  0x1038  Data  Gb  fatfs.o [1]
SpiflPath               0x2000'4bfc     0x8  Data  Gb  fatfs.o [1]
Stepper::_set_position(int)
                         0x802'2711     0x6  Code  Gb  z_stepper.o [1]
Stepper::abort_current_block
                        0x2000'4ca6     0x1  Data  Gb  z_stepper.o [1]
Stepper::acc_step_rate  0x2000'4c70     0x4  Data  Gb  z_stepper.o [1]
Stepper::accelerate_until
                        0x2000'4c64     0x4  Data  Gb  z_stepper.o [1]
Stepper::acceleration_time
                        0x2000'4c4c     0x4  Data  Gb  z_stepper.o [1]
Stepper::advance_dividend
                        0x2000'4c58     0x4  Data  Gb  z_stepper.o [1]
Stepper::advance_divisor
                        0x2000'4c5c     0x4  Data  Gb  z_stepper.o [1]
Stepper::axis_did_move  0x2000'4ca5     0x1  Data  Gb  z_stepper.o [1]
Stepper::axis_is_moving()
                         0x802'3d8d    0x18  Code  Gb  z_endstops.o [1]
Stepper::block_phase_isr()
                         0x802'2549   0x190  Code  Gb  z_stepper.o [1]
Stepper::calc_timer_interval(unsigned int, unsigned char *)
                         0x802'3ec1    0x2c  Code  Gb  z_stepper.o [1]
Stepper::count_direction
                        0x2000'4ca8     0x1  Data  Gb  z_stepper.o [1]
Stepper::count_position
                        0x2000'4c78     0x4  Data  Gb  z_stepper.o [1]
Stepper::current_block  0x2000'4c48     0x4  Data  Gb  z_stepper.o [1]
Stepper::decelerate_after
                        0x2000'4c68     0x4  Data  Gb  z_stepper.o [1]
Stepper::deceleration_time
                        0x2000'4c50     0x4  Data  Gb  z_stepper.o [1]
Stepper::delta_error    0x2000'4c54     0x4  Data  Gb  z_stepper.o [1]
Stepper::discard_current_block()
                         0x802'3ea5    0x1c  Code  Gb  z_stepper.o [1]
Stepper::endstop_triggered()
                         0x802'2737    0x20  Code  Gb  z_stepper.o [1]
Stepper::endstops_trigsteps
                        0x2000'4c74     0x4  Data  Gb  z_stepper.o [1]
Stepper::init()          0x802'26d9    0x38  Code  Gb  z_stepper.o [1]
Stepper::is_awake()      0x802'4241    0x10  Code  Gb  z_stepper.o [1]
Stepper::isr()           0x802'2313    0xb8  Code  Gb  z_stepper.o [1]
Stepper::isr()::nextMainISR
                        0x2000'4c7c     0x4  Data  Lc  z_stepper.o [1]
Stepper::last_direction_bits
                        0x2000'4ca4     0x1  Data  Gb  z_stepper.o [1]
Stepper::motor_direction()
                         0x802'3da5    0x18  Code  Gb  z_stepper.o [1]
Stepper::pulse_phase_isr()
                         0x802'23cb   0x17e  Code  Gb  z_stepper.o [1]
Stepper::quick_stop()    0x802'3f0d     0xc  Code  Gb  z_stepper.o [1]
Stepper::set_directions()
                         0x802'229f    0x58  Code  Gb  z_stepper.o [1]
Stepper::set_position(int)
                         0x802'2717    0x20  Code  Gb  z_stepper.o [1]
Stepper::step_event_count
                        0x2000'4c6c     0x4  Data  Gb  z_stepper.o [1]
Stepper::step_events_completed
                        0x2000'4c60     0x4  Data  Gb  z_stepper.o [1]
Stepper::steps_per_isr  0x2000'4ca7     0x1  Data  Gb  z_stepper.o [1]
Stepper::suspend()       0x802'3eed    0x20  Code  Gb  z_stepper.o [1]
Stepper::ticks_nominal  0x2000'021c     0x4  Data  Gb  z_stepper.o [1]
Stepper::wake_up()       0x802'3e65    0x10  Code  Gb  z_stepper.o [1]
SysTick_Config           0x801'ac85    0x2e  Code  Lc  stm32f4xx_hal_cortex.o [1]
SysTick_Handler          0x802'7415     0x8  Code  Gb  stm32f4xx_it.o [1]
SystemClock_Config()     0x801'ba0d    0xc6  Code  Gb  main.o [1]
SystemCoreClock         0x2000'01f8     0x4  Data  Gb  system_stm32f4xx.o [1]
SystemInit               0x802'77a9    0x12  Code  Gb  system_stm32f4xx.o [1]
TGUI_ChangeLanguage(unsigned char)
                         0x801'ebb7    0xc0  Code  Gb  tgui.o [1]
TGUI_DrawLogo()          0x801'ec77     0xa  Code  Gb  tgui.o [1]
TGUI_ForceRepaint()      0x801'ec81    0x18  Code  Gb  tgui.o [1]
TGUI_Init()              0x801'e081   0xb36  Code  Gb  tgui.o [1]
TGUI_PointInRect(TOUCH_POINT *, TG_RECT *)
                         0x801'e059    0x28  Code  Gb  tgui.o [1]
TGUI_Process()           0x801'ec99    0x18  Code  Gb  tgui.o [1]
TIM2_IRQHandler          0x802'7459     0xe  Code  Gb  stm32f4xx_it.o [1]
TIM_Base_SetConfig       0x802'2e2f    0xba  Code  Gb  stm32f4xx_hal_tim.o [1]
TIM_CCxChannelCmd        0x802'3111    0x26  Code  Gb  stm32f4xx_hal_tim.o [1]
TIM_ETR_SetConfig        0x802'30fb    0x16  Code  Gb  stm32f4xx_hal_tim.o [1]
TIM_ITRx_SetConfig       0x802'30eb    0x10  Code  Lc  stm32f4xx_hal_tim.o [1]
TIM_OC1_SetConfig        0x802'2ee9    0x64  Code  Lc  stm32f4xx_hal_tim.o [1]
TIM_OC2_SetConfig        0x802'2f4d    0x6e  Code  Gb  stm32f4xx_hal_tim.o [1]
TIM_OC3_SetConfig        0x802'2fbb    0x6c  Code  Lc  stm32f4xx_hal_tim.o [1]
TIM_OC4_SetConfig        0x802'3027    0x4c  Code  Lc  stm32f4xx_hal_tim.o [1]
TIM_TI1_ConfigInputStage
                         0x802'30a1    0x24  Code  Lc  stm32f4xx_hal_tim.o [1]
TIM_TI2_ConfigInputStage
                         0x802'30c5    0x26  Code  Lc  stm32f4xx_hal_tim.o [1]
TIM_ZRef_Init            0x802'2839    0xb0  Code  Gb  tim.o [1]
TIM_ZStepper_Init        0x802'27c5    0x74  Code  Gb  tim.o [1]
TOUCH_SPIEnable          0x801'd8a3   0x15a  Code  Gb  fst_spi.o [1]
TOUCH_SPIGetState        0x801'da53     0x8  Code  Gb  fst_spi.o [1]
TOUCH_SPIInit            0x801'd83f    0x64  Code  Gb  fst_spi.o [1]
TOUCH_SPIStartRead       0x801'd9fd    0x56  Code  Gb  fst_spi.o [1]
Timers                  0x2000'4428   0x100  Data  Gb  sys_timer.o [1]
Touch_Enable             0x801'c60b     0x8  Code  Gb  touch.o [1]
Touch_GetCoords          0x801'c625     0xc  Code  Gb  touch.o [1]
Touch_GetState           0x801'c613     0x6  Code  Gb  touch.o [1]
Touch_Init               0x801'c5d7    0x34  Code  Gb  touch.o [1]
Touch_IsPressed          0x801'c631    0x18  Code  Gb  touch.o [1]
Touch_SetWorked          0x801'c619     0xc  Code  Gb  touch.o [1]
USBH_AllocPipe           0x801'bc33    0x32  Code  Gb  usbh_pipes.o [1]
USBH_BulkReceiveData     0x801'fb65    0x24  Code  Gb  usbh_ioreq.o [1]
USBH_BulkSendData        0x801'fb33    0x32  Code  Gb  usbh_ioreq.o [1]
USBH_ClosePipe           0x801'bc27     0xc  Code  Gb  usbh_pipes.o [1]
USBH_ClrFeature          0x801'be1d    0x26  Code  Gb  usbh_ctlreq.o [1]
USBH_CtlReceiveData      0x801'fb0f    0x24  Code  Gb  usbh_ioreq.o [1]
USBH_CtlReq              0x801'c005    0x54  Code  Gb  usbh_ctlreq.o [1]
USBH_CtlSendData         0x801'fadd    0x32  Code  Gb  usbh_ioreq.o [1]
USBH_CtlSendSetup        0x801'fab9    0x24  Code  Gb  usbh_ioreq.o [1]
USBH_Delay               0x801'9ec7     0x8  Code  Gb  usbh_conf.o [1]
USBH_Driver              0x802'78ec    0x14  Data  Gb  usbh_diskio.o [1]
USBH_FindInterface       0x801'ae15    0x66  Code  Gb  usbh_core.o [1]
USBH_FreePipe            0x801'bc65    0x26  Code  Gb  usbh_pipes.o [1]
USBH_GetDescriptor       0x801'bd71    0x3c  Code  Gb  usbh_ctlreq.o [1]
USBH_GetFreePipe         0x801'bc8b    0x2e  Code  Lc  usbh_pipes.o [1]
USBH_GetNextDesc         0x801'bff5    0x10  Code  Gb  usbh_ctlreq.o [1]
USBH_Get_CfgDesc         0x801'bcf7    0x3a  Code  Gb  usbh_ctlreq.o [1]
USBH_Get_DevDesc         0x801'bcb9    0x3e  Code  Gb  usbh_ctlreq.o [1]
USBH_Get_StringDesc      0x801'bd31    0x40  Code  Gb  usbh_ctlreq.o [1]
USBH_Get_USB_Status      0x801'9ecf    0x2a  Code  Gb  usbh_conf.o [1]
USBH_HandleControl       0x801'c059   0x21c  Code  Lc  usbh_ctlreq.o [1]
USBH_HandleEnum          0x801'b169   0x2be  Code  Lc  usbh_core.o [1]
USBH_HandleSof           0x801'b43f    0x1a  Code  Lc  usbh_core.o [1]
USBH_Init                0x801'ad11    0x50  Code  Gb  usbh_core.o [1]
USBH_LL_ClosePipe        0x801'9dd9    0x1a  Code  Gb  usbh_conf.o [1]
USBH_LL_Connect          0x801'b469    0x16  Code  Gb  usbh_core.o [1]
USBH_LL_Disconnect       0x801'b47f    0x30  Code  Gb  usbh_core.o [1]
USBH_LL_DriverVBUS       0x801'9e3d    0x1c  Code  Gb  usbh_conf.o [1]
USBH_LL_GetLastXferSize
                         0x801'9d9b     0xe  Code  Gb  usbh_conf.o [1]
USBH_LL_GetSpeed         0x801'9d59    0x2a  Code  Gb  usbh_conf.o [1]
USBH_LL_GetToggle        0x801'9e91    0x36  Code  Gb  usbh_conf.o [1]
USBH_LL_GetURBState      0x801'9e2f     0xe  Code  Gb  usbh_conf.o [1]
USBH_LL_IncTimer         0x801'b42d    0x12  Code  Gb  usbh_core.o [1]
USBH_LL_Init             0x801'9cc1    0x50  Code  Gb  usbh_conf.o [1]
USBH_LL_OpenPipe         0x801'9da9    0x30  Code  Gb  usbh_conf.o [1]
USBH_LL_PortDisabled     0x801'b461     0x8  Code  Gb  usbh_core.o [1]
USBH_LL_PortEnabled      0x801'b459     0x8  Code  Gb  usbh_core.o [1]
USBH_LL_ResetPort        0x801'9d83    0x18  Code  Gb  usbh_conf.o [1]
USBH_LL_SetTimer         0x801'b427     0x6  Code  Gb  usbh_core.o [1]
USBH_LL_SetToggle        0x801'9e59    0x38  Code  Gb  usbh_conf.o [1]
USBH_LL_Start            0x801'9d29    0x18  Code  Gb  usbh_conf.o [1]
USBH_LL_Stop             0x801'9d41    0x18  Code  Gb  usbh_conf.o [1]
USBH_LL_SubmitURB        0x801'9df3    0x3c  Code  Gb  usbh_conf.o [1]
USBH_MSC_BOT_Abort       0x802'5cad    0x30  Code  Lc  usbh_msc_bot.o [1]
USBH_MSC_BOT_Init        0x802'59e7    0x22  Code  Gb  usbh_msc_bot.o [1]
USBH_MSC_BOT_Process     0x802'5a09   0x2a4  Code  Gb  usbh_msc_bot.o [1]
USBH_MSC_BOT_REQ_GetMaxLUN
                         0x802'59c9    0x1e  Code  Gb  usbh_msc_bot.o [1]
USBH_MSC_BOT_REQ_Reset   0x802'59a9    0x20  Code  Gb  usbh_msc_bot.o [1]
USBH_MSC_ClassRequest    0x802'52c7    0x90  Code  Lc  usbh_msc.o [1]
USBH_MSC_DecodeCSW       0x802'5cdd    0x54  Code  Lc  usbh_msc_bot.o [1]
USBH_MSC_GetLUNInfo      0x802'5843    0x2e  Code  Gb  usbh_msc.o [1]
USBH_MSC_InterfaceDeInit
                         0x802'5269    0x5e  Code  Lc  usbh_msc.o [1]
USBH_MSC_InterfaceInit   0x802'50f5   0x174  Code  Lc  usbh_msc.o [1]
USBH_MSC_Process         0x802'5357   0x380  Code  Lc  usbh_msc.o [1]
USBH_MSC_RdWrProcess     0x802'56db   0x140  Code  Lc  usbh_msc.o [1]
USBH_MSC_Read            0x802'5871    0x9c  Code  Gb  usbh_msc.o [1]
USBH_MSC_SCSI_Inquiry    0x802'5e47   0x100  Code  Gb  usbh_msc_scsi.o [1]
USBH_MSC_SCSI_Read       0x802'608f    0x9c  Code  Gb  usbh_msc_scsi.o [1]
USBH_MSC_SCSI_ReadCapacity
                         0x802'5da1    0xa6  Code  Gb  usbh_msc_scsi.o [1]
USBH_MSC_SCSI_RequestSense
                         0x802'5f47    0xac  Code  Gb  usbh_msc_scsi.o [1]
USBH_MSC_SCSI_TestUnitReady
                         0x802'5d41    0x60  Code  Gb  usbh_msc_scsi.o [1]
USBH_MSC_SCSI_Write      0x802'5ff3    0x9c  Code  Gb  usbh_msc_scsi.o [1]
USBH_MSC_SOFProcess      0x802'56d7     0x4  Code  Lc  usbh_msc.o [1]
USBH_MSC_UnitIsReady     0x802'581b    0x28  Code  Gb  usbh_msc.o [1]
USBH_MSC_Write           0x802'590d    0x9c  Code  Gb  usbh_msc.o [1]
USBH_OpenPipe            0x801'bc03    0x24  Code  Gb  usbh_pipes.o [1]
USBH_ParseCfgDesc        0x801'be9f    0xd0  Code  Lc  usbh_ctlreq.o [1]
USBH_ParseDevDesc        0x801'be43    0x5c  Code  Lc  usbh_ctlreq.o [1]
USBH_ParseEPDesc         0x801'bf95    0x20  Code  Lc  usbh_ctlreq.o [1]
USBH_ParseInterfaceDesc
                         0x801'bf6f    0x26  Code  Lc  usbh_ctlreq.o [1]
USBH_ParseStringDesc     0x801'bfb5    0x40  Code  Lc  usbh_ctlreq.o [1]
USBH_Process             0x801'ae91   0x2d8  Code  Gb  usbh_core.o [1]
USBH_RegisterClass       0x801'adc7    0x2e  Code  Gb  usbh_core.o [1]
USBH_SelectInterface     0x801'adf5    0x20  Code  Gb  usbh_core.o [1]
USBH_SetAddress          0x801'bdad    0x26  Code  Gb  usbh_ctlreq.o [1]
USBH_SetCfg              0x801'bdd3    0x24  Code  Gb  usbh_ctlreq.o [1]
USBH_SetFeature          0x801'bdf7    0x26  Code  Gb  usbh_ctlreq.o [1]
USBH_Start               0x801'ae7b    0x16  Code  Gb  usbh_core.o [1]
USBH_UserProcess         0x801'f171    0x3a  Code  Lc  usb_host.o [1]
USBH_initialize          0x802'69d5     0x4  Code  Gb  usbh_diskio.o [1]
USBH_ioctl               0x802'6a8f    0x86  Code  Gb  usbh_diskio.o [1]
USBH_msc                0x2000'01fc    0x20  Data  Gb  usbh_msc.o [1]
USBH_read                0x802'69f5    0x48  Code  Gb  usbh_diskio.o [1]
USBH_status              0x802'69d9    0x1c  Code  Gb  usbh_diskio.o [1]
USBH_write               0x802'6a3d    0x52  Code  Gb  usbh_diskio.o [1]
USB_CoreInit             0x801'9ef9    0x80  Code  Gb  stm32f4xx_ll_usb.o [1]
USB_CoreReset            0x801'a07b    0x32  Code  Lc  stm32f4xx_ll_usb.o [1]
USB_DisableGlobalInt     0x801'9f85     0xc  Code  Gb  stm32f4xx_ll_usb.o [1]
USB_DoPing               0x801'a7c3    0x3c  Code  Gb  stm32f4xx_ll_usb.o [1]
USB_DriveVbus            0x801'a247    0x4e  Code  Gb  stm32f4xx_ll_usb.o [1]
USB_EnableGlobalInt      0x801'9f79     0xc  Code  Gb  stm32f4xx_ll_usb.o [1]
USB_FlushRxFifo          0x801'9feb    0x1e  Code  Gb  stm32f4xx_ll_usb.o [1]
USB_FlushTxFifo          0x801'9fc9    0x22  Code  Gb  stm32f4xx_ll_usb.o [1]
USB_GetCurrentFrame      0x801'a2ad     0xa  Code  Gb  stm32f4xx_ll_usb.o [1]
USB_GetHostSpeed         0x801'a295    0x18  Code  Gb  stm32f4xx_ll_usb.o [1]
USB_GetMode              0x801'a073     0x8  Code  Gb  stm32f4xx_ll_usb.o [1]
USB_HC_Halt              0x801'a661   0x162  Code  Gb  stm32f4xx_ll_usb.o [1]
USB_HC_Init              0x801'a2b7   0x1de  Code  Gb  stm32f4xx_ll_usb.o [1]
USB_HC_ReadInterrupt     0x801'a657     0xa  Code  Gb  stm32f4xx_ll_usb.o [1]
USB_HC_StartXfer         0x801'a495   0x1c2  Code  Gb  stm32f4xx_ll_usb.o [1]
USB_HC_StartXfer::tmpreg
                        0x2000'4c24     0x4  Data  Lc  stm32f4xx_ll_usb.o [1]
USB_HOST_Init            0x801'f12d    0x38  Code  Gb  usb_host.o [1]
USB_HOST_Process         0x801'f165     0xa  Code  Gb  usb_host.o [1]
USB_HOST_VbusFS          0x801'bb89    0x20  Code  Gb  usbh_platform.o [1]
USB_HostInit             0x801'a0b5   0x102  Code  Gb  stm32f4xx_ll_usb.o [1]
USB_InitFSLSPClkSel      0x801'a1b9    0x4e  Code  Gb  stm32f4xx_ll_usb.o [1]
USB_ReadInterrupts       0x801'a069     0xa  Code  Gb  stm32f4xx_ll_usb.o [1]
USB_ReadPacket           0x801'a045    0x24  Code  Gb  stm32f4xx_ll_usb.o [1]
USB_ResetPort            0x801'a207    0x40  Code  Gb  stm32f4xx_ll_usb.o [1]
USB_SetCurrentMode       0x801'9f91    0x38  Code  Gb  stm32f4xx_ll_usb.o [1]
USB_StopHost             0x801'a81d    0xa0  Code  Gb  stm32f4xx_ll_usb.o [1]
USB_WritePacket          0x801'a00d    0x38  Code  Gb  stm32f4xx_ll_usb.o [1]
UTF8toANSI(char *)       0x801'f1b9    0x3a  Code  Gb  unicode_utils.o [1]
UTF8toUnicode(char *)    0x801'f1fd    0x44  Code  Gb  unicode_utils.o [1]
UnicodeToANSI(unsigned short)
                         0x801'f241    0x34  Code  Gb  unicode_utils.o [1]
UnicodeToANSI_Str(char *, unsigned short *, unsigned short)
                         0x801'f275    0x5c  Code  Gb  unicode_utils.o [1]
UsageFault_Handler       0x802'740d     0x2  Code  Gb  stm32f4xx_it.o [1]
UsbFS                   0x2000'02ac  0x1038  Data  Gb  fatfs.o [1]
UsbMounted              0x2000'4c97     0x1  Data  Gb  main.o [1]
UsbPath                 0x2000'4bf4     0x8  Data  Gb  fatfs.o [1]
ZMOTOR_Init()            0x801'f045    0x9c  Code  Gb  motor.o [1]
[...]
__aeabi_cdcmple          0x802'3849          Code  Gb  DblCmpLe.o [4]
__aeabi_cdrcmple         0x802'3879          Code  Gb  DblCmpGe.o [4]
__aeabi_d2iz             0x802'39e5          Code  Gb  DblToS32.o [4]
__aeabi_d2uiz            0x802'3325          Code  Gb  DblToU32.o [4]
__aeabi_ddiv             0x802'3b29          Code  Gb  DblDiv.o [4]
__aeabi_dmul             0x802'3181          Code  Gb  DblMul.o [4]
__aeabi_dsub             0x802'3a45          Code  Gb  DblSub.o [4]
__aeabi_f2d              0x802'3139          Code  Gb  FltToDbl.o [4]
__aeabi_i2d              0x802'3a21          Code  Gb  S32ToDbl.o [4]
__aeabi_memclr4          0x801'a981          Code  Gb  ABImemclr4.o [5]
__aeabi_memcpy           0x801'a8bd          Code  Gb  ABImemcpy.o [5]
__aeabi_memcpy4          0x801'a8dd          Code  Gb  ABImemcpy.o [5]
__aeabi_memcpy8          0x801'a8dd          Code  Gb  ABImemcpy.o [5]
__aeabi_memset           0x801'f379          Code  Gb  ABImemset.o [5]
__aeabi_ui2d             0x802'3d71          Code  Gb  U32ToDbl.o [4]
__aeabi_uldivmod         0x802'334d          Code  Gb  I64DivMod.o [5]
__call_ctors             0x802'77e9    0x18  Code  Gb  cppinit.o [2]
__cmain                  0x802'7801          Code  Gb  cmain.o [5]
__data_GetMemChunk       0x801'7a99    0x2c  Code  Gb  xgetmemchunk.o [2]
__data_GetMemChunk::start
                        0x2000'4c84     0x4  Data  Lc  xgetmemchunk.o [2]
__exit                   0x801'7ac5    0x14  Code  Gb  exit.o [6]
__iar_Fail_s             0x802'36fd    0x1c  Code  Gb  xfail_s.o [2]
__iar_Mbcurmax           0x802'37cd     0xa  Code  Gb  xmbcurmax.o [2]
__iar_Memchr             0x802'3775          Code  Gb  memchr.o [5]
__iar_Memset             0x801'f379          Code  Gb  ABImemset.o [5]
__iar_Memset4_word       0x801'bbd1          Code  Gb  ABImemset48.o [5]
__iar_Memset8_word       0x801'bbd1          Code  Gb  ABImemset48.o [5]
__iar_Memset_word        0x801'f381          Code  Gb  ABImemset.o [5]
__iar_Strchr             0x802'36e5          Code  Gb  strchr.o [5]
__iar_cstart_call_ctors
                         0x802'77c9    0x20  Code  Gb  cmain_call_ctors.o [5]
__iar_dadd               0x802'3a55          Code  Gb  DblSub.o [4]
__iar_data_init3         0x802'76d1    0x28  Code  Gb  data_init.o [5]
__iar_debug_exceptions   0x801'b4ae     0x1  Data  Gb  unwind_debug.o [6]
__iar_dlfree             0x801'7557   0x4f6  Code  Gb  dlmalloc.o [2]
__iar_dlmalloc           0x801'72a1   0x2b6  Code  Gb  dlmalloc.o [2]
__iar_dsub               0x802'40ad          Code  Gb  DblAdd.o [4]
__iar_dsubStart          0x802'40bf          Code  Gb  DblAdd.o [4]
__iar_frexp              0x802'37e5          Code  Gb  frexp.o [4]
__iar_frexpl             0x802'37e5          Code  Gb  frexp.o [4]
__iar_globLocale        0x2000'0258    0x48  Data  Lc  xlocale_c.o [2]
__iar_global_Locale      0x802'366d     0x4  Code  Gb  xlocale_c.o [2]
__iar_init_vfp           0x802'7741          Code  Gb  fpinit_M.o [4]
__iar_ldexp64            0x802'38a9          Code  Gb  ldexp.o [4]
__iar_lround32           0x802'3e79          Code  Gb  lroundf.o [4]
__iar_lz77_init_single3
                         0x801'241b    0x7a  Code  Gb  lz77_init_single.o [5]
__iar_program_start      0x802'7a79          Code  Gb  cstartup_M.o [5]
__iar_scalbln64          0x802'38a9          Code  Gb  ldexp.o [4]
__iar_scalbn64           0x802'38a9          Code  Gb  ldexp.o [4]
__iar_softfp___iar_frexp64
                         0x802'37d9          Code  Gb  frexp.o [4]
__iar_softfp_frexp       0x802'37d9          Code  Gb  frexp.o [4]
__iar_softfp_frexpl      0x802'37d9          Code  Gb  frexp.o [4]
__iar_tls$$INIT_ARRAY$$Base
                         0x802'7c60           --   Gb  - Linker created -
__iar_tls$$INIT_ARRAY$$Limit
                         0x802'7c60           --   Gb  - Linker created -
__iar_vfp___iar_lround32
                         0x802'3e75          Code  Gb  lroundf.o [4]
__iar_vfp_lroundf        0x802'3e75          Code  Gb  lroundf.o [4]
__iar_zero_init3         0x801'7a5f    0x3a  Code  Gb  zero_init3.o [5]
__low_level_init         0x802'781f     0x4  Code  Gb  low_level_init.o [2]
__sti__routine           0x802'202d     0xc  Code  Lc  z_planner.o [1]
__vector_table           0x801'0000          Data  Gb  startup_stm32f407xx.o [1]
_call_main               0x802'780d          Code  Gb  cmain.o [5]
_exit                    0x802'7829          Code  Gb  cexit.o [5]
_flash_SPIGetFlags       0x801'da5b     0xa  Code  Gb  fst_spi.o [1]
_gLocale_mblen           0x802'36d1     0x4  Code  Gb  xlocale_c.o [2]
_gLocale_mblenInt        0x802'3695    0x2c  Code  Gb  xlocale_c.o [2]
_gLocale_wctomb          0x802'36d5     0x4  Code  Gb  xlocale_c.o [2]
_gLocale_wctombInt       0x802'36cd     0x4  Code  Gb  xlocale_c.o [2]
_gm_                    0x2000'3ff0   0x1d8  Data  Lc  dlmalloc.o [2]
_lcdui_FillCircle_helper(short, short, short, unsigned char, short)
                         0x801'cdaf    0xc4  Code  Gb  lcd_ui.o [1]
_lcdui_GetCharData(char)
                         0x801'd077    0x8c  Code  Gb  lcd_ui.o [1]
_lcdui_GetCharWidth(char)
                         0x801'd027    0x50  Code  Gb  lcd_ui.o [1]
_main                    0x802'781b          Code  Gb  cmain.o [5]
_spifl_WaitBusy          0x801'dd55    0x4a  Code  Gb  spi_flash.o [1]
_spifl_WriteEnable       0x801'dd9f    0x2c  Code  Gb  spi_flash.o [1]
_spifl_bust_counts      0x2000'4c18     0x4  Data  Gb  spi_flash.o [1]
_spifl_info             0x2000'4be8     0xc  Data  Gb  spi_flash.o [1]
_tgui_DefaultButtonPaint(void *, void *)
                         0x802'0bf5    0xec  Code  Gb  tgui_defaultfuncs.o [1]
_tgui_DefaultButtonProcess(void *, void *)
                         0x802'0ce1   0x158  Code  Gb  tgui_defaultfuncs.o [1]
_tgui_DefaultScreenPaint(void *, void *)
                         0x802'0e39    0xc6  Code  Gb  tgui_defaultfuncs.o [1]
_tgui_DefaultScreenProcess(void *, void *)
                         0x802'0eff    0xcc  Code  Gb  tgui_defaultfuncs.o [1]
_tgui_DrawFileCimgBackground(char *)
                         0x802'0993   0x262  Code  Gb  tgui_defaultfuncs.o [1]
_tgui_DrawStringInRect(char *, TG_RECT *, TG_TEXTOPTIONS *)
                         0x802'08c3    0xd0  Code  Gb  tgui_defaultfuncs.o [1]
_tgui_InfoScreenFansTimePaint(void *, void *)
                         0x802'74fd    0x34  Code  Gb  tgui_infoscreenfuncs.o [1]
_tgui_InfoScreenLightTimePaint(void *, void *)
                         0x802'74c9    0x34  Code  Gb  tgui_infoscreenfuncs.o [1]
_tgui_InfoScreenVersionPaint(void *, void *)
                         0x802'74a1    0x28  Code  Gb  tgui_infoscreenfuncs.o [1]
_tgui_LanguageButtonPress(void *, void *)
                         0x802'79c1     0xe  Code  Gb  tgui_langscreenfuncs.o [1]
_tgui_ScreenTimeInit()   0x802'079d    0x24  Code  Gb  tgui_defaultfuncs.o [1]
_tgui_ScreenTimePaint(void *, void *)
                         0x802'07ff    0xc4  Code  Gb  tgui_defaultfuncs.o [1]
_tgui_ScreenTimeProcess(void *, void *)
                         0x802'07c1    0x3e  Code  Gb  tgui_defaultfuncs.o [1]
_tgui_ScreenTimeProcess(void *, void *)::minutes
                        0x2000'4c9a     0x1  Data  Lc  tgui_defaultfuncs.o [1]
_touch_ReadCoords        0x801'c3e9    0xc8  Code  Gb  touch.o [1]
_touch_RefreshState      0x801'c4b1   0x126  Code  Gb  touch.o [1]
_zmotor_Pins_Init()      0x801'ef53    0xf2  Code  Gb  motor.o [1]
abort                    0x801'7a59     0x6  Code  Gb  abort.o [2]
add_segment              0x801'6941   0x1f2  Code  Lc  dlmalloc.o [2]
cfgzMotor               0x2000'499c    0x40  Data  Gb  config.o [1]
cfname                  0x2000'2b1c   0x400  Data  Gb  main.o [1]
check_fs                 0x801'1635    0x76  Code  Lc  ff.o [1]
chk_chr                  0x801'020f    0x14  Code  Lc  ff.o [1]
clst2sect                0x801'0403    0x1a  Code  Lc  ff.o [1]
cmp_lfn                  0x801'0afd    0xa0  Code  Lc  ff.o [1]
create_chain             0x801'0711   0x130  Code  Lc  ff.o [1]
create_name              0x801'12c1   0x286  Code  Lc  ff.o [1]
d                       0x2000'4c1c     0x4  Data  Gb  spi_flash.o [1]
dbc_1st                  0x801'0223     0xe  Code  Lc  ff.o [1]
dbc_2nd                  0x801'0231     0xe  Code  Lc  ff.o [1]
dir                     0x2000'4a5c    0x34  Data  Gb  main.o [1]
dir_alloc                0x801'0a49    0x64  Code  Lc  ff.o [1]
dir_clear                0x801'0841    0x64  Code  Lc  ff.o [1]
dir_find                 0x801'0e7b   0x118  Code  Lc  ff.o [1]
dir_next                 0x801'0957    0xf2  Code  Lc  ff.o [1]
dir_read                 0x801'0d7b   0x100  Code  Lc  ff.o [1]
dir_register             0x801'0f93   0x166  Code  Lc  ff.o [1]
dir_sdi                  0x801'08a5    0xb2  Code  Lc  ff.o [1]
disk                    0x2000'4bbc    0x10  Data  Gb  ff_gen_drv.o [1]
disk_initialize          0x801'24b3    0x32  Code  Gb  diskio.o [1]
disk_ioctl               0x801'2521    0x20  Code  Gb  diskio.o [1]
disk_read                0x801'24e5    0x1e  Code  Gb  diskio.o [1]
disk_status              0x801'2495    0x1e  Code  Gb  diskio.o [1]
disk_write               0x801'2503    0x1e  Code  Gb  diskio.o [1]
exit                     0x802'7823     0x4  Code  Gb  exit.o [2]
f_close                  0x801'2147    0x2a  Code  Gb  ff.o [1]
f_closedir               0x801'23a3    0x1c  Code  Gb  ff.o [1]
f_lseek                  0x801'2171   0x1aa  Code  Gb  ff.o [1]
f_mount                  0x801'1a2b    0x54  Code  Gb  ff.o [1]
f_open                   0x801'1aa9   0x21a  Code  Gb  ff.o [1]
f_opendir                0x801'231b    0x88  Code  Gb  ff.o [1]
f_read                   0x801'1cc3   0x1cc  Code  Gb  ff.o [1]
f_readdir                0x801'23bf    0x5c  Code  Gb  ff.o [1]
f_sync                   0x801'20a7    0xa0  Code  Gb  ff.o [1]
f_write                  0x801'1e8f   0x218  Code  Gb  ff.o [1]
fbuff                   0x1000'0000  0x2000  Data  Gb  main.o [1]
ff_oem2uni               0x801'258b    0x3a  Code  Gb  ffunicode.o [1]
ff_uni2oem               0x801'2545    0x46  Code  Gb  ffunicode.o [1]
ff_wtoupper              0x801'25c5    0xb6  Code  Gb  ffunicode.o [1]
ff_wtoupper::cvt1        0x802'67e0   0x1f4  Data  Lc  ffunicode.o [1]
ff_wtoupper::cvt2        0x802'7348    0xbc  Data  Lc  ffunicode.o [1]
find_volume              0x801'16b1    0x6c  Code  Lc  ff.o [1]
finfo                   0x2000'35b8   0x224  Data  Gb  main.o [1]
fnt12_data               0x802'612c   0x6b4  Data  Gb  fnt12.o [1]
fnt12_width              0x802'6b18   0x140  Data  Gb  fnt12.o [1]
fnt18_data               0x802'4250   0xea4  Data  Gb  fnt18.o [1]
fnt18_width              0x802'6c58   0x140  Data  Gb  fnt18.o [1]
fnt18bold_data           0x801'7ad8  0x10c8  Data  Gb  fnt18bold.o [1]
fnt18bold_width          0x802'6d98   0x140  Data  Gb  fnt18bold.o [1]
fnt24_data               0x801'4c1c  0x195c  Data  Gb  fnt24.o [1]
fnt24_width              0x802'6ed8   0x140  Data  Gb  fnt24.o [1]
fnt24bold_data           0x801'2b88  0x2094  Data  Gb  fnt24bold.o [1]
fnt24bold_width          0x802'7018   0x140  Data  Gb  fnt24bold.o [1]
follow_path              0x801'154d    0x9a  Code  Lc  ff.o [1]
font_fnt12              0x2000'0000     0xc  Data  Gb  fnt12.o [1]
font_fnt18              0x2000'000c     0xc  Data  Gb  fnt18.o [1]
font_fnt18bold          0x2000'0018     0xc  Data  Gb  fnt18bold.o [1]
font_fnt24              0x2000'0024     0xc  Data  Gb  fnt24.o [1]
font_fnt24bold          0x2000'0030     0xc  Data  Gb  fnt24bold.o [1]
free                     0x802'5d3d     0x4  Code  Gb  heaptramp0.o [2]
gen_numname              0x801'0cb9    0xa2  Code  Lc  ff.o [1]
get_fat                  0x801'041d   0x10a  Code  Lc  ff.o [1]
get_fattime              0x801'26a5    0x50  Code  Gb  fatfs.o [1]
get_fileinfo             0x801'10f9   0x1c8  Code  Lc  ff.o [1]
get_ldnumber             0x801'15e7    0x4e  Code  Lc  ff.o [1]
hFlashSpi               0x2000'468c    0x80  Data  Gb  fst_spi.o [1]
hFlashSpiDmaRx          0x2000'482c    0x60  Data  Gb  fst_spi.o [1]
hFlashSpiDmaTx          0x2000'488c    0x60  Data  Gb  fst_spi.o [1]
hLcdDma                 0x2000'48ec    0x60  Data  Gb  lcd_low.o [1]
hRTC                    0x2000'4b68    0x20  Data  Gb  rtc.o [1]
hStepperTim             0x2000'49dc    0x40  Data  Gb  tim.o [1]
hTouchSpi               0x2000'460c    0x80  Data  Gb  fst_spi.o [1]
hTouchSpiDmaRx          0x2000'470c    0x60  Data  Gb  fst_spi.o [1]
hTouchSpiDmaTx          0x2000'476c    0x60  Data  Gb  fst_spi.o [1]
hUsbHost                0x2000'2f1c   0x3d8  Data  Gb  usb_host.o [1]
hZRefTim                0x2000'4a1c    0x40  Data  Gb  tim.o [1]
hhcd_USB_OTG_FS         0x2000'32f4   0x2c4  Data  Gb  usbh_conf.o [1]
hsram1                  0x2000'494c    0x50  Data  Gb  fsmc.o [1]
idle()                   0x801'ef49     0xa  Code  Gb  motor.o [1]
idle()::idlecount       0x2000'4c14     0x4  Data  Lc  motor.o [1]
init_mparams             0x801'6593    0x32  Code  Lc  dlmalloc.o [2]
init_top                 0x801'65c5    0x36  Code  Lc  dlmalloc.o [2]
lcdui_bgcolor           0x2000'4c90     0x2  Data  Gb  lcd_ui.o [1]
lcdui_color             0x2000'02a4     0x2  Data  Gb  lcd_ui.o [1]
lcdui_current_font      0x2000'01f0     0x4  Data  Gb  lcd_ui.o [1]
lcdui_current_font_type
                        0x2000'02a6     0x1  Data  Gb  lcd_ui.o [1]
lcdui_cursor_x          0x2000'4c8c     0x2  Data  Gb  lcd_ui.o [1]
lcdui_cursor_y          0x2000'4c8e     0x2  Data  Gb  lcd_ui.o [1]
lcdui_height            0x2000'02a2     0x2  Data  Gb  lcd_ui.o [1]
lcdui_width             0x2000'02a0     0x2  Data  Gb  lcd_ui.o [1]
ld_clust                 0x801'0aad    0x26  Code  Lc  ff.o [1]
ld_dword                 0x801'0195    0x16  Code  Lc  ff.o [1]
ld_word                  0x801'0189     0xc  Code  Lc  ff.o [1]
ldexp                    0x802'38a9          Code  Gb  ldexp.o [4]
ldexpl                   0x802'38a9          Code  Gb  ldexp.o [4]
lngCurrLanguage         0x2000'01ec     0x4  Data  Gb  languages.o [1]
lngEmptyString          0x2000'4c10     0x4  Data  Gb  languages.o [1]
lngLangEng              0x2000'003c    0xd0  Data  Gb  languages.o [1]
lngLangRus              0x2000'010c    0xd0  Data  Gb  languages.o [1]
lngLanguages            0x2000'01dc    0x10  Data  Gb  languages.o [1]
localeconv               0x802'36d9     0x4  Code  Gb  xlocale_c.o [2]
lroundf                  0x802'3e79          Code  Gb  lroundf.o [4]
main                     0x801'b4b1   0x556  Code  Gb  main.o [1]
mem_cmp                  0x801'01f1    0x1e  Code  Lc  ff.o [1]
mem_cpy                  0x801'01d1    0x14  Code  Lc  ff.o [1]
mem_set                  0x801'01e5     0xc  Code  Lc  ff.o [1]
memchr                   0x802'3775          Code  Gb  memchr.o [5]
mount_volume             0x801'171d   0x2c6  Code  Lc  ff.o [1]
move_window              0x801'0331    0x3e  Code  Lc  ff.o [1]
mparams                 0x2000'4ba4    0x18  Data  Lc  dlmalloc.o [2]
msg                     0x2000'3bf0   0x200  Data  Gb  main.o [1]
pick_lfn                 0x801'0b9d    0x90  Code  Lc  ff.o [1]
prepend_alloc            0x801'65fb   0x346  Code  Lc  dlmalloc.o [2]
put_fat                  0x801'0527   0x15c  Code  Lc  ff.o [1]
put_lfn                  0x801'0c2d    0x84  Code  Lc  ff.o [1]
put_utf                  0x801'0285    0x5c  Code  Lc  ff.o [1]
remove_chain             0x801'0683    0x8e  Code  Lc  ff.o [1]
retSPIFL                0x2000'4c95     0x1  Data  Gb  fatfs.o [1]
retUSBH                 0x2000'4c94     0x1  Data  Gb  fatfs.o [1]
s_tfname                0x2000'271c   0x400  Data  Gb  main.o [1]
scalbln                  0x802'38a9          Code  Gb  ldexp.o [4]
scalblnl                 0x802'38a9          Code  Gb  ldexp.o [4]
scalbn                   0x802'38a9          Code  Gb  ldexp.o [4]
scalbnl                  0x802'38a9          Code  Gb  ldexp.o [4]
scale                    0x802'17c7    0x46  Code  Lc  xprintffull.o [2]
scrTimeTimer            0x2000'02a8     0x1  Data  Gb  tgui_defaultfuncs.o [1]
sec_hand                0x2000'4c80     0x4  Data  Lc  xfail_s.o [2]
segment_holding          0x801'6579    0x1a  Code  Lc  dlmalloc.o [2]
sfile                   0x1000'3028  0x1028  Data  Gb  main.o [1]
sprintf                  0x801'eda1    0x40  Code  Gb  sprintf.o [2]
srvMode                 0x2000'4c99     0x1  Data  Gb  main.o [1]
st_clust                 0x801'0ad3    0x2a  Code  Lc  ff.o [1]
st_dword                 0x801'01b9    0x18  Code  Lc  ff.o [1]
st_word                  0x801'01ab     0xe  Code  Lc  ff.o [1]
strcat                   0x802'7539    0x1e  Code  Gb  strcat.o [2]
strchr                   0x802'36e5          Code  Gb  strchr.o [5]
strcmp                   0x801'f365          Code  Gb  strcmp.o [5]
strlen                   0x802'373d          Code  Gb  strlen.o [5]
sum_sfn                  0x801'0d5b    0x20  Code  Lc  ff.o [1]
sync_fs                  0x801'036f    0x94  Code  Lc  ff.o [1]
sync_window              0x801'02e1    0x50  Code  Lc  ff.o [1]
sys_alloc                0x801'6b39   0x164  Code  Lc  dlmalloc.o [2]
sys_trim                 0x801'6c9d    0x64  Code  Lc  dlmalloc.o [2]
systemState             0x2000'4bdc     0xc  Data  Gb  config.o [1]
tchar2uni                0x801'023f    0x46  Code  Lc  ff.o [1]
tfname                  0x1000'5078   0x400  Data  Gb  tgui.o [1]
tguiActiveScreen        0x2000'4c28     0x4  Data  Gb  tgui.o [1]
tguiDBuff               0x2000'4cac  0x1000  Data  Gb  tgui.o [1]
tguiDefaultConfig       0x2000'4b88    0x1c  Data  Gb  tgui.o [1]
tguiFBuff               0x2000'5cac   0x200  Data  Gb  tgui.o [1]
tguiFile                0x1000'4050  0x1028  Data  Gb  tgui.o [1]
tguiScrButtonsInfo      0x2000'37dc   0x214  Data  Gb  tgui.o [1]
tguiScrButtonsLanguage  0x2000'4528    0xe4  Data  Gb  tgui.o [1]
tguiScrButtonsMain      0x2000'41c8   0x130  Data  Gb  tgui.o [1]
tguiScrButtonsService   0x2000'42f8   0x130  Data  Gb  tgui.o [1]
tguiScreenInfo          0x2000'4b14    0x2c  Data  Gb  tgui.o [1]
tguiScreenLanguage      0x2000'4ae8    0x2c  Data  Gb  tgui.o [1]
tguiScreenMain          0x2000'4a90    0x2c  Data  Gb  tgui.o [1]
tguiScreenService       0x2000'4abc    0x2c  Data  Gb  tgui.o [1]
tguiTimer               0x2000'4c98     0x1  Data  Gb  main.o [1]
tmalloc_large            0x801'6d0d   0x386  Code  Lc  dlmalloc.o [2]
tmalloc_small            0x801'7093   0x200  Code  Lc  dlmalloc.o [2]
touch_buff              0x2000'47cc    0x60  Data  Gb  fst_spi.o [1]
touch_info              0x2000'4bcc    0x10  Data  Gb  touch.o [1]
touch_point             0x2000'4c2c     0x4  Data  Gb  touch.o [1]
tstrcat(unsigned short *, unsigned short *)
                         0x801'f2f3    0x2c  Code  Gb  unicode_utils.o [1]
tstrcat_utf(unsigned short *, char *)
                         0x801'f31f    0x44  Code  Gb  unicode_utils.o [1]
tstrcpy(unsigned short *, unsigned short *)
                         0x801'f2d1    0x22  Code  Gb  unicode_utils.o [1]
u_tfname                0x2000'231c   0x400  Data  Gb  main.o [1]
uc866                    0x802'7158   0x100  Data  Lc  ffunicode.o [1]
ufile                   0x1000'2000  0x1028  Data  Gb  main.o [1]
uwTick                  0x2000'4c20     0x4  Data  Gb  stm32f4xx_hal.o [1]
uwTickFreq              0x2000'02a7     0x1  Data  Gb  stm32f4xx_hal.o [1]
uwTickPrio              0x2000'01f4     0x4  Data  Gb  stm32f4xx_hal.o [1]
validate                 0x801'19e3    0x48  Code  Lc  ff.o [1]
zPlanner                0x2000'4c9e     0x1  Data  Gb  z_planner.o [1]


[1] = D:\Electronics\Projects\MKS_DLP_new\SRC\firmware\MKSDLP_Alter_Debug\Obj
[2] = dl7M_tlf.a
[3] = dlpp7M_tl_fc.a
[4] = m7M_tls.a
[5] = rt7M_tl.a
[6] = shb_l.a

  68 691 bytes of readonly  code memory
  29 110 bytes of readonly  data memory
  70 430 bytes of readwrite data memory

Errors: none
Warnings: none
