###############################################################################
#
# IAR ELF Linker V8.32.1.169/W32 for ARM                  03/Aug/2020  11:21:33
# Copyright 2007-2018 IAR Systems AB.
#
#    Output file  =  
#        D:\Electronics\Projects\MKS_DLP_new\SRC\firmware\MKSDLP_Alter_debug\Exe\MKS_DLP_new.out
#    Map file     =  
#        D:\Electronics\Projects\MKS_DLP_new\SRC\firmware\MKSDLP_Alter_debug\List\MKS_DLP_new.map
#    Command line =  
#        -f C:\Temp\EWECA8.tmp
#        (D:\Electronics\Projects\MKS_DLP_new\SRC\firmware\MKSDLP_Alter_Debug\Obj\config.o
#        D:\Electronics\Projects\MKS_DLP_new\SRC\firmware\MKSDLP_Alter_Debug\Obj\diskio.o
#        D:\Electronics\Projects\MKS_DLP_new\SRC\firmware\MKSDLP_Alter_Debug\Obj\fatfs.o
#        D:\Electronics\Projects\MKS_DLP_new\SRC\firmware\MKSDLP_Alter_Debug\Obj\ff.o
#        D:\Electronics\Projects\MKS_DLP_new\SRC\firmware\MKSDLP_Alter_Debug\Obj\ff_gen_drv.o
#        D:\Electronics\Projects\MKS_DLP_new\SRC\firmware\MKSDLP_Alter_Debug\Obj\ffsystem.o
#        D:\Electronics\Projects\MKS_DLP_new\SRC\firmware\MKSDLP_Alter_Debug\Obj\ffunicode.o
#        D:\Electronics\Projects\MKS_DLP_new\SRC\firmware\MKSDLP_Alter_Debug\Obj\fnt12.o
#        D:\Electronics\Projects\MKS_DLP_new\SRC\firmware\MKSDLP_Alter_Debug\Obj\fnt18.o
#        D:\Electronics\Projects\MKS_DLP_new\SRC\firmware\MKSDLP_Alter_Debug\Obj\fnt18bold.o
#        D:\Electronics\Projects\MKS_DLP_new\SRC\firmware\MKSDLP_Alter_Debug\Obj\fnt24.o
#        D:\Electronics\Projects\MKS_DLP_new\SRC\firmware\MKSDLP_Alter_Debug\Obj\fnt24bold.o
#        D:\Electronics\Projects\MKS_DLP_new\SRC\firmware\MKSDLP_Alter_Debug\Obj\fsmc.o
#        D:\Electronics\Projects\MKS_DLP_new\SRC\firmware\MKSDLP_Alter_Debug\Obj\fst_spi.o
#        D:\Electronics\Projects\MKS_DLP_new\SRC\firmware\MKSDLP_Alter_Debug\Obj\gpio.o
#        D:\Electronics\Projects\MKS_DLP_new\SRC\firmware\MKSDLP_Alter_Debug\Obj\languages.o
#        D:\Electronics\Projects\MKS_DLP_new\SRC\firmware\MKSDLP_Alter_Debug\Obj\lcd_low.o
#        D:\Electronics\Projects\MKS_DLP_new\SRC\firmware\MKSDLP_Alter_Debug\Obj\lcd_ui.o
#        D:\Electronics\Projects\MKS_DLP_new\SRC\firmware\MKSDLP_Alter_Debug\Obj\main.o
#        D:\Electronics\Projects\MKS_DLP_new\SRC\firmware\MKSDLP_Alter_Debug\Obj\motor.o
#        D:\Electronics\Projects\MKS_DLP_new\SRC\firmware\MKSDLP_Alter_Debug\Obj\rtc.o
#        D:\Electronics\Projects\MKS_DLP_new\SRC\firmware\MKSDLP_Alter_Debug\Obj\spi_flash.o
#        D:\Electronics\Projects\MKS_DLP_new\SRC\firmware\MKSDLP_Alter_Debug\Obj\spifl_diskio.o
#        D:\Electronics\Projects\MKS_DLP_new\SRC\firmware\MKSDLP_Alter_Debug\Obj\startup_stm32f407xx.o
#        D:\Electronics\Projects\MKS_DLP_new\SRC\firmware\MKSDLP_Alter_Debug\Obj\stm32f4xx_hal.o
#        D:\Electronics\Projects\MKS_DLP_new\SRC\firmware\MKSDLP_Alter_Debug\Obj\stm32f4xx_hal_cortex.o
#        D:\Electronics\Projects\MKS_DLP_new\SRC\firmware\MKSDLP_Alter_Debug\Obj\stm32f4xx_hal_dma.o
#        D:\Electronics\Projects\MKS_DLP_new\SRC\firmware\MKSDLP_Alter_Debug\Obj\stm32f4xx_hal_dma_ex.o
#        D:\Electronics\Projects\MKS_DLP_new\SRC\firmware\MKSDLP_Alter_Debug\Obj\stm32f4xx_hal_exti.o
#        D:\Electronics\Projects\MKS_DLP_new\SRC\firmware\MKSDLP_Alter_Debug\Obj\stm32f4xx_hal_flash.o
#        D:\Electronics\Projects\MKS_DLP_new\SRC\firmware\MKSDLP_Alter_Debug\Obj\stm32f4xx_hal_flash_ex.o
#        D:\Electronics\Projects\MKS_DLP_new\SRC\firmware\MKSDLP_Alter_Debug\Obj\stm32f4xx_hal_flash_ramfunc.o
#        D:\Electronics\Projects\MKS_DLP_new\SRC\firmware\MKSDLP_Alter_Debug\Obj\stm32f4xx_hal_gpio.o
#        D:\Electronics\Projects\MKS_DLP_new\SRC\firmware\MKSDLP_Alter_Debug\Obj\stm32f4xx_hal_hcd.o
#        D:\Electronics\Projects\MKS_DLP_new\SRC\firmware\MKSDLP_Alter_Debug\Obj\stm32f4xx_hal_msp.o
#        D:\Electronics\Projects\MKS_DLP_new\SRC\firmware\MKSDLP_Alter_Debug\Obj\stm32f4xx_hal_pwr.o
#        D:\Electronics\Projects\MKS_DLP_new\SRC\firmware\MKSDLP_Alter_Debug\Obj\stm32f4xx_hal_pwr_ex.o
#        D:\Electronics\Projects\MKS_DLP_new\SRC\firmware\MKSDLP_Alter_Debug\Obj\stm32f4xx_hal_rcc.o
#        D:\Electronics\Projects\MKS_DLP_new\SRC\firmware\MKSDLP_Alter_Debug\Obj\stm32f4xx_hal_rcc_ex.o
#        D:\Electronics\Projects\MKS_DLP_new\SRC\firmware\MKSDLP_Alter_Debug\Obj\stm32f4xx_hal_rtc.o
#        D:\Electronics\Projects\MKS_DLP_new\SRC\firmware\MKSDLP_Alter_Debug\Obj\stm32f4xx_hal_rtc_ex.o
#        D:\Electronics\Projects\MKS_DLP_new\SRC\firmware\MKSDLP_Alter_Debug\Obj\stm32f4xx_hal_spi.o
#        D:\Electronics\Projects\MKS_DLP_new\SRC\firmware\MKSDLP_Alter_Debug\Obj\stm32f4xx_hal_sram.o
#        D:\Electronics\Projects\MKS_DLP_new\SRC\firmware\MKSDLP_Alter_Debug\Obj\stm32f4xx_hal_tim.o
#        D:\Electronics\Projects\MKS_DLP_new\SRC\firmware\MKSDLP_Alter_Debug\Obj\stm32f4xx_hal_tim_ex.o
#        D:\Electronics\Projects\MKS_DLP_new\SRC\firmware\MKSDLP_Alter_Debug\Obj\stm32f4xx_it.o
#        D:\Electronics\Projects\MKS_DLP_new\SRC\firmware\MKSDLP_Alter_Debug\Obj\stm32f4xx_ll_fsmc.o
#        D:\Electronics\Projects\MKS_DLP_new\SRC\firmware\MKSDLP_Alter_Debug\Obj\stm32f4xx_ll_usb.o
#        D:\Electronics\Projects\MKS_DLP_new\SRC\firmware\MKSDLP_Alter_Debug\Obj\sys_timer.o
#        D:\Electronics\Projects\MKS_DLP_new\SRC\firmware\MKSDLP_Alter_Debug\Obj\system_stm32f4xx.o
#        D:\Electronics\Projects\MKS_DLP_new\SRC\firmware\MKSDLP_Alter_Debug\Obj\tgui.o
#        D:\Electronics\Projects\MKS_DLP_new\SRC\firmware\MKSDLP_Alter_Debug\Obj\tgui_defaultfuncs.o
#        D:\Electronics\Projects\MKS_DLP_new\SRC\firmware\MKSDLP_Alter_Debug\Obj\tgui_infoscreenfuncs.o
#        D:\Electronics\Projects\MKS_DLP_new\SRC\firmware\MKSDLP_Alter_Debug\Obj\tgui_langscreenfuncs.o
#        D:\Electronics\Projects\MKS_DLP_new\SRC\firmware\MKSDLP_Alter_Debug\Obj\tim.o
#        D:\Electronics\Projects\MKS_DLP_new\SRC\firmware\MKSDLP_Alter_Debug\Obj\touch.o
#        D:\Electronics\Projects\MKS_DLP_new\SRC\firmware\MKSDLP_Alter_Debug\Obj\unicode_utils.o
#        D:\Electronics\Projects\MKS_DLP_new\SRC\firmware\MKSDLP_Alter_Debug\Obj\usb_host.o
#        D:\Electronics\Projects\MKS_DLP_new\SRC\firmware\MKSDLP_Alter_Debug\Obj\usbh_conf.o
#        D:\Electronics\Projects\MKS_DLP_new\SRC\firmware\MKSDLP_Alter_Debug\Obj\usbh_core.o
#        D:\Electronics\Projects\MKS_DLP_new\SRC\firmware\MKSDLP_Alter_Debug\Obj\usbh_ctlreq.o
#        D:\Electronics\Projects\MKS_DLP_new\SRC\firmware\MKSDLP_Alter_Debug\Obj\usbh_diskio.o
#        D:\Electronics\Projects\MKS_DLP_new\SRC\firmware\MKSDLP_Alter_Debug\Obj\usbh_ioreq.o
#        D:\Electronics\Projects\MKS_DLP_new\SRC\firmware\MKSDLP_Alter_Debug\Obj\usbh_msc.o
#        D:\Electronics\Projects\MKS_DLP_new\SRC\firmware\MKSDLP_Alter_Debug\Obj\usbh_msc_bot.o
#        D:\Electronics\Projects\MKS_DLP_new\SRC\firmware\MKSDLP_Alter_Debug\Obj\usbh_msc_scsi.o
#        D:\Electronics\Projects\MKS_DLP_new\SRC\firmware\MKSDLP_Alter_Debug\Obj\usbh_pipes.o
#        D:\Electronics\Projects\MKS_DLP_new\SRC\firmware\MKSDLP_Alter_Debug\Obj\usbh_platform.o
#        D:\Electronics\Projects\MKS_DLP_new\SRC\firmware\MKSDLP_Alter_Debug\Obj\z_endstops.o
#        D:\Electronics\Projects\MKS_DLP_new\SRC\firmware\MKSDLP_Alter_Debug\Obj\z_planner.o
#        D:\Electronics\Projects\MKS_DLP_new\SRC\firmware\MKSDLP_Alter_Debug\Obj\z_stepper.o
#        --redirect _Printf=_PrintfFull --redirect _Scanf=_ScanfFull
#        --no_out_extension -o
#        D:\Electronics\Projects\MKS_DLP_new\SRC\firmware\MKSDLP_Alter_debug\Exe\MKS_DLP_new.out
#        --map
#        D:\Electronics\Projects\MKS_DLP_new\SRC\firmware\MKSDLP_Alter_debug\List\MKS_DLP_new.map
#        --log libraries,call_graph --log_file
#        D:\Electronics\Projects\MKS_DLP_new\SRC\firmware\MKSDLP_Alter_debug\List\MKS_DLP_new.log
#        --config
#        D:\Electronics\Projects\MKS_DLP_new\SRC\firmware/config/stm32f407xx_flash.icf
#        --semihosting --entry __iar_program_start --merge_duplicate_sections
#        --vfe --text_out locale)
#
###############################################################################

*******************************************************************************
*** RUNTIME MODEL ATTRIBUTES
***

CppFlavor                     = *
__CPP_Exceptions              = Disabled
__CPP_Language                = C++14
__Heap_Handler                = DLMalloc
__SystemLibrary               = DLib
__dlib_dynamic_initialization = normal
__dlib_version                = 6


*******************************************************************************
*** HEAP SELECTION
***

The advanced heap was selected because the application calls memory
allocation functions outside of system library functions, and there
are calls to deallocation functions in the application.


*******************************************************************************
*** PLACEMENT SUMMARY
***

"A0":  place at 0x801'0000 { ro section .intvec };
"P1":  place in [from 0x801'0000 to 0x807'ffff] { ro };
define block CSTACK with size = 16K, alignment = 8 { };
define block HEAP with size = 8K, alignment = 8 { };
"P2":  place in [from 0x2000'0000 to 0x2001'ffff] {
          rw, block CSTACK, block HEAP };
"P3":  place in [from 0x1000'0000 to 0x1000'ffff] { rw section CCMRAM };
initialize by copy { rw };

  Section                Kind         Address     Size  Object
  -------                ----         -------     ----  ------
"A0":                                            0x188
  .intvec                ro code   0x801'0000    0x188  startup_stm32f407xx.o [1]
                                 - 0x801'0188    0x188

"P1":                                          0x18b99
  .text                  ro code   0x801'0188   0x2292  ff.o [1]
  .text                  ro code   0x801'241a     0x7a  lz77_init_single.o [5]
  .text                  ro code   0x801'2494     0xb0  diskio.o [1]
  .text                  ro code   0x801'2544    0x144  ffunicode.o [1]
  .text                  ro code   0x801'2688     0x88  fatfs.o [1]
  .text                  ro code   0x801'2710     0x54  ff_gen_drv.o [1]
  .text                  ro code   0x801'2764    0x418  stm32f4xx_hal_rtc.o [1]
  .text                  ro code   0x801'2b7c      0xc  stm32f4xx_hal.o [1]
  .rodata                const     0x801'2b88   0x2094  fnt24bold.o [1]
  .rodata                const     0x801'4c1c   0x195c  fnt24.o [1]
  .text                  ro code   0x801'6578   0x14e0  dlmalloc.o [2]
  .text                  ro code   0x801'7a58      0x6  abort.o [2]
  .text                  ro code   0x801'7a5e     0x3a  zero_init3.o [5]
  .text                  ro code   0x801'7a98     0x2c  xgetmemchunk.o [2]
  .text                  ro code   0x801'7ac4     0x14  exit.o [6]
  .rodata                const     0x801'7ad8   0x10c8  fnt18bold.o [1]
  .text                  ro code   0x801'8ba0   0x1060  stm32f4xx_hal_hcd.o [1]
  .text                  ro code   0x801'9c00    0x2f8  usbh_conf.o [1]
  .text                  ro code   0x801'9ef8    0x9c4  stm32f4xx_ll_usb.o [1]
  .text                  ro code   0x801'a8bc     0xa6  ABImemcpy.o [5]
  .text                  ro code   0x801'a962     0x1e  xencoding_8859_1.o [2]
  .text                  ro code   0x801'a980      0x6  ABImemclr4.o [5]
  .text                  ro code   0x801'a986      0xa  xsprout.o [2]
  .text                  ro code   0x801'a990    0x252  stm32f4xx_hal_gpio.o [1]
  .rodata                const     0x801'abe2      0x2  languages.o [1]
  .text                  ro code   0x801'abe4    0x12c  stm32f4xx_hal_cortex.o [1]
  .text                  ro code   0x801'ad10    0x79e  usbh_core.o [1]
  .rodata                const     0x801'b4ae      0x1  unwind_debug.o [6]
  .text                  ro code   0x801'b4b0    0x7fe  main.o [1]
  .text                  ro code   0x801'bcb0     0x20  usbh_platform.o [1]
  .text                  ro code   0x801'bcd0     0x28  stm32f4xx_hal.o [1]
  .text                  ro code   0x801'bcf8     0x32  ABImemset48.o [5]
  .text                  ro code   0x801'bd2a     0xb6  usbh_pipes.o [1]
  .text                  ro code   0x801'bde0    0x5bc  usbh_ctlreq.o [1]
  .text                  ro code   0x801'c39c     0x34  stm32f4xx_hal.o [1]
  .text                  ro code   0x801'c3d0    0x140  gpio.o [1]
  .text                  ro code   0x801'c510    0x200  touch.o [1]
  .text                  ro code   0x801'c710    0x120  sys_timer.o [1]
  .text                  ro code   0x801'c830     0x78  languages.o [1]
  .text                  ro code   0x801'c8a8    0x580  lcd_low.o [1]
  .text                  ro code   0x801'ce28    0xab4  lcd_ui.o [1]
  .text                  ro code   0x801'd8dc    0x534  fst_spi.o [1]
  .text                  ro code   0x801'de10    0x304  spi_flash.o [1]
  .text                  ro code   0x801'e114    0xc90  tgui.o [1]
  .text                  ro code   0x801'eda4     0x40  sprintf.o [2]
  .text                  ro code   0x801'ede4     0xc8  rtc.o [1]
  .text                  ro code   0x801'eeac     0xa0  config.o [1]
  .text                  ro code   0x801'ef4c    0x1f2  motor.o [1]
  .text                  ro code   0x801'f140    0xe00  z_planner.o [1]
  .text                  ro code   0x801'ff40     0x8c  usb_host.o [1]
  .text                  ro code   0x801'ffcc    0x1aa  unicode_utils.o [1]
  .text                  ro code   0x802'0178     0x12  strcmp.o [5]
  .text                  ro code   0x802'018c     0x66  ABImemset.o [5]
  .text                  ro code   0x802'01f4    0x3b4  stm32f4xx_hal_rcc.o [1]
  .text                  ro code   0x802'05a8    0x1d4  stm32f4xx_hal_rcc.o [1]
  .text                  ro code   0x802'077c    0x150  stm32f4xx_hal_rcc_ex.o [1]
  .text                  ro code   0x802'08cc     0xd0  usbh_ioreq.o [1]
  .text                  ro code   0x802'099c     0x4c  stm32f4xx_hal.o [1]
  .text                  ro code   0x802'09e8     0x40  stm32f4xx_hal_msp.o [1]
  .text                  ro code   0x802'0a28    0x114  fsmc.o [1]
  .text                  ro code   0x802'0b3c    0x458  stm32f4xx_hal_dma.o [1]
  .text                  ro code   0x802'0f94    0x5fa  stm32f4xx_hal_spi.o [1]
  .text                  ro code   0x802'158e     0x20  spi_flash.o [1]
  .text                  ro code   0x802'15b0    0x75c  tgui_defaultfuncs.o [1]
  .text                  ro code   0x802'1d0c    0xf46  xprintffull.o [2]
  .text                  ro code   0x802'2c54     0xf4  z_endstops.o [1]
  .text                  ro code   0x802'2d48    0x5a0  z_stepper.o [1]
  .text                  ro code   0x802'32e8    0x1e8  tim.o [1]
  .text                  ro code   0x802'34d0    0x78a  stm32f4xx_hal_tim.o [1]
  .text                  ro code   0x802'3c5c     0x48  FltToDbl.o [4]
  .text                  ro code   0x802'3ca4    0x1a2  DblMul.o [4]
  .text                  ro code   0x802'3e48     0x28  DblToU32.o [4]
  .text                  ro code   0x802'3e70     0x24  z_planner.o [1]
  .text                  ro code   0x802'3e94     0x18  z_planner.o [1]
  .text                  ro code   0x802'3eac      0x8  z_stepper.o [1]
  .text                  ro code   0x802'3eb4     0x3c  ceilf.o [4]
  .text                  ro code   0x802'3ef0     0xac  z_planner.o [1]
  .text                  ro code   0x802'3f9c     0x3c  floorf.o [4]
  .text                  ro code   0x802'3fd8     0xbc  z_planner.o [1]
  .text                  ro code   0x802'4094     0x12  z_planner.o [1]
  .text                  ro code   0x802'40a6      0x8  z_planner.o [1]
  .text                  ro code   0x802'40b0     0x1e  sqrtf.o [4]
  .text                  ro code   0x802'40d0     0x20  z_stepper.o [1]
  .text                  ro code   0x802'40f0     0x38  z_planner.o [1]
  .text                  ro code   0x802'4128     0x18  z_planner.o [1]
  .text                  ro code   0x802'4140     0x10  z_stepper.o [1]
  .text                  ro code   0x802'4150     0x2e  lroundf.o [4]
  .text                  ro code   0x802'4180    0x230  I64DivMod.o [5]
  .text                  ro code   0x802'43b0     0x5c  stm32f4xx_hal_sram.o [1]
  .text                  ro code   0x802'440c     0x78  xlocale_c.o [2]
  .text                  ro code   0x802'4484     0x16  strchr.o [5]
  .text                  ro code   0x802'449c     0x40  xfail_s.o [2]
  .text                  ro code   0x802'44dc     0x36  strlen.o [5]
  .text                  ro code   0x802'4514     0x58  memchr.o [5]
  .text                  ro code   0x802'456c      0xa  xmbcurmax.o [2]
  .text                  ro code   0x802'4578     0x70  frexp.o [4]
  .text                  ro code   0x802'45e8     0x2e  DblCmpLe.o [4]
  .text                  ro code   0x802'4618     0x2e  DblCmpGe.o [4]
  .text                  ro code   0x802'4648    0x13a  ldexp.o [4]
  .text                  ro code   0x802'4784     0x3a  DblToS32.o [4]
  .text                  ro code   0x802'47c0     0x22  S32ToDbl.o [4]
  .text                  ro code   0x802'47e4     0xe2  DblSub.o [4]
  .text                  ro code   0x802'48c8    0x246  DblDiv.o [4]
  .text                  ro code   0x802'4b10     0x1a  U32ToDbl.o [4]
  .text                  ro code   0x802'4b2c     0x18  z_endstops.o [1]
  .text                  ro code   0x802'4b44     0x18  z_stepper.o [1]
  .text                  ro code   0x802'4b5c      0xc  z_endstops.o [1]
  .text                  ro code   0x802'4b68     0x1c  z_stepper.o [1]
  .text                  ro code   0x802'4b84     0x2c  z_stepper.o [1]
  .text                  ro code   0x802'4bb0     0x20  z_stepper.o [1]
  .text                  ro code   0x802'4bd0      0xc  z_stepper.o [1]
  .text                  ro code   0x802'4bdc     0xac  stm32f4xx_hal_tim_ex.o [1]
  .text                  ro code   0x802'4c88      0x2  stm32f4xx_hal_spi.o [1]
  .text                  ro code   0x802'4c8a      0xe  z_planner.o [1]
  .text                  ro code   0x802'4c98     0xe4  stm32f4xx_ll_fsmc.o [1]
  .text                  ro code   0x802'4d7c    0x16a  DblAdd.o [4]
  .text                  ro code   0x802'4ee8     0x1c  z_stepper.o [1]
  .text                  ro code   0x802'4f04     0x10  z_stepper.o [1]
  .rodata                const     0x802'4f14    0xea4  fnt18.o [1]
  .text                  ro code   0x802'5db8    0x8b4  usbh_msc.o [1]
  .text                  ro code   0x802'666c    0x394  usbh_msc_bot.o [1]
  .text                  ro code   0x802'6a00      0x4  heaptramp0.o [2]
  .text                  ro code   0x802'6a04    0x3ea  usbh_msc_scsi.o [1]
  .rodata                const     0x802'6df0    0x6b4  fnt12.o [1]
  .text                  ro code   0x802'74a4    0x27c  tgui_langscreenfuncs.o [1]
  .rodata                const     0x802'7720    0x1f4  ffunicode.o [1]
  .text                  ro code   0x802'7914    0x144  usbh_diskio.o [1]
  .rodata                const     0x802'7a58    0x140  fnt12.o [1]
  .rodata                const     0x802'7b98    0x140  fnt18.o [1]
  .rodata                const     0x802'7cd8    0x140  fnt18bold.o [1]
  .rodata                const     0x802'7e18    0x140  fnt24.o [1]
  .rodata                const     0x802'7f58    0x140  fnt24bold.o [1]
  .rodata                const     0x802'8098    0x100  ffunicode.o [1]
  .text                  ro code   0x802'8198     0xf0  spifl_diskio.o [1]
  .rodata                const     0x802'8288     0xbc  ffunicode.o [1]
  .text                  ro code   0x802'8344     0x9c  stm32f4xx_it.o [1]
  .text                  ro code   0x802'83e0     0x9c  tgui_infoscreenfuncs.o [1]
  .text                  ro code   0x802'847c     0x1e  strcat.o [2]
  .rodata                const     0x802'849c     0x80  ff.o [1]
  .rodata                const     0x802'851c     0x38  main.o [1]
  .rodata                const     0x802'8554     0x34  main.o [1]
  .rodata                const     0x802'8588     0x30  main.o [1]
  .rodata                const     0x802'85b8     0x30  main.o [1]
  .rodata                const     0x802'85e8     0x2c  main.o [1]
  .text                  ro code   0x802'8614     0x28  data_init.o [5]
  .rodata                const     0x802'863c     0x24  languages.o [1]
  .rodata                const     0x802'8660     0x24  main.o [1]
  .text                  ro code   0x802'8684     0x22  fpinit_M.o [4]
  .iar.init_table        const     0x802'86a8     0x24  - Linker created -
  .rodata                const     0x802'86cc     0x20  main.o [1]
  .text                  ro code   0x802'86ec     0x20  system_stm32f4xx.o [1]
  .text                  ro code   0x802'870c     0x20  cmain_call_ctors.o [5]
  .text                  ro code   0x802'872c     0x18  cppinit.o [2]
  .text                  ro code   0x802'8744     0x1e  cmain.o [5]
  .text                  ro code   0x802'8762      0x4  low_level_init.o [2]
  .text                  ro code   0x802'8766      0x4  exit.o [2]
  .text                  ro code   0x802'876c      0xa  cexit.o [5]
  .rodata                const     0x802'8778     0x1c  languages.o [1]
  .rodata                const     0x802'8794     0x18  languages.o [1]
  .rodata                const     0x802'87ac     0x18  main.o [1]
  .rodata                const     0x802'87c4     0x18  main.o [1]
  .rodata                const     0x802'87dc     0x18  main.o [1]
  .rodata                const     0x802'87f4     0x14  main.o [1]
  .rodata                const     0x802'8808     0x14  main.o [1]
  .rodata                const     0x802'881c     0x14  spifl_diskio.o [1]
  .rodata                const     0x802'8830     0x14  usbh_diskio.o [1]
  .rodata                const     0x802'8844     0x10  ff.o [1]
  .rodata                const     0x802'8854     0x10  languages.o [1]
  .rodata                const     0x802'8864     0x10  languages.o [1]
  .rodata                const     0x802'8874     0x10  languages.o [1]
  .rodata                const     0x802'8884     0x10  languages.o [1]
  .rodata                const     0x802'8894     0x10  main.o [1]
  .rodata                const     0x802'88a4     0x10  main.o [1]
  .rodata                const     0x802'88b4     0x10  main.o [1]
  .rodata                const     0x802'88c4     0x10  main.o [1]
  .rodata                const     0x802'88d4     0x10  system_stm32f4xx.o [1]
  .text                  ro code   0x802'88e4     0x10  startup_stm32f407xx.o [1]
  .rodata                const     0x802'88f4      0xc  ff.o [1]
  .rodata                const     0x802'8900      0xc  languages.o [1]
  .rodata                const     0x802'890c      0xc  languages.o [1]
  .rodata                const     0x802'8918      0xc  languages.o [1]
  .rodata                const     0x802'8924      0xc  languages.o [1]
  .rodata                const     0x802'8930      0xc  languages.o [1]
  .rodata                const     0x802'893c      0xc  languages.o [1]
  .rodata                const     0x802'8948      0xc  languages.o [1]
  .rodata                const     0x802'8954      0xc  languages.o [1]
  .rodata                const     0x802'8960      0xc  languages.o [1]
  .rodata                const     0x802'896c      0xc  main.o [1]
  .rodata                const     0x802'8978      0xc  main.o [1]
  .rodata                const     0x802'8984      0xc  main.o [1]
  .rodata                const     0x802'8990      0xc  tgui_infoscreenfuncs.o [1]
  .text                  ro code   0x802'899c      0xc  cstartup_M.o [5]
  .rodata                const     0x802'89a8      0x8  ff.o [1]
  .rodata                const     0x802'89b0      0x8  ff.o [1]
  .rodata                const     0x802'89b8      0x8  languages.o [1]
  .rodata                const     0x802'89c0      0x8  languages.o [1]
  .rodata                const     0x802'89c8      0x8  languages.o [1]
  .rodata                const     0x802'89d0      0x8  languages.o [1]
  .rodata                const     0x802'89d8      0x8  languages.o [1]
  .rodata                const     0x802'89e0      0x8  languages.o [1]
  .rodata                const     0x802'89e8      0x8  languages.o [1]
  .rodata                const     0x802'89f0      0x8  languages.o [1]
  .rodata                const     0x802'89f8      0x8  languages.o [1]
  .rodata                const     0x802'8a00      0x8  languages.o [1]
  .rodata                const     0x802'8a08      0x8  languages.o [1]
  .rodata                const     0x802'8a10      0x8  languages.o [1]
  .rodata                const     0x802'8a18      0x8  languages.o [1]
  .rodata                const     0x802'8a20      0x8  languages.o [1]
  .rodata                const     0x802'8a28      0x8  languages.o [1]
  .rodata                const     0x802'8a30      0x8  languages.o [1]
  .rodata                const     0x802'8a38      0x8  languages.o [1]
  .rodata                const     0x802'8a40      0x8  languages.o [1]
  .rodata                const     0x802'8a48      0x8  languages.o [1]
  .rodata                const     0x802'8a50      0x8  languages.o [1]
  .rodata                const     0x802'8a58      0x8  languages.o [1]
  .rodata                const     0x802'8a60      0x8  languages.o [1]
  .rodata                const     0x802'8a68      0x8  stm32f4xx_hal_dma.o [1]
  .rodata                const     0x802'8a70      0x8  tgui.o [1]
  .rodata                const     0x802'8a78      0x8  tgui.o [1]
  .rodata                const     0x802'8a80      0x8  tgui.o [1]
  .rodata                const     0x802'8a88      0x8  tgui.o [1]
  .rodata                const     0x802'8a90      0x8  tgui.o [1]
  .rodata                const     0x802'8a98      0x8  tgui.o [1]
  .rodata                const     0x802'8aa0      0x8  tgui.o [1]
  .rodata                const     0x802'8aa8      0x8  tgui.o [1]
  .rodata                const     0x802'8ab0      0x8  tgui.o [1]
  .rodata                const     0x802'8ab8      0x8  tgui.o [1]
  .rodata                const     0x802'8ac0      0x8  tgui.o [1]
  .rodata                const     0x802'8ac8      0x8  tgui.o [1]
  .rodata                const     0x802'8ad0      0x8  tgui.o [1]
  .rodata                const     0x802'8ad8      0x8  tgui.o [1]
  .rodata                const     0x802'8ae0      0x8  tgui.o [1]
  .rodata                const     0x802'8ae8      0x8  tgui.o [1]
  .rodata                const     0x802'8af0      0x8  tgui.o [1]
  .rodata                const     0x802'8af8      0x8  tgui.o [1]
  .rodata                const     0x802'8b00      0x8  tgui.o [1]
  .rodata                const     0x802'8b08      0x8  tgui.o [1]
  .rodata                const     0x802'8b10      0x8  tgui.o [1]
  .rodata                const     0x802'8b18      0x8  tgui.o [1]
  .rodata                const     0x802'8b20      0x8  tim.o [1]
  .rodata                const     0x802'8b28      0x6  xlocale_c.o [2]
  .rodata                const     0x802'8b30      0x4  languages.o [1]
  .rodata                const     0x802'8b34      0x4  languages.o [1]
  .rodata                const     0x802'8b38      0x4  languages.o [1]
  .rodata                const     0x802'8b3c      0x4  languages.o [1]
  .rodata                const     0x802'8b40      0x4  languages.o [1]
  .rodata                const     0x802'8b44      0x4  languages.o [1]
  .rodata                const     0x802'8b48      0x4  languages.o [1]
  .rodata                const     0x802'8b4c      0x4  languages.o [1]
  .rodata                const     0x802'8b50      0x4  languages.o [1]
  .rodata                const     0x802'8b54      0x4  languages.o [1]
  .rodata                const     0x802'8b58      0x4  languages.o [1]
  .rodata                const     0x802'8b5c      0x4  languages.o [1]
  .rodata                const     0x802'8b60      0x4  languages.o [1]
  .rodata                const     0x802'8b64      0x4  languages.o [1]
  .rodata                const     0x802'8b68      0x4  languages.o [1]
  .rodata                const     0x802'8b6c      0x4  rtc.o [1]
  .rodata                const     0x802'8b70      0x4  usbh_msc.o [1]
  .text                  ro code   0x802'8b74      0x4  startup_stm32f407xx.o [1]
  SHT$$PREINIT_ARRAY               0x802'8b78      0x0  <Block>
  SHT$$INIT_ARRAY                  0x802'8b78      0x4  <Block>
    .init_array          const     0x802'8b78      0x4  z_planner.o [1]
  __iar_tls$$INIT_ARRAY            0x802'8b7c      0x0  <Block>
  .rodata                const     0x802'8b7c      0x0  zero_init3.o [5]
  .rodata                const     0x802'8b7c      0x0  lz77_init_single.o [5]
  Initializer bytes      const     0x802'8b7c    0x1a5  <for P2-1>
                                 - 0x802'8d21  0x18b99

"P3":                                           0x5478
  CCMRAM                 uninit   0x1000'0000   0x2000  main.o [1]
  CCMRAM                 uninit   0x1000'2000   0x1028  main.o [1]
  CCMRAM                 uninit   0x1000'3028   0x1028  main.o [1]
  CCMRAM                 uninit   0x1000'4050   0x1028  tgui.o [1]
  CCMRAM                 uninit   0x1000'5078    0x400  tgui.o [1]
                                - 0x1000'5478   0x5478

"P2", part 1 of 3:                               0x2a8
  P2-1                            0x2000'0000    0x2a8  <Init block>
    .data                inited   0x2000'0000      0xc  fnt12.o [1]
    .data                inited   0x2000'000c      0xc  fnt18.o [1]
    .data                inited   0x2000'0018      0xc  fnt18bold.o [1]
    .data                inited   0x2000'0024      0xc  fnt24.o [1]
    .data                inited   0x2000'0030      0xc  fnt24bold.o [1]
    .data                inited   0x2000'003c     0xd0  languages.o [1]
    .data                inited   0x2000'010c     0xd0  languages.o [1]
    .data                inited   0x2000'01dc     0x10  languages.o [1]
    .data                inited   0x2000'01ec      0x4  languages.o [1]
    .data                inited   0x2000'01f0      0x4  lcd_ui.o [1]
    .data                inited   0x2000'01f4      0x4  stm32f4xx_hal.o [1]
    .data                inited   0x2000'01f8      0x4  system_stm32f4xx.o [1]
    .data                inited   0x2000'01fc     0x20  usbh_msc.o [1]
    .data                inited   0x2000'021c      0x4  z_stepper.o [1]
    .data                inited   0x2000'0220     0x38  xlocale_c.o [2]
    .data                inited   0x2000'0258     0x48  xlocale_c.o [2]
    .data                inited   0x2000'02a0      0x2  lcd_ui.o [1]
    .data                inited   0x2000'02a2      0x2  lcd_ui.o [1]
    .data                inited   0x2000'02a4      0x2  lcd_ui.o [1]
    .data                inited   0x2000'02a6      0x1  lcd_ui.o [1]
    .data                inited   0x2000'02a7      0x1  stm32f4xx_hal.o [1]
                                - 0x2000'02a8    0x2a8

"P2", part 2 of 3:                              0x492c
  .bss                   zero     0x2000'02a8   0x1038  fatfs.o [1]
  .bss                   zero     0x2000'12e0   0x1038  fatfs.o [1]
  .bss                   zero     0x2000'2318    0x400  main.o [1]
  .bss                   zero     0x2000'2718    0x400  main.o [1]
  .bss                   zero     0x2000'2b18    0x400  main.o [1]
  .bss                   zero     0x2000'2f18    0x3d8  usb_host.o [1]
  .bss                   zero     0x2000'32f0    0x2c4  usbh_conf.o [1]
  .bss                   zero     0x2000'35b4    0x224  main.o [1]
  .bss                   zero     0x2000'37d8    0x200  ff.o [1]
  .bss                   zero     0x2000'39d8    0x200  main.o [1]
  .bss                   zero     0x2000'3bd8    0x200  z_planner.o [1]
  .bss                   zero     0x2000'3dd8    0x1dc  tgui.o [1]
  .bss                   zero     0x2000'3fb4    0x1d8  dlmalloc.o [2]
  .bss                   zero     0x2000'418c    0x110  tgui.o [1]
  .bss                   zero     0x2000'429c    0x100  sys_timer.o [1]
  .bss                   zero     0x2000'439c     0xcc  tgui.o [1]
  .bss                   zero     0x2000'4468     0xcc  tgui.o [1]
  .bss                   zero     0x2000'4534     0x80  fst_spi.o [1]
  .bss                   zero     0x2000'45b4     0x80  fst_spi.o [1]
  .bss                   zero     0x2000'4634     0x60  fst_spi.o [1]
  .bss                   zero     0x2000'4694     0x60  fst_spi.o [1]
  .bss                   zero     0x2000'46f4     0x60  fst_spi.o [1]
  .bss                   zero     0x2000'4754     0x60  fst_spi.o [1]
  .bss                   zero     0x2000'47b4     0x60  fst_spi.o [1]
  .bss                   zero     0x2000'4814     0x60  lcd_low.o [1]
  .bss                   zero     0x2000'4874     0x50  fsmc.o [1]
  .bss                   zero     0x2000'48c4     0x40  config.o [1]
  .bss                   zero     0x2000'4904     0x40  tim.o [1]
  .bss                   zero     0x2000'4944     0x40  tim.o [1]
  .bss                   zero     0x2000'4984     0x34  main.o [1]
  .bss                   zero     0x2000'49b8     0x2c  tgui.o [1]
  .bss                   zero     0x2000'49e4     0x2c  tgui.o [1]
  .bss                   zero     0x2000'4a10     0x2c  tgui.o [1]
  .bss                   zero     0x2000'4a3c     0x2c  tgui.o [1]
  .bss                   zero     0x2000'4a68     0x28  z_planner.o [1]
  .bss                   zero     0x2000'4a90     0x20  rtc.o [1]
  .bss                   zero     0x2000'4ab0     0x1c  tgui.o [1]
  .bss                   zero     0x2000'4acc     0x18  dlmalloc.o [2]
  .bss                   zero     0x2000'4ae4     0x10  ff_gen_drv.o [1]
  .bss                   zero     0x2000'4af4     0x10  touch.o [1]
  .bss                   zero     0x2000'4b04      0xc  config.o [1]
  .bss                   zero     0x2000'4b10      0xc  spi_flash.o [1]
  .bss                   zero     0x2000'4b1c      0x8  fatfs.o [1]
  .bss                   zero     0x2000'4b24      0x8  fatfs.o [1]
  .bss                   zero     0x2000'4b2c      0x8  ff.o [1]
  .bss                   zero     0x2000'4b34      0x4  fsmc.o [1]
  .bss                   zero     0x2000'4b38      0x4  languages.o [1]
  .bss                   zero     0x2000'4b3c      0x4  motor.o [1]
  .bss                   zero     0x2000'4b40      0x4  spi_flash.o [1]
  .bss                   zero     0x2000'4b44      0x4  spi_flash.o [1]
  .bss                   zero     0x2000'4b48      0x4  stm32f4xx_hal.o [1]
  .bss                   zero     0x2000'4b4c      0x4  stm32f4xx_ll_usb.o [1]
  .bss                   zero     0x2000'4b50      0x4  tgui.o [1]
  .bss                   zero     0x2000'4b54      0x4  touch.o [1]
  .bss                   zero     0x2000'4b58      0x4  z_planner.o [1]
  .bss                   zero     0x2000'4b5c      0x4  z_planner.o [1]
  .bss                   zero     0x2000'4b60      0x4  z_planner.o [1]
  .bss                   zero     0x2000'4b64      0x4  z_planner.o [1]
  .bss                   zero     0x2000'4b68      0x4  z_planner.o [1]
  .bss                   zero     0x2000'4b6c      0x4  z_planner.o [1]
  .bss                   zero     0x2000'4b70      0x4  z_planner.o [1]
  .bss                   zero     0x2000'4b74      0x4  z_stepper.o [1]
  .bss                   zero     0x2000'4b78      0x4  z_stepper.o [1]
  .bss                   zero     0x2000'4b7c      0x4  z_stepper.o [1]
  .bss                   zero     0x2000'4b80      0x4  z_stepper.o [1]
  .bss                   zero     0x2000'4b84      0x4  z_stepper.o [1]
  .bss                   zero     0x2000'4b88      0x4  z_stepper.o [1]
  .bss                   zero     0x2000'4b8c      0x4  z_stepper.o [1]
  .bss                   zero     0x2000'4b90      0x4  z_stepper.o [1]
  .bss                   zero     0x2000'4b94      0x4  z_stepper.o [1]
  .bss                   zero     0x2000'4b98      0x4  z_stepper.o [1]
  .bss                   zero     0x2000'4b9c      0x4  z_stepper.o [1]
  .bss                   zero     0x2000'4ba0      0x4  z_stepper.o [1]
  .bss                   zero     0x2000'4ba4      0x4  z_stepper.o [1]
  .bss                   zero     0x2000'4ba8      0x4  z_stepper.o [1]
  .bss                   zero     0x2000'4bac      0x4  xfail_s.o [2]
  .bss                   zero     0x2000'4bb0      0x4  xgetmemchunk.o [2]
  .bss                   zero     0x2000'4bb4      0x2  ff.o [1]
  .bss                   zero     0x2000'4bb6      0x2  lcd_low.o [1]
  .bss                   zero     0x2000'4bb8      0x2  lcd_ui.o [1]
  .bss                   zero     0x2000'4bba      0x2  lcd_ui.o [1]
  .bss                   zero     0x2000'4bbc      0x2  lcd_ui.o [1]
  .bss                   zero     0x2000'4bbe      0x2  z_planner.o [1]
  .bss                   zero     0x2000'4bc0      0x1  fatfs.o [1]
  .bss                   zero     0x2000'4bc1      0x1  fatfs.o [1]
  .bss                   zero     0x2000'4bc2      0x1  main.o [1]
  .bss                   zero     0x2000'4bc3      0x1  main.o [1]
  .bss                   zero     0x2000'4bc4      0x1  main.o [1]
  .bss                   zero     0x2000'4bc5      0x1  main.o [1]
  .bss                   zero     0x2000'4bc6      0x1  usb_host.o [1]
  .bss                   zero     0x2000'4bc7      0x1  z_endstops.o [1]
  .bss                   zero     0x2000'4bc8      0x1  z_endstops.o [1]
  .bss                   zero     0x2000'4bc9      0x1  z_planner.o [1]
  .bss                   zero     0x2000'4bca      0x1  z_planner.o [1]
  .bss                   zero     0x2000'4bcb      0x1  z_planner.o [1]
  .bss                   zero     0x2000'4bcc      0x1  z_planner.o [1]
  .bss                   zero     0x2000'4bcd      0x1  z_planner.o [1]
  .bss                   zero     0x2000'4bce      0x1  z_planner.o [1]
  .bss                   zero     0x2000'4bcf      0x1  z_stepper.o [1]
  .bss                   zero     0x2000'4bd0      0x1  z_stepper.o [1]
  .bss                   zero     0x2000'4bd1      0x1  z_stepper.o [1]
  .bss                   zero     0x2000'4bd2      0x1  z_stepper.o [1]
  .bss                   zero     0x2000'4bd3      0x1  z_stepper.o [1]
                                - 0x2000'4bd4   0x492c

"P2", part 3 of 3:                              0x7204
  .noinit                uninit   0x2000'4bd4   0x1000  tgui.o [1]
  .noinit                uninit   0x2000'5bd4    0x200  tgui.o [1]
  CSTACK                          0x2000'5dd8   0x4000  <Block>
    CSTACK               uninit   0x2000'5dd8   0x4000  <Block tail>
  HEAP                            0x2000'9dd8   0x2000  <Block>
    HEAP                 uninit   0x2000'9dd8   0x2000  <Block tail>
                                - 0x2000'bdd8   0x7204

Unused ranges:

         From           To      Size
         ----           --      ----
   0x802'8d21   0x807'ffff  0x5'72df
  0x1000'5478  0x1000'ffff    0xab88
  0x2000'bdd8  0x2001'ffff  0x1'4228


*******************************************************************************
*** INIT TABLE
***

          Address      Size
          -------      ----
Zero (__iar_zero_init3)
    1 destination range, total size 0x492c:
          0x2000'02a8  0x492c

Copy/lz77 (__iar_lz77_init_single3)
    1 source range, total size 0x1a5 (61% of destination):
           0x802'8b7c   0x1a5
    1 destination range, total size 0x2a8:
          0x2000'0000   0x2a8

Extra (__iar_cstart_call_ctors)



*******************************************************************************
*** MODULE SUMMARY
***

    Module                  ro code  ro data  rw data
    ------                  -------  -------  -------
command line/config:
    -------------------------------------------------
    Total:

D:\Electronics\Projects\MKS_DLP_new\SRC\firmware\MKSDLP_Alter_Debug\Obj: [1]
    config.o                    160                76
    diskio.o                    176
    fatfs.o                     136             8 322
    ff.o                      8 850      172      522
    ff_gen_drv.o                 84                16
    ffunicode.o                 324      944
    fnt12.o                            2 043       12
    fnt18.o                            4 075       12
    fnt18bold.o                        4 624       12
    fnt24.o                            6 819       12
    fnt24bold.o                        8 668       12
    fsmc.o                      276                84
    fst_spi.o                 1 332               736
    gpio.o                      320
    languages.o                 120      768      440
    lcd_low.o                 1 408                98
    lcd_ui.o                  2 740        6       17
    main.o                    2 046      528   20 652
    motor.o                     498                 4
    rtc.o                       200        4       32
    spi_flash.o                 804                20
    spifl_diskio.o              240       20
    startup_stm32f407xx.o       412
    stm32f4xx_hal.o             180        4        9
    stm32f4xx_hal_cortex.o      300
    stm32f4xx_hal_dma.o       1 112        8
    stm32f4xx_hal_gpio.o        594
    stm32f4xx_hal_hcd.o       4 192
    stm32f4xx_hal_msp.o          64
    stm32f4xx_hal_rcc.o       1 416
    stm32f4xx_hal_rcc_ex.o      336
    stm32f4xx_hal_rtc.o       1 048
    stm32f4xx_hal_spi.o       1 532
    stm32f4xx_hal_sram.o         92
    stm32f4xx_hal_tim.o       1 930
    stm32f4xx_hal_tim_ex.o      172
    stm32f4xx_it.o              156
    stm32f4xx_ll_fsmc.o         228
    stm32f4xx_ll_usb.o        2 500                 4
    sys_timer.o                 288               256
    system_stm32f4xx.o           32       18        4
    tgui.o                    3 216      176   11 132
    tgui_defaultfuncs.o       1 884
    tgui_infoscreenfuncs.o      156       12
    tgui_langscreenfuncs.o      636
    tim.o                       488        8      128
    touch.o                     512                20
    unicode_utils.o             426
    usb_host.o                  140               985
    usbh_conf.o                 760               708
    usbh_core.o               1 950
    usbh_ctlreq.o             1 468
    usbh_diskio.o               324       20
    usbh_ioreq.o                208
    usbh_msc.o                2 228       24       32
    usbh_msc_bot.o              916
    usbh_msc_scsi.o           1 002
    usbh_pipes.o                182
    usbh_platform.o              32
    z_endstops.o                280                 2
    z_planner.o               4 124        4      588
    z_stepper.o               1 680        2       65
    -------------------------------------------------
    Total:                   58 910   28 947   45 012

dl7M_tlf.a: [2]
    abort.o                       6
    cppinit.o                    24
    dlmalloc.o                5 344               496
    exit.o                        4
    heaptramp0.o                  4
    low_level_init.o              4
    sprintf.o                    64
    strcat.o                     30
    xencoding_8859_1.o           30
    xfail_s.o                    64                 4
    xgetmemchunk.o               44                 4
    xlocale_c.o                 120       86      128
    xmbcurmax.o                  10
    xprintffull.o             3 910
    xsprout.o                    10
    -------------------------------------------------
    Total:                    9 668       86      632

dlpp7M_tl_fc.a: [3]
    -------------------------------------------------
    Total:

m7M_tls.a: [4]
    DblAdd.o                    362
    DblCmpGe.o                   46
    DblCmpLe.o                   46
    DblDiv.o                    582
    DblMul.o                    418
    DblSub.o                    226
    DblToS32.o                   58
    DblToU32.o                   40
    FltToDbl.o                   72
    S32ToDbl.o                   34
    U32ToDbl.o                   26
    ceilf.o                      60
    floorf.o                     60
    fpinit_M.o                   34
    frexp.o                     112
    ldexp.o                     314
    lroundf.o                    46
    sqrtf.o                      30
    -------------------------------------------------
    Total:                    2 566

rt7M_tl.a: [5]
    ABImemclr4.o                  6
    ABImemcpy.o                 166
    ABImemset.o                 102
    ABImemset48.o                50
    I64DivMod.o                 560
    cexit.o                      10
    cmain.o                      30
    cmain_call_ctors.o           32
    cstartup_M.o                 12
    data_init.o                  40
    lz77_init_single.o          122
    memchr.o                     88
    strchr.o                     22
    strcmp.o                     18
    strlen.o                     54
    zero_init3.o                 58
    -------------------------------------------------
    Total:                    1 370

shb_l.a: [6]
    exit.o                       20
    unwind_debug.o                         1
    -------------------------------------------------
    Total:                       20        1

    Gaps                         51       10
    Linker created                        36   24 576
-----------------------------------------------------
    Grand Total:             72 585   29 080   70 220


*******************************************************************************
*** ENTRY LIST
***

Entry                       Address    Size  Type      Object
-----                       -------    ----  ----      ------
.iar.init_table$$Base    0x802'86a8           --   Gb  - Linker created -
.iar.init_table$$Limit   0x802'86cc           --   Gb  - Linker created -
?main                    0x802'8745          Code  Gb  cmain.o [5]
AHBPrescTable            0x802'88d4    0x10  Data  Gb  system_stm32f4xx.o [1]
Appli_state             0x2000'4bc6     0x1  Data  Gb  usb_host.o [1]
Appli_state_old         0x2000'4bc2     0x1  Data  Gb  main.o [1]
BusFault_Handler         0x802'834b     0x2  Code  Gb  stm32f4xx_it.o [1]
CFG_Init()               0x801'eead    0xa0  Code  Gb  config.o [1]
CSTACK$$Base            0x2000'5dd8           --   Gb  - Linker created -
CSTACK$$Limit           0x2000'9dd8           --   Gb  - Linker created -
CacheMore                0x802'4411    0x24  Code  Lc  xlocale_c.o [2]
DMA1_Stream3_IRQHandler
                         0x802'835d     0xa  Code  Gb  stm32f4xx_it.o [1]
DMA1_Stream4_IRQHandler
                         0x802'8367     0xa  Code  Gb  stm32f4xx_it.o [1]
DMA2_Stream2_IRQHandler
                         0x802'8385     0xa  Code  Gb  stm32f4xx_it.o [1]
DMA2_Stream5_IRQHandler
                         0x802'838f     0xa  Code  Gb  stm32f4xx_it.o [1]
DMA2_Stream7_IRQHandler
                         0x802'837b     0xa  Code  Gb  stm32f4xx_it.o [1]
DMA_CalcBaseAndBitshift
                         0x802'0ecf    0x30  Code  Lc  stm32f4xx_hal_dma.o [1]
DMA_CalcBaseAndBitshift::flagBitshiftOffset
                         0x802'8a68     0x8  Data  Lc  stm32f4xx_hal_dma.o [1]
DMA_CheckFifoParam       0x802'0f0d    0x88  Code  Lc  stm32f4xx_hal_dma.o [1]
DMA_SetConfig            0x802'0ea1    0x2e  Code  Lc  stm32f4xx_hal_dma.o [1]
DeInitStateMachine       0x801'ad61    0x66  Code  Lc  usbh_core.o [1]
DebugMon_Handler         0x802'8351     0x2  Code  Gb  stm32f4xx_it.o [1]
DeviceCode              0x2000'4bb6     0x2  Data  Gb  lcd_low.o [1]
EXTI0_IRQHandler         0x802'83c5     0xe  Code  Gb  stm32f4xx_it.o [1]
EXTI2_IRQHandler         0x802'83d3     0xe  Code  Gb  stm32f4xx_it.o [1]
Endstops::hit_state     0x2000'4bc7     0x1  Data  Gb  z_endstops.o [1]
Endstops::init()         0x802'2c5d    0x44  Code  Gb  z_endstops.o [1]
Endstops::live_state    0x2000'4bc8     0x1  Data  Gb  z_endstops.o [1]
Endstops::state()        0x802'4b5d     0xc  Code  Gb  z_endstops.o [1]
Endstops::update()       0x802'2ca1    0x94  Code  Gb  z_endstops.o [1]
EndstopsInterrupt        0x802'2c55     0x8  Code  Gb  z_endstops.o [1]
Error_Handler            0x801'bcad     0x2  Code  Gb  main.o [1]
ExCvt                    0x802'849c    0x80  Data  Lc  ff.o [1]
FATFS_Init               0x801'2689    0x1c  Code  Gb  fatfs.o [1]
FATFS_LinkDriver         0x801'2755     0xa  Code  Gb  ff_gen_drv.o [1]
FATFS_LinkDriverEx       0x801'2711    0x44  Code  Gb  ff_gen_drv.o [1]
FLASH_SPIEnable          0x801'db7f   0x188  Code  Gb  fst_spi.o [1]
FLASH_SPIInit            0x801'db21    0x5e  Code  Gb  fst_spi.o [1]
FLASH_SPIReadBuff        0x801'dd51    0x40  Code  Gb  fst_spi.o [1]
FLASH_SPIReadBuffDMA     0x801'dd91    0x2e  Code  Gb  fst_spi.o [1]
FLASH_SPISetSpeed        0x801'dd07    0x1c  Code  Gb  fst_spi.o [1]
FLASH_SPIWriteReadByte   0x801'dd23    0x2e  Code  Gb  fst_spi.o [1]
FSMC_Initialized        0x2000'4b34     0x4  Data  Lc  fsmc.o [1]
FSMC_NORSRAM_Extended_Timing_Init
                         0x802'4d35    0x40  Code  Gb  stm32f4xx_ll_fsmc.o [1]
FSMC_NORSRAM_Init        0x802'4c99    0x58  Code  Gb  stm32f4xx_ll_fsmc.o [1]
FSMC_NORSRAM_Timing_Init
                         0x802'4cf1    0x44  Code  Gb  stm32f4xx_ll_fsmc.o [1]
FatFs                   0x2000'4b2c     0x8  Data  Lc  ff.o [1]
Fsid                    0x2000'4bb4     0x2  Data  Lc  ff.o [1]
GPIO_Init                0x801'c3d1   0x140  Code  Gb  gpio.o [1]
HAL_DMA_GetState         0x802'0e9b     0x6  Code  Gb  stm32f4xx_hal_dma.o [1]
HAL_DMA_IRQHandler       0x802'0c91   0x20a  Code  Gb  stm32f4xx_hal_dma.o [1]
HAL_DMA_Init             0x802'0b3d    0xe0  Code  Gb  stm32f4xx_hal_dma.o [1]
HAL_DMA_Start_IT         0x802'0c1d    0x74  Code  Gb  stm32f4xx_hal_dma.o [1]
HAL_Delay                0x801'bcd1    0x28  Code  Wk  stm32f4xx_hal.o [1]
HAL_FSMC_MspInit         0x802'0aab    0x70  Code  Gb  fsmc.o [1]
HAL_GPIO_EXTI_IRQHandler
                         0x801'ab87    0x1c  Code  Gb  stm32f4xx_hal_gpio.o [1]
HAL_GPIO_Init            0x801'a991   0x1d0  Code  Gb  stm32f4xx_hal_gpio.o [1]
HAL_GPIO_ReadPin         0x801'ab61    0x12  Code  Gb  stm32f4xx_hal_gpio.o [1]
HAL_GPIO_WritePin        0x801'ab73    0x14  Code  Gb  stm32f4xx_hal_gpio.o [1]
HAL_GetTick              0x801'2b7d     0xc  Code  Wk  stm32f4xx_hal.o [1]
HAL_HCD_Connect_Callback
                         0x801'9c8f     0xc  Code  Gb  usbh_conf.o [1]
HAL_HCD_Disconnect_Callback
                         0x801'9c9b     0xc  Code  Gb  usbh_conf.o [1]
HAL_HCD_GetCurrentFrame
                         0x801'90b1     0xa  Code  Gb  stm32f4xx_hal_hcd.o [1]
HAL_HCD_GetCurrentSpeed
                         0x801'90bb     0xa  Code  Gb  stm32f4xx_hal_hcd.o [1]
HAL_HCD_HC_GetURBState   0x801'9097     0xe  Code  Gb  stm32f4xx_hal_hcd.o [1]
HAL_HCD_HC_GetXferCount
                         0x801'90a5     0xc  Code  Gb  stm32f4xx_hal_hcd.o [1]
HAL_HCD_HC_Halt          0x801'8ce1    0x2c  Code  Gb  stm32f4xx_hal_hcd.o [1]
HAL_HCD_HC_Init          0x801'8c17    0xca  Code  Gb  stm32f4xx_hal_hcd.o [1]
HAL_HCD_HC_NotifyURBChange_Callback
                         0x801'9ca7     0x2  Code  Gb  usbh_conf.o [1]
HAL_HCD_HC_SubmitRequest
                         0x801'8d0d   0x1f8  Code  Gb  stm32f4xx_hal_hcd.o [1]
HAL_HCD_IRQHandler       0x801'8f05   0x134  Code  Gb  stm32f4xx_hal_hcd.o [1]
HAL_HCD_Init             0x801'8ba1    0x76  Code  Gb  stm32f4xx_hal_hcd.o [1]
HAL_HCD_MspInit          0x801'9c01    0x82  Code  Gb  usbh_conf.o [1]
HAL_HCD_PortDisabled_Callback
                         0x801'9cb5     0xc  Code  Gb  usbh_conf.o [1]
HAL_HCD_PortEnabled_Callback
                         0x801'9ca9     0xc  Code  Gb  usbh_conf.o [1]
HAL_HCD_ResetPort        0x801'908d     0xa  Code  Gb  stm32f4xx_hal_hcd.o [1]
HAL_HCD_SOF_Callback     0x801'9c83     0xc  Code  Gb  usbh_conf.o [1]
HAL_HCD_Start            0x801'9039    0x2e  Code  Gb  stm32f4xx_hal_hcd.o [1]
HAL_HCD_Stop             0x801'9067    0x26  Code  Gb  stm32f4xx_hal_hcd.o [1]
HAL_IncTick              0x801'c711    0x58  Code  Gb  sys_timer.o [1]
HAL_Init                 0x801'c39d    0x30  Code  Gb  stm32f4xx_hal.o [1]
HAL_InitTick             0x802'099d    0x4c  Code  Wk  stm32f4xx_hal.o [1]
HAL_MspInit              0x802'09e9    0x40  Code  Gb  stm32f4xx_hal_msp.o [1]
HAL_NVIC_EnableIRQ       0x801'acdd     0xa  Code  Gb  stm32f4xx_hal_cortex.o [1]
HAL_NVIC_SetPriority     0x801'acbb    0x22  Code  Gb  stm32f4xx_hal_cortex.o [1]
HAL_NVIC_SetPriorityGrouping
                         0x801'acb3     0x8  Code  Gb  stm32f4xx_hal_cortex.o [1]
HAL_RCCEx_PeriphCLKConfig
                         0x802'077d   0x12c  Code  Gb  stm32f4xx_hal_rcc_ex.o [1]
HAL_RCC_ClockConfig      0x802'05a9   0x13a  Code  Gb  stm32f4xx_hal_rcc.o [1]
HAL_RCC_GetSysClockFreq
                         0x802'06fd    0x80  Code  Wk  stm32f4xx_hal_rcc.o [1]
HAL_RCC_OscConfig        0x802'01f5   0x3b4  Code  Wk  stm32f4xx_hal_rcc.o [1]
HAL_RTC_GetDate          0x801'2a7f    0x4e  Code  Gb  stm32f4xx_hal_rtc.o [1]
HAL_RTC_GetTime          0x801'2937    0x62  Code  Gb  stm32f4xx_hal_rtc.o [1]
HAL_RTC_Init             0x801'2765    0xcc  Code  Gb  stm32f4xx_hal_rtc.o [1]
HAL_RTC_SetDate          0x801'2999    0xe6  Code  Gb  stm32f4xx_hal_rtc.o [1]
HAL_RTC_SetTime          0x801'2831   0x106  Code  Gb  stm32f4xx_hal_rtc.o [1]
HAL_RTC_WaitForSynchro   0x801'2ad9    0x36  Code  Gb  stm32f4xx_hal_rtc.o [1]
HAL_SPI_Init             0x802'0f95    0xca  Code  Gb  stm32f4xx_hal_spi.o [1]
HAL_SPI_Receive_DMA      0x802'1085   0x106  Code  Gb  stm32f4xx_hal_spi.o [1]
HAL_SPI_TransmitReceive_DMA
                         0x802'118b   0x156  Code  Gb  stm32f4xx_hal_spi.o [1]
HAL_SPI_TxRxCpltCallback
                         0x801'd8dd    0x1e  Code  Gb  fst_spi.o [1]
HAL_SRAM_Init            0x802'43b1    0x5c  Code  Gb  stm32f4xx_hal_sram.o [1]
HAL_SRAM_MspInit         0x802'0b1b     0x8  Code  Gb  fsmc.o [1]
HAL_SYSTICK_Config       0x801'ace7     0x8  Code  Gb  stm32f4xx_hal_cortex.o [1]
HAL_TIMEx_MasterConfigSynchronization
                         0x802'4bdd    0x8c  Code  Gb  stm32f4xx_hal_tim_ex.o [1]
HAL_TIM_Base_Init        0x802'34d1    0x38  Code  Gb  stm32f4xx_hal_tim.o [1]
HAL_TIM_Base_MspInit     0x802'340d    0x56  Code  Gb  tim.o [1]
HAL_TIM_Base_Start_IT    0x802'3509    0x28  Code  Gb  stm32f4xx_hal_tim.o [1]
HAL_TIM_Base_Stop_IT     0x802'3531    0x34  Code  Gb  stm32f4xx_hal_tim.o [1]
HAL_TIM_ConfigClockSource
                         0x802'386b    0xe8  Code  Gb  stm32f4xx_hal_tim.o [1]
HAL_TIM_IRQHandler       0x802'35f9   0x176  Code  Gb  stm32f4xx_hal_tim.o [1]
HAL_TIM_MspPostInit      0x802'3463    0x4e  Code  Gb  tim.o [1]
HAL_TIM_PWM_ConfigChannel
                         0x802'376f    0xfc  Code  Gb  stm32f4xx_hal_tim.o [1]
HAL_TIM_PWM_Init         0x802'3565    0x38  Code  Gb  stm32f4xx_hal_tim.o [1]
HAL_TIM_PWM_Start        0x802'359d    0x54  Code  Gb  stm32f4xx_hal_tim.o [1]
HCD_HC_IN_IRQHandler     0x801'90c5   0x55e  Code  Lc  stm32f4xx_hal_hcd.o [1]
HCD_HC_OUT_IRQHandler    0x801'9623   0x478  Code  Lc  stm32f4xx_hal_hcd.o [1]
HCD_Port_IRQHandler      0x801'9b59    0xa8  Code  Lc  stm32f4xx_hal_hcd.o [1]
HCD_RXQLVL_IRQHandler    0x801'9a9b    0xba  Code  Lc  stm32f4xx_hal_hcd.o [1]
HEAP$$Base              0x2000'9dd8           --   Gb  - Linker created -
HEAP$$Limit             0x2000'bdd8           --   Gb  - Linker created -
HardFault_Handler        0x802'8347     0x2  Code  Gb  stm32f4xx_it.o [1]
IsrStepperHandler        0x802'2e07    0x1c  Code  Gb  z_stepper.o [1]
LANG_GetLanguageName(unsigned char)
                         0x801'c86b    0x18  Code  Gb  languages.o [1]
LANG_GetString(LNG_STRING_ID)
                         0x801'c831    0x3a  Code  Gb  languages.o [1]
LANG_SetLanguage(unsigned char)
                         0x801'c883    0x18  Code  Gb  languages.o [1]
LCDUI_Clear()            0x801'cf69     0xe  Code  Gb  lcd_ui.o [1]
LCDUI_DrawChar(char, unsigned short, short, short)
                         0x801'd269   0x188  Code  Gb  lcd_ui.o [1]
LCDUI_DrawFastVLine(short, short, short)
                         0x801'cf77    0x64  Code  Gb  lcd_ui.o [1]
LCDUI_DrawText(char *, unsigned short, short, short, short, short)
                         0x801'd3f1   0x230  Code  Gb  lcd_ui.o [1]
LCDUI_DrawTextUTF(char *, unsigned short, short, short, short, short)
                         0x801'd645   0x266  Code  Gb  lcd_ui.o [1]
LCDUI_FillRect(short, short, short, short)
                         0x801'cfdb    0x86  Code  Gb  lcd_ui.o [1]
LCDUI_FillRoundRect(short, short, short, short, short)
                         0x801'd061    0x82  Code  Gb  lcd_ui.o [1]
LCDUI_GetCurrentFontHeight()
                         0x801'd25f     0xa  Code  Gb  lcd_ui.o [1]
LCDUI_GetTextWidthUTF(char *)
                         0x801'd225    0x3a  Code  Gb  lcd_ui.o [1]
LCDUI_Init()             0x801'ce29    0x42  Code  Gb  lcd_ui.o [1]
LCDUI_SetBackColor(unsigned short)
                         0x801'cf3d     0xe  Code  Gb  lcd_ui.o [1]
LCDUI_SetColor(unsigned short)
                         0x801'cf2f     0xe  Code  Gb  lcd_ui.o [1]
LCDUI_SetCursorCoord(short, short)
                         0x801'cf4b    0x1e  Code  Gb  lcd_ui.o [1]
LCDUI_SetFont(LCDUI_FONT_TYPE)
                         0x801'd1bf    0x66  Code  Gb  lcd_ui.o [1]
LCD_BackLight            0x801'cde7    0x1a  Code  Gb  lcd_low.o [1]
LCD_Clear                0x801'cdb3    0x34  Code  Gb  lcd_low.o [1]
LCD_CtrlLinesConfig      0x801'c8a9   0x108  Code  Gb  lcd_low.o [1]
LCD_FSMCConfig           0x801'c9b1     0x8  Code  Gb  lcd_low.o [1]
LCD_Initializtion        0x801'ca57   0x256  Code  Gb  lcd_low.o [1]
LCD_ReadRAM              0x801'ca2d     0xa  Code  Gb  lcd_low.o [1]
LCD_ReadReg              0x801'c9d3     0xa  Code  Gb  lcd_low.o [1]
LCD_Read_ID              0x801'ca37    0x20  Code  Gb  lcd_low.o [1]
LCD_SetCursor            0x801'ccad    0x60  Code  Gb  lcd_low.o [1]
LCD_SetWindows           0x801'cd0d    0xa6  Code  Gb  lcd_low.o [1]
LCD_WaitDMAReady         0x801'ca1d    0x10  Code  Gb  lcd_low.o [1]
LCD_WriteCmd             0x801'c9dd     0x8  Code  Gb  lcd_low.o [1]
LCD_WriteRAM             0x801'c9ef     0x8  Code  Gb  lcd_low.o [1]
LCD_WriteRAM_DMA         0x801'c9f7    0x26  Code  Gb  lcd_low.o [1]
LCD_WriteRAM_Prepare     0x801'c9e5     0xa  Code  Gb  lcd_low.o [1]
LCD_WriteReg             0x801'c9c5     0xe  Code  Gb  lcd_low.o [1]
LCD_X_Init               0x801'c9b9     0xc  Code  Gb  lcd_low.o [1]
LfnBuf                  0x2000'37d8   0x200  Data  Lc  ff.o [1]
LfnOfs                   0x802'8844    0x10  Data  Lc  ff.o [1]
LoadInt                  0x802'1ecf    0x7a  Code  Lc  xprintffull.o [2]
MX_FSMC_Init             0x802'0a29    0x82  Code  Gb  fsmc.o [1]
MemManage_Handler        0x802'8349     0x2  Code  Gb  stm32f4xx_it.o [1]
NMI_Handler              0x802'8345     0x2  Code  Gb  stm32f4xx_it.o [1]
NVIC_EncodePriority      0x801'ac49    0x3c  Code  Lc  stm32f4xx_hal_cortex.o [1]
OTG_FS_IRQHandler        0x802'8371     0xa  Code  Gb  stm32f4xx_it.o [1]
PendSV_Handler           0x802'8353     0x2  Code  Gb  stm32f4xx_it.o [1]
Planner::Planner()       0x801'f14d     0xe  Code  Gb  z_planner.o [1]
Planner::_buffer_steps(int, float, float)
                         0x801'f73b    0x68  Code  Gb  z_planner.o [1]
Planner::_populate_block(block_t *, bool, int, float, float)
                         0x801'f7d5   0x5f8  Code  Gb  z_planner.o [1]
Planner::_populate_block(block_t *, bool, int32_t, float, float)::previous_safe_speed
                        0x2000'4b70     0x4  Data  Lc  z_planner.o [1]
Planner::block_buffer   0x2000'3bd8   0x200  Data  Gb  z_planner.o [1]
Planner::block_buffer_head
                        0x2000'4bca     0x1  Data  Gb  z_planner.o [1]
Planner::block_buffer_nonbusy
                        0x2000'4bcb     0x1  Data  Gb  z_planner.o [1]
Planner::block_buffer_planned
                        0x2000'4bcc     0x1  Data  Gb  z_planner.o [1]
Planner::block_buffer_tail
                        0x2000'4bcd     0x1  Data  Gb  z_planner.o [1]
Planner::buffer_segment(float, float, float const &)
                         0x801'fe19    0x46  Code  Gb  z_planner.o [1]
Planner::buffer_sync_block()
                         0x801'fdd1    0x42  Code  Gb  z_planner.o [1]
Planner::calculate_trapezoid_for_block(block_t *, float const &, float const &)
                         0x801'f1fb   0x124  Code  Gb  z_planner.o [1]
Planner::cleaning_buffer_counter
                        0x2000'4bbe     0x2  Data  Gb  z_planner.o [1]
Planner::clear_block_buffer()
                         0x802'3e71    0x24  Code  Gb  z_planner.o [1]
Planner::cutoff_long    0x2000'4b64     0x4  Data  Gb  z_planner.o [1]
Planner::delay_before_delivering
                        0x2000'4bce     0x1  Data  Gb  z_planner.o [1]
Planner::endstop_triggered()
                         0x801'f717     0x8  Code  Gb  z_planner.o [1]
Planner::estimate_acceleration_distance(float, float, float)
                         0x802'3ef1    0xac  Code  Gb  z_planner.o [1]
Planner::forward_pass()
                         0x801'f567    0x54  Code  Gb  z_planner.o [1]
Planner::forward_pass_kernel(block_t const *, block_t *, unsigned char)
                         0x801'f4d7    0x90  Code  Gb  z_planner.o [1]
Planner::get_current_block()
                         0x801'f183    0x78  Code  Gb  z_planner.o [1]
Planner::get_next_free_block(unsigned char &, unsigned char)
                         0x802'40f1    0x38  Code  Gb  z_planner.o [1]
Planner::has_blocks_queued()
                         0x802'40d1    0x20  Code  Gb  z_stepper.o [1]
Planner::init()          0x801'f15b    0x28  Code  Gb  z_planner.o [1]
Planner::intersection_distance(float, float, float, float)
                         0x802'3fd9    0xbc  Code  Gb  z_planner.o [1]
Planner::max_acceleration_steps_per_s2
                        0x2000'4b58     0x4  Data  Gb  z_planner.o [1]
Planner::max_allowable_speed_sqr(float, float, float)
                         0x802'4095    0x12  Code  Gb  z_planner.o [1]
Planner::moves_free()    0x802'4c8b     0xe  Code  Gb  z_planner.o [1]
Planner::movesplanned()
                         0x802'3e95    0x18  Code  Gb  z_planner.o [1]
Planner::next_block_index(unsigned char)
                         0x802'3ead     0x8  Code  Gb  z_stepper.o [1]
Planner::nonbusy_movesplanned()
                         0x802'4129    0x18  Code  Gb  z_planner.o [1]
Planner::position       0x2000'4b60     0x4  Data  Gb  z_planner.o [1]
Planner::prev_block_index(unsigned char)
                         0x802'40a7     0x8  Code  Gb  z_planner.o [1]
Planner::previous_nominal_speed_sqr
                        0x2000'4b6c     0x4  Data  Gb  z_planner.o [1]
Planner::previous_speed
                        0x2000'4b68     0x4  Data  Gb  z_planner.o [1]
Planner::recalculate()   0x801'f6f3    0x24  Code  Gb  z_planner.o [1]
Planner::recalculate_trapezoids()
                         0x801'f5c5   0x12e  Code  Gb  z_planner.o [1]
Planner::refresh_positioning()
                         0x801'fec5    0x32  Code  Gb  z_planner.o [1]
Planner::release_current_block()
                         0x802'4ee9    0x1c  Code  Gb  z_stepper.o [1]
Planner::reset_acceleration_rates()
                         0x801'fe91    0x34  Code  Gb  z_planner.o [1]
Planner::reverse_pass()
                         0x801'f455    0x82  Code  Gb  z_planner.o [1]
Planner::reverse_pass_kernel(block_t *, block_t const *)
                         0x801'f321   0x134  Code  Gb  z_planner.o [1]
Planner::set_machine_position_mm(float)
                         0x801'fe5f    0x2a  Code  Gb  z_planner.o [1]
Planner::set_position_mm(float)
                         0x801'fe89     0x8  Code  Gb  z_planner.o [1]
Planner::settings       0x2000'4a68    0x28  Data  Gb  z_planner.o [1]
Planner::steps_to_mm    0x2000'4b5c     0x4  Data  Gb  z_planner.o [1]
Planner::synchronize()   0x801'f71f    0x1c  Code  Gb  z_planner.o [1]
RTC_Bcd2ToByte           0x801'2b61    0x1a  Code  Gb  stm32f4xx_hal_rtc.o [1]
RTC_ByteToBcd2           0x801'2b49    0x18  Code  Gb  stm32f4xx_hal_rtc.o [1]
RTC_Enable               0x801'ee87    0x10  Code  Gb  rtc.o [1]
RTC_EnterInitMode        0x801'2b0f    0x3a  Code  Gb  stm32f4xx_hal_rtc.o [1]
RTC_Init                 0x801'ede5    0xa2  Code  Gb  rtc.o [1]
Region$$Table$$Base      0x802'86a8           --   Gb  - Linker created -
Region$$Table$$Limit     0x802'86cc           --   Gb  - Linker created -
SHT$$INIT_ARRAY$$Base    0x802'8b78           --   Gb  - Linker created -
SHT$$INIT_ARRAY$$Limit   0x802'8b7c           --   Gb  - Linker created -
SHT$$PREINIT_ARRAY$$Base
                         0x802'8b78           --   Gb  - Linker created -
SHT$$PREINIT_ARRAY$$Limit
                         0x802'8b78           --   Gb  - Linker created -
SPIFL_Driver             0x802'881c    0x14  Data  Gb  spifl_diskio.o [1]
SPIFL_EraseSector        0x801'df99    0x52  Code  Gb  spi_flash.o [1]
SPIFL_Init               0x801'de87    0x42  Code  Gb  spi_flash.o [1]
SPIFL_ReadBuff           0x801'df21    0x78  Code  Gb  spi_flash.o [1]
SPIFL_ReadID             0x801'dec9    0x58  Code  Gb  spi_flash.o [1]
SPIFL_WriteBuff          0x801'dfeb   0x118  Code  Gb  spi_flash.o [1]
SPIFL_initialize         0x802'8199    0x1c  Code  Gb  spifl_diskio.o [1]
SPIFL_ioctl              0x802'822d    0x56  Code  Gb  spifl_diskio.o [1]
SPIFL_read               0x802'81c5    0x34  Code  Gb  spifl_diskio.o [1]
SPIFL_status             0x802'81b5    0x10  Code  Gb  spifl_diskio.o [1]
SPIFL_write              0x802'81f9    0x34  Code  Gb  spifl_diskio.o [1]
SPI_DMAError             0x802'13d5    0x24  Code  Lc  stm32f4xx_hal_spi.o [1]
SPI_DMAHalfReceiveCplt   0x802'13bd     0xa  Code  Lc  stm32f4xx_hal_spi.o [1]
SPI_DMAHalfTransmitReceiveCplt
                         0x802'13c9     0xa  Code  Lc  stm32f4xx_hal_spi.o [1]
SPI_DMAReceiveCplt       0x802'12e1    0x78  Code  Lc  stm32f4xx_hal_spi.o [1]
SPI_DMATransmitReceiveCplt
                         0x802'1359    0x64  Code  Lc  stm32f4xx_hal_spi.o [1]
SPI_EndRxTransaction     0x802'1499    0x92  Code  Lc  stm32f4xx_hal_spi.o [1]
SPI_EndRxTxTransaction   0x802'152b    0x5a  Code  Lc  stm32f4xx_hal_spi.o [1]
SPI_WaitFlagStateUntilTimeout
                         0x802'13f9    0xa0  Code  Lc  stm32f4xx_hal_spi.o [1]
SVC_Handler              0x802'834f     0x2  Code  Gb  stm32f4xx_it.o [1]
SYSTIMER_GetCountDown    0x801'c7df    0x24  Code  Gb  sys_timer.o [1]
SYSTIMER_Init            0x801'c769    0x2a  Code  Gb  sys_timer.o [1]
SYSTIMER_NewCountDown    0x801'c793    0x4c  Code  Gb  sys_timer.o [1]
SYSTIMER_SetCountDown    0x801'c803    0x20  Code  Gb  sys_timer.o [1]
SpiflFS                 0x2000'12e0  0x1038  Data  Gb  fatfs.o [1]
SpiflPath               0x2000'4b24     0x8  Data  Gb  fatfs.o [1]
Stepper::_set_position(int)
                         0x802'3235     0x6  Code  Gb  z_stepper.o [1]
Stepper::abort_current_block
                        0x2000'4bd1     0x1  Data  Gb  z_stepper.o [1]
Stepper::acc_step_rate  0x2000'4b9c     0x4  Data  Gb  z_stepper.o [1]
Stepper::accelerate_until
                        0x2000'4b90     0x4  Data  Gb  z_stepper.o [1]
Stepper::acceleration_time
                        0x2000'4b78     0x4  Data  Gb  z_stepper.o [1]
Stepper::advance_dividend
                        0x2000'4b84     0x4  Data  Gb  z_stepper.o [1]
Stepper::advance_divisor
                        0x2000'4b88     0x4  Data  Gb  z_stepper.o [1]
Stepper::axis_did_move  0x2000'4bd0     0x1  Data  Gb  z_stepper.o [1]
Stepper::axis_is_moving()
                         0x802'4b2d    0x18  Code  Gb  z_endstops.o [1]
Stepper::block_phase_isr()
                         0x802'3059   0x190  Code  Gb  z_stepper.o [1]
Stepper::calc_timer_interval(unsigned int, unsigned char *)
                         0x802'4b85    0x2c  Code  Gb  z_stepper.o [1]
Stepper::count_direction
                        0x2000'4bd3     0x1  Data  Gb  z_stepper.o [1]
Stepper::count_position
                        0x2000'4ba4     0x4  Data  Gb  z_stepper.o [1]
Stepper::current_block  0x2000'4b74     0x4  Data  Gb  z_stepper.o [1]
Stepper::decelerate_after
                        0x2000'4b94     0x4  Data  Gb  z_stepper.o [1]
Stepper::deceleration_time
                        0x2000'4b7c     0x4  Data  Gb  z_stepper.o [1]
Stepper::delta_error    0x2000'4b80     0x4  Data  Gb  z_stepper.o [1]
Stepper::discard_current_block()
                         0x802'4b69    0x1c  Code  Gb  z_stepper.o [1]
Stepper::endstop_triggered()
                         0x802'325b    0x20  Code  Gb  z_stepper.o [1]
Stepper::endstops_trigsteps
                        0x2000'4ba0     0x4  Data  Gb  z_stepper.o [1]
Stepper::init()          0x802'31fd    0x38  Code  Gb  z_stepper.o [1]
Stepper::is_awake()      0x802'4f05    0x10  Code  Gb  z_stepper.o [1]
Stepper::is_block_busy(block_t const *)
                         0x802'31e9    0x12  Code  Gb  z_stepper.o [1]
Stepper::isr()           0x802'2e23    0xb8  Code  Gb  z_stepper.o [1]
Stepper::isr()::nextMainISR
                        0x2000'4ba8     0x4  Data  Lc  z_stepper.o [1]
Stepper::last_direction_bits
                        0x2000'4bcf     0x1  Data  Gb  z_stepper.o [1]
Stepper::motor_direction()
                         0x802'4b45    0x18  Code  Gb  z_stepper.o [1]
Stepper::pulse_phase_isr()
                         0x802'2edb   0x17e  Code  Gb  z_stepper.o [1]
Stepper::quick_stop()    0x802'4bd1     0xc  Code  Gb  z_stepper.o [1]
Stepper::set_directions()
                         0x802'2daf    0x58  Code  Gb  z_stepper.o [1]
Stepper::set_position(int)
                         0x802'323b    0x20  Code  Gb  z_stepper.o [1]
Stepper::step_event_count
                        0x2000'4b98     0x4  Data  Gb  z_stepper.o [1]
Stepper::step_events_completed
                        0x2000'4b8c     0x4  Data  Gb  z_stepper.o [1]
Stepper::steps_per_isr  0x2000'4bd2     0x1  Data  Gb  z_stepper.o [1]
Stepper::suspend()       0x802'4bb1    0x20  Code  Gb  z_stepper.o [1]
Stepper::ticks_nominal  0x2000'021c     0x4  Data  Gb  z_stepper.o [1]
Stepper::wake_up()       0x802'4141    0x10  Code  Gb  z_stepper.o [1]
SysTick_Config           0x801'ac85    0x2e  Code  Lc  stm32f4xx_hal_cortex.o [1]
SysTick_Handler          0x802'8355     0x8  Code  Gb  stm32f4xx_it.o [1]
SystemClock_Config()     0x801'bb31    0xc6  Code  Gb  main.o [1]
SystemCoreClock         0x2000'01f8     0x4  Data  Gb  system_stm32f4xx.o [1]
SystemInit               0x802'86ed    0x12  Code  Gb  system_stm32f4xx.o [1]
TGUI_ChangeLanguage(unsigned char)
                         0x801'ebcb    0xc0  Code  Gb  tgui.o [1]
TGUI_DrawLogo()          0x801'ec8b     0xa  Code  Gb  tgui.o [1]
TGUI_ForceRepaint()      0x801'ec95    0x18  Code  Gb  tgui.o [1]
TGUI_Init()              0x801'e13d   0xa8e  Code  Gb  tgui.o [1]
TGUI_PointInRect(TOUCH_POINT *, TGUI_RECT *)
                         0x801'e115    0x28  Code  Gb  tgui.o [1]
TGUI_Process()           0x801'ecb1    0x18  Code  Gb  tgui.o [1]
TIM2_IRQHandler          0x802'8399     0xe  Code  Gb  stm32f4xx_it.o [1]
TIM_Base_SetConfig       0x802'3953    0xba  Code  Gb  stm32f4xx_hal_tim.o [1]
TIM_CCxChannelCmd        0x802'3c35    0x26  Code  Gb  stm32f4xx_hal_tim.o [1]
TIM_ETR_SetConfig        0x802'3c1f    0x16  Code  Gb  stm32f4xx_hal_tim.o [1]
TIM_ITRx_SetConfig       0x802'3c0f    0x10  Code  Lc  stm32f4xx_hal_tim.o [1]
TIM_OC1_SetConfig        0x802'3a0d    0x64  Code  Lc  stm32f4xx_hal_tim.o [1]
TIM_OC2_SetConfig        0x802'3a71    0x6e  Code  Gb  stm32f4xx_hal_tim.o [1]
TIM_OC3_SetConfig        0x802'3adf    0x6c  Code  Lc  stm32f4xx_hal_tim.o [1]
TIM_OC4_SetConfig        0x802'3b4b    0x4c  Code  Lc  stm32f4xx_hal_tim.o [1]
TIM_TI1_ConfigInputStage
                         0x802'3bc5    0x24  Code  Lc  stm32f4xx_hal_tim.o [1]
TIM_TI2_ConfigInputStage
                         0x802'3be9    0x26  Code  Lc  stm32f4xx_hal_tim.o [1]
TIM_ZRef_Init            0x802'335d    0xb0  Code  Gb  tim.o [1]
TIM_ZStepper_Init        0x802'32e9    0x74  Code  Gb  tim.o [1]
TOUCH_SPIEnable          0x801'd95f   0x15a  Code  Gb  fst_spi.o [1]
TOUCH_SPIGetState        0x801'db0f     0x8  Code  Gb  fst_spi.o [1]
TOUCH_SPIInit            0x801'd8fb    0x64  Code  Gb  fst_spi.o [1]
TOUCH_SPIStartRead       0x801'dab9    0x56  Code  Gb  fst_spi.o [1]
Timers                  0x2000'429c   0x100  Data  Gb  sys_timer.o [1]
Touch_Enable             0x801'c6cd     0x8  Code  Gb  touch.o [1]
Touch_GetCoords          0x801'c6e1     0xc  Code  Gb  touch.o [1]
Touch_GetState           0x801'c6d5     0x6  Code  Gb  touch.o [1]
Touch_Init               0x801'c699    0x34  Code  Gb  touch.o [1]
Touch_IsPressed          0x801'c6ed    0x18  Code  Gb  touch.o [1]
Touch_SetState           0x801'c6db     0x6  Code  Gb  touch.o [1]
USBH_AllocPipe           0x801'bd5b    0x32  Code  Gb  usbh_pipes.o [1]
USBH_BulkReceiveData     0x802'0979    0x24  Code  Gb  usbh_ioreq.o [1]
USBH_BulkSendData        0x802'0947    0x32  Code  Gb  usbh_ioreq.o [1]
USBH_ClosePipe           0x801'bd4f     0xc  Code  Gb  usbh_pipes.o [1]
USBH_ClrFeature          0x801'bf45    0x26  Code  Gb  usbh_ctlreq.o [1]
USBH_CtlReceiveData      0x802'0923    0x24  Code  Gb  usbh_ioreq.o [1]
USBH_CtlReq              0x801'c12d    0x54  Code  Gb  usbh_ctlreq.o [1]
USBH_CtlSendData         0x802'08f1    0x32  Code  Gb  usbh_ioreq.o [1]
USBH_CtlSendSetup        0x802'08cd    0x24  Code  Gb  usbh_ioreq.o [1]
USBH_Delay               0x801'9ec7     0x8  Code  Gb  usbh_conf.o [1]
USBH_Driver              0x802'8830    0x14  Data  Gb  usbh_diskio.o [1]
USBH_FindInterface       0x801'ae15    0x66  Code  Gb  usbh_core.o [1]
USBH_FreePipe            0x801'bd8d    0x26  Code  Gb  usbh_pipes.o [1]
USBH_GetDescriptor       0x801'be99    0x3c  Code  Gb  usbh_ctlreq.o [1]
USBH_GetFreePipe         0x801'bdb3    0x2e  Code  Lc  usbh_pipes.o [1]
USBH_GetNextDesc         0x801'c11d    0x10  Code  Gb  usbh_ctlreq.o [1]
USBH_Get_CfgDesc         0x801'be1f    0x3a  Code  Gb  usbh_ctlreq.o [1]
USBH_Get_DevDesc         0x801'bde1    0x3e  Code  Gb  usbh_ctlreq.o [1]
USBH_Get_StringDesc      0x801'be59    0x40  Code  Gb  usbh_ctlreq.o [1]
USBH_Get_USB_Status      0x801'9ecf    0x2a  Code  Gb  usbh_conf.o [1]
USBH_HandleControl       0x801'c181   0x21c  Code  Lc  usbh_ctlreq.o [1]
USBH_HandleEnum          0x801'b169   0x2be  Code  Lc  usbh_core.o [1]
USBH_HandleSof           0x801'b43f    0x1a  Code  Lc  usbh_core.o [1]
USBH_Init                0x801'ad11    0x50  Code  Gb  usbh_core.o [1]
USBH_LL_ClosePipe        0x801'9dd9    0x1a  Code  Gb  usbh_conf.o [1]
USBH_LL_Connect          0x801'b469    0x16  Code  Gb  usbh_core.o [1]
USBH_LL_Disconnect       0x801'b47f    0x30  Code  Gb  usbh_core.o [1]
USBH_LL_DriverVBUS       0x801'9e3d    0x1c  Code  Gb  usbh_conf.o [1]
USBH_LL_GetLastXferSize
                         0x801'9d9b     0xe  Code  Gb  usbh_conf.o [1]
USBH_LL_GetSpeed         0x801'9d59    0x2a  Code  Gb  usbh_conf.o [1]
USBH_LL_GetToggle        0x801'9e91    0x36  Code  Gb  usbh_conf.o [1]
USBH_LL_GetURBState      0x801'9e2f     0xe  Code  Gb  usbh_conf.o [1]
USBH_LL_IncTimer         0x801'b42d    0x12  Code  Gb  usbh_core.o [1]
USBH_LL_Init             0x801'9cc1    0x50  Code  Gb  usbh_conf.o [1]
USBH_LL_OpenPipe         0x801'9da9    0x30  Code  Gb  usbh_conf.o [1]
USBH_LL_PortDisabled     0x801'b461     0x8  Code  Gb  usbh_core.o [1]
USBH_LL_PortEnabled      0x801'b459     0x8  Code  Gb  usbh_core.o [1]
USBH_LL_ResetPort        0x801'9d83    0x18  Code  Gb  usbh_conf.o [1]
USBH_LL_SetTimer         0x801'b427     0x6  Code  Gb  usbh_core.o [1]
USBH_LL_SetToggle        0x801'9e59    0x38  Code  Gb  usbh_conf.o [1]
USBH_LL_Start            0x801'9d29    0x18  Code  Gb  usbh_conf.o [1]
USBH_LL_Stop             0x801'9d41    0x18  Code  Gb  usbh_conf.o [1]
USBH_LL_SubmitURB        0x801'9df3    0x3c  Code  Gb  usbh_conf.o [1]
USBH_MSC_BOT_Abort       0x802'6971    0x30  Code  Lc  usbh_msc_bot.o [1]
USBH_MSC_BOT_Init        0x802'66ab    0x22  Code  Gb  usbh_msc_bot.o [1]
USBH_MSC_BOT_Process     0x802'66cd   0x2a4  Code  Gb  usbh_msc_bot.o [1]
USBH_MSC_BOT_REQ_GetMaxLUN
                         0x802'668d    0x1e  Code  Gb  usbh_msc_bot.o [1]
USBH_MSC_BOT_REQ_Reset   0x802'666d    0x20  Code  Gb  usbh_msc_bot.o [1]
USBH_MSC_ClassRequest    0x802'5f8b    0x90  Code  Lc  usbh_msc.o [1]
USBH_MSC_DecodeCSW       0x802'69a1    0x54  Code  Lc  usbh_msc_bot.o [1]
USBH_MSC_GetLUNInfo      0x802'6507    0x2e  Code  Gb  usbh_msc.o [1]
USBH_MSC_InterfaceDeInit
                         0x802'5f2d    0x5e  Code  Lc  usbh_msc.o [1]
USBH_MSC_InterfaceInit   0x802'5db9   0x174  Code  Lc  usbh_msc.o [1]
USBH_MSC_Process         0x802'601b   0x380  Code  Lc  usbh_msc.o [1]
USBH_MSC_RdWrProcess     0x802'639f   0x140  Code  Lc  usbh_msc.o [1]
USBH_MSC_Read            0x802'6535    0x9c  Code  Gb  usbh_msc.o [1]
USBH_MSC_SCSI_Inquiry    0x802'6b0b   0x100  Code  Gb  usbh_msc_scsi.o [1]
USBH_MSC_SCSI_Read       0x802'6d53    0x9c  Code  Gb  usbh_msc_scsi.o [1]
USBH_MSC_SCSI_ReadCapacity
                         0x802'6a65    0xa6  Code  Gb  usbh_msc_scsi.o [1]
USBH_MSC_SCSI_RequestSense
                         0x802'6c0b    0xac  Code  Gb  usbh_msc_scsi.o [1]
USBH_MSC_SCSI_TestUnitReady
                         0x802'6a05    0x60  Code  Gb  usbh_msc_scsi.o [1]
USBH_MSC_SCSI_Write      0x802'6cb7    0x9c  Code  Gb  usbh_msc_scsi.o [1]
USBH_MSC_SOFProcess      0x802'639b     0x4  Code  Lc  usbh_msc.o [1]
USBH_MSC_UnitIsReady     0x802'64df    0x28  Code  Gb  usbh_msc.o [1]
USBH_MSC_Write           0x802'65d1    0x9c  Code  Gb  usbh_msc.o [1]
USBH_OpenPipe            0x801'bd2b    0x24  Code  Gb  usbh_pipes.o [1]
USBH_ParseCfgDesc        0x801'bfc7    0xd0  Code  Lc  usbh_ctlreq.o [1]
USBH_ParseDevDesc        0x801'bf6b    0x5c  Code  Lc  usbh_ctlreq.o [1]
USBH_ParseEPDesc         0x801'c0bd    0x20  Code  Lc  usbh_ctlreq.o [1]
USBH_ParseInterfaceDesc
                         0x801'c097    0x26  Code  Lc  usbh_ctlreq.o [1]
USBH_ParseStringDesc     0x801'c0dd    0x40  Code  Lc  usbh_ctlreq.o [1]
USBH_Process             0x801'ae91   0x2d8  Code  Gb  usbh_core.o [1]
USBH_RegisterClass       0x801'adc7    0x2e  Code  Gb  usbh_core.o [1]
USBH_SelectInterface     0x801'adf5    0x20  Code  Gb  usbh_core.o [1]
USBH_SetAddress          0x801'bed5    0x26  Code  Gb  usbh_ctlreq.o [1]
USBH_SetCfg              0x801'befb    0x24  Code  Gb  usbh_ctlreq.o [1]
USBH_SetFeature          0x801'bf1f    0x26  Code  Gb  usbh_ctlreq.o [1]
USBH_Start               0x801'ae7b    0x16  Code  Gb  usbh_core.o [1]
USBH_UserProcess         0x801'ff85    0x3a  Code  Lc  usb_host.o [1]
USBH_initialize          0x802'7915     0x4  Code  Gb  usbh_diskio.o [1]
USBH_ioctl               0x802'79cf    0x86  Code  Gb  usbh_diskio.o [1]
USBH_msc                0x2000'01fc    0x20  Data  Gb  usbh_msc.o [1]
USBH_read                0x802'7935    0x48  Code  Gb  usbh_diskio.o [1]
USBH_status              0x802'7919    0x1c  Code  Gb  usbh_diskio.o [1]
USBH_write               0x802'797d    0x52  Code  Gb  usbh_diskio.o [1]
USB_CoreInit             0x801'9ef9    0x80  Code  Gb  stm32f4xx_ll_usb.o [1]
USB_CoreReset            0x801'a07b    0x32  Code  Lc  stm32f4xx_ll_usb.o [1]
USB_DisableGlobalInt     0x801'9f85     0xc  Code  Gb  stm32f4xx_ll_usb.o [1]
USB_DoPing               0x801'a7c3    0x3c  Code  Gb  stm32f4xx_ll_usb.o [1]
USB_DriveVbus            0x801'a247    0x4e  Code  Gb  stm32f4xx_ll_usb.o [1]
USB_EnableGlobalInt      0x801'9f79     0xc  Code  Gb  stm32f4xx_ll_usb.o [1]
USB_FlushRxFifo          0x801'9feb    0x1e  Code  Gb  stm32f4xx_ll_usb.o [1]
USB_FlushTxFifo          0x801'9fc9    0x22  Code  Gb  stm32f4xx_ll_usb.o [1]
USB_GetCurrentFrame      0x801'a2ad     0xa  Code  Gb  stm32f4xx_ll_usb.o [1]
USB_GetHostSpeed         0x801'a295    0x18  Code  Gb  stm32f4xx_ll_usb.o [1]
USB_GetMode              0x801'a073     0x8  Code  Gb  stm32f4xx_ll_usb.o [1]
USB_HC_Halt              0x801'a661   0x162  Code  Gb  stm32f4xx_ll_usb.o [1]
[...]
__aeabi_cdrcmple         0x802'4619          Code  Gb  DblCmpGe.o [4]
__aeabi_d2iz             0x802'4785          Code  Gb  DblToS32.o [4]
__aeabi_d2uiz            0x802'3e49          Code  Gb  DblToU32.o [4]
__aeabi_ddiv             0x802'48c9          Code  Gb  DblDiv.o [4]
__aeabi_dmul             0x802'3ca5          Code  Gb  DblMul.o [4]
__aeabi_dsub             0x802'47e5          Code  Gb  DblSub.o [4]
__aeabi_f2d              0x802'3c5d          Code  Gb  FltToDbl.o [4]
__aeabi_i2d              0x802'47c1          Code  Gb  S32ToDbl.o [4]
__aeabi_memclr4          0x801'a981          Code  Gb  ABImemclr4.o [5]
__aeabi_memcpy           0x801'a8bd          Code  Gb  ABImemcpy.o [5]
__aeabi_memcpy4          0x801'a8dd          Code  Gb  ABImemcpy.o [5]
__aeabi_memcpy8          0x801'a8dd          Code  Gb  ABImemcpy.o [5]
__aeabi_memset           0x802'018d          Code  Gb  ABImemset.o [5]
__aeabi_ui2d             0x802'4b11          Code  Gb  U32ToDbl.o [4]
__aeabi_uldivmod         0x802'4181          Code  Gb  I64DivMod.o [5]
__call_ctors             0x802'872d    0x18  Code  Gb  cppinit.o [2]
__cmain                  0x802'8745          Code  Gb  cmain.o [5]
__data_GetMemChunk       0x801'7a99    0x2c  Code  Gb  xgetmemchunk.o [2]
__data_GetMemChunk::start
                        0x2000'4bb0     0x4  Data  Lc  xgetmemchunk.o [2]
__exit                   0x801'7ac5    0x14  Code  Gb  exit.o [6]
__iar_Fail_s             0x802'449d    0x1c  Code  Gb  xfail_s.o [2]
__iar_Mbcurmax           0x802'456d     0xa  Code  Gb  xmbcurmax.o [2]
__iar_Memchr             0x802'4515          Code  Gb  memchr.o [5]
__iar_Memset             0x802'018d          Code  Gb  ABImemset.o [5]
__iar_Memset4_word       0x801'bcf9          Code  Gb  ABImemset48.o [5]
__iar_Memset8_word       0x801'bcf9          Code  Gb  ABImemset48.o [5]
__iar_Memset_word        0x802'0195          Code  Gb  ABImemset.o [5]
__iar_Strchr             0x802'4485          Code  Gb  strchr.o [5]
__iar_ceil32             0x802'3ec5          Code  Gb  ceilf.o [4]
__iar_cstart_call_ctors
                         0x802'870d    0x20  Code  Gb  cmain_call_ctors.o [5]
__iar_dadd               0x802'47f5          Code  Gb  DblSub.o [4]
__iar_data_init3         0x802'8615    0x28  Code  Gb  data_init.o [5]
__iar_debug_exceptions   0x801'b4ae     0x1  Data  Gb  unwind_debug.o [6]
__iar_dlfree             0x801'7557   0x4f6  Code  Gb  dlmalloc.o [2]
__iar_dlmalloc           0x801'72a1   0x2b6  Code  Gb  dlmalloc.o [2]
__iar_dsub               0x802'4d7d          Code  Gb  DblAdd.o [4]
__iar_dsubStart          0x802'4d8f          Code  Gb  DblAdd.o [4]
__iar_floor32            0x802'3fad          Code  Gb  floorf.o [4]
__iar_frexp              0x802'4585          Code  Gb  frexp.o [4]
__iar_frexpl             0x802'4585          Code  Gb  frexp.o [4]
__iar_globLocale        0x2000'0258    0x48  Data  Lc  xlocale_c.o [2]
__iar_global_Locale      0x802'440d     0x4  Code  Gb  xlocale_c.o [2]
__iar_init_vfp           0x802'8685          Code  Gb  fpinit_M.o [4]
__iar_ldexp64            0x802'4649          Code  Gb  ldexp.o [4]
__iar_lround32           0x802'4155          Code  Gb  lroundf.o [4]
__iar_lz77_init_single3
                         0x801'241b    0x7a  Code  Gb  lz77_init_single.o [5]
__iar_program_start      0x802'899d          Code  Gb  cstartup_M.o [5]
__iar_scalbln64          0x802'4649          Code  Gb  ldexp.o [4]
__iar_scalbn64           0x802'4649          Code  Gb  ldexp.o [4]
__iar_softfp___iar_frexp64
                         0x802'4579          Code  Gb  frexp.o [4]
__iar_softfp_frexp       0x802'4579          Code  Gb  frexp.o [4]
__iar_softfp_frexpl      0x802'4579          Code  Gb  frexp.o [4]
__iar_sqrt32             0x802'40b1          Code  Gb  sqrtf.o [4]
__iar_tls$$INIT_ARRAY$$Base
                         0x802'8b7c           --   Gb  - Linker created -
__iar_tls$$INIT_ARRAY$$Limit
                         0x802'8b7c           --   Gb  - Linker created -
__iar_vfp___iar_ceil32   0x802'3eb5          Code  Gb  ceilf.o [4]
__iar_vfp___iar_floor32
                         0x802'3f9d          Code  Gb  floorf.o [4]
__iar_vfp___iar_lround32
                         0x802'4151          Code  Gb  lroundf.o [4]
__iar_vfp_ceilf          0x802'3eb5          Code  Gb  ceilf.o [4]
__iar_vfp_floorf         0x802'3f9d          Code  Gb  floorf.o [4]
__iar_vfp_lroundf        0x802'4151          Code  Gb  lroundf.o [4]
__iar_zero_init3         0x801'7a5f    0x3a  Code  Gb  zero_init3.o [5]
__low_level_init         0x802'8763     0x4  Code  Gb  low_level_init.o [2]
__sti__routine           0x801'f141     0xc  Code  Lc  z_planner.o [1]
__vector_table           0x801'0000          Data  Gb  startup_stm32f407xx.o [1]
_call_main               0x802'8751          Code  Gb  cmain.o [5]
_exit                    0x802'876d          Code  Gb  cexit.o [5]
_flash_SPIGetFlags       0x801'db17     0xa  Code  Gb  fst_spi.o [1]
_gLocale_mblen           0x802'4471     0x4  Code  Gb  xlocale_c.o [2]
_gLocale_mblenInt        0x802'4435    0x2c  Code  Gb  xlocale_c.o [2]
_gLocale_wctomb          0x802'4475     0x4  Code  Gb  xlocale_c.o [2]
_gLocale_wctombInt       0x802'446d     0x4  Code  Gb  xlocale_c.o [2]
_gm_                    0x2000'3fb4   0x1d8  Data  Lc  dlmalloc.o [2]
_lcdui_FillCircle_helper(short, short, short, unsigned char, short)
                         0x801'ce6b    0xc4  Code  Gb  lcd_ui.o [1]
_lcdui_GetCharData(char)
                         0x801'd133    0x8c  Code  Gb  lcd_ui.o [1]
_lcdui_GetCharWidth(char)
                         0x801'd0e3    0x50  Code  Gb  lcd_ui.o [1]
_main                    0x802'875f          Code  Gb  cmain.o [5]
_spifl_WaitBusy          0x801'de11    0x4a  Code  Gb  spi_flash.o [1]
_spifl_WriteEnable       0x801'de5b    0x2c  Code  Gb  spi_flash.o [1]
_spifl_bust_counts      0x2000'4b40     0x4  Data  Gb  spi_flash.o [1]
_spifl_info             0x2000'4b10     0xc  Data  Gb  spi_flash.o [1]
_tgui_DefaultButtonPaint(void *, void *)
                         0x802'18e3    0xec  Code  Gb  tgui_defaultfuncs.o [1]
_tgui_DefaultScreenPaint(void *, void *)
                         0x802'19cf    0x9e  Code  Gb  tgui_defaultfuncs.o [1]
_tgui_DefaultScreenProcess(void *, void *)
                         0x802'1a6d   0x286  Code  Gb  tgui_defaultfuncs.o [1]
_tgui_DrawFileCimgBackground(char *)
                         0x802'1681   0x262  Code  Gb  tgui_defaultfuncs.o [1]
_tgui_DrawStringInRect(char *, TGUI_RECT *, TGUI_TEXTOPTIONS *)
                         0x802'15b1    0xd0  Code  Gb  tgui_defaultfuncs.o [1]
_tgui_InfoScreenFansTimePaint(void *, void *)
                         0x802'843d    0x34  Code  Gb  tgui_infoscreenfuncs.o [1]
_tgui_InfoScreenLightTimePaint(void *, void *)
                         0x802'8409    0x34  Code  Gb  tgui_infoscreenfuncs.o [1]
_tgui_InfoScreenVersionPaint(void *, void *)
                         0x802'83e1    0x28  Code  Gb  tgui_infoscreenfuncs.o [1]
_tgui_LanguageScreenProcess(void *, void *)
                         0x802'74a5   0x27c  Code  Gb  tgui_langscreenfuncs.o [1]
_touch_ReadCoords        0x801'c511    0xc8  Code  Gb  touch.o [1]
_touch_RefreshState      0x801'c5d9    0xc0  Code  Gb  touch.o [1]
_zmotor_Pins_Init()      0x801'ef57    0xf2  Code  Gb  motor.o [1]
abort                    0x801'7a59     0x6  Code  Gb  abort.o [2]
add_segment              0x801'6941   0x1f2  Code  Lc  dlmalloc.o [2]
ceilf                    0x802'3ec5          Code  Gb  ceilf.o [4]
cfgzMotor               0x2000'48c4    0x40  Data  Gb  config.o [1]
cfname                  0x2000'2b18   0x400  Data  Gb  main.o [1]
check_fs                 0x801'1635    0x76  Code  Lc  ff.o [1]
chk_chr                  0x801'020f    0x14  Code  Lc  ff.o [1]
clst2sect                0x801'0403    0x1a  Code  Lc  ff.o [1]
cmp_lfn                  0x801'0afd    0xa0  Code  Lc  ff.o [1]
create_chain             0x801'0711   0x130  Code  Lc  ff.o [1]
create_name              0x801'12c1   0x286  Code  Lc  ff.o [1]
d                       0x2000'4b44     0x4  Data  Gb  spi_flash.o [1]
dbc_1st                  0x801'0223     0xe  Code  Lc  ff.o [1]
dbc_2nd                  0x801'0231     0xe  Code  Lc  ff.o [1]
dir                     0x2000'4984    0x34  Data  Gb  main.o [1]
dir_alloc                0x801'0a49    0x64  Code  Lc  ff.o [1]
dir_clear                0x801'0841    0x64  Code  Lc  ff.o [1]
dir_find                 0x801'0e7b   0x118  Code  Lc  ff.o [1]
dir_next                 0x801'0957    0xf2  Code  Lc  ff.o [1]
dir_read                 0x801'0d7b   0x100  Code  Lc  ff.o [1]
dir_register             0x801'0f93   0x166  Code  Lc  ff.o [1]
dir_sdi                  0x801'08a5    0xb2  Code  Lc  ff.o [1]
disk                    0x2000'4ae4    0x10  Data  Gb  ff_gen_drv.o [1]
disk_initialize          0x801'24b3    0x32  Code  Gb  diskio.o [1]
disk_ioctl               0x801'2521    0x20  Code  Gb  diskio.o [1]
disk_read                0x801'24e5    0x1e  Code  Gb  diskio.o [1]
disk_status              0x801'2495    0x1e  Code  Gb  diskio.o [1]
disk_write               0x801'2503    0x1e  Code  Gb  diskio.o [1]
exit                     0x802'8767     0x4  Code  Gb  exit.o [2]
f_close                  0x801'2147    0x2a  Code  Gb  ff.o [1]
f_closedir               0x801'23a3    0x1c  Code  Gb  ff.o [1]
f_lseek                  0x801'2171   0x1aa  Code  Gb  ff.o [1]
f_mount                  0x801'1a2b    0x54  Code  Gb  ff.o [1]
f_open                   0x801'1aa9   0x21a  Code  Gb  ff.o [1]
f_opendir                0x801'231b    0x88  Code  Gb  ff.o [1]
f_read                   0x801'1cc3   0x1cc  Code  Gb  ff.o [1]
f_readdir                0x801'23bf    0x5c  Code  Gb  ff.o [1]
f_sync                   0x801'20a7    0xa0  Code  Gb  ff.o [1]
f_write                  0x801'1e8f   0x218  Code  Gb  ff.o [1]
fbuff                   0x1000'0000  0x2000  Data  Gb  main.o [1]
ff_oem2uni               0x801'258b    0x3a  Code  Gb  ffunicode.o [1]
ff_uni2oem               0x801'2545    0x46  Code  Gb  ffunicode.o [1]
ff_wtoupper              0x801'25c5    0xb6  Code  Gb  ffunicode.o [1]
ff_wtoupper::cvt1        0x802'7720   0x1f4  Data  Lc  ffunicode.o [1]
ff_wtoupper::cvt2        0x802'8288    0xbc  Data  Lc  ffunicode.o [1]
find_volume              0x801'16b1    0x6c  Code  Lc  ff.o [1]
finfo                   0x2000'35b4   0x224  Data  Gb  main.o [1]
floorf                   0x802'3fad          Code  Gb  floorf.o [4]
fnt12_data               0x802'6df0   0x6b4  Data  Gb  fnt12.o [1]
fnt12_width              0x802'7a58   0x140  Data  Gb  fnt12.o [1]
fnt18_data               0x802'4f14   0xea4  Data  Gb  fnt18.o [1]
fnt18_width              0x802'7b98   0x140  Data  Gb  fnt18.o [1]
fnt18bold_data           0x801'7ad8  0x10c8  Data  Gb  fnt18bold.o [1]
fnt18bold_width          0x802'7cd8   0x140  Data  Gb  fnt18bold.o [1]
fnt24_data               0x801'4c1c  0x195c  Data  Gb  fnt24.o [1]
fnt24_width              0x802'7e18   0x140  Data  Gb  fnt24.o [1]
fnt24bold_data           0x801'2b88  0x2094  Data  Gb  fnt24bold.o [1]
fnt24bold_width          0x802'7f58   0x140  Data  Gb  fnt24bold.o [1]
follow_path              0x801'154d    0x9a  Code  Lc  ff.o [1]
font_fnt12              0x2000'0000     0xc  Data  Gb  fnt12.o [1]
font_fnt18              0x2000'000c     0xc  Data  Gb  fnt18.o [1]
font_fnt18bold          0x2000'0018     0xc  Data  Gb  fnt18bold.o [1]
font_fnt24              0x2000'0024     0xc  Data  Gb  fnt24.o [1]
font_fnt24bold          0x2000'0030     0xc  Data  Gb  fnt24bold.o [1]
free                     0x802'6a01     0x4  Code  Gb  heaptramp0.o [2]
gen_numname              0x801'0cb9    0xa2  Code  Lc  ff.o [1]
get_fat                  0x801'041d   0x10a  Code  Lc  ff.o [1]
get_fattime              0x801'26a5    0x50  Code  Gb  fatfs.o [1]
get_fileinfo             0x801'10f9   0x1c8  Code  Lc  ff.o [1]
get_ldnumber             0x801'15e7    0x4e  Code  Lc  ff.o [1]
hFlashSpi               0x2000'45b4    0x80  Data  Gb  fst_spi.o [1]
hFlashSpiDmaRx          0x2000'4754    0x60  Data  Gb  fst_spi.o [1]
hFlashSpiDmaTx          0x2000'47b4    0x60  Data  Gb  fst_spi.o [1]
hLcdDma                 0x2000'4814    0x60  Data  Gb  lcd_low.o [1]
hRTC                    0x2000'4a90    0x20  Data  Gb  rtc.o [1]
hStepperTim             0x2000'4904    0x40  Data  Gb  tim.o [1]
hTouchSpi               0x2000'4534    0x80  Data  Gb  fst_spi.o [1]
hTouchSpiDmaRx          0x2000'4634    0x60  Data  Gb  fst_spi.o [1]
hTouchSpiDmaTx          0x2000'4694    0x60  Data  Gb  fst_spi.o [1]
hUsbHost                0x2000'2f18   0x3d8  Data  Gb  usb_host.o [1]
hZRefTim                0x2000'4944    0x40  Data  Gb  tim.o [1]
hhcd_USB_OTG_FS         0x2000'32f0   0x2c4  Data  Gb  usbh_conf.o [1]
hsram1                  0x2000'4874    0x50  Data  Gb  fsmc.o [1]
idle()                   0x801'ef4d     0xa  Code  Gb  motor.o [1]
idle()::idlecount       0x2000'4b3c     0x4  Data  Lc  motor.o [1]
init_mparams             0x801'6593    0x32  Code  Lc  dlmalloc.o [2]
init_top                 0x801'65c5    0x36  Code  Lc  dlmalloc.o [2]
lcdui_bgcolor           0x2000'4bbc     0x2  Data  Gb  lcd_ui.o [1]
lcdui_color             0x2000'02a4     0x2  Data  Gb  lcd_ui.o [1]
lcdui_current_font      0x2000'01f0     0x4  Data  Gb  lcd_ui.o [1]
lcdui_current_font_type
                        0x2000'02a6     0x1  Data  Gb  lcd_ui.o [1]
lcdui_cursor_x          0x2000'4bb8     0x2  Data  Gb  lcd_ui.o [1]
lcdui_cursor_y          0x2000'4bba     0x2  Data  Gb  lcd_ui.o [1]
lcdui_height            0x2000'02a2     0x2  Data  Gb  lcd_ui.o [1]
lcdui_width             0x2000'02a0     0x2  Data  Gb  lcd_ui.o [1]
ld_clust                 0x801'0aad    0x26  Code  Lc  ff.o [1]
ld_dword                 0x801'0195    0x16  Code  Lc  ff.o [1]
ld_word                  0x801'0189     0xc  Code  Lc  ff.o [1]
ldexp                    0x802'4649          Code  Gb  ldexp.o [4]
ldexpl                   0x802'4649          Code  Gb  ldexp.o [4]
lngCurrLanguage         0x2000'01ec     0x4  Data  Gb  languages.o [1]
lngEmptyString          0x2000'4b38     0x4  Data  Gb  languages.o [1]
lngLangEng              0x2000'003c    0xd0  Data  Gb  languages.o [1]
lngLangRus              0x2000'010c    0xd0  Data  Gb  languages.o [1]
lngLanguages            0x2000'01dc    0x10  Data  Gb  languages.o [1]
localeconv               0x802'4479     0x4  Code  Gb  xlocale_c.o [2]
lroundf                  0x802'4155          Code  Gb  lroundf.o [4]
main                     0x801'b4b1   0x67c  Code  Gb  main.o [1]
mem_cmp                  0x801'01f1    0x1e  Code  Lc  ff.o [1]
mem_cpy                  0x801'01d1    0x14  Code  Lc  ff.o [1]
mem_set                  0x801'01e5     0xc  Code  Lc  ff.o [1]
memchr                   0x802'4515          Code  Gb  memchr.o [5]
mount_volume             0x801'171d   0x2c6  Code  Lc  ff.o [1]
move_window              0x801'0331    0x3e  Code  Lc  ff.o [1]
mparams                 0x2000'4acc    0x18  Data  Lc  dlmalloc.o [2]
msg                     0x2000'39d8   0x200  Data  Gb  main.o [1]
pick_lfn                 0x801'0b9d    0x90  Code  Lc  ff.o [1]
prepend_alloc            0x801'65fb   0x346  Code  Lc  dlmalloc.o [2]
put_fat                  0x801'0527   0x15c  Code  Lc  ff.o [1]
put_lfn                  0x801'0c2d    0x84  Code  Lc  ff.o [1]
put_utf                  0x801'0285    0x5c  Code  Lc  ff.o [1]
remove_chain             0x801'0683    0x8e  Code  Lc  ff.o [1]
retSPIFL                0x2000'4bc1     0x1  Data  Gb  fatfs.o [1]
retUSBH                 0x2000'4bc0     0x1  Data  Gb  fatfs.o [1]
s_tfname                0x2000'2718   0x400  Data  Gb  main.o [1]
scalbln                  0x802'4649          Code  Gb  ldexp.o [4]
scalblnl                 0x802'4649          Code  Gb  ldexp.o [4]
scalbn                   0x802'4649          Code  Gb  ldexp.o [4]
scalbnl                  0x802'4649          Code  Gb  ldexp.o [4]
scale                    0x802'24e3    0x46  Code  Lc  xprintffull.o [2]
sec_hand                0x2000'4bac     0x4  Data  Lc  xfail_s.o [2]
segment_holding          0x801'6579    0x1a  Code  Lc  dlmalloc.o [2]
sfile                   0x1000'3028  0x1028  Data  Gb  main.o [1]
sprintf                  0x801'eda5    0x40  Code  Gb  sprintf.o [2]
sqrtf                    0x802'40b1          Code  Gb  sqrtf.o [4]
srvMode                 0x2000'4bc5     0x1  Data  Gb  main.o [1]
st_clust                 0x801'0ad3    0x2a  Code  Lc  ff.o [1]
st_dword                 0x801'01b9    0x18  Code  Lc  ff.o [1]
st_word                  0x801'01ab     0xe  Code  Lc  ff.o [1]
strcat                   0x802'847d    0x1e  Code  Gb  strcat.o [2]
strchr                   0x802'4485          Code  Gb  strchr.o [5]
strcmp                   0x802'0179          Code  Gb  strcmp.o [5]
strlen                   0x802'44dd          Code  Gb  strlen.o [5]
sum_sfn                  0x801'0d5b    0x20  Code  Lc  ff.o [1]
sync_fs                  0x801'036f    0x94  Code  Lc  ff.o [1]
sync_window              0x801'02e1    0x50  Code  Lc  ff.o [1]
sys_alloc                0x801'6b39   0x164  Code  Lc  dlmalloc.o [2]
sys_trim                 0x801'6c9d    0x64  Code  Lc  dlmalloc.o [2]
systemState             0x2000'4b04     0xc  Data  Gb  config.o [1]
tchar2uni                0x801'023f    0x46  Code  Lc  ff.o [1]
tfname                  0x1000'5078   0x400  Data  Gb  tgui.o [1]
tguiActiveScreen        0x2000'4b50     0x4  Data  Gb  tgui.o [1]
tguiDBuff               0x2000'4bd4  0x1000  Data  Gb  tgui.o [1]
tguiDefaultConfig       0x2000'4ab0    0x1c  Data  Gb  tgui.o [1]
tguiFBuff               0x2000'5bd4   0x200  Data  Gb  tgui.o [1]
tguiFile                0x1000'4050  0x1028  Data  Gb  tgui.o [1]
tguiScrButtonsInfo      0x2000'3dd8   0x1dc  Data  Gb  tgui.o [1]
tguiScrButtonsLanguage  0x2000'4468    0xcc  Data  Gb  tgui.o [1]
tguiScrButtonsMain      0x2000'439c    0xcc  Data  Gb  tgui.o [1]
tguiScrButtonsService   0x2000'418c   0x110  Data  Gb  tgui.o [1]
tguiScreenInfo          0x2000'4a3c    0x2c  Data  Gb  tgui.o [1]
tguiScreenLanguage      0x2000'4a10    0x2c  Data  Gb  tgui.o [1]
tguiScreenMain          0x2000'49b8    0x2c  Data  Gb  tgui.o [1]
tguiScreenService       0x2000'49e4    0x2c  Data  Gb  tgui.o [1]
tguiTimer               0x2000'4bc4     0x1  Data  Gb  main.o [1]
tmalloc_large            0x801'6d0d   0x386  Code  Lc  dlmalloc.o [2]
tmalloc_small            0x801'7093   0x200  Code  Lc  dlmalloc.o [2]
touch_buff              0x2000'46f4    0x60  Data  Gb  fst_spi.o [1]
touch_info              0x2000'4af4    0x10  Data  Gb  touch.o [1]
touch_point             0x2000'4b54     0x4  Data  Gb  touch.o [1]
tstrcat(unsigned short *, unsigned short *)
                         0x802'0107    0x2c  Code  Gb  unicode_utils.o [1]
tstrcat_utf(unsigned short *, char *)
                         0x802'0133    0x44  Code  Gb  unicode_utils.o [1]
tstrcpy(unsigned short *, unsigned short *)
                         0x802'00e5    0x22  Code  Gb  unicode_utils.o [1]
u_tfname                0x2000'2318   0x400  Data  Gb  main.o [1]
uc866                    0x802'8098   0x100  Data  Lc  ffunicode.o [1]
ufile                   0x1000'2000  0x1028  Data  Gb  main.o [1]
uwTick                  0x2000'4b48     0x4  Data  Gb  stm32f4xx_hal.o [1]
uwTickFreq              0x2000'02a7     0x1  Data  Gb  stm32f4xx_hal.o [1]
uwTickPrio              0x2000'01f4     0x4  Data  Gb  stm32f4xx_hal.o [1]
validate                 0x801'19e3    0x48  Code  Lc  ff.o [1]
zPlanner                0x2000'4bc9     0x1  Data  Gb  z_planner.o [1]


[1] = D:\Electronics\Projects\MKS_DLP_new\SRC\firmware\MKSDLP_Alter_Debug\Obj
[2] = dl7M_tlf.a
[3] = dlpp7M_tl_fc.a
[4] = m7M_tls.a
[5] = rt7M_tl.a
[6] = shb_l.a

  72 585 bytes of readonly  code memory
  29 080 bytes of readonly  data memory
  70 220 bytes of readwrite data memory

Errors: none
Warnings: none
