###############################################################################
#
# IAR ELF Linker V8.32.1.169/W32 for ARM                  12/Aug/2020  23:52:20
# Copyright 2007-2018 IAR Systems AB.
#
#    Output file  =  
#        D:\Electronics\Projects\MKS_DLP_new\SRC\firmware\MKSDLP_Alter_debug\Exe\MKS_DLP_new.out
#    Map file     =  
#        D:\Electronics\Projects\MKS_DLP_new\SRC\firmware\MKSDLP_Alter_debug\List\MKS_DLP_new.map
#    Command line =  
#        -f C:\Temp\EW438E.tmp
#        (D:\Electronics\Projects\MKS_DLP_new\SRC\firmware\MKSDLP_Alter_Debug\Obj\config.o
#        D:\Electronics\Projects\MKS_DLP_new\SRC\firmware\MKSDLP_Alter_Debug\Obj\cpld_utils.o
#        D:\Electronics\Projects\MKS_DLP_new\SRC\firmware\MKSDLP_Alter_Debug\Obj\datetime.o
#        D:\Electronics\Projects\MKS_DLP_new\SRC\firmware\MKSDLP_Alter_Debug\Obj\diskio.o
#        D:\Electronics\Projects\MKS_DLP_new\SRC\firmware\MKSDLP_Alter_Debug\Obj\fatfs.o
#        D:\Electronics\Projects\MKS_DLP_new\SRC\firmware\MKSDLP_Alter_Debug\Obj\ff.o
#        D:\Electronics\Projects\MKS_DLP_new\SRC\firmware\MKSDLP_Alter_Debug\Obj\ff_gen_drv.o
#        D:\Electronics\Projects\MKS_DLP_new\SRC\firmware\MKSDLP_Alter_Debug\Obj\ffsystem.o
#        D:\Electronics\Projects\MKS_DLP_new\SRC\firmware\MKSDLP_Alter_Debug\Obj\ffunicode.o
#        D:\Electronics\Projects\MKS_DLP_new\SRC\firmware\MKSDLP_Alter_Debug\Obj\files_pws.o
#        D:\Electronics\Projects\MKS_DLP_new\SRC\firmware\MKSDLP_Alter_Debug\Obj\fnt12.o
#        D:\Electronics\Projects\MKS_DLP_new\SRC\firmware\MKSDLP_Alter_Debug\Obj\fnt12bold.o
#        D:\Electronics\Projects\MKS_DLP_new\SRC\firmware\MKSDLP_Alter_Debug\Obj\fnt18.o
#        D:\Electronics\Projects\MKS_DLP_new\SRC\firmware\MKSDLP_Alter_Debug\Obj\fnt18bold.o
#        D:\Electronics\Projects\MKS_DLP_new\SRC\firmware\MKSDLP_Alter_Debug\Obj\fnt24.o
#        D:\Electronics\Projects\MKS_DLP_new\SRC\firmware\MKSDLP_Alter_Debug\Obj\fnt24bold.o
#        D:\Electronics\Projects\MKS_DLP_new\SRC\firmware\MKSDLP_Alter_Debug\Obj\fsmc.o
#        D:\Electronics\Projects\MKS_DLP_new\SRC\firmware\MKSDLP_Alter_Debug\Obj\fst_spi.o
#        D:\Electronics\Projects\MKS_DLP_new\SRC\firmware\MKSDLP_Alter_Debug\Obj\gpio.o
#        D:\Electronics\Projects\MKS_DLP_new\SRC\firmware\MKSDLP_Alter_Debug\Obj\languages.o
#        D:\Electronics\Projects\MKS_DLP_new\SRC\firmware\MKSDLP_Alter_Debug\Obj\lcd_low.o
#        D:\Electronics\Projects\MKS_DLP_new\SRC\firmware\MKSDLP_Alter_Debug\Obj\lcd_ui.o
#        D:\Electronics\Projects\MKS_DLP_new\SRC\firmware\MKSDLP_Alter_Debug\Obj\main.o
#        D:\Electronics\Projects\MKS_DLP_new\SRC\firmware\MKSDLP_Alter_Debug\Obj\motor.o
#        D:\Electronics\Projects\MKS_DLP_new\SRC\firmware\MKSDLP_Alter_Debug\Obj\prtfiles.o
#        D:\Electronics\Projects\MKS_DLP_new\SRC\firmware\MKSDLP_Alter_Debug\Obj\rtc.o
#        D:\Electronics\Projects\MKS_DLP_new\SRC\firmware\MKSDLP_Alter_Debug\Obj\spi_flash.o
#        D:\Electronics\Projects\MKS_DLP_new\SRC\firmware\MKSDLP_Alter_Debug\Obj\spifl_diskio.o
#        D:\Electronics\Projects\MKS_DLP_new\SRC\firmware\MKSDLP_Alter_Debug\Obj\ssd_utils.o
#        D:\Electronics\Projects\MKS_DLP_new\SRC\firmware\MKSDLP_Alter_Debug\Obj\startup_stm32f407xx.o
#        D:\Electronics\Projects\MKS_DLP_new\SRC\firmware\MKSDLP_Alter_Debug\Obj\stm32f4xx_hal.o
#        D:\Electronics\Projects\MKS_DLP_new\SRC\firmware\MKSDLP_Alter_Debug\Obj\stm32f4xx_hal_cortex.o
#        D:\Electronics\Projects\MKS_DLP_new\SRC\firmware\MKSDLP_Alter_Debug\Obj\stm32f4xx_hal_dma.o
#        D:\Electronics\Projects\MKS_DLP_new\SRC\firmware\MKSDLP_Alter_Debug\Obj\stm32f4xx_hal_dma_ex.o
#        D:\Electronics\Projects\MKS_DLP_new\SRC\firmware\MKSDLP_Alter_Debug\Obj\stm32f4xx_hal_exti.o
#        D:\Electronics\Projects\MKS_DLP_new\SRC\firmware\MKSDLP_Alter_Debug\Obj\stm32f4xx_hal_flash.o
#        D:\Electronics\Projects\MKS_DLP_new\SRC\firmware\MKSDLP_Alter_Debug\Obj\stm32f4xx_hal_flash_ex.o
#        D:\Electronics\Projects\MKS_DLP_new\SRC\firmware\MKSDLP_Alter_Debug\Obj\stm32f4xx_hal_flash_ramfunc.o
#        D:\Electronics\Projects\MKS_DLP_new\SRC\firmware\MKSDLP_Alter_Debug\Obj\stm32f4xx_hal_gpio.o
#        D:\Electronics\Projects\MKS_DLP_new\SRC\firmware\MKSDLP_Alter_Debug\Obj\stm32f4xx_hal_hcd.o
#        D:\Electronics\Projects\MKS_DLP_new\SRC\firmware\MKSDLP_Alter_Debug\Obj\stm32f4xx_hal_msp.o
#        D:\Electronics\Projects\MKS_DLP_new\SRC\firmware\MKSDLP_Alter_Debug\Obj\stm32f4xx_hal_pwr.o
#        D:\Electronics\Projects\MKS_DLP_new\SRC\firmware\MKSDLP_Alter_Debug\Obj\stm32f4xx_hal_pwr_ex.o
#        D:\Electronics\Projects\MKS_DLP_new\SRC\firmware\MKSDLP_Alter_Debug\Obj\stm32f4xx_hal_rcc.o
#        D:\Electronics\Projects\MKS_DLP_new\SRC\firmware\MKSDLP_Alter_Debug\Obj\stm32f4xx_hal_rcc_ex.o
#        D:\Electronics\Projects\MKS_DLP_new\SRC\firmware\MKSDLP_Alter_Debug\Obj\stm32f4xx_hal_rtc.o
#        D:\Electronics\Projects\MKS_DLP_new\SRC\firmware\MKSDLP_Alter_Debug\Obj\stm32f4xx_hal_rtc_ex.o
#        D:\Electronics\Projects\MKS_DLP_new\SRC\firmware\MKSDLP_Alter_Debug\Obj\stm32f4xx_hal_spi.o
#        D:\Electronics\Projects\MKS_DLP_new\SRC\firmware\MKSDLP_Alter_Debug\Obj\stm32f4xx_hal_sram.o
#        D:\Electronics\Projects\MKS_DLP_new\SRC\firmware\MKSDLP_Alter_Debug\Obj\stm32f4xx_hal_tim.o
#        D:\Electronics\Projects\MKS_DLP_new\SRC\firmware\MKSDLP_Alter_Debug\Obj\stm32f4xx_hal_tim_ex.o
#        D:\Electronics\Projects\MKS_DLP_new\SRC\firmware\MKSDLP_Alter_Debug\Obj\stm32f4xx_it.o
#        D:\Electronics\Projects\MKS_DLP_new\SRC\firmware\MKSDLP_Alter_Debug\Obj\stm32f4xx_ll_fsmc.o
#        D:\Electronics\Projects\MKS_DLP_new\SRC\firmware\MKSDLP_Alter_Debug\Obj\stm32f4xx_ll_usb.o
#        D:\Electronics\Projects\MKS_DLP_new\SRC\firmware\MKSDLP_Alter_Debug\Obj\sys_timer.o
#        D:\Electronics\Projects\MKS_DLP_new\SRC\firmware\MKSDLP_Alter_Debug\Obj\system_stm32f4xx.o
#        D:\Electronics\Projects\MKS_DLP_new\SRC\firmware\MKSDLP_Alter_Debug\Obj\tgui.o
#        D:\Electronics\Projects\MKS_DLP_new\SRC\firmware\MKSDLP_Alter_Debug\Obj\tgui_defaultfuncs.o
#        D:\Electronics\Projects\MKS_DLP_new\SRC\firmware\MKSDLP_Alter_Debug\Obj\tgui_filesscreenfuncs.o
#        D:\Electronics\Projects\MKS_DLP_new\SRC\firmware\MKSDLP_Alter_Debug\Obj\tgui_infoscreenfuncs.o
#        D:\Electronics\Projects\MKS_DLP_new\SRC\firmware\MKSDLP_Alter_Debug\Obj\tgui_langscreenfuncs.o
#        D:\Electronics\Projects\MKS_DLP_new\SRC\firmware\MKSDLP_Alter_Debug\Obj\tgui_mainscreenfuncs.o
#        D:\Electronics\Projects\MKS_DLP_new\SRC\firmware\MKSDLP_Alter_Debug\Obj\tim.o
#        D:\Electronics\Projects\MKS_DLP_new\SRC\firmware\MKSDLP_Alter_Debug\Obj\touch.o
#        D:\Electronics\Projects\MKS_DLP_new\SRC\firmware\MKSDLP_Alter_Debug\Obj\unicode_utils.o
#        D:\Electronics\Projects\MKS_DLP_new\SRC\firmware\MKSDLP_Alter_Debug\Obj\usb_host.o
#        D:\Electronics\Projects\MKS_DLP_new\SRC\firmware\MKSDLP_Alter_Debug\Obj\usbh_conf.o
#        D:\Electronics\Projects\MKS_DLP_new\SRC\firmware\MKSDLP_Alter_Debug\Obj\usbh_core.o
#        D:\Electronics\Projects\MKS_DLP_new\SRC\firmware\MKSDLP_Alter_Debug\Obj\usbh_ctlreq.o
#        D:\Electronics\Projects\MKS_DLP_new\SRC\firmware\MKSDLP_Alter_Debug\Obj\usbh_diskio.o
#        D:\Electronics\Projects\MKS_DLP_new\SRC\firmware\MKSDLP_Alter_Debug\Obj\usbh_ioreq.o
#        D:\Electronics\Projects\MKS_DLP_new\SRC\firmware\MKSDLP_Alter_Debug\Obj\usbh_msc.o
#        D:\Electronics\Projects\MKS_DLP_new\SRC\firmware\MKSDLP_Alter_Debug\Obj\usbh_msc_bot.o
#        D:\Electronics\Projects\MKS_DLP_new\SRC\firmware\MKSDLP_Alter_Debug\Obj\usbh_msc_scsi.o
#        D:\Electronics\Projects\MKS_DLP_new\SRC\firmware\MKSDLP_Alter_Debug\Obj\usbh_pipes.o
#        D:\Electronics\Projects\MKS_DLP_new\SRC\firmware\MKSDLP_Alter_Debug\Obj\usbh_platform.o
#        D:\Electronics\Projects\MKS_DLP_new\SRC\firmware\MKSDLP_Alter_Debug\Obj\uvdisplay.o
#        D:\Electronics\Projects\MKS_DLP_new\SRC\firmware\MKSDLP_Alter_Debug\Obj\z_endstops.o
#        D:\Electronics\Projects\MKS_DLP_new\SRC\firmware\MKSDLP_Alter_Debug\Obj\z_planner.o
#        D:\Electronics\Projects\MKS_DLP_new\SRC\firmware\MKSDLP_Alter_Debug\Obj\z_stepper.o
#        --redirect _Printf=_PrintfFull --redirect _Scanf=_ScanfFull
#        --no_out_extension -o
#        D:\Electronics\Projects\MKS_DLP_new\SRC\firmware\MKSDLP_Alter_debug\Exe\MKS_DLP_new.out
#        --map
#        D:\Electronics\Projects\MKS_DLP_new\SRC\firmware\MKSDLP_Alter_debug\List\MKS_DLP_new.map
#        --log libraries,call_graph --log_file
#        D:\Electronics\Projects\MKS_DLP_new\SRC\firmware\MKSDLP_Alter_debug\List\MKS_DLP_new.log
#        --config
#        D:\Electronics\Projects\MKS_DLP_new\SRC\firmware/config/stm32f407xx_flash.icf
#        --semihosting --entry __iar_program_start --merge_duplicate_sections
#        --vfe --text_out locale)
#
###############################################################################

*******************************************************************************
*** RUNTIME MODEL ATTRIBUTES
***

CppFlavor                     = *
__CPP_Exceptions              = Disabled
__CPP_Language                = C++14
__Heap_Handler                = DLMalloc
__SystemLibrary               = DLib
__dlib_dynamic_initialization = normal
__dlib_version                = 6


*******************************************************************************
*** HEAP SELECTION
***

The advanced heap was selected because the application calls memory
allocation functions outside of system library functions, and there
are calls to deallocation functions in the application.


*******************************************************************************
*** PLACEMENT SUMMARY
***

"A0":  place at 0x801'0000 { ro section .intvec };
"P1":  place in [from 0x801'0000 to 0x807'ffff] { ro };
define block CSTACK with size = 16K, alignment = 8 { };
define block HEAP with size = 8K, alignment = 8 { };
"P2":  place in [from 0x2000'0000 to 0x2001'ffff] {
          rw, block CSTACK, block HEAP };
"P3":  place in [from 0x1000'0000 to 0x1000'ffff] { rw section CCMRAM };
initialize by copy { rw };

  Section                Kind         Address     Size  Object
  -------                ----         -------     ----  ------
"A0":                                            0x188
  .intvec                ro code   0x801'0000    0x188  startup_stm32f407xx.o [1]
                                 - 0x801'0188    0x188

"P1":                                          0x1ca72
  .text                  ro code   0x801'0188   0x2e88  ff.o [1]
  .text                  ro code   0x801'3010     0xf0  diskio.o [1]
  .text                  ro code   0x801'3100    0x168  ffunicode.o [1]
  .text                  ro code   0x801'3268     0xd8  fatfs.o [1]
  .text                  ro code   0x801'3340     0x60  ff_gen_drv.o [1]
  .text                  ro code   0x801'33a0    0x444  stm32f4xx_hal_rtc.o [1]
  .text                  ro code   0x801'37e4     0x36  strlen.o [5]
  .text                  ro code   0x801'381a     0x7a  lz77_init_single.o [5]
  .text                  ro code   0x801'3894      0xc  stm32f4xx_hal.o [1]
  .text                  ro code   0x801'38a0   0x22a0  tgui.o [1]
  .text                  ro code   0x801'5b40     0x66  ABImemset.o [5]
  .text                  ro code   0x801'5ba6     0x3a  zero_init3.o [5]
  .text                  ro code   0x801'5be0    0xb34  tgui_defaultfuncs.o [1]
  .text                  ro code   0x801'6714     0xa6  ABImemcpy.o [5]
  .text                  ro code   0x801'67ba     0x1e  xencoding_8859_1.o [2]
  .text                  ro code   0x801'67d8     0x44  languages.o [1]
  .text                  ro code   0x801'681c    0x128  sys_timer.o [1]
  .text                  ro code   0x801'6944     0x98  datetime.o [1]
  .text                  ro code   0x801'69dc     0x40  sprintf.o [2]
  .text                  ro code   0x801'6a1c    0x924  lcd_ui.o [1]
  .text                  ro code   0x801'7340    0x524  lcd_low.o [1]
  .text                  ro code   0x801'7864    0x2a6  unicode_utils.o [1]
  .text                  ro code   0x801'7b0a      0xa  xsprout.o [2]
  .text                  ro code   0x801'7b14    0x278  touch.o [1]
  .text                  ro code   0x801'7d8c    0xf46  xprintffull.o [2]
  .rodata                const     0x801'8cd2      0x2  languages.o [1]
  .text                  ro code   0x801'8cd4     0x28  stm32f4xx_hal.o [1]
  .text                  ro code   0x801'8cfc    0x114  fsmc.o [1]
  .text                  ro code   0x801'8e10    0x484  stm32f4xx_hal_dma.o [1]
  .text                  ro code   0x801'9294    0x158  stm32f4xx_hal_cortex.o [1]
  .text                  ro code   0x801'93ec    0x568  fst_spi.o [1]
  .text                  ro code   0x801'9954     0x78  xlocale_c.o [2]
  .text                  ro code   0x801'99cc     0x16  strchr.o [5]
  .rodata                const     0x801'99e2      0x2  languages.o [1]
  .text                  ro code   0x801'99e4     0x40  xfail_s.o [2]
  .text                  ro code   0x801'9a24     0x58  memchr.o [5]
  .text                  ro code   0x801'9a7c      0xa  xmbcurmax.o [2]
  .rodata                const     0x801'9a86      0x1  unwind_debug.o [6]
  .text                  ro code   0x801'9a88    0x230  I64DivMod.o [5]
  .text                  ro code   0x801'9cb8    0x1a2  DblMul.o [4]
  .text                  ro code   0x801'9e5c     0x70  frexp.o [4]
  .text                  ro code   0x801'9ecc     0x2e  DblCmpLe.o [4]
  .text                  ro code   0x801'9efc     0x2e  DblCmpGe.o [4]
  .text                  ro code   0x801'9f2c    0x13a  ldexp.o [4]
  .text                  ro code   0x801'a068     0x3a  DblToS32.o [4]
  .text                  ro code   0x801'a0a4     0x22  S32ToDbl.o [4]
  .text                  ro code   0x801'a0c8     0xe2  DblSub.o [4]
  .text                  ro code   0x801'a1ac    0x246  DblDiv.o [4]
  .text                  ro code   0x801'a3f4     0x28  DblToU32.o [4]
  .text                  ro code   0x801'a41c     0x1a  U32ToDbl.o [4]
  .text                  ro code   0x801'a438      0x6  ABImemclr4.o [5]
  .text                  ro code   0x801'a440     0x5c  stm32f4xx_hal_sram.o [1]
  .text                  ro code   0x801'a49c    0x6ca  main.o [1]
  .text                  ro code   0x801'ab68    0x2a2  stm32f4xx_hal_gpio.o [1]
  .text                  ro code   0x801'ae0c    0x63e  stm32f4xx_hal_spi.o [1]
  .text                  ro code   0x801'b44a      0x6  abort.o [2]
  .text                  ro code   0x801'b450      0x2  stm32f4xx_hal_spi.o [1]
  .text                  ro code   0x801'b454    0x16a  DblAdd.o [4]
  .text                  ro code   0x801'b5c0     0x32  ABImemset48.o [5]
  .text                  ro code   0x801'b5f4     0xec  stm32f4xx_ll_fsmc.o [1]
  .text                  ro code   0x801'b6e0     0x34  stm32f4xx_hal.o [1]
  .text                  ro code   0x801'b714    0x28c  gpio.o [1]
  .text                  ro code   0x801'b9a0    0x328  spi_flash.o [1]
  .text                  ro code   0x801'bcc8     0xc8  rtc.o [1]
  .text                  ro code   0x801'bd90     0xb0  config.o [1]
  .text                  ro code   0x801'be40     0xe8  motor.o [1]
  .text                  ro code   0x801'bf28      0xc  uvdisplay.o [1]
  .text                  ro code   0x801'bf34     0x28  usbh_platform.o [1]
  .text                  ro code   0x801'bf5c     0x8c  usb_host.o [1]
  .text                  ro code   0x801'bfe8     0x12  strcmp.o [5]
  .text                  ro code   0x801'bffc    0x3dc  stm32f4xx_hal_rcc.o [1]
  .text                  ro code   0x801'c3d8    0x1f4  stm32f4xx_hal_rcc.o [1]
  .text                  ro code   0x801'c5cc    0x160  stm32f4xx_hal_rcc_ex.o [1]
  .text                  ro code   0x801'c72c     0x14  exit.o [6]
  .text                  ro code   0x801'c740     0x4c  stm32f4xx_hal.o [1]
  .text                  ro code   0x801'c78c     0x40  stm32f4xx_hal_msp.o [1]
  .text                  ro code   0x801'c7cc     0x20  spi_flash.o [1]
  .text                  ro code   0x801'c7ec     0xd0  z_endstops.o [1]
  .text                  ro code   0x801'c8bc    0x240  z_planner.o [1]
  .text                  ro code   0x801'cafc    0x5b8  z_stepper.o [1]
  .text                  ro code   0x801'd0b4    0x1e8  tim.o [1]
  .text                  ro code   0x801'd29c    0x7a2  stm32f4xx_hal_tim.o [1]
  .text                  ro code   0x801'da40     0x48  FltToDbl.o [4]
  .text                  ro code   0x801'da88     0xb6  cpld_utils.o [1]
  .text                  ro code   0x801'db40    0x5b4  ssd_utils.o [1]
  .text                  ro code   0x801'e0f4    0x7f4  usbh_core.o [1]
  .text                  ro code   0x801'e8e8     0x18  z_endstops.o [1]
  .text                  ro code   0x801'e900     0x18  z_stepper.o [1]
  .text                  ro code   0x801'e918      0xc  z_endstops.o [1]
  .text                  ro code   0x801'e924     0x24  z_planner.o [1]
  .text                  ro code   0x801'e948     0x18  z_planner.o [1]
  .text                  ro code   0x801'e960      0x8  z_stepper.o [1]
  .text                  ro code   0x801'e968     0x20  z_stepper.o [1]
  .text                  ro code   0x801'e988     0x38  z_planner.o [1]
  .text                  ro code   0x801'e9c0     0x10  z_stepper.o [1]
  .text                  ro code   0x801'e9d0     0x2e  lroundf.o [4]
  .text                  ro code   0x801'ea00     0x1c  z_stepper.o [1]
  .text                  ro code   0x801'ea1c     0x30  z_stepper.o [1]
  .text                  ro code   0x801'ea4c     0x20  z_stepper.o [1]
  .text                  ro code   0x801'ea6c      0xc  z_stepper.o [1]
  .text                  ro code   0x801'ea78     0xac  stm32f4xx_hal_tim_ex.o [1]
  .text                  ro code   0x801'eb24    0x3a0  usbh_conf.o [1]
  .text                  ro code   0x801'eec4     0xe0  usbh_pipes.o [1]
  .text                  ro code   0x801'efa4    0x642  usbh_ctlreq.o [1]
  .text                  ro code   0x801'f5e6      0xe  z_planner.o [1]
  .text                  ro code   0x801'f5f4     0x1c  z_stepper.o [1]
  .text                  ro code   0x801'f610     0x10  z_stepper.o [1]
  .text                  ro code   0x801'f620   0x10d2  stm32f4xx_hal_hcd.o [1]
  .text                  ro code   0x802'06f2    0x10e  usbh_ioreq.o [1]
  .text                  ro code   0x802'0800    0xa8c  stm32f4xx_ll_usb.o [1]
  .rodata                const     0x802'128c   0x2094  fnt24bold.o [1]
  .rodata                const     0x802'3320   0x195c  fnt24.o [1]
  .text                  ro code   0x802'4c7c   0x14e0  dlmalloc.o [2]
  .text                  ro code   0x802'615c     0x2c  xgetmemchunk.o [2]
  .rodata                const     0x802'6188   0x10c8  fnt18bold.o [1]
  .rodata                const     0x802'7250    0xea4  fnt18.o [1]
  .text                  ro code   0x802'80f4    0xa48  tgui_filesscreenfuncs.o [1]
  .text                  ro code   0x802'8b3c     0x64  prtfiles.o [1]
  .text                  ro code   0x802'8ba0     0x18  strcpy.o [5]
  .text                  ro code   0x802'8bb8     0x1e  strcat.o [2]
  .text                  ro code   0x802'8bd8    0x36c  files_pws.o [1]
  .text                  ro code   0x802'8f44    0x9ae  usbh_msc.o [1]
  .text                  ro code   0x802'98f4    0x43c  usbh_msc_bot.o [1]
  .text                  ro code   0x802'9d30      0x4  heaptramp0.o [2]
  .text                  ro code   0x802'9d34    0x490  usbh_msc_scsi.o [1]
  .rodata                const     0x802'a1c4    0x788  fnt12bold.o [1]
  .rodata                const     0x802'a94c    0x6b4  fnt12.o [1]
  .rodata                const     0x802'b000    0x1f4  ffunicode.o [1]
  .text                  ro code   0x802'b1f4    0x170  usbh_diskio.o [1]
  .text                  ro code   0x802'b364    0x150  spifl_diskio.o [1]
  .rodata                const     0x802'b4b4    0x140  fnt12.o [1]
  .rodata                const     0x802'b5f4    0x140  fnt12bold.o [1]
  .rodata                const     0x802'b734    0x140  fnt18.o [1]
  .rodata                const     0x802'b874    0x140  fnt18bold.o [1]
  .rodata                const     0x802'b9b4    0x140  fnt24.o [1]
  .rodata                const     0x802'baf4    0x140  fnt24bold.o [1]
  .rodata                const     0x802'bc34    0x100  ffunicode.o [1]
  .text                  ro code   0x802'bd34     0xdc  tgui_infoscreenfuncs.o [1]
  .rodata                const     0x802'be10     0xbc  ffunicode.o [1]
  .text                  ro code   0x802'becc     0x9c  stm32f4xx_it.o [1]
  .rodata                const     0x802'bf68     0x94  languages.o [1]
  .rodata                const     0x802'bffc     0x94  languages.o [1]
  .rodata                const     0x802'c090     0x80  ff.o [1]
  .rodata                const     0x802'c110     0x34  main.o [1]
  .rodata                const     0x802'c144     0x34  main.o [1]
  .rodata                const     0x802'c178     0x30  languages.o [1]
  .rodata                const     0x802'c1a8     0x30  main.o [1]
  .rodata                const     0x802'c1d8     0x30  main.o [1]
  .rodata                const     0x802'c208     0x2c  main.o [1]
  .rodata                const     0x802'c234     0x2c  main.o [1]
  .rodata                const     0x802'c260     0x28  main.o [1]
  .text                  ro code   0x802'c288     0x28  data_init.o [5]
  .rodata                const     0x802'c2b0     0x24  languages.o [1]
  .rodata                const     0x802'c2d4     0x24  main.o [1]
  .rodata                const     0x802'c2f8     0x24  tgui_infoscreenfuncs.o [1]
  .text                  ro code   0x802'c31c     0x22  fpinit_M.o [4]
  .iar.init_table        const     0x802'c340     0x24  - Linker created -
  .rodata                const     0x802'c364     0x20  main.o [1]
  .text                  ro code   0x802'c384     0x20  system_stm32f4xx.o [1]
  .text                  ro code   0x802'c3a4     0x20  cmain_call_ctors.o [5]
  .text                  ro code   0x802'c3c4     0x18  cppinit.o [2]
  .text                  ro code   0x802'c3dc     0x1e  cmain.o [5]
  .text                  ro code   0x802'c3fa      0x4  low_level_init.o [2]
  .text                  ro code   0x802'c3fe      0x4  exit.o [2]
  .text                  ro code   0x802'c404      0xa  cexit.o [5]
  .rodata                const     0x802'c410     0x1c  languages.o [1]
  .rodata                const     0x802'c42c     0x1c  tgui.o [1]
  .rodata                const     0x802'c448     0x1c  tgui.o [1]
  .rodata                const     0x802'c464     0x1c  tgui.o [1]
  .rodata                const     0x802'c480     0x18  languages.o [1]
  .rodata                const     0x802'c498     0x18  languages.o [1]
  .rodata                const     0x802'c4b0     0x18  main.o [1]
  .rodata                const     0x802'c4c8     0x18  main.o [1]
  .rodata                const     0x802'c4e0     0x18  main.o [1]
  .rodata                const     0x802'c4f8     0x18  tgui.o [1]
  .rodata                const     0x802'c510     0x18  tgui.o [1]
  .rodata                const     0x802'c528     0x18  tgui.o [1]
  .rodata                const     0x802'c540     0x18  tgui.o [1]
  .rodata                const     0x802'c558     0x18  tgui.o [1]
  .rodata                const     0x802'c570     0x18  tgui.o [1]
  .rodata                const     0x802'c588     0x18  tgui.o [1]
  .rodata                const     0x802'c5a0     0x18  tgui.o [1]
  .rodata                const     0x802'c5b8     0x18  tgui.o [1]
  .rodata                const     0x802'c5d0     0x18  tgui.o [1]
  .rodata                const     0x802'c5e8     0x14  ff.o [1]
  .rodata                const     0x802'c5fc     0x14  ff.o [1]
  .rodata                const     0x802'c610     0x14  spifl_diskio.o [1]
  .rodata                const     0x802'c624     0x14  tgui.o [1]
  .rodata                const     0x802'c638     0x14  tgui.o [1]
  .rodata                const     0x802'c64c     0x14  tgui_filesscreenfuncs.o [1]
  .rodata                const     0x802'c660     0x14  usbh_diskio.o [1]
  .text                  ro code   0x802'c674     0x14  tgui_langscreenfuncs.o [1]
  .rodata                const     0x802'c688     0x10  ff.o [1]
  .rodata                const     0x802'c698     0x10  ff.o [1]
  .rodata                const     0x802'c6a8     0x10  ff.o [1]
  .rodata                const     0x802'c6b8     0x10  ff.o [1]
  .rodata                const     0x802'c6c8     0x10  languages.o [1]
  .rodata                const     0x802'c6d8     0x10  languages.o [1]
  .rodata                const     0x802'c6e8     0x10  languages.o [1]
  .rodata                const     0x802'c6f8     0x10  languages.o [1]
  .rodata                const     0x802'c708     0x10  languages.o [1]
  .rodata                const     0x802'c718     0x10  main.o [1]
  .rodata                const     0x802'c728     0x10  main.o [1]
  .rodata                const     0x802'c738     0x10  system_stm32f4xx.o [1]
  .rodata                const     0x802'c748     0x10  tgui.o [1]
  .rodata                const     0x802'c758     0x10  tgui.o [1]
  .rodata                const     0x802'c768     0x10  tgui.o [1]
  .rodata                const     0x802'c778     0x10  tgui.o [1]
  .rodata                const     0x802'c788     0x10  tgui_defaultfuncs.o [1]
  .text                  ro code   0x802'c798     0x10  startup_stm32f407xx.o [1]
  .rodata                const     0x802'c7a8      0xc  ff.o [1]
  .rodata                const     0x802'c7b4      0xc  ff.o [1]
  .rodata                const     0x802'c7c0      0xc  files_pws.o [1]
  .rodata                const     0x802'c7cc      0xc  languages.o [1]
  .rodata                const     0x802'c7d8      0xc  languages.o [1]
  .rodata                const     0x802'c7e4      0xc  languages.o [1]
  .rodata                const     0x802'c7f0      0xc  languages.o [1]
  .rodata                const     0x802'c7fc      0xc  languages.o [1]
  .rodata                const     0x802'c808      0xc  languages.o [1]
  .rodata                const     0x802'c814      0xc  languages.o [1]
  .rodata                const     0x802'c820      0xc  languages.o [1]
  .rodata                const     0x802'c82c      0xc  languages.o [1]
  .rodata                const     0x802'c838      0xc  languages.o [1]
  .rodata                const     0x802'c844      0xc  languages.o [1]
  .rodata                const     0x802'c850      0xc  languages.o [1]
  .rodata                const     0x802'c85c      0xc  languages.o [1]
  .rodata                const     0x802'c868      0xc  main.o [1]
  .rodata                const     0x802'c874      0xc  main.o [1]
  .rodata                const     0x802'c880      0xc  tgui.o [1]
  .rodata                const     0x802'c88c      0xc  tgui_infoscreenfuncs.o [1]
  .text                  ro code   0x802'c898      0xc  cstartup_M.o [5]
  .rodata                const     0x802'c8a4      0x8  ff.o [1]
  .rodata                const     0x802'c8ac      0x8  ff.o [1]
  .rodata                const     0x802'c8b4      0x8  files_pws.o [1]
  .rodata                const     0x802'c8bc      0x8  files_pws.o [1]
  .rodata                const     0x802'c8c4      0x8  languages.o [1]
  .rodata                const     0x802'c8cc      0x8  languages.o [1]
  .rodata                const     0x802'c8d4      0x8  languages.o [1]
  .rodata                const     0x802'c8dc      0x8  languages.o [1]
  .rodata                const     0x802'c8e4      0x8  languages.o [1]
  .rodata                const     0x802'c8ec      0x8  languages.o [1]
  .rodata                const     0x802'c8f4      0x8  languages.o [1]
  .rodata                const     0x802'c8fc      0x8  languages.o [1]
  .rodata                const     0x802'c904      0x8  languages.o [1]
  .rodata                const     0x802'c90c      0x8  languages.o [1]
  .rodata                const     0x802'c914      0x8  languages.o [1]
  .rodata                const     0x802'c91c      0x8  languages.o [1]
  .rodata                const     0x802'c924      0x8  languages.o [1]
  .rodata                const     0x802'c92c      0x8  languages.o [1]
  .rodata                const     0x802'c934      0x8  languages.o [1]
  .rodata                const     0x802'c93c      0x8  languages.o [1]
  .rodata                const     0x802'c944      0x8  languages.o [1]
  .rodata                const     0x802'c94c      0x8  languages.o [1]
  .rodata                const     0x802'c954      0x8  languages.o [1]
  .rodata                const     0x802'c95c      0x8  languages.o [1]
  .rodata                const     0x802'c964      0x8  languages.o [1]
  .rodata                const     0x802'c96c      0x8  languages.o [1]
  .rodata                const     0x802'c974      0x8  languages.o [1]
  .rodata                const     0x802'c97c      0x8  languages.o [1]
  .rodata                const     0x802'c984      0x8  languages.o [1]
  .rodata                const     0x802'c98c      0x8  languages.o [1]
  .rodata                const     0x802'c994      0x8  main.o [1]
  .rodata                const     0x802'c99c      0x8  stm32f4xx_hal_dma.o [1]
  .rodata                const     0x802'c9a4      0x8  tgui.o [1]
  .rodata                const     0x802'c9ac      0x8  tgui.o [1]
  .rodata                const     0x802'c9b4      0x8  tgui.o [1]
  .rodata                const     0x802'c9bc      0x8  tgui.o [1]
  .rodata                const     0x802'c9c4      0x8  tgui.o [1]
  .rodata                const     0x802'c9cc      0x8  tgui.o [1]
  .rodata                const     0x802'c9d4      0x8  tgui.o [1]
  .rodata                const     0x802'c9dc      0x8  tgui.o [1]
  .rodata                const     0x802'c9e4      0x8  tgui.o [1]
  .rodata                const     0x802'c9ec      0x8  tgui.o [1]
  .rodata                const     0x802'c9f4      0x8  tgui.o [1]
  .rodata                const     0x802'c9fc      0x8  tgui.o [1]
  .rodata                const     0x802'ca04      0x8  tgui.o [1]
  .rodata                const     0x802'ca0c      0x8  tgui.o [1]
  .rodata                const     0x802'ca14      0x8  tgui.o [1]
  .rodata                const     0x802'ca1c      0x8  tgui.o [1]
  .rodata                const     0x802'ca24      0x8  tgui.o [1]
  .rodata                const     0x802'ca2c      0x8  tgui.o [1]
  .rodata                const     0x802'ca34      0x8  tgui.o [1]
  .rodata                const     0x802'ca3c      0x8  tgui.o [1]
  .rodata                const     0x802'ca44      0x8  tgui.o [1]
  .rodata                const     0x802'ca4c      0x8  tgui.o [1]
  .rodata                const     0x802'ca54      0x8  tgui.o [1]
  .rodata                const     0x802'ca5c      0x8  tgui.o [1]
  .rodata                const     0x802'ca64      0x8  tgui.o [1]
  .rodata                const     0x802'ca6c      0x8  tgui.o [1]
  .rodata                const     0x802'ca74      0x8  tgui.o [1]
  .rodata                const     0x802'ca7c      0x8  tgui.o [1]
  .rodata                const     0x802'ca84      0x8  tgui.o [1]
  .rodata                const     0x802'ca8c      0x8  tgui.o [1]
  .rodata                const     0x802'ca94      0x8  tgui.o [1]
  .rodata                const     0x802'ca9c      0x8  tgui.o [1]
  .rodata                const     0x802'caa4      0x8  tgui.o [1]
  .rodata                const     0x802'caac      0x8  tgui.o [1]
  .rodata                const     0x802'cab4      0x8  tgui.o [1]
  .rodata                const     0x802'cabc      0x8  tgui.o [1]
  .rodata                const     0x802'cac4      0x8  tgui.o [1]
  .rodata                const     0x802'cacc      0x8  tgui_infoscreenfuncs.o [1]
  .rodata                const     0x802'cad4      0x8  tim.o [1]
  .rodata                const     0x802'cadc      0x6  xlocale_c.o [2]
  .rodata                const     0x802'cae4      0x4  languages.o [1]
  .rodata                const     0x802'cae8      0x4  languages.o [1]
  .rodata                const     0x802'caec      0x4  languages.o [1]
  .rodata                const     0x802'caf0      0x4  languages.o [1]
  .rodata                const     0x802'caf4      0x4  languages.o [1]
  .rodata                const     0x802'caf8      0x4  languages.o [1]
  .rodata                const     0x802'cafc      0x4  languages.o [1]
  .rodata                const     0x802'cb00      0x4  languages.o [1]
  .rodata                const     0x802'cb04      0x4  languages.o [1]
  .rodata                const     0x802'cb08      0x4  languages.o [1]
  .rodata                const     0x802'cb0c      0x4  languages.o [1]
  .rodata                const     0x802'cb10      0x4  languages.o [1]
  .rodata                const     0x802'cb14      0x4  languages.o [1]
  .rodata                const     0x802'cb18      0x4  languages.o [1]
  .rodata                const     0x802'cb1c      0x4  languages.o [1]
  .rodata                const     0x802'cb20      0x4  languages.o [1]
  .rodata                const     0x802'cb24      0x4  languages.o [1]
  .rodata                const     0x802'cb28      0x4  languages.o [1]
  .rodata                const     0x802'cb2c      0x4  languages.o [1]
  .rodata                const     0x802'cb30      0x4  rtc.o [1]
  .rodata                const     0x802'cb34      0x4  usbh_msc.o [1]
  .text                  ro code   0x802'cb38      0x4  startup_stm32f407xx.o [1]
  SHT$$PREINIT_ARRAY               0x802'cb3c      0x0  <Block>
  SHT$$INIT_ARRAY                  0x802'cb3c      0x4  <Block>
    .init_array          const     0x802'cb3c      0x4  z_planner.o [1]
  __iar_tls$$INIT_ARRAY            0x802'cb40      0x0  <Block>
  .rodata                const     0x802'cb40      0x0  zero_init3.o [5]
  .rodata                const     0x802'cb40      0x0  lz77_init_single.o [5]
  Initializer bytes      const     0x802'cb40     0xba  <for P2-1>
                                 - 0x802'cbfa  0x1ca72

"P3":                                           0x5478
  CCMRAM                 uninit   0x1000'0000   0x2000  main.o [1]
  CCMRAM                 uninit   0x1000'2000   0x1028  main.o [1]
  CCMRAM                 uninit   0x1000'3028   0x1028  main.o [1]
  CCMRAM                 uninit   0x1000'4050   0x1028  tgui.o [1]
  CCMRAM                 uninit   0x1000'5078    0x400  tgui.o [1]
                                - 0x1000'5478   0x5478

"P2", part 1 of 3:                               0x316
  P2-1                            0x2000'0000    0x316  <Init block>
    .data                inited   0x2000'0000      0xc  fnt12.o [1]
    .data                inited   0x2000'000c      0xc  fnt12bold.o [1]
    .data                inited   0x2000'0018      0xc  fnt18.o [1]
    .data                inited   0x2000'0024      0xc  fnt18bold.o [1]
    .data                inited   0x2000'0030      0xc  fnt24.o [1]
    .data                inited   0x2000'003c      0xc  fnt24bold.o [1]
    .data                inited   0x2000'0048     0x10  languages.o [1]
    .data                inited   0x2000'0058      0x4  languages.o [1]
    .data                inited   0x2000'005c      0x4  lcd_ui.o [1]
    .data                inited   0x2000'0060      0x4  stm32f4xx_hal.o [1]
    .data                inited   0x2000'0064      0x4  system_stm32f4xx.o [1]
    .data                inited   0x2000'0068    0x200  tgui_filesscreenfuncs.o [1]
    .data                inited   0x2000'0268     0x20  usbh_msc.o [1]
    .data                inited   0x2000'0288      0x4  z_stepper.o [1]
    .data                inited   0x2000'028c     0x38  xlocale_c.o [2]
    .data                inited   0x2000'02c4     0x48  xlocale_c.o [2]
    .data                inited   0x2000'030c      0x2  lcd_ui.o [1]
    .data                inited   0x2000'030e      0x2  lcd_ui.o [1]
    .data                inited   0x2000'0310      0x2  lcd_ui.o [1]
    .data                inited   0x2000'0312      0x1  lcd_ui.o [1]
    .data                inited   0x2000'0313      0x1  stm32f4xx_hal.o [1]
    .data                inited   0x2000'0314      0x1  tgui_defaultfuncs.o [1]
    .data                inited   0x2000'0315      0x1  tgui_filesscreenfuncs.o [1]
                                - 0x2000'0316    0x316

"P2", part 2 of 3:                              0x56e8
  .bss                   zero     0x2000'0318   0x1038  fatfs.o [1]
  .bss                   zero     0x2000'1350   0x1038  fatfs.o [1]
  .bss                   zero     0x2000'2388    0x404  tgui_filesscreenfuncs.o [1]
  .bss                   zero     0x2000'278c    0x400  main.o [1]
  .bss                   zero     0x2000'2b8c    0x400  main.o [1]
  .bss                   zero     0x2000'2f8c    0x400  main.o [1]
  .bss                   zero     0x2000'338c    0x3d8  usb_host.o [1]
  .bss                   zero     0x2000'3764    0x39c  tgui.o [1]
  .bss                   zero     0x2000'3b00    0x348  tgui.o [1]
  .bss                   zero     0x2000'3e48    0x2f4  tgui.o [1]
  .bss                   zero     0x2000'413c    0x2c4  usbh_conf.o [1]
  .bss                   zero     0x2000'4400    0x224  main.o [1]
  .bss                   zero     0x2000'4624    0x200  ff.o [1]
  .bss                   zero     0x2000'4824    0x200  main.o [1]
  .bss                   zero     0x2000'4a24    0x200  z_planner.o [1]
  .bss                   zero     0x2000'4c24    0x1d8  dlmalloc.o [2]
  .bss                   zero     0x2000'4dfc    0x150  tgui.o [1]
  .bss                   zero     0x2000'4f4c    0x100  sys_timer.o [1]
  .bss                   zero     0x2000'504c     0xfc  tgui.o [1]
  .bss                   zero     0x2000'5148     0xfc  tgui.o [1]
  .bss                   zero     0x2000'5244     0x80  fst_spi.o [1]
  .bss                   zero     0x2000'52c4     0x80  fst_spi.o [1]
  .bss                   zero     0x2000'5344     0x60  fst_spi.o [1]
  .bss                   zero     0x2000'53a4     0x60  fst_spi.o [1]
  .bss                   zero     0x2000'5404     0x60  fst_spi.o [1]
  .bss                   zero     0x2000'5464     0x60  fst_spi.o [1]
  .bss                   zero     0x2000'54c4     0x60  fst_spi.o [1]
  .bss                   zero     0x2000'5524     0x60  lcd_low.o [1]
  .bss                   zero     0x2000'5584     0x54  files_pws.o [1]
  .bss                   zero     0x2000'55d8     0x50  fsmc.o [1]
  .bss                   zero     0x2000'5628     0x40  config.o [1]
  .bss                   zero     0x2000'5668     0x40  tim.o [1]
  .bss                   zero     0x2000'56a8     0x40  tim.o [1]
  .bss                   zero     0x2000'56e8     0x34  main.o [1]
  .bss                   zero     0x2000'571c     0x30  files_pws.o [1]
  .bss                   zero     0x2000'574c     0x30  tgui.o [1]
  .bss                   zero     0x2000'577c     0x30  tgui.o [1]
  .bss                   zero     0x2000'57ac     0x30  tgui.o [1]
  .bss                   zero     0x2000'57dc     0x30  tgui.o [1]
  .bss                   zero     0x2000'580c     0x30  tgui.o [1]
  .bss                   zero     0x2000'583c     0x30  tgui.o [1]
  .bss                   zero     0x2000'586c     0x28  z_planner.o [1]
  .bss                   zero     0x2000'5894     0x20  rtc.o [1]
  .bss                   zero     0x2000'58b4     0x20  tgui.o [1]
  .bss                   zero     0x2000'58d4     0x1c  files_pws.o [1]
  .bss                   zero     0x2000'58f0     0x18  dlmalloc.o [2]
  .bss                   zero     0x2000'5908     0x10  ff_gen_drv.o [1]
  .bss                   zero     0x2000'5918     0x10  touch.o [1]
  .bss                   zero     0x2000'5928      0xc  config.o [1]
  .bss                   zero     0x2000'5934      0xc  spi_flash.o [1]
  .bss                   zero     0x2000'5940      0x8  fatfs.o [1]
  .bss                   zero     0x2000'5948      0x8  fatfs.o [1]
  .bss                   zero     0x2000'5950      0x8  ff.o [1]
  .bss                   zero     0x2000'5958      0x4  cpld_utils.o [1]
  .bss                   zero     0x2000'595c      0x4  fsmc.o [1]
  .bss                   zero     0x2000'5960      0x4  motor.o [1]
  .bss                   zero     0x2000'5964      0x4  prtfiles.o [1]
  .bss                   zero     0x2000'5968      0x4  spi_flash.o [1]
  .bss                   zero     0x2000'596c      0x4  spi_flash.o [1]
  .bss                   zero     0x2000'5970      0x4  stm32f4xx_hal.o [1]
  .bss                   zero     0x2000'5974      0x4  stm32f4xx_ll_usb.o [1]
  .bss                   zero     0x2000'5978      0x4  tgui.o [1]
  .bss                   zero     0x2000'597c      0x4  touch.o [1]
  .bss                   zero     0x2000'5980      0x4  z_planner.o [1]
  .bss                   zero     0x2000'5984      0x4  z_planner.o [1]
  .bss                   zero     0x2000'5988      0x4  z_planner.o [1]
  .bss                   zero     0x2000'598c      0x4  z_planner.o [1]
  .bss                   zero     0x2000'5990      0x4  z_planner.o [1]
  .bss                   zero     0x2000'5994      0x4  z_planner.o [1]
  .bss                   zero     0x2000'5998      0x4  z_stepper.o [1]
  .bss                   zero     0x2000'599c      0x4  z_stepper.o [1]
  .bss                   zero     0x2000'59a0      0x4  z_stepper.o [1]
  .bss                   zero     0x2000'59a4      0x4  z_stepper.o [1]
  .bss                   zero     0x2000'59a8      0x4  z_stepper.o [1]
  .bss                   zero     0x2000'59ac      0x4  z_stepper.o [1]
  .bss                   zero     0x2000'59b0      0x4  z_stepper.o [1]
  .bss                   zero     0x2000'59b4      0x4  z_stepper.o [1]
  .bss                   zero     0x2000'59b8      0x4  z_stepper.o [1]
  .bss                   zero     0x2000'59bc      0x4  z_stepper.o [1]
  .bss                   zero     0x2000'59c0      0x4  z_stepper.o [1]
  .bss                   zero     0x2000'59c4      0x4  z_stepper.o [1]
  .bss                   zero     0x2000'59c8      0x4  z_stepper.o [1]
  .bss                   zero     0x2000'59cc      0x4  z_stepper.o [1]
  .bss                   zero     0x2000'59d0      0x4  xfail_s.o [2]
  .bss                   zero     0x2000'59d4      0x4  xgetmemchunk.o [2]
  .bss                   zero     0x2000'59d8      0x2  ff.o [1]
  .bss                   zero     0x2000'59da      0x2  lcd_low.o [1]
  .bss                   zero     0x2000'59dc      0x2  lcd_ui.o [1]
  .bss                   zero     0x2000'59de      0x2  lcd_ui.o [1]
  .bss                   zero     0x2000'59e0      0x2  lcd_ui.o [1]
  .bss                   zero     0x2000'59e2      0x2  z_planner.o [1]
  .bss                   zero     0x2000'59e4      0x1  fatfs.o [1]
  .bss                   zero     0x2000'59e5      0x1  fatfs.o [1]
  .bss                   zero     0x2000'59e6      0x1  main.o [1]
  .bss                   zero     0x2000'59e7      0x1  main.o [1]
  .bss                   zero     0x2000'59e8      0x1  main.o [1]
  .bss                   zero     0x2000'59e9      0x1  main.o [1]
  .bss                   zero     0x2000'59ea      0x1  prtfiles.o [1]
  .bss                   zero     0x2000'59eb      0x1  tgui_defaultfuncs.o [1]
  .bss                   zero     0x2000'59ec      0x1  tgui_filesscreenfuncs.o [1]
  .bss                   zero     0x2000'59ed      0x1  tgui_filesscreenfuncs.o [1]
  .bss                   zero     0x2000'59ee      0x1  tgui_filesscreenfuncs.o [1]
  .bss                   zero     0x2000'59ef      0x1  usb_host.o [1]
  .bss                   zero     0x2000'59f0      0x1  z_endstops.o [1]
  .bss                   zero     0x2000'59f1      0x1  z_endstops.o [1]
  .bss                   zero     0x2000'59f2      0x1  z_planner.o [1]
  .bss                   zero     0x2000'59f3      0x1  z_planner.o [1]
  .bss                   zero     0x2000'59f4      0x1  z_planner.o [1]
  .bss                   zero     0x2000'59f5      0x1  z_planner.o [1]
  .bss                   zero     0x2000'59f6      0x1  z_planner.o [1]
  .bss                   zero     0x2000'59f7      0x1  z_planner.o [1]
  .bss                   zero     0x2000'59f8      0x1  z_stepper.o [1]
  .bss                   zero     0x2000'59f9      0x1  z_stepper.o [1]
  .bss                   zero     0x2000'59fa      0x1  z_stepper.o [1]
  .bss                   zero     0x2000'59fb      0x1  z_stepper.o [1]
  .bss                   zero     0x2000'59fc      0x1  z_stepper.o [1]
                                - 0x2000'59fd   0x56e5

"P2", part 3 of 3:                              0x7200
  .noinit                uninit   0x2000'5a00   0x1000  tgui.o [1]
  .noinit                uninit   0x2000'6a00    0x200  tgui.o [1]
  CSTACK                          0x2000'6c00   0x4000  <Block>
    CSTACK               uninit   0x2000'6c00   0x4000  <Block tail>
  HEAP                            0x2000'ac00   0x2000  <Block>
    HEAP                 uninit   0x2000'ac00   0x2000  <Block tail>
                                - 0x2000'cc00   0x7200

Unused ranges:

         From           To      Size
         ----           --      ----
   0x802'cbfa   0x807'ffff  0x5'3406
  0x1000'5478  0x1000'ffff    0xab88
  0x2000'0316  0x2000'0317       0x2
  0x2000'cc00  0x2001'ffff  0x1'3400


*******************************************************************************
*** INIT TABLE
***

          Address      Size
          -------      ----
Zero (__iar_zero_init3)
    1 destination range, total size 0x56e5:
          0x2000'0318  0x56e5

Copy/lz77 (__iar_lz77_init_single3)
    1 source range, total size 0xba (23% of destination):
           0x802'cb40    0xba
    1 destination range, total size 0x316:
          0x2000'0000   0x316

Extra (__iar_cstart_call_ctors)



*******************************************************************************
*** MODULE SUMMARY
***

    Module                   ro code  ro data  rw data
    ------                   -------  -------  -------
command line/config:
    --------------------------------------------------
    Total:

D:\Electronics\Projects\MKS_DLP_new\SRC\firmware\MKSDLP_Alter_Debug\Obj: [1]
    config.o                     176                76
    cpld_utils.o                 182                 4
    datetime.o                   152
    diskio.o                     240
    fatfs.o                      216             8 322
    ff.o                      11 912      272      522
    ff_gen_drv.o                  96                16
    ffunicode.o                  360      944
    files_pws.o                  876       28      160
    fnt12.o                             2 038       12
    fnt12bold.o                         2 251       12
    fnt18.o                             4 071       12
    fnt18bold.o                         4 619       12
    fnt24.o                             6 815       12
    fnt24bold.o                         8 662       12
    fsmc.o                       276                84
    fst_spi.o                  1 384               736
    gpio.o                       652
    languages.o                   68      985       20
    lcd_low.o                  1 316                98
    lcd_ui.o                   2 340        3       17
    main.o                     1 738      532   20 652
    motor.o                      232                 4
    prtfiles.o                   100                 5
    rtc.o                        200        4       32
    spi_flash.o                  840                20
    spifl_diskio.o               336       20
    ssd_utils.o                1 460
    startup_stm32f407xx.o        412
    stm32f4xx_hal.o              180        1        9
    stm32f4xx_hal_cortex.o       344
    stm32f4xx_hal_dma.o        1 156        8
    stm32f4xx_hal_gpio.o         674
    stm32f4xx_hal_hcd.o        4 306
    stm32f4xx_hal_msp.o           64
    stm32f4xx_hal_rcc.o        1 488
    stm32f4xx_hal_rcc_ex.o       352
    stm32f4xx_hal_rtc.o        1 092
    stm32f4xx_hal_spi.o        1 600
    stm32f4xx_hal_sram.o          92
    stm32f4xx_hal_tim.o        1 954
    stm32f4xx_hal_tim_ex.o       172
    stm32f4xx_it.o               156
    stm32f4xx_ll_fsmc.o          236
    stm32f4xx_ll_usb.o         2 700                 4
    sys_timer.o                  296               256
    system_stm32f4xx.o            32       17        4
    tgui.o                     8 864      736   13 452
    tgui_defaultfuncs.o        2 868       16        2
    tgui_filesscreenfuncs.o    2 632      142    1 544
    tgui_infoscreenfuncs.o       220       56
    tgui_langscreenfuncs.o        20
    tim.o                        488        8      128
    touch.o                      632                20
    unicode_utils.o              678
    usb_host.o                   140               985
    usbh_conf.o                  928               708
    usbh_core.o                2 036
    usbh_ctlreq.o              1 602
    usbh_diskio.o                368       20
    usbh_ioreq.o                 270
    usbh_msc.o                 2 478       11       32
    usbh_msc_bot.o             1 084
    usbh_msc_scsi.o            1 168
    usbh_pipes.o                 224
    usbh_platform.o               40
    uvdisplay.o                   12
    z_endstops.o                 244                 2
    z_planner.o                  706        4      584
    z_stepper.o                1 708        1       65
    --------------------------------------------------
    Total:                    71 868   32 264   48 635

dl7M_tlf.a: [2]
    abort.o                        6
    cppinit.o                     24
    dlmalloc.o                 5 344               496
    exit.o                         4
    heaptramp0.o                   4
    low_level_init.o               4
    sprintf.o                     64
    strcat.o                      30
    xencoding_8859_1.o            30
    xfail_s.o                     64                 4
    xgetmemchunk.o                44                 4
    xlocale_c.o                  120       36      128
    xmbcurmax.o                   10
    xprintffull.o              3 910
    xsprout.o                     10
    --------------------------------------------------
    Total:                     9 668       36      632

dlpp7M_tl_fc.a: [3]
    --------------------------------------------------
    Total:

m7M_tls.a: [4]
    DblAdd.o                     362
    DblCmpGe.o                    46
    DblCmpLe.o                    46
    DblDiv.o                     582
    DblMul.o                     418
    DblSub.o                     226
    DblToS32.o                    58
    DblToU32.o                    40
    FltToDbl.o                    72
    S32ToDbl.o                    34
    U32ToDbl.o                    26
    fpinit_M.o                    34
    frexp.o                      112
    ldexp.o                      314
    lroundf.o                     46
    --------------------------------------------------
    Total:                     2 416

rt7M_tl.a: [5]
    ABImemclr4.o                   6
    ABImemcpy.o                  166
    ABImemset.o                  102
    ABImemset48.o                 50
    I64DivMod.o                  560
    cexit.o                       10
    cmain.o                       30
    cmain_call_ctors.o            32
    cstartup_M.o                  12
    data_init.o                   40
    lz77_init_single.o           122
    memchr.o                      88
    strchr.o                      22
    strcmp.o                      18
    strcpy.o                      24
    strlen.o                      54
    zero_init3.o                  58
    --------------------------------------------------
    Total:                     1 394

shb_l.a: [6]
    exit.o                        20
    unwind_debug.o                          1
    --------------------------------------------------
    Total:                        20        1

    Gaps                          45        6
    Linker created                         36   24 576
------------------------------------------------------
    Grand Total:              85 411   32 343   73 843


*******************************************************************************
*** ENTRY LIST
***

Entry                       Address    Size  Type      Object
-----                       -------    ----  ----      ------
.iar.init_table$$Base    0x802'c340           --   Gb  - Linker created -
.iar.init_table$$Limit   0x802'c364           --   Gb  - Linker created -
?main                    0x802'c3dd          Code  Gb  cmain.o [5]
AHBPrescTable            0x802'c738    0x10  Data  Gb  system_stm32f4xx.o [1]
Appli_state             0x2000'59ef     0x1  Data  Gb  usb_host.o [1]
Appli_state_old         0x2000'59e6     0x1  Data  Gb  main.o [1]
BusFault_Handler         0x802'bed3     0x2  Code  Gb  stm32f4xx_it.o [1]
CFG_Init()               0x801'bd91    0xb0  Code  Gb  config.o [1]
CPLD_Init()              0x801'db3d     0x2  Code  Gb  cpld_utils.o [1]
CSTACK$$Base            0x2000'6c00           --   Gb  - Linker created -
CSTACK$$Limit           0x2000'ac00           --   Gb  - Linker created -
CacheMore                0x801'9959    0x24  Code  Lc  xlocale_c.o [2]
DMA1_Stream3_IRQHandler
                         0x802'bee5     0xa  Code  Gb  stm32f4xx_it.o [1]
DMA1_Stream4_IRQHandler
                         0x802'beef     0xa  Code  Gb  stm32f4xx_it.o [1]
DMA2_Stream2_IRQHandler
                         0x802'bf0d     0xa  Code  Gb  stm32f4xx_it.o [1]
DMA2_Stream5_IRQHandler
                         0x802'bf17     0xa  Code  Gb  stm32f4xx_it.o [1]
DMA2_Stream7_IRQHandler
                         0x802'bf03     0xa  Code  Gb  stm32f4xx_it.o [1]
DMA_CalcBaseAndBitshift
                         0x801'91bb    0x30  Code  Lc  stm32f4xx_hal_dma.o [1]
DMA_CalcBaseAndBitshift::flagBitshiftOffset
                         0x802'c99c     0x8  Data  Lc  stm32f4xx_hal_dma.o [1]
DMA_CheckFifoParam       0x801'91f9    0x9c  Code  Lc  stm32f4xx_hal_dma.o [1]
DMA_SetConfig            0x801'918d    0x2e  Code  Lc  stm32f4xx_hal_dma.o [1]
DTIME_GetDateTime(DATETIME_STRUCT *)
                         0x801'695d    0x78  Code  Gb  datetime.o [1]
DTIME_GetMinutes()       0x801'6945    0x18  Code  Gb  datetime.o [1]
DeInitStateMachine       0x801'e147    0x68  Code  Lc  usbh_core.o [1]
DebugMon_Handler         0x802'bed9     0x2  Code  Gb  stm32f4xx_it.o [1]
DeviceCode              0x2000'59da     0x2  Data  Gb  lcd_low.o [1]
EXTI0_IRQHandler         0x802'bf4d     0xe  Code  Gb  stm32f4xx_it.o [1]
EXTI2_IRQHandler         0x802'bf5b     0xe  Code  Gb  stm32f4xx_it.o [1]
Endstops::hit_state     0x2000'59f0     0x1  Data  Gb  z_endstops.o [1]
Endstops::init()         0x801'c7f5    0x24  Code  Gb  z_endstops.o [1]
Endstops::live_state    0x2000'59f1     0x1  Data  Gb  z_endstops.o [1]
Endstops::state()        0x801'e919     0xc  Code  Gb  z_endstops.o [1]
Endstops::update()       0x801'c819    0x94  Code  Gb  z_endstops.o [1]
EndstopsInterrupt        0x801'c7ed     0x8  Code  Gb  z_endstops.o [1]
Error_Handler            0x801'ab65     0x2  Code  Gb  main.o [1]
ExCvt                    0x802'c090    0x80  Data  Lc  ff.o [1]
FATFS_GetFileExtension   0x801'32d5    0x4a  Code  Gb  fatfs.o [1]
FATFS_Init               0x801'3269    0x1c  Code  Gb  fatfs.o [1]
FATFS_LinkDriver         0x801'338b    0x12  Code  Gb  ff_gen_drv.o [1]
FATFS_LinkDriverEx       0x801'3341    0x4a  Code  Gb  ff_gen_drv.o [1]
FLASH_SPIEnable          0x801'96a5   0x188  Code  Gb  fst_spi.o [1]
FLASH_SPIGetSpeed        0x801'984b     0xc  Code  Gb  fst_spi.o [1]
FLASH_SPIInit            0x801'9641    0x64  Code  Gb  fst_spi.o [1]
FLASH_SPIReadBuff        0x801'987f    0x4e  Code  Gb  fst_spi.o [1]
FLASH_SPIReadBuffDMA     0x801'98cd    0x36  Code  Gb  fst_spi.o [1]
FLASH_SPISetSpeed        0x801'982d    0x1e  Code  Gb  fst_spi.o [1]
FLASH_SPIWriteReadByte   0x801'9857    0x28  Code  Gb  fst_spi.o [1]
FPWS_DrawPreview(FIL *, TG_RECT *)
                         0x802'8cf9   0x22c  Code  Gb  files_pws.o [1]
FPWS_GetPreviewDataOffset()
                         0x802'8cd7    0x12  Code  Gb  files_pws.o [1]
FPWS_GetPreviewHeight()
                         0x802'8cf1     0x8  Code  Gb  files_pws.o [1]
FPWS_GetPreviewWidth()   0x802'8ce9     0x8  Code  Gb  files_pws.o [1]
FPWS_ReadFileInfo(FIL *)
                         0x802'8bd9    0xfe  Code  Gb  files_pws.o [1]
FSMC_Initialized        0x2000'595c     0x4  Data  Lc  fsmc.o [1]
FSMC_NORSRAM_Extended_Timing_Init
                         0x801'b695    0x44  Code  Gb  stm32f4xx_ll_fsmc.o [1]
FSMC_NORSRAM_Init        0x801'b5f5    0x5a  Code  Gb  stm32f4xx_ll_fsmc.o [1]
FSMC_NORSRAM_Timing_Init
                         0x801'b64f    0x46  Code  Gb  stm32f4xx_ll_fsmc.o [1]
FatFs                   0x2000'5950     0x8  Data  Lc  ff.o [1]
Fsid                    0x2000'59d8     0x2  Data  Lc  ff.o [1]
GPIO_Init                0x801'b715   0x28c  Code  Gb  gpio.o [1]
HAL_DMA_GetState         0x801'9187     0x6  Code  Gb  stm32f4xx_hal_dma.o [1]
HAL_DMA_IRQHandler       0x801'8f7f   0x208  Code  Gb  stm32f4xx_hal_dma.o [1]
HAL_DMA_Init             0x801'8e11    0xe2  Code  Gb  stm32f4xx_hal_dma.o [1]
HAL_DMA_Start_IT         0x801'8ef3    0x8c  Code  Gb  stm32f4xx_hal_dma.o [1]
HAL_Delay                0x801'8cd5    0x28  Code  Wk  stm32f4xx_hal.o [1]
HAL_FSMC_MspInit         0x801'8d7f    0x70  Code  Gb  fsmc.o [1]
HAL_GPIO_EXTI_IRQHandler
                         0x801'adab    0x20  Code  Gb  stm32f4xx_hal_gpio.o [1]
HAL_GPIO_Init            0x801'ab69   0x212  Code  Gb  stm32f4xx_hal_gpio.o [1]
HAL_GPIO_ReadPin         0x801'ad7b    0x16  Code  Gb  stm32f4xx_hal_gpio.o [1]
HAL_GPIO_WritePin        0x801'ad91    0x1a  Code  Gb  stm32f4xx_hal_gpio.o [1]
HAL_GetTick              0x801'3895     0xc  Code  Wk  stm32f4xx_hal.o [1]
HAL_HCD_Connect_Callback
                         0x801'ebb5     0xe  Code  Gb  usbh_conf.o [1]
HAL_HCD_Disconnect_Callback
                         0x801'ebc3     0xe  Code  Gb  usbh_conf.o [1]
HAL_HCD_GetCurrentFrame
                         0x801'fb71     0xc  Code  Gb  stm32f4xx_hal_hcd.o [1]
HAL_HCD_GetCurrentSpeed
                         0x801'fb7d     0xc  Code  Gb  stm32f4xx_hal_hcd.o [1]
HAL_HCD_HC_GetURBState   0x801'fb57     0xe  Code  Gb  stm32f4xx_hal_hcd.o [1]
HAL_HCD_HC_GetXferCount
                         0x801'fb65     0xc  Code  Gb  stm32f4xx_hal_hcd.o [1]
HAL_HCD_HC_Halt          0x801'f771    0x30  Code  Gb  stm32f4xx_hal_hcd.o [1]
HAL_HCD_HC_Init          0x801'f697    0xda  Code  Gb  stm32f4xx_hal_hcd.o [1]
HAL_HCD_HC_NotifyURBChange_Callback
                         0x801'ebd1     0x2  Code  Gb  usbh_conf.o [1]
HAL_HCD_HC_SubmitRequest
                         0x801'f7a1   0x21a  Code  Gb  stm32f4xx_hal_hcd.o [1]
HAL_HCD_IRQHandler       0x801'f9bb   0x13c  Code  Gb  stm32f4xx_hal_hcd.o [1]
HAL_HCD_Init             0x801'f621    0x76  Code  Gb  stm32f4xx_hal_hcd.o [1]
HAL_HCD_MspInit          0x801'eb25    0x82  Code  Gb  usbh_conf.o [1]
HAL_HCD_PortDisabled_Callback
                         0x801'ebe1     0xe  Code  Gb  usbh_conf.o [1]
HAL_HCD_PortEnabled_Callback
                         0x801'ebd3     0xe  Code  Gb  usbh_conf.o [1]
HAL_HCD_ResetPort        0x801'fb4b     0xc  Code  Gb  stm32f4xx_hal_hcd.o [1]
HAL_HCD_SOF_Callback     0x801'eba7     0xe  Code  Gb  usbh_conf.o [1]
HAL_HCD_Start            0x801'faf7    0x2e  Code  Gb  stm32f4xx_hal_hcd.o [1]
HAL_HCD_Stop             0x801'fb25    0x26  Code  Gb  stm32f4xx_hal_hcd.o [1]
HAL_IncTick              0x801'681d    0x58  Code  Gb  sys_timer.o [1]
HAL_Init                 0x801'b6e1    0x30  Code  Gb  stm32f4xx_hal.o [1]
HAL_InitTick             0x801'c741    0x4c  Code  Wk  stm32f4xx_hal.o [1]
HAL_MspInit              0x801'c78d    0x40  Code  Gb  stm32f4xx_hal_msp.o [1]
HAL_NVIC_EnableIRQ       0x801'93b3     0xe  Code  Gb  stm32f4xx_hal_cortex.o [1]
HAL_NVIC_SetPriority     0x801'9389    0x2a  Code  Gb  stm32f4xx_hal_cortex.o [1]
HAL_NVIC_SetPriorityGrouping
                         0x801'937d     0xc  Code  Gb  stm32f4xx_hal_cortex.o [1]
HAL_RCCEx_PeriphCLKConfig
                         0x801'c5cd   0x13a  Code  Gb  stm32f4xx_hal_rcc_ex.o [1]
HAL_RCC_ClockConfig      0x801'c3d9   0x140  Code  Gb  stm32f4xx_hal_rcc.o [1]
HAL_RCC_GetSysClockFreq
                         0x801'c531    0x9c  Code  Wk  stm32f4xx_hal_rcc.o [1]
HAL_RCC_OscConfig        0x801'bffd   0x3dc  Code  Wk  stm32f4xx_hal_rcc.o [1]
HAL_RTC_GetDate          0x801'36e1    0x54  Code  Gb  stm32f4xx_hal_rtc.o [1]
HAL_RTC_GetTime          0x801'357d    0x68  Code  Gb  stm32f4xx_hal_rtc.o [1]
HAL_RTC_Init             0x801'33a1    0xcc  Code  Gb  stm32f4xx_hal_rtc.o [1]
HAL_RTC_SetDate          0x801'35e5    0xfc  Code  Gb  stm32f4xx_hal_rtc.o [1]
HAL_RTC_SetTime          0x801'346d   0x110  Code  Gb  stm32f4xx_hal_rtc.o [1]
HAL_RTC_WaitForSynchro   0x801'3741    0x36  Code  Gb  stm32f4xx_hal_rtc.o [1]
HAL_SPI_Init             0x801'ae0d    0xca  Code  Gb  stm32f4xx_hal_spi.o [1]
HAL_SPI_Receive_DMA      0x801'aefd   0x112  Code  Gb  stm32f4xx_hal_spi.o [1]
HAL_SPI_TransmitReceive_DMA
                         0x801'b00f   0x16e  Code  Gb  stm32f4xx_hal_spi.o [1]
HAL_SPI_TxRxCpltCallback
                         0x801'93ed    0x20  Code  Gb  fst_spi.o [1]
HAL_SRAM_Init            0x801'a441    0x5c  Code  Gb  stm32f4xx_hal_sram.o [1]
HAL_SRAM_MspInit         0x801'8def     0xa  Code  Gb  fsmc.o [1]
HAL_SYSTICK_Config       0x801'93c1     0xc  Code  Gb  stm32f4xx_hal_cortex.o [1]
HAL_TIMEx_MasterConfigSynchronization
                         0x801'ea79    0x8e  Code  Gb  stm32f4xx_hal_tim_ex.o [1]
HAL_TIM_Base_Init        0x801'd29d    0x38  Code  Gb  stm32f4xx_hal_tim.o [1]
HAL_TIM_Base_MspInit     0x801'd1d9    0x56  Code  Gb  tim.o [1]
HAL_TIM_Base_Start_IT    0x801'd2d5    0x2a  Code  Gb  stm32f4xx_hal_tim.o [1]
HAL_TIM_Base_Stop_IT     0x801'd2ff    0x36  Code  Gb  stm32f4xx_hal_tim.o [1]
HAL_TIM_ConfigClockSource
                         0x801'd643    0xec  Code  Gb  stm32f4xx_hal_tim.o [1]
HAL_TIM_IRQHandler       0x801'd3cd   0x176  Code  Gb  stm32f4xx_hal_tim.o [1]
HAL_TIM_MspPostInit      0x801'd22f    0x4e  Code  Gb  tim.o [1]
HAL_TIM_PWM_ConfigChannel
                         0x801'd543   0x100  Code  Gb  stm32f4xx_hal_tim.o [1]
HAL_TIM_PWM_Init         0x801'd335    0x38  Code  Gb  stm32f4xx_hal_tim.o [1]
HAL_TIM_PWM_Start        0x801'd36d    0x58  Code  Gb  stm32f4xx_hal_tim.o [1]
HCD_HC_IN_IRQHandler     0x801'fb89   0x570  Code  Lc  stm32f4xx_hal_hcd.o [1]
HCD_HC_OUT_IRQHandler    0x802'00f9   0x488  Code  Lc  stm32f4xx_hal_hcd.o [1]
HCD_Port_IRQHandler      0x802'0649    0xaa  Code  Lc  stm32f4xx_hal_hcd.o [1]
HCD_RXQLVL_IRQHandler    0x802'0581    0xc4  Code  Lc  stm32f4xx_hal_hcd.o [1]
HEAP$$Base              0x2000'ac00           --   Gb  - Linker created -
HEAP$$Limit             0x2000'cc00           --   Gb  - Linker created -
HardFault_Handler        0x802'becf     0x2  Code  Gb  stm32f4xx_it.o [1]
IsrStepperHandler        0x801'cbbf    0x1c  Code  Gb  z_stepper.o [1]
LANG_GetLanduadesCount()
                         0x801'6819     0x4  Code  Gb  languages.o [1]
LANG_GetLanguageName(unsigned char)
                         0x801'67e3    0x18  Code  Gb  languages.o [1]
LANG_GetString(LNG_STRING_ID)
                         0x801'67d9     0xa  Code  Gb  languages.o [1]
LANG_SetLanguage(unsigned char)
                         0x801'67fb    0x12  Code  Gb  languages.o [1]
LCDUI_Clear()            0x801'6b73     0xe  Code  Gb  lcd_ui.o [1]
LCDUI_DrawChar(char, unsigned short, short, short)
                         0x801'6eb1   0x192  Code  Gb  lcd_ui.o [1]
LCDUI_DrawFastVLine(short, short, short)
                         0x801'6b81    0x6e  Code  Gb  lcd_ui.o [1]
LCDUI_DrawText(char *, unsigned short, short, short, short, short)
                         0x801'7061   0x2ac  Code  Gb  lcd_ui.o [1]
LCDUI_FillRect(short, short, short, short)
                         0x801'6bef    0x96  Code  Gb  lcd_ui.o [1]
LCDUI_FillRoundRect(short, short, short, short, short)
                         0x801'6c85    0x84  Code  Gb  lcd_ui.o [1]
LCDUI_GetCurrentFontHeight()
                         0x801'6ea7     0xa  Code  Gb  lcd_ui.o [1]
LCDUI_GetTextWidthUTF(char *)
                         0x801'6e67    0x40  Code  Gb  lcd_ui.o [1]
LCDUI_Init()             0x801'6a1d    0x42  Code  Gb  lcd_ui.o [1]
LCDUI_SetBackColor(unsigned short)
                         0x801'6b47     0xe  Code  Gb  lcd_ui.o [1]
LCDUI_SetColor(unsigned short)
                         0x801'6b39     0xe  Code  Gb  lcd_ui.o [1]
LCDUI_SetCursorCoord(short, short)
                         0x801'6b55    0x1e  Code  Gb  lcd_ui.o [1]
LCDUI_SetFont(LCDUI_FONT_TYPE)
                         0x801'6dfd    0x6a  Code  Gb  lcd_ui.o [1]
LCD_BackLight            0x801'7825    0x1c  Code  Gb  lcd_low.o [1]
LCD_Clear                0x801'77f1    0x34  Code  Gb  lcd_low.o [1]
LCD_CtrlLinesConfig      0x801'7341    0x9a  Code  Gb  lcd_low.o [1]
LCD_FSMCConfig           0x801'73db     0x8  Code  Gb  lcd_low.o [1]
LCD_Initializtion        0x801'7483   0x256  Code  Gb  lcd_low.o [1]
LCD_ReadRAM              0x801'7459     0xa  Code  Gb  lcd_low.o [1]
LCD_ReadReg              0x801'73fd     0xc  Code  Gb  lcd_low.o [1]
LCD_Read_ID              0x801'7463    0x20  Code  Gb  lcd_low.o [1]
LCD_SetCursor            0x801'76d9    0x5c  Code  Gb  lcd_low.o [1]
LCD_SetWindows           0x801'7735    0xbc  Code  Gb  lcd_low.o [1]
LCD_WaitDMAReady         0x801'7449    0x10  Code  Gb  lcd_low.o [1]
LCD_WriteCmd             0x801'7409     0x8  Code  Gb  lcd_low.o [1]
LCD_WriteRAM             0x801'741b     0x8  Code  Gb  lcd_low.o [1]
LCD_WriteRAM_DMA         0x801'7423    0x26  Code  Gb  lcd_low.o [1]
LCD_WriteRAM_Prepare     0x801'7411     0xa  Code  Gb  lcd_low.o [1]
LCD_WriteReg             0x801'73ef     0xe  Code  Gb  lcd_low.o [1]
LCD_X_Init               0x801'73e3     0xc  Code  Gb  lcd_low.o [1]
LfnBuf                  0x2000'4624   0x200  Data  Lc  ff.o [1]
LfnOfs                   0x802'c688    0x10  Data  Lc  ff.o [1]
LoadInt                  0x801'7f4f    0x7a  Code  Lc  xprintffull.o [2]
MIPI_Off()               0x801'e08f    0x2c  Code  Gb  ssd_utils.o [1]
MIPI_On()                0x801'e0bb    0x2c  Code  Gb  ssd_utils.o [1]
MX_FSMC_Init             0x801'8cfd    0x82  Code  Gb  fsmc.o [1]
MemManage_Handler        0x802'bed1     0x2  Code  Gb  stm32f4xx_it.o [1]
NMI_Handler              0x802'becd     0x2  Code  Gb  stm32f4xx_it.o [1]
NVIC_EncodePriority      0x801'930d    0x40  Code  Lc  stm32f4xx_hal_cortex.o [1]
OTG_FS_IRQHandler        0x802'bef9     0xa  Code  Gb  stm32f4xx_it.o [1]
PFILE_DrawPreview(FIL *, TG_RECT *)
                         0x802'8b7d    0x1c  Code  Gb  prtfiles.o [1]
PFILE_Init(FIL *, FILES_TYPE)
                         0x802'8b3d    0x40  Code  Gb  prtfiles.o [1]
PendSV_Handler           0x802'bedb     0x2  Code  Gb  stm32f4xx_it.o [1]
Planner::Planner()       0x801'c8c9     0xe  Code  Gb  z_planner.o [1]
Planner::block_buffer   0x2000'4a24   0x200  Data  Gb  z_planner.o [1]
Planner::block_buffer_head
                        0x2000'59f3     0x1  Data  Gb  z_planner.o [1]
Planner::block_buffer_nonbusy
                        0x2000'59f4     0x1  Data  Gb  z_planner.o [1]
Planner::block_buffer_planned
                        0x2000'59f5     0x1  Data  Gb  z_planner.o [1]
Planner::block_buffer_tail
                        0x2000'59f6     0x1  Data  Gb  z_planner.o [1]
Planner::buffer_sync_block()
                         0x801'c9cd    0x48  Code  Gb  z_planner.o [1]
Planner::cleaning_buffer_counter
                        0x2000'59e2     0x2  Data  Gb  z_planner.o [1]
Planner::clear_block_buffer()
                         0x801'e925    0x24  Code  Gb  z_planner.o [1]
Planner::cutoff_long    0x2000'598c     0x4  Data  Gb  z_planner.o [1]
Planner::delay_before_delivering
                        0x2000'59f7     0x1  Data  Gb  z_planner.o [1]
Planner::endstop_triggered()
                         0x801'c97f     0x8  Code  Gb  z_planner.o [1]
Planner::get_current_block()
                         0x801'c901    0x7e  Code  Gb  z_planner.o [1]
Planner::get_next_free_block(unsigned char &, unsigned char)
                         0x801'e989    0x38  Code  Gb  z_planner.o [1]
Planner::has_blocks_queued()
                         0x801'e969    0x20  Code  Gb  z_stepper.o [1]
Planner::init()          0x801'c8d7    0x2a  Code  Gb  z_planner.o [1]
Planner::max_acceleration_steps_per_s2
                        0x2000'5980     0x4  Data  Gb  z_planner.o [1]
Planner::moves_free()    0x801'f5e7     0xe  Code  Gb  z_planner.o [1]
Planner::movesplanned()
                         0x801'e949    0x18  Code  Gb  z_planner.o [1]
Planner::next_block_index(unsigned char)
                         0x801'e961     0x8  Code  Gb  z_stepper.o [1]
Planner::position       0x2000'5988     0x4  Data  Gb  z_planner.o [1]
Planner::previous_nominal_speed_sqr
                        0x2000'5994     0x4  Data  Gb  z_planner.o [1]
Planner::previous_speed
                        0x2000'5990     0x4  Data  Gb  z_planner.o [1]
Planner::refresh_positioning()
                         0x801'caa3    0x32  Code  Gb  z_planner.o [1]
Planner::release_current_block()
                         0x801'f5f5    0x1c  Code  Gb  z_stepper.o [1]
Planner::reset_acceleration_rates()
                         0x801'ca6d    0x36  Code  Gb  z_planner.o [1]
Planner::set_machine_position_mm(float)
                         0x801'ca15    0x3a  Code  Gb  z_planner.o [1]
Planner::set_position_mm(float)
                         0x801'ca51    0x1c  Code  Gb  z_planner.o [1]
Planner::settings       0x2000'586c    0x28  Data  Gb  z_planner.o [1]
Planner::steps_to_mm    0x2000'5984     0x4  Data  Gb  z_planner.o [1]
Planner::synchronize()   0x801'c987    0x1c  Code  Gb  z_planner.o [1]
RTC_Bcd2ToByte           0x801'37c9    0x1a  Code  Gb  stm32f4xx_hal_rtc.o [1]
RTC_ByteToBcd2           0x801'37b1    0x18  Code  Gb  stm32f4xx_hal_rtc.o [1]
RTC_Enable               0x801'bd6b    0x10  Code  Gb  rtc.o [1]
RTC_EnterInitMode        0x801'3777    0x3a  Code  Gb  stm32f4xx_hal_rtc.o [1]
RTC_Init                 0x801'bcc9    0xa2  Code  Gb  rtc.o [1]
Region$$Table$$Base      0x802'c340           --   Gb  - Linker created -
Region$$Table$$Limit     0x802'c364           --   Gb  - Linker created -
SHT$$INIT_ARRAY$$Base    0x802'cb3c           --   Gb  - Linker created -
SHT$$INIT_ARRAY$$Limit   0x802'cb40           --   Gb  - Linker created -
SHT$$PREINIT_ARRAY$$Base
                         0x802'cb3c           --   Gb  - Linker created -
SHT$$PREINIT_ARRAY$$Limit
                         0x802'cb3c           --   Gb  - Linker created -
SPIFL_Driver             0x802'c610    0x14  Data  Gb  spifl_diskio.o [1]
SPIFL_EraseSector        0x801'bb3f    0x52  Code  Gb  spi_flash.o [1]
SPIFL_Init               0x801'ba1f    0x46  Code  Gb  spi_flash.o [1]
SPIFL_ReadBuff           0x801'bac7    0x78  Code  Gb  spi_flash.o [1]
SPIFL_ReadID             0x801'ba65    0x62  Code  Gb  spi_flash.o [1]
SPIFL_WriteBuff          0x801'bb91   0x124  Code  Gb  spi_flash.o [1]
SPIFL_initialize         0x802'b365    0x1e  Code  Gb  spifl_diskio.o [1]
SPIFL_ioctl              0x802'b451    0x60  Code  Gb  spifl_diskio.o [1]
SPIFL_read               0x802'b395    0x5e  Code  Gb  spifl_diskio.o [1]
SPIFL_status             0x802'b383    0x12  Code  Gb  spifl_diskio.o [1]
SPIFL_write              0x802'b3f3    0x5e  Code  Gb  spifl_diskio.o [1]
SPI_DMAError             0x801'b281    0x28  Code  Lc  stm32f4xx_hal_spi.o [1]
SPI_DMAHalfReceiveCplt   0x801'b261     0xe  Code  Lc  stm32f4xx_hal_spi.o [1]
SPI_DMAHalfTransmitReceiveCplt
                         0x801'b271     0xe  Code  Lc  stm32f4xx_hal_spi.o [1]
SPI_DMAReceiveCplt       0x801'b17d    0x7a  Code  Lc  stm32f4xx_hal_spi.o [1]
SPI_DMATransmitReceiveCplt
                         0x801'b1f9    0x66  Code  Lc  stm32f4xx_hal_spi.o [1]
SPI_EndRxTransaction     0x801'b349    0x9a  Code  Lc  stm32f4xx_hal_spi.o [1]
SPI_EndRxTxTransaction   0x801'b3e3    0x5e  Code  Lc  stm32f4xx_hal_spi.o [1]
SPI_WaitFlagStateUntilTimeout
                         0x801'b2a9    0xa0  Code  Lc  stm32f4xx_hal_spi.o [1]
SSD_Init()               0x801'dfa5    0x94  Code  Gb  ssd_utils.o [1]
SSD_SleepIn()            0x801'e039    0x56  Code  Gb  ssd_utils.o [1]
SVC_Handler              0x802'bed7     0x2  Code  Gb  stm32f4xx_it.o [1]
SYSTIMER_GetCountDown    0x801'68ed    0x26  Code  Gb  sys_timer.o [1]
SYSTIMER_Init            0x801'6875    0x2a  Code  Gb  sys_timer.o [1]
SYSTIMER_NewCountDown    0x801'689f    0x4e  Code  Gb  sys_timer.o [1]
SYSTIMER_SetCountDown    0x801'6913    0x22  Code  Gb  sys_timer.o [1]
SpiflFS                 0x2000'1350  0x1038  Data  Gb  fatfs.o [1]
SpiflPath               0x2000'5948     0x8  Data  Gb  fatfs.o [1]
Stepper::_set_position(int)
                         0x801'cffd     0x6  Code  Gb  z_stepper.o [1]
Stepper::abort_current_block
                        0x2000'59fa     0x1  Data  Gb  z_stepper.o [1]
Stepper::acc_step_rate  0x2000'59c0     0x4  Data  Gb  z_stepper.o [1]
Stepper::accelerate_until
                        0x2000'59b4     0x4  Data  Gb  z_stepper.o [1]
Stepper::acceleration_time
                        0x2000'599c     0x4  Data  Gb  z_stepper.o [1]
Stepper::advance_dividend
                        0x2000'59a8     0x4  Data  Gb  z_stepper.o [1]
Stepper::advance_divisor
                        0x2000'59ac     0x4  Data  Gb  z_stepper.o [1]
Stepper::axis_did_move  0x2000'59f9     0x1  Data  Gb  z_stepper.o [1]
Stepper::axis_is_moving()
                         0x801'e8e9    0x18  Code  Gb  z_endstops.o [1]
Stepper::block_phase_isr()
                         0x801'ce2b   0x19a  Code  Gb  z_stepper.o [1]
Stepper::calc_timer_interval(unsigned int, unsigned char *)
                         0x801'ea1d    0x30  Code  Gb  z_stepper.o [1]
Stepper::count_direction
                        0x2000'59fc     0x1  Data  Gb  z_stepper.o [1]
Stepper::count_position
                        0x2000'59c8     0x4  Data  Gb  z_stepper.o [1]
Stepper::current_block  0x2000'5998     0x4  Data  Gb  z_stepper.o [1]
Stepper::decelerate_after
                        0x2000'59b8     0x4  Data  Gb  z_stepper.o [1]
Stepper::deceleration_time
                        0x2000'59a0     0x4  Data  Gb  z_stepper.o [1]
Stepper::delta_error    0x2000'59a4     0x4  Data  Gb  z_stepper.o [1]
Stepper::discard_current_block()
                         0x801'ea01    0x1c  Code  Gb  z_stepper.o [1]
Stepper::endstop_triggered()
                         0x801'd025    0x22  Code  Gb  z_stepper.o [1]
Stepper::endstops_trigsteps
                        0x2000'59c4     0x4  Data  Gb  z_stepper.o [1]
Stepper::init()          0x801'cfc5    0x38  Code  Gb  z_stepper.o [1]
Stepper::is_awake()      0x801'f611    0x10  Code  Gb  z_stepper.o [1]
Stepper::isr()           0x801'cbdb    0xbe  Code  Gb  z_stepper.o [1]
Stepper::isr()::nextMainISR
                        0x2000'59cc     0x4  Data  Lc  z_stepper.o [1]
Stepper::last_direction_bits
                        0x2000'59f8     0x1  Data  Gb  z_stepper.o [1]
Stepper::motor_direction()
                         0x801'e901    0x18  Code  Gb  z_stepper.o [1]
Stepper::pulse_phase_isr()
                         0x801'cc99   0x192  Code  Gb  z_stepper.o [1]
Stepper::quick_stop()    0x801'ea6d     0xc  Code  Gb  z_stepper.o [1]
Stepper::set_directions()
                         0x801'cb67    0x58  Code  Gb  z_stepper.o [1]
Stepper::set_position(int)
                         0x801'd003    0x22  Code  Gb  z_stepper.o [1]
Stepper::step_event_count
                        0x2000'59bc     0x4  Data  Gb  z_stepper.o [1]
Stepper::step_events_completed
                        0x2000'59b0     0x4  Data  Gb  z_stepper.o [1]
Stepper::steps_per_isr  0x2000'59fb     0x1  Data  Gb  z_stepper.o [1]
Stepper::suspend()       0x801'ea4d    0x20  Code  Gb  z_stepper.o [1]
Stepper::ticks_nominal  0x2000'0288     0x4  Data  Gb  z_stepper.o [1]
Stepper::wake_up()       0x801'e9c1    0x10  Code  Gb  z_stepper.o [1]
SysTick_Config           0x801'934d    0x30  Code  Lc  stm32f4xx_hal_cortex.o [1]
SysTick_Handler          0x802'bedd     0x8  Code  Gb  stm32f4xx_it.o [1]
SystemClock_Config()     0x801'a9f5    0xc6  Code  Gb  main.o [1]
SystemCoreClock         0x2000'0064     0x4  Data  Gb  system_stm32f4xx.o [1]
SystemInit               0x802'c385    0x12  Code  Gb  system_stm32f4xx.o [1]
TGUI_DrawLogo()          0x801'59c1     0xa  Code  Gb  tgui.o [1]
TGUI_ForceRepaint()      0x801'59d9    0x18  Code  Gb  tgui.o [1]
TGUI_Init()              0x801'38d5  0x20e2  Code  Gb  tgui.o [1]
TGUI_PointInRect(TOUCH_POINT *, TG_RECT *)
                         0x801'38a1    0x32  Code  Gb  tgui.o [1]
TGUI_Process()           0x801'59f5    0x18  Code  Gb  tgui.o [1]
TGUI_USBStateChanged()   0x801'5a29    0x1a  Code  Gb  tgui.o [1]
TIM2_IRQHandler          0x802'bf21     0xe  Code  Gb  stm32f4xx_it.o [1]
TIM_Base_SetConfig       0x801'd72f    0xc0  Code  Gb  stm32f4xx_hal_tim.o [1]
TIM_CCxChannelCmd        0x801'da1b    0x24  Code  Gb  stm32f4xx_hal_tim.o [1]
TIM_ETR_SetConfig        0x801'da03    0x18  Code  Gb  stm32f4xx_hal_tim.o [1]
TIM_ITRx_SetConfig       0x801'd9f3    0x10  Code  Lc  stm32f4xx_hal_tim.o [1]
TIM_OC1_SetConfig        0x801'd7ef    0x64  Code  Lc  stm32f4xx_hal_tim.o [1]
TIM_OC2_SetConfig        0x801'd853    0x6e  Code  Gb  stm32f4xx_hal_tim.o [1]
TIM_OC3_SetConfig        0x801'd8c1    0x6c  Code  Lc  stm32f4xx_hal_tim.o [1]
TIM_OC4_SetConfig        0x801'd92d    0x4c  Code  Lc  stm32f4xx_hal_tim.o [1]
TIM_TI1_ConfigInputStage
                         0x801'd9a9    0x24  Code  Lc  stm32f4xx_hal_tim.o [1]
TIM_TI2_ConfigInputStage
                         0x801'd9cd    0x26  Code  Lc  stm32f4xx_hal_tim.o [1]
TIM_ZRef_Init            0x801'd129    0xb0  Code  Gb  tim.o [1]
TIM_ZStepper_Init        0x801'd0b5    0x74  Code  Gb  tim.o [1]
TOUCH_SPIEnable          0x801'9471   0x15a  Code  Gb  fst_spi.o [1]
TOUCH_SPIGetState        0x801'962b     0xa  Code  Gb  fst_spi.o [1]
TOUCH_SPIInit            0x801'940d    0x64  Code  Gb  fst_spi.o [1]
TOUCH_SPIStartRead       0x801'95cb    0x60  Code  Gb  fst_spi.o [1]
Timers                  0x2000'4f4c   0x100  Data  Gb  sys_timer.o [1]
Touch_Enable             0x801'7d37     0x8  Code  Gb  touch.o [1]
Touch_GetCoords          0x801'7d5b     0xc  Code  Gb  touch.o [1]
Touch_GetState           0x801'7d3f     0x6  Code  Gb  touch.o [1]
Touch_Init               0x801'7d03    0x34  Code  Gb  touch.o [1]
Touch_IsPressed          0x801'7d67    0x18  Code  Gb  touch.o [1]
Touch_SetWorked          0x801'7d45    0x16  Code  Gb  touch.o [1]
USBH_AllocPipe           0x801'ef17    0x34  Code  Gb  usbh_pipes.o [1]
USBH_BulkReceiveData     0x802'07d1    0x30  Code  Gb  usbh_ioreq.o [1]
USBH_BulkSendData        0x802'078f    0x42  Code  Gb  usbh_ioreq.o [1]
USBH_ClosePipe           0x801'ef03    0x14  Code  Gb  usbh_pipes.o [1]
USBH_ClrFeature          0x801'f137    0x2e  Code  Gb  usbh_ctlreq.o [1]
USBH_CtlReceiveData      0x802'075f    0x30  Code  Gb  usbh_ioreq.o [1]
USBH_CtlReq              0x801'f345    0x5e  Code  Gb  usbh_ctlreq.o [1]
USBH_CtlSendData         0x802'071d    0x42  Code  Gb  usbh_ioreq.o [1]
USBH_CtlSendSetup        0x802'06f3    0x2a  Code  Gb  usbh_ioreq.o [1]
USBH_Delay               0x801'ee8b     0xc  Code  Gb  usbh_conf.o [1]
USBH_Driver              0x802'c660    0x14  Data  Gb  usbh_diskio.o [1]
USBH_FindInterface       0x801'e205    0x74  Code  Gb  usbh_core.o [1]
[...]
_gLocale_mblenInt        0x801'997d    0x2c  Code  Gb  xlocale_c.o [2]
_gLocale_wctomb          0x801'99bd     0x4  Code  Gb  xlocale_c.o [2]
_gLocale_wctombInt       0x801'99b5     0x4  Code  Gb  xlocale_c.o [2]
_gm_                    0x2000'4c24   0x1d8  Data  Lc  dlmalloc.o [2]
_lcdui_FillCircle_helper(short, short, short, unsigned char, short)
                         0x801'6a5f    0xda  Code  Gb  lcd_ui.o [1]
_lcdui_GetCharData(char)
                         0x801'6d5d    0xa0  Code  Gb  lcd_ui.o [1]
_lcdui_GetCharWidth(char)
                         0x801'6d09    0x54  Code  Gb  lcd_ui.o [1]
_main                    0x802'c3f7          Code  Gb  cmain.o [5]
_spifl_WaitBusy          0x801'b9a1    0x52  Code  Gb  spi_flash.o [1]
_spifl_WriteEnable       0x801'b9f3    0x2c  Code  Gb  spi_flash.o [1]
_spifl_bust_counts      0x2000'5968     0x4  Data  Gb  spi_flash.o [1]
_spifl_info             0x2000'5934     0xc  Data  Gb  spi_flash.o [1]
_ssd_cfg(unsigned char)
                         0x801'dce3   0x100  Code  Gb  ssd_utils.o [1]
_ssd_ls055r1sx04_cfg(unsigned char)
                         0x801'dde3    0xc0  Code  Gb  ssd_utils.o [1]
_ssd_read_data(unsigned char, unsigned char)
                         0x801'db41    0x9c  Code  Gb  ssd_utils.o [1]
_ssd_read_id(unsigned char)
                         0x801'dcd3    0x10  Code  Gb  ssd_utils.o [1]
_ssd_write_DCS(unsigned char, unsigned char, unsigned char, unsigned char)
                         0x801'df3f    0x66  Code  Gb  ssd_utils.o [1]
_ssd_write_DCS_sleep(unsigned char, unsigned char)
                         0x801'dea3    0x54  Code  Gb  ssd_utils.o [1]
_ssd_write_Generic(unsigned char, unsigned char, unsigned char)
                         0x801'def7    0x48  Code  Gb  ssd_utils.o [1]
_ssd_write_byte(unsigned char, unsigned char, unsigned char)
                         0x801'dc67    0x6c  Code  Gb  ssd_utils.o [1]
_ssd_write_data(unsigned char, unsigned char, unsigned short)
                         0x801'dbdd    0x8a  Code  Gb  ssd_utils.o [1]
_tgui_DefaultButtonPaint(void *, void *)
                         0x801'617d   0x134  Code  Gb  tgui_defaultfuncs.o [1]
_tgui_DefaultButtonProcess(void *, void *)
                         0x801'62b1   0x276  Code  Gb  tgui_defaultfuncs.o [1]
_tgui_DefaultScreenPaint(void *, void *)
                         0x801'6527    0xe0  Code  Gb  tgui_defaultfuncs.o [1]
_tgui_DefaultScreenProcess(void *, void *)
                         0x801'6607    0xea  Code  Gb  tgui_defaultfuncs.o [1]
_tgui_DrawFileCimg(char *, short, short)
                         0x801'60c1    0xbc  Code  Gb  tgui_defaultfuncs.o [1]
_tgui_DrawFileCimgBackground(char *)
                         0x801'601b    0xa6  Code  Gb  tgui_defaultfuncs.o [1]
_tgui_DrawFileRawImg(FIL *, short, short, unsigned short, unsigned short, unsigned int, unsigned char)
                         0x801'5e07   0x214  Code  Gb  tgui_defaultfuncs.o [1]
_tgui_DrawStringInRect(char *, TG_RECT *, TG_TEXTOPTIONS *)
                         0x801'5d25    0xe2  Code  Gb  tgui_defaultfuncs.o [1]
_tgui_FilesBackButtonPress(void *, void *)
                         0x802'887b    0x2c  Code  Gb  tgui_filesscreenfuncs.o [1]
_tgui_FilesDirNamePaint(void *, void *)
                         0x802'866b    0xac  Code  Gb  tgui_filesscreenfuncs.o [1]
_tgui_FilesDownButtonPress(void *, void *)
                         0x802'8717    0xa2  Code  Gb  tgui_filesscreenfuncs.o [1]
_tgui_FilesDrawPreview(TG_RECT *, FILES_ITEM *)
                         0x802'80f5    0x96  Code  Gb  tgui_filesscreenfuncs.o [1]
_tgui_FilesFileButtonPaint(void *, void *)
                         0x802'850f   0x15c  Code  Gb  tgui_filesscreenfuncs.o [1]
_tgui_FilesFileButtonPress(void *, void *)
                         0x802'89d9   0x12e  Code  Gb  tgui_filesscreenfuncs.o [1]
_tgui_FilesPrevButtonPress(void *, void *)
                         0x802'88a7   0x12c  Code  Gb  tgui_filesscreenfuncs.o [1]
_tgui_FilesReadDir()     0x802'818b   0x22a  Code  Gb  tgui_filesscreenfuncs.o [1]
_tgui_FilesScreenPaint(void *, void *)
                         0x802'84fd    0x12  Code  Gb  tgui_filesscreenfuncs.o [1]
_tgui_FilesScreenProcess(void *, void *)
                         0x802'83bd   0x13a  Code  Gb  tgui_filesscreenfuncs.o [1]
_tgui_FilesUpButtonPress(void *, void *)
                         0x802'87b9    0xc2  Code  Gb  tgui_filesscreenfuncs.o [1]
_tgui_InfoScreenFansTimePaint(void *, void *)
                         0x802'bd95    0x36  Code  Gb  tgui_infoscreenfuncs.o [1]
_tgui_InfoScreenLightTimePaint(void *, void *)
                         0x802'bd5f    0x36  Code  Gb  tgui_infoscreenfuncs.o [1]
_tgui_InfoScreenUIAuthorPaint(void *, void *)
                         0x802'bde5    0x1a  Code  Gb  tgui_infoscreenfuncs.o [1]
_tgui_InfoScreenURLPaint(void *, void *)
                         0x802'bdcb    0x1a  Code  Gb  tgui_infoscreenfuncs.o [1]
_tgui_InfoScreenVersionPaint(void *, void *)
                         0x802'bd35    0x2a  Code  Gb  tgui_infoscreenfuncs.o [1]
_tgui_LanguageButtonPress(void *, void *)
                         0x802'c675    0x14  Code  Gb  tgui_langscreenfuncs.o [1]
_tgui_ScreenTimeInit()   0x801'5be1    0x24  Code  Gb  tgui_defaultfuncs.o [1]
_tgui_ScreenTimePaint(void *, void *)
                         0x801'5c47    0xde  Code  Gb  tgui_defaultfuncs.o [1]
_tgui_ScreenTimeProcess(void *, void *)
                         0x801'5c05    0x42  Code  Gb  tgui_defaultfuncs.o [1]
_tgui_ScreenTimeProcess(void *, void *)::minutes
                        0x2000'59eb     0x1  Data  Lc  tgui_defaultfuncs.o [1]
_touch_ReadCoords        0x801'7b15    0xc8  Code  Gb  touch.o [1]
_touch_RefreshState      0x801'7bdd   0x126  Code  Gb  touch.o [1]
abort                    0x801'b44b     0x6  Code  Gb  abort.o [2]
add_segment              0x802'5045   0x1f2  Code  Lc  dlmalloc.o [2]
cfgzMotor               0x2000'5628    0x40  Data  Gb  config.o [1]
cfname                  0x2000'2f8c   0x400  Data  Gb  main.o [1]
check_fs                 0x801'17e7    0x7a  Code  Lc  ff.o [1]
chk_chr                  0x801'0223    0x14  Code  Lc  ff.o [1]
clngLangEng              0x802'bf68    0x94  Data  Lc  languages.o [1]
clngLangRus              0x802'bffc    0x94  Data  Lc  languages.o [1]
clst2sect                0x801'044b    0x1c  Code  Lc  ff.o [1]
cmd                     0x2000'5958     0x4  Data  Gb  cpld_utils.o [1]
cmp_lfn                  0x801'0bab    0xaa  Code  Lc  ff.o [1]
create_chain             0x801'078f   0x154  Code  Lc  ff.o [1]
create_name              0x801'1443   0x29e  Code  Lc  ff.o [1]
create_partition         0x801'26dd   0x1c8  Code  Lc  ff.o [1]
currdir                 0x2000'0068   0x200  Data  Gb  tgui_filesscreenfuncs.o [1]
d                       0x2000'596c     0x4  Data  Gb  spi_flash.o [1]
dbc_1st                  0x801'0237    0x12  Code  Lc  ff.o [1]
dbc_2nd                  0x801'0249    0x12  Code  Lc  ff.o [1]
dir                     0x2000'56e8    0x34  Data  Gb  main.o [1]
dir_alloc                0x801'0ae5    0x74  Code  Lc  ff.o [1]
dir_clear                0x801'08e3    0x68  Code  Lc  ff.o [1]
dir_find                 0x801'0f95   0x12a  Code  Lc  ff.o [1]
dir_next                 0x801'09fd    0xe8  Code  Lc  ff.o [1]
dir_read                 0x801'0e87   0x10e  Code  Lc  ff.o [1]
dir_register             0x801'10bf   0x16a  Code  Lc  ff.o [1]
dir_sdi                  0x801'094b    0xb2  Code  Lc  ff.o [1]
disk                    0x2000'5908    0x10  Data  Gb  ff_gen_drv.o [1]
disk_initialize          0x801'3031    0x38  Code  Gb  diskio.o [1]
disk_ioctl               0x801'30d1    0x2a  Code  Gb  diskio.o [1]
disk_read                0x801'3069    0x34  Code  Gb  diskio.o [1]
disk_status              0x801'3011    0x20  Code  Gb  diskio.o [1]
disk_write               0x801'309d    0x34  Code  Gb  diskio.o [1]
exit                     0x802'c3ff     0x4  Code  Gb  exit.o [2]
f_close                  0x801'23d7    0x30  Code  Gb  ff.o [1]
f_closedir               0x801'2657    0x1c  Code  Gb  ff.o [1]
f_lseek                  0x801'2407   0x1c4  Code  Gb  ff.o [1]
f_mkfs                   0x801'28a5   0x73a  Code  Gb  ff.o [1]
f_mkfs::cst              0x802'c698    0x10  Data  Lc  ff.o [1]
f_mkfs::cst32            0x802'c6a8    0x10  Data  Lc  ff.o [1]
f_mkfs::defopt           0x802'c6b8    0x10  Data  Lc  ff.o [1]
f_mount                  0x801'1c3d    0x56  Code  Gb  ff.o [1]
f_open                   0x801'1cbd   0x23e  Code  Gb  ff.o [1]
f_opendir                0x801'25cb    0x8c  Code  Gb  ff.o [1]
f_read                   0x801'1efb   0x1f8  Code  Gb  ff.o [1]
f_readdir                0x801'2673    0x6a  Code  Gb  ff.o [1]
f_sync                   0x801'232d    0xaa  Code  Gb  ff.o [1]
f_write                  0x801'20f3   0x23a  Code  Gb  ff.o [1]
fbuff                   0x1000'0000  0x2000  Data  Gb  main.o [1]
ff_oem2uni               0x801'314d    0x40  Code  Gb  ffunicode.o [1]
ff_uni2oem               0x801'3101    0x4c  Code  Gb  ffunicode.o [1]
ff_wtoupper              0x801'318d    0xce  Code  Gb  ffunicode.o [1]
ff_wtoupper::cvt1        0x802'b000   0x1f4  Data  Lc  ffunicode.o [1]
ff_wtoupper::cvt2        0x802'be10    0xbc  Data  Lc  ffunicode.o [1]
files                   0x2000'2388   0x404  Data  Gb  tgui_filesscreenfuncs.o [1]
find_volume              0x801'1865    0x76  Code  Lc  ff.o [1]
finfo                   0x2000'4400   0x224  Data  Gb  main.o [1]
fnt12_data               0x802'a94c   0x6b4  Data  Gb  fnt12.o [1]
fnt12_width              0x802'b4b4   0x140  Data  Gb  fnt12.o [1]
fnt12bold_data           0x802'a1c4   0x788  Data  Gb  fnt12bold.o [1]
fnt12bold_width          0x802'b5f4   0x140  Data  Gb  fnt12bold.o [1]
fnt18_data               0x802'7250   0xea4  Data  Gb  fnt18.o [1]
fnt18_width              0x802'b734   0x140  Data  Gb  fnt18.o [1]
fnt18bold_data           0x802'6188  0x10c8  Data  Gb  fnt18bold.o [1]
fnt18bold_width          0x802'b874   0x140  Data  Gb  fnt18bold.o [1]
fnt24_data               0x802'3320  0x195c  Data  Gb  fnt24.o [1]
fnt24_width              0x802'b9b4   0x140  Data  Gb  fnt24.o [1]
fnt24bold_data           0x802'128c  0x2094  Data  Gb  fnt24bold.o [1]
fnt24bold_width          0x802'baf4   0x140  Data  Gb  fnt24bold.o [1]
follow_path              0x801'16e1    0xa8  Code  Lc  ff.o [1]
font_fnt12              0x2000'0000     0xc  Data  Gb  fnt12.o [1]
font_fnt12bold          0x2000'000c     0xc  Data  Gb  fnt12bold.o [1]
font_fnt18              0x2000'0018     0xc  Data  Gb  fnt18.o [1]
font_fnt18bold          0x2000'0024     0xc  Data  Gb  fnt18bold.o [1]
font_fnt24              0x2000'0030     0xc  Data  Gb  fnt24.o [1]
font_fnt24bold          0x2000'003c     0xc  Data  Gb  fnt24bold.o [1]
fpws_header             0x2000'571c    0x30  Data  Gb  files_pws.o [1]
fpws_info               0x2000'5584    0x54  Data  Gb  files_pws.o [1]
fpws_preview            0x2000'58d4    0x1c  Data  Gb  files_pws.o [1]
free                     0x802'9d31     0x4  Code  Gb  heaptramp0.o [2]
gen_numname              0x801'0d89    0xde  Code  Lc  ff.o [1]
get_fat                  0x801'0467   0x112  Code  Lc  ff.o [1]
get_fattime              0x801'3285    0x50  Code  Gb  fatfs.o [1]
get_fileinfo             0x801'1229   0x21a  Code  Lc  ff.o [1]
get_ldnumber             0x801'1789    0x5e  Code  Lc  ff.o [1]
hFlashSpi               0x2000'52c4    0x80  Data  Gb  fst_spi.o [1]
hFlashSpiDmaRx          0x2000'5464    0x60  Data  Gb  fst_spi.o [1]
hFlashSpiDmaTx          0x2000'54c4    0x60  Data  Gb  fst_spi.o [1]
hLcdDma                 0x2000'5524    0x60  Data  Gb  lcd_low.o [1]
hRTC                    0x2000'5894    0x20  Data  Gb  rtc.o [1]
hStepperTim             0x2000'5668    0x40  Data  Gb  tim.o [1]
hTouchSpi               0x2000'5244    0x80  Data  Gb  fst_spi.o [1]
hTouchSpiDmaRx          0x2000'5344    0x60  Data  Gb  fst_spi.o [1]
hTouchSpiDmaTx          0x2000'53a4    0x60  Data  Gb  fst_spi.o [1]
hUsbHost                0x2000'338c   0x3d8  Data  Gb  usb_host.o [1]
hZRefTim                0x2000'56a8    0x40  Data  Gb  tim.o [1]
hhcd_USB_OTG_FS         0x2000'413c   0x2c4  Data  Gb  usbh_conf.o [1]
hsram1                  0x2000'55d8    0x50  Data  Gb  fsmc.o [1]
idle()                   0x801'be41     0xa  Code  Gb  motor.o [1]
idle()::idlecount       0x2000'5960     0x4  Data  Lc  motor.o [1]
init_mparams             0x802'4c97    0x32  Code  Lc  dlmalloc.o [2]
init_top                 0x802'4cc9    0x36  Code  Lc  dlmalloc.o [2]
lastfilenum             0x2000'0315     0x1  Data  Gb  tgui_filesscreenfuncs.o [1]
lcdui_bgcolor           0x2000'59e0     0x2  Data  Gb  lcd_ui.o [1]
lcdui_color             0x2000'0310     0x2  Data  Gb  lcd_ui.o [1]
lcdui_current_font      0x2000'005c     0x4  Data  Gb  lcd_ui.o [1]
lcdui_current_font_type
                        0x2000'0312     0x1  Data  Gb  lcd_ui.o [1]
lcdui_cursor_x          0x2000'59dc     0x2  Data  Gb  lcd_ui.o [1]
lcdui_cursor_y          0x2000'59de     0x2  Data  Gb  lcd_ui.o [1]
lcdui_height            0x2000'030e     0x2  Data  Gb  lcd_ui.o [1]
lcdui_width             0x2000'030c     0x2  Data  Gb  lcd_ui.o [1]
ld_clust                 0x801'0b59    0x28  Code  Lc  ff.o [1]
ld_dword                 0x801'0197    0x18  Code  Lc  ff.o [1]
ld_word                  0x801'0189     0xe  Code  Lc  ff.o [1]
ldexp                    0x801'9f2d          Code  Gb  ldexp.o [4]
ldexpl                   0x801'9f2d          Code  Gb  ldexp.o [4]
lngCurrent              0x2000'0058     0x4  Data  Gb  languages.o [1]
lngLanguages            0x2000'0048    0x10  Data  Gb  languages.o [1]
localeconv               0x801'99c1     0x4  Code  Gb  xlocale_c.o [2]
lroundf                  0x801'e9d5          Code  Gb  lroundf.o [4]
main                     0x801'a49d   0x552  Code  Gb  main.o [1]
mem_cmp                  0x801'01ff    0x24  Code  Lc  ff.o [1]
mem_cpy                  0x801'01d5    0x1c  Code  Lc  ff.o [1]
mem_set                  0x801'01f1     0xe  Code  Lc  ff.o [1]
memchr                   0x801'9a25          Code  Gb  memchr.o [5]
mount_volume             0x801'18db   0x318  Code  Lc  ff.o [1]
move_window              0x801'0373    0x42  Code  Lc  ff.o [1]
mparams                 0x2000'58f0    0x18  Data  Lc  dlmalloc.o [2]
msg                     0x2000'4824   0x200  Data  Gb  main.o [1]
nomorefiles             0x2000'59ee     0x1  Data  Gb  tgui_filesscreenfuncs.o [1]
oldUsbMounted           0x2000'59ec     0x1  Data  Gb  tgui_filesscreenfuncs.o [1]
pfile_type              0x2000'59ea     0x1  Data  Gb  prtfiles.o [1]
pick_lfn                 0x801'0c55    0x96  Code  Lc  ff.o [1]
prepend_alloc            0x802'4cff   0x346  Code  Lc  dlmalloc.o [2]
prt_file                0x2000'5964     0x4  Data  Gb  prtfiles.o [1]
put_fat                  0x801'0579   0x166  Code  Lc  ff.o [1]
put_lfn                  0x801'0ceb    0x90  Code  Lc  ff.o [1]
put_utf                  0x801'02af    0x72  Code  Lc  ff.o [1]
remove_chain             0x801'06df    0xb0  Code  Lc  ff.o [1]
retSPIFL                0x2000'59e5     0x1  Data  Gb  fatfs.o [1]
retUSBH                 0x2000'59e4     0x1  Data  Gb  fatfs.o [1]
s_tfname                0x2000'2b8c   0x400  Data  Gb  main.o [1]
scalbln                  0x801'9f2d          Code  Gb  ldexp.o [4]
scalblnl                 0x801'9f2d          Code  Gb  ldexp.o [4]
scalbn                   0x801'9f2d          Code  Gb  ldexp.o [4]
scalbnl                  0x801'9f2d          Code  Gb  ldexp.o [4]
scale                    0x801'8563    0x46  Code  Lc  xprintffull.o [2]
scrTimeTimer            0x2000'0314     0x1  Data  Gb  tgui_defaultfuncs.o [1]
sec_hand                0x2000'59d0     0x4  Data  Lc  xfail_s.o [2]
segment_holding          0x802'4c7d    0x1a  Code  Lc  dlmalloc.o [2]
sfile                   0x1000'3028  0x1028  Data  Gb  main.o [1]
sprintf                  0x801'69dd    0x40  Code  Gb  sprintf.o [2]
srvMode                 0x2000'59e9     0x1  Data  Gb  main.o [1]
st_clust                 0x801'0b81    0x2a  Code  Lc  ff.o [1]
st_dword                 0x801'01bd    0x18  Code  Lc  ff.o [1]
st_word                  0x801'01af     0xe  Code  Lc  ff.o [1]
strcat                   0x802'8bb9    0x1e  Code  Gb  strcat.o [2]
strchr                   0x801'99cd          Code  Gb  strchr.o [5]
strcmp                   0x801'bfe9          Code  Gb  strcmp.o [5]
strcpy                   0x802'8ba1          Code  Gb  strcpy.o [5]
strlen                   0x801'37e5          Code  Gb  strlen.o [5]
subdir                  0x2000'59ed     0x1  Data  Gb  tgui_filesscreenfuncs.o [1]
sum_sfn                  0x801'0e67    0x20  Code  Lc  ff.o [1]
sync_fs                  0x801'03b5    0x96  Code  Lc  ff.o [1]
sync_window              0x801'0321    0x52  Code  Lc  ff.o [1]
sys_alloc                0x802'523d   0x164  Code  Lc  dlmalloc.o [2]
sys_trim                 0x802'53a1    0x64  Code  Lc  dlmalloc.o [2]
systemState             0x2000'5928     0xc  Data  Gb  config.o [1]
tchar2uni                0x801'025b    0x54  Code  Lc  ff.o [1]
tfname                  0x1000'5078   0x400  Data  Gb  tgui.o [1]
tguiActiveScreen        0x2000'5978     0x4  Data  Gb  tgui.o [1]
tguiDBuff               0x2000'5a00  0x1000  Data  Gb  tgui.o [1]
tguiDefaultConfig       0x2000'58b4    0x20  Data  Gb  tgui.o [1]
tguiFBuff               0x2000'6a00   0x200  Data  Gb  tgui.o [1]
tguiFile                0x1000'4050  0x1028  Data  Gb  tgui.o [1]
tguiScrFilesButtons     0x2000'3e48   0x2f4  Data  Gb  tgui.o [1]
tguiScrInfoButtons      0x2000'3764   0x39c  Data  Gb  tgui.o [1]
tguiScrLanguageButtons  0x2000'5148    0xfc  Data  Gb  tgui.o [1]
tguiScrMainButtons      0x2000'4dfc   0x150  Data  Gb  tgui.o [1]
tguiScrMovezButtons     0x2000'3b00   0x348  Data  Gb  tgui.o [1]
tguiScrServiceButtons   0x2000'504c    0xfc  Data  Gb  tgui.o [1]
tguiScreenFiles         0x2000'583c    0x30  Data  Gb  tgui.o [1]
tguiScreenInfo          0x2000'57dc    0x30  Data  Gb  tgui.o [1]
tguiScreenLanguage      0x2000'57ac    0x30  Data  Gb  tgui.o [1]
tguiScreenMain          0x2000'574c    0x30  Data  Gb  tgui.o [1]
tguiScreenMovez         0x2000'580c    0x30  Data  Gb  tgui.o [1]
tguiScreenService       0x2000'577c    0x30  Data  Gb  tgui.o [1]
tguiTimer               0x2000'59e8     0x1  Data  Gb  main.o [1]
tmalloc_large            0x802'5411   0x386  Code  Lc  dlmalloc.o [2]
tmalloc_small            0x802'5797   0x200  Code  Lc  dlmalloc.o [2]
touch_buff              0x2000'5404    0x60  Data  Gb  fst_spi.o [1]
touch_info              0x2000'5918    0x10  Data  Gb  touch.o [1]
touch_point             0x2000'597c     0x4  Data  Gb  touch.o [1]
tstrcat(unsigned short *, unsigned short *)
                         0x801'7a93    0x32  Code  Gb  unicode_utils.o [1]
tstrcat_utf(unsigned short *, char *)
                         0x801'7ac5    0x46  Code  Gb  unicode_utils.o [1]
tstrcpy(unsigned short *, unsigned short *)
                         0x801'7a6b    0x28  Code  Gb  unicode_utils.o [1]
u_tfname                0x2000'278c   0x400  Data  Gb  main.o [1]
uc866                    0x802'bc34   0x100  Data  Lc  ffunicode.o [1]
ufile                   0x1000'2000  0x1028  Data  Gb  main.o [1]
uwTick                  0x2000'5970     0x4  Data  Gb  stm32f4xx_hal.o [1]
uwTickFreq              0x2000'0313     0x1  Data  Gb  stm32f4xx_hal.o [1]
uwTickPrio              0x2000'0060     0x4  Data  Gb  stm32f4xx_hal.o [1]
validate                 0x801'1bf3    0x4a  Code  Lc  ff.o [1]
zPlanner                0x2000'59f2     0x1  Data  Gb  z_planner.o [1]


[1] = D:\Electronics\Projects\MKS_DLP_new\SRC\firmware\MKSDLP_Alter_Debug\Obj
[2] = dl7M_tlf.a
[3] = dlpp7M_tl_fc.a
[4] = m7M_tls.a
[5] = rt7M_tl.a
[6] = shb_l.a

  85 411 bytes of readonly  code memory
  32 343 bytes of readonly  data memory
  73 843 bytes of readwrite data memory

Errors: none
Warnings: none
