###############################################################################
#
# IAR ELF Linker V8.32.1.169/W32 for ARM                  26/Sep/2020  18:36:46
# Copyright 2007-2018 IAR Systems AB.
#
#    Output file  =  
#        D:\Electronics\Projects\MKS_DLP_new\SRC\firmware\MKSDLP_Alter_debug\Exe\MKS_DLP_new.out
#    Map file     =  
#        D:\Electronics\Projects\MKS_DLP_new\SRC\firmware\MKSDLP_Alter_debug\List\MKS_DLP_new.map
#    Command line =  
#        -f C:\Temp\EW4142.tmp
#        (D:\Electronics\Projects\MKS_DLP_new\SRC\firmware\MKSDLP_Alter_Debug\Obj\config.o
#        D:\Electronics\Projects\MKS_DLP_new\SRC\firmware\MKSDLP_Alter_Debug\Obj\cpld_utils.o
#        D:\Electronics\Projects\MKS_DLP_new\SRC\firmware\MKSDLP_Alter_Debug\Obj\datetime.o
#        D:\Electronics\Projects\MKS_DLP_new\SRC\firmware\MKSDLP_Alter_Debug\Obj\diskio.o
#        D:\Electronics\Projects\MKS_DLP_new\SRC\firmware\MKSDLP_Alter_Debug\Obj\eeprom.o
#        D:\Electronics\Projects\MKS_DLP_new\SRC\firmware\MKSDLP_Alter_Debug\Obj\fatfs.o
#        D:\Electronics\Projects\MKS_DLP_new\SRC\firmware\MKSDLP_Alter_Debug\Obj\ff.o
#        D:\Electronics\Projects\MKS_DLP_new\SRC\firmware\MKSDLP_Alter_Debug\Obj\ff_gen_drv.o
#        D:\Electronics\Projects\MKS_DLP_new\SRC\firmware\MKSDLP_Alter_Debug\Obj\ffsystem.o
#        D:\Electronics\Projects\MKS_DLP_new\SRC\firmware\MKSDLP_Alter_Debug\Obj\ffunicode.o
#        D:\Electronics\Projects\MKS_DLP_new\SRC\firmware\MKSDLP_Alter_Debug\Obj\files_pws.o
#        D:\Electronics\Projects\MKS_DLP_new\SRC\firmware\MKSDLP_Alter_Debug\Obj\fnt12.o
#        D:\Electronics\Projects\MKS_DLP_new\SRC\firmware\MKSDLP_Alter_Debug\Obj\fnt12bold.o
#        D:\Electronics\Projects\MKS_DLP_new\SRC\firmware\MKSDLP_Alter_Debug\Obj\fnt170num_lcd.o
#        D:\Electronics\Projects\MKS_DLP_new\SRC\firmware\MKSDLP_Alter_Debug\Obj\fnt18.o
#        D:\Electronics\Projects\MKS_DLP_new\SRC\firmware\MKSDLP_Alter_Debug\Obj\fnt18bold.o
#        D:\Electronics\Projects\MKS_DLP_new\SRC\firmware\MKSDLP_Alter_Debug\Obj\fnt24.o
#        D:\Electronics\Projects\MKS_DLP_new\SRC\firmware\MKSDLP_Alter_Debug\Obj\fnt24bold.o
#        D:\Electronics\Projects\MKS_DLP_new\SRC\firmware\MKSDLP_Alter_Debug\Obj\fnt36.o
#        D:\Electronics\Projects\MKS_DLP_new\SRC\firmware\MKSDLP_Alter_Debug\Obj\fnt36num.o
#        D:\Electronics\Projects\MKS_DLP_new\SRC\firmware\MKSDLP_Alter_Debug\Obj\fsmc.o
#        D:\Electronics\Projects\MKS_DLP_new\SRC\firmware\MKSDLP_Alter_Debug\Obj\fst_spi.o
#        D:\Electronics\Projects\MKS_DLP_new\SRC\firmware\MKSDLP_Alter_Debug\Obj\gpio.o
#        D:\Electronics\Projects\MKS_DLP_new\SRC\firmware\MKSDLP_Alter_Debug\Obj\languages.o
#        D:\Electronics\Projects\MKS_DLP_new\SRC\firmware\MKSDLP_Alter_Debug\Obj\lcd_low.o
#        D:\Electronics\Projects\MKS_DLP_new\SRC\firmware\MKSDLP_Alter_Debug\Obj\lcd_ui.o
#        D:\Electronics\Projects\MKS_DLP_new\SRC\firmware\MKSDLP_Alter_Debug\Obj\main.o
#        D:\Electronics\Projects\MKS_DLP_new\SRC\firmware\MKSDLP_Alter_Debug\Obj\motor.o
#        D:\Electronics\Projects\MKS_DLP_new\SRC\firmware\MKSDLP_Alter_Debug\Obj\printing.o
#        D:\Electronics\Projects\MKS_DLP_new\SRC\firmware\MKSDLP_Alter_Debug\Obj\prtfiles.o
#        D:\Electronics\Projects\MKS_DLP_new\SRC\firmware\MKSDLP_Alter_Debug\Obj\rtc.o
#        D:\Electronics\Projects\MKS_DLP_new\SRC\firmware\MKSDLP_Alter_Debug\Obj\spi_flash.o
#        D:\Electronics\Projects\MKS_DLP_new\SRC\firmware\MKSDLP_Alter_Debug\Obj\spifl_diskio.o
#        D:\Electronics\Projects\MKS_DLP_new\SRC\firmware\MKSDLP_Alter_Debug\Obj\ssd_utils.o
#        D:\Electronics\Projects\MKS_DLP_new\SRC\firmware\MKSDLP_Alter_Debug\Obj\startup_stm32f407xx.o
#        D:\Electronics\Projects\MKS_DLP_new\SRC\firmware\MKSDLP_Alter_Debug\Obj\stm32f4xx_hal.o
#        D:\Electronics\Projects\MKS_DLP_new\SRC\firmware\MKSDLP_Alter_Debug\Obj\stm32f4xx_hal_cortex.o
#        D:\Electronics\Projects\MKS_DLP_new\SRC\firmware\MKSDLP_Alter_Debug\Obj\stm32f4xx_hal_dma.o
#        D:\Electronics\Projects\MKS_DLP_new\SRC\firmware\MKSDLP_Alter_Debug\Obj\stm32f4xx_hal_dma_ex.o
#        D:\Electronics\Projects\MKS_DLP_new\SRC\firmware\MKSDLP_Alter_Debug\Obj\stm32f4xx_hal_exti.o
#        D:\Electronics\Projects\MKS_DLP_new\SRC\firmware\MKSDLP_Alter_Debug\Obj\stm32f4xx_hal_flash.o
#        D:\Electronics\Projects\MKS_DLP_new\SRC\firmware\MKSDLP_Alter_Debug\Obj\stm32f4xx_hal_flash_ex.o
#        D:\Electronics\Projects\MKS_DLP_new\SRC\firmware\MKSDLP_Alter_Debug\Obj\stm32f4xx_hal_flash_ramfunc.o
#        D:\Electronics\Projects\MKS_DLP_new\SRC\firmware\MKSDLP_Alter_Debug\Obj\stm32f4xx_hal_gpio.o
#        D:\Electronics\Projects\MKS_DLP_new\SRC\firmware\MKSDLP_Alter_Debug\Obj\stm32f4xx_hal_hcd.o
#        D:\Electronics\Projects\MKS_DLP_new\SRC\firmware\MKSDLP_Alter_Debug\Obj\stm32f4xx_hal_i2c.o
#        D:\Electronics\Projects\MKS_DLP_new\SRC\firmware\MKSDLP_Alter_Debug\Obj\stm32f4xx_hal_msp.o
#        D:\Electronics\Projects\MKS_DLP_new\SRC\firmware\MKSDLP_Alter_Debug\Obj\stm32f4xx_hal_pwr.o
#        D:\Electronics\Projects\MKS_DLP_new\SRC\firmware\MKSDLP_Alter_Debug\Obj\stm32f4xx_hal_pwr_ex.o
#        D:\Electronics\Projects\MKS_DLP_new\SRC\firmware\MKSDLP_Alter_Debug\Obj\stm32f4xx_hal_rcc.o
#        D:\Electronics\Projects\MKS_DLP_new\SRC\firmware\MKSDLP_Alter_Debug\Obj\stm32f4xx_hal_rcc_ex.o
#        D:\Electronics\Projects\MKS_DLP_new\SRC\firmware\MKSDLP_Alter_Debug\Obj\stm32f4xx_hal_rtc.o
#        D:\Electronics\Projects\MKS_DLP_new\SRC\firmware\MKSDLP_Alter_Debug\Obj\stm32f4xx_hal_rtc_ex.o
#        D:\Electronics\Projects\MKS_DLP_new\SRC\firmware\MKSDLP_Alter_Debug\Obj\stm32f4xx_hal_spi.o
#        D:\Electronics\Projects\MKS_DLP_new\SRC\firmware\MKSDLP_Alter_Debug\Obj\stm32f4xx_hal_sram.o
#        D:\Electronics\Projects\MKS_DLP_new\SRC\firmware\MKSDLP_Alter_Debug\Obj\stm32f4xx_hal_tim.o
#        D:\Electronics\Projects\MKS_DLP_new\SRC\firmware\MKSDLP_Alter_Debug\Obj\stm32f4xx_hal_tim_ex.o
#        D:\Electronics\Projects\MKS_DLP_new\SRC\firmware\MKSDLP_Alter_Debug\Obj\stm32f4xx_it.o
#        D:\Electronics\Projects\MKS_DLP_new\SRC\firmware\MKSDLP_Alter_Debug\Obj\stm32f4xx_ll_fsmc.o
#        D:\Electronics\Projects\MKS_DLP_new\SRC\firmware\MKSDLP_Alter_Debug\Obj\stm32f4xx_ll_usb.o
#        D:\Electronics\Projects\MKS_DLP_new\SRC\firmware\MKSDLP_Alter_Debug\Obj\sys_timer.o
#        D:\Electronics\Projects\MKS_DLP_new\SRC\firmware\MKSDLP_Alter_Debug\Obj\system_stm32f4xx.o
#        D:\Electronics\Projects\MKS_DLP_new\SRC\firmware\MKSDLP_Alter_Debug\Obj\tgui.o
#        D:\Electronics\Projects\MKS_DLP_new\SRC\firmware\MKSDLP_Alter_Debug\Obj\tgui_clocksetscreenfuncs.o
#        D:\Electronics\Projects\MKS_DLP_new\SRC\firmware\MKSDLP_Alter_Debug\Obj\tgui_defaultfuncs.o
#        D:\Electronics\Projects\MKS_DLP_new\SRC\firmware\MKSDLP_Alter_Debug\Obj\tgui_filesscreenfuncs.o
#        D:\Electronics\Projects\MKS_DLP_new\SRC\firmware\MKSDLP_Alter_Debug\Obj\tgui_fileviewscreenfuncs.o
#        D:\Electronics\Projects\MKS_DLP_new\SRC\firmware\MKSDLP_Alter_Debug\Obj\tgui_infoscreenfuncs.o
#        D:\Electronics\Projects\MKS_DLP_new\SRC\firmware\MKSDLP_Alter_Debug\Obj\tgui_langscreenfuncs.o
#        D:\Electronics\Projects\MKS_DLP_new\SRC\firmware\MKSDLP_Alter_Debug\Obj\tgui_mainscreenfuncs.o
#        D:\Electronics\Projects\MKS_DLP_new\SRC\firmware\MKSDLP_Alter_Debug\Obj\tgui_messagebox.o
#        D:\Electronics\Projects\MKS_DLP_new\SRC\firmware\MKSDLP_Alter_Debug\Obj\tgui_movezscreenfuncs.o
#        D:\Electronics\Projects\MKS_DLP_new\SRC\firmware\MKSDLP_Alter_Debug\Obj\tgui_numenterscreenfuncs.o
#        D:\Electronics\Projects\MKS_DLP_new\SRC\firmware\MKSDLP_Alter_Debug\Obj\tgui_printscreenfuncs.o
#        D:\Electronics\Projects\MKS_DLP_new\SRC\firmware\MKSDLP_Alter_Debug\Obj\tgui_screensaverfuncs.o
#        D:\Electronics\Projects\MKS_DLP_new\SRC\firmware\MKSDLP_Alter_Debug\Obj\tgui_settingsscreenfuncs.o
#        D:\Electronics\Projects\MKS_DLP_new\SRC\firmware\MKSDLP_Alter_Debug\Obj\tgui_uvtestscreenfuncs.o
#        D:\Electronics\Projects\MKS_DLP_new\SRC\firmware\MKSDLP_Alter_Debug\Obj\tim.o
#        D:\Electronics\Projects\MKS_DLP_new\SRC\firmware\MKSDLP_Alter_Debug\Obj\touch.o
#        D:\Electronics\Projects\MKS_DLP_new\SRC\firmware\MKSDLP_Alter_Debug\Obj\unicode_utils.o
#        D:\Electronics\Projects\MKS_DLP_new\SRC\firmware\MKSDLP_Alter_Debug\Obj\usb_host.o
#        D:\Electronics\Projects\MKS_DLP_new\SRC\firmware\MKSDLP_Alter_Debug\Obj\usbh_conf.o
#        D:\Electronics\Projects\MKS_DLP_new\SRC\firmware\MKSDLP_Alter_Debug\Obj\usbh_core.o
#        D:\Electronics\Projects\MKS_DLP_new\SRC\firmware\MKSDLP_Alter_Debug\Obj\usbh_ctlreq.o
#        D:\Electronics\Projects\MKS_DLP_new\SRC\firmware\MKSDLP_Alter_Debug\Obj\usbh_diskio.o
#        D:\Electronics\Projects\MKS_DLP_new\SRC\firmware\MKSDLP_Alter_Debug\Obj\usbh_ioreq.o
#        D:\Electronics\Projects\MKS_DLP_new\SRC\firmware\MKSDLP_Alter_Debug\Obj\usbh_msc.o
#        D:\Electronics\Projects\MKS_DLP_new\SRC\firmware\MKSDLP_Alter_Debug\Obj\usbh_msc_bot.o
#        D:\Electronics\Projects\MKS_DLP_new\SRC\firmware\MKSDLP_Alter_Debug\Obj\usbh_msc_scsi.o
#        D:\Electronics\Projects\MKS_DLP_new\SRC\firmware\MKSDLP_Alter_Debug\Obj\usbh_pipes.o
#        D:\Electronics\Projects\MKS_DLP_new\SRC\firmware\MKSDLP_Alter_Debug\Obj\usbh_platform.o
#        D:\Electronics\Projects\MKS_DLP_new\SRC\firmware\MKSDLP_Alter_Debug\Obj\uvdisplay.o
#        D:\Electronics\Projects\MKS_DLP_new\SRC\firmware\MKSDLP_Alter_Debug\Obj\z_endstops.o
#        D:\Electronics\Projects\MKS_DLP_new\SRC\firmware\MKSDLP_Alter_Debug\Obj\z_planner.o
#        D:\Electronics\Projects\MKS_DLP_new\SRC\firmware\MKSDLP_Alter_Debug\Obj\z_stepper.o
#        --redirect _Printf=_PrintfFull --redirect _Scanf=_ScanfFull
#        --no_out_extension -o
#        D:\Electronics\Projects\MKS_DLP_new\SRC\firmware\MKSDLP_Alter_debug\Exe\MKS_DLP_new.out
#        --map
#        D:\Electronics\Projects\MKS_DLP_new\SRC\firmware\MKSDLP_Alter_debug\List\MKS_DLP_new.map
#        --log libraries,call_graph --log_file
#        D:\Electronics\Projects\MKS_DLP_new\SRC\firmware\MKSDLP_Alter_debug\List\MKS_DLP_new.log
#        --config
#        D:\Electronics\Projects\MKS_DLP_new\SRC\firmware/config/stm32f407xx_flash.icf
#        --semihosting --entry __iar_program_start --merge_duplicate_sections
#        --vfe --text_out locale)
#
###############################################################################

*******************************************************************************
*** RUNTIME MODEL ATTRIBUTES
***

CppFlavor                     = *
__CPP_Exceptions              = Disabled
__CPP_Language                = C++14
__Heap_Handler                = DLMalloc
__SystemLibrary               = DLib
__dlib_dynamic_initialization = normal
__dlib_version                = 6


*******************************************************************************
*** HEAP SELECTION
***

The advanced heap was selected because the application calls memory
allocation functions outside of system library functions, and there
are calls to deallocation functions in the application.


*******************************************************************************
*** PLACEMENT SUMMARY
***

"A0":  place at 0x801'0000 { ro section .intvec };
"P1":  place in [from 0x801'0000 to 0x807'ffff] { ro };
define block CSTACK with size = 16K, alignment = 8 { };
define block HEAP with size = 8K, alignment = 8 { };
"P2":  place in [from 0x2000'0000 to 0x2001'ffff] {
          rw, block CSTACK, block HEAP };
"P3":  place in [from 0x1000'0000 to 0x1000'ffff] { rw section CCMRAM };
initialize by copy { rw };

  Section                Kind         Address     Size  Object
  -------                ----         -------     ----  ------
"A0":                                            0x188
  .intvec                ro code   0x801'0000    0x188  startup_stm32f407xx.o [1]
                                 - 0x801'0188    0x188

"P1":                                          0x35f67
  .rodata                const     0x801'0188   0x66f0  fnt170num_lcd.o [1]
  .text                  ro code   0x801'6878   0x4a6c  tgui.o [1]
  .text                  ro code   0x801'b2e4     0x66  ABImemset.o [5]
  .text                  ro code   0x801'b34a     0x7a  lz77_init_single.o [5]
  .text                  ro code   0x801'b3c4    0xaf8  tgui_defaultfuncs.o [1]
  .text                  ro code   0x801'bebc     0xa6  ABImemcpy.o [5]
  .text                  ro code   0x801'bf62     0x3a  zero_init3.o [5]
  .text                  ro code   0x801'bf9c     0x40  languages.o [1]
  .text                  ro code   0x801'bfdc    0x754  tgui_messagebox.o [1]
  .text                  ro code   0x801'c730    0x20c  sys_timer.o [1]
  .text                  ro code   0x801'c93c    0x26c  datetime.o [1]
  .text                  ro code   0x801'cba8     0x40  sprintf.o [2]
  .text                  ro code   0x801'cbe8    0xc20  lcd_ui.o [1]
  .text                  ro code   0x801'd808    0x520  lcd_low.o [1]
  .text                  ro code   0x801'dd28   0x2be0  ff.o [1]
  .text                  ro code   0x802'0908    0x39a  unicode_utils.o [1]
  .text                  ro code   0x802'0ca2     0x26  xencoding_8859_1.o [2]
  .text                  ro code   0x802'0cc8    0x2d4  touch.o [1]
  .text                  ro code   0x802'0f9c     0x70  strncpy.o [5]
  .text                  ro code   0x802'100c    0x418  stm32f4xx_hal_rtc.o [1]
  .text                  ro code   0x802'1424      0xc  stm32f4xx_hal.o [1]
  .text                  ro code   0x802'1430    0xf46  xprintffull.o [2]
  .text                  ro code   0x802'2376     0x1e  xsscin.o [2]
  .text                  ro code   0x802'2394     0x28  stm32f4xx_hal.o [1]
  .text                  ro code   0x802'23bc    0x114  fsmc.o [1]
  .text                  ro code   0x802'24d0    0x458  stm32f4xx_hal_dma.o [1]
  .text                  ro code   0x802'2928    0x12c  stm32f4xx_hal_cortex.o [1]
  .text                  ro code   0x802'2a54     0xb0  diskio.o [1]
  .text                  ro code   0x802'2b04    0x144  ffunicode.o [1]
  .text                  ro code   0x802'2c48    0x158  fatfs.o [1]
  .text                  ro code   0x802'2da0    0x5b4  fst_spi.o [1]
  .text                  ro code   0x802'3354    0x104  xlocale_c.o [2]
  .text                  ro code   0x802'3458     0x16  strchr.o [5]
  .text                  ro code   0x802'346e      0xa  xsprout.o [2]
  .text                  ro code   0x802'3478     0x40  xfail_s.o [2]
  .text                  ro code   0x802'34b8     0x36  strlen.o [5]
  .rodata                const     0x802'34ee      0x2  languages.o [1]
  .text                  ro code   0x802'34f0     0x58  memchr.o [5]
  .text                  ro code   0x802'3548      0xa  xmbcurmax.o [2]
  .rodata                const     0x802'3552      0x2  languages.o [1]
  .text                  ro code   0x802'3554    0x230  I64DivMod.o [5]
  .text                  ro code   0x802'3784    0x1a2  DblMul.o [4]
  .rodata                const     0x802'3926      0x1  unwind_debug.o [6]
  .text                  ro code   0x802'3928     0x70  frexp.o [4]
  .text                  ro code   0x802'3998     0x2e  DblCmpLe.o [4]
  .text                  ro code   0x802'39c8     0x2e  DblCmpGe.o [4]
  .text                  ro code   0x802'39f8    0x13a  ldexp.o [4]
  .text                  ro code   0x802'3b34     0x3a  DblToS32.o [4]
  .text                  ro code   0x802'3b70     0x22  S32ToDbl.o [4]
  .text                  ro code   0x802'3b94     0xe2  DblSub.o [4]
  .text                  ro code   0x802'3c78    0x246  DblDiv.o [4]
  .text                  ro code   0x802'3ec0     0x28  DblToU32.o [4]
  .text                  ro code   0x802'3ee8     0x1a  U32ToDbl.o [4]
  .text                  ro code   0x802'3f04      0x6  ABImemclr4.o [5]
  .text                  ro code   0x802'3f0c     0x5c  stm32f4xx_hal_sram.o [1]
  .text                  ro code   0x802'3f68   0x125e  main.o [1]
  .text                  ro code   0x802'51c8    0x252  stm32f4xx_hal_gpio.o [1]
  .text                  ro code   0x802'541c     0x54  ff_gen_drv.o [1]
  .text                  ro code   0x802'5470    0x766  stm32f4xx_hal_spi.o [1]
  .text                  ro code   0x802'5bd6      0x6  abort.o [2]
  .text                  ro code   0x802'5bdc      0x2  stm32f4xx_hal_spi.o [1]
  .text                  ro code   0x802'5be0    0x17a  DblAdd.o [4]
  .text                  ro code   0x802'5d5c     0x32  ABImemset48.o [5]
  .text                  ro code   0x802'5d90     0xe4  stm32f4xx_ll_fsmc.o [1]
  .text                  ro code   0x802'5e74     0x34  stm32f4xx_hal.o [1]
  .text                  ro code   0x802'5ea8    0x2dc  gpio.o [1]
  .text                  ro code   0x802'6184    0x5e4  eeprom.o [1]
  .text                  ro code   0x802'6768    0xec4  config.o [1]
  .text                  ro code   0x802'762c    0x310  spi_flash.o [1]
  .text                  ro code   0x802'793c     0xc8  rtc.o [1]
  .text                  ro code   0x802'7a04    0x2ec  motor.o [1]
  .text                  ro code   0x802'7cf0    0x1da  cpld_utils.o [1]
  .text                  ro code   0x802'7ecc     0x24  uvdisplay.o [1]
  .text                  ro code   0x802'7ef0    0x488  tgui_uvtestscreenfuncs.o [1]
  .text                  ro code   0x802'8378     0x20  usbh_platform.o [1]
  .text                  ro code   0x802'8398     0x94  usb_host.o [1]
  .text                  ro code   0x802'842c     0x12  strcmp.o [5]
  .text                  ro code   0x802'8440    0x484  tgui_screensaverfuncs.o [1]
  .text                  ro code   0x802'88c4     0x48  FltToDbl.o [4]
  .text                  ro code   0x802'890c     0x68  DblToFlt.o [4]
  .text                  ro code   0x802'8974    0x524  tgui_movezscreenfuncs.o [1]
  .text                  ro code   0x802'8e98    0x6c4  printing.o [1]
  .text                  ro code   0x802'955c    0x3cc  prtfiles.o [1]
  .text                  ro code   0x802'9928    0x3b4  stm32f4xx_hal_rcc.o [1]
  .text                  ro code   0x802'9cdc    0x1f4  stm32f4xx_hal_rcc.o [1]
  .text                  ro code   0x802'9ed0    0x150  stm32f4xx_hal_rcc_ex.o [1]
  .text                  ro code   0x802'a020     0x14  exit.o [6]
  .text                  ro code   0x802'a034     0x4c  stm32f4xx_hal.o [1]
  .text                  ro code   0x802'a080     0x40  stm32f4xx_hal_msp.o [1]
  .text                  ro code   0x802'a0c0    0x1ea  stm32f4xx_hal_i2c.o [1]
  .text                  ro code   0x802'a2ac      0xe  math_wrappers64.o [4]
  .text                  ro code   0x802'a2bc    0x152  iar_Stoulx.o [2]
  .text                  ro code   0x802'a40e     0x20  spi_flash.o [1]
  .text                  ro code   0x802'a430     0xe4  z_endstops.o [1]
  .text                  ro code   0x802'a514    0xe30  z_planner.o [1]
  .text                  ro code   0x802'b344    0x5a4  z_stepper.o [1]
  .text                  ro code   0x802'b8e8    0x1e8  tim.o [1]
  .text                  ro code   0x802'bad0    0x78a  stm32f4xx_hal_tim.o [1]
  .text                  ro code   0x802'c25c     0x14  motor.o [1]
  .text                  ro code   0x802'c270      0xc  z_endstops.o [1]
  .text                  ro code   0x802'c27c     0x18  z_endstops.o [1]
  .text                  ro code   0x802'c294     0x20  z_stepper.o [1]
  .text                  ro code   0x802'c2b4     0x20  motor.o [1]
  .text                  ro code   0x802'c2d4     0x42  cpld_utils.o [1]
  .text                  ro code   0x802'c318    0x5c8  ssd_utils.o [1]
  .text                  ro code   0x802'c8e0     0x18  strcpy.o [5]
  .text                  ro code   0x802'c8f8     0x1e  strcat.o [2]
  .text                  ro code   0x802'c916    0x7de  usbh_core.o [1]
  .text                  ro code   0x802'd0f4    0x4cc  files_pws.o [1]
  .text                  ro code   0x802'd5c0     0x1e  sqrtf.o [4]
  .text                  ro code   0x802'd5e0    0x51c  strto64.o [4]
  .text                  ro code   0x802'dafc     0x14  isspace.o [2]
  .text                  ro code   0x802'db10     0x14  tolower.o [2]
  .text                  ro code   0x802'db24     0x18  z_stepper.o [1]
  .text                  ro code   0x802'db3c     0x24  z_planner.o [1]
  .text                  ro code   0x802'db60     0x18  z_planner.o [1]
  .text                  ro code   0x802'db78      0x8  z_stepper.o [1]
  .text                  ro code   0x802'db80     0x3c  ceilf.o [4]
  .text                  ro code   0x802'dbbc     0xac  z_planner.o [1]
  .text                  ro code   0x802'dc68     0x3c  floorf.o [4]
  .text                  ro code   0x802'dca4     0xbc  z_planner.o [1]
  .text                  ro code   0x802'dd60     0x12  z_planner.o [1]
  .text                  ro code   0x802'dd72      0x8  z_planner.o [1]
  .text                  ro code   0x802'dd7c     0x20  z_stepper.o [1]
  .text                  ro code   0x802'dd9c     0x10  z_stepper.o [1]
  .text                  ro code   0x802'ddac      0xc  z_stepper.o [1]
  .text                  ro code   0x802'ddb8     0x38  z_planner.o [1]
  .text                  ro code   0x802'ddf0     0x18  z_planner.o [1]
  .text                  ro code   0x802'de08     0x2e  lroundf.o [4]
  .text                  ro code   0x802'de38     0x1c  z_stepper.o [1]
  .text                  ro code   0x802'de54     0x2c  z_stepper.o [1]
  .text                  ro code   0x802'de80     0xac  stm32f4xx_hal_tim_ex.o [1]
  .text                  ro code   0x802'df2c    0x2f8  usbh_conf.o [1]
  .text                  ro code   0x802'e224     0xb6  usbh_pipes.o [1]
  .text                  ro code   0x802'e2da    0x5bc  usbh_ctlreq.o [1]
  .text                  ro code   0x802'e896    0x122  iar_Stopfx.o [2]
  .text                  ro code   0x802'e9b8    0x1c4  iar_Stoflt.o [2]
  .text                  ro code   0x802'eb7c    0x21c  iar_Stoxflt.o [2]
  .text                  ro code   0x802'ed98     0x10  z_stepper.o [1]
  .text                  ro code   0x802'eda8      0xe  z_planner.o [1]
  .text                  ro code   0x802'edb8     0x1c  z_stepper.o [1]
  .text                  ro code   0x802'edd4   0x1060  stm32f4xx_hal_hcd.o [1]
  .text                  ro code   0x802'fe34     0xd0  usbh_ioreq.o [1]
  .text                  ro code   0x802'ff04     0x14  isalpha.o [2]
  .text                  ro code   0x802'ff18    0x9c4  stm32f4xx_ll_usb.o [1]
  .rodata                const     0x803'08dc   0x3b94  fnt36.o [1]
  .rodata                const     0x803'4470   0x2094  fnt24bold.o [1]
  .rodata                const     0x803'6504   0x1a1c  fnt24.o [1]
  .text                  ro code   0x803'7f20   0x14e0  dlmalloc.o [2]
  .text                  ro code   0x803'9400     0x2c  xgetmemchunk.o [2]
  .rodata                const     0x803'942c   0x10c8  fnt18bold.o [1]
  .text                  ro code   0x803'a4f4    0xeb8  tgui_filesscreenfuncs.o [1]
  .text                  ro code   0x803'b3ac    0xb70  tgui_fileviewscreenfuncs.o [1]
  .rodata                const     0x803'bf1c    0xea4  fnt18.o [1]
  .text                  ro code   0x803'cdc0    0xe58  xscanffull.o [2]
  .text                  ro code   0x803'dc18     0x3c  wctob.o [2]
  .text                  ro code   0x803'dc54     0x9e  iar_Stollx.o [2]
  .text                  ro code   0x803'dcf4    0x1b2  iar_Stoullx.o [2]
  .text                  ro code   0x803'dea8    0x980  tgui_printscreenfuncs.o [1]
  .text                  ro code   0x803'e828    0x8b4  usbh_msc.o [1]
  .text                  ro code   0x803'f0dc    0x394  usbh_msc_bot.o [1]
  .text                  ro code   0x803'f470      0x4  heaptramp0.o [2]
  .text                  ro code   0x803'f474    0x3ea  usbh_msc_scsi.o [1]
  .rodata                const     0x803'f860    0x788  fnt12bold.o [1]
  .rodata                const     0x803'ffe8    0x6b4  fnt12.o [1]
  .rodata                const     0x804'069c    0x684  fnt36num.o [1]
  .text                  ro code   0x804'0d20    0x680  tgui_clocksetscreenfuncs.o [1]
  .text                  ro code   0x804'13a0    0x620  tgui_numenterscreenfuncs.o [1]
  .text                  ro code   0x804'19c0     0x28  sscanf.o [2]
  .text                  ro code   0x804'19e8    0x474  tgui_infoscreenfuncs.o [1]
  .text                  ro code   0x804'1e5c    0x400  tgui_settingsscreenfuncs.o [1]
  .rodata                const     0x804'225c    0x1f4  ffunicode.o [1]
  .rodata                const     0x804'2450    0x1e4  languages.o [1]
  .rodata                const     0x804'2634    0x1e4  languages.o [1]
  .text                  ro code   0x804'2818    0x144  usbh_diskio.o [1]
  .rodata                const     0x804'295c    0x140  fnt12.o [1]
  .rodata                const     0x804'2a9c    0x140  fnt12bold.o [1]
  .rodata                const     0x804'2bdc    0x140  fnt18.o [1]
  .rodata                const     0x804'2d1c    0x140  fnt18bold.o [1]
  .rodata                const     0x804'2e5c    0x140  fnt24.o [1]
  .rodata                const     0x804'2f9c    0x140  fnt24bold.o [1]
  .rodata                const     0x804'30dc    0x140  fnt36.o [1]
  .text                  ro code   0x804'321c    0x12c  spifl_diskio.o [1]
  .rodata                const     0x804'3348    0x100  ffunicode.o [1]
  .rodata                const     0x804'3448     0xc8  languages.o [1]
  .rodata                const     0x804'3510     0xbc  ffunicode.o [1]
  .rodata                const     0x804'35cc     0x9c  languages.o [1]
  .text                  ro code   0x804'3668     0x9c  stm32f4xx_it.o [1]
  .rodata                const     0x804'3704     0x80  ff.o [1]
  .rodata                const     0x804'3784     0x78  languages.o [1]
  .rodata                const     0x804'37fc     0x74  languages.o [1]
  .rodata                const     0x804'3870     0x74  languages.o [1]
  .rodata                const     0x804'38e4     0x70  languages.o [1]
  .rodata                const     0x804'3954     0x70  languages.o [1]
  .rodata                const     0x804'39c4     0x68  languages.o [1]
  .rodata                const     0x804'3a2c     0x68  languages.o [1]
  .rodata                const     0x804'3a94     0x68  languages.o [1]
  .rodata                const     0x804'3afc     0x54  languages.o [1]
  .rodata                const     0x804'3b50     0x54  languages.o [1]
  .rodata                const     0x804'3ba4     0x50  iar_Stoulx.o [2]
  .rodata                const     0x804'3bf4     0x50  iar_Stoullx.o [2]
  .rodata                const     0x804'3c44     0x4c  languages.o [1]
  .rodata                const     0x804'3c90     0x4c  xscanffull.o [2]
  .rodata                const     0x804'3cdc     0x48  languages.o [1]
  .rodata                const     0x804'3d24     0x44  languages.o [1]
  .rodata                const     0x804'3d68     0x48  strto64.o [4]
  .rodata                const     0x804'3db0     0x40  languages.o [1]
  .rodata                const     0x804'3df0     0x3c  languages.o [1]
  .rodata                const     0x804'3e2c     0x3c  languages.o [1]
  .rodata                const     0x804'3e68     0x3c  languages.o [1]
  .rodata                const     0x804'3ea4     0x3c  languages.o [1]
  .rodata                const     0x804'3ee0     0x3c  languages.o [1]
  .rodata                const     0x804'3f1c     0x38  fnt170num_lcd.o [1]
  .rodata                const     0x804'3f54     0x38  fnt36num.o [1]
  .rodata                const     0x804'3f8c     0x38  languages.o [1]
  .rodata                const     0x804'3fc4     0x38  languages.o [1]
  .rodata                const     0x804'3ffc     0x38  main.o [1]
  .rodata                const     0x804'4034     0x34  languages.o [1]
  .rodata                const     0x804'4068     0x34  languages.o [1]
  .rodata                const     0x804'409c     0x34  languages.o [1]
  .rodata                const     0x804'40d0     0x34  main.o [1]
  .rodata                const     0x804'4104     0x34  main.o [1]
  .rodata                const     0x804'4138     0x30  languages.o [1]
  .rodata                const     0x804'4168     0x30  languages.o [1]
  .rodata                const     0x804'4198     0x30  languages.o [1]
  .rodata                const     0x804'41c8     0x30  languages.o [1]
  .rodata                const     0x804'41f8     0x30  main.o [1]
  .rodata                const     0x804'4228     0x30  main.o [1]
  .rodata                const     0x804'4258     0x30  main.o [1]
  .rodata                const     0x804'4288     0x2c  languages.o [1]
  .rodata                const     0x804'42b4     0x2c  languages.o [1]
  .rodata                const     0x804'42e0     0x2c  languages.o [1]
  .rodata                const     0x804'430c     0x2c  main.o [1]
  .rodata                const     0x804'4338     0x2c  main.o [1]
  .rodata                const     0x804'4364     0x28  languages.o [1]
  .rodata                const     0x804'438c     0x28  languages.o [1]
  .rodata                const     0x804'43b4     0x28  main.o [1]
  .rodata                const     0x804'43dc     0x28  xscanffull.o [2]
  .text                  ro code   0x804'4404     0x28  data_init.o [5]
  .rodata                const     0x804'442c     0x24  languages.o [1]
  .rodata                const     0x804'4450     0x24  languages.o [1]
  .rodata                const     0x804'4474     0x24  languages.o [1]
  .rodata                const     0x804'4498     0x24  main.o [1]
  .rodata                const     0x804'44bc     0x24  tgui_infoscreenfuncs.o [1]
  .text                  ro code   0x804'44e0     0x22  fpinit_M.o [4]
  .iar.init_table        const     0x804'4504     0x2c  - Linker created -
  .rodata                const     0x804'4530     0x20  languages.o [1]
  .rodata                const     0x804'4550     0x20  languages.o [1]
  .rodata                const     0x804'4570     0x20  languages.o [1]
  .rodata                const     0x804'4590     0x20  languages.o [1]
  .rodata                const     0x804'45b0     0x20  languages.o [1]
  .rodata                const     0x804'45d0     0x20  languages.o [1]
  .rodata                const     0x804'45f0     0x20  languages.o [1]
  .rodata                const     0x804'4610     0x20  main.o [1]
  .rodata                const     0x804'4630     0x20  tgui.o [1]
  .rodata                const     0x804'4650     0x20  tgui.o [1]
  .rodata                const     0x804'4670     0x20  tgui.o [1]
  .rodata                const     0x804'4690     0x20  tgui.o [1]
  .rodata                const     0x804'46b0     0x20  tgui.o [1]
  .rodata                const     0x804'46d0     0x20  tgui.o [1]
  .rodata                const     0x804'46f0     0x20  tgui.o [1]
  .rodata                const     0x804'4710     0x20  tgui_printscreenfuncs.o [1]
  .text                  ro code   0x804'4730     0x20  system_stm32f4xx.o [1]
  .text                  ro code   0x804'4750     0x20  cmain_call_ctors.o [5]
  .text                  ro code   0x804'4770     0x18  cppinit.o [2]
  .text                  ro code   0x804'4788     0x1e  cmain.o [5]
  .text                  ro code   0x804'47a6      0x4  low_level_init.o [2]
  .text                  ro code   0x804'47aa      0x4  exit.o [2]
  .text                  ro code   0x804'47b0      0xa  cexit.o [5]
  .rodata                const     0x804'47bc     0x1c  languages.o [1]
  .rodata                const     0x804'47d8     0x1c  languages.o [1]
  .rodata                const     0x804'47f4     0x1c  languages.o [1]
  .rodata                const     0x804'4810     0x1c  languages.o [1]
  .rodata                const     0x804'482c     0x1c  languages.o [1]
  .rodata                const     0x804'4848     0x1c  languages.o [1]
  .rodata                const     0x804'4864     0x1c  languages.o [1]
  .rodata                const     0x804'4880     0x1c  languages.o [1]
  .rodata                const     0x804'489c     0x1c  languages.o [1]
  .rodata                const     0x804'48b8     0x1c  languages.o [1]
  .rodata                const     0x804'48d4     0x1c  languages.o [1]
  .rodata                const     0x804'48f0     0x1c  tgui.o [1]
  .rodata                const     0x804'490c     0x1c  tgui.o [1]
  .rodata                const     0x804'4928     0x1c  tgui.o [1]
  .rodata                const     0x804'4944     0x1c  tgui.o [1]
  .rodata                const     0x804'4960     0x1c  tgui.o [1]
  .rodata                const     0x804'497c     0x1c  tgui.o [1]
  .rodata                const     0x804'4998     0x1c  tgui.o [1]
  .rodata                const     0x804'49b4     0x1c  tgui.o [1]
  .rodata                const     0x804'49d0     0x1c  tgui.o [1]
  .rodata                const     0x804'49ec     0x1c  tgui.o [1]
  .rodata                const     0x804'4a08     0x1c  tgui.o [1]
  .rodata                const     0x804'4a24     0x1c  tgui.o [1]
  .rodata                const     0x804'4a40     0x1c  tgui.o [1]
  .rodata                const     0x804'4a5c     0x1c  tgui.o [1]
  .rodata                const     0x804'4a78     0x1c  tgui.o [1]
  .rodata                const     0x804'4a94     0x1c  tgui.o [1]
  .rodata                const     0x804'4ab0     0x1c  tgui.o [1]
  .rodata                const     0x804'4acc     0x1c  tgui.o [1]
  .rodata                const     0x804'4ae8     0x1c  tgui.o [1]
  .rodata                const     0x804'4b04     0x1c  tgui.o [1]
  .rodata                const     0x804'4b20     0x1c  tgui.o [1]
  .rodata                const     0x804'4b3c     0x1c  tgui.o [1]
  .rodata                const     0x804'4b58     0x1c  tgui.o [1]
  .rodata                const     0x804'4b74     0x1c  tgui.o [1]
  .rodata                const     0x804'4b90     0x1c  tgui.o [1]
  .rodata                const     0x804'4bac     0x1c  tgui.o [1]
  .rodata                const     0x804'4bc8     0x1c  tgui.o [1]
  .rodata                const     0x804'4be4     0x1c  tgui.o [1]
  .rodata                const     0x804'4c00     0x1c  tgui.o [1]
  .rodata                const     0x804'4c1c     0x1c  tgui.o [1]
  .rodata                const     0x804'4c38     0x1c  tgui.o [1]
  .rodata                const     0x804'4c54     0x1c  tgui.o [1]
  .rodata                const     0x804'4c70     0x1c  tgui.o [1]
  .rodata                const     0x804'4c8c     0x1c  tgui.o [1]
  .rodata                const     0x804'4ca8     0x1c  tgui.o [1]
  .rodata                const     0x804'4cc4     0x1c  tgui_fileviewscreenfuncs.o [1]
  .rodata                const     0x804'4ce0     0x1c  tgui_infoscreenfuncs.o [1]
  .text                  ro code   0x804'4cfc     0x1c  tgui_langscreenfuncs.o [1]
  .rodata                const     0x804'4d18     0x18  config.o [1]
  .rodata                const     0x804'4d30     0x18  config.o [1]
  .rodata                const     0x804'4d48     0x18  config.o [1]
  .rodata                const     0x804'4d60     0x18  config.o [1]
  .rodata                const     0x804'4d78     0x18  config.o [1]
  .rodata                const     0x804'4d90     0x18  datetime.o [1]
  .rodata                const     0x804'4da8     0x18  datetime.o [1]
  .rodata                const     0x804'4dc0     0x18  languages.o [1]
  .rodata                const     0x804'4dd8     0x18  languages.o [1]
  .rodata                const     0x804'4df0     0x18  languages.o [1]
  .rodata                const     0x804'4e08     0x18  languages.o [1]
  .rodata                const     0x804'4e20     0x18  languages.o [1]
  .rodata                const     0x804'4e38     0x18  languages.o [1]
  .rodata                const     0x804'4e50     0x18  main.o [1]
  .rodata                const     0x804'4e68     0x18  main.o [1]
  .rodata                const     0x804'4e80     0x18  main.o [1]
  .rodata                const     0x804'4e98     0x18  tgui.o [1]
  .rodata                const     0x804'4eb0     0x18  tgui.o [1]
  .rodata                const     0x804'4ec8     0x18  tgui.o [1]
  .rodata                const     0x804'4ee0     0x18  tgui.o [1]
  .rodata                const     0x804'4ef8     0x18  tgui.o [1]
  .rodata                const     0x804'4f10     0x18  tgui.o [1]
  .rodata                const     0x804'4f28     0x18  tgui.o [1]
  .rodata                const     0x804'4f40     0x18  tgui.o [1]
  .rodata                const     0x804'4f58     0x18  tgui.o [1]
  .rodata                const     0x804'4f70     0x18  tgui.o [1]
  .rodata                const     0x804'4f88     0x18  tgui.o [1]
  .rodata                const     0x804'4fa0     0x18  tgui.o [1]
  .rodata                const     0x804'4fb8     0x18  tgui.o [1]
  .rodata                const     0x804'4fd0     0x18  tgui.o [1]
  .rodata                const     0x804'4fe8     0x18  tgui.o [1]
  .rodata                const     0x804'5000     0x18  tgui.o [1]
  .rodata                const     0x804'5018     0x18  tgui.o [1]
  .rodata                const     0x804'5030     0x18  tgui.o [1]
  .rodata                const     0x804'5048     0x18  tgui.o [1]
  .rodata                const     0x804'5060     0x18  tgui.o [1]
  .rodata                const     0x804'5078     0x18  tgui.o [1]
  .rodata                const     0x804'5090     0x18  tgui.o [1]
  .rodata                const     0x804'50a8     0x18  tgui.o [1]
  .rodata                const     0x804'50c0     0x18  tgui.o [1]
  .rodata                const     0x804'50d8     0x18  tgui.o [1]
  .rodata                const     0x804'50f0     0x18  tgui.o [1]
  .rodata                const     0x804'5108     0x18  tgui.o [1]
  .rodata                const     0x804'5120     0x18  tgui_filesscreenfuncs.o [1]
  .rodata                const     0x804'5138     0x18  tgui_filesscreenfuncs.o [1]
  .rodata                const     0x804'5150     0x14  config.o [1]
  .rodata                const     0x804'5164     0x14  config.o [1]
  .rodata                const     0x804'5178     0x14  config.o [1]
  .rodata                const     0x804'518c     0x14  config.o [1]
  .rodata                const     0x804'51a0     0x14  ff.o [1]
  .rodata                const     0x804'51b4     0x14  ff.o [1]
  .rodata                const     0x804'51c8     0x14  languages.o [1]
  .rodata                const     0x804'51dc     0x14  languages.o [1]
  .rodata                const     0x804'51f0     0x14  languages.o [1]
  .rodata                const     0x804'5204     0x14  languages.o [1]
  .rodata                const     0x804'5218     0x14  languages.o [1]
  .rodata                const     0x804'522c     0x14  languages.o [1]
  .rodata                const     0x804'5240     0x14  languages.o [1]
  .rodata                const     0x804'5254     0x14  languages.o [1]
  .rodata                const     0x804'5268     0x14  languages.o [1]
  .rodata                const     0x804'527c     0x14  languages.o [1]
  .rodata                const     0x804'5290     0x14  languages.o [1]
  .rodata                const     0x804'52a4     0x14  languages.o [1]
  .rodata                const     0x804'52b8     0x14  spifl_diskio.o [1]
  .rodata                const     0x804'52cc     0x14  tgui.o [1]
  .rodata                const     0x804'52e0     0x14  tgui.o [1]
  .rodata                const     0x804'52f4     0x14  tgui.o [1]
  .rodata                const     0x804'5308     0x14  tgui.o [1]
  .rodata                const     0x804'531c     0x14  tgui.o [1]
  .rodata                const     0x804'5330     0x14  tgui.o [1]
  .rodata                const     0x804'5344     0x14  tgui.o [1]
  .rodata                const     0x804'5358     0x14  tgui_filesscreenfuncs.o [1]
  .rodata                const     0x804'536c     0x14  tgui_filesscreenfuncs.o [1]
  .rodata                const     0x804'5380     0x14  tgui_infoscreenfuncs.o [1]
  .rodata                const     0x804'5394     0x14  tgui_printscreenfuncs.o [1]
  .rodata                const     0x804'53a8     0x14  tgui_printscreenfuncs.o [1]
  .rodata                const     0x804'53bc     0x14  tgui_uvtestscreenfuncs.o [1]
  .rodata                const     0x804'53d0     0x14  tgui_uvtestscreenfuncs.o [1]
  .rodata                const     0x804'53e4     0x14  tgui_uvtestscreenfuncs.o [1]
  .rodata                const     0x804'53f8     0x14  usbh_diskio.o [1]
  .rodata                const     0x804'540c     0x10  config.o [1]
  .rodata                const     0x804'541c     0x10  config.o [1]
  .rodata                const     0x804'542c     0x10  config.o [1]
  .rodata                const     0x804'543c     0x10  config.o [1]
  .rodata                const     0x804'544c     0x10  config.o [1]
  .rodata                const     0x804'545c     0x10  config.o [1]
  .rodata                const     0x804'546c     0x10  ff.o [1]
  .rodata                const     0x804'547c     0x10  ff.o [1]
  .rodata                const     0x804'548c     0x10  ff.o [1]
  .rodata                const     0x804'549c     0x10  ff.o [1]
  .rodata                const     0x804'54ac     0x10  languages.o [1]
  .rodata                const     0x804'54bc     0x10  languages.o [1]
  .rodata                const     0x804'54cc     0x10  languages.o [1]
  .rodata                const     0x804'54dc     0x10  languages.o [1]
  .rodata                const     0x804'54ec     0x10  languages.o [1]
  .rodata                const     0x804'54fc     0x10  languages.o [1]
  .rodata                const     0x804'550c     0x10  languages.o [1]
  .rodata                const     0x804'551c     0x10  languages.o [1]
  .rodata                const     0x804'552c     0x10  languages.o [1]
  .rodata                const     0x804'553c     0x10  languages.o [1]
  .rodata                const     0x804'554c     0x10  languages.o [1]
  .rodata                const     0x804'555c     0x10  languages.o [1]
  .rodata                const     0x804'556c     0x10  languages.o [1]
  .rodata                const     0x804'557c     0x10  languages.o [1]
  .rodata                const     0x804'558c     0x10  languages.o [1]
  .rodata                const     0x804'559c     0x10  languages.o [1]
  .rodata                const     0x804'55ac     0x10  languages.o [1]
  .rodata                const     0x804'55bc     0x10  languages.o [1]
  .rodata                const     0x804'55cc     0x10  languages.o [1]
  .rodata                const     0x804'55dc     0x10  languages.o [1]
  .rodata                const     0x804'55ec     0x10  languages.o [1]
  .rodata                const     0x804'55fc     0x10  main.o [1]
  .rodata                const     0x804'560c     0x10  main.o [1]
  .rodata                const     0x804'561c     0x10  system_stm32f4xx.o [1]
  .rodata                const     0x804'562c     0x10  tgui.o [1]
  .rodata                const     0x804'563c     0x10  tgui.o [1]
  .rodata                const     0x804'564c     0x10  tgui.o [1]
  .rodata                const     0x804'565c     0x10  tgui.o [1]
  .rodata                const     0x804'566c     0x10  tgui.o [1]
  .rodata                const     0x804'567c     0x10  tgui.o [1]
  .rodata                const     0x804'568c     0x10  tgui.o [1]
  .rodata                const     0x804'569c     0x10  tgui_defaultfuncs.o [1]
  .text                  ro code   0x804'56ac     0x10  startup_stm32f407xx.o [1]
  .rodata                const     0x804'56bc      0xc  config.o [1]
  .rodata                const     0x804'56c8      0xc  config.o [1]
  .rodata                const     0x804'56d4      0xc  config.o [1]
  .rodata                const     0x804'56e0      0xc  config.o [1]
  .rodata                const     0x804'56ec      0xc  config.o [1]
  .rodata                const     0x804'56f8      0xc  config.o [1]
  .rodata                const     0x804'5704      0xc  config.o [1]
  .rodata                const     0x804'5710      0xc  ff.o [1]
  .rodata                const     0x804'571c      0xc  ff.o [1]
  .rodata                const     0x804'5728      0xc  files_pws.o [1]
  .rodata                const     0x804'5734      0xc  files_pws.o [1]
  .rodata                const     0x804'5740      0xc  languages.o [1]
  .rodata                const     0x804'574c      0xc  languages.o [1]
  .rodata                const     0x804'5758      0xc  languages.o [1]
  .rodata                const     0x804'5764      0xc  languages.o [1]
  .rodata                const     0x804'5770      0xc  languages.o [1]
  .rodata                const     0x804'577c      0xc  languages.o [1]
  .rodata                const     0x804'5788      0xc  languages.o [1]
  .rodata                const     0x804'5794      0xc  languages.o [1]
  .rodata                const     0x804'57a0      0xc  languages.o [1]
  .rodata                const     0x804'57ac      0xc  languages.o [1]
  .rodata                const     0x804'57b8      0xc  languages.o [1]
  .rodata                const     0x804'57c4      0xc  languages.o [1]
  .rodata                const     0x804'57d0      0xc  languages.o [1]
  .rodata                const     0x804'57dc      0xc  languages.o [1]
  .rodata                const     0x804'57e8      0xc  languages.o [1]
  .rodata                const     0x804'57f4      0xc  languages.o [1]
  .rodata                const     0x804'5800      0xc  languages.o [1]
  .rodata                const     0x804'580c      0xc  languages.o [1]
  .rodata                const     0x804'5818      0xc  languages.o [1]
  .rodata                const     0x804'5824      0xc  languages.o [1]
  .rodata                const     0x804'5830      0xc  languages.o [1]
  .rodata                const     0x804'583c      0xc  languages.o [1]
  .rodata                const     0x804'5848      0xc  languages.o [1]
  .rodata                const     0x804'5854      0xc  languages.o [1]
  .rodata                const     0x804'5860      0xc  languages.o [1]
  .rodata                const     0x804'586c      0xc  languages.o [1]
  .rodata                const     0x804'5878      0xc  languages.o [1]
  .rodata                const     0x804'5884      0xc  languages.o [1]
  .rodata                const     0x804'5890      0xc  languages.o [1]
  .rodata                const     0x804'589c      0xc  languages.o [1]
  .rodata                const     0x804'58a8      0xc  languages.o [1]
  .rodata                const     0x804'58b4      0xc  languages.o [1]
  .rodata                const     0x804'58c0      0xc  languages.o [1]
  .rodata                const     0x804'58cc      0xc  languages.o [1]
  .rodata                const     0x804'58d8      0xc  languages.o [1]
  .rodata                const     0x804'58e4      0xc  main.o [1]
  .rodata                const     0x804'58f0      0xc  main.o [1]
  .rodata                const     0x804'58fc      0xc  tgui.o [1]
  .rodata                const     0x804'5908      0xc  tgui_clocksetscreenfuncs.o [1]
  .rodata                const     0x804'5914      0xc  tgui_fileviewscreenfuncs.o [1]
  .rodata                const     0x804'5920      0xc  tgui_fileviewscreenfuncs.o [1]
  .rodata                const     0x804'592c      0xc  tgui_fileviewscreenfuncs.o [1]
  .rodata                const     0x804'5938      0xc  tgui_fileviewscreenfuncs.o [1]
  .rodata                const     0x804'5944      0xc  tgui_screensaverfuncs.o [1]
  .rodata                const     0x804'5950      0xc  tgui_screensaverfuncs.o [1]
  .text                  ro code   0x804'595c      0xc  cstartup_M.o [5]
  .rodata                const     0x804'5968      0x8  config.o [1]
  .rodata                const     0x804'5970      0x8  config.o [1]
  .rodata                const     0x804'5978      0x8  ff.o [1]
  .rodata                const     0x804'5980      0x8  ff.o [1]
  .rodata                const     0x804'5988      0x8  files_pws.o [1]
  .rodata                const     0x804'5990      0x8  files_pws.o [1]
  .rodata                const     0x804'5998      0x8  languages.o [1]
  .rodata                const     0x804'59a0      0x8  languages.o [1]
  .rodata                const     0x804'59a8      0x8  languages.o [1]
  .rodata                const     0x804'59b0      0x8  languages.o [1]
  .rodata                const     0x804'59b8      0x8  languages.o [1]
  .rodata                const     0x804'59c0      0x8  languages.o [1]
  .rodata                const     0x804'59c8      0x8  languages.o [1]
  .rodata                const     0x804'59d0      0x8  languages.o [1]
  .rodata                const     0x804'59d8      0x8  languages.o [1]
  .rodata                const     0x804'59e0      0x8  languages.o [1]
  .rodata                const     0x804'59e8      0x8  languages.o [1]
  .rodata                const     0x804'59f0      0x8  languages.o [1]
  .rodata                const     0x804'59f8      0x8  languages.o [1]
  .rodata                const     0x804'5a00      0x8  languages.o [1]
  .rodata                const     0x804'5a08      0x8  languages.o [1]
  .rodata                const     0x804'5a10      0x8  languages.o [1]
  .rodata                const     0x804'5a18      0x8  languages.o [1]
  .rodata                const     0x804'5a20      0x8  languages.o [1]
  .rodata                const     0x804'5a28      0x8  languages.o [1]
  .rodata                const     0x804'5a30      0x8  languages.o [1]
  .rodata                const     0x804'5a38      0x8  languages.o [1]
  .rodata                const     0x804'5a40      0x8  languages.o [1]
  .rodata                const     0x804'5a48      0x8  languages.o [1]
  .rodata                const     0x804'5a50      0x8  languages.o [1]
  .rodata                const     0x804'5a58      0x8  languages.o [1]
  .rodata                const     0x804'5a60      0x8  languages.o [1]
  .rodata                const     0x804'5a68      0x8  languages.o [1]
  .rodata                const     0x804'5a70      0x8  languages.o [1]
  .rodata                const     0x804'5a78      0x8  languages.o [1]
  .rodata                const     0x804'5a80      0x8  languages.o [1]
  .rodata                const     0x804'5a88      0x8  languages.o [1]
  .rodata                const     0x804'5a90      0x8  languages.o [1]
  .rodata                const     0x804'5a98      0x8  languages.o [1]
  .rodata                const     0x804'5aa0      0x8  languages.o [1]
  .rodata                const     0x804'5aa8      0x8  languages.o [1]
  .rodata                const     0x804'5ab0      0x8  languages.o [1]
  .rodata                const     0x804'5ab8      0x8  languages.o [1]
  .rodata                const     0x804'5ac0      0x8  languages.o [1]
  .rodata                const     0x804'5ac8      0x8  languages.o [1]
  .rodata                const     0x804'5ad0      0x8  languages.o [1]
  .rodata                const     0x804'5ad8      0x8  languages.o [1]
  .rodata                const     0x804'5ae0      0x8  languages.o [1]
  .rodata                const     0x804'5ae8      0x8  languages.o [1]
  .rodata                const     0x804'5af0      0x8  languages.o [1]
  .rodata                const     0x804'5af8      0x8  languages.o [1]
  .rodata                const     0x804'5b00      0x8  languages.o [1]
  .rodata                const     0x804'5b08      0x8  languages.o [1]
  .rodata                const     0x804'5b10      0x8  languages.o [1]
  .rodata                const     0x804'5b18      0x8  languages.o [1]
  .rodata                const     0x804'5b20      0x8  languages.o [1]
  .rodata                const     0x804'5b28      0x8  languages.o [1]
  .rodata                const     0x804'5b30      0x8  languages.o [1]
  .rodata                const     0x804'5b38      0x8  languages.o [1]
  .rodata                const     0x804'5b40      0x8  languages.o [1]
  .rodata                const     0x804'5b48      0x8  languages.o [1]
  .rodata                const     0x804'5b50      0x8  languages.o [1]
  .rodata                const     0x804'5b58      0x8  languages.o [1]
  .rodata                const     0x804'5b60      0x8  languages.o [1]
  .rodata                const     0x804'5b68      0x8  languages.o [1]
  .rodata                const     0x804'5b70      0x8  main.o [1]
  .rodata                const     0x804'5b78      0x8  stm32f4xx_hal_dma.o [1]
  .rodata                const     0x804'5b80      0x8  system_stm32f4xx.o [1]
  .rodata                const     0x804'5b88      0x8  tgui.o [1]
  .rodata                const     0x804'5b90      0x8  tgui.o [1]
  .rodata                const     0x804'5b98      0x8  tgui.o [1]
  .rodata                const     0x804'5ba0      0x8  tgui.o [1]
  .rodata                const     0x804'5ba8      0x8  tgui.o [1]
  .rodata                const     0x804'5bb0      0x8  tgui.o [1]
  .rodata                const     0x804'5bb8      0x8  tgui.o [1]
  .rodata                const     0x804'5bc0      0x8  tgui.o [1]
  .rodata                const     0x804'5bc8      0x8  tgui.o [1]
  .rodata                const     0x804'5bd0      0x8  tgui.o [1]
  .rodata                const     0x804'5bd8      0x8  tgui.o [1]
  .rodata                const     0x804'5be0      0x8  tgui.o [1]
  .rodata                const     0x804'5be8      0x8  tgui.o [1]
  .rodata                const     0x804'5bf0      0x8  tgui.o [1]
  .rodata                const     0x804'5bf8      0x8  tgui.o [1]
  .rodata                const     0x804'5c00      0x8  tgui.o [1]
  .rodata                const     0x804'5c08      0x8  tgui.o [1]
  .rodata                const     0x804'5c10      0x8  tgui.o [1]
  .rodata                const     0x804'5c18      0x8  tgui.o [1]
  .rodata                const     0x804'5c20      0x8  tgui.o [1]
  .rodata                const     0x804'5c28      0x8  tgui.o [1]
  .rodata                const     0x804'5c30      0x8  tgui.o [1]
  .rodata                const     0x804'5c38      0x8  tgui.o [1]
  .rodata                const     0x804'5c40      0x8  tgui.o [1]
  .rodata                const     0x804'5c48      0x8  tgui.o [1]
  .rodata                const     0x804'5c50      0x8  tgui.o [1]
  .rodata                const     0x804'5c58      0x8  tgui.o [1]
  .rodata                const     0x804'5c60      0x8  tgui.o [1]
  .rodata                const     0x804'5c68      0x8  tgui.o [1]
  .rodata                const     0x804'5c70      0x8  tgui.o [1]
  .rodata                const     0x804'5c78      0x8  tgui.o [1]
  .rodata                const     0x804'5c80      0x8  tgui.o [1]
  .rodata                const     0x804'5c88      0x8  tgui.o [1]
  .rodata                const     0x804'5c90      0x8  tgui.o [1]
  .rodata                const     0x804'5c98      0x8  tgui.o [1]
  .rodata                const     0x804'5ca0      0x8  tgui.o [1]
  .rodata                const     0x804'5ca8      0x8  tgui.o [1]
  .rodata                const     0x804'5cb0      0x8  tgui.o [1]
  .rodata                const     0x804'5cb8      0x8  tgui.o [1]
  .rodata                const     0x804'5cc0      0x8  tgui.o [1]
  .rodata                const     0x804'5cc8      0x8  tgui.o [1]
  .rodata                const     0x804'5cd0      0x8  tgui.o [1]
  .rodata                const     0x804'5cd8      0x8  tgui.o [1]
  .rodata                const     0x804'5ce0      0x8  tgui.o [1]
  .rodata                const     0x804'5ce8      0x8  tgui.o [1]
  .rodata                const     0x804'5cf0      0x8  tgui.o [1]
  .rodata                const     0x804'5cf8      0x8  tgui.o [1]
  .rodata                const     0x804'5d00      0x8  tgui.o [1]
  .rodata                const     0x804'5d08      0x8  tgui.o [1]
  .rodata                const     0x804'5d10      0x8  tgui.o [1]
  .rodata                const     0x804'5d18      0x8  tgui.o [1]
  .rodata                const     0x804'5d20      0x8  tgui.o [1]
  .rodata                const     0x804'5d28      0x8  tgui.o [1]
  .rodata                const     0x804'5d30      0x8  tgui.o [1]
  .rodata                const     0x804'5d38      0x8  tgui.o [1]
  .rodata                const     0x804'5d40      0x8  tgui.o [1]
  .rodata                const     0x804'5d48      0x8  tgui.o [1]
  .rodata                const     0x804'5d50      0x8  tgui.o [1]
  .rodata                const     0x804'5d58      0x8  tgui.o [1]
  .rodata                const     0x804'5d60      0x8  tgui.o [1]
  .rodata                const     0x804'5d68      0x8  tgui.o [1]
  .rodata                const     0x804'5d70      0x8  tgui.o [1]
  .rodata                const     0x804'5d78      0x8  tgui.o [1]
  .rodata                const     0x804'5d80      0x8  tgui.o [1]
  .rodata                const     0x804'5d88      0x8  tgui.o [1]
  .rodata                const     0x804'5d90      0x8  tgui.o [1]
  .rodata                const     0x804'5d98      0x8  tgui.o [1]
  .rodata                const     0x804'5da0      0x8  tgui.o [1]
  .rodata                const     0x804'5da8      0x8  tgui.o [1]
  .rodata                const     0x804'5db0      0x8  tgui.o [1]
  .rodata                const     0x804'5db8      0x8  tgui.o [1]
  .rodata                const     0x804'5dc0      0x8  tgui.o [1]
  .rodata                const     0x804'5dc8      0x8  tgui.o [1]
  .rodata                const     0x804'5dd0      0x8  tgui.o [1]
  .rodata                const     0x804'5dd8      0x8  tgui.o [1]
  .rodata                const     0x804'5de0      0x8  tgui.o [1]
  .rodata                const     0x804'5de8      0x8  tgui.o [1]
  .rodata                const     0x804'5df0      0x8  tgui.o [1]
  .rodata                const     0x804'5df8      0x8  tgui.o [1]
  .rodata                const     0x804'5e00      0x8  tgui.o [1]
  .rodata                const     0x804'5e08      0x8  tgui.o [1]
  .rodata                const     0x804'5e10      0x8  tgui.o [1]
  .rodata                const     0x804'5e18      0x8  tgui.o [1]
  .rodata                const     0x804'5e20      0x8  tgui.o [1]
  .rodata                const     0x804'5e28      0x8  tgui.o [1]
  .rodata                const     0x804'5e30      0x8  tgui.o [1]
  .rodata                const     0x804'5e38      0x8  tgui.o [1]
  .rodata                const     0x804'5e40      0x8  tgui.o [1]
  .rodata                const     0x804'5e48      0x8  tgui.o [1]
  .rodata                const     0x804'5e50      0x8  tgui.o [1]
  .rodata                const     0x804'5e58      0x8  tgui.o [1]
  .rodata                const     0x804'5e60      0x8  tgui.o [1]
  .rodata                const     0x804'5e68      0x8  tgui.o [1]
  .rodata                const     0x804'5e70      0x8  tgui.o [1]
  .rodata                const     0x804'5e78      0x8  tgui.o [1]
  .rodata                const     0x804'5e80      0x8  tgui.o [1]
  .rodata                const     0x804'5e88      0x8  tgui.o [1]
  .rodata                const     0x804'5e90      0x8  tgui.o [1]
  .rodata                const     0x804'5e98      0x8  tgui.o [1]
  .rodata                const     0x804'5ea0      0x8  tgui.o [1]
  .rodata                const     0x804'5ea8      0x8  tgui.o [1]
  .rodata                const     0x804'5eb0      0x8  tgui.o [1]
  .rodata                const     0x804'5eb8      0x8  tgui.o [1]
  .rodata                const     0x804'5ec0      0x8  tgui.o [1]
  .rodata                const     0x804'5ec8      0x8  tgui.o [1]
  .rodata                const     0x804'5ed0      0x8  tgui.o [1]
  .rodata                const     0x804'5ed8      0x8  tgui.o [1]
  .rodata                const     0x804'5ee0      0x8  tgui.o [1]
  .rodata                const     0x804'5ee8      0x8  tgui.o [1]
  .rodata                const     0x804'5ef0      0x8  tgui.o [1]
  .rodata                const     0x804'5ef8      0x8  tgui_clocksetscreenfuncs.o [1]
  .rodata                const     0x804'5f00      0x8  tgui_filesscreenfuncs.o [1]
  .rodata                const     0x804'5f08      0x8  tgui_filesscreenfuncs.o [1]
  .rodata                const     0x804'5f10      0x8  tgui_infoscreenfuncs.o [1]
  .rodata                const     0x804'5f18      0x8  tgui_numenterscreenfuncs.o [1]
  .rodata                const     0x804'5f20      0x8  tgui_printscreenfuncs.o [1]
  .rodata                const     0x804'5f28      0x8  tgui_settingsscreenfuncs.o [1]
  .rodata                const     0x804'5f30      0x8  tim.o [1]
  .rodata                const     0x804'5f38      0x6  xlocale_c.o [2]
  .rodata                const     0x804'5f40      0x4  languages.o [1]
  .rodata                const     0x804'5f44      0x4  languages.o [1]
  .rodata                const     0x804'5f48      0x4  languages.o [1]
  .rodata                const     0x804'5f4c      0x4  languages.o [1]
  .rodata                const     0x804'5f50      0x4  languages.o [1]
  .rodata                const     0x804'5f54      0x4  languages.o [1]
  .rodata                const     0x804'5f58      0x4  languages.o [1]
  .rodata                const     0x804'5f5c      0x4  languages.o [1]
  .rodata                const     0x804'5f60      0x4  languages.o [1]
  .rodata                const     0x804'5f64      0x4  languages.o [1]
  .rodata                const     0x804'5f68      0x4  languages.o [1]
  .rodata                const     0x804'5f6c      0x4  languages.o [1]
  .rodata                const     0x804'5f70      0x4  languages.o [1]
  .rodata                const     0x804'5f74      0x4  languages.o [1]
  .rodata                const     0x804'5f78      0x4  languages.o [1]
  .rodata                const     0x804'5f7c      0x4  languages.o [1]
  .rodata                const     0x804'5f80      0x4  languages.o [1]
  .rodata                const     0x804'5f84      0x4  languages.o [1]
  .rodata                const     0x804'5f88      0x4  languages.o [1]
  .rodata                const     0x804'5f8c      0x4  languages.o [1]
  .rodata                const     0x804'5f90      0x4  languages.o [1]
  .rodata                const     0x804'5f94      0x4  languages.o [1]
  .rodata                const     0x804'5f98      0x4  languages.o [1]
  .rodata                const     0x804'5f9c      0x4  languages.o [1]
  .rodata                const     0x804'5fa0      0x4  languages.o [1]
  .rodata                const     0x804'5fa4      0x4  languages.o [1]
  .rodata                const     0x804'5fa8      0x4  languages.o [1]
  .rodata                const     0x804'5fac      0x4  languages.o [1]
  .rodata                const     0x804'5fb0      0x4  languages.o [1]
  .rodata                const     0x804'5fb4      0x4  languages.o [1]
  .rodata                const     0x804'5fb8      0x4  languages.o [1]
  .rodata                const     0x804'5fbc      0x4  languages.o [1]
  .rodata                const     0x804'5fc0      0x4  languages.o [1]
  .rodata                const     0x804'5fc4      0x4  languages.o [1]
  .rodata                const     0x804'5fc8      0x4  languages.o [1]
  .rodata                const     0x804'5fcc      0x4  languages.o [1]
  .rodata                const     0x804'5fd0      0x4  languages.o [1]
  .rodata                const     0x804'5fd4      0x4  languages.o [1]
  .rodata                const     0x804'5fd8      0x4  languages.o [1]
  .rodata                const     0x804'5fdc      0x4  languages.o [1]
  .rodata                const     0x804'5fe0      0x4  languages.o [1]
  .rodata                const     0x804'5fe4      0x4  printing.o [1]
  .rodata                const     0x804'5fe8      0x4  rtc.o [1]
  .rodata                const     0x804'5fec      0x4  usbh_msc.o [1]
  .text                  ro code   0x804'5ff0      0x4  startup_stm32f407xx.o [1]
  SHT$$PREINIT_ARRAY               0x804'5ff4      0x0  <Block>
  SHT$$INIT_ARRAY                  0x804'5ff4      0x4  <Block>
    .init_array          const     0x804'5ff4      0x4  z_planner.o [1]
  __iar_tls$$INIT_ARRAY            0x804'5ff8      0x0  <Block>
  .rodata                const     0x804'5ff8      0x0  zero_init3.o [5]
  .rodata                const     0x804'5ff8      0x0  lz77_init_single.o [5]
  Initializer bytes      const     0x804'5ff8     0xf7  <for P2-1>
                                 - 0x804'60ef  0x35f67

"P3", part 1 of 2:                              0x1cc0
  CCMRAM                 zero     0x1000'0000   0x1cc0  printing.o [1]
                                - 0x1000'1cc0   0x1cc0

"P3", part 2 of 2:                              0x5428
  CCMRAM                 uninit   0x1000'1cc0   0x4000  main.o [1]
  CCMRAM                 uninit   0x1000'5cc0   0x1028  main.o [1]
  CCMRAM                 uninit   0x1000'6ce8    0x400  tgui.o [1]
                                - 0x1000'70e8   0x5428

"P2", part 1 of 3:                               0x33f
  P2-1                            0x2000'0000    0x33f  <Init block>
    .data                inited   0x2000'0000      0xc  fnt12.o [1]
    .data                inited   0x2000'000c      0xc  fnt12bold.o [1]
    .data                inited   0x2000'0018      0xc  fnt170num_lcd.o [1]
    .data                inited   0x2000'0024      0xc  fnt18.o [1]
    .data                inited   0x2000'0030      0xc  fnt18bold.o [1]
    .data                inited   0x2000'003c      0xc  fnt24.o [1]
    .data                inited   0x2000'0048      0xc  fnt24bold.o [1]
    .data                inited   0x2000'0054      0xc  fnt36.o [1]
    .data                inited   0x2000'0060      0xc  fnt36num.o [1]
    .data                inited   0x2000'006c     0x10  languages.o [1]
    .data                inited   0x2000'007c      0x4  languages.o [1]
    .data                inited   0x2000'0080      0x4  lcd_ui.o [1]
    .data                inited   0x2000'0084      0x4  stm32f4xx_hal.o [1]
    .data                inited   0x2000'0088      0x4  system_stm32f4xx.o [1]
    .data                inited   0x2000'008c    0x200  tgui_filesscreenfuncs.o [1]
    .data                inited   0x2000'028c      0x4  tgui_movezscreenfuncs.o [1]
    .data                inited   0x2000'0290     0x20  usbh_msc.o [1]
    .data                inited   0x2000'02b0      0x4  z_stepper.o [1]
    .data                inited   0x2000'02b4     0x38  xlocale_c.o [2]
    .data                inited   0x2000'02ec     0x48  xlocale_c.o [2]
    .data                inited   0x2000'0334      0x2  lcd_ui.o [1]
    .data                inited   0x2000'0336      0x2  lcd_ui.o [1]
    .data                inited   0x2000'0338      0x2  lcd_ui.o [1]
    .data                inited   0x2000'033a      0x1  lcd_ui.o [1]
    .data                inited   0x2000'033b      0x1  stm32f4xx_hal.o [1]
    .data                inited   0x2000'033c      0x1  tgui_defaultfuncs.o [1]
    .data                inited   0x2000'033d      0x1  tgui_filesscreenfuncs.o [1]
    .data                inited   0x2000'033e      0x1  z_endstops.o [1]
                                - 0x2000'033f    0x33f

"P2", part 2 of 3:                              0x93d4
  .bss                   zero     0x2000'0340   0x1038  fatfs.o [1]
  .bss                   zero     0x2000'1378   0x1038  fatfs.o [1]
  .bss                   zero     0x2000'23b0    0x830  tgui_filesscreenfuncs.o [1]
  .bss                   zero     0x2000'2be0    0x600  uvdisplay.o [1]
  .bss                   zero     0x2000'31e0    0x5d8  tgui.o [1]
  .bss                   zero     0x2000'37b8    0x5d8  tgui.o [1]
  .bss                   zero     0x2000'3d90    0x5d8  tgui.o [1]
  .bss                   zero     0x2000'4368    0x4d0  tgui.o [1]
  .bss                   zero     0x2000'4838    0x400  config.o [1]
  .bss                   zero     0x2000'4c38    0x400  main.o [1]
  .bss                   zero     0x2000'5038    0x400  main.o [1]
  .bss                   zero     0x2000'5438    0x400  main.o [1]
  .bss                   zero     0x2000'5838    0x400  tgui_fileviewscreenfuncs.o [1]
  .bss                   zero     0x2000'5c38    0x400  z_planner.o [1]
  .bss                   zero     0x2000'6038    0x3d8  usb_host.o [1]
  .bss                   zero     0x2000'6410    0x3c8  tgui.o [1]
  .bss                   zero     0x2000'67d8    0x370  tgui.o [1]
  .bss                   zero     0x2000'6b48    0x350  tgui.o [1]
  .bss                   zero     0x2000'6e98    0x318  tgui.o [1]
  .bss                   zero     0x2000'71b0    0x2c4  usbh_conf.o [1]
  .bss                   zero     0x2000'7474    0x224  main.o [1]
  .bss                   zero     0x2000'7698    0x210  tgui.o [1]
  .bss                   zero     0x2000'78a8    0x210  tgui.o [1]
  .bss                   zero     0x2000'7ab8    0x200  config.o [1]
  .bss                   zero     0x2000'7cb8    0x200  ff.o [1]
  .bss                   zero     0x2000'7eb8    0x200  main.o [1]
  .bss                   zero     0x2000'80b8    0x1d8  dlmalloc.o [2]
  .bss                   zero     0x2000'8290    0x1b8  tgui.o [1]
  .bss                   zero     0x2000'8448    0x19c  cpld_utils.o [1]
  .bss                   zero     0x2000'85e4    0x160  tgui.o [1]
  .bss                   zero     0x2000'8744    0x108  tgui.o [1]
  .bss                   zero     0x2000'884c    0x100  sys_timer.o [1]
  .bss                   zero     0x2000'894c    0x100  tgui_fileviewscreenfuncs.o [1]
  .bss                   zero     0x2000'8a4c    0x100  tgui_fileviewscreenfuncs.o [1]
  .bss                   zero     0x2000'8b4c     0xb0  tgui.o [1]
  .bss                   zero     0x2000'8bfc     0x80  fst_spi.o [1]
  .bss                   zero     0x2000'8c7c     0x80  fst_spi.o [1]
  .bss                   zero     0x2000'8cfc     0x60  fst_spi.o [1]
  .bss                   zero     0x2000'8d5c     0x60  fst_spi.o [1]
  .bss                   zero     0x2000'8dbc     0x60  fst_spi.o [1]
  .bss                   zero     0x2000'8e1c     0x60  fst_spi.o [1]
  .bss                   zero     0x2000'8e7c     0x60  fst_spi.o [1]
  .bss                   zero     0x2000'8edc     0x60  lcd_low.o [1]
  .bss                   zero     0x2000'8f3c     0x58  tgui.o [1]
  .bss                   zero     0x2000'8f94     0x54  config.o [1]
  .bss                   zero     0x2000'8fe8     0x54  eeprom.o [1]
  .bss                   zero     0x2000'903c     0x54  files_pws.o [1]
  .bss                   zero     0x2000'9090     0x50  fsmc.o [1]
  .bss                   zero     0x2000'90e0     0x40  tim.o [1]
  .bss                   zero     0x2000'9120     0x40  tim.o [1]
  .bss                   zero     0x2000'9160     0x34  main.o [1]
  .bss                   zero     0x2000'9194     0x30  files_pws.o [1]
  .bss                   zero     0x2000'91c4     0x30  tgui.o [1]
  .bss                   zero     0x2000'91f4     0x30  tgui.o [1]
  .bss                   zero     0x2000'9224     0x30  tgui.o [1]
  .bss                   zero     0x2000'9254     0x30  tgui.o [1]
  .bss                   zero     0x2000'9284     0x30  tgui.o [1]
  .bss                   zero     0x2000'92b4     0x30  tgui.o [1]
  .bss                   zero     0x2000'92e4     0x30  tgui.o [1]
  .bss                   zero     0x2000'9314     0x30  tgui.o [1]
  .bss                   zero     0x2000'9344     0x30  tgui.o [1]
  .bss                   zero     0x2000'9374     0x30  tgui.o [1]
  .bss                   zero     0x2000'93a4     0x30  tgui.o [1]
  .bss                   zero     0x2000'93d4     0x30  tgui.o [1]
  .bss                   zero     0x2000'9404     0x30  tgui.o [1]
  .bss                   zero     0x2000'9434     0x30  tgui.o [1]
  .bss                   zero     0x2000'9464     0x2c  config.o [1]
  .bss                   zero     0x2000'9490     0x28  tgui.o [1]
  .bss                   zero     0x2000'94b8     0x28  z_planner.o [1]
  .bss                   zero     0x2000'94e0     0x20  printing.o [1]
  .bss                   zero     0x2000'9500     0x20  rtc.o [1]
  .bss                   zero     0x2000'9520     0x20  tgui_numenterscreenfuncs.o [1]
  .bss                   zero     0x2000'9540     0x1c  files_pws.o [1]
  .bss                   zero     0x2000'955c     0x18  config.o [1]
  .bss                   zero     0x2000'9574     0x18  config.o [1]
  .bss                   zero     0x2000'958c     0x18  dlmalloc.o [2]
  .bss                   zero     0x2000'95a4     0x14  files_pws.o [1]
  .bss                   zero     0x2000'95b8     0x10  ff_gen_drv.o [1]
  .bss                   zero     0x2000'95c8     0x10  touch.o [1]
  .bss                   zero     0x2000'95d8      0xc  spi_flash.o [1]
  .bss                   zero     0x2000'95e4      0x8  fatfs.o [1]
  .bss                   zero     0x2000'95ec      0x8  fatfs.o [1]
  .bss                   zero     0x2000'95f4      0x8  ff.o [1]
  .bss                   zero     0x2000'95fc      0x8  printing.o [1]
  .bss                   zero     0x2000'9604      0x8  tgui_clocksetscreenfuncs.o [1]
  .bss                   zero     0x2000'960c      0x8  tgui_screensaverfuncs.o [1]
  .bss                   zero     0x2000'9614      0x4  cpld_utils.o [1]
  .bss                   zero     0x2000'9618      0x4  cpld_utils.o [1]
  .bss                   zero     0x2000'961c      0x4  cpld_utils.o [1]
  .bss                   zero     0x2000'9620      0x4  fsmc.o [1]
  .bss                   zero     0x2000'9624      0x4  motor.o [1]
  .bss                   zero     0x2000'9628      0x4  printing.o [1]
  .bss                   zero     0x2000'962c      0x4  printing.o [1]
  .bss                   zero     0x2000'9630      0x4  printing.o [1]
  .bss                   zero     0x2000'9634      0x4  printing.o [1]
  .bss                   zero     0x2000'9638      0x4  printing.o [1]
  .bss                   zero     0x2000'963c      0x4  prtfiles.o [1]
  .bss                   zero     0x2000'9640      0x4  spi_flash.o [1]
  .bss                   zero     0x2000'9644      0x4  spi_flash.o [1]
  .bss                   zero     0x2000'9648      0x4  stm32f4xx_hal.o [1]
  .bss                   zero     0x2000'964c      0x4  stm32f4xx_ll_usb.o [1]
  .bss                   zero     0x2000'9650      0x4  sys_timer.o [1]
  .bss                   zero     0x2000'9654      0x4  sys_timer.o [1]
  .bss                   zero     0x2000'9658      0x4  sys_timer.o [1]
  .bss                   zero     0x2000'965c      0x4  sys_timer.o [1]
  .bss                   zero     0x2000'9660      0x4  tgui.o [1]
  .bss                   zero     0x2000'9664      0x4  tgui_fileviewscreenfuncs.o [1]
  .bss                   zero     0x2000'9668      0x4  tgui_numenterscreenfuncs.o [1]
  .bss                   zero     0x2000'966c      0x4  tgui_printscreenfuncs.o [1]
  .bss                   zero     0x2000'9670      0x4  tgui_printscreenfuncs.o [1]
  .bss                   zero     0x2000'9674      0x4  tgui_screensaverfuncs.o [1]
  .bss                   zero     0x2000'9678      0x4  touch.o [1]
  .bss                   zero     0x2000'967c      0x4  z_planner.o [1]
  .bss                   zero     0x2000'9680      0x4  z_planner.o [1]
  .bss                   zero     0x2000'9684      0x4  z_planner.o [1]
  .bss                   zero     0x2000'9688      0x4  z_planner.o [1]
  .bss                   zero     0x2000'968c      0x4  z_planner.o [1]
  .bss                   zero     0x2000'9690      0x4  z_planner.o [1]
  .bss                   zero     0x2000'9694      0x4  z_planner.o [1]
  .bss                   zero     0x2000'9698      0x4  z_stepper.o [1]
  .bss                   zero     0x2000'969c      0x4  z_stepper.o [1]
  .bss                   zero     0x2000'96a0      0x4  z_stepper.o [1]
  .bss                   zero     0x2000'96a4      0x4  z_stepper.o [1]
  .bss                   zero     0x2000'96a8      0x4  z_stepper.o [1]
  .bss                   zero     0x2000'96ac      0x4  z_stepper.o [1]
  .bss                   zero     0x2000'96b0      0x4  z_stepper.o [1]
  .bss                   zero     0x2000'96b4      0x4  z_stepper.o [1]
  .bss                   zero     0x2000'96b8      0x4  z_stepper.o [1]
  .bss                   zero     0x2000'96bc      0x4  z_stepper.o [1]
  .bss                   zero     0x2000'96c0      0x4  z_stepper.o [1]
  .bss                   zero     0x2000'96c4      0x4  z_stepper.o [1]
  .bss                   zero     0x2000'96c8      0x4  z_stepper.o [1]
  .bss                   zero     0x2000'96cc      0x4  z_stepper.o [1]
  .bss                   zero     0x2000'96d0      0x4  xfail_s.o [2]
  .bss                   zero     0x2000'96d4      0x4  xgetmemchunk.o [2]
  .bss                   zero     0x2000'96d8      0x2  ff.o [1]
  .bss                   zero     0x2000'96da      0x2  lcd_low.o [1]
  .bss                   zero     0x2000'96dc      0x2  lcd_ui.o [1]
  .bss                   zero     0x2000'96de      0x2  lcd_ui.o [1]
  .bss                   zero     0x2000'96e0      0x2  lcd_ui.o [1]
  .bss                   zero     0x2000'96e2      0x2  tgui_fileviewscreenfuncs.o [1]
  .bss                   zero     0x2000'96e4      0x2  tgui_fileviewscreenfuncs.o [1]
  .bss                   zero     0x2000'96e6      0x2  z_planner.o [1]
  .bss                   zero     0x2000'96e8      0x1  eeprom.o [1]
  .bss                   zero     0x2000'96e9      0x1  fatfs.o [1]
  .bss                   zero     0x2000'96ea      0x1  fatfs.o [1]
  .bss                   zero     0x2000'96eb      0x1  main.o [1]
  .bss                   zero     0x2000'96ec      0x1  main.o [1]
  .bss                   zero     0x2000'96ed      0x1  main.o [1]
  .bss                   zero     0x2000'96ee      0x1  main.o [1]
  .bss                   zero     0x2000'96ef      0x1  main.o [1]
  .bss                   zero     0x2000'96f0      0x1  main.o [1]
  .bss                   zero     0x2000'96f1      0x1  main.o [1]
  .bss                   zero     0x2000'96f2      0x1  prtfiles.o [1]
  .bss                   zero     0x2000'96f3      0x1  prtfiles.o [1]
  .bss                   zero     0x2000'96f4      0x1  tgui_defaultfuncs.o [1]
  .bss                   zero     0x2000'96f5      0x1  tgui_filesscreenfuncs.o [1]
  .bss                   zero     0x2000'96f6      0x1  tgui_filesscreenfuncs.o [1]
  .bss                   zero     0x2000'96f7      0x1  tgui_filesscreenfuncs.o [1]
  .bss                   zero     0x2000'96f8      0x1  tgui_filesscreenfuncs.o [1]
  .bss                   zero     0x2000'96f9      0x1  tgui_fileviewscreenfuncs.o [1]
  .bss                   zero     0x2000'96fa      0x1  tgui_numenterscreenfuncs.o [1]
  .bss                   zero     0x2000'96fb      0x1  tgui_numenterscreenfuncs.o [1]
  .bss                   zero     0x2000'96fc      0x1  tgui_numenterscreenfuncs.o [1]
  .bss                   zero     0x2000'96fd      0x1  tgui_numenterscreenfuncs.o [1]
  .bss                   zero     0x2000'96fe      0x1  tgui_printscreenfuncs.o [1]
  .bss                   zero     0x2000'96ff      0x1  tgui_printscreenfuncs.o [1]
  .bss                   zero     0x2000'9700      0x1  tgui_uvtestscreenfuncs.o [1]
  .bss                   zero     0x2000'9701      0x1  tgui_uvtestscreenfuncs.o [1]
  .bss                   zero     0x2000'9702      0x1  tgui_uvtestscreenfuncs.o [1]
  .bss                   zero     0x2000'9703      0x1  usb_host.o [1]
  .bss                   zero     0x2000'9704      0x1  z_endstops.o [1]
  .bss                   zero     0x2000'9705      0x1  z_endstops.o [1]
  .bss                   zero     0x2000'9706      0x1  z_planner.o [1]
  .bss                   zero     0x2000'9707      0x1  z_planner.o [1]
  .bss                   zero     0x2000'9708      0x1  z_planner.o [1]
[...]
digits                   0x804'3c1c    0x28  Data  Lc  iar_Stoullx.o [2]
dir                     0x2000'9160    0x34  Data  Gb  main.o [1]
dir_alloc                0x801'e5e9    0x64  Code  Lc  ff.o [1]
dir_clear                0x801'e3e1    0x64  Code  Lc  ff.o [1]
dir_find                 0x801'ea1b   0x118  Code  Lc  ff.o [1]
dir_next                 0x801'e4f7    0xf2  Code  Lc  ff.o [1]
dir_read                 0x801'e91b   0x100  Code  Lc  ff.o [1]
dir_register             0x801'eb33   0x166  Code  Lc  ff.o [1]
dir_sdi                  0x801'e445    0xb2  Code  Lc  ff.o [1]
disk                    0x2000'95b8    0x10  Data  Gb  ff_gen_drv.o [1]
disk_initialize          0x802'2a73    0x32  Code  Gb  diskio.o [1]
disk_ioctl               0x802'2ae1    0x20  Code  Gb  diskio.o [1]
disk_read                0x802'2aa5    0x1e  Code  Gb  diskio.o [1]
disk_status              0x802'2a55    0x1e  Code  Gb  diskio.o [1]
disk_write               0x802'2ac3    0x1e  Code  Gb  diskio.o [1]
disp_locked             0x2000'96ff     0x1  Data  Gb  tgui_printscreenfuncs.o [1]
dmul                     0x802'd5e1    0xc6  Code  Lc  strto64.o [4]
dot_entered             0x2000'96fd     0x1  Data  Gb  tgui_numenterscreenfuncs.o [1]
edit_value              0x2000'9668     0x4  Data  Gb  tgui_numenterscreenfuncs.o [1]
enter_begin             0x2000'96fc     0x1  Data  Gb  tgui_numenterscreenfuncs.o [1]
exit                     0x804'47ab     0x4  Code  Gb  exit.o [2]
fMoveStep               0x2000'028c     0x4  Data  Gb  tgui_movezscreenfuncs.o [1]
f_close                  0x801'fc7b    0x2a  Code  Gb  ff.o [1]
f_closedir               0x801'fed7    0x1c  Code  Gb  ff.o [1]
f_getfree                0x801'ff9b   0x100  Code  Gb  ff.o [1]
f_lseek                  0x801'fca5   0x1aa  Code  Gb  ff.o [1]
f_mkfs                   0x802'0243   0x692  Code  Gb  ff.o [1]
f_mkfs::cst              0x804'547c    0x10  Data  Lc  ff.o [1]
f_mkfs::cst32            0x804'548c    0x10  Data  Lc  ff.o [1]
f_mkfs::defopt           0x804'549c    0x10  Data  Lc  ff.o [1]
f_mount                  0x801'f567    0x54  Code  Gb  ff.o [1]
f_open                   0x801'f5dd   0x21a  Code  Gb  ff.o [1]
f_opendir                0x801'fe4f    0x88  Code  Gb  ff.o [1]
f_read                   0x801'f7f7   0x1cc  Code  Gb  ff.o [1]
f_readdir                0x801'fef3    0x5c  Code  Gb  ff.o [1]
f_stat                   0x801'ff4f    0x4c  Code  Gb  ff.o [1]
f_sync                   0x801'fbdb    0xa0  Code  Gb  ff.o [1]
f_write                  0x801'f9c3   0x218  Code  Gb  ff.o [1]
fbuff                   0x1000'1cc0  0x4000  Data  Gb  main.o [1]
ff_oem2uni               0x802'2b4b    0x3a  Code  Gb  ffunicode.o [1]
ff_uni2oem               0x802'2b05    0x46  Code  Gb  ffunicode.o [1]
ff_wtoupper              0x802'2b85    0xb6  Code  Gb  ffunicode.o [1]
ff_wtoupper::cvt1        0x804'225c   0x1f4  Data  Lc  ffunicode.o [1]
ff_wtoupper::cvt2        0x804'3510    0xbc  Data  Lc  ffunicode.o [1]
filedate                0x2000'96e2     0x2  Data  Gb  tgui_fileviewscreenfuncs.o [1]
files                   0x2000'23b0   0x830  Data  Gb  tgui_filesscreenfuncs.o [1]
filesize                0x2000'9664     0x4  Data  Gb  tgui_fileviewscreenfuncs.o [1]
filetime                0x2000'96e4     0x2  Data  Gb  tgui_fileviewscreenfuncs.o [1]
find_volume              0x801'f251    0x6c  Code  Lc  ff.o [1]
finfo                   0x2000'7474   0x224  Data  Gb  main.o [1]
floorf                   0x802'dc79          Code  Gb  floorf.o [4]
fnt12_data               0x803'ffe8   0x6b4  Data  Gb  fnt12.o [1]
fnt12_width              0x804'295c   0x140  Data  Gb  fnt12.o [1]
fnt12bold_data           0x803'f860   0x788  Data  Gb  fnt12bold.o [1]
fnt12bold_width          0x804'2a9c   0x140  Data  Gb  fnt12bold.o [1]
fnt170num_lcd_data       0x801'0188  0x66f0  Data  Gb  fnt170num_lcd.o [1]
fnt170num_lcd_width      0x804'3f1c    0x38  Data  Gb  fnt170num_lcd.o [1]
fnt18_data               0x803'bf1c   0xea4  Data  Gb  fnt18.o [1]
fnt18_width              0x804'2bdc   0x140  Data  Gb  fnt18.o [1]
fnt18bold_data           0x803'942c  0x10c8  Data  Gb  fnt18bold.o [1]
fnt18bold_width          0x804'2d1c   0x140  Data  Gb  fnt18bold.o [1]
fnt24_data               0x803'6504  0x1a1c  Data  Gb  fnt24.o [1]
fnt24_width              0x804'2e5c   0x140  Data  Gb  fnt24.o [1]
fnt24bold_data           0x803'4470  0x2094  Data  Gb  fnt24bold.o [1]
fnt24bold_width          0x804'2f9c   0x140  Data  Gb  fnt24bold.o [1]
fnt36_data               0x803'08dc  0x3b94  Data  Gb  fnt36.o [1]
fnt36_width              0x804'30dc   0x140  Data  Gb  fnt36.o [1]
fnt36num_data            0x804'069c   0x684  Data  Gb  fnt36num.o [1]
fnt36num_width           0x804'3f54    0x38  Data  Gb  fnt36num.o [1]
follow_path              0x801'f0ed    0x9a  Code  Lc  ff.o [1]
font_fnt12              0x2000'0000     0xc  Data  Gb  fnt12.o [1]
font_fnt12bold          0x2000'000c     0xc  Data  Gb  fnt12bold.o [1]
font_fnt170num_lcd      0x2000'0018     0xc  Data  Gb  fnt170num_lcd.o [1]
font_fnt18              0x2000'0024     0xc  Data  Gb  fnt18.o [1]
font_fnt18bold          0x2000'0030     0xc  Data  Gb  fnt18bold.o [1]
font_fnt24              0x2000'003c     0xc  Data  Gb  fnt24.o [1]
font_fnt24bold          0x2000'0048     0xc  Data  Gb  fnt24bold.o [1]
font_fnt36              0x2000'0054     0xc  Data  Gb  fnt36.o [1]
font_fnt36num           0x2000'0060     0xc  Data  Gb  fnt36num.o [1]
fpws_header             0x2000'9194    0x30  Data  Gb  files_pws.o [1]
fpws_info               0x2000'903c    0x54  Data  Gb  files_pws.o [1]
fpws_layersdata         0x2000'95a4    0x14  Data  Gb  files_pws.o [1]
fpws_preview            0x2000'9540    0x1c  Data  Gb  files_pws.o [1]
free                     0x803'f471     0x4  Code  Gb  heaptramp0.o [2]
fv_dirname              0x2000'8a4c   0x100  Data  Gb  tgui_fileviewscreenfuncs.o [1]
fv_filename             0x2000'894c   0x100  Data  Gb  tgui_fileviewscreenfuncs.o [1]
fv_filetype             0x2000'96f9     0x1  Data  Gb  tgui_fileviewscreenfuncs.o [1]
fv_tfilename            0x2000'5838   0x400  Data  Gb  tgui_fileviewscreenfuncs.o [1]
gen_numname              0x801'e859    0xa2  Code  Lc  ff.o [1]
get_fat                  0x801'dfbd   0x10a  Code  Lc  ff.o [1]
get_fattime              0x802'2c65    0x50  Code  Gb  fatfs.o [1]
get_fileinfo             0x801'ec99   0x1c8  Code  Lc  ff.o [1]
get_ldnumber             0x801'f187    0x4e  Code  Lc  ff.o [1]
hFlashSpi               0x2000'8c7c    0x80  Data  Gb  fst_spi.o [1]
hFlashSpiDmaRx          0x2000'8e1c    0x60  Data  Gb  fst_spi.o [1]
hFlashSpiDmaTx          0x2000'8e7c    0x60  Data  Gb  fst_spi.o [1]
hI2C                    0x2000'8fe8    0x54  Data  Gb  eeprom.o [1]
hLcdDma                 0x2000'8edc    0x60  Data  Gb  lcd_low.o [1]
hRTC                    0x2000'9500    0x20  Data  Gb  rtc.o [1]
hStepperTim             0x2000'90e0    0x40  Data  Gb  tim.o [1]
hTouchSpi               0x2000'8bfc    0x80  Data  Gb  fst_spi.o [1]
hTouchSpiDmaRx          0x2000'8cfc    0x60  Data  Gb  fst_spi.o [1]
hTouchSpiDmaTx          0x2000'8d5c    0x60  Data  Gb  fst_spi.o [1]
hUsbHost                0x2000'6038   0x3d8  Data  Gb  usb_host.o [1]
hZRefTim                0x2000'9120    0x40  Data  Gb  tim.o [1]
hhcd_USB_OTG_FS         0x2000'71b0   0x2c4  Data  Gb  usbh_conf.o [1]
hsram1                  0x2000'9090    0x50  Data  Gb  fsmc.o [1]
i2c_timer               0x2000'96e8     0x1  Data  Gb  eeprom.o [1]
idle()                   0x802'7a05     0xa  Code  Gb  motor.o [1]
idle()::idlecount       0x2000'9624     0x4  Data  Lc  motor.o [1]
init_mparams             0x803'7f3b    0x32  Code  Lc  dlmalloc.o [2]
init_top                 0x803'7f6d    0x36  Code  Lc  dlmalloc.o [2]
inited                  0x2000'96f3     0x1  Data  Gb  prtfiles.o [1]
isalpha                  0x802'ff05    0x14  Code  Gb  isalpha.o [2]
isspace                  0x802'dafd    0x14  Code  Gb  isspace.o [2]
l_info                  0x2000'94e0    0x20  Data  Gb  printing.o [1]
lastfilenum             0x2000'033d     0x1  Data  Gb  tgui_filesscreenfuncs.o [1]
lcdui_bgcolor           0x2000'96e0     0x2  Data  Gb  lcd_ui.o [1]
lcdui_color             0x2000'0338     0x2  Data  Gb  lcd_ui.o [1]
lcdui_current_font      0x2000'0080     0x4  Data  Gb  lcd_ui.o [1]
lcdui_current_font_type
                        0x2000'033a     0x1  Data  Gb  lcd_ui.o [1]
lcdui_cursor_x          0x2000'96dc     0x2  Data  Gb  lcd_ui.o [1]
lcdui_cursor_y          0x2000'96de     0x2  Data  Gb  lcd_ui.o [1]
lcdui_height            0x2000'0336     0x2  Data  Gb  lcd_ui.o [1]
lcdui_width             0x2000'0334     0x2  Data  Gb  lcd_ui.o [1]
ld_clust                 0x801'e64d    0x26  Code  Lc  ff.o [1]
ld_dword                 0x801'dd35    0x16  Code  Lc  ff.o [1]
ld_word                  0x801'dd29     0xc  Code  Lc  ff.o [1]
ldata_length            0x2000'9630     0x4  Data  Gb  printing.o [1]
ldata_offset_begin      0x2000'9628     0x4  Data  Gb  printing.o [1]
ldata_offset_current    0x2000'962c     0x4  Data  Gb  printing.o [1]
ldexp                    0x802'39f9          Code  Gb  ldexp.o [4]
ldexpl                   0x802'39f9          Code  Gb  ldexp.o [4]
lmos                     0x804'4d90    0x18  Data  Lc  datetime.o [1]
lngCurrent              0x2000'007c     0x4  Data  Gb  languages.o [1]
lngLanguages            0x2000'006c    0x10  Data  Gb  languages.o [1]
localeconv               0x802'344b     0x4  Code  Gb  xlocale_c.o [2]
lroundf                  0x802'de0d          Code  Gb  lroundf.o [4]
main                     0x802'3f69  0x10f8  Code  Gb  main.o [1]
mem_cmp                  0x801'dd91    0x1e  Code  Lc  ff.o [1]
mem_cpy                  0x801'dd71    0x14  Code  Lc  ff.o [1]
mem_set                  0x801'dd85     0xc  Code  Lc  ff.o [1]
memchr                   0x802'34f1          Code  Gb  memchr.o [5]
mos                      0x804'4da8    0x18  Data  Lc  datetime.o [1]
mount_volume             0x801'f2bd   0x262  Code  Lc  ff.o [1]
move_window              0x801'ded1    0x3e  Code  Lc  ff.o [1]
mparams                 0x2000'958c    0x18  Data  Lc  dlmalloc.o [2]
msg                     0x2000'7eb8   0x200  Data  Gb  main.o [1]
ndigs                    0x804'3ba4    0x28  Data  Lc  iar_Stoulx.o [2]
ndigs                    0x804'3bf4    0x28  Data  Lc  iar_Stoullx.o [2]
nomorefiles             0x2000'96f8     0x1  Data  Gb  tgui_filesscreenfuncs.o [1]
numstr                  0x2000'9520    0x20  Data  Gb  tgui_numenterscreenfuncs.o [1]
numstr_len              0x2000'96fb     0x1  Data  Gb  tgui_numenterscreenfuncs.o [1]
oldUsbMounted           0x2000'96f5     0x1  Data  Gb  tgui_filesscreenfuncs.o [1]
old_datetime            0x2000'960c     0x8  Data  Gb  tgui_screensaverfuncs.o [1]
old_layer               0x2000'9670     0x4  Data  Gb  tgui_printscreenfuncs.o [1]
old_pause               0x2000'96fe     0x1  Data  Gb  tgui_printscreenfuncs.o [1]
old_prtlayer            0x2000'9674     0x4  Data  Gb  tgui_screensaverfuncs.o [1]
old_time                0x2000'966c     0x4  Data  Gb  tgui_printscreenfuncs.o [1]
pfile_type              0x2000'96f2     0x1  Data  Gb  prtfiles.o [1]
pick_lfn                 0x801'e73d    0x90  Code  Lc  ff.o [1]
pows                     0x804'3d68    0x48  Data  Lc  strto64.o [4]
prepend_alloc            0x803'7fa3   0x346  Code  Lc  dlmalloc.o [2]
prev_position           0x2000'95fc     0x8  Data  Gb  printing.o [1]
prevcolors               0x804'5fe4     0x4  Data  Lc  printing.o [1]
previmage               0x1000'0000  0x1cc0  Data  Gb  printing.o [1]
prt_file                0x2000'963c     0x4  Data  Gb  prtfiles.o [1]
put_fat                  0x801'e0c7   0x15c  Code  Lc  ff.o [1]
put_lfn                  0x801'e7cd    0x84  Code  Lc  ff.o [1]
put_utf                  0x801'de25    0x5c  Code  Lc  ff.o [1]
ranmatch                 0x803'd129    0x44  Code  Lc  xscanffull.o [2]
reTransmission_all_cnt  0x2000'9618     0x4  Data  Gb  cpld_utils.o [1]
reTransmission_data_cnt
                        0x2000'9614     0x4  Data  Gb  cpld_utils.o [1]
remove_chain             0x801'e223    0x8e  Code  Lc  ff.o [1]
resX                    0x2000'9634     0x4  Data  Gb  printing.o [1]
resY                    0x2000'9638     0x4  Data  Gb  printing.o [1]
retSPIFL                0x2000'96ea     0x1  Data  Gb  fatfs.o [1]
retUSBH                 0x2000'96e9     0x1  Data  Gb  fatfs.o [1]
s_tfname                0x2000'5038   0x400  Data  Gb  main.o [1]
scalbln                  0x802'39f9          Code  Gb  ldexp.o [4]
scalblnl                 0x802'39f9          Code  Gb  ldexp.o [4]
scalbn                   0x802'39f9          Code  Gb  ldexp.o [4]
scalbnl                  0x802'39f9          Code  Gb  ldexp.o [4]
scale                    0x802'1c07    0x46  Code  Lc  xprintffull.o [2]
scrTimeTimer            0x2000'033c     0x1  Data  Gb  tgui_defaultfuncs.o [1]
sec_hand                0x2000'96d0     0x4  Data  Lc  xfail_s.o [2]
segment_holding          0x803'7f21    0x1a  Code  Lc  dlmalloc.o [2]
sfile                   0x2000'9714  0x1028  Data  Gb  main.o [1]
sprintf                  0x801'cba9    0x40  Code  Gb  sprintf.o [2]
sqrtf                    0x802'd5c1          Code  Gb  sqrtf.o [4]
srvMode                 0x2000'96f1     0x1  Data  Gb  main.o [1]
sscanf                   0x804'19c1    0x28  Code  Gb  sscanf.o [2]
st_clust                 0x801'e673    0x2a  Code  Lc  ff.o [1]
st_dword                 0x801'dd59    0x18  Code  Lc  ff.o [1]
st_word                  0x801'dd4b     0xe  Code  Lc  ff.o [1]
strcat                   0x802'c8f9    0x1e  Code  Gb  strcat.o [2]
strchr                   0x802'3459          Code  Gb  strchr.o [5]
strcmp                   0x802'842d          Code  Gb  strcmp.o [5]
strcpy                   0x802'c8e1          Code  Gb  strcpy.o [5]
strcpy_utf(char *, char *)
                         0x802'0b2d    0x28  Code  Gb  unicode_utils.o [1]
strlen                   0x802'34b9          Code  Gb  strlen.o [5]
strncpy                  0x802'0f9d          Code  Gb  strncpy.o [5]
strtoll                  0x803'dced     0x2  Code  Gb  iar_Stollx.o [2]
strtoul                  0x802'a409     0x2  Code  Gb  iar_Stoulx.o [2]
strtoull                 0x803'dea1     0x2  Code  Gb  iar_Stoullx.o [2]
strtrim(char *)          0x802'0be7    0x5e  Code  Gb  unicode_utils.o [1]
strupper_utf(char *)     0x802'0c45    0x5e  Code  Gb  unicode_utils.o [1]
subdir                  0x2000'96f7     0x1  Data  Gb  tgui_filesscreenfuncs.o [1]
sum_sfn                  0x801'e8fb    0x20  Code  Lc  ff.o [1]
sync_fs                  0x801'df0f    0x94  Code  Lc  ff.o [1]
sync_window              0x801'de81    0x50  Code  Lc  ff.o [1]
sys_alloc                0x803'84e1   0x164  Code  Lc  dlmalloc.o [2]
sys_trim                 0x803'8645    0x64  Code  Lc  dlmalloc.o [2]
systemInfo              0x2000'9464    0x2c  Data  Gb  config.o [1]
tchar2uni                0x801'dddf    0x46  Code  Lc  ff.o [1]
tfname                  0x1000'6ce8   0x400  Data  Gb  tgui.o [1]
tguiActiveScreen        0x2000'9660     0x4  Data  Gb  tgui.o [1]
tguiDBuff               0x2000'b764  0x1000  Data  Gb  tgui.o [1]
tguiDefaultConfig       0x2000'9490    0x28  Data  Gb  tgui.o [1]
tguiFBuff               0x2000'c764   0x200  Data  Gb  tgui.o [1]
tguiFile                0x2000'a73c  0x1028  Data  Gb  tgui.o [1]
tguiMsgBox              0x2000'6b48   0x350  Data  Gb  tgui.o [1]
tguiScrClockSetButtons  0x2000'37b8   0x5d8  Data  Gb  tgui.o [1]
tguiScrFilesButtons     0x2000'67d8   0x370  Data  Gb  tgui.o [1]
tguiScrFilesListButtons
                        0x2000'4368   0x4d0  Data  Gb  tgui.o [1]
tguiScrFileviewButtons  0x2000'7698   0x210  Data  Gb  tgui.o [1]
tguiScrInfoButtons      0x2000'8b4c    0xb0  Data  Gb  tgui.o [1]
tguiScrLanguageButtons  0x2000'8744   0x108  Data  Gb  tgui.o [1]
tguiScrMainButtons      0x2000'85e4   0x160  Data  Gb  tgui.o [1]
tguiScrMovezButtons     0x2000'6410   0x3c8  Data  Gb  tgui.o [1]
tguiScrNumenterButtons  0x2000'31e0   0x5d8  Data  Gb  tgui.o [1]
tguiScrPrintButtons     0x2000'78a8   0x210  Data  Gb  tgui.o [1]
tguiScrServiceButtons   0x2000'8290   0x1b8  Data  Gb  tgui.o [1]
tguiScrSettingsButtons  0x2000'6e98   0x318  Data  Gb  tgui.o [1]
tguiScrUVTestButtons    0x2000'3d90   0x5d8  Data  Gb  tgui.o [1]
tguiScreenClockSet      0x2000'93d4    0x30  Data  Gb  tgui.o [1]
tguiScreenFiles         0x2000'92b4    0x30  Data  Gb  tgui.o [1]
tguiScreenFilesList     0x2000'92e4    0x30  Data  Gb  tgui.o [1]
tguiScreenFileview      0x2000'9374    0x30  Data  Gb  tgui.o [1]
tguiScreenInfo          0x2000'9254    0x30  Data  Gb  tgui.o [1]
tguiScreenLanguage      0x2000'9224    0x30  Data  Gb  tgui.o [1]
tguiScreenMain          0x2000'91c4    0x30  Data  Gb  tgui.o [1]
tguiScreenMovez         0x2000'9284    0x30  Data  Gb  tgui.o [1]
tguiScreenNumenter      0x2000'9344    0x30  Data  Gb  tgui.o [1]
tguiScreenPrint         0x2000'93a4    0x30  Data  Gb  tgui.o [1]
tguiScreenSaver         0x2000'9404    0x30  Data  Gb  tgui.o [1]
tguiScreenSaverButtons  0x2000'8f3c    0x58  Data  Gb  tgui.o [1]
tguiScreenService       0x2000'91f4    0x30  Data  Gb  tgui.o [1]
tguiScreenSettings      0x2000'9314    0x30  Data  Gb  tgui.o [1]
tguiScreenTimer         0x2000'96f0     0x1  Data  Gb  main.o [1]
tguiScreenUVTest        0x2000'9434    0x30  Data  Gb  tgui.o [1]
tguiTimer               0x2000'96ed     0x1  Data  Gb  main.o [1]
tmalloc_large            0x803'86b5   0x386  Code  Lc  dlmalloc.o [2]
tmalloc_small            0x803'8a3b   0x200  Code  Lc  dlmalloc.o [2]
tolower                  0x802'db11    0x14  Code  Gb  tolower.o [2]
touch_buff              0x2000'8dbc    0x60  Data  Gb  fst_spi.o [1]
touch_info              0x2000'95c8    0x10  Data  Gb  touch.o [1]
touch_point             0x2000'9678     0x4  Data  Gb  touch.o [1]
tstrcat(unsigned short *, unsigned short *)
                         0x802'0b77    0x2c  Code  Gb  unicode_utils.o [1]
tstrcat_utf(unsigned short *, char *)
                         0x802'0ba3    0x44  Code  Gb  unicode_utils.o [1]
tstrcpy(unsigned short *, unsigned short *)
                         0x802'0b55    0x22  Code  Gb  unicode_utils.o [1]
typeval                 0x2000'96fa     0x1  Data  Gb  tgui_numenterscreenfuncs.o [1]
u_tfname                0x2000'4c38   0x400  Data  Gb  main.o [1]
uc866                    0x804'3348   0x100  Data  Lc  ffunicode.o [1]
ufile                   0x1000'5cc0  0x1028  Data  Gb  main.o [1]
uv_image                0x2000'9702     0x1  Data  Gb  tgui_uvtestscreenfuncs.o [1]
uvdisp_on               0x2000'9701     0x1  Data  Gb  tgui_uvtestscreenfuncs.o [1]
uvfan_timer             0x2000'965c     0x4  Data  Gb  sys_timer.o [1]
uvled_timer             0x2000'9654     0x4  Data  Gb  sys_timer.o [1]
uvlight_on              0x2000'9700     0x1  Data  Gb  tgui_uvtestscreenfuncs.o [1]
uvpause_timer           0x2000'9658     0x4  Data  Gb  sys_timer.o [1]
uwTick                  0x2000'9648     0x4  Data  Gb  stm32f4xx_hal.o [1]
uwTickFreq              0x2000'033b     0x1  Data  Gb  stm32f4xx_hal.o [1]
uwTickPrio              0x2000'0084     0x4  Data  Gb  stm32f4xx_hal.o [1]
validate                 0x801'f51f    0x48  Code  Lc  ff.o [1]
wctob                    0x803'dc19    0x32  Code  Gb  wctob.o [2]
zDisTimer               0x2000'96ef     0x1  Data  Gb  main.o [1]
zHoldTimer              0x2000'96ee     0x1  Data  Gb  main.o [1]
zPlanner                0x2000'9706     0x1  Data  Gb  z_planner.o [1]


[1] = D:\Electronics\Projects\MKS_DLP_new\SRC\firmware\MKSDLP_Alter_Debug\Obj
[2] = dl7M_tlf.a
[3] = dlpp7M_tl_fc.a
[4] = m7M_tls.a
[5] = rt7M_tl.a
[6] = shb_l.a

  136 465 bytes of readonly  code memory
   84 958 bytes of readonly  data memory
  105 032 bytes of readwrite data memory

Errors: none
Warnings: none
