###############################################################################
#
# IAR ELF Linker V8.32.1.169/W32 for ARM                  04/Aug/2020  04:49:29
# Copyright 2007-2018 IAR Systems AB.
#
#    Output file  =  
#        D:\Electronics\Projects\MKS_DLP_new\SRC\firmware\MKSDLP_Alter_debug\Exe\MKS_DLP_new.out
#    Map file     =  
#        D:\Electronics\Projects\MKS_DLP_new\SRC\firmware\MKSDLP_Alter_debug\List\MKS_DLP_new.map
#    Command line =  
#        -f C:\Temp\EW5188.tmp
#        (D:\Electronics\Projects\MKS_DLP_new\SRC\firmware\MKSDLP_Alter_Debug\Obj\config.o
#        D:\Electronics\Projects\MKS_DLP_new\SRC\firmware\MKSDLP_Alter_Debug\Obj\datetime.o
#        D:\Electronics\Projects\MKS_DLP_new\SRC\firmware\MKSDLP_Alter_Debug\Obj\diskio.o
#        D:\Electronics\Projects\MKS_DLP_new\SRC\firmware\MKSDLP_Alter_Debug\Obj\fatfs.o
#        D:\Electronics\Projects\MKS_DLP_new\SRC\firmware\MKSDLP_Alter_Debug\Obj\ff.o
#        D:\Electronics\Projects\MKS_DLP_new\SRC\firmware\MKSDLP_Alter_Debug\Obj\ff_gen_drv.o
#        D:\Electronics\Projects\MKS_DLP_new\SRC\firmware\MKSDLP_Alter_Debug\Obj\ffsystem.o
#        D:\Electronics\Projects\MKS_DLP_new\SRC\firmware\MKSDLP_Alter_Debug\Obj\ffunicode.o
#        D:\Electronics\Projects\MKS_DLP_new\SRC\firmware\MKSDLP_Alter_Debug\Obj\fnt12.o
#        D:\Electronics\Projects\MKS_DLP_new\SRC\firmware\MKSDLP_Alter_Debug\Obj\fnt18.o
#        D:\Electronics\Projects\MKS_DLP_new\SRC\firmware\MKSDLP_Alter_Debug\Obj\fnt18bold.o
#        D:\Electronics\Projects\MKS_DLP_new\SRC\firmware\MKSDLP_Alter_Debug\Obj\fnt24.o
#        D:\Electronics\Projects\MKS_DLP_new\SRC\firmware\MKSDLP_Alter_Debug\Obj\fnt24bold.o
#        D:\Electronics\Projects\MKS_DLP_new\SRC\firmware\MKSDLP_Alter_Debug\Obj\fsmc.o
#        D:\Electronics\Projects\MKS_DLP_new\SRC\firmware\MKSDLP_Alter_Debug\Obj\fst_spi.o
#        D:\Electronics\Projects\MKS_DLP_new\SRC\firmware\MKSDLP_Alter_Debug\Obj\gpio.o
#        D:\Electronics\Projects\MKS_DLP_new\SRC\firmware\MKSDLP_Alter_Debug\Obj\languages.o
#        D:\Electronics\Projects\MKS_DLP_new\SRC\firmware\MKSDLP_Alter_Debug\Obj\lcd_low.o
#        D:\Electronics\Projects\MKS_DLP_new\SRC\firmware\MKSDLP_Alter_Debug\Obj\lcd_ui.o
#        D:\Electronics\Projects\MKS_DLP_new\SRC\firmware\MKSDLP_Alter_Debug\Obj\main.o
#        D:\Electronics\Projects\MKS_DLP_new\SRC\firmware\MKSDLP_Alter_Debug\Obj\motor.o
#        D:\Electronics\Projects\MKS_DLP_new\SRC\firmware\MKSDLP_Alter_Debug\Obj\rtc.o
#        D:\Electronics\Projects\MKS_DLP_new\SRC\firmware\MKSDLP_Alter_Debug\Obj\spi_flash.o
#        D:\Electronics\Projects\MKS_DLP_new\SRC\firmware\MKSDLP_Alter_Debug\Obj\spifl_diskio.o
#        D:\Electronics\Projects\MKS_DLP_new\SRC\firmware\MKSDLP_Alter_Debug\Obj\startup_stm32f407xx.o
#        D:\Electronics\Projects\MKS_DLP_new\SRC\firmware\MKSDLP_Alter_Debug\Obj\stm32f4xx_hal.o
#        D:\Electronics\Projects\MKS_DLP_new\SRC\firmware\MKSDLP_Alter_Debug\Obj\stm32f4xx_hal_cortex.o
#        D:\Electronics\Projects\MKS_DLP_new\SRC\firmware\MKSDLP_Alter_Debug\Obj\stm32f4xx_hal_dma.o
#        D:\Electronics\Projects\MKS_DLP_new\SRC\firmware\MKSDLP_Alter_Debug\Obj\stm32f4xx_hal_dma_ex.o
#        D:\Electronics\Projects\MKS_DLP_new\SRC\firmware\MKSDLP_Alter_Debug\Obj\stm32f4xx_hal_exti.o
#        D:\Electronics\Projects\MKS_DLP_new\SRC\firmware\MKSDLP_Alter_Debug\Obj\stm32f4xx_hal_flash.o
#        D:\Electronics\Projects\MKS_DLP_new\SRC\firmware\MKSDLP_Alter_Debug\Obj\stm32f4xx_hal_flash_ex.o
#        D:\Electronics\Projects\MKS_DLP_new\SRC\firmware\MKSDLP_Alter_Debug\Obj\stm32f4xx_hal_flash_ramfunc.o
#        D:\Electronics\Projects\MKS_DLP_new\SRC\firmware\MKSDLP_Alter_Debug\Obj\stm32f4xx_hal_gpio.o
#        D:\Electronics\Projects\MKS_DLP_new\SRC\firmware\MKSDLP_Alter_Debug\Obj\stm32f4xx_hal_hcd.o
#        D:\Electronics\Projects\MKS_DLP_new\SRC\firmware\MKSDLP_Alter_Debug\Obj\stm32f4xx_hal_msp.o
#        D:\Electronics\Projects\MKS_DLP_new\SRC\firmware\MKSDLP_Alter_Debug\Obj\stm32f4xx_hal_pwr.o
#        D:\Electronics\Projects\MKS_DLP_new\SRC\firmware\MKSDLP_Alter_Debug\Obj\stm32f4xx_hal_pwr_ex.o
#        D:\Electronics\Projects\MKS_DLP_new\SRC\firmware\MKSDLP_Alter_Debug\Obj\stm32f4xx_hal_rcc.o
#        D:\Electronics\Projects\MKS_DLP_new\SRC\firmware\MKSDLP_Alter_Debug\Obj\stm32f4xx_hal_rcc_ex.o
#        D:\Electronics\Projects\MKS_DLP_new\SRC\firmware\MKSDLP_Alter_Debug\Obj\stm32f4xx_hal_rtc.o
#        D:\Electronics\Projects\MKS_DLP_new\SRC\firmware\MKSDLP_Alter_Debug\Obj\stm32f4xx_hal_rtc_ex.o
#        D:\Electronics\Projects\MKS_DLP_new\SRC\firmware\MKSDLP_Alter_Debug\Obj\stm32f4xx_hal_spi.o
#        D:\Electronics\Projects\MKS_DLP_new\SRC\firmware\MKSDLP_Alter_Debug\Obj\stm32f4xx_hal_sram.o
#        D:\Electronics\Projects\MKS_DLP_new\SRC\firmware\MKSDLP_Alter_Debug\Obj\stm32f4xx_hal_tim.o
#        D:\Electronics\Projects\MKS_DLP_new\SRC\firmware\MKSDLP_Alter_Debug\Obj\stm32f4xx_hal_tim_ex.o
#        D:\Electronics\Projects\MKS_DLP_new\SRC\firmware\MKSDLP_Alter_Debug\Obj\stm32f4xx_it.o
#        D:\Electronics\Projects\MKS_DLP_new\SRC\firmware\MKSDLP_Alter_Debug\Obj\stm32f4xx_ll_fsmc.o
#        D:\Electronics\Projects\MKS_DLP_new\SRC\firmware\MKSDLP_Alter_Debug\Obj\stm32f4xx_ll_usb.o
#        D:\Electronics\Projects\MKS_DLP_new\SRC\firmware\MKSDLP_Alter_Debug\Obj\sys_timer.o
#        D:\Electronics\Projects\MKS_DLP_new\SRC\firmware\MKSDLP_Alter_Debug\Obj\system_stm32f4xx.o
#        D:\Electronics\Projects\MKS_DLP_new\SRC\firmware\MKSDLP_Alter_Debug\Obj\tgui.o
#        D:\Electronics\Projects\MKS_DLP_new\SRC\firmware\MKSDLP_Alter_Debug\Obj\tgui_defaultfuncs.o
#        D:\Electronics\Projects\MKS_DLP_new\SRC\firmware\MKSDLP_Alter_Debug\Obj\tgui_infoscreenfuncs.o
#        D:\Electronics\Projects\MKS_DLP_new\SRC\firmware\MKSDLP_Alter_Debug\Obj\tgui_langscreenfuncs.o
#        D:\Electronics\Projects\MKS_DLP_new\SRC\firmware\MKSDLP_Alter_Debug\Obj\tgui_mainscreenfuncs.o
#        D:\Electronics\Projects\MKS_DLP_new\SRC\firmware\MKSDLP_Alter_Debug\Obj\tim.o
#        D:\Electronics\Projects\MKS_DLP_new\SRC\firmware\MKSDLP_Alter_Debug\Obj\touch.o
#        D:\Electronics\Projects\MKS_DLP_new\SRC\firmware\MKSDLP_Alter_Debug\Obj\unicode_utils.o
#        D:\Electronics\Projects\MKS_DLP_new\SRC\firmware\MKSDLP_Alter_Debug\Obj\usb_host.o
#        D:\Electronics\Projects\MKS_DLP_new\SRC\firmware\MKSDLP_Alter_Debug\Obj\usbh_conf.o
#        D:\Electronics\Projects\MKS_DLP_new\SRC\firmware\MKSDLP_Alter_Debug\Obj\usbh_core.o
#        D:\Electronics\Projects\MKS_DLP_new\SRC\firmware\MKSDLP_Alter_Debug\Obj\usbh_ctlreq.o
#        D:\Electronics\Projects\MKS_DLP_new\SRC\firmware\MKSDLP_Alter_Debug\Obj\usbh_diskio.o
#        D:\Electronics\Projects\MKS_DLP_new\SRC\firmware\MKSDLP_Alter_Debug\Obj\usbh_ioreq.o
#        D:\Electronics\Projects\MKS_DLP_new\SRC\firmware\MKSDLP_Alter_Debug\Obj\usbh_msc.o
#        D:\Electronics\Projects\MKS_DLP_new\SRC\firmware\MKSDLP_Alter_Debug\Obj\usbh_msc_bot.o
#        D:\Electronics\Projects\MKS_DLP_new\SRC\firmware\MKSDLP_Alter_Debug\Obj\usbh_msc_scsi.o
#        D:\Electronics\Projects\MKS_DLP_new\SRC\firmware\MKSDLP_Alter_Debug\Obj\usbh_pipes.o
#        D:\Electronics\Projects\MKS_DLP_new\SRC\firmware\MKSDLP_Alter_Debug\Obj\usbh_platform.o
#        D:\Electronics\Projects\MKS_DLP_new\SRC\firmware\MKSDLP_Alter_Debug\Obj\z_endstops.o
#        D:\Electronics\Projects\MKS_DLP_new\SRC\firmware\MKSDLP_Alter_Debug\Obj\z_planner.o
#        D:\Electronics\Projects\MKS_DLP_new\SRC\firmware\MKSDLP_Alter_Debug\Obj\z_stepper.o
#        --redirect _Printf=_PrintfFull --redirect _Scanf=_ScanfFull
#        --no_out_extension -o
#        D:\Electronics\Projects\MKS_DLP_new\SRC\firmware\MKSDLP_Alter_debug\Exe\MKS_DLP_new.out
#        --map
#        D:\Electronics\Projects\MKS_DLP_new\SRC\firmware\MKSDLP_Alter_debug\List\MKS_DLP_new.map
#        --log libraries,call_graph --log_file
#        D:\Electronics\Projects\MKS_DLP_new\SRC\firmware\MKSDLP_Alter_debug\List\MKS_DLP_new.log
#        --config
#        D:\Electronics\Projects\MKS_DLP_new\SRC\firmware/config/stm32f407xx_flash.icf
#        --semihosting --entry __iar_program_start --merge_duplicate_sections
#        --vfe --text_out locale)
#
###############################################################################

*******************************************************************************
*** RUNTIME MODEL ATTRIBUTES
***

CppFlavor                     = *
__CPP_Exceptions              = Disabled
__CPP_Language                = C++14
__Heap_Handler                = DLMalloc
__SystemLibrary               = DLib
__dlib_dynamic_initialization = normal
__dlib_version                = 6


*******************************************************************************
*** HEAP SELECTION
***

The advanced heap was selected because the application calls memory
allocation functions outside of system library functions, and there
are calls to deallocation functions in the application.


*******************************************************************************
*** PLACEMENT SUMMARY
***

"A0":  place at 0x801'0000 { ro section .intvec };
"P1":  place in [from 0x801'0000 to 0x807'ffff] { ro };
define block CSTACK with size = 16K, alignment = 8 { };
define block HEAP with size = 8K, alignment = 8 { };
"P2":  place in [from 0x2000'0000 to 0x2001'ffff] {
          rw, block CSTACK, block HEAP };
"P3":  place in [from 0x1000'0000 to 0x1000'ffff] { rw section CCMRAM };
initialize by copy { rw };

  Section                Kind         Address     Size  Object
  -------                ----         -------     ----  ------
"A0":                                            0x188
  .intvec                ro code   0x801'0000    0x188  startup_stm32f407xx.o [1]
                                 - 0x801'0188    0x188

"P1":                                          0x1814d
  .text                  ro code   0x801'0188   0x2292  ff.o [1]
  .text                  ro code   0x801'241a     0x7a  lz77_init_single.o [5]
  .text                  ro code   0x801'2494     0xb0  diskio.o [1]
  .text                  ro code   0x801'2544    0x144  ffunicode.o [1]
  .text                  ro code   0x801'2688     0xd8  fatfs.o [1]
  .text                  ro code   0x801'2760     0x54  ff_gen_drv.o [1]
  .text                  ro code   0x801'27b4    0x418  stm32f4xx_hal_rtc.o [1]
  .text                  ro code   0x801'2bcc     0x36  strlen.o [5]
  .text                  ro code   0x801'2c02     0x3a  zero_init3.o [5]
  .text                  ro code   0x801'2c3c      0xc  stm32f4xx_hal.o [1]
  .rodata                const     0x801'2c48   0x2094  fnt24bold.o [1]
  .rodata                const     0x801'4cdc   0x195c  fnt24.o [1]
  .text                  ro code   0x801'6638   0x14e0  dlmalloc.o [2]
  .text                  ro code   0x801'7b18      0x6  abort.o [2]
  .text                  ro code   0x801'7b1e     0x1e  xencoding_8859_1.o [2]
  .text                  ro code   0x801'7b3c     0x2c  xgetmemchunk.o [2]
  .text                  ro code   0x801'7b68     0x14  exit.o [6]
  .text                  ro code   0x801'7b7c   0x1104  tgui.o [1]
  .text                  ro code   0x801'8c80     0x66  ABImemset.o [5]
  .text                  ro code   0x801'8ce6      0xa  xsprout.o [2]
  .text                  ro code   0x801'8cf0    0x968  tgui_defaultfuncs.o [1]
  .text                  ro code   0x801'9658     0xa6  ABImemcpy.o [5]
  .rodata                const     0x801'96fe      0x2  languages.o [1]
  .text                  ro code   0x801'9700     0x3c  languages.o [1]
  .text                  ro code   0x801'973c    0x120  sys_timer.o [1]
  .text                  ro code   0x801'985c     0x94  datetime.o [1]
  .text                  ro code   0x801'98f0     0x40  sprintf.o [2]
  .text                  ro code   0x801'9930    0xab4  lcd_ui.o [1]
  .text                  ro code   0x801'a3e4    0x1aa  unicode_utils.o [1]
  .rodata                const     0x801'a58e      0x2  languages.o [1]
  .text                  ro code   0x801'a590    0x580  lcd_low.o [1]
  .text                  ro code   0x801'ab10    0x274  touch.o [1]
  .text                  ro code   0x801'ad84    0xf46  xprintffull.o [2]
  .rodata                const     0x801'bcca      0x1  unwind_debug.o [6]
  .text                  ro code   0x801'bccc    0x252  stm32f4xx_hal_gpio.o [1]
  .text                  ro code   0x801'bf20     0x28  stm32f4xx_hal.o [1]
  .text                  ro code   0x801'bf48    0x114  fsmc.o [1]
  .text                  ro code   0x801'c05c    0x458  stm32f4xx_hal_dma.o [1]
  .text                  ro code   0x801'c4b4    0x12c  stm32f4xx_hal_cortex.o [1]
  .text                  ro code   0x801'c5e0    0x534  fst_spi.o [1]
  .text                  ro code   0x801'cb14     0x78  xlocale_c.o [2]
  .text                  ro code   0x801'cb8c     0x16  strchr.o [5]
  .text                  ro code   0x801'cba4     0x40  xfail_s.o [2]
  .text                  ro code   0x801'cbe4     0x58  memchr.o [5]
  .text                  ro code   0x801'cc3c      0xa  xmbcurmax.o [2]
  .text                  ro code   0x801'cc48    0x230  I64DivMod.o [5]
  .text                  ro code   0x801'ce78    0x1a2  DblMul.o [4]
  .text                  ro code   0x801'd01c     0x70  frexp.o [4]
  .text                  ro code   0x801'd08c     0x2e  DblCmpLe.o [4]
  .text                  ro code   0x801'd0bc     0x2e  DblCmpGe.o [4]
  .text                  ro code   0x801'd0ec    0x13a  ldexp.o [4]
  .text                  ro code   0x801'd228     0x3a  DblToS32.o [4]
  .text                  ro code   0x801'd264     0x22  S32ToDbl.o [4]
  .text                  ro code   0x801'd288     0xe2  DblSub.o [4]
  .text                  ro code   0x801'd36c    0x246  DblDiv.o [4]
  .text                  ro code   0x801'd5b4     0x28  DblToU32.o [4]
  .text                  ro code   0x801'd5dc     0x1a  U32ToDbl.o [4]
  .text                  ro code   0x801'd5f8      0x6  ABImemclr4.o [5]
  .text                  ro code   0x801'd600     0x5c  stm32f4xx_hal_sram.o [1]
  .text                  ro code   0x801'd65c    0x662  main.o [1]
  .text                  ro code   0x801'dcc0    0x5fa  stm32f4xx_hal_spi.o [1]
  .text                  ro code   0x801'e2ba      0x2  stm32f4xx_hal_spi.o [1]
  .text                  ro code   0x801'e2bc    0x16a  DblAdd.o [4]
  .text                  ro code   0x801'e428     0x32  ABImemset48.o [5]
  .text                  ro code   0x801'e45c     0xe4  stm32f4xx_ll_fsmc.o [1]
  .text                  ro code   0x801'e540     0x34  stm32f4xx_hal.o [1]
  .text                  ro code   0x801'e574    0x140  gpio.o [1]
  .text                  ro code   0x801'e6b4    0x304  spi_flash.o [1]
  .text                  ro code   0x801'e9b8     0xc8  rtc.o [1]
  .text                  ro code   0x801'ea80     0xa0  config.o [1]
  .text                  ro code   0x801'eb20    0x1e4  motor.o [1]
  .text                  ro code   0x801'ed04     0x20  usbh_platform.o [1]
  .text                  ro code   0x801'ed24     0x8c  usb_host.o [1]
  .text                  ro code   0x801'edb0     0x12  strcmp.o [5]
  .text                  ro code   0x801'edc4    0x3b4  stm32f4xx_hal_rcc.o [1]
  .text                  ro code   0x801'f178    0x1d4  stm32f4xx_hal_rcc.o [1]
  .text                  ro code   0x801'f34c    0x150  stm32f4xx_hal_rcc_ex.o [1]
  .text                  ro code   0x801'f49c     0x4c  stm32f4xx_hal.o [1]
  .text                  ro code   0x801'f4e8     0x40  stm32f4xx_hal_msp.o [1]
  .text                  ro code   0x801'f528     0x20  spi_flash.o [1]
  .text                  ro code   0x801'f548     0xf4  z_endstops.o [1]
  .text                  ro code   0x801'f63c    0x20c  z_planner.o [1]
  .text                  ro code   0x801'f848    0x58c  z_stepper.o [1]
  .text                  ro code   0x801'fdd4    0x1e8  tim.o [1]
  .text                  ro code   0x801'ffbc    0x78a  stm32f4xx_hal_tim.o [1]
  .text                  ro code   0x802'0748     0x48  FltToDbl.o [4]
  .text                  ro code   0x802'0790    0x79e  usbh_core.o [1]
  .text                  ro code   0x802'0f30     0x18  z_endstops.o [1]
  .text                  ro code   0x802'0f48     0x18  z_stepper.o [1]
  .text                  ro code   0x802'0f60      0xc  z_endstops.o [1]
  .text                  ro code   0x802'0f6c     0x24  z_planner.o [1]
  .text                  ro code   0x802'0f90     0x18  z_planner.o [1]
  .text                  ro code   0x802'0fa8      0x8  z_stepper.o [1]
  .text                  ro code   0x802'0fb0     0x20  z_stepper.o [1]
  .text                  ro code   0x802'0fd0     0x38  z_planner.o [1]
  .text                  ro code   0x802'1008     0x10  z_stepper.o [1]
  .text                  ro code   0x802'1018     0x2e  lroundf.o [4]
  .text                  ro code   0x802'1048     0x1c  z_stepper.o [1]
  .text                  ro code   0x802'1064     0x2c  z_stepper.o [1]
  .text                  ro code   0x802'1090     0x20  z_stepper.o [1]
  .text                  ro code   0x802'10b0      0xc  z_stepper.o [1]
  .text                  ro code   0x802'10bc     0xac  stm32f4xx_hal_tim_ex.o [1]
  .text                  ro code   0x802'1168    0x2f8  usbh_conf.o [1]
  .text                  ro code   0x802'1460     0xb6  usbh_pipes.o [1]
  .text                  ro code   0x802'1516    0x5bc  usbh_ctlreq.o [1]
  .text                  ro code   0x802'1ad2      0xe  z_planner.o [1]
  .text                  ro code   0x802'1ae0     0x1c  z_stepper.o [1]
  .text                  ro code   0x802'1afc     0x10  z_stepper.o [1]
  .text                  ro code   0x802'1b0c   0x1060  stm32f4xx_hal_hcd.o [1]
  .text                  ro code   0x802'2b6c     0xd0  usbh_ioreq.o [1]
  .text                  ro code   0x802'2c3c    0x9c4  stm32f4xx_ll_usb.o [1]
  .rodata                const     0x802'3600   0x10c8  fnt18bold.o [1]
  .rodata                const     0x802'46c8    0xea4  fnt18.o [1]
  .text                  ro code   0x802'556c    0x8b4  usbh_msc.o [1]
  .text                  ro code   0x802'5e20    0x394  usbh_msc_bot.o [1]
  .text                  ro code   0x802'61b4      0x4  heaptramp0.o [2]
  .text                  ro code   0x802'61b8    0x3ea  usbh_msc_scsi.o [1]
  .rodata                const     0x802'65a4    0x6b4  fnt12.o [1]
  .rodata                const     0x802'6c58    0x1f4  ffunicode.o [1]
  .text                  ro code   0x802'6e4c    0x144  usbh_diskio.o [1]
  .rodata                const     0x802'6f90    0x140  fnt12.o [1]
  .rodata                const     0x802'70d0    0x140  fnt18.o [1]
  .rodata                const     0x802'7210    0x140  fnt18bold.o [1]
  .rodata                const     0x802'7350    0x140  fnt24.o [1]
  .rodata                const     0x802'7490    0x140  fnt24bold.o [1]
  .rodata                const     0x802'75d0    0x100  ffunicode.o [1]
  .text                  ro code   0x802'76d0     0xf0  spifl_diskio.o [1]
  .rodata                const     0x802'77c0     0xbc  ffunicode.o [1]
  .text                  ro code   0x802'787c     0x9c  stm32f4xx_it.o [1]
  .text                  ro code   0x802'7918     0x98  tgui_infoscreenfuncs.o [1]
  .text                  ro code   0x802'79b0     0x1e  strcat.o [2]
  .rodata                const     0x802'79d0     0x80  ff.o [1]
  .rodata                const     0x802'7a50     0x7c  languages.o [1]
  .rodata                const     0x802'7acc     0x7c  languages.o [1]
  .rodata                const     0x802'7b48     0x38  main.o [1]
  .rodata                const     0x802'7b80     0x34  main.o [1]
  .rodata                const     0x802'7bb4     0x30  main.o [1]
  .rodata                const     0x802'7be4     0x30  main.o [1]
  .rodata                const     0x802'7c14     0x2c  main.o [1]
  .text                  ro code   0x802'7c40     0x28  data_init.o [5]
  .rodata                const     0x802'7c68     0x24  languages.o [1]
  .rodata                const     0x802'7c8c     0x24  main.o [1]
  .text                  ro code   0x802'7cb0     0x22  fpinit_M.o [4]
  .iar.init_table        const     0x802'7cd4     0x24  - Linker created -
  .rodata                const     0x802'7cf8     0x20  main.o [1]
  .text                  ro code   0x802'7d18     0x20  system_stm32f4xx.o [1]
  .text                  ro code   0x802'7d38     0x20  cmain_call_ctors.o [5]
  .text                  ro code   0x802'7d58     0x18  cppinit.o [2]
  .text                  ro code   0x802'7d70     0x1e  cmain.o [5]
  .text                  ro code   0x802'7d8e      0x4  low_level_init.o [2]
  .text                  ro code   0x802'7d92      0x4  exit.o [2]
  .text                  ro code   0x802'7d98      0xa  cexit.o [5]
  .rodata                const     0x802'7da4     0x1c  languages.o [1]
  .rodata                const     0x802'7dc0     0x18  languages.o [1]
  .rodata                const     0x802'7dd8     0x18  main.o [1]
  .rodata                const     0x802'7df0     0x18  main.o [1]
  .rodata                const     0x802'7e08     0x18  main.o [1]
  .rodata                const     0x802'7e20     0x14  spifl_diskio.o [1]
  .rodata                const     0x802'7e34     0x14  tgui.o [1]
  .rodata                const     0x802'7e48     0x14  tgui.o [1]
  .rodata                const     0x802'7e5c     0x14  usbh_diskio.o [1]
  .rodata                const     0x802'7e70     0x10  ff.o [1]
  .rodata                const     0x802'7e80     0x10  languages.o [1]
  .rodata                const     0x802'7e90     0x10  languages.o [1]
  .rodata                const     0x802'7ea0     0x10  languages.o [1]
  .rodata                const     0x802'7eb0     0x10  languages.o [1]
  .rodata                const     0x802'7ec0     0x10  main.o [1]
  .rodata                const     0x802'7ed0     0x10  main.o [1]
  .rodata                const     0x802'7ee0     0x10  system_stm32f4xx.o [1]
  .rodata                const     0x802'7ef0     0x10  tgui.o [1]
  .rodata                const     0x802'7f00     0x10  tgui.o [1]
  .rodata                const     0x802'7f10     0x10  tgui.o [1]
  .rodata                const     0x802'7f20     0x10  tgui_defaultfuncs.o [1]
  .text                  ro code   0x802'7f30     0x10  startup_stm32f407xx.o [1]
  .text                  ro code   0x802'7f40      0xe  tgui_langscreenfuncs.o [1]
  .rodata                const     0x802'7f50      0xc  ff.o [1]
  .rodata                const     0x802'7f5c      0xc  languages.o [1]
  .rodata                const     0x802'7f68      0xc  languages.o [1]
  .rodata                const     0x802'7f74      0xc  languages.o [1]
  .rodata                const     0x802'7f80      0xc  languages.o [1]
  .rodata                const     0x802'7f8c      0xc  languages.o [1]
  .rodata                const     0x802'7f98      0xc  languages.o [1]
  .rodata                const     0x802'7fa4      0xc  languages.o [1]
  .rodata                const     0x802'7fb0      0xc  languages.o [1]
  .rodata                const     0x802'7fbc      0xc  languages.o [1]
  .rodata                const     0x802'7fc8      0xc  main.o [1]
  .rodata                const     0x802'7fd4      0xc  main.o [1]
  .rodata                const     0x802'7fe0      0xc  tgui.o [1]
  .rodata                const     0x802'7fec      0xc  tgui_infoscreenfuncs.o [1]
  .text                  ro code   0x802'7ff8      0xc  cstartup_M.o [5]
  .rodata                const     0x802'8004      0x8  ff.o [1]
  .rodata                const     0x802'800c      0x8  ff.o [1]
  .rodata                const     0x802'8014      0x8  languages.o [1]
  .rodata                const     0x802'801c      0x8  languages.o [1]
  .rodata                const     0x802'8024      0x8  languages.o [1]
  .rodata                const     0x802'802c      0x8  languages.o [1]
  .rodata                const     0x802'8034      0x8  languages.o [1]
  .rodata                const     0x802'803c      0x8  languages.o [1]
  .rodata                const     0x802'8044      0x8  languages.o [1]
  .rodata                const     0x802'804c      0x8  languages.o [1]
  .rodata                const     0x802'8054      0x8  languages.o [1]
  .rodata                const     0x802'805c      0x8  languages.o [1]
  .rodata                const     0x802'8064      0x8  languages.o [1]
  .rodata                const     0x802'806c      0x8  languages.o [1]
  .rodata                const     0x802'8074      0x8  languages.o [1]
  .rodata                const     0x802'807c      0x8  languages.o [1]
  .rodata                const     0x802'8084      0x8  languages.o [1]
  .rodata                const     0x802'808c      0x8  languages.o [1]
  .rodata                const     0x802'8094      0x8  languages.o [1]
  .rodata                const     0x802'809c      0x8  languages.o [1]
  .rodata                const     0x802'80a4      0x8  languages.o [1]
  .rodata                const     0x802'80ac      0x8  languages.o [1]
  .rodata                const     0x802'80b4      0x8  languages.o [1]
  .rodata                const     0x802'80bc      0x8  languages.o [1]
  .rodata                const     0x802'80c4      0x8  languages.o [1]
  .rodata                const     0x802'80cc      0x8  main.o [1]
  .rodata                const     0x802'80d4      0x8  stm32f4xx_hal_dma.o [1]
  .rodata                const     0x802'80dc      0x8  tgui.o [1]
  .rodata                const     0x802'80e4      0x8  tgui.o [1]
  .rodata                const     0x802'80ec      0x8  tgui.o [1]
  .rodata                const     0x802'80f4      0x8  tgui.o [1]
  .rodata                const     0x802'80fc      0x8  tgui.o [1]
  .rodata                const     0x802'8104      0x8  tgui.o [1]
  .rodata                const     0x802'810c      0x8  tgui.o [1]
  .rodata                const     0x802'8114      0x8  tgui.o [1]
  .rodata                const     0x802'811c      0x8  tgui.o [1]
  .rodata                const     0x802'8124      0x8  tgui.o [1]
  .rodata                const     0x802'812c      0x8  tgui.o [1]
  .rodata                const     0x802'8134      0x8  tgui.o [1]
  .rodata                const     0x802'813c      0x8  tgui.o [1]
  .rodata                const     0x802'8144      0x8  tgui.o [1]
  .rodata                const     0x802'814c      0x8  tgui.o [1]
  .rodata                const     0x802'8154      0x8  tgui.o [1]
  .rodata                const     0x802'815c      0x8  tgui.o [1]
  .rodata                const     0x802'8164      0x8  tgui.o [1]
  .rodata                const     0x802'816c      0x8  tgui.o [1]
  .rodata                const     0x802'8174      0x8  tgui.o [1]
  .rodata                const     0x802'817c      0x8  tgui.o [1]
  .rodata                const     0x802'8184      0x8  tgui.o [1]
  .rodata                const     0x802'818c      0x8  tgui.o [1]
  .rodata                const     0x802'8194      0x8  tgui.o [1]
  .rodata                const     0x802'819c      0x8  tgui.o [1]
  .rodata                const     0x802'81a4      0x8  tgui.o [1]
  .rodata                const     0x802'81ac      0x8  tgui.o [1]
  .rodata                const     0x802'81b4      0x8  tgui.o [1]
  .rodata                const     0x802'81bc      0x8  tgui.o [1]
  .rodata                const     0x802'81c4      0x8  tim.o [1]
  .rodata                const     0x802'81cc      0x6  xlocale_c.o [2]
  .rodata                const     0x802'81d4      0x4  languages.o [1]
  .rodata                const     0x802'81d8      0x4  languages.o [1]
  .rodata                const     0x802'81dc      0x4  languages.o [1]
  .rodata                const     0x802'81e0      0x4  languages.o [1]
  .rodata                const     0x802'81e4      0x4  languages.o [1]
  .rodata                const     0x802'81e8      0x4  languages.o [1]
  .rodata                const     0x802'81ec      0x4  languages.o [1]
  .rodata                const     0x802'81f0      0x4  languages.o [1]
  .rodata                const     0x802'81f4      0x4  languages.o [1]
  .rodata                const     0x802'81f8      0x4  languages.o [1]
  .rodata                const     0x802'81fc      0x4  languages.o [1]
  .rodata                const     0x802'8200      0x4  languages.o [1]
  .rodata                const     0x802'8204      0x4  languages.o [1]
  .rodata                const     0x802'8208      0x4  languages.o [1]
  .rodata                const     0x802'820c      0x4  languages.o [1]
  .rodata                const     0x802'8210      0x4  languages.o [1]
  .rodata                const     0x802'8214      0x4  languages.o [1]
  .rodata                const     0x802'8218      0x4  languages.o [1]
  .rodata                const     0x802'821c      0x4  rtc.o [1]
  .rodata                const     0x802'8220      0x4  usbh_msc.o [1]
  .text                  ro code   0x802'8224      0x4  startup_stm32f407xx.o [1]
  SHT$$PREINIT_ARRAY               0x802'8228      0x0  <Block>
  SHT$$INIT_ARRAY                  0x802'8228      0x4  <Block>
    .init_array          const     0x802'8228      0x4  z_planner.o [1]
  __iar_tls$$INIT_ARRAY            0x802'822c      0x0  <Block>
  .rodata                const     0x802'822c      0x0  zero_init3.o [5]
  .rodata                const     0x802'822c      0x0  lz77_init_single.o [5]
  Initializer bytes      const     0x802'822c     0xa9  <for P2-1>
                                 - 0x802'82d5  0x1814d

"P3":                                           0x5478
  CCMRAM                 uninit   0x1000'0000   0x2000  main.o [1]
  CCMRAM                 uninit   0x1000'2000   0x1028  main.o [1]
  CCMRAM                 uninit   0x1000'3028   0x1028  main.o [1]
  CCMRAM                 uninit   0x1000'4050   0x1028  tgui.o [1]
  CCMRAM                 uninit   0x1000'5078    0x400  tgui.o [1]
                                - 0x1000'5478   0x5478

"P2", part 1 of 3:                               0x109
  P2-1                            0x2000'0000    0x109  <Init block>
    .data                inited   0x2000'0000      0xc  fnt12.o [1]
    .data                inited   0x2000'000c      0xc  fnt18.o [1]
    .data                inited   0x2000'0018      0xc  fnt18bold.o [1]
    .data                inited   0x2000'0024      0xc  fnt24.o [1]
    .data                inited   0x2000'0030      0xc  fnt24bold.o [1]
    .data                inited   0x2000'003c     0x10  languages.o [1]
    .data                inited   0x2000'004c      0x4  languages.o [1]
    .data                inited   0x2000'0050      0x4  lcd_ui.o [1]
    .data                inited   0x2000'0054      0x4  stm32f4xx_hal.o [1]
    .data                inited   0x2000'0058      0x4  system_stm32f4xx.o [1]
    .data                inited   0x2000'005c     0x20  usbh_msc.o [1]
    .data                inited   0x2000'007c      0x4  z_stepper.o [1]
    .data                inited   0x2000'0080     0x38  xlocale_c.o [2]
    .data                inited   0x2000'00b8     0x48  xlocale_c.o [2]
    .data                inited   0x2000'0100      0x2  lcd_ui.o [1]
    .data                inited   0x2000'0102      0x2  lcd_ui.o [1]
    .data                inited   0x2000'0104      0x2  lcd_ui.o [1]
    .data                inited   0x2000'0106      0x1  lcd_ui.o [1]
    .data                inited   0x2000'0107      0x1  stm32f4xx_hal.o [1]
    .data                inited   0x2000'0108      0x1  tgui_defaultfuncs.o [1]
                                - 0x2000'0109    0x109

"P2", part 2 of 3:                              0x4dc4
  .bss                   zero     0x2000'010c   0x1038  fatfs.o [1]
  .bss                   zero     0x2000'1144   0x1038  fatfs.o [1]
  .bss                   zero     0x2000'217c    0x400  main.o [1]
  .bss                   zero     0x2000'257c    0x400  main.o [1]
  .bss                   zero     0x2000'297c    0x400  main.o [1]
  .bss                   zero     0x2000'2d7c    0x3d8  usb_host.o [1]
  .bss                   zero     0x2000'3154    0x348  tgui.o [1]
  .bss                   zero     0x2000'349c    0x2c4  usbh_conf.o [1]
  .bss                   zero     0x2000'3760    0x24c  tgui.o [1]
  .bss                   zero     0x2000'39ac    0x224  main.o [1]
  .bss                   zero     0x2000'3bd0    0x200  ff.o [1]
  .bss                   zero     0x2000'3dd0    0x200  main.o [1]
  .bss                   zero     0x2000'3fd0    0x200  z_planner.o [1]
  .bss                   zero     0x2000'41d0    0x1d8  dlmalloc.o [2]
  .bss                   zero     0x2000'43a8    0x150  tgui.o [1]
  .bss                   zero     0x2000'44f8    0x100  sys_timer.o [1]
  .bss                   zero     0x2000'45f8     0xfc  tgui.o [1]
  .bss                   zero     0x2000'46f4     0xfc  tgui.o [1]
  .bss                   zero     0x2000'47f0     0x80  fst_spi.o [1]
  .bss                   zero     0x2000'4870     0x80  fst_spi.o [1]
  .bss                   zero     0x2000'48f0     0x60  fst_spi.o [1]
  .bss                   zero     0x2000'4950     0x60  fst_spi.o [1]
  .bss                   zero     0x2000'49b0     0x60  fst_spi.o [1]
  .bss                   zero     0x2000'4a10     0x60  fst_spi.o [1]
  .bss                   zero     0x2000'4a70     0x60  fst_spi.o [1]
  .bss                   zero     0x2000'4ad0     0x60  lcd_low.o [1]
  .bss                   zero     0x2000'4b30     0x50  fsmc.o [1]
  .bss                   zero     0x2000'4b80     0x40  config.o [1]
  .bss                   zero     0x2000'4bc0     0x40  tim.o [1]
  .bss                   zero     0x2000'4c00     0x40  tim.o [1]
  .bss                   zero     0x2000'4c40     0x34  main.o [1]
  .bss                   zero     0x2000'4c74     0x30  tgui.o [1]
  .bss                   zero     0x2000'4ca4     0x30  tgui.o [1]
  .bss                   zero     0x2000'4cd4     0x30  tgui.o [1]
  .bss                   zero     0x2000'4d04     0x30  tgui.o [1]
  .bss                   zero     0x2000'4d34     0x30  tgui.o [1]
  .bss                   zero     0x2000'4d64     0x28  z_planner.o [1]
  .bss                   zero     0x2000'4d8c     0x20  rtc.o [1]
  .bss                   zero     0x2000'4dac     0x20  tgui.o [1]
  .bss                   zero     0x2000'4dcc     0x18  dlmalloc.o [2]
  .bss                   zero     0x2000'4de4     0x10  ff_gen_drv.o [1]
  .bss                   zero     0x2000'4df4     0x10  touch.o [1]
  .bss                   zero     0x2000'4e04      0xc  config.o [1]
  .bss                   zero     0x2000'4e10      0xc  spi_flash.o [1]
  .bss                   zero     0x2000'4e1c      0x8  fatfs.o [1]
  .bss                   zero     0x2000'4e24      0x8  fatfs.o [1]
  .bss                   zero     0x2000'4e2c      0x8  ff.o [1]
  .bss                   zero     0x2000'4e34      0x4  fsmc.o [1]
  .bss                   zero     0x2000'4e38      0x4  motor.o [1]
  .bss                   zero     0x2000'4e3c      0x4  spi_flash.o [1]
  .bss                   zero     0x2000'4e40      0x4  spi_flash.o [1]
  .bss                   zero     0x2000'4e44      0x4  stm32f4xx_hal.o [1]
  .bss                   zero     0x2000'4e48      0x4  stm32f4xx_ll_usb.o [1]
  .bss                   zero     0x2000'4e4c      0x4  tgui.o [1]
  .bss                   zero     0x2000'4e50      0x4  touch.o [1]
  .bss                   zero     0x2000'4e54      0x4  z_planner.o [1]
  .bss                   zero     0x2000'4e58      0x4  z_planner.o [1]
  .bss                   zero     0x2000'4e5c      0x4  z_planner.o [1]
  .bss                   zero     0x2000'4e60      0x4  z_planner.o [1]
  .bss                   zero     0x2000'4e64      0x4  z_planner.o [1]
  .bss                   zero     0x2000'4e68      0x4  z_planner.o [1]
  .bss                   zero     0x2000'4e6c      0x4  z_stepper.o [1]
  .bss                   zero     0x2000'4e70      0x4  z_stepper.o [1]
  .bss                   zero     0x2000'4e74      0x4  z_stepper.o [1]
  .bss                   zero     0x2000'4e78      0x4  z_stepper.o [1]
  .bss                   zero     0x2000'4e7c      0x4  z_stepper.o [1]
  .bss                   zero     0x2000'4e80      0x4  z_stepper.o [1]
  .bss                   zero     0x2000'4e84      0x4  z_stepper.o [1]
  .bss                   zero     0x2000'4e88      0x4  z_stepper.o [1]
  .bss                   zero     0x2000'4e8c      0x4  z_stepper.o [1]
  .bss                   zero     0x2000'4e90      0x4  z_stepper.o [1]
  .bss                   zero     0x2000'4e94      0x4  z_stepper.o [1]
  .bss                   zero     0x2000'4e98      0x4  z_stepper.o [1]
  .bss                   zero     0x2000'4e9c      0x4  z_stepper.o [1]
  .bss                   zero     0x2000'4ea0      0x4  z_stepper.o [1]
  .bss                   zero     0x2000'4ea4      0x4  xfail_s.o [2]
  .bss                   zero     0x2000'4ea8      0x4  xgetmemchunk.o [2]
  .bss                   zero     0x2000'4eac      0x2  ff.o [1]
  .bss                   zero     0x2000'4eae      0x2  lcd_low.o [1]
  .bss                   zero     0x2000'4eb0      0x2  lcd_ui.o [1]
  .bss                   zero     0x2000'4eb2      0x2  lcd_ui.o [1]
  .bss                   zero     0x2000'4eb4      0x2  lcd_ui.o [1]
  .bss                   zero     0x2000'4eb6      0x2  z_planner.o [1]
  .bss                   zero     0x2000'4eb8      0x1  fatfs.o [1]
  .bss                   zero     0x2000'4eb9      0x1  fatfs.o [1]
  .bss                   zero     0x2000'4eba      0x1  main.o [1]
  .bss                   zero     0x2000'4ebb      0x1  main.o [1]
  .bss                   zero     0x2000'4ebc      0x1  main.o [1]
  .bss                   zero     0x2000'4ebd      0x1  main.o [1]
  .bss                   zero     0x2000'4ebe      0x1  tgui_defaultfuncs.o [1]
  .bss                   zero     0x2000'4ebf      0x1  usb_host.o [1]
  .bss                   zero     0x2000'4ec0      0x1  z_endstops.o [1]
  .bss                   zero     0x2000'4ec1      0x1  z_endstops.o [1]
  .bss                   zero     0x2000'4ec2      0x1  z_planner.o [1]
  .bss                   zero     0x2000'4ec3      0x1  z_planner.o [1]
  .bss                   zero     0x2000'4ec4      0x1  z_planner.o [1]
  .bss                   zero     0x2000'4ec5      0x1  z_planner.o [1]
  .bss                   zero     0x2000'4ec6      0x1  z_planner.o [1]
  .bss                   zero     0x2000'4ec7      0x1  z_planner.o [1]
  .bss                   zero     0x2000'4ec8      0x1  z_stepper.o [1]
  .bss                   zero     0x2000'4ec9      0x1  z_stepper.o [1]
  .bss                   zero     0x2000'4eca      0x1  z_stepper.o [1]
  .bss                   zero     0x2000'4ecb      0x1  z_stepper.o [1]
  .bss                   zero     0x2000'4ecc      0x1  z_stepper.o [1]
                                - 0x2000'4ecd   0x4dc1

"P2", part 3 of 3:                              0x7200
  .noinit                uninit   0x2000'4ed0   0x1000  tgui.o [1]
  .noinit                uninit   0x2000'5ed0    0x200  tgui.o [1]
  CSTACK                          0x2000'60d0   0x4000  <Block>
    CSTACK               uninit   0x2000'60d0   0x4000  <Block tail>
  HEAP                            0x2000'a0d0   0x2000  <Block>
    HEAP                 uninit   0x2000'a0d0   0x2000  <Block tail>
                                - 0x2000'c0d0   0x7200

Unused ranges:

         From           To      Size
         ----           --      ----
   0x802'82d5   0x807'ffff  0x5'7d2b
  0x1000'5478  0x1000'ffff    0xab88
  0x2000'0109  0x2000'010b       0x3
  0x2000'c0d0  0x2001'ffff  0x1'3f30


*******************************************************************************
*** INIT TABLE
***

          Address      Size
          -------      ----
Zero (__iar_zero_init3)
    1 destination range, total size 0x4dc1:
          0x2000'010c  0x4dc1

Copy/lz77 (__iar_lz77_init_single3)
    1 source range, total size 0xa9 (63% of destination):
           0x802'822c    0xa9
    1 destination range, total size 0x109:
          0x2000'0000   0x109

Extra (__iar_cstart_call_ctors)



*******************************************************************************
*** MODULE SUMMARY
***

    Module                  ro code  ro data  rw data
    ------                  -------  -------  -------
command line/config:
    -------------------------------------------------
    Total:

D:\Electronics\Projects\MKS_DLP_new\SRC\firmware\MKSDLP_Alter_Debug\Obj: [1]
    config.o                    160                76
    datetime.o                  148
    diskio.o                    176
    fatfs.o                     216             8 322
    ff.o                      8 850      172      522
    ff_gen_drv.o                 84                16
    ffunicode.o                 324      944
    fnt12.o                            2 043       12
    fnt18.o                            4 076       12
    fnt18bold.o                        4 623       12
    fnt24.o                            6 820       12
    fnt24bold.o                        8 668       12
    fsmc.o                      276                84
    fst_spi.o                 1 332               736
    gpio.o                      320
    languages.o                  60      781       20
    lcd_low.o                 1 408                98
    lcd_ui.o                  2 740        6       17
    main.o                    1 634      452   20 652
    motor.o                     484                 4
    rtc.o                       200        4       32
    spi_flash.o                 804                20
    spifl_diskio.o              240       20
    startup_stm32f407xx.o       412
    stm32f4xx_hal.o             180        4        9
    stm32f4xx_hal_cortex.o      300
    stm32f4xx_hal_dma.o       1 112        8
    stm32f4xx_hal_gpio.o        594
    stm32f4xx_hal_hcd.o       4 192
    stm32f4xx_hal_msp.o          64
    stm32f4xx_hal_rcc.o       1 416
    stm32f4xx_hal_rcc_ex.o      336
    stm32f4xx_hal_rtc.o       1 048
    stm32f4xx_hal_spi.o       1 532
    stm32f4xx_hal_sram.o         92
    stm32f4xx_hal_tim.o       1 930
    stm32f4xx_hal_tim_ex.o      172
    stm32f4xx_it.o              156
    stm32f4xx_ll_fsmc.o         228
    stm32f4xx_ll_usb.o        2 500                 4
    sys_timer.o                 288               256
    system_stm32f4xx.o           32       18        4
    tgui.o                    4 356      332   12 312
    tgui_defaultfuncs.o       2 408       17        2
    tgui_infoscreenfuncs.o      152       12
    tgui_langscreenfuncs.o       14
    tim.o                       488        8      128
    touch.o                     628                20
    unicode_utils.o             426
    usb_host.o                  140               985
    usbh_conf.o                 760               708
    usbh_core.o               1 950
    usbh_ctlreq.o             1 468
    usbh_diskio.o               324       20
    usbh_ioreq.o                208
    usbh_msc.o                2 228       25       32
    usbh_msc_bot.o              916
    usbh_msc_scsi.o           1 002
    usbh_pipes.o                182
    usbh_platform.o              32
    z_endstops.o                280                 2
    z_planner.o                 654        4      584
    z_stepper.o               1 660        2       65
    -------------------------------------------------
    Total:                   56 316   29 059   45 770

dl7M_tlf.a: [2]
    abort.o                       6
    cppinit.o                    24
    dlmalloc.o                5 344               496
    exit.o                        4
    heaptramp0.o                  4
    low_level_init.o              4
    sprintf.o                    64
    strcat.o                     30
    xencoding_8859_1.o           30
    xfail_s.o                    64                 4
    xgetmemchunk.o               44                 4
    xlocale_c.o                 120       88      128
    xmbcurmax.o                  10
    xprintffull.o             3 910
    xsprout.o                    10
    -------------------------------------------------
    Total:                    9 668       88      632

dlpp7M_tl_fc.a: [3]
    -------------------------------------------------
    Total:

m7M_tls.a: [4]
    DblAdd.o                    362
    DblCmpGe.o                   46
    DblCmpLe.o                   46
    DblDiv.o                    582
    DblMul.o                    418
    DblSub.o                    226
    DblToS32.o                   58
    DblToU32.o                   40
    FltToDbl.o                   72
    S32ToDbl.o                   34
    U32ToDbl.o                   26
    fpinit_M.o                   34
    frexp.o                     112
    ldexp.o                     314
    lroundf.o                    46
    -------------------------------------------------
    Total:                    2 416

rt7M_tl.a: [5]
    ABImemclr4.o                  6
    ABImemcpy.o                 166
    ABImemset.o                 102
    ABImemset48.o                50
    I64DivMod.o                 560
    cexit.o                      10
    cmain.o                      30
    cmain_call_ctors.o           32
    cstartup_M.o                 12
    data_init.o                  40
    lz77_init_single.o          122
    memchr.o                     88
    strchr.o                     22
    strcmp.o                     18
    strlen.o                     54
    zero_init3.o                 58
    -------------------------------------------------
    Total:                    1 370

shb_l.a: [6]
    exit.o                       20
    unwind_debug.o                         1
    -------------------------------------------------
    Total:                       20        1

    Gaps                         43       12
    Linker created                        36   24 576
-----------------------------------------------------
    Grand Total:             69 833   29 196   70 978


*******************************************************************************
*** ENTRY LIST
***

Entry                       Address    Size  Type      Object
-----                       -------    ----  ----      ------
.iar.init_table$$Base    0x802'7cd4           --   Gb  - Linker created -
.iar.init_table$$Limit   0x802'7cf8           --   Gb  - Linker created -
?main                    0x802'7d71          Code  Gb  cmain.o [5]
AHBPrescTable            0x802'7ee0    0x10  Data  Gb  system_stm32f4xx.o [1]
Appli_state             0x2000'4ebf     0x1  Data  Gb  usb_host.o [1]
Appli_state_old         0x2000'4eba     0x1  Data  Gb  main.o [1]
BusFault_Handler         0x802'7883     0x2  Code  Gb  stm32f4xx_it.o [1]
CFG_Init()               0x801'ea81    0xa0  Code  Gb  config.o [1]
CSTACK$$Base            0x2000'60d0           --   Gb  - Linker created -
CSTACK$$Limit           0x2000'a0d0           --   Gb  - Linker created -
CacheMore                0x801'cb19    0x24  Code  Lc  xlocale_c.o [2]
DMA1_Stream3_IRQHandler
                         0x802'7895     0xa  Code  Gb  stm32f4xx_it.o [1]
DMA1_Stream4_IRQHandler
                         0x802'789f     0xa  Code  Gb  stm32f4xx_it.o [1]
DMA2_Stream2_IRQHandler
                         0x802'78bd     0xa  Code  Gb  stm32f4xx_it.o [1]
DMA2_Stream5_IRQHandler
                         0x802'78c7     0xa  Code  Gb  stm32f4xx_it.o [1]
DMA2_Stream7_IRQHandler
                         0x802'78b3     0xa  Code  Gb  stm32f4xx_it.o [1]
DMA_CalcBaseAndBitshift
                         0x801'c3ef    0x30  Code  Lc  stm32f4xx_hal_dma.o [1]
DMA_CalcBaseAndBitshift::flagBitshiftOffset
                         0x802'80d4     0x8  Data  Lc  stm32f4xx_hal_dma.o [1]
DMA_CheckFifoParam       0x801'c42d    0x88  Code  Lc  stm32f4xx_hal_dma.o [1]
DMA_SetConfig            0x801'c3c1    0x2e  Code  Lc  stm32f4xx_hal_dma.o [1]
DTIME_GetDateTime(DATETIME_STRUCT *)
                         0x801'9873    0x76  Code  Gb  datetime.o [1]
DTIME_GetMinutes()       0x801'985d    0x16  Code  Gb  datetime.o [1]
DeInitStateMachine       0x802'07e1    0x66  Code  Lc  usbh_core.o [1]
DebugMon_Handler         0x802'7889     0x2  Code  Gb  stm32f4xx_it.o [1]
DeviceCode              0x2000'4eae     0x2  Data  Gb  lcd_low.o [1]
EXTI0_IRQHandler         0x802'78fd     0xe  Code  Gb  stm32f4xx_it.o [1]
EXTI2_IRQHandler         0x802'790b     0xe  Code  Gb  stm32f4xx_it.o [1]
Endstops::hit_state     0x2000'4ec0     0x1  Data  Gb  z_endstops.o [1]
Endstops::init()         0x801'f551    0x44  Code  Gb  z_endstops.o [1]
Endstops::live_state    0x2000'4ec1     0x1  Data  Gb  z_endstops.o [1]
Endstops::state()        0x802'0f61     0xc  Code  Gb  z_endstops.o [1]
Endstops::update()       0x801'f595    0x94  Code  Gb  z_endstops.o [1]
EndstopsInterrupt        0x801'f549     0x8  Code  Gb  z_endstops.o [1]
Error_Handler            0x801'dcbd     0x2  Code  Gb  main.o [1]
ExCvt                    0x802'79d0    0x80  Data  Lc  ff.o [1]
FATFS_GetFileExtension   0x801'26f5    0x4a  Code  Gb  fatfs.o [1]
FATFS_Init               0x801'2689    0x1c  Code  Gb  fatfs.o [1]
FATFS_LinkDriver         0x801'27a5     0xa  Code  Gb  ff_gen_drv.o [1]
FATFS_LinkDriverEx       0x801'2761    0x44  Code  Gb  ff_gen_drv.o [1]
FLASH_SPIEnable          0x801'c883   0x188  Code  Gb  fst_spi.o [1]
FLASH_SPIInit            0x801'c825    0x5e  Code  Gb  fst_spi.o [1]
FLASH_SPIReadBuff        0x801'ca55    0x40  Code  Gb  fst_spi.o [1]
FLASH_SPIReadBuffDMA     0x801'ca95    0x2e  Code  Gb  fst_spi.o [1]
FLASH_SPISetSpeed        0x801'ca0b    0x1c  Code  Gb  fst_spi.o [1]
FLASH_SPIWriteReadByte   0x801'ca27    0x2e  Code  Gb  fst_spi.o [1]
FSMC_Initialized        0x2000'4e34     0x4  Data  Lc  fsmc.o [1]
FSMC_NORSRAM_Extended_Timing_Init
                         0x801'e4f9    0x40  Code  Gb  stm32f4xx_ll_fsmc.o [1]
FSMC_NORSRAM_Init        0x801'e45d    0x58  Code  Gb  stm32f4xx_ll_fsmc.o [1]
FSMC_NORSRAM_Timing_Init
                         0x801'e4b5    0x44  Code  Gb  stm32f4xx_ll_fsmc.o [1]
FatFs                   0x2000'4e2c     0x8  Data  Lc  ff.o [1]
Fsid                    0x2000'4eac     0x2  Data  Lc  ff.o [1]
GPIO_Init                0x801'e575   0x140  Code  Gb  gpio.o [1]
HAL_DMA_GetState         0x801'c3bb     0x6  Code  Gb  stm32f4xx_hal_dma.o [1]
HAL_DMA_IRQHandler       0x801'c1b1   0x20a  Code  Gb  stm32f4xx_hal_dma.o [1]
HAL_DMA_Init             0x801'c05d    0xe0  Code  Gb  stm32f4xx_hal_dma.o [1]
HAL_DMA_Start_IT         0x801'c13d    0x74  Code  Gb  stm32f4xx_hal_dma.o [1]
HAL_Delay                0x801'bf21    0x28  Code  Wk  stm32f4xx_hal.o [1]
HAL_FSMC_MspInit         0x801'bfcb    0x70  Code  Gb  fsmc.o [1]
HAL_GPIO_EXTI_IRQHandler
                         0x801'bec3    0x1c  Code  Gb  stm32f4xx_hal_gpio.o [1]
HAL_GPIO_Init            0x801'bccd   0x1d0  Code  Gb  stm32f4xx_hal_gpio.o [1]
HAL_GPIO_ReadPin         0x801'be9d    0x12  Code  Gb  stm32f4xx_hal_gpio.o [1]
HAL_GPIO_WritePin        0x801'beaf    0x14  Code  Gb  stm32f4xx_hal_gpio.o [1]
HAL_GetTick              0x801'2c3d     0xc  Code  Wk  stm32f4xx_hal.o [1]
HAL_HCD_Connect_Callback
                         0x802'11f7     0xc  Code  Gb  usbh_conf.o [1]
HAL_HCD_Disconnect_Callback
                         0x802'1203     0xc  Code  Gb  usbh_conf.o [1]
HAL_HCD_GetCurrentFrame
                         0x802'201d     0xa  Code  Gb  stm32f4xx_hal_hcd.o [1]
HAL_HCD_GetCurrentSpeed
                         0x802'2027     0xa  Code  Gb  stm32f4xx_hal_hcd.o [1]
HAL_HCD_HC_GetURBState   0x802'2003     0xe  Code  Gb  stm32f4xx_hal_hcd.o [1]
HAL_HCD_HC_GetXferCount
                         0x802'2011     0xc  Code  Gb  stm32f4xx_hal_hcd.o [1]
HAL_HCD_HC_Halt          0x802'1c4d    0x2c  Code  Gb  stm32f4xx_hal_hcd.o [1]
HAL_HCD_HC_Init          0x802'1b83    0xca  Code  Gb  stm32f4xx_hal_hcd.o [1]
HAL_HCD_HC_NotifyURBChange_Callback
                         0x802'120f     0x2  Code  Gb  usbh_conf.o [1]
HAL_HCD_HC_SubmitRequest
                         0x802'1c79   0x1f8  Code  Gb  stm32f4xx_hal_hcd.o [1]
HAL_HCD_IRQHandler       0x802'1e71   0x134  Code  Gb  stm32f4xx_hal_hcd.o [1]
HAL_HCD_Init             0x802'1b0d    0x76  Code  Gb  stm32f4xx_hal_hcd.o [1]
HAL_HCD_MspInit          0x802'1169    0x82  Code  Gb  usbh_conf.o [1]
HAL_HCD_PortDisabled_Callback
                         0x802'121d     0xc  Code  Gb  usbh_conf.o [1]
HAL_HCD_PortEnabled_Callback
                         0x802'1211     0xc  Code  Gb  usbh_conf.o [1]
HAL_HCD_ResetPort        0x802'1ff9     0xa  Code  Gb  stm32f4xx_hal_hcd.o [1]
HAL_HCD_SOF_Callback     0x802'11eb     0xc  Code  Gb  usbh_conf.o [1]
HAL_HCD_Start            0x802'1fa5    0x2e  Code  Gb  stm32f4xx_hal_hcd.o [1]
HAL_HCD_Stop             0x802'1fd3    0x26  Code  Gb  stm32f4xx_hal_hcd.o [1]
HAL_IncTick              0x801'973d    0x58  Code  Gb  sys_timer.o [1]
HAL_Init                 0x801'e541    0x30  Code  Gb  stm32f4xx_hal.o [1]
HAL_InitTick             0x801'f49d    0x4c  Code  Wk  stm32f4xx_hal.o [1]
HAL_MspInit              0x801'f4e9    0x40  Code  Gb  stm32f4xx_hal_msp.o [1]
HAL_NVIC_EnableIRQ       0x801'c5ad     0xa  Code  Gb  stm32f4xx_hal_cortex.o [1]
HAL_NVIC_SetPriority     0x801'c58b    0x22  Code  Gb  stm32f4xx_hal_cortex.o [1]
HAL_NVIC_SetPriorityGrouping
                         0x801'c583     0x8  Code  Gb  stm32f4xx_hal_cortex.o [1]
HAL_RCCEx_PeriphCLKConfig
                         0x801'f34d   0x12c  Code  Gb  stm32f4xx_hal_rcc_ex.o [1]
HAL_RCC_ClockConfig      0x801'f179   0x13a  Code  Gb  stm32f4xx_hal_rcc.o [1]
HAL_RCC_GetSysClockFreq
                         0x801'f2cd    0x80  Code  Wk  stm32f4xx_hal_rcc.o [1]
HAL_RCC_OscConfig        0x801'edc5   0x3b4  Code  Wk  stm32f4xx_hal_rcc.o [1]
HAL_RTC_GetDate          0x801'2acf    0x4e  Code  Gb  stm32f4xx_hal_rtc.o [1]
HAL_RTC_GetTime          0x801'2987    0x62  Code  Gb  stm32f4xx_hal_rtc.o [1]
HAL_RTC_Init             0x801'27b5    0xcc  Code  Gb  stm32f4xx_hal_rtc.o [1]
HAL_RTC_SetDate          0x801'29e9    0xe6  Code  Gb  stm32f4xx_hal_rtc.o [1]
HAL_RTC_SetTime          0x801'2881   0x106  Code  Gb  stm32f4xx_hal_rtc.o [1]
HAL_RTC_WaitForSynchro   0x801'2b29    0x36  Code  Gb  stm32f4xx_hal_rtc.o [1]
HAL_SPI_Init             0x801'dcc1    0xca  Code  Gb  stm32f4xx_hal_spi.o [1]
HAL_SPI_Receive_DMA      0x801'ddb1   0x106  Code  Gb  stm32f4xx_hal_spi.o [1]
HAL_SPI_TransmitReceive_DMA
                         0x801'deb7   0x156  Code  Gb  stm32f4xx_hal_spi.o [1]
HAL_SPI_TxRxCpltCallback
                         0x801'c5e1    0x1e  Code  Gb  fst_spi.o [1]
HAL_SRAM_Init            0x801'd601    0x5c  Code  Gb  stm32f4xx_hal_sram.o [1]
HAL_SRAM_MspInit         0x801'c03b     0x8  Code  Gb  fsmc.o [1]
HAL_SYSTICK_Config       0x801'c5b7     0x8  Code  Gb  stm32f4xx_hal_cortex.o [1]
HAL_TIMEx_MasterConfigSynchronization
                         0x802'10bd    0x8c  Code  Gb  stm32f4xx_hal_tim_ex.o [1]
HAL_TIM_Base_Init        0x801'ffbd    0x38  Code  Gb  stm32f4xx_hal_tim.o [1]
HAL_TIM_Base_MspInit     0x801'fef9    0x56  Code  Gb  tim.o [1]
HAL_TIM_Base_Start_IT    0x801'fff5    0x28  Code  Gb  stm32f4xx_hal_tim.o [1]
HAL_TIM_Base_Stop_IT     0x802'001d    0x34  Code  Gb  stm32f4xx_hal_tim.o [1]
HAL_TIM_ConfigClockSource
                         0x802'0357    0xe8  Code  Gb  stm32f4xx_hal_tim.o [1]
HAL_TIM_IRQHandler       0x802'00e5   0x176  Code  Gb  stm32f4xx_hal_tim.o [1]
HAL_TIM_MspPostInit      0x801'ff4f    0x4e  Code  Gb  tim.o [1]
HAL_TIM_PWM_ConfigChannel
                         0x802'025b    0xfc  Code  Gb  stm32f4xx_hal_tim.o [1]
HAL_TIM_PWM_Init         0x802'0051    0x38  Code  Gb  stm32f4xx_hal_tim.o [1]
HAL_TIM_PWM_Start        0x802'0089    0x54  Code  Gb  stm32f4xx_hal_tim.o [1]
HCD_HC_IN_IRQHandler     0x802'2031   0x55e  Code  Lc  stm32f4xx_hal_hcd.o [1]
HCD_HC_OUT_IRQHandler    0x802'258f   0x478  Code  Lc  stm32f4xx_hal_hcd.o [1]
HCD_Port_IRQHandler      0x802'2ac5    0xa8  Code  Lc  stm32f4xx_hal_hcd.o [1]
HCD_RXQLVL_IRQHandler    0x802'2a07    0xba  Code  Lc  stm32f4xx_hal_hcd.o [1]
HEAP$$Base              0x2000'a0d0           --   Gb  - Linker created -
HEAP$$Limit             0x2000'c0d0           --   Gb  - Linker created -
HardFault_Handler        0x802'787f     0x2  Code  Gb  stm32f4xx_it.o [1]
IsrStepperHandler        0x801'f907    0x1c  Code  Gb  z_stepper.o [1]
LANG_GetLanguageName(unsigned char)
                         0x801'970b    0x16  Code  Gb  languages.o [1]
LANG_GetString(LNG_STRING_ID)
                         0x801'9701     0xa  Code  Gb  languages.o [1]
LANG_SetLanguage(unsigned char)
                         0x801'9721    0x10  Code  Gb  languages.o [1]
LCDUI_Clear()            0x801'9a71     0xe  Code  Gb  lcd_ui.o [1]
LCDUI_DrawChar(char, unsigned short, short, short)
                         0x801'9d71   0x188  Code  Gb  lcd_ui.o [1]
LCDUI_DrawFastVLine(short, short, short)
                         0x801'9a7f    0x64  Code  Gb  lcd_ui.o [1]
LCDUI_DrawText(char *, unsigned short, short, short, short, short)
                         0x801'9ef9   0x230  Code  Gb  lcd_ui.o [1]
LCDUI_DrawTextUTF(char *, unsigned short, short, short, short, short)
                         0x801'a14d   0x266  Code  Gb  lcd_ui.o [1]
LCDUI_FillRect(short, short, short, short)
                         0x801'9ae3    0x86  Code  Gb  lcd_ui.o [1]
LCDUI_FillRoundRect(short, short, short, short, short)
                         0x801'9b69    0x82  Code  Gb  lcd_ui.o [1]
LCDUI_GetCurrentFontHeight()
                         0x801'9d67     0xa  Code  Gb  lcd_ui.o [1]
LCDUI_GetTextWidthUTF(char *)
                         0x801'9d2d    0x3a  Code  Gb  lcd_ui.o [1]
LCDUI_Init()             0x801'9931    0x42  Code  Gb  lcd_ui.o [1]
LCDUI_SetBackColor(unsigned short)
                         0x801'9a45     0xe  Code  Gb  lcd_ui.o [1]
LCDUI_SetColor(unsigned short)
                         0x801'9a37     0xe  Code  Gb  lcd_ui.o [1]
LCDUI_SetCursorCoord(short, short)
                         0x801'9a53    0x1e  Code  Gb  lcd_ui.o [1]
LCDUI_SetFont(LCDUI_FONT_TYPE)
                         0x801'9cc7    0x66  Code  Gb  lcd_ui.o [1]
LCD_BackLight            0x801'aacf    0x1a  Code  Gb  lcd_low.o [1]
LCD_Clear                0x801'aa9b    0x34  Code  Gb  lcd_low.o [1]
LCD_CtrlLinesConfig      0x801'a591   0x108  Code  Gb  lcd_low.o [1]
LCD_FSMCConfig           0x801'a699     0x8  Code  Gb  lcd_low.o [1]
LCD_Initializtion        0x801'a73f   0x256  Code  Gb  lcd_low.o [1]
LCD_ReadRAM              0x801'a715     0xa  Code  Gb  lcd_low.o [1]
LCD_ReadReg              0x801'a6bb     0xa  Code  Gb  lcd_low.o [1]
LCD_Read_ID              0x801'a71f    0x20  Code  Gb  lcd_low.o [1]
LCD_SetCursor            0x801'a995    0x60  Code  Gb  lcd_low.o [1]
LCD_SetWindows           0x801'a9f5    0xa6  Code  Gb  lcd_low.o [1]
LCD_WaitDMAReady         0x801'a705    0x10  Code  Gb  lcd_low.o [1]
LCD_WriteCmd             0x801'a6c5     0x8  Code  Gb  lcd_low.o [1]
LCD_WriteRAM             0x801'a6d7     0x8  Code  Gb  lcd_low.o [1]
LCD_WriteRAM_DMA         0x801'a6df    0x26  Code  Gb  lcd_low.o [1]
LCD_WriteRAM_Prepare     0x801'a6cd     0xa  Code  Gb  lcd_low.o [1]
LCD_WriteReg             0x801'a6ad     0xe  Code  Gb  lcd_low.o [1]
LCD_X_Init               0x801'a6a1     0xc  Code  Gb  lcd_low.o [1]
LfnBuf                  0x2000'3bd0   0x200  Data  Lc  ff.o [1]
LfnOfs                   0x802'7e70    0x10  Data  Lc  ff.o [1]
LoadInt                  0x801'af47    0x7a  Code  Lc  xprintffull.o [2]
MX_FSMC_Init             0x801'bf49    0x82  Code  Gb  fsmc.o [1]
MemManage_Handler        0x802'7881     0x2  Code  Gb  stm32f4xx_it.o [1]
NMI_Handler              0x802'787d     0x2  Code  Gb  stm32f4xx_it.o [1]
NVIC_EncodePriority      0x801'c519    0x3c  Code  Lc  stm32f4xx_hal_cortex.o [1]
OTG_FS_IRQHandler        0x802'78a9     0xa  Code  Gb  stm32f4xx_it.o [1]
PendSV_Handler           0x802'788b     0x2  Code  Gb  stm32f4xx_it.o [1]
Planner::Planner()       0x801'f649     0xe  Code  Gb  z_planner.o [1]
Planner::block_buffer   0x2000'3fd0   0x200  Data  Gb  z_planner.o [1]
Planner::block_buffer_head
                        0x2000'4ec3     0x1  Data  Gb  z_planner.o [1]
Planner::block_buffer_nonbusy
                        0x2000'4ec4     0x1  Data  Gb  z_planner.o [1]
Planner::block_buffer_planned
                        0x2000'4ec5     0x1  Data  Gb  z_planner.o [1]
Planner::block_buffer_tail
                        0x2000'4ec6     0x1  Data  Gb  z_planner.o [1]
Planner::buffer_sync_block()
                         0x801'f745    0x42  Code  Gb  z_planner.o [1]
Planner::cleaning_buffer_counter
                        0x2000'4eb6     0x2  Data  Gb  z_planner.o [1]
Planner::clear_block_buffer()
                         0x802'0f6d    0x24  Code  Gb  z_planner.o [1]
Planner::cutoff_long    0x2000'4e60     0x4  Data  Gb  z_planner.o [1]
Planner::delay_before_delivering
                        0x2000'4ec7     0x1  Data  Gb  z_planner.o [1]
Planner::endstop_triggered()
                         0x801'f6f7     0x8  Code  Gb  z_planner.o [1]
Planner::get_current_block()
                         0x801'f67f    0x78  Code  Gb  z_planner.o [1]
Planner::get_next_free_block(unsigned char &, unsigned char)
                         0x802'0fd1    0x38  Code  Gb  z_planner.o [1]
Planner::has_blocks_queued()
                         0x802'0fb1    0x20  Code  Gb  z_stepper.o [1]
Planner::init()          0x801'f657    0x28  Code  Gb  z_planner.o [1]
Planner::max_acceleration_steps_per_s2
                        0x2000'4e54     0x4  Data  Gb  z_planner.o [1]
Planner::moves_free()    0x802'1ad3     0xe  Code  Gb  z_planner.o [1]
Planner::movesplanned()
                         0x802'0f91    0x18  Code  Gb  z_planner.o [1]
Planner::next_block_index(unsigned char)
                         0x802'0fa9     0x8  Code  Gb  z_stepper.o [1]
Planner::position       0x2000'4e5c     0x4  Data  Gb  z_planner.o [1]
Planner::previous_nominal_speed_sqr
                        0x2000'4e68     0x4  Data  Gb  z_planner.o [1]
Planner::previous_speed
                        0x2000'4e64     0x4  Data  Gb  z_planner.o [1]
Planner::refresh_positioning()
                         0x801'f7ef    0x32  Code  Gb  z_planner.o [1]
Planner::release_current_block()
                         0x802'1ae1    0x1c  Code  Gb  z_stepper.o [1]
Planner::reset_acceleration_rates()
                         0x801'f7bb    0x34  Code  Gb  z_planner.o [1]
Planner::set_machine_position_mm(float)
                         0x801'f789    0x2a  Code  Gb  z_planner.o [1]
Planner::set_position_mm(float)
                         0x801'f7b3     0x8  Code  Gb  z_planner.o [1]
Planner::settings       0x2000'4d64    0x28  Data  Gb  z_planner.o [1]
Planner::steps_to_mm    0x2000'4e58     0x4  Data  Gb  z_planner.o [1]
Planner::synchronize()   0x801'f6ff    0x1c  Code  Gb  z_planner.o [1]
RTC_Bcd2ToByte           0x801'2bb1    0x1a  Code  Gb  stm32f4xx_hal_rtc.o [1]
RTC_ByteToBcd2           0x801'2b99    0x18  Code  Gb  stm32f4xx_hal_rtc.o [1]
RTC_Enable               0x801'ea5b    0x10  Code  Gb  rtc.o [1]
RTC_EnterInitMode        0x801'2b5f    0x3a  Code  Gb  stm32f4xx_hal_rtc.o [1]
RTC_Init                 0x801'e9b9    0xa2  Code  Gb  rtc.o [1]
Region$$Table$$Base      0x802'7cd4           --   Gb  - Linker created -
Region$$Table$$Limit     0x802'7cf8           --   Gb  - Linker created -
SHT$$INIT_ARRAY$$Base    0x802'8228           --   Gb  - Linker created -
SHT$$INIT_ARRAY$$Limit   0x802'822c           --   Gb  - Linker created -
SHT$$PREINIT_ARRAY$$Base
                         0x802'8228           --   Gb  - Linker created -
SHT$$PREINIT_ARRAY$$Limit
                         0x802'8228           --   Gb  - Linker created -
SPIFL_Driver             0x802'7e20    0x14  Data  Gb  spifl_diskio.o [1]
SPIFL_EraseSector        0x801'e83d    0x52  Code  Gb  spi_flash.o [1]
SPIFL_Init               0x801'e72b    0x42  Code  Gb  spi_flash.o [1]
SPIFL_ReadBuff           0x801'e7c5    0x78  Code  Gb  spi_flash.o [1]
SPIFL_ReadID             0x801'e76d    0x58  Code  Gb  spi_flash.o [1]
SPIFL_WriteBuff          0x801'e88f   0x118  Code  Gb  spi_flash.o [1]
SPIFL_initialize         0x802'76d1    0x1c  Code  Gb  spifl_diskio.o [1]
SPIFL_ioctl              0x802'7765    0x56  Code  Gb  spifl_diskio.o [1]
SPIFL_read               0x802'76fd    0x34  Code  Gb  spifl_diskio.o [1]
SPIFL_status             0x802'76ed    0x10  Code  Gb  spifl_diskio.o [1]
SPIFL_write              0x802'7731    0x34  Code  Gb  spifl_diskio.o [1]
SPI_DMAError             0x801'e101    0x24  Code  Lc  stm32f4xx_hal_spi.o [1]
SPI_DMAHalfReceiveCplt   0x801'e0e9     0xa  Code  Lc  stm32f4xx_hal_spi.o [1]
SPI_DMAHalfTransmitReceiveCplt
                         0x801'e0f5     0xa  Code  Lc  stm32f4xx_hal_spi.o [1]
SPI_DMAReceiveCplt       0x801'e00d    0x78  Code  Lc  stm32f4xx_hal_spi.o [1]
SPI_DMATransmitReceiveCplt
                         0x801'e085    0x64  Code  Lc  stm32f4xx_hal_spi.o [1]
SPI_EndRxTransaction     0x801'e1c5    0x92  Code  Lc  stm32f4xx_hal_spi.o [1]
SPI_EndRxTxTransaction   0x801'e257    0x5a  Code  Lc  stm32f4xx_hal_spi.o [1]
SPI_WaitFlagStateUntilTimeout
                         0x801'e125    0xa0  Code  Lc  stm32f4xx_hal_spi.o [1]
SVC_Handler              0x802'7887     0x2  Code  Gb  stm32f4xx_it.o [1]
SYSTIMER_GetCountDown    0x801'980b    0x24  Code  Gb  sys_timer.o [1]
SYSTIMER_Init            0x801'9795    0x2a  Code  Gb  sys_timer.o [1]
SYSTIMER_NewCountDown    0x801'97bf    0x4c  Code  Gb  sys_timer.o [1]
SYSTIMER_SetCountDown    0x801'982f    0x20  Code  Gb  sys_timer.o [1]
SpiflFS                 0x2000'1144  0x1038  Data  Gb  fatfs.o [1]
SpiflPath               0x2000'4e24     0x8  Data  Gb  fatfs.o [1]
Stepper::_set_position(int)
                         0x801'fd21     0x6  Code  Gb  z_stepper.o [1]
Stepper::abort_current_block
                        0x2000'4eca     0x1  Data  Gb  z_stepper.o [1]
Stepper::acc_step_rate  0x2000'4e94     0x4  Data  Gb  z_stepper.o [1]
Stepper::accelerate_until
                        0x2000'4e88     0x4  Data  Gb  z_stepper.o [1]
Stepper::acceleration_time
                        0x2000'4e70     0x4  Data  Gb  z_stepper.o [1]
Stepper::advance_dividend
                        0x2000'4e7c     0x4  Data  Gb  z_stepper.o [1]
Stepper::advance_divisor
                        0x2000'4e80     0x4  Data  Gb  z_stepper.o [1]
Stepper::axis_did_move  0x2000'4ec9     0x1  Data  Gb  z_stepper.o [1]
Stepper::axis_is_moving()
                         0x802'0f31    0x18  Code  Gb  z_endstops.o [1]
Stepper::block_phase_isr()
                         0x801'fb59   0x190  Code  Gb  z_stepper.o [1]
Stepper::calc_timer_interval(unsigned int, unsigned char *)
                         0x802'1065    0x2c  Code  Gb  z_stepper.o [1]
Stepper::count_direction
                        0x2000'4ecc     0x1  Data  Gb  z_stepper.o [1]
Stepper::count_position
                        0x2000'4e9c     0x4  Data  Gb  z_stepper.o [1]
Stepper::current_block  0x2000'4e6c     0x4  Data  Gb  z_stepper.o [1]
Stepper::decelerate_after
                        0x2000'4e8c     0x4  Data  Gb  z_stepper.o [1]
Stepper::deceleration_time
                        0x2000'4e74     0x4  Data  Gb  z_stepper.o [1]
Stepper::delta_error    0x2000'4e78     0x4  Data  Gb  z_stepper.o [1]
Stepper::discard_current_block()
                         0x802'1049    0x1c  Code  Gb  z_stepper.o [1]
Stepper::endstop_triggered()
                         0x801'fd47    0x20  Code  Gb  z_stepper.o [1]
Stepper::endstops_trigsteps
                        0x2000'4e98     0x4  Data  Gb  z_stepper.o [1]
Stepper::init()          0x801'fce9    0x38  Code  Gb  z_stepper.o [1]
Stepper::is_awake()      0x802'1afd    0x10  Code  Gb  z_stepper.o [1]
Stepper::isr()           0x801'f923    0xb8  Code  Gb  z_stepper.o [1]
Stepper::isr()::nextMainISR
                        0x2000'4ea0     0x4  Data  Lc  z_stepper.o [1]
Stepper::last_direction_bits
                        0x2000'4ec8     0x1  Data  Gb  z_stepper.o [1]
Stepper::motor_direction()
                         0x802'0f49    0x18  Code  Gb  z_stepper.o [1]
Stepper::pulse_phase_isr()
                         0x801'f9db   0x17e  Code  Gb  z_stepper.o [1]
Stepper::quick_stop()    0x802'10b1     0xc  Code  Gb  z_stepper.o [1]
Stepper::set_directions()
                         0x801'f8af    0x58  Code  Gb  z_stepper.o [1]
Stepper::set_position(int)
                         0x801'fd27    0x20  Code  Gb  z_stepper.o [1]
Stepper::step_event_count
                        0x2000'4e90     0x4  Data  Gb  z_stepper.o [1]
Stepper::step_events_completed
                        0x2000'4e84     0x4  Data  Gb  z_stepper.o [1]
Stepper::steps_per_isr  0x2000'4ecb     0x1  Data  Gb  z_stepper.o [1]
Stepper::suspend()       0x802'1091    0x20  Code  Gb  z_stepper.o [1]
Stepper::ticks_nominal  0x2000'007c     0x4  Data  Gb  z_stepper.o [1]
Stepper::wake_up()       0x802'1009    0x10  Code  Gb  z_stepper.o [1]
SysTick_Config           0x801'c555    0x2e  Code  Lc  stm32f4xx_hal_cortex.o [1]
SysTick_Handler          0x802'788d     0x8  Code  Gb  stm32f4xx_it.o [1]
SystemClock_Config()     0x801'db55    0xc6  Code  Gb  main.o [1]
SystemCoreClock         0x2000'0058     0x4  Data  Gb  system_stm32f4xx.o [1]
SystemInit               0x802'7d19    0x12  Code  Gb  system_stm32f4xx.o [1]
TGUI_DrawLogo()          0x801'8b21     0xa  Code  Gb  tgui.o [1]
TGUI_ForceRepaint()      0x801'8b35    0x18  Code  Gb  tgui.o [1]
TGUI_Init()              0x801'7ba5   0xf7c  Code  Gb  tgui.o [1]
TGUI_PointInRect(TOUCH_POINT *, TG_RECT *)
                         0x801'7b7d    0x28  Code  Gb  tgui.o [1]
TGUI_Process()           0x801'8b69    0x18  Code  Gb  tgui.o [1]
TIM2_IRQHandler          0x802'78d1     0xe  Code  Gb  stm32f4xx_it.o [1]
TIM_Base_SetConfig       0x802'043f    0xba  Code  Gb  stm32f4xx_hal_tim.o [1]
TIM_CCxChannelCmd        0x802'0721    0x26  Code  Gb  stm32f4xx_hal_tim.o [1]
TIM_ETR_SetConfig        0x802'070b    0x16  Code  Gb  stm32f4xx_hal_tim.o [1]
TIM_ITRx_SetConfig       0x802'06fb    0x10  Code  Lc  stm32f4xx_hal_tim.o [1]
TIM_OC1_SetConfig        0x802'04f9    0x64  Code  Lc  stm32f4xx_hal_tim.o [1]
TIM_OC2_SetConfig        0x802'055d    0x6e  Code  Gb  stm32f4xx_hal_tim.o [1]
TIM_OC3_SetConfig        0x802'05cb    0x6c  Code  Lc  stm32f4xx_hal_tim.o [1]
TIM_OC4_SetConfig        0x802'0637    0x4c  Code  Lc  stm32f4xx_hal_tim.o [1]
TIM_TI1_ConfigInputStage
                         0x802'06b1    0x24  Code  Lc  stm32f4xx_hal_tim.o [1]
TIM_TI2_ConfigInputStage
                         0x802'06d5    0x26  Code  Lc  stm32f4xx_hal_tim.o [1]
TIM_ZRef_Init            0x801'fe49    0xb0  Code  Gb  tim.o [1]
TIM_ZStepper_Init        0x801'fdd5    0x74  Code  Gb  tim.o [1]
TOUCH_SPIEnable          0x801'c663   0x15a  Code  Gb  fst_spi.o [1]
TOUCH_SPIGetState        0x801'c813     0x8  Code  Gb  fst_spi.o [1]
TOUCH_SPIInit            0x801'c5ff    0x64  Code  Gb  fst_spi.o [1]
TOUCH_SPIStartRead       0x801'c7bd    0x56  Code  Gb  fst_spi.o [1]
Timers                  0x2000'44f8   0x100  Data  Gb  sys_timer.o [1]
Touch_Enable             0x801'ad33     0x8  Code  Gb  touch.o [1]
Touch_GetCoords          0x801'ad55     0xc  Code  Gb  touch.o [1]
Touch_GetState           0x801'ad3b     0x6  Code  Gb  touch.o [1]
Touch_Init               0x801'acff    0x34  Code  Gb  touch.o [1]
Touch_IsPressed          0x801'ad61    0x18  Code  Gb  touch.o [1]
Touch_SetWorked          0x801'ad41    0x14  Code  Gb  touch.o [1]
USBH_AllocPipe           0x802'1491    0x32  Code  Gb  usbh_pipes.o [1]
USBH_BulkReceiveData     0x802'2c19    0x24  Code  Gb  usbh_ioreq.o [1]
USBH_BulkSendData        0x802'2be7    0x32  Code  Gb  usbh_ioreq.o [1]
USBH_ClosePipe           0x802'1485     0xc  Code  Gb  usbh_pipes.o [1]
USBH_ClrFeature          0x802'167b    0x26  Code  Gb  usbh_ctlreq.o [1]
USBH_CtlReceiveData      0x802'2bc3    0x24  Code  Gb  usbh_ioreq.o [1]
USBH_CtlReq              0x802'1863    0x54  Code  Gb  usbh_ctlreq.o [1]
USBH_CtlSendData         0x802'2b91    0x32  Code  Gb  usbh_ioreq.o [1]
USBH_CtlSendSetup        0x802'2b6d    0x24  Code  Gb  usbh_ioreq.o [1]
USBH_Delay               0x802'142f     0x8  Code  Gb  usbh_conf.o [1]
USBH_Driver              0x802'7e5c    0x14  Data  Gb  usbh_diskio.o [1]
USBH_FindInterface       0x802'0895    0x66  Code  Gb  usbh_core.o [1]
USBH_FreePipe            0x802'14c3    0x26  Code  Gb  usbh_pipes.o [1]
USBH_GetDescriptor       0x802'15cf    0x3c  Code  Gb  usbh_ctlreq.o [1]
USBH_GetFreePipe         0x802'14e9    0x2e  Code  Lc  usbh_pipes.o [1]
USBH_GetNextDesc         0x802'1853    0x10  Code  Gb  usbh_ctlreq.o [1]
USBH_Get_CfgDesc         0x802'1555    0x3a  Code  Gb  usbh_ctlreq.o [1]
USBH_Get_DevDesc         0x802'1517    0x3e  Code  Gb  usbh_ctlreq.o [1]
USBH_Get_StringDesc      0x802'158f    0x40  Code  Gb  usbh_ctlreq.o [1]
USBH_Get_USB_Status      0x802'1437    0x2a  Code  Gb  usbh_conf.o [1]
USBH_HandleControl       0x802'18b7   0x21c  Code  Lc  usbh_ctlreq.o [1]
USBH_HandleEnum          0x802'0be9   0x2be  Code  Lc  usbh_core.o [1]
USBH_HandleSof           0x802'0ebf    0x1a  Code  Lc  usbh_core.o [1]
USBH_Init                0x802'0791    0x50  Code  Gb  usbh_core.o [1]
USBH_LL_ClosePipe        0x802'1341    0x1a  Code  Gb  usbh_conf.o [1]
USBH_LL_Connect          0x802'0ee9    0x16  Code  Gb  usbh_core.o [1]
USBH_LL_Disconnect       0x802'0eff    0x30  Code  Gb  usbh_core.o [1]
USBH_LL_DriverVBUS       0x802'13a5    0x1c  Code  Gb  usbh_conf.o [1]
USBH_LL_GetLastXferSize
                         0x802'1303     0xe  Code  Gb  usbh_conf.o [1]
USBH_LL_GetSpeed         0x802'12c1    0x2a  Code  Gb  usbh_conf.o [1]
USBH_LL_GetToggle        0x802'13f9    0x36  Code  Gb  usbh_conf.o [1]
USBH_LL_GetURBState      0x802'1397     0xe  Code  Gb  usbh_conf.o [1]
USBH_LL_IncTimer         0x802'0ead    0x12  Code  Gb  usbh_core.o [1]
USBH_LL_Init             0x802'1229    0x50  Code  Gb  usbh_conf.o [1]
USBH_LL_OpenPipe         0x802'1311    0x30  Code  Gb  usbh_conf.o [1]
USBH_LL_PortDisabled     0x802'0ee1     0x8  Code  Gb  usbh_core.o [1]
USBH_LL_PortEnabled      0x802'0ed9     0x8  Code  Gb  usbh_core.o [1]
USBH_LL_ResetPort        0x802'12eb    0x18  Code  Gb  usbh_conf.o [1]
USBH_LL_SetTimer         0x802'0ea7     0x6  Code  Gb  usbh_core.o [1]
USBH_LL_SetToggle        0x802'13c1    0x38  Code  Gb  usbh_conf.o [1]
USBH_LL_Start            0x802'1291    0x18  Code  Gb  usbh_conf.o [1]
USBH_LL_Stop             0x802'12a9    0x18  Code  Gb  usbh_conf.o [1]
USBH_LL_SubmitURB        0x802'135b    0x3c  Code  Gb  usbh_conf.o [1]
USBH_MSC_BOT_Abort       0x802'6125    0x30  Code  Lc  usbh_msc_bot.o [1]
USBH_MSC_BOT_Init        0x802'5e5f    0x22  Code  Gb  usbh_msc_bot.o [1]
USBH_MSC_BOT_Process     0x802'5e81   0x2a4  Code  Gb  usbh_msc_bot.o [1]
USBH_MSC_BOT_REQ_GetMaxLUN
                         0x802'5e41    0x1e  Code  Gb  usbh_msc_bot.o [1]
USBH_MSC_BOT_REQ_Reset   0x802'5e21    0x20  Code  Gb  usbh_msc_bot.o [1]
USBH_MSC_ClassRequest    0x802'573f    0x90  Code  Lc  usbh_msc.o [1]
USBH_MSC_DecodeCSW       0x802'6155    0x54  Code  Lc  usbh_msc_bot.o [1]
USBH_MSC_GetLUNInfo      0x802'5cbb    0x2e  Code  Gb  usbh_msc.o [1]
USBH_MSC_InterfaceDeInit
                         0x802'56e1    0x5e  Code  Lc  usbh_msc.o [1]
USBH_MSC_InterfaceInit   0x802'556d   0x174  Code  Lc  usbh_msc.o [1]
USBH_MSC_Process         0x802'57cf   0x380  Code  Lc  usbh_msc.o [1]
USBH_MSC_RdWrProcess     0x802'5b53   0x140  Code  Lc  usbh_msc.o [1]
USBH_MSC_Read            0x802'5ce9    0x9c  Code  Gb  usbh_msc.o [1]
USBH_MSC_SCSI_Inquiry    0x802'62bf   0x100  Code  Gb  usbh_msc_scsi.o [1]
USBH_MSC_SCSI_Read       0x802'6507    0x9c  Code  Gb  usbh_msc_scsi.o [1]
USBH_MSC_SCSI_ReadCapacity
                         0x802'6219    0xa6  Code  Gb  usbh_msc_scsi.o [1]
USBH_MSC_SCSI_RequestSense
                         0x802'63bf    0xac  Code  Gb  usbh_msc_scsi.o [1]
USBH_MSC_SCSI_TestUnitReady
                         0x802'61b9    0x60  Code  Gb  usbh_msc_scsi.o [1]
USBH_MSC_SCSI_Write      0x802'646b    0x9c  Code  Gb  usbh_msc_scsi.o [1]
USBH_MSC_SOFProcess      0x802'5b4f     0x4  Code  Lc  usbh_msc.o [1]
USBH_MSC_UnitIsReady     0x802'5c93    0x28  Code  Gb  usbh_msc.o [1]
USBH_MSC_Write           0x802'5d85    0x9c  Code  Gb  usbh_msc.o [1]
USBH_OpenPipe            0x802'1461    0x24  Code  Gb  usbh_pipes.o [1]
USBH_ParseCfgDesc        0x802'16fd    0xd0  Code  Lc  usbh_ctlreq.o [1]
USBH_ParseDevDesc        0x802'16a1    0x5c  Code  Lc  usbh_ctlreq.o [1]
USBH_ParseEPDesc         0x802'17f3    0x20  Code  Lc  usbh_ctlreq.o [1]
USBH_ParseInterfaceDesc
                         0x802'17cd    0x26  Code  Lc  usbh_ctlreq.o [1]
USBH_ParseStringDesc     0x802'1813    0x40  Code  Lc  usbh_ctlreq.o [1]
USBH_Process             0x802'0911   0x2d8  Code  Gb  usbh_core.o [1]
USBH_RegisterClass       0x802'0847    0x2e  Code  Gb  usbh_core.o [1]
USBH_SelectInterface     0x802'0875    0x20  Code  Gb  usbh_core.o [1]
USBH_SetAddress          0x802'160b    0x26  Code  Gb  usbh_ctlreq.o [1]
USBH_SetCfg              0x802'1631    0x24  Code  Gb  usbh_ctlreq.o [1]
USBH_SetFeature          0x802'1655    0x26  Code  Gb  usbh_ctlreq.o [1]
USBH_Start               0x802'08fb    0x16  Code  Gb  usbh_core.o [1]
USBH_UserProcess         0x801'ed69    0x3a  Code  Lc  usb_host.o [1]
USBH_initialize          0x802'6e4d     0x4  Code  Gb  usbh_diskio.o [1]
USBH_ioctl               0x802'6f07    0x86  Code  Gb  usbh_diskio.o [1]
USBH_msc                0x2000'005c    0x20  Data  Gb  usbh_msc.o [1]
USBH_read                0x802'6e6d    0x48  Code  Gb  usbh_diskio.o [1]
USBH_status              0x802'6e51    0x1c  Code  Gb  usbh_diskio.o [1]
USBH_write               0x802'6eb5    0x52  Code  Gb  usbh_diskio.o [1]
USB_CoreInit             0x802'2c3d    0x80  Code  Gb  stm32f4xx_ll_usb.o [1]
USB_CoreReset            0x802'2dbf    0x32  Code  Lc  stm32f4xx_ll_usb.o [1]
USB_DisableGlobalInt     0x802'2cc9     0xc  Code  Gb  stm32f4xx_ll_usb.o [1]
USB_DoPing               0x802'3507    0x3c  Code  Gb  stm32f4xx_ll_usb.o [1]
USB_DriveVbus            0x802'2f8b    0x4e  Code  Gb  stm32f4xx_ll_usb.o [1]
USB_EnableGlobalInt      0x802'2cbd     0xc  Code  Gb  stm32f4xx_ll_usb.o [1]
USB_FlushRxFifo          0x802'2d2f    0x1e  Code  Gb  stm32f4xx_ll_usb.o [1]
USB_FlushTxFifo          0x802'2d0d    0x22  Code  Gb  stm32f4xx_ll_usb.o [1]
USB_GetCurrentFrame      0x802'2ff1     0xa  Code  Gb  stm32f4xx_ll_usb.o [1]
USB_GetHostSpeed         0x802'2fd9    0x18  Code  Gb  stm32f4xx_ll_usb.o [1]
USB_GetMode              0x802'2db7     0x8  Code  Gb  stm32f4xx_ll_usb.o [1]
USB_HC_Halt              0x802'33a5   0x162  Code  Gb  stm32f4xx_ll_usb.o [1]
USB_HC_Init              0x802'2ffb   0x1de  Code  Gb  stm32f4xx_ll_usb.o [1]
USB_HC_ReadInterrupt     0x802'339b     0xa  Code  Gb  stm32f4xx_ll_usb.o [1]
USB_HC_StartXfer         0x802'31d9   0x1c2  Code  Gb  stm32f4xx_ll_usb.o [1]
USB_HC_StartXfer::tmpreg
                        0x2000'4e48     0x4  Data  Lc  stm32f4xx_ll_usb.o [1]
USB_HOST_Init            0x801'ed25    0x38  Code  Gb  usb_host.o [1]
USB_HOST_Process         0x801'ed5d     0xa  Code  Gb  usb_host.o [1]
USB_HOST_VbusFS          0x801'ed05    0x20  Code  Gb  usbh_platform.o [1]
USB_HostInit             0x802'2df9   0x102  Code  Gb  stm32f4xx_ll_usb.o [1]
USB_InitFSLSPClkSel      0x802'2efd    0x4e  Code  Gb  stm32f4xx_ll_usb.o [1]
USB_ReadInterrupts       0x802'2dad     0xa  Code  Gb  stm32f4xx_ll_usb.o [1]
USB_ReadPacket           0x802'2d89    0x24  Code  Gb  stm32f4xx_ll_usb.o [1]
USB_ResetPort            0x802'2f4b    0x40  Code  Gb  stm32f4xx_ll_usb.o [1]
[...]
__aeabi_cdrcmple         0x801'd0bd          Code  Gb  DblCmpGe.o [4]
__aeabi_d2iz             0x801'd229          Code  Gb  DblToS32.o [4]
__aeabi_d2uiz            0x801'd5b5          Code  Gb  DblToU32.o [4]
__aeabi_ddiv             0x801'd36d          Code  Gb  DblDiv.o [4]
__aeabi_dmul             0x801'ce79          Code  Gb  DblMul.o [4]
__aeabi_dsub             0x801'd289          Code  Gb  DblSub.o [4]
__aeabi_f2d              0x802'0749          Code  Gb  FltToDbl.o [4]
__aeabi_i2d              0x801'd265          Code  Gb  S32ToDbl.o [4]
__aeabi_memclr4          0x801'd5f9          Code  Gb  ABImemclr4.o [5]
__aeabi_memcpy           0x801'9659          Code  Gb  ABImemcpy.o [5]
__aeabi_memcpy4          0x801'9679          Code  Gb  ABImemcpy.o [5]
__aeabi_memcpy8          0x801'9679          Code  Gb  ABImemcpy.o [5]
__aeabi_memset           0x801'8c81          Code  Gb  ABImemset.o [5]
__aeabi_ui2d             0x801'd5dd          Code  Gb  U32ToDbl.o [4]
__aeabi_uldivmod         0x801'cc49          Code  Gb  I64DivMod.o [5]
__call_ctors             0x802'7d59    0x18  Code  Gb  cppinit.o [2]
__cmain                  0x802'7d71          Code  Gb  cmain.o [5]
__data_GetMemChunk       0x801'7b3d    0x2c  Code  Gb  xgetmemchunk.o [2]
__data_GetMemChunk::start
                        0x2000'4ea8     0x4  Data  Lc  xgetmemchunk.o [2]
__exit                   0x801'7b69    0x14  Code  Gb  exit.o [6]
__iar_Fail_s             0x801'cba5    0x1c  Code  Gb  xfail_s.o [2]
__iar_Mbcurmax           0x801'cc3d     0xa  Code  Gb  xmbcurmax.o [2]
__iar_Memchr             0x801'cbe5          Code  Gb  memchr.o [5]
__iar_Memset             0x801'8c81          Code  Gb  ABImemset.o [5]
__iar_Memset4_word       0x801'e429          Code  Gb  ABImemset48.o [5]
__iar_Memset8_word       0x801'e429          Code  Gb  ABImemset48.o [5]
__iar_Memset_word        0x801'8c89          Code  Gb  ABImemset.o [5]
__iar_Strchr             0x801'cb8d          Code  Gb  strchr.o [5]
__iar_cstart_call_ctors
                         0x802'7d39    0x20  Code  Gb  cmain_call_ctors.o [5]
__iar_dadd               0x801'd299          Code  Gb  DblSub.o [4]
__iar_data_init3         0x802'7c41    0x28  Code  Gb  data_init.o [5]
__iar_debug_exceptions   0x801'bcca     0x1  Data  Gb  unwind_debug.o [6]
__iar_dlfree             0x801'7617   0x4f6  Code  Gb  dlmalloc.o [2]
__iar_dlmalloc           0x801'7361   0x2b6  Code  Gb  dlmalloc.o [2]
__iar_dsub               0x801'e2bd          Code  Gb  DblAdd.o [4]
__iar_dsubStart          0x801'e2cf          Code  Gb  DblAdd.o [4]
__iar_frexp              0x801'd029          Code  Gb  frexp.o [4]
__iar_frexpl             0x801'd029          Code  Gb  frexp.o [4]
__iar_globLocale        0x2000'00b8    0x48  Data  Lc  xlocale_c.o [2]
__iar_global_Locale      0x801'cb15     0x4  Code  Gb  xlocale_c.o [2]
__iar_init_vfp           0x802'7cb1          Code  Gb  fpinit_M.o [4]
__iar_ldexp64            0x801'd0ed          Code  Gb  ldexp.o [4]
__iar_lround32           0x802'101d          Code  Gb  lroundf.o [4]
__iar_lz77_init_single3
                         0x801'241b    0x7a  Code  Gb  lz77_init_single.o [5]
__iar_program_start      0x802'7ff9          Code  Gb  cstartup_M.o [5]
__iar_scalbln64          0x801'd0ed          Code  Gb  ldexp.o [4]
__iar_scalbn64           0x801'd0ed          Code  Gb  ldexp.o [4]
__iar_softfp___iar_frexp64
                         0x801'd01d          Code  Gb  frexp.o [4]
__iar_softfp_frexp       0x801'd01d          Code  Gb  frexp.o [4]
__iar_softfp_frexpl      0x801'd01d          Code  Gb  frexp.o [4]
__iar_tls$$INIT_ARRAY$$Base
                         0x802'822c           --   Gb  - Linker created -
__iar_tls$$INIT_ARRAY$$Limit
                         0x802'822c           --   Gb  - Linker created -
__iar_vfp___iar_lround32
                         0x802'1019          Code  Gb  lroundf.o [4]
__iar_vfp_lroundf        0x802'1019          Code  Gb  lroundf.o [4]
__iar_zero_init3         0x801'2c03    0x3a  Code  Gb  zero_init3.o [5]
__low_level_init         0x802'7d8f     0x4  Code  Gb  low_level_init.o [2]
__sti__routine           0x801'f63d     0xc  Code  Lc  z_planner.o [1]
__vector_table           0x801'0000          Data  Gb  startup_stm32f407xx.o [1]
_call_main               0x802'7d7d          Code  Gb  cmain.o [5]
_exit                    0x802'7d99          Code  Gb  cexit.o [5]
_flash_SPIGetFlags       0x801'c81b     0xa  Code  Gb  fst_spi.o [1]
_gLocale_mblen           0x801'cb79     0x4  Code  Gb  xlocale_c.o [2]
_gLocale_mblenInt        0x801'cb3d    0x2c  Code  Gb  xlocale_c.o [2]
_gLocale_wctomb          0x801'cb7d     0x4  Code  Gb  xlocale_c.o [2]
_gLocale_wctombInt       0x801'cb75     0x4  Code  Gb  xlocale_c.o [2]
_gm_                    0x2000'41d0   0x1d8  Data  Lc  dlmalloc.o [2]
_lcdui_FillCircle_helper(short, short, short, unsigned char, short)
                         0x801'9973    0xc4  Code  Gb  lcd_ui.o [1]
_lcdui_GetCharData(char)
                         0x801'9c3b    0x8c  Code  Gb  lcd_ui.o [1]
_lcdui_GetCharWidth(char)
                         0x801'9beb    0x50  Code  Gb  lcd_ui.o [1]
_main                    0x802'7d8b          Code  Gb  cmain.o [5]
_spifl_WaitBusy          0x801'e6b5    0x4a  Code  Gb  spi_flash.o [1]
_spifl_WriteEnable       0x801'e6ff    0x2c  Code  Gb  spi_flash.o [1]
_spifl_bust_counts      0x2000'4e3c     0x4  Data  Gb  spi_flash.o [1]
_spifl_info             0x2000'4e10     0xc  Data  Gb  spi_flash.o [1]
_tgui_DefaultButtonPaint(void *, void *)
                         0x801'9149    0xf4  Code  Gb  tgui_defaultfuncs.o [1]
_tgui_DefaultButtonProcess(void *, void *)
                         0x801'923d   0x250  Code  Gb  tgui_defaultfuncs.o [1]
_tgui_DefaultScreenPaint(void *, void *)
                         0x801'948d    0xd8  Code  Gb  tgui_defaultfuncs.o [1]
_tgui_DefaultScreenProcess(void *, void *)
                         0x801'9565    0xce  Code  Gb  tgui_defaultfuncs.o [1]
_tgui_DrawFileCimgBackground(char *)
                         0x801'8ee7   0x262  Code  Gb  tgui_defaultfuncs.o [1]
_tgui_DrawStringInRect(char *, TG_RECT *, TG_TEXTOPTIONS *)
                         0x801'8e17    0xd0  Code  Gb  tgui_defaultfuncs.o [1]
_tgui_InfoScreenFansTimePaint(void *, void *)
                         0x802'7975    0x34  Code  Gb  tgui_infoscreenfuncs.o [1]
_tgui_InfoScreenLightTimePaint(void *, void *)
                         0x802'7941    0x34  Code  Gb  tgui_infoscreenfuncs.o [1]
_tgui_InfoScreenVersionPaint(void *, void *)
                         0x802'7919    0x28  Code  Gb  tgui_infoscreenfuncs.o [1]
_tgui_LanguageButtonPress(void *, void *)
                         0x802'7f41     0xe  Code  Gb  tgui_langscreenfuncs.o [1]
_tgui_ScreenTimeInit()   0x801'8cf1    0x24  Code  Gb  tgui_defaultfuncs.o [1]
_tgui_ScreenTimePaint(void *, void *)
                         0x801'8d53    0xc4  Code  Gb  tgui_defaultfuncs.o [1]
_tgui_ScreenTimeProcess(void *, void *)
                         0x801'8d15    0x3e  Code  Gb  tgui_defaultfuncs.o [1]
_tgui_ScreenTimeProcess(void *, void *)::minutes
                        0x2000'4ebe     0x1  Data  Lc  tgui_defaultfuncs.o [1]
_touch_ReadCoords        0x801'ab11    0xc8  Code  Gb  touch.o [1]
_touch_RefreshState      0x801'abd9   0x126  Code  Gb  touch.o [1]
_zmotor_Pins_Init()      0x801'eb2b    0xf2  Code  Gb  motor.o [1]
abort                    0x801'7b19     0x6  Code  Gb  abort.o [2]
add_segment              0x801'6a01   0x1f2  Code  Lc  dlmalloc.o [2]
cfgzMotor               0x2000'4b80    0x40  Data  Gb  config.o [1]
cfname                  0x2000'297c   0x400  Data  Gb  main.o [1]
check_fs                 0x801'1635    0x76  Code  Lc  ff.o [1]
chk_chr                  0x801'020f    0x14  Code  Lc  ff.o [1]
clngLangEng              0x802'7a50    0x7c  Data  Lc  languages.o [1]
clngLangRus              0x802'7acc    0x7c  Data  Lc  languages.o [1]
clst2sect                0x801'0403    0x1a  Code  Lc  ff.o [1]
cmp_lfn                  0x801'0afd    0xa0  Code  Lc  ff.o [1]
create_chain             0x801'0711   0x130  Code  Lc  ff.o [1]
create_name              0x801'12c1   0x286  Code  Lc  ff.o [1]
d                       0x2000'4e40     0x4  Data  Gb  spi_flash.o [1]
dbc_1st                  0x801'0223     0xe  Code  Lc  ff.o [1]
dbc_2nd                  0x801'0231     0xe  Code  Lc  ff.o [1]
dir                     0x2000'4c40    0x34  Data  Gb  main.o [1]
dir_alloc                0x801'0a49    0x64  Code  Lc  ff.o [1]
dir_clear                0x801'0841    0x64  Code  Lc  ff.o [1]
dir_find                 0x801'0e7b   0x118  Code  Lc  ff.o [1]
dir_next                 0x801'0957    0xf2  Code  Lc  ff.o [1]
dir_read                 0x801'0d7b   0x100  Code  Lc  ff.o [1]
dir_register             0x801'0f93   0x166  Code  Lc  ff.o [1]
dir_sdi                  0x801'08a5    0xb2  Code  Lc  ff.o [1]
disk                    0x2000'4de4    0x10  Data  Gb  ff_gen_drv.o [1]
disk_initialize          0x801'24b3    0x32  Code  Gb  diskio.o [1]
disk_ioctl               0x801'2521    0x20  Code  Gb  diskio.o [1]
disk_read                0x801'24e5    0x1e  Code  Gb  diskio.o [1]
disk_status              0x801'2495    0x1e  Code  Gb  diskio.o [1]
disk_write               0x801'2503    0x1e  Code  Gb  diskio.o [1]
exit                     0x802'7d93     0x4  Code  Gb  exit.o [2]
f_close                  0x801'2147    0x2a  Code  Gb  ff.o [1]
f_closedir               0x801'23a3    0x1c  Code  Gb  ff.o [1]
f_lseek                  0x801'2171   0x1aa  Code  Gb  ff.o [1]
f_mount                  0x801'1a2b    0x54  Code  Gb  ff.o [1]
f_open                   0x801'1aa9   0x21a  Code  Gb  ff.o [1]
f_opendir                0x801'231b    0x88  Code  Gb  ff.o [1]
f_read                   0x801'1cc3   0x1cc  Code  Gb  ff.o [1]
f_readdir                0x801'23bf    0x5c  Code  Gb  ff.o [1]
f_sync                   0x801'20a7    0xa0  Code  Gb  ff.o [1]
f_write                  0x801'1e8f   0x218  Code  Gb  ff.o [1]
fbuff                   0x1000'0000  0x2000  Data  Gb  main.o [1]
ff_oem2uni               0x801'258b    0x3a  Code  Gb  ffunicode.o [1]
ff_uni2oem               0x801'2545    0x46  Code  Gb  ffunicode.o [1]
ff_wtoupper              0x801'25c5    0xb6  Code  Gb  ffunicode.o [1]
ff_wtoupper::cvt1        0x802'6c58   0x1f4  Data  Lc  ffunicode.o [1]
ff_wtoupper::cvt2        0x802'77c0    0xbc  Data  Lc  ffunicode.o [1]
find_volume              0x801'16b1    0x6c  Code  Lc  ff.o [1]
finfo                   0x2000'39ac   0x224  Data  Gb  main.o [1]
fnt12_data               0x802'65a4   0x6b4  Data  Gb  fnt12.o [1]
fnt12_width              0x802'6f90   0x140  Data  Gb  fnt12.o [1]
fnt18_data               0x802'46c8   0xea4  Data  Gb  fnt18.o [1]
fnt18_width              0x802'70d0   0x140  Data  Gb  fnt18.o [1]
fnt18bold_data           0x802'3600  0x10c8  Data  Gb  fnt18bold.o [1]
fnt18bold_width          0x802'7210   0x140  Data  Gb  fnt18bold.o [1]
fnt24_data               0x801'4cdc  0x195c  Data  Gb  fnt24.o [1]
fnt24_width              0x802'7350   0x140  Data  Gb  fnt24.o [1]
fnt24bold_data           0x801'2c48  0x2094  Data  Gb  fnt24bold.o [1]
fnt24bold_width          0x802'7490   0x140  Data  Gb  fnt24bold.o [1]
follow_path              0x801'154d    0x9a  Code  Lc  ff.o [1]
font_fnt12              0x2000'0000     0xc  Data  Gb  fnt12.o [1]
font_fnt18              0x2000'000c     0xc  Data  Gb  fnt18.o [1]
font_fnt18bold          0x2000'0018     0xc  Data  Gb  fnt18bold.o [1]
font_fnt24              0x2000'0024     0xc  Data  Gb  fnt24.o [1]
font_fnt24bold          0x2000'0030     0xc  Data  Gb  fnt24bold.o [1]
free                     0x802'61b5     0x4  Code  Gb  heaptramp0.o [2]
gen_numname              0x801'0cb9    0xa2  Code  Lc  ff.o [1]
get_fat                  0x801'041d   0x10a  Code  Lc  ff.o [1]
get_fattime              0x801'26a5    0x50  Code  Gb  fatfs.o [1]
get_fileinfo             0x801'10f9   0x1c8  Code  Lc  ff.o [1]
get_ldnumber             0x801'15e7    0x4e  Code  Lc  ff.o [1]
hFlashSpi               0x2000'4870    0x80  Data  Gb  fst_spi.o [1]
hFlashSpiDmaRx          0x2000'4a10    0x60  Data  Gb  fst_spi.o [1]
hFlashSpiDmaTx          0x2000'4a70    0x60  Data  Gb  fst_spi.o [1]
hLcdDma                 0x2000'4ad0    0x60  Data  Gb  lcd_low.o [1]
hRTC                    0x2000'4d8c    0x20  Data  Gb  rtc.o [1]
hStepperTim             0x2000'4bc0    0x40  Data  Gb  tim.o [1]
hTouchSpi               0x2000'47f0    0x80  Data  Gb  fst_spi.o [1]
hTouchSpiDmaRx          0x2000'48f0    0x60  Data  Gb  fst_spi.o [1]
hTouchSpiDmaTx          0x2000'4950    0x60  Data  Gb  fst_spi.o [1]
hUsbHost                0x2000'2d7c   0x3d8  Data  Gb  usb_host.o [1]
hZRefTim                0x2000'4c00    0x40  Data  Gb  tim.o [1]
hhcd_USB_OTG_FS         0x2000'349c   0x2c4  Data  Gb  usbh_conf.o [1]
hsram1                  0x2000'4b30    0x50  Data  Gb  fsmc.o [1]
idle()                   0x801'eb21     0xa  Code  Gb  motor.o [1]
idle()::idlecount       0x2000'4e38     0x4  Data  Lc  motor.o [1]
init_mparams             0x801'6653    0x32  Code  Lc  dlmalloc.o [2]
init_top                 0x801'6685    0x36  Code  Lc  dlmalloc.o [2]
lcdui_bgcolor           0x2000'4eb4     0x2  Data  Gb  lcd_ui.o [1]
lcdui_color             0x2000'0104     0x2  Data  Gb  lcd_ui.o [1]
lcdui_current_font      0x2000'0050     0x4  Data  Gb  lcd_ui.o [1]
lcdui_current_font_type
                        0x2000'0106     0x1  Data  Gb  lcd_ui.o [1]
lcdui_cursor_x          0x2000'4eb0     0x2  Data  Gb  lcd_ui.o [1]
lcdui_cursor_y          0x2000'4eb2     0x2  Data  Gb  lcd_ui.o [1]
lcdui_height            0x2000'0102     0x2  Data  Gb  lcd_ui.o [1]
lcdui_width             0x2000'0100     0x2  Data  Gb  lcd_ui.o [1]
ld_clust                 0x801'0aad    0x26  Code  Lc  ff.o [1]
ld_dword                 0x801'0195    0x16  Code  Lc  ff.o [1]
ld_word                  0x801'0189     0xc  Code  Lc  ff.o [1]
ldexp                    0x801'd0ed          Code  Gb  ldexp.o [4]
ldexpl                   0x801'd0ed          Code  Gb  ldexp.o [4]
lngCurrent              0x2000'004c     0x4  Data  Gb  languages.o [1]
lngLanguages            0x2000'003c    0x10  Data  Gb  languages.o [1]
localeconv               0x801'cb81     0x4  Code  Gb  xlocale_c.o [2]
lroundf                  0x802'101d          Code  Gb  lroundf.o [4]
main                     0x801'd65d   0x4f2  Code  Gb  main.o [1]
mem_cmp                  0x801'01f1    0x1e  Code  Lc  ff.o [1]
mem_cpy                  0x801'01d1    0x14  Code  Lc  ff.o [1]
mem_set                  0x801'01e5     0xc  Code  Lc  ff.o [1]
memchr                   0x801'cbe5          Code  Gb  memchr.o [5]
mount_volume             0x801'171d   0x2c6  Code  Lc  ff.o [1]
move_window              0x801'0331    0x3e  Code  Lc  ff.o [1]
mparams                 0x2000'4dcc    0x18  Data  Lc  dlmalloc.o [2]
msg                     0x2000'3dd0   0x200  Data  Gb  main.o [1]
pick_lfn                 0x801'0b9d    0x90  Code  Lc  ff.o [1]
prepend_alloc            0x801'66bb   0x346  Code  Lc  dlmalloc.o [2]
put_fat                  0x801'0527   0x15c  Code  Lc  ff.o [1]
put_lfn                  0x801'0c2d    0x84  Code  Lc  ff.o [1]
put_utf                  0x801'0285    0x5c  Code  Lc  ff.o [1]
remove_chain             0x801'0683    0x8e  Code  Lc  ff.o [1]
retSPIFL                0x2000'4eb9     0x1  Data  Gb  fatfs.o [1]
retUSBH                 0x2000'4eb8     0x1  Data  Gb  fatfs.o [1]
s_tfname                0x2000'257c   0x400  Data  Gb  main.o [1]
scalbln                  0x801'd0ed          Code  Gb  ldexp.o [4]
scalblnl                 0x801'd0ed          Code  Gb  ldexp.o [4]
scalbn                   0x801'd0ed          Code  Gb  ldexp.o [4]
scalbnl                  0x801'd0ed          Code  Gb  ldexp.o [4]
scale                    0x801'b55b    0x46  Code  Lc  xprintffull.o [2]
scrTimeTimer            0x2000'0108     0x1  Data  Gb  tgui_defaultfuncs.o [1]
sec_hand                0x2000'4ea4     0x4  Data  Lc  xfail_s.o [2]
segment_holding          0x801'6639    0x1a  Code  Lc  dlmalloc.o [2]
sfile                   0x1000'3028  0x1028  Data  Gb  main.o [1]
sprintf                  0x801'98f1    0x40  Code  Gb  sprintf.o [2]
srvMode                 0x2000'4ebd     0x1  Data  Gb  main.o [1]
st_clust                 0x801'0ad3    0x2a  Code  Lc  ff.o [1]
st_dword                 0x801'01b9    0x18  Code  Lc  ff.o [1]
st_word                  0x801'01ab     0xe  Code  Lc  ff.o [1]
strcat                   0x802'79b1    0x1e  Code  Gb  strcat.o [2]
strchr                   0x801'cb8d          Code  Gb  strchr.o [5]
strcmp                   0x801'edb1          Code  Gb  strcmp.o [5]
strlen                   0x801'2bcd          Code  Gb  strlen.o [5]
sum_sfn                  0x801'0d5b    0x20  Code  Lc  ff.o [1]
sync_fs                  0x801'036f    0x94  Code  Lc  ff.o [1]
sync_window              0x801'02e1    0x50  Code  Lc  ff.o [1]
sys_alloc                0x801'6bf9   0x164  Code  Lc  dlmalloc.o [2]
sys_trim                 0x801'6d5d    0x64  Code  Lc  dlmalloc.o [2]
systemState             0x2000'4e04     0xc  Data  Gb  config.o [1]
tchar2uni                0x801'023f    0x46  Code  Lc  ff.o [1]
tfname                  0x1000'5078   0x400  Data  Gb  tgui.o [1]
tguiActiveScreen        0x2000'4e4c     0x4  Data  Gb  tgui.o [1]
tguiDBuff               0x2000'4ed0  0x1000  Data  Gb  tgui.o [1]
tguiDefaultConfig       0x2000'4dac    0x20  Data  Gb  tgui.o [1]
tguiFBuff               0x2000'5ed0   0x200  Data  Gb  tgui.o [1]
tguiFile                0x1000'4050  0x1028  Data  Gb  tgui.o [1]
tguiScrInfoButtons      0x2000'3760   0x24c  Data  Gb  tgui.o [1]
tguiScrLanguageButtons  0x2000'46f4    0xfc  Data  Gb  tgui.o [1]
tguiScrMainButtons      0x2000'43a8   0x150  Data  Gb  tgui.o [1]
tguiScrMovezButtons     0x2000'3154   0x348  Data  Gb  tgui.o [1]
tguiScrServiceButtons   0x2000'45f8    0xfc  Data  Gb  tgui.o [1]
tguiScreenInfo          0x2000'4d04    0x30  Data  Gb  tgui.o [1]
tguiScreenLanguage      0x2000'4cd4    0x30  Data  Gb  tgui.o [1]
tguiScreenMain          0x2000'4c74    0x30  Data  Gb  tgui.o [1]
tguiScreenMovez         0x2000'4d34    0x30  Data  Gb  tgui.o [1]
tguiScreenService       0x2000'4ca4    0x30  Data  Gb  tgui.o [1]
tguiTimer               0x2000'4ebc     0x1  Data  Gb  main.o [1]
tmalloc_large            0x801'6dcd   0x386  Code  Lc  dlmalloc.o [2]
tmalloc_small            0x801'7153   0x200  Code  Lc  dlmalloc.o [2]
touch_buff              0x2000'49b0    0x60  Data  Gb  fst_spi.o [1]
touch_info              0x2000'4df4    0x10  Data  Gb  touch.o [1]
touch_point             0x2000'4e50     0x4  Data  Gb  touch.o [1]
tstrcat(unsigned short *, unsigned short *)
                         0x801'a51f    0x2c  Code  Gb  unicode_utils.o [1]
tstrcat_utf(unsigned short *, char *)
                         0x801'a54b    0x44  Code  Gb  unicode_utils.o [1]
tstrcpy(unsigned short *, unsigned short *)
                         0x801'a4fd    0x22  Code  Gb  unicode_utils.o [1]
u_tfname                0x2000'217c   0x400  Data  Gb  main.o [1]
uc866                    0x802'75d0   0x100  Data  Lc  ffunicode.o [1]
ufile                   0x1000'2000  0x1028  Data  Gb  main.o [1]
uwTick                  0x2000'4e44     0x4  Data  Gb  stm32f4xx_hal.o [1]
uwTickFreq              0x2000'0107     0x1  Data  Gb  stm32f4xx_hal.o [1]
uwTickPrio              0x2000'0054     0x4  Data  Gb  stm32f4xx_hal.o [1]
validate                 0x801'19e3    0x48  Code  Lc  ff.o [1]
zPlanner                0x2000'4ec2     0x1  Data  Gb  z_planner.o [1]


[1] = D:\Electronics\Projects\MKS_DLP_new\SRC\firmware\MKSDLP_Alter_Debug\Obj
[2] = dl7M_tlf.a
[3] = dlpp7M_tl_fc.a
[4] = m7M_tls.a
[5] = rt7M_tl.a
[6] = shb_l.a

  69 833 bytes of readonly  code memory
  29 196 bytes of readonly  data memory
  70 978 bytes of readwrite data memory

Errors: none
Warnings: none
