###############################################################################
#
# IAR ELF Linker V8.32.1.169/W32 for ARM                  22/Aug/2020  01:55:23
# Copyright 2007-2018 IAR Systems AB.
#
#    Output file  =  
#        D:\Electronics\Projects\MKS_DLP_new\SRC\firmware\MKSDLP_Alter_debug\Exe\MKS_DLP_new.out
#    Map file     =  
#        D:\Electronics\Projects\MKS_DLP_new\SRC\firmware\MKSDLP_Alter_debug\List\MKS_DLP_new.map
#    Command line =  
#        -f C:\Temp\EWEFF6.tmp
#        (D:\Electronics\Projects\MKS_DLP_new\SRC\firmware\MKSDLP_Alter_Debug\Obj\config.o
#        D:\Electronics\Projects\MKS_DLP_new\SRC\firmware\MKSDLP_Alter_Debug\Obj\cpld_utils.o
#        D:\Electronics\Projects\MKS_DLP_new\SRC\firmware\MKSDLP_Alter_Debug\Obj\datetime.o
#        D:\Electronics\Projects\MKS_DLP_new\SRC\firmware\MKSDLP_Alter_Debug\Obj\diskio.o
#        D:\Electronics\Projects\MKS_DLP_new\SRC\firmware\MKSDLP_Alter_Debug\Obj\eeprom.o
#        D:\Electronics\Projects\MKS_DLP_new\SRC\firmware\MKSDLP_Alter_Debug\Obj\fatfs.o
#        D:\Electronics\Projects\MKS_DLP_new\SRC\firmware\MKSDLP_Alter_Debug\Obj\ff.o
#        D:\Electronics\Projects\MKS_DLP_new\SRC\firmware\MKSDLP_Alter_Debug\Obj\ff_gen_drv.o
#        D:\Electronics\Projects\MKS_DLP_new\SRC\firmware\MKSDLP_Alter_Debug\Obj\ffsystem.o
#        D:\Electronics\Projects\MKS_DLP_new\SRC\firmware\MKSDLP_Alter_Debug\Obj\ffunicode.o
#        D:\Electronics\Projects\MKS_DLP_new\SRC\firmware\MKSDLP_Alter_Debug\Obj\files_pws.o
#        D:\Electronics\Projects\MKS_DLP_new\SRC\firmware\MKSDLP_Alter_Debug\Obj\fnt12.o
#        D:\Electronics\Projects\MKS_DLP_new\SRC\firmware\MKSDLP_Alter_Debug\Obj\fnt12bold.o
#        D:\Electronics\Projects\MKS_DLP_new\SRC\firmware\MKSDLP_Alter_Debug\Obj\fnt18.o
#        D:\Electronics\Projects\MKS_DLP_new\SRC\firmware\MKSDLP_Alter_Debug\Obj\fnt18bold.o
#        D:\Electronics\Projects\MKS_DLP_new\SRC\firmware\MKSDLP_Alter_Debug\Obj\fnt24.o
#        D:\Electronics\Projects\MKS_DLP_new\SRC\firmware\MKSDLP_Alter_Debug\Obj\fnt24bold.o
#        D:\Electronics\Projects\MKS_DLP_new\SRC\firmware\MKSDLP_Alter_Debug\Obj\fnt36num.o
#        D:\Electronics\Projects\MKS_DLP_new\SRC\firmware\MKSDLP_Alter_Debug\Obj\fnt36num_lcd.o
#        D:\Electronics\Projects\MKS_DLP_new\SRC\firmware\MKSDLP_Alter_Debug\Obj\fnt48num_lcd.o
#        D:\Electronics\Projects\MKS_DLP_new\SRC\firmware\MKSDLP_Alter_Debug\Obj\fsmc.o
#        D:\Electronics\Projects\MKS_DLP_new\SRC\firmware\MKSDLP_Alter_Debug\Obj\fst_spi.o
#        D:\Electronics\Projects\MKS_DLP_new\SRC\firmware\MKSDLP_Alter_Debug\Obj\gpio.o
#        D:\Electronics\Projects\MKS_DLP_new\SRC\firmware\MKSDLP_Alter_Debug\Obj\languages.o
#        D:\Electronics\Projects\MKS_DLP_new\SRC\firmware\MKSDLP_Alter_Debug\Obj\lcd_low.o
#        D:\Electronics\Projects\MKS_DLP_new\SRC\firmware\MKSDLP_Alter_Debug\Obj\lcd_ui.o
#        D:\Electronics\Projects\MKS_DLP_new\SRC\firmware\MKSDLP_Alter_Debug\Obj\main.o
#        D:\Electronics\Projects\MKS_DLP_new\SRC\firmware\MKSDLP_Alter_Debug\Obj\motor.o
#        D:\Electronics\Projects\MKS_DLP_new\SRC\firmware\MKSDLP_Alter_Debug\Obj\prtfiles.o
#        D:\Electronics\Projects\MKS_DLP_new\SRC\firmware\MKSDLP_Alter_Debug\Obj\rtc.o
#        D:\Electronics\Projects\MKS_DLP_new\SRC\firmware\MKSDLP_Alter_Debug\Obj\spi_flash.o
#        D:\Electronics\Projects\MKS_DLP_new\SRC\firmware\MKSDLP_Alter_Debug\Obj\spifl_diskio.o
#        D:\Electronics\Projects\MKS_DLP_new\SRC\firmware\MKSDLP_Alter_Debug\Obj\ssd_utils.o
#        D:\Electronics\Projects\MKS_DLP_new\SRC\firmware\MKSDLP_Alter_Debug\Obj\startup_stm32f407xx.o
#        D:\Electronics\Projects\MKS_DLP_new\SRC\firmware\MKSDLP_Alter_Debug\Obj\stm32f4xx_hal.o
#        D:\Electronics\Projects\MKS_DLP_new\SRC\firmware\MKSDLP_Alter_Debug\Obj\stm32f4xx_hal_cortex.o
#        D:\Electronics\Projects\MKS_DLP_new\SRC\firmware\MKSDLP_Alter_Debug\Obj\stm32f4xx_hal_dma.o
#        D:\Electronics\Projects\MKS_DLP_new\SRC\firmware\MKSDLP_Alter_Debug\Obj\stm32f4xx_hal_dma_ex.o
#        D:\Electronics\Projects\MKS_DLP_new\SRC\firmware\MKSDLP_Alter_Debug\Obj\stm32f4xx_hal_exti.o
#        D:\Electronics\Projects\MKS_DLP_new\SRC\firmware\MKSDLP_Alter_Debug\Obj\stm32f4xx_hal_flash.o
#        D:\Electronics\Projects\MKS_DLP_new\SRC\firmware\MKSDLP_Alter_Debug\Obj\stm32f4xx_hal_flash_ex.o
#        D:\Electronics\Projects\MKS_DLP_new\SRC\firmware\MKSDLP_Alter_Debug\Obj\stm32f4xx_hal_flash_ramfunc.o
#        D:\Electronics\Projects\MKS_DLP_new\SRC\firmware\MKSDLP_Alter_Debug\Obj\stm32f4xx_hal_gpio.o
#        D:\Electronics\Projects\MKS_DLP_new\SRC\firmware\MKSDLP_Alter_Debug\Obj\stm32f4xx_hal_hcd.o
#        D:\Electronics\Projects\MKS_DLP_new\SRC\firmware\MKSDLP_Alter_Debug\Obj\stm32f4xx_hal_i2c.o
#        D:\Electronics\Projects\MKS_DLP_new\SRC\firmware\MKSDLP_Alter_Debug\Obj\stm32f4xx_hal_msp.o
#        D:\Electronics\Projects\MKS_DLP_new\SRC\firmware\MKSDLP_Alter_Debug\Obj\stm32f4xx_hal_pwr.o
#        D:\Electronics\Projects\MKS_DLP_new\SRC\firmware\MKSDLP_Alter_Debug\Obj\stm32f4xx_hal_pwr_ex.o
#        D:\Electronics\Projects\MKS_DLP_new\SRC\firmware\MKSDLP_Alter_Debug\Obj\stm32f4xx_hal_rcc.o
#        D:\Electronics\Projects\MKS_DLP_new\SRC\firmware\MKSDLP_Alter_Debug\Obj\stm32f4xx_hal_rcc_ex.o
#        D:\Electronics\Projects\MKS_DLP_new\SRC\firmware\MKSDLP_Alter_Debug\Obj\stm32f4xx_hal_rtc.o
#        D:\Electronics\Projects\MKS_DLP_new\SRC\firmware\MKSDLP_Alter_Debug\Obj\stm32f4xx_hal_rtc_ex.o
#        D:\Electronics\Projects\MKS_DLP_new\SRC\firmware\MKSDLP_Alter_Debug\Obj\stm32f4xx_hal_spi.o
#        D:\Electronics\Projects\MKS_DLP_new\SRC\firmware\MKSDLP_Alter_Debug\Obj\stm32f4xx_hal_sram.o
#        D:\Electronics\Projects\MKS_DLP_new\SRC\firmware\MKSDLP_Alter_Debug\Obj\stm32f4xx_hal_tim.o
#        D:\Electronics\Projects\MKS_DLP_new\SRC\firmware\MKSDLP_Alter_Debug\Obj\stm32f4xx_hal_tim_ex.o
#        D:\Electronics\Projects\MKS_DLP_new\SRC\firmware\MKSDLP_Alter_Debug\Obj\stm32f4xx_it.o
#        D:\Electronics\Projects\MKS_DLP_new\SRC\firmware\MKSDLP_Alter_Debug\Obj\stm32f4xx_ll_fsmc.o
#        D:\Electronics\Projects\MKS_DLP_new\SRC\firmware\MKSDLP_Alter_Debug\Obj\stm32f4xx_ll_usb.o
#        D:\Electronics\Projects\MKS_DLP_new\SRC\firmware\MKSDLP_Alter_Debug\Obj\sys_timer.o
#        D:\Electronics\Projects\MKS_DLP_new\SRC\firmware\MKSDLP_Alter_Debug\Obj\system_stm32f4xx.o
#        D:\Electronics\Projects\MKS_DLP_new\SRC\firmware\MKSDLP_Alter_Debug\Obj\tgui.o
#        D:\Electronics\Projects\MKS_DLP_new\SRC\firmware\MKSDLP_Alter_Debug\Obj\tgui_defaultfuncs.o
#        D:\Electronics\Projects\MKS_DLP_new\SRC\firmware\MKSDLP_Alter_Debug\Obj\tgui_filesscreenfuncs.o
#        D:\Electronics\Projects\MKS_DLP_new\SRC\firmware\MKSDLP_Alter_Debug\Obj\tgui_infoscreenfuncs.o
#        D:\Electronics\Projects\MKS_DLP_new\SRC\firmware\MKSDLP_Alter_Debug\Obj\tgui_langscreenfuncs.o
#        D:\Electronics\Projects\MKS_DLP_new\SRC\firmware\MKSDLP_Alter_Debug\Obj\tgui_mainscreenfuncs.o
#        D:\Electronics\Projects\MKS_DLP_new\SRC\firmware\MKSDLP_Alter_Debug\Obj\tgui_messagebox.o
#        D:\Electronics\Projects\MKS_DLP_new\SRC\firmware\MKSDLP_Alter_Debug\Obj\tgui_movezscreenfuncs.o
#        D:\Electronics\Projects\MKS_DLP_new\SRC\firmware\MKSDLP_Alter_Debug\Obj\tgui_numenterscreenfuncs.o
#        D:\Electronics\Projects\MKS_DLP_new\SRC\firmware\MKSDLP_Alter_Debug\Obj\tgui_settingsscreenfuncs.o
#        D:\Electronics\Projects\MKS_DLP_new\SRC\firmware\MKSDLP_Alter_Debug\Obj\tim.o
#        D:\Electronics\Projects\MKS_DLP_new\SRC\firmware\MKSDLP_Alter_Debug\Obj\touch.o
#        D:\Electronics\Projects\MKS_DLP_new\SRC\firmware\MKSDLP_Alter_Debug\Obj\unicode_utils.o
#        D:\Electronics\Projects\MKS_DLP_new\SRC\firmware\MKSDLP_Alter_Debug\Obj\usb_host.o
#        D:\Electronics\Projects\MKS_DLP_new\SRC\firmware\MKSDLP_Alter_Debug\Obj\usbh_conf.o
#        D:\Electronics\Projects\MKS_DLP_new\SRC\firmware\MKSDLP_Alter_Debug\Obj\usbh_core.o
#        D:\Electronics\Projects\MKS_DLP_new\SRC\firmware\MKSDLP_Alter_Debug\Obj\usbh_ctlreq.o
#        D:\Electronics\Projects\MKS_DLP_new\SRC\firmware\MKSDLP_Alter_Debug\Obj\usbh_diskio.o
#        D:\Electronics\Projects\MKS_DLP_new\SRC\firmware\MKSDLP_Alter_Debug\Obj\usbh_ioreq.o
#        D:\Electronics\Projects\MKS_DLP_new\SRC\firmware\MKSDLP_Alter_Debug\Obj\usbh_msc.o
#        D:\Electronics\Projects\MKS_DLP_new\SRC\firmware\MKSDLP_Alter_Debug\Obj\usbh_msc_bot.o
#        D:\Electronics\Projects\MKS_DLP_new\SRC\firmware\MKSDLP_Alter_Debug\Obj\usbh_msc_scsi.o
#        D:\Electronics\Projects\MKS_DLP_new\SRC\firmware\MKSDLP_Alter_Debug\Obj\usbh_pipes.o
#        D:\Electronics\Projects\MKS_DLP_new\SRC\firmware\MKSDLP_Alter_Debug\Obj\usbh_platform.o
#        D:\Electronics\Projects\MKS_DLP_new\SRC\firmware\MKSDLP_Alter_Debug\Obj\uvdisplay.o
#        D:\Electronics\Projects\MKS_DLP_new\SRC\firmware\MKSDLP_Alter_Debug\Obj\z_endstops.o
#        D:\Electronics\Projects\MKS_DLP_new\SRC\firmware\MKSDLP_Alter_Debug\Obj\z_planner.o
#        D:\Electronics\Projects\MKS_DLP_new\SRC\firmware\MKSDLP_Alter_Debug\Obj\z_stepper.o
#        --redirect _Printf=_PrintfFull --redirect _Scanf=_ScanfFull
#        --no_out_extension -o
#        D:\Electronics\Projects\MKS_DLP_new\SRC\firmware\MKSDLP_Alter_debug\Exe\MKS_DLP_new.out
#        --map
#        D:\Electronics\Projects\MKS_DLP_new\SRC\firmware\MKSDLP_Alter_debug\List\MKS_DLP_new.map
#        --log libraries,call_graph --log_file
#        D:\Electronics\Projects\MKS_DLP_new\SRC\firmware\MKSDLP_Alter_debug\List\MKS_DLP_new.log
#        --config
#        D:\Electronics\Projects\MKS_DLP_new\SRC\firmware/config/stm32f407xx_flash.icf
#        --semihosting --entry __iar_program_start --merge_duplicate_sections
#        --vfe --text_out locale)
#
###############################################################################

*******************************************************************************
*** RUNTIME MODEL ATTRIBUTES
***

CppFlavor                     = *
__CPP_Exceptions              = Disabled
__CPP_Language                = C++14
__Heap_Handler                = DLMalloc
__SystemLibrary               = DLib
__dlib_dynamic_initialization = normal
__dlib_version                = 6


*******************************************************************************
*** HEAP SELECTION
***

The advanced heap was selected because the application calls memory
allocation functions outside of system library functions, and there
are calls to deallocation functions in the application.


*******************************************************************************
*** PLACEMENT SUMMARY
***

"A0":  place at 0x801'0000 { ro section .intvec };
"P1":  place in [from 0x801'0000 to 0x807'ffff] { ro };
define block CSTACK with size = 16K, alignment = 8 { };
define block HEAP with size = 8K, alignment = 8 { };
"P2":  place in [from 0x2000'0000 to 0x2001'ffff] {
          rw, block CSTACK, block HEAP };
"P3":  place in [from 0x1000'0000 to 0x1000'ffff] { rw section CCMRAM };
initialize by copy { rw };

  Section                Kind         Address     Size  Object
  -------                ----         -------     ----  ------
"A0":                                            0x188
  .intvec                ro code   0x801'0000    0x188  startup_stm32f407xx.o [1]
                                 - 0x801'0188    0x188

"P1":                                          0x24412
  .text                  ro code   0x801'0188   0x319c  tgui.o [1]
  .text                  ro code   0x801'3324     0x66  ABImemset.o [5]
  .text                  ro code   0x801'338a     0x7a  lz77_init_single.o [5]
  .text                  ro code   0x801'3404    0xaa0  tgui_defaultfuncs.o [1]
  .text                  ro code   0x801'3ea4     0xa6  ABImemcpy.o [5]
  .text                  ro code   0x801'3f4a     0x3a  zero_init3.o [5]
  .text                  ro code   0x801'3f84     0x40  languages.o [1]
  .text                  ro code   0x801'3fc4    0x748  tgui_messagebox.o [1]
  .text                  ro code   0x801'470c    0x120  sys_timer.o [1]
  .text                  ro code   0x801'482c     0x94  datetime.o [1]
  .text                  ro code   0x801'48c0     0x40  sprintf.o [2]
  .text                  ro code   0x801'4900    0xb90  lcd_ui.o [1]
  .text                  ro code   0x801'5490    0x50c  lcd_low.o [1]
  .text                  ro code   0x801'599c   0x2b94  ff.o [1]
  .text                  ro code   0x801'8530    0x39a  unicode_utils.o [1]
  .text                  ro code   0x801'88ca     0x1e  xencoding_8859_1.o [2]
  .text                  ro code   0x801'88e8    0x274  touch.o [1]
  .text                  ro code   0x801'8b5c     0x70  strncpy.o [5]
  .text                  ro code   0x801'8bcc    0x418  stm32f4xx_hal_rtc.o [1]
  .text                  ro code   0x801'8fe4    0xf46  xprintffull.o [2]
  .text                  ro code   0x801'9f2a      0xa  xsprout.o [2]
  .text                  ro code   0x801'9f34     0x28  stm32f4xx_hal.o [1]
  .text                  ro code   0x801'9f5c    0x114  fsmc.o [1]
  .text                  ro code   0x801'a070    0x458  stm32f4xx_hal_dma.o [1]
  .text                  ro code   0x801'a4c8    0x12c  stm32f4xx_hal_cortex.o [1]
  .text                  ro code   0x801'a5f4     0xb0  diskio.o [1]
  .text                  ro code   0x801'a6a4    0x144  ffunicode.o [1]
  .text                  ro code   0x801'a7e8    0x158  fatfs.o [1]
  .text                  ro code   0x801'a940    0x550  fst_spi.o [1]
  .text                  ro code   0x801'ae90      0xc  stm32f4xx_hal.o [1]
  .text                  ro code   0x801'ae9c     0xb4  xlocale_c.o [2]
  .text                  ro code   0x801'af50     0x16  strchr.o [5]
  .rodata                const     0x801'af66      0x2  languages.o [1]
  .text                  ro code   0x801'af68     0x40  xfail_s.o [2]
  .text                  ro code   0x801'afa8     0x36  strlen.o [5]
  .rodata                const     0x801'afde      0x2  languages.o [1]
  .text                  ro code   0x801'afe0     0x58  memchr.o [5]
  .text                  ro code   0x801'b038      0xa  xmbcurmax.o [2]
  .rodata                const     0x801'b042      0x1  unwind_debug.o [6]
  .text                  ro code   0x801'b044    0x230  I64DivMod.o [5]
  .text                  ro code   0x801'b274    0x1a2  DblMul.o [4]
  .text                  ro code   0x801'b418     0x70  frexp.o [4]
  .text                  ro code   0x801'b488     0x2e  DblCmpLe.o [4]
  .text                  ro code   0x801'b4b8     0x2e  DblCmpGe.o [4]
  .text                  ro code   0x801'b4e8    0x13a  ldexp.o [4]
  .text                  ro code   0x801'b624     0x3a  DblToS32.o [4]
  .text                  ro code   0x801'b660     0x22  S32ToDbl.o [4]
  .text                  ro code   0x801'b684     0xe2  DblSub.o [4]
  .text                  ro code   0x801'b768    0x246  DblDiv.o [4]
  .text                  ro code   0x801'b9b0     0x28  DblToU32.o [4]
  .text                  ro code   0x801'b9d8     0x1a  U32ToDbl.o [4]
  .text                  ro code   0x801'b9f4      0x6  ABImemclr4.o [5]
  .text                  ro code   0x801'b9fc     0x5c  stm32f4xx_hal_sram.o [1]
  .text                  ro code   0x801'ba58    0xc12  main.o [1]
  .text                  ro code   0x801'c66c    0x252  stm32f4xx_hal_gpio.o [1]
  .text                  ro code   0x801'c8c0     0x54  ff_gen_drv.o [1]
  .text                  ro code   0x801'c914    0x5fa  stm32f4xx_hal_spi.o [1]
  .text                  ro code   0x801'cf0e      0x6  abort.o [2]
  .text                  ro code   0x801'cf14      0x2  stm32f4xx_hal_spi.o [1]
  .text                  ro code   0x801'cf18    0x17a  DblAdd.o [4]
  .text                  ro code   0x801'd094     0x32  ABImemset48.o [5]
  .text                  ro code   0x801'd0c8     0xe4  stm32f4xx_ll_fsmc.o [1]
  .text                  ro code   0x801'd1ac     0x34  stm32f4xx_hal.o [1]
  .text                  ro code   0x801'd1e0    0x28c  gpio.o [1]
  .text                  ro code   0x801'd46c    0x304  spi_flash.o [1]
  .text                  ro code   0x801'd770     0xc8  rtc.o [1]
  .text                  ro code   0x801'd838    0x5e4  eeprom.o [1]
  .text                  ro code   0x801'de1c    0xc80  config.o [1]
  .text                  ro code   0x801'ea9c    0x2dc  motor.o [1]
  .text                  ro code   0x801'ed78      0xc  uvdisplay.o [1]
  .text                  ro code   0x801'ed84     0x20  usbh_platform.o [1]
  .text                  ro code   0x801'eda4     0x8c  usb_host.o [1]
  .text                  ro code   0x801'ee30     0x12  strcmp.o [5]
  .text                  ro code   0x801'ee44     0x48  FltToDbl.o [4]
  .text                  ro code   0x801'ee8c     0x68  DblToFlt.o [4]
  .text                  ro code   0x801'eef4    0x49c  tgui_movezscreenfuncs.o [1]
  .text                  ro code   0x801'f390    0x3b4  stm32f4xx_hal_rcc.o [1]
  .text                  ro code   0x801'f744    0x1f4  stm32f4xx_hal_rcc.o [1]
  .text                  ro code   0x801'f938    0x150  stm32f4xx_hal_rcc_ex.o [1]
  .text                  ro code   0x801'fa88     0x14  exit.o [6]
  .text                  ro code   0x801'fa9c     0x4c  stm32f4xx_hal.o [1]
  .text                  ro code   0x801'fae8     0x40  stm32f4xx_hal_msp.o [1]
  .text                  ro code   0x801'fb28     0x20  spi_flash.o [1]
  .text                  ro code   0x801'fb48    0x1ea  stm32f4xx_hal_i2c.o [1]
  .text                  ro code   0x801'fd34      0xe  math_wrappers64.o [4]
  .text                  ro code   0x801'fd44    0x152  iar_Stoulx.o [2]
  .text                  ro code   0x801'fe98     0xe4  z_endstops.o [1]
  .text                  ro code   0x801'ff7c    0xe34  z_planner.o [1]
  .text                  ro code   0x802'0db0    0x5a4  z_stepper.o [1]
  .text                  ro code   0x802'1354    0x1e8  tim.o [1]
  .text                  ro code   0x802'153c    0x78a  stm32f4xx_hal_tim.o [1]
  .text                  ro code   0x802'1cc8     0x14  motor.o [1]
  .text                  ro code   0x802'1cdc      0xc  z_endstops.o [1]
  .text                  ro code   0x802'1ce8     0x18  z_endstops.o [1]
  .text                  ro code   0x802'1d00     0x20  z_stepper.o [1]
  .text                  ro code   0x802'1d20     0x20  motor.o [1]
  .text                  ro code   0x802'1d40     0xa2  cpld_utils.o [1]
  .text                  ro code   0x802'1de4    0x580  ssd_utils.o [1]
  .text                  ro code   0x802'2364    0x79e  usbh_core.o [1]
  .text                  ro code   0x802'2b04    0x51c  strto64.o [4]
  .text                  ro code   0x802'3020     0x14  isspace.o [2]
  .text                  ro code   0x802'3034     0x14  tolower.o [2]
  .text                  ro code   0x802'3048     0x18  z_stepper.o [1]
  .text                  ro code   0x802'3060     0x24  z_planner.o [1]
  .text                  ro code   0x802'3084     0x18  z_planner.o [1]
  .text                  ro code   0x802'309c      0x8  z_stepper.o [1]
  .text                  ro code   0x802'30a4     0x3c  ceilf.o [4]
  .text                  ro code   0x802'30e0     0xac  z_planner.o [1]
  .text                  ro code   0x802'318c     0x3c  floorf.o [4]
  .text                  ro code   0x802'31c8     0xbc  z_planner.o [1]
  .text                  ro code   0x802'3284     0x12  z_planner.o [1]
  .text                  ro code   0x802'3296      0x8  z_planner.o [1]
  .text                  ro code   0x802'32a0     0x1e  sqrtf.o [4]
  .text                  ro code   0x802'32c0     0x20  z_stepper.o [1]
  .text                  ro code   0x802'32e0     0x10  z_stepper.o [1]
  .text                  ro code   0x802'32f0      0xc  z_stepper.o [1]
  .text                  ro code   0x802'32fc     0x38  z_planner.o [1]
  .text                  ro code   0x802'3334     0x18  z_planner.o [1]
  .text                  ro code   0x802'334c     0x2e  lroundf.o [4]
  .text                  ro code   0x802'337c     0x1c  z_stepper.o [1]
  .text                  ro code   0x802'3398     0x2c  z_stepper.o [1]
  .text                  ro code   0x802'33c4     0xac  stm32f4xx_hal_tim_ex.o [1]
  .text                  ro code   0x802'3470    0x2f8  usbh_conf.o [1]
  .text                  ro code   0x802'3768     0xb6  usbh_pipes.o [1]
  .text                  ro code   0x802'381e    0x5bc  usbh_ctlreq.o [1]
  .text                  ro code   0x802'3dda    0x122  iar_Stopfx.o [2]
  .text                  ro code   0x802'3efc    0x1c4  iar_Stoflt.o [2]
  .text                  ro code   0x802'40c0    0x21c  iar_Stoxflt.o [2]
  .text                  ro code   0x802'42dc     0x10  z_stepper.o [1]
  .text                  ro code   0x802'42ec      0xe  z_planner.o [1]
  .text                  ro code   0x802'42fc     0x1c  z_stepper.o [1]
  .text                  ro code   0x802'4318   0x1060  stm32f4xx_hal_hcd.o [1]
  .text                  ro code   0x802'5378     0xd0  usbh_ioreq.o [1]
  .text                  ro code   0x802'5448     0x14  isalpha.o [2]
  .text                  ro code   0x802'545c    0x9c4  stm32f4xx_ll_usb.o [1]
  .rodata                const     0x802'5e20   0x2094  fnt24bold.o [1]
  .rodata                const     0x802'7eb4   0x195c  fnt24.o [1]
  .text                  ro code   0x802'9810   0x14e0  dlmalloc.o [2]
  .text                  ro code   0x802'acf0     0x2c  xgetmemchunk.o [2]
  .rodata                const     0x802'ad1c   0x10c8  fnt18bold.o [1]
  .rodata                const     0x802'bde4    0xea4  fnt18.o [1]
  .text                  ro code   0x802'cc88    0xe8c  tgui_filesscreenfuncs.o [1]
  .text                  ro code   0x802'db14     0x4c  prtfiles.o [1]
  .text                  ro code   0x802'db60     0x18  strcpy.o [5]
  .text                  ro code   0x802'db78     0x1e  strcat.o [2]
  .text                  ro code   0x802'db98    0x39c  files_pws.o [1]
  .rodata                const     0x802'df34    0xbcc  fnt48num_lcd.o [1]
  .text                  ro code   0x802'eb00    0x8b4  usbh_msc.o [1]
  .text                  ro code   0x802'f3b4    0x394  usbh_msc_bot.o [1]
  .text                  ro code   0x802'f748      0x4  heaptramp0.o [2]
  .text                  ro code   0x802'f74c    0x3ea  usbh_msc_scsi.o [1]
  .rodata                const     0x802'fb38    0x788  fnt12bold.o [1]
  .rodata                const     0x803'02c0    0x6b4  fnt12.o [1]
  .rodata                const     0x803'0974    0x684  fnt36num.o [1]
  .rodata                const     0x803'0ff8    0x66c  fnt36num_lcd.o [1]
  .text                  ro code   0x803'1664    0x240  tgui_settingsscreenfuncs.o [1]
  .text                  ro code   0x803'18a4    0x178  tgui_numenterscreenfuncs.o [1]
  .rodata                const     0x803'1a1c    0x1f4  ffunicode.o [1]
  .text                  ro code   0x803'1c10    0x144  usbh_diskio.o [1]
  .rodata                const     0x803'1d54    0x140  fnt12.o [1]
  .rodata                const     0x803'1e94    0x140  fnt12bold.o [1]
  .rodata                const     0x803'1fd4    0x140  fnt18.o [1]
  .rodata                const     0x803'2114    0x140  fnt18bold.o [1]
  .rodata                const     0x803'2254    0x140  fnt24.o [1]
  .rodata                const     0x803'2394    0x140  fnt24bold.o [1]
  .text                  ro code   0x803'24d4    0x12c  spifl_diskio.o [1]
  .rodata                const     0x803'2600    0x104  languages.o [1]
  .rodata                const     0x803'2704    0x104  languages.o [1]
  .rodata                const     0x803'2808    0x100  ffunicode.o [1]
  .text                  ro code   0x803'2908     0xc8  tgui_infoscreenfuncs.o [1]
  .rodata                const     0x803'29d0     0xbc  ffunicode.o [1]
  .rodata                const     0x803'2a8c     0x9c  languages.o [1]
  .text                  ro code   0x803'2b28     0x9c  stm32f4xx_it.o [1]
  .rodata                const     0x803'2bc4     0x80  ff.o [1]
  .rodata                const     0x803'2c44     0x78  languages.o [1]
  .rodata                const     0x803'2cbc     0x74  languages.o [1]
  .rodata                const     0x803'2d30     0x74  languages.o [1]
  .rodata                const     0x803'2da4     0x70  languages.o [1]
  .rodata                const     0x803'2e14     0x70  languages.o [1]
  .rodata                const     0x803'2e84     0x54  languages.o [1]
  .rodata                const     0x803'2ed8     0x54  languages.o [1]
  .rodata                const     0x803'2f2c     0x50  iar_Stoulx.o [2]
  .rodata                const     0x803'2f7c     0x44  languages.o [1]
  .rodata                const     0x803'2fc0     0x48  strto64.o [4]
  .rodata                const     0x803'3008     0x40  languages.o [1]
  .rodata                const     0x803'3048     0x3c  languages.o [1]
  .rodata                const     0x803'3084     0x3c  languages.o [1]
  .rodata                const     0x803'30c0     0x3c  languages.o [1]
  .rodata                const     0x803'30fc     0x38  fnt36num.o [1]
  .rodata                const     0x803'3134     0x38  fnt36num_lcd.o [1]
  .rodata                const     0x803'316c     0x38  fnt48num_lcd.o [1]
  .rodata                const     0x803'31a4     0x38  languages.o [1]
  .rodata                const     0x803'31dc     0x38  main.o [1]
  .rodata                const     0x803'3214     0x34  languages.o [1]
  .rodata                const     0x803'3248     0x34  main.o [1]
  .rodata                const     0x803'327c     0x34  main.o [1]
  .rodata                const     0x803'32b0     0x30  languages.o [1]
  .rodata                const     0x803'32e0     0x30  languages.o [1]
  .rodata                const     0x803'3310     0x30  languages.o [1]
  .rodata                const     0x803'3340     0x30  languages.o [1]
  .rodata                const     0x803'3370     0x30  main.o [1]
  .rodata                const     0x803'33a0     0x30  main.o [1]
  .rodata                const     0x803'33d0     0x30  main.o [1]
  .rodata                const     0x803'3400     0x2c  languages.o [1]
  .rodata                const     0x803'342c     0x2c  languages.o [1]
  .rodata                const     0x803'3458     0x2c  main.o [1]
  .rodata                const     0x803'3484     0x2c  main.o [1]
  .rodata                const     0x803'34b0     0x28  languages.o [1]
  .rodata                const     0x803'34d8     0x28  main.o [1]
  .text                  ro code   0x803'3500     0x28  data_init.o [5]
  .rodata                const     0x803'3528     0x24  languages.o [1]
  .rodata                const     0x803'354c     0x24  languages.o [1]
  .rodata                const     0x803'3570     0x24  main.o [1]
  .rodata                const     0x803'3594     0x24  tgui_infoscreenfuncs.o [1]
  .text                  ro code   0x803'35b8     0x22  fpinit_M.o [4]
  .iar.init_table        const     0x803'35dc     0x24  - Linker created -
  .rodata                const     0x803'3600     0x20  languages.o [1]
  .rodata                const     0x803'3620     0x20  languages.o [1]
  .rodata                const     0x803'3640     0x20  main.o [1]
  .rodata                const     0x803'3660     0x20  tgui.o [1]
  .rodata                const     0x803'3680     0x20  tgui.o [1]
  .rodata                const     0x803'36a0     0x20  tgui.o [1]
  .text                  ro code   0x803'36c0     0x20  system_stm32f4xx.o [1]
  .text                  ro code   0x803'36e0     0x20  cmain_call_ctors.o [5]
  .text                  ro code   0x803'3700     0x18  cppinit.o [2]
  .text                  ro code   0x803'3718     0x1e  cmain.o [5]
  .text                  ro code   0x803'3736      0x4  low_level_init.o [2]
  .text                  ro code   0x803'373a      0x4  exit.o [2]
  .text                  ro code   0x803'3740      0xa  cexit.o [5]
  .rodata                const     0x803'374c     0x1c  languages.o [1]
  .rodata                const     0x803'3768     0x1c  languages.o [1]
  .rodata                const     0x803'3784     0x1c  tgui.o [1]
  .rodata                const     0x803'37a0     0x1c  tgui.o [1]
  .rodata                const     0x803'37bc     0x1c  tgui.o [1]
  .rodata                const     0x803'37d8     0x1c  tgui.o [1]
  .rodata                const     0x803'37f4     0x1c  tgui.o [1]
  .rodata                const     0x803'3810     0x1c  tgui.o [1]
  .rodata                const     0x803'382c     0x1c  tgui.o [1]
  .rodata                const     0x803'3848     0x1c  tgui.o [1]
  .rodata                const     0x803'3864     0x1c  tgui.o [1]
  .rodata                const     0x803'3880     0x1c  tgui.o [1]
  .rodata                const     0x803'389c     0x1c  tgui.o [1]
  .rodata                const     0x803'38b8     0x1c  tgui.o [1]
  .rodata                const     0x803'38d4     0x1c  tgui.o [1]
  .rodata                const     0x803'38f0     0x1c  tgui.o [1]
  .rodata                const     0x803'390c     0x1c  tgui.o [1]
  .rodata                const     0x803'3928     0x1c  tgui.o [1]
  .rodata                const     0x803'3944     0x1c  tgui.o [1]
  .rodata                const     0x803'3960     0x1c  tgui.o [1]
  .rodata                const     0x803'397c     0x1c  tgui.o [1]
  .text                  ro code   0x803'3998     0x1c  tgui_langscreenfuncs.o [1]
  .rodata                const     0x803'39b4     0x18  config.o [1]
  .rodata                const     0x803'39cc     0x18  config.o [1]
  .rodata                const     0x803'39e4     0x18  config.o [1]
  .rodata                const     0x803'39fc     0x18  config.o [1]
  .rodata                const     0x803'3a14     0x18  languages.o [1]
  .rodata                const     0x803'3a2c     0x18  languages.o [1]
  .rodata                const     0x803'3a44     0x18  languages.o [1]
  .rodata                const     0x803'3a5c     0x18  main.o [1]
  .rodata                const     0x803'3a74     0x18  main.o [1]
  .rodata                const     0x803'3a8c     0x18  main.o [1]
  .rodata                const     0x803'3aa4     0x18  tgui.o [1]
  .rodata                const     0x803'3abc     0x18  tgui.o [1]
  .rodata                const     0x803'3ad4     0x18  tgui.o [1]
  .rodata                const     0x803'3aec     0x18  tgui.o [1]
  .rodata                const     0x803'3b04     0x18  tgui.o [1]
  .rodata                const     0x803'3b1c     0x18  tgui.o [1]
  .rodata                const     0x803'3b34     0x18  tgui.o [1]
  .rodata                const     0x803'3b4c     0x18  tgui.o [1]
  .rodata                const     0x803'3b64     0x18  tgui.o [1]
  .rodata                const     0x803'3b7c     0x18  tgui.o [1]
  .rodata                const     0x803'3b94     0x18  tgui.o [1]
  .rodata                const     0x803'3bac     0x18  tgui.o [1]
  .rodata                const     0x803'3bc4     0x18  tgui.o [1]
  .rodata                const     0x803'3bdc     0x18  tgui.o [1]
  .rodata                const     0x803'3bf4     0x18  tgui.o [1]
  .rodata                const     0x803'3c0c     0x18  tgui.o [1]
  .rodata                const     0x803'3c24     0x18  tgui_filesscreenfuncs.o [1]
  .rodata                const     0x803'3c3c     0x18  tgui_filesscreenfuncs.o [1]
  .rodata                const     0x803'3c54     0x14  config.o [1]
  .rodata                const     0x803'3c68     0x14  config.o [1]
  .rodata                const     0x803'3c7c     0x14  ff.o [1]
  .rodata                const     0x803'3c90     0x14  ff.o [1]
  .rodata                const     0x803'3ca4     0x14  languages.o [1]
  .rodata                const     0x803'3cb8     0x14  languages.o [1]
  .rodata                const     0x803'3ccc     0x14  languages.o [1]
  .rodata                const     0x803'3ce0     0x14  languages.o [1]
  .rodata                const     0x803'3cf4     0x14  languages.o [1]
  .rodata                const     0x803'3d08     0x14  spifl_diskio.o [1]
  .rodata                const     0x803'3d1c     0x14  tgui.o [1]
  .rodata                const     0x803'3d30     0x14  tgui.o [1]
  .rodata                const     0x803'3d44     0x14  tgui.o [1]
  .rodata                const     0x803'3d58     0x14  tgui.o [1]
  .rodata                const     0x803'3d6c     0x14  tgui.o [1]
  .rodata                const     0x803'3d80     0x14  tgui_filesscreenfuncs.o [1]
  .rodata                const     0x803'3d94     0x14  tgui_filesscreenfuncs.o [1]
  .rodata                const     0x803'3da8     0x14  usbh_diskio.o [1]
  .rodata                const     0x803'3dbc     0x10  config.o [1]
  .rodata                const     0x803'3dcc     0x10  config.o [1]
  .rodata                const     0x803'3ddc     0x10  config.o [1]
  .rodata                const     0x803'3dec     0x10  config.o [1]
  .rodata                const     0x803'3dfc     0x10  config.o [1]
  .rodata                const     0x803'3e0c     0x10  ff.o [1]
  .rodata                const     0x803'3e1c     0x10  ff.o [1]
  .rodata                const     0x803'3e2c     0x10  ff.o [1]
  .rodata                const     0x803'3e3c     0x10  ff.o [1]
  .rodata                const     0x803'3e4c     0x10  languages.o [1]
  .rodata                const     0x803'3e5c     0x10  languages.o [1]
  .rodata                const     0x803'3e6c     0x10  languages.o [1]
  .rodata                const     0x803'3e7c     0x10  languages.o [1]
  .rodata                const     0x803'3e8c     0x10  languages.o [1]
  .rodata                const     0x803'3e9c     0x10  languages.o [1]
  .rodata                const     0x803'3eac     0x10  languages.o [1]
  .rodata                const     0x803'3ebc     0x10  languages.o [1]
  .rodata                const     0x803'3ecc     0x10  main.o [1]
  .rodata                const     0x803'3edc     0x10  main.o [1]
  .rodata                const     0x803'3eec     0x10  system_stm32f4xx.o [1]
  .rodata                const     0x803'3efc     0x10  tgui.o [1]
  .rodata                const     0x803'3f0c     0x10  tgui.o [1]
  .rodata                const     0x803'3f1c     0x10  tgui.o [1]
  .rodata                const     0x803'3f2c     0x10  tgui.o [1]
  .rodata                const     0x803'3f3c     0x10  tgui.o [1]
  .rodata                const     0x803'3f4c     0x10  tgui_defaultfuncs.o [1]
  .text                  ro code   0x803'3f5c     0x10  startup_stm32f407xx.o [1]
  .rodata                const     0x803'3f6c      0xc  config.o [1]
  .rodata                const     0x803'3f78      0xc  config.o [1]
  .rodata                const     0x803'3f84      0xc  config.o [1]
  .rodata                const     0x803'3f90      0xc  config.o [1]
  .rodata                const     0x803'3f9c      0xc  config.o [1]
  .rodata                const     0x803'3fa8      0xc  config.o [1]
  .rodata                const     0x803'3fb4      0xc  ff.o [1]
  .rodata                const     0x803'3fc0      0xc  ff.o [1]
  .rodata                const     0x803'3fcc      0xc  files_pws.o [1]
  .rodata                const     0x803'3fd8      0xc  languages.o [1]
  .rodata                const     0x803'3fe4      0xc  languages.o [1]
  .rodata                const     0x803'3ff0      0xc  languages.o [1]
  .rodata                const     0x803'3ffc      0xc  languages.o [1]
  .rodata                const     0x803'4008      0xc  languages.o [1]
  .rodata                const     0x803'4014      0xc  languages.o [1]
  .rodata                const     0x803'4020      0xc  languages.o [1]
  .rodata                const     0x803'402c      0xc  languages.o [1]
  .rodata                const     0x803'4038      0xc  languages.o [1]
  .rodata                const     0x803'4044      0xc  languages.o [1]
  .rodata                const     0x803'4050      0xc  languages.o [1]
  .rodata                const     0x803'405c      0xc  languages.o [1]
  .rodata                const     0x803'4068      0xc  languages.o [1]
  .rodata                const     0x803'4074      0xc  languages.o [1]
  .rodata                const     0x803'4080      0xc  languages.o [1]
  .rodata                const     0x803'408c      0xc  languages.o [1]
  .rodata                const     0x803'4098      0xc  languages.o [1]
  .rodata                const     0x803'40a4      0xc  languages.o [1]
  .rodata                const     0x803'40b0      0xc  languages.o [1]
  .rodata                const     0x803'40bc      0xc  languages.o [1]
  .rodata                const     0x803'40c8      0xc  main.o [1]
  .rodata                const     0x803'40d4      0xc  main.o [1]
  .rodata                const     0x803'40e0      0xc  tgui.o [1]
  .rodata                const     0x803'40ec      0xc  tgui_infoscreenfuncs.o [1]
  .text                  ro code   0x803'40f8      0xc  cstartup_M.o [5]
  .rodata                const     0x803'4104      0x8  config.o [1]
  .rodata                const     0x803'410c      0x8  config.o [1]
  .rodata                const     0x803'4114      0x8  ff.o [1]
  .rodata                const     0x803'411c      0x8  ff.o [1]
  .rodata                const     0x803'4124      0x8  files_pws.o [1]
  .rodata                const     0x803'412c      0x8  files_pws.o [1]
  .rodata                const     0x803'4134      0x8  languages.o [1]
  .rodata                const     0x803'413c      0x8  languages.o [1]
  .rodata                const     0x803'4144      0x8  languages.o [1]
  .rodata                const     0x803'414c      0x8  languages.o [1]
  .rodata                const     0x803'4154      0x8  languages.o [1]
  .rodata                const     0x803'415c      0x8  languages.o [1]
  .rodata                const     0x803'4164      0x8  languages.o [1]
  .rodata                const     0x803'416c      0x8  languages.o [1]
  .rodata                const     0x803'4174      0x8  languages.o [1]
  .rodata                const     0x803'417c      0x8  languages.o [1]
  .rodata                const     0x803'4184      0x8  languages.o [1]
  .rodata                const     0x803'418c      0x8  languages.o [1]
  .rodata                const     0x803'4194      0x8  languages.o [1]
  .rodata                const     0x803'419c      0x8  languages.o [1]
  .rodata                const     0x803'41a4      0x8  languages.o [1]
  .rodata                const     0x803'41ac      0x8  languages.o [1]
  .rodata                const     0x803'41b4      0x8  languages.o [1]
  .rodata                const     0x803'41bc      0x8  languages.o [1]
  .rodata                const     0x803'41c4      0x8  languages.o [1]
  .rodata                const     0x803'41cc      0x8  languages.o [1]
  .rodata                const     0x803'41d4      0x8  languages.o [1]
  .rodata                const     0x803'41dc      0x8  languages.o [1]
  .rodata                const     0x803'41e4      0x8  languages.o [1]
  .rodata                const     0x803'41ec      0x8  languages.o [1]
  .rodata                const     0x803'41f4      0x8  languages.o [1]
  .rodata                const     0x803'41fc      0x8  languages.o [1]
  .rodata                const     0x803'4204      0x8  languages.o [1]
  .rodata                const     0x803'420c      0x8  languages.o [1]
  .rodata                const     0x803'4214      0x8  languages.o [1]
  .rodata                const     0x803'421c      0x8  languages.o [1]
  .rodata                const     0x803'4224      0x8  languages.o [1]
  .rodata                const     0x803'422c      0x8  languages.o [1]
  .rodata                const     0x803'4234      0x8  main.o [1]
  .rodata                const     0x803'423c      0x8  stm32f4xx_hal_dma.o [1]
  .rodata                const     0x803'4244      0x8  system_stm32f4xx.o [1]
  .rodata                const     0x803'424c      0x8  tgui.o [1]
  .rodata                const     0x803'4254      0x8  tgui.o [1]
  .rodata                const     0x803'425c      0x8  tgui.o [1]
  .rodata                const     0x803'4264      0x8  tgui.o [1]
  .rodata                const     0x803'426c      0x8  tgui.o [1]
  .rodata                const     0x803'4274      0x8  tgui.o [1]
  .rodata                const     0x803'427c      0x8  tgui.o [1]
  .rodata                const     0x803'4284      0x8  tgui.o [1]
  .rodata                const     0x803'428c      0x8  tgui.o [1]
  .rodata                const     0x803'4294      0x8  tgui.o [1]
  .rodata                const     0x803'429c      0x8  tgui.o [1]
  .rodata                const     0x803'42a4      0x8  tgui.o [1]
  .rodata                const     0x803'42ac      0x8  tgui.o [1]
  .rodata                const     0x803'42b4      0x8  tgui.o [1]
  .rodata                const     0x803'42bc      0x8  tgui.o [1]
  .rodata                const     0x803'42c4      0x8  tgui.o [1]
  .rodata                const     0x803'42cc      0x8  tgui.o [1]
  .rodata                const     0x803'42d4      0x8  tgui.o [1]
  .rodata                const     0x803'42dc      0x8  tgui.o [1]
  .rodata                const     0x803'42e4      0x8  tgui.o [1]
  .rodata                const     0x803'42ec      0x8  tgui.o [1]
  .rodata                const     0x803'42f4      0x8  tgui.o [1]
  .rodata                const     0x803'42fc      0x8  tgui.o [1]
  .rodata                const     0x803'4304      0x8  tgui.o [1]
  .rodata                const     0x803'430c      0x8  tgui.o [1]
  .rodata                const     0x803'4314      0x8  tgui.o [1]
  .rodata                const     0x803'431c      0x8  tgui.o [1]
  .rodata                const     0x803'4324      0x8  tgui.o [1]
  .rodata                const     0x803'432c      0x8  tgui.o [1]
  .rodata                const     0x803'4334      0x8  tgui.o [1]
  .rodata                const     0x803'433c      0x8  tgui.o [1]
  .rodata                const     0x803'4344      0x8  tgui.o [1]
  .rodata                const     0x803'434c      0x8  tgui.o [1]
  .rodata                const     0x803'4354      0x8  tgui.o [1]
  .rodata                const     0x803'435c      0x8  tgui.o [1]
  .rodata                const     0x803'4364      0x8  tgui.o [1]
  .rodata                const     0x803'436c      0x8  tgui.o [1]
  .rodata                const     0x803'4374      0x8  tgui.o [1]
  .rodata                const     0x803'437c      0x8  tgui.o [1]
  .rodata                const     0x803'4384      0x8  tgui.o [1]
  .rodata                const     0x803'438c      0x8  tgui.o [1]
  .rodata                const     0x803'4394      0x8  tgui.o [1]
  .rodata                const     0x803'439c      0x8  tgui.o [1]
  .rodata                const     0x803'43a4      0x8  tgui.o [1]
  .rodata                const     0x803'43ac      0x8  tgui.o [1]
  .rodata                const     0x803'43b4      0x8  tgui.o [1]
  .rodata                const     0x803'43bc      0x8  tgui.o [1]
  .rodata                const     0x803'43c4      0x8  tgui.o [1]
  .rodata                const     0x803'43cc      0x8  tgui.o [1]
  .rodata                const     0x803'43d4      0x8  tgui.o [1]
  .rodata                const     0x803'43dc      0x8  tgui.o [1]
  .rodata                const     0x803'43e4      0x8  tgui.o [1]
  .rodata                const     0x803'43ec      0x8  tgui.o [1]
  .rodata                const     0x803'43f4      0x8  tgui.o [1]
  .rodata                const     0x803'43fc      0x8  tgui_filesscreenfuncs.o [1]
  .rodata                const     0x803'4404      0x8  tgui_filesscreenfuncs.o [1]
  .rodata                const     0x803'440c      0x8  tgui_infoscreenfuncs.o [1]
  .rodata                const     0x803'4414      0x8  tgui_numenterscreenfuncs.o [1]
  .rodata                const     0x803'441c      0x8  tgui_settingsscreenfuncs.o [1]
  .rodata                const     0x803'4424      0x8  tim.o [1]
  .rodata                const     0x803'442c      0x6  xlocale_c.o [2]
  .rodata                const     0x803'4434      0x4  languages.o [1]
  .rodata                const     0x803'4438      0x4  languages.o [1]
  .rodata                const     0x803'443c      0x4  languages.o [1]
  .rodata                const     0x803'4440      0x4  languages.o [1]
  .rodata                const     0x803'4444      0x4  languages.o [1]
  .rodata                const     0x803'4448      0x4  languages.o [1]
  .rodata                const     0x803'444c      0x4  languages.o [1]
  .rodata                const     0x803'4450      0x4  languages.o [1]
  .rodata                const     0x803'4454      0x4  languages.o [1]
  .rodata                const     0x803'4458      0x4  languages.o [1]
  .rodata                const     0x803'445c      0x4  languages.o [1]
  .rodata                const     0x803'4460      0x4  languages.o [1]
  .rodata                const     0x803'4464      0x4  languages.o [1]
  .rodata                const     0x803'4468      0x4  languages.o [1]
  .rodata                const     0x803'446c      0x4  languages.o [1]
  .rodata                const     0x803'4470      0x4  languages.o [1]
  .rodata                const     0x803'4474      0x4  languages.o [1]
  .rodata                const     0x803'4478      0x4  languages.o [1]
  .rodata                const     0x803'447c      0x4  languages.o [1]
  .rodata                const     0x803'4480      0x4  languages.o [1]
  .rodata                const     0x803'4484      0x4  languages.o [1]
  .rodata                const     0x803'4488      0x4  languages.o [1]
  .rodata                const     0x803'448c      0x4  languages.o [1]
  .rodata                const     0x803'4490      0x4  languages.o [1]
  .rodata                const     0x803'4494      0x4  languages.o [1]
  .rodata                const     0x803'4498      0x4  rtc.o [1]
  .rodata                const     0x803'449c      0x4  usbh_msc.o [1]
  .text                  ro code   0x803'44a0      0x4  startup_stm32f407xx.o [1]
  SHT$$PREINIT_ARRAY               0x803'44a4      0x0  <Block>
  SHT$$INIT_ARRAY                  0x803'44a4      0x4  <Block>
    .init_array          const     0x803'44a4      0x4  z_planner.o [1]
  __iar_tls$$INIT_ARRAY            0x803'44a8      0x0  <Block>
  .rodata                const     0x803'44a8      0x0  zero_init3.o [5]
  .rodata                const     0x803'44a8      0x0  lz77_init_single.o [5]
  Initializer bytes      const     0x803'44a8     0xf2  <for P2-1>
                                 - 0x803'459a  0x24412

"P3":                                           0x7478
  CCMRAM                 uninit   0x1000'0000   0x4000  main.o [1]
  CCMRAM                 uninit   0x1000'4000   0x1028  main.o [1]
  CCMRAM                 uninit   0x1000'5028   0x1028  main.o [1]
  CCMRAM                 uninit   0x1000'6050   0x1028  tgui.o [1]
  CCMRAM                 uninit   0x1000'7078    0x400  tgui.o [1]
                                - 0x1000'7478   0x7478

"P2", part 1 of 3:                               0x33f
  P2-1                            0x2000'0000    0x33f  <Init block>
    .data                inited   0x2000'0000      0xc  fnt12.o [1]
    .data                inited   0x2000'000c      0xc  fnt12bold.o [1]
    .data                inited   0x2000'0018      0xc  fnt18.o [1]
    .data                inited   0x2000'0024      0xc  fnt18bold.o [1]
    .data                inited   0x2000'0030      0xc  fnt24.o [1]
    .data                inited   0x2000'003c      0xc  fnt24bold.o [1]
    .data                inited   0x2000'0048      0xc  fnt36num.o [1]
    .data                inited   0x2000'0054      0xc  fnt36num_lcd.o [1]
    .data                inited   0x2000'0060      0xc  fnt48num_lcd.o [1]
    .data                inited   0x2000'006c     0x10  languages.o [1]
    .data                inited   0x2000'007c      0x4  languages.o [1]
    .data                inited   0x2000'0080      0x4  lcd_ui.o [1]
    .data                inited   0x2000'0084      0x4  stm32f4xx_hal.o [1]
    .data                inited   0x2000'0088      0x4  system_stm32f4xx.o [1]
    .data                inited   0x2000'008c    0x200  tgui_filesscreenfuncs.o [1]
    .data                inited   0x2000'028c      0x4  tgui_movezscreenfuncs.o [1]
    .data                inited   0x2000'0290     0x20  usbh_msc.o [1]
    .data                inited   0x2000'02b0      0x4  z_stepper.o [1]
    .data                inited   0x2000'02b4     0x38  xlocale_c.o [2]
    .data                inited   0x2000'02ec     0x48  xlocale_c.o [2]
    .data                inited   0x2000'0334      0x2  lcd_ui.o [1]
    .data                inited   0x2000'0336      0x2  lcd_ui.o [1]
    .data                inited   0x2000'0338      0x2  lcd_ui.o [1]
    .data                inited   0x2000'033a      0x1  lcd_ui.o [1]
    .data                inited   0x2000'033b      0x1  stm32f4xx_hal.o [1]
    .data                inited   0x2000'033c      0x1  tgui_defaultfuncs.o [1]
    .data                inited   0x2000'033d      0x1  tgui_filesscreenfuncs.o [1]
    .data                inited   0x2000'033e      0x1  z_endstops.o [1]
                                - 0x2000'033f    0x33f

"P2", part 2 of 3:                              0x7528
  .bss                   zero     0x2000'0340   0x1038  fatfs.o [1]
  .bss                   zero     0x2000'1378   0x1038  fatfs.o [1]
  .bss                   zero     0x2000'23b0    0x830  tgui_filesscreenfuncs.o [1]
  .bss                   zero     0x2000'2be0    0x594  tgui.o [1]
  .bss                   zero     0x2000'3174    0x498  tgui.o [1]
  .bss                   zero     0x2000'360c    0x400  config.o [1]
  .bss                   zero     0x2000'3a0c    0x400  main.o [1]
  .bss                   zero     0x2000'3e0c    0x400  main.o [1]
  .bss                   zero     0x2000'420c    0x400  main.o [1]
  .bss                   zero     0x2000'460c    0x400  z_planner.o [1]
  .bss                   zero     0x2000'4a0c    0x3d8  usb_host.o [1]
  .bss                   zero     0x2000'4de4    0x39c  tgui.o [1]
  .bss                   zero     0x2000'5180    0x348  tgui.o [1]
  .bss                   zero     0x2000'54c8    0x348  tgui.o [1]
  .bss                   zero     0x2000'5810    0x348  tgui.o [1]
  .bss                   zero     0x2000'5b58    0x2c4  usbh_conf.o [1]
  .bss                   zero     0x2000'5e1c    0x24c  tgui.o [1]
  .bss                   zero     0x2000'6068    0x224  main.o [1]
  .bss                   zero     0x2000'628c    0x200  config.o [1]
  .bss                   zero     0x2000'648c    0x200  ff.o [1]
  .bss                   zero     0x2000'668c    0x200  main.o [1]
  .bss                   zero     0x2000'688c    0x1d8  dlmalloc.o [2]
  .bss                   zero     0x2000'6a64    0x1a4  tgui.o [1]
  .bss                   zero     0x2000'6c08    0x150  tgui.o [1]
  .bss                   zero     0x2000'6d58    0x100  sys_timer.o [1]
  .bss                   zero     0x2000'6e58     0xfc  tgui.o [1]
  .bss                   zero     0x2000'6f54     0x80  fst_spi.o [1]
  .bss                   zero     0x2000'6fd4     0x80  fst_spi.o [1]
  .bss                   zero     0x2000'7054     0x60  fst_spi.o [1]
  .bss                   zero     0x2000'70b4     0x60  fst_spi.o [1]
  .bss                   zero     0x2000'7114     0x60  fst_spi.o [1]
  .bss                   zero     0x2000'7174     0x60  fst_spi.o [1]
  .bss                   zero     0x2000'71d4     0x60  fst_spi.o [1]
  .bss                   zero     0x2000'7234     0x60  lcd_low.o [1]
  .bss                   zero     0x2000'7294     0x54  eeprom.o [1]
  .bss                   zero     0x2000'72e8     0x54  files_pws.o [1]
  .bss                   zero     0x2000'733c     0x50  config.o [1]
  .bss                   zero     0x2000'738c     0x50  fsmc.o [1]
  .bss                   zero     0x2000'73dc     0x40  tim.o [1]
  .bss                   zero     0x2000'741c     0x40  tim.o [1]
  .bss                   zero     0x2000'745c     0x34  main.o [1]
  .bss                   zero     0x2000'7490     0x30  files_pws.o [1]
  .bss                   zero     0x2000'74c0     0x30  tgui.o [1]
  .bss                   zero     0x2000'74f0     0x30  tgui.o [1]
  .bss                   zero     0x2000'7520     0x30  tgui.o [1]
  .bss                   zero     0x2000'7550     0x30  tgui.o [1]
  .bss                   zero     0x2000'7580     0x30  tgui.o [1]
  .bss                   zero     0x2000'75b0     0x30  tgui.o [1]
  .bss                   zero     0x2000'75e0     0x30  tgui.o [1]
  .bss                   zero     0x2000'7610     0x30  tgui.o [1]
  .bss                   zero     0x2000'7640     0x30  tgui.o [1]
  .bss                   zero     0x2000'7670     0x28  tgui.o [1]
  .bss                   zero     0x2000'7698     0x28  z_planner.o [1]
  .bss                   zero     0x2000'76c0     0x20  rtc.o [1]
  .bss                   zero     0x2000'76e0     0x20  tgui_numenterscreenfuncs.o [1]
  .bss                   zero     0x2000'7700     0x1c  config.o [1]
  .bss                   zero     0x2000'771c     0x1c  files_pws.o [1]
  .bss                   zero     0x2000'7738     0x18  config.o [1]
  .bss                   zero     0x2000'7750     0x18  dlmalloc.o [2]
  .bss                   zero     0x2000'7768     0x10  config.o [1]
  .bss                   zero     0x2000'7778     0x10  ff_gen_drv.o [1]
  .bss                   zero     0x2000'7788     0x10  touch.o [1]
  .bss                   zero     0x2000'7798      0xc  spi_flash.o [1]
  .bss                   zero     0x2000'77a4      0x8  fatfs.o [1]
  .bss                   zero     0x2000'77ac      0x8  fatfs.o [1]
  .bss                   zero     0x2000'77b4      0x8  ff.o [1]
  .bss                   zero     0x2000'77bc      0x4  cpld_utils.o [1]
  .bss                   zero     0x2000'77c0      0x4  fsmc.o [1]
  .bss                   zero     0x2000'77c4      0x4  motor.o [1]
  .bss                   zero     0x2000'77c8      0x4  prtfiles.o [1]
  .bss                   zero     0x2000'77cc      0x4  spi_flash.o [1]
  .bss                   zero     0x2000'77d0      0x4  spi_flash.o [1]
  .bss                   zero     0x2000'77d4      0x4  stm32f4xx_hal.o [1]
  .bss                   zero     0x2000'77d8      0x4  stm32f4xx_ll_usb.o [1]
  .bss                   zero     0x2000'77dc      0x4  tgui.o [1]
  .bss                   zero     0x2000'77e0      0x4  touch.o [1]
  .bss                   zero     0x2000'77e4      0x4  z_planner.o [1]
  .bss                   zero     0x2000'77e8      0x4  z_planner.o [1]
  .bss                   zero     0x2000'77ec      0x4  z_planner.o [1]
  .bss                   zero     0x2000'77f0      0x4  z_planner.o [1]
  .bss                   zero     0x2000'77f4      0x4  z_planner.o [1]
  .bss                   zero     0x2000'77f8      0x4  z_planner.o [1]
  .bss                   zero     0x2000'77fc      0x4  z_planner.o [1]
  .bss                   zero     0x2000'7800      0x4  z_stepper.o [1]
  .bss                   zero     0x2000'7804      0x4  z_stepper.o [1]
  .bss                   zero     0x2000'7808      0x4  z_stepper.o [1]
  .bss                   zero     0x2000'780c      0x4  z_stepper.o [1]
  .bss                   zero     0x2000'7810      0x4  z_stepper.o [1]
  .bss                   zero     0x2000'7814      0x4  z_stepper.o [1]
  .bss                   zero     0x2000'7818      0x4  z_stepper.o [1]
  .bss                   zero     0x2000'781c      0x4  z_stepper.o [1]
  .bss                   zero     0x2000'7820      0x4  z_stepper.o [1]
  .bss                   zero     0x2000'7824      0x4  z_stepper.o [1]
  .bss                   zero     0x2000'7828      0x4  z_stepper.o [1]
  .bss                   zero     0x2000'782c      0x4  z_stepper.o [1]
  .bss                   zero     0x2000'7830      0x4  z_stepper.o [1]
  .bss                   zero     0x2000'7834      0x4  z_stepper.o [1]
  .bss                   zero     0x2000'7838      0x4  xfail_s.o [2]
  .bss                   zero     0x2000'783c      0x4  xgetmemchunk.o [2]
  .bss                   zero     0x2000'7840      0x2  ff.o [1]
  .bss                   zero     0x2000'7842      0x2  lcd_low.o [1]
  .bss                   zero     0x2000'7844      0x2  lcd_ui.o [1]
  .bss                   zero     0x2000'7846      0x2  lcd_ui.o [1]
  .bss                   zero     0x2000'7848      0x2  lcd_ui.o [1]
  .bss                   zero     0x2000'784a      0x2  z_planner.o [1]
  .bss                   zero     0x2000'784c      0x1  eeprom.o [1]
  .bss                   zero     0x2000'784d      0x1  fatfs.o [1]
  .bss                   zero     0x2000'784e      0x1  fatfs.o [1]
  .bss                   zero     0x2000'784f      0x1  main.o [1]
  .bss                   zero     0x2000'7850      0x1  main.o [1]
  .bss                   zero     0x2000'7851      0x1  main.o [1]
  .bss                   zero     0x2000'7852      0x1  main.o [1]
  .bss                   zero     0x2000'7853      0x1  main.o [1]
  .bss                   zero     0x2000'7854      0x1  prtfiles.o [1]
  .bss                   zero     0x2000'7855      0x1  tgui_defaultfuncs.o [1]
  .bss                   zero     0x2000'7856      0x1  tgui_filesscreenfuncs.o [1]
  .bss                   zero     0x2000'7857      0x1  tgui_filesscreenfuncs.o [1]
  .bss                   zero     0x2000'7858      0x1  tgui_filesscreenfuncs.o [1]
  .bss                   zero     0x2000'7859      0x1  tgui_filesscreenfuncs.o [1]
  .bss                   zero     0x2000'785a      0x1  usb_host.o [1]
  .bss                   zero     0x2000'785b      0x1  z_endstops.o [1]
  .bss                   zero     0x2000'785c      0x1  z_endstops.o [1]
  .bss                   zero     0x2000'785d      0x1  z_planner.o [1]
  .bss                   zero     0x2000'785e      0x1  z_planner.o [1]
  .bss                   zero     0x2000'785f      0x1  z_planner.o [1]
  .bss                   zero     0x2000'7860      0x1  z_planner.o [1]
  .bss                   zero     0x2000'7861      0x1  z_planner.o [1]
  .bss                   zero     0x2000'7862      0x1  z_planner.o [1]
  .bss                   zero     0x2000'7863      0x1  z_stepper.o [1]
  .bss                   zero     0x2000'7864      0x1  z_stepper.o [1]
  .bss                   zero     0x2000'7865      0x1  z_stepper.o [1]
  .bss                   zero     0x2000'7866      0x1  z_stepper.o [1]
  .bss                   zero     0x2000'7867      0x1  z_stepper.o [1]
                                - 0x2000'7868   0x7528

"P2", part 3 of 3:                              0x7200
  .noinit                uninit   0x2000'7868   0x1000  tgui.o [1]
  .noinit                uninit   0x2000'8868    0x200  tgui.o [1]
  CSTACK                          0x2000'8a68   0x4000  <Block>
    CSTACK               uninit   0x2000'8a68   0x4000  <Block tail>
  HEAP                            0x2000'ca68   0x2000  <Block>
    HEAP                 uninit   0x2000'ca68   0x2000  <Block tail>
                                - 0x2000'ea68   0x7200

Unused ranges:

         From           To      Size
         ----           --      ----
   0x803'459a   0x807'ffff  0x4'ba66
  0x1000'7478  0x1000'ffff    0x8b88
  0x2000'033f  0x2000'033f       0x1
  0x2000'ea68  0x2001'ffff  0x1'1598


*******************************************************************************
*** INIT TABLE
***

          Address      Size
          -------      ----
Zero (__iar_zero_init3)
    1 destination range, total size 0x7528:
          0x2000'0340  0x7528

Copy/lz77 (__iar_lz77_init_single3)
    1 source range, total size 0xf2 (29% of destination):
           0x803'44a8    0xf2
    1 destination range, total size 0x33f:
          0x2000'0000   0x33f

Extra (__iar_cstart_call_ctors)



*******************************************************************************
*** MODULE SUMMARY
***

    Module                      ro code  ro data  rw data
    ------                      -------  -------  -------
command line/config:
    -----------------------------------------------------
    Total:

D:\Electronics\Projects\MKS_DLP_new\SRC\firmware\MKSDLP_Alter_Debug\Obj: [1]
    config.o                      3 200      304    1 684
    cpld_utils.o                    162                 4
    datetime.o                      148
    diskio.o                        176
    eeprom.o                      1 508                85
    fatfs.o                         344             8 322
    ff.o                         11 156      272      522
    ff_gen_drv.o                     84                16
    ffunicode.o                     324      944
    files_pws.o                     924       28      160
    fnt12.o                                2 039       12
    fnt12bold.o                            2 251       12
    fnt18.o                                4 072       12
    fnt18bold.o                            4 619       12
    fnt24.o                                6 816       12
    fnt24bold.o                            8 663       12
    fnt36num.o                             1 728       12
    fnt36num_lcd.o                         1 703       12
    fnt48num_lcd.o                         3 080       12
    fsmc.o                          276                84
    fst_spi.o                     1 360               736
    gpio.o                          652
    languages.o                      64    3 258       20
    lcd_low.o                     1 292                98
    lcd_ui.o                      2 960        3       17
    main.o                        3 090      636   28 845
    motor.o                         784                 4
    prtfiles.o                       76                 5
    rtc.o                           200        4       32
    spi_flash.o                     804                20
    spifl_diskio.o                  300       20
    ssd_utils.o                   1 408
    startup_stm32f407xx.o           412
    stm32f4xx_hal.o                 180        2        9
    stm32f4xx_hal_cortex.o          300
    stm32f4xx_hal_dma.o           1 112        8
    stm32f4xx_hal_gpio.o            594
    stm32f4xx_hal_hcd.o           4 192
    stm32f4xx_hal_i2c.o             490
    stm32f4xx_hal_msp.o              64
    stm32f4xx_hal_rcc.o           1 448
    stm32f4xx_hal_rcc_ex.o          336
    stm32f4xx_hal_rtc.o           1 048
    stm32f4xx_hal_spi.o           1 532
    stm32f4xx_hal_sram.o             92
    stm32f4xx_hal_tim.o           1 930
    stm32f4xx_hal_tim_ex.o          172
    stm32f4xx_it.o                  156
    stm32f4xx_ll_fsmc.o             228
    stm32f4xx_ll_usb.o            2 500                 4
    sys_timer.o                     288               256
    system_stm32f4xx.o               32       25        4
    tgui.o                       12 700    1 636   17 888
    tgui_defaultfuncs.o           2 720       16        2
    tgui_filesscreenfuncs.o       3 724      253    2 613
    tgui_infoscreenfuncs.o          200       56
    tgui_langscreenfuncs.o           28
    tgui_messagebox.o             1 864
    tgui_movezscreenfuncs.o       1 180        2        4
    tgui_numenterscreenfuncs.o      376        8       32
    tgui_settingsscreenfuncs.o      576        8
    tim.o                           488        8      128
    touch.o                         628                20
    unicode_utils.o                 922
    usb_host.o                      140               985
    usbh_conf.o                     760               708
    usbh_core.o                   1 950
    usbh_ctlreq.o                 1 468
    usbh_diskio.o                   324       20
    usbh_ioreq.o                    208
    usbh_msc.o                    2 228       13       32
    usbh_msc_bot.o                  916
    usbh_msc_scsi.o               1 002
    usbh_pipes.o                    182
    usbh_platform.o                  32
    uvdisplay.o                      12
    z_endstops.o                    264        1        3
    z_planner.o                   4 176        4    1 100
    z_stepper.o                   1 684        1       65
    -----------------------------------------------------
    Total:                       89 150   42 501   64 615

dl7M_tlf.a: [2]
    abort.o                           6
    cppinit.o                        24
    dlmalloc.o                    5 344               496
    exit.o                            4
    heaptramp0.o                      4
    iar_Stoflt.o                    452
    iar_Stopfx.o                    290
    iar_Stoulx.o                    338       80
    iar_Stoxflt.o                   540
    isalpha.o                        20
    isspace.o                        20
    low_level_init.o                  4
    sprintf.o                        64
    strcat.o                         30
    tolower.o                        20
    xencoding_8859_1.o               30
    xfail_s.o                        64                 4
    xgetmemchunk.o                   44                 4
    xlocale_c.o                     180       43      128
    xmbcurmax.o                      10
    xprintffull.o                 3 910
    xsprout.o                        10
    -----------------------------------------------------
    Total:                       11 408      123      632

dlpp7M_tl_fc.a: [3]
    -----------------------------------------------------
    Total:

m7M_tls.a: [4]
    DblAdd.o                        378
    DblCmpGe.o                       46
    DblCmpLe.o                       46
    DblDiv.o                        582
    DblMul.o                        418
    DblSub.o                        226
    DblToFlt.o                      104
    DblToS32.o                       58
    DblToU32.o                       40
    FltToDbl.o                       72
    S32ToDbl.o                       34
    U32ToDbl.o                       26
    ceilf.o                          60
    floorf.o                         60
    fpinit_M.o                       34
    frexp.o                         112
    ldexp.o                         314
    lroundf.o                        46
    math_wrappers64.o                14
    sqrtf.o                          30
    strto64.o                     1 308       72
    -----------------------------------------------------
    Total:                        4 008       72

rt7M_tl.a: [5]
    ABImemclr4.o                      6
    ABImemcpy.o                     166
    ABImemset.o                     102
    ABImemset48.o                    50
    I64DivMod.o                     560
    cexit.o                          10
    cmain.o                          30
    cmain_call_ctors.o               32
    cstartup_M.o                     12
    data_init.o                      40
    lz77_init_single.o              122
    memchr.o                         88
    strchr.o                         22
    strcmp.o                         18
    strcpy.o                         24
    strlen.o                         54
    strncpy.o                       112
    zero_init3.o                     58
    -----------------------------------------------------
    Total:                        1 506

shb_l.a: [6]
    exit.o                           20
    unwind_debug.o                             1
    -----------------------------------------------------
    Total:                           20        1

    Gaps                             57        8
    Linker created                            36   24 576
---------------------------------------------------------
    Grand Total:                106 149   42 741   89 823


*******************************************************************************
*** ENTRY LIST
***

Entry                       Address    Size  Type      Object
-----                       -------    ----  ----      ------
.iar.init_table$$Base    0x803'35dc           --   Gb  - Linker created -
.iar.init_table$$Limit   0x803'3600           --   Gb  - Linker created -
?main                    0x803'3719          Code  Gb  cmain.o [5]
AHBPrescTable            0x803'3eec    0x10  Data  Gb  system_stm32f4xx.o [1]
APBPrescTable            0x803'4244     0x8  Data  Gb  system_stm32f4xx.o [1]
Appli_state             0x2000'785a     0x1  Data  Gb  usb_host.o [1]
Appli_state_old         0x2000'784f     0x1  Data  Gb  main.o [1]
BusFault_Handler         0x803'2b2f     0x2  Code  Gb  stm32f4xx_it.o [1]
CFG_Init()               0x801'de1d   0x11e  Code  Gb  config.o [1]
CFG_LoadFromFile(void *, void *)
                         0x801'e269   0x788  Code  Gb  config.o [1]
CFG_SaveConfig()         0x801'e09d    0x30  Code  Gb  config.o [1]
CFG_SaveMotor()          0x801'e013    0x2e  Code  Gb  config.o [1]
CFG_SaveTimers()         0x801'e101    0x2e  Code  Gb  config.o [1]
CFG_SetConfigDefault()   0x801'e041    0x5c  Code  Gb  config.o [1]
CFG_SetMotorDefault()    0x801'df3d    0xd6  Code  Gb  config.o [1]
CFG_SetTimersDefault()   0x801'e0cd    0x34  Code  Gb  config.o [1]
CPLD_Init()              0x802'1de1     0x2  Code  Gb  cpld_utils.o [1]
CSTACK$$Base            0x2000'8a68           --   Gb  - Linker created -
CSTACK$$Limit           0x2000'ca68           --   Gb  - Linker created -
CacheMore                0x801'aedd    0x24  Code  Lc  xlocale_c.o [2]
DMA1_Stream3_IRQHandler
                         0x803'2b41     0xa  Code  Gb  stm32f4xx_it.o [1]
DMA1_Stream4_IRQHandler
                         0x803'2b4b     0xa  Code  Gb  stm32f4xx_it.o [1]
DMA2_Stream2_IRQHandler
                         0x803'2b69     0xa  Code  Gb  stm32f4xx_it.o [1]
DMA2_Stream5_IRQHandler
                         0x803'2b73     0xa  Code  Gb  stm32f4xx_it.o [1]
DMA2_Stream7_IRQHandler
                         0x803'2b5f     0xa  Code  Gb  stm32f4xx_it.o [1]
DMA_CalcBaseAndBitshift
                         0x801'a403    0x30  Code  Lc  stm32f4xx_hal_dma.o [1]
DMA_CalcBaseAndBitshift::flagBitshiftOffset
                         0x803'423c     0x8  Data  Lc  stm32f4xx_hal_dma.o [1]
DMA_CheckFifoParam       0x801'a441    0x88  Code  Lc  stm32f4xx_hal_dma.o [1]
DMA_SetConfig            0x801'a3d5    0x2e  Code  Lc  stm32f4xx_hal_dma.o [1]
DTIME_GetDateTime(DATETIME_STRUCT *)
                         0x801'4843    0x76  Code  Gb  datetime.o [1]
DTIME_GetMinutes()       0x801'482d    0x16  Code  Gb  datetime.o [1]
DeInitStateMachine       0x802'23b5    0x66  Code  Lc  usbh_core.o [1]
DebugMon_Handler         0x803'2b35     0x2  Code  Gb  stm32f4xx_it.o [1]
DeviceCode              0x2000'7842     0x2  Data  Gb  lcd_low.o [1]
Dtentox                  0x802'2ca1   0x190  Code  Lc  strto64.o [4]
EEPROM_Init()            0x801'd839    0xae  Code  Gb  eeprom.o [1]
EEPROM_ReadMemBuff(unsigned short, unsigned char *, unsigned short)
                         0x801'db65   0x14c  Code  Gb  eeprom.o [1]
EEPROM_WriteMemBuff(unsigned short, unsigned char *, unsigned short)
                         0x801'dcc9   0x12c  Code  Gb  eeprom.o [1]
EXTI0_IRQHandler         0x803'2ba9     0xe  Code  Gb  stm32f4xx_it.o [1]
EXTI2_IRQHandler         0x803'2bb7     0xe  Code  Gb  stm32f4xx_it.o [1]
Endstops::disable()      0x802'1d21    0x20  Code  Gb  motor.o [1]
Endstops::enable()       0x802'1cc9    0x14  Code  Gb  motor.o [1]
Endstops::enabled       0x2000'033e     0x1  Data  Gb  z_endstops.o [1]
Endstops::hit_state     0x2000'785b     0x1  Data  Gb  z_endstops.o [1]
Endstops::init()         0x801'fea1    0x2a  Code  Gb  z_endstops.o [1]
Endstops::live_state    0x2000'785c     0x1  Data  Gb  z_endstops.o [1]
Endstops::state()        0x802'1cdd     0xc  Code  Gb  z_endstops.o [1]
Endstops::update()       0x801'fecb    0x9c  Code  Gb  z_endstops.o [1]
EndstopsInterrupt        0x801'fe99     0x8  Code  Gb  z_endstops.o [1]
Error_Handler            0x801'c669     0x2  Code  Gb  main.o [1]
ExCvt                    0x803'2bc4    0x80  Data  Lc  ff.o [1]
FATFS_DelFileExtensionUTF
                         0x801'a901    0x20  Code  Gb  fatfs.o [1]
FATFS_GetFileExtension   0x801'a855    0x4a  Code  Gb  fatfs.o [1]
FATFS_GetFileExtensionUTF
                         0x801'a89f    0x62  Code  Gb  fatfs.o [1]
FATFS_Init               0x801'a7e9    0x1c  Code  Gb  fatfs.o [1]
FATFS_LinkDriver         0x801'c905     0xa  Code  Gb  ff_gen_drv.o [1]
FATFS_LinkDriverEx       0x801'c8c1    0x44  Code  Gb  ff_gen_drv.o [1]
FLASH_SPIEnable          0x801'abf3   0x188  Code  Gb  fst_spi.o [1]
FLASH_SPIGetSpeed        0x801'ad97     0xc  Code  Gb  fst_spi.o [1]
FLASH_SPIInit            0x801'ab8f    0x64  Code  Gb  fst_spi.o [1]
FLASH_SPIReadBuff        0x801'adc9    0x40  Code  Gb  fst_spi.o [1]
FLASH_SPIReadBuffDMA     0x801'ae09    0x36  Code  Gb  fst_spi.o [1]
FLASH_SPISetSpeed        0x801'ad7b    0x1c  Code  Gb  fst_spi.o [1]
FLASH_SPIWriteReadByte   0x801'ada3    0x26  Code  Gb  fst_spi.o [1]
FPWS_DrawPreview(FIL *, TG_RECT *)
                         0x802'dca1   0x274  Code  Gb  files_pws.o [1]
FPWS_GetPreviewDataOffset()
                         0x802'dc7f    0x12  Code  Gb  files_pws.o [1]
FPWS_GetPreviewHeight()
                         0x802'dc99     0x8  Code  Gb  files_pws.o [1]
FPWS_GetPreviewWidth()   0x802'dc91     0x8  Code  Gb  files_pws.o [1]
FPWS_ReadFileInfo(FIL *)
                         0x802'db99    0xe6  Code  Gb  files_pws.o [1]
FSMC_Initialized        0x2000'77c0     0x4  Data  Lc  fsmc.o [1]
FSMC_NORSRAM_Extended_Timing_Init
                         0x801'd165    0x40  Code  Gb  stm32f4xx_ll_fsmc.o [1]
FSMC_NORSRAM_Init        0x801'd0c9    0x58  Code  Gb  stm32f4xx_ll_fsmc.o [1]
FSMC_NORSRAM_Timing_Init
                         0x801'd121    0x44  Code  Gb  stm32f4xx_ll_fsmc.o [1]
FatFs                   0x2000'77b4     0x8  Data  Lc  ff.o [1]
Fsid                    0x2000'7840     0x2  Data  Lc  ff.o [1]
GPIO_Init                0x801'd1e1   0x28c  Code  Gb  gpio.o [1]
HAL_DMA_GetState         0x801'a3cf     0x6  Code  Gb  stm32f4xx_hal_dma.o [1]
HAL_DMA_IRQHandler       0x801'a1c5   0x20a  Code  Gb  stm32f4xx_hal_dma.o [1]
HAL_DMA_Init             0x801'a071    0xe0  Code  Gb  stm32f4xx_hal_dma.o [1]
HAL_DMA_Start_IT         0x801'a151    0x74  Code  Gb  stm32f4xx_hal_dma.o [1]
HAL_Delay                0x801'9f35    0x28  Code  Wk  stm32f4xx_hal.o [1]
HAL_FSMC_MspInit         0x801'9fdf    0x70  Code  Gb  fsmc.o [1]
HAL_GPIO_EXTI_IRQHandler
                         0x801'c863    0x1c  Code  Gb  stm32f4xx_hal_gpio.o [1]
HAL_GPIO_Init            0x801'c66d   0x1d0  Code  Gb  stm32f4xx_hal_gpio.o [1]
HAL_GPIO_ReadPin         0x801'c83d    0x12  Code  Gb  stm32f4xx_hal_gpio.o [1]
HAL_GPIO_WritePin        0x801'c84f    0x14  Code  Gb  stm32f4xx_hal_gpio.o [1]
HAL_GetTick              0x801'ae91     0xc  Code  Wk  stm32f4xx_hal.o [1]
HAL_HCD_Connect_Callback
                         0x802'34ff     0xc  Code  Gb  usbh_conf.o [1]
HAL_HCD_Disconnect_Callback
                         0x802'350b     0xc  Code  Gb  usbh_conf.o [1]
HAL_HCD_GetCurrentFrame
                         0x802'4829     0xa  Code  Gb  stm32f4xx_hal_hcd.o [1]
HAL_HCD_GetCurrentSpeed
                         0x802'4833     0xa  Code  Gb  stm32f4xx_hal_hcd.o [1]
HAL_HCD_HC_GetURBState   0x802'480f     0xe  Code  Gb  stm32f4xx_hal_hcd.o [1]
HAL_HCD_HC_GetXferCount
                         0x802'481d     0xc  Code  Gb  stm32f4xx_hal_hcd.o [1]
HAL_HCD_HC_Halt          0x802'4459    0x2c  Code  Gb  stm32f4xx_hal_hcd.o [1]
HAL_HCD_HC_Init          0x802'438f    0xca  Code  Gb  stm32f4xx_hal_hcd.o [1]
HAL_HCD_HC_NotifyURBChange_Callback
                         0x802'3517     0x2  Code  Gb  usbh_conf.o [1]
HAL_HCD_HC_SubmitRequest
                         0x802'4485   0x1f8  Code  Gb  stm32f4xx_hal_hcd.o [1]
HAL_HCD_IRQHandler       0x802'467d   0x134  Code  Gb  stm32f4xx_hal_hcd.o [1]
HAL_HCD_Init             0x802'4319    0x76  Code  Gb  stm32f4xx_hal_hcd.o [1]
HAL_HCD_MspInit          0x802'3471    0x82  Code  Gb  usbh_conf.o [1]
HAL_HCD_PortDisabled_Callback
                         0x802'3525     0xc  Code  Gb  usbh_conf.o [1]
HAL_HCD_PortEnabled_Callback
                         0x802'3519     0xc  Code  Gb  usbh_conf.o [1]
HAL_HCD_ResetPort        0x802'4805     0xa  Code  Gb  stm32f4xx_hal_hcd.o [1]
HAL_HCD_SOF_Callback     0x802'34f3     0xc  Code  Gb  usbh_conf.o [1]
HAL_HCD_Start            0x802'47b1    0x2e  Code  Gb  stm32f4xx_hal_hcd.o [1]
HAL_HCD_Stop             0x802'47df    0x26  Code  Gb  stm32f4xx_hal_hcd.o [1]
HAL_I2C_Init             0x801'fb49   0x1d0  Code  Gb  stm32f4xx_hal_i2c.o [1]
HAL_IncTick              0x801'470d    0x58  Code  Gb  sys_timer.o [1]
HAL_Init                 0x801'd1ad    0x30  Code  Gb  stm32f4xx_hal.o [1]
HAL_InitTick             0x801'fa9d    0x4c  Code  Wk  stm32f4xx_hal.o [1]
HAL_MspInit              0x801'fae9    0x40  Code  Gb  stm32f4xx_hal_msp.o [1]
HAL_NVIC_EnableIRQ       0x801'a5c1     0xa  Code  Gb  stm32f4xx_hal_cortex.o [1]
HAL_NVIC_SetPriority     0x801'a59f    0x22  Code  Gb  stm32f4xx_hal_cortex.o [1]
HAL_NVIC_SetPriorityGrouping
                         0x801'a597     0x8  Code  Gb  stm32f4xx_hal_cortex.o [1]
HAL_RCCEx_PeriphCLKConfig
                         0x801'f939   0x12c  Code  Gb  stm32f4xx_hal_rcc_ex.o [1]
HAL_RCC_ClockConfig      0x801'f745   0x13a  Code  Gb  stm32f4xx_hal_rcc.o [1]
HAL_RCC_GetHCLKFreq      0x801'f87f     0x6  Code  Gb  stm32f4xx_hal_rcc.o [1]
HAL_RCC_GetPCLK1Freq     0x801'f885    0x16  Code  Gb  stm32f4xx_hal_rcc.o [1]
HAL_RCC_GetSysClockFreq
                         0x801'f8b9    0x80  Code  Wk  stm32f4xx_hal_rcc.o [1]
HAL_RCC_OscConfig        0x801'f391   0x3b4  Code  Wk  stm32f4xx_hal_rcc.o [1]
HAL_RTC_GetDate          0x801'8ee7    0x4e  Code  Gb  stm32f4xx_hal_rtc.o [1]
HAL_RTC_GetTime          0x801'8d9f    0x62  Code  Gb  stm32f4xx_hal_rtc.o [1]
HAL_RTC_Init             0x801'8bcd    0xcc  Code  Gb  stm32f4xx_hal_rtc.o [1]
HAL_RTC_SetDate          0x801'8e01    0xe6  Code  Gb  stm32f4xx_hal_rtc.o [1]
HAL_RTC_SetTime          0x801'8c99   0x106  Code  Gb  stm32f4xx_hal_rtc.o [1]
HAL_RTC_WaitForSynchro   0x801'8f41    0x36  Code  Gb  stm32f4xx_hal_rtc.o [1]
HAL_SPI_Init             0x801'c915    0xca  Code  Gb  stm32f4xx_hal_spi.o [1]
HAL_SPI_Receive_DMA      0x801'ca05   0x106  Code  Gb  stm32f4xx_hal_spi.o [1]
HAL_SPI_TransmitReceive_DMA
                         0x801'cb0b   0x156  Code  Gb  stm32f4xx_hal_spi.o [1]
HAL_SPI_TxRxCpltCallback
                         0x801'a941    0x1e  Code  Gb  fst_spi.o [1]
HAL_SRAM_Init            0x801'b9fd    0x5c  Code  Gb  stm32f4xx_hal_sram.o [1]
HAL_SRAM_MspInit         0x801'a04f     0x8  Code  Gb  fsmc.o [1]
HAL_SYSTICK_Config       0x801'a5cb     0x8  Code  Gb  stm32f4xx_hal_cortex.o [1]
HAL_TIMEx_MasterConfigSynchronization
                         0x802'33c5    0x8c  Code  Gb  stm32f4xx_hal_tim_ex.o [1]
HAL_TIM_Base_Init        0x802'153d    0x38  Code  Gb  stm32f4xx_hal_tim.o [1]
HAL_TIM_Base_MspInit     0x802'1479    0x56  Code  Gb  tim.o [1]
HAL_TIM_Base_Start_IT    0x802'1575    0x28  Code  Gb  stm32f4xx_hal_tim.o [1]
HAL_TIM_Base_Stop_IT     0x802'159d    0x34  Code  Gb  stm32f4xx_hal_tim.o [1]
HAL_TIM_ConfigClockSource
                         0x802'18d7    0xe8  Code  Gb  stm32f4xx_hal_tim.o [1]
HAL_TIM_IRQHandler       0x802'1665   0x176  Code  Gb  stm32f4xx_hal_tim.o [1]
HAL_TIM_MspPostInit      0x802'14cf    0x4e  Code  Gb  tim.o [1]
HAL_TIM_PWM_ConfigChannel
                         0x802'17db    0xfc  Code  Gb  stm32f4xx_hal_tim.o [1]
HAL_TIM_PWM_Init         0x802'15d1    0x38  Code  Gb  stm32f4xx_hal_tim.o [1]
HAL_TIM_PWM_Start        0x802'1609    0x54  Code  Gb  stm32f4xx_hal_tim.o [1]
[...]
_tgui_MovezHomeButtonPress(void *, void *)
                         0x801'ef65    0x26  Code  Gb  tgui_movezscreenfuncs.o [1]
_tgui_MovezScreenProcess(void *, void *)
                         0x801'f389     0x8  Code  Gb  tgui_movezscreenfuncs.o [1]
_tgui_MovezSetZ0ButtonPress(void *, void *)
                         0x801'f2a3    0x2c  Code  Gb  tgui_movezscreenfuncs.o [1]
_tgui_MovezStepSelectButtonPress(void *, void *)
                         0x801'efa1    0x46  Code  Gb  tgui_movezscreenfuncs.o [1]
_tgui_MovezStopButtonPress(void *, void *)
                         0x801'ef1d    0x48  Code  Gb  tgui_movezscreenfuncs.o [1]
_tgui_MovezUpButtonPress(void *, void *)
                         0x801'efe7   0x13e  Code  Gb  tgui_movezscreenfuncs.o [1]
_tgui_MovezUpdateHomed()
                         0x801'f2cf    0x92  Code  Gb  tgui_movezscreenfuncs.o [1]
_tgui_MsgBoxButtonProcess(void *, void *)
                         0x801'45c5   0x13a  Code  Gb  tgui_messagebox.o [1]
_tgui_MsgBoxPaint()      0x801'43b9   0x20c  Code  Gb  tgui_messagebox.o [1]
_tgui_MsgBoxProcess()    0x801'42e9    0xd0  Code  Gb  tgui_messagebox.o [1]
_tgui_MsgBoxShow(MSGBOXTYPE, char *, char *, void (*)(void *, void *), void (*)(void *, void *))
                         0x801'3fc5   0x324  Code  Gb  tgui_messagebox.o [1]
_tgui_ScreenTimeInit()   0x801'3405    0x24  Code  Gb  tgui_defaultfuncs.o [1]
_tgui_ScreenTimePaint(void *, void *)
                         0x801'3467    0xc4  Code  Gb  tgui_defaultfuncs.o [1]
_tgui_ScreenTimeProcess(void *, void *)
                         0x801'3429    0x3e  Code  Gb  tgui_defaultfuncs.o [1]
_tgui_ScreenTimeProcess(void *, void *)::minutes
                        0x2000'7855     0x1  Data  Lc  tgui_defaultfuncs.o [1]
_tgui_SettingsBuzzerButtonPress(void *, void *)
                         0x803'1871    0x1c  Code  Gb  tgui_settingsscreenfuncs.o [1]
_tgui_SettingsItemButtonPaint(void *, void *)
                         0x803'1665   0x1ca  Code  Gb  tgui_settingsscreenfuncs.o [1]
_tgui_SettingsPauseliftButtonPress(void *, void *)
                         0x803'185f    0x12  Code  Gb  tgui_settingsscreenfuncs.o [1]
_tgui_SettingsSaveButtonPress(void *, void *)
                         0x803'182f    0x30  Code  Gb  tgui_settingsscreenfuncs.o [1]
_tgui_StartHoming(void *, void *)
                         0x801'ef8d    0x14  Code  Gb  tgui_movezscreenfuncs.o [1]
_touch_ReadCoords        0x801'88e9    0xc8  Code  Gb  touch.o [1]
_touch_RefreshState      0x801'89b1   0x126  Code  Gb  touch.o [1]
abort                    0x801'cf0f     0x6  Code  Gb  abort.o [2]
activefilelist          0x2000'7857     0x1  Data  Gb  tgui_filesscreenfuncs.o [1]
add_segment              0x802'9bd9   0x1f2  Code  Lc  dlmalloc.o [2]
atof                     0x802'3019     0x8  Code  Gb  strto64.o [4]
atoi                     0x801'fe85     0x2  Code  Gb  iar_Stoulx.o [2]
ceilf                    0x802'30b5          Code  Gb  ceilf.o [4]
cfgCFileName            0x2000'628c   0x200  Data  Gb  config.o [1]
cfgConfig               0x2000'7738    0x18  Data  Gb  config.o [1]
cfgTFileName            0x2000'360c   0x400  Data  Gb  config.o [1]
cfgTimers               0x2000'7700    0x1c  Data  Gb  config.o [1]
cfgzMotor               0x2000'733c    0x50  Data  Gb  config.o [1]
cfname                  0x2000'420c   0x400  Data  Gb  main.o [1]
check_fs                 0x801'6e49    0x76  Code  Lc  ff.o [1]
chk_chr                  0x801'5a23    0x14  Code  Lc  ff.o [1]
clngLangEng              0x803'2600   0x104  Data  Lc  languages.o [1]
clngLangRus              0x803'2704   0x104  Data  Lc  languages.o [1]
clst2sect                0x801'5c17    0x1a  Code  Lc  ff.o [1]
cmd                     0x2000'77bc     0x4  Data  Gb  cpld_utils.o [1]
cmp_lfn                  0x801'6311    0xa0  Code  Lc  ff.o [1]
create_chain             0x801'5f25   0x130  Code  Lc  ff.o [1]
create_name              0x801'6ad5   0x286  Code  Lc  ff.o [1]
create_partition         0x801'7cc3   0x1a8  Code  Lc  ff.o [1]
currdir                 0x2000'008c   0x200  Data  Gb  tgui_filesscreenfuncs.o [1]
d                       0x2000'77d0     0x4  Data  Gb  spi_flash.o [1]
dbc_1st                  0x801'5a37     0xe  Code  Lc  ff.o [1]
dbc_2nd                  0x801'5a45     0xe  Code  Lc  ff.o [1]
ddiv                     0x802'2bcd    0xc4  Code  Lc  strto64.o [4]
digits                   0x803'2f54    0x28  Data  Lc  iar_Stoulx.o [2]
dir                     0x2000'745c    0x34  Data  Gb  main.o [1]
dir_alloc                0x801'625d    0x64  Code  Lc  ff.o [1]
dir_clear                0x801'6055    0x64  Code  Lc  ff.o [1]
dir_find                 0x801'668f   0x118  Code  Lc  ff.o [1]
dir_next                 0x801'616b    0xf2  Code  Lc  ff.o [1]
dir_read                 0x801'658f   0x100  Code  Lc  ff.o [1]
dir_register             0x801'67a7   0x166  Code  Lc  ff.o [1]
dir_sdi                  0x801'60b9    0xb2  Code  Lc  ff.o [1]
disk                    0x2000'7778    0x10  Data  Gb  ff_gen_drv.o [1]
disk_initialize          0x801'a613    0x32  Code  Gb  diskio.o [1]
disk_ioctl               0x801'a681    0x20  Code  Gb  diskio.o [1]
disk_read                0x801'a645    0x1e  Code  Gb  diskio.o [1]
disk_status              0x801'a5f5    0x1e  Code  Gb  diskio.o [1]
disk_write               0x801'a663    0x1e  Code  Gb  diskio.o [1]
dmul                     0x802'2b05    0xc6  Code  Lc  strto64.o [4]
exit                     0x803'373b     0x4  Code  Gb  exit.o [2]
fMoveStep               0x2000'028c     0x4  Data  Gb  tgui_movezscreenfuncs.o [1]
f_close                  0x801'78ef    0x2a  Code  Gb  ff.o [1]
f_closedir               0x801'7b4b    0x1c  Code  Gb  ff.o [1]
f_getfree                0x801'7bc3   0x100  Code  Gb  ff.o [1]
f_lseek                  0x801'7919   0x1aa  Code  Gb  ff.o [1]
f_mkfs                   0x801'7e6b   0x692  Code  Gb  ff.o [1]
f_mkfs::cst              0x803'3e1c    0x10  Data  Lc  ff.o [1]
f_mkfs::cst32            0x803'3e2c    0x10  Data  Lc  ff.o [1]
f_mkfs::defopt           0x803'3e3c    0x10  Data  Lc  ff.o [1]
f_mount                  0x801'71db    0x54  Code  Gb  ff.o [1]
f_open                   0x801'7251   0x21a  Code  Gb  ff.o [1]
f_opendir                0x801'7ac3    0x88  Code  Gb  ff.o [1]
f_read                   0x801'746b   0x1cc  Code  Gb  ff.o [1]
f_readdir                0x801'7b67    0x5c  Code  Gb  ff.o [1]
f_sync                   0x801'784f    0xa0  Code  Gb  ff.o [1]
f_write                  0x801'7637   0x218  Code  Gb  ff.o [1]
fbuff                   0x1000'0000  0x4000  Data  Gb  main.o [1]
ff_oem2uni               0x801'a6eb    0x3a  Code  Gb  ffunicode.o [1]
ff_uni2oem               0x801'a6a5    0x46  Code  Gb  ffunicode.o [1]
ff_wtoupper              0x801'a725    0xb6  Code  Gb  ffunicode.o [1]
ff_wtoupper::cvt1        0x803'1a1c   0x1f4  Data  Lc  ffunicode.o [1]
ff_wtoupper::cvt2        0x803'29d0    0xbc  Data  Lc  ffunicode.o [1]
files                   0x2000'23b0   0x830  Data  Gb  tgui_filesscreenfuncs.o [1]
find_volume              0x801'6ec5    0x6c  Code  Lc  ff.o [1]
finfo                   0x2000'6068   0x224  Data  Gb  main.o [1]
floorf                   0x802'319d          Code  Gb  floorf.o [4]
fnt12_data               0x803'02c0   0x6b4  Data  Gb  fnt12.o [1]
fnt12_width              0x803'1d54   0x140  Data  Gb  fnt12.o [1]
fnt12bold_data           0x802'fb38   0x788  Data  Gb  fnt12bold.o [1]
fnt12bold_width          0x803'1e94   0x140  Data  Gb  fnt12bold.o [1]
fnt18_data               0x802'bde4   0xea4  Data  Gb  fnt18.o [1]
fnt18_width              0x803'1fd4   0x140  Data  Gb  fnt18.o [1]
fnt18bold_data           0x802'ad1c  0x10c8  Data  Gb  fnt18bold.o [1]
fnt18bold_width          0x803'2114   0x140  Data  Gb  fnt18bold.o [1]
fnt24_data               0x802'7eb4  0x195c  Data  Gb  fnt24.o [1]
fnt24_width              0x803'2254   0x140  Data  Gb  fnt24.o [1]
fnt24bold_data           0x802'5e20  0x2094  Data  Gb  fnt24bold.o [1]
fnt24bold_width          0x803'2394   0x140  Data  Gb  fnt24bold.o [1]
fnt36num_data            0x803'0974   0x684  Data  Gb  fnt36num.o [1]
fnt36num_lcd_data        0x803'0ff8   0x66c  Data  Gb  fnt36num_lcd.o [1]
fnt36num_lcd_width       0x803'3134    0x38  Data  Gb  fnt36num_lcd.o [1]
fnt36num_width           0x803'30fc    0x38  Data  Gb  fnt36num.o [1]
fnt48num_lcd_data        0x802'df34   0xbcc  Data  Gb  fnt48num_lcd.o [1]
fnt48num_lcd_width       0x803'316c    0x38  Data  Gb  fnt48num_lcd.o [1]
follow_path              0x801'6d61    0x9a  Code  Lc  ff.o [1]
font_fnt12              0x2000'0000     0xc  Data  Gb  fnt12.o [1]
font_fnt12bold          0x2000'000c     0xc  Data  Gb  fnt12bold.o [1]
font_fnt18              0x2000'0018     0xc  Data  Gb  fnt18.o [1]
font_fnt18bold          0x2000'0024     0xc  Data  Gb  fnt18bold.o [1]
font_fnt24              0x2000'0030     0xc  Data  Gb  fnt24.o [1]
font_fnt24bold          0x2000'003c     0xc  Data  Gb  fnt24bold.o [1]
font_fnt36num           0x2000'0048     0xc  Data  Gb  fnt36num.o [1]
font_fnt36num_lcd       0x2000'0054     0xc  Data  Gb  fnt36num_lcd.o [1]
font_fnt48num_lcd       0x2000'0060     0xc  Data  Gb  fnt48num_lcd.o [1]
fpws_header             0x2000'7490    0x30  Data  Gb  files_pws.o [1]
fpws_info               0x2000'72e8    0x54  Data  Gb  files_pws.o [1]
fpws_preview            0x2000'771c    0x1c  Data  Gb  files_pws.o [1]
free                     0x802'f749     0x4  Code  Gb  heaptramp0.o [2]
gen_numname              0x801'64cd    0xa2  Code  Lc  ff.o [1]
get_fat                  0x801'5c31   0x10a  Code  Lc  ff.o [1]
get_fattime              0x801'a805    0x50  Code  Gb  fatfs.o [1]
get_fileinfo             0x801'690d   0x1c8  Code  Lc  ff.o [1]
get_ldnumber             0x801'6dfb    0x4e  Code  Lc  ff.o [1]
hFlashSpi               0x2000'6fd4    0x80  Data  Gb  fst_spi.o [1]
hFlashSpiDmaRx          0x2000'7174    0x60  Data  Gb  fst_spi.o [1]
hFlashSpiDmaTx          0x2000'71d4    0x60  Data  Gb  fst_spi.o [1]
hI2C                    0x2000'7294    0x54  Data  Gb  eeprom.o [1]
hLcdDma                 0x2000'7234    0x60  Data  Gb  lcd_low.o [1]
hRTC                    0x2000'76c0    0x20  Data  Gb  rtc.o [1]
hStepperTim             0x2000'73dc    0x40  Data  Gb  tim.o [1]
hTouchSpi               0x2000'6f54    0x80  Data  Gb  fst_spi.o [1]
hTouchSpiDmaRx          0x2000'7054    0x60  Data  Gb  fst_spi.o [1]
hTouchSpiDmaTx          0x2000'70b4    0x60  Data  Gb  fst_spi.o [1]
hUsbHost                0x2000'4a0c   0x3d8  Data  Gb  usb_host.o [1]
hZRefTim                0x2000'741c    0x40  Data  Gb  tim.o [1]
hhcd_USB_OTG_FS         0x2000'5b58   0x2c4  Data  Gb  usbh_conf.o [1]
hsram1                  0x2000'738c    0x50  Data  Gb  fsmc.o [1]
i2c_timer               0x2000'784c     0x1  Data  Gb  eeprom.o [1]
idle()                   0x801'ea9d     0xa  Code  Gb  motor.o [1]
idle()::idlecount       0x2000'77c4     0x4  Data  Lc  motor.o [1]
init_mparams             0x802'982b    0x32  Code  Lc  dlmalloc.o [2]
init_top                 0x802'985d    0x36  Code  Lc  dlmalloc.o [2]
isalpha                  0x802'5449    0x14  Code  Gb  isalpha.o [2]
isspace                  0x802'3021    0x14  Code  Gb  isspace.o [2]
lastfilenum             0x2000'033d     0x1  Data  Gb  tgui_filesscreenfuncs.o [1]
lcdui_bgcolor           0x2000'7848     0x2  Data  Gb  lcd_ui.o [1]
lcdui_color             0x2000'0338     0x2  Data  Gb  lcd_ui.o [1]
lcdui_current_font      0x2000'0080     0x4  Data  Gb  lcd_ui.o [1]
lcdui_current_font_type
                        0x2000'033a     0x1  Data  Gb  lcd_ui.o [1]
lcdui_cursor_x          0x2000'7844     0x2  Data  Gb  lcd_ui.o [1]
lcdui_cursor_y          0x2000'7846     0x2  Data  Gb  lcd_ui.o [1]
lcdui_height            0x2000'0336     0x2  Data  Gb  lcd_ui.o [1]
lcdui_width             0x2000'0334     0x2  Data  Gb  lcd_ui.o [1]
ld_clust                 0x801'62c1    0x26  Code  Lc  ff.o [1]
ld_dword                 0x801'59a9    0x16  Code  Lc  ff.o [1]
ld_word                  0x801'599d     0xc  Code  Lc  ff.o [1]
ldexp                    0x801'b4e9          Code  Gb  ldexp.o [4]
ldexpl                   0x801'b4e9          Code  Gb  ldexp.o [4]
lngCurrent              0x2000'007c     0x4  Data  Gb  languages.o [1]
lngLanguages            0x2000'006c    0x10  Data  Gb  languages.o [1]
localeconv               0x801'af45     0x4  Code  Gb  xlocale_c.o [2]
lroundf                  0x802'3351          Code  Gb  lroundf.o [4]
main                     0x801'ba59   0xa7a  Code  Gb  main.o [1]
mem_cmp                  0x801'5a05    0x1e  Code  Lc  ff.o [1]
mem_cpy                  0x801'59e5    0x14  Code  Lc  ff.o [1]
mem_set                  0x801'59f9     0xc  Code  Lc  ff.o [1]
memchr                   0x801'afe1          Code  Gb  memchr.o [5]
mount_volume             0x801'6f31   0x262  Code  Lc  ff.o [1]
move_window              0x801'5b45    0x3e  Code  Lc  ff.o [1]
mparams                 0x2000'7750    0x18  Data  Lc  dlmalloc.o [2]
msg                     0x2000'668c   0x200  Data  Gb  main.o [1]
ndigs                    0x803'2f2c    0x28  Data  Lc  iar_Stoulx.o [2]
nomorefiles             0x2000'7859     0x1  Data  Gb  tgui_filesscreenfuncs.o [1]
numstr                  0x2000'76e0    0x20  Data  Gb  tgui_numenterscreenfuncs.o [1]
oldUsbMounted           0x2000'7856     0x1  Data  Gb  tgui_filesscreenfuncs.o [1]
pfile_type              0x2000'7854     0x1  Data  Gb  prtfiles.o [1]
pick_lfn                 0x801'63b1    0x90  Code  Lc  ff.o [1]
pows                     0x803'2fc0    0x48  Data  Lc  strto64.o [4]
prepend_alloc            0x802'9893   0x346  Code  Lc  dlmalloc.o [2]
prt_file                0x2000'77c8     0x4  Data  Gb  prtfiles.o [1]
put_fat                  0x801'5d3b   0x15c  Code  Lc  ff.o [1]
put_lfn                  0x801'6441    0x84  Code  Lc  ff.o [1]
put_utf                  0x801'5a99    0x5c  Code  Lc  ff.o [1]
remove_chain             0x801'5e97    0x8e  Code  Lc  ff.o [1]
retSPIFL                0x2000'784e     0x1  Data  Gb  fatfs.o [1]
retUSBH                 0x2000'784d     0x1  Data  Gb  fatfs.o [1]
s_tfname                0x2000'3e0c   0x400  Data  Gb  main.o [1]
scalbln                  0x801'b4e9          Code  Gb  ldexp.o [4]
scalblnl                 0x801'b4e9          Code  Gb  ldexp.o [4]
scalbn                   0x801'b4e9          Code  Gb  ldexp.o [4]
scalbnl                  0x801'b4e9          Code  Gb  ldexp.o [4]
scale                    0x801'97bb    0x46  Code  Lc  xprintffull.o [2]
scrTimeTimer            0x2000'033c     0x1  Data  Gb  tgui_defaultfuncs.o [1]
sec_hand                0x2000'7838     0x4  Data  Lc  xfail_s.o [2]
segment_holding          0x802'9811    0x1a  Code  Lc  dlmalloc.o [2]
sfile                   0x1000'5028  0x1028  Data  Gb  main.o [1]
sprintf                  0x801'48c1    0x40  Code  Gb  sprintf.o [2]
sqrtf                    0x802'32a1          Code  Gb  sqrtf.o [4]
srvMode                 0x2000'7853     0x1  Data  Gb  main.o [1]
st_clust                 0x801'62e7    0x2a  Code  Lc  ff.o [1]
st_dword                 0x801'59cd    0x18  Code  Lc  ff.o [1]
st_word                  0x801'59bf     0xe  Code  Lc  ff.o [1]
strcat                   0x802'db79    0x1e  Code  Gb  strcat.o [2]
strchr                   0x801'af51          Code  Gb  strchr.o [5]
strcmp                   0x801'ee31          Code  Gb  strcmp.o [5]
strcpy                   0x802'db61          Code  Gb  strcpy.o [5]
strcpy_utf(char *, char *)
                         0x801'8755    0x28  Code  Gb  unicode_utils.o [1]
strlen                   0x801'afa9          Code  Gb  strlen.o [5]
strncpy                  0x801'8b5d          Code  Gb  strncpy.o [5]
strtoul                  0x801'fe91     0x2  Code  Gb  iar_Stoulx.o [2]
strtrim(char *)          0x801'880f    0x5e  Code  Gb  unicode_utils.o [1]
strupper_utf(char *)     0x801'886d    0x5e  Code  Gb  unicode_utils.o [1]
subdir                  0x2000'7858     0x1  Data  Gb  tgui_filesscreenfuncs.o [1]
sum_sfn                  0x801'656f    0x20  Code  Lc  ff.o [1]
sync_fs                  0x801'5b83    0x94  Code  Lc  ff.o [1]
sync_window              0x801'5af5    0x50  Code  Lc  ff.o [1]
sys_alloc                0x802'9dd1   0x164  Code  Lc  dlmalloc.o [2]
sys_trim                 0x802'9f35    0x64  Code  Lc  dlmalloc.o [2]
systemInfo              0x2000'7768    0x10  Data  Gb  config.o [1]
tchar2uni                0x801'5a53    0x46  Code  Lc  ff.o [1]
tfname                  0x1000'7078   0x400  Data  Gb  tgui.o [1]
tguiActiveScreen        0x2000'77dc     0x4  Data  Gb  tgui.o [1]
tguiDBuff               0x2000'7868  0x1000  Data  Gb  tgui.o [1]
tguiDefaultConfig       0x2000'7670    0x28  Data  Gb  tgui.o [1]
tguiFBuff               0x2000'8868   0x200  Data  Gb  tgui.o [1]
tguiFile                0x1000'6050  0x1028  Data  Gb  tgui.o [1]
tguiMsgBox              0x2000'5180   0x348  Data  Gb  tgui.o [1]
tguiScrFilesButtons     0x2000'5810   0x348  Data  Gb  tgui.o [1]
tguiScrFilesListButtons
                        0x2000'3174   0x498  Data  Gb  tgui.o [1]
tguiScrInfoButtons      0x2000'4de4   0x39c  Data  Gb  tgui.o [1]
tguiScrLanguageButtons  0x2000'6e58    0xfc  Data  Gb  tgui.o [1]
tguiScrMainButtons      0x2000'6c08   0x150  Data  Gb  tgui.o [1]
tguiScrMovezButtons     0x2000'54c8   0x348  Data  Gb  tgui.o [1]
tguiScrNumenterButtons  0x2000'2be0   0x594  Data  Gb  tgui.o [1]
tguiScrServiceButtons   0x2000'6a64   0x1a4  Data  Gb  tgui.o [1]
tguiScrSettingsButtons  0x2000'5e1c   0x24c  Data  Gb  tgui.o [1]
tguiScreenFiles         0x2000'75b0    0x30  Data  Gb  tgui.o [1]
tguiScreenFilesList     0x2000'75e0    0x30  Data  Gb  tgui.o [1]
tguiScreenInfo          0x2000'7550    0x30  Data  Gb  tgui.o [1]
tguiScreenLanguage      0x2000'7520    0x30  Data  Gb  tgui.o [1]
tguiScreenMain          0x2000'74c0    0x30  Data  Gb  tgui.o [1]
tguiScreenMovez         0x2000'7580    0x30  Data  Gb  tgui.o [1]
tguiScreenNumenter      0x2000'7640    0x30  Data  Gb  tgui.o [1]
tguiScreenService       0x2000'74f0    0x30  Data  Gb  tgui.o [1]
tguiScreenSettings      0x2000'7610    0x30  Data  Gb  tgui.o [1]
tguiTimer               0x2000'7851     0x1  Data  Gb  main.o [1]
tmalloc_large            0x802'9fa5   0x386  Code  Lc  dlmalloc.o [2]
tmalloc_small            0x802'a32b   0x200  Code  Lc  dlmalloc.o [2]
tolower                  0x802'3035    0x14  Code  Gb  tolower.o [2]
touch_buff              0x2000'7114    0x60  Data  Gb  fst_spi.o [1]
touch_info              0x2000'7788    0x10  Data  Gb  touch.o [1]
touch_point             0x2000'77e0     0x4  Data  Gb  touch.o [1]
tstrcat(unsigned short *, unsigned short *)
                         0x801'879f    0x2c  Code  Gb  unicode_utils.o [1]
tstrcat_utf(unsigned short *, char *)
                         0x801'87cb    0x44  Code  Gb  unicode_utils.o [1]
tstrcpy(unsigned short *, unsigned short *)
                         0x801'877d    0x22  Code  Gb  unicode_utils.o [1]
u_tfname                0x2000'3a0c   0x400  Data  Gb  main.o [1]
uc866                    0x803'2808   0x100  Data  Lc  ffunicode.o [1]
ufile                   0x1000'4000  0x1028  Data  Gb  main.o [1]
uwTick                  0x2000'77d4     0x4  Data  Gb  stm32f4xx_hal.o [1]
uwTickFreq              0x2000'033b     0x1  Data  Gb  stm32f4xx_hal.o [1]
uwTickPrio              0x2000'0084     0x4  Data  Gb  stm32f4xx_hal.o [1]
validate                 0x801'7193    0x48  Code  Lc  ff.o [1]
zHoldTimer              0x2000'7852     0x1  Data  Gb  main.o [1]
zPlanner                0x2000'785d     0x1  Data  Gb  z_planner.o [1]


[1] = D:\Electronics\Projects\MKS_DLP_new\SRC\firmware\MKSDLP_Alter_Debug\Obj
[2] = dl7M_tlf.a
[3] = dlpp7M_tl_fc.a
[4] = m7M_tls.a
[5] = rt7M_tl.a
[6] = shb_l.a

  106 149 bytes of readonly  code memory
   42 741 bytes of readonly  data memory
   89 823 bytes of readwrite data memory

Errors: none
Warnings: none
