###############################################################################
#
# IAR ELF Linker V8.32.1.169/W32 for ARM                  07/Sep/2020  04:40:48
# Copyright 2007-2018 IAR Systems AB.
#
#    Output file  =  
#        D:\Electronics\Projects\MKS_DLP_new\SRC\firmware\MKSDLP_Alter_debug\Exe\MKS_DLP_new.out
#    Map file     =  
#        D:\Electronics\Projects\MKS_DLP_new\SRC\firmware\MKSDLP_Alter_debug\List\MKS_DLP_new.map
#    Command line =  
#        -f C:\Temp\EWA689.tmp
#        (D:\Electronics\Projects\MKS_DLP_new\SRC\firmware\MKSDLP_Alter_Debug\Obj\config.o
#        D:\Electronics\Projects\MKS_DLP_new\SRC\firmware\MKSDLP_Alter_Debug\Obj\cpld_utils.o
#        D:\Electronics\Projects\MKS_DLP_new\SRC\firmware\MKSDLP_Alter_Debug\Obj\datetime.o
#        D:\Electronics\Projects\MKS_DLP_new\SRC\firmware\MKSDLP_Alter_Debug\Obj\diskio.o
#        D:\Electronics\Projects\MKS_DLP_new\SRC\firmware\MKSDLP_Alter_Debug\Obj\eeprom.o
#        D:\Electronics\Projects\MKS_DLP_new\SRC\firmware\MKSDLP_Alter_Debug\Obj\fatfs.o
#        D:\Electronics\Projects\MKS_DLP_new\SRC\firmware\MKSDLP_Alter_Debug\Obj\ff.o
#        D:\Electronics\Projects\MKS_DLP_new\SRC\firmware\MKSDLP_Alter_Debug\Obj\ff_gen_drv.o
#        D:\Electronics\Projects\MKS_DLP_new\SRC\firmware\MKSDLP_Alter_Debug\Obj\ffsystem.o
#        D:\Electronics\Projects\MKS_DLP_new\SRC\firmware\MKSDLP_Alter_Debug\Obj\ffunicode.o
#        D:\Electronics\Projects\MKS_DLP_new\SRC\firmware\MKSDLP_Alter_Debug\Obj\files_pws.o
#        D:\Electronics\Projects\MKS_DLP_new\SRC\firmware\MKSDLP_Alter_Debug\Obj\fnt12.o
#        D:\Electronics\Projects\MKS_DLP_new\SRC\firmware\MKSDLP_Alter_Debug\Obj\fnt12bold.o
#        D:\Electronics\Projects\MKS_DLP_new\SRC\firmware\MKSDLP_Alter_Debug\Obj\fnt18.o
#        D:\Electronics\Projects\MKS_DLP_new\SRC\firmware\MKSDLP_Alter_Debug\Obj\fnt18bold.o
#        D:\Electronics\Projects\MKS_DLP_new\SRC\firmware\MKSDLP_Alter_Debug\Obj\fnt24.o
#        D:\Electronics\Projects\MKS_DLP_new\SRC\firmware\MKSDLP_Alter_Debug\Obj\fnt24bold.o
#        D:\Electronics\Projects\MKS_DLP_new\SRC\firmware\MKSDLP_Alter_Debug\Obj\fnt36num.o
#        D:\Electronics\Projects\MKS_DLP_new\SRC\firmware\MKSDLP_Alter_Debug\Obj\fnt36num_lcd.o
#        D:\Electronics\Projects\MKS_DLP_new\SRC\firmware\MKSDLP_Alter_Debug\Obj\fnt48num_lcd.o
#        D:\Electronics\Projects\MKS_DLP_new\SRC\firmware\MKSDLP_Alter_Debug\Obj\fsmc.o
#        D:\Electronics\Projects\MKS_DLP_new\SRC\firmware\MKSDLP_Alter_Debug\Obj\fst_spi.o
#        D:\Electronics\Projects\MKS_DLP_new\SRC\firmware\MKSDLP_Alter_Debug\Obj\gpio.o
#        D:\Electronics\Projects\MKS_DLP_new\SRC\firmware\MKSDLP_Alter_Debug\Obj\languages.o
#        D:\Electronics\Projects\MKS_DLP_new\SRC\firmware\MKSDLP_Alter_Debug\Obj\lcd_low.o
#        D:\Electronics\Projects\MKS_DLP_new\SRC\firmware\MKSDLP_Alter_Debug\Obj\lcd_ui.o
#        D:\Electronics\Projects\MKS_DLP_new\SRC\firmware\MKSDLP_Alter_Debug\Obj\main.o
#        D:\Electronics\Projects\MKS_DLP_new\SRC\firmware\MKSDLP_Alter_Debug\Obj\motor.o
#        D:\Electronics\Projects\MKS_DLP_new\SRC\firmware\MKSDLP_Alter_Debug\Obj\prtfiles.o
#        D:\Electronics\Projects\MKS_DLP_new\SRC\firmware\MKSDLP_Alter_Debug\Obj\rtc.o
#        D:\Electronics\Projects\MKS_DLP_new\SRC\firmware\MKSDLP_Alter_Debug\Obj\spi_flash.o
#        D:\Electronics\Projects\MKS_DLP_new\SRC\firmware\MKSDLP_Alter_Debug\Obj\spifl_diskio.o
#        D:\Electronics\Projects\MKS_DLP_new\SRC\firmware\MKSDLP_Alter_Debug\Obj\ssd_utils.o
#        D:\Electronics\Projects\MKS_DLP_new\SRC\firmware\MKSDLP_Alter_Debug\Obj\startup_stm32f407xx.o
#        D:\Electronics\Projects\MKS_DLP_new\SRC\firmware\MKSDLP_Alter_Debug\Obj\stm32f4xx_hal.o
#        D:\Electronics\Projects\MKS_DLP_new\SRC\firmware\MKSDLP_Alter_Debug\Obj\stm32f4xx_hal_cortex.o
#        D:\Electronics\Projects\MKS_DLP_new\SRC\firmware\MKSDLP_Alter_Debug\Obj\stm32f4xx_hal_dma.o
#        D:\Electronics\Projects\MKS_DLP_new\SRC\firmware\MKSDLP_Alter_Debug\Obj\stm32f4xx_hal_dma_ex.o
#        D:\Electronics\Projects\MKS_DLP_new\SRC\firmware\MKSDLP_Alter_Debug\Obj\stm32f4xx_hal_exti.o
#        D:\Electronics\Projects\MKS_DLP_new\SRC\firmware\MKSDLP_Alter_Debug\Obj\stm32f4xx_hal_flash.o
#        D:\Electronics\Projects\MKS_DLP_new\SRC\firmware\MKSDLP_Alter_Debug\Obj\stm32f4xx_hal_flash_ex.o
#        D:\Electronics\Projects\MKS_DLP_new\SRC\firmware\MKSDLP_Alter_Debug\Obj\stm32f4xx_hal_flash_ramfunc.o
#        D:\Electronics\Projects\MKS_DLP_new\SRC\firmware\MKSDLP_Alter_Debug\Obj\stm32f4xx_hal_gpio.o
#        D:\Electronics\Projects\MKS_DLP_new\SRC\firmware\MKSDLP_Alter_Debug\Obj\stm32f4xx_hal_hcd.o
#        D:\Electronics\Projects\MKS_DLP_new\SRC\firmware\MKSDLP_Alter_Debug\Obj\stm32f4xx_hal_i2c.o
#        D:\Electronics\Projects\MKS_DLP_new\SRC\firmware\MKSDLP_Alter_Debug\Obj\stm32f4xx_hal_msp.o
#        D:\Electronics\Projects\MKS_DLP_new\SRC\firmware\MKSDLP_Alter_Debug\Obj\stm32f4xx_hal_pwr.o
#        D:\Electronics\Projects\MKS_DLP_new\SRC\firmware\MKSDLP_Alter_Debug\Obj\stm32f4xx_hal_pwr_ex.o
#        D:\Electronics\Projects\MKS_DLP_new\SRC\firmware\MKSDLP_Alter_Debug\Obj\stm32f4xx_hal_rcc.o
#        D:\Electronics\Projects\MKS_DLP_new\SRC\firmware\MKSDLP_Alter_Debug\Obj\stm32f4xx_hal_rcc_ex.o
#        D:\Electronics\Projects\MKS_DLP_new\SRC\firmware\MKSDLP_Alter_Debug\Obj\stm32f4xx_hal_rtc.o
#        D:\Electronics\Projects\MKS_DLP_new\SRC\firmware\MKSDLP_Alter_Debug\Obj\stm32f4xx_hal_rtc_ex.o
#        D:\Electronics\Projects\MKS_DLP_new\SRC\firmware\MKSDLP_Alter_Debug\Obj\stm32f4xx_hal_spi.o
#        D:\Electronics\Projects\MKS_DLP_new\SRC\firmware\MKSDLP_Alter_Debug\Obj\stm32f4xx_hal_sram.o
#        D:\Electronics\Projects\MKS_DLP_new\SRC\firmware\MKSDLP_Alter_Debug\Obj\stm32f4xx_hal_tim.o
#        D:\Electronics\Projects\MKS_DLP_new\SRC\firmware\MKSDLP_Alter_Debug\Obj\stm32f4xx_hal_tim_ex.o
#        D:\Electronics\Projects\MKS_DLP_new\SRC\firmware\MKSDLP_Alter_Debug\Obj\stm32f4xx_it.o
#        D:\Electronics\Projects\MKS_DLP_new\SRC\firmware\MKSDLP_Alter_Debug\Obj\stm32f4xx_ll_fsmc.o
#        D:\Electronics\Projects\MKS_DLP_new\SRC\firmware\MKSDLP_Alter_Debug\Obj\stm32f4xx_ll_usb.o
#        D:\Electronics\Projects\MKS_DLP_new\SRC\firmware\MKSDLP_Alter_Debug\Obj\sys_timer.o
#        D:\Electronics\Projects\MKS_DLP_new\SRC\firmware\MKSDLP_Alter_Debug\Obj\system_stm32f4xx.o
#        D:\Electronics\Projects\MKS_DLP_new\SRC\firmware\MKSDLP_Alter_Debug\Obj\tgui.o
#        D:\Electronics\Projects\MKS_DLP_new\SRC\firmware\MKSDLP_Alter_Debug\Obj\tgui_defaultfuncs.o
#        D:\Electronics\Projects\MKS_DLP_new\SRC\firmware\MKSDLP_Alter_Debug\Obj\tgui_filesscreenfuncs.o
#        D:\Electronics\Projects\MKS_DLP_new\SRC\firmware\MKSDLP_Alter_Debug\Obj\tgui_fileviewscreenfuncs.o
#        D:\Electronics\Projects\MKS_DLP_new\SRC\firmware\MKSDLP_Alter_Debug\Obj\tgui_infoscreenfuncs.o
#        D:\Electronics\Projects\MKS_DLP_new\SRC\firmware\MKSDLP_Alter_Debug\Obj\tgui_langscreenfuncs.o
#        D:\Electronics\Projects\MKS_DLP_new\SRC\firmware\MKSDLP_Alter_Debug\Obj\tgui_mainscreenfuncs.o
#        D:\Electronics\Projects\MKS_DLP_new\SRC\firmware\MKSDLP_Alter_Debug\Obj\tgui_messagebox.o
#        D:\Electronics\Projects\MKS_DLP_new\SRC\firmware\MKSDLP_Alter_Debug\Obj\tgui_movezscreenfuncs.o
#        D:\Electronics\Projects\MKS_DLP_new\SRC\firmware\MKSDLP_Alter_Debug\Obj\tgui_numenterscreenfuncs.o
#        D:\Electronics\Projects\MKS_DLP_new\SRC\firmware\MKSDLP_Alter_Debug\Obj\tgui_settingsscreenfuncs.o
#        D:\Electronics\Projects\MKS_DLP_new\SRC\firmware\MKSDLP_Alter_Debug\Obj\tim.o
#        D:\Electronics\Projects\MKS_DLP_new\SRC\firmware\MKSDLP_Alter_Debug\Obj\touch.o
#        D:\Electronics\Projects\MKS_DLP_new\SRC\firmware\MKSDLP_Alter_Debug\Obj\unicode_utils.o
#        D:\Electronics\Projects\MKS_DLP_new\SRC\firmware\MKSDLP_Alter_Debug\Obj\usb_host.o
#        D:\Electronics\Projects\MKS_DLP_new\SRC\firmware\MKSDLP_Alter_Debug\Obj\usbh_conf.o
#        D:\Electronics\Projects\MKS_DLP_new\SRC\firmware\MKSDLP_Alter_Debug\Obj\usbh_core.o
#        D:\Electronics\Projects\MKS_DLP_new\SRC\firmware\MKSDLP_Alter_Debug\Obj\usbh_ctlreq.o
#        D:\Electronics\Projects\MKS_DLP_new\SRC\firmware\MKSDLP_Alter_Debug\Obj\usbh_diskio.o
#        D:\Electronics\Projects\MKS_DLP_new\SRC\firmware\MKSDLP_Alter_Debug\Obj\usbh_ioreq.o
#        D:\Electronics\Projects\MKS_DLP_new\SRC\firmware\MKSDLP_Alter_Debug\Obj\usbh_msc.o
#        D:\Electronics\Projects\MKS_DLP_new\SRC\firmware\MKSDLP_Alter_Debug\Obj\usbh_msc_bot.o
#        D:\Electronics\Projects\MKS_DLP_new\SRC\firmware\MKSDLP_Alter_Debug\Obj\usbh_msc_scsi.o
#        D:\Electronics\Projects\MKS_DLP_new\SRC\firmware\MKSDLP_Alter_Debug\Obj\usbh_pipes.o
#        D:\Electronics\Projects\MKS_DLP_new\SRC\firmware\MKSDLP_Alter_Debug\Obj\usbh_platform.o
#        D:\Electronics\Projects\MKS_DLP_new\SRC\firmware\MKSDLP_Alter_Debug\Obj\uvdisplay.o
#        D:\Electronics\Projects\MKS_DLP_new\SRC\firmware\MKSDLP_Alter_Debug\Obj\z_endstops.o
#        D:\Electronics\Projects\MKS_DLP_new\SRC\firmware\MKSDLP_Alter_Debug\Obj\z_planner.o
#        D:\Electronics\Projects\MKS_DLP_new\SRC\firmware\MKSDLP_Alter_Debug\Obj\z_stepper.o
#        --redirect _Printf=_PrintfFull --redirect _Scanf=_ScanfFull
#        --no_out_extension -o
#        D:\Electronics\Projects\MKS_DLP_new\SRC\firmware\MKSDLP_Alter_debug\Exe\MKS_DLP_new.out
#        --map
#        D:\Electronics\Projects\MKS_DLP_new\SRC\firmware\MKSDLP_Alter_debug\List\MKS_DLP_new.map
#        --log libraries,call_graph --log_file
#        D:\Electronics\Projects\MKS_DLP_new\SRC\firmware\MKSDLP_Alter_debug\List\MKS_DLP_new.log
#        --config
#        D:\Electronics\Projects\MKS_DLP_new\SRC\firmware/config/stm32f407xx_flash.icf
#        --semihosting --entry __iar_program_start --merge_duplicate_sections
#        --vfe --text_out locale)
#
###############################################################################

*******************************************************************************
*** RUNTIME MODEL ATTRIBUTES
***

CppFlavor                     = *
__CPP_Exceptions              = Disabled
__CPP_Language                = C++14
__Heap_Handler                = DLMalloc
__SystemLibrary               = DLib
__dlib_dynamic_initialization = normal
__dlib_version                = 6


*******************************************************************************
*** HEAP SELECTION
***

The advanced heap was selected because the application calls memory
allocation functions outside of system library functions, and there
are calls to deallocation functions in the application.


*******************************************************************************
*** PLACEMENT SUMMARY
***

"A0":  place at 0x801'0000 { ro section .intvec };
"P1":  place in [from 0x801'0000 to 0x807'ffff] { ro };
define block CSTACK with size = 16K, alignment = 8 { };
define block HEAP with size = 8K, alignment = 8 { };
"P2":  place in [from 0x2000'0000 to 0x2001'ffff] {
          rw, block CSTACK, block HEAP };
"P3":  place in [from 0x1000'0000 to 0x1000'ffff] { rw section CCMRAM };
initialize by copy { rw };

  Section                Kind         Address     Size  Object
  -------                ----         -------     ----  ------
"A0":                                            0x188
  .intvec                ro code   0x801'0000    0x188  startup_stm32f407xx.o [1]
                                 - 0x801'0188    0x188

"P1":                                          0x29652
  .text                  ro code   0x801'0188   0x3ea6  tgui.o [1]
  .text                  ro code   0x801'402e     0x7a  lz77_init_single.o [5]
  .text                  ro code   0x801'40a8     0x66  ABImemset.o [5]
  .text                  ro code   0x801'410e     0x3a  zero_init3.o [5]
  .text                  ro code   0x801'4148    0xb80  tgui_defaultfuncs.o [1]
  .text                  ro code   0x801'4cc8     0xa6  ABImemcpy.o [5]
  .text                  ro code   0x801'4d6e     0x26  xencoding_8859_1.o [2]
  .text                  ro code   0x801'4d94     0x44  languages.o [1]
  .text                  ro code   0x801'4dd8    0x7c4  tgui_messagebox.o [1]
  .text                  ro code   0x801'559c    0x180  sys_timer.o [1]
  .text                  ro code   0x801'571c     0x98  datetime.o [1]
  .text                  ro code   0x801'57b4     0x40  sprintf.o [2]
  .text                  ro code   0x801'57f4    0xc40  lcd_ui.o [1]
  .text                  ro code   0x801'6434    0x524  lcd_low.o [1]
  .text                  ro code   0x801'6958   0x2f74  ff.o [1]
  .text                  ro code   0x801'98cc    0x404  unicode_utils.o [1]
  .text                  ro code   0x801'9cd0    0x278  touch.o [1]
  .text                  ro code   0x801'9f48     0x70  strncpy.o [5]
  .text                  ro code   0x801'9fb8    0x444  stm32f4xx_hal_rtc.o [1]
  .text                  ro code   0x801'a3fc    0xf46  xprintffull.o [2]
  .text                  ro code   0x801'b342     0x1e  xsscin.o [2]
  .text                  ro code   0x801'b360     0x28  stm32f4xx_hal.o [1]
  .text                  ro code   0x801'b388    0x114  fsmc.o [1]
  .text                  ro code   0x801'b49c    0x484  stm32f4xx_hal_dma.o [1]
  .text                  ro code   0x801'b920    0x158  stm32f4xx_hal_cortex.o [1]
  .text                  ro code   0x801'ba78     0xf0  diskio.o [1]
  .text                  ro code   0x801'bb68    0x168  ffunicode.o [1]
  .text                  ro code   0x801'bcd0    0x15c  fatfs.o [1]
  .text                  ro code   0x801'be2c    0x568  fst_spi.o [1]
  .text                  ro code   0x801'c394      0xc  stm32f4xx_hal.o [1]
  .text                  ro code   0x801'c3a0    0x104  xlocale_c.o [2]
  .text                  ro code   0x801'c4a4     0x16  strchr.o [5]
  .text                  ro code   0x801'c4ba      0xa  xsprout.o [2]
  .text                  ro code   0x801'c4c4     0x40  xfail_s.o [2]
  .text                  ro code   0x801'c504     0x36  strlen.o [5]
  .rodata                const     0x801'c53a      0x2  languages.o [1]
  .text                  ro code   0x801'c53c     0x58  memchr.o [5]
  .text                  ro code   0x801'c594      0xa  xmbcurmax.o [2]
  .rodata                const     0x801'c59e      0x2  languages.o [1]
  .text                  ro code   0x801'c5a0    0x230  I64DivMod.o [5]
  .text                  ro code   0x801'c7d0    0x1a2  DblMul.o [4]
  .rodata                const     0x801'c972      0x1  unwind_debug.o [6]
  .text                  ro code   0x801'c974     0x70  frexp.o [4]
  .text                  ro code   0x801'c9e4     0x2e  DblCmpLe.o [4]
  .text                  ro code   0x801'ca14     0x2e  DblCmpGe.o [4]
  .text                  ro code   0x801'ca44    0x13a  ldexp.o [4]
  .text                  ro code   0x801'cb80     0x3a  DblToS32.o [4]
  .text                  ro code   0x801'cbbc     0x22  S32ToDbl.o [4]
  .text                  ro code   0x801'cbe0     0xe2  DblSub.o [4]
  .text                  ro code   0x801'ccc4    0x246  DblDiv.o [4]
  .text                  ro code   0x801'cf0c     0x28  DblToU32.o [4]
  .text                  ro code   0x801'cf34     0x1a  U32ToDbl.o [4]
  .text                  ro code   0x801'cf50      0x6  ABImemclr4.o [5]
  .text                  ro code   0x801'cf58     0x5c  stm32f4xx_hal_sram.o [1]
  .text                  ro code   0x801'cfb4    0xc2e  main.o [1]
  .text                  ro code   0x801'dbe4    0x2a2  stm32f4xx_hal_gpio.o [1]
  .text                  ro code   0x801'de88     0x60  ff_gen_drv.o [1]
  .text                  ro code   0x801'dee8    0x63e  stm32f4xx_hal_spi.o [1]
  .text                  ro code   0x801'e526      0x6  abort.o [2]
  .text                  ro code   0x801'e52c      0x2  stm32f4xx_hal_spi.o [1]
  .text                  ro code   0x801'e530    0x17a  DblAdd.o [4]
  .text                  ro code   0x801'e6ac     0x32  ABImemset48.o [5]
  .text                  ro code   0x801'e6e0     0xec  stm32f4xx_ll_fsmc.o [1]
  .text                  ro code   0x801'e7cc     0x34  stm32f4xx_hal.o [1]
  .text                  ro code   0x801'e800    0x298  gpio.o [1]
  .text                  ro code   0x801'ea98    0x328  spi_flash.o [1]
  .text                  ro code   0x801'edc0     0xc8  rtc.o [1]
  .text                  ro code   0x801'ee88    0x614  eeprom.o [1]
  .text                  ro code   0x801'f49c    0xd14  config.o [1]
  .text                  ro code   0x802'01b0    0x308  motor.o [1]
  .text                  ro code   0x802'04b8      0xc  uvdisplay.o [1]
  .text                  ro code   0x802'04c4     0x28  usbh_platform.o [1]
  .text                  ro code   0x802'04ec     0x8c  usb_host.o [1]
  .text                  ro code   0x802'0578     0x12  strcmp.o [5]
  .text                  ro code   0x802'058c     0x48  FltToDbl.o [4]
  .text                  ro code   0x802'05d4     0x68  DblToFlt.o [4]
  .text                  ro code   0x802'063c    0x52c  tgui_movezscreenfuncs.o [1]
  .text                  ro code   0x802'0b68    0x3dc  stm32f4xx_hal_rcc.o [1]
  .text                  ro code   0x802'0f44    0x214  stm32f4xx_hal_rcc.o [1]
  .text                  ro code   0x802'1158    0x160  stm32f4xx_hal_rcc_ex.o [1]
  .text                  ro code   0x802'12b8     0x14  exit.o [6]
  .text                  ro code   0x802'12cc     0x4c  stm32f4xx_hal.o [1]
  .text                  ro code   0x802'1318     0x40  stm32f4xx_hal_msp.o [1]
  .text                  ro code   0x802'1358     0x20  spi_flash.o [1]
  .text                  ro code   0x802'1378    0x1ee  stm32f4xx_hal_i2c.o [1]
  .text                  ro code   0x802'1568      0xe  math_wrappers64.o [4]
  .text                  ro code   0x802'1578    0x152  iar_Stoulx.o [2]
  .text                  ro code   0x802'16cc     0xe4  z_endstops.o [1]
  .text                  ro code   0x802'17b0    0xf38  z_planner.o [1]
  .text                  ro code   0x802'26e8    0x5d0  z_stepper.o [1]
  .text                  ro code   0x802'2cb8    0x1e8  tim.o [1]
  .text                  ro code   0x802'2ea0    0x7a2  stm32f4xx_hal_tim.o [1]
  .text                  ro code   0x802'3644     0x14  motor.o [1]
  .text                  ro code   0x802'3658      0xc  z_endstops.o [1]
  .text                  ro code   0x802'3664     0x18  z_endstops.o [1]
  .text                  ro code   0x802'367c     0x20  z_stepper.o [1]
  .text                  ro code   0x802'369c     0x20  motor.o [1]
  .text                  ro code   0x802'36bc     0xce  cpld_utils.o [1]
  .text                  ro code   0x802'378c    0x5b4  ssd_utils.o [1]
  .text                  ro code   0x802'3d40    0x7f4  usbh_core.o [1]
  .text                  ro code   0x802'4534    0x51c  strto64.o [4]
  .text                  ro code   0x802'4a50     0x14  isspace.o [2]
  .text                  ro code   0x802'4a64     0x14  tolower.o [2]
  .text                  ro code   0x802'4a78     0x18  z_stepper.o [1]
  .text                  ro code   0x802'4a90     0x24  z_planner.o [1]
  .text                  ro code   0x802'4ab4     0x18  z_planner.o [1]
  .text                  ro code   0x802'4acc      0x8  z_stepper.o [1]
  .text                  ro code   0x802'4ad4     0x3c  ceilf.o [4]
  .text                  ro code   0x802'4b10     0xb8  z_planner.o [1]
  .text                  ro code   0x802'4bc8     0x3c  floorf.o [4]
  .text                  ro code   0x802'4c04     0xc8  z_planner.o [1]
  .text                  ro code   0x802'4ccc     0x12  z_planner.o [1]
  .text                  ro code   0x802'4cde      0x8  z_planner.o [1]
  .text                  ro code   0x802'4ce8     0x1e  sqrtf.o [4]
  .text                  ro code   0x802'4d08     0x20  z_stepper.o [1]
  .text                  ro code   0x802'4d28     0x10  z_stepper.o [1]
  .text                  ro code   0x802'4d38      0xc  z_stepper.o [1]
  .text                  ro code   0x802'4d44     0x38  z_planner.o [1]
  .text                  ro code   0x802'4d7c     0x18  z_planner.o [1]
  .text                  ro code   0x802'4d94     0x2e  lroundf.o [4]
  .text                  ro code   0x802'4dc4     0x1c  z_stepper.o [1]
  .text                  ro code   0x802'4de0     0x30  z_stepper.o [1]
  .text                  ro code   0x802'4e10     0xac  stm32f4xx_hal_tim_ex.o [1]
  .text                  ro code   0x802'4ebc    0x3a0  usbh_conf.o [1]
  .text                  ro code   0x802'525c     0xe0  usbh_pipes.o [1]
  .text                  ro code   0x802'533c    0x642  usbh_ctlreq.o [1]
  .text                  ro code   0x802'597e    0x122  iar_Stopfx.o [2]
  .text                  ro code   0x802'5aa0    0x1c4  iar_Stoflt.o [2]
  .text                  ro code   0x802'5c64    0x21c  iar_Stoxflt.o [2]
  .text                  ro code   0x802'5e80     0x10  z_stepper.o [1]
  .text                  ro code   0x802'5e90      0xe  z_planner.o [1]
  .text                  ro code   0x802'5ea0     0x1c  z_stepper.o [1]
  .text                  ro code   0x802'5ebc   0x10d2  stm32f4xx_hal_hcd.o [1]
  .text                  ro code   0x802'6f8e    0x10e  usbh_ioreq.o [1]
  .text                  ro code   0x802'709c     0x14  isalpha.o [2]
  .text                  ro code   0x802'70b0    0xa8c  stm32f4xx_ll_usb.o [1]
  .rodata                const     0x802'7b3c   0x2094  fnt24bold.o [1]
  .rodata                const     0x802'9bd0   0x1a1c  fnt24.o [1]
  .text                  ro code   0x802'b5ec   0x14e0  dlmalloc.o [2]
  .text                  ro code   0x802'cacc     0x2c  xgetmemchunk.o [2]
  .rodata                const     0x802'caf8   0x10c8  fnt18bold.o [1]
  .text                  ro code   0x802'dbc0   0x1000  tgui_filesscreenfuncs.o [1]
  .text                  ro code   0x802'ebc0    0x37c  prtfiles.o [1]
  .text                  ro code   0x802'ef3c     0x18  strcpy.o [5]
  .text                  ro code   0x802'ef54     0x1e  strcat.o [2]
  .text                  ro code   0x802'ef74    0xa7c  tgui_fileviewscreenfuncs.o [1]
  .text                  ro code   0x802'f9f0    0x4e0  files_pws.o [1]
  .rodata                const     0x802'fed0    0xea4  fnt18.o [1]
  .text                  ro code   0x803'0d74    0xe58  xscanffull.o [2]
  .text                  ro code   0x803'1bcc     0x3c  wctob.o [2]
  .text                  ro code   0x803'1c08     0x9e  iar_Stollx.o [2]
  .text                  ro code   0x803'1ca8    0x1b2  iar_Stoullx.o [2]
  .rodata                const     0x803'1e5c    0xbcc  fnt48num_lcd.o [1]
  .text                  ro code   0x803'2a28    0x9ae  usbh_msc.o [1]
  .text                  ro code   0x803'33d8    0x43c  usbh_msc_bot.o [1]
  .text                  ro code   0x803'3814      0x4  heaptramp0.o [2]
  .text                  ro code   0x803'3818    0x490  usbh_msc_scsi.o [1]
  .rodata                const     0x803'3ca8    0x788  fnt12bold.o [1]
  .rodata                const     0x803'4430    0x6b4  fnt12.o [1]
  .rodata                const     0x803'4ae4    0x684  fnt36num.o [1]
  .rodata                const     0x803'5168    0x66c  fnt36num_lcd.o [1]
  .text                  ro code   0x803'57d4    0x648  tgui_numenterscreenfuncs.o [1]
  .text                  ro code   0x803'5e1c     0x28  sscanf.o [2]
  .text                  ro code   0x803'5e44    0x468  tgui_infoscreenfuncs.o [1]
  .text                  ro code   0x803'62ac    0x26c  tgui_settingsscreenfuncs.o [1]
  .rodata                const     0x803'6518    0x1f4  ffunicode.o [1]
  .text                  ro code   0x803'670c    0x170  usbh_diskio.o [1]
  .rodata                const     0x803'687c    0x16c  languages.o [1]
  .rodata                const     0x803'69e8    0x16c  languages.o [1]
  .text                  ro code   0x803'6b54    0x154  spifl_diskio.o [1]
  .rodata                const     0x803'6ca8    0x140  fnt12.o [1]
  .rodata                const     0x803'6de8    0x140  fnt12bold.o [1]
  .rodata                const     0x803'6f28    0x140  fnt18.o [1]
  .rodata                const     0x803'7068    0x140  fnt18bold.o [1]
  .rodata                const     0x803'71a8    0x140  fnt24.o [1]
  .rodata                const     0x803'72e8    0x140  fnt24bold.o [1]
  .rodata                const     0x803'7428    0x100  ffunicode.o [1]
  .rodata                const     0x803'7528     0xbc  ffunicode.o [1]
  .rodata                const     0x803'75e4     0x9c  languages.o [1]
  .text                  ro code   0x803'7680     0x9c  stm32f4xx_it.o [1]
  .rodata                const     0x803'771c     0x80  ff.o [1]
  .rodata                const     0x803'779c     0x78  languages.o [1]
  .rodata                const     0x803'7814     0x74  languages.o [1]
  .rodata                const     0x803'7888     0x74  languages.o [1]
  .rodata                const     0x803'78fc     0x70  languages.o [1]
  .rodata                const     0x803'796c     0x70  languages.o [1]
  .rodata                const     0x803'79dc     0x68  languages.o [1]
  .rodata                const     0x803'7a44     0x68  languages.o [1]
  .rodata                const     0x803'7aac     0x54  languages.o [1]
  .rodata                const     0x803'7b00     0x54  languages.o [1]
  .rodata                const     0x803'7b54     0x50  iar_Stoulx.o [2]
  .rodata                const     0x803'7ba4     0x50  iar_Stoullx.o [2]
  .rodata                const     0x803'7bf4     0x4c  xscanffull.o [2]
  .rodata                const     0x803'7c40     0x48  strto64.o [4]
  .rodata                const     0x803'7c88     0x44  languages.o [1]
  .rodata                const     0x803'7ccc     0x40  languages.o [1]
  .rodata                const     0x803'7d0c     0x3c  languages.o [1]
  .rodata                const     0x803'7d48     0x3c  languages.o [1]
  .rodata                const     0x803'7d84     0x3c  languages.o [1]
  .rodata                const     0x803'7dc0     0x3c  languages.o [1]
  .rodata                const     0x803'7dfc     0x38  fnt36num.o [1]
  .rodata                const     0x803'7e34     0x38  fnt36num_lcd.o [1]
  .rodata                const     0x803'7e6c     0x38  fnt48num_lcd.o [1]
  .rodata                const     0x803'7ea4     0x38  languages.o [1]
  .rodata                const     0x803'7edc     0x38  languages.o [1]
  .rodata                const     0x803'7f14     0x38  main.o [1]
  .rodata                const     0x803'7f4c     0x34  languages.o [1]
  .rodata                const     0x803'7f80     0x34  main.o [1]
  .rodata                const     0x803'7fb4     0x34  main.o [1]
  .rodata                const     0x803'7fe8     0x30  languages.o [1]
  .rodata                const     0x803'8018     0x30  languages.o [1]
  .rodata                const     0x803'8048     0x30  languages.o [1]
  .rodata                const     0x803'8078     0x30  languages.o [1]
  .rodata                const     0x803'80a8     0x30  main.o [1]
  .rodata                const     0x803'80d8     0x30  main.o [1]
  .rodata                const     0x803'8108     0x30  main.o [1]
  .rodata                const     0x803'8138     0x2c  languages.o [1]
  .rodata                const     0x803'8164     0x2c  languages.o [1]
  .rodata                const     0x803'8190     0x2c  main.o [1]
  .rodata                const     0x803'81bc     0x2c  main.o [1]
  .rodata                const     0x803'81e8     0x28  languages.o [1]
  .rodata                const     0x803'8210     0x28  main.o [1]
  .rodata                const     0x803'8238     0x28  xscanffull.o [2]
  .text                  ro code   0x803'8260     0x28  data_init.o [5]
  .rodata                const     0x803'8288     0x24  languages.o [1]
  .rodata                const     0x803'82ac     0x24  languages.o [1]
  .rodata                const     0x803'82d0     0x24  languages.o [1]
  .rodata                const     0x803'82f4     0x24  main.o [1]
  .rodata                const     0x803'8318     0x24  tgui_infoscreenfuncs.o [1]
  .text                  ro code   0x803'833c     0x24  tgui_langscreenfuncs.o [1]
  .text                  ro code   0x803'8360     0x22  fpinit_M.o [4]
  .iar.init_table        const     0x803'8384     0x24  - Linker created -
  .rodata                const     0x803'83a8     0x20  languages.o [1]
  .rodata                const     0x803'83c8     0x20  languages.o [1]
  .rodata                const     0x803'83e8     0x20  languages.o [1]
  .rodata                const     0x803'8408     0x20  languages.o [1]
  .rodata                const     0x803'8428     0x20  languages.o [1]
  .rodata                const     0x803'8448     0x20  languages.o [1]
  .rodata                const     0x803'8468     0x20  languages.o [1]
  .rodata                const     0x803'8488     0x20  main.o [1]
  .rodata                const     0x803'84a8     0x20  tgui.o [1]
  .rodata                const     0x803'84c8     0x20  tgui.o [1]
  .rodata                const     0x803'84e8     0x20  tgui.o [1]
  .rodata                const     0x803'8508     0x20  tgui.o [1]
  .rodata                const     0x803'8528     0x20  tgui.o [1]
  .text                  ro code   0x803'8548     0x20  system_stm32f4xx.o [1]
  .text                  ro code   0x803'8568     0x20  cmain_call_ctors.o [5]
  .text                  ro code   0x803'8588     0x18  cppinit.o [2]
  .text                  ro code   0x803'85a0     0x1e  cmain.o [5]
  .text                  ro code   0x803'85be      0x4  low_level_init.o [2]
  .text                  ro code   0x803'85c2      0x4  exit.o [2]
  .text                  ro code   0x803'85c8      0xa  cexit.o [5]
  .rodata                const     0x803'85d4     0x1c  languages.o [1]
  .rodata                const     0x803'85f0     0x1c  languages.o [1]
  .rodata                const     0x803'860c     0x1c  languages.o [1]
  .rodata                const     0x803'8628     0x1c  languages.o [1]
  .rodata                const     0x803'8644     0x1c  languages.o [1]
  .rodata                const     0x803'8660     0x1c  languages.o [1]
  .rodata                const     0x803'867c     0x1c  languages.o [1]
  .rodata                const     0x803'8698     0x1c  languages.o [1]
  .rodata                const     0x803'86b4     0x1c  tgui.o [1]
  .rodata                const     0x803'86d0     0x1c  tgui.o [1]
  .rodata                const     0x803'86ec     0x1c  tgui.o [1]
  .rodata                const     0x803'8708     0x1c  tgui.o [1]
  .rodata                const     0x803'8724     0x1c  tgui.o [1]
  .rodata                const     0x803'8740     0x1c  tgui.o [1]
  .rodata                const     0x803'875c     0x1c  tgui.o [1]
  .rodata                const     0x803'8778     0x1c  tgui.o [1]
  .rodata                const     0x803'8794     0x1c  tgui.o [1]
  .rodata                const     0x803'87b0     0x1c  tgui.o [1]
  .rodata                const     0x803'87cc     0x1c  tgui.o [1]
  .rodata                const     0x803'87e8     0x1c  tgui.o [1]
  .rodata                const     0x803'8804     0x1c  tgui.o [1]
  .rodata                const     0x803'8820     0x1c  tgui.o [1]
  .rodata                const     0x803'883c     0x1c  tgui.o [1]
  .rodata                const     0x803'8858     0x1c  tgui.o [1]
  .rodata                const     0x803'8874     0x1c  tgui.o [1]
  .rodata                const     0x803'8890     0x1c  tgui.o [1]
  .rodata                const     0x803'88ac     0x1c  tgui.o [1]
  .rodata                const     0x803'88c8     0x1c  tgui.o [1]
  .rodata                const     0x803'88e4     0x1c  tgui.o [1]
  .rodata                const     0x803'8900     0x1c  tgui_fileviewscreenfuncs.o [1]
  .rodata                const     0x803'891c     0x1c  tgui_infoscreenfuncs.o [1]
  .rodata                const     0x803'8938     0x18  config.o [1]
  .rodata                const     0x803'8950     0x18  config.o [1]
  .rodata                const     0x803'8968     0x18  config.o [1]
  .rodata                const     0x803'8980     0x18  config.o [1]
  .rodata                const     0x803'8998     0x18  languages.o [1]
  .rodata                const     0x803'89b0     0x18  languages.o [1]
  .rodata                const     0x803'89c8     0x18  languages.o [1]
  .rodata                const     0x803'89e0     0x18  languages.o [1]
  .rodata                const     0x803'89f8     0x18  languages.o [1]
  .rodata                const     0x803'8a10     0x18  main.o [1]
  .rodata                const     0x803'8a28     0x18  main.o [1]
  .rodata                const     0x803'8a40     0x18  main.o [1]
  .rodata                const     0x803'8a58     0x18  tgui.o [1]
  .rodata                const     0x803'8a70     0x18  tgui.o [1]
  .rodata                const     0x803'8a88     0x18  tgui.o [1]
  .rodata                const     0x803'8aa0     0x18  tgui.o [1]
  .rodata                const     0x803'8ab8     0x18  tgui.o [1]
  .rodata                const     0x803'8ad0     0x18  tgui.o [1]
  .rodata                const     0x803'8ae8     0x18  tgui.o [1]
  .rodata                const     0x803'8b00     0x18  tgui.o [1]
  .rodata                const     0x803'8b18     0x18  tgui.o [1]
  .rodata                const     0x803'8b30     0x18  tgui.o [1]
  .rodata                const     0x803'8b48     0x18  tgui.o [1]
  .rodata                const     0x803'8b60     0x18  tgui.o [1]
  .rodata                const     0x803'8b78     0x18  tgui.o [1]
  .rodata                const     0x803'8b90     0x18  tgui.o [1]
  .rodata                const     0x803'8ba8     0x18  tgui.o [1]
  .rodata                const     0x803'8bc0     0x18  tgui.o [1]
  .rodata                const     0x803'8bd8     0x18  tgui_filesscreenfuncs.o [1]
  .rodata                const     0x803'8bf0     0x18  tgui_filesscreenfuncs.o [1]
  .rodata                const     0x803'8c08     0x14  config.o [1]
  .rodata                const     0x803'8c1c     0x14  config.o [1]
  .rodata                const     0x803'8c30     0x14  ff.o [1]
  .rodata                const     0x803'8c44     0x14  ff.o [1]
  .rodata                const     0x803'8c58     0x14  languages.o [1]
  .rodata                const     0x803'8c6c     0x14  languages.o [1]
  .rodata                const     0x803'8c80     0x14  languages.o [1]
  .rodata                const     0x803'8c94     0x14  languages.o [1]
  .rodata                const     0x803'8ca8     0x14  languages.o [1]
  .rodata                const     0x803'8cbc     0x14  languages.o [1]
  .rodata                const     0x803'8cd0     0x14  languages.o [1]
  .rodata                const     0x803'8ce4     0x14  languages.o [1]
  .rodata                const     0x803'8cf8     0x14  languages.o [1]
  .rodata                const     0x803'8d0c     0x14  spifl_diskio.o [1]
  .rodata                const     0x803'8d20     0x14  tgui.o [1]
  .rodata                const     0x803'8d34     0x14  tgui.o [1]
  .rodata                const     0x803'8d48     0x14  tgui.o [1]
  .rodata                const     0x803'8d5c     0x14  tgui.o [1]
  .rodata                const     0x803'8d70     0x14  tgui.o [1]
  .rodata                const     0x803'8d84     0x14  tgui.o [1]
  .rodata                const     0x803'8d98     0x14  tgui_filesscreenfuncs.o [1]
  .rodata                const     0x803'8dac     0x14  tgui_filesscreenfuncs.o [1]
  .rodata                const     0x803'8dc0     0x14  tgui_infoscreenfuncs.o [1]
  .rodata                const     0x803'8dd4     0x14  usbh_diskio.o [1]
  .rodata                const     0x803'8de8     0x10  config.o [1]
  .rodata                const     0x803'8df8     0x10  config.o [1]
  .rodata                const     0x803'8e08     0x10  config.o [1]
  .rodata                const     0x803'8e18     0x10  config.o [1]
  .rodata                const     0x803'8e28     0x10  config.o [1]
  .rodata                const     0x803'8e38     0x10  ff.o [1]
  .rodata                const     0x803'8e48     0x10  ff.o [1]
  .rodata                const     0x803'8e58     0x10  ff.o [1]
  .rodata                const     0x803'8e68     0x10  ff.o [1]
  .rodata                const     0x803'8e78     0x10  languages.o [1]
  .rodata                const     0x803'8e88     0x10  languages.o [1]
  .rodata                const     0x803'8e98     0x10  languages.o [1]
  .rodata                const     0x803'8ea8     0x10  languages.o [1]
  .rodata                const     0x803'8eb8     0x10  languages.o [1]
  .rodata                const     0x803'8ec8     0x10  languages.o [1]
  .rodata                const     0x803'8ed8     0x10  languages.o [1]
  .rodata                const     0x803'8ee8     0x10  languages.o [1]
  .rodata                const     0x803'8ef8     0x10  languages.o [1]
  .rodata                const     0x803'8f08     0x10  languages.o [1]
  .rodata                const     0x803'8f18     0x10  languages.o [1]
  .rodata                const     0x803'8f28     0x10  languages.o [1]
  .rodata                const     0x803'8f38     0x10  languages.o [1]
  .rodata                const     0x803'8f48     0x10  languages.o [1]
  .rodata                const     0x803'8f58     0x10  languages.o [1]
  .rodata                const     0x803'8f68     0x10  languages.o [1]
  .rodata                const     0x803'8f78     0x10  languages.o [1]
  .rodata                const     0x803'8f88     0x10  languages.o [1]
  .rodata                const     0x803'8f98     0x10  main.o [1]
  .rodata                const     0x803'8fa8     0x10  main.o [1]
  .rodata                const     0x803'8fb8     0x10  system_stm32f4xx.o [1]
  .rodata                const     0x803'8fc8     0x10  tgui.o [1]
  .rodata                const     0x803'8fd8     0x10  tgui.o [1]
  .rodata                const     0x803'8fe8     0x10  tgui.o [1]
  .rodata                const     0x803'8ff8     0x10  tgui.o [1]
  .rodata                const     0x803'9008     0x10  tgui.o [1]
  .rodata                const     0x803'9018     0x10  tgui_defaultfuncs.o [1]
  .text                  ro code   0x803'9028     0x10  startup_stm32f407xx.o [1]
  .rodata                const     0x803'9038      0xc  config.o [1]
  .rodata                const     0x803'9044      0xc  config.o [1]
  .rodata                const     0x803'9050      0xc  config.o [1]
  .rodata                const     0x803'905c      0xc  config.o [1]
  .rodata                const     0x803'9068      0xc  config.o [1]
  .rodata                const     0x803'9074      0xc  config.o [1]
  .rodata                const     0x803'9080      0xc  ff.o [1]
  .rodata                const     0x803'908c      0xc  ff.o [1]
  .rodata                const     0x803'9098      0xc  files_pws.o [1]
  .rodata                const     0x803'90a4      0xc  files_pws.o [1]
  .rodata                const     0x803'90b0      0xc  languages.o [1]
  .rodata                const     0x803'90bc      0xc  languages.o [1]
  .rodata                const     0x803'90c8      0xc  languages.o [1]
  .rodata                const     0x803'90d4      0xc  languages.o [1]
  .rodata                const     0x803'90e0      0xc  languages.o [1]
  .rodata                const     0x803'90ec      0xc  languages.o [1]
  .rodata                const     0x803'90f8      0xc  languages.o [1]
  .rodata                const     0x803'9104      0xc  languages.o [1]
  .rodata                const     0x803'9110      0xc  languages.o [1]
  .rodata                const     0x803'911c      0xc  languages.o [1]
  .rodata                const     0x803'9128      0xc  languages.o [1]
  .rodata                const     0x803'9134      0xc  languages.o [1]
  .rodata                const     0x803'9140      0xc  languages.o [1]
  .rodata                const     0x803'914c      0xc  languages.o [1]
  .rodata                const     0x803'9158      0xc  languages.o [1]
  .rodata                const     0x803'9164      0xc  languages.o [1]
  .rodata                const     0x803'9170      0xc  languages.o [1]
  .rodata                const     0x803'917c      0xc  languages.o [1]
  .rodata                const     0x803'9188      0xc  languages.o [1]
  .rodata                const     0x803'9194      0xc  languages.o [1]
  .rodata                const     0x803'91a0      0xc  languages.o [1]
  .rodata                const     0x803'91ac      0xc  languages.o [1]
  .rodata                const     0x803'91b8      0xc  languages.o [1]
  .rodata                const     0x803'91c4      0xc  languages.o [1]
  .rodata                const     0x803'91d0      0xc  languages.o [1]
  .rodata                const     0x803'91dc      0xc  languages.o [1]
  .rodata                const     0x803'91e8      0xc  languages.o [1]
  .rodata                const     0x803'91f4      0xc  languages.o [1]
  .rodata                const     0x803'9200      0xc  main.o [1]
  .rodata                const     0x803'920c      0xc  main.o [1]
  .rodata                const     0x803'9218      0xc  tgui.o [1]
  .rodata                const     0x803'9224      0xc  tgui_fileviewscreenfuncs.o [1]
  .rodata                const     0x803'9230      0xc  tgui_fileviewscreenfuncs.o [1]
  .rodata                const     0x803'923c      0xc  tgui_fileviewscreenfuncs.o [1]
  .rodata                const     0x803'9248      0xc  tgui_fileviewscreenfuncs.o [1]
  .text                  ro code   0x803'9254      0xc  cstartup_M.o [5]
  .rodata                const     0x803'9260      0x8  config.o [1]
  .rodata                const     0x803'9268      0x8  config.o [1]
  .rodata                const     0x803'9270      0x8  ff.o [1]
  .rodata                const     0x803'9278      0x8  ff.o [1]
  .rodata                const     0x803'9280      0x8  files_pws.o [1]
  .rodata                const     0x803'9288      0x8  files_pws.o [1]
  .rodata                const     0x803'9290      0x8  languages.o [1]
  .rodata                const     0x803'9298      0x8  languages.o [1]
  .rodata                const     0x803'92a0      0x8  languages.o [1]
  .rodata                const     0x803'92a8      0x8  languages.o [1]
  .rodata                const     0x803'92b0      0x8  languages.o [1]
  .rodata                const     0x803'92b8      0x8  languages.o [1]
  .rodata                const     0x803'92c0      0x8  languages.o [1]
  .rodata                const     0x803'92c8      0x8  languages.o [1]
  .rodata                const     0x803'92d0      0x8  languages.o [1]
  .rodata                const     0x803'92d8      0x8  languages.o [1]
  .rodata                const     0x803'92e0      0x8  languages.o [1]
  .rodata                const     0x803'92e8      0x8  languages.o [1]
  .rodata                const     0x803'92f0      0x8  languages.o [1]
  .rodata                const     0x803'92f8      0x8  languages.o [1]
  .rodata                const     0x803'9300      0x8  languages.o [1]
  .rodata                const     0x803'9308      0x8  languages.o [1]
  .rodata                const     0x803'9310      0x8  languages.o [1]
  .rodata                const     0x803'9318      0x8  languages.o [1]
  .rodata                const     0x803'9320      0x8  languages.o [1]
  .rodata                const     0x803'9328      0x8  languages.o [1]
  .rodata                const     0x803'9330      0x8  languages.o [1]
  .rodata                const     0x803'9338      0x8  languages.o [1]
  .rodata                const     0x803'9340      0x8  languages.o [1]
  .rodata                const     0x803'9348      0x8  languages.o [1]
  .rodata                const     0x803'9350      0x8  languages.o [1]
  .rodata                const     0x803'9358      0x8  languages.o [1]
  .rodata                const     0x803'9360      0x8  languages.o [1]
  .rodata                const     0x803'9368      0x8  languages.o [1]
  .rodata                const     0x803'9370      0x8  languages.o [1]
  .rodata                const     0x803'9378      0x8  languages.o [1]
  .rodata                const     0x803'9380      0x8  languages.o [1]
  .rodata                const     0x803'9388      0x8  languages.o [1]
  .rodata                const     0x803'9390      0x8  languages.o [1]
  .rodata                const     0x803'9398      0x8  languages.o [1]
  .rodata                const     0x803'93a0      0x8  languages.o [1]
  .rodata                const     0x803'93a8      0x8  languages.o [1]
  .rodata                const     0x803'93b0      0x8  languages.o [1]
  .rodata                const     0x803'93b8      0x8  languages.o [1]
  .rodata                const     0x803'93c0      0x8  languages.o [1]
  .rodata                const     0x803'93c8      0x8  languages.o [1]
  .rodata                const     0x803'93d0      0x8  languages.o [1]
  .rodata                const     0x803'93d8      0x8  main.o [1]
  .rodata                const     0x803'93e0      0x8  stm32f4xx_hal_dma.o [1]
  .rodata                const     0x803'93e8      0x8  system_stm32f4xx.o [1]
  .rodata                const     0x803'93f0      0x8  tgui.o [1]
  .rodata                const     0x803'93f8      0x8  tgui.o [1]
  .rodata                const     0x803'9400      0x8  tgui.o [1]
  .rodata                const     0x803'9408      0x8  tgui.o [1]
  .rodata                const     0x803'9410      0x8  tgui.o [1]
  .rodata                const     0x803'9418      0x8  tgui.o [1]
  .rodata                const     0x803'9420      0x8  tgui.o [1]
  .rodata                const     0x803'9428      0x8  tgui.o [1]
  .rodata                const     0x803'9430      0x8  tgui.o [1]
  .rodata                const     0x803'9438      0x8  tgui.o [1]
  .rodata                const     0x803'9440      0x8  tgui.o [1]
  .rodata                const     0x803'9448      0x8  tgui.o [1]
  .rodata                const     0x803'9450      0x8  tgui.o [1]
  .rodata                const     0x803'9458      0x8  tgui.o [1]
  .rodata                const     0x803'9460      0x8  tgui.o [1]
  .rodata                const     0x803'9468      0x8  tgui.o [1]
  .rodata                const     0x803'9470      0x8  tgui.o [1]
  .rodata                const     0x803'9478      0x8  tgui.o [1]
  .rodata                const     0x803'9480      0x8  tgui.o [1]
  .rodata                const     0x803'9488      0x8  tgui.o [1]
  .rodata                const     0x803'9490      0x8  tgui.o [1]
  .rodata                const     0x803'9498      0x8  tgui.o [1]
  .rodata                const     0x803'94a0      0x8  tgui.o [1]
  .rodata                const     0x803'94a8      0x8  tgui.o [1]
  .rodata                const     0x803'94b0      0x8  tgui.o [1]
  .rodata                const     0x803'94b8      0x8  tgui.o [1]
  .rodata                const     0x803'94c0      0x8  tgui.o [1]
  .rodata                const     0x803'94c8      0x8  tgui.o [1]
  .rodata                const     0x803'94d0      0x8  tgui.o [1]
  .rodata                const     0x803'94d8      0x8  tgui.o [1]
  .rodata                const     0x803'94e0      0x8  tgui.o [1]
  .rodata                const     0x803'94e8      0x8  tgui.o [1]
  .rodata                const     0x803'94f0      0x8  tgui.o [1]
  .rodata                const     0x803'94f8      0x8  tgui.o [1]
  .rodata                const     0x803'9500      0x8  tgui.o [1]
  .rodata                const     0x803'9508      0x8  tgui.o [1]
  .rodata                const     0x803'9510      0x8  tgui.o [1]
  .rodata                const     0x803'9518      0x8  tgui.o [1]
  .rodata                const     0x803'9520      0x8  tgui.o [1]
  .rodata                const     0x803'9528      0x8  tgui.o [1]
  .rodata                const     0x803'9530      0x8  tgui.o [1]
  .rodata                const     0x803'9538      0x8  tgui.o [1]
  .rodata                const     0x803'9540      0x8  tgui.o [1]
  .rodata                const     0x803'9548      0x8  tgui.o [1]
  .rodata                const     0x803'9550      0x8  tgui.o [1]
  .rodata                const     0x803'9558      0x8  tgui.o [1]
  .rodata                const     0x803'9560      0x8  tgui.o [1]
  .rodata                const     0x803'9568      0x8  tgui.o [1]
  .rodata                const     0x803'9570      0x8  tgui.o [1]
  .rodata                const     0x803'9578      0x8  tgui.o [1]
  .rodata                const     0x803'9580      0x8  tgui.o [1]
  .rodata                const     0x803'9588      0x8  tgui.o [1]
  .rodata                const     0x803'9590      0x8  tgui.o [1]
  .rodata                const     0x803'9598      0x8  tgui.o [1]
  .rodata                const     0x803'95a0      0x8  tgui.o [1]
  .rodata                const     0x803'95a8      0x8  tgui.o [1]
  .rodata                const     0x803'95b0      0x8  tgui.o [1]
  .rodata                const     0x803'95b8      0x8  tgui.o [1]
  .rodata                const     0x803'95c0      0x8  tgui.o [1]
  .rodata                const     0x803'95c8      0x8  tgui.o [1]
  .rodata                const     0x803'95d0      0x8  tgui.o [1]
  .rodata                const     0x803'95d8      0x8  tgui.o [1]
  .rodata                const     0x803'95e0      0x8  tgui.o [1]
  .rodata                const     0x803'95e8      0x8  tgui.o [1]
  .rodata                const     0x803'95f0      0x8  tgui.o [1]
  .rodata                const     0x803'95f8      0x8  tgui.o [1]
  .rodata                const     0x803'9600      0x8  tgui.o [1]
  .rodata                const     0x803'9608      0x8  tgui.o [1]
  .rodata                const     0x803'9610      0x8  tgui.o [1]
  .rodata                const     0x803'9618      0x8  tgui.o [1]
  .rodata                const     0x803'9620      0x8  tgui.o [1]
  .rodata                const     0x803'9628      0x8  tgui.o [1]
  .rodata                const     0x803'9630      0x8  tgui_filesscreenfuncs.o [1]
  .rodata                const     0x803'9638      0x8  tgui_filesscreenfuncs.o [1]
  .rodata                const     0x803'9640      0x8  tgui_infoscreenfuncs.o [1]
  .rodata                const     0x803'9648      0x8  tgui_numenterscreenfuncs.o [1]
  .rodata                const     0x803'9650      0x8  tgui_settingsscreenfuncs.o [1]
  .rodata                const     0x803'9658      0x8  tim.o [1]
  .rodata                const     0x803'9660      0x6  xlocale_c.o [2]
  .rodata                const     0x803'9668      0x4  languages.o [1]
  .rodata                const     0x803'966c      0x4  languages.o [1]
  .rodata                const     0x803'9670      0x4  languages.o [1]
  .rodata                const     0x803'9674      0x4  languages.o [1]
  .rodata                const     0x803'9678      0x4  languages.o [1]
  .rodata                const     0x803'967c      0x4  languages.o [1]
  .rodata                const     0x803'9680      0x4  languages.o [1]
  .rodata                const     0x803'9684      0x4  languages.o [1]
  .rodata                const     0x803'9688      0x4  languages.o [1]
  .rodata                const     0x803'968c      0x4  languages.o [1]
  .rodata                const     0x803'9690      0x4  languages.o [1]
  .rodata                const     0x803'9694      0x4  languages.o [1]
  .rodata                const     0x803'9698      0x4  languages.o [1]
  .rodata                const     0x803'969c      0x4  languages.o [1]
  .rodata                const     0x803'96a0      0x4  languages.o [1]
  .rodata                const     0x803'96a4      0x4  languages.o [1]
  .rodata                const     0x803'96a8      0x4  languages.o [1]
  .rodata                const     0x803'96ac      0x4  languages.o [1]
  .rodata                const     0x803'96b0      0x4  languages.o [1]
  .rodata                const     0x803'96b4      0x4  languages.o [1]
  .rodata                const     0x803'96b8      0x4  languages.o [1]
  .rodata                const     0x803'96bc      0x4  languages.o [1]
  .rodata                const     0x803'96c0      0x4  languages.o [1]
  .rodata                const     0x803'96c4      0x4  languages.o [1]
  .rodata                const     0x803'96c8      0x4  languages.o [1]
  .rodata                const     0x803'96cc      0x4  languages.o [1]
  .rodata                const     0x803'96d0      0x4  languages.o [1]
  .rodata                const     0x803'96d4      0x4  languages.o [1]
  .rodata                const     0x803'96d8      0x4  rtc.o [1]
  .rodata                const     0x803'96dc      0x4  usbh_msc.o [1]
  .text                  ro code   0x803'96e0      0x4  startup_stm32f407xx.o [1]
  SHT$$PREINIT_ARRAY               0x803'96e4      0x0  <Block>
  SHT$$INIT_ARRAY                  0x803'96e4      0x4  <Block>
    .init_array          const     0x803'96e4      0x4  z_planner.o [1]
  __iar_tls$$INIT_ARRAY            0x803'96e8      0x0  <Block>
  .rodata                const     0x803'96e8      0x0  zero_init3.o [5]
  .rodata                const     0x803'96e8      0x0  lz77_init_single.o [5]
  Initializer bytes      const     0x803'96e8     0xf2  <for P2-1>
                                 - 0x803'97da  0x29652

"P3":                                           0x7478
  CCMRAM                 uninit   0x1000'0000   0x4000  main.o [1]
  CCMRAM                 uninit   0x1000'4000   0x1028  main.o [1]
  CCMRAM                 uninit   0x1000'5028   0x1028  main.o [1]
  CCMRAM                 uninit   0x1000'6050   0x1028  tgui.o [1]
  CCMRAM                 uninit   0x1000'7078    0x400  tgui.o [1]
                                - 0x1000'7478   0x7478

"P2", part 1 of 3:                               0x33f
  P2-1                            0x2000'0000    0x33f  <Init block>
    .data                inited   0x2000'0000      0xc  fnt12.o [1]
    .data                inited   0x2000'000c      0xc  fnt12bold.o [1]
    .data                inited   0x2000'0018      0xc  fnt18.o [1]
    .data                inited   0x2000'0024      0xc  fnt18bold.o [1]
    .data                inited   0x2000'0030      0xc  fnt24.o [1]
    .data                inited   0x2000'003c      0xc  fnt24bold.o [1]
    .data                inited   0x2000'0048      0xc  fnt36num.o [1]
    .data                inited   0x2000'0054      0xc  fnt36num_lcd.o [1]
    .data                inited   0x2000'0060      0xc  fnt48num_lcd.o [1]
    .data                inited   0x2000'006c     0x10  languages.o [1]
    .data                inited   0x2000'007c      0x4  languages.o [1]
    .data                inited   0x2000'0080      0x4  lcd_ui.o [1]
    .data                inited   0x2000'0084      0x4  stm32f4xx_hal.o [1]
    .data                inited   0x2000'0088      0x4  system_stm32f4xx.o [1]
    .data                inited   0x2000'008c    0x200  tgui_filesscreenfuncs.o [1]
    .data                inited   0x2000'028c      0x4  tgui_movezscreenfuncs.o [1]
    .data                inited   0x2000'0290     0x20  usbh_msc.o [1]
    .data                inited   0x2000'02b0      0x4  z_stepper.o [1]
    .data                inited   0x2000'02b4     0x38  xlocale_c.o [2]
    .data                inited   0x2000'02ec     0x48  xlocale_c.o [2]
    .data                inited   0x2000'0334      0x2  lcd_ui.o [1]
    .data                inited   0x2000'0336      0x2  lcd_ui.o [1]
    .data                inited   0x2000'0338      0x2  lcd_ui.o [1]
    .data                inited   0x2000'033a      0x1  lcd_ui.o [1]
    .data                inited   0x2000'033b      0x1  stm32f4xx_hal.o [1]
    .data                inited   0x2000'033c      0x1  tgui_defaultfuncs.o [1]
    .data                inited   0x2000'033d      0x1  tgui_filesscreenfuncs.o [1]
    .data                inited   0x2000'033e      0x1  z_endstops.o [1]
                                - 0x2000'033f    0x33f

"P2", part 2 of 3:                              0x7a8c
  .bss                   zero     0x2000'0340   0x1038  fatfs.o [1]
  .bss                   zero     0x2000'1378   0x1038  fatfs.o [1]
  .bss                   zero     0x2000'23b0    0x830  tgui_filesscreenfuncs.o [1]
  .bss                   zero     0x2000'2be0    0x594  tgui.o [1]
  .bss                   zero     0x2000'3174    0x498  tgui.o [1]
  .bss                   zero     0x2000'360c    0x400  config.o [1]
  .bss                   zero     0x2000'3a0c    0x400  main.o [1]
  .bss                   zero     0x2000'3e0c    0x400  main.o [1]
  .bss                   zero     0x2000'420c    0x400  main.o [1]
  .bss                   zero     0x2000'460c    0x400  tgui_fileviewscreenfuncs.o [1]
  .bss                   zero     0x2000'4a0c    0x400  z_planner.o [1]
  .bss                   zero     0x2000'4e0c    0x3d8  usb_host.o [1]
  .bss                   zero     0x2000'51e4    0x348  tgui.o [1]
  .bss                   zero     0x2000'552c    0x348  tgui.o [1]
  .bss                   zero     0x2000'5874    0x348  tgui.o [1]
  .bss                   zero     0x2000'5bbc    0x2c4  usbh_conf.o [1]
  .bss                   zero     0x2000'5e80    0x24c  tgui.o [1]
  .bss                   zero     0x2000'60cc    0x224  main.o [1]
  .bss                   zero     0x2000'62f0    0x200  config.o [1]
  .bss                   zero     0x2000'64f0    0x200  ff.o [1]
  .bss                   zero     0x2000'66f0    0x200  main.o [1]
  .bss                   zero     0x2000'68f0    0x1f8  tgui.o [1]
  .bss                   zero     0x2000'6ae8    0x1d8  dlmalloc.o [2]
  .bss                   zero     0x2000'6cc0    0x1a4  tgui.o [1]
  .bss                   zero     0x2000'6e64    0x150  tgui.o [1]
  .bss                   zero     0x2000'6fb4    0x100  sys_timer.o [1]
  .bss                   zero     0x2000'70b4    0x100  tgui_fileviewscreenfuncs.o [1]
  .bss                   zero     0x2000'71b4    0x100  tgui_fileviewscreenfuncs.o [1]
  .bss                   zero     0x2000'72b4     0xfc  tgui.o [1]
  .bss                   zero     0x2000'73b0     0xa8  tgui.o [1]
  .bss                   zero     0x2000'7458     0x80  fst_spi.o [1]
  .bss                   zero     0x2000'74d8     0x80  fst_spi.o [1]
  .bss                   zero     0x2000'7558     0x60  fst_spi.o [1]
  .bss                   zero     0x2000'75b8     0x60  fst_spi.o [1]
  .bss                   zero     0x2000'7618     0x60  fst_spi.o [1]
  .bss                   zero     0x2000'7678     0x60  fst_spi.o [1]
  .bss                   zero     0x2000'76d8     0x60  fst_spi.o [1]
  .bss                   zero     0x2000'7738     0x60  lcd_low.o [1]
  .bss                   zero     0x2000'7798     0x54  eeprom.o [1]
  .bss                   zero     0x2000'77ec     0x54  files_pws.o [1]
  .bss                   zero     0x2000'7840     0x50  config.o [1]
  .bss                   zero     0x2000'7890     0x50  fsmc.o [1]
  .bss                   zero     0x2000'78e0     0x40  tim.o [1]
  .bss                   zero     0x2000'7920     0x40  tim.o [1]
  .bss                   zero     0x2000'7960     0x34  main.o [1]
  .bss                   zero     0x2000'7994     0x30  files_pws.o [1]
  .bss                   zero     0x2000'79c4     0x30  tgui.o [1]
  .bss                   zero     0x2000'79f4     0x30  tgui.o [1]
  .bss                   zero     0x2000'7a24     0x30  tgui.o [1]
  .bss                   zero     0x2000'7a54     0x30  tgui.o [1]
  .bss                   zero     0x2000'7a84     0x30  tgui.o [1]
  .bss                   zero     0x2000'7ab4     0x30  tgui.o [1]
  .bss                   zero     0x2000'7ae4     0x30  tgui.o [1]
  .bss                   zero     0x2000'7b14     0x30  tgui.o [1]
  .bss                   zero     0x2000'7b44     0x30  tgui.o [1]
  .bss                   zero     0x2000'7b74     0x30  tgui.o [1]
  .bss                   zero     0x2000'7ba4     0x28  tgui.o [1]
  .bss                   zero     0x2000'7bcc     0x28  z_planner.o [1]
  .bss                   zero     0x2000'7bf4     0x20  rtc.o [1]
  .bss                   zero     0x2000'7c14     0x20  tgui_numenterscreenfuncs.o [1]
  .bss                   zero     0x2000'7c34     0x1c  config.o [1]
  .bss                   zero     0x2000'7c50     0x1c  files_pws.o [1]
  .bss                   zero     0x2000'7c6c     0x18  config.o [1]
  .bss                   zero     0x2000'7c84     0x18  dlmalloc.o [2]
  .bss                   zero     0x2000'7c9c     0x14  files_pws.o [1]
  .bss                   zero     0x2000'7cb0     0x10  config.o [1]
  .bss                   zero     0x2000'7cc0     0x10  ff_gen_drv.o [1]
  .bss                   zero     0x2000'7cd0     0x10  touch.o [1]
  .bss                   zero     0x2000'7ce0      0xc  spi_flash.o [1]
  .bss                   zero     0x2000'7cec      0x8  fatfs.o [1]
  .bss                   zero     0x2000'7cf4      0x8  fatfs.o [1]
  .bss                   zero     0x2000'7cfc      0x8  ff.o [1]
  .bss                   zero     0x2000'7d04      0x4  cpld_utils.o [1]
  .bss                   zero     0x2000'7d08      0x4  fsmc.o [1]
  .bss                   zero     0x2000'7d0c      0x4  motor.o [1]
  .bss                   zero     0x2000'7d10      0x4  prtfiles.o [1]
  .bss                   zero     0x2000'7d14      0x4  spi_flash.o [1]
  .bss                   zero     0x2000'7d18      0x4  spi_flash.o [1]
  .bss                   zero     0x2000'7d1c      0x4  stm32f4xx_hal.o [1]
  .bss                   zero     0x2000'7d20      0x4  stm32f4xx_ll_usb.o [1]
  .bss                   zero     0x2000'7d24      0x4  sys_timer.o [1]
  .bss                   zero     0x2000'7d28      0x4  sys_timer.o [1]
  .bss                   zero     0x2000'7d2c      0x4  tgui.o [1]
  .bss                   zero     0x2000'7d30      0x4  tgui_fileviewscreenfuncs.o [1]
  .bss                   zero     0x2000'7d34      0x4  tgui_numenterscreenfuncs.o [1]
  .bss                   zero     0x2000'7d38      0x4  touch.o [1]
  .bss                   zero     0x2000'7d3c      0x4  z_planner.o [1]
  .bss                   zero     0x2000'7d40      0x4  z_planner.o [1]
  .bss                   zero     0x2000'7d44      0x4  z_planner.o [1]
  .bss                   zero     0x2000'7d48      0x4  z_planner.o [1]
  .bss                   zero     0x2000'7d4c      0x4  z_planner.o [1]
  .bss                   zero     0x2000'7d50      0x4  z_planner.o [1]
  .bss                   zero     0x2000'7d54      0x4  z_planner.o [1]
  .bss                   zero     0x2000'7d58      0x4  z_stepper.o [1]
  .bss                   zero     0x2000'7d5c      0x4  z_stepper.o [1]
  .bss                   zero     0x2000'7d60      0x4  z_stepper.o [1]
  .bss                   zero     0x2000'7d64      0x4  z_stepper.o [1]
  .bss                   zero     0x2000'7d68      0x4  z_stepper.o [1]
  .bss                   zero     0x2000'7d6c      0x4  z_stepper.o [1]
  .bss                   zero     0x2000'7d70      0x4  z_stepper.o [1]
  .bss                   zero     0x2000'7d74      0x4  z_stepper.o [1]
  .bss                   zero     0x2000'7d78      0x4  z_stepper.o [1]
  .bss                   zero     0x2000'7d7c      0x4  z_stepper.o [1]
  .bss                   zero     0x2000'7d80      0x4  z_stepper.o [1]
  .bss                   zero     0x2000'7d84      0x4  z_stepper.o [1]
  .bss                   zero     0x2000'7d88      0x4  z_stepper.o [1]
  .bss                   zero     0x2000'7d8c      0x4  z_stepper.o [1]
  .bss                   zero     0x2000'7d90      0x4  xfail_s.o [2]
  .bss                   zero     0x2000'7d94      0x4  xgetmemchunk.o [2]
  .bss                   zero     0x2000'7d98      0x2  ff.o [1]
  .bss                   zero     0x2000'7d9a      0x2  lcd_low.o [1]
  .bss                   zero     0x2000'7d9c      0x2  lcd_ui.o [1]
  .bss                   zero     0x2000'7d9e      0x2  lcd_ui.o [1]
  .bss                   zero     0x2000'7da0      0x2  lcd_ui.o [1]
  .bss                   zero     0x2000'7da2      0x2  tgui_fileviewscreenfuncs.o [1]
  .bss                   zero     0x2000'7da4      0x2  tgui_fileviewscreenfuncs.o [1]
  .bss                   zero     0x2000'7da6      0x2  z_planner.o [1]
  .bss                   zero     0x2000'7da8      0x1  eeprom.o [1]
  .bss                   zero     0x2000'7da9      0x1  fatfs.o [1]
  .bss                   zero     0x2000'7daa      0x1  fatfs.o [1]
  .bss                   zero     0x2000'7dab      0x1  main.o [1]
  .bss                   zero     0x2000'7dac      0x1  main.o [1]
  .bss                   zero     0x2000'7dad      0x1  main.o [1]
  .bss                   zero     0x2000'7dae      0x1  main.o [1]
  .bss                   zero     0x2000'7daf      0x1  main.o [1]
  .bss                   zero     0x2000'7db0      0x1  prtfiles.o [1]
  .bss                   zero     0x2000'7db1      0x1  prtfiles.o [1]
  .bss                   zero     0x2000'7db2      0x1  tgui_defaultfuncs.o [1]
  .bss                   zero     0x2000'7db3      0x1  tgui_filesscreenfuncs.o [1]
  .bss                   zero     0x2000'7db4      0x1  tgui_filesscreenfuncs.o [1]
  .bss                   zero     0x2000'7db5      0x1  tgui_filesscreenfuncs.o [1]
  .bss                   zero     0x2000'7db6      0x1  tgui_filesscreenfuncs.o [1]
  .bss                   zero     0x2000'7db7      0x1  tgui_fileviewscreenfuncs.o [1]
  .bss                   zero     0x2000'7db8      0x1  tgui_numenterscreenfuncs.o [1]
  .bss                   zero     0x2000'7db9      0x1  tgui_numenterscreenfuncs.o [1]
  .bss                   zero     0x2000'7dba      0x1  tgui_numenterscreenfuncs.o [1]
  .bss                   zero     0x2000'7dbb      0x1  tgui_numenterscreenfuncs.o [1]
  .bss                   zero     0x2000'7dbc      0x1  usb_host.o [1]
  .bss                   zero     0x2000'7dbd      0x1  z_endstops.o [1]
  .bss                   zero     0x2000'7dbe      0x1  z_endstops.o [1]
  .bss                   zero     0x2000'7dbf      0x1  z_planner.o [1]
  .bss                   zero     0x2000'7dc0      0x1  z_planner.o [1]
  .bss                   zero     0x2000'7dc1      0x1  z_planner.o [1]
  .bss                   zero     0x2000'7dc2      0x1  z_planner.o [1]
  .bss                   zero     0x2000'7dc3      0x1  z_planner.o [1]
  .bss                   zero     0x2000'7dc4      0x1  z_planner.o [1]
  .bss                   zero     0x2000'7dc5      0x1  z_stepper.o [1]
  .bss                   zero     0x2000'7dc6      0x1  z_stepper.o [1]
  .bss                   zero     0x2000'7dc7      0x1  z_stepper.o [1]
  .bss                   zero     0x2000'7dc8      0x1  z_stepper.o [1]
  .bss                   zero     0x2000'7dc9      0x1  z_stepper.o [1]
                                - 0x2000'7dca   0x7a8a

"P2", part 3 of 3:                              0x7204
  .noinit                uninit   0x2000'7dcc   0x1000  tgui.o [1]
  .noinit                uninit   0x2000'8dcc    0x200  tgui.o [1]
  CSTACK                          0x2000'8fd0   0x4000  <Block>
    CSTACK               uninit   0x2000'8fd0   0x4000  <Block tail>
  HEAP                            0x2000'cfd0   0x2000  <Block>
    HEAP                 uninit   0x2000'cfd0   0x2000  <Block tail>
                                - 0x2000'efd0   0x7204

Unused ranges:

         From           To      Size
         ----           --      ----
   0x803'97da   0x807'ffff  0x4'6826
  0x1000'7478  0x1000'ffff    0x8b88
  0x2000'033f  0x2000'033f       0x1
  0x2000'efd0  0x2001'ffff  0x1'1030


*******************************************************************************
*** INIT TABLE
***

          Address      Size
          -------      ----
Zero (__iar_zero_init3)
    1 destination range, total size 0x7a8a:
          0x2000'0340  0x7a8a

Copy/lz77 (__iar_lz77_init_single3)
    1 source range, total size 0xf2 (29% of destination):
           0x803'96e8    0xf2
    1 destination range, total size 0x33f:
          0x2000'0000   0x33f

Extra (__iar_cstart_call_ctors)



*******************************************************************************
*** MODULE SUMMARY
***

    Module                      ro code  ro data  rw data
    ------                      -------  -------  -------
command line/config:
    -----------------------------------------------------
    Total:

D:\Electronics\Projects\MKS_DLP_new\SRC\firmware\MKSDLP_Alter_Debug\Obj: [1]
    config.o                      3 348      304    1 684
    cpld_utils.o                    206                 4
    datetime.o                      152
    diskio.o                        240
    eeprom.o                      1 556                85
    fatfs.o                         348             8 322
    ff.o                         12 148      272      522
    ff_gen_drv.o                     96                16
    ffunicode.o                     360      944
    files_pws.o                   1 248       40      180
    fnt12.o                                2 039       12
    fnt12bold.o                            2 251       12
    fnt18.o                                4 072       12
    fnt18bold.o                            4 619       12
    fnt24.o                                7 008       12
    fnt24bold.o                            8 663       12
    fnt36num.o                             1 728       12
    fnt36num_lcd.o                         1 703       12
    fnt48num_lcd.o                         3 080       12
    fsmc.o                          276                84
    fst_spi.o                     1 384               736
    gpio.o                          664
    languages.o                      68    4 622       20
    lcd_low.o                     1 316                98
    lcd_ui.o                      3 136        3       17
    main.o                        3 118      636   28 845
    motor.o                         828                 4
    prtfiles.o                      892                 6
    rtc.o                           200        4       32
    spi_flash.o                     840                20
    spifl_diskio.o                  340       20
    ssd_utils.o                   1 460
    startup_stm32f407xx.o           412
    stm32f4xx_hal.o                 180        2        9
    stm32f4xx_hal_cortex.o          344
    stm32f4xx_hal_dma.o           1 156        8
    stm32f4xx_hal_gpio.o            674
    stm32f4xx_hal_hcd.o           4 306
    stm32f4xx_hal_i2c.o             494
    stm32f4xx_hal_msp.o              64
    stm32f4xx_hal_rcc.o           1 520
    stm32f4xx_hal_rcc_ex.o          352
    stm32f4xx_hal_rtc.o           1 092
    stm32f4xx_hal_spi.o           1 600
    stm32f4xx_hal_sram.o             92
    stm32f4xx_hal_tim.o           1 954
    stm32f4xx_hal_tim_ex.o          172
    stm32f4xx_it.o                  156
    stm32f4xx_ll_fsmc.o             236
    stm32f4xx_ll_usb.o            2 700                 4
    sys_timer.o                     384               264
    system_stm32f4xx.o               32       25        4
    tgui.o                       16 038    1 920   17 684
    tgui_defaultfuncs.o           2 944       16        2
    tgui_filesscreenfuncs.o       4 096      253    2 613
    tgui_fileviewscreenfuncs.o    2 684       76    1 545
    tgui_infoscreenfuncs.o        1 128       92
    tgui_langscreenfuncs.o           36
    tgui_messagebox.o             1 988
    tgui_movezscreenfuncs.o       1 324        2        4
    tgui_numenterscreenfuncs.o    1 608        8       40
    tgui_settingsscreenfuncs.o      620        8
    tim.o                           488        8      128
    touch.o                         632                20
    unicode_utils.o               1 028
    usb_host.o                      140               985
    usbh_conf.o                     928               708
    usbh_core.o                   2 036
    usbh_ctlreq.o                 1 602
    usbh_diskio.o                   368       20
    usbh_ioreq.o                    270
    usbh_msc.o                    2 478       13       32
    usbh_msc_bot.o                1 084
    usbh_msc_scsi.o               1 168
    usbh_pipes.o                    224
    usbh_platform.o                  40
    uvdisplay.o                      12
    z_endstops.o                    264        1        3
    z_planner.o                   4 460        4    1 100
    z_stepper.o                   1 732        1       65
    -----------------------------------------------------
    Total:                      103 564   44 465   65 993

dl7M_tlf.a: [2]
    abort.o                           6
    cppinit.o                        24
    dlmalloc.o                    5 344               496
    exit.o                            4
    heaptramp0.o                      4
    iar_Stoflt.o                    452
    iar_Stollx.o                    158
    iar_Stopfx.o                    290
    iar_Stoullx.o                   434       80
    iar_Stoulx.o                    338       80
    iar_Stoxflt.o                   540
    isalpha.o                        20
    isspace.o                        20
    low_level_init.o                  4
    sprintf.o                        64
    sscanf.o                         40
    strcat.o                         30
    tolower.o                        20
    wctob.o                          60
    xencoding_8859_1.o               38
    xfail_s.o                        64                 4
    xgetmemchunk.o                   44                 4
    xlocale_c.o                     260       43      128
    xmbcurmax.o                      10
    xprintffull.o                 3 910
    xscanffull.o                  3 672      116
    xsprout.o                        10
    xsscin.o                         30
    -----------------------------------------------------
    Total:                       15 890      319      632

dlpp7M_tl_fc.a: [3]
    -----------------------------------------------------
    Total:

m7M_tls.a: [4]
    DblAdd.o                        378
    DblCmpGe.o                       46
    DblCmpLe.o                       46
    DblDiv.o                        582
    DblMul.o                        418
    DblSub.o                        226
    DblToFlt.o                      104
    DblToS32.o                       58
    DblToU32.o                       40
    FltToDbl.o                       72
    S32ToDbl.o                       34
    U32ToDbl.o                       26
    ceilf.o                          60
    floorf.o                         60
    fpinit_M.o                       34
    frexp.o                         112
    ldexp.o                         314
    lroundf.o                        46
    math_wrappers64.o                14
    sqrtf.o                          30
    strto64.o                     1 308       72
    -----------------------------------------------------
    Total:                        4 008       72

rt7M_tl.a: [5]
    ABImemclr4.o                      6
    ABImemcpy.o                     166
    ABImemset.o                     102
    ABImemset48.o                    50
    I64DivMod.o                     560
    cexit.o                          10
    cmain.o                          30
    cmain_call_ctors.o               32
    cstartup_M.o                     12
    data_init.o                      40
    lz77_init_single.o              122
    memchr.o                         88
    strchr.o                         22
    strcmp.o                         18
    strcpy.o                         24
    strlen.o                         54
    strncpy.o                       112
    zero_init3.o                     58
    -----------------------------------------------------
    Total:                        1 506

shb_l.a: [6]
    exit.o                           20
    unwind_debug.o                             1
    -----------------------------------------------------
    Total:                           20        1

    Gaps                             57        8
    Linker created                            36   24 576
---------------------------------------------------------
    Grand Total:                125 045   44 901   91 201


*******************************************************************************
*** ENTRY LIST
***

Entry                       Address    Size  Type      Object
-----                       -------    ----  ----      ------
.iar.init_table$$Base    0x803'8384           --   Gb  - Linker created -
.iar.init_table$$Limit   0x803'83a8           --   Gb  - Linker created -
?main                    0x803'85a1          Code  Gb  cmain.o [5]
AHBPrescTable            0x803'8fb8    0x10  Data  Gb  system_stm32f4xx.o [1]
APBPrescTable            0x803'93e8     0x8  Data  Gb  system_stm32f4xx.o [1]
Appli_state             0x2000'7dbc     0x1  Data  Gb  usb_host.o [1]
Appli_state_old         0x2000'7dab     0x1  Data  Gb  main.o [1]
BUZZ_TimerOn             0x801'56ed    0x12  Code  Gb  sys_timer.o [1]
BusFault_Handler         0x803'7687     0x2  Code  Gb  stm32f4xx_it.o [1]
CFG_Init()               0x801'f49d   0x13a  Code  Gb  config.o [1]
CFG_LoadFromFile(void *, void *)
                         0x801'f945   0x7c4  Code  Gb  config.o [1]
CFG_SaveConfig()         0x801'f75b    0x30  Code  Gb  config.o [1]
CFG_SaveMotor()          0x801'f6bd    0x2e  Code  Gb  config.o [1]
CFG_SaveTimers()         0x801'f7c9    0x2e  Code  Gb  config.o [1]
CFG_SetConfigDefault()   0x801'f6eb    0x70  Code  Gb  config.o [1]
CFG_SetMotorDefault()    0x801'f5d9    0xe4  Code  Gb  config.o [1]
CFG_SetTimersDefault()   0x801'f78b    0x3e  Code  Gb  config.o [1]
CPLD_Init()              0x802'3789     0x2  Code  Gb  cpld_utils.o [1]
CSTACK$$Base            0x2000'8fd0           --   Gb  - Linker created -
CSTACK$$Limit           0x2000'cfd0           --   Gb  - Linker created -
CacheMore                0x801'c3e1    0x24  Code  Lc  xlocale_c.o [2]
DMA1_Stream3_IRQHandler
                         0x803'7699     0xa  Code  Gb  stm32f4xx_it.o [1]
DMA1_Stream4_IRQHandler
                         0x803'76a3     0xa  Code  Gb  stm32f4xx_it.o [1]
DMA2_Stream2_IRQHandler
                         0x803'76c1     0xa  Code  Gb  stm32f4xx_it.o [1]
DMA2_Stream5_IRQHandler
                         0x803'76cb     0xa  Code  Gb  stm32f4xx_it.o [1]
DMA2_Stream7_IRQHandler
                         0x803'76b7     0xa  Code  Gb  stm32f4xx_it.o [1]
DMA_CalcBaseAndBitshift
                         0x801'b847    0x30  Code  Lc  stm32f4xx_hal_dma.o [1]
DMA_CalcBaseAndBitshift::flagBitshiftOffset
                         0x803'93e0     0x8  Data  Lc  stm32f4xx_hal_dma.o [1]
DMA_CheckFifoParam       0x801'b885    0x9c  Code  Lc  stm32f4xx_hal_dma.o [1]
DMA_SetConfig            0x801'b819    0x2e  Code  Lc  stm32f4xx_hal_dma.o [1]
DTIME_GetDateTime(DATETIME_STRUCT *)
                         0x801'5735    0x78  Code  Gb  datetime.o [1]
DTIME_GetMinutes()       0x801'571d    0x18  Code  Gb  datetime.o [1]
DeInitStateMachine       0x802'3d93    0x68  Code  Lc  usbh_core.o [1]
DebugMon_Handler         0x803'768d     0x2  Code  Gb  stm32f4xx_it.o [1]
DeviceCode              0x2000'7d9a     0x2  Data  Gb  lcd_low.o [1]
Dtentox                  0x802'46d1   0x190  Code  Lc  strto64.o [4]
EEPROM_Init()            0x801'ee89    0xae  Code  Gb  eeprom.o [1]
EEPROM_ReadMemBuff(unsigned short, unsigned char *, unsigned short)
                         0x801'f1e1   0x14e  Code  Gb  eeprom.o [1]
EEPROM_WriteMemBuff(unsigned short, unsigned char *, unsigned short)
                         0x801'f349   0x12c  Code  Gb  eeprom.o [1]
EXTI0_IRQHandler         0x803'7701     0xe  Code  Gb  stm32f4xx_it.o [1]
[...]
_tgui_SettingsPauseliftButtonPress(void *, void *)
                         0x803'64c9    0x16  Code  Gb  tgui_settingsscreenfuncs.o [1]
_tgui_SettingsSaveButtonPress(void *, void *)
                         0x803'6495    0x34  Code  Gb  tgui_settingsscreenfuncs.o [1]
_tgui_StartHoming(void *, void *)
                         0x802'06e1    0x18  Code  Gb  tgui_movezscreenfuncs.o [1]
_touch_ReadCoords        0x801'9cd1    0xc8  Code  Gb  touch.o [1]
_touch_RefreshState      0x801'9d99   0x126  Code  Gb  touch.o [1]
abort                    0x801'e527     0x6  Code  Gb  abort.o [2]
activefilelist          0x2000'7db4     0x1  Data  Gb  tgui_filesscreenfuncs.o [1]
add_segment              0x802'b9b5   0x1f2  Code  Lc  dlmalloc.o [2]
atof                     0x802'4a49     0x8  Code  Gb  strto64.o [4]
atoi                     0x802'16b9     0x2  Code  Gb  iar_Stoulx.o [2]
buzz_timer              0x2000'7d24     0x4  Data  Gb  sys_timer.o [1]
ceilf                    0x802'4ae5          Code  Gb  ceilf.o [4]
cfgCFileName            0x2000'62f0   0x200  Data  Gb  config.o [1]
cfgConfig               0x2000'7c34    0x1c  Data  Gb  config.o [1]
cfgTFileName            0x2000'360c   0x400  Data  Gb  config.o [1]
cfgTimers               0x2000'7c6c    0x18  Data  Gb  config.o [1]
cfgzMotor               0x2000'7840    0x50  Data  Gb  config.o [1]
cfname                  0x2000'420c   0x400  Data  Gb  main.o [1]
check_fs                 0x801'7fb7    0x7a  Code  Lc  ff.o [1]
chk_chr                  0x801'69f3    0x14  Code  Lc  ff.o [1]
clngLangEng              0x803'687c   0x16c  Data  Lc  languages.o [1]
clngLangRus              0x803'69e8   0x16c  Data  Lc  languages.o [1]
clst2sect                0x801'6c1b    0x1c  Code  Lc  ff.o [1]
cmd                     0x2000'7d04     0x4  Data  Gb  cpld_utils.o [1]
cmp_lfn                  0x801'737b    0xaa  Code  Lc  ff.o [1]
create_chain             0x801'6f5f   0x154  Code  Lc  ff.o [1]
create_name              0x801'7c13   0x29e  Code  Lc  ff.o [1]
create_partition         0x801'8f97   0x1c8  Code  Lc  ff.o [1]
currdir                 0x2000'008c   0x200  Data  Gb  tgui_filesscreenfuncs.o [1]
d                       0x2000'7d18     0x4  Data  Gb  spi_flash.o [1]
dbc_1st                  0x801'6a07    0x12  Code  Lc  ff.o [1]
dbc_2nd                  0x801'6a19    0x12  Code  Lc  ff.o [1]
ddiv                     0x802'45fd    0xc4  Code  Lc  strto64.o [4]
digits                   0x803'7b7c    0x28  Data  Lc  iar_Stoulx.o [2]
digits                   0x803'7bcc    0x28  Data  Lc  iar_Stoullx.o [2]
dir                     0x2000'7960    0x34  Data  Gb  main.o [1]
dir_alloc                0x801'72b5    0x74  Code  Lc  ff.o [1]
dir_clear                0x801'70b3    0x68  Code  Lc  ff.o [1]
dir_find                 0x801'7765   0x12a  Code  Lc  ff.o [1]
dir_next                 0x801'71cd    0xe8  Code  Lc  ff.o [1]
dir_read                 0x801'7657   0x10e  Code  Lc  ff.o [1]
dir_register             0x801'788f   0x16a  Code  Lc  ff.o [1]
dir_sdi                  0x801'711b    0xb2  Code  Lc  ff.o [1]
dirname                 0x2000'71b4   0x100  Data  Gb  tgui_fileviewscreenfuncs.o [1]
disk                    0x2000'7cc0    0x10  Data  Gb  ff_gen_drv.o [1]
disk_initialize          0x801'ba99    0x38  Code  Gb  diskio.o [1]
disk_ioctl               0x801'bb39    0x2a  Code  Gb  diskio.o [1]
disk_read                0x801'bad1    0x34  Code  Gb  diskio.o [1]
disk_status              0x801'ba79    0x20  Code  Gb  diskio.o [1]
disk_write               0x801'bb05    0x34  Code  Gb  diskio.o [1]
dmul                     0x802'4535    0xc6  Code  Lc  strto64.o [4]
dot_entered             0x2000'7dbb     0x1  Data  Gb  tgui_numenterscreenfuncs.o [1]
edit_value              0x2000'7d34     0x4  Data  Gb  tgui_numenterscreenfuncs.o [1]
enter_begin             0x2000'7dba     0x1  Data  Gb  tgui_numenterscreenfuncs.o [1]
exit                     0x803'85c3     0x4  Code  Gb  exit.o [2]
fMoveStep               0x2000'028c     0x4  Data  Gb  tgui_movezscreenfuncs.o [1]
f_close                  0x801'8b33    0x30  Code  Gb  ff.o [1]
f_closedir               0x801'8db3    0x1c  Code  Gb  ff.o [1]
f_getfree                0x801'8e87   0x110  Code  Gb  ff.o [1]
f_lseek                  0x801'8b63   0x1c4  Code  Gb  ff.o [1]
f_mkfs                   0x801'915f   0x73a  Code  Gb  ff.o [1]
f_mkfs::cst              0x803'8e48    0x10  Data  Lc  ff.o [1]
f_mkfs::cst32            0x803'8e58    0x10  Data  Lc  ff.o [1]
f_mkfs::defopt           0x803'8e68    0x10  Data  Lc  ff.o [1]
f_mount                  0x801'83a3    0x56  Code  Gb  ff.o [1]
f_open                   0x801'8419   0x23e  Code  Gb  ff.o [1]
f_opendir                0x801'8d27    0x8c  Code  Gb  ff.o [1]
f_read                   0x801'8657   0x1f8  Code  Gb  ff.o [1]
f_readdir                0x801'8dcf    0x6a  Code  Gb  ff.o [1]
f_stat                   0x801'8e39    0x4e  Code  Gb  ff.o [1]
f_sync                   0x801'8a89    0xaa  Code  Gb  ff.o [1]
f_write                  0x801'884f   0x23a  Code  Gb  ff.o [1]
fbuff                   0x1000'0000  0x4000  Data  Gb  main.o [1]
ff_oem2uni               0x801'bbb5    0x40  Code  Gb  ffunicode.o [1]
ff_uni2oem               0x801'bb69    0x4c  Code  Gb  ffunicode.o [1]
ff_wtoupper              0x801'bbf5    0xce  Code  Gb  ffunicode.o [1]
ff_wtoupper::cvt1        0x803'6518   0x1f4  Data  Lc  ffunicode.o [1]
ff_wtoupper::cvt2        0x803'7528    0xbc  Data  Lc  ffunicode.o [1]
filedate                0x2000'7da2     0x2  Data  Gb  tgui_fileviewscreenfuncs.o [1]
filename                0x2000'70b4   0x100  Data  Gb  tgui_fileviewscreenfuncs.o [1]
files                   0x2000'23b0   0x830  Data  Gb  tgui_filesscreenfuncs.o [1]
filesize                0x2000'7d30     0x4  Data  Gb  tgui_fileviewscreenfuncs.o [1]
filetime                0x2000'7da4     0x2  Data  Gb  tgui_fileviewscreenfuncs.o [1]
filetype                0x2000'7db7     0x1  Data  Gb  tgui_fileviewscreenfuncs.o [1]
find_volume              0x801'8035    0x76  Code  Lc  ff.o [1]
finfo                   0x2000'60cc   0x224  Data  Gb  main.o [1]
floorf                   0x802'4bd9          Code  Gb  floorf.o [4]
fnt12_data               0x803'4430   0x6b4  Data  Gb  fnt12.o [1]
fnt12_width              0x803'6ca8   0x140  Data  Gb  fnt12.o [1]
fnt12bold_data           0x803'3ca8   0x788  Data  Gb  fnt12bold.o [1]
fnt12bold_width          0x803'6de8   0x140  Data  Gb  fnt12bold.o [1]
fnt18_data               0x802'fed0   0xea4  Data  Gb  fnt18.o [1]
fnt18_width              0x803'6f28   0x140  Data  Gb  fnt18.o [1]
fnt18bold_data           0x802'caf8  0x10c8  Data  Gb  fnt18bold.o [1]
fnt18bold_width          0x803'7068   0x140  Data  Gb  fnt18bold.o [1]
fnt24_data               0x802'9bd0  0x1a1c  Data  Gb  fnt24.o [1]
fnt24_width              0x803'71a8   0x140  Data  Gb  fnt24.o [1]
fnt24bold_data           0x802'7b3c  0x2094  Data  Gb  fnt24bold.o [1]
fnt24bold_width          0x803'72e8   0x140  Data  Gb  fnt24bold.o [1]
fnt36num_data            0x803'4ae4   0x684  Data  Gb  fnt36num.o [1]
fnt36num_lcd_data        0x803'5168   0x66c  Data  Gb  fnt36num_lcd.o [1]
fnt36num_lcd_width       0x803'7e34    0x38  Data  Gb  fnt36num_lcd.o [1]
fnt36num_width           0x803'7dfc    0x38  Data  Gb  fnt36num.o [1]
fnt48num_lcd_data        0x803'1e5c   0xbcc  Data  Gb  fnt48num_lcd.o [1]
fnt48num_lcd_width       0x803'7e6c    0x38  Data  Gb  fnt48num_lcd.o [1]
follow_path              0x801'7eb1    0xa8  Code  Lc  ff.o [1]
font_fnt12              0x2000'0000     0xc  Data  Gb  fnt12.o [1]
font_fnt12bold          0x2000'000c     0xc  Data  Gb  fnt12bold.o [1]
font_fnt18              0x2000'0018     0xc  Data  Gb  fnt18.o [1]
font_fnt18bold          0x2000'0024     0xc  Data  Gb  fnt18bold.o [1]
font_fnt24              0x2000'0030     0xc  Data  Gb  fnt24.o [1]
font_fnt24bold          0x2000'003c     0xc  Data  Gb  fnt24bold.o [1]
font_fnt36num           0x2000'0048     0xc  Data  Gb  fnt36num.o [1]
font_fnt36num_lcd       0x2000'0054     0xc  Data  Gb  fnt36num_lcd.o [1]
font_fnt48num_lcd       0x2000'0060     0xc  Data  Gb  fnt48num_lcd.o [1]
fpws_header             0x2000'7994    0x30  Data  Gb  files_pws.o [1]
fpws_info               0x2000'77ec    0x54  Data  Gb  files_pws.o [1]
fpws_layersdata         0x2000'7c9c    0x14  Data  Gb  files_pws.o [1]
fpws_preview            0x2000'7c50    0x1c  Data  Gb  files_pws.o [1]
free                     0x803'3815     0x4  Code  Gb  heaptramp0.o [2]
gen_numname              0x801'7559    0xde  Code  Lc  ff.o [1]
get_fat                  0x801'6c37   0x112  Code  Lc  ff.o [1]
get_fattime              0x801'bced    0x50  Code  Gb  fatfs.o [1]
get_fileinfo             0x801'79f9   0x21a  Code  Lc  ff.o [1]
get_ldnumber             0x801'7f59    0x5e  Code  Lc  ff.o [1]
hFlashSpi               0x2000'74d8    0x80  Data  Gb  fst_spi.o [1]
hFlashSpiDmaRx          0x2000'7678    0x60  Data  Gb  fst_spi.o [1]
hFlashSpiDmaTx          0x2000'76d8    0x60  Data  Gb  fst_spi.o [1]
hI2C                    0x2000'7798    0x54  Data  Gb  eeprom.o [1]
hLcdDma                 0x2000'7738    0x60  Data  Gb  lcd_low.o [1]
hRTC                    0x2000'7bf4    0x20  Data  Gb  rtc.o [1]
hStepperTim             0x2000'78e0    0x40  Data  Gb  tim.o [1]
hTouchSpi               0x2000'7458    0x80  Data  Gb  fst_spi.o [1]
hTouchSpiDmaRx          0x2000'7558    0x60  Data  Gb  fst_spi.o [1]
hTouchSpiDmaTx          0x2000'75b8    0x60  Data  Gb  fst_spi.o [1]
hUsbHost                0x2000'4e0c   0x3d8  Data  Gb  usb_host.o [1]
hZRefTim                0x2000'7920    0x40  Data  Gb  tim.o [1]
hhcd_USB_OTG_FS         0x2000'5bbc   0x2c4  Data  Gb  usbh_conf.o [1]
hsram1                  0x2000'7890    0x50  Data  Gb  fsmc.o [1]
i2c_timer               0x2000'7da8     0x1  Data  Gb  eeprom.o [1]
idle()                   0x802'01b1     0xa  Code  Gb  motor.o [1]
idle()::idlecount       0x2000'7d0c     0x4  Data  Lc  motor.o [1]
init_mparams             0x802'b607    0x32  Code  Lc  dlmalloc.o [2]
init_top                 0x802'b639    0x36  Code  Lc  dlmalloc.o [2]
inited                  0x2000'7db1     0x1  Data  Gb  prtfiles.o [1]
isalpha                  0x802'709d    0x14  Code  Gb  isalpha.o [2]
isspace                  0x802'4a51    0x14  Code  Gb  isspace.o [2]
lastfilenum             0x2000'033d     0x1  Data  Gb  tgui_filesscreenfuncs.o [1]
lcdui_bgcolor           0x2000'7da0     0x2  Data  Gb  lcd_ui.o [1]
lcdui_color             0x2000'0338     0x2  Data  Gb  lcd_ui.o [1]
lcdui_current_font      0x2000'0080     0x4  Data  Gb  lcd_ui.o [1]
lcdui_current_font_type
                        0x2000'033a     0x1  Data  Gb  lcd_ui.o [1]
lcdui_cursor_x          0x2000'7d9c     0x2  Data  Gb  lcd_ui.o [1]
lcdui_cursor_y          0x2000'7d9e     0x2  Data  Gb  lcd_ui.o [1]
lcdui_height            0x2000'0336     0x2  Data  Gb  lcd_ui.o [1]
lcdui_width             0x2000'0334     0x2  Data  Gb  lcd_ui.o [1]
ld_clust                 0x801'7329    0x28  Code  Lc  ff.o [1]
ld_dword                 0x801'6967    0x18  Code  Lc  ff.o [1]
ld_word                  0x801'6959     0xe  Code  Lc  ff.o [1]
ldexp                    0x801'ca45          Code  Gb  ldexp.o [4]
ldexpl                   0x801'ca45          Code  Gb  ldexp.o [4]
lngCurrent              0x2000'007c     0x4  Data  Gb  languages.o [1]
lngLanguages            0x2000'006c    0x10  Data  Gb  languages.o [1]
localeconv               0x801'c497     0x4  Code  Gb  xlocale_c.o [2]
lroundf                  0x802'4d99          Code  Gb  lroundf.o [4]
main                     0x801'cfb5   0xa98  Code  Gb  main.o [1]
mem_cmp                  0x801'69cf    0x24  Code  Lc  ff.o [1]
mem_cpy                  0x801'69a5    0x1c  Code  Lc  ff.o [1]
mem_set                  0x801'69c1     0xe  Code  Lc  ff.o [1]
memchr                   0x801'c53d          Code  Gb  memchr.o [5]
mount_volume             0x801'80ab   0x2ae  Code  Lc  ff.o [1]
move_window              0x801'6b43    0x42  Code  Lc  ff.o [1]
mparams                 0x2000'7c84    0x18  Data  Lc  dlmalloc.o [2]
msg                     0x2000'66f0   0x200  Data  Gb  main.o [1]
ndigs                    0x803'7b54    0x28  Data  Lc  iar_Stoulx.o [2]
ndigs                    0x803'7ba4    0x28  Data  Lc  iar_Stoullx.o [2]
nomorefiles             0x2000'7db6     0x1  Data  Gb  tgui_filesscreenfuncs.o [1]
numstr                  0x2000'7c14    0x20  Data  Gb  tgui_numenterscreenfuncs.o [1]
numstr_len              0x2000'7db9     0x1  Data  Gb  tgui_numenterscreenfuncs.o [1]
oldUsbMounted           0x2000'7db3     0x1  Data  Gb  tgui_filesscreenfuncs.o [1]
pfile_type              0x2000'7db0     0x1  Data  Gb  prtfiles.o [1]
pick_lfn                 0x801'7425    0x96  Code  Lc  ff.o [1]
pows                     0x803'7c40    0x48  Data  Lc  strto64.o [4]
prepend_alloc            0x802'b66f   0x346  Code  Lc  dlmalloc.o [2]
prt_file                0x2000'7d10     0x4  Data  Gb  prtfiles.o [1]
put_fat                  0x801'6d49   0x166  Code  Lc  ff.o [1]
put_lfn                  0x801'74bb    0x90  Code  Lc  ff.o [1]
put_utf                  0x801'6a7f    0x72  Code  Lc  ff.o [1]
ranmatch                 0x803'10dd    0x44  Code  Lc  xscanffull.o [2]
remove_chain             0x801'6eaf    0xb0  Code  Lc  ff.o [1]
retSPIFL                0x2000'7daa     0x1  Data  Gb  fatfs.o [1]
retUSBH                 0x2000'7da9     0x1  Data  Gb  fatfs.o [1]
s_tfname                0x2000'3e0c   0x400  Data  Gb  main.o [1]
scalbln                  0x801'ca45          Code  Gb  ldexp.o [4]
scalblnl                 0x801'ca45          Code  Gb  ldexp.o [4]
scalbn                   0x801'ca45          Code  Gb  ldexp.o [4]
scalbnl                  0x801'ca45          Code  Gb  ldexp.o [4]
scale                    0x801'abd3    0x46  Code  Lc  xprintffull.o [2]
scrTimeTimer            0x2000'033c     0x1  Data  Gb  tgui_defaultfuncs.o [1]
sec_hand                0x2000'7d90     0x4  Data  Lc  xfail_s.o [2]
segment_holding          0x802'b5ed    0x1a  Code  Lc  dlmalloc.o [2]
sfile                   0x1000'5028  0x1028  Data  Gb  main.o [1]
sprintf                  0x801'57b5    0x40  Code  Gb  sprintf.o [2]
sqrtf                    0x802'4ce9          Code  Gb  sqrtf.o [4]
srvMode                 0x2000'7daf     0x1  Data  Gb  main.o [1]
sscanf                   0x803'5e1d    0x28  Code  Gb  sscanf.o [2]
st_clust                 0x801'7351    0x2a  Code  Lc  ff.o [1]
st_dword                 0x801'698d    0x18  Code  Lc  ff.o [1]
st_word                  0x801'697f     0xe  Code  Lc  ff.o [1]
strcat                   0x802'ef55    0x1e  Code  Gb  strcat.o [2]
strchr                   0x801'c4a5          Code  Gb  strchr.o [5]
strcmp                   0x802'0579          Code  Gb  strcmp.o [5]
strcpy                   0x802'ef3d          Code  Gb  strcpy.o [5]
strcpy_utf(char *, char *)
                         0x801'9b31    0x28  Code  Gb  unicode_utils.o [1]
strlen                   0x801'c505          Code  Gb  strlen.o [5]
strncpy                  0x801'9f49          Code  Gb  strncpy.o [5]
strtoll                  0x803'1ca1     0x2  Code  Gb  iar_Stollx.o [2]
strtoul                  0x802'16c5     0x2  Code  Gb  iar_Stoulx.o [2]
strtoull                 0x803'1e55     0x2  Code  Gb  iar_Stoullx.o [2]
strtrim(char *)          0x801'9bf9    0x60  Code  Gb  unicode_utils.o [1]
strupper_utf(char *)     0x801'9c59    0x78  Code  Gb  unicode_utils.o [1]
subdir                  0x2000'7db5     0x1  Data  Gb  tgui_filesscreenfuncs.o [1]
sum_sfn                  0x801'7637    0x20  Code  Lc  ff.o [1]
sync_fs                  0x801'6b85    0x96  Code  Lc  ff.o [1]
sync_window              0x801'6af1    0x52  Code  Lc  ff.o [1]
sys_alloc                0x802'bbad   0x164  Code  Lc  dlmalloc.o [2]
sys_trim                 0x802'bd11    0x64  Code  Lc  dlmalloc.o [2]
systemInfo              0x2000'7cb0    0x10  Data  Gb  config.o [1]
tchar2uni                0x801'6a2b    0x54  Code  Lc  ff.o [1]
tfilename               0x2000'460c   0x400  Data  Gb  tgui_fileviewscreenfuncs.o [1]
tfname                  0x1000'7078   0x400  Data  Gb  tgui.o [1]
tguiActiveScreen        0x2000'7d2c     0x4  Data  Gb  tgui.o [1]
tguiDBuff               0x2000'7dcc  0x1000  Data  Gb  tgui.o [1]
tguiDefaultConfig       0x2000'7ba4    0x28  Data  Gb  tgui.o [1]
tguiFBuff               0x2000'8dcc   0x200  Data  Gb  tgui.o [1]
tguiFile                0x1000'6050  0x1028  Data  Gb  tgui.o [1]
tguiMsgBox              0x2000'51e4   0x348  Data  Gb  tgui.o [1]
tguiScrFilesButtons     0x2000'5874   0x348  Data  Gb  tgui.o [1]
tguiScrFilesListButtons
                        0x2000'3174   0x498  Data  Gb  tgui.o [1]
tguiScrFileviewButtons  0x2000'68f0   0x1f8  Data  Gb  tgui.o [1]
tguiScrInfoButtons      0x2000'73b0    0xa8  Data  Gb  tgui.o [1]
tguiScrLanguageButtons  0x2000'72b4    0xfc  Data  Gb  tgui.o [1]
tguiScrMainButtons      0x2000'6e64   0x150  Data  Gb  tgui.o [1]
tguiScrMovezButtons     0x2000'552c   0x348  Data  Gb  tgui.o [1]
tguiScrNumenterButtons  0x2000'2be0   0x594  Data  Gb  tgui.o [1]
tguiScrServiceButtons   0x2000'6cc0   0x1a4  Data  Gb  tgui.o [1]
tguiScrSettingsButtons  0x2000'5e80   0x24c  Data  Gb  tgui.o [1]
tguiScreenFiles         0x2000'7ab4    0x30  Data  Gb  tgui.o [1]
tguiScreenFilesList     0x2000'7ae4    0x30  Data  Gb  tgui.o [1]
tguiScreenFileview      0x2000'7b74    0x30  Data  Gb  tgui.o [1]
tguiScreenInfo          0x2000'7a54    0x30  Data  Gb  tgui.o [1]
tguiScreenLanguage      0x2000'7a24    0x30  Data  Gb  tgui.o [1]
tguiScreenMain          0x2000'79c4    0x30  Data  Gb  tgui.o [1]
tguiScreenMovez         0x2000'7a84    0x30  Data  Gb  tgui.o [1]
tguiScreenNumenter      0x2000'7b44    0x30  Data  Gb  tgui.o [1]
tguiScreenService       0x2000'79f4    0x30  Data  Gb  tgui.o [1]
tguiScreenSettings      0x2000'7b14    0x30  Data  Gb  tgui.o [1]
tguiTimer               0x2000'7dad     0x1  Data  Gb  main.o [1]
tmalloc_large            0x802'bd81   0x386  Code  Lc  dlmalloc.o [2]
tmalloc_small            0x802'c107   0x200  Code  Lc  dlmalloc.o [2]
tolower                  0x802'4a65    0x14  Code  Gb  tolower.o [2]
touch_buff              0x2000'7618    0x60  Data  Gb  fst_spi.o [1]
touch_info              0x2000'7cd0    0x10  Data  Gb  touch.o [1]
touch_point             0x2000'7d38     0x4  Data  Gb  touch.o [1]
tstrcat(unsigned short *, unsigned short *)
                         0x801'9b81    0x32  Code  Gb  unicode_utils.o [1]
tstrcat_utf(unsigned short *, char *)
                         0x801'9bb3    0x46  Code  Gb  unicode_utils.o [1]
tstrcpy(unsigned short *, unsigned short *)
                         0x801'9b59    0x28  Code  Gb  unicode_utils.o [1]
typeval                 0x2000'7db8     0x1  Data  Gb  tgui_numenterscreenfuncs.o [1]
u_tfname                0x2000'3a0c   0x400  Data  Gb  main.o [1]
uc866                    0x803'7428   0x100  Data  Lc  ffunicode.o [1]
ufile                   0x1000'4000  0x1028  Data  Gb  main.o [1]
uvled_timer             0x2000'7d28     0x4  Data  Gb  sys_timer.o [1]
uwTick                  0x2000'7d1c     0x4  Data  Gb  stm32f4xx_hal.o [1]
uwTickFreq              0x2000'033b     0x1  Data  Gb  stm32f4xx_hal.o [1]
uwTickPrio              0x2000'0084     0x4  Data  Gb  stm32f4xx_hal.o [1]
validate                 0x801'8359    0x4a  Code  Lc  ff.o [1]
wctob                    0x803'1bcd    0x32  Code  Gb  wctob.o [2]
zHoldTimer              0x2000'7dae     0x1  Data  Gb  main.o [1]
zPlanner                0x2000'7dbf     0x1  Data  Gb  z_planner.o [1]


[1] = D:\Electronics\Projects\MKS_DLP_new\SRC\firmware\MKSDLP_Alter_Debug\Obj
[2] = dl7M_tlf.a
[3] = dlpp7M_tl_fc.a
[4] = m7M_tls.a
[5] = rt7M_tl.a
[6] = shb_l.a

  125 045 bytes of readonly  code memory
   44 901 bytes of readonly  data memory
   91 201 bytes of readwrite data memory

Errors: none
Warnings: none
