###############################################################################
#
# IAR ELF Linker V8.32.1.169/W32 for ARM                  01/Oct/2020  17:11:12
# Copyright 2007-2018 IAR Systems AB.
#
#    Output file  =  
#        D:\Electronics\Projects\MKS_DLP_new\SRC\firmware\MKSDLP_Alter_debug\Exe\MKS_DLP_new.out
#    Map file     =  
#        D:\Electronics\Projects\MKS_DLP_new\SRC\firmware\MKSDLP_Alter_debug\List\MKS_DLP_new.map
#    Command line =  
#        -f C:\Temp\EW84DD.tmp
#        (D:\Electronics\Projects\MKS_DLP_new\SRC\firmware\MKSDLP_Alter_Debug\Obj\config.o
#        D:\Electronics\Projects\MKS_DLP_new\SRC\firmware\MKSDLP_Alter_Debug\Obj\cpld_utils.o
#        D:\Electronics\Projects\MKS_DLP_new\SRC\firmware\MKSDLP_Alter_Debug\Obj\datetime.o
#        D:\Electronics\Projects\MKS_DLP_new\SRC\firmware\MKSDLP_Alter_Debug\Obj\diskio.o
#        D:\Electronics\Projects\MKS_DLP_new\SRC\firmware\MKSDLP_Alter_Debug\Obj\eeprom.o
#        D:\Electronics\Projects\MKS_DLP_new\SRC\firmware\MKSDLP_Alter_Debug\Obj\fatfs.o
#        D:\Electronics\Projects\MKS_DLP_new\SRC\firmware\MKSDLP_Alter_Debug\Obj\ff.o
#        D:\Electronics\Projects\MKS_DLP_new\SRC\firmware\MKSDLP_Alter_Debug\Obj\ff_gen_drv.o
#        D:\Electronics\Projects\MKS_DLP_new\SRC\firmware\MKSDLP_Alter_Debug\Obj\ffsystem.o
#        D:\Electronics\Projects\MKS_DLP_new\SRC\firmware\MKSDLP_Alter_Debug\Obj\ffunicode.o
#        D:\Electronics\Projects\MKS_DLP_new\SRC\firmware\MKSDLP_Alter_Debug\Obj\files_photon.o
#        D:\Electronics\Projects\MKS_DLP_new\SRC\firmware\MKSDLP_Alter_Debug\Obj\files_pws.o
#        D:\Electronics\Projects\MKS_DLP_new\SRC\firmware\MKSDLP_Alter_Debug\Obj\fnt12.o
#        D:\Electronics\Projects\MKS_DLP_new\SRC\firmware\MKSDLP_Alter_Debug\Obj\fnt12bold.o
#        D:\Electronics\Projects\MKS_DLP_new\SRC\firmware\MKSDLP_Alter_Debug\Obj\fnt170num_lcd.o
#        D:\Electronics\Projects\MKS_DLP_new\SRC\firmware\MKSDLP_Alter_Debug\Obj\fnt18.o
#        D:\Electronics\Projects\MKS_DLP_new\SRC\firmware\MKSDLP_Alter_Debug\Obj\fnt18bold.o
#        D:\Electronics\Projects\MKS_DLP_new\SRC\firmware\MKSDLP_Alter_Debug\Obj\fnt24.o
#        D:\Electronics\Projects\MKS_DLP_new\SRC\firmware\MKSDLP_Alter_Debug\Obj\fnt24bold.o
#        D:\Electronics\Projects\MKS_DLP_new\SRC\firmware\MKSDLP_Alter_Debug\Obj\fnt36.o
#        D:\Electronics\Projects\MKS_DLP_new\SRC\firmware\MKSDLP_Alter_Debug\Obj\fnt36num.o
#        D:\Electronics\Projects\MKS_DLP_new\SRC\firmware\MKSDLP_Alter_Debug\Obj\fsmc.o
#        D:\Electronics\Projects\MKS_DLP_new\SRC\firmware\MKSDLP_Alter_Debug\Obj\fst_spi.o
#        D:\Electronics\Projects\MKS_DLP_new\SRC\firmware\MKSDLP_Alter_Debug\Obj\gpio.o
#        D:\Electronics\Projects\MKS_DLP_new\SRC\firmware\MKSDLP_Alter_Debug\Obj\languages.o
#        D:\Electronics\Projects\MKS_DLP_new\SRC\firmware\MKSDLP_Alter_Debug\Obj\lcd_low.o
#        D:\Electronics\Projects\MKS_DLP_new\SRC\firmware\MKSDLP_Alter_Debug\Obj\lcd_ui.o
#        D:\Electronics\Projects\MKS_DLP_new\SRC\firmware\MKSDLP_Alter_Debug\Obj\main.o
#        D:\Electronics\Projects\MKS_DLP_new\SRC\firmware\MKSDLP_Alter_Debug\Obj\motor.o
#        D:\Electronics\Projects\MKS_DLP_new\SRC\firmware\MKSDLP_Alter_Debug\Obj\printing.o
#        D:\Electronics\Projects\MKS_DLP_new\SRC\firmware\MKSDLP_Alter_Debug\Obj\prtfiles.o
#        D:\Electronics\Projects\MKS_DLP_new\SRC\firmware\MKSDLP_Alter_Debug\Obj\rtc.o
#        D:\Electronics\Projects\MKS_DLP_new\SRC\firmware\MKSDLP_Alter_Debug\Obj\spi_flash.o
#        D:\Electronics\Projects\MKS_DLP_new\SRC\firmware\MKSDLP_Alter_Debug\Obj\spifl_diskio.o
#        D:\Electronics\Projects\MKS_DLP_new\SRC\firmware\MKSDLP_Alter_Debug\Obj\ssd_utils.o
#        D:\Electronics\Projects\MKS_DLP_new\SRC\firmware\MKSDLP_Alter_Debug\Obj\startup_stm32f407xx.o
#        D:\Electronics\Projects\MKS_DLP_new\SRC\firmware\MKSDLP_Alter_Debug\Obj\stm32f4xx_hal.o
#        D:\Electronics\Projects\MKS_DLP_new\SRC\firmware\MKSDLP_Alter_Debug\Obj\stm32f4xx_hal_cortex.o
#        D:\Electronics\Projects\MKS_DLP_new\SRC\firmware\MKSDLP_Alter_Debug\Obj\stm32f4xx_hal_dma.o
#        D:\Electronics\Projects\MKS_DLP_new\SRC\firmware\MKSDLP_Alter_Debug\Obj\stm32f4xx_hal_dma_ex.o
#        D:\Electronics\Projects\MKS_DLP_new\SRC\firmware\MKSDLP_Alter_Debug\Obj\stm32f4xx_hal_exti.o
#        D:\Electronics\Projects\MKS_DLP_new\SRC\firmware\MKSDLP_Alter_Debug\Obj\stm32f4xx_hal_flash.o
#        D:\Electronics\Projects\MKS_DLP_new\SRC\firmware\MKSDLP_Alter_Debug\Obj\stm32f4xx_hal_flash_ex.o
#        D:\Electronics\Projects\MKS_DLP_new\SRC\firmware\MKSDLP_Alter_Debug\Obj\stm32f4xx_hal_flash_ramfunc.o
#        D:\Electronics\Projects\MKS_DLP_new\SRC\firmware\MKSDLP_Alter_Debug\Obj\stm32f4xx_hal_gpio.o
#        D:\Electronics\Projects\MKS_DLP_new\SRC\firmware\MKSDLP_Alter_Debug\Obj\stm32f4xx_hal_hcd.o
#        D:\Electronics\Projects\MKS_DLP_new\SRC\firmware\MKSDLP_Alter_Debug\Obj\stm32f4xx_hal_i2c.o
#        D:\Electronics\Projects\MKS_DLP_new\SRC\firmware\MKSDLP_Alter_Debug\Obj\stm32f4xx_hal_msp.o
#        D:\Electronics\Projects\MKS_DLP_new\SRC\firmware\MKSDLP_Alter_Debug\Obj\stm32f4xx_hal_pwr.o
#        D:\Electronics\Projects\MKS_DLP_new\SRC\firmware\MKSDLP_Alter_Debug\Obj\stm32f4xx_hal_pwr_ex.o
#        D:\Electronics\Projects\MKS_DLP_new\SRC\firmware\MKSDLP_Alter_Debug\Obj\stm32f4xx_hal_rcc.o
#        D:\Electronics\Projects\MKS_DLP_new\SRC\firmware\MKSDLP_Alter_Debug\Obj\stm32f4xx_hal_rcc_ex.o
#        D:\Electronics\Projects\MKS_DLP_new\SRC\firmware\MKSDLP_Alter_Debug\Obj\stm32f4xx_hal_rtc.o
#        D:\Electronics\Projects\MKS_DLP_new\SRC\firmware\MKSDLP_Alter_Debug\Obj\stm32f4xx_hal_rtc_ex.o
#        D:\Electronics\Projects\MKS_DLP_new\SRC\firmware\MKSDLP_Alter_Debug\Obj\stm32f4xx_hal_spi.o
#        D:\Electronics\Projects\MKS_DLP_new\SRC\firmware\MKSDLP_Alter_Debug\Obj\stm32f4xx_hal_sram.o
#        D:\Electronics\Projects\MKS_DLP_new\SRC\firmware\MKSDLP_Alter_Debug\Obj\stm32f4xx_hal_tim.o
#        D:\Electronics\Projects\MKS_DLP_new\SRC\firmware\MKSDLP_Alter_Debug\Obj\stm32f4xx_hal_tim_ex.o
#        D:\Electronics\Projects\MKS_DLP_new\SRC\firmware\MKSDLP_Alter_Debug\Obj\stm32f4xx_it.o
#        D:\Electronics\Projects\MKS_DLP_new\SRC\firmware\MKSDLP_Alter_Debug\Obj\stm32f4xx_ll_fsmc.o
#        D:\Electronics\Projects\MKS_DLP_new\SRC\firmware\MKSDLP_Alter_Debug\Obj\stm32f4xx_ll_usb.o
#        D:\Electronics\Projects\MKS_DLP_new\SRC\firmware\MKSDLP_Alter_Debug\Obj\sys_timer.o
#        D:\Electronics\Projects\MKS_DLP_new\SRC\firmware\MKSDLP_Alter_Debug\Obj\system_stm32f4xx.o
#        D:\Electronics\Projects\MKS_DLP_new\SRC\firmware\MKSDLP_Alter_Debug\Obj\tgui.o
#        D:\Electronics\Projects\MKS_DLP_new\SRC\firmware\MKSDLP_Alter_Debug\Obj\tgui_clocksetscreenfuncs.o
#        D:\Electronics\Projects\MKS_DLP_new\SRC\firmware\MKSDLP_Alter_Debug\Obj\tgui_defaultfuncs.o
#        D:\Electronics\Projects\MKS_DLP_new\SRC\firmware\MKSDLP_Alter_Debug\Obj\tgui_filesscreenfuncs.o
#        D:\Electronics\Projects\MKS_DLP_new\SRC\firmware\MKSDLP_Alter_Debug\Obj\tgui_fileviewscreenfuncs.o
#        D:\Electronics\Projects\MKS_DLP_new\SRC\firmware\MKSDLP_Alter_Debug\Obj\tgui_infoscreenfuncs.o
#        D:\Electronics\Projects\MKS_DLP_new\SRC\firmware\MKSDLP_Alter_Debug\Obj\tgui_langscreenfuncs.o
#        D:\Electronics\Projects\MKS_DLP_new\SRC\firmware\MKSDLP_Alter_Debug\Obj\tgui_mainscreenfuncs.o
#        D:\Electronics\Projects\MKS_DLP_new\SRC\firmware\MKSDLP_Alter_Debug\Obj\tgui_messagebox.o
#        D:\Electronics\Projects\MKS_DLP_new\SRC\firmware\MKSDLP_Alter_Debug\Obj\tgui_movezscreenfuncs.o
#        D:\Electronics\Projects\MKS_DLP_new\SRC\firmware\MKSDLP_Alter_Debug\Obj\tgui_numenterscreenfuncs.o
#        D:\Electronics\Projects\MKS_DLP_new\SRC\firmware\MKSDLP_Alter_Debug\Obj\tgui_printscreenfuncs.o
#        D:\Electronics\Projects\MKS_DLP_new\SRC\firmware\MKSDLP_Alter_Debug\Obj\tgui_screensaverfuncs.o
#        D:\Electronics\Projects\MKS_DLP_new\SRC\firmware\MKSDLP_Alter_Debug\Obj\tgui_settingsscreenfuncs.o
#        D:\Electronics\Projects\MKS_DLP_new\SRC\firmware\MKSDLP_Alter_Debug\Obj\tgui_uvtestscreenfuncs.o
#        D:\Electronics\Projects\MKS_DLP_new\SRC\firmware\MKSDLP_Alter_Debug\Obj\tim.o
#        D:\Electronics\Projects\MKS_DLP_new\SRC\firmware\MKSDLP_Alter_Debug\Obj\touch.o
#        D:\Electronics\Projects\MKS_DLP_new\SRC\firmware\MKSDLP_Alter_Debug\Obj\unicode_utils.o
#        D:\Electronics\Projects\MKS_DLP_new\SRC\firmware\MKSDLP_Alter_Debug\Obj\usb_host.o
#        D:\Electronics\Projects\MKS_DLP_new\SRC\firmware\MKSDLP_Alter_Debug\Obj\usbh_conf.o
#        D:\Electronics\Projects\MKS_DLP_new\SRC\firmware\MKSDLP_Alter_Debug\Obj\usbh_core.o
#        D:\Electronics\Projects\MKS_DLP_new\SRC\firmware\MKSDLP_Alter_Debug\Obj\usbh_ctlreq.o
#        D:\Electronics\Projects\MKS_DLP_new\SRC\firmware\MKSDLP_Alter_Debug\Obj\usbh_diskio.o
#        D:\Electronics\Projects\MKS_DLP_new\SRC\firmware\MKSDLP_Alter_Debug\Obj\usbh_ioreq.o
#        D:\Electronics\Projects\MKS_DLP_new\SRC\firmware\MKSDLP_Alter_Debug\Obj\usbh_msc.o
#        D:\Electronics\Projects\MKS_DLP_new\SRC\firmware\MKSDLP_Alter_Debug\Obj\usbh_msc_bot.o
#        D:\Electronics\Projects\MKS_DLP_new\SRC\firmware\MKSDLP_Alter_Debug\Obj\usbh_msc_scsi.o
#        D:\Electronics\Projects\MKS_DLP_new\SRC\firmware\MKSDLP_Alter_Debug\Obj\usbh_pipes.o
#        D:\Electronics\Projects\MKS_DLP_new\SRC\firmware\MKSDLP_Alter_Debug\Obj\usbh_platform.o
#        D:\Electronics\Projects\MKS_DLP_new\SRC\firmware\MKSDLP_Alter_Debug\Obj\uvdisplay.o
#        D:\Electronics\Projects\MKS_DLP_new\SRC\firmware\MKSDLP_Alter_Debug\Obj\z_endstops.o
#        D:\Electronics\Projects\MKS_DLP_new\SRC\firmware\MKSDLP_Alter_Debug\Obj\z_planner.o
#        D:\Electronics\Projects\MKS_DLP_new\SRC\firmware\MKSDLP_Alter_Debug\Obj\z_stepper.o
#        --redirect _Printf=_PrintfFull --redirect _Scanf=_ScanfFull
#        --no_out_extension -o
#        D:\Electronics\Projects\MKS_DLP_new\SRC\firmware\MKSDLP_Alter_debug\Exe\MKS_DLP_new.out
#        --map
#        D:\Electronics\Projects\MKS_DLP_new\SRC\firmware\MKSDLP_Alter_debug\List\MKS_DLP_new.map
#        --log libraries,call_graph --log_file
#        D:\Electronics\Projects\MKS_DLP_new\SRC\firmware\MKSDLP_Alter_debug\List\MKS_DLP_new.log
#        --config
#        D:\Electronics\Projects\MKS_DLP_new\SRC\firmware/config/stm32f407xx_flash.icf
#        --semihosting --entry __iar_program_start --merge_duplicate_sections
#        --vfe --text_out locale)
#
###############################################################################

*******************************************************************************
*** RUNTIME MODEL ATTRIBUTES
***

CppFlavor                     = *
__CPP_Exceptions              = Disabled
__CPP_Language                = C++14
__Heap_Handler                = DLMalloc
__SystemLibrary               = DLib
__dlib_dynamic_initialization = normal
__dlib_version                = 6


*******************************************************************************
*** HEAP SELECTION
***

The advanced heap was selected because the application calls memory
allocation functions outside of system library functions, and there
are calls to deallocation functions in the application.


*******************************************************************************
*** PLACEMENT SUMMARY
***

"A0":  place at 0x801'0000 { ro section .intvec };
"P1":  place in [from 0x801'0000 to 0x807'ffff] { ro };
define block CSTACK with size = 16K, alignment = 8 { };
define block HEAP with size = 8K, alignment = 8 { };
"P2":  place in [from 0x2000'0000 to 0x2001'ffff] {
          rw, block CSTACK, block HEAP };
"P3":  place in [from 0x1000'0000 to 0x1000'ffff] { rw section CCMRAM };
initialize by copy { rw };

  Section                Kind         Address     Size  Object
  -------                ----         -------     ----  ------
"A0":                                            0x188
  .intvec                ro code   0x801'0000    0x188  startup_stm32f407xx.o [1]
                                 - 0x801'0188    0x188

"P1":                                          0x36d08
  .rodata                const     0x801'0188   0x66f0  fnt170num_lcd.o [1]
  .text                  ro code   0x801'6878   0x4c2c  tgui.o [1]
  .text                  ro code   0x801'b4a4     0x66  ABImemset.o [5]
  .text                  ro code   0x801'b50a     0x7a  lz77_init_single.o [5]
  .text                  ro code   0x801'b584    0xaf8  tgui_defaultfuncs.o [1]
  .text                  ro code   0x801'c07c     0xa6  ABImemcpy.o [5]
  .text                  ro code   0x801'c122     0x3a  zero_init3.o [5]
  .text                  ro code   0x801'c15c     0x40  languages.o [1]
  .text                  ro code   0x801'c19c    0x754  tgui_messagebox.o [1]
  .text                  ro code   0x801'c8f0    0x20c  sys_timer.o [1]
  .text                  ro code   0x801'cafc    0x26c  datetime.o [1]
  .text                  ro code   0x801'cd68     0x40  sprintf.o [2]
  .text                  ro code   0x801'cda8    0xc20  lcd_ui.o [1]
  .text                  ro code   0x801'd9c8    0x520  lcd_low.o [1]
  .text                  ro code   0x801'dee8   0x2d1c  ff.o [1]
  .text                  ro code   0x802'0c04    0x39a  unicode_utils.o [1]
  .text                  ro code   0x802'0f9e     0x26  xencoding_8859_1.o [2]
  .text                  ro code   0x802'0fc4    0x2d4  touch.o [1]
  .text                  ro code   0x802'1298     0x70  strncpy.o [5]
  .text                  ro code   0x802'1308    0x418  stm32f4xx_hal_rtc.o [1]
  .text                  ro code   0x802'1720      0xc  stm32f4xx_hal.o [1]
  .text                  ro code   0x802'172c    0xf46  xprintffull.o [2]
  .text                  ro code   0x802'2672     0x1e  xsscin.o [2]
  .text                  ro code   0x802'2690     0x28  stm32f4xx_hal.o [1]
  .text                  ro code   0x802'26b8    0x114  fsmc.o [1]
  .text                  ro code   0x802'27cc    0x458  stm32f4xx_hal_dma.o [1]
  .text                  ro code   0x802'2c24    0x12c  stm32f4xx_hal_cortex.o [1]
  .text                  ro code   0x802'2d50     0xb0  diskio.o [1]
  .text                  ro code   0x802'2e00    0x144  ffunicode.o [1]
  .text                  ro code   0x802'2f44    0x158  fatfs.o [1]
  .text                  ro code   0x802'309c    0x554  fst_spi.o [1]
  .text                  ro code   0x802'35f0    0x104  xlocale_c.o [2]
  .text                  ro code   0x802'36f4     0x16  strchr.o [5]
  .text                  ro code   0x802'370a      0xa  xsprout.o [2]
  .text                  ro code   0x802'3714     0x40  xfail_s.o [2]
  .text                  ro code   0x802'3754     0x36  strlen.o [5]
  .rodata                const     0x802'378a      0x2  languages.o [1]
  .text                  ro code   0x802'378c     0x58  memchr.o [5]
  .text                  ro code   0x802'37e4      0xa  xmbcurmax.o [2]
  .rodata                const     0x802'37ee      0x2  languages.o [1]
  .text                  ro code   0x802'37f0    0x230  I64DivMod.o [5]
  .text                  ro code   0x802'3a20    0x1a2  DblMul.o [4]
  .rodata                const     0x802'3bc2      0x1  unwind_debug.o [6]
  .text                  ro code   0x802'3bc4     0x70  frexp.o [4]
  .text                  ro code   0x802'3c34     0x2e  DblCmpLe.o [4]
  .text                  ro code   0x802'3c64     0x2e  DblCmpGe.o [4]
  .text                  ro code   0x802'3c94    0x13a  ldexp.o [4]
  .text                  ro code   0x802'3dd0     0x3a  DblToS32.o [4]
  .text                  ro code   0x802'3e0c     0x22  S32ToDbl.o [4]
  .text                  ro code   0x802'3e30     0xe2  DblSub.o [4]
  .text                  ro code   0x802'3f14    0x246  DblDiv.o [4]
  .text                  ro code   0x802'415c     0x28  DblToU32.o [4]
  .text                  ro code   0x802'4184     0x1a  U32ToDbl.o [4]
  .text                  ro code   0x802'41a0      0x6  ABImemclr4.o [5]
  .text                  ro code   0x802'41a8     0x5c  stm32f4xx_hal_sram.o [1]
  .text                  ro code   0x802'4204   0x1222  main.o [1]
  .text                  ro code   0x802'5428    0x252  stm32f4xx_hal_gpio.o [1]
  .text                  ro code   0x802'567c     0x54  ff_gen_drv.o [1]
  .text                  ro code   0x802'56d0    0x766  stm32f4xx_hal_spi.o [1]
  .text                  ro code   0x802'5e36      0x6  abort.o [2]
  .text                  ro code   0x802'5e3c      0x2  stm32f4xx_hal_spi.o [1]
  .text                  ro code   0x802'5e40    0x17a  DblAdd.o [4]
  .text                  ro code   0x802'5fbc     0x32  ABImemset48.o [5]
  .text                  ro code   0x802'5ff0     0xe4  stm32f4xx_ll_fsmc.o [1]
  .text                  ro code   0x802'60d4     0x34  stm32f4xx_hal.o [1]
  .text                  ro code   0x802'6108    0x2c0  gpio.o [1]
  .text                  ro code   0x802'63c8    0x5e4  eeprom.o [1]
  .text                  ro code   0x802'69ac    0xfd0  config.o [1]
  .text                  ro code   0x802'797c    0x2c8  spi_flash.o [1]
  .text                  ro code   0x802'7c44     0xc8  rtc.o [1]
  .text                  ro code   0x802'7d0c    0x2e4  motor.o [1]
  .text                  ro code   0x802'7ff0    0x1da  cpld_utils.o [1]
  .text                  ro code   0x802'81cc     0x24  uvdisplay.o [1]
  .text                  ro code   0x802'81f0    0x488  tgui_uvtestscreenfuncs.o [1]
  .text                  ro code   0x802'8678     0x20  usbh_platform.o [1]
  .text                  ro code   0x802'8698     0x94  usb_host.o [1]
  .text                  ro code   0x802'872c     0x12  strcmp.o [5]
  .text                  ro code   0x802'8740    0x484  tgui_screensaverfuncs.o [1]
  .text                  ro code   0x802'8bc4     0x48  FltToDbl.o [4]
  .text                  ro code   0x802'8c0c     0x68  DblToFlt.o [4]
  .text                  ro code   0x802'8c74    0x524  tgui_movezscreenfuncs.o [1]
  .text                  ro code   0x802'9198    0x6dc  printing.o [1]
  .text                  ro code   0x802'9874    0x4ac  prtfiles.o [1]
  .text                  ro code   0x802'9d20    0x3b4  stm32f4xx_hal_rcc.o [1]
  .text                  ro code   0x802'a0d4    0x1f4  stm32f4xx_hal_rcc.o [1]
  .text                  ro code   0x802'a2c8    0x150  stm32f4xx_hal_rcc_ex.o [1]
  .text                  ro code   0x802'a418     0x14  exit.o [6]
  .text                  ro code   0x802'a42c     0x4c  stm32f4xx_hal.o [1]
  .text                  ro code   0x802'a478     0x40  stm32f4xx_hal_msp.o [1]
  .text                  ro code   0x802'a4b8    0x1ea  stm32f4xx_hal_i2c.o [1]
  .text                  ro code   0x802'a6a4      0xe  math_wrappers64.o [4]
  .text                  ro code   0x802'a6b4    0x152  iar_Stoulx.o [2]
  .text                  ro code   0x802'a806     0x20  spi_flash.o [1]
  .text                  ro code   0x802'a828     0xe4  z_endstops.o [1]
  .text                  ro code   0x802'a90c    0xe30  z_planner.o [1]
  .text                  ro code   0x802'b73c    0x590  z_stepper.o [1]
  .text                  ro code   0x802'bccc    0x1cc  tim.o [1]
  .text                  ro code   0x802'be98    0x78a  stm32f4xx_hal_tim.o [1]
  .text                  ro code   0x802'c624     0x14  motor.o [1]
  .text                  ro code   0x802'c638      0xc  z_endstops.o [1]
  .text                  ro code   0x802'c644     0x18  z_endstops.o [1]
  .text                  ro code   0x802'c65c     0x20  z_stepper.o [1]
  .text                  ro code   0x802'c67c     0x20  motor.o [1]
  .text                  ro code   0x802'c69c     0x42  cpld_utils.o [1]
  .text                  ro code   0x802'c6e0    0x5c8  ssd_utils.o [1]
  .text                  ro code   0x802'cca8     0x18  strcpy.o [5]
  .text                  ro code   0x802'ccc0     0x1e  strcat.o [2]
  .text                  ro code   0x802'ccde    0x7de  usbh_core.o [1]
  .text                  ro code   0x802'd4bc    0x538  files_pws.o [1]
  .text                  ro code   0x802'd9f4    0x6a0  files_photon.o [1]
  .text                  ro code   0x802'e094     0x1e  sqrtf.o [4]
  .text                  ro code   0x802'e0b4    0x51c  strto64.o [4]
  .text                  ro code   0x802'e5d0     0x14  isspace.o [2]
  .text                  ro code   0x802'e5e4     0x14  tolower.o [2]
  .text                  ro code   0x802'e5f8     0x18  z_stepper.o [1]
  .text                  ro code   0x802'e610     0x24  z_planner.o [1]
  .text                  ro code   0x802'e634     0x18  z_planner.o [1]
  .text                  ro code   0x802'e64c      0x8  z_stepper.o [1]
  .text                  ro code   0x802'e654     0x3c  ceilf.o [4]
  .text                  ro code   0x802'e690     0xac  z_planner.o [1]
  .text                  ro code   0x802'e73c     0x3c  floorf.o [4]
  .text                  ro code   0x802'e778     0xbc  z_planner.o [1]
  .text                  ro code   0x802'e834     0x12  z_planner.o [1]
  .text                  ro code   0x802'e846      0x8  z_planner.o [1]
  .text                  ro code   0x802'e850     0x20  z_stepper.o [1]
  .text                  ro code   0x802'e870     0x10  z_stepper.o [1]
  .text                  ro code   0x802'e880      0xc  z_stepper.o [1]
  .text                  ro code   0x802'e88c     0x38  z_planner.o [1]
  .text                  ro code   0x802'e8c4     0x18  z_planner.o [1]
  .text                  ro code   0x802'e8dc     0x2e  lroundf.o [4]
  .text                  ro code   0x802'e90c     0x1c  z_stepper.o [1]
  .text                  ro code   0x802'e928     0x2c  z_stepper.o [1]
  .text                  ro code   0x802'e954     0xac  stm32f4xx_hal_tim_ex.o [1]
  .text                  ro code   0x802'ea00    0x2f8  usbh_conf.o [1]
  .text                  ro code   0x802'ecf8     0xb6  usbh_pipes.o [1]
  .text                  ro code   0x802'edae    0x5bc  usbh_ctlreq.o [1]
  .text                  ro code   0x802'f36a    0x122  iar_Stopfx.o [2]
  .text                  ro code   0x802'f48c    0x1c4  iar_Stoflt.o [2]
  .text                  ro code   0x802'f650    0x21c  iar_Stoxflt.o [2]
  .text                  ro code   0x802'f86c     0x10  z_stepper.o [1]
  .text                  ro code   0x802'f87c      0xe  z_planner.o [1]
  .text                  ro code   0x802'f88c     0x1c  z_stepper.o [1]
  .text                  ro code   0x802'f8a8   0x1060  stm32f4xx_hal_hcd.o [1]
  .text                  ro code   0x803'0908     0xd0  usbh_ioreq.o [1]
  .text                  ro code   0x803'09d8     0x14  isalpha.o [2]
  .text                  ro code   0x803'09ec    0x9c4  stm32f4xx_ll_usb.o [1]
  .rodata                const     0x803'13b0   0x3b94  fnt36.o [1]
  .rodata                const     0x803'4f44   0x2094  fnt24bold.o [1]
  .rodata                const     0x803'6fd8   0x1a1c  fnt24.o [1]
  .text                  ro code   0x803'89f4   0x14e0  dlmalloc.o [2]
  .text                  ro code   0x803'9ed4     0x2c  xgetmemchunk.o [2]
  .rodata                const     0x803'9f00   0x10c8  fnt18bold.o [1]
  .text                  ro code   0x803'afc8    0xf28  tgui_filesscreenfuncs.o [1]
  .text                  ro code   0x803'bef0    0xbf8  tgui_fileviewscreenfuncs.o [1]
  .rodata                const     0x803'cae8    0xea4  fnt18.o [1]
  .text                  ro code   0x803'd98c    0xe58  xscanffull.o [2]
  .text                  ro code   0x803'e7e4     0x3c  wctob.o [2]
  .text                  ro code   0x803'e820     0x9e  iar_Stollx.o [2]
  .text                  ro code   0x803'e8c0    0x1b2  iar_Stoullx.o [2]
  .text                  ro code   0x803'ea74    0x97c  tgui_printscreenfuncs.o [1]
  .text                  ro code   0x803'f3f0    0x8b4  usbh_msc.o [1]
  .text                  ro code   0x803'fca4    0x394  usbh_msc_bot.o [1]
  .text                  ro code   0x804'0038      0x4  heaptramp0.o [2]
  .text                  ro code   0x804'003c    0x3ea  usbh_msc_scsi.o [1]
  .rodata                const     0x804'0428    0x788  fnt12bold.o [1]
  .rodata                const     0x804'0bb0    0x6b4  fnt12.o [1]
  .rodata                const     0x804'1264    0x684  fnt36num.o [1]
  .text                  ro code   0x804'18e8    0x680  tgui_clocksetscreenfuncs.o [1]
  .text                  ro code   0x804'1f68    0x620  tgui_numenterscreenfuncs.o [1]
  .text                  ro code   0x804'2588     0x28  sscanf.o [2]
  .text                  ro code   0x804'25b0    0x474  tgui_infoscreenfuncs.o [1]
  .text                  ro code   0x804'2a24    0x450  tgui_settingsscreenfuncs.o [1]
  .rodata                const     0x804'2e74    0x1f4  ffunicode.o [1]
  .rodata                const     0x804'3068    0x1f4  languages.o [1]
  .rodata                const     0x804'325c    0x1f4  languages.o [1]
  .text                  ro code   0x804'3450    0x144  usbh_diskio.o [1]
  .rodata                const     0x804'3594    0x140  fnt12.o [1]
  .rodata                const     0x804'36d4    0x140  fnt12bold.o [1]
  .rodata                const     0x804'3814    0x140  fnt18.o [1]
  .rodata                const     0x804'3954    0x140  fnt18bold.o [1]
  .rodata                const     0x804'3a94    0x140  fnt24.o [1]
  .rodata                const     0x804'3bd4    0x140  fnt24bold.o [1]
  .rodata                const     0x804'3d14    0x140  fnt36.o [1]
  .text                  ro code   0x804'3e54    0x12c  spifl_diskio.o [1]
  .rodata                const     0x804'3f80    0x100  ffunicode.o [1]
  .rodata                const     0x804'4080     0xc8  languages.o [1]
  .rodata                const     0x804'4148     0xbc  ffunicode.o [1]
  .rodata                const     0x804'4204     0x9c  languages.o [1]
  .text                  ro code   0x804'42a0     0x9c  stm32f4xx_it.o [1]
  .rodata                const     0x804'433c     0x80  ff.o [1]
  .rodata                const     0x804'43bc     0x78  languages.o [1]
  .rodata                const     0x804'4434     0x74  languages.o [1]
  .rodata                const     0x804'44a8     0x74  languages.o [1]
  .rodata                const     0x804'451c     0x70  languages.o [1]
  .rodata                const     0x804'458c     0x70  languages.o [1]
  .rodata                const     0x804'45fc     0x68  languages.o [1]
  .rodata                const     0x804'4664     0x68  languages.o [1]
  .rodata                const     0x804'46cc     0x68  languages.o [1]
  .rodata                const     0x804'4734     0x64  languages.o [1]
  .rodata                const     0x804'4798     0x54  languages.o [1]
  .rodata                const     0x804'47ec     0x54  languages.o [1]
  .rodata                const     0x804'4840     0x50  iar_Stoulx.o [2]
  .rodata                const     0x804'4890     0x50  iar_Stoullx.o [2]
  .rodata                const     0x804'48e0     0x4c  languages.o [1]
  .rodata                const     0x804'492c     0x4c  xscanffull.o [2]
  .rodata                const     0x804'4978     0x48  languages.o [1]
  .rodata                const     0x804'49c0     0x48  strto64.o [4]
  .rodata                const     0x804'4a08     0x44  languages.o [1]
  .rodata                const     0x804'4a4c     0x40  languages.o [1]
  .rodata                const     0x804'4a8c     0x3c  languages.o [1]
  .rodata                const     0x804'4ac8     0x3c  languages.o [1]
  .rodata                const     0x804'4b04     0x3c  languages.o [1]
  .rodata                const     0x804'4b40     0x3c  languages.o [1]
  .rodata                const     0x804'4b7c     0x3c  languages.o [1]
  .rodata                const     0x804'4bb8     0x38  fnt170num_lcd.o [1]
  .rodata                const     0x804'4bf0     0x38  fnt36num.o [1]
  .rodata                const     0x804'4c28     0x38  languages.o [1]
  .rodata                const     0x804'4c60     0x38  languages.o [1]
  .rodata                const     0x804'4c98     0x38  languages.o [1]
  .rodata                const     0x804'4cd0     0x38  main.o [1]
  .rodata                const     0x804'4d08     0x34  languages.o [1]
  .rodata                const     0x804'4d3c     0x34  languages.o [1]
  .rodata                const     0x804'4d70     0x34  languages.o [1]
  .rodata                const     0x804'4da4     0x34  main.o [1]
  .rodata                const     0x804'4dd8     0x34  main.o [1]
  .rodata                const     0x804'4e0c     0x30  languages.o [1]
  .rodata                const     0x804'4e3c     0x30  languages.o [1]
  .rodata                const     0x804'4e6c     0x30  languages.o [1]
  .rodata                const     0x804'4e9c     0x30  languages.o [1]
  .rodata                const     0x804'4ecc     0x30  main.o [1]
  .rodata                const     0x804'4efc     0x30  main.o [1]
  .rodata                const     0x804'4f2c     0x30  main.o [1]
  .rodata                const     0x804'4f5c     0x2c  languages.o [1]
  .rodata                const     0x804'4f88     0x2c  languages.o [1]
  .rodata                const     0x804'4fb4     0x2c  languages.o [1]
  .rodata                const     0x804'4fe0     0x2c  languages.o [1]
  .rodata                const     0x804'500c     0x2c  main.o [1]
  .rodata                const     0x804'5038     0x2c  main.o [1]
  .rodata                const     0x804'5064     0x28  languages.o [1]
  .rodata                const     0x804'508c     0x28  languages.o [1]
  .rodata                const     0x804'50b4     0x28  languages.o [1]
  .rodata                const     0x804'50dc     0x28  main.o [1]
  .rodata                const     0x804'5104     0x28  xscanffull.o [2]
  .text                  ro code   0x804'512c     0x28  data_init.o [5]
  .rodata                const     0x804'5154     0x24  languages.o [1]
  .rodata                const     0x804'5178     0x24  languages.o [1]
  .rodata                const     0x804'519c     0x24  languages.o [1]
  .rodata                const     0x804'51c0     0x24  main.o [1]
  .rodata                const     0x804'51e4     0x24  tgui_infoscreenfuncs.o [1]
  .text                  ro code   0x804'5208     0x22  fpinit_M.o [4]
  .iar.init_table        const     0x804'522c     0x2c  - Linker created -
  .rodata                const     0x804'5258     0x20  languages.o [1]
  .rodata                const     0x804'5278     0x20  languages.o [1]
  .rodata                const     0x804'5298     0x20  languages.o [1]
  .rodata                const     0x804'52b8     0x20  languages.o [1]
  .rodata                const     0x804'52d8     0x20  languages.o [1]
  .rodata                const     0x804'52f8     0x20  languages.o [1]
  .rodata                const     0x804'5318     0x20  languages.o [1]
  .rodata                const     0x804'5338     0x20  main.o [1]
  .rodata                const     0x804'5358     0x20  tgui.o [1]
  .rodata                const     0x804'5378     0x20  tgui.o [1]
  .rodata                const     0x804'5398     0x20  tgui.o [1]
  .rodata                const     0x804'53b8     0x20  tgui.o [1]
  .rodata                const     0x804'53d8     0x20  tgui.o [1]
  .rodata                const     0x804'53f8     0x20  tgui.o [1]
  .rodata                const     0x804'5418     0x20  tgui.o [1]
  .rodata                const     0x804'5438     0x20  tgui_printscreenfuncs.o [1]
  .text                  ro code   0x804'5458     0x20  system_stm32f4xx.o [1]
  .text                  ro code   0x804'5478     0x20  cmain_call_ctors.o [5]
  .text                  ro code   0x804'5498     0x18  cppinit.o [2]
  .text                  ro code   0x804'54b0     0x1e  cmain.o [5]
  .text                  ro code   0x804'54ce      0x4  low_level_init.o [2]
  .text                  ro code   0x804'54d2      0x4  exit.o [2]
  .text                  ro code   0x804'54d8      0xa  cexit.o [5]
  .rodata                const     0x804'54e4     0x1c  languages.o [1]
  .rodata                const     0x804'5500     0x1c  languages.o [1]
  .rodata                const     0x804'551c     0x1c  languages.o [1]
  .rodata                const     0x804'5538     0x1c  languages.o [1]
  .rodata                const     0x804'5554     0x1c  languages.o [1]
  .rodata                const     0x804'5570     0x1c  languages.o [1]
  .rodata                const     0x804'558c     0x1c  languages.o [1]
  .rodata                const     0x804'55a8     0x1c  languages.o [1]
  .rodata                const     0x804'55c4     0x1c  languages.o [1]
  .rodata                const     0x804'55e0     0x1c  languages.o [1]
  .rodata                const     0x804'55fc     0x1c  languages.o [1]
  .rodata                const     0x804'5618     0x1c  languages.o [1]
  .rodata                const     0x804'5634     0x1c  languages.o [1]
  .rodata                const     0x804'5650     0x1c  tgui.o [1]
  .rodata                const     0x804'566c     0x1c  tgui.o [1]
  .rodata                const     0x804'5688     0x1c  tgui.o [1]
  .rodata                const     0x804'56a4     0x1c  tgui.o [1]
  .rodata                const     0x804'56c0     0x1c  tgui.o [1]
  .rodata                const     0x804'56dc     0x1c  tgui.o [1]
  .rodata                const     0x804'56f8     0x1c  tgui.o [1]
  .rodata                const     0x804'5714     0x1c  tgui.o [1]
  .rodata                const     0x804'5730     0x1c  tgui.o [1]
  .rodata                const     0x804'574c     0x1c  tgui.o [1]
  .rodata                const     0x804'5768     0x1c  tgui.o [1]
  .rodata                const     0x804'5784     0x1c  tgui.o [1]
  .rodata                const     0x804'57a0     0x1c  tgui.o [1]
  .rodata                const     0x804'57bc     0x1c  tgui.o [1]
  .rodata                const     0x804'57d8     0x1c  tgui.o [1]
  .rodata                const     0x804'57f4     0x1c  tgui.o [1]
  .rodata                const     0x804'5810     0x1c  tgui.o [1]
  .rodata                const     0x804'582c     0x1c  tgui.o [1]
  .rodata                const     0x804'5848     0x1c  tgui.o [1]
  .rodata                const     0x804'5864     0x1c  tgui.o [1]
  .rodata                const     0x804'5880     0x1c  tgui.o [1]
  .rodata                const     0x804'589c     0x1c  tgui.o [1]
  .rodata                const     0x804'58b8     0x1c  tgui.o [1]
  .rodata                const     0x804'58d4     0x1c  tgui.o [1]
  .rodata                const     0x804'58f0     0x1c  tgui.o [1]
  .rodata                const     0x804'590c     0x1c  tgui.o [1]
  .rodata                const     0x804'5928     0x1c  tgui.o [1]
  .rodata                const     0x804'5944     0x1c  tgui.o [1]
  .rodata                const     0x804'5960     0x1c  tgui.o [1]
  .rodata                const     0x804'597c     0x1c  tgui.o [1]
  .rodata                const     0x804'5998     0x1c  tgui.o [1]
  .rodata                const     0x804'59b4     0x1c  tgui.o [1]
  .rodata                const     0x804'59d0     0x1c  tgui.o [1]
  .rodata                const     0x804'59ec     0x1c  tgui.o [1]
  .rodata                const     0x804'5a08     0x1c  tgui.o [1]
  .rodata                const     0x804'5a24     0x1c  tgui_fileviewscreenfuncs.o [1]
  .rodata                const     0x804'5a40     0x1c  tgui_infoscreenfuncs.o [1]
  .text                  ro code   0x804'5a5c     0x1c  tgui_langscreenfuncs.o [1]
  .rodata                const     0x804'5a78     0x18  config.o [1]
  .rodata                const     0x804'5a90     0x18  config.o [1]
  .rodata                const     0x804'5aa8     0x18  config.o [1]
  .rodata                const     0x804'5ac0     0x18  config.o [1]
  .rodata                const     0x804'5ad8     0x18  config.o [1]
  .rodata                const     0x804'5af0     0x18  datetime.o [1]
  .rodata                const     0x804'5b08     0x18  datetime.o [1]
  .rodata                const     0x804'5b20     0x18  languages.o [1]
  .rodata                const     0x804'5b38     0x18  languages.o [1]
  .rodata                const     0x804'5b50     0x18  languages.o [1]
  .rodata                const     0x804'5b68     0x18  languages.o [1]
  .rodata                const     0x804'5b80     0x18  languages.o [1]
  .rodata                const     0x804'5b98     0x18  languages.o [1]
  .rodata                const     0x804'5bb0     0x18  languages.o [1]
  .rodata                const     0x804'5bc8     0x18  main.o [1]
  .rodata                const     0x804'5be0     0x18  main.o [1]
  .rodata                const     0x804'5bf8     0x18  main.o [1]
  .rodata                const     0x804'5c10     0x18  tgui.o [1]
  .rodata                const     0x804'5c28     0x18  tgui.o [1]
  .rodata                const     0x804'5c40     0x18  tgui.o [1]
  .rodata                const     0x804'5c58     0x18  tgui.o [1]
  .rodata                const     0x804'5c70     0x18  tgui.o [1]
  .rodata                const     0x804'5c88     0x18  tgui.o [1]
  .rodata                const     0x804'5ca0     0x18  tgui.o [1]
  .rodata                const     0x804'5cb8     0x18  tgui.o [1]
  .rodata                const     0x804'5cd0     0x18  tgui.o [1]
  .rodata                const     0x804'5ce8     0x18  tgui.o [1]
  .rodata                const     0x804'5d00     0x18  tgui.o [1]
  .rodata                const     0x804'5d18     0x18  tgui.o [1]
  .rodata                const     0x804'5d30     0x18  tgui.o [1]
  .rodata                const     0x804'5d48     0x18  tgui.o [1]
  .rodata                const     0x804'5d60     0x18  tgui.o [1]
  .rodata                const     0x804'5d78     0x18  tgui.o [1]
  .rodata                const     0x804'5d90     0x18  tgui.o [1]
  .rodata                const     0x804'5da8     0x18  tgui.o [1]
  .rodata                const     0x804'5dc0     0x18  tgui.o [1]
  .rodata                const     0x804'5dd8     0x18  tgui.o [1]
  .rodata                const     0x804'5df0     0x18  tgui.o [1]
  .rodata                const     0x804'5e08     0x18  tgui.o [1]
  .rodata                const     0x804'5e20     0x18  tgui.o [1]
  .rodata                const     0x804'5e38     0x18  tgui.o [1]
  .rodata                const     0x804'5e50     0x18  tgui.o [1]
  .rodata                const     0x804'5e68     0x18  tgui.o [1]
  .rodata                const     0x804'5e80     0x18  tgui.o [1]
  .rodata                const     0x804'5e98     0x18  tgui_filesscreenfuncs.o [1]
  .rodata                const     0x804'5eb0     0x18  tgui_filesscreenfuncs.o [1]
  .rodata                const     0x804'5ec8     0x14  config.o [1]
  .rodata                const     0x804'5edc     0x14  config.o [1]
  .rodata                const     0x804'5ef0     0x14  config.o [1]
  .rodata                const     0x804'5f04     0x14  config.o [1]
  .rodata                const     0x804'5f18     0x14  config.o [1]
  .rodata                const     0x804'5f2c     0x14  ff.o [1]
  .rodata                const     0x804'5f40     0x14  ff.o [1]
  .rodata                const     0x804'5f54     0x14  languages.o [1]
  .rodata                const     0x804'5f68     0x14  languages.o [1]
  .rodata                const     0x804'5f7c     0x14  languages.o [1]
  .rodata                const     0x804'5f90     0x14  languages.o [1]
  .rodata                const     0x804'5fa4     0x14  languages.o [1]
  .rodata                const     0x804'5fb8     0x14  languages.o [1]
  .rodata                const     0x804'5fcc     0x14  languages.o [1]
  .rodata                const     0x804'5fe0     0x14  languages.o [1]
  .rodata                const     0x804'5ff4     0x14  languages.o [1]
  .rodata                const     0x804'6008     0x14  languages.o [1]
  .rodata                const     0x804'601c     0x14  languages.o [1]
  .rodata                const     0x804'6030     0x14  languages.o [1]
  .rodata                const     0x804'6044     0x14  languages.o [1]
  .rodata                const     0x804'6058     0x14  spifl_diskio.o [1]
  .rodata                const     0x804'606c     0x14  tgui.o [1]
  .rodata                const     0x804'6080     0x14  tgui.o [1]
  .rodata                const     0x804'6094     0x14  tgui.o [1]
  .rodata                const     0x804'60a8     0x14  tgui.o [1]
  .rodata                const     0x804'60bc     0x14  tgui.o [1]
  .rodata                const     0x804'60d0     0x14  tgui.o [1]
  .rodata                const     0x804'60e4     0x14  tgui.o [1]
  .rodata                const     0x804'60f8     0x14  tgui_filesscreenfuncs.o [1]
  .rodata                const     0x804'610c     0x14  tgui_filesscreenfuncs.o [1]
  .rodata                const     0x804'6120     0x14  tgui_infoscreenfuncs.o [1]
  .rodata                const     0x804'6134     0x14  tgui_printscreenfuncs.o [1]
  .rodata                const     0x804'6148     0x14  tgui_uvtestscreenfuncs.o [1]
  .rodata                const     0x804'615c     0x14  tgui_uvtestscreenfuncs.o [1]
  .rodata                const     0x804'6170     0x14  tgui_uvtestscreenfuncs.o [1]
  .rodata                const     0x804'6184     0x14  usbh_diskio.o [1]
  .rodata                const     0x804'6198     0x10  config.o [1]
  .rodata                const     0x804'61a8     0x10  config.o [1]
  .rodata                const     0x804'61b8     0x10  config.o [1]
  .rodata                const     0x804'61c8     0x10  config.o [1]
  .rodata                const     0x804'61d8     0x10  config.o [1]
  .rodata                const     0x804'61e8     0x10  config.o [1]
  .rodata                const     0x804'61f8     0x10  config.o [1]
  .rodata                const     0x804'6208     0x10  ff.o [1]
  .rodata                const     0x804'6218     0x10  ff.o [1]
  .rodata                const     0x804'6228     0x10  ff.o [1]
  .rodata                const     0x804'6238     0x10  ff.o [1]
  .rodata                const     0x804'6248     0x10  languages.o [1]
  .rodata                const     0x804'6258     0x10  languages.o [1]
  .rodata                const     0x804'6268     0x10  languages.o [1]
  .rodata                const     0x804'6278     0x10  languages.o [1]
  .rodata                const     0x804'6288     0x10  languages.o [1]
  .rodata                const     0x804'6298     0x10  languages.o [1]
  .rodata                const     0x804'62a8     0x10  languages.o [1]
  .rodata                const     0x804'62b8     0x10  languages.o [1]
  .rodata                const     0x804'62c8     0x10  languages.o [1]
  .rodata                const     0x804'62d8     0x10  languages.o [1]
  .rodata                const     0x804'62e8     0x10  languages.o [1]
  .rodata                const     0x804'62f8     0x10  languages.o [1]
  .rodata                const     0x804'6308     0x10  languages.o [1]
  .rodata                const     0x804'6318     0x10  languages.o [1]
  .rodata                const     0x804'6328     0x10  languages.o [1]
  .rodata                const     0x804'6338     0x10  languages.o [1]
  .rodata                const     0x804'6348     0x10  languages.o [1]
  .rodata                const     0x804'6358     0x10  languages.o [1]
  .rodata                const     0x804'6368     0x10  languages.o [1]
  .rodata                const     0x804'6378     0x10  languages.o [1]
  .rodata                const     0x804'6388     0x10  languages.o [1]
  .rodata                const     0x804'6398     0x10  main.o [1]
  .rodata                const     0x804'63a8     0x10  main.o [1]
  .rodata                const     0x804'63b8     0x10  system_stm32f4xx.o [1]
  .rodata                const     0x804'63c8     0x10  tgui.o [1]
  .rodata                const     0x804'63d8     0x10  tgui.o [1]
  .rodata                const     0x804'63e8     0x10  tgui.o [1]
  .rodata                const     0x804'63f8     0x10  tgui.o [1]
  .rodata                const     0x804'6408     0x10  tgui.o [1]
  .rodata                const     0x804'6418     0x10  tgui.o [1]
  .rodata                const     0x804'6428     0x10  tgui.o [1]
  .rodata                const     0x804'6438     0x10  tgui_defaultfuncs.o [1]
  .text                  ro code   0x804'6448     0x10  startup_stm32f407xx.o [1]
  .rodata                const     0x804'6458      0xc  config.o [1]
  .rodata                const     0x804'6464      0xc  config.o [1]
  .rodata                const     0x804'6470      0xc  config.o [1]
  .rodata                const     0x804'647c      0xc  config.o [1]
  .rodata                const     0x804'6488      0xc  config.o [1]
  .rodata                const     0x804'6494      0xc  config.o [1]
  .rodata                const     0x804'64a0      0xc  config.o [1]
  .rodata                const     0x804'64ac      0xc  ff.o [1]
  .rodata                const     0x804'64b8      0xc  ff.o [1]
  .rodata                const     0x804'64c4      0xc  files_pws.o [1]
  .rodata                const     0x804'64d0      0xc  files_pws.o [1]
  .rodata                const     0x804'64dc      0xc  languages.o [1]
  .rodata                const     0x804'64e8      0xc  languages.o [1]
  .rodata                const     0x804'64f4      0xc  languages.o [1]
  .rodata                const     0x804'6500      0xc  languages.o [1]
  .rodata                const     0x804'650c      0xc  languages.o [1]
  .rodata                const     0x804'6518      0xc  languages.o [1]
  .rodata                const     0x804'6524      0xc  languages.o [1]
  .rodata                const     0x804'6530      0xc  languages.o [1]
  .rodata                const     0x804'653c      0xc  languages.o [1]
  .rodata                const     0x804'6548      0xc  languages.o [1]
  .rodata                const     0x804'6554      0xc  languages.o [1]
  .rodata                const     0x804'6560      0xc  languages.o [1]
  .rodata                const     0x804'656c      0xc  languages.o [1]
  .rodata                const     0x804'6578      0xc  languages.o [1]
  .rodata                const     0x804'6584      0xc  languages.o [1]
  .rodata                const     0x804'6590      0xc  languages.o [1]
  .rodata                const     0x804'659c      0xc  languages.o [1]
  .rodata                const     0x804'65a8      0xc  languages.o [1]
  .rodata                const     0x804'65b4      0xc  languages.o [1]
  .rodata                const     0x804'65c0      0xc  languages.o [1]
  .rodata                const     0x804'65cc      0xc  languages.o [1]
  .rodata                const     0x804'65d8      0xc  languages.o [1]
  .rodata                const     0x804'65e4      0xc  languages.o [1]
  .rodata                const     0x804'65f0      0xc  languages.o [1]
  .rodata                const     0x804'65fc      0xc  languages.o [1]
  .rodata                const     0x804'6608      0xc  languages.o [1]
  .rodata                const     0x804'6614      0xc  languages.o [1]
  .rodata                const     0x804'6620      0xc  languages.o [1]
  .rodata                const     0x804'662c      0xc  languages.o [1]
  .rodata                const     0x804'6638      0xc  languages.o [1]
  .rodata                const     0x804'6644      0xc  languages.o [1]
  .rodata                const     0x804'6650      0xc  languages.o [1]
  .rodata                const     0x804'665c      0xc  languages.o [1]
  .rodata                const     0x804'6668      0xc  languages.o [1]
  .rodata                const     0x804'6674      0xc  languages.o [1]
  .rodata                const     0x804'6680      0xc  main.o [1]
  .rodata                const     0x804'668c      0xc  main.o [1]
  .rodata                const     0x804'6698      0xc  tgui.o [1]
  .rodata                const     0x804'66a4      0xc  tgui_clocksetscreenfuncs.o [1]
  .rodata                const     0x804'66b0      0xc  tgui_fileviewscreenfuncs.o [1]
  .rodata                const     0x804'66bc      0xc  tgui_fileviewscreenfuncs.o [1]
  .rodata                const     0x804'66c8      0xc  tgui_fileviewscreenfuncs.o [1]
  .rodata                const     0x804'66d4      0xc  tgui_fileviewscreenfuncs.o [1]
  .rodata                const     0x804'66e0      0xc  tgui_screensaverfuncs.o [1]
  .rodata                const     0x804'66ec      0xc  tgui_screensaverfuncs.o [1]
  .text                  ro code   0x804'66f8      0xc  cstartup_M.o [5]
  .rodata                const     0x804'6704      0x8  config.o [1]
  .rodata                const     0x804'670c      0x8  config.o [1]
  .rodata                const     0x804'6714      0x8  ff.o [1]
  .rodata                const     0x804'671c      0x8  ff.o [1]
  .rodata                const     0x804'6724      0x8  files_pws.o [1]
  .rodata                const     0x804'672c      0x8  files_pws.o [1]
  .rodata                const     0x804'6734      0x8  languages.o [1]
  .rodata                const     0x804'673c      0x8  languages.o [1]
  .rodata                const     0x804'6744      0x8  languages.o [1]
  .rodata                const     0x804'674c      0x8  languages.o [1]
  .rodata                const     0x804'6754      0x8  languages.o [1]
  .rodata                const     0x804'675c      0x8  languages.o [1]
  .rodata                const     0x804'6764      0x8  languages.o [1]
  .rodata                const     0x804'676c      0x8  languages.o [1]
  .rodata                const     0x804'6774      0x8  languages.o [1]
  .rodata                const     0x804'677c      0x8  languages.o [1]
  .rodata                const     0x804'6784      0x8  languages.o [1]
  .rodata                const     0x804'678c      0x8  languages.o [1]
  .rodata                const     0x804'6794      0x8  languages.o [1]
  .rodata                const     0x804'679c      0x8  languages.o [1]
  .rodata                const     0x804'67a4      0x8  languages.o [1]
  .rodata                const     0x804'67ac      0x8  languages.o [1]
  .rodata                const     0x804'67b4      0x8  languages.o [1]
  .rodata                const     0x804'67bc      0x8  languages.o [1]
  .rodata                const     0x804'67c4      0x8  languages.o [1]
  .rodata                const     0x804'67cc      0x8  languages.o [1]
  .rodata                const     0x804'67d4      0x8  languages.o [1]
  .rodata                const     0x804'67dc      0x8  languages.o [1]
  .rodata                const     0x804'67e4      0x8  languages.o [1]
  .rodata                const     0x804'67ec      0x8  languages.o [1]
  .rodata                const     0x804'67f4      0x8  languages.o [1]
  .rodata                const     0x804'67fc      0x8  languages.o [1]
  .rodata                const     0x804'6804      0x8  languages.o [1]
  .rodata                const     0x804'680c      0x8  languages.o [1]
  .rodata                const     0x804'6814      0x8  languages.o [1]
  .rodata                const     0x804'681c      0x8  languages.o [1]
  .rodata                const     0x804'6824      0x8  languages.o [1]
  .rodata                const     0x804'682c      0x8  languages.o [1]
  .rodata                const     0x804'6834      0x8  languages.o [1]
  .rodata                const     0x804'683c      0x8  languages.o [1]
  .rodata                const     0x804'6844      0x8  languages.o [1]
  .rodata                const     0x804'684c      0x8  languages.o [1]
  .rodata                const     0x804'6854      0x8  languages.o [1]
  .rodata                const     0x804'685c      0x8  languages.o [1]
  .rodata                const     0x804'6864      0x8  languages.o [1]
  .rodata                const     0x804'686c      0x8  languages.o [1]
  .rodata                const     0x804'6874      0x8  languages.o [1]
  .rodata                const     0x804'687c      0x8  languages.o [1]
  .rodata                const     0x804'6884      0x8  languages.o [1]
  .rodata                const     0x804'688c      0x8  languages.o [1]
  .rodata                const     0x804'6894      0x8  languages.o [1]
  .rodata                const     0x804'689c      0x8  languages.o [1]
  .rodata                const     0x804'68a4      0x8  languages.o [1]
  .rodata                const     0x804'68ac      0x8  languages.o [1]
  .rodata                const     0x804'68b4      0x8  languages.o [1]
  .rodata                const     0x804'68bc      0x8  languages.o [1]
  .rodata                const     0x804'68c4      0x8  languages.o [1]
  .rodata                const     0x804'68cc      0x8  languages.o [1]
  .rodata                const     0x804'68d4      0x8  languages.o [1]
  .rodata                const     0x804'68dc      0x8  languages.o [1]
  .rodata                const     0x804'68e4      0x8  languages.o [1]
  .rodata                const     0x804'68ec      0x8  languages.o [1]
  .rodata                const     0x804'68f4      0x8  languages.o [1]
  .rodata                const     0x804'68fc      0x8  languages.o [1]
  .rodata                const     0x804'6904      0x8  languages.o [1]
  .rodata                const     0x804'690c      0x8  main.o [1]
  .rodata                const     0x804'6914      0x8  stm32f4xx_hal_dma.o [1]
  .rodata                const     0x804'691c      0x8  system_stm32f4xx.o [1]
  .rodata                const     0x804'6924      0x8  tgui.o [1]
  .rodata                const     0x804'692c      0x8  tgui.o [1]
  .rodata                const     0x804'6934      0x8  tgui.o [1]
  .rodata                const     0x804'693c      0x8  tgui.o [1]
  .rodata                const     0x804'6944      0x8  tgui.o [1]
  .rodata                const     0x804'694c      0x8  tgui.o [1]
  .rodata                const     0x804'6954      0x8  tgui.o [1]
  .rodata                const     0x804'695c      0x8  tgui.o [1]
  .rodata                const     0x804'6964      0x8  tgui.o [1]
  .rodata                const     0x804'696c      0x8  tgui.o [1]
  .rodata                const     0x804'6974      0x8  tgui.o [1]
  .rodata                const     0x804'697c      0x8  tgui.o [1]
  .rodata                const     0x804'6984      0x8  tgui.o [1]
  .rodata                const     0x804'698c      0x8  tgui.o [1]
  .rodata                const     0x804'6994      0x8  tgui.o [1]
  .rodata                const     0x804'699c      0x8  tgui.o [1]
  .rodata                const     0x804'69a4      0x8  tgui.o [1]
  .rodata                const     0x804'69ac      0x8  tgui.o [1]
  .rodata                const     0x804'69b4      0x8  tgui.o [1]
  .rodata                const     0x804'69bc      0x8  tgui.o [1]
  .rodata                const     0x804'69c4      0x8  tgui.o [1]
  .rodata                const     0x804'69cc      0x8  tgui.o [1]
  .rodata                const     0x804'69d4      0x8  tgui.o [1]
  .rodata                const     0x804'69dc      0x8  tgui.o [1]
  .rodata                const     0x804'69e4      0x8  tgui.o [1]
  .rodata                const     0x804'69ec      0x8  tgui.o [1]
  .rodata                const     0x804'69f4      0x8  tgui.o [1]
  .rodata                const     0x804'69fc      0x8  tgui.o [1]
  .rodata                const     0x804'6a04      0x8  tgui.o [1]
  .rodata                const     0x804'6a0c      0x8  tgui.o [1]
  .rodata                const     0x804'6a14      0x8  tgui.o [1]
  .rodata                const     0x804'6a1c      0x8  tgui.o [1]
  .rodata                const     0x804'6a24      0x8  tgui.o [1]
  .rodata                const     0x804'6a2c      0x8  tgui.o [1]
  .rodata                const     0x804'6a34      0x8  tgui.o [1]
  .rodata                const     0x804'6a3c      0x8  tgui.o [1]
  .rodata                const     0x804'6a44      0x8  tgui.o [1]
  .rodata                const     0x804'6a4c      0x8  tgui.o [1]
  .rodata                const     0x804'6a54      0x8  tgui.o [1]
  .rodata                const     0x804'6a5c      0x8  tgui.o [1]
  .rodata                const     0x804'6a64      0x8  tgui.o [1]
  .rodata                const     0x804'6a6c      0x8  tgui.o [1]
  .rodata                const     0x804'6a74      0x8  tgui.o [1]
  .rodata                const     0x804'6a7c      0x8  tgui.o [1]
  .rodata                const     0x804'6a84      0x8  tgui.o [1]
  .rodata                const     0x804'6a8c      0x8  tgui.o [1]
  .rodata                const     0x804'6a94      0x8  tgui.o [1]
  .rodata                const     0x804'6a9c      0x8  tgui.o [1]
  .rodata                const     0x804'6aa4      0x8  tgui.o [1]
  .rodata                const     0x804'6aac      0x8  tgui.o [1]
  .rodata                const     0x804'6ab4      0x8  tgui.o [1]
  .rodata                const     0x804'6abc      0x8  tgui.o [1]
  .rodata                const     0x804'6ac4      0x8  tgui.o [1]
  .rodata                const     0x804'6acc      0x8  tgui.o [1]
  .rodata                const     0x804'6ad4      0x8  tgui.o [1]
  .rodata                const     0x804'6adc      0x8  tgui.o [1]
  .rodata                const     0x804'6ae4      0x8  tgui.o [1]
  .rodata                const     0x804'6aec      0x8  tgui.o [1]
  .rodata                const     0x804'6af4      0x8  tgui.o [1]
  .rodata                const     0x804'6afc      0x8  tgui.o [1]
  .rodata                const     0x804'6b04      0x8  tgui.o [1]
  .rodata                const     0x804'6b0c      0x8  tgui.o [1]
  .rodata                const     0x804'6b14      0x8  tgui.o [1]
  .rodata                const     0x804'6b1c      0x8  tgui.o [1]
  .rodata                const     0x804'6b24      0x8  tgui.o [1]
  .rodata                const     0x804'6b2c      0x8  tgui.o [1]
  .rodata                const     0x804'6b34      0x8  tgui.o [1]
  .rodata                const     0x804'6b3c      0x8  tgui.o [1]
  .rodata                const     0x804'6b44      0x8  tgui.o [1]
  .rodata                const     0x804'6b4c      0x8  tgui.o [1]
  .rodata                const     0x804'6b54      0x8  tgui.o [1]
  .rodata                const     0x804'6b5c      0x8  tgui.o [1]
  .rodata                const     0x804'6b64      0x8  tgui.o [1]
  .rodata                const     0x804'6b6c      0x8  tgui.o [1]
  .rodata                const     0x804'6b74      0x8  tgui.o [1]
  .rodata                const     0x804'6b7c      0x8  tgui.o [1]
  .rodata                const     0x804'6b84      0x8  tgui.o [1]
  .rodata                const     0x804'6b8c      0x8  tgui.o [1]
  .rodata                const     0x804'6b94      0x8  tgui.o [1]
  .rodata                const     0x804'6b9c      0x8  tgui.o [1]
  .rodata                const     0x804'6ba4      0x8  tgui.o [1]
  .rodata                const     0x804'6bac      0x8  tgui.o [1]
  .rodata                const     0x804'6bb4      0x8  tgui.o [1]
  .rodata                const     0x804'6bbc      0x8  tgui.o [1]
  .rodata                const     0x804'6bc4      0x8  tgui.o [1]
  .rodata                const     0x804'6bcc      0x8  tgui.o [1]
  .rodata                const     0x804'6bd4      0x8  tgui.o [1]
  .rodata                const     0x804'6bdc      0x8  tgui.o [1]
  .rodata                const     0x804'6be4      0x8  tgui.o [1]
  .rodata                const     0x804'6bec      0x8  tgui.o [1]
  .rodata                const     0x804'6bf4      0x8  tgui.o [1]
  .rodata                const     0x804'6bfc      0x8  tgui.o [1]
  .rodata                const     0x804'6c04      0x8  tgui.o [1]
  .rodata                const     0x804'6c0c      0x8  tgui.o [1]
  .rodata                const     0x804'6c14      0x8  tgui.o [1]
  .rodata                const     0x804'6c1c      0x8  tgui.o [1]
  .rodata                const     0x804'6c24      0x8  tgui.o [1]
  .rodata                const     0x804'6c2c      0x8  tgui.o [1]
  .rodata                const     0x804'6c34      0x8  tgui.o [1]
  .rodata                const     0x804'6c3c      0x8  tgui.o [1]
  .rodata                const     0x804'6c44      0x8  tgui.o [1]
  .rodata                const     0x804'6c4c      0x8  tgui.o [1]
  .rodata                const     0x804'6c54      0x8  tgui.o [1]
  .rodata                const     0x804'6c5c      0x8  tgui.o [1]
  .rodata                const     0x804'6c64      0x8  tgui.o [1]
  .rodata                const     0x804'6c6c      0x8  tgui.o [1]
  .rodata                const     0x804'6c74      0x8  tgui.o [1]
  .rodata                const     0x804'6c7c      0x8  tgui.o [1]
  .rodata                const     0x804'6c84      0x8  tgui_clocksetscreenfuncs.o [1]
  .rodata                const     0x804'6c8c      0x8  tgui_filesscreenfuncs.o [1]
  .rodata                const     0x804'6c94      0x8  tgui_filesscreenfuncs.o [1]
  .rodata                const     0x804'6c9c      0x8  tgui_filesscreenfuncs.o [1]
  .rodata                const     0x804'6ca4      0x8  tgui_filesscreenfuncs.o [1]
  .rodata                const     0x804'6cac      0x8  tgui_infoscreenfuncs.o [1]
  .rodata                const     0x804'6cb4      0x8  tgui_numenterscreenfuncs.o [1]
  .rodata                const     0x804'6cbc      0x8  tgui_printscreenfuncs.o [1]
  .rodata                const     0x804'6cc4      0x8  tgui_settingsscreenfuncs.o [1]
  .rodata                const     0x804'6ccc      0x8  tim.o [1]
  .rodata                const     0x804'6cd4      0x6  xlocale_c.o [2]
  .rodata                const     0x804'6cdc      0x4  languages.o [1]
  .rodata                const     0x804'6ce0      0x4  languages.o [1]
  .rodata                const     0x804'6ce4      0x4  languages.o [1]
  .rodata                const     0x804'6ce8      0x4  languages.o [1]
  .rodata                const     0x804'6cec      0x4  languages.o [1]
  .rodata                const     0x804'6cf0      0x4  languages.o [1]
  .rodata                const     0x804'6cf4      0x4  languages.o [1]
  .rodata                const     0x804'6cf8      0x4  languages.o [1]
  .rodata                const     0x804'6cfc      0x4  languages.o [1]
  .rodata                const     0x804'6d00      0x4  languages.o [1]
  .rodata                const     0x804'6d04      0x4  languages.o [1]
  .rodata                const     0x804'6d08      0x4  languages.o [1]
  .rodata                const     0x804'6d0c      0x4  languages.o [1]
  .rodata                const     0x804'6d10      0x4  languages.o [1]
  .rodata                const     0x804'6d14      0x4  languages.o [1]
  .rodata                const     0x804'6d18      0x4  languages.o [1]
  .rodata                const     0x804'6d1c      0x4  languages.o [1]
  .rodata                const     0x804'6d20      0x4  languages.o [1]
  .rodata                const     0x804'6d24      0x4  languages.o [1]
  .rodata                const     0x804'6d28      0x4  languages.o [1]
  .rodata                const     0x804'6d2c      0x4  languages.o [1]
  .rodata                const     0x804'6d30      0x4  languages.o [1]
  .rodata                const     0x804'6d34      0x4  languages.o [1]
  .rodata                const     0x804'6d38      0x4  languages.o [1]
  .rodata                const     0x804'6d3c      0x4  languages.o [1]
  .rodata                const     0x804'6d40      0x4  languages.o [1]
  .rodata                const     0x804'6d44      0x4  languages.o [1]
  .rodata                const     0x804'6d48      0x4  languages.o [1]
  .rodata                const     0x804'6d4c      0x4  languages.o [1]
  .rodata                const     0x804'6d50      0x4  languages.o [1]
  .rodata                const     0x804'6d54      0x4  languages.o [1]
  .rodata                const     0x804'6d58      0x4  languages.o [1]
  .rodata                const     0x804'6d5c      0x4  languages.o [1]
  .rodata                const     0x804'6d60      0x4  languages.o [1]
  .rodata                const     0x804'6d64      0x4  languages.o [1]
  .rodata                const     0x804'6d68      0x4  languages.o [1]
  .rodata                const     0x804'6d6c      0x4  languages.o [1]
  .rodata                const     0x804'6d70      0x4  languages.o [1]
  .rodata                const     0x804'6d74      0x4  languages.o [1]
  .rodata                const     0x804'6d78      0x4  languages.o [1]
  .rodata                const     0x804'6d7c      0x4  languages.o [1]
  .rodata                const     0x804'6d80      0x4  printing.o [1]
  .rodata                const     0x804'6d84      0x4  rtc.o [1]
  .rodata                const     0x804'6d88      0x4  usbh_msc.o [1]
  .text                  ro code   0x804'6d8c      0x4  startup_stm32f407xx.o [1]
  SHT$$PREINIT_ARRAY               0x804'6d90      0x0  <Block>
  SHT$$INIT_ARRAY                  0x804'6d90      0x4  <Block>
    .init_array          const     0x804'6d90      0x4  z_planner.o [1]
  __iar_tls$$INIT_ARRAY            0x804'6d94      0x0  <Block>
  .rodata                const     0x804'6d94      0x0  zero_init3.o [5]
  .rodata                const     0x804'6d94      0x0  lz77_init_single.o [5]
  Initializer bytes      const     0x804'6d94     0xfc  <for P2-1>
                                 - 0x804'6e90  0x36d08

"P3", part 1 of 2:                              0x1cc0
  CCMRAM                 zero     0x1000'0000   0x1cc0  printing.o [1]
                                - 0x1000'1cc0   0x1cc0

"P3", part 2 of 2:                              0x5428
  CCMRAM                 uninit   0x1000'1cc0   0x4000  main.o [1]
  CCMRAM                 uninit   0x1000'5cc0   0x1028  main.o [1]
  CCMRAM                 uninit   0x1000'6ce8    0x400  tgui.o [1]
                                - 0x1000'70e8   0x5428

"P2", part 1 of 3:                               0x33f
  P2-1                            0x2000'0000    0x33f  <Init block>
    .data                inited   0x2000'0000      0xc  fnt12.o [1]
    .data                inited   0x2000'000c      0xc  fnt12bold.o [1]
    .data                inited   0x2000'0018      0xc  fnt170num_lcd.o [1]
    .data                inited   0x2000'0024      0xc  fnt18.o [1]
    .data                inited   0x2000'0030      0xc  fnt18bold.o [1]
    .data                inited   0x2000'003c      0xc  fnt24.o [1]
    .data                inited   0x2000'0048      0xc  fnt24bold.o [1]
    .data                inited   0x2000'0054      0xc  fnt36.o [1]
    .data                inited   0x2000'0060      0xc  fnt36num.o [1]
    .data                inited   0x2000'006c     0x10  languages.o [1]
    .data                inited   0x2000'007c      0x4  languages.o [1]
    .data                inited   0x2000'0080      0x4  lcd_ui.o [1]
    .data                inited   0x2000'0084      0x4  stm32f4xx_hal.o [1]
    .data                inited   0x2000'0088      0x4  system_stm32f4xx.o [1]
    .data                inited   0x2000'008c    0x200  tgui_filesscreenfuncs.o [1]
    .data                inited   0x2000'028c      0x4  tgui_movezscreenfuncs.o [1]
    .data                inited   0x2000'0290     0x20  usbh_msc.o [1]
    .data                inited   0x2000'02b0      0x4  z_stepper.o [1]
    .data                inited   0x2000'02b4     0x38  xlocale_c.o [2]
    .data                inited   0x2000'02ec     0x48  xlocale_c.o [2]
    .data                inited   0x2000'0334      0x2  lcd_ui.o [1]
    .data                inited   0x2000'0336      0x2  lcd_ui.o [1]
    .data                inited   0x2000'0338      0x2  lcd_ui.o [1]
    .data                inited   0x2000'033a      0x1  lcd_ui.o [1]
    .data                inited   0x2000'033b      0x1  stm32f4xx_hal.o [1]
    .data                inited   0x2000'033c      0x1  tgui_defaultfuncs.o [1]
    .data                inited   0x2000'033d      0x1  tgui_filesscreenfuncs.o [1]
    .data                inited   0x2000'033e      0x1  z_endstops.o [1]
                                - 0x2000'033f    0x33f

"P2", part 2 of 3:                              0x9520
  .bss                   zero     0x2000'0340   0x1038  fatfs.o [1]
  .bss                   zero     0x2000'1378   0x1038  fatfs.o [1]
  .bss                   zero     0x2000'23b0    0x830  tgui_filesscreenfuncs.o [1]
  .bss                   zero     0x2000'2be0    0x600  uvdisplay.o [1]
  .bss                   zero     0x2000'31e0    0x5d8  tgui.o [1]
  .bss                   zero     0x2000'37b8    0x5d8  tgui.o [1]
  .bss                   zero     0x2000'3d90    0x5d8  tgui.o [1]
  .bss                   zero     0x2000'4368    0x4d0  tgui.o [1]
  .bss                   zero     0x2000'4838    0x400  config.o [1]
  .bss                   zero     0x2000'4c38    0x400  main.o [1]
  .bss                   zero     0x2000'5038    0x400  main.o [1]
  .bss                   zero     0x2000'5438    0x400  main.o [1]
  .bss                   zero     0x2000'5838    0x400  tgui_fileviewscreenfuncs.o [1]
  .bss                   zero     0x2000'5c38    0x400  z_planner.o [1]
  .bss                   zero     0x2000'6038    0x3d8  usb_host.o [1]
  .bss                   zero     0x2000'6410    0x3c8  tgui.o [1]
  .bss                   zero     0x2000'67d8    0x370  tgui.o [1]
  .bss                   zero     0x2000'6b48    0x370  tgui.o [1]
  .bss                   zero     0x2000'6eb8    0x350  tgui.o [1]
  .bss                   zero     0x2000'7208    0x2c4  usbh_conf.o [1]
  .bss                   zero     0x2000'74cc    0x224  main.o [1]
  .bss                   zero     0x2000'76f0    0x210  tgui.o [1]
  .bss                   zero     0x2000'7900    0x210  tgui.o [1]
  .bss                   zero     0x2000'7b10    0x200  config.o [1]
  .bss                   zero     0x2000'7d10    0x200  ff.o [1]
  .bss                   zero     0x2000'7f10    0x200  main.o [1]
  .bss                   zero     0x2000'8110    0x1d8  dlmalloc.o [2]
  .bss                   zero     0x2000'82e8    0x1b8  tgui.o [1]
  .bss                   zero     0x2000'84a0    0x19c  cpld_utils.o [1]
  .bss                   zero     0x2000'863c    0x160  tgui.o [1]
  .bss                   zero     0x2000'879c    0x108  tgui.o [1]
  .bss                   zero     0x2000'88a4    0x100  sys_timer.o [1]
  .bss                   zero     0x2000'89a4    0x100  tgui_fileviewscreenfuncs.o [1]
  .bss                   zero     0x2000'8aa4    0x100  tgui_fileviewscreenfuncs.o [1]
  .bss                   zero     0x2000'8ba4     0xb0  tgui.o [1]
  .bss                   zero     0x2000'8c54     0x80  fst_spi.o [1]
  .bss                   zero     0x2000'8cd4     0x80  fst_spi.o [1]
  .bss                   zero     0x2000'8d54     0x70  files_photon.o [1]
  .bss                   zero     0x2000'8dc4     0x60  fst_spi.o [1]
  .bss                   zero     0x2000'8e24     0x60  fst_spi.o [1]
  .bss                   zero     0x2000'8e84     0x60  fst_spi.o [1]
  .bss                   zero     0x2000'8ee4     0x60  fst_spi.o [1]
  .bss                   zero     0x2000'8f44     0x60  fst_spi.o [1]
  .bss                   zero     0x2000'8fa4     0x60  lcd_low.o [1]
  .bss                   zero     0x2000'9004     0x58  tgui.o [1]
  .bss                   zero     0x2000'905c     0x54  config.o [1]
  .bss                   zero     0x2000'90b0     0x54  eeprom.o [1]
  .bss                   zero     0x2000'9104     0x54  files_pws.o [1]
  .bss                   zero     0x2000'9158     0x50  fsmc.o [1]
  .bss                   zero     0x2000'91a8     0x40  tim.o [1]
  .bss                   zero     0x2000'91e8     0x40  tim.o [1]
  .bss                   zero     0x2000'9228     0x3c  files_photon.o [1]
  .bss                   zero     0x2000'9264     0x34  main.o [1]
  .bss                   zero     0x2000'9298     0x30  config.o [1]
  .bss                   zero     0x2000'92c8     0x30  files_pws.o [1]
  .bss                   zero     0x2000'92f8     0x30  tgui.o [1]
  .bss                   zero     0x2000'9328     0x30  tgui.o [1]
  .bss                   zero     0x2000'9358     0x30  tgui.o [1]
  .bss                   zero     0x2000'9388     0x30  tgui.o [1]
  .bss                   zero     0x2000'93b8     0x30  tgui.o [1]
  .bss                   zero     0x2000'93e8     0x30  tgui.o [1]
  .bss                   zero     0x2000'9418     0x30  tgui.o [1]
  .bss                   zero     0x2000'9448     0x30  tgui.o [1]
  .bss                   zero     0x2000'9478     0x30  tgui.o [1]
  .bss                   zero     0x2000'94a8     0x30  tgui.o [1]
  .bss                   zero     0x2000'94d8     0x30  tgui.o [1]
  .bss                   zero     0x2000'9508     0x30  tgui.o [1]
  .bss                   zero     0x2000'9538     0x30  tgui.o [1]
  .bss                   zero     0x2000'9568     0x30  tgui.o [1]
  .bss                   zero     0x2000'9598     0x28  tgui.o [1]
  .bss                   zero     0x2000'95c0     0x28  z_planner.o [1]
  .bss                   zero     0x2000'95e8     0x20  files_photon.o [1]
  .bss                   zero     0x2000'9608     0x20  files_photon.o [1]
  .bss                   zero     0x2000'9628     0x20  printing.o [1]
  .bss                   zero     0x2000'9648     0x20  rtc.o [1]
  .bss                   zero     0x2000'9668     0x20  tgui_numenterscreenfuncs.o [1]
  .bss                   zero     0x2000'9688     0x1c  config.o [1]
  .bss                   zero     0x2000'96a4     0x1c  files_pws.o [1]
  .bss                   zero     0x2000'96c0     0x18  config.o [1]
  .bss                   zero     0x2000'96d8     0x18  dlmalloc.o [2]
  .bss                   zero     0x2000'96f0     0x14  files_pws.o [1]
  .bss                   zero     0x2000'9704     0x10  ff_gen_drv.o [1]
  .bss                   zero     0x2000'9714     0x10  touch.o [1]
  .bss                   zero     0x2000'9724      0xc  spi_flash.o [1]
  .bss                   zero     0x2000'9730      0x8  fatfs.o [1]
  .bss                   zero     0x2000'9738      0x8  fatfs.o [1]
  .bss                   zero     0x2000'9740      0x8  ff.o [1]
  .bss                   zero     0x2000'9748      0x8  printing.o [1]
  .bss                   zero     0x2000'9750      0x8  tgui_clocksetscreenfuncs.o [1]
  .bss                   zero     0x2000'9758      0x8  tgui_screensaverfuncs.o [1]
  .bss                   zero     0x2000'9760      0x4  cpld_utils.o [1]
  .bss                   zero     0x2000'9764      0x4  cpld_utils.o [1]
  .bss                   zero     0x2000'9768      0x4  cpld_utils.o [1]
  .bss                   zero     0x2000'976c      0x4  fsmc.o [1]
  .bss                   zero     0x2000'9770      0x4  motor.o [1]
  .bss                   zero     0x2000'9774      0x4  printing.o [1]
  .bss                   zero     0x2000'9778      0x4  printing.o [1]
  .bss                   zero     0x2000'977c      0x4  printing.o [1]
  .bss                   zero     0x2000'9780      0x4  printing.o [1]
  .bss                   zero     0x2000'9784      0x4  printing.o [1]
  .bss                   zero     0x2000'9788      0x4  prtfiles.o [1]
  .bss                   zero     0x2000'978c      0x4  spi_flash.o [1]
  .bss                   zero     0x2000'9790      0x4  spi_flash.o [1]
  .bss                   zero     0x2000'9794      0x4  stm32f4xx_hal.o [1]
  .bss                   zero     0x2000'9798      0x4  stm32f4xx_ll_usb.o [1]
  .bss                   zero     0x2000'979c      0x4  sys_timer.o [1]
  .bss                   zero     0x2000'97a0      0x4  sys_timer.o [1]
  .bss                   zero     0x2000'97a4      0x4  sys_timer.o [1]
  .bss                   zero     0x2000'97a8      0x4  sys_timer.o [1]
  .bss                   zero     0x2000'97ac      0x4  tgui.o [1]
  .bss                   zero     0x2000'97b0      0x4  tgui_fileviewscreenfuncs.o [1]
  .bss                   zero     0x2000'97b4      0x4  tgui_numenterscreenfuncs.o [1]
  .bss                   zero     0x2000'97b8      0x4  tgui_printscreenfuncs.o [1]
  .bss                   zero     0x2000'97bc      0x4  tgui_printscreenfuncs.o [1]
  .bss                   zero     0x2000'97c0      0x4  tgui_screensaverfuncs.o [1]
  .bss                   zero     0x2000'97c4      0x4  touch.o [1]
  .bss                   zero     0x2000'97c8      0x4  z_planner.o [1]
  .bss                   zero     0x2000'97cc      0x4  z_planner.o [1]
  .bss                   zero     0x2000'97d0      0x4  z_planner.o [1]
  .bss                   zero     0x2000'97d4      0x4  z_planner.o [1]
  .bss                   zero     0x2000'97d8      0x4  z_planner.o [1]
  .bss                   zero     0x2000'97dc      0x4  z_planner.o [1]
  .bss                   zero     0x2000'97e0      0x4  z_planner.o [1]
  .bss                   zero     0x2000'97e4      0x4  z_stepper.o [1]
  .bss                   zero     0x2000'97e8      0x4  z_stepper.o [1]
  .bss                   zero     0x2000'97ec      0x4  z_stepper.o [1]
  .bss                   zero     0x2000'97f0      0x4  z_stepper.o [1]
  .bss                   zero     0x2000'97f4      0x4  z_stepper.o [1]
  .bss                   zero     0x2000'97f8      0x4  z_stepper.o [1]
  .bss                   zero     0x2000'97fc      0x4  z_stepper.o [1]
  .bss                   zero     0x2000'9800      0x4  z_stepper.o [1]
  .bss                   zero     0x2000'9804      0x4  z_stepper.o [1]
  .bss                   zero     0x2000'9808      0x4  z_stepper.o [1]
  .bss                   zero     0x2000'980c      0x4  z_stepper.o [1]
  .bss                   zero     0x2000'9810      0x4  z_stepper.o [1]
  .bss                   zero     0x2000'9814      0x4  z_stepper.o [1]
  .bss                   zero     0x2000'9818      0x4  z_stepper.o [1]
  .bss                   zero     0x2000'981c      0x4  xfail_s.o [2]
  .bss                   zero     0x2000'9820      0x4  xgetmemchunk.o [2]
  .bss                   zero     0x2000'9824      0x2  ff.o [1]
  .bss                   zero     0x2000'9826      0x2  lcd_low.o [1]
  .bss                   zero     0x2000'9828      0x2  lcd_ui.o [1]
  .bss                   zero     0x2000'982a      0x2  lcd_ui.o [1]
  .bss                   zero     0x2000'982c      0x2  lcd_ui.o [1]
  .bss                   zero     0x2000'982e      0x2  tgui_fileviewscreenfuncs.o [1]
  .bss                   zero     0x2000'9830      0x2  tgui_fileviewscreenfuncs.o [1]
  .bss                   zero     0x2000'9832      0x2  z_planner.o [1]
  .bss                   zero     0x2000'9834      0x1  eeprom.o [1]
  .bss                   zero     0x2000'9835      0x1  fatfs.o [1]
  .bss                   zero     0x2000'9836      0x1  fatfs.o [1]
  .bss                   zero     0x2000'9837      0x1  main.o [1]
  .bss                   zero     0x2000'9838      0x1  main.o [1]
  .bss                   zero     0x2000'9839      0x1  main.o [1]
  .bss                   zero     0x2000'983a      0x1  main.o [1]
  .bss                   zero     0x2000'983b      0x1  main.o [1]
  .bss                   zero     0x2000'983c      0x1  main.o [1]
  .bss                   zero     0x2000'983d      0x1  main.o [1]
  .bss                   zero     0x2000'983e      0x1  prtfiles.o [1]
  .bss                   zero     0x2000'983f      0x1  prtfiles.o [1]
  .bss                   zero     0x2000'9840      0x1  tgui_defaultfuncs.o [1]
  .bss                   zero     0x2000'9841      0x1  tgui_filesscreenfuncs.o [1]
  .bss                   zero     0x2000'9842      0x1  tgui_filesscreenfuncs.o [1]
  .bss                   zero     0x2000'9843      0x1  tgui_filesscreenfuncs.o [1]
  .bss                   zero     0x2000'9844      0x1  tgui_filesscreenfuncs.o [1]
  .bss                   zero     0x2000'9845      0x1  tgui_fileviewscreenfuncs.o [1]
[...]
dir_read                 0x801'eadb   0x100  Code  Lc  ff.o [1]
dir_register             0x801'ecf3   0x166  Code  Lc  ff.o [1]
dir_remove               0x801'ee59    0x66  Code  Lc  ff.o [1]
dir_sdi                  0x801'e605    0xb2  Code  Lc  ff.o [1]
disk                    0x2000'9704    0x10  Data  Gb  ff_gen_drv.o [1]
disk_initialize          0x802'2d6f    0x32  Code  Gb  diskio.o [1]
disk_ioctl               0x802'2ddd    0x20  Code  Gb  diskio.o [1]
disk_read                0x802'2da1    0x1e  Code  Gb  diskio.o [1]
disk_status              0x802'2d51    0x1e  Code  Gb  diskio.o [1]
disk_write               0x802'2dbf    0x1e  Code  Gb  diskio.o [1]
disp_locked             0x2000'984b     0x1  Data  Gb  tgui_printscreenfuncs.o [1]
dmul                     0x802'e0b5    0xc6  Code  Lc  strto64.o [4]
dot_entered             0x2000'9849     0x1  Data  Gb  tgui_numenterscreenfuncs.o [1]
edit_value              0x2000'97b4     0x4  Data  Gb  tgui_numenterscreenfuncs.o [1]
enter_begin             0x2000'9848     0x1  Data  Gb  tgui_numenterscreenfuncs.o [1]
exit                     0x804'54d3     0x4  Code  Gb  exit.o [2]
fMoveStep               0x2000'028c     0x4  Data  Gb  tgui_movezscreenfuncs.o [1]
f_close                  0x801'fea3    0x2a  Code  Gb  ff.o [1]
f_closedir               0x802'00ff    0x1c  Code  Gb  ff.o [1]
f_getfree                0x802'01c3   0x100  Code  Gb  ff.o [1]
f_lseek                  0x801'fecd   0x1aa  Code  Gb  ff.o [1]
f_mkfs                   0x802'0541   0x692  Code  Gb  ff.o [1]
f_mkfs::cst              0x804'6218    0x10  Data  Lc  ff.o [1]
f_mkfs::cst32            0x804'6228    0x10  Data  Lc  ff.o [1]
f_mkfs::defopt           0x804'6238    0x10  Data  Lc  ff.o [1]
f_mount                  0x801'f78f    0x54  Code  Gb  ff.o [1]
f_open                   0x801'f805   0x21a  Code  Gb  ff.o [1]
f_opendir                0x802'0077    0x88  Code  Gb  ff.o [1]
f_read                   0x801'fa1f   0x1cc  Code  Gb  ff.o [1]
f_readdir                0x802'011b    0x5c  Code  Gb  ff.o [1]
f_stat                   0x802'0177    0x4c  Code  Gb  ff.o [1]
f_sync                   0x801'fe03    0xa0  Code  Gb  ff.o [1]
f_unlink                 0x802'02c3    0xd6  Code  Gb  ff.o [1]
f_write                  0x801'fbeb   0x218  Code  Gb  ff.o [1]
fbuff                   0x1000'1cc0  0x4000  Data  Gb  main.o [1]
ff_oem2uni               0x802'2e47    0x3a  Code  Gb  ffunicode.o [1]
ff_uni2oem               0x802'2e01    0x46  Code  Gb  ffunicode.o [1]
ff_wtoupper              0x802'2e81    0xb6  Code  Gb  ffunicode.o [1]
ff_wtoupper::cvt1        0x804'2e74   0x1f4  Data  Lc  ffunicode.o [1]
ff_wtoupper::cvt2        0x804'4148    0xbc  Data  Lc  ffunicode.o [1]
filedate                0x2000'982e     0x2  Data  Gb  tgui_fileviewscreenfuncs.o [1]
files                   0x2000'23b0   0x830  Data  Gb  tgui_filesscreenfuncs.o [1]
filesize                0x2000'97b0     0x4  Data  Gb  tgui_fileviewscreenfuncs.o [1]
filetime                0x2000'9830     0x2  Data  Gb  tgui_fileviewscreenfuncs.o [1]
find_volume              0x801'f479    0x6c  Code  Lc  ff.o [1]
finfo                   0x2000'74cc   0x224  Data  Gb  main.o [1]
floorf                   0x802'e74d          Code  Gb  floorf.o [4]
fnt12_data               0x804'0bb0   0x6b4  Data  Gb  fnt12.o [1]
fnt12_width              0x804'3594   0x140  Data  Gb  fnt12.o [1]
fnt12bold_data           0x804'0428   0x788  Data  Gb  fnt12bold.o [1]
fnt12bold_width          0x804'36d4   0x140  Data  Gb  fnt12bold.o [1]
fnt170num_lcd_data       0x801'0188  0x66f0  Data  Gb  fnt170num_lcd.o [1]
fnt170num_lcd_width      0x804'4bb8    0x38  Data  Gb  fnt170num_lcd.o [1]
fnt18_data               0x803'cae8   0xea4  Data  Gb  fnt18.o [1]
fnt18_width              0x804'3814   0x140  Data  Gb  fnt18.o [1]
fnt18bold_data           0x803'9f00  0x10c8  Data  Gb  fnt18bold.o [1]
fnt18bold_width          0x804'3954   0x140  Data  Gb  fnt18bold.o [1]
fnt24_data               0x803'6fd8  0x1a1c  Data  Gb  fnt24.o [1]
fnt24_width              0x804'3a94   0x140  Data  Gb  fnt24.o [1]
fnt24bold_data           0x803'4f44  0x2094  Data  Gb  fnt24bold.o [1]
fnt24bold_width          0x804'3bd4   0x140  Data  Gb  fnt24bold.o [1]
fnt36_data               0x803'13b0  0x3b94  Data  Gb  fnt36.o [1]
fnt36_width              0x804'3d14   0x140  Data  Gb  fnt36.o [1]
fnt36num_data            0x804'1264   0x684  Data  Gb  fnt36num.o [1]
fnt36num_width           0x804'4bf0    0x38  Data  Gb  fnt36num.o [1]
follow_path              0x801'f315    0x9a  Code  Lc  ff.o [1]
font_fnt12              0x2000'0000     0xc  Data  Gb  fnt12.o [1]
font_fnt12bold          0x2000'000c     0xc  Data  Gb  fnt12bold.o [1]
font_fnt170num_lcd      0x2000'0018     0xc  Data  Gb  fnt170num_lcd.o [1]
font_fnt18              0x2000'0024     0xc  Data  Gb  fnt18.o [1]
font_fnt18bold          0x2000'0030     0xc  Data  Gb  fnt18bold.o [1]
font_fnt24              0x2000'003c     0xc  Data  Gb  fnt24.o [1]
font_fnt24bold          0x2000'0048     0xc  Data  Gb  fnt24bold.o [1]
font_fnt36              0x2000'0054     0xc  Data  Gb  fnt36.o [1]
font_fnt36num           0x2000'0060     0xc  Data  Gb  fnt36num.o [1]
fphoton_header          0x2000'8d54    0x70  Data  Gb  files_photon.o [1]
fphoton_info            0x2000'9228    0x3c  Data  Gb  files_photon.o [1]
fphoton_preview_big     0x2000'95e8    0x20  Data  Gb  files_photon.o [1]
fphoton_preview_small   0x2000'9608    0x20  Data  Gb  files_photon.o [1]
fpws_header             0x2000'92c8    0x30  Data  Gb  files_pws.o [1]
fpws_info               0x2000'9104    0x54  Data  Gb  files_pws.o [1]
fpws_layersdata         0x2000'96f0    0x14  Data  Gb  files_pws.o [1]
fpws_preview            0x2000'96a4    0x1c  Data  Gb  files_pws.o [1]
free                     0x804'0039     0x4  Code  Gb  heaptramp0.o [2]
fv_dirname              0x2000'8aa4   0x100  Data  Gb  tgui_fileviewscreenfuncs.o [1]
fv_filename             0x2000'89a4   0x100  Data  Gb  tgui_fileviewscreenfuncs.o [1]
fv_filetype             0x2000'9845     0x1  Data  Gb  tgui_fileviewscreenfuncs.o [1]
fv_tfilename            0x2000'5838   0x400  Data  Gb  tgui_fileviewscreenfuncs.o [1]
gen_numname              0x801'ea19    0xa2  Code  Lc  ff.o [1]
get_fat                  0x801'e17d   0x10a  Code  Lc  ff.o [1]
get_fattime              0x802'2f61    0x50  Code  Gb  fatfs.o [1]
get_fileinfo             0x801'eebf   0x1c8  Code  Lc  ff.o [1]
get_ldnumber             0x801'f3af    0x4e  Code  Lc  ff.o [1]
hFlashSpi               0x2000'8cd4    0x80  Data  Gb  fst_spi.o [1]
hFlashSpiDmaRx          0x2000'8ee4    0x60  Data  Gb  fst_spi.o [1]
hFlashSpiDmaTx          0x2000'8f44    0x60  Data  Gb  fst_spi.o [1]
hI2C                    0x2000'90b0    0x54  Data  Gb  eeprom.o [1]
hLcdDma                 0x2000'8fa4    0x60  Data  Gb  lcd_low.o [1]
hRTC                    0x2000'9648    0x20  Data  Gb  rtc.o [1]
hStepperTim             0x2000'91a8    0x40  Data  Gb  tim.o [1]
hTouchSpi               0x2000'8c54    0x80  Data  Gb  fst_spi.o [1]
hTouchSpiDmaRx          0x2000'8dc4    0x60  Data  Gb  fst_spi.o [1]
hTouchSpiDmaTx          0x2000'8e24    0x60  Data  Gb  fst_spi.o [1]
hUsbHost                0x2000'6038   0x3d8  Data  Gb  usb_host.o [1]
hZRefTim                0x2000'91e8    0x40  Data  Gb  tim.o [1]
hhcd_USB_OTG_FS         0x2000'7208   0x2c4  Data  Gb  usbh_conf.o [1]
hsram1                  0x2000'9158    0x50  Data  Gb  fsmc.o [1]
i2c_timer               0x2000'9834     0x1  Data  Gb  eeprom.o [1]
idle()                   0x802'7d0d     0xa  Code  Gb  motor.o [1]
idle()::idlecount       0x2000'9770     0x4  Data  Lc  motor.o [1]
init_mparams             0x803'8a0f    0x32  Code  Lc  dlmalloc.o [2]
init_top                 0x803'8a41    0x36  Code  Lc  dlmalloc.o [2]
inited                  0x2000'983f     0x1  Data  Gb  prtfiles.o [1]
isalpha                  0x803'09d9    0x14  Code  Gb  isalpha.o [2]
isspace                  0x802'e5d1    0x14  Code  Gb  isspace.o [2]
l_info                  0x2000'9628    0x20  Data  Gb  printing.o [1]
lastfilenum             0x2000'033d     0x1  Data  Gb  tgui_filesscreenfuncs.o [1]
lcdui_bgcolor           0x2000'982c     0x2  Data  Gb  lcd_ui.o [1]
lcdui_color             0x2000'0338     0x2  Data  Gb  lcd_ui.o [1]
lcdui_current_font      0x2000'0080     0x4  Data  Gb  lcd_ui.o [1]
lcdui_current_font_type
                        0x2000'033a     0x1  Data  Gb  lcd_ui.o [1]
lcdui_cursor_x          0x2000'9828     0x2  Data  Gb  lcd_ui.o [1]
lcdui_cursor_y          0x2000'982a     0x2  Data  Gb  lcd_ui.o [1]
lcdui_height            0x2000'0336     0x2  Data  Gb  lcd_ui.o [1]
lcdui_width             0x2000'0334     0x2  Data  Gb  lcd_ui.o [1]
ld_clust                 0x801'e80d    0x26  Code  Lc  ff.o [1]
ld_dword                 0x801'def5    0x16  Code  Lc  ff.o [1]
ld_word                  0x801'dee9     0xc  Code  Lc  ff.o [1]
ldata_length            0x2000'977c     0x4  Data  Gb  printing.o [1]
ldata_offset_begin      0x2000'9774     0x4  Data  Gb  printing.o [1]
ldata_offset_current    0x2000'9778     0x4  Data  Gb  printing.o [1]
ldexp                    0x802'3c95          Code  Gb  ldexp.o [4]
ldexpl                   0x802'3c95          Code  Gb  ldexp.o [4]
lmos                     0x804'5af0    0x18  Data  Lc  datetime.o [1]
lngCurrent              0x2000'007c     0x4  Data  Gb  languages.o [1]
lngLanguages            0x2000'006c    0x10  Data  Gb  languages.o [1]
localeconv               0x802'36e7     0x4  Code  Gb  xlocale_c.o [2]
lroundf                  0x802'e8e1          Code  Gb  lroundf.o [4]
main                     0x802'4205  0x10b8  Code  Gb  main.o [1]
mem_cmp                  0x801'df51    0x1e  Code  Lc  ff.o [1]
mem_cpy                  0x801'df31    0x14  Code  Lc  ff.o [1]
mem_set                  0x801'df45     0xc  Code  Lc  ff.o [1]
memchr                   0x802'378d          Code  Gb  memchr.o [5]
mos                      0x804'5b08    0x18  Data  Lc  datetime.o [1]
mount_volume             0x801'f4e5   0x262  Code  Lc  ff.o [1]
move_window              0x801'e091    0x3e  Code  Lc  ff.o [1]
mparams                 0x2000'96d8    0x18  Data  Lc  dlmalloc.o [2]
msg                     0x2000'7f10   0x200  Data  Gb  main.o [1]
ndigs                    0x804'4840    0x28  Data  Lc  iar_Stoulx.o [2]
ndigs                    0x804'4890    0x28  Data  Lc  iar_Stoullx.o [2]
nomorefiles             0x2000'9844     0x1  Data  Gb  tgui_filesscreenfuncs.o [1]
numstr                  0x2000'9668    0x20  Data  Gb  tgui_numenterscreenfuncs.o [1]
numstr_len              0x2000'9847     0x1  Data  Gb  tgui_numenterscreenfuncs.o [1]
oldUsbMounted           0x2000'9841     0x1  Data  Gb  tgui_filesscreenfuncs.o [1]
old_datetime            0x2000'9758     0x8  Data  Gb  tgui_screensaverfuncs.o [1]
old_layer               0x2000'97bc     0x4  Data  Gb  tgui_printscreenfuncs.o [1]
old_pause               0x2000'984a     0x1  Data  Gb  tgui_printscreenfuncs.o [1]
old_prtlayer            0x2000'97c0     0x4  Data  Gb  tgui_screensaverfuncs.o [1]
old_time                0x2000'97b8     0x4  Data  Gb  tgui_printscreenfuncs.o [1]
pfile_type              0x2000'983e     0x1  Data  Gb  prtfiles.o [1]
pick_lfn                 0x801'e8fd    0x90  Code  Lc  ff.o [1]
pows                     0x804'49c0    0x48  Data  Lc  strto64.o [4]
prepend_alloc            0x803'8a77   0x346  Code  Lc  dlmalloc.o [2]
prev_position           0x2000'9748     0x8  Data  Gb  printing.o [1]
prevcolors               0x804'6d80     0x4  Data  Lc  printing.o [1]
previmage               0x1000'0000  0x1cc0  Data  Gb  printing.o [1]
prt_file                0x2000'9788     0x4  Data  Gb  prtfiles.o [1]
put_fat                  0x801'e287   0x15c  Code  Lc  ff.o [1]
put_lfn                  0x801'e98d    0x84  Code  Lc  ff.o [1]
put_utf                  0x801'dfe5    0x5c  Code  Lc  ff.o [1]
ranmatch                 0x803'dcf5    0x44  Code  Lc  xscanffull.o [2]
reTransmission_all_cnt  0x2000'9764     0x4  Data  Gb  cpld_utils.o [1]
reTransmission_data_cnt
                        0x2000'9760     0x4  Data  Gb  cpld_utils.o [1]
remove_chain             0x801'e3e3    0x8e  Code  Lc  ff.o [1]
resX                    0x2000'9780     0x4  Data  Gb  printing.o [1]
resY                    0x2000'9784     0x4  Data  Gb  printing.o [1]
retSPIFL                0x2000'9836     0x1  Data  Gb  fatfs.o [1]
retUSBH                 0x2000'9835     0x1  Data  Gb  fatfs.o [1]
s_tfname                0x2000'5038   0x400  Data  Gb  main.o [1]
scalbln                  0x802'3c95          Code  Gb  ldexp.o [4]
scalblnl                 0x802'3c95          Code  Gb  ldexp.o [4]
scalbn                   0x802'3c95          Code  Gb  ldexp.o [4]
scalbnl                  0x802'3c95          Code  Gb  ldexp.o [4]
scale                    0x802'1f03    0x46  Code  Lc  xprintffull.o [2]
scrTimeTimer            0x2000'033c     0x1  Data  Gb  tgui_defaultfuncs.o [1]
sec_hand                0x2000'981c     0x4  Data  Lc  xfail_s.o [2]
segment_holding          0x803'89f5    0x1a  Code  Lc  dlmalloc.o [2]
sfile                   0x2000'9860  0x1028  Data  Gb  main.o [1]
sprintf                  0x801'cd69    0x40  Code  Gb  sprintf.o [2]
sqrtf                    0x802'e095          Code  Gb  sqrtf.o [4]
srvMode                 0x2000'983d     0x1  Data  Gb  main.o [1]
sscanf                   0x804'2589    0x28  Code  Gb  sscanf.o [2]
st_clust                 0x801'e833    0x2a  Code  Lc  ff.o [1]
st_dword                 0x801'df19    0x18  Code  Lc  ff.o [1]
st_word                  0x801'df0b     0xe  Code  Lc  ff.o [1]
strcat                   0x802'ccc1    0x1e  Code  Gb  strcat.o [2]
strchr                   0x802'36f5          Code  Gb  strchr.o [5]
strcmp                   0x802'872d          Code  Gb  strcmp.o [5]
strcpy                   0x802'cca9          Code  Gb  strcpy.o [5]
strcpy_utf(char *, char *)
                         0x802'0e29    0x28  Code  Gb  unicode_utils.o [1]
strlen                   0x802'3755          Code  Gb  strlen.o [5]
strncpy                  0x802'1299          Code  Gb  strncpy.o [5]
strtoll                  0x803'e8b9     0x2  Code  Gb  iar_Stollx.o [2]
strtoul                  0x802'a801     0x2  Code  Gb  iar_Stoulx.o [2]
strtoull                 0x803'ea6d     0x2  Code  Gb  iar_Stoullx.o [2]
strtrim(char *)          0x802'0ee3    0x5e  Code  Gb  unicode_utils.o [1]
strupper_utf(char *)     0x802'0f41    0x5e  Code  Gb  unicode_utils.o [1]
subdir                  0x2000'9843     0x1  Data  Gb  tgui_filesscreenfuncs.o [1]
sum_sfn                  0x801'eabb    0x20  Code  Lc  ff.o [1]
sync_fs                  0x801'e0cf    0x94  Code  Lc  ff.o [1]
sync_window              0x801'e041    0x50  Code  Lc  ff.o [1]
sys_alloc                0x803'8fb5   0x164  Code  Lc  dlmalloc.o [2]
sys_trim                 0x803'9119    0x64  Code  Lc  dlmalloc.o [2]
systemInfo              0x2000'9298    0x30  Data  Gb  config.o [1]
tchar2uni                0x801'df9f    0x46  Code  Lc  ff.o [1]
tfname                  0x1000'6ce8   0x400  Data  Gb  tgui.o [1]
tguiActiveScreen        0x2000'97ac     0x4  Data  Gb  tgui.o [1]
tguiDBuff               0x2000'b8b0  0x1000  Data  Gb  tgui.o [1]
tguiDefaultConfig       0x2000'9598    0x28  Data  Gb  tgui.o [1]
tguiFBuff               0x2000'c8b0   0x200  Data  Gb  tgui.o [1]
tguiFile                0x2000'a888  0x1028  Data  Gb  tgui.o [1]
tguiMsgBox              0x2000'6eb8   0x350  Data  Gb  tgui.o [1]
tguiScrClockSetButtons  0x2000'37b8   0x5d8  Data  Gb  tgui.o [1]
tguiScrFilesButtons     0x2000'67d8   0x370  Data  Gb  tgui.o [1]
tguiScrFilesListButtons
                        0x2000'4368   0x4d0  Data  Gb  tgui.o [1]
tguiScrFileviewButtons  0x2000'76f0   0x210  Data  Gb  tgui.o [1]
tguiScrInfoButtons      0x2000'8ba4    0xb0  Data  Gb  tgui.o [1]
tguiScrLanguageButtons  0x2000'879c   0x108  Data  Gb  tgui.o [1]
tguiScrMainButtons      0x2000'863c   0x160  Data  Gb  tgui.o [1]
tguiScrMovezButtons     0x2000'6410   0x3c8  Data  Gb  tgui.o [1]
tguiScrNumenterButtons  0x2000'31e0   0x5d8  Data  Gb  tgui.o [1]
tguiScrPrintButtons     0x2000'7900   0x210  Data  Gb  tgui.o [1]
tguiScrServiceButtons   0x2000'82e8   0x1b8  Data  Gb  tgui.o [1]
tguiScrSettingsButtons  0x2000'6b48   0x370  Data  Gb  tgui.o [1]
tguiScrUVTestButtons    0x2000'3d90   0x5d8  Data  Gb  tgui.o [1]
tguiScreenClockSet      0x2000'9508    0x30  Data  Gb  tgui.o [1]
tguiScreenFiles         0x2000'93e8    0x30  Data  Gb  tgui.o [1]
tguiScreenFilesList     0x2000'9418    0x30  Data  Gb  tgui.o [1]
tguiScreenFileview      0x2000'94a8    0x30  Data  Gb  tgui.o [1]
tguiScreenInfo          0x2000'9388    0x30  Data  Gb  tgui.o [1]
tguiScreenLanguage      0x2000'9358    0x30  Data  Gb  tgui.o [1]
tguiScreenMain          0x2000'92f8    0x30  Data  Gb  tgui.o [1]
tguiScreenMovez         0x2000'93b8    0x30  Data  Gb  tgui.o [1]
tguiScreenNumenter      0x2000'9478    0x30  Data  Gb  tgui.o [1]
tguiScreenPrint         0x2000'94d8    0x30  Data  Gb  tgui.o [1]
tguiScreenSaver         0x2000'9538    0x30  Data  Gb  tgui.o [1]
tguiScreenSaverButtons  0x2000'9004    0x58  Data  Gb  tgui.o [1]
tguiScreenService       0x2000'9328    0x30  Data  Gb  tgui.o [1]
tguiScreenSettings      0x2000'9448    0x30  Data  Gb  tgui.o [1]
tguiScreenTimer         0x2000'983c     0x1  Data  Gb  main.o [1]
tguiScreenUVTest        0x2000'9568    0x30  Data  Gb  tgui.o [1]
tguiTimer               0x2000'9839     0x1  Data  Gb  main.o [1]
tmalloc_large            0x803'9189   0x386  Code  Lc  dlmalloc.o [2]
tmalloc_small            0x803'950f   0x200  Code  Lc  dlmalloc.o [2]
tolower                  0x802'e5e5    0x14  Code  Gb  tolower.o [2]
touch_buff              0x2000'8e84    0x60  Data  Gb  fst_spi.o [1]
touch_info              0x2000'9714    0x10  Data  Gb  touch.o [1]
touch_point             0x2000'97c4     0x4  Data  Gb  touch.o [1]
tstrcat(unsigned short *, unsigned short *)
                         0x802'0e73    0x2c  Code  Gb  unicode_utils.o [1]
tstrcat_utf(unsigned short *, char *)
                         0x802'0e9f    0x44  Code  Gb  unicode_utils.o [1]
tstrcpy(unsigned short *, unsigned short *)
                         0x802'0e51    0x22  Code  Gb  unicode_utils.o [1]
typeval                 0x2000'9846     0x1  Data  Gb  tgui_numenterscreenfuncs.o [1]
u_tfname                0x2000'4c38   0x400  Data  Gb  main.o [1]
uc866                    0x804'3f80   0x100  Data  Lc  ffunicode.o [1]
ufile                   0x1000'5cc0  0x1028  Data  Gb  main.o [1]
uv_image                0x2000'984e     0x1  Data  Gb  tgui_uvtestscreenfuncs.o [1]
uvdisp_on               0x2000'984d     0x1  Data  Gb  tgui_uvtestscreenfuncs.o [1]
uvfan_timer             0x2000'97a8     0x4  Data  Gb  sys_timer.o [1]
uvled_timer             0x2000'97a0     0x4  Data  Gb  sys_timer.o [1]
uvlight_on              0x2000'984c     0x1  Data  Gb  tgui_uvtestscreenfuncs.o [1]
uvpause_timer           0x2000'97a4     0x4  Data  Gb  sys_timer.o [1]
uwTick                  0x2000'9794     0x4  Data  Gb  stm32f4xx_hal.o [1]
uwTickFreq              0x2000'033b     0x1  Data  Gb  stm32f4xx_hal.o [1]
uwTickPrio              0x2000'0084     0x4  Data  Gb  stm32f4xx_hal.o [1]
validate                 0x801'f747    0x48  Code  Lc  ff.o [1]
wctob                    0x803'e7e5    0x32  Code  Gb  wctob.o [2]
zDisTimer               0x2000'983b     0x1  Data  Gb  main.o [1]
zHoldTimer              0x2000'983a     0x1  Data  Gb  main.o [1]
zPlanner                0x2000'9852     0x1  Data  Gb  z_planner.o [1]


[1] = D:\Electronics\Projects\MKS_DLP_new\SRC\firmware\MKSDLP_Alter_Debug\Obj
[2] = dl7M_tlf.a
[3] = dlpp7M_tl_fc.a
[4] = m7M_tls.a
[5] = rt7M_tl.a
[6] = shb_l.a

  139 561 bytes of readonly  code memory
   85 351 bytes of readonly  data memory
  105 364 bytes of readwrite data memory

Errors: none
Warnings: none
