###############################################################################
#
# IAR ELF Linker V8.32.1.169/W32 for ARM                  22/Sep/2020  12:58:55
# Copyright 2007-2018 IAR Systems AB.
#
#    Output file  =  
#        D:\Electronics\Projects\MKS_DLP_new\SRC\firmware\MKSDLP_Alter_debug\Exe\MKS_DLP_new.out
#    Map file     =  
#        D:\Electronics\Projects\MKS_DLP_new\SRC\firmware\MKSDLP_Alter_debug\List\MKS_DLP_new.map
#    Command line =  
#        -f C:\Temp\EW95E9.tmp
#        (D:\Electronics\Projects\MKS_DLP_new\SRC\firmware\MKSDLP_Alter_Debug\Obj\config.o
#        D:\Electronics\Projects\MKS_DLP_new\SRC\firmware\MKSDLP_Alter_Debug\Obj\cpld_utils.o
#        D:\Electronics\Projects\MKS_DLP_new\SRC\firmware\MKSDLP_Alter_Debug\Obj\datetime.o
#        D:\Electronics\Projects\MKS_DLP_new\SRC\firmware\MKSDLP_Alter_Debug\Obj\diskio.o
#        D:\Electronics\Projects\MKS_DLP_new\SRC\firmware\MKSDLP_Alter_Debug\Obj\eeprom.o
#        D:\Electronics\Projects\MKS_DLP_new\SRC\firmware\MKSDLP_Alter_Debug\Obj\fatfs.o
#        D:\Electronics\Projects\MKS_DLP_new\SRC\firmware\MKSDLP_Alter_Debug\Obj\ff.o
#        D:\Electronics\Projects\MKS_DLP_new\SRC\firmware\MKSDLP_Alter_Debug\Obj\ff_gen_drv.o
#        D:\Electronics\Projects\MKS_DLP_new\SRC\firmware\MKSDLP_Alter_Debug\Obj\ffsystem.o
#        D:\Electronics\Projects\MKS_DLP_new\SRC\firmware\MKSDLP_Alter_Debug\Obj\ffunicode.o
#        D:\Electronics\Projects\MKS_DLP_new\SRC\firmware\MKSDLP_Alter_Debug\Obj\files_pws.o
#        D:\Electronics\Projects\MKS_DLP_new\SRC\firmware\MKSDLP_Alter_Debug\Obj\fnt12.o
#        D:\Electronics\Projects\MKS_DLP_new\SRC\firmware\MKSDLP_Alter_Debug\Obj\fnt12bold.o
#        D:\Electronics\Projects\MKS_DLP_new\SRC\firmware\MKSDLP_Alter_Debug\Obj\fnt170num_lcd.o
#        D:\Electronics\Projects\MKS_DLP_new\SRC\firmware\MKSDLP_Alter_Debug\Obj\fnt18.o
#        D:\Electronics\Projects\MKS_DLP_new\SRC\firmware\MKSDLP_Alter_Debug\Obj\fnt18bold.o
#        D:\Electronics\Projects\MKS_DLP_new\SRC\firmware\MKSDLP_Alter_Debug\Obj\fnt24.o
#        D:\Electronics\Projects\MKS_DLP_new\SRC\firmware\MKSDLP_Alter_Debug\Obj\fnt24bold.o
#        D:\Electronics\Projects\MKS_DLP_new\SRC\firmware\MKSDLP_Alter_Debug\Obj\fnt36.o
#        D:\Electronics\Projects\MKS_DLP_new\SRC\firmware\MKSDLP_Alter_Debug\Obj\fnt36num.o
#        D:\Electronics\Projects\MKS_DLP_new\SRC\firmware\MKSDLP_Alter_Debug\Obj\fsmc.o
#        D:\Electronics\Projects\MKS_DLP_new\SRC\firmware\MKSDLP_Alter_Debug\Obj\fst_spi.o
#        D:\Electronics\Projects\MKS_DLP_new\SRC\firmware\MKSDLP_Alter_Debug\Obj\gpio.o
#        D:\Electronics\Projects\MKS_DLP_new\SRC\firmware\MKSDLP_Alter_Debug\Obj\languages.o
#        D:\Electronics\Projects\MKS_DLP_new\SRC\firmware\MKSDLP_Alter_Debug\Obj\lcd_low.o
#        D:\Electronics\Projects\MKS_DLP_new\SRC\firmware\MKSDLP_Alter_Debug\Obj\lcd_ui.o
#        D:\Electronics\Projects\MKS_DLP_new\SRC\firmware\MKSDLP_Alter_Debug\Obj\main.o
#        D:\Electronics\Projects\MKS_DLP_new\SRC\firmware\MKSDLP_Alter_Debug\Obj\motor.o
#        D:\Electronics\Projects\MKS_DLP_new\SRC\firmware\MKSDLP_Alter_Debug\Obj\printing.o
#        D:\Electronics\Projects\MKS_DLP_new\SRC\firmware\MKSDLP_Alter_Debug\Obj\prtfiles.o
#        D:\Electronics\Projects\MKS_DLP_new\SRC\firmware\MKSDLP_Alter_Debug\Obj\rtc.o
#        D:\Electronics\Projects\MKS_DLP_new\SRC\firmware\MKSDLP_Alter_Debug\Obj\spi_flash.o
#        D:\Electronics\Projects\MKS_DLP_new\SRC\firmware\MKSDLP_Alter_Debug\Obj\spifl_diskio.o
#        D:\Electronics\Projects\MKS_DLP_new\SRC\firmware\MKSDLP_Alter_Debug\Obj\ssd_utils.o
#        D:\Electronics\Projects\MKS_DLP_new\SRC\firmware\MKSDLP_Alter_Debug\Obj\startup_stm32f407xx.o
#        D:\Electronics\Projects\MKS_DLP_new\SRC\firmware\MKSDLP_Alter_Debug\Obj\stm32f4xx_hal.o
#        D:\Electronics\Projects\MKS_DLP_new\SRC\firmware\MKSDLP_Alter_Debug\Obj\stm32f4xx_hal_cortex.o
#        D:\Electronics\Projects\MKS_DLP_new\SRC\firmware\MKSDLP_Alter_Debug\Obj\stm32f4xx_hal_dma.o
#        D:\Electronics\Projects\MKS_DLP_new\SRC\firmware\MKSDLP_Alter_Debug\Obj\stm32f4xx_hal_dma_ex.o
#        D:\Electronics\Projects\MKS_DLP_new\SRC\firmware\MKSDLP_Alter_Debug\Obj\stm32f4xx_hal_exti.o
#        D:\Electronics\Projects\MKS_DLP_new\SRC\firmware\MKSDLP_Alter_Debug\Obj\stm32f4xx_hal_flash.o
#        D:\Electronics\Projects\MKS_DLP_new\SRC\firmware\MKSDLP_Alter_Debug\Obj\stm32f4xx_hal_flash_ex.o
#        D:\Electronics\Projects\MKS_DLP_new\SRC\firmware\MKSDLP_Alter_Debug\Obj\stm32f4xx_hal_flash_ramfunc.o
#        D:\Electronics\Projects\MKS_DLP_new\SRC\firmware\MKSDLP_Alter_Debug\Obj\stm32f4xx_hal_gpio.o
#        D:\Electronics\Projects\MKS_DLP_new\SRC\firmware\MKSDLP_Alter_Debug\Obj\stm32f4xx_hal_hcd.o
#        D:\Electronics\Projects\MKS_DLP_new\SRC\firmware\MKSDLP_Alter_Debug\Obj\stm32f4xx_hal_i2c.o
#        D:\Electronics\Projects\MKS_DLP_new\SRC\firmware\MKSDLP_Alter_Debug\Obj\stm32f4xx_hal_msp.o
#        D:\Electronics\Projects\MKS_DLP_new\SRC\firmware\MKSDLP_Alter_Debug\Obj\stm32f4xx_hal_pwr.o
#        D:\Electronics\Projects\MKS_DLP_new\SRC\firmware\MKSDLP_Alter_Debug\Obj\stm32f4xx_hal_pwr_ex.o
#        D:\Electronics\Projects\MKS_DLP_new\SRC\firmware\MKSDLP_Alter_Debug\Obj\stm32f4xx_hal_rcc.o
#        D:\Electronics\Projects\MKS_DLP_new\SRC\firmware\MKSDLP_Alter_Debug\Obj\stm32f4xx_hal_rcc_ex.o
#        D:\Electronics\Projects\MKS_DLP_new\SRC\firmware\MKSDLP_Alter_Debug\Obj\stm32f4xx_hal_rtc.o
#        D:\Electronics\Projects\MKS_DLP_new\SRC\firmware\MKSDLP_Alter_Debug\Obj\stm32f4xx_hal_rtc_ex.o
#        D:\Electronics\Projects\MKS_DLP_new\SRC\firmware\MKSDLP_Alter_Debug\Obj\stm32f4xx_hal_spi.o
#        D:\Electronics\Projects\MKS_DLP_new\SRC\firmware\MKSDLP_Alter_Debug\Obj\stm32f4xx_hal_sram.o
#        D:\Electronics\Projects\MKS_DLP_new\SRC\firmware\MKSDLP_Alter_Debug\Obj\stm32f4xx_hal_tim.o
#        D:\Electronics\Projects\MKS_DLP_new\SRC\firmware\MKSDLP_Alter_Debug\Obj\stm32f4xx_hal_tim_ex.o
#        D:\Electronics\Projects\MKS_DLP_new\SRC\firmware\MKSDLP_Alter_Debug\Obj\stm32f4xx_it.o
#        D:\Electronics\Projects\MKS_DLP_new\SRC\firmware\MKSDLP_Alter_Debug\Obj\stm32f4xx_ll_fsmc.o
#        D:\Electronics\Projects\MKS_DLP_new\SRC\firmware\MKSDLP_Alter_Debug\Obj\stm32f4xx_ll_usb.o
#        D:\Electronics\Projects\MKS_DLP_new\SRC\firmware\MKSDLP_Alter_Debug\Obj\sys_timer.o
#        D:\Electronics\Projects\MKS_DLP_new\SRC\firmware\MKSDLP_Alter_Debug\Obj\system_stm32f4xx.o
#        D:\Electronics\Projects\MKS_DLP_new\SRC\firmware\MKSDLP_Alter_Debug\Obj\tgui.o
#        D:\Electronics\Projects\MKS_DLP_new\SRC\firmware\MKSDLP_Alter_Debug\Obj\tgui_clocksetscreenfuncs.o
#        D:\Electronics\Projects\MKS_DLP_new\SRC\firmware\MKSDLP_Alter_Debug\Obj\tgui_defaultfuncs.o
#        D:\Electronics\Projects\MKS_DLP_new\SRC\firmware\MKSDLP_Alter_Debug\Obj\tgui_filesscreenfuncs.o
#        D:\Electronics\Projects\MKS_DLP_new\SRC\firmware\MKSDLP_Alter_Debug\Obj\tgui_fileviewscreenfuncs.o
#        D:\Electronics\Projects\MKS_DLP_new\SRC\firmware\MKSDLP_Alter_Debug\Obj\tgui_infoscreenfuncs.o
#        D:\Electronics\Projects\MKS_DLP_new\SRC\firmware\MKSDLP_Alter_Debug\Obj\tgui_langscreenfuncs.o
#        D:\Electronics\Projects\MKS_DLP_new\SRC\firmware\MKSDLP_Alter_Debug\Obj\tgui_mainscreenfuncs.o
#        D:\Electronics\Projects\MKS_DLP_new\SRC\firmware\MKSDLP_Alter_Debug\Obj\tgui_messagebox.o
#        D:\Electronics\Projects\MKS_DLP_new\SRC\firmware\MKSDLP_Alter_Debug\Obj\tgui_movezscreenfuncs.o
#        D:\Electronics\Projects\MKS_DLP_new\SRC\firmware\MKSDLP_Alter_Debug\Obj\tgui_numenterscreenfuncs.o
#        D:\Electronics\Projects\MKS_DLP_new\SRC\firmware\MKSDLP_Alter_Debug\Obj\tgui_printscreenfuncs.o
#        D:\Electronics\Projects\MKS_DLP_new\SRC\firmware\MKSDLP_Alter_Debug\Obj\tgui_screensaverfuncs.o
#        D:\Electronics\Projects\MKS_DLP_new\SRC\firmware\MKSDLP_Alter_Debug\Obj\tgui_settingsscreenfuncs.o
#        D:\Electronics\Projects\MKS_DLP_new\SRC\firmware\MKSDLP_Alter_Debug\Obj\tim.o
#        D:\Electronics\Projects\MKS_DLP_new\SRC\firmware\MKSDLP_Alter_Debug\Obj\touch.o
#        D:\Electronics\Projects\MKS_DLP_new\SRC\firmware\MKSDLP_Alter_Debug\Obj\unicode_utils.o
#        D:\Electronics\Projects\MKS_DLP_new\SRC\firmware\MKSDLP_Alter_Debug\Obj\usb_host.o
#        D:\Electronics\Projects\MKS_DLP_new\SRC\firmware\MKSDLP_Alter_Debug\Obj\usbh_conf.o
#        D:\Electronics\Projects\MKS_DLP_new\SRC\firmware\MKSDLP_Alter_Debug\Obj\usbh_core.o
#        D:\Electronics\Projects\MKS_DLP_new\SRC\firmware\MKSDLP_Alter_Debug\Obj\usbh_ctlreq.o
#        D:\Electronics\Projects\MKS_DLP_new\SRC\firmware\MKSDLP_Alter_Debug\Obj\usbh_diskio.o
#        D:\Electronics\Projects\MKS_DLP_new\SRC\firmware\MKSDLP_Alter_Debug\Obj\usbh_ioreq.o
#        D:\Electronics\Projects\MKS_DLP_new\SRC\firmware\MKSDLP_Alter_Debug\Obj\usbh_msc.o
#        D:\Electronics\Projects\MKS_DLP_new\SRC\firmware\MKSDLP_Alter_Debug\Obj\usbh_msc_bot.o
#        D:\Electronics\Projects\MKS_DLP_new\SRC\firmware\MKSDLP_Alter_Debug\Obj\usbh_msc_scsi.o
#        D:\Electronics\Projects\MKS_DLP_new\SRC\firmware\MKSDLP_Alter_Debug\Obj\usbh_pipes.o
#        D:\Electronics\Projects\MKS_DLP_new\SRC\firmware\MKSDLP_Alter_Debug\Obj\usbh_platform.o
#        D:\Electronics\Projects\MKS_DLP_new\SRC\firmware\MKSDLP_Alter_Debug\Obj\uvdisplay.o
#        D:\Electronics\Projects\MKS_DLP_new\SRC\firmware\MKSDLP_Alter_Debug\Obj\z_endstops.o
#        D:\Electronics\Projects\MKS_DLP_new\SRC\firmware\MKSDLP_Alter_Debug\Obj\z_planner.o
#        D:\Electronics\Projects\MKS_DLP_new\SRC\firmware\MKSDLP_Alter_Debug\Obj\z_stepper.o
#        --redirect _Printf=_PrintfFull --redirect _Scanf=_ScanfFull
#        --no_out_extension -o
#        D:\Electronics\Projects\MKS_DLP_new\SRC\firmware\MKSDLP_Alter_debug\Exe\MKS_DLP_new.out
#        --map
#        D:\Electronics\Projects\MKS_DLP_new\SRC\firmware\MKSDLP_Alter_debug\List\MKS_DLP_new.map
#        --log libraries,call_graph --log_file
#        D:\Electronics\Projects\MKS_DLP_new\SRC\firmware\MKSDLP_Alter_debug\List\MKS_DLP_new.log
#        --config
#        D:\Electronics\Projects\MKS_DLP_new\SRC\firmware/config/stm32f407xx_flash.icf
#        --semihosting --entry __iar_program_start --merge_duplicate_sections
#        --vfe --text_out locale)
#
###############################################################################

*******************************************************************************
*** RUNTIME MODEL ATTRIBUTES
***

CppFlavor                     = *
__CPP_Exceptions              = Disabled
__CPP_Language                = C++14
__Heap_Handler                = DLMalloc
__SystemLibrary               = DLib
__dlib_dynamic_initialization = normal
__dlib_version                = 6


*******************************************************************************
*** HEAP SELECTION
***

The advanced heap was selected because the application calls memory
allocation functions outside of system library functions, and there
are calls to deallocation functions in the application.


*******************************************************************************
*** PLACEMENT SUMMARY
***

"A0":  place at 0x801'0000 { ro section .intvec };
"P1":  place in [from 0x801'0000 to 0x807'ffff] { ro };
define block CSTACK with size = 16K, alignment = 8 { };
define block HEAP with size = 8K, alignment = 8 { };
"P2":  place in [from 0x2000'0000 to 0x2001'ffff] {
          rw, block CSTACK, block HEAP };
"P3":  place in [from 0x1000'0000 to 0x1000'ffff] { rw section CCMRAM };
initialize by copy { rw };

  Section                Kind         Address     Size  Object
  -------                ----         -------     ----  ------
"A0":                                            0x188
  .intvec                ro code   0x801'0000    0x188  startup_stm32f407xx.o [1]
                                 - 0x801'0188    0x188

"P1":                                          0x351c6
  .rodata                const     0x801'0188   0x66f0  fnt170num_lcd.o [1]
  .text                  ro code   0x801'6878   0x45a8  tgui.o [1]
  .text                  ro code   0x801'ae20     0x66  ABImemset.o [5]
  .text                  ro code   0x801'ae86     0x7a  lz77_init_single.o [5]
  .text                  ro code   0x801'af00    0xaf8  tgui_defaultfuncs.o [1]
  .text                  ro code   0x801'b9f8     0xa6  ABImemcpy.o [5]
  .text                  ro code   0x801'ba9e     0x3a  zero_init3.o [5]
  .text                  ro code   0x801'bad8     0x40  languages.o [1]
  .text                  ro code   0x801'bb18    0x754  tgui_messagebox.o [1]
  .text                  ro code   0x801'c26c    0x20c  sys_timer.o [1]
  .text                  ro code   0x801'c478    0x26c  datetime.o [1]
  .text                  ro code   0x801'c6e4     0x40  sprintf.o [2]
  .text                  ro code   0x801'c724    0xc20  lcd_ui.o [1]
  .text                  ro code   0x801'd344    0x520  lcd_low.o [1]
  .text                  ro code   0x801'd864   0x2be0  ff.o [1]
  .text                  ro code   0x802'0444    0x39a  unicode_utils.o [1]
  .text                  ro code   0x802'07de     0x26  xencoding_8859_1.o [2]
  .text                  ro code   0x802'0804    0x2d4  touch.o [1]
  .text                  ro code   0x802'0ad8     0x70  strncpy.o [5]
  .text                  ro code   0x802'0b48    0x418  stm32f4xx_hal_rtc.o [1]
  .text                  ro code   0x802'0f60      0xc  stm32f4xx_hal.o [1]
  .text                  ro code   0x802'0f6c    0xf46  xprintffull.o [2]
  .text                  ro code   0x802'1eb2     0x1e  xsscin.o [2]
  .text                  ro code   0x802'1ed0     0x28  stm32f4xx_hal.o [1]
  .text                  ro code   0x802'1ef8    0x114  fsmc.o [1]
  .text                  ro code   0x802'200c    0x458  stm32f4xx_hal_dma.o [1]
  .text                  ro code   0x802'2464    0x12c  stm32f4xx_hal_cortex.o [1]
  .text                  ro code   0x802'2590     0xb0  diskio.o [1]
  .text                  ro code   0x802'2640    0x144  ffunicode.o [1]
  .text                  ro code   0x802'2784    0x158  fatfs.o [1]
  .text                  ro code   0x802'28dc    0x5a0  fst_spi.o [1]
  .text                  ro code   0x802'2e7c    0x104  xlocale_c.o [2]
  .text                  ro code   0x802'2f80     0x16  strchr.o [5]
  .text                  ro code   0x802'2f96      0xa  xsprout.o [2]
  .text                  ro code   0x802'2fa0     0x40  xfail_s.o [2]
  .text                  ro code   0x802'2fe0     0x36  strlen.o [5]
  .rodata                const     0x802'3016      0x2  languages.o [1]
  .text                  ro code   0x802'3018     0x58  memchr.o [5]
  .text                  ro code   0x802'3070      0xa  xmbcurmax.o [2]
  .rodata                const     0x802'307a      0x2  languages.o [1]
  .text                  ro code   0x802'307c    0x230  I64DivMod.o [5]
  .text                  ro code   0x802'32ac    0x1a2  DblMul.o [4]
  .rodata                const     0x802'344e      0x1  unwind_debug.o [6]
  .text                  ro code   0x802'3450     0x70  frexp.o [4]
  .text                  ro code   0x802'34c0     0x2e  DblCmpLe.o [4]
  .text                  ro code   0x802'34f0     0x2e  DblCmpGe.o [4]
  .text                  ro code   0x802'3520    0x13a  ldexp.o [4]
  .text                  ro code   0x802'365c     0x3a  DblToS32.o [4]
  .text                  ro code   0x802'3698     0x22  S32ToDbl.o [4]
  .text                  ro code   0x802'36bc     0xe2  DblSub.o [4]
  .text                  ro code   0x802'37a0    0x246  DblDiv.o [4]
  .text                  ro code   0x802'39e8     0x28  DblToU32.o [4]
  .text                  ro code   0x802'3a10     0x1a  U32ToDbl.o [4]
  .text                  ro code   0x802'3a2c      0x6  ABImemclr4.o [5]
  .text                  ro code   0x802'3a34     0x5c  stm32f4xx_hal_sram.o [1]
  .text                  ro code   0x802'3a90   0x122e  main.o [1]
  .text                  ro code   0x802'4cc0    0x252  stm32f4xx_hal_gpio.o [1]
  .text                  ro code   0x802'4f14     0x54  ff_gen_drv.o [1]
  .text                  ro code   0x802'4f68    0x766  stm32f4xx_hal_spi.o [1]
  .text                  ro code   0x802'56ce      0x6  abort.o [2]
  .text                  ro code   0x802'56d4      0x2  stm32f4xx_hal_spi.o [1]
  .text                  ro code   0x802'56d8    0x17a  DblAdd.o [4]
  .text                  ro code   0x802'5854     0x32  ABImemset48.o [5]
  .text                  ro code   0x802'5888     0xe4  stm32f4xx_ll_fsmc.o [1]
  .text                  ro code   0x802'596c     0x34  stm32f4xx_hal.o [1]
  .text                  ro code   0x802'59a0    0x2dc  gpio.o [1]
  .text                  ro code   0x802'5c7c    0x5e4  eeprom.o [1]
  .text                  ro code   0x802'6260    0xec4  config.o [1]
  .text                  ro code   0x802'7124    0x304  spi_flash.o [1]
  .text                  ro code   0x802'7428     0xc8  rtc.o [1]
  .text                  ro code   0x802'74f0    0x2f0  motor.o [1]
  .text                  ro code   0x802'77e0    0x1da  cpld_utils.o [1]
  .text                  ro code   0x802'79bc     0x1c  uvdisplay.o [1]
  .text                  ro code   0x802'79d8     0x20  usbh_platform.o [1]
  .text                  ro code   0x802'79f8     0x8c  usb_host.o [1]
  .text                  ro code   0x802'7a84     0x12  strcmp.o [5]
  .text                  ro code   0x802'7a98    0x3c8  tgui_screensaverfuncs.o [1]
  .text                  ro code   0x802'7e60     0x48  FltToDbl.o [4]
  .text                  ro code   0x802'7ea8     0x68  DblToFlt.o [4]
  .text                  ro code   0x802'7f10    0x524  tgui_movezscreenfuncs.o [1]
  .text                  ro code   0x802'8434    0x66c  printing.o [1]
  .text                  ro code   0x802'8aa0    0x3cc  prtfiles.o [1]
  .text                  ro code   0x802'8e6c    0x3b4  stm32f4xx_hal_rcc.o [1]
  .text                  ro code   0x802'9220    0x1f4  stm32f4xx_hal_rcc.o [1]
  .text                  ro code   0x802'9414    0x150  stm32f4xx_hal_rcc_ex.o [1]
  .text                  ro code   0x802'9564     0x14  exit.o [6]
  .text                  ro code   0x802'9578     0x4c  stm32f4xx_hal.o [1]
  .text                  ro code   0x802'95c4     0x40  stm32f4xx_hal_msp.o [1]
  .text                  ro code   0x802'9604    0x1ea  stm32f4xx_hal_i2c.o [1]
  .text                  ro code   0x802'97f0      0xe  math_wrappers64.o [4]
  .text                  ro code   0x802'9800    0x152  iar_Stoulx.o [2]
  .text                  ro code   0x802'9952     0x20  spi_flash.o [1]
  .text                  ro code   0x802'9974     0xe4  z_endstops.o [1]
  .text                  ro code   0x802'9a58    0xe34  z_planner.o [1]
  .text                  ro code   0x802'a88c    0x5a4  z_stepper.o [1]
  .text                  ro code   0x802'ae30    0x1e8  tim.o [1]
  .text                  ro code   0x802'b018    0x78a  stm32f4xx_hal_tim.o [1]
  .text                  ro code   0x802'b7a4     0x14  motor.o [1]
  .text                  ro code   0x802'b7b8      0xc  z_endstops.o [1]
  .text                  ro code   0x802'b7c4     0x18  z_endstops.o [1]
  .text                  ro code   0x802'b7dc     0x20  z_stepper.o [1]
  .text                  ro code   0x802'b7fc     0x20  motor.o [1]
  .text                  ro code   0x802'b81c     0x42  cpld_utils.o [1]
  .text                  ro code   0x802'b860    0x5c8  ssd_utils.o [1]
  .text                  ro code   0x802'be28    0x79e  usbh_core.o [1]
  .text                  ro code   0x802'c5c8    0x4cc  files_pws.o [1]
  .text                  ro code   0x802'ca94     0x1e  sqrtf.o [4]
  .text                  ro code   0x802'cab4    0x51c  strto64.o [4]
  .text                  ro code   0x802'cfd0     0x14  isspace.o [2]
  .text                  ro code   0x802'cfe4     0x14  tolower.o [2]
  .text                  ro code   0x802'cff8     0x18  z_stepper.o [1]
  .text                  ro code   0x802'd010     0x24  z_planner.o [1]
  .text                  ro code   0x802'd034     0x18  z_planner.o [1]
  .text                  ro code   0x802'd04c      0x8  z_stepper.o [1]
  .text                  ro code   0x802'd054     0x3c  ceilf.o [4]
  .text                  ro code   0x802'd090     0xac  z_planner.o [1]
  .text                  ro code   0x802'd13c     0x3c  floorf.o [4]
  .text                  ro code   0x802'd178     0xbc  z_planner.o [1]
  .text                  ro code   0x802'd234     0x12  z_planner.o [1]
  .text                  ro code   0x802'd246      0x8  z_planner.o [1]
  .text                  ro code   0x802'd250     0x20  z_stepper.o [1]
  .text                  ro code   0x802'd270     0x10  z_stepper.o [1]
  .text                  ro code   0x802'd280      0xc  z_stepper.o [1]
  .text                  ro code   0x802'd28c     0x38  z_planner.o [1]
  .text                  ro code   0x802'd2c4     0x18  z_planner.o [1]
  .text                  ro code   0x802'd2dc     0x2e  lroundf.o [4]
  .text                  ro code   0x802'd30c     0x1c  z_stepper.o [1]
  .text                  ro code   0x802'd328     0x2c  z_stepper.o [1]
  .text                  ro code   0x802'd354     0xac  stm32f4xx_hal_tim_ex.o [1]
  .text                  ro code   0x802'd400    0x2f8  usbh_conf.o [1]
  .text                  ro code   0x802'd6f8     0xb6  usbh_pipes.o [1]
  .text                  ro code   0x802'd7ae    0x5bc  usbh_ctlreq.o [1]
  .text                  ro code   0x802'dd6a    0x122  iar_Stopfx.o [2]
  .text                  ro code   0x802'de8c    0x1c4  iar_Stoflt.o [2]
  .text                  ro code   0x802'e050    0x21c  iar_Stoxflt.o [2]
  .text                  ro code   0x802'e26c     0x10  z_stepper.o [1]
  .text                  ro code   0x802'e27c      0xe  z_planner.o [1]
  .text                  ro code   0x802'e28c     0x1c  z_stepper.o [1]
  .text                  ro code   0x802'e2a8   0x1060  stm32f4xx_hal_hcd.o [1]
  .text                  ro code   0x802'f308     0xd0  usbh_ioreq.o [1]
  .text                  ro code   0x802'f3d8     0x14  isalpha.o [2]
  .text                  ro code   0x802'f3ec    0x9c4  stm32f4xx_ll_usb.o [1]
  .rodata                const     0x802'fdb0   0x3b94  fnt36.o [1]
  .rodata                const     0x803'3944   0x2094  fnt24bold.o [1]
  .rodata                const     0x803'59d8   0x1a1c  fnt24.o [1]
  .text                  ro code   0x803'73f4   0x14e0  dlmalloc.o [2]
  .text                  ro code   0x803'88d4     0x2c  xgetmemchunk.o [2]
  .rodata                const     0x803'8900   0x10c8  fnt18bold.o [1]
  .text                  ro code   0x803'99c8    0xeb8  tgui_filesscreenfuncs.o [1]
  .text                  ro code   0x803'a880     0x18  strcpy.o [5]
  .text                  ro code   0x803'a898     0x1e  strcat.o [2]
  .text                  ro code   0x803'a8b8    0xb70  tgui_fileviewscreenfuncs.o [1]
  .rodata                const     0x803'b428    0xea4  fnt18.o [1]
  .text                  ro code   0x803'c2cc    0xe58  xscanffull.o [2]
  .text                  ro code   0x803'd124     0x3c  wctob.o [2]
  .text                  ro code   0x803'd160     0x9e  iar_Stollx.o [2]
  .text                  ro code   0x803'd200    0x1b2  iar_Stoullx.o [2]
  .text                  ro code   0x803'd3b4    0x94c  tgui_printscreenfuncs.o [1]
  .text                  ro code   0x803'dd00    0x8b4  usbh_msc.o [1]
  .text                  ro code   0x803'e5b4    0x394  usbh_msc_bot.o [1]
  .text                  ro code   0x803'e948      0x4  heaptramp0.o [2]
  .text                  ro code   0x803'e94c    0x3ea  usbh_msc_scsi.o [1]
  .rodata                const     0x803'ed38    0x788  fnt12bold.o [1]
  .rodata                const     0x803'f4c0    0x6b4  fnt12.o [1]
  .rodata                const     0x803'fb74    0x684  fnt36num.o [1]
  .text                  ro code   0x804'01f8    0x680  tgui_clocksetscreenfuncs.o [1]
  .text                  ro code   0x804'0878    0x620  tgui_numenterscreenfuncs.o [1]
  .text                  ro code   0x804'0e98     0x28  sscanf.o [2]
  .text                  ro code   0x804'0ec0    0x474  tgui_infoscreenfuncs.o [1]
  .text                  ro code   0x804'1334    0x400  tgui_settingsscreenfuncs.o [1]
  .rodata                const     0x804'1734    0x1f4  ffunicode.o [1]
  .rodata                const     0x804'1928    0x1d0  languages.o [1]
  .rodata                const     0x804'1af8    0x1d0  languages.o [1]
  .text                  ro code   0x804'1cc8    0x144  usbh_diskio.o [1]
  .rodata                const     0x804'1e0c    0x140  fnt12.o [1]
  .rodata                const     0x804'1f4c    0x140  fnt12bold.o [1]
  .rodata                const     0x804'208c    0x140  fnt18.o [1]
  .rodata                const     0x804'21cc    0x140  fnt18bold.o [1]
  .rodata                const     0x804'230c    0x140  fnt24.o [1]
  .rodata                const     0x804'244c    0x140  fnt24bold.o [1]
  .rodata                const     0x804'258c    0x140  fnt36.o [1]
  .text                  ro code   0x804'26cc    0x12c  spifl_diskio.o [1]
  .rodata                const     0x804'27f8    0x100  ffunicode.o [1]
  .rodata                const     0x804'28f8     0xc8  languages.o [1]
  .rodata                const     0x804'29c0     0xbc  ffunicode.o [1]
  .rodata                const     0x804'2a7c     0x9c  languages.o [1]
  .text                  ro code   0x804'2b18     0x9c  stm32f4xx_it.o [1]
  .rodata                const     0x804'2bb4     0x80  ff.o [1]
  .rodata                const     0x804'2c34     0x78  languages.o [1]
  .rodata                const     0x804'2cac     0x74  languages.o [1]
  .rodata                const     0x804'2d20     0x74  languages.o [1]
  .rodata                const     0x804'2d94     0x70  languages.o [1]
  .rodata                const     0x804'2e04     0x70  languages.o [1]
  .rodata                const     0x804'2e74     0x68  languages.o [1]
  .rodata                const     0x804'2edc     0x68  languages.o [1]
  .rodata                const     0x804'2f44     0x68  languages.o [1]
  .rodata                const     0x804'2fac     0x54  languages.o [1]
  .rodata                const     0x804'3000     0x54  languages.o [1]
  .rodata                const     0x804'3054     0x50  iar_Stoulx.o [2]
  .rodata                const     0x804'30a4     0x50  iar_Stoullx.o [2]
  .rodata                const     0x804'30f4     0x4c  languages.o [1]
  .rodata                const     0x804'3140     0x4c  xscanffull.o [2]
  .rodata                const     0x804'318c     0x48  languages.o [1]
  .rodata                const     0x804'31d4     0x44  languages.o [1]
  .rodata                const     0x804'3218     0x48  strto64.o [4]
  .rodata                const     0x804'3260     0x40  languages.o [1]
  .rodata                const     0x804'32a0     0x3c  languages.o [1]
  .rodata                const     0x804'32dc     0x3c  languages.o [1]
  .rodata                const     0x804'3318     0x3c  languages.o [1]
  .rodata                const     0x804'3354     0x3c  languages.o [1]
  .rodata                const     0x804'3390     0x3c  languages.o [1]
  .rodata                const     0x804'33cc     0x38  fnt170num_lcd.o [1]
  .rodata                const     0x804'3404     0x38  fnt36num.o [1]
  .rodata                const     0x804'343c     0x38  languages.o [1]
  .rodata                const     0x804'3474     0x38  languages.o [1]
  .rodata                const     0x804'34ac     0x38  main.o [1]
  .rodata                const     0x804'34e4     0x34  languages.o [1]
  .rodata                const     0x804'3518     0x34  languages.o [1]
  .rodata                const     0x804'354c     0x34  main.o [1]
  .rodata                const     0x804'3580     0x34  main.o [1]
  .rodata                const     0x804'35b4     0x30  languages.o [1]
  .rodata                const     0x804'35e4     0x30  languages.o [1]
  .rodata                const     0x804'3614     0x30  languages.o [1]
  .rodata                const     0x804'3644     0x30  languages.o [1]
  .rodata                const     0x804'3674     0x30  main.o [1]
  .rodata                const     0x804'36a4     0x30  main.o [1]
  .rodata                const     0x804'36d4     0x30  main.o [1]
  .rodata                const     0x804'3704     0x2c  languages.o [1]
  .rodata                const     0x804'3730     0x2c  languages.o [1]
  .rodata                const     0x804'375c     0x2c  languages.o [1]
  .rodata                const     0x804'3788     0x2c  main.o [1]
  .rodata                const     0x804'37b4     0x2c  main.o [1]
  .rodata                const     0x804'37e0     0x28  languages.o [1]
  .rodata                const     0x804'3808     0x28  languages.o [1]
  .rodata                const     0x804'3830     0x28  main.o [1]
  .rodata                const     0x804'3858     0x28  xscanffull.o [2]
  .text                  ro code   0x804'3880     0x28  data_init.o [5]
  .rodata                const     0x804'38a8     0x24  languages.o [1]
  .rodata                const     0x804'38cc     0x24  languages.o [1]
  .rodata                const     0x804'38f0     0x24  languages.o [1]
  .rodata                const     0x804'3914     0x24  main.o [1]
  .rodata                const     0x804'3938     0x24  tgui_infoscreenfuncs.o [1]
  .text                  ro code   0x804'395c     0x22  fpinit_M.o [4]
  .iar.init_table        const     0x804'3980     0x24  - Linker created -
  .rodata                const     0x804'39a4     0x20  languages.o [1]
  .rodata                const     0x804'39c4     0x20  languages.o [1]
  .rodata                const     0x804'39e4     0x20  languages.o [1]
  .rodata                const     0x804'3a04     0x20  languages.o [1]
  .rodata                const     0x804'3a24     0x20  languages.o [1]
  .rodata                const     0x804'3a44     0x20  languages.o [1]
  .rodata                const     0x804'3a64     0x20  languages.o [1]
  .rodata                const     0x804'3a84     0x20  main.o [1]
  .rodata                const     0x804'3aa4     0x20  tgui.o [1]
  .rodata                const     0x804'3ac4     0x20  tgui.o [1]
  .rodata                const     0x804'3ae4     0x20  tgui.o [1]
  .rodata                const     0x804'3b04     0x20  tgui.o [1]
  .rodata                const     0x804'3b24     0x20  tgui.o [1]
  .rodata                const     0x804'3b44     0x20  tgui.o [1]
  .rodata                const     0x804'3b64     0x20  tgui.o [1]
  .rodata                const     0x804'3b84     0x20  tgui_printscreenfuncs.o [1]
  .text                  ro code   0x804'3ba4     0x20  system_stm32f4xx.o [1]
  .text                  ro code   0x804'3bc4     0x20  cmain_call_ctors.o [5]
  .text                  ro code   0x804'3be4     0x18  cppinit.o [2]
  .text                  ro code   0x804'3bfc     0x1e  cmain.o [5]
  .text                  ro code   0x804'3c1a      0x4  low_level_init.o [2]
  .text                  ro code   0x804'3c1e      0x4  exit.o [2]
  .text                  ro code   0x804'3c24      0xa  cexit.o [5]
  .rodata                const     0x804'3c30     0x1c  languages.o [1]
  .rodata                const     0x804'3c4c     0x1c  languages.o [1]
  .rodata                const     0x804'3c68     0x1c  languages.o [1]
  .rodata                const     0x804'3c84     0x1c  languages.o [1]
  .rodata                const     0x804'3ca0     0x1c  languages.o [1]
  .rodata                const     0x804'3cbc     0x1c  languages.o [1]
  .rodata                const     0x804'3cd8     0x1c  languages.o [1]
  .rodata                const     0x804'3cf4     0x1c  languages.o [1]
  .rodata                const     0x804'3d10     0x1c  languages.o [1]
  .rodata                const     0x804'3d2c     0x1c  languages.o [1]
  .rodata                const     0x804'3d48     0x1c  languages.o [1]
  .rodata                const     0x804'3d64     0x1c  tgui.o [1]
  .rodata                const     0x804'3d80     0x1c  tgui.o [1]
  .rodata                const     0x804'3d9c     0x1c  tgui.o [1]
  .rodata                const     0x804'3db8     0x1c  tgui.o [1]
  .rodata                const     0x804'3dd4     0x1c  tgui.o [1]
  .rodata                const     0x804'3df0     0x1c  tgui.o [1]
  .rodata                const     0x804'3e0c     0x1c  tgui.o [1]
  .rodata                const     0x804'3e28     0x1c  tgui.o [1]
  .rodata                const     0x804'3e44     0x1c  tgui.o [1]
  .rodata                const     0x804'3e60     0x1c  tgui.o [1]
  .rodata                const     0x804'3e7c     0x1c  tgui.o [1]
  .rodata                const     0x804'3e98     0x1c  tgui.o [1]
  .rodata                const     0x804'3eb4     0x1c  tgui.o [1]
  .rodata                const     0x804'3ed0     0x1c  tgui.o [1]
  .rodata                const     0x804'3eec     0x1c  tgui.o [1]
  .rodata                const     0x804'3f08     0x1c  tgui.o [1]
  .rodata                const     0x804'3f24     0x1c  tgui.o [1]
  .rodata                const     0x804'3f40     0x1c  tgui.o [1]
  .rodata                const     0x804'3f5c     0x1c  tgui.o [1]
  .rodata                const     0x804'3f78     0x1c  tgui.o [1]
  .rodata                const     0x804'3f94     0x1c  tgui.o [1]
  .rodata                const     0x804'3fb0     0x1c  tgui.o [1]
  .rodata                const     0x804'3fcc     0x1c  tgui.o [1]
  .rodata                const     0x804'3fe8     0x1c  tgui.o [1]
  .rodata                const     0x804'4004     0x1c  tgui.o [1]
  .rodata                const     0x804'4020     0x1c  tgui.o [1]
  .rodata                const     0x804'403c     0x1c  tgui.o [1]
  .rodata                const     0x804'4058     0x1c  tgui.o [1]
  .rodata                const     0x804'4074     0x1c  tgui.o [1]
  .rodata                const     0x804'4090     0x1c  tgui_fileviewscreenfuncs.o [1]
  .rodata                const     0x804'40ac     0x1c  tgui_infoscreenfuncs.o [1]
  .text                  ro code   0x804'40c8     0x1c  tgui_langscreenfuncs.o [1]
  .rodata                const     0x804'40e4     0x18  config.o [1]
  .rodata                const     0x804'40fc     0x18  config.o [1]
  .rodata                const     0x804'4114     0x18  config.o [1]
  .rodata                const     0x804'412c     0x18  config.o [1]
  .rodata                const     0x804'4144     0x18  config.o [1]
  .rodata                const     0x804'415c     0x18  datetime.o [1]
  .rodata                const     0x804'4174     0x18  datetime.o [1]
  .rodata                const     0x804'418c     0x18  languages.o [1]
  .rodata                const     0x804'41a4     0x18  languages.o [1]
  .rodata                const     0x804'41bc     0x18  languages.o [1]
  .rodata                const     0x804'41d4     0x18  languages.o [1]
  .rodata                const     0x804'41ec     0x18  languages.o [1]
  .rodata                const     0x804'4204     0x18  languages.o [1]
  .rodata                const     0x804'421c     0x18  main.o [1]
  .rodata                const     0x804'4234     0x18  main.o [1]
  .rodata                const     0x804'424c     0x18  main.o [1]
  .rodata                const     0x804'4264     0x18  tgui.o [1]
  .rodata                const     0x804'427c     0x18  tgui.o [1]
  .rodata                const     0x804'4294     0x18  tgui.o [1]
  .rodata                const     0x804'42ac     0x18  tgui.o [1]
  .rodata                const     0x804'42c4     0x18  tgui.o [1]
  .rodata                const     0x804'42dc     0x18  tgui.o [1]
  .rodata                const     0x804'42f4     0x18  tgui.o [1]
  .rodata                const     0x804'430c     0x18  tgui.o [1]
  .rodata                const     0x804'4324     0x18  tgui.o [1]
  .rodata                const     0x804'433c     0x18  tgui.o [1]
  .rodata                const     0x804'4354     0x18  tgui.o [1]
  .rodata                const     0x804'436c     0x18  tgui.o [1]
  .rodata                const     0x804'4384     0x18  tgui.o [1]
  .rodata                const     0x804'439c     0x18  tgui.o [1]
  .rodata                const     0x804'43b4     0x18  tgui.o [1]
  .rodata                const     0x804'43cc     0x18  tgui.o [1]
  .rodata                const     0x804'43e4     0x18  tgui.o [1]
  .rodata                const     0x804'43fc     0x18  tgui.o [1]
  .rodata                const     0x804'4414     0x18  tgui.o [1]
  .rodata                const     0x804'442c     0x18  tgui.o [1]
  .rodata                const     0x804'4444     0x18  tgui.o [1]
  .rodata                const     0x804'445c     0x18  tgui.o [1]
  .rodata                const     0x804'4474     0x18  tgui.o [1]
  .rodata                const     0x804'448c     0x18  tgui_filesscreenfuncs.o [1]
  .rodata                const     0x804'44a4     0x18  tgui_filesscreenfuncs.o [1]
  .rodata                const     0x804'44bc     0x14  config.o [1]
  .rodata                const     0x804'44d0     0x14  config.o [1]
  .rodata                const     0x804'44e4     0x14  config.o [1]
  .rodata                const     0x804'44f8     0x14  config.o [1]
  .rodata                const     0x804'450c     0x14  ff.o [1]
  .rodata                const     0x804'4520     0x14  ff.o [1]
  .rodata                const     0x804'4534     0x14  languages.o [1]
  .rodata                const     0x804'4548     0x14  languages.o [1]
  .rodata                const     0x804'455c     0x14  languages.o [1]
  .rodata                const     0x804'4570     0x14  languages.o [1]
  .rodata                const     0x804'4584     0x14  languages.o [1]
  .rodata                const     0x804'4598     0x14  languages.o [1]
  .rodata                const     0x804'45ac     0x14  languages.o [1]
  .rodata                const     0x804'45c0     0x14  languages.o [1]
  .rodata                const     0x804'45d4     0x14  languages.o [1]
  .rodata                const     0x804'45e8     0x14  spifl_diskio.o [1]
  .rodata                const     0x804'45fc     0x14  tgui.o [1]
  .rodata                const     0x804'4610     0x14  tgui.o [1]
  .rodata                const     0x804'4624     0x14  tgui.o [1]
  .rodata                const     0x804'4638     0x14  tgui.o [1]
  .rodata                const     0x804'464c     0x14  tgui.o [1]
  .rodata                const     0x804'4660     0x14  tgui.o [1]
  .rodata                const     0x804'4674     0x14  tgui.o [1]
  .rodata                const     0x804'4688     0x14  tgui_filesscreenfuncs.o [1]
  .rodata                const     0x804'469c     0x14  tgui_filesscreenfuncs.o [1]
  .rodata                const     0x804'46b0     0x14  tgui_infoscreenfuncs.o [1]
  .rodata                const     0x804'46c4     0x14  usbh_diskio.o [1]
  .rodata                const     0x804'46d8     0x10  config.o [1]
  .rodata                const     0x804'46e8     0x10  config.o [1]
  .rodata                const     0x804'46f8     0x10  config.o [1]
  .rodata                const     0x804'4708     0x10  config.o [1]
  .rodata                const     0x804'4718     0x10  config.o [1]
  .rodata                const     0x804'4728     0x10  config.o [1]
  .rodata                const     0x804'4738     0x10  ff.o [1]
  .rodata                const     0x804'4748     0x10  ff.o [1]
  .rodata                const     0x804'4758     0x10  ff.o [1]
  .rodata                const     0x804'4768     0x10  ff.o [1]
  .rodata                const     0x804'4778     0x10  languages.o [1]
  .rodata                const     0x804'4788     0x10  languages.o [1]
  .rodata                const     0x804'4798     0x10  languages.o [1]
  .rodata                const     0x804'47a8     0x10  languages.o [1]
  .rodata                const     0x804'47b8     0x10  languages.o [1]
  .rodata                const     0x804'47c8     0x10  languages.o [1]
  .rodata                const     0x804'47d8     0x10  languages.o [1]
  .rodata                const     0x804'47e8     0x10  languages.o [1]
  .rodata                const     0x804'47f8     0x10  languages.o [1]
  .rodata                const     0x804'4808     0x10  languages.o [1]
  .rodata                const     0x804'4818     0x10  languages.o [1]
  .rodata                const     0x804'4828     0x10  languages.o [1]
  .rodata                const     0x804'4838     0x10  languages.o [1]
  .rodata                const     0x804'4848     0x10  languages.o [1]
  .rodata                const     0x804'4858     0x10  languages.o [1]
  .rodata                const     0x804'4868     0x10  languages.o [1]
  .rodata                const     0x804'4878     0x10  languages.o [1]
  .rodata                const     0x804'4888     0x10  languages.o [1]
  .rodata                const     0x804'4898     0x10  languages.o [1]
  .rodata                const     0x804'48a8     0x10  languages.o [1]
  .rodata                const     0x804'48b8     0x10  languages.o [1]
  .rodata                const     0x804'48c8     0x10  main.o [1]
  .rodata                const     0x804'48d8     0x10  main.o [1]
  .rodata                const     0x804'48e8     0x10  system_stm32f4xx.o [1]
  .rodata                const     0x804'48f8     0x10  tgui.o [1]
  .rodata                const     0x804'4908     0x10  tgui.o [1]
  .rodata                const     0x804'4918     0x10  tgui.o [1]
  .rodata                const     0x804'4928     0x10  tgui.o [1]
  .rodata                const     0x804'4938     0x10  tgui.o [1]
  .rodata                const     0x804'4948     0x10  tgui.o [1]
  .rodata                const     0x804'4958     0x10  tgui_defaultfuncs.o [1]
  .text                  ro code   0x804'4968     0x10  startup_stm32f407xx.o [1]
  .rodata                const     0x804'4978      0xc  config.o [1]
  .rodata                const     0x804'4984      0xc  config.o [1]
  .rodata                const     0x804'4990      0xc  config.o [1]
  .rodata                const     0x804'499c      0xc  config.o [1]
  .rodata                const     0x804'49a8      0xc  config.o [1]
  .rodata                const     0x804'49b4      0xc  config.o [1]
  .rodata                const     0x804'49c0      0xc  config.o [1]
  .rodata                const     0x804'49cc      0xc  ff.o [1]
  .rodata                const     0x804'49d8      0xc  ff.o [1]
  .rodata                const     0x804'49e4      0xc  files_pws.o [1]
  .rodata                const     0x804'49f0      0xc  files_pws.o [1]
  .rodata                const     0x804'49fc      0xc  languages.o [1]
  .rodata                const     0x804'4a08      0xc  languages.o [1]
  .rodata                const     0x804'4a14      0xc  languages.o [1]
  .rodata                const     0x804'4a20      0xc  languages.o [1]
  .rodata                const     0x804'4a2c      0xc  languages.o [1]
  .rodata                const     0x804'4a38      0xc  languages.o [1]
  .rodata                const     0x804'4a44      0xc  languages.o [1]
  .rodata                const     0x804'4a50      0xc  languages.o [1]
  .rodata                const     0x804'4a5c      0xc  languages.o [1]
  .rodata                const     0x804'4a68      0xc  languages.o [1]
  .rodata                const     0x804'4a74      0xc  languages.o [1]
  .rodata                const     0x804'4a80      0xc  languages.o [1]
  .rodata                const     0x804'4a8c      0xc  languages.o [1]
  .rodata                const     0x804'4a98      0xc  languages.o [1]
  .rodata                const     0x804'4aa4      0xc  languages.o [1]
  .rodata                const     0x804'4ab0      0xc  languages.o [1]
  .rodata                const     0x804'4abc      0xc  languages.o [1]
  .rodata                const     0x804'4ac8      0xc  languages.o [1]
  .rodata                const     0x804'4ad4      0xc  languages.o [1]
  .rodata                const     0x804'4ae0      0xc  languages.o [1]
  .rodata                const     0x804'4aec      0xc  languages.o [1]
  .rodata                const     0x804'4af8      0xc  languages.o [1]
  .rodata                const     0x804'4b04      0xc  languages.o [1]
  .rodata                const     0x804'4b10      0xc  languages.o [1]
  .rodata                const     0x804'4b1c      0xc  languages.o [1]
  .rodata                const     0x804'4b28      0xc  languages.o [1]
  .rodata                const     0x804'4b34      0xc  languages.o [1]
  .rodata                const     0x804'4b40      0xc  languages.o [1]
  .rodata                const     0x804'4b4c      0xc  languages.o [1]
  .rodata                const     0x804'4b58      0xc  languages.o [1]
  .rodata                const     0x804'4b64      0xc  languages.o [1]
  .rodata                const     0x804'4b70      0xc  languages.o [1]
  .rodata                const     0x804'4b7c      0xc  languages.o [1]
  .rodata                const     0x804'4b88      0xc  main.o [1]
  .rodata                const     0x804'4b94      0xc  main.o [1]
  .rodata                const     0x804'4ba0      0xc  tgui.o [1]
  .rodata                const     0x804'4bac      0xc  tgui_clocksetscreenfuncs.o [1]
  .rodata                const     0x804'4bb8      0xc  tgui_fileviewscreenfuncs.o [1]
  .rodata                const     0x804'4bc4      0xc  tgui_fileviewscreenfuncs.o [1]
  .rodata                const     0x804'4bd0      0xc  tgui_fileviewscreenfuncs.o [1]
  .rodata                const     0x804'4bdc      0xc  tgui_fileviewscreenfuncs.o [1]
  .rodata                const     0x804'4be8      0xc  tgui_screensaverfuncs.o [1]
  .rodata                const     0x804'4bf4      0xc  tgui_screensaverfuncs.o [1]
  .text                  ro code   0x804'4c00      0xc  cstartup_M.o [5]
  .rodata                const     0x804'4c0c      0x8  config.o [1]
  .rodata                const     0x804'4c14      0x8  config.o [1]
  .rodata                const     0x804'4c1c      0x8  ff.o [1]
  .rodata                const     0x804'4c24      0x8  ff.o [1]
  .rodata                const     0x804'4c2c      0x8  files_pws.o [1]
  .rodata                const     0x804'4c34      0x8  files_pws.o [1]
  .rodata                const     0x804'4c3c      0x8  languages.o [1]
  .rodata                const     0x804'4c44      0x8  languages.o [1]
  .rodata                const     0x804'4c4c      0x8  languages.o [1]
  .rodata                const     0x804'4c54      0x8  languages.o [1]
  .rodata                const     0x804'4c5c      0x8  languages.o [1]
  .rodata                const     0x804'4c64      0x8  languages.o [1]
  .rodata                const     0x804'4c6c      0x8  languages.o [1]
  .rodata                const     0x804'4c74      0x8  languages.o [1]
  .rodata                const     0x804'4c7c      0x8  languages.o [1]
  .rodata                const     0x804'4c84      0x8  languages.o [1]
  .rodata                const     0x804'4c8c      0x8  languages.o [1]
  .rodata                const     0x804'4c94      0x8  languages.o [1]
  .rodata                const     0x804'4c9c      0x8  languages.o [1]
  .rodata                const     0x804'4ca4      0x8  languages.o [1]
  .rodata                const     0x804'4cac      0x8  languages.o [1]
  .rodata                const     0x804'4cb4      0x8  languages.o [1]
  .rodata                const     0x804'4cbc      0x8  languages.o [1]
  .rodata                const     0x804'4cc4      0x8  languages.o [1]
  .rodata                const     0x804'4ccc      0x8  languages.o [1]
  .rodata                const     0x804'4cd4      0x8  languages.o [1]
  .rodata                const     0x804'4cdc      0x8  languages.o [1]
  .rodata                const     0x804'4ce4      0x8  languages.o [1]
  .rodata                const     0x804'4cec      0x8  languages.o [1]
  .rodata                const     0x804'4cf4      0x8  languages.o [1]
  .rodata                const     0x804'4cfc      0x8  languages.o [1]
  .rodata                const     0x804'4d04      0x8  languages.o [1]
  .rodata                const     0x804'4d0c      0x8  languages.o [1]
  .rodata                const     0x804'4d14      0x8  languages.o [1]
  .rodata                const     0x804'4d1c      0x8  languages.o [1]
  .rodata                const     0x804'4d24      0x8  languages.o [1]
  .rodata                const     0x804'4d2c      0x8  languages.o [1]
  .rodata                const     0x804'4d34      0x8  languages.o [1]
  .rodata                const     0x804'4d3c      0x8  languages.o [1]
  .rodata                const     0x804'4d44      0x8  languages.o [1]
  .rodata                const     0x804'4d4c      0x8  languages.o [1]
  .rodata                const     0x804'4d54      0x8  languages.o [1]
  .rodata                const     0x804'4d5c      0x8  languages.o [1]
  .rodata                const     0x804'4d64      0x8  languages.o [1]
  .rodata                const     0x804'4d6c      0x8  languages.o [1]
  .rodata                const     0x804'4d74      0x8  languages.o [1]
  .rodata                const     0x804'4d7c      0x8  languages.o [1]
  .rodata                const     0x804'4d84      0x8  languages.o [1]
  .rodata                const     0x804'4d8c      0x8  languages.o [1]
  .rodata                const     0x804'4d94      0x8  languages.o [1]
  .rodata                const     0x804'4d9c      0x8  languages.o [1]
  .rodata                const     0x804'4da4      0x8  languages.o [1]
  .rodata                const     0x804'4dac      0x8  languages.o [1]
  .rodata                const     0x804'4db4      0x8  languages.o [1]
  .rodata                const     0x804'4dbc      0x8  languages.o [1]
  .rodata                const     0x804'4dc4      0x8  languages.o [1]
  .rodata                const     0x804'4dcc      0x8  languages.o [1]
  .rodata                const     0x804'4dd4      0x8  languages.o [1]
  .rodata                const     0x804'4ddc      0x8  languages.o [1]
  .rodata                const     0x804'4de4      0x8  languages.o [1]
  .rodata                const     0x804'4dec      0x8  languages.o [1]
  .rodata                const     0x804'4df4      0x8  languages.o [1]
  .rodata                const     0x804'4dfc      0x8  languages.o [1]
  .rodata                const     0x804'4e04      0x8  main.o [1]
  .rodata                const     0x804'4e0c      0x8  stm32f4xx_hal_dma.o [1]
  .rodata                const     0x804'4e14      0x8  system_stm32f4xx.o [1]
  .rodata                const     0x804'4e1c      0x8  tgui.o [1]
  .rodata                const     0x804'4e24      0x8  tgui.o [1]
  .rodata                const     0x804'4e2c      0x8  tgui.o [1]
  .rodata                const     0x804'4e34      0x8  tgui.o [1]
  .rodata                const     0x804'4e3c      0x8  tgui.o [1]
  .rodata                const     0x804'4e44      0x8  tgui.o [1]
  .rodata                const     0x804'4e4c      0x8  tgui.o [1]
  .rodata                const     0x804'4e54      0x8  tgui.o [1]
  .rodata                const     0x804'4e5c      0x8  tgui.o [1]
  .rodata                const     0x804'4e64      0x8  tgui.o [1]
  .rodata                const     0x804'4e6c      0x8  tgui.o [1]
  .rodata                const     0x804'4e74      0x8  tgui.o [1]
  .rodata                const     0x804'4e7c      0x8  tgui.o [1]
  .rodata                const     0x804'4e84      0x8  tgui.o [1]
  .rodata                const     0x804'4e8c      0x8  tgui.o [1]
  .rodata                const     0x804'4e94      0x8  tgui.o [1]
  .rodata                const     0x804'4e9c      0x8  tgui.o [1]
  .rodata                const     0x804'4ea4      0x8  tgui.o [1]
  .rodata                const     0x804'4eac      0x8  tgui.o [1]
  .rodata                const     0x804'4eb4      0x8  tgui.o [1]
  .rodata                const     0x804'4ebc      0x8  tgui.o [1]
  .rodata                const     0x804'4ec4      0x8  tgui.o [1]
  .rodata                const     0x804'4ecc      0x8  tgui.o [1]
  .rodata                const     0x804'4ed4      0x8  tgui.o [1]
  .rodata                const     0x804'4edc      0x8  tgui.o [1]
  .rodata                const     0x804'4ee4      0x8  tgui.o [1]
  .rodata                const     0x804'4eec      0x8  tgui.o [1]
  .rodata                const     0x804'4ef4      0x8  tgui.o [1]
  .rodata                const     0x804'4efc      0x8  tgui.o [1]
  .rodata                const     0x804'4f04      0x8  tgui.o [1]
  .rodata                const     0x804'4f0c      0x8  tgui.o [1]
  .rodata                const     0x804'4f14      0x8  tgui.o [1]
  .rodata                const     0x804'4f1c      0x8  tgui.o [1]
  .rodata                const     0x804'4f24      0x8  tgui.o [1]
  .rodata                const     0x804'4f2c      0x8  tgui.o [1]
  .rodata                const     0x804'4f34      0x8  tgui.o [1]
  .rodata                const     0x804'4f3c      0x8  tgui.o [1]
  .rodata                const     0x804'4f44      0x8  tgui.o [1]
  .rodata                const     0x804'4f4c      0x8  tgui.o [1]
  .rodata                const     0x804'4f54      0x8  tgui.o [1]
  .rodata                const     0x804'4f5c      0x8  tgui.o [1]
  .rodata                const     0x804'4f64      0x8  tgui.o [1]
  .rodata                const     0x804'4f6c      0x8  tgui.o [1]
  .rodata                const     0x804'4f74      0x8  tgui.o [1]
  .rodata                const     0x804'4f7c      0x8  tgui.o [1]
  .rodata                const     0x804'4f84      0x8  tgui.o [1]
  .rodata                const     0x804'4f8c      0x8  tgui.o [1]
  .rodata                const     0x804'4f94      0x8  tgui.o [1]
  .rodata                const     0x804'4f9c      0x8  tgui.o [1]
  .rodata                const     0x804'4fa4      0x8  tgui.o [1]
  .rodata                const     0x804'4fac      0x8  tgui.o [1]
  .rodata                const     0x804'4fb4      0x8  tgui.o [1]
  .rodata                const     0x804'4fbc      0x8  tgui.o [1]
  .rodata                const     0x804'4fc4      0x8  tgui.o [1]
  .rodata                const     0x804'4fcc      0x8  tgui.o [1]
  .rodata                const     0x804'4fd4      0x8  tgui.o [1]
  .rodata                const     0x804'4fdc      0x8  tgui.o [1]
  .rodata                const     0x804'4fe4      0x8  tgui.o [1]
  .rodata                const     0x804'4fec      0x8  tgui.o [1]
  .rodata                const     0x804'4ff4      0x8  tgui.o [1]
  .rodata                const     0x804'4ffc      0x8  tgui.o [1]
  .rodata                const     0x804'5004      0x8  tgui.o [1]
  .rodata                const     0x804'500c      0x8  tgui.o [1]
  .rodata                const     0x804'5014      0x8  tgui.o [1]
  .rodata                const     0x804'501c      0x8  tgui.o [1]
  .rodata                const     0x804'5024      0x8  tgui.o [1]
  .rodata                const     0x804'502c      0x8  tgui.o [1]
  .rodata                const     0x804'5034      0x8  tgui.o [1]
  .rodata                const     0x804'503c      0x8  tgui.o [1]
  .rodata                const     0x804'5044      0x8  tgui.o [1]
  .rodata                const     0x804'504c      0x8  tgui.o [1]
  .rodata                const     0x804'5054      0x8  tgui.o [1]
  .rodata                const     0x804'505c      0x8  tgui.o [1]
  .rodata                const     0x804'5064      0x8  tgui.o [1]
  .rodata                const     0x804'506c      0x8  tgui.o [1]
  .rodata                const     0x804'5074      0x8  tgui.o [1]
  .rodata                const     0x804'507c      0x8  tgui.o [1]
  .rodata                const     0x804'5084      0x8  tgui.o [1]
  .rodata                const     0x804'508c      0x8  tgui.o [1]
  .rodata                const     0x804'5094      0x8  tgui.o [1]
  .rodata                const     0x804'509c      0x8  tgui.o [1]
  .rodata                const     0x804'50a4      0x8  tgui.o [1]
  .rodata                const     0x804'50ac      0x8  tgui.o [1]
  .rodata                const     0x804'50b4      0x8  tgui.o [1]
  .rodata                const     0x804'50bc      0x8  tgui.o [1]
  .rodata                const     0x804'50c4      0x8  tgui.o [1]
  .rodata                const     0x804'50cc      0x8  tgui.o [1]
  .rodata                const     0x804'50d4      0x8  tgui.o [1]
  .rodata                const     0x804'50dc      0x8  tgui.o [1]
  .rodata                const     0x804'50e4      0x8  tgui.o [1]
  .rodata                const     0x804'50ec      0x8  tgui.o [1]
  .rodata                const     0x804'50f4      0x8  tgui.o [1]
  .rodata                const     0x804'50fc      0x8  tgui.o [1]
  .rodata                const     0x804'5104      0x8  tgui.o [1]
  .rodata                const     0x804'510c      0x8  tgui.o [1]
  .rodata                const     0x804'5114      0x8  tgui.o [1]
  .rodata                const     0x804'511c      0x8  tgui.o [1]
  .rodata                const     0x804'5124      0x8  tgui.o [1]
  .rodata                const     0x804'512c      0x8  tgui.o [1]
  .rodata                const     0x804'5134      0x8  tgui.o [1]
  .rodata                const     0x804'513c      0x8  tgui.o [1]
  .rodata                const     0x804'5144      0x8  tgui.o [1]
  .rodata                const     0x804'514c      0x8  tgui.o [1]
  .rodata                const     0x804'5154      0x8  tgui_clocksetscreenfuncs.o [1]
  .rodata                const     0x804'515c      0x8  tgui_filesscreenfuncs.o [1]
  .rodata                const     0x804'5164      0x8  tgui_filesscreenfuncs.o [1]
  .rodata                const     0x804'516c      0x8  tgui_infoscreenfuncs.o [1]
  .rodata                const     0x804'5174      0x8  tgui_numenterscreenfuncs.o [1]
  .rodata                const     0x804'517c      0x8  tgui_printscreenfuncs.o [1]
  .rodata                const     0x804'5184      0x8  tgui_printscreenfuncs.o [1]
  .rodata                const     0x804'518c      0x8  tgui_settingsscreenfuncs.o [1]
  .rodata                const     0x804'5194      0x8  tim.o [1]
  .rodata                const     0x804'519c      0x6  xlocale_c.o [2]
  .rodata                const     0x804'51a4      0x4  languages.o [1]
  .rodata                const     0x804'51a8      0x4  languages.o [1]
  .rodata                const     0x804'51ac      0x4  languages.o [1]
  .rodata                const     0x804'51b0      0x4  languages.o [1]
  .rodata                const     0x804'51b4      0x4  languages.o [1]
  .rodata                const     0x804'51b8      0x4  languages.o [1]
  .rodata                const     0x804'51bc      0x4  languages.o [1]
  .rodata                const     0x804'51c0      0x4  languages.o [1]
  .rodata                const     0x804'51c4      0x4  languages.o [1]
  .rodata                const     0x804'51c8      0x4  languages.o [1]
  .rodata                const     0x804'51cc      0x4  languages.o [1]
  .rodata                const     0x804'51d0      0x4  languages.o [1]
  .rodata                const     0x804'51d4      0x4  languages.o [1]
  .rodata                const     0x804'51d8      0x4  languages.o [1]
  .rodata                const     0x804'51dc      0x4  languages.o [1]
  .rodata                const     0x804'51e0      0x4  languages.o [1]
  .rodata                const     0x804'51e4      0x4  languages.o [1]
  .rodata                const     0x804'51e8      0x4  languages.o [1]
  .rodata                const     0x804'51ec      0x4  languages.o [1]
  .rodata                const     0x804'51f0      0x4  languages.o [1]
  .rodata                const     0x804'51f4      0x4  languages.o [1]
  .rodata                const     0x804'51f8      0x4  languages.o [1]
  .rodata                const     0x804'51fc      0x4  languages.o [1]
  .rodata                const     0x804'5200      0x4  languages.o [1]
  .rodata                const     0x804'5204      0x4  languages.o [1]
  .rodata                const     0x804'5208      0x4  languages.o [1]
  .rodata                const     0x804'520c      0x4  languages.o [1]
  .rodata                const     0x804'5210      0x4  languages.o [1]
  .rodata                const     0x804'5214      0x4  languages.o [1]
  .rodata                const     0x804'5218      0x4  languages.o [1]
  .rodata                const     0x804'521c      0x4  languages.o [1]
  .rodata                const     0x804'5220      0x4  languages.o [1]
  .rodata                const     0x804'5224      0x4  languages.o [1]
  .rodata                const     0x804'5228      0x4  languages.o [1]
  .rodata                const     0x804'522c      0x4  languages.o [1]
  .rodata                const     0x804'5230      0x4  languages.o [1]
  .rodata                const     0x804'5234      0x4  languages.o [1]
  .rodata                const     0x804'5238      0x4  languages.o [1]
  .rodata                const     0x804'523c      0x4  languages.o [1]
  .rodata                const     0x804'5240      0x4  printing.o [1]
  .rodata                const     0x804'5244      0x4  rtc.o [1]
  .rodata                const     0x804'5248      0x4  usbh_msc.o [1]
  .text                  ro code   0x804'524c      0x4  startup_stm32f407xx.o [1]
  SHT$$PREINIT_ARRAY               0x804'5250      0x0  <Block>
  SHT$$INIT_ARRAY                  0x804'5250      0x4  <Block>
    .init_array          const     0x804'5250      0x4  z_planner.o [1]
  __iar_tls$$INIT_ARRAY            0x804'5254      0x0  <Block>
  .rodata                const     0x804'5254      0x0  zero_init3.o [5]
  .rodata                const     0x804'5254      0x0  lz77_init_single.o [5]
  Initializer bytes      const     0x804'5254     0xfa  <for P2-1>
                                 - 0x804'534e  0x351c6

"P3":                                           0x7478
  CCMRAM                 uninit   0x1000'0000   0x4000  main.o [1]
  CCMRAM                 uninit   0x1000'4000   0x1028  main.o [1]
  CCMRAM                 uninit   0x1000'5028   0x1028  main.o [1]
  CCMRAM                 uninit   0x1000'6050   0x1028  tgui.o [1]
  CCMRAM                 uninit   0x1000'7078    0x400  tgui.o [1]
                                - 0x1000'7478   0x7478

"P2", part 1 of 3:                               0x33f
  P2-1                            0x2000'0000    0x33f  <Init block>
    .data                inited   0x2000'0000      0xc  fnt12.o [1]
    .data                inited   0x2000'000c      0xc  fnt12bold.o [1]
    .data                inited   0x2000'0018      0xc  fnt170num_lcd.o [1]
    .data                inited   0x2000'0024      0xc  fnt18.o [1]
    .data                inited   0x2000'0030      0xc  fnt18bold.o [1]
    .data                inited   0x2000'003c      0xc  fnt24.o [1]
    .data                inited   0x2000'0048      0xc  fnt24bold.o [1]
    .data                inited   0x2000'0054      0xc  fnt36.o [1]
    .data                inited   0x2000'0060      0xc  fnt36num.o [1]
    .data                inited   0x2000'006c     0x10  languages.o [1]
    .data                inited   0x2000'007c      0x4  languages.o [1]
    .data                inited   0x2000'0080      0x4  lcd_ui.o [1]
    .data                inited   0x2000'0084      0x4  stm32f4xx_hal.o [1]
    .data                inited   0x2000'0088      0x4  system_stm32f4xx.o [1]
    .data                inited   0x2000'008c    0x200  tgui_filesscreenfuncs.o [1]
    .data                inited   0x2000'028c      0x4  tgui_movezscreenfuncs.o [1]
    .data                inited   0x2000'0290     0x20  usbh_msc.o [1]
    .data                inited   0x2000'02b0      0x4  z_stepper.o [1]
    .data                inited   0x2000'02b4     0x38  xlocale_c.o [2]
    .data                inited   0x2000'02ec     0x48  xlocale_c.o [2]
    .data                inited   0x2000'0334      0x2  lcd_ui.o [1]
    .data                inited   0x2000'0336      0x2  lcd_ui.o [1]
    .data                inited   0x2000'0338      0x2  lcd_ui.o [1]
    .data                inited   0x2000'033a      0x1  lcd_ui.o [1]
    .data                inited   0x2000'033b      0x1  stm32f4xx_hal.o [1]
    .data                inited   0x2000'033c      0x1  tgui_defaultfuncs.o [1]
    .data                inited   0x2000'033d      0x1  tgui_filesscreenfuncs.o [1]
    .data                inited   0x2000'033e      0x1  z_endstops.o [1]
                                - 0x2000'033f    0x33f

"P2", part 2 of 3:                              0xaa84
  .bss                   zero     0x2000'0340   0x1cc0  printing.o [1]
  .bss                   zero     0x2000'2000   0x1038  fatfs.o [1]
  .bss                   zero     0x2000'3038   0x1038  fatfs.o [1]
  .bss                   zero     0x2000'4070    0x830  tgui_filesscreenfuncs.o [1]
  .bss                   zero     0x2000'48a0    0x600  uvdisplay.o [1]
  .bss                   zero     0x2000'4ea0    0x5d8  tgui.o [1]
  .bss                   zero     0x2000'5478    0x5d8  tgui.o [1]
  .bss                   zero     0x2000'5a50    0x4d0  tgui.o [1]
  .bss                   zero     0x2000'5f20    0x400  config.o [1]
  .bss                   zero     0x2000'6320    0x400  main.o [1]
  .bss                   zero     0x2000'6720    0x400  main.o [1]
  .bss                   zero     0x2000'6b20    0x400  main.o [1]
  .bss                   zero     0x2000'6f20    0x400  tgui_fileviewscreenfuncs.o [1]
  .bss                   zero     0x2000'7320    0x400  z_planner.o [1]
  .bss                   zero     0x2000'7720    0x3d8  usb_host.o [1]
  .bss                   zero     0x2000'7af8    0x3c8  tgui.o [1]
  .bss                   zero     0x2000'7ec0    0x370  tgui.o [1]
  .bss                   zero     0x2000'8230    0x350  tgui.o [1]
  .bss                   zero     0x2000'8580    0x318  tgui.o [1]
  .bss                   zero     0x2000'8898    0x2c4  usbh_conf.o [1]
  .bss                   zero     0x2000'8b5c    0x224  main.o [1]
  .bss                   zero     0x2000'8d80    0x210  tgui.o [1]
  .bss                   zero     0x2000'8f90    0x210  tgui.o [1]
  .bss                   zero     0x2000'91a0    0x200  config.o [1]
  .bss                   zero     0x2000'93a0    0x200  ff.o [1]
  .bss                   zero     0x2000'95a0    0x200  main.o [1]
  .bss                   zero     0x2000'97a0    0x1d8  dlmalloc.o [2]
  .bss                   zero     0x2000'9978    0x1b8  tgui.o [1]
  .bss                   zero     0x2000'9b30    0x19c  cpld_utils.o [1]
  .bss                   zero     0x2000'9ccc    0x160  tgui.o [1]
  .bss                   zero     0x2000'9e2c    0x108  tgui.o [1]
  .bss                   zero     0x2000'9f34    0x100  sys_timer.o [1]
  .bss                   zero     0x2000'a034    0x100  tgui_fileviewscreenfuncs.o [1]
  .bss                   zero     0x2000'a134    0x100  tgui_fileviewscreenfuncs.o [1]
  .bss                   zero     0x2000'a234     0xb0  tgui.o [1]
  .bss                   zero     0x2000'a2e4     0x80  fst_spi.o [1]
  .bss                   zero     0x2000'a364     0x80  fst_spi.o [1]
  .bss                   zero     0x2000'a3e4     0x60  fst_spi.o [1]
  .bss                   zero     0x2000'a444     0x60  fst_spi.o [1]
  .bss                   zero     0x2000'a4a4     0x60  fst_spi.o [1]
  .bss                   zero     0x2000'a504     0x60  fst_spi.o [1]
  .bss                   zero     0x2000'a564     0x60  fst_spi.o [1]
  .bss                   zero     0x2000'a5c4     0x60  lcd_low.o [1]
  .bss                   zero     0x2000'a624     0x58  tgui.o [1]
  .bss                   zero     0x2000'a67c     0x54  config.o [1]
  .bss                   zero     0x2000'a6d0     0x54  eeprom.o [1]
  .bss                   zero     0x2000'a724     0x54  files_pws.o [1]
  .bss                   zero     0x2000'a778     0x50  fsmc.o [1]
  .bss                   zero     0x2000'a7c8     0x40  tim.o [1]
  .bss                   zero     0x2000'a808     0x40  tim.o [1]
  .bss                   zero     0x2000'a848     0x34  main.o [1]
  .bss                   zero     0x2000'a87c     0x30  files_pws.o [1]
  .bss                   zero     0x2000'a8ac     0x30  tgui.o [1]
  .bss                   zero     0x2000'a8dc     0x30  tgui.o [1]
  .bss                   zero     0x2000'a90c     0x30  tgui.o [1]
  .bss                   zero     0x2000'a93c     0x30  tgui.o [1]
  .bss                   zero     0x2000'a96c     0x30  tgui.o [1]
  .bss                   zero     0x2000'a99c     0x30  tgui.o [1]
  .bss                   zero     0x2000'a9cc     0x30  tgui.o [1]
  .bss                   zero     0x2000'a9fc     0x30  tgui.o [1]
  .bss                   zero     0x2000'aa2c     0x30  tgui.o [1]
  .bss                   zero     0x2000'aa5c     0x30  tgui.o [1]
  .bss                   zero     0x2000'aa8c     0x30  tgui.o [1]
  .bss                   zero     0x2000'aabc     0x30  tgui.o [1]
  .bss                   zero     0x2000'aaec     0x30  tgui.o [1]
  .bss                   zero     0x2000'ab1c     0x28  config.o [1]
  .bss                   zero     0x2000'ab44     0x28  tgui.o [1]
  .bss                   zero     0x2000'ab6c     0x28  z_planner.o [1]
  .bss                   zero     0x2000'ab94     0x20  printing.o [1]
  .bss                   zero     0x2000'abb4     0x20  rtc.o [1]
  .bss                   zero     0x2000'abd4     0x20  tgui_numenterscreenfuncs.o [1]
  .bss                   zero     0x2000'abf4     0x1c  files_pws.o [1]
  .bss                   zero     0x2000'ac10     0x18  config.o [1]
  .bss                   zero     0x2000'ac28     0x18  config.o [1]
  .bss                   zero     0x2000'ac40     0x18  dlmalloc.o [2]
  .bss                   zero     0x2000'ac58     0x14  files_pws.o [1]
  .bss                   zero     0x2000'ac6c     0x10  ff_gen_drv.o [1]
  .bss                   zero     0x2000'ac7c     0x10  touch.o [1]
  .bss                   zero     0x2000'ac8c      0xc  spi_flash.o [1]
  .bss                   zero     0x2000'ac98      0x8  fatfs.o [1]
  .bss                   zero     0x2000'aca0      0x8  fatfs.o [1]
  .bss                   zero     0x2000'aca8      0x8  ff.o [1]
  .bss                   zero     0x2000'acb0      0x8  printing.o [1]
  .bss                   zero     0x2000'acb8      0x8  tgui_clocksetscreenfuncs.o [1]
  .bss                   zero     0x2000'acc0      0x8  tgui_screensaverfuncs.o [1]
  .bss                   zero     0x2000'acc8      0x4  cpld_utils.o [1]
  .bss                   zero     0x2000'accc      0x4  cpld_utils.o [1]
  .bss                   zero     0x2000'acd0      0x4  cpld_utils.o [1]
  .bss                   zero     0x2000'acd4      0x4  fsmc.o [1]
  .bss                   zero     0x2000'acd8      0x4  motor.o [1]
  .bss                   zero     0x2000'acdc      0x4  printing.o [1]
  .bss                   zero     0x2000'ace0      0x4  printing.o [1]
  .bss                   zero     0x2000'ace4      0x4  printing.o [1]
  .bss                   zero     0x2000'ace8      0x4  printing.o [1]
  .bss                   zero     0x2000'acec      0x4  printing.o [1]
  .bss                   zero     0x2000'acf0      0x4  prtfiles.o [1]
  .bss                   zero     0x2000'acf4      0x4  spi_flash.o [1]
  .bss                   zero     0x2000'acf8      0x4  spi_flash.o [1]
  .bss                   zero     0x2000'acfc      0x4  stm32f4xx_hal.o [1]
  .bss                   zero     0x2000'ad00      0x4  stm32f4xx_ll_usb.o [1]
  .bss                   zero     0x2000'ad04      0x4  sys_timer.o [1]
  .bss                   zero     0x2000'ad08      0x4  sys_timer.o [1]
  .bss                   zero     0x2000'ad0c      0x4  sys_timer.o [1]
  .bss                   zero     0x2000'ad10      0x4  sys_timer.o [1]
  .bss                   zero     0x2000'ad14      0x4  tgui.o [1]
  .bss                   zero     0x2000'ad18      0x4  tgui_fileviewscreenfuncs.o [1]
  .bss                   zero     0x2000'ad1c      0x4  tgui_numenterscreenfuncs.o [1]
  .bss                   zero     0x2000'ad20      0x4  tgui_printscreenfuncs.o [1]
  .bss                   zero     0x2000'ad24      0x4  tgui_printscreenfuncs.o [1]
  .bss                   zero     0x2000'ad28      0x4  tgui_screensaverfuncs.o [1]
  .bss                   zero     0x2000'ad2c      0x4  touch.o [1]
  .bss                   zero     0x2000'ad30      0x4  z_planner.o [1]
  .bss                   zero     0x2000'ad34      0x4  z_planner.o [1]
  .bss                   zero     0x2000'ad38      0x4  z_planner.o [1]
  .bss                   zero     0x2000'ad3c      0x4  z_planner.o [1]
  .bss                   zero     0x2000'ad40      0x4  z_planner.o [1]
  .bss                   zero     0x2000'ad44      0x4  z_planner.o [1]
  .bss                   zero     0x2000'ad48      0x4  z_planner.o [1]
  .bss                   zero     0x2000'ad4c      0x4  z_stepper.o [1]
  .bss                   zero     0x2000'ad50      0x4  z_stepper.o [1]
  .bss                   zero     0x2000'ad54      0x4  z_stepper.o [1]
  .bss                   zero     0x2000'ad58      0x4  z_stepper.o [1]
  .bss                   zero     0x2000'ad5c      0x4  z_stepper.o [1]
  .bss                   zero     0x2000'ad60      0x4  z_stepper.o [1]
  .bss                   zero     0x2000'ad64      0x4  z_stepper.o [1]
  .bss                   zero     0x2000'ad68      0x4  z_stepper.o [1]
  .bss                   zero     0x2000'ad6c      0x4  z_stepper.o [1]
  .bss                   zero     0x2000'ad70      0x4  z_stepper.o [1]
  .bss                   zero     0x2000'ad74      0x4  z_stepper.o [1]
  .bss                   zero     0x2000'ad78      0x4  z_stepper.o [1]
  .bss                   zero     0x2000'ad7c      0x4  z_stepper.o [1]
  .bss                   zero     0x2000'ad80      0x4  z_stepper.o [1]
  .bss                   zero     0x2000'ad84      0x4  xfail_s.o [2]
  .bss                   zero     0x2000'ad88      0x4  xgetmemchunk.o [2]
  .bss                   zero     0x2000'ad8c      0x2  ff.o [1]
  .bss                   zero     0x2000'ad8e      0x2  lcd_low.o [1]
  .bss                   zero     0x2000'ad90      0x2  lcd_ui.o [1]
  .bss                   zero     0x2000'ad92      0x2  lcd_ui.o [1]
  .bss                   zero     0x2000'ad94      0x2  lcd_ui.o [1]
  .bss                   zero     0x2000'ad96      0x2  tgui_fileviewscreenfuncs.o [1]
  .bss                   zero     0x2000'ad98      0x2  tgui_fileviewscreenfuncs.o [1]
  .bss                   zero     0x2000'ad9a      0x2  z_planner.o [1]
  .bss                   zero     0x2000'ad9c      0x1  eeprom.o [1]
  .bss                   zero     0x2000'ad9d      0x1  fatfs.o [1]
  .bss                   zero     0x2000'ad9e      0x1  fatfs.o [1]
  .bss                   zero     0x2000'ad9f      0x1  main.o [1]
  .bss                   zero     0x2000'ada0      0x1  main.o [1]
  .bss                   zero     0x2000'ada1      0x1  main.o [1]
  .bss                   zero     0x2000'ada2      0x1  main.o [1]
  .bss                   zero     0x2000'ada3      0x1  main.o [1]
  .bss                   zero     0x2000'ada4      0x1  main.o [1]
  .bss                   zero     0x2000'ada5      0x1  main.o [1]
  .bss                   zero     0x2000'ada6      0x1  prtfiles.o [1]
  .bss                   zero     0x2000'ada7      0x1  prtfiles.o [1]
  .bss                   zero     0x2000'ada8      0x1  tgui_defaultfuncs.o [1]
  .bss                   zero     0x2000'ada9      0x1  tgui_filesscreenfuncs.o [1]
  .bss                   zero     0x2000'adaa      0x1  tgui_filesscreenfuncs.o [1]
  .bss                   zero     0x2000'adab      0x1  tgui_filesscreenfuncs.o [1]
  .bss                   zero     0x2000'adac      0x1  tgui_filesscreenfuncs.o [1]
  .bss                   zero     0x2000'adad      0x1  tgui_fileviewscreenfuncs.o [1]
  .bss                   zero     0x2000'adae      0x1  tgui_numenterscreenfuncs.o [1]
  .bss                   zero     0x2000'adaf      0x1  tgui_numenterscreenfuncs.o [1]
  .bss                   zero     0x2000'adb0      0x1  tgui_numenterscreenfuncs.o [1]
  .bss                   zero     0x2000'adb1      0x1  tgui_numenterscreenfuncs.o [1]
  .bss                   zero     0x2000'adb2      0x1  tgui_printscreenfuncs.o [1]
  .bss                   zero     0x2000'adb3      0x1  tgui_printscreenfuncs.o [1]
  .bss                   zero     0x2000'adb4      0x1  usb_host.o [1]
  .bss                   zero     0x2000'adb5      0x1  z_endstops.o [1]
  .bss                   zero     0x2000'adb6      0x1  z_endstops.o [1]
  .bss                   zero     0x2000'adb7      0x1  z_planner.o [1]
  .bss                   zero     0x2000'adb8      0x1  z_planner.o [1]
  .bss                   zero     0x2000'adb9      0x1  z_planner.o [1]
  .bss                   zero     0x2000'adba      0x1  z_planner.o [1]
  .bss                   zero     0x2000'adbb      0x1  z_planner.o [1]
  .bss                   zero     0x2000'adbc      0x1  z_planner.o [1]
  .bss                   zero     0x2000'adbd      0x1  z_stepper.o [1]
  .bss                   zero     0x2000'adbe      0x1  z_stepper.o [1]
  .bss                   zero     0x2000'adbf      0x1  z_stepper.o [1]
  .bss                   zero     0x2000'adc0      0x1  z_stepper.o [1]
  .bss                   zero     0x2000'adc1      0x1  z_stepper.o [1]
                                - 0x2000'adc2   0xaa82

"P2", part 3 of 3:                              0x7204
  .noinit                uninit   0x2000'adc4   0x1000  tgui.o [1]
  .noinit                uninit   0x2000'bdc4    0x200  tgui.o [1]
  CSTACK                          0x2000'bfc8   0x4000  <Block>
    CSTACK               uninit   0x2000'bfc8   0x4000  <Block tail>
  HEAP                            0x2000'ffc8   0x2000  <Block>
    HEAP                 uninit   0x2000'ffc8   0x2000  <Block tail>
                                - 0x2001'1fc8   0x7204

Unused ranges:

         From           To      Size
         ----           --      ----
   0x804'534e   0x807'ffff  0x3'acb2
  0x1000'7478  0x1000'ffff    0x8b88
  0x2000'033f  0x2000'033f       0x1
  0x2001'1fc8  0x2001'ffff    0xe038


*******************************************************************************
*** INIT TABLE
***

          Address      Size
          -------      ----
Zero (__iar_zero_init3)
    1 destination range, total size 0xaa82:
          0x2000'0340  0xaa82

Copy/lz77 (__iar_lz77_init_single3)
    1 source range, total size 0xfa (30% of destination):
           0x804'5254    0xfa
    1 destination range, total size 0x33f:
          0x2000'0000   0x33f

Extra (__iar_cstart_call_ctors)



*******************************************************************************
*** MODULE SUMMARY
***

    Module                      ro code  ro data  rw data
    ------                      -------  -------  -------
command line/config:
    -----------------------------------------------------
    Total:

D:\Electronics\Projects\MKS_DLP_new\SRC\firmware\MKSDLP_Alter_Debug\Obj: [1]
    config.o                      3 780      396    1 708
    cpld_utils.o                    540               424
    datetime.o                      620       48
    diskio.o                        176
    eeprom.o                      1 508                85
    fatfs.o                         344             8 322
    ff.o                         11 232      272      522
    ff_gen_drv.o                     84                16
    ffunicode.o                     324      944
    files_pws.o                   1 228       40      180
[...]
datetime                0x2000'acb8     0x8  Data  Gb  tgui_clocksetscreenfuncs.o [1]
days_in_month            0x804'4bac     0xc  Data  Lc  tgui_clocksetscreenfuncs.o [1]
dbc_1st                  0x801'd8ff     0xe  Code  Lc  ff.o [1]
dbc_2nd                  0x801'd90d     0xe  Code  Lc  ff.o [1]
ddiv                     0x802'cb7d    0xc4  Code  Lc  strto64.o [4]
digits                   0x804'307c    0x28  Data  Lc  iar_Stoulx.o [2]
digits                   0x804'30cc    0x28  Data  Lc  iar_Stoullx.o [2]
dir                     0x2000'a848    0x34  Data  Gb  main.o [1]
dir_alloc                0x801'e125    0x64  Code  Lc  ff.o [1]
dir_clear                0x801'df1d    0x64  Code  Lc  ff.o [1]
dir_find                 0x801'e557   0x118  Code  Lc  ff.o [1]
dir_next                 0x801'e033    0xf2  Code  Lc  ff.o [1]
dir_read                 0x801'e457   0x100  Code  Lc  ff.o [1]
dir_register             0x801'e66f   0x166  Code  Lc  ff.o [1]
dir_sdi                  0x801'df81    0xb2  Code  Lc  ff.o [1]
disk                    0x2000'ac6c    0x10  Data  Gb  ff_gen_drv.o [1]
disk_initialize          0x802'25af    0x32  Code  Gb  diskio.o [1]
disk_ioctl               0x802'261d    0x20  Code  Gb  diskio.o [1]
disk_read                0x802'25e1    0x1e  Code  Gb  diskio.o [1]
disk_status              0x802'2591    0x1e  Code  Gb  diskio.o [1]
disk_write               0x802'25ff    0x1e  Code  Gb  diskio.o [1]
disp_locked             0x2000'adb3     0x1  Data  Gb  tgui_printscreenfuncs.o [1]
dmul                     0x802'cab5    0xc6  Code  Lc  strto64.o [4]
dot_entered             0x2000'adb1     0x1  Data  Gb  tgui_numenterscreenfuncs.o [1]
edit_value              0x2000'ad1c     0x4  Data  Gb  tgui_numenterscreenfuncs.o [1]
enter_begin             0x2000'adb0     0x1  Data  Gb  tgui_numenterscreenfuncs.o [1]
exit                     0x804'3c1f     0x4  Code  Gb  exit.o [2]
fMoveStep               0x2000'028c     0x4  Data  Gb  tgui_movezscreenfuncs.o [1]
f_close                  0x801'f7b7    0x2a  Code  Gb  ff.o [1]
f_closedir               0x801'fa13    0x1c  Code  Gb  ff.o [1]
f_getfree                0x801'fad7   0x100  Code  Gb  ff.o [1]
f_lseek                  0x801'f7e1   0x1aa  Code  Gb  ff.o [1]
f_mkfs                   0x801'fd7f   0x692  Code  Gb  ff.o [1]
f_mkfs::cst              0x804'4748    0x10  Data  Lc  ff.o [1]
f_mkfs::cst32            0x804'4758    0x10  Data  Lc  ff.o [1]
f_mkfs::defopt           0x804'4768    0x10  Data  Lc  ff.o [1]
f_mount                  0x801'f0a3    0x54  Code  Gb  ff.o [1]
f_open                   0x801'f119   0x21a  Code  Gb  ff.o [1]
f_opendir                0x801'f98b    0x88  Code  Gb  ff.o [1]
f_read                   0x801'f333   0x1cc  Code  Gb  ff.o [1]
f_readdir                0x801'fa2f    0x5c  Code  Gb  ff.o [1]
f_stat                   0x801'fa8b    0x4c  Code  Gb  ff.o [1]
f_sync                   0x801'f717    0xa0  Code  Gb  ff.o [1]
f_write                  0x801'f4ff   0x218  Code  Gb  ff.o [1]
fbuff                   0x1000'0000  0x4000  Data  Gb  main.o [1]
ff_oem2uni               0x802'2687    0x3a  Code  Gb  ffunicode.o [1]
ff_uni2oem               0x802'2641    0x46  Code  Gb  ffunicode.o [1]
ff_wtoupper              0x802'26c1    0xb6  Code  Gb  ffunicode.o [1]
ff_wtoupper::cvt1        0x804'1734   0x1f4  Data  Lc  ffunicode.o [1]
ff_wtoupper::cvt2        0x804'29c0    0xbc  Data  Lc  ffunicode.o [1]
filedate                0x2000'ad96     0x2  Data  Gb  tgui_fileviewscreenfuncs.o [1]
files                   0x2000'4070   0x830  Data  Gb  tgui_filesscreenfuncs.o [1]
filesize                0x2000'ad18     0x4  Data  Gb  tgui_fileviewscreenfuncs.o [1]
filetime                0x2000'ad98     0x2  Data  Gb  tgui_fileviewscreenfuncs.o [1]
find_volume              0x801'ed8d    0x6c  Code  Lc  ff.o [1]
finfo                   0x2000'8b5c   0x224  Data  Gb  main.o [1]
floorf                   0x802'd14d          Code  Gb  floorf.o [4]
fnt12_data               0x803'f4c0   0x6b4  Data  Gb  fnt12.o [1]
fnt12_width              0x804'1e0c   0x140  Data  Gb  fnt12.o [1]
fnt12bold_data           0x803'ed38   0x788  Data  Gb  fnt12bold.o [1]
fnt12bold_width          0x804'1f4c   0x140  Data  Gb  fnt12bold.o [1]
fnt170num_lcd_data       0x801'0188  0x66f0  Data  Gb  fnt170num_lcd.o [1]
fnt170num_lcd_width      0x804'33cc    0x38  Data  Gb  fnt170num_lcd.o [1]
fnt18_data               0x803'b428   0xea4  Data  Gb  fnt18.o [1]
fnt18_width              0x804'208c   0x140  Data  Gb  fnt18.o [1]
fnt18bold_data           0x803'8900  0x10c8  Data  Gb  fnt18bold.o [1]
fnt18bold_width          0x804'21cc   0x140  Data  Gb  fnt18bold.o [1]
fnt24_data               0x803'59d8  0x1a1c  Data  Gb  fnt24.o [1]
fnt24_width              0x804'230c   0x140  Data  Gb  fnt24.o [1]
fnt24bold_data           0x803'3944  0x2094  Data  Gb  fnt24bold.o [1]
fnt24bold_width          0x804'244c   0x140  Data  Gb  fnt24bold.o [1]
fnt36_data               0x802'fdb0  0x3b94  Data  Gb  fnt36.o [1]
fnt36_width              0x804'258c   0x140  Data  Gb  fnt36.o [1]
fnt36num_data            0x803'fb74   0x684  Data  Gb  fnt36num.o [1]
fnt36num_width           0x804'3404    0x38  Data  Gb  fnt36num.o [1]
follow_path              0x801'ec29    0x9a  Code  Lc  ff.o [1]
font_fnt12              0x2000'0000     0xc  Data  Gb  fnt12.o [1]
font_fnt12bold          0x2000'000c     0xc  Data  Gb  fnt12bold.o [1]
font_fnt170num_lcd      0x2000'0018     0xc  Data  Gb  fnt170num_lcd.o [1]
font_fnt18              0x2000'0024     0xc  Data  Gb  fnt18.o [1]
font_fnt18bold          0x2000'0030     0xc  Data  Gb  fnt18bold.o [1]
font_fnt24              0x2000'003c     0xc  Data  Gb  fnt24.o [1]
font_fnt24bold          0x2000'0048     0xc  Data  Gb  fnt24bold.o [1]
font_fnt36              0x2000'0054     0xc  Data  Gb  fnt36.o [1]
font_fnt36num           0x2000'0060     0xc  Data  Gb  fnt36num.o [1]
fpws_header             0x2000'a87c    0x30  Data  Gb  files_pws.o [1]
fpws_info               0x2000'a724    0x54  Data  Gb  files_pws.o [1]
fpws_layersdata         0x2000'ac58    0x14  Data  Gb  files_pws.o [1]
fpws_preview            0x2000'abf4    0x1c  Data  Gb  files_pws.o [1]
free                     0x803'e949     0x4  Code  Gb  heaptramp0.o [2]
fv_dirname              0x2000'a134   0x100  Data  Gb  tgui_fileviewscreenfuncs.o [1]
fv_filename             0x2000'a034   0x100  Data  Gb  tgui_fileviewscreenfuncs.o [1]
fv_filetype             0x2000'adad     0x1  Data  Gb  tgui_fileviewscreenfuncs.o [1]
fv_tfilename            0x2000'6f20   0x400  Data  Gb  tgui_fileviewscreenfuncs.o [1]
gen_numname              0x801'e395    0xa2  Code  Lc  ff.o [1]
get_fat                  0x801'daf9   0x10a  Code  Lc  ff.o [1]
get_fattime              0x802'27a1    0x50  Code  Gb  fatfs.o [1]
get_fileinfo             0x801'e7d5   0x1c8  Code  Lc  ff.o [1]
get_ldnumber             0x801'ecc3    0x4e  Code  Lc  ff.o [1]
hFlashSpi               0x2000'a364    0x80  Data  Gb  fst_spi.o [1]
hFlashSpiDmaRx          0x2000'a504    0x60  Data  Gb  fst_spi.o [1]
hFlashSpiDmaTx          0x2000'a564    0x60  Data  Gb  fst_spi.o [1]
hI2C                    0x2000'a6d0    0x54  Data  Gb  eeprom.o [1]
hLcdDma                 0x2000'a5c4    0x60  Data  Gb  lcd_low.o [1]
hRTC                    0x2000'abb4    0x20  Data  Gb  rtc.o [1]
hStepperTim             0x2000'a7c8    0x40  Data  Gb  tim.o [1]
hTouchSpi               0x2000'a2e4    0x80  Data  Gb  fst_spi.o [1]
hTouchSpiDmaRx          0x2000'a3e4    0x60  Data  Gb  fst_spi.o [1]
hTouchSpiDmaTx          0x2000'a444    0x60  Data  Gb  fst_spi.o [1]
hUsbHost                0x2000'7720   0x3d8  Data  Gb  usb_host.o [1]
hZRefTim                0x2000'a808    0x40  Data  Gb  tim.o [1]
hhcd_USB_OTG_FS         0x2000'8898   0x2c4  Data  Gb  usbh_conf.o [1]
hsram1                  0x2000'a778    0x50  Data  Gb  fsmc.o [1]
i2c_timer               0x2000'ad9c     0x1  Data  Gb  eeprom.o [1]
idle()                   0x802'74f1     0xa  Code  Gb  motor.o [1]
idle()::idlecount       0x2000'acd8     0x4  Data  Lc  motor.o [1]
init_mparams             0x803'740f    0x32  Code  Lc  dlmalloc.o [2]
init_top                 0x803'7441    0x36  Code  Lc  dlmalloc.o [2]
inited                  0x2000'ada7     0x1  Data  Gb  prtfiles.o [1]
isalpha                  0x802'f3d9    0x14  Code  Gb  isalpha.o [2]
isspace                  0x802'cfd1    0x14  Code  Gb  isspace.o [2]
l_info                  0x2000'ab94    0x20  Data  Gb  printing.o [1]
lastfilenum             0x2000'033d     0x1  Data  Gb  tgui_filesscreenfuncs.o [1]
lcdui_bgcolor           0x2000'ad94     0x2  Data  Gb  lcd_ui.o [1]
lcdui_color             0x2000'0338     0x2  Data  Gb  lcd_ui.o [1]
lcdui_current_font      0x2000'0080     0x4  Data  Gb  lcd_ui.o [1]
lcdui_current_font_type
                        0x2000'033a     0x1  Data  Gb  lcd_ui.o [1]
lcdui_cursor_x          0x2000'ad90     0x2  Data  Gb  lcd_ui.o [1]
lcdui_cursor_y          0x2000'ad92     0x2  Data  Gb  lcd_ui.o [1]
lcdui_height            0x2000'0336     0x2  Data  Gb  lcd_ui.o [1]
lcdui_width             0x2000'0334     0x2  Data  Gb  lcd_ui.o [1]
ld_clust                 0x801'e189    0x26  Code  Lc  ff.o [1]
ld_dword                 0x801'd871    0x16  Code  Lc  ff.o [1]
ld_word                  0x801'd865     0xc  Code  Lc  ff.o [1]
ldata_length            0x2000'ace4     0x4  Data  Gb  printing.o [1]
ldata_offset_begin      0x2000'acdc     0x4  Data  Gb  printing.o [1]
ldata_offset_current    0x2000'ace0     0x4  Data  Gb  printing.o [1]
ldexp                    0x802'3521          Code  Gb  ldexp.o [4]
ldexpl                   0x802'3521          Code  Gb  ldexp.o [4]
lmos                     0x804'415c    0x18  Data  Lc  datetime.o [1]
lngCurrent              0x2000'007c     0x4  Data  Gb  languages.o [1]
lngLanguages            0x2000'006c    0x10  Data  Gb  languages.o [1]
localeconv               0x802'2f73     0x4  Code  Gb  xlocale_c.o [2]
lroundf                  0x802'd2e1          Code  Gb  lroundf.o [4]
main                     0x802'3a91  0x10c0  Code  Gb  main.o [1]
mem_cmp                  0x801'd8cd    0x1e  Code  Lc  ff.o [1]
mem_cpy                  0x801'd8ad    0x14  Code  Lc  ff.o [1]
mem_set                  0x801'd8c1     0xc  Code  Lc  ff.o [1]
memchr                   0x802'3019          Code  Gb  memchr.o [5]
mos                      0x804'4174    0x18  Data  Lc  datetime.o [1]
mount_volume             0x801'edf9   0x262  Code  Lc  ff.o [1]
move_window              0x801'da0d    0x3e  Code  Lc  ff.o [1]
mparams                 0x2000'ac40    0x18  Data  Lc  dlmalloc.o [2]
msg                     0x2000'95a0   0x200  Data  Gb  main.o [1]
ndigs                    0x804'3054    0x28  Data  Lc  iar_Stoulx.o [2]
ndigs                    0x804'30a4    0x28  Data  Lc  iar_Stoullx.o [2]
nomorefiles             0x2000'adac     0x1  Data  Gb  tgui_filesscreenfuncs.o [1]
numstr                  0x2000'abd4    0x20  Data  Gb  tgui_numenterscreenfuncs.o [1]
numstr_len              0x2000'adaf     0x1  Data  Gb  tgui_numenterscreenfuncs.o [1]
oldUsbMounted           0x2000'ada9     0x1  Data  Gb  tgui_filesscreenfuncs.o [1]
old_datetime            0x2000'acc0     0x8  Data  Gb  tgui_screensaverfuncs.o [1]
old_layer               0x2000'ad24     0x4  Data  Gb  tgui_printscreenfuncs.o [1]
old_pause               0x2000'adb2     0x1  Data  Gb  tgui_printscreenfuncs.o [1]
old_prtlayer            0x2000'ad28     0x4  Data  Gb  tgui_screensaverfuncs.o [1]
old_time                0x2000'ad20     0x4  Data  Gb  tgui_printscreenfuncs.o [1]
pfile_type              0x2000'ada6     0x1  Data  Gb  prtfiles.o [1]
pick_lfn                 0x801'e279    0x90  Code  Lc  ff.o [1]
pows                     0x804'3218    0x48  Data  Lc  strto64.o [4]
prepend_alloc            0x803'7477   0x346  Code  Lc  dlmalloc.o [2]
prev_position           0x2000'acb0     0x8  Data  Gb  printing.o [1]
prevcolors               0x804'5240     0x4  Data  Lc  printing.o [1]
previmage               0x2000'0340  0x1cc0  Data  Gb  printing.o [1]
prt_file                0x2000'acf0     0x4  Data  Gb  prtfiles.o [1]
put_fat                  0x801'dc03   0x15c  Code  Lc  ff.o [1]
put_lfn                  0x801'e309    0x84  Code  Lc  ff.o [1]
put_utf                  0x801'd961    0x5c  Code  Lc  ff.o [1]
ranmatch                 0x803'c635    0x44  Code  Lc  xscanffull.o [2]
reTransmission_all_cnt  0x2000'accc     0x4  Data  Gb  cpld_utils.o [1]
reTransmission_data_cnt
                        0x2000'acc8     0x4  Data  Gb  cpld_utils.o [1]
remove_chain             0x801'dd5f    0x8e  Code  Lc  ff.o [1]
resX                    0x2000'ace8     0x4  Data  Gb  printing.o [1]
resY                    0x2000'acec     0x4  Data  Gb  printing.o [1]
retSPIFL                0x2000'ad9e     0x1  Data  Gb  fatfs.o [1]
retUSBH                 0x2000'ad9d     0x1  Data  Gb  fatfs.o [1]
s_tfname                0x2000'6720   0x400  Data  Gb  main.o [1]
scalbln                  0x802'3521          Code  Gb  ldexp.o [4]
scalblnl                 0x802'3521          Code  Gb  ldexp.o [4]
scalbn                   0x802'3521          Code  Gb  ldexp.o [4]
scalbnl                  0x802'3521          Code  Gb  ldexp.o [4]
scale                    0x802'1743    0x46  Code  Lc  xprintffull.o [2]
scrTimeTimer            0x2000'033c     0x1  Data  Gb  tgui_defaultfuncs.o [1]
sec_hand                0x2000'ad84     0x4  Data  Lc  xfail_s.o [2]
segment_holding          0x803'73f5    0x1a  Code  Lc  dlmalloc.o [2]
sfile                   0x1000'5028  0x1028  Data  Gb  main.o [1]
sprintf                  0x801'c6e5    0x40  Code  Gb  sprintf.o [2]
sqrtf                    0x802'ca95          Code  Gb  sqrtf.o [4]
srvMode                 0x2000'ada5     0x1  Data  Gb  main.o [1]
sscanf                   0x804'0e99    0x28  Code  Gb  sscanf.o [2]
st_clust                 0x801'e1af    0x2a  Code  Lc  ff.o [1]
st_dword                 0x801'd895    0x18  Code  Lc  ff.o [1]
st_word                  0x801'd887     0xe  Code  Lc  ff.o [1]
strcat                   0x803'a899    0x1e  Code  Gb  strcat.o [2]
strchr                   0x802'2f81          Code  Gb  strchr.o [5]
strcmp                   0x802'7a85          Code  Gb  strcmp.o [5]
strcpy                   0x803'a881          Code  Gb  strcpy.o [5]
strcpy_utf(char *, char *)
                         0x802'0669    0x28  Code  Gb  unicode_utils.o [1]
strlen                   0x802'2fe1          Code  Gb  strlen.o [5]
strncpy                  0x802'0ad9          Code  Gb  strncpy.o [5]
strtoll                  0x803'd1f9     0x2  Code  Gb  iar_Stollx.o [2]
strtoul                  0x802'994d     0x2  Code  Gb  iar_Stoulx.o [2]
strtoull                 0x803'd3ad     0x2  Code  Gb  iar_Stoullx.o [2]
strtrim(char *)          0x802'0723    0x5e  Code  Gb  unicode_utils.o [1]
strupper_utf(char *)     0x802'0781    0x5e  Code  Gb  unicode_utils.o [1]
subdir                  0x2000'adab     0x1  Data  Gb  tgui_filesscreenfuncs.o [1]
sum_sfn                  0x801'e437    0x20  Code  Lc  ff.o [1]
sync_fs                  0x801'da4b    0x94  Code  Lc  ff.o [1]
sync_window              0x801'd9bd    0x50  Code  Lc  ff.o [1]
sys_alloc                0x803'79b5   0x164  Code  Lc  dlmalloc.o [2]
sys_trim                 0x803'7b19    0x64  Code  Lc  dlmalloc.o [2]
systemInfo              0x2000'ab1c    0x28  Data  Gb  config.o [1]
tchar2uni                0x801'd91b    0x46  Code  Lc  ff.o [1]
tfname                  0x1000'7078   0x400  Data  Gb  tgui.o [1]
tguiActiveScreen        0x2000'ad14     0x4  Data  Gb  tgui.o [1]
tguiClockSet            0x2000'aabc    0x30  Data  Gb  tgui.o [1]
tguiDBuff               0x2000'adc4  0x1000  Data  Gb  tgui.o [1]
tguiDefaultConfig       0x2000'ab44    0x28  Data  Gb  tgui.o [1]
tguiFBuff               0x2000'bdc4   0x200  Data  Gb  tgui.o [1]
tguiFile                0x1000'6050  0x1028  Data  Gb  tgui.o [1]
tguiMsgBox              0x2000'8230   0x350  Data  Gb  tgui.o [1]
tguiScrClockSetButtons  0x2000'5478   0x5d8  Data  Gb  tgui.o [1]
tguiScrFilesButtons     0x2000'7ec0   0x370  Data  Gb  tgui.o [1]
tguiScrFilesListButtons
                        0x2000'5a50   0x4d0  Data  Gb  tgui.o [1]
tguiScrFileviewButtons  0x2000'8d80   0x210  Data  Gb  tgui.o [1]
tguiScrInfoButtons      0x2000'a234    0xb0  Data  Gb  tgui.o [1]
tguiScrLanguageButtons  0x2000'9e2c   0x108  Data  Gb  tgui.o [1]
tguiScrMainButtons      0x2000'9ccc   0x160  Data  Gb  tgui.o [1]
tguiScrMovezButtons     0x2000'7af8   0x3c8  Data  Gb  tgui.o [1]
tguiScrNumenterButtons  0x2000'4ea0   0x5d8  Data  Gb  tgui.o [1]
tguiScrPrintButtons     0x2000'8f90   0x210  Data  Gb  tgui.o [1]
tguiScrServiceButtons   0x2000'9978   0x1b8  Data  Gb  tgui.o [1]
tguiScrSettingsButtons  0x2000'8580   0x318  Data  Gb  tgui.o [1]
tguiScreenFiles         0x2000'a99c    0x30  Data  Gb  tgui.o [1]
tguiScreenFilesList     0x2000'a9cc    0x30  Data  Gb  tgui.o [1]
tguiScreenFileview      0x2000'aa5c    0x30  Data  Gb  tgui.o [1]
tguiScreenInfo          0x2000'a93c    0x30  Data  Gb  tgui.o [1]
tguiScreenLanguage      0x2000'a90c    0x30  Data  Gb  tgui.o [1]
tguiScreenMain          0x2000'a8ac    0x30  Data  Gb  tgui.o [1]
tguiScreenMovez         0x2000'a96c    0x30  Data  Gb  tgui.o [1]
tguiScreenNumenter      0x2000'aa2c    0x30  Data  Gb  tgui.o [1]
tguiScreenPrint         0x2000'aa8c    0x30  Data  Gb  tgui.o [1]
tguiScreenSaver         0x2000'aaec    0x30  Data  Gb  tgui.o [1]
tguiScreenSaverButtons  0x2000'a624    0x58  Data  Gb  tgui.o [1]
tguiScreenService       0x2000'a8dc    0x30  Data  Gb  tgui.o [1]
tguiScreenSettings      0x2000'a9fc    0x30  Data  Gb  tgui.o [1]
tguiScreenTimer         0x2000'ada4     0x1  Data  Gb  main.o [1]
tguiTimer               0x2000'ada1     0x1  Data  Gb  main.o [1]
tmalloc_large            0x803'7b89   0x386  Code  Lc  dlmalloc.o [2]
tmalloc_small            0x803'7f0f   0x200  Code  Lc  dlmalloc.o [2]
tolower                  0x802'cfe5    0x14  Code  Gb  tolower.o [2]
touch_buff              0x2000'a4a4    0x60  Data  Gb  fst_spi.o [1]
touch_info              0x2000'ac7c    0x10  Data  Gb  touch.o [1]
touch_point             0x2000'ad2c     0x4  Data  Gb  touch.o [1]
tstrcat(unsigned short *, unsigned short *)
                         0x802'06b3    0x2c  Code  Gb  unicode_utils.o [1]
tstrcat_utf(unsigned short *, char *)
                         0x802'06df    0x44  Code  Gb  unicode_utils.o [1]
tstrcpy(unsigned short *, unsigned short *)
                         0x802'0691    0x22  Code  Gb  unicode_utils.o [1]
typeval                 0x2000'adae     0x1  Data  Gb  tgui_numenterscreenfuncs.o [1]
u_tfname                0x2000'6320   0x400  Data  Gb  main.o [1]
uc866                    0x804'27f8   0x100  Data  Lc  ffunicode.o [1]
ufile                   0x1000'4000  0x1028  Data  Gb  main.o [1]
uvfan_timer             0x2000'ad10     0x4  Data  Gb  sys_timer.o [1]
uvled_timer             0x2000'ad08     0x4  Data  Gb  sys_timer.o [1]
uvpause_timer           0x2000'ad0c     0x4  Data  Gb  sys_timer.o [1]
uwTick                  0x2000'acfc     0x4  Data  Gb  stm32f4xx_hal.o [1]
uwTickFreq              0x2000'033b     0x1  Data  Gb  stm32f4xx_hal.o [1]
uwTickPrio              0x2000'0084     0x4  Data  Gb  stm32f4xx_hal.o [1]
validate                 0x801'f05b    0x48  Code  Lc  ff.o [1]
wctob                    0x803'd125    0x32  Code  Gb  wctob.o [2]
zDisTimer               0x2000'ada3     0x1  Data  Gb  main.o [1]
zHoldTimer              0x2000'ada2     0x1  Data  Gb  main.o [1]
zPlanner                0x2000'adb7     0x1  Data  Gb  z_planner.o [1]


[1] = D:\Electronics\Projects\MKS_DLP_new\SRC\firmware\MKSDLP_Alter_Debug\Obj
[2] = dl7M_tlf.a
[3] = dlpp7M_tl_fc.a
[4] = m7M_tls.a
[5] = rt7M_tl.a
[6] = shb_l.a

  133 609 bytes of readonly  code memory
   84 325 bytes of readonly  data memory
  103 481 bytes of readwrite data memory

Errors: none
Warnings: none
