###############################################################################
#
# IAR ELF Linker V8.32.1.169/W32 for ARM                  15/Sep/2020  18:12:14
# Copyright 2007-2018 IAR Systems AB.
#
#    Output file  =  
#        D:\Electronics\Projects\MKS_DLP_new\SRC\firmware\MKSDLP_Alter_debug\Exe\MKS_DLP_new.out
#    Map file     =  
#        D:\Electronics\Projects\MKS_DLP_new\SRC\firmware\MKSDLP_Alter_debug\List\MKS_DLP_new.map
#    Command line =  
#        -f C:\Temp\EW2459.tmp
#        (D:\Electronics\Projects\MKS_DLP_new\SRC\firmware\MKSDLP_Alter_Debug\Obj\config.o
#        D:\Electronics\Projects\MKS_DLP_new\SRC\firmware\MKSDLP_Alter_Debug\Obj\cpld_utils.o
#        D:\Electronics\Projects\MKS_DLP_new\SRC\firmware\MKSDLP_Alter_Debug\Obj\datetime.o
#        D:\Electronics\Projects\MKS_DLP_new\SRC\firmware\MKSDLP_Alter_Debug\Obj\diskio.o
#        D:\Electronics\Projects\MKS_DLP_new\SRC\firmware\MKSDLP_Alter_Debug\Obj\eeprom.o
#        D:\Electronics\Projects\MKS_DLP_new\SRC\firmware\MKSDLP_Alter_Debug\Obj\fatfs.o
#        D:\Electronics\Projects\MKS_DLP_new\SRC\firmware\MKSDLP_Alter_Debug\Obj\ff.o
#        D:\Electronics\Projects\MKS_DLP_new\SRC\firmware\MKSDLP_Alter_Debug\Obj\ff_gen_drv.o
#        D:\Electronics\Projects\MKS_DLP_new\SRC\firmware\MKSDLP_Alter_Debug\Obj\ffsystem.o
#        D:\Electronics\Projects\MKS_DLP_new\SRC\firmware\MKSDLP_Alter_Debug\Obj\ffunicode.o
#        D:\Electronics\Projects\MKS_DLP_new\SRC\firmware\MKSDLP_Alter_Debug\Obj\files_pws.o
#        D:\Electronics\Projects\MKS_DLP_new\SRC\firmware\MKSDLP_Alter_Debug\Obj\fnt12.o
#        D:\Electronics\Projects\MKS_DLP_new\SRC\firmware\MKSDLP_Alter_Debug\Obj\fnt12bold.o
#        D:\Electronics\Projects\MKS_DLP_new\SRC\firmware\MKSDLP_Alter_Debug\Obj\fnt18.o
#        D:\Electronics\Projects\MKS_DLP_new\SRC\firmware\MKSDLP_Alter_Debug\Obj\fnt18bold.o
#        D:\Electronics\Projects\MKS_DLP_new\SRC\firmware\MKSDLP_Alter_Debug\Obj\fnt24.o
#        D:\Electronics\Projects\MKS_DLP_new\SRC\firmware\MKSDLP_Alter_Debug\Obj\fnt24bold.o
#        D:\Electronics\Projects\MKS_DLP_new\SRC\firmware\MKSDLP_Alter_Debug\Obj\fnt36num.o
#        D:\Electronics\Projects\MKS_DLP_new\SRC\firmware\MKSDLP_Alter_Debug\Obj\fnt36num_lcd.o
#        D:\Electronics\Projects\MKS_DLP_new\SRC\firmware\MKSDLP_Alter_Debug\Obj\fnt48num_lcd.o
#        D:\Electronics\Projects\MKS_DLP_new\SRC\firmware\MKSDLP_Alter_Debug\Obj\fsmc.o
#        D:\Electronics\Projects\MKS_DLP_new\SRC\firmware\MKSDLP_Alter_Debug\Obj\fst_spi.o
#        D:\Electronics\Projects\MKS_DLP_new\SRC\firmware\MKSDLP_Alter_Debug\Obj\gpio.o
#        D:\Electronics\Projects\MKS_DLP_new\SRC\firmware\MKSDLP_Alter_Debug\Obj\languages.o
#        D:\Electronics\Projects\MKS_DLP_new\SRC\firmware\MKSDLP_Alter_Debug\Obj\lcd_low.o
#        D:\Electronics\Projects\MKS_DLP_new\SRC\firmware\MKSDLP_Alter_Debug\Obj\lcd_ui.o
#        D:\Electronics\Projects\MKS_DLP_new\SRC\firmware\MKSDLP_Alter_Debug\Obj\main.o
#        D:\Electronics\Projects\MKS_DLP_new\SRC\firmware\MKSDLP_Alter_Debug\Obj\motor.o
#        D:\Electronics\Projects\MKS_DLP_new\SRC\firmware\MKSDLP_Alter_Debug\Obj\printing.o
#        D:\Electronics\Projects\MKS_DLP_new\SRC\firmware\MKSDLP_Alter_Debug\Obj\prtfiles.o
#        D:\Electronics\Projects\MKS_DLP_new\SRC\firmware\MKSDLP_Alter_Debug\Obj\rtc.o
#        D:\Electronics\Projects\MKS_DLP_new\SRC\firmware\MKSDLP_Alter_Debug\Obj\spi_flash.o
#        D:\Electronics\Projects\MKS_DLP_new\SRC\firmware\MKSDLP_Alter_Debug\Obj\spifl_diskio.o
#        D:\Electronics\Projects\MKS_DLP_new\SRC\firmware\MKSDLP_Alter_Debug\Obj\ssd_utils.o
#        D:\Electronics\Projects\MKS_DLP_new\SRC\firmware\MKSDLP_Alter_Debug\Obj\startup_stm32f407xx.o
#        D:\Electronics\Projects\MKS_DLP_new\SRC\firmware\MKSDLP_Alter_Debug\Obj\stm32f4xx_hal.o
#        D:\Electronics\Projects\MKS_DLP_new\SRC\firmware\MKSDLP_Alter_Debug\Obj\stm32f4xx_hal_cortex.o
#        D:\Electronics\Projects\MKS_DLP_new\SRC\firmware\MKSDLP_Alter_Debug\Obj\stm32f4xx_hal_dma.o
#        D:\Electronics\Projects\MKS_DLP_new\SRC\firmware\MKSDLP_Alter_Debug\Obj\stm32f4xx_hal_dma_ex.o
#        D:\Electronics\Projects\MKS_DLP_new\SRC\firmware\MKSDLP_Alter_Debug\Obj\stm32f4xx_hal_exti.o
#        D:\Electronics\Projects\MKS_DLP_new\SRC\firmware\MKSDLP_Alter_Debug\Obj\stm32f4xx_hal_flash.o
#        D:\Electronics\Projects\MKS_DLP_new\SRC\firmware\MKSDLP_Alter_Debug\Obj\stm32f4xx_hal_flash_ex.o
#        D:\Electronics\Projects\MKS_DLP_new\SRC\firmware\MKSDLP_Alter_Debug\Obj\stm32f4xx_hal_flash_ramfunc.o
#        D:\Electronics\Projects\MKS_DLP_new\SRC\firmware\MKSDLP_Alter_Debug\Obj\stm32f4xx_hal_gpio.o
#        D:\Electronics\Projects\MKS_DLP_new\SRC\firmware\MKSDLP_Alter_Debug\Obj\stm32f4xx_hal_hcd.o
#        D:\Electronics\Projects\MKS_DLP_new\SRC\firmware\MKSDLP_Alter_Debug\Obj\stm32f4xx_hal_i2c.o
#        D:\Electronics\Projects\MKS_DLP_new\SRC\firmware\MKSDLP_Alter_Debug\Obj\stm32f4xx_hal_msp.o
#        D:\Electronics\Projects\MKS_DLP_new\SRC\firmware\MKSDLP_Alter_Debug\Obj\stm32f4xx_hal_pwr.o
#        D:\Electronics\Projects\MKS_DLP_new\SRC\firmware\MKSDLP_Alter_Debug\Obj\stm32f4xx_hal_pwr_ex.o
#        D:\Electronics\Projects\MKS_DLP_new\SRC\firmware\MKSDLP_Alter_Debug\Obj\stm32f4xx_hal_rcc.o
#        D:\Electronics\Projects\MKS_DLP_new\SRC\firmware\MKSDLP_Alter_Debug\Obj\stm32f4xx_hal_rcc_ex.o
#        D:\Electronics\Projects\MKS_DLP_new\SRC\firmware\MKSDLP_Alter_Debug\Obj\stm32f4xx_hal_rtc.o
#        D:\Electronics\Projects\MKS_DLP_new\SRC\firmware\MKSDLP_Alter_Debug\Obj\stm32f4xx_hal_rtc_ex.o
#        D:\Electronics\Projects\MKS_DLP_new\SRC\firmware\MKSDLP_Alter_Debug\Obj\stm32f4xx_hal_spi.o
#        D:\Electronics\Projects\MKS_DLP_new\SRC\firmware\MKSDLP_Alter_Debug\Obj\stm32f4xx_hal_sram.o
#        D:\Electronics\Projects\MKS_DLP_new\SRC\firmware\MKSDLP_Alter_Debug\Obj\stm32f4xx_hal_tim.o
#        D:\Electronics\Projects\MKS_DLP_new\SRC\firmware\MKSDLP_Alter_Debug\Obj\stm32f4xx_hal_tim_ex.o
#        D:\Electronics\Projects\MKS_DLP_new\SRC\firmware\MKSDLP_Alter_Debug\Obj\stm32f4xx_it.o
#        D:\Electronics\Projects\MKS_DLP_new\SRC\firmware\MKSDLP_Alter_Debug\Obj\stm32f4xx_ll_fsmc.o
#        D:\Electronics\Projects\MKS_DLP_new\SRC\firmware\MKSDLP_Alter_Debug\Obj\stm32f4xx_ll_usb.o
#        D:\Electronics\Projects\MKS_DLP_new\SRC\firmware\MKSDLP_Alter_Debug\Obj\sys_timer.o
#        D:\Electronics\Projects\MKS_DLP_new\SRC\firmware\MKSDLP_Alter_Debug\Obj\system_stm32f4xx.o
#        D:\Electronics\Projects\MKS_DLP_new\SRC\firmware\MKSDLP_Alter_Debug\Obj\tgui.o
#        D:\Electronics\Projects\MKS_DLP_new\SRC\firmware\MKSDLP_Alter_Debug\Obj\tgui_defaultfuncs.o
#        D:\Electronics\Projects\MKS_DLP_new\SRC\firmware\MKSDLP_Alter_Debug\Obj\tgui_filesscreenfuncs.o
#        D:\Electronics\Projects\MKS_DLP_new\SRC\firmware\MKSDLP_Alter_Debug\Obj\tgui_fileviewscreenfuncs.o
#        D:\Electronics\Projects\MKS_DLP_new\SRC\firmware\MKSDLP_Alter_Debug\Obj\tgui_infoscreenfuncs.o
#        D:\Electronics\Projects\MKS_DLP_new\SRC\firmware\MKSDLP_Alter_Debug\Obj\tgui_langscreenfuncs.o
#        D:\Electronics\Projects\MKS_DLP_new\SRC\firmware\MKSDLP_Alter_Debug\Obj\tgui_mainscreenfuncs.o
#        D:\Electronics\Projects\MKS_DLP_new\SRC\firmware\MKSDLP_Alter_Debug\Obj\tgui_messagebox.o
#        D:\Electronics\Projects\MKS_DLP_new\SRC\firmware\MKSDLP_Alter_Debug\Obj\tgui_movezscreenfuncs.o
#        D:\Electronics\Projects\MKS_DLP_new\SRC\firmware\MKSDLP_Alter_Debug\Obj\tgui_numenterscreenfuncs.o
#        D:\Electronics\Projects\MKS_DLP_new\SRC\firmware\MKSDLP_Alter_Debug\Obj\tgui_printscreenfuncs.o
#        D:\Electronics\Projects\MKS_DLP_new\SRC\firmware\MKSDLP_Alter_Debug\Obj\tgui_settingsscreenfuncs.o
#        D:\Electronics\Projects\MKS_DLP_new\SRC\firmware\MKSDLP_Alter_Debug\Obj\tim.o
#        D:\Electronics\Projects\MKS_DLP_new\SRC\firmware\MKSDLP_Alter_Debug\Obj\touch.o
#        D:\Electronics\Projects\MKS_DLP_new\SRC\firmware\MKSDLP_Alter_Debug\Obj\unicode_utils.o
#        D:\Electronics\Projects\MKS_DLP_new\SRC\firmware\MKSDLP_Alter_Debug\Obj\usb_host.o
#        D:\Electronics\Projects\MKS_DLP_new\SRC\firmware\MKSDLP_Alter_Debug\Obj\usbh_conf.o
#        D:\Electronics\Projects\MKS_DLP_new\SRC\firmware\MKSDLP_Alter_Debug\Obj\usbh_core.o
#        D:\Electronics\Projects\MKS_DLP_new\SRC\firmware\MKSDLP_Alter_Debug\Obj\usbh_ctlreq.o
#        D:\Electronics\Projects\MKS_DLP_new\SRC\firmware\MKSDLP_Alter_Debug\Obj\usbh_diskio.o
#        D:\Electronics\Projects\MKS_DLP_new\SRC\firmware\MKSDLP_Alter_Debug\Obj\usbh_ioreq.o
#        D:\Electronics\Projects\MKS_DLP_new\SRC\firmware\MKSDLP_Alter_Debug\Obj\usbh_msc.o
#        D:\Electronics\Projects\MKS_DLP_new\SRC\firmware\MKSDLP_Alter_Debug\Obj\usbh_msc_bot.o
#        D:\Electronics\Projects\MKS_DLP_new\SRC\firmware\MKSDLP_Alter_Debug\Obj\usbh_msc_scsi.o
#        D:\Electronics\Projects\MKS_DLP_new\SRC\firmware\MKSDLP_Alter_Debug\Obj\usbh_pipes.o
#        D:\Electronics\Projects\MKS_DLP_new\SRC\firmware\MKSDLP_Alter_Debug\Obj\usbh_platform.o
#        D:\Electronics\Projects\MKS_DLP_new\SRC\firmware\MKSDLP_Alter_Debug\Obj\uvdisplay.o
#        D:\Electronics\Projects\MKS_DLP_new\SRC\firmware\MKSDLP_Alter_Debug\Obj\z_endstops.o
#        D:\Electronics\Projects\MKS_DLP_new\SRC\firmware\MKSDLP_Alter_Debug\Obj\z_planner.o
#        D:\Electronics\Projects\MKS_DLP_new\SRC\firmware\MKSDLP_Alter_Debug\Obj\z_stepper.o
#        --redirect _Printf=_PrintfFull --redirect _Scanf=_ScanfFull
#        --no_out_extension -o
#        D:\Electronics\Projects\MKS_DLP_new\SRC\firmware\MKSDLP_Alter_debug\Exe\MKS_DLP_new.out
#        --map
#        D:\Electronics\Projects\MKS_DLP_new\SRC\firmware\MKSDLP_Alter_debug\List\MKS_DLP_new.map
#        --log libraries,call_graph --log_file
#        D:\Electronics\Projects\MKS_DLP_new\SRC\firmware\MKSDLP_Alter_debug\List\MKS_DLP_new.log
#        --config
#        D:\Electronics\Projects\MKS_DLP_new\SRC\firmware/config/stm32f407xx_flash.icf
#        --semihosting --entry __iar_program_start --merge_duplicate_sections
#        --vfe --text_out locale)
#
###############################################################################

*******************************************************************************
*** RUNTIME MODEL ATTRIBUTES
***

CppFlavor                     = *
__CPP_Exceptions              = Disabled
__CPP_Language                = C++14
__Heap_Handler                = DLMalloc
__SystemLibrary               = DLib
__dlib_dynamic_initialization = normal
__dlib_version                = 6


*******************************************************************************
*** HEAP SELECTION
***

The advanced heap was selected because the application calls memory
allocation functions outside of system library functions, and there
are calls to deallocation functions in the application.


*******************************************************************************
*** PLACEMENT SUMMARY
***

"A0":  place at 0x801'0000 { ro section .intvec };
"P1":  place in [from 0x801'0000 to 0x807'ffff] { ro };
define block CSTACK with size = 16K, alignment = 8 { };
define block HEAP with size = 8K, alignment = 8 { };
"P2":  place in [from 0x2000'0000 to 0x2001'ffff] {
          rw, block CSTACK, block HEAP };
"P3":  place in [from 0x1000'0000 to 0x1000'ffff] { rw section CCMRAM };
initialize by copy { rw };

  Section                Kind         Address     Size  Object
  -------                ----         -------     ----  ------
"A0":                                            0x188
  .intvec                ro code   0x801'0000    0x188  startup_stm32f407xx.o [1]
                                 - 0x801'0188    0x188

"P1":                                          0x2beaf
  .text                  ro code   0x801'0188   0x436e  tgui.o [1]
  .text                  ro code   0x801'44f6     0x7a  lz77_init_single.o [5]
  .text                  ro code   0x801'4570     0x66  ABImemset.o [5]
  .text                  ro code   0x801'45d6     0x3a  zero_init3.o [5]
  .text                  ro code   0x801'4610    0xba0  tgui_defaultfuncs.o [1]
  .text                  ro code   0x801'51b0     0xa6  ABImemcpy.o [5]
  .text                  ro code   0x801'5256     0x26  xencoding_8859_1.o [2]
  .text                  ro code   0x801'527c     0x44  languages.o [1]
  .text                  ro code   0x801'52c0    0x7bc  tgui_messagebox.o [1]
  .text                  ro code   0x801'5a7c    0x1e4  sys_timer.o [1]
  .text                  ro code   0x801'5c60    0x124  datetime.o [1]
  .text                  ro code   0x801'5d84     0x40  sprintf.o [2]
  .text                  ro code   0x801'5dc4    0xc98  lcd_ui.o [1]
  .text                  ro code   0x801'6a5c    0x538  lcd_low.o [1]
  .text                  ro code   0x801'6f94   0x2f74  ff.o [1]
  .text                  ro code   0x801'9f08    0x404  unicode_utils.o [1]
  .text                  ro code   0x801'a30c    0x2c4  touch.o [1]
  .text                  ro code   0x801'a5d0     0x70  strncpy.o [5]
  .text                  ro code   0x801'a640    0x444  stm32f4xx_hal_rtc.o [1]
  .text                  ro code   0x801'aa84    0xf46  xprintffull.o [2]
  .text                  ro code   0x801'b9ca     0x1e  xsscin.o [2]
  .text                  ro code   0x801'b9e8     0x28  stm32f4xx_hal.o [1]
  .text                  ro code   0x801'ba10    0x114  fsmc.o [1]
  .text                  ro code   0x801'bb24    0x484  stm32f4xx_hal_dma.o [1]
  .text                  ro code   0x801'bfa8    0x158  stm32f4xx_hal_cortex.o [1]
  .text                  ro code   0x801'c100     0xf0  diskio.o [1]
  .text                  ro code   0x801'c1f0    0x168  ffunicode.o [1]
  .text                  ro code   0x801'c358    0x15c  fatfs.o [1]
  .text                  ro code   0x801'c4b4    0x59c  fst_spi.o [1]
  .text                  ro code   0x801'ca50      0xc  stm32f4xx_hal.o [1]
  .text                  ro code   0x801'ca5c    0x104  xlocale_c.o [2]
  .text                  ro code   0x801'cb60     0x16  strchr.o [5]
  .text                  ro code   0x801'cb76      0xa  xsprout.o [2]
  .text                  ro code   0x801'cb80     0x40  xfail_s.o [2]
  .text                  ro code   0x801'cbc0     0x36  strlen.o [5]
  .rodata                const     0x801'cbf6      0x2  languages.o [1]
  .text                  ro code   0x801'cbf8     0x58  memchr.o [5]
  .text                  ro code   0x801'cc50      0xa  xmbcurmax.o [2]
  .rodata                const     0x801'cc5a      0x2  languages.o [1]
  .text                  ro code   0x801'cc5c    0x230  I64DivMod.o [5]
  .text                  ro code   0x801'ce8c    0x1a2  DblMul.o [4]
  .rodata                const     0x801'd02e      0x1  unwind_debug.o [6]
  .text                  ro code   0x801'd030     0x70  frexp.o [4]
  .text                  ro code   0x801'd0a0     0x2e  DblCmpLe.o [4]
  .text                  ro code   0x801'd0d0     0x2e  DblCmpGe.o [4]
  .text                  ro code   0x801'd100    0x13a  ldexp.o [4]
  .text                  ro code   0x801'd23c     0x3a  DblToS32.o [4]
  .text                  ro code   0x801'd278     0x22  S32ToDbl.o [4]
  .text                  ro code   0x801'd29c     0xe2  DblSub.o [4]
  .text                  ro code   0x801'd380    0x246  DblDiv.o [4]
  .text                  ro code   0x801'd5c8     0x28  DblToU32.o [4]
  .text                  ro code   0x801'd5f0     0x1a  U32ToDbl.o [4]
  .text                  ro code   0x801'd60c      0x6  ABImemclr4.o [5]
  .text                  ro code   0x801'd614     0x5c  stm32f4xx_hal_sram.o [1]
  .text                  ro code   0x801'd670   0x1232  main.o [1]
  .text                  ro code   0x801'e8a4    0x2a2  stm32f4xx_hal_gpio.o [1]
  .text                  ro code   0x801'eb48     0x60  ff_gen_drv.o [1]
  .text                  ro code   0x801'eba8    0x7be  stm32f4xx_hal_spi.o [1]
  .text                  ro code   0x801'f366      0x6  abort.o [2]
  .text                  ro code   0x801'f36c      0x2  stm32f4xx_hal_spi.o [1]
  .text                  ro code   0x801'f370    0x17a  DblAdd.o [4]
  .text                  ro code   0x801'f4ec     0x32  ABImemset48.o [5]
  .text                  ro code   0x801'f520     0xec  stm32f4xx_ll_fsmc.o [1]
  .text                  ro code   0x801'f60c     0x34  stm32f4xx_hal.o [1]
  .text                  ro code   0x801'f640    0x2dc  gpio.o [1]
  .text                  ro code   0x801'f91c    0x614  eeprom.o [1]
  .text                  ro code   0x801'ff30    0xebc  config.o [1]
  .text                  ro code   0x802'0dec    0x328  spi_flash.o [1]
  .text                  ro code   0x802'1114     0xc8  rtc.o [1]
  .text                  ro code   0x802'11dc    0x308  motor.o [1]
  .text                  ro code   0x802'14e4     0x1c  uvdisplay.o [1]
  .text                  ro code   0x802'1500     0x28  usbh_platform.o [1]
  .text                  ro code   0x802'1528     0x8c  usb_host.o [1]
  .text                  ro code   0x802'15b4     0x12  strcmp.o [5]
  .text                  ro code   0x802'15c8     0x48  FltToDbl.o [4]
  .text                  ro code   0x802'1610     0x68  DblToFlt.o [4]
  .text                  ro code   0x802'1678    0x540  tgui_movezscreenfuncs.o [1]
  .text                  ro code   0x802'1bb8    0x400  prtfiles.o [1]
  .text                  ro code   0x802'1fb8    0x504  printing.o [1]
  .text                  ro code   0x802'24bc    0x3dc  stm32f4xx_hal_rcc.o [1]
  .text                  ro code   0x802'2898    0x214  stm32f4xx_hal_rcc.o [1]
  .text                  ro code   0x802'2aac    0x160  stm32f4xx_hal_rcc_ex.o [1]
  .text                  ro code   0x802'2c0c     0x14  exit.o [6]
  .text                  ro code   0x802'2c20     0x4c  stm32f4xx_hal.o [1]
  .text                  ro code   0x802'2c6c     0x40  stm32f4xx_hal_msp.o [1]
  .text                  ro code   0x802'2cac    0x1ee  stm32f4xx_hal_i2c.o [1]
  .text                  ro code   0x802'2e9c      0xe  math_wrappers64.o [4]
  .text                  ro code   0x802'2eac    0x152  iar_Stoulx.o [2]
  .text                  ro code   0x802'2ffe     0x20  spi_flash.o [1]
  .text                  ro code   0x802'3020     0xe4  z_endstops.o [1]
  .text                  ro code   0x802'3104    0xf38  z_planner.o [1]
  .text                  ro code   0x802'403c    0x5d0  z_stepper.o [1]
  .text                  ro code   0x802'460c    0x1e8  tim.o [1]
  .text                  ro code   0x802'47f4    0x7a2  stm32f4xx_hal_tim.o [1]
  .text                  ro code   0x802'4f98     0x14  motor.o [1]
  .text                  ro code   0x802'4fac      0xc  z_endstops.o [1]
  .text                  ro code   0x802'4fb8     0x18  z_endstops.o [1]
  .text                  ro code   0x802'4fd0     0x20  z_stepper.o [1]
  .text                  ro code   0x802'4ff0     0x20  motor.o [1]
  .text                  ro code   0x802'5010    0x22e  cpld_utils.o [1]
  .text                  ro code   0x802'5240    0x5f8  ssd_utils.o [1]
  .text                  ro code   0x802'5838    0x7f4  usbh_core.o [1]
  .text                  ro code   0x802'602c    0x544  files_pws.o [1]
  .text                  ro code   0x802'6570     0x1e  sqrtf.o [4]
  .text                  ro code   0x802'6590    0x51c  strto64.o [4]
  .text                  ro code   0x802'6aac     0x14  isspace.o [2]
  .text                  ro code   0x802'6ac0     0x14  tolower.o [2]
  .text                  ro code   0x802'6ad4     0x18  z_stepper.o [1]
  .text                  ro code   0x802'6aec     0x24  z_planner.o [1]
  .text                  ro code   0x802'6b10     0x18  z_planner.o [1]
  .text                  ro code   0x802'6b28      0x8  z_stepper.o [1]
  .text                  ro code   0x802'6b30     0x3c  ceilf.o [4]
  .text                  ro code   0x802'6b6c     0xb8  z_planner.o [1]
  .text                  ro code   0x802'6c24     0x3c  floorf.o [4]
  .text                  ro code   0x802'6c60     0xc8  z_planner.o [1]
  .text                  ro code   0x802'6d28     0x12  z_planner.o [1]
  .text                  ro code   0x802'6d3a      0x8  z_planner.o [1]
  .text                  ro code   0x802'6d44     0x20  z_stepper.o [1]
  .text                  ro code   0x802'6d64     0x10  z_stepper.o [1]
  .text                  ro code   0x802'6d74      0xc  z_stepper.o [1]
  .text                  ro code   0x802'6d80     0x38  z_planner.o [1]
  .text                  ro code   0x802'6db8     0x18  z_planner.o [1]
  .text                  ro code   0x802'6dd0     0x2e  lroundf.o [4]
  .text                  ro code   0x802'6e00     0x1c  z_stepper.o [1]
  .text                  ro code   0x802'6e1c     0x30  z_stepper.o [1]
  .text                  ro code   0x802'6e4c     0xac  stm32f4xx_hal_tim_ex.o [1]
  .text                  ro code   0x802'6ef8     0x4a  cpld_utils.o [1]
  .text                  ro code   0x802'6f44    0x3a0  usbh_conf.o [1]
  .text                  ro code   0x802'72e4     0xe0  usbh_pipes.o [1]
  .text                  ro code   0x802'73c4    0x642  usbh_ctlreq.o [1]
  .text                  ro code   0x802'7a06    0x122  iar_Stopfx.o [2]
  .text                  ro code   0x802'7b28    0x1c4  iar_Stoflt.o [2]
  .text                  ro code   0x802'7cec    0x21c  iar_Stoxflt.o [2]
  .text                  ro code   0x802'7f08     0x10  z_stepper.o [1]
  .text                  ro code   0x802'7f18      0xe  z_planner.o [1]
  .text                  ro code   0x802'7f28     0x1c  z_stepper.o [1]
  .text                  ro code   0x802'7f44   0x10d2  stm32f4xx_hal_hcd.o [1]
  .text                  ro code   0x802'9016    0x10e  usbh_ioreq.o [1]
  .text                  ro code   0x802'9124     0x14  isalpha.o [2]
  .text                  ro code   0x802'9138    0xa8c  stm32f4xx_ll_usb.o [1]
  .rodata                const     0x802'9bc4   0x2094  fnt24bold.o [1]
  .rodata                const     0x802'bc58   0x1a1c  fnt24.o [1]
  .text                  ro code   0x802'd674   0x14e0  dlmalloc.o [2]
  .text                  ro code   0x802'eb54     0x2c  xgetmemchunk.o [2]
  .rodata                const     0x802'eb80   0x10c8  fnt18bold.o [1]
  .text                  ro code   0x802'fc48   0x1000  tgui_filesscreenfuncs.o [1]
  .text                  ro code   0x803'0c48     0x18  strcpy.o [5]
  .text                  ro code   0x803'0c60     0x1e  strcat.o [2]
  .text                  ro code   0x803'0c80    0xb98  tgui_fileviewscreenfuncs.o [1]
  .rodata                const     0x803'1818    0xea4  fnt18.o [1]
  .text                  ro code   0x803'26bc    0xe58  xscanffull.o [2]
  .text                  ro code   0x803'3514     0x3c  wctob.o [2]
  .text                  ro code   0x803'3550     0x9e  iar_Stollx.o [2]
  .text                  ro code   0x803'35f0    0x1b2  iar_Stoullx.o [2]
  .rodata                const     0x803'37a4    0xbcc  fnt48num_lcd.o [1]
  .text                  ro code   0x803'4370    0x9dc  tgui_printscreenfuncs.o [1]
  .text                  ro code   0x803'4d4c    0x9ae  usbh_msc.o [1]
  .text                  ro code   0x803'56fc    0x43c  usbh_msc_bot.o [1]
  .text                  ro code   0x803'5b38      0x4  heaptramp0.o [2]
  .text                  ro code   0x803'5b3c    0x490  usbh_msc_scsi.o [1]
  .rodata                const     0x803'5fcc    0x788  fnt12bold.o [1]
  .rodata                const     0x803'6754    0x6b4  fnt12.o [1]
  .rodata                const     0x803'6e08    0x684  fnt36num.o [1]
  .rodata                const     0x803'748c    0x66c  fnt36num_lcd.o [1]
  .text                  ro code   0x803'7af8    0x648  tgui_numenterscreenfuncs.o [1]
  .text                  ro code   0x803'8140     0x28  sscanf.o [2]
  .text                  ro code   0x803'8168    0x488  tgui_infoscreenfuncs.o [1]
  .text                  ro code   0x803'85f0    0x26c  tgui_settingsscreenfuncs.o [1]
  .rodata                const     0x803'885c    0x1f4  ffunicode.o [1]
  .rodata                const     0x803'8a50    0x198  languages.o [1]
  .rodata                const     0x803'8be8    0x198  languages.o [1]
  .text                  ro code   0x803'8d80    0x170  usbh_diskio.o [1]
  .text                  ro code   0x803'8ef0    0x154  spifl_diskio.o [1]
  .rodata                const     0x803'9044    0x140  fnt12.o [1]
  .rodata                const     0x803'9184    0x140  fnt12bold.o [1]
  .rodata                const     0x803'92c4    0x140  fnt18.o [1]
  .rodata                const     0x803'9404    0x140  fnt18bold.o [1]
  .rodata                const     0x803'9544    0x140  fnt24.o [1]
  .rodata                const     0x803'9684    0x140  fnt24bold.o [1]
  .rodata                const     0x803'97c4    0x100  ffunicode.o [1]
  .rodata                const     0x803'98c4     0xc8  languages.o [1]
  .rodata                const     0x803'998c     0xbc  ffunicode.o [1]
  .rodata                const     0x803'9a48     0x9c  languages.o [1]
  .text                  ro code   0x803'9ae4     0x9c  stm32f4xx_it.o [1]
  .rodata                const     0x803'9b80     0x80  ff.o [1]
  .rodata                const     0x803'9c00     0x78  languages.o [1]
  .rodata                const     0x803'9c78     0x74  languages.o [1]
  .rodata                const     0x803'9cec     0x74  languages.o [1]
  .rodata                const     0x803'9d60     0x70  languages.o [1]
  .rodata                const     0x803'9dd0     0x70  languages.o [1]
  .rodata                const     0x803'9e40     0x68  languages.o [1]
  .rodata                const     0x803'9ea8     0x68  languages.o [1]
  .rodata                const     0x803'9f10     0x68  languages.o [1]
  .rodata                const     0x803'9f78     0x54  languages.o [1]
  .rodata                const     0x803'9fcc     0x54  languages.o [1]
  .rodata                const     0x803'a020     0x50  iar_Stoulx.o [2]
  .rodata                const     0x803'a070     0x50  iar_Stoullx.o [2]
  .rodata                const     0x803'a0c0     0x4c  languages.o [1]
  .rodata                const     0x803'a10c     0x4c  xscanffull.o [2]
  .rodata                const     0x803'a158     0x48  languages.o [1]
  .rodata                const     0x803'a1a0     0x48  strto64.o [4]
  .rodata                const     0x803'a1e8     0x44  languages.o [1]
  .rodata                const     0x803'a22c     0x40  languages.o [1]
  .rodata                const     0x803'a26c     0x3c  languages.o [1]
  .rodata                const     0x803'a2a8     0x3c  languages.o [1]
  .rodata                const     0x803'a2e4     0x3c  languages.o [1]
  .rodata                const     0x803'a320     0x3c  languages.o [1]
  .rodata                const     0x803'a35c     0x3c  languages.o [1]
  .rodata                const     0x803'a398     0x38  fnt36num.o [1]
  .rodata                const     0x803'a3d0     0x38  fnt36num_lcd.o [1]
  .rodata                const     0x803'a408     0x38  fnt48num_lcd.o [1]
  .rodata                const     0x803'a440     0x38  languages.o [1]
  .rodata                const     0x803'a478     0x38  languages.o [1]
  .rodata                const     0x803'a4b0     0x38  main.o [1]
  .rodata                const     0x803'a4e8     0x34  languages.o [1]
  .rodata                const     0x803'a51c     0x34  languages.o [1]
  .rodata                const     0x803'a550     0x34  main.o [1]
  .rodata                const     0x803'a584     0x34  main.o [1]
  .rodata                const     0x803'a5b8     0x30  languages.o [1]
  .rodata                const     0x803'a5e8     0x30  languages.o [1]
  .rodata                const     0x803'a618     0x30  languages.o [1]
  .rodata                const     0x803'a648     0x30  languages.o [1]
  .rodata                const     0x803'a678     0x30  main.o [1]
  .rodata                const     0x803'a6a8     0x30  main.o [1]
  .rodata                const     0x803'a6d8     0x30  main.o [1]
  .rodata                const     0x803'a708     0x2c  languages.o [1]
  .rodata                const     0x803'a734     0x2c  languages.o [1]
  .rodata                const     0x803'a760     0x2c  languages.o [1]
  .rodata                const     0x803'a78c     0x2c  main.o [1]
  .rodata                const     0x803'a7b8     0x2c  main.o [1]
  .rodata                const     0x803'a7e4     0x28  languages.o [1]
  .rodata                const     0x803'a80c     0x28  languages.o [1]
  .rodata                const     0x803'a834     0x28  main.o [1]
  .rodata                const     0x803'a85c     0x28  xscanffull.o [2]
  .text                  ro code   0x803'a884     0x28  data_init.o [5]
  .rodata                const     0x803'a8ac     0x24  languages.o [1]
  .rodata                const     0x803'a8d0     0x24  languages.o [1]
  .rodata                const     0x803'a8f4     0x24  languages.o [1]
  .rodata                const     0x803'a918     0x24  main.o [1]
  .rodata                const     0x803'a93c     0x24  tgui_infoscreenfuncs.o [1]
  .text                  ro code   0x803'a960     0x24  tgui_langscreenfuncs.o [1]
  .text                  ro code   0x803'a984     0x22  fpinit_M.o [4]
  .iar.init_table        const     0x803'a9a8     0x24  - Linker created -
  .rodata                const     0x803'a9cc     0x20  languages.o [1]
  .rodata                const     0x803'a9ec     0x20  languages.o [1]
  .rodata                const     0x803'aa0c     0x20  languages.o [1]
  .rodata                const     0x803'aa2c     0x20  languages.o [1]
  .rodata                const     0x803'aa4c     0x20  languages.o [1]
  .rodata                const     0x803'aa6c     0x20  languages.o [1]
  .rodata                const     0x803'aa8c     0x20  languages.o [1]
  .rodata                const     0x803'aaac     0x20  main.o [1]
  .rodata                const     0x803'aacc     0x20  tgui.o [1]
  .rodata                const     0x803'aaec     0x20  tgui.o [1]
  .rodata                const     0x803'ab0c     0x20  tgui.o [1]
  .rodata                const     0x803'ab2c     0x20  tgui.o [1]
  .rodata                const     0x803'ab4c     0x20  tgui.o [1]
  .rodata                const     0x803'ab6c     0x20  tgui_printscreenfuncs.o [1]
  .text                  ro code   0x803'ab8c     0x20  system_stm32f4xx.o [1]
  .text                  ro code   0x803'abac     0x20  cmain_call_ctors.o [5]
  .text                  ro code   0x803'abcc     0x18  cppinit.o [2]
  .text                  ro code   0x803'abe4     0x1e  cmain.o [5]
  .text                  ro code   0x803'ac02      0x4  low_level_init.o [2]
  .text                  ro code   0x803'ac06      0x4  exit.o [2]
  .text                  ro code   0x803'ac0c      0xa  cexit.o [5]
  .rodata                const     0x803'ac18     0x1c  languages.o [1]
  .rodata                const     0x803'ac34     0x1c  languages.o [1]
  .rodata                const     0x803'ac50     0x1c  languages.o [1]
  .rodata                const     0x803'ac6c     0x1c  languages.o [1]
  .rodata                const     0x803'ac88     0x1c  languages.o [1]
  .rodata                const     0x803'aca4     0x1c  languages.o [1]
  .rodata                const     0x803'acc0     0x1c  languages.o [1]
  .rodata                const     0x803'acdc     0x1c  languages.o [1]
  .rodata                const     0x803'acf8     0x1c  languages.o [1]
  .rodata                const     0x803'ad14     0x1c  tgui.o [1]
  .rodata                const     0x803'ad30     0x1c  tgui.o [1]
  .rodata                const     0x803'ad4c     0x1c  tgui.o [1]
  .rodata                const     0x803'ad68     0x1c  tgui.o [1]
  .rodata                const     0x803'ad84     0x1c  tgui.o [1]
  .rodata                const     0x803'ada0     0x1c  tgui.o [1]
  .rodata                const     0x803'adbc     0x1c  tgui.o [1]
  .rodata                const     0x803'add8     0x1c  tgui.o [1]
  .rodata                const     0x803'adf4     0x1c  tgui.o [1]
  .rodata                const     0x803'ae10     0x1c  tgui.o [1]
  .rodata                const     0x803'ae2c     0x1c  tgui.o [1]
  .rodata                const     0x803'ae48     0x1c  tgui.o [1]
  .rodata                const     0x803'ae64     0x1c  tgui.o [1]
  .rodata                const     0x803'ae80     0x1c  tgui.o [1]
  .rodata                const     0x803'ae9c     0x1c  tgui.o [1]
  .rodata                const     0x803'aeb8     0x1c  tgui.o [1]
  .rodata                const     0x803'aed4     0x1c  tgui.o [1]
  .rodata                const     0x803'aef0     0x1c  tgui.o [1]
  .rodata                const     0x803'af0c     0x1c  tgui.o [1]
  .rodata                const     0x803'af28     0x1c  tgui.o [1]
  .rodata                const     0x803'af44     0x1c  tgui.o [1]
  .rodata                const     0x803'af60     0x1c  tgui.o [1]
  .rodata                const     0x803'af7c     0x1c  tgui.o [1]
  .rodata                const     0x803'af98     0x1c  tgui.o [1]
  .rodata                const     0x803'afb4     0x1c  tgui.o [1]
  .rodata                const     0x803'afd0     0x1c  tgui_fileviewscreenfuncs.o [1]
  .rodata                const     0x803'afec     0x1c  tgui_infoscreenfuncs.o [1]
  .rodata                const     0x803'b008     0x18  config.o [1]
  .rodata                const     0x803'b020     0x18  config.o [1]
  .rodata                const     0x803'b038     0x18  config.o [1]
  .rodata                const     0x803'b050     0x18  config.o [1]
  .rodata                const     0x803'b068     0x18  config.o [1]
  .rodata                const     0x803'b080     0x18  datetime.o [1]
  .rodata                const     0x803'b098     0x18  datetime.o [1]
  .rodata                const     0x803'b0b0     0x18  languages.o [1]
  .rodata                const     0x803'b0c8     0x18  languages.o [1]
  .rodata                const     0x803'b0e0     0x18  languages.o [1]
  .rodata                const     0x803'b0f8     0x18  languages.o [1]
  .rodata                const     0x803'b110     0x18  languages.o [1]
  .rodata                const     0x803'b128     0x18  languages.o [1]
  .rodata                const     0x803'b140     0x18  main.o [1]
  .rodata                const     0x803'b158     0x18  main.o [1]
  .rodata                const     0x803'b170     0x18  main.o [1]
  .rodata                const     0x803'b188     0x18  tgui.o [1]
  .rodata                const     0x803'b1a0     0x18  tgui.o [1]
  .rodata                const     0x803'b1b8     0x18  tgui.o [1]
  .rodata                const     0x803'b1d0     0x18  tgui.o [1]
  .rodata                const     0x803'b1e8     0x18  tgui.o [1]
  .rodata                const     0x803'b200     0x18  tgui.o [1]
  .rodata                const     0x803'b218     0x18  tgui.o [1]
  .rodata                const     0x803'b230     0x18  tgui.o [1]
  .rodata                const     0x803'b248     0x18  tgui.o [1]
  .rodata                const     0x803'b260     0x18  tgui.o [1]
  .rodata                const     0x803'b278     0x18  tgui.o [1]
  .rodata                const     0x803'b290     0x18  tgui.o [1]
  .rodata                const     0x803'b2a8     0x18  tgui.o [1]
  .rodata                const     0x803'b2c0     0x18  tgui.o [1]
  .rodata                const     0x803'b2d8     0x18  tgui.o [1]
  .rodata                const     0x803'b2f0     0x18  tgui.o [1]
  .rodata                const     0x803'b308     0x18  tgui.o [1]
  .rodata                const     0x803'b320     0x18  tgui.o [1]
  .rodata                const     0x803'b338     0x18  tgui.o [1]
  .rodata                const     0x803'b350     0x18  tgui_filesscreenfuncs.o [1]
  .rodata                const     0x803'b368     0x18  tgui_filesscreenfuncs.o [1]
  .rodata                const     0x803'b380     0x14  config.o [1]
  .rodata                const     0x803'b394     0x14  config.o [1]
  .rodata                const     0x803'b3a8     0x14  config.o [1]
  .rodata                const     0x803'b3bc     0x14  ff.o [1]
  .rodata                const     0x803'b3d0     0x14  ff.o [1]
  .rodata                const     0x803'b3e4     0x14  languages.o [1]
  .rodata                const     0x803'b3f8     0x14  languages.o [1]
  .rodata                const     0x803'b40c     0x14  languages.o [1]
  .rodata                const     0x803'b420     0x14  languages.o [1]
  .rodata                const     0x803'b434     0x14  languages.o [1]
  .rodata                const     0x803'b448     0x14  languages.o [1]
  .rodata                const     0x803'b45c     0x14  languages.o [1]
  .rodata                const     0x803'b470     0x14  languages.o [1]
  .rodata                const     0x803'b484     0x14  languages.o [1]
  .rodata                const     0x803'b498     0x14  spifl_diskio.o [1]
  .rodata                const     0x803'b4ac     0x14  tgui.o [1]
  .rodata                const     0x803'b4c0     0x14  tgui.o [1]
  .rodata                const     0x803'b4d4     0x14  tgui.o [1]
  .rodata                const     0x803'b4e8     0x14  tgui.o [1]
  .rodata                const     0x803'b4fc     0x14  tgui.o [1]
  .rodata                const     0x803'b510     0x14  tgui.o [1]
  .rodata                const     0x803'b524     0x14  tgui_filesscreenfuncs.o [1]
  .rodata                const     0x803'b538     0x14  tgui_filesscreenfuncs.o [1]
  .rodata                const     0x803'b54c     0x14  tgui_infoscreenfuncs.o [1]
  .rodata                const     0x803'b560     0x14  usbh_diskio.o [1]
  .rodata                const     0x803'b574     0x10  config.o [1]
  .rodata                const     0x803'b584     0x10  config.o [1]
  .rodata                const     0x803'b594     0x10  config.o [1]
  .rodata                const     0x803'b5a4     0x10  config.o [1]
  .rodata                const     0x803'b5b4     0x10  config.o [1]
  .rodata                const     0x803'b5c4     0x10  config.o [1]
  .rodata                const     0x803'b5d4     0x10  ff.o [1]
  .rodata                const     0x803'b5e4     0x10  ff.o [1]
  .rodata                const     0x803'b5f4     0x10  ff.o [1]
  .rodata                const     0x803'b604     0x10  ff.o [1]
  .rodata                const     0x803'b614     0x10  languages.o [1]
  .rodata                const     0x803'b624     0x10  languages.o [1]
  .rodata                const     0x803'b634     0x10  languages.o [1]
  .rodata                const     0x803'b644     0x10  languages.o [1]
  .rodata                const     0x803'b654     0x10  languages.o [1]
  .rodata                const     0x803'b664     0x10  languages.o [1]
  .rodata                const     0x803'b674     0x10  languages.o [1]
  .rodata                const     0x803'b684     0x10  languages.o [1]
  .rodata                const     0x803'b694     0x10  languages.o [1]
  .rodata                const     0x803'b6a4     0x10  languages.o [1]
  .rodata                const     0x803'b6b4     0x10  languages.o [1]
  .rodata                const     0x803'b6c4     0x10  languages.o [1]
  .rodata                const     0x803'b6d4     0x10  languages.o [1]
  .rodata                const     0x803'b6e4     0x10  languages.o [1]
  .rodata                const     0x803'b6f4     0x10  languages.o [1]
  .rodata                const     0x803'b704     0x10  languages.o [1]
  .rodata                const     0x803'b714     0x10  languages.o [1]
  .rodata                const     0x803'b724     0x10  languages.o [1]
  .rodata                const     0x803'b734     0x10  languages.o [1]
  .rodata                const     0x803'b744     0x10  main.o [1]
  .rodata                const     0x803'b754     0x10  main.o [1]
  .rodata                const     0x803'b764     0x10  system_stm32f4xx.o [1]
  .rodata                const     0x803'b774     0x10  tgui.o [1]
  .rodata                const     0x803'b784     0x10  tgui.o [1]
  .rodata                const     0x803'b794     0x10  tgui.o [1]
  .rodata                const     0x803'b7a4     0x10  tgui.o [1]
  .rodata                const     0x803'b7b4     0x10  tgui.o [1]
  .rodata                const     0x803'b7c4     0x10  tgui.o [1]
  .rodata                const     0x803'b7d4     0x10  tgui_defaultfuncs.o [1]
  .text                  ro code   0x803'b7e4     0x10  startup_stm32f407xx.o [1]
  .rodata                const     0x803'b7f4      0xc  config.o [1]
  .rodata                const     0x803'b800      0xc  config.o [1]
  .rodata                const     0x803'b80c      0xc  config.o [1]
  .rodata                const     0x803'b818      0xc  config.o [1]
  .rodata                const     0x803'b824      0xc  config.o [1]
  .rodata                const     0x803'b830      0xc  config.o [1]
  .rodata                const     0x803'b83c      0xc  config.o [1]
  .rodata                const     0x803'b848      0xc  ff.o [1]
  .rodata                const     0x803'b854      0xc  ff.o [1]
  .rodata                const     0x803'b860      0xc  files_pws.o [1]
  .rodata                const     0x803'b86c      0xc  files_pws.o [1]
  .rodata                const     0x803'b878      0xc  languages.o [1]
  .rodata                const     0x803'b884      0xc  languages.o [1]
  .rodata                const     0x803'b890      0xc  languages.o [1]
  .rodata                const     0x803'b89c      0xc  languages.o [1]
  .rodata                const     0x803'b8a8      0xc  languages.o [1]
  .rodata                const     0x803'b8b4      0xc  languages.o [1]
  .rodata                const     0x803'b8c0      0xc  languages.o [1]
  .rodata                const     0x803'b8cc      0xc  languages.o [1]
  .rodata                const     0x803'b8d8      0xc  languages.o [1]
  .rodata                const     0x803'b8e4      0xc  languages.o [1]
  .rodata                const     0x803'b8f0      0xc  languages.o [1]
  .rodata                const     0x803'b8fc      0xc  languages.o [1]
  .rodata                const     0x803'b908      0xc  languages.o [1]
  .rodata                const     0x803'b914      0xc  languages.o [1]
  .rodata                const     0x803'b920      0xc  languages.o [1]
  .rodata                const     0x803'b92c      0xc  languages.o [1]
  .rodata                const     0x803'b938      0xc  languages.o [1]
  .rodata                const     0x803'b944      0xc  languages.o [1]
  .rodata                const     0x803'b950      0xc  languages.o [1]
  .rodata                const     0x803'b95c      0xc  languages.o [1]
  .rodata                const     0x803'b968      0xc  languages.o [1]
  .rodata                const     0x803'b974      0xc  languages.o [1]
  .rodata                const     0x803'b980      0xc  languages.o [1]
  .rodata                const     0x803'b98c      0xc  languages.o [1]
  .rodata                const     0x803'b998      0xc  languages.o [1]
  .rodata                const     0x803'b9a4      0xc  languages.o [1]
  .rodata                const     0x803'b9b0      0xc  languages.o [1]
  .rodata                const     0x803'b9bc      0xc  languages.o [1]
  .rodata                const     0x803'b9c8      0xc  languages.o [1]
  .rodata                const     0x803'b9d4      0xc  languages.o [1]
  .rodata                const     0x803'b9e0      0xc  languages.o [1]
  .rodata                const     0x803'b9ec      0xc  languages.o [1]
  .rodata                const     0x803'b9f8      0xc  main.o [1]
  .rodata                const     0x803'ba04      0xc  main.o [1]
  .rodata                const     0x803'ba10      0xc  tgui.o [1]
  .rodata                const     0x803'ba1c      0xc  tgui_fileviewscreenfuncs.o [1]
  .rodata                const     0x803'ba28      0xc  tgui_fileviewscreenfuncs.o [1]
  .rodata                const     0x803'ba34      0xc  tgui_fileviewscreenfuncs.o [1]
  .rodata                const     0x803'ba40      0xc  tgui_fileviewscreenfuncs.o [1]
  .text                  ro code   0x803'ba4c      0xc  cstartup_M.o [5]
  .rodata                const     0x803'ba58      0x8  config.o [1]
  .rodata                const     0x803'ba60      0x8  config.o [1]
  .rodata                const     0x803'ba68      0x8  ff.o [1]
  .rodata                const     0x803'ba70      0x8  ff.o [1]
  .rodata                const     0x803'ba78      0x8  files_pws.o [1]
  .rodata                const     0x803'ba80      0x8  files_pws.o [1]
  .rodata                const     0x803'ba88      0x8  languages.o [1]
  .rodata                const     0x803'ba90      0x8  languages.o [1]
  .rodata                const     0x803'ba98      0x8  languages.o [1]
  .rodata                const     0x803'baa0      0x8  languages.o [1]
  .rodata                const     0x803'baa8      0x8  languages.o [1]
  .rodata                const     0x803'bab0      0x8  languages.o [1]
  .rodata                const     0x803'bab8      0x8  languages.o [1]
  .rodata                const     0x803'bac0      0x8  languages.o [1]
  .rodata                const     0x803'bac8      0x8  languages.o [1]
  .rodata                const     0x803'bad0      0x8  languages.o [1]
  .rodata                const     0x803'bad8      0x8  languages.o [1]
  .rodata                const     0x803'bae0      0x8  languages.o [1]
  .rodata                const     0x803'bae8      0x8  languages.o [1]
  .rodata                const     0x803'baf0      0x8  languages.o [1]
  .rodata                const     0x803'baf8      0x8  languages.o [1]
  .rodata                const     0x803'bb00      0x8  languages.o [1]
  .rodata                const     0x803'bb08      0x8  languages.o [1]
  .rodata                const     0x803'bb10      0x8  languages.o [1]
  .rodata                const     0x803'bb18      0x8  languages.o [1]
  .rodata                const     0x803'bb20      0x8  languages.o [1]
  .rodata                const     0x803'bb28      0x8  languages.o [1]
  .rodata                const     0x803'bb30      0x8  languages.o [1]
  .rodata                const     0x803'bb38      0x8  languages.o [1]
  .rodata                const     0x803'bb40      0x8  languages.o [1]
  .rodata                const     0x803'bb48      0x8  languages.o [1]
  .rodata                const     0x803'bb50      0x8  languages.o [1]
  .rodata                const     0x803'bb58      0x8  languages.o [1]
  .rodata                const     0x803'bb60      0x8  languages.o [1]
  .rodata                const     0x803'bb68      0x8  languages.o [1]
  .rodata                const     0x803'bb70      0x8  languages.o [1]
  .rodata                const     0x803'bb78      0x8  languages.o [1]
  .rodata                const     0x803'bb80      0x8  languages.o [1]
  .rodata                const     0x803'bb88      0x8  languages.o [1]
  .rodata                const     0x803'bb90      0x8  languages.o [1]
  .rodata                const     0x803'bb98      0x8  languages.o [1]
  .rodata                const     0x803'bba0      0x8  languages.o [1]
  .rodata                const     0x803'bba8      0x8  languages.o [1]
  .rodata                const     0x803'bbb0      0x8  languages.o [1]
  .rodata                const     0x803'bbb8      0x8  languages.o [1]
  .rodata                const     0x803'bbc0      0x8  languages.o [1]
  .rodata                const     0x803'bbc8      0x8  languages.o [1]
  .rodata                const     0x803'bbd0      0x8  languages.o [1]
  .rodata                const     0x803'bbd8      0x8  languages.o [1]
  .rodata                const     0x803'bbe0      0x8  languages.o [1]
  .rodata                const     0x803'bbe8      0x8  main.o [1]
  .rodata                const     0x803'bbf0      0x8  stm32f4xx_hal_dma.o [1]
  .rodata                const     0x803'bbf8      0x8  system_stm32f4xx.o [1]
  .rodata                const     0x803'bc00      0x8  tgui.o [1]
  .rodata                const     0x803'bc08      0x8  tgui.o [1]
  .rodata                const     0x803'bc10      0x8  tgui.o [1]
  .rodata                const     0x803'bc18      0x8  tgui.o [1]
  .rodata                const     0x803'bc20      0x8  tgui.o [1]
  .rodata                const     0x803'bc28      0x8  tgui.o [1]
  .rodata                const     0x803'bc30      0x8  tgui.o [1]
  .rodata                const     0x803'bc38      0x8  tgui.o [1]
  .rodata                const     0x803'bc40      0x8  tgui.o [1]
  .rodata                const     0x803'bc48      0x8  tgui.o [1]
  .rodata                const     0x803'bc50      0x8  tgui.o [1]
  .rodata                const     0x803'bc58      0x8  tgui.o [1]
  .rodata                const     0x803'bc60      0x8  tgui.o [1]
  .rodata                const     0x803'bc68      0x8  tgui.o [1]
  .rodata                const     0x803'bc70      0x8  tgui.o [1]
  .rodata                const     0x803'bc78      0x8  tgui.o [1]
  .rodata                const     0x803'bc80      0x8  tgui.o [1]
  .rodata                const     0x803'bc88      0x8  tgui.o [1]
  .rodata                const     0x803'bc90      0x8  tgui.o [1]
  .rodata                const     0x803'bc98      0x8  tgui.o [1]
  .rodata                const     0x803'bca0      0x8  tgui.o [1]
  .rodata                const     0x803'bca8      0x8  tgui.o [1]
  .rodata                const     0x803'bcb0      0x8  tgui.o [1]
  .rodata                const     0x803'bcb8      0x8  tgui.o [1]
  .rodata                const     0x803'bcc0      0x8  tgui.o [1]
  .rodata                const     0x803'bcc8      0x8  tgui.o [1]
  .rodata                const     0x803'bcd0      0x8  tgui.o [1]
  .rodata                const     0x803'bcd8      0x8  tgui.o [1]
  .rodata                const     0x803'bce0      0x8  tgui.o [1]
  .rodata                const     0x803'bce8      0x8  tgui.o [1]
  .rodata                const     0x803'bcf0      0x8  tgui.o [1]
  .rodata                const     0x803'bcf8      0x8  tgui.o [1]
  .rodata                const     0x803'bd00      0x8  tgui.o [1]
  .rodata                const     0x803'bd08      0x8  tgui.o [1]
  .rodata                const     0x803'bd10      0x8  tgui.o [1]
  .rodata                const     0x803'bd18      0x8  tgui.o [1]
  .rodata                const     0x803'bd20      0x8  tgui.o [1]
  .rodata                const     0x803'bd28      0x8  tgui.o [1]
  .rodata                const     0x803'bd30      0x8  tgui.o [1]
  .rodata                const     0x803'bd38      0x8  tgui.o [1]
  .rodata                const     0x803'bd40      0x8  tgui.o [1]
  .rodata                const     0x803'bd48      0x8  tgui.o [1]
  .rodata                const     0x803'bd50      0x8  tgui.o [1]
  .rodata                const     0x803'bd58      0x8  tgui.o [1]
  .rodata                const     0x803'bd60      0x8  tgui.o [1]
  .rodata                const     0x803'bd68      0x8  tgui.o [1]
  .rodata                const     0x803'bd70      0x8  tgui.o [1]
  .rodata                const     0x803'bd78      0x8  tgui.o [1]
  .rodata                const     0x803'bd80      0x8  tgui.o [1]
  .rodata                const     0x803'bd88      0x8  tgui.o [1]
  .rodata                const     0x803'bd90      0x8  tgui.o [1]
  .rodata                const     0x803'bd98      0x8  tgui.o [1]
  .rodata                const     0x803'bda0      0x8  tgui.o [1]
  .rodata                const     0x803'bda8      0x8  tgui.o [1]
  .rodata                const     0x803'bdb0      0x8  tgui.o [1]
  .rodata                const     0x803'bdb8      0x8  tgui.o [1]
  .rodata                const     0x803'bdc0      0x8  tgui.o [1]
  .rodata                const     0x803'bdc8      0x8  tgui.o [1]
  .rodata                const     0x803'bdd0      0x8  tgui.o [1]
  .rodata                const     0x803'bdd8      0x8  tgui.o [1]
  .rodata                const     0x803'bde0      0x8  tgui.o [1]
  .rodata                const     0x803'bde8      0x8  tgui.o [1]
  .rodata                const     0x803'bdf0      0x8  tgui.o [1]
  .rodata                const     0x803'bdf8      0x8  tgui.o [1]
  .rodata                const     0x803'be00      0x8  tgui.o [1]
  .rodata                const     0x803'be08      0x8  tgui.o [1]
  .rodata                const     0x803'be10      0x8  tgui.o [1]
  .rodata                const     0x803'be18      0x8  tgui.o [1]
  .rodata                const     0x803'be20      0x8  tgui.o [1]
  .rodata                const     0x803'be28      0x8  tgui.o [1]
  .rodata                const     0x803'be30      0x8  tgui.o [1]
  .rodata                const     0x803'be38      0x8  tgui.o [1]
  .rodata                const     0x803'be40      0x8  tgui.o [1]
  .rodata                const     0x803'be48      0x8  tgui.o [1]
  .rodata                const     0x803'be50      0x8  tgui.o [1]
  .rodata                const     0x803'be58      0x8  tgui.o [1]
  .rodata                const     0x803'be60      0x8  tgui.o [1]
  .rodata                const     0x803'be68      0x8  tgui.o [1]
  .rodata                const     0x803'be70      0x8  tgui_filesscreenfuncs.o [1]
  .rodata                const     0x803'be78      0x8  tgui_filesscreenfuncs.o [1]
  .rodata                const     0x803'be80      0x8  tgui_infoscreenfuncs.o [1]
  .rodata                const     0x803'be88      0x8  tgui_numenterscreenfuncs.o [1]
  .rodata                const     0x803'be90      0x8  tgui_printscreenfuncs.o [1]
  .rodata                const     0x803'be98      0x8  tgui_printscreenfuncs.o [1]
  .rodata                const     0x803'bea0      0x8  tgui_settingsscreenfuncs.o [1]
  .rodata                const     0x803'bea8      0x8  tim.o [1]
  .rodata                const     0x803'beb0      0x6  xlocale_c.o [2]
  .rodata                const     0x803'beb8      0x4  languages.o [1]
  .rodata                const     0x803'bebc      0x4  languages.o [1]
  .rodata                const     0x803'bec0      0x4  languages.o [1]
  .rodata                const     0x803'bec4      0x4  languages.o [1]
  .rodata                const     0x803'bec8      0x4  languages.o [1]
  .rodata                const     0x803'becc      0x4  languages.o [1]
  .rodata                const     0x803'bed0      0x4  languages.o [1]
  .rodata                const     0x803'bed4      0x4  languages.o [1]
  .rodata                const     0x803'bed8      0x4  languages.o [1]
  .rodata                const     0x803'bedc      0x4  languages.o [1]
  .rodata                const     0x803'bee0      0x4  languages.o [1]
  .rodata                const     0x803'bee4      0x4  languages.o [1]
  .rodata                const     0x803'bee8      0x4  languages.o [1]
  .rodata                const     0x803'beec      0x4  languages.o [1]
  .rodata                const     0x803'bef0      0x4  languages.o [1]
  .rodata                const     0x803'bef4      0x4  languages.o [1]
  .rodata                const     0x803'bef8      0x4  languages.o [1]
  .rodata                const     0x803'befc      0x4  languages.o [1]
  .rodata                const     0x803'bf00      0x4  languages.o [1]
  .rodata                const     0x803'bf04      0x4  languages.o [1]
  .rodata                const     0x803'bf08      0x4  languages.o [1]
  .rodata                const     0x803'bf0c      0x4  languages.o [1]
  .rodata                const     0x803'bf10      0x4  languages.o [1]
  .rodata                const     0x803'bf14      0x4  languages.o [1]
  .rodata                const     0x803'bf18      0x4  languages.o [1]
  .rodata                const     0x803'bf1c      0x4  languages.o [1]
  .rodata                const     0x803'bf20      0x4  languages.o [1]
  .rodata                const     0x803'bf24      0x4  languages.o [1]
  .rodata                const     0x803'bf28      0x4  languages.o [1]
  .rodata                const     0x803'bf2c      0x4  printing.o [1]
  .rodata                const     0x803'bf30      0x4  rtc.o [1]
  .rodata                const     0x803'bf34      0x4  usbh_msc.o [1]
  .text                  ro code   0x803'bf38      0x4  startup_stm32f407xx.o [1]
  SHT$$PREINIT_ARRAY               0x803'bf3c      0x0  <Block>
  SHT$$INIT_ARRAY                  0x803'bf3c      0x4  <Block>
    .init_array          const     0x803'bf3c      0x4  z_planner.o [1]
  __iar_tls$$INIT_ARRAY            0x803'bf40      0x0  <Block>
  .rodata                const     0x803'bf40      0x0  zero_init3.o [5]
  .rodata                const     0x803'bf40      0x0  lz77_init_single.o [5]
  Initializer bytes      const     0x803'bf40     0xf7  <for P2-1>
                                 - 0x803'c037  0x2beaf

"P3":                                           0x7478
  CCMRAM                 uninit   0x1000'0000   0x4000  main.o [1]
  CCMRAM                 uninit   0x1000'4000   0x1028  main.o [1]
  CCMRAM                 uninit   0x1000'5028   0x1028  main.o [1]
  CCMRAM                 uninit   0x1000'6050   0x1028  tgui.o [1]
  CCMRAM                 uninit   0x1000'7078    0x400  tgui.o [1]
                                - 0x1000'7478   0x7478

"P2", part 1 of 3:                               0x33f
  P2-1                            0x2000'0000    0x33f  <Init block>
    .data                inited   0x2000'0000      0xc  fnt12.o [1]
    .data                inited   0x2000'000c      0xc  fnt12bold.o [1]
    .data                inited   0x2000'0018      0xc  fnt18.o [1]
    .data                inited   0x2000'0024      0xc  fnt18bold.o [1]
    .data                inited   0x2000'0030      0xc  fnt24.o [1]
    .data                inited   0x2000'003c      0xc  fnt24bold.o [1]
    .data                inited   0x2000'0048      0xc  fnt36num.o [1]
    .data                inited   0x2000'0054      0xc  fnt36num_lcd.o [1]
    .data                inited   0x2000'0060      0xc  fnt48num_lcd.o [1]
    .data                inited   0x2000'006c     0x10  languages.o [1]
    .data                inited   0x2000'007c      0x4  languages.o [1]
    .data                inited   0x2000'0080      0x4  lcd_ui.o [1]
    .data                inited   0x2000'0084      0x4  stm32f4xx_hal.o [1]
    .data                inited   0x2000'0088      0x4  system_stm32f4xx.o [1]
    .data                inited   0x2000'008c    0x200  tgui_filesscreenfuncs.o [1]
    .data                inited   0x2000'028c      0x4  tgui_movezscreenfuncs.o [1]
    .data                inited   0x2000'0290     0x20  usbh_msc.o [1]
    .data                inited   0x2000'02b0      0x4  z_stepper.o [1]
    .data                inited   0x2000'02b4     0x38  xlocale_c.o [2]
    .data                inited   0x2000'02ec     0x48  xlocale_c.o [2]
    .data                inited   0x2000'0334      0x2  lcd_ui.o [1]
    .data                inited   0x2000'0336      0x2  lcd_ui.o [1]
    .data                inited   0x2000'0338      0x2  lcd_ui.o [1]
    .data                inited   0x2000'033a      0x1  lcd_ui.o [1]
    .data                inited   0x2000'033b      0x1  stm32f4xx_hal.o [1]
    .data                inited   0x2000'033c      0x1  tgui_defaultfuncs.o [1]
    .data                inited   0x2000'033d      0x1  tgui_filesscreenfuncs.o [1]
    .data                inited   0x2000'033e      0x1  z_endstops.o [1]
                                - 0x2000'033f    0x33f

"P2", part 2 of 3:                              0xa15c
  .bss                   zero     0x2000'0340   0x1cc0  printing.o [1]
  .bss                   zero     0x2000'2000   0x1038  fatfs.o [1]
  .bss                   zero     0x2000'3038   0x1038  fatfs.o [1]
  .bss                   zero     0x2000'4070    0x830  tgui_filesscreenfuncs.o [1]
  .bss                   zero     0x2000'48a0    0x600  uvdisplay.o [1]
  .bss                   zero     0x2000'4ea0    0x594  tgui.o [1]
  .bss                   zero     0x2000'5434    0x498  tgui.o [1]
  .bss                   zero     0x2000'58cc    0x400  config.o [1]
  .bss                   zero     0x2000'5ccc    0x400  main.o [1]
  .bss                   zero     0x2000'60cc    0x400  main.o [1]
  .bss                   zero     0x2000'64cc    0x400  main.o [1]
  .bss                   zero     0x2000'68cc    0x400  tgui_fileviewscreenfuncs.o [1]
  .bss                   zero     0x2000'6ccc    0x400  z_planner.o [1]
  .bss                   zero     0x2000'70cc    0x3d8  usb_host.o [1]
  .bss                   zero     0x2000'74a4    0x39c  tgui.o [1]
  .bss                   zero     0x2000'7840    0x348  tgui.o [1]
  .bss                   zero     0x2000'7b88    0x348  tgui.o [1]
  .bss                   zero     0x2000'7ed0    0x2c4  usbh_conf.o [1]
  .bss                   zero     0x2000'8194    0x24c  tgui.o [1]
  .bss                   zero     0x2000'83e0    0x224  main.o [1]
  .bss                   zero     0x2000'8604    0x200  config.o [1]
  .bss                   zero     0x2000'8804    0x200  ff.o [1]
  .bss                   zero     0x2000'8a04    0x200  main.o [1]
  .bss                   zero     0x2000'8c04    0x1f8  tgui.o [1]
  .bss                   zero     0x2000'8dfc    0x1d8  dlmalloc.o [2]
  .bss                   zero     0x2000'8fd4    0x1a4  tgui.o [1]
  .bss                   zero     0x2000'9178    0x1a4  tgui.o [1]
  .bss                   zero     0x2000'931c    0x19c  cpld_utils.o [1]
  .bss                   zero     0x2000'94b8    0x150  tgui.o [1]
  .bss                   zero     0x2000'9608    0x100  sys_timer.o [1]
  .bss                   zero     0x2000'9708    0x100  tgui_fileviewscreenfuncs.o [1]
  .bss                   zero     0x2000'9808    0x100  tgui_fileviewscreenfuncs.o [1]
  .bss                   zero     0x2000'9908     0xfc  tgui.o [1]
  .bss                   zero     0x2000'9a04     0xa8  tgui.o [1]
  .bss                   zero     0x2000'9aac     0x80  fst_spi.o [1]
  .bss                   zero     0x2000'9b2c     0x80  fst_spi.o [1]
  .bss                   zero     0x2000'9bac     0x60  fst_spi.o [1]
  .bss                   zero     0x2000'9c0c     0x60  fst_spi.o [1]
  .bss                   zero     0x2000'9c6c     0x60  fst_spi.o [1]
  .bss                   zero     0x2000'9ccc     0x60  fst_spi.o [1]
  .bss                   zero     0x2000'9d2c     0x60  fst_spi.o [1]
  .bss                   zero     0x2000'9d8c     0x60  lcd_low.o [1]
  .bss                   zero     0x2000'9dec     0x54  config.o [1]
  .bss                   zero     0x2000'9e40     0x54  eeprom.o [1]
  .bss                   zero     0x2000'9e94     0x54  files_pws.o [1]
  .bss                   zero     0x2000'9ee8     0x50  fsmc.o [1]
  .bss                   zero     0x2000'9f38     0x40  tim.o [1]
  .bss                   zero     0x2000'9f78     0x40  tim.o [1]
  .bss                   zero     0x2000'9fb8     0x34  main.o [1]
  .bss                   zero     0x2000'9fec     0x30  files_pws.o [1]
  .bss                   zero     0x2000'a01c     0x30  tgui.o [1]
  .bss                   zero     0x2000'a04c     0x30  tgui.o [1]
  .bss                   zero     0x2000'a07c     0x30  tgui.o [1]
  .bss                   zero     0x2000'a0ac     0x30  tgui.o [1]
  .bss                   zero     0x2000'a0dc     0x30  tgui.o [1]
  .bss                   zero     0x2000'a10c     0x30  tgui.o [1]
  .bss                   zero     0x2000'a13c     0x30  tgui.o [1]
  .bss                   zero     0x2000'a16c     0x30  tgui.o [1]
  .bss                   zero     0x2000'a19c     0x30  tgui.o [1]
  .bss                   zero     0x2000'a1cc     0x30  tgui.o [1]
  .bss                   zero     0x2000'a1fc     0x30  tgui.o [1]
  .bss                   zero     0x2000'a22c     0x28  config.o [1]
  .bss                   zero     0x2000'a254     0x28  tgui.o [1]
  .bss                   zero     0x2000'a27c     0x28  z_planner.o [1]
  .bss                   zero     0x2000'a2a4     0x20  rtc.o [1]
  .bss                   zero     0x2000'a2c4     0x20  tgui_numenterscreenfuncs.o [1]
  .bss                   zero     0x2000'a2e4     0x1c  files_pws.o [1]
  .bss                   zero     0x2000'a300     0x18  config.o [1]
  .bss                   zero     0x2000'a318     0x18  config.o [1]
  .bss                   zero     0x2000'a330     0x18  dlmalloc.o [2]
  .bss                   zero     0x2000'a348     0x14  files_pws.o [1]
  .bss                   zero     0x2000'a35c     0x10  ff_gen_drv.o [1]
  .bss                   zero     0x2000'a36c     0x10  touch.o [1]
  .bss                   zero     0x2000'a37c      0xc  spi_flash.o [1]
  .bss                   zero     0x2000'a388      0x8  fatfs.o [1]
  .bss                   zero     0x2000'a390      0x8  fatfs.o [1]
  .bss                   zero     0x2000'a398      0x8  ff.o [1]
  .bss                   zero     0x2000'a3a0      0x8  printing.o [1]
  .bss                   zero     0x2000'a3a8      0x4  cpld_utils.o [1]
  .bss                   zero     0x2000'a3ac      0x4  cpld_utils.o [1]
  .bss                   zero     0x2000'a3b0      0x4  cpld_utils.o [1]
  .bss                   zero     0x2000'a3b4      0x4  fsmc.o [1]
  .bss                   zero     0x2000'a3b8      0x4  motor.o [1]
  .bss                   zero     0x2000'a3bc      0x4  printing.o [1]
  .bss                   zero     0x2000'a3c0      0x4  printing.o [1]
  .bss                   zero     0x2000'a3c4      0x4  printing.o [1]
  .bss                   zero     0x2000'a3c8      0x4  printing.o [1]
  .bss                   zero     0x2000'a3cc      0x4  printing.o [1]
  .bss                   zero     0x2000'a3d0      0x4  prtfiles.o [1]
  .bss                   zero     0x2000'a3d4      0x4  spi_flash.o [1]
  .bss                   zero     0x2000'a3d8      0x4  spi_flash.o [1]
  .bss                   zero     0x2000'a3dc      0x4  stm32f4xx_hal.o [1]
  .bss                   zero     0x2000'a3e0      0x4  stm32f4xx_ll_usb.o [1]
  .bss                   zero     0x2000'a3e4      0x4  sys_timer.o [1]
  .bss                   zero     0x2000'a3e8      0x4  sys_timer.o [1]
  .bss                   zero     0x2000'a3ec      0x4  sys_timer.o [1]
  .bss                   zero     0x2000'a3f0      0x4  sys_timer.o [1]
  .bss                   zero     0x2000'a3f4      0x4  tgui.o [1]
  .bss                   zero     0x2000'a3f8      0x4  tgui_fileviewscreenfuncs.o [1]
  .bss                   zero     0x2000'a3fc      0x4  tgui_numenterscreenfuncs.o [1]
  .bss                   zero     0x2000'a400      0x4  tgui_printscreenfuncs.o [1]
  .bss                   zero     0x2000'a404      0x4  tgui_printscreenfuncs.o [1]
  .bss                   zero     0x2000'a408      0x4  touch.o [1]
  .bss                   zero     0x2000'a40c      0x4  z_planner.o [1]
  .bss                   zero     0x2000'a410      0x4  z_planner.o [1]
  .bss                   zero     0x2000'a414      0x4  z_planner.o [1]
  .bss                   zero     0x2000'a418      0x4  z_planner.o [1]
  .bss                   zero     0x2000'a41c      0x4  z_planner.o [1]
  .bss                   zero     0x2000'a420      0x4  z_planner.o [1]
  .bss                   zero     0x2000'a424      0x4  z_planner.o [1]
  .bss                   zero     0x2000'a428      0x4  z_stepper.o [1]
  .bss                   zero     0x2000'a42c      0x4  z_stepper.o [1]
  .bss                   zero     0x2000'a430      0x4  z_stepper.o [1]
  .bss                   zero     0x2000'a434      0x4  z_stepper.o [1]
  .bss                   zero     0x2000'a438      0x4  z_stepper.o [1]
  .bss                   zero     0x2000'a43c      0x4  z_stepper.o [1]
  .bss                   zero     0x2000'a440      0x4  z_stepper.o [1]
  .bss                   zero     0x2000'a444      0x4  z_stepper.o [1]
  .bss                   zero     0x2000'a448      0x4  z_stepper.o [1]
  .bss                   zero     0x2000'a44c      0x4  z_stepper.o [1]
  .bss                   zero     0x2000'a450      0x4  z_stepper.o [1]
  .bss                   zero     0x2000'a454      0x4  z_stepper.o [1]
  .bss                   zero     0x2000'a458      0x4  z_stepper.o [1]
  .bss                   zero     0x2000'a45c      0x4  z_stepper.o [1]
  .bss                   zero     0x2000'a460      0x4  xfail_s.o [2]
  .bss                   zero     0x2000'a464      0x4  xgetmemchunk.o [2]
  .bss                   zero     0x2000'a468      0x2  ff.o [1]
  .bss                   zero     0x2000'a46a      0x2  lcd_low.o [1]
  .bss                   zero     0x2000'a46c      0x2  lcd_ui.o [1]
  .bss                   zero     0x2000'a46e      0x2  lcd_ui.o [1]
  .bss                   zero     0x2000'a470      0x2  lcd_ui.o [1]
  .bss                   zero     0x2000'a472      0x2  tgui_fileviewscreenfuncs.o [1]
  .bss                   zero     0x2000'a474      0x2  tgui_fileviewscreenfuncs.o [1]
  .bss                   zero     0x2000'a476      0x2  z_planner.o [1]
  .bss                   zero     0x2000'a478      0x1  eeprom.o [1]
  .bss                   zero     0x2000'a479      0x1  fatfs.o [1]
  .bss                   zero     0x2000'a47a      0x1  fatfs.o [1]
  .bss                   zero     0x2000'a47b      0x1  main.o [1]
  .bss                   zero     0x2000'a47c      0x1  main.o [1]
  .bss                   zero     0x2000'a47d      0x1  main.o [1]
  .bss                   zero     0x2000'a47e      0x1  main.o [1]
  .bss                   zero     0x2000'a47f      0x1  main.o [1]
  .bss                   zero     0x2000'a480      0x1  prtfiles.o [1]
  .bss                   zero     0x2000'a481      0x1  prtfiles.o [1]
  .bss                   zero     0x2000'a482      0x1  tgui_defaultfuncs.o [1]
  .bss                   zero     0x2000'a483      0x1  tgui_filesscreenfuncs.o [1]
  .bss                   zero     0x2000'a484      0x1  tgui_filesscreenfuncs.o [1]
  .bss                   zero     0x2000'a485      0x1  tgui_filesscreenfuncs.o [1]
  .bss                   zero     0x2000'a486      0x1  tgui_filesscreenfuncs.o [1]
  .bss                   zero     0x2000'a487      0x1  tgui_fileviewscreenfuncs.o [1]
  .bss                   zero     0x2000'a488      0x1  tgui_numenterscreenfuncs.o [1]
  .bss                   zero     0x2000'a489      0x1  tgui_numenterscreenfuncs.o [1]
  .bss                   zero     0x2000'a48a      0x1  tgui_numenterscreenfuncs.o [1]
  .bss                   zero     0x2000'a48b      0x1  tgui_numenterscreenfuncs.o [1]
  .bss                   zero     0x2000'a48c      0x1  tgui_printscreenfuncs.o [1]
  .bss                   zero     0x2000'a48d      0x1  usb_host.o [1]
  .bss                   zero     0x2000'a48e      0x1  z_endstops.o [1]
  .bss                   zero     0x2000'a48f      0x1  z_endstops.o [1]
  .bss                   zero     0x2000'a490      0x1  z_planner.o [1]
  .bss                   zero     0x2000'a491      0x1  z_planner.o [1]
  .bss                   zero     0x2000'a492      0x1  z_planner.o [1]
  .bss                   zero     0x2000'a493      0x1  z_planner.o [1]
  .bss                   zero     0x2000'a494      0x1  z_planner.o [1]
  .bss                   zero     0x2000'a495      0x1  z_planner.o [1]
  .bss                   zero     0x2000'a496      0x1  z_stepper.o [1]
  .bss                   zero     0x2000'a497      0x1  z_stepper.o [1]
  .bss                   zero     0x2000'a498      0x1  z_stepper.o [1]
  .bss                   zero     0x2000'a499      0x1  z_stepper.o [1]
  .bss                   zero     0x2000'a49a      0x1  z_stepper.o [1]
                                - 0x2000'a49b   0xa15b

"P2", part 3 of 3:                              0x7204
  .noinit                uninit   0x2000'a49c   0x1000  tgui.o [1]
  .noinit                uninit   0x2000'b49c    0x200  tgui.o [1]
  CSTACK                          0x2000'b6a0   0x4000  <Block>
    CSTACK               uninit   0x2000'b6a0   0x4000  <Block tail>
  HEAP                            0x2000'f6a0   0x2000  <Block>
    HEAP                 uninit   0x2000'f6a0   0x2000  <Block tail>
                                - 0x2001'16a0   0x7204

Unused ranges:

         From           To      Size
         ----           --      ----
   0x803'c037   0x807'ffff  0x4'3fc9
  0x1000'7478  0x1000'ffff    0x8b88
  0x2000'033f  0x2000'033f       0x1
  0x2001'16a0  0x2001'ffff    0xe960


*******************************************************************************
*** INIT TABLE
***

          Address      Size
          -------      ----
Zero (__iar_zero_init3)
    1 destination range, total size 0xa15b:
          0x2000'0340  0xa15b

Copy/lz77 (__iar_lz77_init_single3)
    1 source range, total size 0xf7 (29% of destination):
           0x803'bf40    0xf7
    1 destination range, total size 0x33f:
          0x2000'0000   0x33f

Extra (__iar_cstart_call_ctors)



*******************************************************************************
*** MODULE SUMMARY
***

    Module                      ro code  ro data  rw data
    ------                      -------  -------  -------
command line/config:
    -----------------------------------------------------
    Total:

D:\Electronics\Projects\MKS_DLP_new\SRC\firmware\MKSDLP_Alter_Debug\Obj: [1]
    config.o                      3 772      376    1 708
    cpld_utils.o                    632               424
    datetime.o                      292       48
    diskio.o                        240
    eeprom.o                      1 556                85
    fatfs.o                         348             8 322
    ff.o                         12 148      272      522
    ff_gen_drv.o                     96                16
    ffunicode.o                     360      944
    files_pws.o                   1 348       40      180
    fnt12.o                                2 039       12
    fnt12bold.o                            2 252       12
    fnt18.o                                4 071       12
    fnt18bold.o                            4 620       12
    fnt24.o                                7 007       12
    fnt24bold.o                            8 664       12
    fnt36num.o                             1 727       12
    fnt36num_lcd.o                         1 704       12
    fnt48num_lcd.o                         3 080       12
    fsmc.o                          276                84
    fst_spi.o                     1 436               736
    gpio.o                          732
    languages.o                      68    5 502       20
    lcd_low.o                     1 336                98
    lcd_ui.o                      3 224        3       17
    main.o                        4 658      636   28 845
    motor.o                         828                 4
    printing.o                    1 284        4    7 388
    prtfiles.o                    1 024                 6
    rtc.o                           200        4       32
    spi_flash.o                     840                20
    spifl_diskio.o                  340       20
    ssd_utils.o                   1 528
    startup_stm32f407xx.o           412
    stm32f4xx_hal.o                 180        2        9
    stm32f4xx_hal_cortex.o          344
    stm32f4xx_hal_dma.o           1 156        8
    stm32f4xx_hal_gpio.o            674
    stm32f4xx_hal_hcd.o           4 306
    stm32f4xx_hal_i2c.o             494
    stm32f4xx_hal_msp.o              64
    stm32f4xx_hal_rcc.o           1 520
    stm32f4xx_hal_rcc_ex.o          352
    stm32f4xx_hal_rtc.o           1 092
    stm32f4xx_hal_spi.o           1 984
    stm32f4xx_hal_sram.o             92
    stm32f4xx_hal_tim.o           1 954
    stm32f4xx_hal_tim_ex.o          172
    stm32f4xx_it.o                  156
    stm32f4xx_ll_fsmc.o             236
    stm32f4xx_ll_usb.o            2 700                 4
    sys_timer.o                     484               272
    system_stm32f4xx.o               32       25        4
    tgui.o                       17 262    2 168   18 236
    tgui_defaultfuncs.o           2 976       16        2
    tgui_filesscreenfuncs.o       4 096      256    2 613
    tgui_fileviewscreenfuncs.o    2 968       76    1 545
    tgui_infoscreenfuncs.o        1 160       92
    tgui_langscreenfuncs.o           36
    tgui_messagebox.o             1 980
    tgui_movezscreenfuncs.o       1 344        1        4
    tgui_numenterscreenfuncs.o    1 608        8       40
    tgui_printscreenfuncs.o       2 524       48        9
    tgui_settingsscreenfuncs.o      620        8
    tim.o                           488        8      128
    touch.o                         708                20
    unicode_utils.o               1 028
    usb_host.o                      140               985
    usbh_conf.o                     928               708
    usbh_core.o                   2 036
    usbh_ctlreq.o                 1 602
    usbh_diskio.o                   368       20
    usbh_ioreq.o                    270
    usbh_msc.o                    2 478       14       32
    usbh_msc_bot.o                1 084
    usbh_msc_scsi.o               1 168
    usbh_pipes.o                    224
    usbh_platform.o                  40
    uvdisplay.o                      28             1 536
    z_endstops.o                    264        1        3
    z_planner.o                   4 460        4    1 100
    z_stepper.o                   1 732        1       65
    -----------------------------------------------------
    Total:                      112 590   45 769   75 930

dl7M_tlf.a: [2]
    abort.o                           6
    cppinit.o                        24
    dlmalloc.o                    5 344               496
    exit.o                            4
    heaptramp0.o                      4
    iar_Stoflt.o                    452
    iar_Stollx.o                    158
    iar_Stopfx.o                    290
    iar_Stoullx.o                   434       80
    iar_Stoulx.o                    338       80
    iar_Stoxflt.o                   540
    isalpha.o                        20
    isspace.o                        20
    low_level_init.o                  4
    sprintf.o                        64
    sscanf.o                         40
    strcat.o                         30
    tolower.o                        20
    wctob.o                          60
    xencoding_8859_1.o               38
    xfail_s.o                        64                 4
    xgetmemchunk.o                   44                 4
    xlocale_c.o                     260       44      128
    xmbcurmax.o                      10
    xprintffull.o                 3 910
    xscanffull.o                  3 672      116
    xsprout.o                        10
    xsscin.o                         30
    -----------------------------------------------------
    Total:                       15 890      320      632

dlpp7M_tl_fc.a: [3]
    -----------------------------------------------------
    Total:

m7M_tls.a: [4]
    DblAdd.o                        378
    DblCmpGe.o                       46
    DblCmpLe.o                       46
    DblDiv.o                        582
    DblMul.o                        418
    DblSub.o                        226
    DblToFlt.o                      104
    DblToS32.o                       58
    DblToU32.o                       40
    FltToDbl.o                       72
    S32ToDbl.o                       34
    U32ToDbl.o                       26
    ceilf.o                          60
    floorf.o                         60
    fpinit_M.o                       34
    frexp.o                         112
    ldexp.o                         314
    lroundf.o                        46
    math_wrappers64.o                14
    sqrtf.o                          30
[...]
chk_chr                  0x801'702f    0x14  Code  Lc  ff.o [1]
clngLangEng              0x803'8a50   0x198  Data  Lc  languages.o [1]
clngLangRus              0x803'8be8   0x198  Data  Lc  languages.o [1]
clst2sect                0x801'7257    0x1c  Code  Lc  ff.o [1]
cmp_lfn                  0x801'79b7    0xaa  Code  Lc  ff.o [1]
cpld_bmp                0x2000'931c   0x19c  Data  Gb  cpld_utils.o [1]
cpld_cmd                0x2000'a3b0     0x4  Data  Gb  cpld_utils.o [1]
create_chain             0x801'759b   0x154  Code  Lc  ff.o [1]
create_name              0x801'824f   0x29e  Code  Lc  ff.o [1]
create_partition         0x801'95d3   0x1c8  Code  Lc  ff.o [1]
currdir                 0x2000'008c   0x200  Data  Gb  tgui_filesscreenfuncs.o [1]
d                       0x2000'a3d8     0x4  Data  Gb  spi_flash.o [1]
dbc_1st                  0x801'7043    0x12  Code  Lc  ff.o [1]
dbc_2nd                  0x801'7055    0x12  Code  Lc  ff.o [1]
ddiv                     0x802'6659    0xc4  Code  Lc  strto64.o [4]
digits                   0x803'a048    0x28  Data  Lc  iar_Stoulx.o [2]
digits                   0x803'a098    0x28  Data  Lc  iar_Stoullx.o [2]
dir                     0x2000'9fb8    0x34  Data  Gb  main.o [1]
dir_alloc                0x801'78f1    0x74  Code  Lc  ff.o [1]
dir_clear                0x801'76ef    0x68  Code  Lc  ff.o [1]
dir_find                 0x801'7da1   0x12a  Code  Lc  ff.o [1]
dir_next                 0x801'7809    0xe8  Code  Lc  ff.o [1]
dir_read                 0x801'7c93   0x10e  Code  Lc  ff.o [1]
dir_register             0x801'7ecb   0x16a  Code  Lc  ff.o [1]
dir_sdi                  0x801'7757    0xb2  Code  Lc  ff.o [1]
disk                    0x2000'a35c    0x10  Data  Gb  ff_gen_drv.o [1]
disk_initialize          0x801'c121    0x38  Code  Gb  diskio.o [1]
disk_ioctl               0x801'c1c1    0x2a  Code  Gb  diskio.o [1]
disk_read                0x801'c159    0x34  Code  Gb  diskio.o [1]
disk_status              0x801'c101    0x20  Code  Gb  diskio.o [1]
disk_write               0x801'c18d    0x34  Code  Gb  diskio.o [1]
dmul                     0x802'6591    0xc6  Code  Lc  strto64.o [4]
dot_entered             0x2000'a48b     0x1  Data  Gb  tgui_numenterscreenfuncs.o [1]
edit_value              0x2000'a3fc     0x4  Data  Gb  tgui_numenterscreenfuncs.o [1]
enter_begin             0x2000'a48a     0x1  Data  Gb  tgui_numenterscreenfuncs.o [1]
exit                     0x803'ac07     0x4  Code  Gb  exit.o [2]
fMoveStep               0x2000'028c     0x4  Data  Gb  tgui_movezscreenfuncs.o [1]
f_close                  0x801'916f    0x30  Code  Gb  ff.o [1]
f_closedir               0x801'93ef    0x1c  Code  Gb  ff.o [1]
f_getfree                0x801'94c3   0x110  Code  Gb  ff.o [1]
f_lseek                  0x801'919f   0x1c4  Code  Gb  ff.o [1]
f_mkfs                   0x801'979b   0x73a  Code  Gb  ff.o [1]
f_mkfs::cst              0x803'b5e4    0x10  Data  Lc  ff.o [1]
f_mkfs::cst32            0x803'b5f4    0x10  Data  Lc  ff.o [1]
f_mkfs::defopt           0x803'b604    0x10  Data  Lc  ff.o [1]
f_mount                  0x801'89df    0x56  Code  Gb  ff.o [1]
f_open                   0x801'8a55   0x23e  Code  Gb  ff.o [1]
f_opendir                0x801'9363    0x8c  Code  Gb  ff.o [1]
f_read                   0x801'8c93   0x1f8  Code  Gb  ff.o [1]
f_readdir                0x801'940b    0x6a  Code  Gb  ff.o [1]
f_stat                   0x801'9475    0x4e  Code  Gb  ff.o [1]
f_sync                   0x801'90c5    0xaa  Code  Gb  ff.o [1]
f_write                  0x801'8e8b   0x23a  Code  Gb  ff.o [1]
fbuff                   0x1000'0000  0x4000  Data  Gb  main.o [1]
ff_oem2uni               0x801'c23d    0x40  Code  Gb  ffunicode.o [1]
ff_uni2oem               0x801'c1f1    0x4c  Code  Gb  ffunicode.o [1]
ff_wtoupper              0x801'c27d    0xce  Code  Gb  ffunicode.o [1]
ff_wtoupper::cvt1        0x803'885c   0x1f4  Data  Lc  ffunicode.o [1]
ff_wtoupper::cvt2        0x803'998c    0xbc  Data  Lc  ffunicode.o [1]
filedate                0x2000'a472     0x2  Data  Gb  tgui_fileviewscreenfuncs.o [1]
files                   0x2000'4070   0x830  Data  Gb  tgui_filesscreenfuncs.o [1]
filesize                0x2000'a3f8     0x4  Data  Gb  tgui_fileviewscreenfuncs.o [1]
filetime                0x2000'a474     0x2  Data  Gb  tgui_fileviewscreenfuncs.o [1]
find_volume              0x801'8671    0x76  Code  Lc  ff.o [1]
finfo                   0x2000'83e0   0x224  Data  Gb  main.o [1]
floorf                   0x802'6c35          Code  Gb  floorf.o [4]
fnt12_data               0x803'6754   0x6b4  Data  Gb  fnt12.o [1]
fnt12_width              0x803'9044   0x140  Data  Gb  fnt12.o [1]
fnt12bold_data           0x803'5fcc   0x788  Data  Gb  fnt12bold.o [1]
fnt12bold_width          0x803'9184   0x140  Data  Gb  fnt12bold.o [1]
fnt18_data               0x803'1818   0xea4  Data  Gb  fnt18.o [1]
fnt18_width              0x803'92c4   0x140  Data  Gb  fnt18.o [1]
fnt18bold_data           0x802'eb80  0x10c8  Data  Gb  fnt18bold.o [1]
fnt18bold_width          0x803'9404   0x140  Data  Gb  fnt18bold.o [1]
fnt24_data               0x802'bc58  0x1a1c  Data  Gb  fnt24.o [1]
fnt24_width              0x803'9544   0x140  Data  Gb  fnt24.o [1]
fnt24bold_data           0x802'9bc4  0x2094  Data  Gb  fnt24bold.o [1]
fnt24bold_width          0x803'9684   0x140  Data  Gb  fnt24bold.o [1]
fnt36num_data            0x803'6e08   0x684  Data  Gb  fnt36num.o [1]
fnt36num_lcd_data        0x803'748c   0x66c  Data  Gb  fnt36num_lcd.o [1]
fnt36num_lcd_width       0x803'a3d0    0x38  Data  Gb  fnt36num_lcd.o [1]
fnt36num_width           0x803'a398    0x38  Data  Gb  fnt36num.o [1]
fnt48num_lcd_data        0x803'37a4   0xbcc  Data  Gb  fnt48num_lcd.o [1]
fnt48num_lcd_width       0x803'a408    0x38  Data  Gb  fnt48num_lcd.o [1]
follow_path              0x801'84ed    0xa8  Code  Lc  ff.o [1]
font_fnt12              0x2000'0000     0xc  Data  Gb  fnt12.o [1]
font_fnt12bold          0x2000'000c     0xc  Data  Gb  fnt12bold.o [1]
font_fnt18              0x2000'0018     0xc  Data  Gb  fnt18.o [1]
font_fnt18bold          0x2000'0024     0xc  Data  Gb  fnt18bold.o [1]
font_fnt24              0x2000'0030     0xc  Data  Gb  fnt24.o [1]
font_fnt24bold          0x2000'003c     0xc  Data  Gb  fnt24bold.o [1]
font_fnt36num           0x2000'0048     0xc  Data  Gb  fnt36num.o [1]
font_fnt36num_lcd       0x2000'0054     0xc  Data  Gb  fnt36num_lcd.o [1]
font_fnt48num_lcd       0x2000'0060     0xc  Data  Gb  fnt48num_lcd.o [1]
fpws_header             0x2000'9fec    0x30  Data  Gb  files_pws.o [1]
fpws_info               0x2000'9e94    0x54  Data  Gb  files_pws.o [1]
fpws_layersdata         0x2000'a348    0x14  Data  Gb  files_pws.o [1]
fpws_preview            0x2000'a2e4    0x1c  Data  Gb  files_pws.o [1]
free                     0x803'5b39     0x4  Code  Gb  heaptramp0.o [2]
fv_dirname              0x2000'9808   0x100  Data  Gb  tgui_fileviewscreenfuncs.o [1]
fv_filename             0x2000'9708   0x100  Data  Gb  tgui_fileviewscreenfuncs.o [1]
fv_filetype             0x2000'a487     0x1  Data  Gb  tgui_fileviewscreenfuncs.o [1]
fv_tfilename            0x2000'68cc   0x400  Data  Gb  tgui_fileviewscreenfuncs.o [1]
gen_numname              0x801'7b95    0xde  Code  Lc  ff.o [1]
get_fat                  0x801'7273   0x112  Code  Lc  ff.o [1]
get_fattime              0x801'c375    0x50  Code  Gb  fatfs.o [1]
get_fileinfo             0x801'8035   0x21a  Code  Lc  ff.o [1]
get_ldnumber             0x801'8595    0x5e  Code  Lc  ff.o [1]
hFlashSpi               0x2000'9b2c    0x80  Data  Gb  fst_spi.o [1]
hFlashSpiDmaRx          0x2000'9ccc    0x60  Data  Gb  fst_spi.o [1]
hFlashSpiDmaTx          0x2000'9d2c    0x60  Data  Gb  fst_spi.o [1]
hI2C                    0x2000'9e40    0x54  Data  Gb  eeprom.o [1]
hLcdDma                 0x2000'9d8c    0x60  Data  Gb  lcd_low.o [1]
hRTC                    0x2000'a2a4    0x20  Data  Gb  rtc.o [1]
hStepperTim             0x2000'9f38    0x40  Data  Gb  tim.o [1]
hTouchSpi               0x2000'9aac    0x80  Data  Gb  fst_spi.o [1]
hTouchSpiDmaRx          0x2000'9bac    0x60  Data  Gb  fst_spi.o [1]
hTouchSpiDmaTx          0x2000'9c0c    0x60  Data  Gb  fst_spi.o [1]
hUsbHost                0x2000'70cc   0x3d8  Data  Gb  usb_host.o [1]
hZRefTim                0x2000'9f78    0x40  Data  Gb  tim.o [1]
hhcd_USB_OTG_FS         0x2000'7ed0   0x2c4  Data  Gb  usbh_conf.o [1]
hsram1                  0x2000'9ee8    0x50  Data  Gb  fsmc.o [1]
i2c_timer               0x2000'a478     0x1  Data  Gb  eeprom.o [1]
idle()                   0x802'11dd     0xa  Code  Gb  motor.o [1]
idle()::idlecount       0x2000'a3b8     0x4  Data  Lc  motor.o [1]
init_mparams             0x802'd68f    0x32  Code  Lc  dlmalloc.o [2]
init_top                 0x802'd6c1    0x36  Code  Lc  dlmalloc.o [2]
inited                  0x2000'a481     0x1  Data  Gb  prtfiles.o [1]
isalpha                  0x802'9125    0x14  Code  Gb  isalpha.o [2]
isspace                  0x802'6aad    0x14  Code  Gb  isspace.o [2]
lastfilenum             0x2000'033d     0x1  Data  Gb  tgui_filesscreenfuncs.o [1]
lcdui_bgcolor           0x2000'a470     0x2  Data  Gb  lcd_ui.o [1]
lcdui_color             0x2000'0338     0x2  Data  Gb  lcd_ui.o [1]
lcdui_current_font      0x2000'0080     0x4  Data  Gb  lcd_ui.o [1]
lcdui_current_font_type
                        0x2000'033a     0x1  Data  Gb  lcd_ui.o [1]
lcdui_cursor_x          0x2000'a46c     0x2  Data  Gb  lcd_ui.o [1]
lcdui_cursor_y          0x2000'a46e     0x2  Data  Gb  lcd_ui.o [1]
lcdui_height            0x2000'0336     0x2  Data  Gb  lcd_ui.o [1]
lcdui_width             0x2000'0334     0x2  Data  Gb  lcd_ui.o [1]
ld_clust                 0x801'7965    0x28  Code  Lc  ff.o [1]
ld_dword                 0x801'6fa3    0x18  Code  Lc  ff.o [1]
ld_word                  0x801'6f95     0xe  Code  Lc  ff.o [1]
ldata_length            0x2000'a3c4     0x4  Data  Gb  printing.o [1]
ldata_offset_begin      0x2000'a3bc     0x4  Data  Gb  printing.o [1]
ldata_offset_current    0x2000'a3c0     0x4  Data  Gb  printing.o [1]
ldexp                    0x801'd101          Code  Gb  ldexp.o [4]
ldexpl                   0x801'd101          Code  Gb  ldexp.o [4]
lmos                     0x803'b080    0x18  Data  Lc  datetime.o [1]
lngCurrent              0x2000'007c     0x4  Data  Gb  languages.o [1]
lngLanguages            0x2000'006c    0x10  Data  Gb  languages.o [1]
localeconv               0x801'cb53     0x4  Code  Gb  xlocale_c.o [2]
lroundf                  0x802'6dd5          Code  Gb  lroundf.o [4]
main                     0x801'd671  0x10d0  Code  Gb  main.o [1]
mem_cmp                  0x801'700b    0x24  Code  Lc  ff.o [1]
mem_cpy                  0x801'6fe1    0x1c  Code  Lc  ff.o [1]
mem_set                  0x801'6ffd     0xe  Code  Lc  ff.o [1]
memchr                   0x801'cbf9          Code  Gb  memchr.o [5]
mos                      0x803'b098    0x18  Data  Lc  datetime.o [1]
mount_volume             0x801'86e7   0x2ae  Code  Lc  ff.o [1]
move_window              0x801'717f    0x42  Code  Lc  ff.o [1]
mparams                 0x2000'a330    0x18  Data  Lc  dlmalloc.o [2]
msg                     0x2000'8a04   0x200  Data  Gb  main.o [1]
ndigs                    0x803'a020    0x28  Data  Lc  iar_Stoulx.o [2]
ndigs                    0x803'a070    0x28  Data  Lc  iar_Stoullx.o [2]
nomorefiles             0x2000'a486     0x1  Data  Gb  tgui_filesscreenfuncs.o [1]
numstr                  0x2000'a2c4    0x20  Data  Gb  tgui_numenterscreenfuncs.o [1]
numstr_len              0x2000'a489     0x1  Data  Gb  tgui_numenterscreenfuncs.o [1]
oldUsbMounted           0x2000'a483     0x1  Data  Gb  tgui_filesscreenfuncs.o [1]
old_layer               0x2000'a404     0x4  Data  Gb  tgui_printscreenfuncs.o [1]
old_pause               0x2000'a48c     0x1  Data  Gb  tgui_printscreenfuncs.o [1]
old_time                0x2000'a400     0x4  Data  Gb  tgui_printscreenfuncs.o [1]
pfile_type              0x2000'a480     0x1  Data  Gb  prtfiles.o [1]
pick_lfn                 0x801'7a61    0x96  Code  Lc  ff.o [1]
pows                     0x803'a1a0    0x48  Data  Lc  strto64.o [4]
prepend_alloc            0x802'd6f7   0x346  Code  Lc  dlmalloc.o [2]
prev_position           0x2000'a3a0     0x8  Data  Gb  printing.o [1]
prevcolors               0x803'bf2c     0x4  Data  Lc  printing.o [1]
previmage               0x2000'0340  0x1cc0  Data  Gb  printing.o [1]
prt_file                0x2000'a3d0     0x4  Data  Gb  prtfiles.o [1]
put_fat                  0x801'7385   0x166  Code  Lc  ff.o [1]
put_lfn                  0x801'7af7    0x90  Code  Lc  ff.o [1]
put_utf                  0x801'70bb    0x72  Code  Lc  ff.o [1]
ranmatch                 0x803'2a25    0x44  Code  Lc  xscanffull.o [2]
reTransmission_all_cnt  0x2000'a3ac     0x4  Data  Gb  cpld_utils.o [1]
reTransmission_data_cnt
                        0x2000'a3a8     0x4  Data  Gb  cpld_utils.o [1]
remove_chain             0x801'74eb    0xb0  Code  Lc  ff.o [1]
resX                    0x2000'a3c8     0x4  Data  Gb  printing.o [1]
resY                    0x2000'a3cc     0x4  Data  Gb  printing.o [1]
retSPIFL                0x2000'a47a     0x1  Data  Gb  fatfs.o [1]
retUSBH                 0x2000'a479     0x1  Data  Gb  fatfs.o [1]
s_tfname                0x2000'60cc   0x400  Data  Gb  main.o [1]
scalbln                  0x801'd101          Code  Gb  ldexp.o [4]
scalblnl                 0x801'd101          Code  Gb  ldexp.o [4]
scalbn                   0x801'd101          Code  Gb  ldexp.o [4]
scalbnl                  0x801'd101          Code  Gb  ldexp.o [4]
scale                    0x801'b25b    0x46  Code  Lc  xprintffull.o [2]
scrTimeTimer            0x2000'033c     0x1  Data  Gb  tgui_defaultfuncs.o [1]
sec_hand                0x2000'a460     0x4  Data  Lc  xfail_s.o [2]
segment_holding          0x802'd675    0x1a  Code  Lc  dlmalloc.o [2]
sfile                   0x1000'5028  0x1028  Data  Gb  main.o [1]
sprintf                  0x801'5d85    0x40  Code  Gb  sprintf.o [2]
sqrtf                    0x802'6571          Code  Gb  sqrtf.o [4]
srvMode                 0x2000'a47f     0x1  Data  Gb  main.o [1]
sscanf                   0x803'8141    0x28  Code  Gb  sscanf.o [2]
st_clust                 0x801'798d    0x2a  Code  Lc  ff.o [1]
st_dword                 0x801'6fc9    0x18  Code  Lc  ff.o [1]
st_word                  0x801'6fbb     0xe  Code  Lc  ff.o [1]
strcat                   0x803'0c61    0x1e  Code  Gb  strcat.o [2]
strchr                   0x801'cb61          Code  Gb  strchr.o [5]
strcmp                   0x802'15b5          Code  Gb  strcmp.o [5]
strcpy                   0x803'0c49          Code  Gb  strcpy.o [5]
strcpy_utf(char *, char *)
                         0x801'a16d    0x28  Code  Gb  unicode_utils.o [1]
strlen                   0x801'cbc1          Code  Gb  strlen.o [5]
strncpy                  0x801'a5d1          Code  Gb  strncpy.o [5]
strtoll                  0x803'35e9     0x2  Code  Gb  iar_Stollx.o [2]
strtoul                  0x802'2ff9     0x2  Code  Gb  iar_Stoulx.o [2]
strtoull                 0x803'379d     0x2  Code  Gb  iar_Stoullx.o [2]
strtrim(char *)          0x801'a235    0x60  Code  Gb  unicode_utils.o [1]
strupper_utf(char *)     0x801'a295    0x78  Code  Gb  unicode_utils.o [1]
subdir                  0x2000'a485     0x1  Data  Gb  tgui_filesscreenfuncs.o [1]
sum_sfn                  0x801'7c73    0x20  Code  Lc  ff.o [1]
sync_fs                  0x801'71c1    0x96  Code  Lc  ff.o [1]
sync_window              0x801'712d    0x52  Code  Lc  ff.o [1]
sys_alloc                0x802'dc35   0x164  Code  Lc  dlmalloc.o [2]
sys_trim                 0x802'dd99    0x64  Code  Lc  dlmalloc.o [2]
systemInfo              0x2000'a22c    0x28  Data  Gb  config.o [1]
tchar2uni                0x801'7067    0x54  Code  Lc  ff.o [1]
tfname                  0x1000'7078   0x400  Data  Gb  tgui.o [1]
tguiActiveScreen        0x2000'a3f4     0x4  Data  Gb  tgui.o [1]
tguiDBuff               0x2000'a49c  0x1000  Data  Gb  tgui.o [1]
tguiDefaultConfig       0x2000'a254    0x28  Data  Gb  tgui.o [1]
tguiFBuff               0x2000'b49c   0x200  Data  Gb  tgui.o [1]
tguiFile                0x1000'6050  0x1028  Data  Gb  tgui.o [1]
tguiMsgBox              0x2000'7840   0x348  Data  Gb  tgui.o [1]
tguiScrFilesButtons     0x2000'7b88   0x348  Data  Gb  tgui.o [1]
tguiScrFilesListButtons
                        0x2000'5434   0x498  Data  Gb  tgui.o [1]
tguiScrFileviewButtons  0x2000'8c04   0x1f8  Data  Gb  tgui.o [1]
tguiScrInfoButtons      0x2000'9a04    0xa8  Data  Gb  tgui.o [1]
tguiScrLanguageButtons  0x2000'9908    0xfc  Data  Gb  tgui.o [1]
tguiScrMainButtons      0x2000'94b8   0x150  Data  Gb  tgui.o [1]
tguiScrMovezButtons     0x2000'74a4   0x39c  Data  Gb  tgui.o [1]
tguiScrNumenterButtons  0x2000'4ea0   0x594  Data  Gb  tgui.o [1]
tguiScrPrintButtons     0x2000'9178   0x1a4  Data  Gb  tgui.o [1]
tguiScrServiceButtons   0x2000'8fd4   0x1a4  Data  Gb  tgui.o [1]
tguiScrSettingsButtons  0x2000'8194   0x24c  Data  Gb  tgui.o [1]
tguiScreenFiles         0x2000'a10c    0x30  Data  Gb  tgui.o [1]
tguiScreenFilesList     0x2000'a13c    0x30  Data  Gb  tgui.o [1]
tguiScreenFileview      0x2000'a1cc    0x30  Data  Gb  tgui.o [1]
tguiScreenInfo          0x2000'a0ac    0x30  Data  Gb  tgui.o [1]
tguiScreenLanguage      0x2000'a07c    0x30  Data  Gb  tgui.o [1]
tguiScreenMain          0x2000'a01c    0x30  Data  Gb  tgui.o [1]
tguiScreenMovez         0x2000'a0dc    0x30  Data  Gb  tgui.o [1]
tguiScreenNumenter      0x2000'a19c    0x30  Data  Gb  tgui.o [1]
tguiScreenPrint         0x2000'a1fc    0x30  Data  Gb  tgui.o [1]
tguiScreenService       0x2000'a04c    0x30  Data  Gb  tgui.o [1]
tguiScreenSettings      0x2000'a16c    0x30  Data  Gb  tgui.o [1]
tguiTimer               0x2000'a47d     0x1  Data  Gb  main.o [1]
tmalloc_large            0x802'de09   0x386  Code  Lc  dlmalloc.o [2]
tmalloc_small            0x802'e18f   0x200  Code  Lc  dlmalloc.o [2]
tolower                  0x802'6ac1    0x14  Code  Gb  tolower.o [2]
touch_buff              0x2000'9c6c    0x60  Data  Gb  fst_spi.o [1]
touch_info              0x2000'a36c    0x10  Data  Gb  touch.o [1]
touch_point             0x2000'a408     0x4  Data  Gb  touch.o [1]
tstrcat(unsigned short *, unsigned short *)
                         0x801'a1bd    0x32  Code  Gb  unicode_utils.o [1]
tstrcat_utf(unsigned short *, char *)
                         0x801'a1ef    0x46  Code  Gb  unicode_utils.o [1]
tstrcpy(unsigned short *, unsigned short *)
                         0x801'a195    0x28  Code  Gb  unicode_utils.o [1]
typeval                 0x2000'a488     0x1  Data  Gb  tgui_numenterscreenfuncs.o [1]
u_tfname                0x2000'5ccc   0x400  Data  Gb  main.o [1]
uc866                    0x803'97c4   0x100  Data  Lc  ffunicode.o [1]
ufile                   0x1000'4000  0x1028  Data  Gb  main.o [1]
uvfan_timer             0x2000'a3f0     0x4  Data  Gb  sys_timer.o [1]
uvled_timer             0x2000'a3e8     0x4  Data  Gb  sys_timer.o [1]
uvpause_timer           0x2000'a3ec     0x4  Data  Gb  sys_timer.o [1]
uwTick                  0x2000'a3dc     0x4  Data  Gb  stm32f4xx_hal.o [1]
uwTickFreq              0x2000'033b     0x1  Data  Gb  stm32f4xx_hal.o [1]
uwTickPrio              0x2000'0084     0x4  Data  Gb  stm32f4xx_hal.o [1]
validate                 0x801'8995    0x4a  Code  Lc  ff.o [1]
wctob                    0x803'3515    0x32  Code  Gb  wctob.o [2]
zHoldTimer              0x2000'a47e     0x1  Data  Gb  main.o [1]
zPlanner                0x2000'a490     0x1  Data  Gb  z_planner.o [1]


[1] = D:\Electronics\Projects\MKS_DLP_new\SRC\firmware\MKSDLP_Alter_Debug\Obj
[2] = dl7M_tlf.a
[3] = dlpp7M_tl_fc.a
[4] = m7M_tls.a
[5] = rt7M_tl.a
[6] = shb_l.a

  134 073 bytes of readonly  code memory
   46 206 bytes of readonly  data memory
  101 138 bytes of readwrite data memory

Errors: none
Warnings: none
