###############################################################################
#
# IAR ELF Linker V8.32.1.169/W32 for ARM                  02/Aug/2020  03:46:40
# Copyright 2007-2018 IAR Systems AB.
#
#    Output file  =  
#        D:\Electronics\Projects\MKS_DLP_new\SRC\firmware\MKSDLP_Alter_debug\Exe\MKS_DLP_new.out
#    Map file     =  
#        D:\Electronics\Projects\MKS_DLP_new\SRC\firmware\MKSDLP_Alter_debug\List\MKS_DLP_new.map
#    Command line =  
#        -f C:\Temp\EW173B.tmp
#        (D:\Electronics\Projects\MKS_DLP_new\SRC\firmware\MKSDLP_Alter_Debug\Obj\config.o
#        D:\Electronics\Projects\MKS_DLP_new\SRC\firmware\MKSDLP_Alter_Debug\Obj\diskio.o
#        D:\Electronics\Projects\MKS_DLP_new\SRC\firmware\MKSDLP_Alter_Debug\Obj\fatfs.o
#        D:\Electronics\Projects\MKS_DLP_new\SRC\firmware\MKSDLP_Alter_Debug\Obj\ff.o
#        D:\Electronics\Projects\MKS_DLP_new\SRC\firmware\MKSDLP_Alter_Debug\Obj\ff_gen_drv.o
#        D:\Electronics\Projects\MKS_DLP_new\SRC\firmware\MKSDLP_Alter_Debug\Obj\ffsystem.o
#        D:\Electronics\Projects\MKS_DLP_new\SRC\firmware\MKSDLP_Alter_Debug\Obj\ffunicode.o
#        D:\Electronics\Projects\MKS_DLP_new\SRC\firmware\MKSDLP_Alter_Debug\Obj\fnt12.o
#        D:\Electronics\Projects\MKS_DLP_new\SRC\firmware\MKSDLP_Alter_Debug\Obj\fnt18.o
#        D:\Electronics\Projects\MKS_DLP_new\SRC\firmware\MKSDLP_Alter_Debug\Obj\fnt18bold.o
#        D:\Electronics\Projects\MKS_DLP_new\SRC\firmware\MKSDLP_Alter_Debug\Obj\fnt24.o
#        D:\Electronics\Projects\MKS_DLP_new\SRC\firmware\MKSDLP_Alter_Debug\Obj\fnt24bold.o
#        D:\Electronics\Projects\MKS_DLP_new\SRC\firmware\MKSDLP_Alter_Debug\Obj\fsmc.o
#        D:\Electronics\Projects\MKS_DLP_new\SRC\firmware\MKSDLP_Alter_Debug\Obj\fst_spi.o
#        D:\Electronics\Projects\MKS_DLP_new\SRC\firmware\MKSDLP_Alter_Debug\Obj\gpio.o
#        D:\Electronics\Projects\MKS_DLP_new\SRC\firmware\MKSDLP_Alter_Debug\Obj\languages.o
#        D:\Electronics\Projects\MKS_DLP_new\SRC\firmware\MKSDLP_Alter_Debug\Obj\lcd_low.o
#        D:\Electronics\Projects\MKS_DLP_new\SRC\firmware\MKSDLP_Alter_Debug\Obj\lcd_ui.o
#        D:\Electronics\Projects\MKS_DLP_new\SRC\firmware\MKSDLP_Alter_Debug\Obj\main.o
#        D:\Electronics\Projects\MKS_DLP_new\SRC\firmware\MKSDLP_Alter_Debug\Obj\motor.o
#        D:\Electronics\Projects\MKS_DLP_new\SRC\firmware\MKSDLP_Alter_Debug\Obj\rtc.o
#        D:\Electronics\Projects\MKS_DLP_new\SRC\firmware\MKSDLP_Alter_Debug\Obj\spi_flash.o
#        D:\Electronics\Projects\MKS_DLP_new\SRC\firmware\MKSDLP_Alter_Debug\Obj\spifl_diskio.o
#        D:\Electronics\Projects\MKS_DLP_new\SRC\firmware\MKSDLP_Alter_Debug\Obj\startup_stm32f407xx.o
#        D:\Electronics\Projects\MKS_DLP_new\SRC\firmware\MKSDLP_Alter_Debug\Obj\stm32f4xx_hal.o
#        D:\Electronics\Projects\MKS_DLP_new\SRC\firmware\MKSDLP_Alter_Debug\Obj\stm32f4xx_hal_cortex.o
#        D:\Electronics\Projects\MKS_DLP_new\SRC\firmware\MKSDLP_Alter_Debug\Obj\stm32f4xx_hal_dma.o
#        D:\Electronics\Projects\MKS_DLP_new\SRC\firmware\MKSDLP_Alter_Debug\Obj\stm32f4xx_hal_dma_ex.o
#        D:\Electronics\Projects\MKS_DLP_new\SRC\firmware\MKSDLP_Alter_Debug\Obj\stm32f4xx_hal_exti.o
#        D:\Electronics\Projects\MKS_DLP_new\SRC\firmware\MKSDLP_Alter_Debug\Obj\stm32f4xx_hal_flash.o
#        D:\Electronics\Projects\MKS_DLP_new\SRC\firmware\MKSDLP_Alter_Debug\Obj\stm32f4xx_hal_flash_ex.o
#        D:\Electronics\Projects\MKS_DLP_new\SRC\firmware\MKSDLP_Alter_Debug\Obj\stm32f4xx_hal_flash_ramfunc.o
#        D:\Electronics\Projects\MKS_DLP_new\SRC\firmware\MKSDLP_Alter_Debug\Obj\stm32f4xx_hal_gpio.o
#        D:\Electronics\Projects\MKS_DLP_new\SRC\firmware\MKSDLP_Alter_Debug\Obj\stm32f4xx_hal_hcd.o
#        D:\Electronics\Projects\MKS_DLP_new\SRC\firmware\MKSDLP_Alter_Debug\Obj\stm32f4xx_hal_msp.o
#        D:\Electronics\Projects\MKS_DLP_new\SRC\firmware\MKSDLP_Alter_Debug\Obj\stm32f4xx_hal_pwr.o
#        D:\Electronics\Projects\MKS_DLP_new\SRC\firmware\MKSDLP_Alter_Debug\Obj\stm32f4xx_hal_pwr_ex.o
#        D:\Electronics\Projects\MKS_DLP_new\SRC\firmware\MKSDLP_Alter_Debug\Obj\stm32f4xx_hal_rcc.o
#        D:\Electronics\Projects\MKS_DLP_new\SRC\firmware\MKSDLP_Alter_Debug\Obj\stm32f4xx_hal_rcc_ex.o
#        D:\Electronics\Projects\MKS_DLP_new\SRC\firmware\MKSDLP_Alter_Debug\Obj\stm32f4xx_hal_rtc.o
#        D:\Electronics\Projects\MKS_DLP_new\SRC\firmware\MKSDLP_Alter_Debug\Obj\stm32f4xx_hal_rtc_ex.o
#        D:\Electronics\Projects\MKS_DLP_new\SRC\firmware\MKSDLP_Alter_Debug\Obj\stm32f4xx_hal_spi.o
#        D:\Electronics\Projects\MKS_DLP_new\SRC\firmware\MKSDLP_Alter_Debug\Obj\stm32f4xx_hal_sram.o
#        D:\Electronics\Projects\MKS_DLP_new\SRC\firmware\MKSDLP_Alter_Debug\Obj\stm32f4xx_hal_tim.o
#        D:\Electronics\Projects\MKS_DLP_new\SRC\firmware\MKSDLP_Alter_Debug\Obj\stm32f4xx_hal_tim_ex.o
#        D:\Electronics\Projects\MKS_DLP_new\SRC\firmware\MKSDLP_Alter_Debug\Obj\stm32f4xx_it.o
#        D:\Electronics\Projects\MKS_DLP_new\SRC\firmware\MKSDLP_Alter_Debug\Obj\stm32f4xx_ll_fsmc.o
#        D:\Electronics\Projects\MKS_DLP_new\SRC\firmware\MKSDLP_Alter_Debug\Obj\stm32f4xx_ll_usb.o
#        D:\Electronics\Projects\MKS_DLP_new\SRC\firmware\MKSDLP_Alter_Debug\Obj\sys_timer.o
#        D:\Electronics\Projects\MKS_DLP_new\SRC\firmware\MKSDLP_Alter_Debug\Obj\system_stm32f4xx.o
#        D:\Electronics\Projects\MKS_DLP_new\SRC\firmware\MKSDLP_Alter_Debug\Obj\tgui.o
#        D:\Electronics\Projects\MKS_DLP_new\SRC\firmware\MKSDLP_Alter_Debug\Obj\tgui_defaultfuncs.o
#        D:\Electronics\Projects\MKS_DLP_new\SRC\firmware\MKSDLP_Alter_Debug\Obj\tgui_infoscreenfuncs.o
#        D:\Electronics\Projects\MKS_DLP_new\SRC\firmware\MKSDLP_Alter_Debug\Obj\tgui_langscreenfuncs.o
#        D:\Electronics\Projects\MKS_DLP_new\SRC\firmware\MKSDLP_Alter_Debug\Obj\tim.o
#        D:\Electronics\Projects\MKS_DLP_new\SRC\firmware\MKSDLP_Alter_Debug\Obj\touch.o
#        D:\Electronics\Projects\MKS_DLP_new\SRC\firmware\MKSDLP_Alter_Debug\Obj\unicode_utils.o
#        D:\Electronics\Projects\MKS_DLP_new\SRC\firmware\MKSDLP_Alter_Debug\Obj\usb_host.o
#        D:\Electronics\Projects\MKS_DLP_new\SRC\firmware\MKSDLP_Alter_Debug\Obj\usbh_conf.o
#        D:\Electronics\Projects\MKS_DLP_new\SRC\firmware\MKSDLP_Alter_Debug\Obj\usbh_core.o
#        D:\Electronics\Projects\MKS_DLP_new\SRC\firmware\MKSDLP_Alter_Debug\Obj\usbh_ctlreq.o
#        D:\Electronics\Projects\MKS_DLP_new\SRC\firmware\MKSDLP_Alter_Debug\Obj\usbh_diskio.o
#        D:\Electronics\Projects\MKS_DLP_new\SRC\firmware\MKSDLP_Alter_Debug\Obj\usbh_ioreq.o
#        D:\Electronics\Projects\MKS_DLP_new\SRC\firmware\MKSDLP_Alter_Debug\Obj\usbh_msc.o
#        D:\Electronics\Projects\MKS_DLP_new\SRC\firmware\MKSDLP_Alter_Debug\Obj\usbh_msc_bot.o
#        D:\Electronics\Projects\MKS_DLP_new\SRC\firmware\MKSDLP_Alter_Debug\Obj\usbh_msc_scsi.o
#        D:\Electronics\Projects\MKS_DLP_new\SRC\firmware\MKSDLP_Alter_Debug\Obj\usbh_pipes.o
#        D:\Electronics\Projects\MKS_DLP_new\SRC\firmware\MKSDLP_Alter_Debug\Obj\usbh_platform.o
#        D:\Electronics\Projects\MKS_DLP_new\SRC\firmware\MKSDLP_Alter_Debug\Obj\z_endstops.o
#        D:\Electronics\Projects\MKS_DLP_new\SRC\firmware\MKSDLP_Alter_Debug\Obj\z_planner.o
#        D:\Electronics\Projects\MKS_DLP_new\SRC\firmware\MKSDLP_Alter_Debug\Obj\z_stepper.o
#        --redirect _Printf=_PrintfFull --redirect _Scanf=_ScanfFull
#        --no_out_extension -o
#        D:\Electronics\Projects\MKS_DLP_new\SRC\firmware\MKSDLP_Alter_debug\Exe\MKS_DLP_new.out
#        --map
#        D:\Electronics\Projects\MKS_DLP_new\SRC\firmware\MKSDLP_Alter_debug\List\MKS_DLP_new.map
#        --log libraries,call_graph --log_file
#        D:\Electronics\Projects\MKS_DLP_new\SRC\firmware\MKSDLP_Alter_debug\List\MKS_DLP_new.log
#        --config
#        D:\Electronics\Projects\MKS_DLP_new\SRC\firmware/config/stm32f407xx_flash.icf
#        --semihosting --entry __iar_program_start --merge_duplicate_sections
#        --vfe --text_out locale)
#
###############################################################################

*******************************************************************************
*** RUNTIME MODEL ATTRIBUTES
***

CppFlavor                     = *
__CPP_Exceptions              = Disabled
__CPP_Language                = C++14
__Heap_Handler                = DLMalloc
__SystemLibrary               = DLib
__dlib_dynamic_initialization = normal
__dlib_version                = 6


*******************************************************************************
*** HEAP SELECTION
***

The advanced heap was selected because the application calls memory
allocation functions outside of system library functions, and there
are calls to deallocation functions in the application.


*******************************************************************************
*** PLACEMENT SUMMARY
***

"A0":  place at 0x801'0000 { ro section .intvec };
"P1":  place in [from 0x801'0000 to 0x807'ffff] { ro };
define block CSTACK with size = 16K, alignment = 8 { };
define block HEAP with size = 8K, alignment = 8 { };
"P2":  place in [from 0x2000'0000 to 0x2001'ffff] {
          rw, block CSTACK, block HEAP };
"P3":  place in [from 0x1000'0000 to 0x1000'ffff] { rw section CCMRAM };
initialize by copy { rw };

  Section                Kind         Address     Size  Object
  -------                ----         -------     ----  ------
"A0":                                            0x188
  .intvec                ro code   0x801'0000    0x188  startup_stm32f407xx.o [1]
                                 - 0x801'0188    0x188

"P1":                                          0x18a80
  .text                  ro code   0x801'0188   0x2292  ff.o [1]
  .text                  ro code   0x801'241a     0x7a  lz77_init_single.o [5]
  .text                  ro code   0x801'2494     0xb0  diskio.o [1]
  .text                  ro code   0x801'2544    0x144  ffunicode.o [1]
  .text                  ro code   0x801'2688     0x88  fatfs.o [1]
  .text                  ro code   0x801'2710     0x54  ff_gen_drv.o [1]
  .text                  ro code   0x801'2764    0x418  stm32f4xx_hal_rtc.o [1]
  .text                  ro code   0x801'2b7c      0xc  stm32f4xx_hal.o [1]
  .rodata                const     0x801'2b88   0x2094  fnt24bold.o [1]
  .rodata                const     0x801'4c1c   0x195c  fnt24.o [1]
  .text                  ro code   0x801'6578   0x14e0  dlmalloc.o [2]
  .text                  ro code   0x801'7a58      0x6  abort.o [2]
  .text                  ro code   0x801'7a5e     0x3a  zero_init3.o [5]
  .text                  ro code   0x801'7a98     0x2c  xgetmemchunk.o [2]
  .text                  ro code   0x801'7ac4     0x14  exit.o [6]
  .rodata                const     0x801'7ad8   0x10c8  fnt18bold.o [1]
  .text                  ro code   0x801'8ba0   0x1060  stm32f4xx_hal_hcd.o [1]
  .text                  ro code   0x801'9c00    0x2f8  usbh_conf.o [1]
  .text                  ro code   0x801'9ef8    0x9c4  stm32f4xx_ll_usb.o [1]
  .text                  ro code   0x801'a8bc     0xa6  ABImemcpy.o [5]
  .text                  ro code   0x801'a962     0x1e  xencoding_8859_1.o [2]
  .text                  ro code   0x801'a980      0x6  ABImemclr4.o [5]
  .text                  ro code   0x801'a986      0xa  xsprout.o [2]
  .text                  ro code   0x801'a990    0x230  stm32f4xx_hal_gpio.o [1]
  .text                  ro code   0x801'abc0    0x12c  stm32f4xx_hal_cortex.o [1]
  .text                  ro code   0x801'acec    0x79e  usbh_core.o [1]
  .rodata                const     0x801'b48a      0x2  languages.o [1]
  .text                  ro code   0x801'b48c    0x77a  main.o [1]
  .rodata                const     0x801'bc06      0x1  unwind_debug.o [6]
  .text                  ro code   0x801'bc08     0x20  usbh_platform.o [1]
  .text                  ro code   0x801'bc28     0x28  stm32f4xx_hal.o [1]
  .text                  ro code   0x801'bc50     0x32  ABImemset48.o [5]
  .text                  ro code   0x801'bc82     0xb6  usbh_pipes.o [1]
  .text                  ro code   0x801'bd38    0x5bc  usbh_ctlreq.o [1]
  .text                  ro code   0x801'c2f4     0x34  stm32f4xx_hal.o [1]
  .text                  ro code   0x801'c328    0x140  gpio.o [1]
  .text                  ro code   0x801'c468    0x200  touch.o [1]
  .text                  ro code   0x801'c668    0x120  sys_timer.o [1]
  .text                  ro code   0x801'c788     0x78  languages.o [1]
  .text                  ro code   0x801'c800    0x580  lcd_low.o [1]
  .text                  ro code   0x801'cd80    0xab4  lcd_ui.o [1]
  .text                  ro code   0x801'd834    0x534  fst_spi.o [1]
  .text                  ro code   0x801'dd68    0x304  spi_flash.o [1]
  .text                  ro code   0x801'e06c    0xc90  tgui.o [1]
  .text                  ro code   0x801'ecfc     0x40  sprintf.o [2]
  .text                  ro code   0x801'ed3c     0xc8  rtc.o [1]
  .text                  ro code   0x801'ee04     0x9c  config.o [1]
  .text                  ro code   0x801'eea0    0x1f6  motor.o [1]
  .text                  ro code   0x801'f098    0xde0  z_planner.o [1]
  .text                  ro code   0x801'fe78     0x8c  usb_host.o [1]
  .text                  ro code   0x801'ff04    0x1aa  unicode_utils.o [1]
  .text                  ro code   0x802'00b0     0x12  strcmp.o [5]
  .text                  ro code   0x802'00c4     0x66  ABImemset.o [5]
  .text                  ro code   0x802'012c    0x3b4  stm32f4xx_hal_rcc.o [1]
  .text                  ro code   0x802'04e0    0x1d4  stm32f4xx_hal_rcc.o [1]
  .text                  ro code   0x802'06b4    0x150  stm32f4xx_hal_rcc_ex.o [1]
  .text                  ro code   0x802'0804     0xd0  usbh_ioreq.o [1]
  .text                  ro code   0x802'08d4     0x4c  stm32f4xx_hal.o [1]
  .text                  ro code   0x802'0920     0x40  stm32f4xx_hal_msp.o [1]
  .text                  ro code   0x802'0960    0x114  fsmc.o [1]
  .text                  ro code   0x802'0a74    0x458  stm32f4xx_hal_dma.o [1]
  .text                  ro code   0x802'0ecc    0x5fa  stm32f4xx_hal_spi.o [1]
  .text                  ro code   0x802'14c6     0x20  spi_flash.o [1]
  .text                  ro code   0x802'14e8    0x75c  tgui_defaultfuncs.o [1]
  .text                  ro code   0x802'1c44    0xf46  xprintffull.o [2]
  .text                  ro code   0x802'2b8c    0x580  z_stepper.o [1]
  .text                  ro code   0x802'310c    0x1e8  tim.o [1]
  .text                  ro code   0x802'32f4    0x78a  stm32f4xx_hal_tim.o [1]
  .text                  ro code   0x802'3a80     0x48  FltToDbl.o [4]
  .text                  ro code   0x802'3ac8    0x1a2  DblMul.o [4]
  .text                  ro code   0x802'3c6c     0x28  DblToU32.o [4]
  .text                  ro code   0x802'3c94     0x24  z_planner.o [1]
  .text                  ro code   0x802'3cb8     0x18  z_planner.o [1]
  .text                  ro code   0x802'3cd0      0x8  z_stepper.o [1]
  .text                  ro code   0x802'3cd8     0x3c  ceilf.o [4]
  .text                  ro code   0x802'3d14     0xac  z_planner.o [1]
  .text                  ro code   0x802'3dc0     0x3c  floorf.o [4]
  .text                  ro code   0x802'3dfc     0xbc  z_planner.o [1]
  .text                  ro code   0x802'3eb8     0x12  z_planner.o [1]
  .text                  ro code   0x802'3eca      0x8  z_planner.o [1]
  .text                  ro code   0x802'3ed4     0x1e  sqrtf.o [4]
  .text                  ro code   0x802'3ef4     0x20  z_stepper.o [1]
  .text                  ro code   0x802'3f14     0x38  z_planner.o [1]
  .text                  ro code   0x802'3f4c     0x18  z_planner.o [1]
  .text                  ro code   0x802'3f64     0x10  z_stepper.o [1]
  .text                  ro code   0x802'3f74     0x2e  lroundf.o [4]
  .text                  ro code   0x802'3fa4    0x230  I64DivMod.o [5]
  .text                  ro code   0x802'41d4     0x5c  stm32f4xx_hal_sram.o [1]
  .text                  ro code   0x802'4230     0x78  xlocale_c.o [2]
  .text                  ro code   0x802'42a8     0x16  strchr.o [5]
  .text                  ro code   0x802'42c0     0x40  xfail_s.o [2]
  .text                  ro code   0x802'4300     0x36  strlen.o [5]
  .text                  ro code   0x802'4338     0x58  memchr.o [5]
  .text                  ro code   0x802'4390      0xa  xmbcurmax.o [2]
  .text                  ro code   0x802'439c     0x70  frexp.o [4]
  .text                  ro code   0x802'440c     0x2e  DblCmpLe.o [4]
  .text                  ro code   0x802'443c     0x2e  DblCmpGe.o [4]
  .text                  ro code   0x802'446c    0x13a  ldexp.o [4]
  .text                  ro code   0x802'45a8     0x3a  DblToS32.o [4]
  .text                  ro code   0x802'45e4     0x22  S32ToDbl.o [4]
  .text                  ro code   0x802'4608     0xe2  DblSub.o [4]
  .text                  ro code   0x802'46ec    0x246  DblDiv.o [4]
  .text                  ro code   0x802'4934     0x1a  U32ToDbl.o [4]
  .text                  ro code   0x802'4950     0x18  z_stepper.o [1]
  .text                  ro code   0x802'4968     0x1c  z_stepper.o [1]
  .text                  ro code   0x802'4984     0x40  z_stepper.o [1]
  .text                  ro code   0x802'49c4     0xa8  z_endstops.o [1]
  .text                  ro code   0x802'4a6c     0x20  z_stepper.o [1]
  .text                  ro code   0x802'4a8c      0xc  z_stepper.o [1]
  .text                  ro code   0x802'4a98     0xac  stm32f4xx_hal_tim_ex.o [1]
  .text                  ro code   0x802'4b44      0x2  stm32f4xx_hal_spi.o [1]
  .text                  ro code   0x802'4b46      0xe  z_planner.o [1]
  .text                  ro code   0x802'4b54     0xe4  stm32f4xx_ll_fsmc.o [1]
  .text                  ro code   0x802'4c38    0x16a  DblAdd.o [4]
  .text                  ro code   0x802'4da4     0x1c  z_stepper.o [1]
  .text                  ro code   0x802'4dc0     0x18  z_endstops.o [1]
  .text                  ro code   0x802'4dd8      0xc  z_endstops.o [1]
  .text                  ro code   0x802'4de4     0x10  z_stepper.o [1]
  .rodata                const     0x802'4df4    0xea4  fnt18.o [1]
  .text                  ro code   0x802'5c98    0x8b4  usbh_msc.o [1]
  .text                  ro code   0x802'654c    0x394  usbh_msc_bot.o [1]
  .text                  ro code   0x802'68e0      0x4  heaptramp0.o [2]
  .text                  ro code   0x802'68e4    0x3ea  usbh_msc_scsi.o [1]
  .rodata                const     0x802'6cd0    0x6b4  fnt12.o [1]
  .text                  ro code   0x802'7384    0x27c  tgui_langscreenfuncs.o [1]
  .rodata                const     0x802'7600    0x1f4  ffunicode.o [1]
  .text                  ro code   0x802'77f4    0x144  usbh_diskio.o [1]
  .rodata                const     0x802'7938    0x140  fnt12.o [1]
  .rodata                const     0x802'7a78    0x140  fnt18.o [1]
  .rodata                const     0x802'7bb8    0x140  fnt18bold.o [1]
  .rodata                const     0x802'7cf8    0x140  fnt24.o [1]
  .rodata                const     0x802'7e38    0x140  fnt24bold.o [1]
  .rodata                const     0x802'7f78    0x100  ffunicode.o [1]
  .text                  ro code   0x802'8078     0xf0  spifl_diskio.o [1]
  .rodata                const     0x802'8168     0xbc  ffunicode.o [1]
  .text                  ro code   0x802'8224     0x9c  tgui_infoscreenfuncs.o [1]
  .text                  ro code   0x802'82c0     0x1e  strcat.o [2]
  .rodata                const     0x802'82e0     0x80  ff.o [1]
  .text                  ro code   0x802'8360     0x80  stm32f4xx_it.o [1]
  .rodata                const     0x802'83e0     0x38  main.o [1]
  .rodata                const     0x802'8418     0x34  main.o [1]
  .rodata                const     0x802'844c     0x30  main.o [1]
  .rodata                const     0x802'847c     0x30  main.o [1]
  .rodata                const     0x802'84ac     0x2c  main.o [1]
  .text                  ro code   0x802'84d8     0x28  data_init.o [5]
  .rodata                const     0x802'8500     0x24  languages.o [1]
  .rodata                const     0x802'8524     0x24  main.o [1]
  .text                  ro code   0x802'8548     0x22  fpinit_M.o [4]
  .iar.init_table        const     0x802'856c     0x24  - Linker created -
  .rodata                const     0x802'8590     0x20  main.o [1]
  .rodata                const     0x802'85b0     0x20  z_stepper.o [1]
  .text                  ro code   0x802'85d0     0x20  system_stm32f4xx.o [1]
  .text                  ro code   0x802'85f0     0x20  cmain_call_ctors.o [5]
  .text                  ro code   0x802'8610     0x18  cppinit.o [2]
  .text                  ro code   0x802'8628     0x1e  cmain.o [5]
  .text                  ro code   0x802'8646      0x4  low_level_init.o [2]
  .text                  ro code   0x802'864a      0x4  exit.o [2]
  .text                  ro code   0x802'8650      0xa  cexit.o [5]
  .rodata                const     0x802'865c     0x1c  languages.o [1]
  .rodata                const     0x802'8678     0x18  languages.o [1]
  .rodata                const     0x802'8690     0x18  main.o [1]
  .rodata                const     0x802'86a8     0x18  main.o [1]
  .rodata                const     0x802'86c0     0x18  main.o [1]
  .rodata                const     0x802'86d8     0x14  main.o [1]
  .rodata                const     0x802'86ec     0x14  main.o [1]
  .rodata                const     0x802'8700     0x14  spifl_diskio.o [1]
  .rodata                const     0x802'8714     0x14  usbh_diskio.o [1]
  .rodata                const     0x802'8728     0x10  ff.o [1]
  .rodata                const     0x802'8738     0x10  languages.o [1]
  .rodata                const     0x802'8748     0x10  languages.o [1]
  .rodata                const     0x802'8758     0x10  languages.o [1]
  .rodata                const     0x802'8768     0x10  languages.o [1]
  .rodata                const     0x802'8778     0x10  main.o [1]
  .rodata                const     0x802'8788     0x10  main.o [1]
  .rodata                const     0x802'8798     0x10  main.o [1]
  .rodata                const     0x802'87a8     0x10  main.o [1]
  .rodata                const     0x802'87b8     0x10  system_stm32f4xx.o [1]
  .text                  ro code   0x802'87c8     0x10  startup_stm32f407xx.o [1]
  .rodata                const     0x802'87d8      0xc  ff.o [1]
  .rodata                const     0x802'87e4      0xc  languages.o [1]
  .rodata                const     0x802'87f0      0xc  languages.o [1]
  .rodata                const     0x802'87fc      0xc  languages.o [1]
  .rodata                const     0x802'8808      0xc  languages.o [1]
  .rodata                const     0x802'8814      0xc  languages.o [1]
  .rodata                const     0x802'8820      0xc  languages.o [1]
  .rodata                const     0x802'882c      0xc  languages.o [1]
  .rodata                const     0x802'8838      0xc  languages.o [1]
  .rodata                const     0x802'8844      0xc  languages.o [1]
  .rodata                const     0x802'8850      0xc  main.o [1]
  .rodata                const     0x802'885c      0xc  main.o [1]
  .rodata                const     0x802'8868      0xc  main.o [1]
  .rodata                const     0x802'8874      0xc  tgui_infoscreenfuncs.o [1]
  .text                  ro code   0x802'8880      0xc  cstartup_M.o [5]
  .rodata                const     0x802'888c      0x8  ff.o [1]
  .rodata                const     0x802'8894      0x8  ff.o [1]
  .rodata                const     0x802'889c      0x8  languages.o [1]
  .rodata                const     0x802'88a4      0x8  languages.o [1]
  .rodata                const     0x802'88ac      0x8  languages.o [1]
  .rodata                const     0x802'88b4      0x8  languages.o [1]
  .rodata                const     0x802'88bc      0x8  languages.o [1]
  .rodata                const     0x802'88c4      0x8  languages.o [1]
  .rodata                const     0x802'88cc      0x8  languages.o [1]
  .rodata                const     0x802'88d4      0x8  languages.o [1]
  .rodata                const     0x802'88dc      0x8  languages.o [1]
  .rodata                const     0x802'88e4      0x8  languages.o [1]
  .rodata                const     0x802'88ec      0x8  languages.o [1]
  .rodata                const     0x802'88f4      0x8  languages.o [1]
  .rodata                const     0x802'88fc      0x8  languages.o [1]
  .rodata                const     0x802'8904      0x8  languages.o [1]
  .rodata                const     0x802'890c      0x8  languages.o [1]
  .rodata                const     0x802'8914      0x8  languages.o [1]
  .rodata                const     0x802'891c      0x8  languages.o [1]
  .rodata                const     0x802'8924      0x8  languages.o [1]
  .rodata                const     0x802'892c      0x8  languages.o [1]
  .rodata                const     0x802'8934      0x8  languages.o [1]
  .rodata                const     0x802'893c      0x8  languages.o [1]
  .rodata                const     0x802'8944      0x8  languages.o [1]
  .rodata                const     0x802'894c      0x8  stm32f4xx_hal_dma.o [1]
  .rodata                const     0x802'8954      0x8  tgui.o [1]
  .rodata                const     0x802'895c      0x8  tgui.o [1]
  .rodata                const     0x802'8964      0x8  tgui.o [1]
  .rodata                const     0x802'896c      0x8  tgui.o [1]
  .rodata                const     0x802'8974      0x8  tgui.o [1]
  .rodata                const     0x802'897c      0x8  tgui.o [1]
  .rodata                const     0x802'8984      0x8  tgui.o [1]
  .rodata                const     0x802'898c      0x8  tgui.o [1]
  .rodata                const     0x802'8994      0x8  tgui.o [1]
  .rodata                const     0x802'899c      0x8  tgui.o [1]
  .rodata                const     0x802'89a4      0x8  tgui.o [1]
  .rodata                const     0x802'89ac      0x8  tgui.o [1]
  .rodata                const     0x802'89b4      0x8  tgui.o [1]
  .rodata                const     0x802'89bc      0x8  tgui.o [1]
  .rodata                const     0x802'89c4      0x8  tgui.o [1]
  .rodata                const     0x802'89cc      0x8  tgui.o [1]
  .rodata                const     0x802'89d4      0x8  tgui.o [1]
  .rodata                const     0x802'89dc      0x8  tgui.o [1]
  .rodata                const     0x802'89e4      0x8  tgui.o [1]
  .rodata                const     0x802'89ec      0x8  tgui.o [1]
  .rodata                const     0x802'89f4      0x8  tgui.o [1]
  .rodata                const     0x802'89fc      0x8  tgui.o [1]
  .rodata                const     0x802'8a04      0x8  tim.o [1]
  .rodata                const     0x802'8a0c      0x6  xlocale_c.o [2]
  .rodata                const     0x802'8a14      0x4  languages.o [1]
  .rodata                const     0x802'8a18      0x4  languages.o [1]
  .rodata                const     0x802'8a1c      0x4  languages.o [1]
  .rodata                const     0x802'8a20      0x4  languages.o [1]
  .rodata                const     0x802'8a24      0x4  languages.o [1]
  .rodata                const     0x802'8a28      0x4  languages.o [1]
  .rodata                const     0x802'8a2c      0x4  languages.o [1]
  .rodata                const     0x802'8a30      0x4  languages.o [1]
  .rodata                const     0x802'8a34      0x4  languages.o [1]
  .rodata                const     0x802'8a38      0x4  languages.o [1]
  .rodata                const     0x802'8a3c      0x4  languages.o [1]
  .rodata                const     0x802'8a40      0x4  languages.o [1]
  .rodata                const     0x802'8a44      0x4  languages.o [1]
  .rodata                const     0x802'8a48      0x4  languages.o [1]
  .rodata                const     0x802'8a4c      0x4  languages.o [1]
  .rodata                const     0x802'8a50      0x4  rtc.o [1]
  .rodata                const     0x802'8a54      0x4  usbh_msc.o [1]
  .text                  ro code   0x802'8a58      0x4  startup_stm32f407xx.o [1]
  SHT$$PREINIT_ARRAY               0x802'8a5c      0x0  <Block>
  SHT$$INIT_ARRAY                  0x802'8a5c      0x4  <Block>
    .init_array          const     0x802'8a5c      0x4  z_planner.o [1]
  __iar_tls$$INIT_ARRAY            0x802'8a60      0x0  <Block>
  .rodata                const     0x802'8a60      0x0  zero_init3.o [5]
  .rodata                const     0x802'8a60      0x0  lz77_init_single.o [5]
  Initializer bytes      const     0x802'8a60    0x1a8  <for P2-1>
                                 - 0x802'8c08  0x18a80

"P3":                                           0x5478
  CCMRAM                 uninit   0x1000'0000   0x2000  main.o [1]
  CCMRAM                 uninit   0x1000'2000   0x1028  main.o [1]
  CCMRAM                 uninit   0x1000'3028   0x1028  main.o [1]
  CCMRAM                 uninit   0x1000'4050   0x1028  tgui.o [1]
  CCMRAM                 uninit   0x1000'5078    0x400  tgui.o [1]
                                - 0x1000'5478   0x5478

"P2", part 1 of 3:                               0x2a8
  P2-1                            0x2000'0000    0x2a8  <Init block>
    .data                inited   0x2000'0000      0xc  fnt12.o [1]
    .data                inited   0x2000'000c      0xc  fnt18.o [1]
    .data                inited   0x2000'0018      0xc  fnt18bold.o [1]
    .data                inited   0x2000'0024      0xc  fnt24.o [1]
    .data                inited   0x2000'0030      0xc  fnt24bold.o [1]
    .data                inited   0x2000'003c     0xd0  languages.o [1]
    .data                inited   0x2000'010c     0xd0  languages.o [1]
    .data                inited   0x2000'01dc     0x10  languages.o [1]
    .data                inited   0x2000'01ec      0x4  languages.o [1]
    .data                inited   0x2000'01f0      0x4  lcd_ui.o [1]
    .data                inited   0x2000'01f4      0x4  stm32f4xx_hal.o [1]
    .data                inited   0x2000'01f8      0x4  system_stm32f4xx.o [1]
    .data                inited   0x2000'01fc     0x20  usbh_msc.o [1]
    .data                inited   0x2000'021c      0x4  z_stepper.o [1]
    .data                inited   0x2000'0220     0x38  xlocale_c.o [2]
    .data                inited   0x2000'0258     0x48  xlocale_c.o [2]
    .data                inited   0x2000'02a0      0x2  lcd_ui.o [1]
    .data                inited   0x2000'02a2      0x2  lcd_ui.o [1]
    .data                inited   0x2000'02a4      0x2  lcd_ui.o [1]
    .data                inited   0x2000'02a6      0x1  lcd_ui.o [1]
    .data                inited   0x2000'02a7      0x1  stm32f4xx_hal.o [1]
                                - 0x2000'02a8    0x2a8

"P2", part 2 of 3:                              0x4930
  .bss                   zero     0x2000'02a8   0x1038  fatfs.o [1]
  .bss                   zero     0x2000'12e0   0x1038  fatfs.o [1]
  .bss                   zero     0x2000'2318    0x400  main.o [1]
  .bss                   zero     0x2000'2718    0x400  main.o [1]
  .bss                   zero     0x2000'2b18    0x400  main.o [1]
  .bss                   zero     0x2000'2f18    0x3d8  usb_host.o [1]
  .bss                   zero     0x2000'32f0    0x2c4  usbh_conf.o [1]
  .bss                   zero     0x2000'35b4    0x224  main.o [1]
  .bss                   zero     0x2000'37d8    0x200  ff.o [1]
  .bss                   zero     0x2000'39d8    0x200  main.o [1]
  .bss                   zero     0x2000'3bd8    0x200  z_planner.o [1]
  .bss                   zero     0x2000'3dd8    0x1dc  tgui.o [1]
  .bss                   zero     0x2000'3fb4    0x1d8  dlmalloc.o [2]
  .bss                   zero     0x2000'418c    0x110  tgui.o [1]
  .bss                   zero     0x2000'429c    0x100  sys_timer.o [1]
  .bss                   zero     0x2000'439c     0xcc  tgui.o [1]
  .bss                   zero     0x2000'4468     0xcc  tgui.o [1]
  .bss                   zero     0x2000'4534     0x80  fst_spi.o [1]
  .bss                   zero     0x2000'45b4     0x80  fst_spi.o [1]
  .bss                   zero     0x2000'4634     0x60  fst_spi.o [1]
  .bss                   zero     0x2000'4694     0x60  fst_spi.o [1]
  .bss                   zero     0x2000'46f4     0x60  fst_spi.o [1]
  .bss                   zero     0x2000'4754     0x60  fst_spi.o [1]
  .bss                   zero     0x2000'47b4     0x60  fst_spi.o [1]
  .bss                   zero     0x2000'4814     0x60  lcd_low.o [1]
  .bss                   zero     0x2000'4874     0x50  fsmc.o [1]
  .bss                   zero     0x2000'48c4     0x40  config.o [1]
  .bss                   zero     0x2000'4904     0x40  tim.o [1]
  .bss                   zero     0x2000'4944     0x40  tim.o [1]
  .bss                   zero     0x2000'4984     0x34  main.o [1]
  .bss                   zero     0x2000'49b8     0x2c  tgui.o [1]
  .bss                   zero     0x2000'49e4     0x2c  tgui.o [1]
  .bss                   zero     0x2000'4a10     0x2c  tgui.o [1]
  .bss                   zero     0x2000'4a3c     0x2c  tgui.o [1]
  .bss                   zero     0x2000'4a68     0x28  z_planner.o [1]
  .bss                   zero     0x2000'4a90     0x20  rtc.o [1]
  .bss                   zero     0x2000'4ab0     0x1c  tgui.o [1]
  .bss                   zero     0x2000'4acc     0x18  dlmalloc.o [2]
  .bss                   zero     0x2000'4ae4     0x10  ff_gen_drv.o [1]
  .bss                   zero     0x2000'4af4     0x10  touch.o [1]
  .bss                   zero     0x2000'4b04      0xc  config.o [1]
  .bss                   zero     0x2000'4b10      0xc  spi_flash.o [1]
  .bss                   zero     0x2000'4b1c      0x8  fatfs.o [1]
  .bss                   zero     0x2000'4b24      0x8  fatfs.o [1]
  .bss                   zero     0x2000'4b2c      0x8  ff.o [1]
  .bss                   zero     0x2000'4b34      0x4  fsmc.o [1]
  .bss                   zero     0x2000'4b38      0x4  languages.o [1]
  .bss                   zero     0x2000'4b3c      0x4  motor.o [1]
  .bss                   zero     0x2000'4b40      0x4  spi_flash.o [1]
  .bss                   zero     0x2000'4b44      0x4  spi_flash.o [1]
  .bss                   zero     0x2000'4b48      0x4  stm32f4xx_hal.o [1]
  .bss                   zero     0x2000'4b4c      0x4  stm32f4xx_ll_usb.o [1]
  .bss                   zero     0x2000'4b50      0x4  tgui.o [1]
  .bss                   zero     0x2000'4b54      0x4  touch.o [1]
  .bss                   zero     0x2000'4b58      0x4  z_planner.o [1]
  .bss                   zero     0x2000'4b5c      0x4  z_planner.o [1]
  .bss                   zero     0x2000'4b60      0x4  z_planner.o [1]
  .bss                   zero     0x2000'4b64      0x4  z_planner.o [1]
  .bss                   zero     0x2000'4b68      0x4  z_planner.o [1]
  .bss                   zero     0x2000'4b6c      0x4  z_planner.o [1]
  .bss                   zero     0x2000'4b70      0x4  z_planner.o [1]
  .bss                   zero     0x2000'4b74      0x4  z_stepper.o [1]
  .bss                   zero     0x2000'4b78      0x4  z_stepper.o [1]
  .bss                   zero     0x2000'4b7c      0x4  z_stepper.o [1]
  .bss                   zero     0x2000'4b80      0x4  z_stepper.o [1]
  .bss                   zero     0x2000'4b84      0x4  z_stepper.o [1]
  .bss                   zero     0x2000'4b88      0x4  z_stepper.o [1]
  .bss                   zero     0x2000'4b8c      0x4  z_stepper.o [1]
  .bss                   zero     0x2000'4b90      0x4  z_stepper.o [1]
  .bss                   zero     0x2000'4b94      0x4  z_stepper.o [1]
  .bss                   zero     0x2000'4b98      0x4  z_stepper.o [1]
  .bss                   zero     0x2000'4b9c      0x4  z_stepper.o [1]
  .bss                   zero     0x2000'4ba0      0x4  z_stepper.o [1]
  .bss                   zero     0x2000'4ba4      0x4  z_stepper.o [1]
  .bss                   zero     0x2000'4ba8      0x4  z_stepper.o [1]
  .bss                   zero     0x2000'4bac      0x4  xfail_s.o [2]
  .bss                   zero     0x2000'4bb0      0x4  xgetmemchunk.o [2]
  .bss                   zero     0x2000'4bb4      0x2  ff.o [1]
  .bss                   zero     0x2000'4bb6      0x2  lcd_low.o [1]
  .bss                   zero     0x2000'4bb8      0x2  lcd_ui.o [1]
  .bss                   zero     0x2000'4bba      0x2  lcd_ui.o [1]
  .bss                   zero     0x2000'4bbc      0x2  lcd_ui.o [1]
  .bss                   zero     0x2000'4bbe      0x2  z_planner.o [1]
  .bss                   zero     0x2000'4bc0      0x1  fatfs.o [1]
  .bss                   zero     0x2000'4bc1      0x1  fatfs.o [1]
  .bss                   zero     0x2000'4bc2      0x1  main.o [1]
  .bss                   zero     0x2000'4bc3      0x1  main.o [1]
  .bss                   zero     0x2000'4bc4      0x1  main.o [1]
  .bss                   zero     0x2000'4bc5      0x1  main.o [1]
  .bss                   zero     0x2000'4bc6      0x1  usb_host.o [1]
  .bss                   zero     0x2000'4bc7      0x1  z_endstops.o [1]
  .bss                   zero     0x2000'4bc8      0x1  z_endstops.o [1]
  .bss                   zero     0x2000'4bc9      0x1  z_planner.o [1]
  .bss                   zero     0x2000'4bca      0x1  z_planner.o [1]
  .bss                   zero     0x2000'4bcb      0x1  z_planner.o [1]
  .bss                   zero     0x2000'4bcc      0x1  z_planner.o [1]
  .bss                   zero     0x2000'4bcd      0x1  z_planner.o [1]
  .bss                   zero     0x2000'4bce      0x1  z_planner.o [1]
  .bss                   zero     0x2000'4bcf      0x1  z_planner.o [1]
  .bss                   zero     0x2000'4bd0      0x1  z_stepper.o [1]
  .bss                   zero     0x2000'4bd1      0x1  z_stepper.o [1]
  .bss                   zero     0x2000'4bd2      0x1  z_stepper.o [1]
  .bss                   zero     0x2000'4bd3      0x1  z_stepper.o [1]
  .bss                   zero     0x2000'4bd4      0x1  z_stepper.o [1]
                                - 0x2000'4bd5   0x492d

"P2", part 3 of 3:                              0x7200
  .noinit                uninit   0x2000'4bd8   0x1000  tgui.o [1]
  .noinit                uninit   0x2000'5bd8    0x200  tgui.o [1]
  CSTACK                          0x2000'5dd8   0x4000  <Block>
    CSTACK               uninit   0x2000'5dd8   0x4000  <Block tail>
  HEAP                            0x2000'9dd8   0x2000  <Block>
    HEAP                 uninit   0x2000'9dd8   0x2000  <Block tail>
                                - 0x2000'bdd8   0x7200

Unused ranges:

         From           To      Size
         ----           --      ----
   0x802'8c08   0x807'ffff  0x5'73f8
  0x1000'5478  0x1000'ffff    0xab88
  0x2000'bdd8  0x2001'ffff  0x1'4228


*******************************************************************************
*** INIT TABLE
***

          Address      Size
          -------      ----
Zero (__iar_zero_init3)
    1 destination range, total size 0x492d:
          0x2000'02a8  0x492d

Copy/lz77 (__iar_lz77_init_single3)
    1 source range, total size 0x1a8 (62% of destination):
           0x802'8a60   0x1a8
    1 destination range, total size 0x2a8:
          0x2000'0000   0x2a8

Extra (__iar_cstart_call_ctors)



*******************************************************************************
*** MODULE SUMMARY
***

    Module                  ro code  ro data  rw data
    ------                  -------  -------  -------
command line/config:
    -------------------------------------------------
    Total:

D:\Electronics\Projects\MKS_DLP_new\SRC\firmware\MKSDLP_Alter_Debug\Obj: [1]
    config.o                    156                76
    diskio.o                    176
    fatfs.o                     136             8 322
    ff.o                      8 850      172      522
    ff_gen_drv.o                 84                16
    ffunicode.o                 324      944
    fnt12.o                            2 043       12
    fnt18.o                            4 075       12
    fnt18bold.o                        4 624       12
    fnt24.o                            6 819       12
    fnt24bold.o                        8 668       12
    fsmc.o                      276                84
    fst_spi.o                 1 332               736
    gpio.o                      320
    languages.o                 120      770      440
    lcd_low.o                 1 408                98
    lcd_ui.o                  2 740        6       17
    main.o                    1 914      528   20 652
    motor.o                     502                 4
    rtc.o                       200        4       32
    spi_flash.o                 804                20
    spifl_diskio.o              240       20
    startup_stm32f407xx.o       412
    stm32f4xx_hal.o             180        4        9
    stm32f4xx_hal_cortex.o      300
    stm32f4xx_hal_dma.o       1 112        8
    stm32f4xx_hal_gpio.o        560
    stm32f4xx_hal_hcd.o       4 192
    stm32f4xx_hal_msp.o          64
    stm32f4xx_hal_rcc.o       1 416
    stm32f4xx_hal_rcc_ex.o      336
    stm32f4xx_hal_rtc.o       1 048
    stm32f4xx_hal_spi.o       1 532
    stm32f4xx_hal_sram.o         92
    stm32f4xx_hal_tim.o       1 930
    stm32f4xx_hal_tim_ex.o      172
    stm32f4xx_it.o              128
    stm32f4xx_ll_fsmc.o         228
    stm32f4xx_ll_usb.o        2 500                 4
    sys_timer.o                 288               256
    system_stm32f4xx.o           32       18        4
    tgui.o                    3 216      176   11 132
    tgui_defaultfuncs.o       1 884
    tgui_infoscreenfuncs.o      156       12
    tgui_langscreenfuncs.o      636
    tim.o                       488        8      128
    touch.o                     512                20
    unicode_utils.o             426
    usb_host.o                  140               985
    usbh_conf.o                 760               708
    usbh_core.o               1 950
    usbh_ctlreq.o             1 468
    usbh_diskio.o               324       20
    usbh_ioreq.o                208
    usbh_msc.o                2 228       24       32
    usbh_msc_bot.o              916
    usbh_msc_scsi.o           1 002
    usbh_pipes.o                182
    usbh_platform.o              32
    z_endstops.o                204                 2
    z_planner.o               4 092        4      589
    z_stepper.o               1 668       35       65
    -------------------------------------------------
    Total:                   58 596   28 982   45 013

dl7M_tlf.a: [2]
    abort.o                       6
    cppinit.o                    24
    dlmalloc.o                5 344               496
    exit.o                        4
    heaptramp0.o                  4
    low_level_init.o              4
    sprintf.o                    64
    strcat.o                     30
    xencoding_8859_1.o           30
    xfail_s.o                    64                 4
    xgetmemchunk.o               44                 4
    xlocale_c.o                 120       86      128
    xmbcurmax.o                  10
    xprintffull.o             3 910
    xsprout.o                    10
    -------------------------------------------------
    Total:                    9 668       86      632

dlpp7M_tl_fc.a: [3]
    -------------------------------------------------
    Total:

m7M_tls.a: [4]
    DblAdd.o                    362
    DblCmpGe.o                   46
    DblCmpLe.o                   46
    DblDiv.o                    582
    DblMul.o                    418
    DblSub.o                    226
    DblToS32.o                   58
    DblToU32.o                   40
    FltToDbl.o                   72
    S32ToDbl.o                   34
    U32ToDbl.o                   26
    ceilf.o                      60
    floorf.o                     60
    fpinit_M.o                   34
    frexp.o                     112
    ldexp.o                     314
    lroundf.o                    46
    sqrtf.o                      30
    -------------------------------------------------
    Total:                    2 566

rt7M_tl.a: [5]
    ABImemclr4.o                  6
    ABImemcpy.o                 166
    ABImemset.o                 102
    ABImemset48.o                50
    I64DivMod.o                 560
    cexit.o                      10
    cmain.o                      30
    cmain_call_ctors.o           32
    cstartup_M.o                 12
    data_init.o                  40
    lz77_init_single.o          122
    memchr.o                     88
    strchr.o                     22
    strcmp.o                     18
    strlen.o                     54
    zero_init3.o                 58
    -------------------------------------------------
    Total:                    1 370

shb_l.a: [6]
    exit.o                       20
    unwind_debug.o                         1
    -------------------------------------------------
    Total:                       20        1

    Gaps                         49       10
    Linker created                        36   24 576
-----------------------------------------------------
    Grand Total:             72 269   29 115   70 221


*******************************************************************************
*** ENTRY LIST
***

Entry                       Address    Size  Type      Object
-----                       -------    ----  ----      ------
.iar.init_table$$Base    0x802'856c           --   Gb  - Linker created -
.iar.init_table$$Limit   0x802'8590           --   Gb  - Linker created -
?main                    0x802'8629          Code  Gb  cmain.o [5]
AHBPrescTable            0x802'87b8    0x10  Data  Gb  system_stm32f4xx.o [1]
Appli_state             0x2000'4bc6     0x1  Data  Gb  usb_host.o [1]
Appli_state_old         0x2000'4bc2     0x1  Data  Gb  main.o [1]
BusFault_Handler         0x802'8367     0x2  Code  Gb  stm32f4xx_it.o [1]
CFG_Init()               0x801'ee05    0x9c  Code  Gb  config.o [1]
CSTACK$$Base            0x2000'5dd8           --   Gb  - Linker created -
CSTACK$$Limit           0x2000'9dd8           --   Gb  - Linker created -
CacheMore                0x802'4235    0x24  Code  Lc  xlocale_c.o [2]
DMA1_Stream3_IRQHandler
                         0x802'8379     0xa  Code  Gb  stm32f4xx_it.o [1]
DMA1_Stream4_IRQHandler
                         0x802'8383     0xa  Code  Gb  stm32f4xx_it.o [1]
DMA2_Stream2_IRQHandler
                         0x802'83a1     0xa  Code  Gb  stm32f4xx_it.o [1]
DMA2_Stream5_IRQHandler
                         0x802'83ab     0xa  Code  Gb  stm32f4xx_it.o [1]
DMA2_Stream7_IRQHandler
                         0x802'8397     0xa  Code  Gb  stm32f4xx_it.o [1]
DMA_CalcBaseAndBitshift
                         0x802'0e07    0x30  Code  Lc  stm32f4xx_hal_dma.o [1]
DMA_CalcBaseAndBitshift::flagBitshiftOffset
                         0x802'894c     0x8  Data  Lc  stm32f4xx_hal_dma.o [1]
DMA_CheckFifoParam       0x802'0e45    0x88  Code  Lc  stm32f4xx_hal_dma.o [1]
DMA_SetConfig            0x802'0dd9    0x2e  Code  Lc  stm32f4xx_hal_dma.o [1]
DeInitStateMachine       0x801'ad3d    0x66  Code  Lc  usbh_core.o [1]
DebugMon_Handler         0x802'836d     0x2  Code  Gb  stm32f4xx_it.o [1]
DeviceCode              0x2000'4bb6     0x2  Data  Gb  lcd_low.o [1]
Endstops::hit_state     0x2000'4bc7     0x1  Data  Gb  z_endstops.o [1]
Endstops::live_state    0x2000'4bc8     0x1  Data  Gb  z_endstops.o [1]
Endstops::state()        0x802'4dd9     0xc  Code  Gb  z_endstops.o [1]
Endstops::update()       0x802'49c5    0x94  Code  Gb  z_endstops.o [1]
Error_Handler            0x801'bc05     0x2  Code  Gb  main.o [1]
ExCvt                    0x802'82e0    0x80  Data  Lc  ff.o [1]
FATFS_Init               0x801'2689    0x1c  Code  Gb  fatfs.o [1]
FATFS_LinkDriver         0x801'2755     0xa  Code  Gb  ff_gen_drv.o [1]
FATFS_LinkDriverEx       0x801'2711    0x44  Code  Gb  ff_gen_drv.o [1]
FLASH_SPIEnable          0x801'dad7   0x188  Code  Gb  fst_spi.o [1]
FLASH_SPIInit            0x801'da79    0x5e  Code  Gb  fst_spi.o [1]
FLASH_SPIReadBuff        0x801'dca9    0x40  Code  Gb  fst_spi.o [1]
FLASH_SPIReadBuffDMA     0x801'dce9    0x2e  Code  Gb  fst_spi.o [1]
FLASH_SPISetSpeed        0x801'dc5f    0x1c  Code  Gb  fst_spi.o [1]
FLASH_SPIWriteReadByte   0x801'dc7b    0x2e  Code  Gb  fst_spi.o [1]
FSMC_Initialized        0x2000'4b34     0x4  Data  Lc  fsmc.o [1]
FSMC_NORSRAM_Extended_Timing_Init
                         0x802'4bf1    0x40  Code  Gb  stm32f4xx_ll_fsmc.o [1]
FSMC_NORSRAM_Init        0x802'4b55    0x58  Code  Gb  stm32f4xx_ll_fsmc.o [1]
FSMC_NORSRAM_Timing_Init
                         0x802'4bad    0x44  Code  Gb  stm32f4xx_ll_fsmc.o [1]
FatFs                   0x2000'4b2c     0x8  Data  Lc  ff.o [1]
Fsid                    0x2000'4bb4     0x2  Data  Lc  ff.o [1]
GPIO_Init                0x801'c329   0x140  Code  Gb  gpio.o [1]
HAL_DMA_GetState         0x802'0dd3     0x6  Code  Gb  stm32f4xx_hal_dma.o [1]
HAL_DMA_IRQHandler       0x802'0bc9   0x20a  Code  Gb  stm32f4xx_hal_dma.o [1]
HAL_DMA_Init             0x802'0a75    0xe0  Code  Gb  stm32f4xx_hal_dma.o [1]
HAL_DMA_Start_IT         0x802'0b55    0x74  Code  Gb  stm32f4xx_hal_dma.o [1]
HAL_Delay                0x801'bc29    0x28  Code  Wk  stm32f4xx_hal.o [1]
HAL_FSMC_MspInit         0x802'09e3    0x70  Code  Gb  fsmc.o [1]
HAL_GPIO_Init            0x801'a991   0x1d0  Code  Gb  stm32f4xx_hal_gpio.o [1]
HAL_GPIO_ReadPin         0x801'ab61    0x12  Code  Gb  stm32f4xx_hal_gpio.o [1]
HAL_GPIO_WritePin        0x801'ab73    0x14  Code  Gb  stm32f4xx_hal_gpio.o [1]
HAL_GetTick              0x801'2b7d     0xc  Code  Wk  stm32f4xx_hal.o [1]
HAL_HCD_Connect_Callback
                         0x801'9c8f     0xc  Code  Gb  usbh_conf.o [1]
HAL_HCD_Disconnect_Callback
                         0x801'9c9b     0xc  Code  Gb  usbh_conf.o [1]
HAL_HCD_GetCurrentFrame
                         0x801'90b1     0xa  Code  Gb  stm32f4xx_hal_hcd.o [1]
HAL_HCD_GetCurrentSpeed
                         0x801'90bb     0xa  Code  Gb  stm32f4xx_hal_hcd.o [1]
HAL_HCD_HC_GetURBState   0x801'9097     0xe  Code  Gb  stm32f4xx_hal_hcd.o [1]
HAL_HCD_HC_GetXferCount
                         0x801'90a5     0xc  Code  Gb  stm32f4xx_hal_hcd.o [1]
HAL_HCD_HC_Halt          0x801'8ce1    0x2c  Code  Gb  stm32f4xx_hal_hcd.o [1]
HAL_HCD_HC_Init          0x801'8c17    0xca  Code  Gb  stm32f4xx_hal_hcd.o [1]
HAL_HCD_HC_NotifyURBChange_Callback
                         0x801'9ca7     0x2  Code  Gb  usbh_conf.o [1]
HAL_HCD_HC_SubmitRequest
                         0x801'8d0d   0x1f8  Code  Gb  stm32f4xx_hal_hcd.o [1]
HAL_HCD_IRQHandler       0x801'8f05   0x134  Code  Gb  stm32f4xx_hal_hcd.o [1]
HAL_HCD_Init             0x801'8ba1    0x76  Code  Gb  stm32f4xx_hal_hcd.o [1]
HAL_HCD_MspInit          0x801'9c01    0x82  Code  Gb  usbh_conf.o [1]
HAL_HCD_PortDisabled_Callback
                         0x801'9cb5     0xc  Code  Gb  usbh_conf.o [1]
HAL_HCD_PortEnabled_Callback
                         0x801'9ca9     0xc  Code  Gb  usbh_conf.o [1]
HAL_HCD_ResetPort        0x801'908d     0xa  Code  Gb  stm32f4xx_hal_hcd.o [1]
HAL_HCD_SOF_Callback     0x801'9c83     0xc  Code  Gb  usbh_conf.o [1]
HAL_HCD_Start            0x801'9039    0x2e  Code  Gb  stm32f4xx_hal_hcd.o [1]
HAL_HCD_Stop             0x801'9067    0x26  Code  Gb  stm32f4xx_hal_hcd.o [1]
HAL_IncTick              0x801'c669    0x58  Code  Gb  sys_timer.o [1]
HAL_Init                 0x801'c2f5    0x30  Code  Gb  stm32f4xx_hal.o [1]
HAL_InitTick             0x802'08d5    0x4c  Code  Wk  stm32f4xx_hal.o [1]
HAL_MspInit              0x802'0921    0x40  Code  Gb  stm32f4xx_hal_msp.o [1]
HAL_NVIC_EnableIRQ       0x801'acb9     0xa  Code  Gb  stm32f4xx_hal_cortex.o [1]
HAL_NVIC_SetPriority     0x801'ac97    0x22  Code  Gb  stm32f4xx_hal_cortex.o [1]
HAL_NVIC_SetPriorityGrouping
                         0x801'ac8f     0x8  Code  Gb  stm32f4xx_hal_cortex.o [1]
HAL_RCCEx_PeriphCLKConfig
                         0x802'06b5   0x12c  Code  Gb  stm32f4xx_hal_rcc_ex.o [1]
HAL_RCC_ClockConfig      0x802'04e1   0x13a  Code  Gb  stm32f4xx_hal_rcc.o [1]
HAL_RCC_GetSysClockFreq
                         0x802'0635    0x80  Code  Wk  stm32f4xx_hal_rcc.o [1]
HAL_RCC_OscConfig        0x802'012d   0x3b4  Code  Wk  stm32f4xx_hal_rcc.o [1]
HAL_RTC_GetDate          0x801'2a7f    0x4e  Code  Gb  stm32f4xx_hal_rtc.o [1]
HAL_RTC_GetTime          0x801'2937    0x62  Code  Gb  stm32f4xx_hal_rtc.o [1]
HAL_RTC_Init             0x801'2765    0xcc  Code  Gb  stm32f4xx_hal_rtc.o [1]
HAL_RTC_SetDate          0x801'2999    0xe6  Code  Gb  stm32f4xx_hal_rtc.o [1]
HAL_RTC_SetTime          0x801'2831   0x106  Code  Gb  stm32f4xx_hal_rtc.o [1]
HAL_RTC_WaitForSynchro   0x801'2ad9    0x36  Code  Gb  stm32f4xx_hal_rtc.o [1]
HAL_SPI_Init             0x802'0ecd    0xca  Code  Gb  stm32f4xx_hal_spi.o [1]
HAL_SPI_Receive_DMA      0x802'0fbd   0x106  Code  Gb  stm32f4xx_hal_spi.o [1]
HAL_SPI_TransmitReceive_DMA
                         0x802'10c3   0x156  Code  Gb  stm32f4xx_hal_spi.o [1]
HAL_SPI_TxRxCpltCallback
                         0x801'd835    0x1e  Code  Gb  fst_spi.o [1]
HAL_SRAM_Init            0x802'41d5    0x5c  Code  Gb  stm32f4xx_hal_sram.o [1]
HAL_SRAM_MspInit         0x802'0a53     0x8  Code  Gb  fsmc.o [1]
HAL_SYSTICK_Config       0x801'acc3     0x8  Code  Gb  stm32f4xx_hal_cortex.o [1]
HAL_TIMEx_MasterConfigSynchronization
                         0x802'4a99    0x8c  Code  Gb  stm32f4xx_hal_tim_ex.o [1]
HAL_TIM_Base_Init        0x802'32f5    0x38  Code  Gb  stm32f4xx_hal_tim.o [1]
HAL_TIM_Base_MspInit     0x802'3231    0x56  Code  Gb  tim.o [1]
HAL_TIM_Base_Start_IT    0x802'332d    0x28  Code  Gb  stm32f4xx_hal_tim.o [1]
HAL_TIM_Base_Stop_IT     0x802'3355    0x34  Code  Gb  stm32f4xx_hal_tim.o [1]
HAL_TIM_ConfigClockSource
                         0x802'368f    0xe8  Code  Gb  stm32f4xx_hal_tim.o [1]
HAL_TIM_IRQHandler       0x802'341d   0x176  Code  Gb  stm32f4xx_hal_tim.o [1]
HAL_TIM_MspPostInit      0x802'3287    0x4e  Code  Gb  tim.o [1]
HAL_TIM_PWM_ConfigChannel
                         0x802'3593    0xfc  Code  Gb  stm32f4xx_hal_tim.o [1]
HAL_TIM_PWM_Init         0x802'3389    0x38  Code  Gb  stm32f4xx_hal_tim.o [1]
HAL_TIM_PWM_Start        0x802'33c1    0x54  Code  Gb  stm32f4xx_hal_tim.o [1]
HCD_HC_IN_IRQHandler     0x801'90c5   0x55e  Code  Lc  stm32f4xx_hal_hcd.o [1]
HCD_HC_OUT_IRQHandler    0x801'9623   0x478  Code  Lc  stm32f4xx_hal_hcd.o [1]
HCD_Port_IRQHandler      0x801'9b59    0xa8  Code  Lc  stm32f4xx_hal_hcd.o [1]
HCD_RXQLVL_IRQHandler    0x801'9a9b    0xba  Code  Lc  stm32f4xx_hal_hcd.o [1]
HEAP$$Base              0x2000'9dd8           --   Gb  - Linker created -
HEAP$$Limit             0x2000'bdd8           --   Gb  - Linker created -
HardFault_Handler        0x802'8363     0x2  Code  Gb  stm32f4xx_it.o [1]
IsrStepperHandler        0x802'2c4b    0x1c  Code  Gb  z_stepper.o [1]
LANG_GetLanguageName(unsigned char)
                         0x801'c7c3    0x18  Code  Gb  languages.o [1]
LANG_GetString(LNG_STRING_ID)
                         0x801'c789    0x3a  Code  Gb  languages.o [1]
LANG_SetLanguage(unsigned char)
                         0x801'c7db    0x18  Code  Gb  languages.o [1]
LCDUI_Clear()            0x801'cec1     0xe  Code  Gb  lcd_ui.o [1]
LCDUI_DrawChar(char, unsigned short, short, short)
                         0x801'd1c1   0x188  Code  Gb  lcd_ui.o [1]
LCDUI_DrawFastVLine(short, short, short)
                         0x801'cecf    0x64  Code  Gb  lcd_ui.o [1]
LCDUI_DrawText(char *, unsigned short, short, short, short, short)
                         0x801'd349   0x230  Code  Gb  lcd_ui.o [1]
LCDUI_DrawTextUTF(char *, unsigned short, short, short, short, short)
                         0x801'd59d   0x266  Code  Gb  lcd_ui.o [1]
LCDUI_FillRect(short, short, short, short)
                         0x801'cf33    0x86  Code  Gb  lcd_ui.o [1]
LCDUI_FillRoundRect(short, short, short, short, short)
                         0x801'cfb9    0x82  Code  Gb  lcd_ui.o [1]
LCDUI_GetCurrentFontHeight()
                         0x801'd1b7     0xa  Code  Gb  lcd_ui.o [1]
LCDUI_GetTextWidthUTF(char *)
                         0x801'd17d    0x3a  Code  Gb  lcd_ui.o [1]
LCDUI_Init()             0x801'cd81    0x42  Code  Gb  lcd_ui.o [1]
LCDUI_SetBackColor(unsigned short)
                         0x801'ce95     0xe  Code  Gb  lcd_ui.o [1]
LCDUI_SetColor(unsigned short)
                         0x801'ce87     0xe  Code  Gb  lcd_ui.o [1]
LCDUI_SetCursorCoord(short, short)
                         0x801'cea3    0x1e  Code  Gb  lcd_ui.o [1]
LCDUI_SetFont(LCDUI_FONT_TYPE)
                         0x801'd117    0x66  Code  Gb  lcd_ui.o [1]
LCD_BackLight            0x801'cd3f    0x1a  Code  Gb  lcd_low.o [1]
LCD_Clear                0x801'cd0b    0x34  Code  Gb  lcd_low.o [1]
LCD_CtrlLinesConfig      0x801'c801   0x108  Code  Gb  lcd_low.o [1]
LCD_FSMCConfig           0x801'c909     0x8  Code  Gb  lcd_low.o [1]
LCD_Initializtion        0x801'c9af   0x256  Code  Gb  lcd_low.o [1]
LCD_ReadRAM              0x801'c985     0xa  Code  Gb  lcd_low.o [1]
LCD_ReadReg              0x801'c92b     0xa  Code  Gb  lcd_low.o [1]
LCD_Read_ID              0x801'c98f    0x20  Code  Gb  lcd_low.o [1]
LCD_SetCursor            0x801'cc05    0x60  Code  Gb  lcd_low.o [1]
LCD_SetWindows           0x801'cc65    0xa6  Code  Gb  lcd_low.o [1]
LCD_WaitDMAReady         0x801'c975    0x10  Code  Gb  lcd_low.o [1]
LCD_WriteCmd             0x801'c935     0x8  Code  Gb  lcd_low.o [1]
LCD_WriteRAM             0x801'c947     0x8  Code  Gb  lcd_low.o [1]
LCD_WriteRAM_DMA         0x801'c94f    0x26  Code  Gb  lcd_low.o [1]
LCD_WriteRAM_Prepare     0x801'c93d     0xa  Code  Gb  lcd_low.o [1]
LCD_WriteReg             0x801'c91d     0xe  Code  Gb  lcd_low.o [1]
LCD_X_Init               0x801'c911     0xc  Code  Gb  lcd_low.o [1]
LfnBuf                  0x2000'37d8   0x200  Data  Lc  ff.o [1]
LfnOfs                   0x802'8728    0x10  Data  Lc  ff.o [1]
LoadInt                  0x802'1e07    0x7a  Code  Lc  xprintffull.o [2]
MX_FSMC_Init             0x802'0961    0x82  Code  Gb  fsmc.o [1]
MemManage_Handler        0x802'8365     0x2  Code  Gb  stm32f4xx_it.o [1]
NMI_Handler              0x802'8361     0x2  Code  Gb  stm32f4xx_it.o [1]
NVIC_EncodePriority      0x801'ac25    0x3c  Code  Lc  stm32f4xx_hal_cortex.o [1]
OTG_FS_IRQHandler        0x802'838d     0xa  Code  Gb  stm32f4xx_it.o [1]
PendSV_Handler           0x802'836f     0x2  Code  Gb  stm32f4xx_it.o [1]
Planner::Planner()       0x801'f0ad     0xe  Code  Gb  z_planner.o [1]
Planner::_buffer_steps(int, float, float)
                         0x801'f69b    0x6a  Code  Gb  z_planner.o [1]
Planner::_populate_block(block_t *, bool, int, float, float)
                         0x801'f735   0x5d6  Code  Gb  z_planner.o [1]
Planner::_populate_block(block_t *, bool, int32_t, float, float)::previous_safe_speed
                        0x2000'4b70     0x4  Data  Lc  z_planner.o [1]
Planner::block_buffer   0x2000'3bd8   0x200  Data  Gb  z_planner.o [1]
Planner::block_buffer_head
                        0x2000'4bcb     0x1  Data  Gb  z_planner.o [1]
Planner::block_buffer_nonbusy
                        0x2000'4bcc     0x1  Data  Gb  z_planner.o [1]
Planner::block_buffer_planned
                        0x2000'4bcd     0x1  Data  Gb  z_planner.o [1]
Planner::block_buffer_tail
                        0x2000'4bce     0x1  Data  Gb  z_planner.o [1]
Planner::buffer_segment(float, float, float const &)
                         0x801'fd5d    0x46  Code  Gb  z_planner.o [1]
Planner::buffer_sync_block()
                         0x801'fd15    0x42  Code  Gb  z_planner.o [1]
Planner::calculate_trapezoid_for_block(block_t *, float const &, float const &)
                         0x801'f157   0x124  Code  Gb  z_planner.o [1]
Planner::cleaning_buffer_counter
                        0x2000'4bbe     0x2  Data  Gb  z_planner.o [1]
Planner::clear_block_buffer()
                         0x802'3c95    0x24  Code  Gb  z_planner.o [1]
Planner::cutoff_long    0x2000'4b64     0x4  Data  Gb  z_planner.o [1]
Planner::delay_before_delivering
                        0x2000'4bcf     0x1  Data  Gb  z_planner.o [1]
Planner::endstop_triggered()
                         0x801'f677     0x8  Code  Gb  z_planner.o [1]
Planner::estimate_acceleration_distance(float, float, float)
                         0x802'3d15    0xac  Code  Gb  z_planner.o [1]
Planner::forward_pass()
                         0x801'f4c3    0x56  Code  Gb  z_planner.o [1]
Planner::forward_pass_kernel(block_t const *, block_t *, unsigned char)
                         0x801'f433    0x90  Code  Gb  z_planner.o [1]
Planner::get_current_block()
                         0x801'f0e3    0x74  Code  Gb  z_planner.o [1]
Planner::get_next_free_block(unsigned char &, unsigned char)
                         0x802'3f15    0x38  Code  Gb  z_planner.o [1]
Planner::has_blocks_queued()
                         0x802'3ef5    0x20  Code  Gb  z_stepper.o [1]
Planner::init()          0x801'f0bb    0x28  Code  Gb  z_planner.o [1]
Planner::intersection_distance(float, float, float, float)
                         0x802'3dfd    0xbc  Code  Gb  z_planner.o [1]
Planner::max_acceleration_steps_per_s2
                        0x2000'4b58     0x4  Data  Gb  z_planner.o [1]
Planner::max_allowable_speed_sqr(float, float, float)
                         0x802'3eb9    0x12  Code  Gb  z_planner.o [1]
Planner::moves_free()    0x802'4b47     0xe  Code  Gb  z_planner.o [1]
Planner::movesplanned()
                         0x802'3cb9    0x18  Code  Gb  z_planner.o [1]
Planner::next_block_index(unsigned char)
                         0x802'3cd1     0x8  Code  Gb  z_stepper.o [1]
Planner::nonbusy_movesplanned()
                         0x802'3f4d    0x18  Code  Gb  z_planner.o [1]
Planner::position       0x2000'4b60     0x4  Data  Gb  z_planner.o [1]
Planner::prev_block_index(unsigned char)
                         0x802'3ecb     0x8  Code  Gb  z_planner.o [1]
Planner::previous_nominal_speed_sqr
                        0x2000'4b6c     0x4  Data  Gb  z_planner.o [1]
Planner::previous_speed
                        0x2000'4b68     0x4  Data  Gb  z_planner.o [1]
Planner::recalculate()   0x801'f651    0x26  Code  Gb  z_planner.o [1]
Planner::recalculate_trapezoids()
                         0x801'f521   0x130  Code  Gb  z_planner.o [1]
Planner::refresh_positioning()
                         0x801'fe09    0x26  Code  Gb  z_planner.o [1]
Planner::release_current_block()
                         0x802'4da5    0x1c  Code  Gb  z_stepper.o [1]
Planner::reset_acceleration_rates()
                         0x801'fdd5    0x34  Code  Gb  z_planner.o [1]
Planner::reverse_pass()
                         0x801'f3b1    0x82  Code  Gb  z_planner.o [1]
Planner::reverse_pass_kernel(block_t *, block_t const *)
                         0x801'f27d   0x134  Code  Gb  z_planner.o [1]
Planner::set_machine_position_mm(float)
                         0x801'fda3    0x2a  Code  Gb  z_planner.o [1]
Planner::set_position_mm(float)
                         0x801'fdcd     0x8  Code  Gb  z_planner.o [1]
Planner::settings       0x2000'4a68    0x28  Data  Gb  z_planner.o [1]
Planner::steps_to_mm    0x2000'4b5c     0x4  Data  Gb  z_planner.o [1]
Planner::synchronize()   0x801'f67f    0x1c  Code  Gb  z_planner.o [1]
RTC_Bcd2ToByte           0x801'2b61    0x1a  Code  Gb  stm32f4xx_hal_rtc.o [1]
RTC_ByteToBcd2           0x801'2b49    0x18  Code  Gb  stm32f4xx_hal_rtc.o [1]
RTC_Enable               0x801'eddf    0x10  Code  Gb  rtc.o [1]
RTC_EnterInitMode        0x801'2b0f    0x3a  Code  Gb  stm32f4xx_hal_rtc.o [1]
RTC_Init                 0x801'ed3d    0xa2  Code  Gb  rtc.o [1]
Region$$Table$$Base      0x802'856c           --   Gb  - Linker created -
Region$$Table$$Limit     0x802'8590           --   Gb  - Linker created -
SHT$$INIT_ARRAY$$Base    0x802'8a5c           --   Gb  - Linker created -
SHT$$INIT_ARRAY$$Limit   0x802'8a60           --   Gb  - Linker created -
SHT$$PREINIT_ARRAY$$Base
                         0x802'8a5c           --   Gb  - Linker created -
SHT$$PREINIT_ARRAY$$Limit
                         0x802'8a5c           --   Gb  - Linker created -
SPIFL_Driver             0x802'8700    0x14  Data  Gb  spifl_diskio.o [1]
SPIFL_EraseSector        0x801'def1    0x52  Code  Gb  spi_flash.o [1]
SPIFL_Init               0x801'dddf    0x42  Code  Gb  spi_flash.o [1]
SPIFL_ReadBuff           0x801'de79    0x78  Code  Gb  spi_flash.o [1]
SPIFL_ReadID             0x801'de21    0x58  Code  Gb  spi_flash.o [1]
SPIFL_WriteBuff          0x801'df43   0x118  Code  Gb  spi_flash.o [1]
SPIFL_initialize         0x802'8079    0x1c  Code  Gb  spifl_diskio.o [1]
SPIFL_ioctl              0x802'810d    0x56  Code  Gb  spifl_diskio.o [1]
SPIFL_read               0x802'80a5    0x34  Code  Gb  spifl_diskio.o [1]
SPIFL_status             0x802'8095    0x10  Code  Gb  spifl_diskio.o [1]
SPIFL_write              0x802'80d9    0x34  Code  Gb  spifl_diskio.o [1]
SPI_DMAError             0x802'130d    0x24  Code  Lc  stm32f4xx_hal_spi.o [1]
SPI_DMAHalfReceiveCplt   0x802'12f5     0xa  Code  Lc  stm32f4xx_hal_spi.o [1]
SPI_DMAHalfTransmitReceiveCplt
                         0x802'1301     0xa  Code  Lc  stm32f4xx_hal_spi.o [1]
SPI_DMAReceiveCplt       0x802'1219    0x78  Code  Lc  stm32f4xx_hal_spi.o [1]
SPI_DMATransmitReceiveCplt
                         0x802'1291    0x64  Code  Lc  stm32f4xx_hal_spi.o [1]
SPI_EndRxTransaction     0x802'13d1    0x92  Code  Lc  stm32f4xx_hal_spi.o [1]
SPI_EndRxTxTransaction   0x802'1463    0x5a  Code  Lc  stm32f4xx_hal_spi.o [1]
SPI_WaitFlagStateUntilTimeout
                         0x802'1331    0xa0  Code  Lc  stm32f4xx_hal_spi.o [1]
SVC_Handler              0x802'836b     0x2  Code  Gb  stm32f4xx_it.o [1]
SYSTIMER_GetCountDown    0x801'c737    0x24  Code  Gb  sys_timer.o [1]
SYSTIMER_Init            0x801'c6c1    0x2a  Code  Gb  sys_timer.o [1]
SYSTIMER_NewCountDown    0x801'c6eb    0x4c  Code  Gb  sys_timer.o [1]
SYSTIMER_SetCountDown    0x801'c75b    0x20  Code  Gb  sys_timer.o [1]
SpiflFS                 0x2000'12e0  0x1038  Data  Gb  fatfs.o [1]
SpiflPath               0x2000'4b24     0x8  Data  Gb  fatfs.o [1]
Stepper::_set_position(int)
                         0x802'305f     0x6  Code  Gb  z_stepper.o [1]
Stepper::abort_current_block
                        0x2000'4bd2     0x1  Data  Gb  z_stepper.o [1]
Stepper::acc_step_rate  0x2000'4b9c     0x4  Data  Gb  z_stepper.o [1]
Stepper::accelerate_until
                        0x2000'4b90     0x4  Data  Gb  z_stepper.o [1]
Stepper::acceleration_time
                        0x2000'4b78     0x4  Data  Gb  z_stepper.o [1]
Stepper::advance_dividend
                        0x2000'4b84     0x4  Data  Gb  z_stepper.o [1]
Stepper::advance_divisor
                        0x2000'4b88     0x4  Data  Gb  z_stepper.o [1]
Stepper::axis_did_move  0x2000'4bd1     0x1  Data  Gb  z_stepper.o [1]
Stepper::axis_is_moving()
                         0x802'4dc1    0x18  Code  Gb  z_endstops.o [1]
Stepper::block_phase_isr()
                         0x802'2e89   0x190  Code  Gb  z_stepper.o [1]
Stepper::calc_timer_interval(unsigned int, unsigned char *)
                         0x802'4985    0x40  Code  Gb  z_stepper.o [1]
Stepper::calc_timer_interval(unsigned int, unsigned char *)::limit
                         0x802'85b0    0x20  Data  Gb  z_stepper.o [1]
Stepper::count_direction
                        0x2000'4bd4     0x1  Data  Gb  z_stepper.o [1]
Stepper::count_position
                        0x2000'4ba4     0x4  Data  Gb  z_stepper.o [1]
Stepper::current_block  0x2000'4b74     0x4  Data  Gb  z_stepper.o [1]
Stepper::decelerate_after
                        0x2000'4b94     0x4  Data  Gb  z_stepper.o [1]
Stepper::deceleration_time
                        0x2000'4b7c     0x4  Data  Gb  z_stepper.o [1]
Stepper::delta_error    0x2000'4b80     0x4  Data  Gb  z_stepper.o [1]
Stepper::discard_current_block()
                         0x802'4969    0x1c  Code  Gb  z_stepper.o [1]
Stepper::endstop_triggered()
                         0x802'3085    0x20  Code  Gb  z_stepper.o [1]
Stepper::endstops_trigsteps
                        0x2000'4ba0     0x4  Data  Gb  z_stepper.o [1]
Stepper::init()          0x802'302d    0x32  Code  Gb  z_stepper.o [1]
Stepper::is_awake()      0x802'4de5    0x10  Code  Gb  z_stepper.o [1]
Stepper::is_block_busy(block_t const *)
                         0x802'3019    0x12  Code  Gb  z_stepper.o [1]
Stepper::isr()           0x802'2c67    0xb8  Code  Gb  z_stepper.o [1]
Stepper::isr()::nextMainISR
                        0x2000'4ba8     0x4  Data  Lc  z_stepper.o [1]
Stepper::last_direction_bits
                        0x2000'4bd0     0x1  Data  Gb  z_stepper.o [1]
Stepper::motor_direction()
                         0x802'4951    0x18  Code  Gb  z_stepper.o [1]
Stepper::pulse_phase_isr()
                         0x802'2d1f   0x16a  Code  Gb  z_stepper.o [1]
Stepper::quick_stop()    0x802'4a8d     0xc  Code  Gb  z_stepper.o [1]
Stepper::set_directions()
                         0x802'2bf3    0x58  Code  Gb  z_stepper.o [1]
Stepper::set_position(int)
                         0x802'3065    0x20  Code  Gb  z_stepper.o [1]
Stepper::step_event_count
                        0x2000'4b98     0x4  Data  Gb  z_stepper.o [1]
Stepper::step_events_completed
                        0x2000'4b8c     0x4  Data  Gb  z_stepper.o [1]
Stepper::steps_per_isr  0x2000'4bd3     0x1  Data  Gb  z_stepper.o [1]
Stepper::suspend()       0x802'4a6d    0x20  Code  Gb  z_stepper.o [1]
Stepper::ticks_nominal  0x2000'021c     0x4  Data  Gb  z_stepper.o [1]
Stepper::wake_up()       0x802'3f65    0x10  Code  Gb  z_stepper.o [1]
SysTick_Config           0x801'ac61    0x2e  Code  Lc  stm32f4xx_hal_cortex.o [1]
SysTick_Handler          0x802'8371     0x8  Code  Gb  stm32f4xx_it.o [1]
SystemClock_Config()     0x801'ba89    0xc6  Code  Gb  main.o [1]
SystemCoreClock         0x2000'01f8     0x4  Data  Gb  system_stm32f4xx.o [1]
SystemInit               0x802'85d1    0x12  Code  Gb  system_stm32f4xx.o [1]
TGUI_ChangeLanguage(unsigned char)
                         0x801'eb23    0xc0  Code  Gb  tgui.o [1]
TGUI_DrawLogo()          0x801'ebe3     0xa  Code  Gb  tgui.o [1]
TGUI_ForceRepaint()      0x801'ebed    0x18  Code  Gb  tgui.o [1]
TGUI_Init()              0x801'e095   0xa8e  Code  Gb  tgui.o [1]
TGUI_PointInRect(TOUCH_POINT *, TGUI_RECT *)
                         0x801'e06d    0x28  Code  Gb  tgui.o [1]
TGUI_Process()           0x801'ec09    0x18  Code  Gb  tgui.o [1]
TIM2_IRQHandler          0x802'83b5     0xe  Code  Gb  stm32f4xx_it.o [1]
TIM_Base_SetConfig       0x802'3777    0xba  Code  Gb  stm32f4xx_hal_tim.o [1]
TIM_CCxChannelCmd        0x802'3a59    0x26  Code  Gb  stm32f4xx_hal_tim.o [1]
TIM_ETR_SetConfig        0x802'3a43    0x16  Code  Gb  stm32f4xx_hal_tim.o [1]
TIM_ITRx_SetConfig       0x802'3a33    0x10  Code  Lc  stm32f4xx_hal_tim.o [1]
TIM_OC1_SetConfig        0x802'3831    0x64  Code  Lc  stm32f4xx_hal_tim.o [1]
TIM_OC2_SetConfig        0x802'3895    0x6e  Code  Gb  stm32f4xx_hal_tim.o [1]
TIM_OC3_SetConfig        0x802'3903    0x6c  Code  Lc  stm32f4xx_hal_tim.o [1]
TIM_OC4_SetConfig        0x802'396f    0x4c  Code  Lc  stm32f4xx_hal_tim.o [1]
TIM_TI1_ConfigInputStage
                         0x802'39e9    0x24  Code  Lc  stm32f4xx_hal_tim.o [1]
TIM_TI2_ConfigInputStage
                         0x802'3a0d    0x26  Code  Lc  stm32f4xx_hal_tim.o [1]
TIM_ZRef_Init            0x802'3181    0xb0  Code  Gb  tim.o [1]
TIM_ZStepper_Init        0x802'310d    0x74  Code  Gb  tim.o [1]
TOUCH_SPIEnable          0x801'd8b7   0x15a  Code  Gb  fst_spi.o [1]
TOUCH_SPIGetState        0x801'da67     0x8  Code  Gb  fst_spi.o [1]
TOUCH_SPIInit            0x801'd853    0x64  Code  Gb  fst_spi.o [1]
TOUCH_SPIStartRead       0x801'da11    0x56  Code  Gb  fst_spi.o [1]
Timers                  0x2000'429c   0x100  Data  Gb  sys_timer.o [1]
Touch_Enable             0x801'c625     0x8  Code  Gb  touch.o [1]
Touch_GetCoords          0x801'c639     0xc  Code  Gb  touch.o [1]
Touch_GetState           0x801'c62d     0x6  Code  Gb  touch.o [1]
Touch_Init               0x801'c5f1    0x34  Code  Gb  touch.o [1]
Touch_IsPressed          0x801'c645    0x18  Code  Gb  touch.o [1]
Touch_SetState           0x801'c633     0x6  Code  Gb  touch.o [1]
USBH_AllocPipe           0x801'bcb3    0x32  Code  Gb  usbh_pipes.o [1]
USBH_BulkReceiveData     0x802'08b1    0x24  Code  Gb  usbh_ioreq.o [1]
USBH_BulkSendData        0x802'087f    0x32  Code  Gb  usbh_ioreq.o [1]
USBH_ClosePipe           0x801'bca7     0xc  Code  Gb  usbh_pipes.o [1]
USBH_ClrFeature          0x801'be9d    0x26  Code  Gb  usbh_ctlreq.o [1]
USBH_CtlReceiveData      0x802'085b    0x24  Code  Gb  usbh_ioreq.o [1]
USBH_CtlReq              0x801'c085    0x54  Code  Gb  usbh_ctlreq.o [1]
USBH_CtlSendData         0x802'0829    0x32  Code  Gb  usbh_ioreq.o [1]
USBH_CtlSendSetup        0x802'0805    0x24  Code  Gb  usbh_ioreq.o [1]
USBH_Delay               0x801'9ec7     0x8  Code  Gb  usbh_conf.o [1]
USBH_Driver              0x802'8714    0x14  Data  Gb  usbh_diskio.o [1]
USBH_FindInterface       0x801'adf1    0x66  Code  Gb  usbh_core.o [1]
USBH_FreePipe            0x801'bce5    0x26  Code  Gb  usbh_pipes.o [1]
USBH_GetDescriptor       0x801'bdf1    0x3c  Code  Gb  usbh_ctlreq.o [1]
USBH_GetFreePipe         0x801'bd0b    0x2e  Code  Lc  usbh_pipes.o [1]
USBH_GetNextDesc         0x801'c075    0x10  Code  Gb  usbh_ctlreq.o [1]
USBH_Get_CfgDesc         0x801'bd77    0x3a  Code  Gb  usbh_ctlreq.o [1]
USBH_Get_DevDesc         0x801'bd39    0x3e  Code  Gb  usbh_ctlreq.o [1]
USBH_Get_StringDesc      0x801'bdb1    0x40  Code  Gb  usbh_ctlreq.o [1]
USBH_Get_USB_Status      0x801'9ecf    0x2a  Code  Gb  usbh_conf.o [1]
USBH_HandleControl       0x801'c0d9   0x21c  Code  Lc  usbh_ctlreq.o [1]
USBH_HandleEnum          0x801'b145   0x2be  Code  Lc  usbh_core.o [1]
USBH_HandleSof           0x801'b41b    0x1a  Code  Lc  usbh_core.o [1]
USBH_Init                0x801'aced    0x50  Code  Gb  usbh_core.o [1]
USBH_LL_ClosePipe        0x801'9dd9    0x1a  Code  Gb  usbh_conf.o [1]
USBH_LL_Connect          0x801'b445    0x16  Code  Gb  usbh_core.o [1]
USBH_LL_Disconnect       0x801'b45b    0x30  Code  Gb  usbh_core.o [1]
USBH_LL_DriverVBUS       0x801'9e3d    0x1c  Code  Gb  usbh_conf.o [1]
USBH_LL_GetLastXferSize
                         0x801'9d9b     0xe  Code  Gb  usbh_conf.o [1]
USBH_LL_GetSpeed         0x801'9d59    0x2a  Code  Gb  usbh_conf.o [1]
USBH_LL_GetToggle        0x801'9e91    0x36  Code  Gb  usbh_conf.o [1]
USBH_LL_GetURBState      0x801'9e2f     0xe  Code  Gb  usbh_conf.o [1]
USBH_LL_IncTimer         0x801'b409    0x12  Code  Gb  usbh_core.o [1]
USBH_LL_Init             0x801'9cc1    0x50  Code  Gb  usbh_conf.o [1]
USBH_LL_OpenPipe         0x801'9da9    0x30  Code  Gb  usbh_conf.o [1]
USBH_LL_PortDisabled     0x801'b43d     0x8  Code  Gb  usbh_core.o [1]
USBH_LL_PortEnabled      0x801'b435     0x8  Code  Gb  usbh_core.o [1]
USBH_LL_ResetPort        0x801'9d83    0x18  Code  Gb  usbh_conf.o [1]
USBH_LL_SetTimer         0x801'b403     0x6  Code  Gb  usbh_core.o [1]
USBH_LL_SetToggle        0x801'9e59    0x38  Code  Gb  usbh_conf.o [1]
USBH_LL_Start            0x801'9d29    0x18  Code  Gb  usbh_conf.o [1]
USBH_LL_Stop             0x801'9d41    0x18  Code  Gb  usbh_conf.o [1]
USBH_LL_SubmitURB        0x801'9df3    0x3c  Code  Gb  usbh_conf.o [1]
USBH_MSC_BOT_Abort       0x802'6851    0x30  Code  Lc  usbh_msc_bot.o [1]
USBH_MSC_BOT_Init        0x802'658b    0x22  Code  Gb  usbh_msc_bot.o [1]
USBH_MSC_BOT_Process     0x802'65ad   0x2a4  Code  Gb  usbh_msc_bot.o [1]
USBH_MSC_BOT_REQ_GetMaxLUN
                         0x802'656d    0x1e  Code  Gb  usbh_msc_bot.o [1]
USBH_MSC_BOT_REQ_Reset   0x802'654d    0x20  Code  Gb  usbh_msc_bot.o [1]
USBH_MSC_ClassRequest    0x802'5e6b    0x90  Code  Lc  usbh_msc.o [1]
USBH_MSC_DecodeCSW       0x802'6881    0x54  Code  Lc  usbh_msc_bot.o [1]
USBH_MSC_GetLUNInfo      0x802'63e7    0x2e  Code  Gb  usbh_msc.o [1]
USBH_MSC_InterfaceDeInit
                         0x802'5e0d    0x5e  Code  Lc  usbh_msc.o [1]
USBH_MSC_InterfaceInit   0x802'5c99   0x174  Code  Lc  usbh_msc.o [1]
USBH_MSC_Process         0x802'5efb   0x380  Code  Lc  usbh_msc.o [1]
USBH_MSC_RdWrProcess     0x802'627f   0x140  Code  Lc  usbh_msc.o [1]
USBH_MSC_Read            0x802'6415    0x9c  Code  Gb  usbh_msc.o [1]
USBH_MSC_SCSI_Inquiry    0x802'69eb   0x100  Code  Gb  usbh_msc_scsi.o [1]
USBH_MSC_SCSI_Read       0x802'6c33    0x9c  Code  Gb  usbh_msc_scsi.o [1]
USBH_MSC_SCSI_ReadCapacity
                         0x802'6945    0xa6  Code  Gb  usbh_msc_scsi.o [1]
USBH_MSC_SCSI_RequestSense
                         0x802'6aeb    0xac  Code  Gb  usbh_msc_scsi.o [1]
USBH_MSC_SCSI_TestUnitReady
                         0x802'68e5    0x60  Code  Gb  usbh_msc_scsi.o [1]
USBH_MSC_SCSI_Write      0x802'6b97    0x9c  Code  Gb  usbh_msc_scsi.o [1]
USBH_MSC_SOFProcess      0x802'627b     0x4  Code  Lc  usbh_msc.o [1]
USBH_MSC_UnitIsReady     0x802'63bf    0x28  Code  Gb  usbh_msc.o [1]
USBH_MSC_Write           0x802'64b1    0x9c  Code  Gb  usbh_msc.o [1]
USBH_OpenPipe            0x801'bc83    0x24  Code  Gb  usbh_pipes.o [1]
USBH_ParseCfgDesc        0x801'bf1f    0xd0  Code  Lc  usbh_ctlreq.o [1]
USBH_ParseDevDesc        0x801'bec3    0x5c  Code  Lc  usbh_ctlreq.o [1]
USBH_ParseEPDesc         0x801'c015    0x20  Code  Lc  usbh_ctlreq.o [1]
USBH_ParseInterfaceDesc
                         0x801'bfef    0x26  Code  Lc  usbh_ctlreq.o [1]
USBH_ParseStringDesc     0x801'c035    0x40  Code  Lc  usbh_ctlreq.o [1]
USBH_Process             0x801'ae6d   0x2d8  Code  Gb  usbh_core.o [1]
USBH_RegisterClass       0x801'ada3    0x2e  Code  Gb  usbh_core.o [1]
USBH_SelectInterface     0x801'add1    0x20  Code  Gb  usbh_core.o [1]
USBH_SetAddress          0x801'be2d    0x26  Code  Gb  usbh_ctlreq.o [1]
USBH_SetCfg              0x801'be53    0x24  Code  Gb  usbh_ctlreq.o [1]
USBH_SetFeature          0x801'be77    0x26  Code  Gb  usbh_ctlreq.o [1]
USBH_Start               0x801'ae57    0x16  Code  Gb  usbh_core.o [1]
USBH_UserProcess         0x801'febd    0x3a  Code  Lc  usb_host.o [1]
USBH_initialize          0x802'77f5     0x4  Code  Gb  usbh_diskio.o [1]
USBH_ioctl               0x802'78af    0x86  Code  Gb  usbh_diskio.o [1]
USBH_msc                0x2000'01fc    0x20  Data  Gb  usbh_msc.o [1]
USBH_read                0x802'7815    0x48  Code  Gb  usbh_diskio.o [1]
USBH_status              0x802'77f9    0x1c  Code  Gb  usbh_diskio.o [1]
USBH_write               0x802'785d    0x52  Code  Gb  usbh_diskio.o [1]
USB_CoreInit             0x801'9ef9    0x80  Code  Gb  stm32f4xx_ll_usb.o [1]
USB_CoreReset            0x801'a07b    0x32  Code  Lc  stm32f4xx_ll_usb.o [1]
USB_DisableGlobalInt     0x801'9f85     0xc  Code  Gb  stm32f4xx_ll_usb.o [1]
USB_DoPing               0x801'a7c3    0x3c  Code  Gb  stm32f4xx_ll_usb.o [1]
USB_DriveVbus            0x801'a247    0x4e  Code  Gb  stm32f4xx_ll_usb.o [1]
USB_EnableGlobalInt      0x801'9f79     0xc  Code  Gb  stm32f4xx_ll_usb.o [1]
USB_FlushRxFifo          0x801'9feb    0x1e  Code  Gb  stm32f4xx_ll_usb.o [1]
USB_FlushTxFifo          0x801'9fc9    0x22  Code  Gb  stm32f4xx_ll_usb.o [1]
USB_GetCurrentFrame      0x801'a2ad     0xa  Code  Gb  stm32f4xx_ll_usb.o [1]
USB_GetHostSpeed         0x801'a295    0x18  Code  Gb  stm32f4xx_ll_usb.o [1]
USB_GetMode              0x801'a073     0x8  Code  Gb  stm32f4xx_ll_usb.o [1]
USB_HC_Halt              0x801'a661   0x162  Code  Gb  stm32f4xx_ll_usb.o [1]
USB_HC_Init              0x801'a2b7   0x1de  Code  Gb  stm32f4xx_ll_usb.o [1]
[...]
__aeabi_d2iz             0x802'45a9          Code  Gb  DblToS32.o [4]
__aeabi_d2uiz            0x802'3c6d          Code  Gb  DblToU32.o [4]
__aeabi_ddiv             0x802'46ed          Code  Gb  DblDiv.o [4]
__aeabi_dmul             0x802'3ac9          Code  Gb  DblMul.o [4]
__aeabi_dsub             0x802'4609          Code  Gb  DblSub.o [4]
__aeabi_f2d              0x802'3a81          Code  Gb  FltToDbl.o [4]
__aeabi_i2d              0x802'45e5          Code  Gb  S32ToDbl.o [4]
__aeabi_memclr4          0x801'a981          Code  Gb  ABImemclr4.o [5]
__aeabi_memcpy           0x801'a8bd          Code  Gb  ABImemcpy.o [5]
__aeabi_memcpy4          0x801'a8dd          Code  Gb  ABImemcpy.o [5]
__aeabi_memcpy8          0x801'a8dd          Code  Gb  ABImemcpy.o [5]
__aeabi_memset           0x802'00c5          Code  Gb  ABImemset.o [5]
__aeabi_ui2d             0x802'4935          Code  Gb  U32ToDbl.o [4]
__aeabi_uldivmod         0x802'3fa5          Code  Gb  I64DivMod.o [5]
__call_ctors             0x802'8611    0x18  Code  Gb  cppinit.o [2]
__cmain                  0x802'8629          Code  Gb  cmain.o [5]
__data_GetMemChunk       0x801'7a99    0x2c  Code  Gb  xgetmemchunk.o [2]
__data_GetMemChunk::start
                        0x2000'4bb0     0x4  Data  Lc  xgetmemchunk.o [2]
__exit                   0x801'7ac5    0x14  Code  Gb  exit.o [6]
__iar_Fail_s             0x802'42c1    0x1c  Code  Gb  xfail_s.o [2]
__iar_Mbcurmax           0x802'4391     0xa  Code  Gb  xmbcurmax.o [2]
__iar_Memchr             0x802'4339          Code  Gb  memchr.o [5]
__iar_Memset             0x802'00c5          Code  Gb  ABImemset.o [5]
__iar_Memset4_word       0x801'bc51          Code  Gb  ABImemset48.o [5]
__iar_Memset8_word       0x801'bc51          Code  Gb  ABImemset48.o [5]
__iar_Memset_word        0x802'00cd          Code  Gb  ABImemset.o [5]
__iar_Strchr             0x802'42a9          Code  Gb  strchr.o [5]
__iar_ceil32             0x802'3ce9          Code  Gb  ceilf.o [4]
__iar_cstart_call_ctors
                         0x802'85f1    0x20  Code  Gb  cmain_call_ctors.o [5]
__iar_dadd               0x802'4619          Code  Gb  DblSub.o [4]
__iar_data_init3         0x802'84d9    0x28  Code  Gb  data_init.o [5]
__iar_debug_exceptions   0x801'bc06     0x1  Data  Gb  unwind_debug.o [6]
__iar_dlfree             0x801'7557   0x4f6  Code  Gb  dlmalloc.o [2]
__iar_dlmalloc           0x801'72a1   0x2b6  Code  Gb  dlmalloc.o [2]
__iar_dsub               0x802'4c39          Code  Gb  DblAdd.o [4]
__iar_dsubStart          0x802'4c4b          Code  Gb  DblAdd.o [4]
__iar_floor32            0x802'3dd1          Code  Gb  floorf.o [4]
__iar_frexp              0x802'43a9          Code  Gb  frexp.o [4]
__iar_frexpl             0x802'43a9          Code  Gb  frexp.o [4]
__iar_globLocale        0x2000'0258    0x48  Data  Lc  xlocale_c.o [2]
__iar_global_Locale      0x802'4231     0x4  Code  Gb  xlocale_c.o [2]
__iar_init_vfp           0x802'8549          Code  Gb  fpinit_M.o [4]
__iar_ldexp64            0x802'446d          Code  Gb  ldexp.o [4]
__iar_lround32           0x802'3f79          Code  Gb  lroundf.o [4]
__iar_lz77_init_single3
                         0x801'241b    0x7a  Code  Gb  lz77_init_single.o [5]
__iar_program_start      0x802'8881          Code  Gb  cstartup_M.o [5]
__iar_scalbln64          0x802'446d          Code  Gb  ldexp.o [4]
__iar_scalbn64           0x802'446d          Code  Gb  ldexp.o [4]
__iar_softfp___iar_frexp64
                         0x802'439d          Code  Gb  frexp.o [4]
__iar_softfp_frexp       0x802'439d          Code  Gb  frexp.o [4]
__iar_softfp_frexpl      0x802'439d          Code  Gb  frexp.o [4]
__iar_sqrt32             0x802'3ed5          Code  Gb  sqrtf.o [4]
__iar_tls$$INIT_ARRAY$$Base
                         0x802'8a60           --   Gb  - Linker created -
__iar_tls$$INIT_ARRAY$$Limit
                         0x802'8a60           --   Gb  - Linker created -
__iar_vfp___iar_ceil32   0x802'3cd9          Code  Gb  ceilf.o [4]
__iar_vfp___iar_floor32
                         0x802'3dc1          Code  Gb  floorf.o [4]
__iar_vfp___iar_lround32
                         0x802'3f75          Code  Gb  lroundf.o [4]
__iar_vfp_ceilf          0x802'3cd9          Code  Gb  ceilf.o [4]
__iar_vfp_floorf         0x802'3dc1          Code  Gb  floorf.o [4]
__iar_vfp_lroundf        0x802'3f75          Code  Gb  lroundf.o [4]
__iar_zero_init3         0x801'7a5f    0x3a  Code  Gb  zero_init3.o [5]
__low_level_init         0x802'8647     0x4  Code  Gb  low_level_init.o [2]
__sti__routine           0x801'f099    0x14  Code  Lc  z_planner.o [1]
__vector_table           0x801'0000          Data  Gb  startup_stm32f407xx.o [1]
_call_main               0x802'8635          Code  Gb  cmain.o [5]
_exit                    0x802'8651          Code  Gb  cexit.o [5]
_flash_SPIGetFlags       0x801'da6f     0xa  Code  Gb  fst_spi.o [1]
_gLocale_mblen           0x802'4295     0x4  Code  Gb  xlocale_c.o [2]
_gLocale_mblenInt        0x802'4259    0x2c  Code  Gb  xlocale_c.o [2]
_gLocale_wctomb          0x802'4299     0x4  Code  Gb  xlocale_c.o [2]
_gLocale_wctombInt       0x802'4291     0x4  Code  Gb  xlocale_c.o [2]
_gm_                    0x2000'3fb4   0x1d8  Data  Lc  dlmalloc.o [2]
_lcdui_FillCircle_helper(short, short, short, unsigned char, short)
                         0x801'cdc3    0xc4  Code  Gb  lcd_ui.o [1]
_lcdui_GetCharData(char)
                         0x801'd08b    0x8c  Code  Gb  lcd_ui.o [1]
_lcdui_GetCharWidth(char)
                         0x801'd03b    0x50  Code  Gb  lcd_ui.o [1]
_main                    0x802'8643          Code  Gb  cmain.o [5]
_spifl_WaitBusy          0x801'dd69    0x4a  Code  Gb  spi_flash.o [1]
_spifl_WriteEnable       0x801'ddb3    0x2c  Code  Gb  spi_flash.o [1]
_spifl_bust_counts      0x2000'4b40     0x4  Data  Gb  spi_flash.o [1]
_spifl_info             0x2000'4b10     0xc  Data  Gb  spi_flash.o [1]
_tgui_DefaultButtonPaint(void *, void *)
                         0x802'181b    0xec  Code  Gb  tgui_defaultfuncs.o [1]
_tgui_DefaultScreenPaint(void *, void *)
                         0x802'1907    0x9e  Code  Gb  tgui_defaultfuncs.o [1]
_tgui_DefaultScreenProcess(void *, void *)
                         0x802'19a5   0x286  Code  Gb  tgui_defaultfuncs.o [1]
_tgui_DrawFileCimgBackground(char *)
                         0x802'15b9   0x262  Code  Gb  tgui_defaultfuncs.o [1]
_tgui_DrawStringInRect(char *, TGUI_RECT *, TGUI_TEXTOPTIONS *)
                         0x802'14e9    0xd0  Code  Gb  tgui_defaultfuncs.o [1]
_tgui_InfoScreenFansTimePaint(void *, void *)
                         0x802'8281    0x34  Code  Gb  tgui_infoscreenfuncs.o [1]
_tgui_InfoScreenLightTimePaint(void *, void *)
                         0x802'824d    0x34  Code  Gb  tgui_infoscreenfuncs.o [1]
_tgui_InfoScreenVersionPaint(void *, void *)
                         0x802'8225    0x28  Code  Gb  tgui_infoscreenfuncs.o [1]
_tgui_LanguageScreenProcess(void *, void *)
                         0x802'7385   0x27c  Code  Gb  tgui_langscreenfuncs.o [1]
_touch_ReadCoords        0x801'c469    0xc8  Code  Gb  touch.o [1]
_touch_RefreshState      0x801'c531    0xc0  Code  Gb  touch.o [1]
_zmotor_Pins_Init()      0x801'eeab    0xf2  Code  Gb  motor.o [1]
abort                    0x801'7a59     0x6  Code  Gb  abort.o [2]
add_segment              0x801'6941   0x1f2  Code  Lc  dlmalloc.o [2]
ceilf                    0x802'3ce9          Code  Gb  ceilf.o [4]
cfgzMotor               0x2000'48c4    0x40  Data  Gb  config.o [1]
cfname                  0x2000'2b18   0x400  Data  Gb  main.o [1]
check_fs                 0x801'1635    0x76  Code  Lc  ff.o [1]
chk_chr                  0x801'020f    0x14  Code  Lc  ff.o [1]
clst2sect                0x801'0403    0x1a  Code  Lc  ff.o [1]
cmp_lfn                  0x801'0afd    0xa0  Code  Lc  ff.o [1]
create_chain             0x801'0711   0x130  Code  Lc  ff.o [1]
create_name              0x801'12c1   0x286  Code  Lc  ff.o [1]
d                       0x2000'4b44     0x4  Data  Gb  spi_flash.o [1]
dbc_1st                  0x801'0223     0xe  Code  Lc  ff.o [1]
dbc_2nd                  0x801'0231     0xe  Code  Lc  ff.o [1]
dir                     0x2000'4984    0x34  Data  Gb  main.o [1]
dir_alloc                0x801'0a49    0x64  Code  Lc  ff.o [1]
dir_clear                0x801'0841    0x64  Code  Lc  ff.o [1]
dir_find                 0x801'0e7b   0x118  Code  Lc  ff.o [1]
dir_next                 0x801'0957    0xf2  Code  Lc  ff.o [1]
dir_read                 0x801'0d7b   0x100  Code  Lc  ff.o [1]
dir_register             0x801'0f93   0x166  Code  Lc  ff.o [1]
dir_sdi                  0x801'08a5    0xb2  Code  Lc  ff.o [1]
disk                    0x2000'4ae4    0x10  Data  Gb  ff_gen_drv.o [1]
disk_initialize          0x801'24b3    0x32  Code  Gb  diskio.o [1]
disk_ioctl               0x801'2521    0x20  Code  Gb  diskio.o [1]
disk_read                0x801'24e5    0x1e  Code  Gb  diskio.o [1]
disk_status              0x801'2495    0x1e  Code  Gb  diskio.o [1]
disk_write               0x801'2503    0x1e  Code  Gb  diskio.o [1]
exit                     0x802'864b     0x4  Code  Gb  exit.o [2]
f_close                  0x801'2147    0x2a  Code  Gb  ff.o [1]
f_closedir               0x801'23a3    0x1c  Code  Gb  ff.o [1]
f_lseek                  0x801'2171   0x1aa  Code  Gb  ff.o [1]
f_mount                  0x801'1a2b    0x54  Code  Gb  ff.o [1]
f_open                   0x801'1aa9   0x21a  Code  Gb  ff.o [1]
f_opendir                0x801'231b    0x88  Code  Gb  ff.o [1]
f_read                   0x801'1cc3   0x1cc  Code  Gb  ff.o [1]
f_readdir                0x801'23bf    0x5c  Code  Gb  ff.o [1]
f_sync                   0x801'20a7    0xa0  Code  Gb  ff.o [1]
f_write                  0x801'1e8f   0x218  Code  Gb  ff.o [1]
fbuff                   0x1000'0000  0x2000  Data  Gb  main.o [1]
ff_oem2uni               0x801'258b    0x3a  Code  Gb  ffunicode.o [1]
ff_uni2oem               0x801'2545    0x46  Code  Gb  ffunicode.o [1]
ff_wtoupper              0x801'25c5    0xb6  Code  Gb  ffunicode.o [1]
ff_wtoupper::cvt1        0x802'7600   0x1f4  Data  Lc  ffunicode.o [1]
ff_wtoupper::cvt2        0x802'8168    0xbc  Data  Lc  ffunicode.o [1]
find_volume              0x801'16b1    0x6c  Code  Lc  ff.o [1]
finfo                   0x2000'35b4   0x224  Data  Gb  main.o [1]
floorf                   0x802'3dd1          Code  Gb  floorf.o [4]
fnt12_data               0x802'6cd0   0x6b4  Data  Gb  fnt12.o [1]
fnt12_width              0x802'7938   0x140  Data  Gb  fnt12.o [1]
fnt18_data               0x802'4df4   0xea4  Data  Gb  fnt18.o [1]
fnt18_width              0x802'7a78   0x140  Data  Gb  fnt18.o [1]
fnt18bold_data           0x801'7ad8  0x10c8  Data  Gb  fnt18bold.o [1]
fnt18bold_width          0x802'7bb8   0x140  Data  Gb  fnt18bold.o [1]
fnt24_data               0x801'4c1c  0x195c  Data  Gb  fnt24.o [1]
fnt24_width              0x802'7cf8   0x140  Data  Gb  fnt24.o [1]
fnt24bold_data           0x801'2b88  0x2094  Data  Gb  fnt24bold.o [1]
fnt24bold_width          0x802'7e38   0x140  Data  Gb  fnt24bold.o [1]
follow_path              0x801'154d    0x9a  Code  Lc  ff.o [1]
font_fnt12              0x2000'0000     0xc  Data  Gb  fnt12.o [1]
font_fnt18              0x2000'000c     0xc  Data  Gb  fnt18.o [1]
font_fnt18bold          0x2000'0018     0xc  Data  Gb  fnt18bold.o [1]
font_fnt24              0x2000'0024     0xc  Data  Gb  fnt24.o [1]
font_fnt24bold          0x2000'0030     0xc  Data  Gb  fnt24bold.o [1]
free                     0x802'68e1     0x4  Code  Gb  heaptramp0.o [2]
gen_numname              0x801'0cb9    0xa2  Code  Lc  ff.o [1]
get_fat                  0x801'041d   0x10a  Code  Lc  ff.o [1]
get_fattime              0x801'26a5    0x50  Code  Gb  fatfs.o [1]
get_fileinfo             0x801'10f9   0x1c8  Code  Lc  ff.o [1]
get_ldnumber             0x801'15e7    0x4e  Code  Lc  ff.o [1]
hFlashSpi               0x2000'45b4    0x80  Data  Gb  fst_spi.o [1]
hFlashSpiDmaRx          0x2000'4754    0x60  Data  Gb  fst_spi.o [1]
hFlashSpiDmaTx          0x2000'47b4    0x60  Data  Gb  fst_spi.o [1]
hLcdDma                 0x2000'4814    0x60  Data  Gb  lcd_low.o [1]
hRTC                    0x2000'4a90    0x20  Data  Gb  rtc.o [1]
hStepperTim             0x2000'4904    0x40  Data  Gb  tim.o [1]
hTouchSpi               0x2000'4534    0x80  Data  Gb  fst_spi.o [1]
hTouchSpiDmaRx          0x2000'4634    0x60  Data  Gb  fst_spi.o [1]
hTouchSpiDmaTx          0x2000'4694    0x60  Data  Gb  fst_spi.o [1]
hUsbHost                0x2000'2f18   0x3d8  Data  Gb  usb_host.o [1]
hZRefTim                0x2000'4944    0x40  Data  Gb  tim.o [1]
hhcd_USB_OTG_FS         0x2000'32f0   0x2c4  Data  Gb  usbh_conf.o [1]
hsram1                  0x2000'4874    0x50  Data  Gb  fsmc.o [1]
idle()                   0x801'eea1     0xa  Code  Gb  motor.o [1]
idle()::idlecount       0x2000'4b3c     0x4  Data  Lc  motor.o [1]
init_mparams             0x801'6593    0x32  Code  Lc  dlmalloc.o [2]
init_top                 0x801'65c5    0x36  Code  Lc  dlmalloc.o [2]
lcdui_bgcolor           0x2000'4bbc     0x2  Data  Gb  lcd_ui.o [1]
lcdui_color             0x2000'02a4     0x2  Data  Gb  lcd_ui.o [1]
lcdui_current_font      0x2000'01f0     0x4  Data  Gb  lcd_ui.o [1]
lcdui_current_font_type
                        0x2000'02a6     0x1  Data  Gb  lcd_ui.o [1]
lcdui_cursor_x          0x2000'4bb8     0x2  Data  Gb  lcd_ui.o [1]
lcdui_cursor_y          0x2000'4bba     0x2  Data  Gb  lcd_ui.o [1]
lcdui_height            0x2000'02a2     0x2  Data  Gb  lcd_ui.o [1]
lcdui_width             0x2000'02a0     0x2  Data  Gb  lcd_ui.o [1]
ld_clust                 0x801'0aad    0x26  Code  Lc  ff.o [1]
ld_dword                 0x801'0195    0x16  Code  Lc  ff.o [1]
ld_word                  0x801'0189     0xc  Code  Lc  ff.o [1]
ldexp                    0x802'446d          Code  Gb  ldexp.o [4]
ldexpl                   0x802'446d          Code  Gb  ldexp.o [4]
lngCurrLanguage         0x2000'01ec     0x4  Data  Gb  languages.o [1]
lngEmptyString          0x2000'4b38     0x4  Data  Gb  languages.o [1]
lngLangEng              0x2000'003c    0xd0  Data  Gb  languages.o [1]
lngLangRus              0x2000'010c    0xd0  Data  Gb  languages.o [1]
lngLanguages            0x2000'01dc    0x10  Data  Gb  languages.o [1]
localeconv               0x802'429d     0x4  Code  Gb  xlocale_c.o [2]
lroundf                  0x802'3f79          Code  Gb  lroundf.o [4]
main                     0x801'b48d   0x5f8  Code  Gb  main.o [1]
mem_cmp                  0x801'01f1    0x1e  Code  Lc  ff.o [1]
mem_cpy                  0x801'01d1    0x14  Code  Lc  ff.o [1]
mem_set                  0x801'01e5     0xc  Code  Lc  ff.o [1]
memchr                   0x802'4339          Code  Gb  memchr.o [5]
mount_volume             0x801'171d   0x2c6  Code  Lc  ff.o [1]
move_window              0x801'0331    0x3e  Code  Lc  ff.o [1]
mparams                 0x2000'4acc    0x18  Data  Lc  dlmalloc.o [2]
msg                     0x2000'39d8   0x200  Data  Gb  main.o [1]
pick_lfn                 0x801'0b9d    0x90  Code  Lc  ff.o [1]
planner                 0x2000'4bca     0x1  Data  Gb  z_planner.o [1]
prepend_alloc            0x801'65fb   0x346  Code  Lc  dlmalloc.o [2]
put_fat                  0x801'0527   0x15c  Code  Lc  ff.o [1]
put_lfn                  0x801'0c2d    0x84  Code  Lc  ff.o [1]
put_utf                  0x801'0285    0x5c  Code  Lc  ff.o [1]
remove_chain             0x801'0683    0x8e  Code  Lc  ff.o [1]
retSPIFL                0x2000'4bc1     0x1  Data  Gb  fatfs.o [1]
retUSBH                 0x2000'4bc0     0x1  Data  Gb  fatfs.o [1]
s_tfname                0x2000'2718   0x400  Data  Gb  main.o [1]
scalbln                  0x802'446d          Code  Gb  ldexp.o [4]
scalblnl                 0x802'446d          Code  Gb  ldexp.o [4]
scalbn                   0x802'446d          Code  Gb  ldexp.o [4]
scalbnl                  0x802'446d          Code  Gb  ldexp.o [4]
scale                    0x802'241b    0x46  Code  Lc  xprintffull.o [2]
sec_hand                0x2000'4bac     0x4  Data  Lc  xfail_s.o [2]
segment_holding          0x801'6579    0x1a  Code  Lc  dlmalloc.o [2]
sfile                   0x1000'3028  0x1028  Data  Gb  main.o [1]
sprintf                  0x801'ecfd    0x40  Code  Gb  sprintf.o [2]
sqrtf                    0x802'3ed5          Code  Gb  sqrtf.o [4]
srvMode                 0x2000'4bc5     0x1  Data  Gb  main.o [1]
st_clust                 0x801'0ad3    0x2a  Code  Lc  ff.o [1]
st_dword                 0x801'01b9    0x18  Code  Lc  ff.o [1]
st_word                  0x801'01ab     0xe  Code  Lc  ff.o [1]
strcat                   0x802'82c1    0x1e  Code  Gb  strcat.o [2]
strchr                   0x802'42a9          Code  Gb  strchr.o [5]
strcmp                   0x802'00b1          Code  Gb  strcmp.o [5]
strlen                   0x802'4301          Code  Gb  strlen.o [5]
sum_sfn                  0x801'0d5b    0x20  Code  Lc  ff.o [1]
sync_fs                  0x801'036f    0x94  Code  Lc  ff.o [1]
sync_window              0x801'02e1    0x50  Code  Lc  ff.o [1]
sys_alloc                0x801'6b39   0x164  Code  Lc  dlmalloc.o [2]
sys_trim                 0x801'6c9d    0x64  Code  Lc  dlmalloc.o [2]
systemState             0x2000'4b04     0xc  Data  Gb  config.o [1]
tchar2uni                0x801'023f    0x46  Code  Lc  ff.o [1]
tfname                  0x1000'5078   0x400  Data  Gb  tgui.o [1]
tguiActiveScreen        0x2000'4b50     0x4  Data  Gb  tgui.o [1]
tguiDBuff               0x2000'4bd8  0x1000  Data  Gb  tgui.o [1]
tguiDefaultConfig       0x2000'4ab0    0x1c  Data  Gb  tgui.o [1]
tguiFBuff               0x2000'5bd8   0x200  Data  Gb  tgui.o [1]
tguiFile                0x1000'4050  0x1028  Data  Gb  tgui.o [1]
tguiScrButtonsInfo      0x2000'3dd8   0x1dc  Data  Gb  tgui.o [1]
tguiScrButtonsLanguage  0x2000'4468    0xcc  Data  Gb  tgui.o [1]
tguiScrButtonsMain      0x2000'439c    0xcc  Data  Gb  tgui.o [1]
tguiScrButtonsService   0x2000'418c   0x110  Data  Gb  tgui.o [1]
tguiScreenInfo          0x2000'4a3c    0x2c  Data  Gb  tgui.o [1]
tguiScreenLanguage      0x2000'4a10    0x2c  Data  Gb  tgui.o [1]
tguiScreenMain          0x2000'49b8    0x2c  Data  Gb  tgui.o [1]
tguiScreenService       0x2000'49e4    0x2c  Data  Gb  tgui.o [1]
tguiTimer               0x2000'4bc4     0x1  Data  Gb  main.o [1]
tmalloc_large            0x801'6d0d   0x386  Code  Lc  dlmalloc.o [2]
tmalloc_small            0x801'7093   0x200  Code  Lc  dlmalloc.o [2]
touch_buff              0x2000'46f4    0x60  Data  Gb  fst_spi.o [1]
touch_info              0x2000'4af4    0x10  Data  Gb  touch.o [1]
touch_point             0x2000'4b54     0x4  Data  Gb  touch.o [1]
tstrcat(unsigned short *, unsigned short *)
                         0x802'003f    0x2c  Code  Gb  unicode_utils.o [1]
tstrcat_utf(unsigned short *, char *)
                         0x802'006b    0x44  Code  Gb  unicode_utils.o [1]
tstrcpy(unsigned short *, unsigned short *)
                         0x802'001d    0x22  Code  Gb  unicode_utils.o [1]
u_tfname                0x2000'2318   0x400  Data  Gb  main.o [1]
uc866                    0x802'7f78   0x100  Data  Lc  ffunicode.o [1]
ufile                   0x1000'2000  0x1028  Data  Gb  main.o [1]
uwTick                  0x2000'4b48     0x4  Data  Gb  stm32f4xx_hal.o [1]
uwTickFreq              0x2000'02a7     0x1  Data  Gb  stm32f4xx_hal.o [1]
uwTickPrio              0x2000'01f4     0x4  Data  Gb  stm32f4xx_hal.o [1]
validate                 0x801'19e3    0x48  Code  Lc  ff.o [1]
zPlanner                0x2000'4bc9     0x1  Data  Gb  z_planner.o [1]


[1] = D:\Electronics\Projects\MKS_DLP_new\SRC\firmware\MKSDLP_Alter_Debug\Obj
[2] = dl7M_tlf.a
[3] = dlpp7M_tl_fc.a
[4] = m7M_tls.a
[5] = rt7M_tl.a
[6] = shb_l.a

  72 269 bytes of readonly  code memory
  29 115 bytes of readonly  data memory
  70 221 bytes of readwrite data memory

Errors: none
Warnings: none
