###############################################################################
#
# IAR ELF Linker V8.32.1.169/W32 for ARM                  21/Aug/2020  02:51:56
# Copyright 2007-2018 IAR Systems AB.
#
#    Output file  =  
#        D:\Electronics\Projects\MKS_DLP_new\SRC\firmware\MKSDLP_Alter_debug\Exe\MKS_DLP_new.out
#    Map file     =  
#        D:\Electronics\Projects\MKS_DLP_new\SRC\firmware\MKSDLP_Alter_debug\List\MKS_DLP_new.map
#    Command line =  
#        -f C:\Temp\EW540E.tmp
#        (D:\Electronics\Projects\MKS_DLP_new\SRC\firmware\MKSDLP_Alter_Debug\Obj\config.o
#        D:\Electronics\Projects\MKS_DLP_new\SRC\firmware\MKSDLP_Alter_Debug\Obj\cpld_utils.o
#        D:\Electronics\Projects\MKS_DLP_new\SRC\firmware\MKSDLP_Alter_Debug\Obj\datetime.o
#        D:\Electronics\Projects\MKS_DLP_new\SRC\firmware\MKSDLP_Alter_Debug\Obj\diskio.o
#        D:\Electronics\Projects\MKS_DLP_new\SRC\firmware\MKSDLP_Alter_Debug\Obj\eeprom.o
#        D:\Electronics\Projects\MKS_DLP_new\SRC\firmware\MKSDLP_Alter_Debug\Obj\fatfs.o
#        D:\Electronics\Projects\MKS_DLP_new\SRC\firmware\MKSDLP_Alter_Debug\Obj\ff.o
#        D:\Electronics\Projects\MKS_DLP_new\SRC\firmware\MKSDLP_Alter_Debug\Obj\ff_gen_drv.o
#        D:\Electronics\Projects\MKS_DLP_new\SRC\firmware\MKSDLP_Alter_Debug\Obj\ffsystem.o
#        D:\Electronics\Projects\MKS_DLP_new\SRC\firmware\MKSDLP_Alter_Debug\Obj\ffunicode.o
#        D:\Electronics\Projects\MKS_DLP_new\SRC\firmware\MKSDLP_Alter_Debug\Obj\files_pws.o
#        D:\Electronics\Projects\MKS_DLP_new\SRC\firmware\MKSDLP_Alter_Debug\Obj\fnt12.o
#        D:\Electronics\Projects\MKS_DLP_new\SRC\firmware\MKSDLP_Alter_Debug\Obj\fnt12bold.o
#        D:\Electronics\Projects\MKS_DLP_new\SRC\firmware\MKSDLP_Alter_Debug\Obj\fnt18.o
#        D:\Electronics\Projects\MKS_DLP_new\SRC\firmware\MKSDLP_Alter_Debug\Obj\fnt18bold.o
#        D:\Electronics\Projects\MKS_DLP_new\SRC\firmware\MKSDLP_Alter_Debug\Obj\fnt24.o
#        D:\Electronics\Projects\MKS_DLP_new\SRC\firmware\MKSDLP_Alter_Debug\Obj\fnt24bold.o
#        D:\Electronics\Projects\MKS_DLP_new\SRC\firmware\MKSDLP_Alter_Debug\Obj\fnt36num_lcd.o
#        D:\Electronics\Projects\MKS_DLP_new\SRC\firmware\MKSDLP_Alter_Debug\Obj\fnt48num_lcd.o
#        D:\Electronics\Projects\MKS_DLP_new\SRC\firmware\MKSDLP_Alter_Debug\Obj\fsmc.o
#        D:\Electronics\Projects\MKS_DLP_new\SRC\firmware\MKSDLP_Alter_Debug\Obj\fst_spi.o
#        D:\Electronics\Projects\MKS_DLP_new\SRC\firmware\MKSDLP_Alter_Debug\Obj\gpio.o
#        D:\Electronics\Projects\MKS_DLP_new\SRC\firmware\MKSDLP_Alter_Debug\Obj\languages.o
#        D:\Electronics\Projects\MKS_DLP_new\SRC\firmware\MKSDLP_Alter_Debug\Obj\lcd_low.o
#        D:\Electronics\Projects\MKS_DLP_new\SRC\firmware\MKSDLP_Alter_Debug\Obj\lcd_ui.o
#        D:\Electronics\Projects\MKS_DLP_new\SRC\firmware\MKSDLP_Alter_Debug\Obj\main.o
#        D:\Electronics\Projects\MKS_DLP_new\SRC\firmware\MKSDLP_Alter_Debug\Obj\motor.o
#        D:\Electronics\Projects\MKS_DLP_new\SRC\firmware\MKSDLP_Alter_Debug\Obj\prtfiles.o
#        D:\Electronics\Projects\MKS_DLP_new\SRC\firmware\MKSDLP_Alter_Debug\Obj\rtc.o
#        D:\Electronics\Projects\MKS_DLP_new\SRC\firmware\MKSDLP_Alter_Debug\Obj\spi_flash.o
#        D:\Electronics\Projects\MKS_DLP_new\SRC\firmware\MKSDLP_Alter_Debug\Obj\spifl_diskio.o
#        D:\Electronics\Projects\MKS_DLP_new\SRC\firmware\MKSDLP_Alter_Debug\Obj\ssd_utils.o
#        D:\Electronics\Projects\MKS_DLP_new\SRC\firmware\MKSDLP_Alter_Debug\Obj\startup_stm32f407xx.o
#        D:\Electronics\Projects\MKS_DLP_new\SRC\firmware\MKSDLP_Alter_Debug\Obj\stm32f4xx_hal.o
#        D:\Electronics\Projects\MKS_DLP_new\SRC\firmware\MKSDLP_Alter_Debug\Obj\stm32f4xx_hal_cortex.o
#        D:\Electronics\Projects\MKS_DLP_new\SRC\firmware\MKSDLP_Alter_Debug\Obj\stm32f4xx_hal_dma.o
#        D:\Electronics\Projects\MKS_DLP_new\SRC\firmware\MKSDLP_Alter_Debug\Obj\stm32f4xx_hal_dma_ex.o
#        D:\Electronics\Projects\MKS_DLP_new\SRC\firmware\MKSDLP_Alter_Debug\Obj\stm32f4xx_hal_exti.o
#        D:\Electronics\Projects\MKS_DLP_new\SRC\firmware\MKSDLP_Alter_Debug\Obj\stm32f4xx_hal_flash.o
#        D:\Electronics\Projects\MKS_DLP_new\SRC\firmware\MKSDLP_Alter_Debug\Obj\stm32f4xx_hal_flash_ex.o
#        D:\Electronics\Projects\MKS_DLP_new\SRC\firmware\MKSDLP_Alter_Debug\Obj\stm32f4xx_hal_flash_ramfunc.o
#        D:\Electronics\Projects\MKS_DLP_new\SRC\firmware\MKSDLP_Alter_Debug\Obj\stm32f4xx_hal_gpio.o
#        D:\Electronics\Projects\MKS_DLP_new\SRC\firmware\MKSDLP_Alter_Debug\Obj\stm32f4xx_hal_hcd.o
#        D:\Electronics\Projects\MKS_DLP_new\SRC\firmware\MKSDLP_Alter_Debug\Obj\stm32f4xx_hal_i2c.o
#        D:\Electronics\Projects\MKS_DLP_new\SRC\firmware\MKSDLP_Alter_Debug\Obj\stm32f4xx_hal_msp.o
#        D:\Electronics\Projects\MKS_DLP_new\SRC\firmware\MKSDLP_Alter_Debug\Obj\stm32f4xx_hal_pwr.o
#        D:\Electronics\Projects\MKS_DLP_new\SRC\firmware\MKSDLP_Alter_Debug\Obj\stm32f4xx_hal_pwr_ex.o
#        D:\Electronics\Projects\MKS_DLP_new\SRC\firmware\MKSDLP_Alter_Debug\Obj\stm32f4xx_hal_rcc.o
#        D:\Electronics\Projects\MKS_DLP_new\SRC\firmware\MKSDLP_Alter_Debug\Obj\stm32f4xx_hal_rcc_ex.o
#        D:\Electronics\Projects\MKS_DLP_new\SRC\firmware\MKSDLP_Alter_Debug\Obj\stm32f4xx_hal_rtc.o
#        D:\Electronics\Projects\MKS_DLP_new\SRC\firmware\MKSDLP_Alter_Debug\Obj\stm32f4xx_hal_rtc_ex.o
#        D:\Electronics\Projects\MKS_DLP_new\SRC\firmware\MKSDLP_Alter_Debug\Obj\stm32f4xx_hal_spi.o
#        D:\Electronics\Projects\MKS_DLP_new\SRC\firmware\MKSDLP_Alter_Debug\Obj\stm32f4xx_hal_sram.o
#        D:\Electronics\Projects\MKS_DLP_new\SRC\firmware\MKSDLP_Alter_Debug\Obj\stm32f4xx_hal_tim.o
#        D:\Electronics\Projects\MKS_DLP_new\SRC\firmware\MKSDLP_Alter_Debug\Obj\stm32f4xx_hal_tim_ex.o
#        D:\Electronics\Projects\MKS_DLP_new\SRC\firmware\MKSDLP_Alter_Debug\Obj\stm32f4xx_it.o
#        D:\Electronics\Projects\MKS_DLP_new\SRC\firmware\MKSDLP_Alter_Debug\Obj\stm32f4xx_ll_fsmc.o
#        D:\Electronics\Projects\MKS_DLP_new\SRC\firmware\MKSDLP_Alter_Debug\Obj\stm32f4xx_ll_usb.o
#        D:\Electronics\Projects\MKS_DLP_new\SRC\firmware\MKSDLP_Alter_Debug\Obj\sys_timer.o
#        D:\Electronics\Projects\MKS_DLP_new\SRC\firmware\MKSDLP_Alter_Debug\Obj\system_stm32f4xx.o
#        D:\Electronics\Projects\MKS_DLP_new\SRC\firmware\MKSDLP_Alter_Debug\Obj\tgui.o
#        D:\Electronics\Projects\MKS_DLP_new\SRC\firmware\MKSDLP_Alter_Debug\Obj\tgui_defaultfuncs.o
#        D:\Electronics\Projects\MKS_DLP_new\SRC\firmware\MKSDLP_Alter_Debug\Obj\tgui_filesscreenfuncs.o
#        D:\Electronics\Projects\MKS_DLP_new\SRC\firmware\MKSDLP_Alter_Debug\Obj\tgui_infoscreenfuncs.o
#        D:\Electronics\Projects\MKS_DLP_new\SRC\firmware\MKSDLP_Alter_Debug\Obj\tgui_langscreenfuncs.o
#        D:\Electronics\Projects\MKS_DLP_new\SRC\firmware\MKSDLP_Alter_Debug\Obj\tgui_mainscreenfuncs.o
#        D:\Electronics\Projects\MKS_DLP_new\SRC\firmware\MKSDLP_Alter_Debug\Obj\tgui_messagebox.o
#        D:\Electronics\Projects\MKS_DLP_new\SRC\firmware\MKSDLP_Alter_Debug\Obj\tgui_movezscreenfuncs.o
#        D:\Electronics\Projects\MKS_DLP_new\SRC\firmware\MKSDLP_Alter_Debug\Obj\tim.o
#        D:\Electronics\Projects\MKS_DLP_new\SRC\firmware\MKSDLP_Alter_Debug\Obj\touch.o
#        D:\Electronics\Projects\MKS_DLP_new\SRC\firmware\MKSDLP_Alter_Debug\Obj\unicode_utils.o
#        D:\Electronics\Projects\MKS_DLP_new\SRC\firmware\MKSDLP_Alter_Debug\Obj\usb_host.o
#        D:\Electronics\Projects\MKS_DLP_new\SRC\firmware\MKSDLP_Alter_Debug\Obj\usbh_conf.o
#        D:\Electronics\Projects\MKS_DLP_new\SRC\firmware\MKSDLP_Alter_Debug\Obj\usbh_core.o
#        D:\Electronics\Projects\MKS_DLP_new\SRC\firmware\MKSDLP_Alter_Debug\Obj\usbh_ctlreq.o
#        D:\Electronics\Projects\MKS_DLP_new\SRC\firmware\MKSDLP_Alter_Debug\Obj\usbh_diskio.o
#        D:\Electronics\Projects\MKS_DLP_new\SRC\firmware\MKSDLP_Alter_Debug\Obj\usbh_ioreq.o
#        D:\Electronics\Projects\MKS_DLP_new\SRC\firmware\MKSDLP_Alter_Debug\Obj\usbh_msc.o
#        D:\Electronics\Projects\MKS_DLP_new\SRC\firmware\MKSDLP_Alter_Debug\Obj\usbh_msc_bot.o
#        D:\Electronics\Projects\MKS_DLP_new\SRC\firmware\MKSDLP_Alter_Debug\Obj\usbh_msc_scsi.o
#        D:\Electronics\Projects\MKS_DLP_new\SRC\firmware\MKSDLP_Alter_Debug\Obj\usbh_pipes.o
#        D:\Electronics\Projects\MKS_DLP_new\SRC\firmware\MKSDLP_Alter_Debug\Obj\usbh_platform.o
#        D:\Electronics\Projects\MKS_DLP_new\SRC\firmware\MKSDLP_Alter_Debug\Obj\uvdisplay.o
#        D:\Electronics\Projects\MKS_DLP_new\SRC\firmware\MKSDLP_Alter_Debug\Obj\z_endstops.o
#        D:\Electronics\Projects\MKS_DLP_new\SRC\firmware\MKSDLP_Alter_Debug\Obj\z_planner.o
#        D:\Electronics\Projects\MKS_DLP_new\SRC\firmware\MKSDLP_Alter_Debug\Obj\z_stepper.o
#        --redirect _Printf=_PrintfFull --redirect _Scanf=_ScanfFull
#        --no_out_extension -o
#        D:\Electronics\Projects\MKS_DLP_new\SRC\firmware\MKSDLP_Alter_debug\Exe\MKS_DLP_new.out
#        --map
#        D:\Electronics\Projects\MKS_DLP_new\SRC\firmware\MKSDLP_Alter_debug\List\MKS_DLP_new.map
#        --log libraries,call_graph --log_file
#        D:\Electronics\Projects\MKS_DLP_new\SRC\firmware\MKSDLP_Alter_debug\List\MKS_DLP_new.log
#        --config
#        D:\Electronics\Projects\MKS_DLP_new\SRC\firmware/config/stm32f407xx_flash.icf
#        --semihosting --entry __iar_program_start --merge_duplicate_sections
#        --vfe --text_out locale)
#
###############################################################################

*******************************************************************************
*** RUNTIME MODEL ATTRIBUTES
***

CppFlavor                     = *
__CPP_Exceptions              = Disabled
__CPP_Language                = C++14
__Heap_Handler                = DLMalloc
__SystemLibrary               = DLib
__dlib_dynamic_initialization = normal
__dlib_version                = 6


*******************************************************************************
*** HEAP SELECTION
***

The advanced heap was selected because the application calls memory
allocation functions outside of system library functions, and there
are calls to deallocation functions in the application.


*******************************************************************************
*** PLACEMENT SUMMARY
***

"A0":  place at 0x801'0000 { ro section .intvec };
"P1":  place in [from 0x801'0000 to 0x807'ffff] { ro };
define block CSTACK with size = 16K, alignment = 8 { };
define block HEAP with size = 8K, alignment = 8 { };
"P2":  place in [from 0x2000'0000 to 0x2001'ffff] {
          rw, block CSTACK, block HEAP };
"P3":  place in [from 0x1000'0000 to 0x1000'ffff] { rw section CCMRAM };
initialize by copy { rw };

  Section                Kind         Address     Size  Object
  -------                ----         -------     ----  ------
"A0":                                            0x188
  .intvec                ro code   0x801'0000    0x188  startup_stm32f407xx.o [1]
                                 - 0x801'0188    0x188

"P1":                                          0x22cd0
  .text                  ro code   0x801'0188   0x2b94  ff.o [1]
  .text                  ro code   0x801'2d1c     0xb0  diskio.o [1]
  .text                  ro code   0x801'2dcc    0x144  ffunicode.o [1]
  .text                  ro code   0x801'2f10    0x158  fatfs.o [1]
  .text                  ro code   0x801'3068     0x54  ff_gen_drv.o [1]
  .text                  ro code   0x801'30bc    0x418  stm32f4xx_hal_rtc.o [1]
  .text                  ro code   0x801'34d4     0x36  strlen.o [5]
  .text                  ro code   0x801'350a     0x7a  lz77_init_single.o [5]
  .text                  ro code   0x801'3584      0xc  stm32f4xx_hal.o [1]
  .text                  ro code   0x801'3590   0x2854  tgui.o [1]
  .text                  ro code   0x801'5de4     0x66  ABImemset.o [5]
  .text                  ro code   0x801'5e4a     0x3a  zero_init3.o [5]
  .text                  ro code   0x801'5e84    0xaa0  tgui_defaultfuncs.o [1]
  .text                  ro code   0x801'6924     0xa6  ABImemcpy.o [5]
  .text                  ro code   0x801'69ca     0x1e  xencoding_8859_1.o [2]
  .text                  ro code   0x801'69e8     0x40  languages.o [1]
  .text                  ro code   0x801'6a28    0x748  tgui_messagebox.o [1]
  .text                  ro code   0x801'7170    0x120  sys_timer.o [1]
  .text                  ro code   0x801'7290     0x94  datetime.o [1]
  .text                  ro code   0x801'7324     0x40  sprintf.o [2]
  .text                  ro code   0x801'7364    0xb7c  lcd_ui.o [1]
  .text                  ro code   0x801'7ee0    0x50c  lcd_low.o [1]
  .text                  ro code   0x801'83ec    0x39a  unicode_utils.o [1]
  .text                  ro code   0x801'8786      0xa  xsprout.o [2]
  .text                  ro code   0x801'8790    0x274  touch.o [1]
  .text                  ro code   0x801'8a04     0x70  strncpy.o [5]
  .text                  ro code   0x801'8a74    0xf46  xprintffull.o [2]
  .rodata                const     0x801'99ba      0x2  languages.o [1]
  .text                  ro code   0x801'99bc     0x28  stm32f4xx_hal.o [1]
  .text                  ro code   0x801'99e4    0x114  fsmc.o [1]
  .text                  ro code   0x801'9af8    0x458  stm32f4xx_hal_dma.o [1]
  .text                  ro code   0x801'9f50    0x12c  stm32f4xx_hal_cortex.o [1]
  .text                  ro code   0x801'a07c    0x550  fst_spi.o [1]
  .text                  ro code   0x801'a5cc     0xb4  xlocale_c.o [2]
  .text                  ro code   0x801'a680     0x16  strchr.o [5]
  .rodata                const     0x801'a696      0x2  languages.o [1]
  .text                  ro code   0x801'a698     0x40  xfail_s.o [2]
  .text                  ro code   0x801'a6d8     0x58  memchr.o [5]
  .text                  ro code   0x801'a730      0xa  xmbcurmax.o [2]
  .rodata                const     0x801'a73a      0x1  unwind_debug.o [6]
  .text                  ro code   0x801'a73c    0x230  I64DivMod.o [5]
  .text                  ro code   0x801'a96c    0x1a2  DblMul.o [4]
  .text                  ro code   0x801'ab10     0x70  frexp.o [4]
  .text                  ro code   0x801'ab80     0x2e  DblCmpLe.o [4]
  .text                  ro code   0x801'abb0     0x2e  DblCmpGe.o [4]
  .text                  ro code   0x801'abe0    0x13a  ldexp.o [4]
  .text                  ro code   0x801'ad1c     0x3a  DblToS32.o [4]
  .text                  ro code   0x801'ad58     0x22  S32ToDbl.o [4]
  .text                  ro code   0x801'ad7c     0xe2  DblSub.o [4]
  .text                  ro code   0x801'ae60    0x246  DblDiv.o [4]
  .text                  ro code   0x801'b0a8     0x28  DblToU32.o [4]
  .text                  ro code   0x801'b0d0     0x1a  U32ToDbl.o [4]
  .text                  ro code   0x801'b0ec      0x6  ABImemclr4.o [5]
  .text                  ro code   0x801'b0f4     0x5c  stm32f4xx_hal_sram.o [1]
  .text                  ro code   0x801'b150    0xc12  main.o [1]
  .text                  ro code   0x801'bd64    0x252  stm32f4xx_hal_gpio.o [1]
  .text                  ro code   0x801'bfb8    0x5fa  stm32f4xx_hal_spi.o [1]
  .text                  ro code   0x801'c5b2      0x6  abort.o [2]
  .text                  ro code   0x801'c5b8      0x2  stm32f4xx_hal_spi.o [1]
  .text                  ro code   0x801'c5bc    0x17a  DblAdd.o [4]
  .text                  ro code   0x801'c738     0x32  ABImemset48.o [5]
  .text                  ro code   0x801'c76c     0xe4  stm32f4xx_ll_fsmc.o [1]
  .text                  ro code   0x801'c850     0x34  stm32f4xx_hal.o [1]
  .text                  ro code   0x801'c884    0x28c  gpio.o [1]
  .text                  ro code   0x801'cb10    0x304  spi_flash.o [1]
  .text                  ro code   0x801'ce14     0xc8  rtc.o [1]
  .text                  ro code   0x801'cedc    0x5e4  eeprom.o [1]
  .text                  ro code   0x801'd4c0    0xc6c  config.o [1]
  .text                  ro code   0x801'e12c    0x2d4  motor.o [1]
  .text                  ro code   0x801'e400      0xc  uvdisplay.o [1]
  .text                  ro code   0x801'e40c     0x20  usbh_platform.o [1]
  .text                  ro code   0x801'e42c     0x8c  usb_host.o [1]
  .text                  ro code   0x801'e4b8     0x12  strcmp.o [5]
  .text                  ro code   0x801'e4cc     0x48  FltToDbl.o [4]
  .text                  ro code   0x801'e514     0x68  DblToFlt.o [4]
  .text                  ro code   0x801'e57c    0x49c  tgui_movezscreenfuncs.o [1]
  .text                  ro code   0x801'ea18    0x3b4  stm32f4xx_hal_rcc.o [1]
  .text                  ro code   0x801'edcc    0x1f4  stm32f4xx_hal_rcc.o [1]
  .text                  ro code   0x801'efc0    0x150  stm32f4xx_hal_rcc_ex.o [1]
  .text                  ro code   0x801'f110     0x14  exit.o [6]
  .text                  ro code   0x801'f124     0x4c  stm32f4xx_hal.o [1]
  .text                  ro code   0x801'f170     0x40  stm32f4xx_hal_msp.o [1]
  .text                  ro code   0x801'f1b0     0x20  spi_flash.o [1]
  .text                  ro code   0x801'f1d0    0x1ea  stm32f4xx_hal_i2c.o [1]
  .text                  ro code   0x801'f3bc      0xe  math_wrappers64.o [4]
  .text                  ro code   0x801'f3cc    0x152  iar_Stoulx.o [2]
  .text                  ro code   0x801'f520     0xe4  z_endstops.o [1]
  .text                  ro code   0x801'f604    0xe34  z_planner.o [1]
  .text                  ro code   0x802'0438    0x5a4  z_stepper.o [1]
  .text                  ro code   0x802'09dc    0x1e8  tim.o [1]
  .text                  ro code   0x802'0bc4    0x78a  stm32f4xx_hal_tim.o [1]
  .text                  ro code   0x802'1350     0x14  motor.o [1]
  .text                  ro code   0x802'1364      0xc  z_endstops.o [1]
  .text                  ro code   0x802'1370     0x18  z_endstops.o [1]
  .text                  ro code   0x802'1388     0x20  z_stepper.o [1]
  .text                  ro code   0x802'13a8     0x20  motor.o [1]
  .text                  ro code   0x802'13c8     0xa2  cpld_utils.o [1]
  .text                  ro code   0x802'146c    0x580  ssd_utils.o [1]
  .text                  ro code   0x802'19ec    0x79e  usbh_core.o [1]
  .text                  ro code   0x802'218c    0x51c  strto64.o [4]
  .text                  ro code   0x802'26a8     0x14  isspace.o [2]
  .text                  ro code   0x802'26bc     0x14  tolower.o [2]
  .text                  ro code   0x802'26d0     0x18  z_stepper.o [1]
  .text                  ro code   0x802'26e8     0x24  z_planner.o [1]
  .text                  ro code   0x802'270c     0x18  z_planner.o [1]
  .text                  ro code   0x802'2724      0x8  z_stepper.o [1]
  .text                  ro code   0x802'272c     0x3c  ceilf.o [4]
  .text                  ro code   0x802'2768     0xac  z_planner.o [1]
  .text                  ro code   0x802'2814     0x3c  floorf.o [4]
  .text                  ro code   0x802'2850     0xbc  z_planner.o [1]
  .text                  ro code   0x802'290c     0x12  z_planner.o [1]
  .text                  ro code   0x802'291e      0x8  z_planner.o [1]
  .text                  ro code   0x802'2928     0x1e  sqrtf.o [4]
  .text                  ro code   0x802'2948     0x20  z_stepper.o [1]
  .text                  ro code   0x802'2968     0x10  z_stepper.o [1]
  .text                  ro code   0x802'2978      0xc  z_stepper.o [1]
  .text                  ro code   0x802'2984     0x38  z_planner.o [1]
  .text                  ro code   0x802'29bc     0x18  z_planner.o [1]
  .text                  ro code   0x802'29d4     0x2e  lroundf.o [4]
  .text                  ro code   0x802'2a04     0x1c  z_stepper.o [1]
  .text                  ro code   0x802'2a20     0x2c  z_stepper.o [1]
  .text                  ro code   0x802'2a4c     0xac  stm32f4xx_hal_tim_ex.o [1]
  .text                  ro code   0x802'2af8    0x2f8  usbh_conf.o [1]
  .text                  ro code   0x802'2df0     0xb6  usbh_pipes.o [1]
  .text                  ro code   0x802'2ea6    0x5bc  usbh_ctlreq.o [1]
  .text                  ro code   0x802'3462    0x122  iar_Stopfx.o [2]
  .text                  ro code   0x802'3584    0x1c4  iar_Stoflt.o [2]
  .text                  ro code   0x802'3748    0x21c  iar_Stoxflt.o [2]
  .text                  ro code   0x802'3964     0x10  z_stepper.o [1]
  .text                  ro code   0x802'3974      0xe  z_planner.o [1]
  .text                  ro code   0x802'3984     0x1c  z_stepper.o [1]
  .text                  ro code   0x802'39a0   0x1060  stm32f4xx_hal_hcd.o [1]
  .text                  ro code   0x802'4a00     0xd0  usbh_ioreq.o [1]
  .text                  ro code   0x802'4ad0     0x14  isalpha.o [2]
  .text                  ro code   0x802'4ae4    0x9c4  stm32f4xx_ll_usb.o [1]
  .rodata                const     0x802'54a8   0x2094  fnt24bold.o [1]
  .rodata                const     0x802'753c   0x195c  fnt24.o [1]
  .text                  ro code   0x802'8e98   0x14e0  dlmalloc.o [2]
  .text                  ro code   0x802'a378     0x2c  xgetmemchunk.o [2]
  .rodata                const     0x802'a3a4   0x10c8  fnt18bold.o [1]
  .rodata                const     0x802'b46c    0xea4  fnt18.o [1]
  .text                  ro code   0x802'c310    0xe8c  tgui_filesscreenfuncs.o [1]
  .text                  ro code   0x802'd19c     0x4c  prtfiles.o [1]
  .text                  ro code   0x802'd1e8     0x18  strcpy.o [5]
  .text                  ro code   0x802'd200     0x1e  strcat.o [2]
  .text                  ro code   0x802'd220    0x39c  files_pws.o [1]
  .rodata                const     0x802'd5bc    0xbcc  fnt48num_lcd.o [1]
  .text                  ro code   0x802'e188    0x8b4  usbh_msc.o [1]
  .text                  ro code   0x802'ea3c    0x394  usbh_msc_bot.o [1]
  .text                  ro code   0x802'edd0      0x4  heaptramp0.o [2]
  .text                  ro code   0x802'edd4    0x3ea  usbh_msc_scsi.o [1]
  .rodata                const     0x802'f1c0    0x788  fnt12bold.o [1]
  .rodata                const     0x802'f948    0x6b4  fnt12.o [1]
  .rodata                const     0x802'fffc    0x66c  fnt36num_lcd.o [1]
  .rodata                const     0x803'0668    0x1f4  ffunicode.o [1]
  .text                  ro code   0x803'085c    0x144  usbh_diskio.o [1]
  .rodata                const     0x803'09a0    0x140  fnt12.o [1]
  .rodata                const     0x803'0ae0    0x140  fnt12bold.o [1]
  .rodata                const     0x803'0c20    0x140  fnt18.o [1]
  .rodata                const     0x803'0d60    0x140  fnt18bold.o [1]
  .rodata                const     0x803'0ea0    0x140  fnt24.o [1]
  .rodata                const     0x803'0fe0    0x140  fnt24bold.o [1]
  .text                  ro code   0x803'1120    0x12c  spifl_diskio.o [1]
  .rodata                const     0x803'124c    0x100  ffunicode.o [1]
  .rodata                const     0x803'134c     0xe8  languages.o [1]
  .rodata                const     0x803'1434     0xe8  languages.o [1]
  .text                  ro code   0x803'151c     0xc8  tgui_infoscreenfuncs.o [1]
  .rodata                const     0x803'15e4     0xbc  ffunicode.o [1]
  .rodata                const     0x803'16a0     0x9c  languages.o [1]
  .text                  ro code   0x803'173c     0x9c  stm32f4xx_it.o [1]
  .rodata                const     0x803'17d8     0x80  ff.o [1]
  .rodata                const     0x803'1858     0x78  languages.o [1]
  .rodata                const     0x803'18d0     0x74  languages.o [1]
  .rodata                const     0x803'1944     0x74  languages.o [1]
  .rodata                const     0x803'19b8     0x70  languages.o [1]
  .rodata                const     0x803'1a28     0x70  languages.o [1]
  .rodata                const     0x803'1a98     0x54  languages.o [1]
  .rodata                const     0x803'1aec     0x54  languages.o [1]
  .rodata                const     0x803'1b40     0x50  iar_Stoulx.o [2]
  .rodata                const     0x803'1b90     0x48  strto64.o [4]
  .rodata                const     0x803'1bd8     0x44  languages.o [1]
  .rodata                const     0x803'1c1c     0x40  languages.o [1]
  .rodata                const     0x803'1c5c     0x3c  languages.o [1]
  .rodata                const     0x803'1c98     0x3c  languages.o [1]
  .rodata                const     0x803'1cd4     0x3c  languages.o [1]
  .rodata                const     0x803'1d10     0x38  fnt36num_lcd.o [1]
  .rodata                const     0x803'1d48     0x38  fnt48num_lcd.o [1]
  .rodata                const     0x803'1d80     0x38  languages.o [1]
  .rodata                const     0x803'1db8     0x38  main.o [1]
  .rodata                const     0x803'1df0     0x34  main.o [1]
  .rodata                const     0x803'1e24     0x34  main.o [1]
  .rodata                const     0x803'1e58     0x30  languages.o [1]
  .rodata                const     0x803'1e88     0x30  languages.o [1]
  .rodata                const     0x803'1eb8     0x30  languages.o [1]
  .rodata                const     0x803'1ee8     0x30  languages.o [1]
  .rodata                const     0x803'1f18     0x30  main.o [1]
  .rodata                const     0x803'1f48     0x30  main.o [1]
  .rodata                const     0x803'1f78     0x30  main.o [1]
  .rodata                const     0x803'1fa8     0x2c  languages.o [1]
  .rodata                const     0x803'1fd4     0x2c  languages.o [1]
  .rodata                const     0x803'2000     0x2c  main.o [1]
  .rodata                const     0x803'202c     0x2c  main.o [1]
  .rodata                const     0x803'2058     0x28  languages.o [1]
  .rodata                const     0x803'2080     0x28  main.o [1]
  .text                  ro code   0x803'20a8     0x28  data_init.o [5]
  .rodata                const     0x803'20d0     0x24  languages.o [1]
  .rodata                const     0x803'20f4     0x24  languages.o [1]
  .rodata                const     0x803'2118     0x24  main.o [1]
  .rodata                const     0x803'213c     0x24  tgui_infoscreenfuncs.o [1]
  .text                  ro code   0x803'2160     0x22  fpinit_M.o [4]
  .iar.init_table        const     0x803'2184     0x24  - Linker created -
  .rodata                const     0x803'21a8     0x20  main.o [1]
  .text                  ro code   0x803'21c8     0x20  system_stm32f4xx.o [1]
  .text                  ro code   0x803'21e8     0x20  cmain_call_ctors.o [5]
  .text                  ro code   0x803'2208     0x18  cppinit.o [2]
  .text                  ro code   0x803'2220     0x1e  cmain.o [5]
  .text                  ro code   0x803'223e      0x4  low_level_init.o [2]
  .text                  ro code   0x803'2242      0x4  exit.o [2]
  .text                  ro code   0x803'2248      0xa  cexit.o [5]
  .rodata                const     0x803'2254     0x1c  languages.o [1]
  .rodata                const     0x803'2270     0x1c  languages.o [1]
  .rodata                const     0x803'228c     0x1c  tgui.o [1]
  .rodata                const     0x803'22a8     0x1c  tgui.o [1]
  .rodata                const     0x803'22c4     0x1c  tgui.o [1]
  .rodata                const     0x803'22e0     0x1c  tgui.o [1]
  .rodata                const     0x803'22fc     0x1c  tgui.o [1]
  .rodata                const     0x803'2318     0x1c  tgui.o [1]
  .rodata                const     0x803'2334     0x1c  tgui.o [1]
  .rodata                const     0x803'2350     0x1c  tgui.o [1]
  .text                  ro code   0x803'236c     0x1c  tgui_langscreenfuncs.o [1]
  .rodata                const     0x803'2388     0x18  config.o [1]
  .rodata                const     0x803'23a0     0x18  config.o [1]
  .rodata                const     0x803'23b8     0x18  config.o [1]
  .rodata                const     0x803'23d0     0x18  config.o [1]
  .rodata                const     0x803'23e8     0x18  languages.o [1]
  .rodata                const     0x803'2400     0x18  languages.o [1]
  .rodata                const     0x803'2418     0x18  languages.o [1]
  .rodata                const     0x803'2430     0x18  main.o [1]
  .rodata                const     0x803'2448     0x18  main.o [1]
  .rodata                const     0x803'2460     0x18  main.o [1]
  .rodata                const     0x803'2478     0x18  tgui.o [1]
  .rodata                const     0x803'2490     0x18  tgui.o [1]
  .rodata                const     0x803'24a8     0x18  tgui.o [1]
  .rodata                const     0x803'24c0     0x18  tgui.o [1]
  .rodata                const     0x803'24d8     0x18  tgui.o [1]
  .rodata                const     0x803'24f0     0x18  tgui.o [1]
  .rodata                const     0x803'2508     0x18  tgui.o [1]
  .rodata                const     0x803'2520     0x18  tgui.o [1]
  .rodata                const     0x803'2538     0x18  tgui.o [1]
  .rodata                const     0x803'2550     0x18  tgui.o [1]
  .rodata                const     0x803'2568     0x18  tgui.o [1]
  .rodata                const     0x803'2580     0x18  tgui.o [1]
  .rodata                const     0x803'2598     0x18  tgui.o [1]
  .rodata                const     0x803'25b0     0x18  tgui.o [1]
  .rodata                const     0x803'25c8     0x18  tgui_filesscreenfuncs.o [1]
  .rodata                const     0x803'25e0     0x18  tgui_filesscreenfuncs.o [1]
  .rodata                const     0x803'25f8     0x14  config.o [1]
  .rodata                const     0x803'260c     0x14  config.o [1]
  .rodata                const     0x803'2620     0x14  ff.o [1]
  .rodata                const     0x803'2634     0x14  ff.o [1]
  .rodata                const     0x803'2648     0x14  languages.o [1]
  .rodata                const     0x803'265c     0x14  languages.o [1]
  .rodata                const     0x803'2670     0x14  languages.o [1]
  .rodata                const     0x803'2684     0x14  languages.o [1]
  .rodata                const     0x803'2698     0x14  spifl_diskio.o [1]
  .rodata                const     0x803'26ac     0x14  tgui.o [1]
  .rodata                const     0x803'26c0     0x14  tgui.o [1]
  .rodata                const     0x803'26d4     0x14  tgui.o [1]
  .rodata                const     0x803'26e8     0x14  tgui.o [1]
  .rodata                const     0x803'26fc     0x14  tgui_filesscreenfuncs.o [1]
  .rodata                const     0x803'2710     0x14  tgui_filesscreenfuncs.o [1]
  .rodata                const     0x803'2724     0x14  usbh_diskio.o [1]
  .rodata                const     0x803'2738     0x10  config.o [1]
  .rodata                const     0x803'2748     0x10  config.o [1]
  .rodata                const     0x803'2758     0x10  config.o [1]
  .rodata                const     0x803'2768     0x10  config.o [1]
  .rodata                const     0x803'2778     0x10  config.o [1]
  .rodata                const     0x803'2788     0x10  ff.o [1]
  .rodata                const     0x803'2798     0x10  ff.o [1]
  .rodata                const     0x803'27a8     0x10  ff.o [1]
  .rodata                const     0x803'27b8     0x10  ff.o [1]
  .rodata                const     0x803'27c8     0x10  languages.o [1]
  .rodata                const     0x803'27d8     0x10  languages.o [1]
  .rodata                const     0x803'27e8     0x10  languages.o [1]
  .rodata                const     0x803'27f8     0x10  languages.o [1]
  .rodata                const     0x803'2808     0x10  languages.o [1]
  .rodata                const     0x803'2818     0x10  languages.o [1]
  .rodata                const     0x803'2828     0x10  languages.o [1]
  .rodata                const     0x803'2838     0x10  main.o [1]
  .rodata                const     0x803'2848     0x10  main.o [1]
  .rodata                const     0x803'2858     0x10  system_stm32f4xx.o [1]
  .rodata                const     0x803'2868     0x10  tgui.o [1]
  .rodata                const     0x803'2878     0x10  tgui.o [1]
  .rodata                const     0x803'2888     0x10  tgui.o [1]
  .rodata                const     0x803'2898     0x10  tgui.o [1]
  .rodata                const     0x803'28a8     0x10  tgui_defaultfuncs.o [1]
  .text                  ro code   0x803'28b8     0x10  startup_stm32f407xx.o [1]
  .rodata                const     0x803'28c8      0xc  config.o [1]
  .rodata                const     0x803'28d4      0xc  config.o [1]
  .rodata                const     0x803'28e0      0xc  config.o [1]
  .rodata                const     0x803'28ec      0xc  config.o [1]
  .rodata                const     0x803'28f8      0xc  config.o [1]
  .rodata                const     0x803'2904      0xc  config.o [1]
  .rodata                const     0x803'2910      0xc  ff.o [1]
  .rodata                const     0x803'291c      0xc  ff.o [1]
  .rodata                const     0x803'2928      0xc  files_pws.o [1]
  .rodata                const     0x803'2934      0xc  languages.o [1]
  .rodata                const     0x803'2940      0xc  languages.o [1]
  .rodata                const     0x803'294c      0xc  languages.o [1]
  .rodata                const     0x803'2958      0xc  languages.o [1]
  .rodata                const     0x803'2964      0xc  languages.o [1]
  .rodata                const     0x803'2970      0xc  languages.o [1]
  .rodata                const     0x803'297c      0xc  languages.o [1]
  .rodata                const     0x803'2988      0xc  languages.o [1]
  .rodata                const     0x803'2994      0xc  languages.o [1]
  .rodata                const     0x803'29a0      0xc  languages.o [1]
  .rodata                const     0x803'29ac      0xc  languages.o [1]
  .rodata                const     0x803'29b8      0xc  languages.o [1]
  .rodata                const     0x803'29c4      0xc  languages.o [1]
  .rodata                const     0x803'29d0      0xc  languages.o [1]
  .rodata                const     0x803'29dc      0xc  languages.o [1]
  .rodata                const     0x803'29e8      0xc  languages.o [1]
  .rodata                const     0x803'29f4      0xc  languages.o [1]
  .rodata                const     0x803'2a00      0xc  languages.o [1]
  .rodata                const     0x803'2a0c      0xc  main.o [1]
  .rodata                const     0x803'2a18      0xc  main.o [1]
  .rodata                const     0x803'2a24      0xc  tgui.o [1]
  .rodata                const     0x803'2a30      0xc  tgui_infoscreenfuncs.o [1]
  .text                  ro code   0x803'2a3c      0xc  cstartup_M.o [5]
  .rodata                const     0x803'2a48      0x8  config.o [1]
  .rodata                const     0x803'2a50      0x8  config.o [1]
  .rodata                const     0x803'2a58      0x8  ff.o [1]
  .rodata                const     0x803'2a60      0x8  ff.o [1]
  .rodata                const     0x803'2a68      0x8  files_pws.o [1]
  .rodata                const     0x803'2a70      0x8  files_pws.o [1]
  .rodata                const     0x803'2a78      0x8  languages.o [1]
  .rodata                const     0x803'2a80      0x8  languages.o [1]
  .rodata                const     0x803'2a88      0x8  languages.o [1]
  .rodata                const     0x803'2a90      0x8  languages.o [1]
  .rodata                const     0x803'2a98      0x8  languages.o [1]
  .rodata                const     0x803'2aa0      0x8  languages.o [1]
  .rodata                const     0x803'2aa8      0x8  languages.o [1]
  .rodata                const     0x803'2ab0      0x8  languages.o [1]
  .rodata                const     0x803'2ab8      0x8  languages.o [1]
  .rodata                const     0x803'2ac0      0x8  languages.o [1]
  .rodata                const     0x803'2ac8      0x8  languages.o [1]
  .rodata                const     0x803'2ad0      0x8  languages.o [1]
  .rodata                const     0x803'2ad8      0x8  languages.o [1]
  .rodata                const     0x803'2ae0      0x8  languages.o [1]
  .rodata                const     0x803'2ae8      0x8  languages.o [1]
  .rodata                const     0x803'2af0      0x8  languages.o [1]
  .rodata                const     0x803'2af8      0x8  languages.o [1]
  .rodata                const     0x803'2b00      0x8  languages.o [1]
  .rodata                const     0x803'2b08      0x8  languages.o [1]
  .rodata                const     0x803'2b10      0x8  languages.o [1]
  .rodata                const     0x803'2b18      0x8  languages.o [1]
  .rodata                const     0x803'2b20      0x8  languages.o [1]
  .rodata                const     0x803'2b28      0x8  languages.o [1]
  .rodata                const     0x803'2b30      0x8  languages.o [1]
  .rodata                const     0x803'2b38      0x8  languages.o [1]
  .rodata                const     0x803'2b40      0x8  languages.o [1]
  .rodata                const     0x803'2b48      0x8  languages.o [1]
  .rodata                const     0x803'2b50      0x8  languages.o [1]
  .rodata                const     0x803'2b58      0x8  languages.o [1]
  .rodata                const     0x803'2b60      0x8  languages.o [1]
  .rodata                const     0x803'2b68      0x8  main.o [1]
  .rodata                const     0x803'2b70      0x8  stm32f4xx_hal_dma.o [1]
  .rodata                const     0x803'2b78      0x8  system_stm32f4xx.o [1]
  .rodata                const     0x803'2b80      0x8  tgui.o [1]
  .rodata                const     0x803'2b88      0x8  tgui.o [1]
  .rodata                const     0x803'2b90      0x8  tgui.o [1]
  .rodata                const     0x803'2b98      0x8  tgui.o [1]
  .rodata                const     0x803'2ba0      0x8  tgui.o [1]
  .rodata                const     0x803'2ba8      0x8  tgui.o [1]
  .rodata                const     0x803'2bb0      0x8  tgui.o [1]
  .rodata                const     0x803'2bb8      0x8  tgui.o [1]
  .rodata                const     0x803'2bc0      0x8  tgui.o [1]
  .rodata                const     0x803'2bc8      0x8  tgui.o [1]
  .rodata                const     0x803'2bd0      0x8  tgui.o [1]
  .rodata                const     0x803'2bd8      0x8  tgui.o [1]
  .rodata                const     0x803'2be0      0x8  tgui.o [1]
  .rodata                const     0x803'2be8      0x8  tgui.o [1]
  .rodata                const     0x803'2bf0      0x8  tgui.o [1]
  .rodata                const     0x803'2bf8      0x8  tgui.o [1]
  .rodata                const     0x803'2c00      0x8  tgui.o [1]
  .rodata                const     0x803'2c08      0x8  tgui.o [1]
  .rodata                const     0x803'2c10      0x8  tgui.o [1]
  .rodata                const     0x803'2c18      0x8  tgui.o [1]
  .rodata                const     0x803'2c20      0x8  tgui.o [1]
  .rodata                const     0x803'2c28      0x8  tgui.o [1]
  .rodata                const     0x803'2c30      0x8  tgui.o [1]
  .rodata                const     0x803'2c38      0x8  tgui.o [1]
  .rodata                const     0x803'2c40      0x8  tgui.o [1]
  .rodata                const     0x803'2c48      0x8  tgui.o [1]
  .rodata                const     0x803'2c50      0x8  tgui.o [1]
  .rodata                const     0x803'2c58      0x8  tgui.o [1]
  .rodata                const     0x803'2c60      0x8  tgui.o [1]
  .rodata                const     0x803'2c68      0x8  tgui.o [1]
  .rodata                const     0x803'2c70      0x8  tgui.o [1]
  .rodata                const     0x803'2c78      0x8  tgui.o [1]
  .rodata                const     0x803'2c80      0x8  tgui.o [1]
  .rodata                const     0x803'2c88      0x8  tgui.o [1]
  .rodata                const     0x803'2c90      0x8  tgui.o [1]
  .rodata                const     0x803'2c98      0x8  tgui.o [1]
  .rodata                const     0x803'2ca0      0x8  tgui.o [1]
  .rodata                const     0x803'2ca8      0x8  tgui.o [1]
  .rodata                const     0x803'2cb0      0x8  tgui.o [1]
  .rodata                const     0x803'2cb8      0x8  tgui.o [1]
  .rodata                const     0x803'2cc0      0x8  tgui.o [1]
  .rodata                const     0x803'2cc8      0x8  tgui.o [1]
  .rodata                const     0x803'2cd0      0x8  tgui.o [1]
  .rodata                const     0x803'2cd8      0x8  tgui.o [1]
  .rodata                const     0x803'2ce0      0x8  tgui_filesscreenfuncs.o [1]
  .rodata                const     0x803'2ce8      0x8  tgui_filesscreenfuncs.o [1]
  .rodata                const     0x803'2cf0      0x8  tgui_infoscreenfuncs.o [1]
  .rodata                const     0x803'2cf8      0x8  tim.o [1]
  .rodata                const     0x803'2d00      0x6  xlocale_c.o [2]
  .rodata                const     0x803'2d08      0x4  languages.o [1]
  .rodata                const     0x803'2d0c      0x4  languages.o [1]
  .rodata                const     0x803'2d10      0x4  languages.o [1]
  .rodata                const     0x803'2d14      0x4  languages.o [1]
  .rodata                const     0x803'2d18      0x4  languages.o [1]
  .rodata                const     0x803'2d1c      0x4  languages.o [1]
  .rodata                const     0x803'2d20      0x4  languages.o [1]
  .rodata                const     0x803'2d24      0x4  languages.o [1]
  .rodata                const     0x803'2d28      0x4  languages.o [1]
  .rodata                const     0x803'2d2c      0x4  languages.o [1]
  .rodata                const     0x803'2d30      0x4  languages.o [1]
  .rodata                const     0x803'2d34      0x4  languages.o [1]
  .rodata                const     0x803'2d38      0x4  languages.o [1]
  .rodata                const     0x803'2d3c      0x4  languages.o [1]
  .rodata                const     0x803'2d40      0x4  languages.o [1]
  .rodata                const     0x803'2d44      0x4  languages.o [1]
  .rodata                const     0x803'2d48      0x4  languages.o [1]
  .rodata                const     0x803'2d4c      0x4  languages.o [1]
  .rodata                const     0x803'2d50      0x4  languages.o [1]
  .rodata                const     0x803'2d54      0x4  languages.o [1]
  .rodata                const     0x803'2d58      0x4  languages.o [1]
  .rodata                const     0x803'2d5c      0x4  languages.o [1]
  .rodata                const     0x803'2d60      0x4  rtc.o [1]
  .rodata                const     0x803'2d64      0x4  usbh_msc.o [1]
  .text                  ro code   0x803'2d68      0x4  startup_stm32f407xx.o [1]
  SHT$$PREINIT_ARRAY               0x803'2d6c      0x0  <Block>
  SHT$$INIT_ARRAY                  0x803'2d6c      0x4  <Block>
    .init_array          const     0x803'2d6c      0x4  z_planner.o [1]
  __iar_tls$$INIT_ARRAY            0x803'2d70      0x0  <Block>
  .rodata                const     0x803'2d70      0x0  zero_init3.o [5]
  .rodata                const     0x803'2d70      0x0  lz77_init_single.o [5]
  Initializer bytes      const     0x803'2d70     0xe8  <for P2-1>
                                 - 0x803'2e58  0x22cd0

"P3":                                           0x7478
  CCMRAM                 uninit   0x1000'0000   0x4000  main.o [1]
  CCMRAM                 uninit   0x1000'4000   0x1028  main.o [1]
  CCMRAM                 uninit   0x1000'5028   0x1028  main.o [1]
  CCMRAM                 uninit   0x1000'6050   0x1028  tgui.o [1]
  CCMRAM                 uninit   0x1000'7078    0x400  tgui.o [1]
                                - 0x1000'7478   0x7478

"P2", part 1 of 3:                               0x333
  P2-1                            0x2000'0000    0x333  <Init block>
    .data                inited   0x2000'0000      0xc  fnt12.o [1]
    .data                inited   0x2000'000c      0xc  fnt12bold.o [1]
    .data                inited   0x2000'0018      0xc  fnt18.o [1]
    .data                inited   0x2000'0024      0xc  fnt18bold.o [1]
    .data                inited   0x2000'0030      0xc  fnt24.o [1]
    .data                inited   0x2000'003c      0xc  fnt24bold.o [1]
    .data                inited   0x2000'0048      0xc  fnt36num_lcd.o [1]
    .data                inited   0x2000'0054      0xc  fnt48num_lcd.o [1]
    .data                inited   0x2000'0060     0x10  languages.o [1]
    .data                inited   0x2000'0070      0x4  languages.o [1]
    .data                inited   0x2000'0074      0x4  lcd_ui.o [1]
    .data                inited   0x2000'0078      0x4  stm32f4xx_hal.o [1]
    .data                inited   0x2000'007c      0x4  system_stm32f4xx.o [1]
    .data                inited   0x2000'0080    0x200  tgui_filesscreenfuncs.o [1]
    .data                inited   0x2000'0280      0x4  tgui_movezscreenfuncs.o [1]
    .data                inited   0x2000'0284     0x20  usbh_msc.o [1]
    .data                inited   0x2000'02a4      0x4  z_stepper.o [1]
    .data                inited   0x2000'02a8     0x38  xlocale_c.o [2]
    .data                inited   0x2000'02e0     0x48  xlocale_c.o [2]
    .data                inited   0x2000'0328      0x2  lcd_ui.o [1]
    .data                inited   0x2000'032a      0x2  lcd_ui.o [1]
    .data                inited   0x2000'032c      0x2  lcd_ui.o [1]
    .data                inited   0x2000'032e      0x1  lcd_ui.o [1]
    .data                inited   0x2000'032f      0x1  stm32f4xx_hal.o [1]
    .data                inited   0x2000'0330      0x1  tgui_defaultfuncs.o [1]
    .data                inited   0x2000'0331      0x1  tgui_filesscreenfuncs.o [1]
    .data                inited   0x2000'0332      0x1  z_endstops.o [1]
                                - 0x2000'0333    0x333

"P2", part 2 of 3:                              0x6cc0
  .bss                   zero     0x2000'0334   0x1038  fatfs.o [1]
  .bss                   zero     0x2000'136c   0x1038  fatfs.o [1]
  .bss                   zero     0x2000'23a4    0x830  tgui_filesscreenfuncs.o [1]
  .bss                   zero     0x2000'2bd4    0x498  tgui.o [1]
  .bss                   zero     0x2000'306c    0x400  config.o [1]
  .bss                   zero     0x2000'346c    0x400  main.o [1]
  .bss                   zero     0x2000'386c    0x400  main.o [1]
  .bss                   zero     0x2000'3c6c    0x400  main.o [1]
  .bss                   zero     0x2000'406c    0x400  z_planner.o [1]
  .bss                   zero     0x2000'446c    0x3d8  usb_host.o [1]
  .bss                   zero     0x2000'4844    0x39c  tgui.o [1]
  .bss                   zero     0x2000'4be0    0x348  tgui.o [1]
  .bss                   zero     0x2000'4f28    0x348  tgui.o [1]
  .bss                   zero     0x2000'5270    0x348  tgui.o [1]
  .bss                   zero     0x2000'55b8    0x2c4  usbh_conf.o [1]
  .bss                   zero     0x2000'587c    0x224  main.o [1]
  .bss                   zero     0x2000'5aa0    0x200  config.o [1]
  .bss                   zero     0x2000'5ca0    0x200  ff.o [1]
  .bss                   zero     0x2000'5ea0    0x200  main.o [1]
  .bss                   zero     0x2000'60a0    0x1d8  dlmalloc.o [2]
  .bss                   zero     0x2000'6278    0x1a4  tgui.o [1]
  .bss                   zero     0x2000'641c    0x150  tgui.o [1]
  .bss                   zero     0x2000'656c    0x100  sys_timer.o [1]
  .bss                   zero     0x2000'666c     0xfc  tgui.o [1]
  .bss                   zero     0x2000'6768     0x80  fst_spi.o [1]
  .bss                   zero     0x2000'67e8     0x80  fst_spi.o [1]
  .bss                   zero     0x2000'6868     0x60  fst_spi.o [1]
  .bss                   zero     0x2000'68c8     0x60  fst_spi.o [1]
  .bss                   zero     0x2000'6928     0x60  fst_spi.o [1]
  .bss                   zero     0x2000'6988     0x60  fst_spi.o [1]
  .bss                   zero     0x2000'69e8     0x60  fst_spi.o [1]
  .bss                   zero     0x2000'6a48     0x60  lcd_low.o [1]
  .bss                   zero     0x2000'6aa8     0x54  eeprom.o [1]
  .bss                   zero     0x2000'6afc     0x54  files_pws.o [1]
  .bss                   zero     0x2000'6b50     0x50  config.o [1]
  .bss                   zero     0x2000'6ba0     0x50  fsmc.o [1]
  .bss                   zero     0x2000'6bf0     0x40  tim.o [1]
  .bss                   zero     0x2000'6c30     0x40  tim.o [1]
  .bss                   zero     0x2000'6c70     0x34  main.o [1]
  .bss                   zero     0x2000'6ca4     0x30  files_pws.o [1]
  .bss                   zero     0x2000'6cd4     0x30  tgui.o [1]
  .bss                   zero     0x2000'6d04     0x30  tgui.o [1]
  .bss                   zero     0x2000'6d34     0x30  tgui.o [1]
  .bss                   zero     0x2000'6d64     0x30  tgui.o [1]
  .bss                   zero     0x2000'6d94     0x30  tgui.o [1]
  .bss                   zero     0x2000'6dc4     0x30  tgui.o [1]
  .bss                   zero     0x2000'6df4     0x30  tgui.o [1]
  .bss                   zero     0x2000'6e24     0x28  tgui.o [1]
  .bss                   zero     0x2000'6e4c     0x28  z_planner.o [1]
  .bss                   zero     0x2000'6e74     0x20  rtc.o [1]
  .bss                   zero     0x2000'6e94     0x1c  config.o [1]
  .bss                   zero     0x2000'6eb0     0x1c  files_pws.o [1]
  .bss                   zero     0x2000'6ecc     0x18  dlmalloc.o [2]
  .bss                   zero     0x2000'6ee4     0x10  config.o [1]
  .bss                   zero     0x2000'6ef4     0x10  config.o [1]
  .bss                   zero     0x2000'6f04     0x10  ff_gen_drv.o [1]
  .bss                   zero     0x2000'6f14     0x10  touch.o [1]
  .bss                   zero     0x2000'6f24      0xc  spi_flash.o [1]
  .bss                   zero     0x2000'6f30      0x8  fatfs.o [1]
  .bss                   zero     0x2000'6f38      0x8  fatfs.o [1]
  .bss                   zero     0x2000'6f40      0x8  ff.o [1]
  .bss                   zero     0x2000'6f48      0x4  cpld_utils.o [1]
  .bss                   zero     0x2000'6f4c      0x4  fsmc.o [1]
  .bss                   zero     0x2000'6f50      0x4  motor.o [1]
  .bss                   zero     0x2000'6f54      0x4  prtfiles.o [1]
  .bss                   zero     0x2000'6f58      0x4  spi_flash.o [1]
  .bss                   zero     0x2000'6f5c      0x4  spi_flash.o [1]
  .bss                   zero     0x2000'6f60      0x4  stm32f4xx_hal.o [1]
  .bss                   zero     0x2000'6f64      0x4  stm32f4xx_ll_usb.o [1]
  .bss                   zero     0x2000'6f68      0x4  tgui.o [1]
  .bss                   zero     0x2000'6f6c      0x4  touch.o [1]
  .bss                   zero     0x2000'6f70      0x4  z_planner.o [1]
  .bss                   zero     0x2000'6f74      0x4  z_planner.o [1]
  .bss                   zero     0x2000'6f78      0x4  z_planner.o [1]
  .bss                   zero     0x2000'6f7c      0x4  z_planner.o [1]
  .bss                   zero     0x2000'6f80      0x4  z_planner.o [1]
  .bss                   zero     0x2000'6f84      0x4  z_planner.o [1]
  .bss                   zero     0x2000'6f88      0x4  z_planner.o [1]
  .bss                   zero     0x2000'6f8c      0x4  z_stepper.o [1]
  .bss                   zero     0x2000'6f90      0x4  z_stepper.o [1]
  .bss                   zero     0x2000'6f94      0x4  z_stepper.o [1]
  .bss                   zero     0x2000'6f98      0x4  z_stepper.o [1]
  .bss                   zero     0x2000'6f9c      0x4  z_stepper.o [1]
  .bss                   zero     0x2000'6fa0      0x4  z_stepper.o [1]
  .bss                   zero     0x2000'6fa4      0x4  z_stepper.o [1]
  .bss                   zero     0x2000'6fa8      0x4  z_stepper.o [1]
  .bss                   zero     0x2000'6fac      0x4  z_stepper.o [1]
  .bss                   zero     0x2000'6fb0      0x4  z_stepper.o [1]
  .bss                   zero     0x2000'6fb4      0x4  z_stepper.o [1]
  .bss                   zero     0x2000'6fb8      0x4  z_stepper.o [1]
  .bss                   zero     0x2000'6fbc      0x4  z_stepper.o [1]
  .bss                   zero     0x2000'6fc0      0x4  z_stepper.o [1]
  .bss                   zero     0x2000'6fc4      0x4  xfail_s.o [2]
  .bss                   zero     0x2000'6fc8      0x4  xgetmemchunk.o [2]
  .bss                   zero     0x2000'6fcc      0x2  ff.o [1]
  .bss                   zero     0x2000'6fce      0x2  lcd_low.o [1]
  .bss                   zero     0x2000'6fd0      0x2  lcd_ui.o [1]
  .bss                   zero     0x2000'6fd2      0x2  lcd_ui.o [1]
  .bss                   zero     0x2000'6fd4      0x2  lcd_ui.o [1]
  .bss                   zero     0x2000'6fd6      0x2  z_planner.o [1]
  .bss                   zero     0x2000'6fd8      0x1  eeprom.o [1]
  .bss                   zero     0x2000'6fd9      0x1  fatfs.o [1]
  .bss                   zero     0x2000'6fda      0x1  fatfs.o [1]
  .bss                   zero     0x2000'6fdb      0x1  main.o [1]
  .bss                   zero     0x2000'6fdc      0x1  main.o [1]
  .bss                   zero     0x2000'6fdd      0x1  main.o [1]
  .bss                   zero     0x2000'6fde      0x1  main.o [1]
  .bss                   zero     0x2000'6fdf      0x1  main.o [1]
  .bss                   zero     0x2000'6fe0      0x1  prtfiles.o [1]
  .bss                   zero     0x2000'6fe1      0x1  tgui_defaultfuncs.o [1]
  .bss                   zero     0x2000'6fe2      0x1  tgui_filesscreenfuncs.o [1]
  .bss                   zero     0x2000'6fe3      0x1  tgui_filesscreenfuncs.o [1]
  .bss                   zero     0x2000'6fe4      0x1  tgui_filesscreenfuncs.o [1]
  .bss                   zero     0x2000'6fe5      0x1  tgui_filesscreenfuncs.o [1]
  .bss                   zero     0x2000'6fe6      0x1  usb_host.o [1]
  .bss                   zero     0x2000'6fe7      0x1  z_endstops.o [1]
  .bss                   zero     0x2000'6fe8      0x1  z_endstops.o [1]
  .bss                   zero     0x2000'6fe9      0x1  z_planner.o [1]
  .bss                   zero     0x2000'6fea      0x1  z_planner.o [1]
  .bss                   zero     0x2000'6feb      0x1  z_planner.o [1]
  .bss                   zero     0x2000'6fec      0x1  z_planner.o [1]
  .bss                   zero     0x2000'6fed      0x1  z_planner.o [1]
  .bss                   zero     0x2000'6fee      0x1  z_planner.o [1]
  .bss                   zero     0x2000'6fef      0x1  z_stepper.o [1]
  .bss                   zero     0x2000'6ff0      0x1  z_stepper.o [1]
  .bss                   zero     0x2000'6ff1      0x1  z_stepper.o [1]
  .bss                   zero     0x2000'6ff2      0x1  z_stepper.o [1]
  .bss                   zero     0x2000'6ff3      0x1  z_stepper.o [1]
                                - 0x2000'6ff4   0x6cc0

"P2", part 3 of 3:                              0x7204
  .noinit                uninit   0x2000'6ff4   0x1000  tgui.o [1]
  .noinit                uninit   0x2000'7ff4    0x200  tgui.o [1]
  CSTACK                          0x2000'81f8   0x4000  <Block>
    CSTACK               uninit   0x2000'81f8   0x4000  <Block tail>
  HEAP                            0x2000'c1f8   0x2000  <Block>
    HEAP                 uninit   0x2000'c1f8   0x2000  <Block tail>
                                - 0x2000'e1f8   0x7204

Unused ranges:

         From           To      Size
         ----           --      ----
   0x803'2e58   0x807'ffff  0x4'd1a8
  0x1000'7478  0x1000'ffff    0x8b88
  0x2000'0333  0x2000'0333       0x1
  0x2000'e1f8  0x2001'ffff  0x1'1e08


*******************************************************************************
*** INIT TABLE
***

          Address      Size
          -------      ----
Zero (__iar_zero_init3)
    1 destination range, total size 0x6cc0:
          0x2000'0334  0x6cc0

Copy/lz77 (__iar_lz77_init_single3)
    1 source range, total size 0xe8 (28% of destination):
           0x803'2d70    0xe8
    1 destination range, total size 0x333:
          0x2000'0000   0x333

Extra (__iar_cstart_call_ctors)



*******************************************************************************
*** MODULE SUMMARY
***

    Module                   ro code  ro data  rw data
    ------                   -------  -------  -------
command line/config:
    --------------------------------------------------
    Total:

D:\Electronics\Projects\MKS_DLP_new\SRC\firmware\MKSDLP_Alter_Debug\Obj: [1]
    config.o                   3 180      304    1 676
    cpld_utils.o                 162                 4
    datetime.o                   148
    diskio.o                     176
    eeprom.o                   1 508                85
    fatfs.o                      344             8 322
    ff.o                      11 156      272      522
    ff_gen_drv.o                  84                16
    ffunicode.o                  324      944
    files_pws.o                  924       28      160
    fnt12.o                             2 039       12
    fnt12bold.o                         2 251       12
    fnt18.o                             4 072       12
    fnt18bold.o                         4 619       12
    fnt24.o                             6 815       12
    fnt24bold.o                         8 664       12
    fnt36num_lcd.o                      1 703       12
    fnt48num_lcd.o                      3 080       12
    fsmc.o                       276                84
    fst_spi.o                  1 360               736
    gpio.o                       652
    languages.o                   64    2 997       20
    lcd_low.o                  1 292                98
    lcd_ui.o                   2 940        3       17
    main.o                     3 090      636   28 845
    motor.o                      776                 4
    prtfiles.o                    76                 5
    rtc.o                        200        4       32
    spi_flash.o                  804                20
    spifl_diskio.o               300       20
    ssd_utils.o                1 408
    startup_stm32f407xx.o        412
    stm32f4xx_hal.o              180        3        9
    stm32f4xx_hal_cortex.o       300
    stm32f4xx_hal_dma.o        1 112        8
    stm32f4xx_hal_gpio.o         594
    stm32f4xx_hal_hcd.o        4 192
    stm32f4xx_hal_i2c.o          490
    stm32f4xx_hal_msp.o           64
    stm32f4xx_hal_rcc.o        1 448
    stm32f4xx_hal_rcc_ex.o       336
    stm32f4xx_hal_rtc.o        1 048
    stm32f4xx_hal_spi.o        1 532
    stm32f4xx_hal_sram.o          92
    stm32f4xx_hal_tim.o        1 930
    stm32f4xx_hal_tim_ex.o       172
    stm32f4xx_it.o               156
    stm32f4xx_ll_fsmc.o          228
    stm32f4xx_ll_usb.o         2 500                 4
    sys_timer.o                  288               256
    system_stm32f4xx.o            32       25        4
    tgui.o                    10 324    1 068   15 776
    tgui_defaultfuncs.o        2 720       16        2
    tgui_filesscreenfuncs.o    3 724      249    2 613
    tgui_infoscreenfuncs.o       200       56
    tgui_langscreenfuncs.o        28
    tgui_messagebox.o          1 864
    tgui_movezscreenfuncs.o    1 180        1        4
    tim.o                        488        8      128
    touch.o                      628                20
    unicode_utils.o              922
    usb_host.o                   140               985
    usbh_conf.o                  760               708
    usbh_core.o                1 950
    usbh_ctlreq.o              1 468
    usbh_diskio.o                324       20
    usbh_ioreq.o                 208
    usbh_msc.o                 2 228       13       32
    usbh_msc_bot.o               916
    usbh_msc_scsi.o            1 002
    usbh_pipes.o                 182
    usbh_platform.o               32
    uvdisplay.o                   12
    z_endstops.o                 264        1        3
    z_planner.o                4 176        4    1 100
    z_stepper.o                1 684        1       65
    --------------------------------------------------
    Total:                    85 774   39 924   62 451

dl7M_tlf.a: [2]
    abort.o                        6
    cppinit.o                     24
    dlmalloc.o                 5 344               496
    exit.o                         4
    heaptramp0.o                   4
    iar_Stoflt.o                 452
    iar_Stopfx.o                 290
    iar_Stoulx.o                 338       80
    iar_Stoxflt.o                540
    isalpha.o                     20
    isspace.o                     20
    low_level_init.o               4
    sprintf.o                     64
    strcat.o                      30
    tolower.o                     20
    xencoding_8859_1.o            30
    xfail_s.o                     64                 4
    xgetmemchunk.o                44                 4
    xlocale_c.o                  180       42      128
    xmbcurmax.o                   10
    xprintffull.o              3 910
    xsprout.o                     10
    --------------------------------------------------
    Total:                    11 408      122      632

dlpp7M_tl_fc.a: [3]
    --------------------------------------------------
    Total:

m7M_tls.a: [4]
    DblAdd.o                     378
    DblCmpGe.o                    46
    DblCmpLe.o                    46
    DblDiv.o                     582
    DblMul.o                     418
    DblSub.o                     226
    DblToFlt.o                   104
    DblToS32.o                    58
    DblToU32.o                    40
    FltToDbl.o                    72
    S32ToDbl.o                    34
    U32ToDbl.o                    26
    ceilf.o                       60
    floorf.o                      60
    fpinit_M.o                    34
    frexp.o                      112
    ldexp.o                      314
    lroundf.o                     46
    math_wrappers64.o             14
    sqrtf.o                       30
    strto64.o                  1 308       72
    --------------------------------------------------
    Total:                     4 008       72

rt7M_tl.a: [5]
    ABImemclr4.o                   6
    ABImemcpy.o                  166
    ABImemset.o                  102
    ABImemset48.o                 50
    I64DivMod.o                  560
    cexit.o                       10
    cmain.o                       30
    cmain_call_ctors.o            32
    cstartup_M.o                  12
    data_init.o                   40
    lz77_init_single.o           122
    memchr.o                      88
    strchr.o                      22
    strcmp.o                      18
    strcpy.o                      24
    strlen.o                      54
    strncpy.o                    112
    zero_init3.o                  58
    --------------------------------------------------
    Total:                     1 506

shb_l.a: [6]
    exit.o                        20
    unwind_debug.o                          1
    --------------------------------------------------
    Total:                        20        1

    Gaps                          57        8
    Linker created                         36   24 576
------------------------------------------------------
    Grand Total:             102 773   40 163   87 659


*******************************************************************************
*** ENTRY LIST
***

Entry                       Address    Size  Type      Object
-----                       -------    ----  ----      ------
.iar.init_table$$Base    0x803'2184           --   Gb  - Linker created -
.iar.init_table$$Limit   0x803'21a8           --   Gb  - Linker created -
?main                    0x803'2221          Code  Gb  cmain.o [5]
AHBPrescTable            0x803'2858    0x10  Data  Gb  system_stm32f4xx.o [1]
APBPrescTable            0x803'2b78     0x8  Data  Gb  system_stm32f4xx.o [1]
Appli_state             0x2000'6fe6     0x1  Data  Gb  usb_host.o [1]
Appli_state_old         0x2000'6fdb     0x1  Data  Gb  main.o [1]
BusFault_Handler         0x803'1743     0x2  Code  Gb  stm32f4xx_it.o [1]
CFG_Init()               0x801'd4c1   0x11e  Code  Gb  config.o [1]
CFG_LoadFromFile(void *, void *)
                         0x801'd8f1   0x78c  Code  Gb  config.o [1]
CFG_SaveConfig()         0x801'd72b    0x30  Code  Gb  config.o [1]
CFG_SaveMotor()          0x801'd6b1    0x2e  Code  Gb  config.o [1]
CFG_SaveTimers()         0x801'd78f    0x2e  Code  Gb  config.o [1]
CFG_SetConfigDefault()   0x801'd6df    0x4c  Code  Gb  config.o [1]
CFG_SetMotorDefault()    0x801'd5e1    0xd0  Code  Gb  config.o [1]
CFG_SetTimersDefault()   0x801'd75b    0x34  Code  Gb  config.o [1]
CPLD_Init()              0x802'1469     0x2  Code  Gb  cpld_utils.o [1]
CSTACK$$Base            0x2000'81f8           --   Gb  - Linker created -
CSTACK$$Limit           0x2000'c1f8           --   Gb  - Linker created -
CacheMore                0x801'a60d    0x24  Code  Lc  xlocale_c.o [2]
DMA1_Stream3_IRQHandler
                         0x803'1755     0xa  Code  Gb  stm32f4xx_it.o [1]
DMA1_Stream4_IRQHandler
                         0x803'175f     0xa  Code  Gb  stm32f4xx_it.o [1]
DMA2_Stream2_IRQHandler
                         0x803'177d     0xa  Code  Gb  stm32f4xx_it.o [1]
DMA2_Stream5_IRQHandler
                         0x803'1787     0xa  Code  Gb  stm32f4xx_it.o [1]
DMA2_Stream7_IRQHandler
                         0x803'1773     0xa  Code  Gb  stm32f4xx_it.o [1]
DMA_CalcBaseAndBitshift
                         0x801'9e8b    0x30  Code  Lc  stm32f4xx_hal_dma.o [1]
DMA_CalcBaseAndBitshift::flagBitshiftOffset
                         0x803'2b70     0x8  Data  Lc  stm32f4xx_hal_dma.o [1]
DMA_CheckFifoParam       0x801'9ec9    0x88  Code  Lc  stm32f4xx_hal_dma.o [1]
DMA_SetConfig            0x801'9e5d    0x2e  Code  Lc  stm32f4xx_hal_dma.o [1]
DTIME_GetDateTime(DATETIME_STRUCT *)
                         0x801'72a7    0x76  Code  Gb  datetime.o [1]
DTIME_GetMinutes()       0x801'7291    0x16  Code  Gb  datetime.o [1]
DeInitStateMachine       0x802'1a3d    0x66  Code  Lc  usbh_core.o [1]
DebugMon_Handler         0x803'1749     0x2  Code  Gb  stm32f4xx_it.o [1]
DeviceCode              0x2000'6fce     0x2  Data  Gb  lcd_low.o [1]
Dtentox                  0x802'2329   0x190  Code  Lc  strto64.o [4]
EEPROM_Init()            0x801'cedd    0xae  Code  Gb  eeprom.o [1]
EEPROM_ReadMemBuff(unsigned short, unsigned char *, unsigned short)
                         0x801'd209   0x14c  Code  Gb  eeprom.o [1]
EEPROM_WriteMemBuff(unsigned short, unsigned char *, unsigned short)
                         0x801'd36d   0x12c  Code  Gb  eeprom.o [1]
EXTI0_IRQHandler         0x803'17bd     0xe  Code  Gb  stm32f4xx_it.o [1]
EXTI2_IRQHandler         0x803'17cb     0xe  Code  Gb  stm32f4xx_it.o [1]
Endstops::disable()      0x802'13a9    0x20  Code  Gb  motor.o [1]
Endstops::enable()       0x802'1351    0x14  Code  Gb  motor.o [1]
Endstops::enabled       0x2000'0332     0x1  Data  Gb  z_endstops.o [1]
Endstops::hit_state     0x2000'6fe7     0x1  Data  Gb  z_endstops.o [1]
Endstops::init()         0x801'f529    0x2a  Code  Gb  z_endstops.o [1]
Endstops::live_state    0x2000'6fe8     0x1  Data  Gb  z_endstops.o [1]
Endstops::state()        0x802'1365     0xc  Code  Gb  z_endstops.o [1]
Endstops::update()       0x801'f553    0x9c  Code  Gb  z_endstops.o [1]
EndstopsInterrupt        0x801'f521     0x8  Code  Gb  z_endstops.o [1]
Error_Handler            0x801'bd61     0x2  Code  Gb  main.o [1]
ExCvt                    0x803'17d8    0x80  Data  Lc  ff.o [1]
FATFS_DelFileExtensionUTF
                         0x801'3029    0x20  Code  Gb  fatfs.o [1]
FATFS_GetFileExtension   0x801'2f7d    0x4a  Code  Gb  fatfs.o [1]
FATFS_GetFileExtensionUTF
                         0x801'2fc7    0x62  Code  Gb  fatfs.o [1]
FATFS_Init               0x801'2f11    0x1c  Code  Gb  fatfs.o [1]
FATFS_LinkDriver         0x801'30ad     0xa  Code  Gb  ff_gen_drv.o [1]
FATFS_LinkDriverEx       0x801'3069    0x44  Code  Gb  ff_gen_drv.o [1]
FLASH_SPIEnable          0x801'a32f   0x188  Code  Gb  fst_spi.o [1]
FLASH_SPIGetSpeed        0x801'a4d3     0xc  Code  Gb  fst_spi.o [1]
FLASH_SPIInit            0x801'a2cb    0x64  Code  Gb  fst_spi.o [1]
FLASH_SPIReadBuff        0x801'a505    0x40  Code  Gb  fst_spi.o [1]
FLASH_SPIReadBuffDMA     0x801'a545    0x36  Code  Gb  fst_spi.o [1]
FLASH_SPISetSpeed        0x801'a4b7    0x1c  Code  Gb  fst_spi.o [1]
FLASH_SPIWriteReadByte   0x801'a4df    0x26  Code  Gb  fst_spi.o [1]
FPWS_DrawPreview(FIL *, TG_RECT *)
                         0x802'd329   0x274  Code  Gb  files_pws.o [1]
FPWS_GetPreviewDataOffset()
                         0x802'd307    0x12  Code  Gb  files_pws.o [1]
FPWS_GetPreviewHeight()
                         0x802'd321     0x8  Code  Gb  files_pws.o [1]
FPWS_GetPreviewWidth()   0x802'd319     0x8  Code  Gb  files_pws.o [1]
FPWS_ReadFileInfo(FIL *)
                         0x802'd221    0xe6  Code  Gb  files_pws.o [1]
FSMC_Initialized        0x2000'6f4c     0x4  Data  Lc  fsmc.o [1]
FSMC_NORSRAM_Extended_Timing_Init
                         0x801'c809    0x40  Code  Gb  stm32f4xx_ll_fsmc.o [1]
FSMC_NORSRAM_Init        0x801'c76d    0x58  Code  Gb  stm32f4xx_ll_fsmc.o [1]
FSMC_NORSRAM_Timing_Init
                         0x801'c7c5    0x44  Code  Gb  stm32f4xx_ll_fsmc.o [1]
FatFs                   0x2000'6f40     0x8  Data  Lc  ff.o [1]
Fsid                    0x2000'6fcc     0x2  Data  Lc  ff.o [1]
GPIO_Init                0x801'c885   0x28c  Code  Gb  gpio.o [1]
HAL_DMA_GetState         0x801'9e57     0x6  Code  Gb  stm32f4xx_hal_dma.o [1]
HAL_DMA_IRQHandler       0x801'9c4d   0x20a  Code  Gb  stm32f4xx_hal_dma.o [1]
HAL_DMA_Init             0x801'9af9    0xe0  Code  Gb  stm32f4xx_hal_dma.o [1]
HAL_DMA_Start_IT         0x801'9bd9    0x74  Code  Gb  stm32f4xx_hal_dma.o [1]
HAL_Delay                0x801'99bd    0x28  Code  Wk  stm32f4xx_hal.o [1]
HAL_FSMC_MspInit         0x801'9a67    0x70  Code  Gb  fsmc.o [1]
HAL_GPIO_EXTI_IRQHandler
                         0x801'bf5b    0x1c  Code  Gb  stm32f4xx_hal_gpio.o [1]
HAL_GPIO_Init            0x801'bd65   0x1d0  Code  Gb  stm32f4xx_hal_gpio.o [1]
HAL_GPIO_ReadPin         0x801'bf35    0x12  Code  Gb  stm32f4xx_hal_gpio.o [1]
HAL_GPIO_WritePin        0x801'bf47    0x14  Code  Gb  stm32f4xx_hal_gpio.o [1]
HAL_GetTick              0x801'3585     0xc  Code  Wk  stm32f4xx_hal.o [1]
HAL_HCD_Connect_Callback
                         0x802'2b87     0xc  Code  Gb  usbh_conf.o [1]
HAL_HCD_Disconnect_Callback
                         0x802'2b93     0xc  Code  Gb  usbh_conf.o [1]
HAL_HCD_GetCurrentFrame
                         0x802'3eb1     0xa  Code  Gb  stm32f4xx_hal_hcd.o [1]
HAL_HCD_GetCurrentSpeed
                         0x802'3ebb     0xa  Code  Gb  stm32f4xx_hal_hcd.o [1]
HAL_HCD_HC_GetURBState   0x802'3e97     0xe  Code  Gb  stm32f4xx_hal_hcd.o [1]
HAL_HCD_HC_GetXferCount
                         0x802'3ea5     0xc  Code  Gb  stm32f4xx_hal_hcd.o [1]
HAL_HCD_HC_Halt          0x802'3ae1    0x2c  Code  Gb  stm32f4xx_hal_hcd.o [1]
HAL_HCD_HC_Init          0x802'3a17    0xca  Code  Gb  stm32f4xx_hal_hcd.o [1]
HAL_HCD_HC_NotifyURBChange_Callback
                         0x802'2b9f     0x2  Code  Gb  usbh_conf.o [1]
HAL_HCD_HC_SubmitRequest
                         0x802'3b0d   0x1f8  Code  Gb  stm32f4xx_hal_hcd.o [1]
HAL_HCD_IRQHandler       0x802'3d05   0x134  Code  Gb  stm32f4xx_hal_hcd.o [1]
HAL_HCD_Init             0x802'39a1    0x76  Code  Gb  stm32f4xx_hal_hcd.o [1]
HAL_HCD_MspInit          0x802'2af9    0x82  Code  Gb  usbh_conf.o [1]
HAL_HCD_PortDisabled_Callback
                         0x802'2bad     0xc  Code  Gb  usbh_conf.o [1]
HAL_HCD_PortEnabled_Callback
                         0x802'2ba1     0xc  Code  Gb  usbh_conf.o [1]
HAL_HCD_ResetPort        0x802'3e8d     0xa  Code  Gb  stm32f4xx_hal_hcd.o [1]
HAL_HCD_SOF_Callback     0x802'2b7b     0xc  Code  Gb  usbh_conf.o [1]
HAL_HCD_Start            0x802'3e39    0x2e  Code  Gb  stm32f4xx_hal_hcd.o [1]
HAL_HCD_Stop             0x802'3e67    0x26  Code  Gb  stm32f4xx_hal_hcd.o [1]
HAL_I2C_Init             0x801'f1d1   0x1d0  Code  Gb  stm32f4xx_hal_i2c.o [1]
HAL_IncTick              0x801'7171    0x58  Code  Gb  sys_timer.o [1]
HAL_Init                 0x801'c851    0x30  Code  Gb  stm32f4xx_hal.o [1]
HAL_InitTick             0x801'f125    0x4c  Code  Wk  stm32f4xx_hal.o [1]
HAL_MspInit              0x801'f171    0x40  Code  Gb  stm32f4xx_hal_msp.o [1]
HAL_NVIC_EnableIRQ       0x801'a049     0xa  Code  Gb  stm32f4xx_hal_cortex.o [1]
HAL_NVIC_SetPriority     0x801'a027    0x22  Code  Gb  stm32f4xx_hal_cortex.o [1]
HAL_NVIC_SetPriorityGrouping
                         0x801'a01f     0x8  Code  Gb  stm32f4xx_hal_cortex.o [1]
HAL_RCCEx_PeriphCLKConfig
                         0x801'efc1   0x12c  Code  Gb  stm32f4xx_hal_rcc_ex.o [1]
HAL_RCC_ClockConfig      0x801'edcd   0x13a  Code  Gb  stm32f4xx_hal_rcc.o [1]
HAL_RCC_GetHCLKFreq      0x801'ef07     0x6  Code  Gb  stm32f4xx_hal_rcc.o [1]
HAL_RCC_GetPCLK1Freq     0x801'ef0d    0x16  Code  Gb  stm32f4xx_hal_rcc.o [1]
HAL_RCC_GetSysClockFreq
                         0x801'ef41    0x80  Code  Wk  stm32f4xx_hal_rcc.o [1]
HAL_RCC_OscConfig        0x801'ea19   0x3b4  Code  Wk  stm32f4xx_hal_rcc.o [1]
HAL_RTC_GetDate          0x801'33d7    0x4e  Code  Gb  stm32f4xx_hal_rtc.o [1]
HAL_RTC_GetTime          0x801'328f    0x62  Code  Gb  stm32f4xx_hal_rtc.o [1]
HAL_RTC_Init             0x801'30bd    0xcc  Code  Gb  stm32f4xx_hal_rtc.o [1]
HAL_RTC_SetDate          0x801'32f1    0xe6  Code  Gb  stm32f4xx_hal_rtc.o [1]
HAL_RTC_SetTime          0x801'3189   0x106  Code  Gb  stm32f4xx_hal_rtc.o [1]
HAL_RTC_WaitForSynchro   0x801'3431    0x36  Code  Gb  stm32f4xx_hal_rtc.o [1]
HAL_SPI_Init             0x801'bfb9    0xca  Code  Gb  stm32f4xx_hal_spi.o [1]
HAL_SPI_Receive_DMA      0x801'c0a9   0x106  Code  Gb  stm32f4xx_hal_spi.o [1]
HAL_SPI_TransmitReceive_DMA
                         0x801'c1af   0x156  Code  Gb  stm32f4xx_hal_spi.o [1]
HAL_SPI_TxRxCpltCallback
                         0x801'a07d    0x1e  Code  Gb  fst_spi.o [1]
HAL_SRAM_Init            0x801'b0f5    0x5c  Code  Gb  stm32f4xx_hal_sram.o [1]
HAL_SRAM_MspInit         0x801'9ad7     0x8  Code  Gb  fsmc.o [1]
HAL_SYSTICK_Config       0x801'a053     0x8  Code  Gb  stm32f4xx_hal_cortex.o [1]
HAL_TIMEx_MasterConfigSynchronization
                         0x802'2a4d    0x8c  Code  Gb  stm32f4xx_hal_tim_ex.o [1]
HAL_TIM_Base_Init        0x802'0bc5    0x38  Code  Gb  stm32f4xx_hal_tim.o [1]
HAL_TIM_Base_MspInit     0x802'0b01    0x56  Code  Gb  tim.o [1]
HAL_TIM_Base_Start_IT    0x802'0bfd    0x28  Code  Gb  stm32f4xx_hal_tim.o [1]
HAL_TIM_Base_Stop_IT     0x802'0c25    0x34  Code  Gb  stm32f4xx_hal_tim.o [1]
HAL_TIM_ConfigClockSource
                         0x802'0f5f    0xe8  Code  Gb  stm32f4xx_hal_tim.o [1]
HAL_TIM_IRQHandler       0x802'0ced   0x176  Code  Gb  stm32f4xx_hal_tim.o [1]
HAL_TIM_MspPostInit      0x802'0b57    0x4e  Code  Gb  tim.o [1]
HAL_TIM_PWM_ConfigChannel
                         0x802'0e63    0xfc  Code  Gb  stm32f4xx_hal_tim.o [1]
HAL_TIM_PWM_Init         0x802'0c59    0x38  Code  Gb  stm32f4xx_hal_tim.o [1]
HAL_TIM_PWM_Start        0x802'0c91    0x54  Code  Gb  stm32f4xx_hal_tim.o [1]
HCD_HC_IN_IRQHandler     0x802'3ec5   0x55e  Code  Lc  stm32f4xx_hal_hcd.o [1]
HCD_HC_OUT_IRQHandler    0x802'4423   0x478  Code  Lc  stm32f4xx_hal_hcd.o [1]
HCD_Port_IRQHandler      0x802'4959    0xa8  Code  Lc  stm32f4xx_hal_hcd.o [1]
HCD_RXQLVL_IRQHandler    0x802'489b    0xba  Code  Lc  stm32f4xx_hal_hcd.o [1]
HEAP$$Base              0x2000'c1f8           --   Gb  - Linker created -
HEAP$$Limit             0x2000'e1f8           --   Gb  - Linker created -
HardFault_Handler        0x803'173f     0x2  Code  Gb  stm32f4xx_it.o [1]
IsrStepperHandler        0x802'04f7    0x1c  Code  Gb  z_stepper.o [1]
LANG_GetLanduagesCount()
                         0x801'6a25     0x4  Code  Gb  languages.o [1]
LANG_GetLanguageName(unsigned char)
                         0x801'69f3    0x16  Code  Gb  languages.o [1]
LANG_GetString(LNG_STRING_ID)
                         0x801'69e9     0xa  Code  Gb  languages.o [1]
LANG_SetLanguage(unsigned char)
                         0x801'6a09    0x10  Code  Gb  languages.o [1]
LCDUI_Clear()            0x801'758f    0x1e  Code  Gb  lcd_ui.o [1]
LCDUI_DrawChar(char, unsigned short, short, short)
                         0x801'7a3d   0x17e  Code  Gb  lcd_ui.o [1]
LCDUI_DrawFastHLine(short, short, short)
                         0x801'764d    0x64  Code  Gb  lcd_ui.o [1]
LCDUI_DrawFastVLine(short, short, short)
                         0x801'75e9    0x64  Code  Gb  lcd_ui.o [1]
LCDUI_DrawPixel(unsigned short, unsigned short)
                         0x801'75ad    0x3c  Code  Gb  lcd_ui.o [1]
LCDUI_DrawRoundRect(short, short, short, short, short)
                         0x801'772f    0xea  Code  Gb  lcd_ui.o [1]
LCDUI_DrawText(char *, unsigned short, short, short, short, short, TSIZE *)
                         0x801'7bd5   0x2ce  Code  Gb  lcd_ui.o [1]
LCDUI_FillRect(short, short, short, short)
                         0x801'76b1    0x7e  Code  Gb  lcd_ui.o [1]
LCDUI_FillRoundRect(short, short, short, short, short)
                         0x801'7819    0x82  Code  Gb  lcd_ui.o [1]
LCDUI_GetCurrentBackColor()
                         0x801'7587     0x8  Code  Gb  lcd_ui.o [1]
LCDUI_GetCurrentColor()
                         0x801'757f     0x8  Code  Gb  lcd_ui.o [1]
LCDUI_GetCurrentCursorY()
                         0x801'7573     0xc  Code  Gb  lcd_ui.o [1]
LCDUI_GetCurrentFontHeight()
                         0x801'7a33     0xa  Code  Gb  lcd_ui.o [1]
LCDUI_GetTextWidth(char *)
                         0x801'79f9    0x3a  Code  Gb  lcd_ui.o [1]
LCDUI_Init()             0x801'7365    0x42  Code  Gb  lcd_ui.o [1]
LCDUI_SetBackColor(unsigned short)
                         0x801'7547     0xe  Code  Gb  lcd_ui.o [1]
LCDUI_SetColor(unsigned short)
                         0x801'7539     0xe  Code  Gb  lcd_ui.o [1]
LCDUI_SetCursorCoord(short, short)
                         0x801'7555    0x1e  Code  Gb  lcd_ui.o [1]
LCDUI_SetFont(LCDUI_FONT_TYPE)
                         0x801'7977    0x82  Code  Gb  lcd_ui.o [1]
LCD_BackLight            0x801'83b1    0x1a  Code  Gb  lcd_low.o [1]
LCD_Clear                0x801'837d    0x34  Code  Gb  lcd_low.o [1]
LCD_CtrlLinesConfig      0x801'7ee1    0x9a  Code  Gb  lcd_low.o [1]
LCD_FSMCConfig           0x801'7f7b     0x8  Code  Gb  lcd_low.o [1]
LCD_Initializtion        0x801'8021   0x256  Code  Gb  lcd_low.o [1]
LCD_ReadRAM              0x801'7ff7     0xa  Code  Gb  lcd_low.o [1]
LCD_ReadReg              0x801'7f9d     0xa  Code  Gb  lcd_low.o [1]
LCD_Read_ID              0x801'8001    0x20  Code  Gb  lcd_low.o [1]
LCD_SetCursor            0x801'8277    0x60  Code  Gb  lcd_low.o [1]
LCD_SetWindows           0x801'82d7    0xa6  Code  Gb  lcd_low.o [1]
LCD_WaitDMAReady         0x801'7fe7    0x10  Code  Gb  lcd_low.o [1]
LCD_WriteCmd             0x801'7fa7     0x8  Code  Gb  lcd_low.o [1]
LCD_WriteRAM             0x801'7fb9     0x8  Code  Gb  lcd_low.o [1]
LCD_WriteRAM_DMA         0x801'7fc1    0x26  Code  Gb  lcd_low.o [1]
LCD_WriteRAM_Prepare     0x801'7faf     0xa  Code  Gb  lcd_low.o [1]
LCD_WriteReg             0x801'7f8f     0xe  Code  Gb  lcd_low.o [1]
LCD_X_Init               0x801'7f83     0xc  Code  Gb  lcd_low.o [1]
LfnBuf                  0x2000'5ca0   0x200  Data  Lc  ff.o [1]
LfnOfs                   0x803'2788    0x10  Data  Lc  ff.o [1]
LoadInt                  0x801'8c37    0x7a  Code  Lc  xprintffull.o [2]
MIPI_Off()               0x802'1987    0x2c  Code  Gb  ssd_utils.o [1]
MIPI_On()                0x802'19b3    0x2c  Code  Gb  ssd_utils.o [1]
MX_FSMC_Init             0x801'99e5    0x82  Code  Gb  fsmc.o [1]
MemManage_Handler        0x803'1741     0x2  Code  Gb  stm32f4xx_it.o [1]
[...]
                         0x802'cda5    0xba  Code  Gb  tgui_filesscreenfuncs.o [1]
_tgui_InfoScreenFansTimePaint(void *, void *)
                         0x803'1579    0x34  Code  Gb  tgui_infoscreenfuncs.o [1]
_tgui_InfoScreenLightTimePaint(void *, void *)
                         0x803'1545    0x34  Code  Gb  tgui_infoscreenfuncs.o [1]
_tgui_InfoScreenUIAuthorPaint(void *, void *)
                         0x803'15c1    0x14  Code  Gb  tgui_infoscreenfuncs.o [1]
_tgui_InfoScreenURLPaint(void *, void *)
                         0x803'15ad    0x14  Code  Gb  tgui_infoscreenfuncs.o [1]
_tgui_InfoScreenVersionPaint(void *, void *)
                         0x803'151d    0x28  Code  Gb  tgui_infoscreenfuncs.o [1]
_tgui_LanguageButtonPress(void *, void *)
                         0x803'236d    0x1c  Code  Gb  tgui_langscreenfuncs.o [1]
_tgui_MovezBackButtonPress(void *, void *)
                         0x801'e57d    0x28  Code  Gb  tgui_movezscreenfuncs.o [1]
_tgui_MovezDownButtonPress(void *, void *)
                         0x801'e7ad   0x17e  Code  Gb  tgui_movezscreenfuncs.o [1]
_tgui_MovezHomeButtonPress(void *, void *)
                         0x801'e5ed    0x26  Code  Gb  tgui_movezscreenfuncs.o [1]
_tgui_MovezScreenProcess(void *, void *)
                         0x801'ea11     0x8  Code  Gb  tgui_movezscreenfuncs.o [1]
_tgui_MovezSetZ0ButtonPress(void *, void *)
                         0x801'e92b    0x2c  Code  Gb  tgui_movezscreenfuncs.o [1]
_tgui_MovezStepSelectButtonPress(void *, void *)
                         0x801'e629    0x46  Code  Gb  tgui_movezscreenfuncs.o [1]
_tgui_MovezStopButtonPress(void *, void *)
                         0x801'e5a5    0x48  Code  Gb  tgui_movezscreenfuncs.o [1]
_tgui_MovezUpButtonPress(void *, void *)
                         0x801'e66f   0x13e  Code  Gb  tgui_movezscreenfuncs.o [1]
_tgui_MovezUpdateHomed()
                         0x801'e957    0x92  Code  Gb  tgui_movezscreenfuncs.o [1]
_tgui_MsgBoxButtonProcess(void *, void *)
                         0x801'7029   0x13a  Code  Gb  tgui_messagebox.o [1]
_tgui_MsgBoxPaint()      0x801'6e1d   0x20c  Code  Gb  tgui_messagebox.o [1]
_tgui_MsgBoxProcess()    0x801'6d4d    0xd0  Code  Gb  tgui_messagebox.o [1]
_tgui_MsgBoxShow(MSGBOXTYPE, char *, char *, void (*)(void *, void *), void (*)(void *, void *))
                         0x801'6a29   0x324  Code  Gb  tgui_messagebox.o [1]
_tgui_ScreenTimeInit()   0x801'5e85    0x24  Code  Gb  tgui_defaultfuncs.o [1]
_tgui_ScreenTimePaint(void *, void *)
                         0x801'5ee7    0xc4  Code  Gb  tgui_defaultfuncs.o [1]
_tgui_ScreenTimeProcess(void *, void *)
                         0x801'5ea9    0x3e  Code  Gb  tgui_defaultfuncs.o [1]
_tgui_ScreenTimeProcess(void *, void *)::minutes
                        0x2000'6fe1     0x1  Data  Lc  tgui_defaultfuncs.o [1]
_tgui_StartHoming(void *, void *)
                         0x801'e615    0x14  Code  Gb  tgui_movezscreenfuncs.o [1]
_touch_ReadCoords        0x801'8791    0xc8  Code  Gb  touch.o [1]
_touch_RefreshState      0x801'8859   0x126  Code  Gb  touch.o [1]
abort                    0x801'c5b3     0x6  Code  Gb  abort.o [2]
activefilelist          0x2000'6fe3     0x1  Data  Gb  tgui_filesscreenfuncs.o [1]
add_segment              0x802'9261   0x1f2  Code  Lc  dlmalloc.o [2]
atof                     0x802'26a1     0x8  Code  Gb  strto64.o [4]
atoi                     0x801'f50d     0x2  Code  Gb  iar_Stoulx.o [2]
ceilf                    0x802'273d          Code  Gb  ceilf.o [4]
cfgCFileName            0x2000'5aa0   0x200  Data  Gb  config.o [1]
cfgConfig               0x2000'6ef4    0x10  Data  Gb  config.o [1]
cfgTFileName            0x2000'306c   0x400  Data  Gb  config.o [1]
cfgTimers               0x2000'6e94    0x1c  Data  Gb  config.o [1]
cfgzMotor               0x2000'6b50    0x50  Data  Gb  config.o [1]
cfname                  0x2000'3c6c   0x400  Data  Gb  main.o [1]
check_fs                 0x801'1635    0x76  Code  Lc  ff.o [1]
chk_chr                  0x801'020f    0x14  Code  Lc  ff.o [1]
clngLangEng              0x803'134c    0xe8  Data  Lc  languages.o [1]
clngLangRus              0x803'1434    0xe8  Data  Lc  languages.o [1]
clst2sect                0x801'0403    0x1a  Code  Lc  ff.o [1]
cmd                     0x2000'6f48     0x4  Data  Gb  cpld_utils.o [1]
cmp_lfn                  0x801'0afd    0xa0  Code  Lc  ff.o [1]
create_chain             0x801'0711   0x130  Code  Lc  ff.o [1]
create_name              0x801'12c1   0x286  Code  Lc  ff.o [1]
create_partition         0x801'24af   0x1a8  Code  Lc  ff.o [1]
currdir                 0x2000'0080   0x200  Data  Gb  tgui_filesscreenfuncs.o [1]
d                       0x2000'6f5c     0x4  Data  Gb  spi_flash.o [1]
dbc_1st                  0x801'0223     0xe  Code  Lc  ff.o [1]
dbc_2nd                  0x801'0231     0xe  Code  Lc  ff.o [1]
ddiv                     0x802'2255    0xc4  Code  Lc  strto64.o [4]
digits                   0x803'1b68    0x28  Data  Lc  iar_Stoulx.o [2]
dir                     0x2000'6c70    0x34  Data  Gb  main.o [1]
dir_alloc                0x801'0a49    0x64  Code  Lc  ff.o [1]
dir_clear                0x801'0841    0x64  Code  Lc  ff.o [1]
dir_find                 0x801'0e7b   0x118  Code  Lc  ff.o [1]
dir_next                 0x801'0957    0xf2  Code  Lc  ff.o [1]
dir_read                 0x801'0d7b   0x100  Code  Lc  ff.o [1]
dir_register             0x801'0f93   0x166  Code  Lc  ff.o [1]
dir_sdi                  0x801'08a5    0xb2  Code  Lc  ff.o [1]
disk                    0x2000'6f04    0x10  Data  Gb  ff_gen_drv.o [1]
disk_initialize          0x801'2d3b    0x32  Code  Gb  diskio.o [1]
disk_ioctl               0x801'2da9    0x20  Code  Gb  diskio.o [1]
disk_read                0x801'2d6d    0x1e  Code  Gb  diskio.o [1]
disk_status              0x801'2d1d    0x1e  Code  Gb  diskio.o [1]
disk_write               0x801'2d8b    0x1e  Code  Gb  diskio.o [1]
dmul                     0x802'218d    0xc6  Code  Lc  strto64.o [4]
exit                     0x803'2243     0x4  Code  Gb  exit.o [2]
fMoveStep               0x2000'0280     0x4  Data  Gb  tgui_movezscreenfuncs.o [1]
f_close                  0x801'20db    0x2a  Code  Gb  ff.o [1]
f_closedir               0x801'2337    0x1c  Code  Gb  ff.o [1]
f_getfree                0x801'23af   0x100  Code  Gb  ff.o [1]
f_lseek                  0x801'2105   0x1aa  Code  Gb  ff.o [1]
f_mkfs                   0x801'2657   0x692  Code  Gb  ff.o [1]
f_mkfs::cst              0x803'2798    0x10  Data  Lc  ff.o [1]
f_mkfs::cst32            0x803'27a8    0x10  Data  Lc  ff.o [1]
f_mkfs::defopt           0x803'27b8    0x10  Data  Lc  ff.o [1]
f_mount                  0x801'19c7    0x54  Code  Gb  ff.o [1]
f_open                   0x801'1a3d   0x21a  Code  Gb  ff.o [1]
f_opendir                0x801'22af    0x88  Code  Gb  ff.o [1]
f_read                   0x801'1c57   0x1cc  Code  Gb  ff.o [1]
f_readdir                0x801'2353    0x5c  Code  Gb  ff.o [1]
f_sync                   0x801'203b    0xa0  Code  Gb  ff.o [1]
f_write                  0x801'1e23   0x218  Code  Gb  ff.o [1]
fbuff                   0x1000'0000  0x4000  Data  Gb  main.o [1]
ff_oem2uni               0x801'2e13    0x3a  Code  Gb  ffunicode.o [1]
ff_uni2oem               0x801'2dcd    0x46  Code  Gb  ffunicode.o [1]
ff_wtoupper              0x801'2e4d    0xb6  Code  Gb  ffunicode.o [1]
ff_wtoupper::cvt1        0x803'0668   0x1f4  Data  Lc  ffunicode.o [1]
ff_wtoupper::cvt2        0x803'15e4    0xbc  Data  Lc  ffunicode.o [1]
files                   0x2000'23a4   0x830  Data  Gb  tgui_filesscreenfuncs.o [1]
find_volume              0x801'16b1    0x6c  Code  Lc  ff.o [1]
finfo                   0x2000'587c   0x224  Data  Gb  main.o [1]
floorf                   0x802'2825          Code  Gb  floorf.o [4]
fnt12_data               0x802'f948   0x6b4  Data  Gb  fnt12.o [1]
fnt12_width              0x803'09a0   0x140  Data  Gb  fnt12.o [1]
fnt12bold_data           0x802'f1c0   0x788  Data  Gb  fnt12bold.o [1]
fnt12bold_width          0x803'0ae0   0x140  Data  Gb  fnt12bold.o [1]
fnt18_data               0x802'b46c   0xea4  Data  Gb  fnt18.o [1]
fnt18_width              0x803'0c20   0x140  Data  Gb  fnt18.o [1]
fnt18bold_data           0x802'a3a4  0x10c8  Data  Gb  fnt18bold.o [1]
fnt18bold_width          0x803'0d60   0x140  Data  Gb  fnt18bold.o [1]
fnt24_data               0x802'753c  0x195c  Data  Gb  fnt24.o [1]
fnt24_width              0x803'0ea0   0x140  Data  Gb  fnt24.o [1]
fnt24bold_data           0x802'54a8  0x2094  Data  Gb  fnt24bold.o [1]
fnt24bold_width          0x803'0fe0   0x140  Data  Gb  fnt24bold.o [1]
fnt36num_lcd_data        0x802'fffc   0x66c  Data  Gb  fnt36num_lcd.o [1]
fnt36num_lcd_width       0x803'1d10    0x38  Data  Gb  fnt36num_lcd.o [1]
fnt48num_lcd_data        0x802'd5bc   0xbcc  Data  Gb  fnt48num_lcd.o [1]
fnt48num_lcd_width       0x803'1d48    0x38  Data  Gb  fnt48num_lcd.o [1]
follow_path              0x801'154d    0x9a  Code  Lc  ff.o [1]
font_fnt12              0x2000'0000     0xc  Data  Gb  fnt12.o [1]
font_fnt12bold          0x2000'000c     0xc  Data  Gb  fnt12bold.o [1]
font_fnt18              0x2000'0018     0xc  Data  Gb  fnt18.o [1]
font_fnt18bold          0x2000'0024     0xc  Data  Gb  fnt18bold.o [1]
font_fnt24              0x2000'0030     0xc  Data  Gb  fnt24.o [1]
font_fnt24bold          0x2000'003c     0xc  Data  Gb  fnt24bold.o [1]
font_fnt36num_lcd       0x2000'0048     0xc  Data  Gb  fnt36num_lcd.o [1]
font_fnt48num_lcd       0x2000'0054     0xc  Data  Gb  fnt48num_lcd.o [1]
fpws_header             0x2000'6ca4    0x30  Data  Gb  files_pws.o [1]
fpws_info               0x2000'6afc    0x54  Data  Gb  files_pws.o [1]
fpws_preview            0x2000'6eb0    0x1c  Data  Gb  files_pws.o [1]
free                     0x802'edd1     0x4  Code  Gb  heaptramp0.o [2]
gen_numname              0x801'0cb9    0xa2  Code  Lc  ff.o [1]
get_fat                  0x801'041d   0x10a  Code  Lc  ff.o [1]
get_fattime              0x801'2f2d    0x50  Code  Gb  fatfs.o [1]
get_fileinfo             0x801'10f9   0x1c8  Code  Lc  ff.o [1]
get_ldnumber             0x801'15e7    0x4e  Code  Lc  ff.o [1]
hFlashSpi               0x2000'67e8    0x80  Data  Gb  fst_spi.o [1]
hFlashSpiDmaRx          0x2000'6988    0x60  Data  Gb  fst_spi.o [1]
hFlashSpiDmaTx          0x2000'69e8    0x60  Data  Gb  fst_spi.o [1]
hI2C                    0x2000'6aa8    0x54  Data  Gb  eeprom.o [1]
hLcdDma                 0x2000'6a48    0x60  Data  Gb  lcd_low.o [1]
hRTC                    0x2000'6e74    0x20  Data  Gb  rtc.o [1]
hStepperTim             0x2000'6bf0    0x40  Data  Gb  tim.o [1]
hTouchSpi               0x2000'6768    0x80  Data  Gb  fst_spi.o [1]
hTouchSpiDmaRx          0x2000'6868    0x60  Data  Gb  fst_spi.o [1]
hTouchSpiDmaTx          0x2000'68c8    0x60  Data  Gb  fst_spi.o [1]
hUsbHost                0x2000'446c   0x3d8  Data  Gb  usb_host.o [1]
hZRefTim                0x2000'6c30    0x40  Data  Gb  tim.o [1]
hhcd_USB_OTG_FS         0x2000'55b8   0x2c4  Data  Gb  usbh_conf.o [1]
hsram1                  0x2000'6ba0    0x50  Data  Gb  fsmc.o [1]
i2c_timer               0x2000'6fd8     0x1  Data  Gb  eeprom.o [1]
idle()                   0x801'e12d     0xa  Code  Gb  motor.o [1]
idle()::idlecount       0x2000'6f50     0x4  Data  Lc  motor.o [1]
init_mparams             0x802'8eb3    0x32  Code  Lc  dlmalloc.o [2]
init_top                 0x802'8ee5    0x36  Code  Lc  dlmalloc.o [2]
isalpha                  0x802'4ad1    0x14  Code  Gb  isalpha.o [2]
isspace                  0x802'26a9    0x14  Code  Gb  isspace.o [2]
lastfilenum             0x2000'0331     0x1  Data  Gb  tgui_filesscreenfuncs.o [1]
lcdui_bgcolor           0x2000'6fd4     0x2  Data  Gb  lcd_ui.o [1]
lcdui_color             0x2000'032c     0x2  Data  Gb  lcd_ui.o [1]
lcdui_current_font      0x2000'0074     0x4  Data  Gb  lcd_ui.o [1]
lcdui_current_font_type
                        0x2000'032e     0x1  Data  Gb  lcd_ui.o [1]
lcdui_cursor_x          0x2000'6fd0     0x2  Data  Gb  lcd_ui.o [1]
lcdui_cursor_y          0x2000'6fd2     0x2  Data  Gb  lcd_ui.o [1]
lcdui_height            0x2000'032a     0x2  Data  Gb  lcd_ui.o [1]
lcdui_width             0x2000'0328     0x2  Data  Gb  lcd_ui.o [1]
ld_clust                 0x801'0aad    0x26  Code  Lc  ff.o [1]
ld_dword                 0x801'0195    0x16  Code  Lc  ff.o [1]
ld_word                  0x801'0189     0xc  Code  Lc  ff.o [1]
ldexp                    0x801'abe1          Code  Gb  ldexp.o [4]
ldexpl                   0x801'abe1          Code  Gb  ldexp.o [4]
lngCurrent              0x2000'0070     0x4  Data  Gb  languages.o [1]
lngLanguages            0x2000'0060    0x10  Data  Gb  languages.o [1]
localeconv               0x801'a675     0x4  Code  Gb  xlocale_c.o [2]
lroundf                  0x802'29d9          Code  Gb  lroundf.o [4]
main                     0x801'b151   0xa7a  Code  Gb  main.o [1]
mem_cmp                  0x801'01f1    0x1e  Code  Lc  ff.o [1]
mem_cpy                  0x801'01d1    0x14  Code  Lc  ff.o [1]
mem_set                  0x801'01e5     0xc  Code  Lc  ff.o [1]
memchr                   0x801'a6d9          Code  Gb  memchr.o [5]
mount_volume             0x801'171d   0x262  Code  Lc  ff.o [1]
move_window              0x801'0331    0x3e  Code  Lc  ff.o [1]
mparams                 0x2000'6ecc    0x18  Data  Lc  dlmalloc.o [2]
msg                     0x2000'5ea0   0x200  Data  Gb  main.o [1]
ndigs                    0x803'1b40    0x28  Data  Lc  iar_Stoulx.o [2]
nomorefiles             0x2000'6fe5     0x1  Data  Gb  tgui_filesscreenfuncs.o [1]
oldUsbMounted           0x2000'6fe2     0x1  Data  Gb  tgui_filesscreenfuncs.o [1]
pfile_type              0x2000'6fe0     0x1  Data  Gb  prtfiles.o [1]
pick_lfn                 0x801'0b9d    0x90  Code  Lc  ff.o [1]
pows                     0x803'1b90    0x48  Data  Lc  strto64.o [4]
prepend_alloc            0x802'8f1b   0x346  Code  Lc  dlmalloc.o [2]
prt_file                0x2000'6f54     0x4  Data  Gb  prtfiles.o [1]
put_fat                  0x801'0527   0x15c  Code  Lc  ff.o [1]
put_lfn                  0x801'0c2d    0x84  Code  Lc  ff.o [1]
put_utf                  0x801'0285    0x5c  Code  Lc  ff.o [1]
remove_chain             0x801'0683    0x8e  Code  Lc  ff.o [1]
retSPIFL                0x2000'6fda     0x1  Data  Gb  fatfs.o [1]
retUSBH                 0x2000'6fd9     0x1  Data  Gb  fatfs.o [1]
s_tfname                0x2000'386c   0x400  Data  Gb  main.o [1]
scalbln                  0x801'abe1          Code  Gb  ldexp.o [4]
scalblnl                 0x801'abe1          Code  Gb  ldexp.o [4]
scalbn                   0x801'abe1          Code  Gb  ldexp.o [4]
scalbnl                  0x801'abe1          Code  Gb  ldexp.o [4]
scale                    0x801'924b    0x46  Code  Lc  xprintffull.o [2]
scrTimeTimer            0x2000'0330     0x1  Data  Gb  tgui_defaultfuncs.o [1]
sec_hand                0x2000'6fc4     0x4  Data  Lc  xfail_s.o [2]
segment_holding          0x802'8e99    0x1a  Code  Lc  dlmalloc.o [2]
sfile                   0x1000'5028  0x1028  Data  Gb  main.o [1]
sprintf                  0x801'7325    0x40  Code  Gb  sprintf.o [2]
sqrtf                    0x802'2929          Code  Gb  sqrtf.o [4]
srvMode                 0x2000'6fdf     0x1  Data  Gb  main.o [1]
st_clust                 0x801'0ad3    0x2a  Code  Lc  ff.o [1]
st_dword                 0x801'01b9    0x18  Code  Lc  ff.o [1]
st_word                  0x801'01ab     0xe  Code  Lc  ff.o [1]
strcat                   0x802'd201    0x1e  Code  Gb  strcat.o [2]
strchr                   0x801'a681          Code  Gb  strchr.o [5]
strcmp                   0x801'e4b9          Code  Gb  strcmp.o [5]
strcpy                   0x802'd1e9          Code  Gb  strcpy.o [5]
strcpy_utf(char *, char *)
                         0x801'8611    0x28  Code  Gb  unicode_utils.o [1]
strlen                   0x801'34d5          Code  Gb  strlen.o [5]
strncpy                  0x801'8a05          Code  Gb  strncpy.o [5]
strtoul                  0x801'f519     0x2  Code  Gb  iar_Stoulx.o [2]
strtrim(char *)          0x801'86cb    0x5e  Code  Gb  unicode_utils.o [1]
strupper_utf(char *)     0x801'8729    0x5e  Code  Gb  unicode_utils.o [1]
subdir                  0x2000'6fe4     0x1  Data  Gb  tgui_filesscreenfuncs.o [1]
sum_sfn                  0x801'0d5b    0x20  Code  Lc  ff.o [1]
sync_fs                  0x801'036f    0x94  Code  Lc  ff.o [1]
sync_window              0x801'02e1    0x50  Code  Lc  ff.o [1]
sys_alloc                0x802'9459   0x164  Code  Lc  dlmalloc.o [2]
sys_trim                 0x802'95bd    0x64  Code  Lc  dlmalloc.o [2]
systemInfo              0x2000'6ee4    0x10  Data  Gb  config.o [1]
tchar2uni                0x801'023f    0x46  Code  Lc  ff.o [1]
tfname                  0x1000'7078   0x400  Data  Gb  tgui.o [1]
tguiActiveScreen        0x2000'6f68     0x4  Data  Gb  tgui.o [1]
tguiDBuff               0x2000'6ff4  0x1000  Data  Gb  tgui.o [1]
tguiDefaultConfig       0x2000'6e24    0x28  Data  Gb  tgui.o [1]
tguiFBuff               0x2000'7ff4   0x200  Data  Gb  tgui.o [1]
tguiFile                0x1000'6050  0x1028  Data  Gb  tgui.o [1]
tguiMsgBox              0x2000'4be0   0x348  Data  Gb  tgui.o [1]
tguiScrFilesButtons     0x2000'5270   0x348  Data  Gb  tgui.o [1]
tguiScrFilesListButtons
                        0x2000'2bd4   0x498  Data  Gb  tgui.o [1]
tguiScrInfoButtons      0x2000'4844   0x39c  Data  Gb  tgui.o [1]
tguiScrLanguageButtons  0x2000'666c    0xfc  Data  Gb  tgui.o [1]
tguiScrMainButtons      0x2000'641c   0x150  Data  Gb  tgui.o [1]
tguiScrMovezButtons     0x2000'4f28   0x348  Data  Gb  tgui.o [1]
tguiScrServiceButtons   0x2000'6278   0x1a4  Data  Gb  tgui.o [1]
tguiScreenFiles         0x2000'6dc4    0x30  Data  Gb  tgui.o [1]
tguiScreenFilesList     0x2000'6df4    0x30  Data  Gb  tgui.o [1]
tguiScreenInfo          0x2000'6d64    0x30  Data  Gb  tgui.o [1]
tguiScreenLanguage      0x2000'6d34    0x30  Data  Gb  tgui.o [1]
tguiScreenMain          0x2000'6cd4    0x30  Data  Gb  tgui.o [1]
tguiScreenMovez         0x2000'6d94    0x30  Data  Gb  tgui.o [1]
tguiScreenService       0x2000'6d04    0x30  Data  Gb  tgui.o [1]
tguiTimer               0x2000'6fdd     0x1  Data  Gb  main.o [1]
tmalloc_large            0x802'962d   0x386  Code  Lc  dlmalloc.o [2]
tmalloc_small            0x802'99b3   0x200  Code  Lc  dlmalloc.o [2]
tolower                  0x802'26bd    0x14  Code  Gb  tolower.o [2]
touch_buff              0x2000'6928    0x60  Data  Gb  fst_spi.o [1]
touch_info              0x2000'6f14    0x10  Data  Gb  touch.o [1]
touch_point             0x2000'6f6c     0x4  Data  Gb  touch.o [1]
tstrcat(unsigned short *, unsigned short *)
                         0x801'865b    0x2c  Code  Gb  unicode_utils.o [1]
tstrcat_utf(unsigned short *, char *)
                         0x801'8687    0x44  Code  Gb  unicode_utils.o [1]
tstrcpy(unsigned short *, unsigned short *)
                         0x801'8639    0x22  Code  Gb  unicode_utils.o [1]
u_tfname                0x2000'346c   0x400  Data  Gb  main.o [1]
uc866                    0x803'124c   0x100  Data  Lc  ffunicode.o [1]
ufile                   0x1000'4000  0x1028  Data  Gb  main.o [1]
uwTick                  0x2000'6f60     0x4  Data  Gb  stm32f4xx_hal.o [1]
uwTickFreq              0x2000'032f     0x1  Data  Gb  stm32f4xx_hal.o [1]
uwTickPrio              0x2000'0078     0x4  Data  Gb  stm32f4xx_hal.o [1]
validate                 0x801'197f    0x48  Code  Lc  ff.o [1]
zHoldTimer              0x2000'6fde     0x1  Data  Gb  main.o [1]
zPlanner                0x2000'6fe9     0x1  Data  Gb  z_planner.o [1]


[1] = D:\Electronics\Projects\MKS_DLP_new\SRC\firmware\MKSDLP_Alter_Debug\Obj
[2] = dl7M_tlf.a
[3] = dlpp7M_tl_fc.a
[4] = m7M_tls.a
[5] = rt7M_tl.a
[6] = shb_l.a

  102 773 bytes of readonly  code memory
   40 163 bytes of readonly  data memory
   87 659 bytes of readwrite data memory

Errors: none
Warnings: none
