###############################################################################
#
# IAR ELF Linker V8.32.1.169/W32 for ARM                  16/Sep/2020  15:23:03
# Copyright 2007-2018 IAR Systems AB.
#
#    Output file  =  
#        D:\Electronics\Projects\MKS_DLP_new\SRC\firmware\MKSDLP_Alter_debug\Exe\MKS_DLP_new.out
#    Map file     =  
#        D:\Electronics\Projects\MKS_DLP_new\SRC\firmware\MKSDLP_Alter_debug\List\MKS_DLP_new.map
#    Command line =  
#        -f C:\Temp\EW8A48.tmp
#        (D:\Electronics\Projects\MKS_DLP_new\SRC\firmware\MKSDLP_Alter_Debug\Obj\config.o
#        D:\Electronics\Projects\MKS_DLP_new\SRC\firmware\MKSDLP_Alter_Debug\Obj\cpld_utils.o
#        D:\Electronics\Projects\MKS_DLP_new\SRC\firmware\MKSDLP_Alter_Debug\Obj\datetime.o
#        D:\Electronics\Projects\MKS_DLP_new\SRC\firmware\MKSDLP_Alter_Debug\Obj\diskio.o
#        D:\Electronics\Projects\MKS_DLP_new\SRC\firmware\MKSDLP_Alter_Debug\Obj\eeprom.o
#        D:\Electronics\Projects\MKS_DLP_new\SRC\firmware\MKSDLP_Alter_Debug\Obj\fatfs.o
#        D:\Electronics\Projects\MKS_DLP_new\SRC\firmware\MKSDLP_Alter_Debug\Obj\ff.o
#        D:\Electronics\Projects\MKS_DLP_new\SRC\firmware\MKSDLP_Alter_Debug\Obj\ff_gen_drv.o
#        D:\Electronics\Projects\MKS_DLP_new\SRC\firmware\MKSDLP_Alter_Debug\Obj\ffsystem.o
#        D:\Electronics\Projects\MKS_DLP_new\SRC\firmware\MKSDLP_Alter_Debug\Obj\ffunicode.o
#        D:\Electronics\Projects\MKS_DLP_new\SRC\firmware\MKSDLP_Alter_Debug\Obj\files_pws.o
#        D:\Electronics\Projects\MKS_DLP_new\SRC\firmware\MKSDLP_Alter_Debug\Obj\fnt12.o
#        D:\Electronics\Projects\MKS_DLP_new\SRC\firmware\MKSDLP_Alter_Debug\Obj\fnt12bold.o
#        D:\Electronics\Projects\MKS_DLP_new\SRC\firmware\MKSDLP_Alter_Debug\Obj\fnt18.o
#        D:\Electronics\Projects\MKS_DLP_new\SRC\firmware\MKSDLP_Alter_Debug\Obj\fnt18bold.o
#        D:\Electronics\Projects\MKS_DLP_new\SRC\firmware\MKSDLP_Alter_Debug\Obj\fnt24.o
#        D:\Electronics\Projects\MKS_DLP_new\SRC\firmware\MKSDLP_Alter_Debug\Obj\fnt24bold.o
#        D:\Electronics\Projects\MKS_DLP_new\SRC\firmware\MKSDLP_Alter_Debug\Obj\fnt36num.o
#        D:\Electronics\Projects\MKS_DLP_new\SRC\firmware\MKSDLP_Alter_Debug\Obj\fnt36num_lcd.o
#        D:\Electronics\Projects\MKS_DLP_new\SRC\firmware\MKSDLP_Alter_Debug\Obj\fnt48num_lcd.o
#        D:\Electronics\Projects\MKS_DLP_new\SRC\firmware\MKSDLP_Alter_Debug\Obj\fsmc.o
#        D:\Electronics\Projects\MKS_DLP_new\SRC\firmware\MKSDLP_Alter_Debug\Obj\fst_spi.o
#        D:\Electronics\Projects\MKS_DLP_new\SRC\firmware\MKSDLP_Alter_Debug\Obj\gpio.o
#        D:\Electronics\Projects\MKS_DLP_new\SRC\firmware\MKSDLP_Alter_Debug\Obj\languages.o
#        D:\Electronics\Projects\MKS_DLP_new\SRC\firmware\MKSDLP_Alter_Debug\Obj\lcd_low.o
#        D:\Electronics\Projects\MKS_DLP_new\SRC\firmware\MKSDLP_Alter_Debug\Obj\lcd_ui.o
#        D:\Electronics\Projects\MKS_DLP_new\SRC\firmware\MKSDLP_Alter_Debug\Obj\main.o
#        D:\Electronics\Projects\MKS_DLP_new\SRC\firmware\MKSDLP_Alter_Debug\Obj\motor.o
#        D:\Electronics\Projects\MKS_DLP_new\SRC\firmware\MKSDLP_Alter_Debug\Obj\printing.o
#        D:\Electronics\Projects\MKS_DLP_new\SRC\firmware\MKSDLP_Alter_Debug\Obj\prtfiles.o
#        D:\Electronics\Projects\MKS_DLP_new\SRC\firmware\MKSDLP_Alter_Debug\Obj\rtc.o
#        D:\Electronics\Projects\MKS_DLP_new\SRC\firmware\MKSDLP_Alter_Debug\Obj\spi_flash.o
#        D:\Electronics\Projects\MKS_DLP_new\SRC\firmware\MKSDLP_Alter_Debug\Obj\spifl_diskio.o
#        D:\Electronics\Projects\MKS_DLP_new\SRC\firmware\MKSDLP_Alter_Debug\Obj\ssd_utils.o
#        D:\Electronics\Projects\MKS_DLP_new\SRC\firmware\MKSDLP_Alter_Debug\Obj\startup_stm32f407xx.o
#        D:\Electronics\Projects\MKS_DLP_new\SRC\firmware\MKSDLP_Alter_Debug\Obj\stm32f4xx_hal.o
#        D:\Electronics\Projects\MKS_DLP_new\SRC\firmware\MKSDLP_Alter_Debug\Obj\stm32f4xx_hal_cortex.o
#        D:\Electronics\Projects\MKS_DLP_new\SRC\firmware\MKSDLP_Alter_Debug\Obj\stm32f4xx_hal_dma.o
#        D:\Electronics\Projects\MKS_DLP_new\SRC\firmware\MKSDLP_Alter_Debug\Obj\stm32f4xx_hal_dma_ex.o
#        D:\Electronics\Projects\MKS_DLP_new\SRC\firmware\MKSDLP_Alter_Debug\Obj\stm32f4xx_hal_exti.o
#        D:\Electronics\Projects\MKS_DLP_new\SRC\firmware\MKSDLP_Alter_Debug\Obj\stm32f4xx_hal_flash.o
#        D:\Electronics\Projects\MKS_DLP_new\SRC\firmware\MKSDLP_Alter_Debug\Obj\stm32f4xx_hal_flash_ex.o
#        D:\Electronics\Projects\MKS_DLP_new\SRC\firmware\MKSDLP_Alter_Debug\Obj\stm32f4xx_hal_flash_ramfunc.o
#        D:\Electronics\Projects\MKS_DLP_new\SRC\firmware\MKSDLP_Alter_Debug\Obj\stm32f4xx_hal_gpio.o
#        D:\Electronics\Projects\MKS_DLP_new\SRC\firmware\MKSDLP_Alter_Debug\Obj\stm32f4xx_hal_hcd.o
#        D:\Electronics\Projects\MKS_DLP_new\SRC\firmware\MKSDLP_Alter_Debug\Obj\stm32f4xx_hal_i2c.o
#        D:\Electronics\Projects\MKS_DLP_new\SRC\firmware\MKSDLP_Alter_Debug\Obj\stm32f4xx_hal_msp.o
#        D:\Electronics\Projects\MKS_DLP_new\SRC\firmware\MKSDLP_Alter_Debug\Obj\stm32f4xx_hal_pwr.o
#        D:\Electronics\Projects\MKS_DLP_new\SRC\firmware\MKSDLP_Alter_Debug\Obj\stm32f4xx_hal_pwr_ex.o
#        D:\Electronics\Projects\MKS_DLP_new\SRC\firmware\MKSDLP_Alter_Debug\Obj\stm32f4xx_hal_rcc.o
#        D:\Electronics\Projects\MKS_DLP_new\SRC\firmware\MKSDLP_Alter_Debug\Obj\stm32f4xx_hal_rcc_ex.o
#        D:\Electronics\Projects\MKS_DLP_new\SRC\firmware\MKSDLP_Alter_Debug\Obj\stm32f4xx_hal_rtc.o
#        D:\Electronics\Projects\MKS_DLP_new\SRC\firmware\MKSDLP_Alter_Debug\Obj\stm32f4xx_hal_rtc_ex.o
#        D:\Electronics\Projects\MKS_DLP_new\SRC\firmware\MKSDLP_Alter_Debug\Obj\stm32f4xx_hal_spi.o
#        D:\Electronics\Projects\MKS_DLP_new\SRC\firmware\MKSDLP_Alter_Debug\Obj\stm32f4xx_hal_sram.o
#        D:\Electronics\Projects\MKS_DLP_new\SRC\firmware\MKSDLP_Alter_Debug\Obj\stm32f4xx_hal_tim.o
#        D:\Electronics\Projects\MKS_DLP_new\SRC\firmware\MKSDLP_Alter_Debug\Obj\stm32f4xx_hal_tim_ex.o
#        D:\Electronics\Projects\MKS_DLP_new\SRC\firmware\MKSDLP_Alter_Debug\Obj\stm32f4xx_it.o
#        D:\Electronics\Projects\MKS_DLP_new\SRC\firmware\MKSDLP_Alter_Debug\Obj\stm32f4xx_ll_fsmc.o
#        D:\Electronics\Projects\MKS_DLP_new\SRC\firmware\MKSDLP_Alter_Debug\Obj\stm32f4xx_ll_usb.o
#        D:\Electronics\Projects\MKS_DLP_new\SRC\firmware\MKSDLP_Alter_Debug\Obj\sys_timer.o
#        D:\Electronics\Projects\MKS_DLP_new\SRC\firmware\MKSDLP_Alter_Debug\Obj\system_stm32f4xx.o
#        D:\Electronics\Projects\MKS_DLP_new\SRC\firmware\MKSDLP_Alter_Debug\Obj\tgui.o
#        D:\Electronics\Projects\MKS_DLP_new\SRC\firmware\MKSDLP_Alter_Debug\Obj\tgui_defaultfuncs.o
#        D:\Electronics\Projects\MKS_DLP_new\SRC\firmware\MKSDLP_Alter_Debug\Obj\tgui_filesscreenfuncs.o
#        D:\Electronics\Projects\MKS_DLP_new\SRC\firmware\MKSDLP_Alter_Debug\Obj\tgui_fileviewscreenfuncs.o
#        D:\Electronics\Projects\MKS_DLP_new\SRC\firmware\MKSDLP_Alter_Debug\Obj\tgui_infoscreenfuncs.o
#        D:\Electronics\Projects\MKS_DLP_new\SRC\firmware\MKSDLP_Alter_Debug\Obj\tgui_langscreenfuncs.o
#        D:\Electronics\Projects\MKS_DLP_new\SRC\firmware\MKSDLP_Alter_Debug\Obj\tgui_mainscreenfuncs.o
#        D:\Electronics\Projects\MKS_DLP_new\SRC\firmware\MKSDLP_Alter_Debug\Obj\tgui_messagebox.o
#        D:\Electronics\Projects\MKS_DLP_new\SRC\firmware\MKSDLP_Alter_Debug\Obj\tgui_movezscreenfuncs.o
#        D:\Electronics\Projects\MKS_DLP_new\SRC\firmware\MKSDLP_Alter_Debug\Obj\tgui_numenterscreenfuncs.o
#        D:\Electronics\Projects\MKS_DLP_new\SRC\firmware\MKSDLP_Alter_Debug\Obj\tgui_printscreenfuncs.o
#        D:\Electronics\Projects\MKS_DLP_new\SRC\firmware\MKSDLP_Alter_Debug\Obj\tgui_settingsscreenfuncs.o
#        D:\Electronics\Projects\MKS_DLP_new\SRC\firmware\MKSDLP_Alter_Debug\Obj\tim.o
#        D:\Electronics\Projects\MKS_DLP_new\SRC\firmware\MKSDLP_Alter_Debug\Obj\touch.o
#        D:\Electronics\Projects\MKS_DLP_new\SRC\firmware\MKSDLP_Alter_Debug\Obj\unicode_utils.o
#        D:\Electronics\Projects\MKS_DLP_new\SRC\firmware\MKSDLP_Alter_Debug\Obj\usb_host.o
#        D:\Electronics\Projects\MKS_DLP_new\SRC\firmware\MKSDLP_Alter_Debug\Obj\usbh_conf.o
#        D:\Electronics\Projects\MKS_DLP_new\SRC\firmware\MKSDLP_Alter_Debug\Obj\usbh_core.o
#        D:\Electronics\Projects\MKS_DLP_new\SRC\firmware\MKSDLP_Alter_Debug\Obj\usbh_ctlreq.o
#        D:\Electronics\Projects\MKS_DLP_new\SRC\firmware\MKSDLP_Alter_Debug\Obj\usbh_diskio.o
#        D:\Electronics\Projects\MKS_DLP_new\SRC\firmware\MKSDLP_Alter_Debug\Obj\usbh_ioreq.o
#        D:\Electronics\Projects\MKS_DLP_new\SRC\firmware\MKSDLP_Alter_Debug\Obj\usbh_msc.o
#        D:\Electronics\Projects\MKS_DLP_new\SRC\firmware\MKSDLP_Alter_Debug\Obj\usbh_msc_bot.o
#        D:\Electronics\Projects\MKS_DLP_new\SRC\firmware\MKSDLP_Alter_Debug\Obj\usbh_msc_scsi.o
#        D:\Electronics\Projects\MKS_DLP_new\SRC\firmware\MKSDLP_Alter_Debug\Obj\usbh_pipes.o
#        D:\Electronics\Projects\MKS_DLP_new\SRC\firmware\MKSDLP_Alter_Debug\Obj\usbh_platform.o
#        D:\Electronics\Projects\MKS_DLP_new\SRC\firmware\MKSDLP_Alter_Debug\Obj\uvdisplay.o
#        D:\Electronics\Projects\MKS_DLP_new\SRC\firmware\MKSDLP_Alter_Debug\Obj\z_endstops.o
#        D:\Electronics\Projects\MKS_DLP_new\SRC\firmware\MKSDLP_Alter_Debug\Obj\z_planner.o
#        D:\Electronics\Projects\MKS_DLP_new\SRC\firmware\MKSDLP_Alter_Debug\Obj\z_stepper.o
#        --redirect _Printf=_PrintfFull --redirect _Scanf=_ScanfFull
#        --no_out_extension -o
#        D:\Electronics\Projects\MKS_DLP_new\SRC\firmware\MKSDLP_Alter_debug\Exe\MKS_DLP_new.out
#        --map
#        D:\Electronics\Projects\MKS_DLP_new\SRC\firmware\MKSDLP_Alter_debug\List\MKS_DLP_new.map
#        --log libraries,call_graph --log_file
#        D:\Electronics\Projects\MKS_DLP_new\SRC\firmware\MKSDLP_Alter_debug\List\MKS_DLP_new.log
#        --config
#        D:\Electronics\Projects\MKS_DLP_new\SRC\firmware/config/stm32f407xx_flash.icf
#        --semihosting --entry __iar_program_start --merge_duplicate_sections
#        --vfe --text_out locale)
#
###############################################################################

*******************************************************************************
*** RUNTIME MODEL ATTRIBUTES
***

CppFlavor                     = *
__CPP_Exceptions              = Disabled
__CPP_Language                = C++14
__Heap_Handler                = DLMalloc
__SystemLibrary               = DLib
__dlib_dynamic_initialization = normal
__dlib_version                = 6


*******************************************************************************
*** HEAP SELECTION
***

The advanced heap was selected because the application calls memory
allocation functions outside of system library functions, and there
are calls to deallocation functions in the application.


*******************************************************************************
*** PLACEMENT SUMMARY
***

"A0":  place at 0x801'0000 { ro section .intvec };
"P1":  place in [from 0x801'0000 to 0x807'ffff] { ro };
define block CSTACK with size = 16K, alignment = 8 { };
define block HEAP with size = 8K, alignment = 8 { };
"P2":  place in [from 0x2000'0000 to 0x2001'ffff] {
          rw, block CSTACK, block HEAP };
"P3":  place in [from 0x1000'0000 to 0x1000'ffff] { rw section CCMRAM };
initialize by copy { rw };

  Section                Kind         Address     Size  Object
  -------                ----         -------     ----  ------
"A0":                                            0x188
  .intvec                ro code   0x801'0000    0x188  startup_stm32f407xx.o [1]
                                 - 0x801'0188    0x188

"P1":                                          0x2a36b
  .text                  ro code   0x801'0188   0x3b74  tgui.o [1]
  .text                  ro code   0x801'3cfc     0x66  ABImemset.o [5]
  .text                  ro code   0x801'3d62     0x7a  lz77_init_single.o [5]
  .text                  ro code   0x801'3ddc    0xaf8  tgui_defaultfuncs.o [1]
  .text                  ro code   0x801'48d4     0xa6  ABImemcpy.o [5]
  .text                  ro code   0x801'497a     0x3a  zero_init3.o [5]
  .text                  ro code   0x801'49b4     0x40  languages.o [1]
  .text                  ro code   0x801'49f4    0x754  tgui_messagebox.o [1]
  .text                  ro code   0x801'5148    0x1dc  sys_timer.o [1]
  .text                  ro code   0x801'5324    0x120  datetime.o [1]
  .text                  ro code   0x801'5444     0x40  sprintf.o [2]
  .text                  ro code   0x801'5484    0xbe8  lcd_ui.o [1]
  .text                  ro code   0x801'606c    0x520  lcd_low.o [1]
  .text                  ro code   0x801'658c   0x2be0  ff.o [1]
  .text                  ro code   0x801'916c    0x39a  unicode_utils.o [1]
  .text                  ro code   0x801'9506     0x26  xencoding_8859_1.o [2]
  .text                  ro code   0x801'952c    0x2c0  touch.o [1]
  .text                  ro code   0x801'97ec     0x70  strncpy.o [5]
  .text                  ro code   0x801'985c    0x418  stm32f4xx_hal_rtc.o [1]
  .text                  ro code   0x801'9c74    0xf46  xprintffull.o [2]
  .text                  ro code   0x801'abba     0x1e  xsscin.o [2]
  .text                  ro code   0x801'abd8     0x28  stm32f4xx_hal.o [1]
  .text                  ro code   0x801'ac00    0x114  fsmc.o [1]
  .text                  ro code   0x801'ad14    0x458  stm32f4xx_hal_dma.o [1]
  .text                  ro code   0x801'b16c    0x12c  stm32f4xx_hal_cortex.o [1]
  .text                  ro code   0x801'b298     0xb0  diskio.o [1]
  .text                  ro code   0x801'b348    0x144  ffunicode.o [1]
  .text                  ro code   0x801'b48c    0x158  fatfs.o [1]
  .text                  ro code   0x801'b5e4    0x598  fst_spi.o [1]
  .text                  ro code   0x801'bb7c      0xc  stm32f4xx_hal.o [1]
  .text                  ro code   0x801'bb88    0x104  xlocale_c.o [2]
  .text                  ro code   0x801'bc8c     0x16  strchr.o [5]
  .text                  ro code   0x801'bca2      0xa  xsprout.o [2]
  .text                  ro code   0x801'bcac     0x40  xfail_s.o [2]
  .text                  ro code   0x801'bcec     0x36  strlen.o [5]
  .rodata                const     0x801'bd22      0x2  languages.o [1]
  .text                  ro code   0x801'bd24     0x58  memchr.o [5]
  .text                  ro code   0x801'bd7c      0xa  xmbcurmax.o [2]
  .rodata                const     0x801'bd86      0x2  languages.o [1]
  .text                  ro code   0x801'bd88    0x230  I64DivMod.o [5]
  .text                  ro code   0x801'bfb8    0x1a2  DblMul.o [4]
  .rodata                const     0x801'c15a      0x1  unwind_debug.o [6]
  .text                  ro code   0x801'c15c     0x70  frexp.o [4]
  .text                  ro code   0x801'c1cc     0x2e  DblCmpLe.o [4]
  .text                  ro code   0x801'c1fc     0x2e  DblCmpGe.o [4]
  .text                  ro code   0x801'c22c    0x13a  ldexp.o [4]
  .text                  ro code   0x801'c368     0x3a  DblToS32.o [4]
  .text                  ro code   0x801'c3a4     0x22  S32ToDbl.o [4]
  .text                  ro code   0x801'c3c8     0xe2  DblSub.o [4]
  .text                  ro code   0x801'c4ac    0x246  DblDiv.o [4]
  .text                  ro code   0x801'c6f4     0x28  DblToU32.o [4]
  .text                  ro code   0x801'c71c     0x1a  U32ToDbl.o [4]
  .text                  ro code   0x801'c738      0x6  ABImemclr4.o [5]
  .text                  ro code   0x801'c740     0x5c  stm32f4xx_hal_sram.o [1]
  .text                  ro code   0x801'c79c   0x121e  main.o [1]
  .text                  ro code   0x801'd9bc    0x252  stm32f4xx_hal_gpio.o [1]
  .text                  ro code   0x801'dc10     0x54  ff_gen_drv.o [1]
  .text                  ro code   0x801'dc64    0x766  stm32f4xx_hal_spi.o [1]
  .text                  ro code   0x801'e3ca      0x6  abort.o [2]
  .text                  ro code   0x801'e3d0      0x2  stm32f4xx_hal_spi.o [1]
  .text                  ro code   0x801'e3d4    0x17a  DblAdd.o [4]
  .text                  ro code   0x801'e550     0x32  ABImemset48.o [5]
  .text                  ro code   0x801'e584     0xe4  stm32f4xx_ll_fsmc.o [1]
  .text                  ro code   0x801'e668     0x34  stm32f4xx_hal.o [1]
  .text                  ro code   0x801'e69c    0x2dc  gpio.o [1]
  .text                  ro code   0x801'e978    0x5e4  eeprom.o [1]
  .text                  ro code   0x801'ef5c    0xe28  config.o [1]
  .text                  ro code   0x801'fd84    0x304  spi_flash.o [1]
  .text                  ro code   0x802'0088     0xc8  rtc.o [1]
  .text                  ro code   0x802'0150    0x2dc  motor.o [1]
  .text                  ro code   0x802'042c     0x1c  uvdisplay.o [1]
  .text                  ro code   0x802'0448     0x20  usbh_platform.o [1]
  .text                  ro code   0x802'0468     0x8c  usb_host.o [1]
  .text                  ro code   0x802'04f4     0x12  strcmp.o [5]
  .text                  ro code   0x802'0508     0x48  FltToDbl.o [4]
  .text                  ro code   0x802'0550     0x68  DblToFlt.o [4]
  .text                  ro code   0x802'05b8    0x4fc  tgui_movezscreenfuncs.o [1]
  .text                  ro code   0x802'0ab4    0x3c4  prtfiles.o [1]
  .text                  ro code   0x802'0e78    0x4ac  printing.o [1]
  .text                  ro code   0x802'1324    0x3b4  stm32f4xx_hal_rcc.o [1]
  .text                  ro code   0x802'16d8    0x1f4  stm32f4xx_hal_rcc.o [1]
  .text                  ro code   0x802'18cc    0x150  stm32f4xx_hal_rcc_ex.o [1]
  .text                  ro code   0x802'1a1c     0x14  exit.o [6]
  .text                  ro code   0x802'1a30     0x4c  stm32f4xx_hal.o [1]
  .text                  ro code   0x802'1a7c     0x40  stm32f4xx_hal_msp.o [1]
  .text                  ro code   0x802'1abc    0x1ea  stm32f4xx_hal_i2c.o [1]
  .text                  ro code   0x802'1ca8      0xe  math_wrappers64.o [4]
  .text                  ro code   0x802'1cb8    0x152  iar_Stoulx.o [2]
  .text                  ro code   0x802'1e0a     0x20  spi_flash.o [1]
  .text                  ro code   0x802'1e2c     0xe4  z_endstops.o [1]
  .text                  ro code   0x802'1f10    0xe34  z_planner.o [1]
  .text                  ro code   0x802'2d44    0x5a4  z_stepper.o [1]
  .text                  ro code   0x802'32e8    0x1e8  tim.o [1]
  .text                  ro code   0x802'34d0    0x78a  stm32f4xx_hal_tim.o [1]
  .text                  ro code   0x802'3c5c     0x14  motor.o [1]
  .text                  ro code   0x802'3c70      0xc  z_endstops.o [1]
  .text                  ro code   0x802'3c7c     0x18  z_endstops.o [1]
  .text                  ro code   0x802'3c94     0x20  z_stepper.o [1]
  .text                  ro code   0x802'3cb4     0x20  motor.o [1]
  .text                  ro code   0x802'3cd4    0x1de  cpld_utils.o [1]
  .text                  ro code   0x802'3eb4    0x5c4  ssd_utils.o [1]
  .text                  ro code   0x802'4478    0x79e  usbh_core.o [1]
  .text                  ro code   0x802'4c18    0x4cc  files_pws.o [1]
  .text                  ro code   0x802'50e4     0x1e  sqrtf.o [4]
  .text                  ro code   0x802'5104    0x51c  strto64.o [4]
  .text                  ro code   0x802'5620     0x14  isspace.o [2]
  .text                  ro code   0x802'5634     0x14  tolower.o [2]
  .text                  ro code   0x802'5648     0x18  z_stepper.o [1]
  .text                  ro code   0x802'5660     0x24  z_planner.o [1]
  .text                  ro code   0x802'5684     0x18  z_planner.o [1]
  .text                  ro code   0x802'569c      0x8  z_stepper.o [1]
  .text                  ro code   0x802'56a4     0x3c  ceilf.o [4]
  .text                  ro code   0x802'56e0     0xac  z_planner.o [1]
  .text                  ro code   0x802'578c     0x3c  floorf.o [4]
  .text                  ro code   0x802'57c8     0xbc  z_planner.o [1]
  .text                  ro code   0x802'5884     0x12  z_planner.o [1]
  .text                  ro code   0x802'5896      0x8  z_planner.o [1]
  .text                  ro code   0x802'58a0     0x20  z_stepper.o [1]
  .text                  ro code   0x802'58c0     0x10  z_stepper.o [1]
  .text                  ro code   0x802'58d0      0xc  z_stepper.o [1]
  .text                  ro code   0x802'58dc     0x38  z_planner.o [1]
  .text                  ro code   0x802'5914     0x18  z_planner.o [1]
  .text                  ro code   0x802'592c     0x2e  lroundf.o [4]
  .text                  ro code   0x802'595c     0x1c  z_stepper.o [1]
  .text                  ro code   0x802'5978     0x2c  z_stepper.o [1]
  .text                  ro code   0x802'59a4     0xac  stm32f4xx_hal_tim_ex.o [1]
  .text                  ro code   0x802'5a50     0x42  cpld_utils.o [1]
  .text                  ro code   0x802'5a94    0x2f8  usbh_conf.o [1]
  .text                  ro code   0x802'5d8c     0xb6  usbh_pipes.o [1]
  .text                  ro code   0x802'5e42    0x5bc  usbh_ctlreq.o [1]
  .text                  ro code   0x802'63fe    0x122  iar_Stopfx.o [2]
  .text                  ro code   0x802'6520    0x1c4  iar_Stoflt.o [2]
  .text                  ro code   0x802'66e4    0x21c  iar_Stoxflt.o [2]
  .text                  ro code   0x802'6900     0x10  z_stepper.o [1]
  .text                  ro code   0x802'6910      0xe  z_planner.o [1]
  .text                  ro code   0x802'6920     0x1c  z_stepper.o [1]
  .text                  ro code   0x802'693c   0x1060  stm32f4xx_hal_hcd.o [1]
  .text                  ro code   0x802'799c     0xd0  usbh_ioreq.o [1]
  .text                  ro code   0x802'7a6c     0x14  isalpha.o [2]
  .text                  ro code   0x802'7a80    0x9c4  stm32f4xx_ll_usb.o [1]
  .rodata                const     0x802'8444   0x2094  fnt24bold.o [1]
  .rodata                const     0x802'a4d8   0x1a1c  fnt24.o [1]
  .text                  ro code   0x802'bef4   0x14e0  dlmalloc.o [2]
  .text                  ro code   0x802'd3d4     0x2c  xgetmemchunk.o [2]
  .rodata                const     0x802'd400   0x10c8  fnt18bold.o [1]
  .text                  ro code   0x802'e4c8    0xeb8  tgui_filesscreenfuncs.o [1]
  .text                  ro code   0x802'f380     0x18  strcpy.o [5]
  .text                  ro code   0x802'f398     0x1e  strcat.o [2]
  .text                  ro code   0x802'f3b8    0xb70  tgui_fileviewscreenfuncs.o [1]
  .rodata                const     0x802'ff28    0xea4  fnt18.o [1]
  .text                  ro code   0x803'0dcc    0xe58  xscanffull.o [2]
  .text                  ro code   0x803'1c24     0x3c  wctob.o [2]
  .text                  ro code   0x803'1c60     0x9e  iar_Stollx.o [2]
  .text                  ro code   0x803'1d00    0x1b2  iar_Stoullx.o [2]
  .rodata                const     0x803'1eb4    0xbcc  fnt48num_lcd.o [1]
  .text                  ro code   0x803'2a80    0xa58  tgui_printscreenfuncs.o [1]
  .text                  ro code   0x803'34d8    0x8b4  usbh_msc.o [1]
  .text                  ro code   0x803'3d8c    0x394  usbh_msc_bot.o [1]
  .text                  ro code   0x803'4120      0x4  heaptramp0.o [2]
  .text                  ro code   0x803'4124    0x3ea  usbh_msc_scsi.o [1]
  .rodata                const     0x803'4510    0x788  fnt12bold.o [1]
  .rodata                const     0x803'4c98    0x6b4  fnt12.o [1]
  .rodata                const     0x803'534c    0x684  fnt36num.o [1]
  .rodata                const     0x803'59d0    0x66c  fnt36num_lcd.o [1]
  .text                  ro code   0x803'603c    0x620  tgui_numenterscreenfuncs.o [1]
  .text                  ro code   0x803'665c     0x28  sscanf.o [2]
  .text                  ro code   0x803'6684    0x474  tgui_infoscreenfuncs.o [1]
  .text                  ro code   0x803'6af8    0x240  tgui_settingsscreenfuncs.o [1]
  .rodata                const     0x803'6d38    0x1f4  ffunicode.o [1]
  .rodata                const     0x803'6f2c    0x198  languages.o [1]
  .rodata                const     0x803'70c4    0x198  languages.o [1]
  .text                  ro code   0x803'725c    0x144  usbh_diskio.o [1]
  .rodata                const     0x803'73a0    0x140  fnt12.o [1]
  .rodata                const     0x803'74e0    0x140  fnt12bold.o [1]
  .rodata                const     0x803'7620    0x140  fnt18.o [1]
  .rodata                const     0x803'7760    0x140  fnt18bold.o [1]
  .rodata                const     0x803'78a0    0x140  fnt24.o [1]
  .rodata                const     0x803'79e0    0x140  fnt24bold.o [1]
  .text                  ro code   0x803'7b20    0x12c  spifl_diskio.o [1]
  .rodata                const     0x803'7c4c    0x100  ffunicode.o [1]
  .rodata                const     0x803'7d4c     0xc8  languages.o [1]
  .rodata                const     0x803'7e14     0xbc  ffunicode.o [1]
  .rodata                const     0x803'7ed0     0x9c  languages.o [1]
  .text                  ro code   0x803'7f6c     0x9c  stm32f4xx_it.o [1]
  .rodata                const     0x803'8008     0x80  ff.o [1]
  .rodata                const     0x803'8088     0x78  languages.o [1]
  .rodata                const     0x803'8100     0x74  languages.o [1]
  .rodata                const     0x803'8174     0x74  languages.o [1]
  .rodata                const     0x803'81e8     0x70  languages.o [1]
  .rodata                const     0x803'8258     0x70  languages.o [1]
  .rodata                const     0x803'82c8     0x68  languages.o [1]
  .rodata                const     0x803'8330     0x68  languages.o [1]
  .rodata                const     0x803'8398     0x68  languages.o [1]
  .rodata                const     0x803'8400     0x54  languages.o [1]
  .rodata                const     0x803'8454     0x54  languages.o [1]
  .rodata                const     0x803'84a8     0x50  iar_Stoulx.o [2]
  .rodata                const     0x803'84f8     0x50  iar_Stoullx.o [2]
  .rodata                const     0x803'8548     0x4c  languages.o [1]
  .rodata                const     0x803'8594     0x4c  xscanffull.o [2]
  .rodata                const     0x803'85e0     0x48  languages.o [1]
  .rodata                const     0x803'8628     0x48  strto64.o [4]
  .rodata                const     0x803'8670     0x44  languages.o [1]
  .rodata                const     0x803'86b4     0x40  languages.o [1]
  .rodata                const     0x803'86f4     0x3c  languages.o [1]
  .rodata                const     0x803'8730     0x3c  languages.o [1]
  .rodata                const     0x803'876c     0x3c  languages.o [1]
  .rodata                const     0x803'87a8     0x3c  languages.o [1]
  .rodata                const     0x803'87e4     0x3c  languages.o [1]
  .rodata                const     0x803'8820     0x38  fnt36num.o [1]
  .rodata                const     0x803'8858     0x38  fnt36num_lcd.o [1]
  .rodata                const     0x803'8890     0x38  fnt48num_lcd.o [1]
  .rodata                const     0x803'88c8     0x38  languages.o [1]
  .rodata                const     0x803'8900     0x38  languages.o [1]
  .rodata                const     0x803'8938     0x38  main.o [1]
  .rodata                const     0x803'8970     0x34  languages.o [1]
  .rodata                const     0x803'89a4     0x34  languages.o [1]
  .rodata                const     0x803'89d8     0x34  main.o [1]
  .rodata                const     0x803'8a0c     0x34  main.o [1]
  .rodata                const     0x803'8a40     0x30  languages.o [1]
  .rodata                const     0x803'8a70     0x30  languages.o [1]
  .rodata                const     0x803'8aa0     0x30  languages.o [1]
  .rodata                const     0x803'8ad0     0x30  languages.o [1]
  .rodata                const     0x803'8b00     0x30  main.o [1]
  .rodata                const     0x803'8b30     0x30  main.o [1]
  .rodata                const     0x803'8b60     0x30  main.o [1]
  .rodata                const     0x803'8b90     0x2c  languages.o [1]
  .rodata                const     0x803'8bbc     0x2c  languages.o [1]
  .rodata                const     0x803'8be8     0x2c  languages.o [1]
  .rodata                const     0x803'8c14     0x2c  main.o [1]
  .rodata                const     0x803'8c40     0x2c  main.o [1]
  .rodata                const     0x803'8c6c     0x28  languages.o [1]
  .rodata                const     0x803'8c94     0x28  languages.o [1]
  .rodata                const     0x803'8cbc     0x28  main.o [1]
  .rodata                const     0x803'8ce4     0x28  xscanffull.o [2]
  .text                  ro code   0x803'8d0c     0x28  data_init.o [5]
  .rodata                const     0x803'8d34     0x24  languages.o [1]
  .rodata                const     0x803'8d58     0x24  languages.o [1]
  .rodata                const     0x803'8d7c     0x24  languages.o [1]
  .rodata                const     0x803'8da0     0x24  main.o [1]
  .rodata                const     0x803'8dc4     0x24  tgui_infoscreenfuncs.o [1]
  .text                  ro code   0x803'8de8     0x22  fpinit_M.o [4]
  .iar.init_table        const     0x803'8e0c     0x24  - Linker created -
  .rodata                const     0x803'8e30     0x20  languages.o [1]
  .rodata                const     0x803'8e50     0x20  languages.o [1]
  .rodata                const     0x803'8e70     0x20  languages.o [1]
  .rodata                const     0x803'8e90     0x20  languages.o [1]
  .rodata                const     0x803'8eb0     0x20  languages.o [1]
  .rodata                const     0x803'8ed0     0x20  languages.o [1]
  .rodata                const     0x803'8ef0     0x20  languages.o [1]
  .rodata                const     0x803'8f10     0x20  main.o [1]
  .rodata                const     0x803'8f30     0x20  tgui.o [1]
  .rodata                const     0x803'8f50     0x20  tgui.o [1]
  .rodata                const     0x803'8f70     0x20  tgui.o [1]
  .rodata                const     0x803'8f90     0x20  tgui.o [1]
  .rodata                const     0x803'8fb0     0x20  tgui.o [1]
  .rodata                const     0x803'8fd0     0x20  tgui_printscreenfuncs.o [1]
  .text                  ro code   0x803'8ff0     0x20  system_stm32f4xx.o [1]
  .text                  ro code   0x803'9010     0x20  cmain_call_ctors.o [5]
  .text                  ro code   0x803'9030     0x18  cppinit.o [2]
  .text                  ro code   0x803'9048     0x1e  cmain.o [5]
  .text                  ro code   0x803'9066      0x4  low_level_init.o [2]
  .text                  ro code   0x803'906a      0x4  exit.o [2]
  .text                  ro code   0x803'9070      0xa  cexit.o [5]
  .rodata                const     0x803'907c     0x1c  languages.o [1]
  .rodata                const     0x803'9098     0x1c  languages.o [1]
  .rodata                const     0x803'90b4     0x1c  languages.o [1]
  .rodata                const     0x803'90d0     0x1c  languages.o [1]
  .rodata                const     0x803'90ec     0x1c  languages.o [1]
  .rodata                const     0x803'9108     0x1c  languages.o [1]
  .rodata                const     0x803'9124     0x1c  languages.o [1]
  .rodata                const     0x803'9140     0x1c  languages.o [1]
  .rodata                const     0x803'915c     0x1c  languages.o [1]
  .rodata                const     0x803'9178     0x1c  tgui.o [1]
  .rodata                const     0x803'9194     0x1c  tgui.o [1]
  .rodata                const     0x803'91b0     0x1c  tgui.o [1]
  .rodata                const     0x803'91cc     0x1c  tgui.o [1]
  .rodata                const     0x803'91e8     0x1c  tgui.o [1]
  .rodata                const     0x803'9204     0x1c  tgui.o [1]
  .rodata                const     0x803'9220     0x1c  tgui.o [1]
  .rodata                const     0x803'923c     0x1c  tgui.o [1]
  .rodata                const     0x803'9258     0x1c  tgui.o [1]
  .rodata                const     0x803'9274     0x1c  tgui.o [1]
  .rodata                const     0x803'9290     0x1c  tgui.o [1]
  .rodata                const     0x803'92ac     0x1c  tgui.o [1]
  .rodata                const     0x803'92c8     0x1c  tgui.o [1]
  .rodata                const     0x803'92e4     0x1c  tgui.o [1]
  .rodata                const     0x803'9300     0x1c  tgui.o [1]
  .rodata                const     0x803'931c     0x1c  tgui.o [1]
  .rodata                const     0x803'9338     0x1c  tgui.o [1]
  .rodata                const     0x803'9354     0x1c  tgui.o [1]
  .rodata                const     0x803'9370     0x1c  tgui.o [1]
  .rodata                const     0x803'938c     0x1c  tgui.o [1]
  .rodata                const     0x803'93a8     0x1c  tgui.o [1]
  .rodata                const     0x803'93c4     0x1c  tgui.o [1]
  .rodata                const     0x803'93e0     0x1c  tgui.o [1]
  .rodata                const     0x803'93fc     0x1c  tgui.o [1]
  .rodata                const     0x803'9418     0x1c  tgui.o [1]
  .rodata                const     0x803'9434     0x1c  tgui_fileviewscreenfuncs.o [1]
  .rodata                const     0x803'9450     0x1c  tgui_infoscreenfuncs.o [1]
  .text                  ro code   0x803'946c     0x1c  tgui_langscreenfuncs.o [1]
  .rodata                const     0x803'9488     0x18  config.o [1]
  .rodata                const     0x803'94a0     0x18  config.o [1]
  .rodata                const     0x803'94b8     0x18  config.o [1]
  .rodata                const     0x803'94d0     0x18  config.o [1]
  .rodata                const     0x803'94e8     0x18  config.o [1]
  .rodata                const     0x803'9500     0x18  datetime.o [1]
  .rodata                const     0x803'9518     0x18  datetime.o [1]
  .rodata                const     0x803'9530     0x18  languages.o [1]
  .rodata                const     0x803'9548     0x18  languages.o [1]
  .rodata                const     0x803'9560     0x18  languages.o [1]
  .rodata                const     0x803'9578     0x18  languages.o [1]
  .rodata                const     0x803'9590     0x18  languages.o [1]
  .rodata                const     0x803'95a8     0x18  languages.o [1]
  .rodata                const     0x803'95c0     0x18  main.o [1]
  .rodata                const     0x803'95d8     0x18  main.o [1]
  .rodata                const     0x803'95f0     0x18  main.o [1]
  .rodata                const     0x803'9608     0x18  tgui.o [1]
  .rodata                const     0x803'9620     0x18  tgui.o [1]
  .rodata                const     0x803'9638     0x18  tgui.o [1]
  .rodata                const     0x803'9650     0x18  tgui.o [1]
  .rodata                const     0x803'9668     0x18  tgui.o [1]
  .rodata                const     0x803'9680     0x18  tgui.o [1]
  .rodata                const     0x803'9698     0x18  tgui.o [1]
  .rodata                const     0x803'96b0     0x18  tgui.o [1]
  .rodata                const     0x803'96c8     0x18  tgui.o [1]
  .rodata                const     0x803'96e0     0x18  tgui.o [1]
  .rodata                const     0x803'96f8     0x18  tgui.o [1]
  .rodata                const     0x803'9710     0x18  tgui.o [1]
  .rodata                const     0x803'9728     0x18  tgui.o [1]
  .rodata                const     0x803'9740     0x18  tgui.o [1]
  .rodata                const     0x803'9758     0x18  tgui.o [1]
  .rodata                const     0x803'9770     0x18  tgui.o [1]
  .rodata                const     0x803'9788     0x18  tgui.o [1]
  .rodata                const     0x803'97a0     0x18  tgui.o [1]
  .rodata                const     0x803'97b8     0x18  tgui.o [1]
  .rodata                const     0x803'97d0     0x18  tgui.o [1]
  .rodata                const     0x803'97e8     0x18  tgui.o [1]
  .rodata                const     0x803'9800     0x18  tgui_filesscreenfuncs.o [1]
  .rodata                const     0x803'9818     0x18  tgui_filesscreenfuncs.o [1]
  .rodata                const     0x803'9830     0x14  config.o [1]
  .rodata                const     0x803'9844     0x14  config.o [1]
  .rodata                const     0x803'9858     0x14  config.o [1]
  .rodata                const     0x803'986c     0x14  ff.o [1]
  .rodata                const     0x803'9880     0x14  ff.o [1]
  .rodata                const     0x803'9894     0x14  languages.o [1]
  .rodata                const     0x803'98a8     0x14  languages.o [1]
  .rodata                const     0x803'98bc     0x14  languages.o [1]
  .rodata                const     0x803'98d0     0x14  languages.o [1]
  .rodata                const     0x803'98e4     0x14  languages.o [1]
  .rodata                const     0x803'98f8     0x14  languages.o [1]
  .rodata                const     0x803'990c     0x14  languages.o [1]
  .rodata                const     0x803'9920     0x14  languages.o [1]
  .rodata                const     0x803'9934     0x14  languages.o [1]
  .rodata                const     0x803'9948     0x14  spifl_diskio.o [1]
  .rodata                const     0x803'995c     0x14  tgui.o [1]
  .rodata                const     0x803'9970     0x14  tgui.o [1]
  .rodata                const     0x803'9984     0x14  tgui.o [1]
  .rodata                const     0x803'9998     0x14  tgui.o [1]
  .rodata                const     0x803'99ac     0x14  tgui.o [1]
  .rodata                const     0x803'99c0     0x14  tgui.o [1]
  .rodata                const     0x803'99d4     0x14  tgui_filesscreenfuncs.o [1]
  .rodata                const     0x803'99e8     0x14  tgui_filesscreenfuncs.o [1]
  .rodata                const     0x803'99fc     0x14  tgui_infoscreenfuncs.o [1]
  .rodata                const     0x803'9a10     0x14  usbh_diskio.o [1]
  .rodata                const     0x803'9a24     0x10  config.o [1]
  .rodata                const     0x803'9a34     0x10  config.o [1]
  .rodata                const     0x803'9a44     0x10  config.o [1]
  .rodata                const     0x803'9a54     0x10  config.o [1]
  .rodata                const     0x803'9a64     0x10  config.o [1]
  .rodata                const     0x803'9a74     0x10  config.o [1]
  .rodata                const     0x803'9a84     0x10  ff.o [1]
  .rodata                const     0x803'9a94     0x10  ff.o [1]
  .rodata                const     0x803'9aa4     0x10  ff.o [1]
  .rodata                const     0x803'9ab4     0x10  ff.o [1]
  .rodata                const     0x803'9ac4     0x10  languages.o [1]
  .rodata                const     0x803'9ad4     0x10  languages.o [1]
  .rodata                const     0x803'9ae4     0x10  languages.o [1]
  .rodata                const     0x803'9af4     0x10  languages.o [1]
  .rodata                const     0x803'9b04     0x10  languages.o [1]
  .rodata                const     0x803'9b14     0x10  languages.o [1]
  .rodata                const     0x803'9b24     0x10  languages.o [1]
  .rodata                const     0x803'9b34     0x10  languages.o [1]
  .rodata                const     0x803'9b44     0x10  languages.o [1]
  .rodata                const     0x803'9b54     0x10  languages.o [1]
  .rodata                const     0x803'9b64     0x10  languages.o [1]
  .rodata                const     0x803'9b74     0x10  languages.o [1]
  .rodata                const     0x803'9b84     0x10  languages.o [1]
  .rodata                const     0x803'9b94     0x10  languages.o [1]
  .rodata                const     0x803'9ba4     0x10  languages.o [1]
  .rodata                const     0x803'9bb4     0x10  languages.o [1]
  .rodata                const     0x803'9bc4     0x10  languages.o [1]
  .rodata                const     0x803'9bd4     0x10  languages.o [1]
  .rodata                const     0x803'9be4     0x10  languages.o [1]
  .rodata                const     0x803'9bf4     0x10  main.o [1]
  .rodata                const     0x803'9c04     0x10  main.o [1]
  .rodata                const     0x803'9c14     0x10  system_stm32f4xx.o [1]
  .rodata                const     0x803'9c24     0x10  tgui.o [1]
  .rodata                const     0x803'9c34     0x10  tgui.o [1]
  .rodata                const     0x803'9c44     0x10  tgui.o [1]
  .rodata                const     0x803'9c54     0x10  tgui.o [1]
  .rodata                const     0x803'9c64     0x10  tgui.o [1]
  .rodata                const     0x803'9c74     0x10  tgui.o [1]
  .rodata                const     0x803'9c84     0x10  tgui_defaultfuncs.o [1]
  .text                  ro code   0x803'9c94     0x10  startup_stm32f407xx.o [1]
  .rodata                const     0x803'9ca4      0xc  config.o [1]
  .rodata                const     0x803'9cb0      0xc  config.o [1]
  .rodata                const     0x803'9cbc      0xc  config.o [1]
  .rodata                const     0x803'9cc8      0xc  config.o [1]
  .rodata                const     0x803'9cd4      0xc  config.o [1]
  .rodata                const     0x803'9ce0      0xc  config.o [1]
  .rodata                const     0x803'9cec      0xc  config.o [1]
  .rodata                const     0x803'9cf8      0xc  ff.o [1]
  .rodata                const     0x803'9d04      0xc  ff.o [1]
  .rodata                const     0x803'9d10      0xc  files_pws.o [1]
  .rodata                const     0x803'9d1c      0xc  files_pws.o [1]
  .rodata                const     0x803'9d28      0xc  languages.o [1]
  .rodata                const     0x803'9d34      0xc  languages.o [1]
  .rodata                const     0x803'9d40      0xc  languages.o [1]
  .rodata                const     0x803'9d4c      0xc  languages.o [1]
  .rodata                const     0x803'9d58      0xc  languages.o [1]
  .rodata                const     0x803'9d64      0xc  languages.o [1]
  .rodata                const     0x803'9d70      0xc  languages.o [1]
  .rodata                const     0x803'9d7c      0xc  languages.o [1]
  .rodata                const     0x803'9d88      0xc  languages.o [1]
  .rodata                const     0x803'9d94      0xc  languages.o [1]
  .rodata                const     0x803'9da0      0xc  languages.o [1]
  .rodata                const     0x803'9dac      0xc  languages.o [1]
  .rodata                const     0x803'9db8      0xc  languages.o [1]
  .rodata                const     0x803'9dc4      0xc  languages.o [1]
  .rodata                const     0x803'9dd0      0xc  languages.o [1]
  .rodata                const     0x803'9ddc      0xc  languages.o [1]
  .rodata                const     0x803'9de8      0xc  languages.o [1]
  .rodata                const     0x803'9df4      0xc  languages.o [1]
  .rodata                const     0x803'9e00      0xc  languages.o [1]
  .rodata                const     0x803'9e0c      0xc  languages.o [1]
  .rodata                const     0x803'9e18      0xc  languages.o [1]
  .rodata                const     0x803'9e24      0xc  languages.o [1]
  .rodata                const     0x803'9e30      0xc  languages.o [1]
  .rodata                const     0x803'9e3c      0xc  languages.o [1]
  .rodata                const     0x803'9e48      0xc  languages.o [1]
  .rodata                const     0x803'9e54      0xc  languages.o [1]
  .rodata                const     0x803'9e60      0xc  languages.o [1]
  .rodata                const     0x803'9e6c      0xc  languages.o [1]
  .rodata                const     0x803'9e78      0xc  languages.o [1]
  .rodata                const     0x803'9e84      0xc  languages.o [1]
  .rodata                const     0x803'9e90      0xc  languages.o [1]
  .rodata                const     0x803'9e9c      0xc  languages.o [1]
  .rodata                const     0x803'9ea8      0xc  main.o [1]
  .rodata                const     0x803'9eb4      0xc  main.o [1]
  .rodata                const     0x803'9ec0      0xc  tgui.o [1]
  .rodata                const     0x803'9ecc      0xc  tgui_fileviewscreenfuncs.o [1]
  .rodata                const     0x803'9ed8      0xc  tgui_fileviewscreenfuncs.o [1]
  .rodata                const     0x803'9ee4      0xc  tgui_fileviewscreenfuncs.o [1]
  .rodata                const     0x803'9ef0      0xc  tgui_fileviewscreenfuncs.o [1]
  .text                  ro code   0x803'9efc      0xc  cstartup_M.o [5]
  .rodata                const     0x803'9f08      0x8  config.o [1]
  .rodata                const     0x803'9f10      0x8  config.o [1]
  .rodata                const     0x803'9f18      0x8  ff.o [1]
  .rodata                const     0x803'9f20      0x8  ff.o [1]
  .rodata                const     0x803'9f28      0x8  files_pws.o [1]
  .rodata                const     0x803'9f30      0x8  files_pws.o [1]
  .rodata                const     0x803'9f38      0x8  languages.o [1]
  .rodata                const     0x803'9f40      0x8  languages.o [1]
  .rodata                const     0x803'9f48      0x8  languages.o [1]
  .rodata                const     0x803'9f50      0x8  languages.o [1]
  .rodata                const     0x803'9f58      0x8  languages.o [1]
  .rodata                const     0x803'9f60      0x8  languages.o [1]
  .rodata                const     0x803'9f68      0x8  languages.o [1]
  .rodata                const     0x803'9f70      0x8  languages.o [1]
  .rodata                const     0x803'9f78      0x8  languages.o [1]
  .rodata                const     0x803'9f80      0x8  languages.o [1]
  .rodata                const     0x803'9f88      0x8  languages.o [1]
  .rodata                const     0x803'9f90      0x8  languages.o [1]
  .rodata                const     0x803'9f98      0x8  languages.o [1]
  .rodata                const     0x803'9fa0      0x8  languages.o [1]
  .rodata                const     0x803'9fa8      0x8  languages.o [1]
  .rodata                const     0x803'9fb0      0x8  languages.o [1]
  .rodata                const     0x803'9fb8      0x8  languages.o [1]
  .rodata                const     0x803'9fc0      0x8  languages.o [1]
  .rodata                const     0x803'9fc8      0x8  languages.o [1]
  .rodata                const     0x803'9fd0      0x8  languages.o [1]
  .rodata                const     0x803'9fd8      0x8  languages.o [1]
  .rodata                const     0x803'9fe0      0x8  languages.o [1]
  .rodata                const     0x803'9fe8      0x8  languages.o [1]
  .rodata                const     0x803'9ff0      0x8  languages.o [1]
  .rodata                const     0x803'9ff8      0x8  languages.o [1]
  .rodata                const     0x803'a000      0x8  languages.o [1]
  .rodata                const     0x803'a008      0x8  languages.o [1]
  .rodata                const     0x803'a010      0x8  languages.o [1]
  .rodata                const     0x803'a018      0x8  languages.o [1]
  .rodata                const     0x803'a020      0x8  languages.o [1]
  .rodata                const     0x803'a028      0x8  languages.o [1]
  .rodata                const     0x803'a030      0x8  languages.o [1]
  .rodata                const     0x803'a038      0x8  languages.o [1]
  .rodata                const     0x803'a040      0x8  languages.o [1]
  .rodata                const     0x803'a048      0x8  languages.o [1]
  .rodata                const     0x803'a050      0x8  languages.o [1]
  .rodata                const     0x803'a058      0x8  languages.o [1]
  .rodata                const     0x803'a060      0x8  languages.o [1]
  .rodata                const     0x803'a068      0x8  languages.o [1]
  .rodata                const     0x803'a070      0x8  languages.o [1]
  .rodata                const     0x803'a078      0x8  languages.o [1]
  .rodata                const     0x803'a080      0x8  languages.o [1]
  .rodata                const     0x803'a088      0x8  languages.o [1]
  .rodata                const     0x803'a090      0x8  languages.o [1]
  .rodata                const     0x803'a098      0x8  main.o [1]
  .rodata                const     0x803'a0a0      0x8  stm32f4xx_hal_dma.o [1]
  .rodata                const     0x803'a0a8      0x8  system_stm32f4xx.o [1]
  .rodata                const     0x803'a0b0      0x8  tgui.o [1]
  .rodata                const     0x803'a0b8      0x8  tgui.o [1]
  .rodata                const     0x803'a0c0      0x8  tgui.o [1]
  .rodata                const     0x803'a0c8      0x8  tgui.o [1]
  .rodata                const     0x803'a0d0      0x8  tgui.o [1]
  .rodata                const     0x803'a0d8      0x8  tgui.o [1]
  .rodata                const     0x803'a0e0      0x8  tgui.o [1]
  .rodata                const     0x803'a0e8      0x8  tgui.o [1]
  .rodata                const     0x803'a0f0      0x8  tgui.o [1]
  .rodata                const     0x803'a0f8      0x8  tgui.o [1]
  .rodata                const     0x803'a100      0x8  tgui.o [1]
  .rodata                const     0x803'a108      0x8  tgui.o [1]
  .rodata                const     0x803'a110      0x8  tgui.o [1]
  .rodata                const     0x803'a118      0x8  tgui.o [1]
  .rodata                const     0x803'a120      0x8  tgui.o [1]
  .rodata                const     0x803'a128      0x8  tgui.o [1]
  .rodata                const     0x803'a130      0x8  tgui.o [1]
  .rodata                const     0x803'a138      0x8  tgui.o [1]
  .rodata                const     0x803'a140      0x8  tgui.o [1]
  .rodata                const     0x803'a148      0x8  tgui.o [1]
  .rodata                const     0x803'a150      0x8  tgui.o [1]
  .rodata                const     0x803'a158      0x8  tgui.o [1]
  .rodata                const     0x803'a160      0x8  tgui.o [1]
  .rodata                const     0x803'a168      0x8  tgui.o [1]
  .rodata                const     0x803'a170      0x8  tgui.o [1]
  .rodata                const     0x803'a178      0x8  tgui.o [1]
  .rodata                const     0x803'a180      0x8  tgui.o [1]
  .rodata                const     0x803'a188      0x8  tgui.o [1]
  .rodata                const     0x803'a190      0x8  tgui.o [1]
  .rodata                const     0x803'a198      0x8  tgui.o [1]
  .rodata                const     0x803'a1a0      0x8  tgui.o [1]
  .rodata                const     0x803'a1a8      0x8  tgui.o [1]
  .rodata                const     0x803'a1b0      0x8  tgui.o [1]
  .rodata                const     0x803'a1b8      0x8  tgui.o [1]
  .rodata                const     0x803'a1c0      0x8  tgui.o [1]
  .rodata                const     0x803'a1c8      0x8  tgui.o [1]
  .rodata                const     0x803'a1d0      0x8  tgui.o [1]
  .rodata                const     0x803'a1d8      0x8  tgui.o [1]
  .rodata                const     0x803'a1e0      0x8  tgui.o [1]
  .rodata                const     0x803'a1e8      0x8  tgui.o [1]
  .rodata                const     0x803'a1f0      0x8  tgui.o [1]
  .rodata                const     0x803'a1f8      0x8  tgui.o [1]
  .rodata                const     0x803'a200      0x8  tgui.o [1]
  .rodata                const     0x803'a208      0x8  tgui.o [1]
  .rodata                const     0x803'a210      0x8  tgui.o [1]
  .rodata                const     0x803'a218      0x8  tgui.o [1]
  .rodata                const     0x803'a220      0x8  tgui.o [1]
  .rodata                const     0x803'a228      0x8  tgui.o [1]
  .rodata                const     0x803'a230      0x8  tgui.o [1]
  .rodata                const     0x803'a238      0x8  tgui.o [1]
  .rodata                const     0x803'a240      0x8  tgui.o [1]
  .rodata                const     0x803'a248      0x8  tgui.o [1]
  .rodata                const     0x803'a250      0x8  tgui.o [1]
  .rodata                const     0x803'a258      0x8  tgui.o [1]
  .rodata                const     0x803'a260      0x8  tgui.o [1]
  .rodata                const     0x803'a268      0x8  tgui.o [1]
  .rodata                const     0x803'a270      0x8  tgui.o [1]
  .rodata                const     0x803'a278      0x8  tgui.o [1]
  .rodata                const     0x803'a280      0x8  tgui.o [1]
  .rodata                const     0x803'a288      0x8  tgui.o [1]
  .rodata                const     0x803'a290      0x8  tgui.o [1]
  .rodata                const     0x803'a298      0x8  tgui.o [1]
  .rodata                const     0x803'a2a0      0x8  tgui.o [1]
  .rodata                const     0x803'a2a8      0x8  tgui.o [1]
  .rodata                const     0x803'a2b0      0x8  tgui.o [1]
  .rodata                const     0x803'a2b8      0x8  tgui.o [1]
  .rodata                const     0x803'a2c0      0x8  tgui.o [1]
  .rodata                const     0x803'a2c8      0x8  tgui.o [1]
  .rodata                const     0x803'a2d0      0x8  tgui.o [1]
  .rodata                const     0x803'a2d8      0x8  tgui.o [1]
  .rodata                const     0x803'a2e0      0x8  tgui.o [1]
  .rodata                const     0x803'a2e8      0x8  tgui.o [1]
  .rodata                const     0x803'a2f0      0x8  tgui.o [1]
  .rodata                const     0x803'a2f8      0x8  tgui.o [1]
  .rodata                const     0x803'a300      0x8  tgui.o [1]
  .rodata                const     0x803'a308      0x8  tgui.o [1]
  .rodata                const     0x803'a310      0x8  tgui.o [1]
  .rodata                const     0x803'a318      0x8  tgui.o [1]
  .rodata                const     0x803'a320      0x8  tgui.o [1]
  .rodata                const     0x803'a328      0x8  tgui.o [1]
  .rodata                const     0x803'a330      0x8  tgui_filesscreenfuncs.o [1]
  .rodata                const     0x803'a338      0x8  tgui_filesscreenfuncs.o [1]
  .rodata                const     0x803'a340      0x8  tgui_infoscreenfuncs.o [1]
  .rodata                const     0x803'a348      0x8  tgui_numenterscreenfuncs.o [1]
  .rodata                const     0x803'a350      0x8  tgui_printscreenfuncs.o [1]
  .rodata                const     0x803'a358      0x8  tgui_printscreenfuncs.o [1]
  .rodata                const     0x803'a360      0x8  tgui_settingsscreenfuncs.o [1]
  .rodata                const     0x803'a368      0x8  tim.o [1]
  .rodata                const     0x803'a370      0x6  xlocale_c.o [2]
  .rodata                const     0x803'a378      0x4  languages.o [1]
  .rodata                const     0x803'a37c      0x4  languages.o [1]
  .rodata                const     0x803'a380      0x4  languages.o [1]
  .rodata                const     0x803'a384      0x4  languages.o [1]
  .rodata                const     0x803'a388      0x4  languages.o [1]
  .rodata                const     0x803'a38c      0x4  languages.o [1]
  .rodata                const     0x803'a390      0x4  languages.o [1]
  .rodata                const     0x803'a394      0x4  languages.o [1]
  .rodata                const     0x803'a398      0x4  languages.o [1]
  .rodata                const     0x803'a39c      0x4  languages.o [1]
  .rodata                const     0x803'a3a0      0x4  languages.o [1]
  .rodata                const     0x803'a3a4      0x4  languages.o [1]
  .rodata                const     0x803'a3a8      0x4  languages.o [1]
  .rodata                const     0x803'a3ac      0x4  languages.o [1]
  .rodata                const     0x803'a3b0      0x4  languages.o [1]
  .rodata                const     0x803'a3b4      0x4  languages.o [1]
  .rodata                const     0x803'a3b8      0x4  languages.o [1]
  .rodata                const     0x803'a3bc      0x4  languages.o [1]
  .rodata                const     0x803'a3c0      0x4  languages.o [1]
  .rodata                const     0x803'a3c4      0x4  languages.o [1]
  .rodata                const     0x803'a3c8      0x4  languages.o [1]
  .rodata                const     0x803'a3cc      0x4  languages.o [1]
  .rodata                const     0x803'a3d0      0x4  languages.o [1]
  .rodata                const     0x803'a3d4      0x4  languages.o [1]
  .rodata                const     0x803'a3d8      0x4  languages.o [1]
  .rodata                const     0x803'a3dc      0x4  languages.o [1]
  .rodata                const     0x803'a3e0      0x4  languages.o [1]
  .rodata                const     0x803'a3e4      0x4  languages.o [1]
  .rodata                const     0x803'a3e8      0x4  languages.o [1]
  .rodata                const     0x803'a3ec      0x4  printing.o [1]
  .rodata                const     0x803'a3f0      0x4  rtc.o [1]
  .rodata                const     0x803'a3f4      0x4  usbh_msc.o [1]
  .text                  ro code   0x803'a3f8      0x4  startup_stm32f407xx.o [1]
  SHT$$PREINIT_ARRAY               0x803'a3fc      0x0  <Block>
  SHT$$INIT_ARRAY                  0x803'a3fc      0x4  <Block>
    .init_array          const     0x803'a3fc      0x4  z_planner.o [1]
  __iar_tls$$INIT_ARRAY            0x803'a400      0x0  <Block>
  .rodata                const     0x803'a400      0x0  zero_init3.o [5]
  .rodata                const     0x803'a400      0x0  lz77_init_single.o [5]
  Initializer bytes      const     0x803'a400     0xf3  <for P2-1>
                                 - 0x803'a4f3  0x2a36b

"P3":                                           0x7478
  CCMRAM                 uninit   0x1000'0000   0x4000  main.o [1]
  CCMRAM                 uninit   0x1000'4000   0x1028  main.o [1]
  CCMRAM                 uninit   0x1000'5028   0x1028  main.o [1]
  CCMRAM                 uninit   0x1000'6050   0x1028  tgui.o [1]
  CCMRAM                 uninit   0x1000'7078    0x400  tgui.o [1]
                                - 0x1000'7478   0x7478

"P2", part 1 of 3:                               0x33f
  P2-1                            0x2000'0000    0x33f  <Init block>
    .data                inited   0x2000'0000      0xc  fnt12.o [1]
    .data                inited   0x2000'000c      0xc  fnt12bold.o [1]
    .data                inited   0x2000'0018      0xc  fnt18.o [1]
    .data                inited   0x2000'0024      0xc  fnt18bold.o [1]
    .data                inited   0x2000'0030      0xc  fnt24.o [1]
    .data                inited   0x2000'003c      0xc  fnt24bold.o [1]
    .data                inited   0x2000'0048      0xc  fnt36num.o [1]
    .data                inited   0x2000'0054      0xc  fnt36num_lcd.o [1]
    .data                inited   0x2000'0060      0xc  fnt48num_lcd.o [1]
    .data                inited   0x2000'006c     0x10  languages.o [1]
    .data                inited   0x2000'007c      0x4  languages.o [1]
    .data                inited   0x2000'0080      0x4  lcd_ui.o [1]
    .data                inited   0x2000'0084      0x4  stm32f4xx_hal.o [1]
    .data                inited   0x2000'0088      0x4  system_stm32f4xx.o [1]
    .data                inited   0x2000'008c    0x200  tgui_filesscreenfuncs.o [1]
    .data                inited   0x2000'028c      0x4  tgui_movezscreenfuncs.o [1]
    .data                inited   0x2000'0290     0x20  usbh_msc.o [1]
    .data                inited   0x2000'02b0      0x4  z_stepper.o [1]
    .data                inited   0x2000'02b4     0x38  xlocale_c.o [2]
    .data                inited   0x2000'02ec     0x48  xlocale_c.o [2]
    .data                inited   0x2000'0334      0x2  lcd_ui.o [1]
    .data                inited   0x2000'0336      0x2  lcd_ui.o [1]
    .data                inited   0x2000'0338      0x2  lcd_ui.o [1]
    .data                inited   0x2000'033a      0x1  lcd_ui.o [1]
    .data                inited   0x2000'033b      0x1  stm32f4xx_hal.o [1]
    .data                inited   0x2000'033c      0x1  tgui_defaultfuncs.o [1]
    .data                inited   0x2000'033d      0x1  tgui_filesscreenfuncs.o [1]
    .data                inited   0x2000'033e      0x1  z_endstops.o [1]
                                - 0x2000'033f    0x33f

"P2", part 2 of 3:                              0xa30c
  .bss                   zero     0x2000'0340   0x1cc0  printing.o [1]
  .bss                   zero     0x2000'2000   0x1038  fatfs.o [1]
  .bss                   zero     0x2000'3038   0x1038  fatfs.o [1]
  .bss                   zero     0x2000'4070    0x830  tgui_filesscreenfuncs.o [1]
  .bss                   zero     0x2000'48a0    0x600  uvdisplay.o [1]
  .bss                   zero     0x2000'4ea0    0x5d8  tgui.o [1]
  .bss                   zero     0x2000'5478    0x4d0  tgui.o [1]
  .bss                   zero     0x2000'5948    0x400  config.o [1]
  .bss                   zero     0x2000'5d48    0x400  main.o [1]
  .bss                   zero     0x2000'6148    0x400  main.o [1]
  .bss                   zero     0x2000'6548    0x400  main.o [1]
  .bss                   zero     0x2000'6948    0x400  tgui_fileviewscreenfuncs.o [1]
  .bss                   zero     0x2000'6d48    0x400  z_planner.o [1]
  .bss                   zero     0x2000'7148    0x3d8  usb_host.o [1]
  .bss                   zero     0x2000'7520    0x3c8  tgui.o [1]
  .bss                   zero     0x2000'78e8    0x370  tgui.o [1]
  .bss                   zero     0x2000'7c58    0x350  tgui.o [1]
  .bss                   zero     0x2000'7fa8    0x2c4  usbh_conf.o [1]
  .bss                   zero     0x2000'826c    0x268  tgui.o [1]
  .bss                   zero     0x2000'84d4    0x224  main.o [1]
  .bss                   zero     0x2000'86f8    0x210  tgui.o [1]
  .bss                   zero     0x2000'8908    0x210  tgui.o [1]
  .bss                   zero     0x2000'8b18    0x200  config.o [1]
  .bss                   zero     0x2000'8d18    0x200  ff.o [1]
  .bss                   zero     0x2000'8f18    0x200  main.o [1]
  .bss                   zero     0x2000'9118    0x1d8  dlmalloc.o [2]
  .bss                   zero     0x2000'92f0    0x1b8  tgui.o [1]
  .bss                   zero     0x2000'94a8    0x19c  cpld_utils.o [1]
  .bss                   zero     0x2000'9644    0x160  tgui.o [1]
  .bss                   zero     0x2000'97a4    0x108  tgui.o [1]
  .bss                   zero     0x2000'98ac    0x100  sys_timer.o [1]
  .bss                   zero     0x2000'99ac    0x100  tgui_fileviewscreenfuncs.o [1]
  .bss                   zero     0x2000'9aac    0x100  tgui_fileviewscreenfuncs.o [1]
  .bss                   zero     0x2000'9bac     0xb0  tgui.o [1]
  .bss                   zero     0x2000'9c5c     0x80  fst_spi.o [1]
  .bss                   zero     0x2000'9cdc     0x80  fst_spi.o [1]
  .bss                   zero     0x2000'9d5c     0x60  fst_spi.o [1]
  .bss                   zero     0x2000'9dbc     0x60  fst_spi.o [1]
  .bss                   zero     0x2000'9e1c     0x60  fst_spi.o [1]
  .bss                   zero     0x2000'9e7c     0x60  fst_spi.o [1]
  .bss                   zero     0x2000'9edc     0x60  fst_spi.o [1]
  .bss                   zero     0x2000'9f3c     0x60  lcd_low.o [1]
  .bss                   zero     0x2000'9f9c     0x54  config.o [1]
  .bss                   zero     0x2000'9ff0     0x54  eeprom.o [1]
  .bss                   zero     0x2000'a044     0x54  files_pws.o [1]
  .bss                   zero     0x2000'a098     0x50  fsmc.o [1]
  .bss                   zero     0x2000'a0e8     0x40  tim.o [1]
  .bss                   zero     0x2000'a128     0x40  tim.o [1]
  .bss                   zero     0x2000'a168     0x34  main.o [1]
  .bss                   zero     0x2000'a19c     0x30  files_pws.o [1]
  .bss                   zero     0x2000'a1cc     0x30  tgui.o [1]
  .bss                   zero     0x2000'a1fc     0x30  tgui.o [1]
  .bss                   zero     0x2000'a22c     0x30  tgui.o [1]
  .bss                   zero     0x2000'a25c     0x30  tgui.o [1]
  .bss                   zero     0x2000'a28c     0x30  tgui.o [1]
  .bss                   zero     0x2000'a2bc     0x30  tgui.o [1]
  .bss                   zero     0x2000'a2ec     0x30  tgui.o [1]
  .bss                   zero     0x2000'a31c     0x30  tgui.o [1]
  .bss                   zero     0x2000'a34c     0x30  tgui.o [1]
  .bss                   zero     0x2000'a37c     0x30  tgui.o [1]
  .bss                   zero     0x2000'a3ac     0x30  tgui.o [1]
  .bss                   zero     0x2000'a3dc     0x28  config.o [1]
  .bss                   zero     0x2000'a404     0x28  tgui.o [1]
  .bss                   zero     0x2000'a42c     0x28  z_planner.o [1]
  .bss                   zero     0x2000'a454     0x20  rtc.o [1]
  .bss                   zero     0x2000'a474     0x20  tgui_numenterscreenfuncs.o [1]
  .bss                   zero     0x2000'a494     0x1c  files_pws.o [1]
  .bss                   zero     0x2000'a4b0     0x18  config.o [1]
  .bss                   zero     0x2000'a4c8     0x18  config.o [1]
  .bss                   zero     0x2000'a4e0     0x18  dlmalloc.o [2]
  .bss                   zero     0x2000'a4f8     0x14  files_pws.o [1]
  .bss                   zero     0x2000'a50c     0x10  ff_gen_drv.o [1]
  .bss                   zero     0x2000'a51c     0x10  touch.o [1]
  .bss                   zero     0x2000'a52c      0xc  spi_flash.o [1]
  .bss                   zero     0x2000'a538      0x8  fatfs.o [1]
  .bss                   zero     0x2000'a540      0x8  fatfs.o [1]
  .bss                   zero     0x2000'a548      0x8  ff.o [1]
  .bss                   zero     0x2000'a550      0x8  printing.o [1]
  .bss                   zero     0x2000'a558      0x4  cpld_utils.o [1]
  .bss                   zero     0x2000'a55c      0x4  cpld_utils.o [1]
  .bss                   zero     0x2000'a560      0x4  cpld_utils.o [1]
  .bss                   zero     0x2000'a564      0x4  fsmc.o [1]
  .bss                   zero     0x2000'a568      0x4  motor.o [1]
  .bss                   zero     0x2000'a56c      0x4  printing.o [1]
  .bss                   zero     0x2000'a570      0x4  printing.o [1]
  .bss                   zero     0x2000'a574      0x4  printing.o [1]
  .bss                   zero     0x2000'a578      0x4  printing.o [1]
  .bss                   zero     0x2000'a57c      0x4  printing.o [1]
  .bss                   zero     0x2000'a580      0x4  prtfiles.o [1]
  .bss                   zero     0x2000'a584      0x4  spi_flash.o [1]
  .bss                   zero     0x2000'a588      0x4  spi_flash.o [1]
  .bss                   zero     0x2000'a58c      0x4  stm32f4xx_hal.o [1]
  .bss                   zero     0x2000'a590      0x4  stm32f4xx_ll_usb.o [1]
  .bss                   zero     0x2000'a594      0x4  sys_timer.o [1]
  .bss                   zero     0x2000'a598      0x4  sys_timer.o [1]
  .bss                   zero     0x2000'a59c      0x4  sys_timer.o [1]
  .bss                   zero     0x2000'a5a0      0x4  sys_timer.o [1]
  .bss                   zero     0x2000'a5a4      0x4  tgui.o [1]
  .bss                   zero     0x2000'a5a8      0x4  tgui_fileviewscreenfuncs.o [1]
  .bss                   zero     0x2000'a5ac      0x4  tgui_numenterscreenfuncs.o [1]
  .bss                   zero     0x2000'a5b0      0x4  tgui_printscreenfuncs.o [1]
  .bss                   zero     0x2000'a5b4      0x4  tgui_printscreenfuncs.o [1]
  .bss                   zero     0x2000'a5b8      0x4  touch.o [1]
  .bss                   zero     0x2000'a5bc      0x4  z_planner.o [1]
  .bss                   zero     0x2000'a5c0      0x4  z_planner.o [1]
  .bss                   zero     0x2000'a5c4      0x4  z_planner.o [1]
  .bss                   zero     0x2000'a5c8      0x4  z_planner.o [1]
  .bss                   zero     0x2000'a5cc      0x4  z_planner.o [1]
  .bss                   zero     0x2000'a5d0      0x4  z_planner.o [1]
  .bss                   zero     0x2000'a5d4      0x4  z_planner.o [1]
  .bss                   zero     0x2000'a5d8      0x4  z_stepper.o [1]
  .bss                   zero     0x2000'a5dc      0x4  z_stepper.o [1]
  .bss                   zero     0x2000'a5e0      0x4  z_stepper.o [1]
  .bss                   zero     0x2000'a5e4      0x4  z_stepper.o [1]
  .bss                   zero     0x2000'a5e8      0x4  z_stepper.o [1]
  .bss                   zero     0x2000'a5ec      0x4  z_stepper.o [1]
  .bss                   zero     0x2000'a5f0      0x4  z_stepper.o [1]
  .bss                   zero     0x2000'a5f4      0x4  z_stepper.o [1]
  .bss                   zero     0x2000'a5f8      0x4  z_stepper.o [1]
  .bss                   zero     0x2000'a5fc      0x4  z_stepper.o [1]
  .bss                   zero     0x2000'a600      0x4  z_stepper.o [1]
  .bss                   zero     0x2000'a604      0x4  z_stepper.o [1]
  .bss                   zero     0x2000'a608      0x4  z_stepper.o [1]
  .bss                   zero     0x2000'a60c      0x4  z_stepper.o [1]
  .bss                   zero     0x2000'a610      0x4  xfail_s.o [2]
  .bss                   zero     0x2000'a614      0x4  xgetmemchunk.o [2]
  .bss                   zero     0x2000'a618      0x2  ff.o [1]
  .bss                   zero     0x2000'a61a      0x2  lcd_low.o [1]
  .bss                   zero     0x2000'a61c      0x2  lcd_ui.o [1]
  .bss                   zero     0x2000'a61e      0x2  lcd_ui.o [1]
  .bss                   zero     0x2000'a620      0x2  lcd_ui.o [1]
  .bss                   zero     0x2000'a622      0x2  tgui_fileviewscreenfuncs.o [1]
  .bss                   zero     0x2000'a624      0x2  tgui_fileviewscreenfuncs.o [1]
  .bss                   zero     0x2000'a626      0x2  z_planner.o [1]
  .bss                   zero     0x2000'a628      0x1  eeprom.o [1]
  .bss                   zero     0x2000'a629      0x1  fatfs.o [1]
  .bss                   zero     0x2000'a62a      0x1  fatfs.o [1]
  .bss                   zero     0x2000'a62b      0x1  main.o [1]
  .bss                   zero     0x2000'a62c      0x1  main.o [1]
  .bss                   zero     0x2000'a62d      0x1  main.o [1]
  .bss                   zero     0x2000'a62e      0x1  main.o [1]
  .bss                   zero     0x2000'a62f      0x1  main.o [1]
  .bss                   zero     0x2000'a630      0x1  prtfiles.o [1]
  .bss                   zero     0x2000'a631      0x1  prtfiles.o [1]
  .bss                   zero     0x2000'a632      0x1  tgui_defaultfuncs.o [1]
  .bss                   zero     0x2000'a633      0x1  tgui_filesscreenfuncs.o [1]
  .bss                   zero     0x2000'a634      0x1  tgui_filesscreenfuncs.o [1]
  .bss                   zero     0x2000'a635      0x1  tgui_filesscreenfuncs.o [1]
  .bss                   zero     0x2000'a636      0x1  tgui_filesscreenfuncs.o [1]
  .bss                   zero     0x2000'a637      0x1  tgui_fileviewscreenfuncs.o [1]
  .bss                   zero     0x2000'a638      0x1  tgui_numenterscreenfuncs.o [1]
  .bss                   zero     0x2000'a639      0x1  tgui_numenterscreenfuncs.o [1]
  .bss                   zero     0x2000'a63a      0x1  tgui_numenterscreenfuncs.o [1]
  .bss                   zero     0x2000'a63b      0x1  tgui_numenterscreenfuncs.o [1]
  .bss                   zero     0x2000'a63c      0x1  tgui_printscreenfuncs.o [1]
  .bss                   zero     0x2000'a63d      0x1  tgui_printscreenfuncs.o [1]
  .bss                   zero     0x2000'a63e      0x1  usb_host.o [1]
  .bss                   zero     0x2000'a63f      0x1  z_endstops.o [1]
  .bss                   zero     0x2000'a640      0x1  z_endstops.o [1]
  .bss                   zero     0x2000'a641      0x1  z_planner.o [1]
  .bss                   zero     0x2000'a642      0x1  z_planner.o [1]
  .bss                   zero     0x2000'a643      0x1  z_planner.o [1]
  .bss                   zero     0x2000'a644      0x1  z_planner.o [1]
  .bss                   zero     0x2000'a645      0x1  z_planner.o [1]
  .bss                   zero     0x2000'a646      0x1  z_planner.o [1]
  .bss                   zero     0x2000'a647      0x1  z_stepper.o [1]
  .bss                   zero     0x2000'a648      0x1  z_stepper.o [1]
  .bss                   zero     0x2000'a649      0x1  z_stepper.o [1]
  .bss                   zero     0x2000'a64a      0x1  z_stepper.o [1]
  .bss                   zero     0x2000'a64b      0x1  z_stepper.o [1]
                                - 0x2000'a64c   0xa30c

"P2", part 3 of 3:                              0x7204
  .noinit                uninit   0x2000'a64c   0x1000  tgui.o [1]
  .noinit                uninit   0x2000'b64c    0x200  tgui.o [1]
  CSTACK                          0x2000'b850   0x4000  <Block>
    CSTACK               uninit   0x2000'b850   0x4000  <Block tail>
  HEAP                            0x2000'f850   0x2000  <Block>
    HEAP                 uninit   0x2000'f850   0x2000  <Block tail>
                                - 0x2001'1850   0x7204

Unused ranges:

         From           To      Size
         ----           --      ----
   0x803'a4f3   0x807'ffff  0x4'5b0d
  0x1000'7478  0x1000'ffff    0x8b88
  0x2000'033f  0x2000'033f       0x1
  0x2001'1850  0x2001'ffff    0xe7b0


*******************************************************************************
*** INIT TABLE
***

          Address      Size
          -------      ----
Zero (__iar_zero_init3)
    1 destination range, total size 0xa30c:
          0x2000'0340  0xa30c

Copy/lz77 (__iar_lz77_init_single3)
    1 source range, total size 0xf3 (29% of destination):
           0x803'a400    0xf3
    1 destination range, total size 0x33f:
          0x2000'0000   0x33f

Extra (__iar_cstart_call_ctors)



*******************************************************************************
*** MODULE SUMMARY
***

    Module                      ro code  ro data  rw data
    ------                      -------  -------  -------
command line/config:
    -----------------------------------------------------
    Total:

D:\Electronics\Projects\MKS_DLP_new\SRC\firmware\MKSDLP_Alter_Debug\Obj: [1]
    config.o                      3 624      376    1 708
    cpld_utils.o                    544               424
    datetime.o                      288       48
    diskio.o                        176
    eeprom.o                      1 508                85
    fatfs.o                         344             8 322
    ff.o                         11 232      272      522
    ff_gen_drv.o                     84                16
    ffunicode.o                     324      944
    files_pws.o                   1 228       40      180
    fnt12.o                                2 039       12
    fnt12bold.o                            2 252       12
    fnt18.o                                4 071       12
    fnt18bold.o                            4 620       12
    fnt24.o                                7 007       12
    fnt24bold.o                            8 664       12
    fnt36num.o                             1 727       12
    fnt36num_lcd.o                         1 704       12
    fnt48num_lcd.o                         3 079       12
    fsmc.o                          276                84
    fst_spi.o                     1 432               736
    gpio.o                          732
    languages.o                      64    5 502       20
    lcd_low.o                     1 312                98
    lcd_ui.o                      3 048        3       17
    main.o                        4 638      636   28 845
    motor.o                         784                 4
    printing.o                    1 196        4    7 388
    prtfiles.o                      964                 6
    rtc.o                           200        4       32
    spi_flash.o                     804                20
    spifl_diskio.o                  300       20
    ssd_utils.o                   1 476
    startup_stm32f407xx.o           412
    stm32f4xx_hal.o                 180        2        9
    stm32f4xx_hal_cortex.o          300
    stm32f4xx_hal_dma.o           1 112        8
    stm32f4xx_hal_gpio.o            594
    stm32f4xx_hal_hcd.o           4 192
    stm32f4xx_hal_i2c.o             490
    stm32f4xx_hal_msp.o              64
    stm32f4xx_hal_rcc.o           1 448
    stm32f4xx_hal_rcc_ex.o          336
    stm32f4xx_hal_rtc.o           1 048
    stm32f4xx_hal_spi.o           1 896
    stm32f4xx_hal_sram.o             92
    stm32f4xx_hal_tim.o           1 930
    stm32f4xx_hal_tim_ex.o          172
    stm32f4xx_it.o                  156
    stm32f4xx_ll_fsmc.o             228
    stm32f4xx_ll_usb.o            2 500                 4
    sys_timer.o                     476               272
    system_stm32f4xx.o               32       25        4
    tgui.o                       15 220    2 232   18 668
    tgui_defaultfuncs.o           2 808       16        2
    tgui_filesscreenfuncs.o       3 768      254    2 613
    tgui_fileviewscreenfuncs.o    2 928       76    1 545
    tgui_infoscreenfuncs.o        1 140       92
    tgui_langscreenfuncs.o           28
    tgui_messagebox.o             1 876
    tgui_movezscreenfuncs.o       1 276        1        4
    tgui_numenterscreenfuncs.o    1 568        8       40
    tgui_printscreenfuncs.o       2 648       48       10
    tgui_settingsscreenfuncs.o      576        8
    tim.o                           488        8      128
    touch.o                         704                20
    unicode_utils.o                 922
    usb_host.o                      140               985
    usbh_conf.o                     760               708
    usbh_core.o                   1 950
    usbh_ctlreq.o                 1 468
    usbh_diskio.o                   324       20
    usbh_ioreq.o                    208
    usbh_msc.o                    2 228       14       32
    usbh_msc_bot.o                  916
    usbh_msc_scsi.o               1 002
    usbh_pipes.o                    182
    usbh_platform.o                  32
    uvdisplay.o                      28             1 536
    z_endstops.o                    264        1        3
    z_planner.o                   4 176        4    1 100
    z_stepper.o                   1 684        1       65
    -----------------------------------------------------
    Total:                      105 548   45 830   76 363

dl7M_tlf.a: [2]
    abort.o                           6
    cppinit.o                        24
    dlmalloc.o                    5 344               496
    exit.o                            4
    heaptramp0.o                      4
    iar_Stoflt.o                    452
    iar_Stollx.o                    158
    iar_Stopfx.o                    290
    iar_Stoullx.o                   434       80
    iar_Stoulx.o                    338       80
    iar_Stoxflt.o                   540
    isalpha.o                        20
    isspace.o                        20
    low_level_init.o                  4
    sprintf.o                        64
    sscanf.o                         40
    strcat.o                         30
    tolower.o                        20
    wctob.o                          60
    xencoding_8859_1.o               38
    xfail_s.o                        64                 4
    xgetmemchunk.o                   44                 4
    xlocale_c.o                     260       43      128
    xmbcurmax.o                      10
    xprintffull.o                 3 910
    xscanffull.o                  3 672      116
    xsprout.o                        10
    xsscin.o                         30
    -----------------------------------------------------
    Total:                       15 890      319      632

dlpp7M_tl_fc.a: [3]
    -----------------------------------------------------
    Total:

m7M_tls.a: [4]
    DblAdd.o                        378
    DblCmpGe.o                       46
    DblCmpLe.o                       46
    DblDiv.o                        582
    DblMul.o                        418
    DblSub.o                        226
    DblToFlt.o                      104
    DblToS32.o                       58
    DblToU32.o                       40
    FltToDbl.o                       72
    S32ToDbl.o                       34
[...]
clngLangEng              0x803'6f2c   0x198  Data  Lc  languages.o [1]
clngLangRus              0x803'70c4   0x198  Data  Lc  languages.o [1]
clst2sect                0x801'6807    0x1a  Code  Lc  ff.o [1]
cmp_lfn                  0x801'6f01    0xa0  Code  Lc  ff.o [1]
cpld_bmp                0x2000'94a8   0x19c  Data  Gb  cpld_utils.o [1]
cpld_cmd                0x2000'a560     0x4  Data  Gb  cpld_utils.o [1]
create_chain             0x801'6b15   0x130  Code  Lc  ff.o [1]
create_name              0x801'76c5   0x286  Code  Lc  ff.o [1]
create_partition         0x801'88ff   0x1a8  Code  Lc  ff.o [1]
currdir                 0x2000'008c   0x200  Data  Gb  tgui_filesscreenfuncs.o [1]
d                       0x2000'a588     0x4  Data  Gb  spi_flash.o [1]
dbc_1st                  0x801'6627     0xe  Code  Lc  ff.o [1]
dbc_2nd                  0x801'6635     0xe  Code  Lc  ff.o [1]
ddiv                     0x802'51cd    0xc4  Code  Lc  strto64.o [4]
digits                   0x803'84d0    0x28  Data  Lc  iar_Stoulx.o [2]
digits                   0x803'8520    0x28  Data  Lc  iar_Stoullx.o [2]
dir                     0x2000'a168    0x34  Data  Gb  main.o [1]
dir_alloc                0x801'6e4d    0x64  Code  Lc  ff.o [1]
dir_clear                0x801'6c45    0x64  Code  Lc  ff.o [1]
dir_find                 0x801'727f   0x118  Code  Lc  ff.o [1]
dir_next                 0x801'6d5b    0xf2  Code  Lc  ff.o [1]
dir_read                 0x801'717f   0x100  Code  Lc  ff.o [1]
dir_register             0x801'7397   0x166  Code  Lc  ff.o [1]
dir_sdi                  0x801'6ca9    0xb2  Code  Lc  ff.o [1]
disk                    0x2000'a50c    0x10  Data  Gb  ff_gen_drv.o [1]
disk_initialize          0x801'b2b7    0x32  Code  Gb  diskio.o [1]
disk_ioctl               0x801'b325    0x20  Code  Gb  diskio.o [1]
disk_read                0x801'b2e9    0x1e  Code  Gb  diskio.o [1]
disk_status              0x801'b299    0x1e  Code  Gb  diskio.o [1]
disk_write               0x801'b307    0x1e  Code  Gb  diskio.o [1]
disp_locked             0x2000'a63d     0x1  Data  Gb  tgui_printscreenfuncs.o [1]
dmul                     0x802'5105    0xc6  Code  Lc  strto64.o [4]
dot_entered             0x2000'a63b     0x1  Data  Gb  tgui_numenterscreenfuncs.o [1]
edit_value              0x2000'a5ac     0x4  Data  Gb  tgui_numenterscreenfuncs.o [1]
enter_begin             0x2000'a63a     0x1  Data  Gb  tgui_numenterscreenfuncs.o [1]
exit                     0x803'906b     0x4  Code  Gb  exit.o [2]
fMoveStep               0x2000'028c     0x4  Data  Gb  tgui_movezscreenfuncs.o [1]
f_close                  0x801'84df    0x2a  Code  Gb  ff.o [1]
f_closedir               0x801'873b    0x1c  Code  Gb  ff.o [1]
f_getfree                0x801'87ff   0x100  Code  Gb  ff.o [1]
f_lseek                  0x801'8509   0x1aa  Code  Gb  ff.o [1]
f_mkfs                   0x801'8aa7   0x692  Code  Gb  ff.o [1]
f_mkfs::cst              0x803'9a94    0x10  Data  Lc  ff.o [1]
f_mkfs::cst32            0x803'9aa4    0x10  Data  Lc  ff.o [1]
f_mkfs::defopt           0x803'9ab4    0x10  Data  Lc  ff.o [1]
f_mount                  0x801'7dcb    0x54  Code  Gb  ff.o [1]
f_open                   0x801'7e41   0x21a  Code  Gb  ff.o [1]
f_opendir                0x801'86b3    0x88  Code  Gb  ff.o [1]
f_read                   0x801'805b   0x1cc  Code  Gb  ff.o [1]
f_readdir                0x801'8757    0x5c  Code  Gb  ff.o [1]
f_stat                   0x801'87b3    0x4c  Code  Gb  ff.o [1]
f_sync                   0x801'843f    0xa0  Code  Gb  ff.o [1]
f_write                  0x801'8227   0x218  Code  Gb  ff.o [1]
fbuff                   0x1000'0000  0x4000  Data  Gb  main.o [1]
ff_oem2uni               0x801'b38f    0x3a  Code  Gb  ffunicode.o [1]
ff_uni2oem               0x801'b349    0x46  Code  Gb  ffunicode.o [1]
ff_wtoupper              0x801'b3c9    0xb6  Code  Gb  ffunicode.o [1]
ff_wtoupper::cvt1        0x803'6d38   0x1f4  Data  Lc  ffunicode.o [1]
ff_wtoupper::cvt2        0x803'7e14    0xbc  Data  Lc  ffunicode.o [1]
filedate                0x2000'a622     0x2  Data  Gb  tgui_fileviewscreenfuncs.o [1]
files                   0x2000'4070   0x830  Data  Gb  tgui_filesscreenfuncs.o [1]
filesize                0x2000'a5a8     0x4  Data  Gb  tgui_fileviewscreenfuncs.o [1]
filetime                0x2000'a624     0x2  Data  Gb  tgui_fileviewscreenfuncs.o [1]
find_volume              0x801'7ab5    0x6c  Code  Lc  ff.o [1]
finfo                   0x2000'84d4   0x224  Data  Gb  main.o [1]
floorf                   0x802'579d          Code  Gb  floorf.o [4]
fnt12_data               0x803'4c98   0x6b4  Data  Gb  fnt12.o [1]
fnt12_width              0x803'73a0   0x140  Data  Gb  fnt12.o [1]
fnt12bold_data           0x803'4510   0x788  Data  Gb  fnt12bold.o [1]
fnt12bold_width          0x803'74e0   0x140  Data  Gb  fnt12bold.o [1]
fnt18_data               0x802'ff28   0xea4  Data  Gb  fnt18.o [1]
fnt18_width              0x803'7620   0x140  Data  Gb  fnt18.o [1]
fnt18bold_data           0x802'd400  0x10c8  Data  Gb  fnt18bold.o [1]
fnt18bold_width          0x803'7760   0x140  Data  Gb  fnt18bold.o [1]
fnt24_data               0x802'a4d8  0x1a1c  Data  Gb  fnt24.o [1]
fnt24_width              0x803'78a0   0x140  Data  Gb  fnt24.o [1]
fnt24bold_data           0x802'8444  0x2094  Data  Gb  fnt24bold.o [1]
fnt24bold_width          0x803'79e0   0x140  Data  Gb  fnt24bold.o [1]
fnt36num_data            0x803'534c   0x684  Data  Gb  fnt36num.o [1]
fnt36num_lcd_data        0x803'59d0   0x66c  Data  Gb  fnt36num_lcd.o [1]
fnt36num_lcd_width       0x803'8858    0x38  Data  Gb  fnt36num_lcd.o [1]
fnt36num_width           0x803'8820    0x38  Data  Gb  fnt36num.o [1]
fnt48num_lcd_data        0x803'1eb4   0xbcc  Data  Gb  fnt48num_lcd.o [1]
fnt48num_lcd_width       0x803'8890    0x38  Data  Gb  fnt48num_lcd.o [1]
follow_path              0x801'7951    0x9a  Code  Lc  ff.o [1]
font_fnt12              0x2000'0000     0xc  Data  Gb  fnt12.o [1]
font_fnt12bold          0x2000'000c     0xc  Data  Gb  fnt12bold.o [1]
font_fnt18              0x2000'0018     0xc  Data  Gb  fnt18.o [1]
font_fnt18bold          0x2000'0024     0xc  Data  Gb  fnt18bold.o [1]
font_fnt24              0x2000'0030     0xc  Data  Gb  fnt24.o [1]
font_fnt24bold          0x2000'003c     0xc  Data  Gb  fnt24bold.o [1]
font_fnt36num           0x2000'0048     0xc  Data  Gb  fnt36num.o [1]
font_fnt36num_lcd       0x2000'0054     0xc  Data  Gb  fnt36num_lcd.o [1]
font_fnt48num_lcd       0x2000'0060     0xc  Data  Gb  fnt48num_lcd.o [1]
fpws_header             0x2000'a19c    0x30  Data  Gb  files_pws.o [1]
fpws_info               0x2000'a044    0x54  Data  Gb  files_pws.o [1]
fpws_layersdata         0x2000'a4f8    0x14  Data  Gb  files_pws.o [1]
fpws_preview            0x2000'a494    0x1c  Data  Gb  files_pws.o [1]
free                     0x803'4121     0x4  Code  Gb  heaptramp0.o [2]
fv_dirname              0x2000'9aac   0x100  Data  Gb  tgui_fileviewscreenfuncs.o [1]
fv_filename             0x2000'99ac   0x100  Data  Gb  tgui_fileviewscreenfuncs.o [1]
fv_filetype             0x2000'a637     0x1  Data  Gb  tgui_fileviewscreenfuncs.o [1]
fv_tfilename            0x2000'6948   0x400  Data  Gb  tgui_fileviewscreenfuncs.o [1]
gen_numname              0x801'70bd    0xa2  Code  Lc  ff.o [1]
get_fat                  0x801'6821   0x10a  Code  Lc  ff.o [1]
get_fattime              0x801'b4a9    0x50  Code  Gb  fatfs.o [1]
get_fileinfo             0x801'74fd   0x1c8  Code  Lc  ff.o [1]
get_ldnumber             0x801'79eb    0x4e  Code  Lc  ff.o [1]
hFlashSpi               0x2000'9cdc    0x80  Data  Gb  fst_spi.o [1]
hFlashSpiDmaRx          0x2000'9e7c    0x60  Data  Gb  fst_spi.o [1]
hFlashSpiDmaTx          0x2000'9edc    0x60  Data  Gb  fst_spi.o [1]
hI2C                    0x2000'9ff0    0x54  Data  Gb  eeprom.o [1]
hLcdDma                 0x2000'9f3c    0x60  Data  Gb  lcd_low.o [1]
hRTC                    0x2000'a454    0x20  Data  Gb  rtc.o [1]
hStepperTim             0x2000'a0e8    0x40  Data  Gb  tim.o [1]
hTouchSpi               0x2000'9c5c    0x80  Data  Gb  fst_spi.o [1]
hTouchSpiDmaRx          0x2000'9d5c    0x60  Data  Gb  fst_spi.o [1]
hTouchSpiDmaTx          0x2000'9dbc    0x60  Data  Gb  fst_spi.o [1]
hUsbHost                0x2000'7148   0x3d8  Data  Gb  usb_host.o [1]
hZRefTim                0x2000'a128    0x40  Data  Gb  tim.o [1]
hhcd_USB_OTG_FS         0x2000'7fa8   0x2c4  Data  Gb  usbh_conf.o [1]
hsram1                  0x2000'a098    0x50  Data  Gb  fsmc.o [1]
i2c_timer               0x2000'a628     0x1  Data  Gb  eeprom.o [1]
idle()                   0x802'0151     0xa  Code  Gb  motor.o [1]
idle()::idlecount       0x2000'a568     0x4  Data  Lc  motor.o [1]
init_mparams             0x802'bf0f    0x32  Code  Lc  dlmalloc.o [2]
init_top                 0x802'bf41    0x36  Code  Lc  dlmalloc.o [2]
inited                  0x2000'a631     0x1  Data  Gb  prtfiles.o [1]
isalpha                  0x802'7a6d    0x14  Code  Gb  isalpha.o [2]
isspace                  0x802'5621    0x14  Code  Gb  isspace.o [2]
lastfilenum             0x2000'033d     0x1  Data  Gb  tgui_filesscreenfuncs.o [1]
lcdui_bgcolor           0x2000'a620     0x2  Data  Gb  lcd_ui.o [1]
lcdui_color             0x2000'0338     0x2  Data  Gb  lcd_ui.o [1]
lcdui_current_font      0x2000'0080     0x4  Data  Gb  lcd_ui.o [1]
lcdui_current_font_type
                        0x2000'033a     0x1  Data  Gb  lcd_ui.o [1]
lcdui_cursor_x          0x2000'a61c     0x2  Data  Gb  lcd_ui.o [1]
lcdui_cursor_y          0x2000'a61e     0x2  Data  Gb  lcd_ui.o [1]
lcdui_height            0x2000'0336     0x2  Data  Gb  lcd_ui.o [1]
lcdui_width             0x2000'0334     0x2  Data  Gb  lcd_ui.o [1]
ld_clust                 0x801'6eb1    0x26  Code  Lc  ff.o [1]
ld_dword                 0x801'6599    0x16  Code  Lc  ff.o [1]
ld_word                  0x801'658d     0xc  Code  Lc  ff.o [1]
ldata_length            0x2000'a574     0x4  Data  Gb  printing.o [1]
ldata_offset_begin      0x2000'a56c     0x4  Data  Gb  printing.o [1]
ldata_offset_current    0x2000'a570     0x4  Data  Gb  printing.o [1]
ldexp                    0x801'c22d          Code  Gb  ldexp.o [4]
ldexpl                   0x801'c22d          Code  Gb  ldexp.o [4]
lmos                     0x803'9500    0x18  Data  Lc  datetime.o [1]
lngCurrent              0x2000'007c     0x4  Data  Gb  languages.o [1]
lngLanguages            0x2000'006c    0x10  Data  Gb  languages.o [1]
localeconv               0x801'bc7f     0x4  Code  Gb  xlocale_c.o [2]
lroundf                  0x802'5931          Code  Gb  lroundf.o [4]
main                     0x801'c79d  0x10b8  Code  Gb  main.o [1]
mem_cmp                  0x801'65f5    0x1e  Code  Lc  ff.o [1]
mem_cpy                  0x801'65d5    0x14  Code  Lc  ff.o [1]
mem_set                  0x801'65e9     0xc  Code  Lc  ff.o [1]
memchr                   0x801'bd25          Code  Gb  memchr.o [5]
mos                      0x803'9518    0x18  Data  Lc  datetime.o [1]
mount_volume             0x801'7b21   0x262  Code  Lc  ff.o [1]
move_window              0x801'6735    0x3e  Code  Lc  ff.o [1]
mparams                 0x2000'a4e0    0x18  Data  Lc  dlmalloc.o [2]
msg                     0x2000'8f18   0x200  Data  Gb  main.o [1]
ndigs                    0x803'84a8    0x28  Data  Lc  iar_Stoulx.o [2]
ndigs                    0x803'84f8    0x28  Data  Lc  iar_Stoullx.o [2]
nomorefiles             0x2000'a636     0x1  Data  Gb  tgui_filesscreenfuncs.o [1]
numstr                  0x2000'a474    0x20  Data  Gb  tgui_numenterscreenfuncs.o [1]
numstr_len              0x2000'a639     0x1  Data  Gb  tgui_numenterscreenfuncs.o [1]
oldUsbMounted           0x2000'a633     0x1  Data  Gb  tgui_filesscreenfuncs.o [1]
old_layer               0x2000'a5b4     0x4  Data  Gb  tgui_printscreenfuncs.o [1]
old_pause               0x2000'a63c     0x1  Data  Gb  tgui_printscreenfuncs.o [1]
old_time                0x2000'a5b0     0x4  Data  Gb  tgui_printscreenfuncs.o [1]
pfile_type              0x2000'a630     0x1  Data  Gb  prtfiles.o [1]
pick_lfn                 0x801'6fa1    0x90  Code  Lc  ff.o [1]
pows                     0x803'8628    0x48  Data  Lc  strto64.o [4]
prepend_alloc            0x802'bf77   0x346  Code  Lc  dlmalloc.o [2]
prev_position           0x2000'a550     0x8  Data  Gb  printing.o [1]
prevcolors               0x803'a3ec     0x4  Data  Lc  printing.o [1]
previmage               0x2000'0340  0x1cc0  Data  Gb  printing.o [1]
prt_file                0x2000'a580     0x4  Data  Gb  prtfiles.o [1]
put_fat                  0x801'692b   0x15c  Code  Lc  ff.o [1]
put_lfn                  0x801'7031    0x84  Code  Lc  ff.o [1]
put_utf                  0x801'6689    0x5c  Code  Lc  ff.o [1]
ranmatch                 0x803'1135    0x44  Code  Lc  xscanffull.o [2]
reTransmission_all_cnt  0x2000'a55c     0x4  Data  Gb  cpld_utils.o [1]
reTransmission_data_cnt
                        0x2000'a558     0x4  Data  Gb  cpld_utils.o [1]
remove_chain             0x801'6a87    0x8e  Code  Lc  ff.o [1]
resX                    0x2000'a578     0x4  Data  Gb  printing.o [1]
resY                    0x2000'a57c     0x4  Data  Gb  printing.o [1]
retSPIFL                0x2000'a62a     0x1  Data  Gb  fatfs.o [1]
retUSBH                 0x2000'a629     0x1  Data  Gb  fatfs.o [1]
s_tfname                0x2000'6148   0x400  Data  Gb  main.o [1]
scalbln                  0x801'c22d          Code  Gb  ldexp.o [4]
scalblnl                 0x801'c22d          Code  Gb  ldexp.o [4]
scalbn                   0x801'c22d          Code  Gb  ldexp.o [4]
scalbnl                  0x801'c22d          Code  Gb  ldexp.o [4]
scale                    0x801'a44b    0x46  Code  Lc  xprintffull.o [2]
scrTimeTimer            0x2000'033c     0x1  Data  Gb  tgui_defaultfuncs.o [1]
sec_hand                0x2000'a610     0x4  Data  Lc  xfail_s.o [2]
segment_holding          0x802'bef5    0x1a  Code  Lc  dlmalloc.o [2]
sfile                   0x1000'5028  0x1028  Data  Gb  main.o [1]
sprintf                  0x801'5445    0x40  Code  Gb  sprintf.o [2]
sqrtf                    0x802'50e5          Code  Gb  sqrtf.o [4]
srvMode                 0x2000'a62f     0x1  Data  Gb  main.o [1]
sscanf                   0x803'665d    0x28  Code  Gb  sscanf.o [2]
st_clust                 0x801'6ed7    0x2a  Code  Lc  ff.o [1]
st_dword                 0x801'65bd    0x18  Code  Lc  ff.o [1]
st_word                  0x801'65af     0xe  Code  Lc  ff.o [1]
strcat                   0x802'f399    0x1e  Code  Gb  strcat.o [2]
strchr                   0x801'bc8d          Code  Gb  strchr.o [5]
strcmp                   0x802'04f5          Code  Gb  strcmp.o [5]
strcpy                   0x802'f381          Code  Gb  strcpy.o [5]
strcpy_utf(char *, char *)
                         0x801'9391    0x28  Code  Gb  unicode_utils.o [1]
strlen                   0x801'bced          Code  Gb  strlen.o [5]
strncpy                  0x801'97ed          Code  Gb  strncpy.o [5]
strtoll                  0x803'1cf9     0x2  Code  Gb  iar_Stollx.o [2]
strtoul                  0x802'1e05     0x2  Code  Gb  iar_Stoulx.o [2]
strtoull                 0x803'1ead     0x2  Code  Gb  iar_Stoullx.o [2]
strtrim(char *)          0x801'944b    0x5e  Code  Gb  unicode_utils.o [1]
strupper_utf(char *)     0x801'94a9    0x5e  Code  Gb  unicode_utils.o [1]
subdir                  0x2000'a635     0x1  Data  Gb  tgui_filesscreenfuncs.o [1]
sum_sfn                  0x801'715f    0x20  Code  Lc  ff.o [1]
sync_fs                  0x801'6773    0x94  Code  Lc  ff.o [1]
sync_window              0x801'66e5    0x50  Code  Lc  ff.o [1]
sys_alloc                0x802'c4b5   0x164  Code  Lc  dlmalloc.o [2]
sys_trim                 0x802'c619    0x64  Code  Lc  dlmalloc.o [2]
systemInfo              0x2000'a3dc    0x28  Data  Gb  config.o [1]
tchar2uni                0x801'6643    0x46  Code  Lc  ff.o [1]
tfname                  0x1000'7078   0x400  Data  Gb  tgui.o [1]
tguiActiveScreen        0x2000'a5a4     0x4  Data  Gb  tgui.o [1]
tguiDBuff               0x2000'a64c  0x1000  Data  Gb  tgui.o [1]
tguiDefaultConfig       0x2000'a404    0x28  Data  Gb  tgui.o [1]
tguiFBuff               0x2000'b64c   0x200  Data  Gb  tgui.o [1]
tguiFile                0x1000'6050  0x1028  Data  Gb  tgui.o [1]
tguiMsgBox              0x2000'7c58   0x350  Data  Gb  tgui.o [1]
tguiScrFilesButtons     0x2000'78e8   0x370  Data  Gb  tgui.o [1]
tguiScrFilesListButtons
                        0x2000'5478   0x4d0  Data  Gb  tgui.o [1]
tguiScrFileviewButtons  0x2000'86f8   0x210  Data  Gb  tgui.o [1]
tguiScrInfoButtons      0x2000'9bac    0xb0  Data  Gb  tgui.o [1]
tguiScrLanguageButtons  0x2000'97a4   0x108  Data  Gb  tgui.o [1]
tguiScrMainButtons      0x2000'9644   0x160  Data  Gb  tgui.o [1]
tguiScrMovezButtons     0x2000'7520   0x3c8  Data  Gb  tgui.o [1]
tguiScrNumenterButtons  0x2000'4ea0   0x5d8  Data  Gb  tgui.o [1]
tguiScrPrintButtons     0x2000'8908   0x210  Data  Gb  tgui.o [1]
tguiScrServiceButtons   0x2000'92f0   0x1b8  Data  Gb  tgui.o [1]
tguiScrSettingsButtons  0x2000'826c   0x268  Data  Gb  tgui.o [1]
tguiScreenFiles         0x2000'a2bc    0x30  Data  Gb  tgui.o [1]
tguiScreenFilesList     0x2000'a2ec    0x30  Data  Gb  tgui.o [1]
tguiScreenFileview      0x2000'a37c    0x30  Data  Gb  tgui.o [1]
tguiScreenInfo          0x2000'a25c    0x30  Data  Gb  tgui.o [1]
tguiScreenLanguage      0x2000'a22c    0x30  Data  Gb  tgui.o [1]
tguiScreenMain          0x2000'a1cc    0x30  Data  Gb  tgui.o [1]
tguiScreenMovez         0x2000'a28c    0x30  Data  Gb  tgui.o [1]
tguiScreenNumenter      0x2000'a34c    0x30  Data  Gb  tgui.o [1]
tguiScreenPrint         0x2000'a3ac    0x30  Data  Gb  tgui.o [1]
tguiScreenService       0x2000'a1fc    0x30  Data  Gb  tgui.o [1]
tguiScreenSettings      0x2000'a31c    0x30  Data  Gb  tgui.o [1]
tguiTimer               0x2000'a62d     0x1  Data  Gb  main.o [1]
tmalloc_large            0x802'c689   0x386  Code  Lc  dlmalloc.o [2]
tmalloc_small            0x802'ca0f   0x200  Code  Lc  dlmalloc.o [2]
tolower                  0x802'5635    0x14  Code  Gb  tolower.o [2]
touch_buff              0x2000'9e1c    0x60  Data  Gb  fst_spi.o [1]
touch_info              0x2000'a51c    0x10  Data  Gb  touch.o [1]
touch_point             0x2000'a5b8     0x4  Data  Gb  touch.o [1]
tstrcat(unsigned short *, unsigned short *)
                         0x801'93db    0x2c  Code  Gb  unicode_utils.o [1]
tstrcat_utf(unsigned short *, char *)
                         0x801'9407    0x44  Code  Gb  unicode_utils.o [1]
tstrcpy(unsigned short *, unsigned short *)
                         0x801'93b9    0x22  Code  Gb  unicode_utils.o [1]
typeval                 0x2000'a638     0x1  Data  Gb  tgui_numenterscreenfuncs.o [1]
u_tfname                0x2000'5d48   0x400  Data  Gb  main.o [1]
uc866                    0x803'7c4c   0x100  Data  Lc  ffunicode.o [1]
ufile                   0x1000'4000  0x1028  Data  Gb  main.o [1]
uvfan_timer             0x2000'a5a0     0x4  Data  Gb  sys_timer.o [1]
uvled_timer             0x2000'a598     0x4  Data  Gb  sys_timer.o [1]
uvpause_timer           0x2000'a59c     0x4  Data  Gb  sys_timer.o [1]
uwTick                  0x2000'a58c     0x4  Data  Gb  stm32f4xx_hal.o [1]
uwTickFreq              0x2000'033b     0x1  Data  Gb  stm32f4xx_hal.o [1]
uwTickPrio              0x2000'0084     0x4  Data  Gb  stm32f4xx_hal.o [1]
validate                 0x801'7d83    0x48  Code  Lc  ff.o [1]
wctob                    0x803'1c25    0x32  Code  Gb  wctob.o [2]
zHoldTimer              0x2000'a62e     0x1  Data  Gb  main.o [1]
zPlanner                0x2000'a641     0x1  Data  Gb  z_planner.o [1]


[1] = D:\Electronics\Projects\MKS_DLP_new\SRC\firmware\MKSDLP_Alter_Debug\Obj
[2] = dl7M_tlf.a
[3] = dlpp7M_tl_fc.a
[4] = m7M_tls.a
[5] = rt7M_tl.a
[6] = shb_l.a

  127 031 bytes of readonly  code memory
   46 268 bytes of readonly  data memory
  101 571 bytes of readwrite data memory

Errors: none
Warnings: none
