###############################################################################
#
# IAR ELF Linker V8.32.1.169/W32 for ARM                  05/Aug/2020  10:21:52
# Copyright 2007-2018 IAR Systems AB.
#
#    Output file  =  
#        D:\Electronics\Projects\MKS_DLP_new\SRC\firmware\MKSDLP_Alter_debug\Exe\MKS_DLP_new.out
#    Map file     =  
#        D:\Electronics\Projects\MKS_DLP_new\SRC\firmware\MKSDLP_Alter_debug\List\MKS_DLP_new.map
#    Command line =  
#        -f C:\Temp\EWFB1B.tmp
#        (D:\Electronics\Projects\MKS_DLP_new\SRC\firmware\MKSDLP_Alter_Debug\Obj\config.o
#        D:\Electronics\Projects\MKS_DLP_new\SRC\firmware\MKSDLP_Alter_Debug\Obj\datetime.o
#        D:\Electronics\Projects\MKS_DLP_new\SRC\firmware\MKSDLP_Alter_Debug\Obj\diskio.o
#        D:\Electronics\Projects\MKS_DLP_new\SRC\firmware\MKSDLP_Alter_Debug\Obj\fatfs.o
#        D:\Electronics\Projects\MKS_DLP_new\SRC\firmware\MKSDLP_Alter_Debug\Obj\ff.o
#        D:\Electronics\Projects\MKS_DLP_new\SRC\firmware\MKSDLP_Alter_Debug\Obj\ff_gen_drv.o
#        D:\Electronics\Projects\MKS_DLP_new\SRC\firmware\MKSDLP_Alter_Debug\Obj\ffsystem.o
#        D:\Electronics\Projects\MKS_DLP_new\SRC\firmware\MKSDLP_Alter_Debug\Obj\ffunicode.o
#        D:\Electronics\Projects\MKS_DLP_new\SRC\firmware\MKSDLP_Alter_Debug\Obj\fnt12.o
#        D:\Electronics\Projects\MKS_DLP_new\SRC\firmware\MKSDLP_Alter_Debug\Obj\fnt18.o
#        D:\Electronics\Projects\MKS_DLP_new\SRC\firmware\MKSDLP_Alter_Debug\Obj\fnt18bold.o
#        D:\Electronics\Projects\MKS_DLP_new\SRC\firmware\MKSDLP_Alter_Debug\Obj\fnt24.o
#        D:\Electronics\Projects\MKS_DLP_new\SRC\firmware\MKSDLP_Alter_Debug\Obj\fnt24bold.o
#        D:\Electronics\Projects\MKS_DLP_new\SRC\firmware\MKSDLP_Alter_Debug\Obj\fsmc.o
#        D:\Electronics\Projects\MKS_DLP_new\SRC\firmware\MKSDLP_Alter_Debug\Obj\fst_spi.o
#        D:\Electronics\Projects\MKS_DLP_new\SRC\firmware\MKSDLP_Alter_Debug\Obj\gpio.o
#        D:\Electronics\Projects\MKS_DLP_new\SRC\firmware\MKSDLP_Alter_Debug\Obj\languages.o
#        D:\Electronics\Projects\MKS_DLP_new\SRC\firmware\MKSDLP_Alter_Debug\Obj\lcd_low.o
#        D:\Electronics\Projects\MKS_DLP_new\SRC\firmware\MKSDLP_Alter_Debug\Obj\lcd_ui.o
#        D:\Electronics\Projects\MKS_DLP_new\SRC\firmware\MKSDLP_Alter_Debug\Obj\main.o
#        D:\Electronics\Projects\MKS_DLP_new\SRC\firmware\MKSDLP_Alter_Debug\Obj\motor.o
#        D:\Electronics\Projects\MKS_DLP_new\SRC\firmware\MKSDLP_Alter_Debug\Obj\rtc.o
#        D:\Electronics\Projects\MKS_DLP_new\SRC\firmware\MKSDLP_Alter_Debug\Obj\spi_flash.o
#        D:\Electronics\Projects\MKS_DLP_new\SRC\firmware\MKSDLP_Alter_Debug\Obj\spifl_diskio.o
#        D:\Electronics\Projects\MKS_DLP_new\SRC\firmware\MKSDLP_Alter_Debug\Obj\startup_stm32f407xx.o
#        D:\Electronics\Projects\MKS_DLP_new\SRC\firmware\MKSDLP_Alter_Debug\Obj\stm32f4xx_hal.o
#        D:\Electronics\Projects\MKS_DLP_new\SRC\firmware\MKSDLP_Alter_Debug\Obj\stm32f4xx_hal_cortex.o
#        D:\Electronics\Projects\MKS_DLP_new\SRC\firmware\MKSDLP_Alter_Debug\Obj\stm32f4xx_hal_dma.o
#        D:\Electronics\Projects\MKS_DLP_new\SRC\firmware\MKSDLP_Alter_Debug\Obj\stm32f4xx_hal_dma_ex.o
#        D:\Electronics\Projects\MKS_DLP_new\SRC\firmware\MKSDLP_Alter_Debug\Obj\stm32f4xx_hal_exti.o
#        D:\Electronics\Projects\MKS_DLP_new\SRC\firmware\MKSDLP_Alter_Debug\Obj\stm32f4xx_hal_flash.o
#        D:\Electronics\Projects\MKS_DLP_new\SRC\firmware\MKSDLP_Alter_Debug\Obj\stm32f4xx_hal_flash_ex.o
#        D:\Electronics\Projects\MKS_DLP_new\SRC\firmware\MKSDLP_Alter_Debug\Obj\stm32f4xx_hal_flash_ramfunc.o
#        D:\Electronics\Projects\MKS_DLP_new\SRC\firmware\MKSDLP_Alter_Debug\Obj\stm32f4xx_hal_gpio.o
#        D:\Electronics\Projects\MKS_DLP_new\SRC\firmware\MKSDLP_Alter_Debug\Obj\stm32f4xx_hal_hcd.o
#        D:\Electronics\Projects\MKS_DLP_new\SRC\firmware\MKSDLP_Alter_Debug\Obj\stm32f4xx_hal_msp.o
#        D:\Electronics\Projects\MKS_DLP_new\SRC\firmware\MKSDLP_Alter_Debug\Obj\stm32f4xx_hal_pwr.o
#        D:\Electronics\Projects\MKS_DLP_new\SRC\firmware\MKSDLP_Alter_Debug\Obj\stm32f4xx_hal_pwr_ex.o
#        D:\Electronics\Projects\MKS_DLP_new\SRC\firmware\MKSDLP_Alter_Debug\Obj\stm32f4xx_hal_rcc.o
#        D:\Electronics\Projects\MKS_DLP_new\SRC\firmware\MKSDLP_Alter_Debug\Obj\stm32f4xx_hal_rcc_ex.o
#        D:\Electronics\Projects\MKS_DLP_new\SRC\firmware\MKSDLP_Alter_Debug\Obj\stm32f4xx_hal_rtc.o
#        D:\Electronics\Projects\MKS_DLP_new\SRC\firmware\MKSDLP_Alter_Debug\Obj\stm32f4xx_hal_rtc_ex.o
#        D:\Electronics\Projects\MKS_DLP_new\SRC\firmware\MKSDLP_Alter_Debug\Obj\stm32f4xx_hal_spi.o
#        D:\Electronics\Projects\MKS_DLP_new\SRC\firmware\MKSDLP_Alter_Debug\Obj\stm32f4xx_hal_sram.o
#        D:\Electronics\Projects\MKS_DLP_new\SRC\firmware\MKSDLP_Alter_Debug\Obj\stm32f4xx_hal_tim.o
#        D:\Electronics\Projects\MKS_DLP_new\SRC\firmware\MKSDLP_Alter_Debug\Obj\stm32f4xx_hal_tim_ex.o
#        D:\Electronics\Projects\MKS_DLP_new\SRC\firmware\MKSDLP_Alter_Debug\Obj\stm32f4xx_it.o
#        D:\Electronics\Projects\MKS_DLP_new\SRC\firmware\MKSDLP_Alter_Debug\Obj\stm32f4xx_ll_fsmc.o
#        D:\Electronics\Projects\MKS_DLP_new\SRC\firmware\MKSDLP_Alter_Debug\Obj\stm32f4xx_ll_usb.o
#        D:\Electronics\Projects\MKS_DLP_new\SRC\firmware\MKSDLP_Alter_Debug\Obj\sys_timer.o
#        D:\Electronics\Projects\MKS_DLP_new\SRC\firmware\MKSDLP_Alter_Debug\Obj\system_stm32f4xx.o
#        D:\Electronics\Projects\MKS_DLP_new\SRC\firmware\MKSDLP_Alter_Debug\Obj\tgui.o
#        D:\Electronics\Projects\MKS_DLP_new\SRC\firmware\MKSDLP_Alter_Debug\Obj\tgui_defaultfuncs.o
#        D:\Electronics\Projects\MKS_DLP_new\SRC\firmware\MKSDLP_Alter_Debug\Obj\tgui_infoscreenfuncs.o
#        D:\Electronics\Projects\MKS_DLP_new\SRC\firmware\MKSDLP_Alter_Debug\Obj\tgui_langscreenfuncs.o
#        D:\Electronics\Projects\MKS_DLP_new\SRC\firmware\MKSDLP_Alter_Debug\Obj\tgui_mainscreenfuncs.o
#        D:\Electronics\Projects\MKS_DLP_new\SRC\firmware\MKSDLP_Alter_Debug\Obj\tim.o
#        D:\Electronics\Projects\MKS_DLP_new\SRC\firmware\MKSDLP_Alter_Debug\Obj\touch.o
#        D:\Electronics\Projects\MKS_DLP_new\SRC\firmware\MKSDLP_Alter_Debug\Obj\unicode_utils.o
#        D:\Electronics\Projects\MKS_DLP_new\SRC\firmware\MKSDLP_Alter_Debug\Obj\usb_host.o
#        D:\Electronics\Projects\MKS_DLP_new\SRC\firmware\MKSDLP_Alter_Debug\Obj\usbh_conf.o
#        D:\Electronics\Projects\MKS_DLP_new\SRC\firmware\MKSDLP_Alter_Debug\Obj\usbh_core.o
#        D:\Electronics\Projects\MKS_DLP_new\SRC\firmware\MKSDLP_Alter_Debug\Obj\usbh_ctlreq.o
#        D:\Electronics\Projects\MKS_DLP_new\SRC\firmware\MKSDLP_Alter_Debug\Obj\usbh_diskio.o
#        D:\Electronics\Projects\MKS_DLP_new\SRC\firmware\MKSDLP_Alter_Debug\Obj\usbh_ioreq.o
#        D:\Electronics\Projects\MKS_DLP_new\SRC\firmware\MKSDLP_Alter_Debug\Obj\usbh_msc.o
#        D:\Electronics\Projects\MKS_DLP_new\SRC\firmware\MKSDLP_Alter_Debug\Obj\usbh_msc_bot.o
#        D:\Electronics\Projects\MKS_DLP_new\SRC\firmware\MKSDLP_Alter_Debug\Obj\usbh_msc_scsi.o
#        D:\Electronics\Projects\MKS_DLP_new\SRC\firmware\MKSDLP_Alter_Debug\Obj\usbh_pipes.o
#        D:\Electronics\Projects\MKS_DLP_new\SRC\firmware\MKSDLP_Alter_Debug\Obj\usbh_platform.o
#        D:\Electronics\Projects\MKS_DLP_new\SRC\firmware\MKSDLP_Alter_Debug\Obj\uvdisplay.o
#        D:\Electronics\Projects\MKS_DLP_new\SRC\firmware\MKSDLP_Alter_Debug\Obj\z_endstops.o
#        D:\Electronics\Projects\MKS_DLP_new\SRC\firmware\MKSDLP_Alter_Debug\Obj\z_planner.o
#        D:\Electronics\Projects\MKS_DLP_new\SRC\firmware\MKSDLP_Alter_Debug\Obj\z_stepper.o
#        --redirect _Printf=_PrintfFull --redirect _Scanf=_ScanfFull
#        --no_out_extension -o
#        D:\Electronics\Projects\MKS_DLP_new\SRC\firmware\MKSDLP_Alter_debug\Exe\MKS_DLP_new.out
#        --map
#        D:\Electronics\Projects\MKS_DLP_new\SRC\firmware\MKSDLP_Alter_debug\List\MKS_DLP_new.map
#        --log libraries,call_graph --log_file
#        D:\Electronics\Projects\MKS_DLP_new\SRC\firmware\MKSDLP_Alter_debug\List\MKS_DLP_new.log
#        --config
#        D:\Electronics\Projects\MKS_DLP_new\SRC\firmware/config/stm32f407xx_flash.icf
#        --semihosting --entry __iar_program_start --merge_duplicate_sections
#        --vfe --text_out locale)
#
###############################################################################

*******************************************************************************
*** RUNTIME MODEL ATTRIBUTES
***

CppFlavor                     = *
__CPP_Exceptions              = Disabled
__CPP_Language                = C++14
__Heap_Handler                = DLMalloc
__SystemLibrary               = DLib
__dlib_dynamic_initialization = normal
__dlib_version                = 6


*******************************************************************************
*** HEAP SELECTION
***

The advanced heap was selected because the application calls memory
allocation functions outside of system library functions, and there
are calls to deallocation functions in the application.


*******************************************************************************
*** PLACEMENT SUMMARY
***

"A0":  place at 0x801'0000 { ro section .intvec };
"P1":  place in [from 0x801'0000 to 0x807'ffff] { ro };
define block CSTACK with size = 16K, alignment = 8 { };
define block HEAP with size = 8K, alignment = 8 { };
"P2":  place in [from 0x2000'0000 to 0x2001'ffff] {
          rw, block CSTACK, block HEAP };
"P3":  place in [from 0x1000'0000 to 0x1000'ffff] { rw section CCMRAM };
initialize by copy { rw };

  Section                Kind         Address     Size  Object
  -------                ----         -------     ----  ------
"A0":                                            0x188
  .intvec                ro code   0x801'0000    0x188  startup_stm32f407xx.o [1]
                                 - 0x801'0188    0x188

"P1":                                          0x184f8
  .text                  ro code   0x801'0188   0x2292  ff.o [1]
  .text                  ro code   0x801'241a     0x7a  lz77_init_single.o [5]
  .text                  ro code   0x801'2494     0xb0  diskio.o [1]
  .text                  ro code   0x801'2544    0x144  ffunicode.o [1]
  .text                  ro code   0x801'2688     0xd8  fatfs.o [1]
  .text                  ro code   0x801'2760     0x54  ff_gen_drv.o [1]
  .text                  ro code   0x801'27b4    0x418  stm32f4xx_hal_rtc.o [1]
  .text                  ro code   0x801'2bcc     0x36  strlen.o [5]
  .text                  ro code   0x801'2c02     0x3a  zero_init3.o [5]
  .text                  ro code   0x801'2c3c      0xc  stm32f4xx_hal.o [1]
  .rodata                const     0x801'2c48   0x2094  fnt24bold.o [1]
  .rodata                const     0x801'4cdc   0x195c  fnt24.o [1]
  .text                  ro code   0x801'6638   0x14f0  tgui.o [1]
  .text                  ro code   0x801'7b28     0x66  ABImemset.o [5]
  .text                  ro code   0x801'7b8e     0x1e  xencoding_8859_1.o [2]
  .text                  ro code   0x801'7bac    0x958  tgui_defaultfuncs.o [1]
  .text                  ro code   0x801'8504     0xa6  ABImemcpy.o [5]
  .text                  ro code   0x801'85aa      0xa  xsprout.o [2]
  .text                  ro code   0x801'85b4     0x3c  languages.o [1]
  .text                  ro code   0x801'85f0    0x120  sys_timer.o [1]
  .text                  ro code   0x801'8710     0x94  datetime.o [1]
  .text                  ro code   0x801'87a4     0x40  sprintf.o [2]
  .text                  ro code   0x801'87e4    0xab4  lcd_ui.o [1]
  .text                  ro code   0x801'9298    0x1aa  unicode_utils.o [1]
  .rodata                const     0x801'9442      0x2  languages.o [1]
  .text                  ro code   0x801'9444    0x50c  lcd_low.o [1]
  .text                  ro code   0x801'9950    0x274  touch.o [1]
  .text                  ro code   0x801'9bc4    0xf46  xprintffull.o [2]
  .rodata                const     0x801'ab0a      0x2  languages.o [1]
  .text                  ro code   0x801'ab0c     0x28  stm32f4xx_hal.o [1]
  .text                  ro code   0x801'ab34    0x114  fsmc.o [1]
  .text                  ro code   0x801'ac48    0x458  stm32f4xx_hal_dma.o [1]
  .text                  ro code   0x801'b0a0    0x12c  stm32f4xx_hal_cortex.o [1]
  .text                  ro code   0x801'b1cc    0x534  fst_spi.o [1]
  .text                  ro code   0x801'b700     0x78  xlocale_c.o [2]
  .text                  ro code   0x801'b778     0x16  strchr.o [5]
  .rodata                const     0x801'b78e      0x1  unwind_debug.o [6]
  .text                  ro code   0x801'b790     0x40  xfail_s.o [2]
  .text                  ro code   0x801'b7d0     0x58  memchr.o [5]
  .text                  ro code   0x801'b828      0xa  xmbcurmax.o [2]
  .text                  ro code   0x801'b834    0x230  I64DivMod.o [5]
  .text                  ro code   0x801'ba64    0x1a2  DblMul.o [4]
  .text                  ro code   0x801'bc08     0x70  frexp.o [4]
  .text                  ro code   0x801'bc78     0x2e  DblCmpLe.o [4]
  .text                  ro code   0x801'bca8     0x2e  DblCmpGe.o [4]
  .text                  ro code   0x801'bcd8    0x13a  ldexp.o [4]
  .text                  ro code   0x801'be14     0x3a  DblToS32.o [4]
  .text                  ro code   0x801'be50     0x22  S32ToDbl.o [4]
  .text                  ro code   0x801'be74     0xe2  DblSub.o [4]
  .text                  ro code   0x801'bf58    0x246  DblDiv.o [4]
  .text                  ro code   0x801'c1a0     0x28  DblToU32.o [4]
  .text                  ro code   0x801'c1c8     0x1a  U32ToDbl.o [4]
  .text                  ro code   0x801'c1e4      0x6  ABImemclr4.o [5]
  .text                  ro code   0x801'c1ec     0x5c  stm32f4xx_hal_sram.o [1]
  .text                  ro code   0x801'c248    0x662  main.o [1]
  .text                  ro code   0x801'c8ac    0x252  stm32f4xx_hal_gpio.o [1]
  .text                  ro code   0x801'cb00    0x5fa  stm32f4xx_hal_spi.o [1]
  .text                  ro code   0x801'd0fa      0x6  abort.o [2]
  .text                  ro code   0x801'd100      0x2  stm32f4xx_hal_spi.o [1]
  .text                  ro code   0x801'd104    0x16a  DblAdd.o [4]
  .text                  ro code   0x801'd270     0x32  ABImemset48.o [5]
  .text                  ro code   0x801'd2a4     0xe4  stm32f4xx_ll_fsmc.o [1]
  .text                  ro code   0x801'd388     0x34  stm32f4xx_hal.o [1]
  .text                  ro code   0x801'd3bc    0x260  gpio.o [1]
  .text                  ro code   0x801'd61c    0x304  spi_flash.o [1]
  .text                  ro code   0x801'd920     0xc8  rtc.o [1]
  .text                  ro code   0x801'd9e8     0xa0  config.o [1]
  .text                  ro code   0x801'da88     0xe8  motor.o [1]
  .text                  ro code   0x801'db70     0x20  usbh_platform.o [1]
  .text                  ro code   0x801'db90     0x8c  usb_host.o [1]
  .text                  ro code   0x801'dc1c     0x12  strcmp.o [5]
  .text                  ro code   0x801'dc30    0x3b4  stm32f4xx_hal_rcc.o [1]
  .text                  ro code   0x801'dfe4    0x1d4  stm32f4xx_hal_rcc.o [1]
  .text                  ro code   0x801'e1b8    0x150  stm32f4xx_hal_rcc_ex.o [1]
  .text                  ro code   0x801'e308     0x14  exit.o [6]
  .text                  ro code   0x801'e31c     0x4c  stm32f4xx_hal.o [1]
  .text                  ro code   0x801'e368     0x40  stm32f4xx_hal_msp.o [1]
  .text                  ro code   0x801'e3a8     0x20  spi_flash.o [1]
  .text                  ro code   0x801'e3c8     0xd0  z_endstops.o [1]
  .text                  ro code   0x801'e498    0x20c  z_planner.o [1]
  .text                  ro code   0x801'e6a4    0x58c  z_stepper.o [1]
  .text                  ro code   0x801'ec30    0x1e8  tim.o [1]
  .text                  ro code   0x801'ee18    0x78a  stm32f4xx_hal_tim.o [1]
  .text                  ro code   0x801'f5a4     0x48  FltToDbl.o [4]
  .text                  ro code   0x801'f5ec    0x79e  usbh_core.o [1]
  .text                  ro code   0x801'fd8c     0x18  z_endstops.o [1]
  .text                  ro code   0x801'fda4     0x18  z_stepper.o [1]
  .text                  ro code   0x801'fdbc      0xc  z_endstops.o [1]
  .text                  ro code   0x801'fdc8     0x24  z_planner.o [1]
  .text                  ro code   0x801'fdec     0x18  z_planner.o [1]
  .text                  ro code   0x801'fe04      0x8  z_stepper.o [1]
  .text                  ro code   0x801'fe0c     0x20  z_stepper.o [1]
  .text                  ro code   0x801'fe2c     0x38  z_planner.o [1]
  .text                  ro code   0x801'fe64     0x10  z_stepper.o [1]
  .text                  ro code   0x801'fe74     0x2e  lroundf.o [4]
  .text                  ro code   0x801'fea4     0x1c  z_stepper.o [1]
  .text                  ro code   0x801'fec0     0x2c  z_stepper.o [1]
  .text                  ro code   0x801'feec     0x20  z_stepper.o [1]
  .text                  ro code   0x801'ff0c      0xc  z_stepper.o [1]
  .text                  ro code   0x801'ff18     0xac  stm32f4xx_hal_tim_ex.o [1]
  .text                  ro code   0x801'ffc4    0x2f8  usbh_conf.o [1]
  .text                  ro code   0x802'02bc     0xb6  usbh_pipes.o [1]
  .text                  ro code   0x802'0372    0x5bc  usbh_ctlreq.o [1]
  .text                  ro code   0x802'092e      0xe  z_planner.o [1]
  .text                  ro code   0x802'093c     0x1c  z_stepper.o [1]
  .text                  ro code   0x802'0958     0x10  z_stepper.o [1]
  .text                  ro code   0x802'0968   0x1060  stm32f4xx_hal_hcd.o [1]
  .text                  ro code   0x802'19c8     0xd0  usbh_ioreq.o [1]
  .text                  ro code   0x802'1a98    0x9c4  stm32f4xx_ll_usb.o [1]
  .text                  ro code   0x802'245c   0x14e0  dlmalloc.o [2]
  .text                  ro code   0x802'393c     0x2c  xgetmemchunk.o [2]
  .rodata                const     0x802'3968   0x10c8  fnt18bold.o [1]
  .rodata                const     0x802'4a30    0xea4  fnt18.o [1]
  .text                  ro code   0x802'58d4    0x8b4  usbh_msc.o [1]
  .text                  ro code   0x802'6188    0x394  usbh_msc_bot.o [1]
  .text                  ro code   0x802'651c      0x4  heaptramp0.o [2]
  .text                  ro code   0x802'6520    0x3ea  usbh_msc_scsi.o [1]
  .rodata                const     0x802'690c    0x6b4  fnt12.o [1]
  .rodata                const     0x802'6fc0    0x1f4  ffunicode.o [1]
  .text                  ro code   0x802'71b4    0x144  usbh_diskio.o [1]
  .rodata                const     0x802'72f8    0x140  fnt12.o [1]
  .rodata                const     0x802'7438    0x140  fnt18.o [1]
  .rodata                const     0x802'7578    0x140  fnt18bold.o [1]
  .rodata                const     0x802'76b8    0x140  fnt24.o [1]
  .rodata                const     0x802'77f8    0x140  fnt24bold.o [1]
  .rodata                const     0x802'7938    0x100  ffunicode.o [1]
  .text                  ro code   0x802'7a38     0xf0  spifl_diskio.o [1]
  .text                  ro code   0x802'7b28     0xc8  tgui_infoscreenfuncs.o [1]
  .text                  ro code   0x802'7bf0     0x1e  strcat.o [2]
  .rodata                const     0x802'7c10     0xbc  ffunicode.o [1]
  .text                  ro code   0x802'7ccc     0x9c  stm32f4xx_it.o [1]
  .rodata                const     0x802'7d68     0x84  languages.o [1]
  .rodata                const     0x802'7dec     0x84  languages.o [1]
  .rodata                const     0x802'7e70     0x80  ff.o [1]
  .rodata                const     0x802'7ef0     0x38  main.o [1]
  .rodata                const     0x802'7f28     0x34  main.o [1]
  .rodata                const     0x802'7f5c     0x30  main.o [1]
  .rodata                const     0x802'7f8c     0x30  main.o [1]
  .rodata                const     0x802'7fbc     0x2c  main.o [1]
  .text                  ro code   0x802'7fe8     0x28  data_init.o [5]
  .rodata                const     0x802'8010     0x24  languages.o [1]
  .rodata                const     0x802'8034     0x24  main.o [1]
  .rodata                const     0x802'8058     0x24  tgui_infoscreenfuncs.o [1]
  .text                  ro code   0x802'807c     0x22  fpinit_M.o [4]
  .iar.init_table        const     0x802'80a0     0x24  - Linker created -
  .rodata                const     0x802'80c4     0x20  main.o [1]
  .text                  ro code   0x802'80e4     0x20  system_stm32f4xx.o [1]
  .text                  ro code   0x802'8104     0x20  cmain_call_ctors.o [5]
  .text                  ro code   0x802'8124     0x18  cppinit.o [2]
  .text                  ro code   0x802'813c     0x1e  cmain.o [5]
  .text                  ro code   0x802'815a      0x4  low_level_init.o [2]
  .text                  ro code   0x802'815e      0x4  exit.o [2]
  .text                  ro code   0x802'8164      0xa  cexit.o [5]
  .rodata                const     0x802'8170     0x1c  languages.o [1]
  .rodata                const     0x802'818c     0x18  languages.o [1]
  .rodata                const     0x802'81a4     0x18  main.o [1]
  .rodata                const     0x802'81bc     0x18  main.o [1]
  .rodata                const     0x802'81d4     0x18  main.o [1]
  .rodata                const     0x802'81ec     0x14  spifl_diskio.o [1]
  .rodata                const     0x802'8200     0x14  tgui.o [1]
  .rodata                const     0x802'8214     0x14  tgui.o [1]
  .rodata                const     0x802'8228     0x14  usbh_diskio.o [1]
  .rodata                const     0x802'823c     0x10  ff.o [1]
  .rodata                const     0x802'824c     0x10  languages.o [1]
  .rodata                const     0x802'825c     0x10  languages.o [1]
  .rodata                const     0x802'826c     0x10  languages.o [1]
  .rodata                const     0x802'827c     0x10  languages.o [1]
  .rodata                const     0x802'828c     0x10  languages.o [1]
  .rodata                const     0x802'829c     0x10  main.o [1]
  .rodata                const     0x802'82ac     0x10  main.o [1]
  .rodata                const     0x802'82bc     0x10  system_stm32f4xx.o [1]
  .rodata                const     0x802'82cc     0x10  tgui.o [1]
  .rodata                const     0x802'82dc     0x10  tgui.o [1]
  .rodata                const     0x802'82ec     0x10  tgui.o [1]
  .rodata                const     0x802'82fc     0x10  tgui_defaultfuncs.o [1]
  .text                  ro code   0x802'830c     0x10  startup_stm32f407xx.o [1]
  .text                  ro code   0x802'831c      0xe  tgui_langscreenfuncs.o [1]
  .rodata                const     0x802'832c      0xc  ff.o [1]
  .rodata                const     0x802'8338      0xc  languages.o [1]
  .rodata                const     0x802'8344      0xc  languages.o [1]
  .rodata                const     0x802'8350      0xc  languages.o [1]
  .rodata                const     0x802'835c      0xc  languages.o [1]
  .rodata                const     0x802'8368      0xc  languages.o [1]
  .rodata                const     0x802'8374      0xc  languages.o [1]
  .rodata                const     0x802'8380      0xc  languages.o [1]
  .rodata                const     0x802'838c      0xc  languages.o [1]
  .rodata                const     0x802'8398      0xc  languages.o [1]
  .rodata                const     0x802'83a4      0xc  languages.o [1]
  .rodata                const     0x802'83b0      0xc  main.o [1]
  .rodata                const     0x802'83bc      0xc  main.o [1]
  .rodata                const     0x802'83c8      0xc  tgui.o [1]
  .rodata                const     0x802'83d4      0xc  tgui_infoscreenfuncs.o [1]
  .text                  ro code   0x802'83e0      0xc  cstartup_M.o [5]
  .rodata                const     0x802'83ec      0x8  ff.o [1]
  .rodata                const     0x802'83f4      0x8  ff.o [1]
  .rodata                const     0x802'83fc      0x8  languages.o [1]
  .rodata                const     0x802'8404      0x8  languages.o [1]
  .rodata                const     0x802'840c      0x8  languages.o [1]
  .rodata                const     0x802'8414      0x8  languages.o [1]
  .rodata                const     0x802'841c      0x8  languages.o [1]
  .rodata                const     0x802'8424      0x8  languages.o [1]
  .rodata                const     0x802'842c      0x8  languages.o [1]
  .rodata                const     0x802'8434      0x8  languages.o [1]
  .rodata                const     0x802'843c      0x8  languages.o [1]
  .rodata                const     0x802'8444      0x8  languages.o [1]
  .rodata                const     0x802'844c      0x8  languages.o [1]
  .rodata                const     0x802'8454      0x8  languages.o [1]
  .rodata                const     0x802'845c      0x8  languages.o [1]
  .rodata                const     0x802'8464      0x8  languages.o [1]
  .rodata                const     0x802'846c      0x8  languages.o [1]
  .rodata                const     0x802'8474      0x8  languages.o [1]
  .rodata                const     0x802'847c      0x8  languages.o [1]
  .rodata                const     0x802'8484      0x8  languages.o [1]
  .rodata                const     0x802'848c      0x8  languages.o [1]
  .rodata                const     0x802'8494      0x8  languages.o [1]
  .rodata                const     0x802'849c      0x8  languages.o [1]
  .rodata                const     0x802'84a4      0x8  languages.o [1]
  .rodata                const     0x802'84ac      0x8  languages.o [1]
  .rodata                const     0x802'84b4      0x8  main.o [1]
  .rodata                const     0x802'84bc      0x8  stm32f4xx_hal_dma.o [1]
  .rodata                const     0x802'84c4      0x8  tgui.o [1]
  .rodata                const     0x802'84cc      0x8  tgui.o [1]
  .rodata                const     0x802'84d4      0x8  tgui.o [1]
  .rodata                const     0x802'84dc      0x8  tgui.o [1]
  .rodata                const     0x802'84e4      0x8  tgui.o [1]
  .rodata                const     0x802'84ec      0x8  tgui.o [1]
  .rodata                const     0x802'84f4      0x8  tgui.o [1]
  .rodata                const     0x802'84fc      0x8  tgui.o [1]
  .rodata                const     0x802'8504      0x8  tgui.o [1]
  .rodata                const     0x802'850c      0x8  tgui.o [1]
  .rodata                const     0x802'8514      0x8  tgui.o [1]
  .rodata                const     0x802'851c      0x8  tgui.o [1]
  .rodata                const     0x802'8524      0x8  tgui.o [1]
  .rodata                const     0x802'852c      0x8  tgui.o [1]
  .rodata                const     0x802'8534      0x8  tgui.o [1]
  .rodata                const     0x802'853c      0x8  tgui.o [1]
  .rodata                const     0x802'8544      0x8  tgui.o [1]
  .rodata                const     0x802'854c      0x8  tgui.o [1]
  .rodata                const     0x802'8554      0x8  tgui.o [1]
  .rodata                const     0x802'855c      0x8  tgui.o [1]
  .rodata                const     0x802'8564      0x8  tgui_infoscreenfuncs.o [1]
  .rodata                const     0x802'856c      0x8  tim.o [1]
  .rodata                const     0x802'8574      0x6  xlocale_c.o [2]
  .rodata                const     0x802'857c      0x4  languages.o [1]
  .rodata                const     0x802'8580      0x4  languages.o [1]
  .rodata                const     0x802'8584      0x4  languages.o [1]
  .rodata                const     0x802'8588      0x4  languages.o [1]
  .rodata                const     0x802'858c      0x4  languages.o [1]
  .rodata                const     0x802'8590      0x4  languages.o [1]
  .rodata                const     0x802'8594      0x4  languages.o [1]
  .rodata                const     0x802'8598      0x4  languages.o [1]
  .rodata                const     0x802'859c      0x4  languages.o [1]
  .rodata                const     0x802'85a0      0x4  languages.o [1]
  .rodata                const     0x802'85a4      0x4  languages.o [1]
  .rodata                const     0x802'85a8      0x4  languages.o [1]
  .rodata                const     0x802'85ac      0x4  languages.o [1]
  .rodata                const     0x802'85b0      0x4  languages.o [1]
  .rodata                const     0x802'85b4      0x4  languages.o [1]
  .rodata                const     0x802'85b8      0x4  languages.o [1]
  .rodata                const     0x802'85bc      0x4  languages.o [1]
  .rodata                const     0x802'85c0      0x4  languages.o [1]
  .rodata                const     0x802'85c4      0x4  languages.o [1]
  .rodata                const     0x802'85c8      0x4  rtc.o [1]
  .rodata                const     0x802'85cc      0x4  usbh_msc.o [1]
  .text                  ro code   0x802'85d0      0x4  startup_stm32f407xx.o [1]
  SHT$$PREINIT_ARRAY               0x802'85d4      0x0  <Block>
  SHT$$INIT_ARRAY                  0x802'85d4      0x4  <Block>
    .init_array          const     0x802'85d4      0x4  z_planner.o [1]
  __iar_tls$$INIT_ARRAY            0x802'85d8      0x0  <Block>
  .rodata                const     0x802'85d8      0x0  zero_init3.o [5]
  .rodata                const     0x802'85d8      0x0  lz77_init_single.o [5]
  Initializer bytes      const     0x802'85d8     0xa8  <for P2-1>
                                 - 0x802'8680  0x184f8

"P3":                                           0x5478
  CCMRAM                 uninit   0x1000'0000   0x2000  main.o [1]
  CCMRAM                 uninit   0x1000'2000   0x1028  main.o [1]
  CCMRAM                 uninit   0x1000'3028   0x1028  main.o [1]
  CCMRAM                 uninit   0x1000'4050   0x1028  tgui.o [1]
  CCMRAM                 uninit   0x1000'5078    0x400  tgui.o [1]
                                - 0x1000'5478   0x5478

"P2", part 1 of 3:                               0x109
  P2-1                            0x2000'0000    0x109  <Init block>
    .data                inited   0x2000'0000      0xc  fnt12.o [1]
    .data                inited   0x2000'000c      0xc  fnt18.o [1]
    .data                inited   0x2000'0018      0xc  fnt18bold.o [1]
    .data                inited   0x2000'0024      0xc  fnt24.o [1]
    .data                inited   0x2000'0030      0xc  fnt24bold.o [1]
    .data                inited   0x2000'003c     0x10  languages.o [1]
    .data                inited   0x2000'004c      0x4  languages.o [1]
    .data                inited   0x2000'0050      0x4  lcd_ui.o [1]
    .data                inited   0x2000'0054      0x4  stm32f4xx_hal.o [1]
    .data                inited   0x2000'0058      0x4  system_stm32f4xx.o [1]
    .data                inited   0x2000'005c     0x20  usbh_msc.o [1]
    .data                inited   0x2000'007c      0x4  z_stepper.o [1]
    .data                inited   0x2000'0080     0x38  xlocale_c.o [2]
    .data                inited   0x2000'00b8     0x48  xlocale_c.o [2]
    .data                inited   0x2000'0100      0x2  lcd_ui.o [1]
    .data                inited   0x2000'0102      0x2  lcd_ui.o [1]
    .data                inited   0x2000'0104      0x2  lcd_ui.o [1]
    .data                inited   0x2000'0106      0x1  lcd_ui.o [1]
    .data                inited   0x2000'0107      0x1  stm32f4xx_hal.o [1]
    .data                inited   0x2000'0108      0x1  tgui_defaultfuncs.o [1]
                                - 0x2000'0109    0x109

"P2", part 2 of 3:                              0x4f14
  .bss                   zero     0x2000'010c   0x1038  fatfs.o [1]
  .bss                   zero     0x2000'1144   0x1038  fatfs.o [1]
  .bss                   zero     0x2000'217c    0x400  main.o [1]
  .bss                   zero     0x2000'257c    0x400  main.o [1]
  .bss                   zero     0x2000'297c    0x400  main.o [1]
  .bss                   zero     0x2000'2d7c    0x3d8  usb_host.o [1]
  .bss                   zero     0x2000'3154    0x39c  tgui.o [1]
  .bss                   zero     0x2000'34f0    0x348  tgui.o [1]
  .bss                   zero     0x2000'3838    0x2c4  usbh_conf.o [1]
  .bss                   zero     0x2000'3afc    0x224  main.o [1]
  .bss                   zero     0x2000'3d20    0x200  ff.o [1]
  .bss                   zero     0x2000'3f20    0x200  main.o [1]
  .bss                   zero     0x2000'4120    0x200  z_planner.o [1]
  .bss                   zero     0x2000'4320    0x1d8  dlmalloc.o [2]
  .bss                   zero     0x2000'44f8    0x150  tgui.o [1]
  .bss                   zero     0x2000'4648    0x100  sys_timer.o [1]
  .bss                   zero     0x2000'4748     0xfc  tgui.o [1]
  .bss                   zero     0x2000'4844     0xfc  tgui.o [1]
  .bss                   zero     0x2000'4940     0x80  fst_spi.o [1]
  .bss                   zero     0x2000'49c0     0x80  fst_spi.o [1]
  .bss                   zero     0x2000'4a40     0x60  fst_spi.o [1]
  .bss                   zero     0x2000'4aa0     0x60  fst_spi.o [1]
  .bss                   zero     0x2000'4b00     0x60  fst_spi.o [1]
  .bss                   zero     0x2000'4b60     0x60  fst_spi.o [1]
  .bss                   zero     0x2000'4bc0     0x60  fst_spi.o [1]
  .bss                   zero     0x2000'4c20     0x60  lcd_low.o [1]
  .bss                   zero     0x2000'4c80     0x50  fsmc.o [1]
  .bss                   zero     0x2000'4cd0     0x40  config.o [1]
  .bss                   zero     0x2000'4d10     0x40  tim.o [1]
  .bss                   zero     0x2000'4d50     0x40  tim.o [1]
  .bss                   zero     0x2000'4d90     0x34  main.o [1]
  .bss                   zero     0x2000'4dc4     0x30  tgui.o [1]
  .bss                   zero     0x2000'4df4     0x30  tgui.o [1]
  .bss                   zero     0x2000'4e24     0x30  tgui.o [1]
  .bss                   zero     0x2000'4e54     0x30  tgui.o [1]
  .bss                   zero     0x2000'4e84     0x30  tgui.o [1]
  .bss                   zero     0x2000'4eb4     0x28  z_planner.o [1]
  .bss                   zero     0x2000'4edc     0x20  rtc.o [1]
  .bss                   zero     0x2000'4efc     0x20  tgui.o [1]
  .bss                   zero     0x2000'4f1c     0x18  dlmalloc.o [2]
  .bss                   zero     0x2000'4f34     0x10  ff_gen_drv.o [1]
  .bss                   zero     0x2000'4f44     0x10  touch.o [1]
  .bss                   zero     0x2000'4f54      0xc  config.o [1]
  .bss                   zero     0x2000'4f60      0xc  spi_flash.o [1]
  .bss                   zero     0x2000'4f6c      0x8  fatfs.o [1]
  .bss                   zero     0x2000'4f74      0x8  fatfs.o [1]
  .bss                   zero     0x2000'4f7c      0x8  ff.o [1]
  .bss                   zero     0x2000'4f84      0x4  fsmc.o [1]
  .bss                   zero     0x2000'4f88      0x4  motor.o [1]
  .bss                   zero     0x2000'4f8c      0x4  spi_flash.o [1]
  .bss                   zero     0x2000'4f90      0x4  spi_flash.o [1]
  .bss                   zero     0x2000'4f94      0x4  stm32f4xx_hal.o [1]
  .bss                   zero     0x2000'4f98      0x4  stm32f4xx_ll_usb.o [1]
  .bss                   zero     0x2000'4f9c      0x4  tgui.o [1]
  .bss                   zero     0x2000'4fa0      0x4  touch.o [1]
  .bss                   zero     0x2000'4fa4      0x4  z_planner.o [1]
  .bss                   zero     0x2000'4fa8      0x4  z_planner.o [1]
  .bss                   zero     0x2000'4fac      0x4  z_planner.o [1]
  .bss                   zero     0x2000'4fb0      0x4  z_planner.o [1]
  .bss                   zero     0x2000'4fb4      0x4  z_planner.o [1]
  .bss                   zero     0x2000'4fb8      0x4  z_planner.o [1]
  .bss                   zero     0x2000'4fbc      0x4  z_stepper.o [1]
  .bss                   zero     0x2000'4fc0      0x4  z_stepper.o [1]
  .bss                   zero     0x2000'4fc4      0x4  z_stepper.o [1]
  .bss                   zero     0x2000'4fc8      0x4  z_stepper.o [1]
  .bss                   zero     0x2000'4fcc      0x4  z_stepper.o [1]
  .bss                   zero     0x2000'4fd0      0x4  z_stepper.o [1]
  .bss                   zero     0x2000'4fd4      0x4  z_stepper.o [1]
  .bss                   zero     0x2000'4fd8      0x4  z_stepper.o [1]
  .bss                   zero     0x2000'4fdc      0x4  z_stepper.o [1]
  .bss                   zero     0x2000'4fe0      0x4  z_stepper.o [1]
  .bss                   zero     0x2000'4fe4      0x4  z_stepper.o [1]
  .bss                   zero     0x2000'4fe8      0x4  z_stepper.o [1]
  .bss                   zero     0x2000'4fec      0x4  z_stepper.o [1]
  .bss                   zero     0x2000'4ff0      0x4  z_stepper.o [1]
  .bss                   zero     0x2000'4ff4      0x4  xfail_s.o [2]
  .bss                   zero     0x2000'4ff8      0x4  xgetmemchunk.o [2]
  .bss                   zero     0x2000'4ffc      0x2  ff.o [1]
  .bss                   zero     0x2000'4ffe      0x2  lcd_low.o [1]
  .bss                   zero     0x2000'5000      0x2  lcd_ui.o [1]
  .bss                   zero     0x2000'5002      0x2  lcd_ui.o [1]
  .bss                   zero     0x2000'5004      0x2  lcd_ui.o [1]
  .bss                   zero     0x2000'5006      0x2  z_planner.o [1]
  .bss                   zero     0x2000'5008      0x1  fatfs.o [1]
  .bss                   zero     0x2000'5009      0x1  fatfs.o [1]
  .bss                   zero     0x2000'500a      0x1  main.o [1]
  .bss                   zero     0x2000'500b      0x1  main.o [1]
  .bss                   zero     0x2000'500c      0x1  main.o [1]
  .bss                   zero     0x2000'500d      0x1  main.o [1]
  .bss                   zero     0x2000'500e      0x1  tgui_defaultfuncs.o [1]
  .bss                   zero     0x2000'500f      0x1  usb_host.o [1]
  .bss                   zero     0x2000'5010      0x1  z_endstops.o [1]
  .bss                   zero     0x2000'5011      0x1  z_endstops.o [1]
  .bss                   zero     0x2000'5012      0x1  z_planner.o [1]
  .bss                   zero     0x2000'5013      0x1  z_planner.o [1]
  .bss                   zero     0x2000'5014      0x1  z_planner.o [1]
  .bss                   zero     0x2000'5015      0x1  z_planner.o [1]
  .bss                   zero     0x2000'5016      0x1  z_planner.o [1]
  .bss                   zero     0x2000'5017      0x1  z_planner.o [1]
  .bss                   zero     0x2000'5018      0x1  z_stepper.o [1]
  .bss                   zero     0x2000'5019      0x1  z_stepper.o [1]
  .bss                   zero     0x2000'501a      0x1  z_stepper.o [1]
  .bss                   zero     0x2000'501b      0x1  z_stepper.o [1]
  .bss                   zero     0x2000'501c      0x1  z_stepper.o [1]
                                - 0x2000'501d   0x4f11

"P2", part 3 of 3:                              0x7200
  .noinit                uninit   0x2000'5020   0x1000  tgui.o [1]
  .noinit                uninit   0x2000'6020    0x200  tgui.o [1]
  CSTACK                          0x2000'6220   0x4000  <Block>
    CSTACK               uninit   0x2000'6220   0x4000  <Block tail>
  HEAP                            0x2000'a220   0x2000  <Block>
    HEAP                 uninit   0x2000'a220   0x2000  <Block tail>
                                - 0x2000'c220   0x7200

Unused ranges:

         From           To      Size
         ----           --      ----
   0x802'8680   0x807'ffff  0x5'7980
  0x1000'5478  0x1000'ffff    0xab88
  0x2000'0109  0x2000'010b       0x3
  0x2000'c220  0x2001'ffff  0x1'3de0


*******************************************************************************
*** INIT TABLE
***

          Address      Size
          -------      ----
Zero (__iar_zero_init3)
    1 destination range, total size 0x4f11:
          0x2000'010c  0x4f11

Copy/lz77 (__iar_lz77_init_single3)
    1 source range, total size 0xa8 (63% of destination):
           0x802'85d8    0xa8
    1 destination range, total size 0x109:
          0x2000'0000   0x109

Extra (__iar_cstart_call_ctors)



*******************************************************************************
*** MODULE SUMMARY
***

    Module                  ro code  ro data  rw data
    ------                  -------  -------  -------
command line/config:
    -------------------------------------------------
    Total:

D:\Electronics\Projects\MKS_DLP_new\SRC\firmware\MKSDLP_Alter_Debug\Obj: [1]
    config.o                    160                76
    datetime.o                  148
    diskio.o                    176
    fatfs.o                     216             8 322
    ff.o                      8 850      172      522
    ff_gen_drv.o                 84                16
    ffunicode.o                 324      944
    fnt12.o                            2 043       12
    fnt18.o                            4 076       12
    fnt18bold.o                        4 623       12
    fnt24.o                            6 820       12
    fnt24bold.o                        8 668       12
    fsmc.o                      276                84
    fst_spi.o                 1 332               736
    gpio.o                      608
    languages.o                  60      828       20
    lcd_low.o                 1 292                98
    lcd_ui.o                  2 740        7       17
    main.o                    1 634      452   20 652
    motor.o                     232                 4
    rtc.o                       200        4       32
    spi_flash.o                 804                20
    spifl_diskio.o              240       20
    startup_stm32f407xx.o       412
    stm32f4xx_hal.o             180        3        9
    stm32f4xx_hal_cortex.o      300
    stm32f4xx_hal_dma.o       1 112        8
    stm32f4xx_hal_gpio.o        594
    stm32f4xx_hal_hcd.o       4 192
    stm32f4xx_hal_msp.o          64
    stm32f4xx_hal_rcc.o       1 416
    stm32f4xx_hal_rcc_ex.o      336
    stm32f4xx_hal_rtc.o       1 048
    stm32f4xx_hal_spi.o       1 532
    stm32f4xx_hal_sram.o         92
    stm32f4xx_hal_tim.o       1 930
    stm32f4xx_hal_tim_ex.o      172
    stm32f4xx_it.o              156
    stm32f4xx_ll_fsmc.o         228
    stm32f4xx_ll_usb.o        2 500                 4
    sys_timer.o                 288               256
    system_stm32f4xx.o           32       19        4
    tgui.o                    5 360      260   12 648
    tgui_defaultfuncs.o       2 392       17        2
    tgui_infoscreenfuncs.o      200       56
    tgui_langscreenfuncs.o       14
    tim.o                       488        8      128
    touch.o                     628                20
    unicode_utils.o             426
    usb_host.o                  140               985
    usbh_conf.o                 760               708
    usbh_core.o               1 950
    usbh_ctlreq.o             1 468
    usbh_diskio.o               324       20
    usbh_ioreq.o                208
    usbh_msc.o                2 228       24       32
    usbh_msc_bot.o              916
    usbh_msc_scsi.o           1 002
    usbh_pipes.o                182
    usbh_platform.o              32
    z_endstops.o                244                 2
    z_planner.o                 654        4      584
    z_stepper.o               1 660        3       65
    -------------------------------------------------
    Total:                   57 236   29 079   46 106

dl7M_tlf.a: [2]
    abort.o                       6
    cppinit.o                    24
    dlmalloc.o                5 344               496
    exit.o                        4
    heaptramp0.o                  4
    low_level_init.o              4
    sprintf.o                    64
    strcat.o                     30
    xencoding_8859_1.o           30
    xfail_s.o                    64                 4
    xgetmemchunk.o               44                 4
    xlocale_c.o                 120       87      128
    xmbcurmax.o                  10
    xprintffull.o             3 910
    xsprout.o                    10
    -------------------------------------------------
    Total:                    9 668       87      632

dlpp7M_tl_fc.a: [3]
    -------------------------------------------------
    Total:

m7M_tls.a: [4]
    DblAdd.o                    362
    DblCmpGe.o                   46
    DblCmpLe.o                   46
    DblDiv.o                    582
    DblMul.o                    418
    DblSub.o                    226
    DblToS32.o                   58
    DblToU32.o                   40
    FltToDbl.o                   72
    S32ToDbl.o                   34
    U32ToDbl.o                   26
    fpinit_M.o                   34
    frexp.o                     112
    ldexp.o                     314
    lroundf.o                    46
    -------------------------------------------------
    Total:                    2 416

rt7M_tl.a: [5]
    ABImemclr4.o                  6
    ABImemcpy.o                 166
    ABImemset.o                 102
    ABImemset48.o                50
    I64DivMod.o                 560
    cexit.o                      10
    cmain.o                      30
    cmain_call_ctors.o           32
    cstartup_M.o                 12
    data_init.o                  40
    lz77_init_single.o          122
    memchr.o                     88
    strchr.o                     22
    strcmp.o                     18
    strlen.o                     54
    zero_init3.o                 58
    -------------------------------------------------
    Total:                    1 370

shb_l.a: [6]
    exit.o                       20
    unwind_debug.o                         1
    -------------------------------------------------
    Total:                       20        1

    Gaps                         43       12
    Linker created                        36   24 576
-----------------------------------------------------
    Grand Total:             70 753   29 215   71 314


*******************************************************************************
*** ENTRY LIST
***

Entry                       Address    Size  Type      Object
-----                       -------    ----  ----      ------
.iar.init_table$$Base    0x802'80a0           --   Gb  - Linker created -
.iar.init_table$$Limit   0x802'80c4           --   Gb  - Linker created -
?main                    0x802'813d          Code  Gb  cmain.o [5]
AHBPrescTable            0x802'82bc    0x10  Data  Gb  system_stm32f4xx.o [1]
Appli_state             0x2000'500f     0x1  Data  Gb  usb_host.o [1]
Appli_state_old         0x2000'500a     0x1  Data  Gb  main.o [1]
BusFault_Handler         0x802'7cd3     0x2  Code  Gb  stm32f4xx_it.o [1]
CFG_Init()               0x801'd9e9    0xa0  Code  Gb  config.o [1]
CSTACK$$Base            0x2000'6220           --   Gb  - Linker created -
CSTACK$$Limit           0x2000'a220           --   Gb  - Linker created -
CacheMore                0x801'b705    0x24  Code  Lc  xlocale_c.o [2]
DMA1_Stream3_IRQHandler
                         0x802'7ce5     0xa  Code  Gb  stm32f4xx_it.o [1]
DMA1_Stream4_IRQHandler
                         0x802'7cef     0xa  Code  Gb  stm32f4xx_it.o [1]
DMA2_Stream2_IRQHandler
                         0x802'7d0d     0xa  Code  Gb  stm32f4xx_it.o [1]
DMA2_Stream5_IRQHandler
                         0x802'7d17     0xa  Code  Gb  stm32f4xx_it.o [1]
DMA2_Stream7_IRQHandler
                         0x802'7d03     0xa  Code  Gb  stm32f4xx_it.o [1]
DMA_CalcBaseAndBitshift
                         0x801'afdb    0x30  Code  Lc  stm32f4xx_hal_dma.o [1]
DMA_CalcBaseAndBitshift::flagBitshiftOffset
                         0x802'84bc     0x8  Data  Lc  stm32f4xx_hal_dma.o [1]
DMA_CheckFifoParam       0x801'b019    0x88  Code  Lc  stm32f4xx_hal_dma.o [1]
DMA_SetConfig            0x801'afad    0x2e  Code  Lc  stm32f4xx_hal_dma.o [1]
DTIME_GetDateTime(DATETIME_STRUCT *)
                         0x801'8727    0x76  Code  Gb  datetime.o [1]
DTIME_GetMinutes()       0x801'8711    0x16  Code  Gb  datetime.o [1]
DeInitStateMachine       0x801'f63d    0x66  Code  Lc  usbh_core.o [1]
DebugMon_Handler         0x802'7cd9     0x2  Code  Gb  stm32f4xx_it.o [1]
DeviceCode              0x2000'4ffe     0x2  Data  Gb  lcd_low.o [1]
EXTI0_IRQHandler         0x802'7d4d     0xe  Code  Gb  stm32f4xx_it.o [1]
EXTI2_IRQHandler         0x802'7d5b     0xe  Code  Gb  stm32f4xx_it.o [1]
Endstops::hit_state     0x2000'5010     0x1  Data  Gb  z_endstops.o [1]
Endstops::init()         0x801'e3d1    0x24  Code  Gb  z_endstops.o [1]
Endstops::live_state    0x2000'5011     0x1  Data  Gb  z_endstops.o [1]
Endstops::state()        0x801'fdbd     0xc  Code  Gb  z_endstops.o [1]
Endstops::update()       0x801'e3f5    0x94  Code  Gb  z_endstops.o [1]
EndstopsInterrupt        0x801'e3c9     0x8  Code  Gb  z_endstops.o [1]
Error_Handler            0x801'c8a9     0x2  Code  Gb  main.o [1]
ExCvt                    0x802'7e70    0x80  Data  Lc  ff.o [1]
FATFS_GetFileExtension   0x801'26f5    0x4a  Code  Gb  fatfs.o [1]
FATFS_Init               0x801'2689    0x1c  Code  Gb  fatfs.o [1]
FATFS_LinkDriver         0x801'27a5     0xa  Code  Gb  ff_gen_drv.o [1]
FATFS_LinkDriverEx       0x801'2761    0x44  Code  Gb  ff_gen_drv.o [1]
FLASH_SPIEnable          0x801'b46f   0x188  Code  Gb  fst_spi.o [1]
FLASH_SPIInit            0x801'b411    0x5e  Code  Gb  fst_spi.o [1]
FLASH_SPIReadBuff        0x801'b641    0x40  Code  Gb  fst_spi.o [1]
FLASH_SPIReadBuffDMA     0x801'b681    0x2e  Code  Gb  fst_spi.o [1]
FLASH_SPISetSpeed        0x801'b5f7    0x1c  Code  Gb  fst_spi.o [1]
FLASH_SPIWriteReadByte   0x801'b613    0x2e  Code  Gb  fst_spi.o [1]
FSMC_Initialized        0x2000'4f84     0x4  Data  Lc  fsmc.o [1]
FSMC_NORSRAM_Extended_Timing_Init
                         0x801'd341    0x40  Code  Gb  stm32f4xx_ll_fsmc.o [1]
FSMC_NORSRAM_Init        0x801'd2a5    0x58  Code  Gb  stm32f4xx_ll_fsmc.o [1]
FSMC_NORSRAM_Timing_Init
                         0x801'd2fd    0x44  Code  Gb  stm32f4xx_ll_fsmc.o [1]
FatFs                   0x2000'4f7c     0x8  Data  Lc  ff.o [1]
Fsid                    0x2000'4ffc     0x2  Data  Lc  ff.o [1]
GPIO_Init                0x801'd3bd   0x260  Code  Gb  gpio.o [1]
HAL_DMA_GetState         0x801'afa7     0x6  Code  Gb  stm32f4xx_hal_dma.o [1]
HAL_DMA_IRQHandler       0x801'ad9d   0x20a  Code  Gb  stm32f4xx_hal_dma.o [1]
HAL_DMA_Init             0x801'ac49    0xe0  Code  Gb  stm32f4xx_hal_dma.o [1]
HAL_DMA_Start_IT         0x801'ad29    0x74  Code  Gb  stm32f4xx_hal_dma.o [1]
HAL_Delay                0x801'ab0d    0x28  Code  Wk  stm32f4xx_hal.o [1]
HAL_FSMC_MspInit         0x801'abb7    0x70  Code  Gb  fsmc.o [1]
HAL_GPIO_EXTI_IRQHandler
                         0x801'caa3    0x1c  Code  Gb  stm32f4xx_hal_gpio.o [1]
HAL_GPIO_Init            0x801'c8ad   0x1d0  Code  Gb  stm32f4xx_hal_gpio.o [1]
HAL_GPIO_ReadPin         0x801'ca7d    0x12  Code  Gb  stm32f4xx_hal_gpio.o [1]
HAL_GPIO_WritePin        0x801'ca8f    0x14  Code  Gb  stm32f4xx_hal_gpio.o [1]
HAL_GetTick              0x801'2c3d     0xc  Code  Wk  stm32f4xx_hal.o [1]
HAL_HCD_Connect_Callback
                         0x802'0053     0xc  Code  Gb  usbh_conf.o [1]
HAL_HCD_Disconnect_Callback
                         0x802'005f     0xc  Code  Gb  usbh_conf.o [1]
HAL_HCD_GetCurrentFrame
                         0x802'0e79     0xa  Code  Gb  stm32f4xx_hal_hcd.o [1]
HAL_HCD_GetCurrentSpeed
                         0x802'0e83     0xa  Code  Gb  stm32f4xx_hal_hcd.o [1]
HAL_HCD_HC_GetURBState   0x802'0e5f     0xe  Code  Gb  stm32f4xx_hal_hcd.o [1]
HAL_HCD_HC_GetXferCount
                         0x802'0e6d     0xc  Code  Gb  stm32f4xx_hal_hcd.o [1]
HAL_HCD_HC_Halt          0x802'0aa9    0x2c  Code  Gb  stm32f4xx_hal_hcd.o [1]
HAL_HCD_HC_Init          0x802'09df    0xca  Code  Gb  stm32f4xx_hal_hcd.o [1]
HAL_HCD_HC_NotifyURBChange_Callback
                         0x802'006b     0x2  Code  Gb  usbh_conf.o [1]
HAL_HCD_HC_SubmitRequest
                         0x802'0ad5   0x1f8  Code  Gb  stm32f4xx_hal_hcd.o [1]
HAL_HCD_IRQHandler       0x802'0ccd   0x134  Code  Gb  stm32f4xx_hal_hcd.o [1]
HAL_HCD_Init             0x802'0969    0x76  Code  Gb  stm32f4xx_hal_hcd.o [1]
HAL_HCD_MspInit          0x801'ffc5    0x82  Code  Gb  usbh_conf.o [1]
HAL_HCD_PortDisabled_Callback
                         0x802'0079     0xc  Code  Gb  usbh_conf.o [1]
HAL_HCD_PortEnabled_Callback
                         0x802'006d     0xc  Code  Gb  usbh_conf.o [1]
HAL_HCD_ResetPort        0x802'0e55     0xa  Code  Gb  stm32f4xx_hal_hcd.o [1]
HAL_HCD_SOF_Callback     0x802'0047     0xc  Code  Gb  usbh_conf.o [1]
HAL_HCD_Start            0x802'0e01    0x2e  Code  Gb  stm32f4xx_hal_hcd.o [1]
HAL_HCD_Stop             0x802'0e2f    0x26  Code  Gb  stm32f4xx_hal_hcd.o [1]
HAL_IncTick              0x801'85f1    0x58  Code  Gb  sys_timer.o [1]
HAL_Init                 0x801'd389    0x30  Code  Gb  stm32f4xx_hal.o [1]
HAL_InitTick             0x801'e31d    0x4c  Code  Wk  stm32f4xx_hal.o [1]
HAL_MspInit              0x801'e369    0x40  Code  Gb  stm32f4xx_hal_msp.o [1]
HAL_NVIC_EnableIRQ       0x801'b199     0xa  Code  Gb  stm32f4xx_hal_cortex.o [1]
HAL_NVIC_SetPriority     0x801'b177    0x22  Code  Gb  stm32f4xx_hal_cortex.o [1]
HAL_NVIC_SetPriorityGrouping
                         0x801'b16f     0x8  Code  Gb  stm32f4xx_hal_cortex.o [1]
HAL_RCCEx_PeriphCLKConfig
                         0x801'e1b9   0x12c  Code  Gb  stm32f4xx_hal_rcc_ex.o [1]
HAL_RCC_ClockConfig      0x801'dfe5   0x13a  Code  Gb  stm32f4xx_hal_rcc.o [1]
HAL_RCC_GetSysClockFreq
                         0x801'e139    0x80  Code  Wk  stm32f4xx_hal_rcc.o [1]
HAL_RCC_OscConfig        0x801'dc31   0x3b4  Code  Wk  stm32f4xx_hal_rcc.o [1]
HAL_RTC_GetDate          0x801'2acf    0x4e  Code  Gb  stm32f4xx_hal_rtc.o [1]
HAL_RTC_GetTime          0x801'2987    0x62  Code  Gb  stm32f4xx_hal_rtc.o [1]
HAL_RTC_Init             0x801'27b5    0xcc  Code  Gb  stm32f4xx_hal_rtc.o [1]
HAL_RTC_SetDate          0x801'29e9    0xe6  Code  Gb  stm32f4xx_hal_rtc.o [1]
HAL_RTC_SetTime          0x801'2881   0x106  Code  Gb  stm32f4xx_hal_rtc.o [1]
HAL_RTC_WaitForSynchro   0x801'2b29    0x36  Code  Gb  stm32f4xx_hal_rtc.o [1]
HAL_SPI_Init             0x801'cb01    0xca  Code  Gb  stm32f4xx_hal_spi.o [1]
HAL_SPI_Receive_DMA      0x801'cbf1   0x106  Code  Gb  stm32f4xx_hal_spi.o [1]
HAL_SPI_TransmitReceive_DMA
                         0x801'ccf7   0x156  Code  Gb  stm32f4xx_hal_spi.o [1]
HAL_SPI_TxRxCpltCallback
                         0x801'b1cd    0x1e  Code  Gb  fst_spi.o [1]
HAL_SRAM_Init            0x801'c1ed    0x5c  Code  Gb  stm32f4xx_hal_sram.o [1]
HAL_SRAM_MspInit         0x801'ac27     0x8  Code  Gb  fsmc.o [1]
HAL_SYSTICK_Config       0x801'b1a3     0x8  Code  Gb  stm32f4xx_hal_cortex.o [1]
HAL_TIMEx_MasterConfigSynchronization
                         0x801'ff19    0x8c  Code  Gb  stm32f4xx_hal_tim_ex.o [1]
HAL_TIM_Base_Init        0x801'ee19    0x38  Code  Gb  stm32f4xx_hal_tim.o [1]
HAL_TIM_Base_MspInit     0x801'ed55    0x56  Code  Gb  tim.o [1]
HAL_TIM_Base_Start_IT    0x801'ee51    0x28  Code  Gb  stm32f4xx_hal_tim.o [1]
HAL_TIM_Base_Stop_IT     0x801'ee79    0x34  Code  Gb  stm32f4xx_hal_tim.o [1]
HAL_TIM_ConfigClockSource
                         0x801'f1b3    0xe8  Code  Gb  stm32f4xx_hal_tim.o [1]
HAL_TIM_IRQHandler       0x801'ef41   0x176  Code  Gb  stm32f4xx_hal_tim.o [1]
HAL_TIM_MspPostInit      0x801'edab    0x4e  Code  Gb  tim.o [1]
HAL_TIM_PWM_ConfigChannel
                         0x801'f0b7    0xfc  Code  Gb  stm32f4xx_hal_tim.o [1]
HAL_TIM_PWM_Init         0x801'eead    0x38  Code  Gb  stm32f4xx_hal_tim.o [1]
HAL_TIM_PWM_Start        0x801'eee5    0x54  Code  Gb  stm32f4xx_hal_tim.o [1]
HCD_HC_IN_IRQHandler     0x802'0e8d   0x55e  Code  Lc  stm32f4xx_hal_hcd.o [1]
HCD_HC_OUT_IRQHandler    0x802'13eb   0x478  Code  Lc  stm32f4xx_hal_hcd.o [1]
HCD_Port_IRQHandler      0x802'1921    0xa8  Code  Lc  stm32f4xx_hal_hcd.o [1]
HCD_RXQLVL_IRQHandler    0x802'1863    0xba  Code  Lc  stm32f4xx_hal_hcd.o [1]
HEAP$$Base              0x2000'a220           --   Gb  - Linker created -
HEAP$$Limit             0x2000'c220           --   Gb  - Linker created -
HardFault_Handler        0x802'7ccf     0x2  Code  Gb  stm32f4xx_it.o [1]
IsrStepperHandler        0x801'e763    0x1c  Code  Gb  z_stepper.o [1]
LANG_GetLanguageName(unsigned char)
                         0x801'85bf    0x16  Code  Gb  languages.o [1]
LANG_GetString(LNG_STRING_ID)
                         0x801'85b5     0xa  Code  Gb  languages.o [1]
LANG_SetLanguage(unsigned char)
                         0x801'85d5    0x10  Code  Gb  languages.o [1]
LCDUI_Clear()            0x801'8925     0xe  Code  Gb  lcd_ui.o [1]
LCDUI_DrawChar(char, unsigned short, short, short)
                         0x801'8c25   0x188  Code  Gb  lcd_ui.o [1]
LCDUI_DrawFastVLine(short, short, short)
                         0x801'8933    0x64  Code  Gb  lcd_ui.o [1]
LCDUI_DrawText(char *, unsigned short, short, short, short, short)
                         0x801'8dad   0x230  Code  Gb  lcd_ui.o [1]
LCDUI_DrawTextUTF(char *, unsigned short, short, short, short, short)
                         0x801'9001   0x266  Code  Gb  lcd_ui.o [1]
LCDUI_FillRect(short, short, short, short)
                         0x801'8997    0x86  Code  Gb  lcd_ui.o [1]
LCDUI_FillRoundRect(short, short, short, short, short)
                         0x801'8a1d    0x82  Code  Gb  lcd_ui.o [1]
LCDUI_GetCurrentFontHeight()
                         0x801'8c1b     0xa  Code  Gb  lcd_ui.o [1]
LCDUI_GetTextWidthUTF(char *)
                         0x801'8be1    0x3a  Code  Gb  lcd_ui.o [1]
LCDUI_Init()             0x801'87e5    0x42  Code  Gb  lcd_ui.o [1]
LCDUI_SetBackColor(unsigned short)
                         0x801'88f9     0xe  Code  Gb  lcd_ui.o [1]
LCDUI_SetColor(unsigned short)
                         0x801'88eb     0xe  Code  Gb  lcd_ui.o [1]
LCDUI_SetCursorCoord(short, short)
                         0x801'8907    0x1e  Code  Gb  lcd_ui.o [1]
LCDUI_SetFont(LCDUI_FONT_TYPE)
                         0x801'8b7b    0x66  Code  Gb  lcd_ui.o [1]
LCD_BackLight            0x801'9915    0x1a  Code  Gb  lcd_low.o [1]
LCD_Clear                0x801'98e1    0x34  Code  Gb  lcd_low.o [1]
LCD_CtrlLinesConfig      0x801'9445    0x9a  Code  Gb  lcd_low.o [1]
LCD_FSMCConfig           0x801'94df     0x8  Code  Gb  lcd_low.o [1]
LCD_Initializtion        0x801'9585   0x256  Code  Gb  lcd_low.o [1]
LCD_ReadRAM              0x801'955b     0xa  Code  Gb  lcd_low.o [1]
LCD_ReadReg              0x801'9501     0xa  Code  Gb  lcd_low.o [1]
LCD_Read_ID              0x801'9565    0x20  Code  Gb  lcd_low.o [1]
LCD_SetCursor            0x801'97db    0x60  Code  Gb  lcd_low.o [1]
LCD_SetWindows           0x801'983b    0xa6  Code  Gb  lcd_low.o [1]
LCD_WaitDMAReady         0x801'954b    0x10  Code  Gb  lcd_low.o [1]
LCD_WriteCmd             0x801'950b     0x8  Code  Gb  lcd_low.o [1]
LCD_WriteRAM             0x801'951d     0x8  Code  Gb  lcd_low.o [1]
LCD_WriteRAM_DMA         0x801'9525    0x26  Code  Gb  lcd_low.o [1]
LCD_WriteRAM_Prepare     0x801'9513     0xa  Code  Gb  lcd_low.o [1]
LCD_WriteReg             0x801'94f3     0xe  Code  Gb  lcd_low.o [1]
LCD_X_Init               0x801'94e7     0xc  Code  Gb  lcd_low.o [1]
LfnBuf                  0x2000'3d20   0x200  Data  Lc  ff.o [1]
LfnOfs                   0x802'823c    0x10  Data  Lc  ff.o [1]
LoadInt                  0x801'9d87    0x7a  Code  Lc  xprintffull.o [2]
MX_FSMC_Init             0x801'ab35    0x82  Code  Gb  fsmc.o [1]
MemManage_Handler        0x802'7cd1     0x2  Code  Gb  stm32f4xx_it.o [1]
NMI_Handler              0x802'7ccd     0x2  Code  Gb  stm32f4xx_it.o [1]
NVIC_EncodePriority      0x801'b105    0x3c  Code  Lc  stm32f4xx_hal_cortex.o [1]
OTG_FS_IRQHandler        0x802'7cf9     0xa  Code  Gb  stm32f4xx_it.o [1]
PendSV_Handler           0x802'7cdb     0x2  Code  Gb  stm32f4xx_it.o [1]
Planner::Planner()       0x801'e4a5     0xe  Code  Gb  z_planner.o [1]
Planner::block_buffer   0x2000'4120   0x200  Data  Gb  z_planner.o [1]
Planner::block_buffer_head
                        0x2000'5013     0x1  Data  Gb  z_planner.o [1]
Planner::block_buffer_nonbusy
                        0x2000'5014     0x1  Data  Gb  z_planner.o [1]
Planner::block_buffer_planned
                        0x2000'5015     0x1  Data  Gb  z_planner.o [1]
Planner::block_buffer_tail
                        0x2000'5016     0x1  Data  Gb  z_planner.o [1]
Planner::buffer_sync_block()
                         0x801'e5a1    0x42  Code  Gb  z_planner.o [1]
Planner::cleaning_buffer_counter
                        0x2000'5006     0x2  Data  Gb  z_planner.o [1]
Planner::clear_block_buffer()
                         0x801'fdc9    0x24  Code  Gb  z_planner.o [1]
Planner::cutoff_long    0x2000'4fb0     0x4  Data  Gb  z_planner.o [1]
Planner::delay_before_delivering
                        0x2000'5017     0x1  Data  Gb  z_planner.o [1]
Planner::endstop_triggered()
                         0x801'e553     0x8  Code  Gb  z_planner.o [1]
Planner::get_current_block()
                         0x801'e4db    0x78  Code  Gb  z_planner.o [1]
Planner::get_next_free_block(unsigned char &, unsigned char)
                         0x801'fe2d    0x38  Code  Gb  z_planner.o [1]
Planner::has_blocks_queued()
                         0x801'fe0d    0x20  Code  Gb  z_stepper.o [1]
Planner::init()          0x801'e4b3    0x28  Code  Gb  z_planner.o [1]
Planner::max_acceleration_steps_per_s2
                        0x2000'4fa4     0x4  Data  Gb  z_planner.o [1]
Planner::moves_free()    0x802'092f     0xe  Code  Gb  z_planner.o [1]
Planner::movesplanned()
                         0x801'fded    0x18  Code  Gb  z_planner.o [1]
Planner::next_block_index(unsigned char)
                         0x801'fe05     0x8  Code  Gb  z_stepper.o [1]
Planner::position       0x2000'4fac     0x4  Data  Gb  z_planner.o [1]
Planner::previous_nominal_speed_sqr
                        0x2000'4fb8     0x4  Data  Gb  z_planner.o [1]
Planner::previous_speed
                        0x2000'4fb4     0x4  Data  Gb  z_planner.o [1]
Planner::refresh_positioning()
                         0x801'e64b    0x32  Code  Gb  z_planner.o [1]
Planner::release_current_block()
                         0x802'093d    0x1c  Code  Gb  z_stepper.o [1]
Planner::reset_acceleration_rates()
                         0x801'e617    0x34  Code  Gb  z_planner.o [1]
Planner::set_machine_position_mm(float)
                         0x801'e5e5    0x2a  Code  Gb  z_planner.o [1]
Planner::set_position_mm(float)
                         0x801'e60f     0x8  Code  Gb  z_planner.o [1]
Planner::settings       0x2000'4eb4    0x28  Data  Gb  z_planner.o [1]
Planner::steps_to_mm    0x2000'4fa8     0x4  Data  Gb  z_planner.o [1]
Planner::synchronize()   0x801'e55b    0x1c  Code  Gb  z_planner.o [1]
RTC_Bcd2ToByte           0x801'2bb1    0x1a  Code  Gb  stm32f4xx_hal_rtc.o [1]
RTC_ByteToBcd2           0x801'2b99    0x18  Code  Gb  stm32f4xx_hal_rtc.o [1]
RTC_Enable               0x801'd9c3    0x10  Code  Gb  rtc.o [1]
RTC_EnterInitMode        0x801'2b5f    0x3a  Code  Gb  stm32f4xx_hal_rtc.o [1]
RTC_Init                 0x801'd921    0xa2  Code  Gb  rtc.o [1]
Region$$Table$$Base      0x802'80a0           --   Gb  - Linker created -
Region$$Table$$Limit     0x802'80c4           --   Gb  - Linker created -
SHT$$INIT_ARRAY$$Base    0x802'85d4           --   Gb  - Linker created -
SHT$$INIT_ARRAY$$Limit   0x802'85d8           --   Gb  - Linker created -
SHT$$PREINIT_ARRAY$$Base
                         0x802'85d4           --   Gb  - Linker created -
SHT$$PREINIT_ARRAY$$Limit
                         0x802'85d4           --   Gb  - Linker created -
SPIFL_Driver             0x802'81ec    0x14  Data  Gb  spifl_diskio.o [1]
SPIFL_EraseSector        0x801'd7a5    0x52  Code  Gb  spi_flash.o [1]
SPIFL_Init               0x801'd693    0x42  Code  Gb  spi_flash.o [1]
SPIFL_ReadBuff           0x801'd72d    0x78  Code  Gb  spi_flash.o [1]
SPIFL_ReadID             0x801'd6d5    0x58  Code  Gb  spi_flash.o [1]
SPIFL_WriteBuff          0x801'd7f7   0x118  Code  Gb  spi_flash.o [1]
SPIFL_initialize         0x802'7a39    0x1c  Code  Gb  spifl_diskio.o [1]
SPIFL_ioctl              0x802'7acd    0x56  Code  Gb  spifl_diskio.o [1]
SPIFL_read               0x802'7a65    0x34  Code  Gb  spifl_diskio.o [1]
SPIFL_status             0x802'7a55    0x10  Code  Gb  spifl_diskio.o [1]
SPIFL_write              0x802'7a99    0x34  Code  Gb  spifl_diskio.o [1]
SPI_DMAError             0x801'cf41    0x24  Code  Lc  stm32f4xx_hal_spi.o [1]
SPI_DMAHalfReceiveCplt   0x801'cf29     0xa  Code  Lc  stm32f4xx_hal_spi.o [1]
SPI_DMAHalfTransmitReceiveCplt
                         0x801'cf35     0xa  Code  Lc  stm32f4xx_hal_spi.o [1]
SPI_DMAReceiveCplt       0x801'ce4d    0x78  Code  Lc  stm32f4xx_hal_spi.o [1]
SPI_DMATransmitReceiveCplt
                         0x801'cec5    0x64  Code  Lc  stm32f4xx_hal_spi.o [1]
SPI_EndRxTransaction     0x801'd005    0x92  Code  Lc  stm32f4xx_hal_spi.o [1]
SPI_EndRxTxTransaction   0x801'd097    0x5a  Code  Lc  stm32f4xx_hal_spi.o [1]
SPI_WaitFlagStateUntilTimeout
                         0x801'cf65    0xa0  Code  Lc  stm32f4xx_hal_spi.o [1]
SVC_Handler              0x802'7cd7     0x2  Code  Gb  stm32f4xx_it.o [1]
SYSTIMER_GetCountDown    0x801'86bf    0x24  Code  Gb  sys_timer.o [1]
SYSTIMER_Init            0x801'8649    0x2a  Code  Gb  sys_timer.o [1]
SYSTIMER_NewCountDown    0x801'8673    0x4c  Code  Gb  sys_timer.o [1]
SYSTIMER_SetCountDown    0x801'86e3    0x20  Code  Gb  sys_timer.o [1]
SpiflFS                 0x2000'1144  0x1038  Data  Gb  fatfs.o [1]
SpiflPath               0x2000'4f74     0x8  Data  Gb  fatfs.o [1]
Stepper::_set_position(int)
                         0x801'eb7d     0x6  Code  Gb  z_stepper.o [1]
Stepper::abort_current_block
                        0x2000'501a     0x1  Data  Gb  z_stepper.o [1]
Stepper::acc_step_rate  0x2000'4fe4     0x4  Data  Gb  z_stepper.o [1]
Stepper::accelerate_until
                        0x2000'4fd8     0x4  Data  Gb  z_stepper.o [1]
Stepper::acceleration_time
                        0x2000'4fc0     0x4  Data  Gb  z_stepper.o [1]
Stepper::advance_dividend
                        0x2000'4fcc     0x4  Data  Gb  z_stepper.o [1]
Stepper::advance_divisor
                        0x2000'4fd0     0x4  Data  Gb  z_stepper.o [1]
Stepper::axis_did_move  0x2000'5019     0x1  Data  Gb  z_stepper.o [1]
Stepper::axis_is_moving()
                         0x801'fd8d    0x18  Code  Gb  z_endstops.o [1]
Stepper::block_phase_isr()
                         0x801'e9b5   0x190  Code  Gb  z_stepper.o [1]
Stepper::calc_timer_interval(unsigned int, unsigned char *)
                         0x801'fec1    0x2c  Code  Gb  z_stepper.o [1]
Stepper::count_direction
                        0x2000'501c     0x1  Data  Gb  z_stepper.o [1]
Stepper::count_position
                        0x2000'4fec     0x4  Data  Gb  z_stepper.o [1]
Stepper::current_block  0x2000'4fbc     0x4  Data  Gb  z_stepper.o [1]
Stepper::decelerate_after
                        0x2000'4fdc     0x4  Data  Gb  z_stepper.o [1]
Stepper::deceleration_time
                        0x2000'4fc4     0x4  Data  Gb  z_stepper.o [1]
Stepper::delta_error    0x2000'4fc8     0x4  Data  Gb  z_stepper.o [1]
Stepper::discard_current_block()
                         0x801'fea5    0x1c  Code  Gb  z_stepper.o [1]
Stepper::endstop_triggered()
                         0x801'eba3    0x20  Code  Gb  z_stepper.o [1]
Stepper::endstops_trigsteps
                        0x2000'4fe8     0x4  Data  Gb  z_stepper.o [1]
Stepper::init()          0x801'eb45    0x38  Code  Gb  z_stepper.o [1]
Stepper::is_awake()      0x802'0959    0x10  Code  Gb  z_stepper.o [1]
Stepper::isr()           0x801'e77f    0xb8  Code  Gb  z_stepper.o [1]
Stepper::isr()::nextMainISR
                        0x2000'4ff0     0x4  Data  Lc  z_stepper.o [1]
Stepper::last_direction_bits
                        0x2000'5018     0x1  Data  Gb  z_stepper.o [1]
Stepper::motor_direction()
                         0x801'fda5    0x18  Code  Gb  z_stepper.o [1]
Stepper::pulse_phase_isr()
                         0x801'e837   0x17e  Code  Gb  z_stepper.o [1]
Stepper::quick_stop()    0x801'ff0d     0xc  Code  Gb  z_stepper.o [1]
Stepper::set_directions()
                         0x801'e70b    0x58  Code  Gb  z_stepper.o [1]
Stepper::set_position(int)
                         0x801'eb83    0x20  Code  Gb  z_stepper.o [1]
Stepper::step_event_count
                        0x2000'4fe0     0x4  Data  Gb  z_stepper.o [1]
Stepper::step_events_completed
                        0x2000'4fd4     0x4  Data  Gb  z_stepper.o [1]
Stepper::steps_per_isr  0x2000'501b     0x1  Data  Gb  z_stepper.o [1]
Stepper::suspend()       0x801'feed    0x20  Code  Gb  z_stepper.o [1]
Stepper::ticks_nominal  0x2000'007c     0x4  Data  Gb  z_stepper.o [1]
Stepper::wake_up()       0x801'fe65    0x10  Code  Gb  z_stepper.o [1]
SysTick_Config           0x801'b141    0x2e  Code  Lc  stm32f4xx_hal_cortex.o [1]
SysTick_Handler          0x802'7cdd     0x8  Code  Gb  stm32f4xx_it.o [1]
SystemClock_Config()     0x801'c741    0xc6  Code  Gb  main.o [1]
SystemCoreClock         0x2000'0058     0x4  Data  Gb  system_stm32f4xx.o [1]
SystemInit               0x802'80e5    0x12  Code  Gb  system_stm32f4xx.o [1]
TGUI_DrawLogo()          0x801'7a35     0xa  Code  Gb  tgui.o [1]
TGUI_ForceRepaint()      0x801'7a51    0x18  Code  Gb  tgui.o [1]
TGUI_Init()              0x801'6669  0x13c6  Code  Gb  tgui.o [1]
TGUI_PointInRect(TOUCH_POINT *, TG_RECT *)
                         0x801'6639    0x30  Code  Gb  tgui.o [1]
TGUI_Process()           0x801'7a7d    0x18  Code  Gb  tgui.o [1]
TIM2_IRQHandler          0x802'7d21     0xe  Code  Gb  stm32f4xx_it.o [1]
TIM_Base_SetConfig       0x801'f29b    0xba  Code  Gb  stm32f4xx_hal_tim.o [1]
TIM_CCxChannelCmd        0x801'f57d    0x26  Code  Gb  stm32f4xx_hal_tim.o [1]
TIM_ETR_SetConfig        0x801'f567    0x16  Code  Gb  stm32f4xx_hal_tim.o [1]
TIM_ITRx_SetConfig       0x801'f557    0x10  Code  Lc  stm32f4xx_hal_tim.o [1]
TIM_OC1_SetConfig        0x801'f355    0x64  Code  Lc  stm32f4xx_hal_tim.o [1]
TIM_OC2_SetConfig        0x801'f3b9    0x6e  Code  Gb  stm32f4xx_hal_tim.o [1]
TIM_OC3_SetConfig        0x801'f427    0x6c  Code  Lc  stm32f4xx_hal_tim.o [1]
TIM_OC4_SetConfig        0x801'f493    0x4c  Code  Lc  stm32f4xx_hal_tim.o [1]
TIM_TI1_ConfigInputStage
                         0x801'f50d    0x24  Code  Lc  stm32f4xx_hal_tim.o [1]
TIM_TI2_ConfigInputStage
                         0x801'f531    0x26  Code  Lc  stm32f4xx_hal_tim.o [1]
TIM_ZRef_Init            0x801'eca5    0xb0  Code  Gb  tim.o [1]
TIM_ZStepper_Init        0x801'ec31    0x74  Code  Gb  tim.o [1]
TOUCH_SPIEnable          0x801'b24f   0x15a  Code  Gb  fst_spi.o [1]
TOUCH_SPIGetState        0x801'b3ff     0x8  Code  Gb  fst_spi.o [1]
TOUCH_SPIInit            0x801'b1eb    0x64  Code  Gb  fst_spi.o [1]
TOUCH_SPIStartRead       0x801'b3a9    0x56  Code  Gb  fst_spi.o [1]
Timers                  0x2000'4648   0x100  Data  Gb  sys_timer.o [1]
Touch_Enable             0x801'9b73     0x8  Code  Gb  touch.o [1]
Touch_GetCoords          0x801'9b95     0xc  Code  Gb  touch.o [1]
Touch_GetState           0x801'9b7b     0x6  Code  Gb  touch.o [1]
Touch_Init               0x801'9b3f    0x34  Code  Gb  touch.o [1]
Touch_IsPressed          0x801'9ba1    0x18  Code  Gb  touch.o [1]
Touch_SetWorked          0x801'9b81    0x14  Code  Gb  touch.o [1]
USBH_AllocPipe           0x802'02ed    0x32  Code  Gb  usbh_pipes.o [1]
USBH_BulkReceiveData     0x802'1a75    0x24  Code  Gb  usbh_ioreq.o [1]
USBH_BulkSendData        0x802'1a43    0x32  Code  Gb  usbh_ioreq.o [1]
USBH_ClosePipe           0x802'02e1     0xc  Code  Gb  usbh_pipes.o [1]
USBH_ClrFeature          0x802'04d7    0x26  Code  Gb  usbh_ctlreq.o [1]
USBH_CtlReceiveData      0x802'1a1f    0x24  Code  Gb  usbh_ioreq.o [1]
USBH_CtlReq              0x802'06bf    0x54  Code  Gb  usbh_ctlreq.o [1]
USBH_CtlSendData         0x802'19ed    0x32  Code  Gb  usbh_ioreq.o [1]
USBH_CtlSendSetup        0x802'19c9    0x24  Code  Gb  usbh_ioreq.o [1]
USBH_Delay               0x802'028b     0x8  Code  Gb  usbh_conf.o [1]
USBH_Driver              0x802'8228    0x14  Data  Gb  usbh_diskio.o [1]
USBH_FindInterface       0x801'f6f1    0x66  Code  Gb  usbh_core.o [1]
USBH_FreePipe            0x802'031f    0x26  Code  Gb  usbh_pipes.o [1]
USBH_GetDescriptor       0x802'042b    0x3c  Code  Gb  usbh_ctlreq.o [1]
USBH_GetFreePipe         0x802'0345    0x2e  Code  Lc  usbh_pipes.o [1]
USBH_GetNextDesc         0x802'06af    0x10  Code  Gb  usbh_ctlreq.o [1]
USBH_Get_CfgDesc         0x802'03b1    0x3a  Code  Gb  usbh_ctlreq.o [1]
USBH_Get_DevDesc         0x802'0373    0x3e  Code  Gb  usbh_ctlreq.o [1]
USBH_Get_StringDesc      0x802'03eb    0x40  Code  Gb  usbh_ctlreq.o [1]
USBH_Get_USB_Status      0x802'0293    0x2a  Code  Gb  usbh_conf.o [1]
USBH_HandleControl       0x802'0713   0x21c  Code  Lc  usbh_ctlreq.o [1]
USBH_HandleEnum          0x801'fa45   0x2be  Code  Lc  usbh_core.o [1]
USBH_HandleSof           0x801'fd1b    0x1a  Code  Lc  usbh_core.o [1]
USBH_Init                0x801'f5ed    0x50  Code  Gb  usbh_core.o [1]
USBH_LL_ClosePipe        0x802'019d    0x1a  Code  Gb  usbh_conf.o [1]
USBH_LL_Connect          0x801'fd45    0x16  Code  Gb  usbh_core.o [1]
USBH_LL_Disconnect       0x801'fd5b    0x30  Code  Gb  usbh_core.o [1]
USBH_LL_DriverVBUS       0x802'0201    0x1c  Code  Gb  usbh_conf.o [1]
USBH_LL_GetLastXferSize
                         0x802'015f     0xe  Code  Gb  usbh_conf.o [1]
USBH_LL_GetSpeed         0x802'011d    0x2a  Code  Gb  usbh_conf.o [1]
USBH_LL_GetToggle        0x802'0255    0x36  Code  Gb  usbh_conf.o [1]
USBH_LL_GetURBState      0x802'01f3     0xe  Code  Gb  usbh_conf.o [1]
USBH_LL_IncTimer         0x801'fd09    0x12  Code  Gb  usbh_core.o [1]
USBH_LL_Init             0x802'0085    0x50  Code  Gb  usbh_conf.o [1]
USBH_LL_OpenPipe         0x802'016d    0x30  Code  Gb  usbh_conf.o [1]
USBH_LL_PortDisabled     0x801'fd3d     0x8  Code  Gb  usbh_core.o [1]
USBH_LL_PortEnabled      0x801'fd35     0x8  Code  Gb  usbh_core.o [1]
USBH_LL_ResetPort        0x802'0147    0x18  Code  Gb  usbh_conf.o [1]
USBH_LL_SetTimer         0x801'fd03     0x6  Code  Gb  usbh_core.o [1]
USBH_LL_SetToggle        0x802'021d    0x38  Code  Gb  usbh_conf.o [1]
USBH_LL_Start            0x802'00ed    0x18  Code  Gb  usbh_conf.o [1]
USBH_LL_Stop             0x802'0105    0x18  Code  Gb  usbh_conf.o [1]
USBH_LL_SubmitURB        0x802'01b7    0x3c  Code  Gb  usbh_conf.o [1]
USBH_MSC_BOT_Abort       0x802'648d    0x30  Code  Lc  usbh_msc_bot.o [1]
USBH_MSC_BOT_Init        0x802'61c7    0x22  Code  Gb  usbh_msc_bot.o [1]
USBH_MSC_BOT_Process     0x802'61e9   0x2a4  Code  Gb  usbh_msc_bot.o [1]
USBH_MSC_BOT_REQ_GetMaxLUN
                         0x802'61a9    0x1e  Code  Gb  usbh_msc_bot.o [1]
USBH_MSC_BOT_REQ_Reset   0x802'6189    0x20  Code  Gb  usbh_msc_bot.o [1]
USBH_MSC_ClassRequest    0x802'5aa7    0x90  Code  Lc  usbh_msc.o [1]
USBH_MSC_DecodeCSW       0x802'64bd    0x54  Code  Lc  usbh_msc_bot.o [1]
USBH_MSC_GetLUNInfo      0x802'6023    0x2e  Code  Gb  usbh_msc.o [1]
USBH_MSC_InterfaceDeInit
                         0x802'5a49    0x5e  Code  Lc  usbh_msc.o [1]
USBH_MSC_InterfaceInit   0x802'58d5   0x174  Code  Lc  usbh_msc.o [1]
USBH_MSC_Process         0x802'5b37   0x380  Code  Lc  usbh_msc.o [1]
USBH_MSC_RdWrProcess     0x802'5ebb   0x140  Code  Lc  usbh_msc.o [1]
USBH_MSC_Read            0x802'6051    0x9c  Code  Gb  usbh_msc.o [1]
USBH_MSC_SCSI_Inquiry    0x802'6627   0x100  Code  Gb  usbh_msc_scsi.o [1]
USBH_MSC_SCSI_Read       0x802'686f    0x9c  Code  Gb  usbh_msc_scsi.o [1]
USBH_MSC_SCSI_ReadCapacity
                         0x802'6581    0xa6  Code  Gb  usbh_msc_scsi.o [1]
USBH_MSC_SCSI_RequestSense
                         0x802'6727    0xac  Code  Gb  usbh_msc_scsi.o [1]
USBH_MSC_SCSI_TestUnitReady
                         0x802'6521    0x60  Code  Gb  usbh_msc_scsi.o [1]
USBH_MSC_SCSI_Write      0x802'67d3    0x9c  Code  Gb  usbh_msc_scsi.o [1]
USBH_MSC_SOFProcess      0x802'5eb7     0x4  Code  Lc  usbh_msc.o [1]
USBH_MSC_UnitIsReady     0x802'5ffb    0x28  Code  Gb  usbh_msc.o [1]
USBH_MSC_Write           0x802'60ed    0x9c  Code  Gb  usbh_msc.o [1]
USBH_OpenPipe            0x802'02bd    0x24  Code  Gb  usbh_pipes.o [1]
USBH_ParseCfgDesc        0x802'0559    0xd0  Code  Lc  usbh_ctlreq.o [1]
USBH_ParseDevDesc        0x802'04fd    0x5c  Code  Lc  usbh_ctlreq.o [1]
USBH_ParseEPDesc         0x802'064f    0x20  Code  Lc  usbh_ctlreq.o [1]
USBH_ParseInterfaceDesc
                         0x802'0629    0x26  Code  Lc  usbh_ctlreq.o [1]
USBH_ParseStringDesc     0x802'066f    0x40  Code  Lc  usbh_ctlreq.o [1]
USBH_Process             0x801'f76d   0x2d8  Code  Gb  usbh_core.o [1]
USBH_RegisterClass       0x801'f6a3    0x2e  Code  Gb  usbh_core.o [1]
USBH_SelectInterface     0x801'f6d1    0x20  Code  Gb  usbh_core.o [1]
USBH_SetAddress          0x802'0467    0x26  Code  Gb  usbh_ctlreq.o [1]
USBH_SetCfg              0x802'048d    0x24  Code  Gb  usbh_ctlreq.o [1]
USBH_SetFeature          0x802'04b1    0x26  Code  Gb  usbh_ctlreq.o [1]
USBH_Start               0x801'f757    0x16  Code  Gb  usbh_core.o [1]
USBH_UserProcess         0x801'dbd5    0x3a  Code  Lc  usb_host.o [1]
USBH_initialize          0x802'71b5     0x4  Code  Gb  usbh_diskio.o [1]
USBH_ioctl               0x802'726f    0x86  Code  Gb  usbh_diskio.o [1]
USBH_msc                0x2000'005c    0x20  Data  Gb  usbh_msc.o [1]
USBH_read                0x802'71d5    0x48  Code  Gb  usbh_diskio.o [1]
USBH_status              0x802'71b9    0x1c  Code  Gb  usbh_diskio.o [1]
USBH_write               0x802'721d    0x52  Code  Gb  usbh_diskio.o [1]
USB_CoreInit             0x802'1a99    0x80  Code  Gb  stm32f4xx_ll_usb.o [1]
USB_CoreReset            0x802'1c1b    0x32  Code  Lc  stm32f4xx_ll_usb.o [1]
USB_DisableGlobalInt     0x802'1b25     0xc  Code  Gb  stm32f4xx_ll_usb.o [1]
USB_DoPing               0x802'2363    0x3c  Code  Gb  stm32f4xx_ll_usb.o [1]
USB_DriveVbus            0x802'1de7    0x4e  Code  Gb  stm32f4xx_ll_usb.o [1]
USB_EnableGlobalInt      0x802'1b19     0xc  Code  Gb  stm32f4xx_ll_usb.o [1]
USB_FlushRxFifo          0x802'1b8b    0x1e  Code  Gb  stm32f4xx_ll_usb.o [1]
USB_FlushTxFifo          0x802'1b69    0x22  Code  Gb  stm32f4xx_ll_usb.o [1]
USB_GetCurrentFrame      0x802'1e4d     0xa  Code  Gb  stm32f4xx_ll_usb.o [1]
USB_GetHostSpeed         0x802'1e35    0x18  Code  Gb  stm32f4xx_ll_usb.o [1]
USB_GetMode              0x802'1c13     0x8  Code  Gb  stm32f4xx_ll_usb.o [1]
USB_HC_Halt              0x802'2201   0x162  Code  Gb  stm32f4xx_ll_usb.o [1]
USB_HC_Init              0x802'1e57   0x1de  Code  Gb  stm32f4xx_ll_usb.o [1]
USB_HC_ReadInterrupt     0x802'21f7     0xa  Code  Gb  stm32f4xx_ll_usb.o [1]
USB_HC_StartXfer         0x802'2035   0x1c2  Code  Gb  stm32f4xx_ll_usb.o [1]
USB_HC_StartXfer::tmpreg
                        0x2000'4f98     0x4  Data  Lc  stm32f4xx_ll_usb.o [1]
USB_HOST_Init            0x801'db91    0x38  Code  Gb  usb_host.o [1]
USB_HOST_Process         0x801'dbc9     0xa  Code  Gb  usb_host.o [1]
USB_HOST_VbusFS          0x801'db71    0x20  Code  Gb  usbh_platform.o [1]
USB_HostInit             0x802'1c55   0x102  Code  Gb  stm32f4xx_ll_usb.o [1]
USB_InitFSLSPClkSel      0x802'1d59    0x4e  Code  Gb  stm32f4xx_ll_usb.o [1]
USB_ReadInterrupts       0x802'1c09     0xa  Code  Gb  stm32f4xx_ll_usb.o [1]
USB_ReadPacket           0x802'1be5    0x24  Code  Gb  stm32f4xx_ll_usb.o [1]
USB_ResetPort            0x802'1da7    0x40  Code  Gb  stm32f4xx_ll_usb.o [1]
USB_SetCurrentMode       0x802'1b31    0x38  Code  Gb  stm32f4xx_ll_usb.o [1]
USB_StopHost             0x802'23bd    0xa0  Code  Gb  stm32f4xx_ll_usb.o [1]
[...]
__aeabi_d2uiz            0x801'c1a1          Code  Gb  DblToU32.o [4]
__aeabi_ddiv             0x801'bf59          Code  Gb  DblDiv.o [4]
__aeabi_dmul             0x801'ba65          Code  Gb  DblMul.o [4]
__aeabi_dsub             0x801'be75          Code  Gb  DblSub.o [4]
__aeabi_f2d              0x801'f5a5          Code  Gb  FltToDbl.o [4]
__aeabi_i2d              0x801'be51          Code  Gb  S32ToDbl.o [4]
__aeabi_memclr4          0x801'c1e5          Code  Gb  ABImemclr4.o [5]
__aeabi_memcpy           0x801'8505          Code  Gb  ABImemcpy.o [5]
__aeabi_memcpy4          0x801'8525          Code  Gb  ABImemcpy.o [5]
__aeabi_memcpy8          0x801'8525          Code  Gb  ABImemcpy.o [5]
__aeabi_memset           0x801'7b29          Code  Gb  ABImemset.o [5]
__aeabi_ui2d             0x801'c1c9          Code  Gb  U32ToDbl.o [4]
__aeabi_uldivmod         0x801'b835          Code  Gb  I64DivMod.o [5]
__call_ctors             0x802'8125    0x18  Code  Gb  cppinit.o [2]
__cmain                  0x802'813d          Code  Gb  cmain.o [5]
__data_GetMemChunk       0x802'393d    0x2c  Code  Gb  xgetmemchunk.o [2]
__data_GetMemChunk::start
                        0x2000'4ff8     0x4  Data  Lc  xgetmemchunk.o [2]
__exit                   0x801'e309    0x14  Code  Gb  exit.o [6]
__iar_Fail_s             0x801'b791    0x1c  Code  Gb  xfail_s.o [2]
__iar_Mbcurmax           0x801'b829     0xa  Code  Gb  xmbcurmax.o [2]
__iar_Memchr             0x801'b7d1          Code  Gb  memchr.o [5]
__iar_Memset             0x801'7b29          Code  Gb  ABImemset.o [5]
__iar_Memset4_word       0x801'd271          Code  Gb  ABImemset48.o [5]
__iar_Memset8_word       0x801'd271          Code  Gb  ABImemset48.o [5]
__iar_Memset_word        0x801'7b31          Code  Gb  ABImemset.o [5]
__iar_Strchr             0x801'b779          Code  Gb  strchr.o [5]
__iar_cstart_call_ctors
                         0x802'8105    0x20  Code  Gb  cmain_call_ctors.o [5]
__iar_dadd               0x801'be85          Code  Gb  DblSub.o [4]
__iar_data_init3         0x802'7fe9    0x28  Code  Gb  data_init.o [5]
__iar_debug_exceptions   0x801'b78e     0x1  Data  Gb  unwind_debug.o [6]
__iar_dlfree             0x802'343b   0x4f6  Code  Gb  dlmalloc.o [2]
__iar_dlmalloc           0x802'3185   0x2b6  Code  Gb  dlmalloc.o [2]
__iar_dsub               0x801'd105          Code  Gb  DblAdd.o [4]
__iar_dsubStart          0x801'd117          Code  Gb  DblAdd.o [4]
__iar_frexp              0x801'bc15          Code  Gb  frexp.o [4]
__iar_frexpl             0x801'bc15          Code  Gb  frexp.o [4]
__iar_globLocale        0x2000'00b8    0x48  Data  Lc  xlocale_c.o [2]
__iar_global_Locale      0x801'b701     0x4  Code  Gb  xlocale_c.o [2]
__iar_init_vfp           0x802'807d          Code  Gb  fpinit_M.o [4]
__iar_ldexp64            0x801'bcd9          Code  Gb  ldexp.o [4]
__iar_lround32           0x801'fe79          Code  Gb  lroundf.o [4]
__iar_lz77_init_single3
                         0x801'241b    0x7a  Code  Gb  lz77_init_single.o [5]
__iar_program_start      0x802'83e1          Code  Gb  cstartup_M.o [5]
__iar_scalbln64          0x801'bcd9          Code  Gb  ldexp.o [4]
__iar_scalbn64           0x801'bcd9          Code  Gb  ldexp.o [4]
__iar_softfp___iar_frexp64
                         0x801'bc09          Code  Gb  frexp.o [4]
__iar_softfp_frexp       0x801'bc09          Code  Gb  frexp.o [4]
__iar_softfp_frexpl      0x801'bc09          Code  Gb  frexp.o [4]
__iar_tls$$INIT_ARRAY$$Base
                         0x802'85d8           --   Gb  - Linker created -
__iar_tls$$INIT_ARRAY$$Limit
                         0x802'85d8           --   Gb  - Linker created -
__iar_vfp___iar_lround32
                         0x801'fe75          Code  Gb  lroundf.o [4]
__iar_vfp_lroundf        0x801'fe75          Code  Gb  lroundf.o [4]
__iar_zero_init3         0x801'2c03    0x3a  Code  Gb  zero_init3.o [5]
__low_level_init         0x802'815b     0x4  Code  Gb  low_level_init.o [2]
__sti__routine           0x801'e499     0xc  Code  Lc  z_planner.o [1]
__vector_table           0x801'0000          Data  Gb  startup_stm32f407xx.o [1]
_call_main               0x802'8149          Code  Gb  cmain.o [5]
_exit                    0x802'8165          Code  Gb  cexit.o [5]
_flash_SPIGetFlags       0x801'b407     0xa  Code  Gb  fst_spi.o [1]
_gLocale_mblen           0x801'b765     0x4  Code  Gb  xlocale_c.o [2]
_gLocale_mblenInt        0x801'b729    0x2c  Code  Gb  xlocale_c.o [2]
_gLocale_wctomb          0x801'b769     0x4  Code  Gb  xlocale_c.o [2]
_gLocale_wctombInt       0x801'b761     0x4  Code  Gb  xlocale_c.o [2]
_gm_                    0x2000'4320   0x1d8  Data  Lc  dlmalloc.o [2]
_lcdui_FillCircle_helper(short, short, short, unsigned char, short)
                         0x801'8827    0xc4  Code  Gb  lcd_ui.o [1]
_lcdui_GetCharData(char)
                         0x801'8aef    0x8c  Code  Gb  lcd_ui.o [1]
_lcdui_GetCharWidth(char)
                         0x801'8a9f    0x50  Code  Gb  lcd_ui.o [1]
_main                    0x802'8157          Code  Gb  cmain.o [5]
_spifl_WaitBusy          0x801'd61d    0x4a  Code  Gb  spi_flash.o [1]
_spifl_WriteEnable       0x801'd667    0x2c  Code  Gb  spi_flash.o [1]
_spifl_bust_counts      0x2000'4f8c     0x4  Data  Gb  spi_flash.o [1]
_spifl_info             0x2000'4f60     0xc  Data  Gb  spi_flash.o [1]
_tgui_DefaultButtonPaint(void *, void *)
                         0x801'8005    0xe6  Code  Gb  tgui_defaultfuncs.o [1]
_tgui_DefaultButtonProcess(void *, void *)
                         0x801'80eb   0x250  Code  Gb  tgui_defaultfuncs.o [1]
_tgui_DefaultScreenPaint(void *, void *)
                         0x801'833b    0xd8  Code  Gb  tgui_defaultfuncs.o [1]
_tgui_DefaultScreenProcess(void *, void *)
                         0x801'8413    0xce  Code  Gb  tgui_defaultfuncs.o [1]
_tgui_DrawFileCimgBackground(char *)
                         0x801'7da3   0x262  Code  Gb  tgui_defaultfuncs.o [1]
_tgui_DrawStringInRect(char *, TG_RECT *, TG_TEXTOPTIONS *)
                         0x801'7cd3    0xd0  Code  Gb  tgui_defaultfuncs.o [1]
_tgui_InfoScreenFansTimePaint(void *, void *)
                         0x802'7b85    0x34  Code  Gb  tgui_infoscreenfuncs.o [1]
_tgui_InfoScreenLightTimePaint(void *, void *)
                         0x802'7b51    0x34  Code  Gb  tgui_infoscreenfuncs.o [1]
_tgui_InfoScreenUIAuthorPaint(void *, void *)
                         0x802'7bcd    0x14  Code  Gb  tgui_infoscreenfuncs.o [1]
_tgui_InfoScreenURLPaint(void *, void *)
                         0x802'7bb9    0x14  Code  Gb  tgui_infoscreenfuncs.o [1]
_tgui_InfoScreenVersionPaint(void *, void *)
                         0x802'7b29    0x28  Code  Gb  tgui_infoscreenfuncs.o [1]
_tgui_LanguageButtonPress(void *, void *)
                         0x802'831d     0xe  Code  Gb  tgui_langscreenfuncs.o [1]
_tgui_ScreenTimeInit()   0x801'7bad    0x24  Code  Gb  tgui_defaultfuncs.o [1]
_tgui_ScreenTimePaint(void *, void *)
                         0x801'7c0f    0xc4  Code  Gb  tgui_defaultfuncs.o [1]
_tgui_ScreenTimeProcess(void *, void *)
                         0x801'7bd1    0x3e  Code  Gb  tgui_defaultfuncs.o [1]
_tgui_ScreenTimeProcess(void *, void *)::minutes
                        0x2000'500e     0x1  Data  Lc  tgui_defaultfuncs.o [1]
_touch_ReadCoords        0x801'9951    0xc8  Code  Gb  touch.o [1]
_touch_RefreshState      0x801'9a19   0x126  Code  Gb  touch.o [1]
abort                    0x801'd0fb     0x6  Code  Gb  abort.o [2]
add_segment              0x802'2825   0x1f2  Code  Lc  dlmalloc.o [2]
cfgzMotor               0x2000'4cd0    0x40  Data  Gb  config.o [1]
cfname                  0x2000'297c   0x400  Data  Gb  main.o [1]
check_fs                 0x801'1635    0x76  Code  Lc  ff.o [1]
chk_chr                  0x801'020f    0x14  Code  Lc  ff.o [1]
clngLangEng              0x802'7d68    0x84  Data  Lc  languages.o [1]
clngLangRus              0x802'7dec    0x84  Data  Lc  languages.o [1]
clst2sect                0x801'0403    0x1a  Code  Lc  ff.o [1]
cmp_lfn                  0x801'0afd    0xa0  Code  Lc  ff.o [1]
create_chain             0x801'0711   0x130  Code  Lc  ff.o [1]
create_name              0x801'12c1   0x286  Code  Lc  ff.o [1]
d                       0x2000'4f90     0x4  Data  Gb  spi_flash.o [1]
dbc_1st                  0x801'0223     0xe  Code  Lc  ff.o [1]
dbc_2nd                  0x801'0231     0xe  Code  Lc  ff.o [1]
dir                     0x2000'4d90    0x34  Data  Gb  main.o [1]
dir_alloc                0x801'0a49    0x64  Code  Lc  ff.o [1]
dir_clear                0x801'0841    0x64  Code  Lc  ff.o [1]
dir_find                 0x801'0e7b   0x118  Code  Lc  ff.o [1]
dir_next                 0x801'0957    0xf2  Code  Lc  ff.o [1]
dir_read                 0x801'0d7b   0x100  Code  Lc  ff.o [1]
dir_register             0x801'0f93   0x166  Code  Lc  ff.o [1]
dir_sdi                  0x801'08a5    0xb2  Code  Lc  ff.o [1]
disk                    0x2000'4f34    0x10  Data  Gb  ff_gen_drv.o [1]
disk_initialize          0x801'24b3    0x32  Code  Gb  diskio.o [1]
disk_ioctl               0x801'2521    0x20  Code  Gb  diskio.o [1]
disk_read                0x801'24e5    0x1e  Code  Gb  diskio.o [1]
disk_status              0x801'2495    0x1e  Code  Gb  diskio.o [1]
disk_write               0x801'2503    0x1e  Code  Gb  diskio.o [1]
exit                     0x802'815f     0x4  Code  Gb  exit.o [2]
f_close                  0x801'2147    0x2a  Code  Gb  ff.o [1]
f_closedir               0x801'23a3    0x1c  Code  Gb  ff.o [1]
f_lseek                  0x801'2171   0x1aa  Code  Gb  ff.o [1]
f_mount                  0x801'1a2b    0x54  Code  Gb  ff.o [1]
f_open                   0x801'1aa9   0x21a  Code  Gb  ff.o [1]
f_opendir                0x801'231b    0x88  Code  Gb  ff.o [1]
f_read                   0x801'1cc3   0x1cc  Code  Gb  ff.o [1]
f_readdir                0x801'23bf    0x5c  Code  Gb  ff.o [1]
f_sync                   0x801'20a7    0xa0  Code  Gb  ff.o [1]
f_write                  0x801'1e8f   0x218  Code  Gb  ff.o [1]
fbuff                   0x1000'0000  0x2000  Data  Gb  main.o [1]
ff_oem2uni               0x801'258b    0x3a  Code  Gb  ffunicode.o [1]
ff_uni2oem               0x801'2545    0x46  Code  Gb  ffunicode.o [1]
ff_wtoupper              0x801'25c5    0xb6  Code  Gb  ffunicode.o [1]
ff_wtoupper::cvt1        0x802'6fc0   0x1f4  Data  Lc  ffunicode.o [1]
ff_wtoupper::cvt2        0x802'7c10    0xbc  Data  Lc  ffunicode.o [1]
find_volume              0x801'16b1    0x6c  Code  Lc  ff.o [1]
finfo                   0x2000'3afc   0x224  Data  Gb  main.o [1]
fnt12_data               0x802'690c   0x6b4  Data  Gb  fnt12.o [1]
fnt12_width              0x802'72f8   0x140  Data  Gb  fnt12.o [1]
fnt18_data               0x802'4a30   0xea4  Data  Gb  fnt18.o [1]
fnt18_width              0x802'7438   0x140  Data  Gb  fnt18.o [1]
fnt18bold_data           0x802'3968  0x10c8  Data  Gb  fnt18bold.o [1]
fnt18bold_width          0x802'7578   0x140  Data  Gb  fnt18bold.o [1]
fnt24_data               0x801'4cdc  0x195c  Data  Gb  fnt24.o [1]
fnt24_width              0x802'76b8   0x140  Data  Gb  fnt24.o [1]
fnt24bold_data           0x801'2c48  0x2094  Data  Gb  fnt24bold.o [1]
fnt24bold_width          0x802'77f8   0x140  Data  Gb  fnt24bold.o [1]
follow_path              0x801'154d    0x9a  Code  Lc  ff.o [1]
font_fnt12              0x2000'0000     0xc  Data  Gb  fnt12.o [1]
font_fnt18              0x2000'000c     0xc  Data  Gb  fnt18.o [1]
font_fnt18bold          0x2000'0018     0xc  Data  Gb  fnt18bold.o [1]
font_fnt24              0x2000'0024     0xc  Data  Gb  fnt24.o [1]
font_fnt24bold          0x2000'0030     0xc  Data  Gb  fnt24bold.o [1]
free                     0x802'651d     0x4  Code  Gb  heaptramp0.o [2]
gen_numname              0x801'0cb9    0xa2  Code  Lc  ff.o [1]
get_fat                  0x801'041d   0x10a  Code  Lc  ff.o [1]
get_fattime              0x801'26a5    0x50  Code  Gb  fatfs.o [1]
get_fileinfo             0x801'10f9   0x1c8  Code  Lc  ff.o [1]
get_ldnumber             0x801'15e7    0x4e  Code  Lc  ff.o [1]
hFlashSpi               0x2000'49c0    0x80  Data  Gb  fst_spi.o [1]
hFlashSpiDmaRx          0x2000'4b60    0x60  Data  Gb  fst_spi.o [1]
hFlashSpiDmaTx          0x2000'4bc0    0x60  Data  Gb  fst_spi.o [1]
hLcdDma                 0x2000'4c20    0x60  Data  Gb  lcd_low.o [1]
hRTC                    0x2000'4edc    0x20  Data  Gb  rtc.o [1]
hStepperTim             0x2000'4d10    0x40  Data  Gb  tim.o [1]
hTouchSpi               0x2000'4940    0x80  Data  Gb  fst_spi.o [1]
hTouchSpiDmaRx          0x2000'4a40    0x60  Data  Gb  fst_spi.o [1]
hTouchSpiDmaTx          0x2000'4aa0    0x60  Data  Gb  fst_spi.o [1]
hUsbHost                0x2000'2d7c   0x3d8  Data  Gb  usb_host.o [1]
hZRefTim                0x2000'4d50    0x40  Data  Gb  tim.o [1]
hhcd_USB_OTG_FS         0x2000'3838   0x2c4  Data  Gb  usbh_conf.o [1]
hsram1                  0x2000'4c80    0x50  Data  Gb  fsmc.o [1]
idle()                   0x801'da89     0xa  Code  Gb  motor.o [1]
idle()::idlecount       0x2000'4f88     0x4  Data  Lc  motor.o [1]
init_mparams             0x802'2477    0x32  Code  Lc  dlmalloc.o [2]
init_top                 0x802'24a9    0x36  Code  Lc  dlmalloc.o [2]
lcdui_bgcolor           0x2000'5004     0x2  Data  Gb  lcd_ui.o [1]
lcdui_color             0x2000'0104     0x2  Data  Gb  lcd_ui.o [1]
lcdui_current_font      0x2000'0050     0x4  Data  Gb  lcd_ui.o [1]
lcdui_current_font_type
                        0x2000'0106     0x1  Data  Gb  lcd_ui.o [1]
lcdui_cursor_x          0x2000'5000     0x2  Data  Gb  lcd_ui.o [1]
lcdui_cursor_y          0x2000'5002     0x2  Data  Gb  lcd_ui.o [1]
lcdui_height            0x2000'0102     0x2  Data  Gb  lcd_ui.o [1]
lcdui_width             0x2000'0100     0x2  Data  Gb  lcd_ui.o [1]
ld_clust                 0x801'0aad    0x26  Code  Lc  ff.o [1]
ld_dword                 0x801'0195    0x16  Code  Lc  ff.o [1]
ld_word                  0x801'0189     0xc  Code  Lc  ff.o [1]
ldexp                    0x801'bcd9          Code  Gb  ldexp.o [4]
ldexpl                   0x801'bcd9          Code  Gb  ldexp.o [4]
lngCurrent              0x2000'004c     0x4  Data  Gb  languages.o [1]
lngLanguages            0x2000'003c    0x10  Data  Gb  languages.o [1]
localeconv               0x801'b76d     0x4  Code  Gb  xlocale_c.o [2]
lroundf                  0x801'fe79          Code  Gb  lroundf.o [4]
main                     0x801'c249   0x4f2  Code  Gb  main.o [1]
mem_cmp                  0x801'01f1    0x1e  Code  Lc  ff.o [1]
mem_cpy                  0x801'01d1    0x14  Code  Lc  ff.o [1]
mem_set                  0x801'01e5     0xc  Code  Lc  ff.o [1]
memchr                   0x801'b7d1          Code  Gb  memchr.o [5]
mount_volume             0x801'171d   0x2c6  Code  Lc  ff.o [1]
move_window              0x801'0331    0x3e  Code  Lc  ff.o [1]
mparams                 0x2000'4f1c    0x18  Data  Lc  dlmalloc.o [2]
msg                     0x2000'3f20   0x200  Data  Gb  main.o [1]
pick_lfn                 0x801'0b9d    0x90  Code  Lc  ff.o [1]
prepend_alloc            0x802'24df   0x346  Code  Lc  dlmalloc.o [2]
put_fat                  0x801'0527   0x15c  Code  Lc  ff.o [1]
put_lfn                  0x801'0c2d    0x84  Code  Lc  ff.o [1]
put_utf                  0x801'0285    0x5c  Code  Lc  ff.o [1]
remove_chain             0x801'0683    0x8e  Code  Lc  ff.o [1]
retSPIFL                0x2000'5009     0x1  Data  Gb  fatfs.o [1]
retUSBH                 0x2000'5008     0x1  Data  Gb  fatfs.o [1]
s_tfname                0x2000'257c   0x400  Data  Gb  main.o [1]
scalbln                  0x801'bcd9          Code  Gb  ldexp.o [4]
scalblnl                 0x801'bcd9          Code  Gb  ldexp.o [4]
scalbn                   0x801'bcd9          Code  Gb  ldexp.o [4]
scalbnl                  0x801'bcd9          Code  Gb  ldexp.o [4]
scale                    0x801'a39b    0x46  Code  Lc  xprintffull.o [2]
scrTimeTimer            0x2000'0108     0x1  Data  Gb  tgui_defaultfuncs.o [1]
sec_hand                0x2000'4ff4     0x4  Data  Lc  xfail_s.o [2]
segment_holding          0x802'245d    0x1a  Code  Lc  dlmalloc.o [2]
sfile                   0x1000'3028  0x1028  Data  Gb  main.o [1]
sprintf                  0x801'87a5    0x40  Code  Gb  sprintf.o [2]
srvMode                 0x2000'500d     0x1  Data  Gb  main.o [1]
st_clust                 0x801'0ad3    0x2a  Code  Lc  ff.o [1]
st_dword                 0x801'01b9    0x18  Code  Lc  ff.o [1]
st_word                  0x801'01ab     0xe  Code  Lc  ff.o [1]
strcat                   0x802'7bf1    0x1e  Code  Gb  strcat.o [2]
strchr                   0x801'b779          Code  Gb  strchr.o [5]
strcmp                   0x801'dc1d          Code  Gb  strcmp.o [5]
strlen                   0x801'2bcd          Code  Gb  strlen.o [5]
sum_sfn                  0x801'0d5b    0x20  Code  Lc  ff.o [1]
sync_fs                  0x801'036f    0x94  Code  Lc  ff.o [1]
sync_window              0x801'02e1    0x50  Code  Lc  ff.o [1]
sys_alloc                0x802'2a1d   0x164  Code  Lc  dlmalloc.o [2]
sys_trim                 0x802'2b81    0x64  Code  Lc  dlmalloc.o [2]
systemState             0x2000'4f54     0xc  Data  Gb  config.o [1]
tchar2uni                0x801'023f    0x46  Code  Lc  ff.o [1]
tfname                  0x1000'5078   0x400  Data  Gb  tgui.o [1]
tguiActiveScreen        0x2000'4f9c     0x4  Data  Gb  tgui.o [1]
tguiDBuff               0x2000'5020  0x1000  Data  Gb  tgui.o [1]
tguiDefaultConfig       0x2000'4efc    0x20  Data  Gb  tgui.o [1]
tguiFBuff               0x2000'6020   0x200  Data  Gb  tgui.o [1]
tguiFile                0x1000'4050  0x1028  Data  Gb  tgui.o [1]
tguiScrInfoButtons      0x2000'3154   0x39c  Data  Gb  tgui.o [1]
tguiScrLanguageButtons  0x2000'4844    0xfc  Data  Gb  tgui.o [1]
tguiScrMainButtons      0x2000'44f8   0x150  Data  Gb  tgui.o [1]
tguiScrMovezButtons     0x2000'34f0   0x348  Data  Gb  tgui.o [1]
tguiScrServiceButtons   0x2000'4748    0xfc  Data  Gb  tgui.o [1]
tguiScreenInfo          0x2000'4e54    0x30  Data  Gb  tgui.o [1]
tguiScreenLanguage      0x2000'4e24    0x30  Data  Gb  tgui.o [1]
tguiScreenMain          0x2000'4dc4    0x30  Data  Gb  tgui.o [1]
tguiScreenMovez         0x2000'4e84    0x30  Data  Gb  tgui.o [1]
tguiScreenService       0x2000'4df4    0x30  Data  Gb  tgui.o [1]
tguiTimer               0x2000'500c     0x1  Data  Gb  main.o [1]
tmalloc_large            0x802'2bf1   0x386  Code  Lc  dlmalloc.o [2]
tmalloc_small            0x802'2f77   0x200  Code  Lc  dlmalloc.o [2]
touch_buff              0x2000'4b00    0x60  Data  Gb  fst_spi.o [1]
touch_info              0x2000'4f44    0x10  Data  Gb  touch.o [1]
touch_point             0x2000'4fa0     0x4  Data  Gb  touch.o [1]
tstrcat(unsigned short *, unsigned short *)
                         0x801'93d3    0x2c  Code  Gb  unicode_utils.o [1]
tstrcat_utf(unsigned short *, char *)
                         0x801'93ff    0x44  Code  Gb  unicode_utils.o [1]
tstrcpy(unsigned short *, unsigned short *)
                         0x801'93b1    0x22  Code  Gb  unicode_utils.o [1]
u_tfname                0x2000'217c   0x400  Data  Gb  main.o [1]
uc866                    0x802'7938   0x100  Data  Lc  ffunicode.o [1]
ufile                   0x1000'2000  0x1028  Data  Gb  main.o [1]
uwTick                  0x2000'4f94     0x4  Data  Gb  stm32f4xx_hal.o [1]
uwTickFreq              0x2000'0107     0x1  Data  Gb  stm32f4xx_hal.o [1]
uwTickPrio              0x2000'0054     0x4  Data  Gb  stm32f4xx_hal.o [1]
validate                 0x801'19e3    0x48  Code  Lc  ff.o [1]
zPlanner                0x2000'5012     0x1  Data  Gb  z_planner.o [1]


[1] = D:\Electronics\Projects\MKS_DLP_new\SRC\firmware\MKSDLP_Alter_Debug\Obj
[2] = dl7M_tlf.a
[3] = dlpp7M_tl_fc.a
[4] = m7M_tls.a
[5] = rt7M_tl.a
[6] = shb_l.a

  70 753 bytes of readonly  code memory
  29 215 bytes of readonly  data memory
  71 314 bytes of readwrite data memory

Errors: none
Warnings: none
