###############################################################################
#
# IAR ELF Linker V8.32.1.169/W32 for ARM                  16/Aug/2020  01:16:25
# Copyright 2007-2018 IAR Systems AB.
#
#    Output file  =  
#        D:\Electronics\Projects\MKS_DLP_new\SRC\firmware\MKSDLP_Alter_debug\Exe\MKS_DLP_new.out
#    Map file     =  
#        D:\Electronics\Projects\MKS_DLP_new\SRC\firmware\MKSDLP_Alter_debug\List\MKS_DLP_new.map
#    Command line =  
#        -f C:\Temp\EW468D.tmp
#        (D:\Electronics\Projects\MKS_DLP_new\SRC\firmware\MKSDLP_Alter_Debug\Obj\config.o
#        D:\Electronics\Projects\MKS_DLP_new\SRC\firmware\MKSDLP_Alter_Debug\Obj\cpld_utils.o
#        D:\Electronics\Projects\MKS_DLP_new\SRC\firmware\MKSDLP_Alter_Debug\Obj\datetime.o
#        D:\Electronics\Projects\MKS_DLP_new\SRC\firmware\MKSDLP_Alter_Debug\Obj\diskio.o
#        D:\Electronics\Projects\MKS_DLP_new\SRC\firmware\MKSDLP_Alter_Debug\Obj\fatfs.o
#        D:\Electronics\Projects\MKS_DLP_new\SRC\firmware\MKSDLP_Alter_Debug\Obj\ff.o
#        D:\Electronics\Projects\MKS_DLP_new\SRC\firmware\MKSDLP_Alter_Debug\Obj\ff_gen_drv.o
#        D:\Electronics\Projects\MKS_DLP_new\SRC\firmware\MKSDLP_Alter_Debug\Obj\ffsystem.o
#        D:\Electronics\Projects\MKS_DLP_new\SRC\firmware\MKSDLP_Alter_Debug\Obj\ffunicode.o
#        D:\Electronics\Projects\MKS_DLP_new\SRC\firmware\MKSDLP_Alter_Debug\Obj\files_pws.o
#        D:\Electronics\Projects\MKS_DLP_new\SRC\firmware\MKSDLP_Alter_Debug\Obj\fnt12.o
#        D:\Electronics\Projects\MKS_DLP_new\SRC\firmware\MKSDLP_Alter_Debug\Obj\fnt12bold.o
#        D:\Electronics\Projects\MKS_DLP_new\SRC\firmware\MKSDLP_Alter_Debug\Obj\fnt18.o
#        D:\Electronics\Projects\MKS_DLP_new\SRC\firmware\MKSDLP_Alter_Debug\Obj\fnt18bold.o
#        D:\Electronics\Projects\MKS_DLP_new\SRC\firmware\MKSDLP_Alter_Debug\Obj\fnt24.o
#        D:\Electronics\Projects\MKS_DLP_new\SRC\firmware\MKSDLP_Alter_Debug\Obj\fnt24bold.o
#        D:\Electronics\Projects\MKS_DLP_new\SRC\firmware\MKSDLP_Alter_Debug\Obj\fsmc.o
#        D:\Electronics\Projects\MKS_DLP_new\SRC\firmware\MKSDLP_Alter_Debug\Obj\fst_spi.o
#        D:\Electronics\Projects\MKS_DLP_new\SRC\firmware\MKSDLP_Alter_Debug\Obj\gpio.o
#        D:\Electronics\Projects\MKS_DLP_new\SRC\firmware\MKSDLP_Alter_Debug\Obj\languages.o
#        D:\Electronics\Projects\MKS_DLP_new\SRC\firmware\MKSDLP_Alter_Debug\Obj\lcd_low.o
#        D:\Electronics\Projects\MKS_DLP_new\SRC\firmware\MKSDLP_Alter_Debug\Obj\lcd_ui.o
#        D:\Electronics\Projects\MKS_DLP_new\SRC\firmware\MKSDLP_Alter_Debug\Obj\main.o
#        D:\Electronics\Projects\MKS_DLP_new\SRC\firmware\MKSDLP_Alter_Debug\Obj\motor.o
#        D:\Electronics\Projects\MKS_DLP_new\SRC\firmware\MKSDLP_Alter_Debug\Obj\prtfiles.o
#        D:\Electronics\Projects\MKS_DLP_new\SRC\firmware\MKSDLP_Alter_Debug\Obj\rtc.o
#        D:\Electronics\Projects\MKS_DLP_new\SRC\firmware\MKSDLP_Alter_Debug\Obj\spi_flash.o
#        D:\Electronics\Projects\MKS_DLP_new\SRC\firmware\MKSDLP_Alter_Debug\Obj\spifl_diskio.o
#        D:\Electronics\Projects\MKS_DLP_new\SRC\firmware\MKSDLP_Alter_Debug\Obj\ssd_utils.o
#        D:\Electronics\Projects\MKS_DLP_new\SRC\firmware\MKSDLP_Alter_Debug\Obj\startup_stm32f407xx.o
#        D:\Electronics\Projects\MKS_DLP_new\SRC\firmware\MKSDLP_Alter_Debug\Obj\stm32f4xx_hal.o
#        D:\Electronics\Projects\MKS_DLP_new\SRC\firmware\MKSDLP_Alter_Debug\Obj\stm32f4xx_hal_cortex.o
#        D:\Electronics\Projects\MKS_DLP_new\SRC\firmware\MKSDLP_Alter_Debug\Obj\stm32f4xx_hal_dma.o
#        D:\Electronics\Projects\MKS_DLP_new\SRC\firmware\MKSDLP_Alter_Debug\Obj\stm32f4xx_hal_dma_ex.o
#        D:\Electronics\Projects\MKS_DLP_new\SRC\firmware\MKSDLP_Alter_Debug\Obj\stm32f4xx_hal_exti.o
#        D:\Electronics\Projects\MKS_DLP_new\SRC\firmware\MKSDLP_Alter_Debug\Obj\stm32f4xx_hal_flash.o
#        D:\Electronics\Projects\MKS_DLP_new\SRC\firmware\MKSDLP_Alter_Debug\Obj\stm32f4xx_hal_flash_ex.o
#        D:\Electronics\Projects\MKS_DLP_new\SRC\firmware\MKSDLP_Alter_Debug\Obj\stm32f4xx_hal_flash_ramfunc.o
#        D:\Electronics\Projects\MKS_DLP_new\SRC\firmware\MKSDLP_Alter_Debug\Obj\stm32f4xx_hal_gpio.o
#        D:\Electronics\Projects\MKS_DLP_new\SRC\firmware\MKSDLP_Alter_Debug\Obj\stm32f4xx_hal_hcd.o
#        D:\Electronics\Projects\MKS_DLP_new\SRC\firmware\MKSDLP_Alter_Debug\Obj\stm32f4xx_hal_msp.o
#        D:\Electronics\Projects\MKS_DLP_new\SRC\firmware\MKSDLP_Alter_Debug\Obj\stm32f4xx_hal_pwr.o
#        D:\Electronics\Projects\MKS_DLP_new\SRC\firmware\MKSDLP_Alter_Debug\Obj\stm32f4xx_hal_pwr_ex.o
#        D:\Electronics\Projects\MKS_DLP_new\SRC\firmware\MKSDLP_Alter_Debug\Obj\stm32f4xx_hal_rcc.o
#        D:\Electronics\Projects\MKS_DLP_new\SRC\firmware\MKSDLP_Alter_Debug\Obj\stm32f4xx_hal_rcc_ex.o
#        D:\Electronics\Projects\MKS_DLP_new\SRC\firmware\MKSDLP_Alter_Debug\Obj\stm32f4xx_hal_rtc.o
#        D:\Electronics\Projects\MKS_DLP_new\SRC\firmware\MKSDLP_Alter_Debug\Obj\stm32f4xx_hal_rtc_ex.o
#        D:\Electronics\Projects\MKS_DLP_new\SRC\firmware\MKSDLP_Alter_Debug\Obj\stm32f4xx_hal_spi.o
#        D:\Electronics\Projects\MKS_DLP_new\SRC\firmware\MKSDLP_Alter_Debug\Obj\stm32f4xx_hal_sram.o
#        D:\Electronics\Projects\MKS_DLP_new\SRC\firmware\MKSDLP_Alter_Debug\Obj\stm32f4xx_hal_tim.o
#        D:\Electronics\Projects\MKS_DLP_new\SRC\firmware\MKSDLP_Alter_Debug\Obj\stm32f4xx_hal_tim_ex.o
#        D:\Electronics\Projects\MKS_DLP_new\SRC\firmware\MKSDLP_Alter_Debug\Obj\stm32f4xx_it.o
#        D:\Electronics\Projects\MKS_DLP_new\SRC\firmware\MKSDLP_Alter_Debug\Obj\stm32f4xx_ll_fsmc.o
#        D:\Electronics\Projects\MKS_DLP_new\SRC\firmware\MKSDLP_Alter_Debug\Obj\stm32f4xx_ll_usb.o
#        D:\Electronics\Projects\MKS_DLP_new\SRC\firmware\MKSDLP_Alter_Debug\Obj\sys_timer.o
#        D:\Electronics\Projects\MKS_DLP_new\SRC\firmware\MKSDLP_Alter_Debug\Obj\system_stm32f4xx.o
#        D:\Electronics\Projects\MKS_DLP_new\SRC\firmware\MKSDLP_Alter_Debug\Obj\tgui.o
#        D:\Electronics\Projects\MKS_DLP_new\SRC\firmware\MKSDLP_Alter_Debug\Obj\tgui_defaultfuncs.o
#        D:\Electronics\Projects\MKS_DLP_new\SRC\firmware\MKSDLP_Alter_Debug\Obj\tgui_filesscreenfuncs.o
#        D:\Electronics\Projects\MKS_DLP_new\SRC\firmware\MKSDLP_Alter_Debug\Obj\tgui_infoscreenfuncs.o
#        D:\Electronics\Projects\MKS_DLP_new\SRC\firmware\MKSDLP_Alter_Debug\Obj\tgui_langscreenfuncs.o
#        D:\Electronics\Projects\MKS_DLP_new\SRC\firmware\MKSDLP_Alter_Debug\Obj\tgui_mainscreenfuncs.o
#        D:\Electronics\Projects\MKS_DLP_new\SRC\firmware\MKSDLP_Alter_Debug\Obj\tgui_messagebox.o
#        D:\Electronics\Projects\MKS_DLP_new\SRC\firmware\MKSDLP_Alter_Debug\Obj\tgui_movezscreenfuncs.o
#        D:\Electronics\Projects\MKS_DLP_new\SRC\firmware\MKSDLP_Alter_Debug\Obj\tim.o
#        D:\Electronics\Projects\MKS_DLP_new\SRC\firmware\MKSDLP_Alter_Debug\Obj\touch.o
#        D:\Electronics\Projects\MKS_DLP_new\SRC\firmware\MKSDLP_Alter_Debug\Obj\unicode_utils.o
#        D:\Electronics\Projects\MKS_DLP_new\SRC\firmware\MKSDLP_Alter_Debug\Obj\usb_host.o
#        D:\Electronics\Projects\MKS_DLP_new\SRC\firmware\MKSDLP_Alter_Debug\Obj\usbh_conf.o
#        D:\Electronics\Projects\MKS_DLP_new\SRC\firmware\MKSDLP_Alter_Debug\Obj\usbh_core.o
#        D:\Electronics\Projects\MKS_DLP_new\SRC\firmware\MKSDLP_Alter_Debug\Obj\usbh_ctlreq.o
#        D:\Electronics\Projects\MKS_DLP_new\SRC\firmware\MKSDLP_Alter_Debug\Obj\usbh_diskio.o
#        D:\Electronics\Projects\MKS_DLP_new\SRC\firmware\MKSDLP_Alter_Debug\Obj\usbh_ioreq.o
#        D:\Electronics\Projects\MKS_DLP_new\SRC\firmware\MKSDLP_Alter_Debug\Obj\usbh_msc.o
#        D:\Electronics\Projects\MKS_DLP_new\SRC\firmware\MKSDLP_Alter_Debug\Obj\usbh_msc_bot.o
#        D:\Electronics\Projects\MKS_DLP_new\SRC\firmware\MKSDLP_Alter_Debug\Obj\usbh_msc_scsi.o
#        D:\Electronics\Projects\MKS_DLP_new\SRC\firmware\MKSDLP_Alter_Debug\Obj\usbh_pipes.o
#        D:\Electronics\Projects\MKS_DLP_new\SRC\firmware\MKSDLP_Alter_Debug\Obj\usbh_platform.o
#        D:\Electronics\Projects\MKS_DLP_new\SRC\firmware\MKSDLP_Alter_Debug\Obj\uvdisplay.o
#        D:\Electronics\Projects\MKS_DLP_new\SRC\firmware\MKSDLP_Alter_Debug\Obj\z_endstops.o
#        D:\Electronics\Projects\MKS_DLP_new\SRC\firmware\MKSDLP_Alter_Debug\Obj\z_planner.o
#        D:\Electronics\Projects\MKS_DLP_new\SRC\firmware\MKSDLP_Alter_Debug\Obj\z_stepper.o
#        --redirect _Printf=_PrintfFull --redirect _Scanf=_ScanfFull
#        --no_out_extension -o
#        D:\Electronics\Projects\MKS_DLP_new\SRC\firmware\MKSDLP_Alter_debug\Exe\MKS_DLP_new.out
#        --map
#        D:\Electronics\Projects\MKS_DLP_new\SRC\firmware\MKSDLP_Alter_debug\List\MKS_DLP_new.map
#        --log libraries,call_graph --log_file
#        D:\Electronics\Projects\MKS_DLP_new\SRC\firmware\MKSDLP_Alter_debug\List\MKS_DLP_new.log
#        --config
#        D:\Electronics\Projects\MKS_DLP_new\SRC\firmware/config/stm32f407xx_flash.icf
#        --semihosting --entry __iar_program_start --merge_duplicate_sections
#        --vfe --text_out locale)
#
###############################################################################

*******************************************************************************
*** RUNTIME MODEL ATTRIBUTES
***

CppFlavor                     = *
__CPP_Exceptions              = Disabled
__CPP_Language                = C++14
__Heap_Handler                = DLMalloc
__SystemLibrary               = DLib
__dlib_dynamic_initialization = normal
__dlib_version                = 6


*******************************************************************************
*** HEAP SELECTION
***

The advanced heap was selected because the application calls memory
allocation functions outside of system library functions, and there
are calls to deallocation functions in the application.


*******************************************************************************
*** PLACEMENT SUMMARY
***

"A0":  place at 0x801'0000 { ro section .intvec };
"P1":  place in [from 0x801'0000 to 0x807'ffff] { ro };
define block CSTACK with size = 16K, alignment = 8 { };
define block HEAP with size = 8K, alignment = 8 { };
"P2":  place in [from 0x2000'0000 to 0x2001'ffff] {
          rw, block CSTACK, block HEAP };
"P3":  place in [from 0x1000'0000 to 0x1000'ffff] { rw section CCMRAM };
initialize by copy { rw };

  Section                Kind         Address     Size  Object
  -------                ----         -------     ----  ------
"A0":                                            0x188
  .intvec                ro code   0x801'0000    0x188  startup_stm32f407xx.o [1]
                                 - 0x801'0188    0x188

"P1":                                          0x1dc7e
  .text                  ro code   0x801'0188   0x2b00  ff.o [1]
  .text                  ro code   0x801'2c88     0xb0  diskio.o [1]
  .text                  ro code   0x801'2d38    0x144  ffunicode.o [1]
  .text                  ro code   0x801'2e7c    0x158  fatfs.o [1]
  .text                  ro code   0x801'2fd4     0x54  ff_gen_drv.o [1]
  .text                  ro code   0x801'3028    0x418  stm32f4xx_hal_rtc.o [1]
  .text                  ro code   0x801'3440     0x36  strlen.o [5]
  .text                  ro code   0x801'3476     0x7a  lz77_init_single.o [5]
  .text                  ro code   0x801'34f0      0xc  stm32f4xx_hal.o [1]
  .text                  ro code   0x801'34fc   0x2734  tgui.o [1]
  .text                  ro code   0x801'5c30     0x66  ABImemset.o [5]
  .text                  ro code   0x801'5c96     0x3a  zero_init3.o [5]
  .text                  ro code   0x801'5cd0    0xa6c  tgui_defaultfuncs.o [1]
  .text                  ro code   0x801'673c     0xa6  ABImemcpy.o [5]
  .text                  ro code   0x801'67e2     0x1e  xencoding_8859_1.o [2]
  .text                  ro code   0x801'6800     0x40  languages.o [1]
  .text                  ro code   0x801'6840    0x120  sys_timer.o [1]
  .text                  ro code   0x801'6960     0x94  datetime.o [1]
  .text                  ro code   0x801'69f4     0x40  sprintf.o [2]
  .text                  ro code   0x801'6a34    0x8e4  lcd_ui.o [1]
  .text                  ro code   0x801'7318    0x50c  lcd_low.o [1]
  .text                  ro code   0x801'7824    0x280  unicode_utils.o [1]
  .text                  ro code   0x801'7aa4    0x274  touch.o [1]
  .text                  ro code   0x801'7d18    0xf46  xprintffull.o [2]
  .text                  ro code   0x801'8c5e      0xa  xsprout.o [2]
  .text                  ro code   0x801'8c68     0x28  stm32f4xx_hal.o [1]
  .text                  ro code   0x801'8c90    0x114  fsmc.o [1]
  .text                  ro code   0x801'8da4    0x458  stm32f4xx_hal_dma.o [1]
  .text                  ro code   0x801'91fc    0x12c  stm32f4xx_hal_cortex.o [1]
  .text                  ro code   0x801'9328    0x550  fst_spi.o [1]
  .text                  ro code   0x801'9878     0x78  xlocale_c.o [2]
  .text                  ro code   0x801'98f0     0x16  strchr.o [5]
  .rodata                const     0x801'9906      0x2  languages.o [1]
  .text                  ro code   0x801'9908     0x40  xfail_s.o [2]
  .text                  ro code   0x801'9948     0x58  memchr.o [5]
  .text                  ro code   0x801'99a0      0xa  xmbcurmax.o [2]
  .rodata                const     0x801'99aa      0x2  languages.o [1]
  .text                  ro code   0x801'99ac    0x230  I64DivMod.o [5]
  .text                  ro code   0x801'9bdc    0x1a2  DblMul.o [4]
  .rodata                const     0x801'9d7e      0x1  unwind_debug.o [6]
  .text                  ro code   0x801'9d80     0x70  frexp.o [4]
  .text                  ro code   0x801'9df0     0x2e  DblCmpLe.o [4]
  .text                  ro code   0x801'9e20     0x2e  DblCmpGe.o [4]
  .text                  ro code   0x801'9e50    0x13a  ldexp.o [4]
  .text                  ro code   0x801'9f8c     0x3a  DblToS32.o [4]
  .text                  ro code   0x801'9fc8     0x22  S32ToDbl.o [4]
  .text                  ro code   0x801'9fec     0xe2  DblSub.o [4]
  .text                  ro code   0x801'a0d0    0x246  DblDiv.o [4]
  .text                  ro code   0x801'a318     0x28  DblToU32.o [4]
  .text                  ro code   0x801'a340     0x1a  U32ToDbl.o [4]
  .text                  ro code   0x801'a35c      0x6  ABImemclr4.o [5]
  .text                  ro code   0x801'a364     0x5c  stm32f4xx_hal_sram.o [1]
  .text                  ro code   0x801'a3c0    0x98e  main.o [1]
  .text                  ro code   0x801'ad50    0x252  stm32f4xx_hal_gpio.o [1]
  .text                  ro code   0x801'afa4    0x5fa  stm32f4xx_hal_spi.o [1]
  .text                  ro code   0x801'b59e      0x6  abort.o [2]
  .text                  ro code   0x801'b5a4      0x2  stm32f4xx_hal_spi.o [1]
  .text                  ro code   0x801'b5a8    0x16a  DblAdd.o [4]
  .text                  ro code   0x801'b714     0x32  ABImemset48.o [5]
  .text                  ro code   0x801'b748     0xe4  stm32f4xx_ll_fsmc.o [1]
  .text                  ro code   0x801'b82c     0x34  stm32f4xx_hal.o [1]
  .text                  ro code   0x801'b860    0x28c  gpio.o [1]
  .text                  ro code   0x801'baec    0x304  spi_flash.o [1]
  .text                  ro code   0x801'bdf0     0xc8  rtc.o [1]
  .text                  ro code   0x801'beb8     0xbc  config.o [1]
  .text                  ro code   0x801'bf74    0x1c8  motor.o [1]
  .text                  ro code   0x801'c13c      0xc  uvdisplay.o [1]
  .text                  ro code   0x801'c148     0x20  usbh_platform.o [1]
  .text                  ro code   0x801'c168     0x8c  usb_host.o [1]
  .text                  ro code   0x801'c1f4     0x12  strcmp.o [5]
  .text                  ro code   0x801'c208     0x48  FltToDbl.o [4]
  .text                  ro code   0x801'c250     0x68  DblToFlt.o [4]
  .text                  ro code   0x801'c2b8    0x32c  tgui_movezscreenfuncs.o [1]
  .text                  ro code   0x801'c5e4    0x3b4  stm32f4xx_hal_rcc.o [1]
  .text                  ro code   0x801'c998    0x1d4  stm32f4xx_hal_rcc.o [1]
  .text                  ro code   0x801'cb6c    0x150  stm32f4xx_hal_rcc_ex.o [1]
  .text                  ro code   0x801'ccbc     0x14  exit.o [6]
  .text                  ro code   0x801'ccd0     0x4c  stm32f4xx_hal.o [1]
  .text                  ro code   0x801'cd1c     0x40  stm32f4xx_hal_msp.o [1]
  .text                  ro code   0x801'cd5c     0x20  spi_flash.o [1]
  .text                  ro code   0x801'cd7c     0xe4  z_endstops.o [1]
  .text                  ro code   0x801'ce60    0xe34  z_planner.o [1]
  .text                  ro code   0x801'dc94    0x5a4  z_stepper.o [1]
  .text                  ro code   0x801'e238    0x1e8  tim.o [1]
  .text                  ro code   0x801'e420    0x78a  stm32f4xx_hal_tim.o [1]
  .text                  ro code   0x801'ebac     0x14  motor.o [1]
  .text                  ro code   0x801'ebc0      0xc  z_endstops.o [1]
  .text                  ro code   0x801'ebcc     0x18  z_endstops.o [1]
  .text                  ro code   0x801'ebe4     0x20  z_stepper.o [1]
  .text                  ro code   0x801'ec04     0x20  motor.o [1]
  .text                  ro code   0x801'ec24     0xa2  cpld_utils.o [1]
  .text                  ro code   0x801'ecc8    0x580  ssd_utils.o [1]
  .text                  ro code   0x801'f248    0x79e  usbh_core.o [1]
  .text                  ro code   0x801'f9e8     0x18  z_stepper.o [1]
  .text                  ro code   0x801'fa00     0x24  z_planner.o [1]
  .text                  ro code   0x801'fa24     0x18  z_planner.o [1]
  .text                  ro code   0x801'fa3c      0x8  z_stepper.o [1]
  .text                  ro code   0x801'fa44     0x3c  ceilf.o [4]
  .text                  ro code   0x801'fa80     0xac  z_planner.o [1]
  .text                  ro code   0x801'fb2c     0x3c  floorf.o [4]
  .text                  ro code   0x801'fb68     0xbc  z_planner.o [1]
  .text                  ro code   0x801'fc24     0x12  z_planner.o [1]
  .text                  ro code   0x801'fc36      0x8  z_planner.o [1]
  .text                  ro code   0x801'fc40     0x1e  sqrtf.o [4]
  .text                  ro code   0x801'fc60     0x20  z_stepper.o [1]
  .text                  ro code   0x801'fc80     0x10  z_stepper.o [1]
  .text                  ro code   0x801'fc90      0xc  z_stepper.o [1]
  .text                  ro code   0x801'fc9c     0x38  z_planner.o [1]
  .text                  ro code   0x801'fcd4     0x18  z_planner.o [1]
  .text                  ro code   0x801'fcec     0x2e  lroundf.o [4]
  .text                  ro code   0x801'fd1c     0x1c  z_stepper.o [1]
  .text                  ro code   0x801'fd38     0x2c  z_stepper.o [1]
  .text                  ro code   0x801'fd64     0xac  stm32f4xx_hal_tim_ex.o [1]
  .text                  ro code   0x801'fe10    0x2f8  usbh_conf.o [1]
  .text                  ro code   0x802'0108     0xb6  usbh_pipes.o [1]
  .text                  ro code   0x802'01be    0x5bc  usbh_ctlreq.o [1]
  .text                  ro code   0x802'077c     0x10  z_stepper.o [1]
  .text                  ro code   0x802'078c      0xe  z_planner.o [1]
  .text                  ro code   0x802'079c     0x1c  z_stepper.o [1]
  .text                  ro code   0x802'07b8   0x1060  stm32f4xx_hal_hcd.o [1]
  .text                  ro code   0x802'1818     0xd0  usbh_ioreq.o [1]
  .text                  ro code   0x802'18e8    0x9c4  stm32f4xx_ll_usb.o [1]
  .rodata                const     0x802'22ac   0x2094  fnt24bold.o [1]
  .rodata                const     0x802'4340   0x195c  fnt24.o [1]
  .text                  ro code   0x802'5c9c   0x14e0  dlmalloc.o [2]
  .text                  ro code   0x802'717c     0x2c  xgetmemchunk.o [2]
  .rodata                const     0x802'71a8   0x10c8  fnt18bold.o [1]
  .rodata                const     0x802'8270    0xea4  fnt18.o [1]
  .text                  ro code   0x802'9114    0xd80  tgui_filesscreenfuncs.o [1]
  .text                  ro code   0x802'9e94     0x4c  prtfiles.o [1]
  .text                  ro code   0x802'9ee0     0x18  strcpy.o [5]
  .text                  ro code   0x802'9ef8     0x1e  strcat.o [2]
  .text                  ro code   0x802'9f18    0x39c  files_pws.o [1]
  .text                  ro code   0x802'a2b4    0x8b4  usbh_msc.o [1]
  .text                  ro code   0x802'ab68    0x394  usbh_msc_bot.o [1]
  .text                  ro code   0x802'aefc      0x4  heaptramp0.o [2]
  .text                  ro code   0x802'af00    0x3ea  usbh_msc_scsi.o [1]
  .rodata                const     0x802'b2ec    0x788  fnt12bold.o [1]
  .rodata                const     0x802'ba74    0x6b4  fnt12.o [1]
  .rodata                const     0x802'c128    0x1f4  ffunicode.o [1]
  .text                  ro code   0x802'c31c    0x144  usbh_diskio.o [1]
  .rodata                const     0x802'c460    0x140  fnt12.o [1]
  .rodata                const     0x802'c5a0    0x140  fnt12bold.o [1]
  .rodata                const     0x802'c6e0    0x140  fnt18.o [1]
  .rodata                const     0x802'c820    0x140  fnt18bold.o [1]
  .rodata                const     0x802'c960    0x140  fnt24.o [1]
  .rodata                const     0x802'caa0    0x140  fnt24bold.o [1]
  .text                  ro code   0x802'cbe0    0x12c  spifl_diskio.o [1]
  .rodata                const     0x802'cd0c    0x100  ffunicode.o [1]
  .text                  ro code   0x802'ce0c     0xc8  tgui_infoscreenfuncs.o [1]
  .rodata                const     0x802'ced4     0xbc  ffunicode.o [1]
  .text                  ro code   0x802'cf90     0x9c  stm32f4xx_it.o [1]
  .rodata                const     0x802'd02c     0x94  languages.o [1]
  .rodata                const     0x802'd0c0     0x94  languages.o [1]
  .rodata                const     0x802'd154     0x80  ff.o [1]
  .rodata                const     0x802'd1d4     0x34  main.o [1]
  .rodata                const     0x802'd208     0x34  main.o [1]
  .rodata                const     0x802'd23c     0x30  languages.o [1]
  .rodata                const     0x802'd26c     0x30  main.o [1]
  .rodata                const     0x802'd29c     0x30  main.o [1]
  .rodata                const     0x802'd2cc     0x2c  main.o [1]
  .rodata                const     0x802'd2f8     0x2c  main.o [1]
  .rodata                const     0x802'd324     0x28  main.o [1]
  .text                  ro code   0x802'd34c     0x28  data_init.o [5]
  .rodata                const     0x802'd374     0x24  languages.o [1]
  .rodata                const     0x802'd398     0x24  main.o [1]
  .rodata                const     0x802'd3bc     0x24  tgui_infoscreenfuncs.o [1]
  .text                  ro code   0x802'd3e0     0x22  fpinit_M.o [4]
  .iar.init_table        const     0x802'd404     0x24  - Linker created -
  .rodata                const     0x802'd428     0x20  main.o [1]
  .text                  ro code   0x802'd448     0x20  system_stm32f4xx.o [1]
  .text                  ro code   0x802'd468     0x20  cmain_call_ctors.o [5]
  .text                  ro code   0x802'd488     0x18  cppinit.o [2]
  .text                  ro code   0x802'd4a0     0x1e  cmain.o [5]
  .text                  ro code   0x802'd4be      0x4  low_level_init.o [2]
  .text                  ro code   0x802'd4c2      0x4  exit.o [2]
  .text                  ro code   0x802'd4c8      0xa  cexit.o [5]
  .rodata                const     0x802'd4d4     0x1c  languages.o [1]
  .rodata                const     0x802'd4f0     0x1c  tgui.o [1]
  .rodata                const     0x802'd50c     0x1c  tgui.o [1]
  .rodata                const     0x802'd528     0x1c  tgui.o [1]
  .rodata                const     0x802'd544     0x1c  tgui.o [1]
  .rodata                const     0x802'd560     0x1c  tgui.o [1]
  .rodata                const     0x802'd57c     0x1c  tgui.o [1]
  .rodata                const     0x802'd598     0x1c  tgui.o [1]
  .rodata                const     0x802'd5b4     0x1c  tgui.o [1]
  .rodata                const     0x802'd5d0     0x18  languages.o [1]
  .rodata                const     0x802'd5e8     0x18  languages.o [1]
  .rodata                const     0x802'd600     0x18  main.o [1]
  .rodata                const     0x802'd618     0x18  main.o [1]
  .rodata                const     0x802'd630     0x18  main.o [1]
  .rodata                const     0x802'd648     0x18  tgui.o [1]
  .rodata                const     0x802'd660     0x18  tgui.o [1]
  .rodata                const     0x802'd678     0x18  tgui.o [1]
  .rodata                const     0x802'd690     0x18  tgui.o [1]
  .rodata                const     0x802'd6a8     0x18  tgui.o [1]
  .rodata                const     0x802'd6c0     0x18  tgui.o [1]
  .rodata                const     0x802'd6d8     0x18  tgui.o [1]
  .rodata                const     0x802'd6f0     0x18  tgui.o [1]
  .rodata                const     0x802'd708     0x18  tgui.o [1]
  .rodata                const     0x802'd720     0x18  tgui.o [1]
  .rodata                const     0x802'd738     0x18  tgui.o [1]
  .rodata                const     0x802'd750     0x18  tgui.o [1]
  .rodata                const     0x802'd768     0x18  tgui.o [1]
  .rodata                const     0x802'd780     0x18  tgui.o [1]
  .rodata                const     0x802'd798     0x14  ff.o [1]
  .rodata                const     0x802'd7ac     0x14  ff.o [1]
  .rodata                const     0x802'd7c0     0x14  spifl_diskio.o [1]
  .rodata                const     0x802'd7d4     0x14  tgui.o [1]
  .rodata                const     0x802'd7e8     0x14  tgui.o [1]
  .rodata                const     0x802'd7fc     0x14  tgui.o [1]
  .rodata                const     0x802'd810     0x14  tgui.o [1]
  .rodata                const     0x802'd824     0x14  tgui_filesscreenfuncs.o [1]
  .rodata                const     0x802'd838     0x14  tgui_filesscreenfuncs.o [1]
  .rodata                const     0x802'd84c     0x14  usbh_diskio.o [1]
  .rodata                const     0x802'd860     0x10  ff.o [1]
  .rodata                const     0x802'd870     0x10  ff.o [1]
  .rodata                const     0x802'd880     0x10  ff.o [1]
  .rodata                const     0x802'd890     0x10  ff.o [1]
  .rodata                const     0x802'd8a0     0x10  languages.o [1]
  .rodata                const     0x802'd8b0     0x10  languages.o [1]
  .rodata                const     0x802'd8c0     0x10  languages.o [1]
  .rodata                const     0x802'd8d0     0x10  languages.o [1]
  .rodata                const     0x802'd8e0     0x10  main.o [1]
  .rodata                const     0x802'd8f0     0x10  main.o [1]
  .rodata                const     0x802'd900     0x10  system_stm32f4xx.o [1]
  .rodata                const     0x802'd910     0x10  tgui.o [1]
  .rodata                const     0x802'd920     0x10  tgui.o [1]
  .rodata                const     0x802'd930     0x10  tgui.o [1]
  .rodata                const     0x802'd940     0x10  tgui.o [1]
  .rodata                const     0x802'd950     0x10  tgui_defaultfuncs.o [1]
  .text                  ro code   0x802'd960     0x10  startup_stm32f407xx.o [1]
  .text                  ro code   0x802'd970      0xe  tgui_langscreenfuncs.o [1]
  .rodata                const     0x802'd980      0xc  ff.o [1]
  .rodata                const     0x802'd98c      0xc  ff.o [1]
  .rodata                const     0x802'd998      0xc  files_pws.o [1]
  .rodata                const     0x802'd9a4      0xc  languages.o [1]
  .rodata                const     0x802'd9b0      0xc  languages.o [1]
  .rodata                const     0x802'd9bc      0xc  languages.o [1]
  .rodata                const     0x802'd9c8      0xc  languages.o [1]
  .rodata                const     0x802'd9d4      0xc  languages.o [1]
  .rodata                const     0x802'd9e0      0xc  languages.o [1]
  .rodata                const     0x802'd9ec      0xc  languages.o [1]
  .rodata                const     0x802'd9f8      0xc  languages.o [1]
  .rodata                const     0x802'da04      0xc  languages.o [1]
  .rodata                const     0x802'da10      0xc  languages.o [1]
  .rodata                const     0x802'da1c      0xc  languages.o [1]
  .rodata                const     0x802'da28      0xc  languages.o [1]
  .rodata                const     0x802'da34      0xc  languages.o [1]
  .rodata                const     0x802'da40      0xc  languages.o [1]
  .rodata                const     0x802'da4c      0xc  main.o [1]
  .rodata                const     0x802'da58      0xc  main.o [1]
  .rodata                const     0x802'da64      0xc  tgui.o [1]
  .rodata                const     0x802'da70      0xc  tgui_infoscreenfuncs.o [1]
  .text                  ro code   0x802'da7c      0xc  cstartup_M.o [5]
  .rodata                const     0x802'da88      0x8  ff.o [1]
  .rodata                const     0x802'da90      0x8  ff.o [1]
  .rodata                const     0x802'da98      0x8  files_pws.o [1]
  .rodata                const     0x802'daa0      0x8  files_pws.o [1]
  .rodata                const     0x802'daa8      0x8  languages.o [1]
  .rodata                const     0x802'dab0      0x8  languages.o [1]
  .rodata                const     0x802'dab8      0x8  languages.o [1]
  .rodata                const     0x802'dac0      0x8  languages.o [1]
  .rodata                const     0x802'dac8      0x8  languages.o [1]
  .rodata                const     0x802'dad0      0x8  languages.o [1]
  .rodata                const     0x802'dad8      0x8  languages.o [1]
  .rodata                const     0x802'dae0      0x8  languages.o [1]
  .rodata                const     0x802'dae8      0x8  languages.o [1]
  .rodata                const     0x802'daf0      0x8  languages.o [1]
  .rodata                const     0x802'daf8      0x8  languages.o [1]
  .rodata                const     0x802'db00      0x8  languages.o [1]
  .rodata                const     0x802'db08      0x8  languages.o [1]
  .rodata                const     0x802'db10      0x8  languages.o [1]
  .rodata                const     0x802'db18      0x8  languages.o [1]
  .rodata                const     0x802'db20      0x8  languages.o [1]
  .rodata                const     0x802'db28      0x8  languages.o [1]
  .rodata                const     0x802'db30      0x8  languages.o [1]
  .rodata                const     0x802'db38      0x8  languages.o [1]
  .rodata                const     0x802'db40      0x8  languages.o [1]
  .rodata                const     0x802'db48      0x8  languages.o [1]
  .rodata                const     0x802'db50      0x8  languages.o [1]
  .rodata                const     0x802'db58      0x8  languages.o [1]
  .rodata                const     0x802'db60      0x8  languages.o [1]
  .rodata                const     0x802'db68      0x8  languages.o [1]
  .rodata                const     0x802'db70      0x8  languages.o [1]
  .rodata                const     0x802'db78      0x8  main.o [1]
  .rodata                const     0x802'db80      0x8  stm32f4xx_hal_dma.o [1]
  .rodata                const     0x802'db88      0x8  tgui.o [1]
  .rodata                const     0x802'db90      0x8  tgui.o [1]
  .rodata                const     0x802'db98      0x8  tgui.o [1]
  .rodata                const     0x802'dba0      0x8  tgui.o [1]
  .rodata                const     0x802'dba8      0x8  tgui.o [1]
  .rodata                const     0x802'dbb0      0x8  tgui.o [1]
  .rodata                const     0x802'dbb8      0x8  tgui.o [1]
  .rodata                const     0x802'dbc0      0x8  tgui.o [1]
  .rodata                const     0x802'dbc8      0x8  tgui.o [1]
  .rodata                const     0x802'dbd0      0x8  tgui.o [1]
  .rodata                const     0x802'dbd8      0x8  tgui.o [1]
  .rodata                const     0x802'dbe0      0x8  tgui.o [1]
  .rodata                const     0x802'dbe8      0x8  tgui.o [1]
  .rodata                const     0x802'dbf0      0x8  tgui.o [1]
  .rodata                const     0x802'dbf8      0x8  tgui.o [1]
  .rodata                const     0x802'dc00      0x8  tgui.o [1]
  .rodata                const     0x802'dc08      0x8  tgui.o [1]
  .rodata                const     0x802'dc10      0x8  tgui.o [1]
  .rodata                const     0x802'dc18      0x8  tgui.o [1]
  .rodata                const     0x802'dc20      0x8  tgui.o [1]
  .rodata                const     0x802'dc28      0x8  tgui.o [1]
  .rodata                const     0x802'dc30      0x8  tgui.o [1]
  .rodata                const     0x802'dc38      0x8  tgui.o [1]
  .rodata                const     0x802'dc40      0x8  tgui.o [1]
  .rodata                const     0x802'dc48      0x8  tgui.o [1]
  .rodata                const     0x802'dc50      0x8  tgui.o [1]
  .rodata                const     0x802'dc58      0x8  tgui.o [1]
  .rodata                const     0x802'dc60      0x8  tgui.o [1]
  .rodata                const     0x802'dc68      0x8  tgui.o [1]
  .rodata                const     0x802'dc70      0x8  tgui.o [1]
  .rodata                const     0x802'dc78      0x8  tgui.o [1]
  .rodata                const     0x802'dc80      0x8  tgui.o [1]
  .rodata                const     0x802'dc88      0x8  tgui.o [1]
  .rodata                const     0x802'dc90      0x8  tgui.o [1]
  .rodata                const     0x802'dc98      0x8  tgui.o [1]
  .rodata                const     0x802'dca0      0x8  tgui.o [1]
  .rodata                const     0x802'dca8      0x8  tgui.o [1]
  .rodata                const     0x802'dcb0      0x8  tgui.o [1]
  .rodata                const     0x802'dcb8      0x8  tgui.o [1]
  .rodata                const     0x802'dcc0      0x8  tgui.o [1]
  .rodata                const     0x802'dcc8      0x8  tgui_filesscreenfuncs.o [1]
  .rodata                const     0x802'dcd0      0x8  tgui_infoscreenfuncs.o [1]
  .rodata                const     0x802'dcd8      0x8  tim.o [1]
  .rodata                const     0x802'dce0      0x6  xlocale_c.o [2]
  .rodata                const     0x802'dce8      0x4  languages.o [1]
  .rodata                const     0x802'dcec      0x4  languages.o [1]
  .rodata                const     0x802'dcf0      0x4  languages.o [1]
  .rodata                const     0x802'dcf4      0x4  languages.o [1]
  .rodata                const     0x802'dcf8      0x4  languages.o [1]
  .rodata                const     0x802'dcfc      0x4  languages.o [1]
  .rodata                const     0x802'dd00      0x4  languages.o [1]
  .rodata                const     0x802'dd04      0x4  languages.o [1]
  .rodata                const     0x802'dd08      0x4  languages.o [1]
  .rodata                const     0x802'dd0c      0x4  languages.o [1]
  .rodata                const     0x802'dd10      0x4  languages.o [1]
  .rodata                const     0x802'dd14      0x4  languages.o [1]
  .rodata                const     0x802'dd18      0x4  languages.o [1]
  .rodata                const     0x802'dd1c      0x4  languages.o [1]
  .rodata                const     0x802'dd20      0x4  languages.o [1]
  .rodata                const     0x802'dd24      0x4  languages.o [1]
  .rodata                const     0x802'dd28      0x4  languages.o [1]
  .rodata                const     0x802'dd2c      0x4  languages.o [1]
  .rodata                const     0x802'dd30      0x4  languages.o [1]
  .rodata                const     0x802'dd34      0x4  rtc.o [1]
  .rodata                const     0x802'dd38      0x4  usbh_msc.o [1]
  .text                  ro code   0x802'dd3c      0x4  startup_stm32f407xx.o [1]
  SHT$$PREINIT_ARRAY               0x802'dd40      0x0  <Block>
  SHT$$INIT_ARRAY                  0x802'dd40      0x4  <Block>
    .init_array          const     0x802'dd40      0x4  z_planner.o [1]
  __iar_tls$$INIT_ARRAY            0x802'dd44      0x0  <Block>
  .rodata                const     0x802'dd44      0x0  zero_init3.o [5]
  .rodata                const     0x802'dd44      0x0  lz77_init_single.o [5]
  Initializer bytes      const     0x802'dd44     0xc2  <for P2-1>
                                 - 0x802'de06  0x1dc7e

"P3":                                           0x7478
  CCMRAM                 uninit   0x1000'0000   0x4000  main.o [1]
  CCMRAM                 uninit   0x1000'4000   0x1028  main.o [1]
  CCMRAM                 uninit   0x1000'5028   0x1028  main.o [1]
  CCMRAM                 uninit   0x1000'6050   0x1028  tgui.o [1]
  CCMRAM                 uninit   0x1000'7078    0x400  tgui.o [1]
                                - 0x1000'7478   0x7478

"P2", part 1 of 3:                               0x31b
  P2-1                            0x2000'0000    0x31b  <Init block>
    .data                inited   0x2000'0000      0xc  fnt12.o [1]
    .data                inited   0x2000'000c      0xc  fnt12bold.o [1]
    .data                inited   0x2000'0018      0xc  fnt18.o [1]
    .data                inited   0x2000'0024      0xc  fnt18bold.o [1]
    .data                inited   0x2000'0030      0xc  fnt24.o [1]
    .data                inited   0x2000'003c      0xc  fnt24bold.o [1]
    .data                inited   0x2000'0048     0x10  languages.o [1]
    .data                inited   0x2000'0058      0x4  languages.o [1]
    .data                inited   0x2000'005c      0x4  lcd_ui.o [1]
    .data                inited   0x2000'0060      0x4  stm32f4xx_hal.o [1]
    .data                inited   0x2000'0064      0x4  system_stm32f4xx.o [1]
    .data                inited   0x2000'0068    0x200  tgui_filesscreenfuncs.o [1]
    .data                inited   0x2000'0268      0x4  tgui_movezscreenfuncs.o [1]
    .data                inited   0x2000'026c     0x20  usbh_msc.o [1]
    .data                inited   0x2000'028c      0x4  z_stepper.o [1]
    .data                inited   0x2000'0290     0x38  xlocale_c.o [2]
    .data                inited   0x2000'02c8     0x48  xlocale_c.o [2]
    .data                inited   0x2000'0310      0x2  lcd_ui.o [1]
    .data                inited   0x2000'0312      0x2  lcd_ui.o [1]
    .data                inited   0x2000'0314      0x2  lcd_ui.o [1]
    .data                inited   0x2000'0316      0x1  lcd_ui.o [1]
    .data                inited   0x2000'0317      0x1  stm32f4xx_hal.o [1]
    .data                inited   0x2000'0318      0x1  tgui_defaultfuncs.o [1]
    .data                inited   0x2000'0319      0x1  tgui_filesscreenfuncs.o [1]
    .data                inited   0x2000'031a      0x1  z_endstops.o [1]
                                - 0x2000'031b    0x31b

"P2", part 2 of 3:                              0x6654
  .bss                   zero     0x2000'031c   0x1038  fatfs.o [1]
  .bss                   zero     0x2000'1354   0x1038  fatfs.o [1]
  .bss                   zero     0x2000'238c    0x830  tgui_filesscreenfuncs.o [1]
  .bss                   zero     0x2000'2bbc    0x498  tgui.o [1]
  .bss                   zero     0x2000'3054    0x400  main.o [1]
  .bss                   zero     0x2000'3454    0x400  main.o [1]
  .bss                   zero     0x2000'3854    0x400  main.o [1]
  .bss                   zero     0x2000'3c54    0x400  z_planner.o [1]
  .bss                   zero     0x2000'4054    0x3d8  usb_host.o [1]
  .bss                   zero     0x2000'442c    0x39c  tgui.o [1]
  .bss                   zero     0x2000'47c8    0x358  tgui.o [1]
  .bss                   zero     0x2000'4b20    0x348  tgui.o [1]
  .bss                   zero     0x2000'4e68    0x348  tgui.o [1]
  .bss                   zero     0x2000'51b0    0x2c4  usbh_conf.o [1]
  .bss                   zero     0x2000'5474    0x224  main.o [1]
  .bss                   zero     0x2000'5698    0x200  ff.o [1]
  .bss                   zero     0x2000'5898    0x200  main.o [1]
  .bss                   zero     0x2000'5a98    0x1d8  dlmalloc.o [2]
  .bss                   zero     0x2000'5c70    0x150  tgui.o [1]
  .bss                   zero     0x2000'5dc0    0x100  sys_timer.o [1]
  .bss                   zero     0x2000'5ec0     0xfc  tgui.o [1]
  .bss                   zero     0x2000'5fbc     0xfc  tgui.o [1]
  .bss                   zero     0x2000'60b8     0xa8  tgui.o [1]
  .bss                   zero     0x2000'6160     0x80  fst_spi.o [1]
  .bss                   zero     0x2000'61e0     0x80  fst_spi.o [1]
  .bss                   zero     0x2000'6260     0x60  fst_spi.o [1]
  .bss                   zero     0x2000'62c0     0x60  fst_spi.o [1]
  .bss                   zero     0x2000'6320     0x60  fst_spi.o [1]
  .bss                   zero     0x2000'6380     0x60  fst_spi.o [1]
  .bss                   zero     0x2000'63e0     0x60  fst_spi.o [1]
  .bss                   zero     0x2000'6440     0x60  lcd_low.o [1]
  .bss                   zero     0x2000'64a0     0x54  config.o [1]
  .bss                   zero     0x2000'64f4     0x54  files_pws.o [1]
  .bss                   zero     0x2000'6548     0x50  fsmc.o [1]
  .bss                   zero     0x2000'6598     0x40  tim.o [1]
  .bss                   zero     0x2000'65d8     0x40  tim.o [1]
  .bss                   zero     0x2000'6618     0x34  main.o [1]
  .bss                   zero     0x2000'664c     0x30  files_pws.o [1]
  .bss                   zero     0x2000'667c     0x30  tgui.o [1]
  .bss                   zero     0x2000'66ac     0x30  tgui.o [1]
  .bss                   zero     0x2000'66dc     0x30  tgui.o [1]
  .bss                   zero     0x2000'670c     0x30  tgui.o [1]
  .bss                   zero     0x2000'673c     0x30  tgui.o [1]
  .bss                   zero     0x2000'676c     0x30  tgui.o [1]
  .bss                   zero     0x2000'679c     0x30  tgui.o [1]
  .bss                   zero     0x2000'67cc     0x28  tgui.o [1]
  .bss                   zero     0x2000'67f4     0x28  z_planner.o [1]
  .bss                   zero     0x2000'681c     0x20  rtc.o [1]
  .bss                   zero     0x2000'683c     0x1c  files_pws.o [1]
  .bss                   zero     0x2000'6858     0x18  dlmalloc.o [2]
  .bss                   zero     0x2000'6870     0x10  config.o [1]
  .bss                   zero     0x2000'6880     0x10  ff_gen_drv.o [1]
  .bss                   zero     0x2000'6890     0x10  touch.o [1]
  .bss                   zero     0x2000'68a0      0xc  spi_flash.o [1]
  .bss                   zero     0x2000'68ac      0x8  fatfs.o [1]
  .bss                   zero     0x2000'68b4      0x8  fatfs.o [1]
  .bss                   zero     0x2000'68bc      0x8  ff.o [1]
  .bss                   zero     0x2000'68c4      0x4  cpld_utils.o [1]
  .bss                   zero     0x2000'68c8      0x4  fsmc.o [1]
  .bss                   zero     0x2000'68cc      0x4  motor.o [1]
  .bss                   zero     0x2000'68d0      0x4  prtfiles.o [1]
  .bss                   zero     0x2000'68d4      0x4  spi_flash.o [1]
  .bss                   zero     0x2000'68d8      0x4  spi_flash.o [1]
  .bss                   zero     0x2000'68dc      0x4  stm32f4xx_hal.o [1]
  .bss                   zero     0x2000'68e0      0x4  stm32f4xx_ll_usb.o [1]
  .bss                   zero     0x2000'68e4      0x4  tgui.o [1]
  .bss                   zero     0x2000'68e8      0x4  touch.o [1]
  .bss                   zero     0x2000'68ec      0x4  z_planner.o [1]
  .bss                   zero     0x2000'68f0      0x4  z_planner.o [1]
  .bss                   zero     0x2000'68f4      0x4  z_planner.o [1]
  .bss                   zero     0x2000'68f8      0x4  z_planner.o [1]
  .bss                   zero     0x2000'68fc      0x4  z_planner.o [1]
  .bss                   zero     0x2000'6900      0x4  z_planner.o [1]
  .bss                   zero     0x2000'6904      0x4  z_planner.o [1]
  .bss                   zero     0x2000'6908      0x4  z_stepper.o [1]
  .bss                   zero     0x2000'690c      0x4  z_stepper.o [1]
  .bss                   zero     0x2000'6910      0x4  z_stepper.o [1]
  .bss                   zero     0x2000'6914      0x4  z_stepper.o [1]
  .bss                   zero     0x2000'6918      0x4  z_stepper.o [1]
  .bss                   zero     0x2000'691c      0x4  z_stepper.o [1]
  .bss                   zero     0x2000'6920      0x4  z_stepper.o [1]
  .bss                   zero     0x2000'6924      0x4  z_stepper.o [1]
  .bss                   zero     0x2000'6928      0x4  z_stepper.o [1]
  .bss                   zero     0x2000'692c      0x4  z_stepper.o [1]
  .bss                   zero     0x2000'6930      0x4  z_stepper.o [1]
  .bss                   zero     0x2000'6934      0x4  z_stepper.o [1]
  .bss                   zero     0x2000'6938      0x4  z_stepper.o [1]
  .bss                   zero     0x2000'693c      0x4  z_stepper.o [1]
  .bss                   zero     0x2000'6940      0x4  xfail_s.o [2]
  .bss                   zero     0x2000'6944      0x4  xgetmemchunk.o [2]
  .bss                   zero     0x2000'6948      0x2  ff.o [1]
  .bss                   zero     0x2000'694a      0x2  lcd_low.o [1]
  .bss                   zero     0x2000'694c      0x2  lcd_ui.o [1]
  .bss                   zero     0x2000'694e      0x2  lcd_ui.o [1]
  .bss                   zero     0x2000'6950      0x2  lcd_ui.o [1]
  .bss                   zero     0x2000'6952      0x2  z_planner.o [1]
  .bss                   zero     0x2000'6954      0x1  fatfs.o [1]
  .bss                   zero     0x2000'6955      0x1  fatfs.o [1]
  .bss                   zero     0x2000'6956      0x1  main.o [1]
  .bss                   zero     0x2000'6957      0x1  main.o [1]
  .bss                   zero     0x2000'6958      0x1  main.o [1]
  .bss                   zero     0x2000'6959      0x1  main.o [1]
  .bss                   zero     0x2000'695a      0x1  main.o [1]
  .bss                   zero     0x2000'695b      0x1  prtfiles.o [1]
  .bss                   zero     0x2000'695c      0x1  tgui_defaultfuncs.o [1]
  .bss                   zero     0x2000'695d      0x1  tgui_filesscreenfuncs.o [1]
  .bss                   zero     0x2000'695e      0x1  tgui_filesscreenfuncs.o [1]
  .bss                   zero     0x2000'695f      0x1  tgui_filesscreenfuncs.o [1]
  .bss                   zero     0x2000'6960      0x1  tgui_filesscreenfuncs.o [1]
  .bss                   zero     0x2000'6961      0x1  usb_host.o [1]
  .bss                   zero     0x2000'6962      0x1  z_endstops.o [1]
  .bss                   zero     0x2000'6963      0x1  z_endstops.o [1]
  .bss                   zero     0x2000'6964      0x1  z_planner.o [1]
  .bss                   zero     0x2000'6965      0x1  z_planner.o [1]
  .bss                   zero     0x2000'6966      0x1  z_planner.o [1]
  .bss                   zero     0x2000'6967      0x1  z_planner.o [1]
  .bss                   zero     0x2000'6968      0x1  z_planner.o [1]
  .bss                   zero     0x2000'6969      0x1  z_planner.o [1]
  .bss                   zero     0x2000'696a      0x1  z_stepper.o [1]
  .bss                   zero     0x2000'696b      0x1  z_stepper.o [1]
  .bss                   zero     0x2000'696c      0x1  z_stepper.o [1]
  .bss                   zero     0x2000'696d      0x1  z_stepper.o [1]
  .bss                   zero     0x2000'696e      0x1  z_stepper.o [1]
                                - 0x2000'696f   0x6653

"P2", part 3 of 3:                              0x7200
  .noinit                uninit   0x2000'6970   0x1000  tgui.o [1]
  .noinit                uninit   0x2000'7970    0x200  tgui.o [1]
  CSTACK                          0x2000'7b70   0x4000  <Block>
    CSTACK               uninit   0x2000'7b70   0x4000  <Block tail>
  HEAP                            0x2000'bb70   0x2000  <Block>
    HEAP                 uninit   0x2000'bb70   0x2000  <Block tail>
                                - 0x2000'db70   0x7200

Unused ranges:

         From           To      Size
         ----           --      ----
   0x802'de06   0x807'ffff  0x5'21fa
  0x1000'7478  0x1000'ffff    0x8b88
  0x2000'031b  0x2000'031b       0x1
  0x2000'db70  0x2001'ffff  0x1'2490


*******************************************************************************
*** INIT TABLE
***

          Address      Size
          -------      ----
Zero (__iar_zero_init3)
    1 destination range, total size 0x6653:
          0x2000'031c  0x6653

Copy/lz77 (__iar_lz77_init_single3)
    1 source range, total size 0xc2 (24% of destination):
           0x802'dd44    0xc2
    1 destination range, total size 0x31b:
          0x2000'0000   0x31b

Extra (__iar_cstart_call_ctors)



*******************************************************************************
*** MODULE SUMMARY
***

    Module                   ro code  ro data  rw data
    ------                   -------  -------  -------
command line/config:
    --------------------------------------------------
    Total:

D:\Electronics\Projects\MKS_DLP_new\SRC\firmware\MKSDLP_Alter_Debug\Obj: [1]
    config.o                     188               100
    cpld_utils.o                 162                 4
    datetime.o                   148
    diskio.o                     176
    fatfs.o                      344             8 322
    ff.o                      11 008      272      522
    ff_gen_drv.o                  84                16
    ffunicode.o                  324      944
    files_pws.o                  924       28      160
    fnt12.o                             2 038       12
    fnt12bold.o                         2 251       12
    fnt18.o                             4 071       12
    fnt18bold.o                         4 619       12
    fnt24.o                             6 815       12
    fnt24bold.o                         8 663       12
    fsmc.o                       276                84
    fst_spi.o                  1 360               736
    gpio.o                       652
    languages.o                   64      981       20
    lcd_low.o                  1 292                98
    lcd_ui.o                   2 276        3       17
    main.o                     2 446      532   28 845
    motor.o                      508                 4
    prtfiles.o                    76                 5
    rtc.o                        200        4       32
    spi_flash.o                  804                20
    spifl_diskio.o               300       20
    ssd_utils.o                1 408
    startup_stm32f407xx.o        412
    stm32f4xx_hal.o              180        1        9
    stm32f4xx_hal_cortex.o       300
    stm32f4xx_hal_dma.o        1 112        8
    stm32f4xx_hal_gpio.o         594
    stm32f4xx_hal_hcd.o        4 192
    stm32f4xx_hal_msp.o           64
    stm32f4xx_hal_rcc.o        1 416
    stm32f4xx_hal_rcc_ex.o       336
    stm32f4xx_hal_rtc.o        1 048
    stm32f4xx_hal_spi.o        1 532
    stm32f4xx_hal_sram.o          92
    stm32f4xx_hal_tim.o        1 930
    stm32f4xx_hal_tim_ex.o       172
    stm32f4xx_it.o               156
    stm32f4xx_ll_fsmc.o          228
    stm32f4xx_ll_usb.o         2 500                 4
    sys_timer.o                  288               256
    system_stm32f4xx.o            32       17        4
    tgui.o                    10 036    1 036   15 792
    tgui_defaultfuncs.o        2 668       16        2
    tgui_filesscreenfuncs.o    3 456      173    2 613
    tgui_infoscreenfuncs.o       200       56
    tgui_langscreenfuncs.o        14
    tgui_movezscreenfuncs.o      812        1        4
    tim.o                        488        8      128
    touch.o                      628                20
    unicode_utils.o              640
    usb_host.o                   140               985
    usbh_conf.o                  760               708
    usbh_core.o                1 950
    usbh_ctlreq.o              1 468
    usbh_diskio.o                324       20
    usbh_ioreq.o                 208
    usbh_msc.o                 2 228       12       32
    usbh_msc_bot.o               916
    usbh_msc_scsi.o            1 002
    usbh_pipes.o                 182
    usbh_platform.o               32
    uvdisplay.o                   12
    z_endstops.o                 264        1        3
    z_planner.o                4 176        4    1 100
    z_stepper.o                1 684        1       65
    --------------------------------------------------
    Total:                    75 892   32 595   60 782

dl7M_tlf.a: [2]
    abort.o                        6
    cppinit.o                     24
    dlmalloc.o                 5 344               496
    exit.o                         4
    heaptramp0.o                   4
    low_level_init.o               4
    sprintf.o                     64
    strcat.o                      30
    xencoding_8859_1.o            30
    xfail_s.o                     64                 4
    xgetmemchunk.o                44                 4
    xlocale_c.o                  120       37      128
    xmbcurmax.o                   10
    xprintffull.o              3 910
    xsprout.o                     10
    --------------------------------------------------
    Total:                     9 668       37      632

dlpp7M_tl_fc.a: [3]
    --------------------------------------------------
    Total:

m7M_tls.a: [4]
    DblAdd.o                     362
    DblCmpGe.o                    46
    DblCmpLe.o                    46
    DblDiv.o                     582
    DblMul.o                     418
    DblSub.o                     226
    DblToFlt.o                   104
    DblToS32.o                    58
    DblToU32.o                    40
    FltToDbl.o                    72
    S32ToDbl.o                    34
    U32ToDbl.o                    26
    ceilf.o                       60
    floorf.o                      60
    fpinit_M.o                    34
    frexp.o                      112
    ldexp.o                      314
    lroundf.o                     46
    sqrtf.o                       30
    --------------------------------------------------
    Total:                     2 670

rt7M_tl.a: [5]
    ABImemclr4.o                   6
    ABImemcpy.o                  166
    ABImemset.o                  102
    ABImemset48.o                 50
    I64DivMod.o                  560
    cexit.o                       10
    cmain.o                       30
    cmain_call_ctors.o            32
    cstartup_M.o                  12
    data_init.o                   40
    lz77_init_single.o           122
    memchr.o                      88
    strchr.o                      22
    strcmp.o                      18
    strcpy.o                      24
    strlen.o                      54
    zero_init3.o                  58
    --------------------------------------------------
    Total:                     1 394

shb_l.a: [6]
    exit.o                        20
    unwind_debug.o                          1
    --------------------------------------------------
    Total:                        20        1

    Gaps                          51       10
    Linker created                         36   24 576
------------------------------------------------------
    Grand Total:              89 695   32 679   85 990


*******************************************************************************
*** ENTRY LIST
***

Entry                       Address    Size  Type      Object
-----                       -------    ----  ----      ------
.iar.init_table$$Base    0x802'd404           --   Gb  - Linker created -
.iar.init_table$$Limit   0x802'd428           --   Gb  - Linker created -
?main                    0x802'd4a1          Code  Gb  cmain.o [5]
AHBPrescTable            0x802'd900    0x10  Data  Gb  system_stm32f4xx.o [1]
Appli_state             0x2000'6961     0x1  Data  Gb  usb_host.o [1]
Appli_state_old         0x2000'6956     0x1  Data  Gb  main.o [1]
BusFault_Handler         0x802'cf97     0x2  Code  Gb  stm32f4xx_it.o [1]
CFG_Init()               0x801'beb9    0xbc  Code  Gb  config.o [1]
CPLD_Init()              0x801'ecc5     0x2  Code  Gb  cpld_utils.o [1]
CSTACK$$Base            0x2000'7b70           --   Gb  - Linker created -
CSTACK$$Limit           0x2000'bb70           --   Gb  - Linker created -
CacheMore                0x801'987d    0x24  Code  Lc  xlocale_c.o [2]
DMA1_Stream3_IRQHandler
                         0x802'cfa9     0xa  Code  Gb  stm32f4xx_it.o [1]
DMA1_Stream4_IRQHandler
                         0x802'cfb3     0xa  Code  Gb  stm32f4xx_it.o [1]
DMA2_Stream2_IRQHandler
                         0x802'cfd1     0xa  Code  Gb  stm32f4xx_it.o [1]
DMA2_Stream5_IRQHandler
                         0x802'cfdb     0xa  Code  Gb  stm32f4xx_it.o [1]
DMA2_Stream7_IRQHandler
                         0x802'cfc7     0xa  Code  Gb  stm32f4xx_it.o [1]
DMA_CalcBaseAndBitshift
                         0x801'9137    0x30  Code  Lc  stm32f4xx_hal_dma.o [1]
DMA_CalcBaseAndBitshift::flagBitshiftOffset
                         0x802'db80     0x8  Data  Lc  stm32f4xx_hal_dma.o [1]
DMA_CheckFifoParam       0x801'9175    0x88  Code  Lc  stm32f4xx_hal_dma.o [1]
DMA_SetConfig            0x801'9109    0x2e  Code  Lc  stm32f4xx_hal_dma.o [1]
DTIME_GetDateTime(DATETIME_STRUCT *)
                         0x801'6977    0x76  Code  Gb  datetime.o [1]
DTIME_GetMinutes()       0x801'6961    0x16  Code  Gb  datetime.o [1]
DeInitStateMachine       0x801'f299    0x66  Code  Lc  usbh_core.o [1]
DebugMon_Handler         0x802'cf9d     0x2  Code  Gb  stm32f4xx_it.o [1]
DeviceCode              0x2000'694a     0x2  Data  Gb  lcd_low.o [1]
EXTI0_IRQHandler         0x802'd011     0xe  Code  Gb  stm32f4xx_it.o [1]
EXTI2_IRQHandler         0x802'd01f     0xe  Code  Gb  stm32f4xx_it.o [1]
Endstops::disable()      0x801'ec05    0x20  Code  Gb  motor.o [1]
Endstops::enable()       0x801'ebad    0x14  Code  Gb  motor.o [1]
Endstops::enabled       0x2000'031a     0x1  Data  Gb  z_endstops.o [1]
Endstops::hit_state     0x2000'6962     0x1  Data  Gb  z_endstops.o [1]
Endstops::init()         0x801'cd85    0x2a  Code  Gb  z_endstops.o [1]
Endstops::live_state    0x2000'6963     0x1  Data  Gb  z_endstops.o [1]
Endstops::state()        0x801'ebc1     0xc  Code  Gb  z_endstops.o [1]
Endstops::update()       0x801'cdaf    0x9c  Code  Gb  z_endstops.o [1]
EndstopsInterrupt        0x801'cd7d     0x8  Code  Gb  z_endstops.o [1]
Error_Handler            0x801'ad4d     0x2  Code  Gb  main.o [1]
ExCvt                    0x802'd154    0x80  Data  Lc  ff.o [1]
FATFS_DelFileExtensionUTF
                         0x801'2f95    0x20  Code  Gb  fatfs.o [1]
FATFS_GetFileExtension   0x801'2ee9    0x4a  Code  Gb  fatfs.o [1]
FATFS_GetFileExtensionUTF
                         0x801'2f33    0x62  Code  Gb  fatfs.o [1]
FATFS_Init               0x801'2e7d    0x1c  Code  Gb  fatfs.o [1]
FATFS_LinkDriver         0x801'3019     0xa  Code  Gb  ff_gen_drv.o [1]
FATFS_LinkDriverEx       0x801'2fd5    0x44  Code  Gb  ff_gen_drv.o [1]
FLASH_SPIEnable          0x801'95db   0x188  Code  Gb  fst_spi.o [1]
FLASH_SPIGetSpeed        0x801'977f     0xc  Code  Gb  fst_spi.o [1]
FLASH_SPIInit            0x801'9577    0x64  Code  Gb  fst_spi.o [1]
FLASH_SPIReadBuff        0x801'97b1    0x40  Code  Gb  fst_spi.o [1]
FLASH_SPIReadBuffDMA     0x801'97f1    0x36  Code  Gb  fst_spi.o [1]
FLASH_SPISetSpeed        0x801'9763    0x1c  Code  Gb  fst_spi.o [1]
FLASH_SPIWriteReadByte   0x801'978b    0x26  Code  Gb  fst_spi.o [1]
FPWS_DrawPreview(FIL *, TG_RECT *)
                         0x802'a021   0x274  Code  Gb  files_pws.o [1]
FPWS_GetPreviewDataOffset()
                         0x802'9fff    0x12  Code  Gb  files_pws.o [1]
FPWS_GetPreviewHeight()
                         0x802'a019     0x8  Code  Gb  files_pws.o [1]
FPWS_GetPreviewWidth()   0x802'a011     0x8  Code  Gb  files_pws.o [1]
FPWS_ReadFileInfo(FIL *)
                         0x802'9f19    0xe6  Code  Gb  files_pws.o [1]
FSMC_Initialized        0x2000'68c8     0x4  Data  Lc  fsmc.o [1]
FSMC_NORSRAM_Extended_Timing_Init
                         0x801'b7e5    0x40  Code  Gb  stm32f4xx_ll_fsmc.o [1]
FSMC_NORSRAM_Init        0x801'b749    0x58  Code  Gb  stm32f4xx_ll_fsmc.o [1]
FSMC_NORSRAM_Timing_Init
                         0x801'b7a1    0x44  Code  Gb  stm32f4xx_ll_fsmc.o [1]
FatFs                   0x2000'68bc     0x8  Data  Lc  ff.o [1]
Fsid                    0x2000'6948     0x2  Data  Lc  ff.o [1]
GPIO_Init                0x801'b861   0x28c  Code  Gb  gpio.o [1]
HAL_DMA_GetState         0x801'9103     0x6  Code  Gb  stm32f4xx_hal_dma.o [1]
HAL_DMA_IRQHandler       0x801'8ef9   0x20a  Code  Gb  stm32f4xx_hal_dma.o [1]
HAL_DMA_Init             0x801'8da5    0xe0  Code  Gb  stm32f4xx_hal_dma.o [1]
HAL_DMA_Start_IT         0x801'8e85    0x74  Code  Gb  stm32f4xx_hal_dma.o [1]
HAL_Delay                0x801'8c69    0x28  Code  Wk  stm32f4xx_hal.o [1]
HAL_FSMC_MspInit         0x801'8d13    0x70  Code  Gb  fsmc.o [1]
HAL_GPIO_EXTI_IRQHandler
                         0x801'af47    0x1c  Code  Gb  stm32f4xx_hal_gpio.o [1]
HAL_GPIO_Init            0x801'ad51   0x1d0  Code  Gb  stm32f4xx_hal_gpio.o [1]
HAL_GPIO_ReadPin         0x801'af21    0x12  Code  Gb  stm32f4xx_hal_gpio.o [1]
HAL_GPIO_WritePin        0x801'af33    0x14  Code  Gb  stm32f4xx_hal_gpio.o [1]
HAL_GetTick              0x801'34f1     0xc  Code  Wk  stm32f4xx_hal.o [1]
HAL_HCD_Connect_Callback
                         0x801'fe9f     0xc  Code  Gb  usbh_conf.o [1]
HAL_HCD_Disconnect_Callback
                         0x801'feab     0xc  Code  Gb  usbh_conf.o [1]
HAL_HCD_GetCurrentFrame
                         0x802'0cc9     0xa  Code  Gb  stm32f4xx_hal_hcd.o [1]
HAL_HCD_GetCurrentSpeed
                         0x802'0cd3     0xa  Code  Gb  stm32f4xx_hal_hcd.o [1]
HAL_HCD_HC_GetURBState   0x802'0caf     0xe  Code  Gb  stm32f4xx_hal_hcd.o [1]
HAL_HCD_HC_GetXferCount
                         0x802'0cbd     0xc  Code  Gb  stm32f4xx_hal_hcd.o [1]
HAL_HCD_HC_Halt          0x802'08f9    0x2c  Code  Gb  stm32f4xx_hal_hcd.o [1]
HAL_HCD_HC_Init          0x802'082f    0xca  Code  Gb  stm32f4xx_hal_hcd.o [1]
HAL_HCD_HC_NotifyURBChange_Callback
                         0x801'feb7     0x2  Code  Gb  usbh_conf.o [1]
HAL_HCD_HC_SubmitRequest
                         0x802'0925   0x1f8  Code  Gb  stm32f4xx_hal_hcd.o [1]
HAL_HCD_IRQHandler       0x802'0b1d   0x134  Code  Gb  stm32f4xx_hal_hcd.o [1]
HAL_HCD_Init             0x802'07b9    0x76  Code  Gb  stm32f4xx_hal_hcd.o [1]
HAL_HCD_MspInit          0x801'fe11    0x82  Code  Gb  usbh_conf.o [1]
HAL_HCD_PortDisabled_Callback
                         0x801'fec5     0xc  Code  Gb  usbh_conf.o [1]
HAL_HCD_PortEnabled_Callback
                         0x801'feb9     0xc  Code  Gb  usbh_conf.o [1]
HAL_HCD_ResetPort        0x802'0ca5     0xa  Code  Gb  stm32f4xx_hal_hcd.o [1]
HAL_HCD_SOF_Callback     0x801'fe93     0xc  Code  Gb  usbh_conf.o [1]
HAL_HCD_Start            0x802'0c51    0x2e  Code  Gb  stm32f4xx_hal_hcd.o [1]
HAL_HCD_Stop             0x802'0c7f    0x26  Code  Gb  stm32f4xx_hal_hcd.o [1]
HAL_IncTick              0x801'6841    0x58  Code  Gb  sys_timer.o [1]
HAL_Init                 0x801'b82d    0x30  Code  Gb  stm32f4xx_hal.o [1]
HAL_InitTick             0x801'ccd1    0x4c  Code  Wk  stm32f4xx_hal.o [1]
HAL_MspInit              0x801'cd1d    0x40  Code  Gb  stm32f4xx_hal_msp.o [1]
HAL_NVIC_EnableIRQ       0x801'92f5     0xa  Code  Gb  stm32f4xx_hal_cortex.o [1]
HAL_NVIC_SetPriority     0x801'92d3    0x22  Code  Gb  stm32f4xx_hal_cortex.o [1]
HAL_NVIC_SetPriorityGrouping
                         0x801'92cb     0x8  Code  Gb  stm32f4xx_hal_cortex.o [1]
HAL_RCCEx_PeriphCLKConfig
                         0x801'cb6d   0x12c  Code  Gb  stm32f4xx_hal_rcc_ex.o [1]
HAL_RCC_ClockConfig      0x801'c999   0x13a  Code  Gb  stm32f4xx_hal_rcc.o [1]
HAL_RCC_GetSysClockFreq
                         0x801'caed    0x80  Code  Wk  stm32f4xx_hal_rcc.o [1]
HAL_RCC_OscConfig        0x801'c5e5   0x3b4  Code  Wk  stm32f4xx_hal_rcc.o [1]
HAL_RTC_GetDate          0x801'3343    0x4e  Code  Gb  stm32f4xx_hal_rtc.o [1]
HAL_RTC_GetTime          0x801'31fb    0x62  Code  Gb  stm32f4xx_hal_rtc.o [1]
HAL_RTC_Init             0x801'3029    0xcc  Code  Gb  stm32f4xx_hal_rtc.o [1]
HAL_RTC_SetDate          0x801'325d    0xe6  Code  Gb  stm32f4xx_hal_rtc.o [1]
HAL_RTC_SetTime          0x801'30f5   0x106  Code  Gb  stm32f4xx_hal_rtc.o [1]
HAL_RTC_WaitForSynchro   0x801'339d    0x36  Code  Gb  stm32f4xx_hal_rtc.o [1]
HAL_SPI_Init             0x801'afa5    0xca  Code  Gb  stm32f4xx_hal_spi.o [1]
HAL_SPI_Receive_DMA      0x801'b095   0x106  Code  Gb  stm32f4xx_hal_spi.o [1]
HAL_SPI_TransmitReceive_DMA
                         0x801'b19b   0x156  Code  Gb  stm32f4xx_hal_spi.o [1]
HAL_SPI_TxRxCpltCallback
                         0x801'9329    0x1e  Code  Gb  fst_spi.o [1]
HAL_SRAM_Init            0x801'a365    0x5c  Code  Gb  stm32f4xx_hal_sram.o [1]
HAL_SRAM_MspInit         0x801'8d83     0x8  Code  Gb  fsmc.o [1]
HAL_SYSTICK_Config       0x801'92ff     0x8  Code  Gb  stm32f4xx_hal_cortex.o [1]
HAL_TIMEx_MasterConfigSynchronization
                         0x801'fd65    0x8c  Code  Gb  stm32f4xx_hal_tim_ex.o [1]
HAL_TIM_Base_Init        0x801'e421    0x38  Code  Gb  stm32f4xx_hal_tim.o [1]
HAL_TIM_Base_MspInit     0x801'e35d    0x56  Code  Gb  tim.o [1]
HAL_TIM_Base_Start_IT    0x801'e459    0x28  Code  Gb  stm32f4xx_hal_tim.o [1]
HAL_TIM_Base_Stop_IT     0x801'e481    0x34  Code  Gb  stm32f4xx_hal_tim.o [1]
HAL_TIM_ConfigClockSource
                         0x801'e7bb    0xe8  Code  Gb  stm32f4xx_hal_tim.o [1]
HAL_TIM_IRQHandler       0x801'e549   0x176  Code  Gb  stm32f4xx_hal_tim.o [1]
HAL_TIM_MspPostInit      0x801'e3b3    0x4e  Code  Gb  tim.o [1]
HAL_TIM_PWM_ConfigChannel
                         0x801'e6bf    0xfc  Code  Gb  stm32f4xx_hal_tim.o [1]
HAL_TIM_PWM_Init         0x801'e4b5    0x38  Code  Gb  stm32f4xx_hal_tim.o [1]
HAL_TIM_PWM_Start        0x801'e4ed    0x54  Code  Gb  stm32f4xx_hal_tim.o [1]
HCD_HC_IN_IRQHandler     0x802'0cdd   0x55e  Code  Lc  stm32f4xx_hal_hcd.o [1]
HCD_HC_OUT_IRQHandler    0x802'123b   0x478  Code  Lc  stm32f4xx_hal_hcd.o [1]
HCD_Port_IRQHandler      0x802'1771    0xa8  Code  Lc  stm32f4xx_hal_hcd.o [1]
HCD_RXQLVL_IRQHandler    0x802'16b3    0xba  Code  Lc  stm32f4xx_hal_hcd.o [1]
HEAP$$Base              0x2000'bb70           --   Gb  - Linker created -
HEAP$$Limit             0x2000'db70           --   Gb  - Linker created -
HardFault_Handler        0x802'cf93     0x2  Code  Gb  stm32f4xx_it.o [1]
IsrStepperHandler        0x801'dd53    0x1c  Code  Gb  z_stepper.o [1]
LANG_GetLanduadesCount()
                         0x801'683d     0x4  Code  Gb  languages.o [1]
LANG_GetLanguageName(unsigned char)
                         0x801'680b    0x16  Code  Gb  languages.o [1]
LANG_GetString(LNG_STRING_ID)
                         0x801'6801     0xa  Code  Gb  languages.o [1]
LANG_SetLanguage(unsigned char)
                         0x801'6821    0x10  Code  Gb  languages.o [1]
LCDUI_Clear()            0x801'6b75     0xe  Code  Gb  lcd_ui.o [1]
LCDUI_DrawChar(char, unsigned short, short, short)
                         0x801'6e85   0x18a  Code  Gb  lcd_ui.o [1]
LCDUI_DrawFastVLine(short, short, short)
                         0x801'6b83    0x64  Code  Gb  lcd_ui.o [1]
LCDUI_DrawText(char *, unsigned short, short, short, short, short, TSIZE *)
                         0x801'700f   0x2ce  Code  Gb  lcd_ui.o [1]
LCDUI_FillRect(short, short, short, short)
                         0x801'6be7    0x86  Code  Gb  lcd_ui.o [1]
LCDUI_FillRoundRect(short, short, short, short, short)
                         0x801'6c6d    0x82  Code  Gb  lcd_ui.o [1]
LCDUI_GetCurrentFontHeight()
                         0x801'6e7b     0xa  Code  Gb  lcd_ui.o [1]
LCDUI_GetTextWidth(char *)
                         0x801'6e41    0x3a  Code  Gb  lcd_ui.o [1]
LCDUI_Init()             0x801'6a35    0x42  Code  Gb  lcd_ui.o [1]
LCDUI_SetBackColor(unsigned short)
                         0x801'6b49     0xe  Code  Gb  lcd_ui.o [1]
LCDUI_SetColor(unsigned short)
                         0x801'6b3b     0xe  Code  Gb  lcd_ui.o [1]
LCDUI_SetCursorCoord(short, short)
                         0x801'6b57    0x1e  Code  Gb  lcd_ui.o [1]
LCDUI_SetFont(LCDUI_FONT_TYPE)
                         0x801'6dcb    0x76  Code  Gb  lcd_ui.o [1]
LCD_BackLight            0x801'77e9    0x1a  Code  Gb  lcd_low.o [1]
LCD_Clear                0x801'77b5    0x34  Code  Gb  lcd_low.o [1]
LCD_CtrlLinesConfig      0x801'7319    0x9a  Code  Gb  lcd_low.o [1]
LCD_FSMCConfig           0x801'73b3     0x8  Code  Gb  lcd_low.o [1]
LCD_Initializtion        0x801'7459   0x256  Code  Gb  lcd_low.o [1]
LCD_ReadRAM              0x801'742f     0xa  Code  Gb  lcd_low.o [1]
LCD_ReadReg              0x801'73d5     0xa  Code  Gb  lcd_low.o [1]
LCD_Read_ID              0x801'7439    0x20  Code  Gb  lcd_low.o [1]
LCD_SetCursor            0x801'76af    0x60  Code  Gb  lcd_low.o [1]
LCD_SetWindows           0x801'770f    0xa6  Code  Gb  lcd_low.o [1]
LCD_WaitDMAReady         0x801'741f    0x10  Code  Gb  lcd_low.o [1]
LCD_WriteCmd             0x801'73df     0x8  Code  Gb  lcd_low.o [1]
LCD_WriteRAM             0x801'73f1     0x8  Code  Gb  lcd_low.o [1]
LCD_WriteRAM_DMA         0x801'73f9    0x26  Code  Gb  lcd_low.o [1]
LCD_WriteRAM_Prepare     0x801'73e7     0xa  Code  Gb  lcd_low.o [1]
LCD_WriteReg             0x801'73c7     0xe  Code  Gb  lcd_low.o [1]
LCD_X_Init               0x801'73bb     0xc  Code  Gb  lcd_low.o [1]
LfnBuf                  0x2000'5698   0x200  Data  Lc  ff.o [1]
LfnOfs                   0x802'd860    0x10  Data  Lc  ff.o [1]
LoadInt                  0x801'7edb    0x7a  Code  Lc  xprintffull.o [2]
MIPI_Off()               0x801'f1e3    0x2c  Code  Gb  ssd_utils.o [1]
MIPI_On()                0x801'f20f    0x2c  Code  Gb  ssd_utils.o [1]
MX_FSMC_Init             0x801'8c91    0x82  Code  Gb  fsmc.o [1]
MemManage_Handler        0x802'cf95     0x2  Code  Gb  stm32f4xx_it.o [1]
NMI_Handler              0x802'cf91     0x2  Code  Gb  stm32f4xx_it.o [1]
NVIC_EncodePriority      0x801'9261    0x3c  Code  Lc  stm32f4xx_hal_cortex.o [1]
OTG_FS_IRQHandler        0x802'cfbd     0xa  Code  Gb  stm32f4xx_it.o [1]
PFILE_DrawPreview(FIL *, TG_RECT *)
                         0x802'9ec3    0x14  Code  Gb  prtfiles.o [1]
PFILE_Init(FIL *, FILES_TYPE)
                         0x802'9e95    0x2e  Code  Gb  prtfiles.o [1]
PendSV_Handler           0x802'cf9f     0x2  Code  Gb  stm32f4xx_it.o [1]
Planner::Planner()       0x801'ce6d     0xe  Code  Gb  z_planner.o [1]
Planner::_buffer_steps(int, float, float)
                         0x801'd48f    0x68  Code  Gb  z_planner.o [1]
Planner::_populate_block(block_t *, bool, int, float, float)
                         0x801'd529   0x5f8  Code  Gb  z_planner.o [1]
Planner::_populate_block(block_t *, bool, int32_t, float, float)::previous_safe_speed
                        0x2000'6904     0x4  Data  Lc  z_planner.o [1]
Planner::block_buffer   0x2000'3c54   0x400  Data  Gb  z_planner.o [1]
Planner::block_buffer_head
                        0x2000'6965     0x1  Data  Gb  z_planner.o [1]
Planner::block_buffer_nonbusy
                        0x2000'6966     0x1  Data  Gb  z_planner.o [1]
Planner::block_buffer_planned
                        0x2000'6967     0x1  Data  Gb  z_planner.o [1]
Planner::block_buffer_tail
                        0x2000'6968     0x1  Data  Gb  z_planner.o [1]
Planner::buffer_segment(float, float, float const &)
                         0x801'db6d    0x46  Code  Gb  z_planner.o [1]
Planner::buffer_sync_block()
                         0x801'db25    0x42  Code  Gb  z_planner.o [1]
Planner::calculate_trapezoid_for_block(block_t *, float const &, float const &)
                         0x801'cf1b   0x124  Code  Gb  z_planner.o [1]
Planner::cleaning_buffer_counter
                        0x2000'6952     0x2  Data  Gb  z_planner.o [1]
Planner::clear_block_buffer()
                         0x801'fa01    0x24  Code  Gb  z_planner.o [1]
Planner::cutoff_long    0x2000'68f8     0x4  Data  Gb  z_planner.o [1]
Planner::delay_before_delivering
                        0x2000'6969     0x1  Data  Gb  z_planner.o [1]
Planner::endstop_triggered()
                         0x801'd46b     0x8  Code  Gb  z_planner.o [1]
Planner::estimate_acceleration_distance(float, float, float)
                         0x801'fa81    0xac  Code  Gb  z_planner.o [1]
Planner::forward_pass()
                         0x801'd287    0x54  Code  Gb  z_planner.o [1]
Planner::forward_pass_kernel(block_t const *, block_t *, unsigned char)
                         0x801'd1f7    0x90  Code  Gb  z_planner.o [1]
Planner::get_current_block()
                         0x801'cea3    0x78  Code  Gb  z_planner.o [1]
Planner::get_next_free_block(unsigned char &, unsigned char)
                         0x801'fc9d    0x38  Code  Gb  z_planner.o [1]
Planner::has_blocks_queued()
                         0x801'ebe5    0x20  Code  Gb  z_stepper.o [1]
Planner::init()          0x801'ce7b    0x28  Code  Gb  z_planner.o [1]
Planner::intersection_distance(float, float, float, float)
                         0x801'fb69    0xbc  Code  Gb  z_planner.o [1]
Planner::max_acceleration_steps_per_s2
                        0x2000'68ec     0x4  Data  Gb  z_planner.o [1]
Planner::max_allowable_speed_sqr(float, float, float)
                         0x801'fc25    0x12  Code  Gb  z_planner.o [1]
Planner::moves_free()    0x802'078d     0xe  Code  Gb  z_planner.o [1]
Planner::movesplanned()
                         0x801'fa25    0x18  Code  Gb  z_planner.o [1]
Planner::next_block_index(unsigned char)
                         0x801'fa3d     0x8  Code  Gb  z_stepper.o [1]
Planner::nonbusy_movesplanned()
                         0x801'fcd5    0x18  Code  Gb  z_planner.o [1]
Planner::position       0x2000'68f4     0x4  Data  Gb  z_planner.o [1]
Planner::prev_block_index(unsigned char)
                         0x801'fc37     0x8  Code  Gb  z_planner.o [1]
Planner::previous_nominal_speed_sqr
                        0x2000'6900     0x4  Data  Gb  z_planner.o [1]
Planner::previous_speed
                        0x2000'68fc     0x4  Data  Gb  z_planner.o [1]
Planner::quick_stop()    0x801'd437    0x34  Code  Gb  z_planner.o [1]
Planner::recalculate()   0x801'd413    0x24  Code  Gb  z_planner.o [1]
Planner::recalculate_trapezoids()
                         0x801'd2e5   0x12e  Code  Gb  z_planner.o [1]
Planner::refresh_positioning()
                         0x801'dc19    0x32  Code  Gb  z_planner.o [1]
Planner::release_current_block()
                         0x802'079d    0x1c  Code  Gb  z_stepper.o [1]
Planner::reset_acceleration_rates()
                         0x801'dbe5    0x34  Code  Gb  z_planner.o [1]
Planner::reverse_pass()
                         0x801'd175    0x82  Code  Gb  z_planner.o [1]
Planner::reverse_pass_kernel(block_t *, block_t const *)
                         0x801'd041   0x134  Code  Gb  z_planner.o [1]
Planner::set_machine_position_mm(float)
                         0x801'dbb3    0x2a  Code  Gb  z_planner.o [1]
Planner::set_position_mm(float)
                         0x801'dbdd     0x8  Code  Gb  z_planner.o [1]
Planner::settings       0x2000'67f4    0x28  Data  Gb  z_planner.o [1]
Planner::steps_to_mm    0x2000'68f0     0x4  Data  Gb  z_planner.o [1]
Planner::synchronize()   0x801'd473    0x1c  Code  Gb  z_planner.o [1]
RTC_Bcd2ToByte           0x801'3425    0x1a  Code  Gb  stm32f4xx_hal_rtc.o [1]
RTC_ByteToBcd2           0x801'340d    0x18  Code  Gb  stm32f4xx_hal_rtc.o [1]
RTC_Enable               0x801'be93    0x10  Code  Gb  rtc.o [1]
RTC_EnterInitMode        0x801'33d3    0x3a  Code  Gb  stm32f4xx_hal_rtc.o [1]
RTC_Init                 0x801'bdf1    0xa2  Code  Gb  rtc.o [1]
Region$$Table$$Base      0x802'd404           --   Gb  - Linker created -
Region$$Table$$Limit     0x802'd428           --   Gb  - Linker created -
SHT$$INIT_ARRAY$$Base    0x802'dd40           --   Gb  - Linker created -
SHT$$INIT_ARRAY$$Limit   0x802'dd44           --   Gb  - Linker created -
SHT$$PREINIT_ARRAY$$Base
                         0x802'dd40           --   Gb  - Linker created -
SHT$$PREINIT_ARRAY$$Limit
                         0x802'dd40           --   Gb  - Linker created -
SPIFL_Driver             0x802'd7c0    0x14  Data  Gb  spifl_diskio.o [1]
SPIFL_EraseSector        0x801'bc75    0x52  Code  Gb  spi_flash.o [1]
SPIFL_Init               0x801'bb63    0x42  Code  Gb  spi_flash.o [1]
SPIFL_ReadBuff           0x801'bbfd    0x78  Code  Gb  spi_flash.o [1]
SPIFL_ReadID             0x801'bba5    0x58  Code  Gb  spi_flash.o [1]
SPIFL_WriteBuff          0x801'bcc7   0x118  Code  Gb  spi_flash.o [1]
SPIFL_initialize         0x802'cbe1    0x1c  Code  Gb  spifl_diskio.o [1]
SPIFL_ioctl              0x802'ccb1    0x56  Code  Gb  spifl_diskio.o [1]
SPIFL_read               0x802'cc0d    0x52  Code  Gb  spifl_diskio.o [1]
SPIFL_status             0x802'cbfd    0x10  Code  Gb  spifl_diskio.o [1]
SPIFL_write              0x802'cc5f    0x52  Code  Gb  spifl_diskio.o [1]
SPI_DMAError             0x801'b3e5    0x24  Code  Lc  stm32f4xx_hal_spi.o [1]
SPI_DMAHalfReceiveCplt   0x801'b3cd     0xa  Code  Lc  stm32f4xx_hal_spi.o [1]
SPI_DMAHalfTransmitReceiveCplt
                         0x801'b3d9     0xa  Code  Lc  stm32f4xx_hal_spi.o [1]
SPI_DMAReceiveCplt       0x801'b2f1    0x78  Code  Lc  stm32f4xx_hal_spi.o [1]
SPI_DMATransmitReceiveCplt
                         0x801'b369    0x64  Code  Lc  stm32f4xx_hal_spi.o [1]
SPI_EndRxTransaction     0x801'b4a9    0x92  Code  Lc  stm32f4xx_hal_spi.o [1]
SPI_EndRxTxTransaction   0x801'b53b    0x5a  Code  Lc  stm32f4xx_hal_spi.o [1]
SPI_WaitFlagStateUntilTimeout
                         0x801'b409    0xa0  Code  Lc  stm32f4xx_hal_spi.o [1]
SSD_Init()               0x801'f0f9    0x94  Code  Gb  ssd_utils.o [1]
SSD_SleepIn()            0x801'f18d    0x56  Code  Gb  ssd_utils.o [1]
SVC_Handler              0x802'cf9b     0x2  Code  Gb  stm32f4xx_it.o [1]
SYSTIMER_GetCountDown    0x801'690f    0x24  Code  Gb  sys_timer.o [1]
SYSTIMER_Init            0x801'6899    0x2a  Code  Gb  sys_timer.o [1]
SYSTIMER_NewCountDown    0x801'68c3    0x4c  Code  Gb  sys_timer.o [1]
SYSTIMER_SetCountDown    0x801'6933    0x20  Code  Gb  sys_timer.o [1]
SpiflFS                 0x2000'1354  0x1038  Data  Gb  fatfs.o [1]
SpiflPath               0x2000'68b4     0x8  Data  Gb  fatfs.o [1]
Stepper::_set_position(int)
                         0x801'e181     0xa  Code  Gb  z_stepper.o [1]
Stepper::abort_current_block
                        0x2000'696c     0x1  Data  Gb  z_stepper.o [1]
Stepper::acc_step_rate  0x2000'6930     0x4  Data  Gb  z_stepper.o [1]
Stepper::accelerate_until
                        0x2000'6924     0x4  Data  Gb  z_stepper.o [1]
Stepper::acceleration_time
                        0x2000'690c     0x4  Data  Gb  z_stepper.o [1]
Stepper::advance_dividend
                        0x2000'6918     0x4  Data  Gb  z_stepper.o [1]
Stepper::advance_divisor
                        0x2000'691c     0x4  Data  Gb  z_stepper.o [1]
Stepper::axis_did_move  0x2000'696b     0x1  Data  Gb  z_stepper.o [1]
Stepper::axis_is_moving()
                         0x801'ebcd    0x18  Code  Gb  z_endstops.o [1]
Stepper::block_phase_isr()
                         0x801'dfa5   0x190  Code  Gb  z_stepper.o [1]
Stepper::calc_timer_interval(unsigned int, unsigned char *)
                         0x801'fd39    0x2c  Code  Gb  z_stepper.o [1]
Stepper::count_direction
                        0x2000'696e     0x1  Data  Gb  z_stepper.o [1]
Stepper::count_position
                        0x2000'6938     0x4  Data  Gb  z_stepper.o [1]
Stepper::current_block  0x2000'6908     0x4  Data  Gb  z_stepper.o [1]
Stepper::decelerate_after
[...]
                         0x801'6207   0x11c  Code  Gb  tgui_defaultfuncs.o [1]
_tgui_DefaultButtonProcess(void *, void *)
                         0x801'6323   0x250  Code  Gb  tgui_defaultfuncs.o [1]
_tgui_DefaultScreenPaint(void *, void *)
                         0x801'6573    0xd8  Code  Gb  tgui_defaultfuncs.o [1]
_tgui_DefaultScreenProcess(void *, void *)
                         0x801'664b    0xce  Code  Gb  tgui_defaultfuncs.o [1]
_tgui_DrawFileCimg(char *, short, short)
                         0x801'6159    0xae  Code  Gb  tgui_defaultfuncs.o [1]
_tgui_DrawFileCimgBackground(char *)
                         0x801'60c1    0x98  Code  Gb  tgui_defaultfuncs.o [1]
_tgui_DrawFileRawImg(FIL *, short, short, unsigned short, unsigned short, unsigned int, unsigned char)
                         0x801'5ecb   0x1f6  Code  Gb  tgui_defaultfuncs.o [1]
_tgui_DrawStringInRect(char *, TG_RECT *, TG_TEXTOPTIONS *)
                         0x801'5df7    0xd4  Code  Gb  tgui_defaultfuncs.o [1]
_tgui_FilesBackButtonPress(void *, void *)
                         0x802'9bd5    0x28  Code  Gb  tgui_filesscreenfuncs.o [1]
_tgui_FilesDirNamePaint(void *, void *)
                         0x802'99cf    0xa8  Code  Gb  tgui_filesscreenfuncs.o [1]
_tgui_FilesDownButtonPress(void *, void *)
                         0x802'9a77    0xa2  Code  Gb  tgui_filesscreenfuncs.o [1]
_tgui_FilesDrawPreview(TG_RECT *, FILES_ITEM *)
                         0x802'9115    0x6c  Code  Gb  tgui_filesscreenfuncs.o [1]
_tgui_FilesFileButtonPaint(void *, void *)
                         0x802'9595   0x140  Code  Gb  tgui_filesscreenfuncs.o [1]
_tgui_FilesFileButtonPress(void *, void *)
                         0x802'9d5d   0x106  Code  Gb  tgui_filesscreenfuncs.o [1]
_tgui_FilesListButtonPress(void *, void *)
                         0x802'9cfd    0x3e  Code  Gb  tgui_filesscreenfuncs.o [1]
_tgui_FilesListFileButtonPaint(void *, void *)
                         0x802'96d5   0x2fa  Code  Gb  tgui_filesscreenfuncs.o [1]
_tgui_FilesPrevButtonPress(void *, void *)
                         0x802'9bfd   0x100  Code  Gb  tgui_filesscreenfuncs.o [1]
_tgui_FilesReadDir()     0x802'9185   0x2c6  Code  Gb  tgui_filesscreenfuncs.o [1]
_tgui_FilesScreenPaint(void *, void *)
                         0x802'9565    0x30  Code  Gb  tgui_filesscreenfuncs.o [1]
_tgui_FilesScreenProcess(void *, void *)
                         0x802'9451   0x114  Code  Gb  tgui_filesscreenfuncs.o [1]
_tgui_FilesUpButtonPress(void *, void *)
                         0x802'9b1d    0xb8  Code  Gb  tgui_filesscreenfuncs.o [1]
_tgui_InfoScreenFansTimePaint(void *, void *)
                         0x802'ce69    0x34  Code  Gb  tgui_infoscreenfuncs.o [1]
_tgui_InfoScreenLightTimePaint(void *, void *)
                         0x802'ce35    0x34  Code  Gb  tgui_infoscreenfuncs.o [1]
_tgui_InfoScreenUIAuthorPaint(void *, void *)
                         0x802'ceb1    0x14  Code  Gb  tgui_infoscreenfuncs.o [1]
_tgui_InfoScreenURLPaint(void *, void *)
                         0x802'ce9d    0x14  Code  Gb  tgui_infoscreenfuncs.o [1]
_tgui_InfoScreenVersionPaint(void *, void *)
                         0x802'ce0d    0x28  Code  Gb  tgui_infoscreenfuncs.o [1]
_tgui_LanguageButtonPress(void *, void *)
                         0x802'd971     0xe  Code  Gb  tgui_langscreenfuncs.o [1]
_tgui_MovezBackButtonPress(void *, void *)
                         0x801'c2b9    0x26  Code  Gb  tgui_movezscreenfuncs.o [1]
_tgui_MovezDownButtonPress(void *, void *)
                         0x801'c48b    0x9a  Code  Gb  tgui_movezscreenfuncs.o [1]
_tgui_MovezHomeButtonPress(void *, void *)
                         0x801'c31f    0x9c  Code  Gb  tgui_movezscreenfuncs.o [1]
_tgui_MovezScreenProcess(void *, void *)
                         0x801'c5dd     0x8  Code  Gb  tgui_movezscreenfuncs.o [1]
_tgui_MovezStepSelectButtonPress(void *, void *)
                         0x801'c3bb    0x38  Code  Gb  tgui_movezscreenfuncs.o [1]
_tgui_MovezStopButtonPress(void *, void *)
                         0x801'c2df    0x40  Code  Gb  tgui_movezscreenfuncs.o [1]
_tgui_MovezUpButtonPress(void *, void *)
                         0x801'c3f3    0x98  Code  Gb  tgui_movezscreenfuncs.o [1]
_tgui_MovezUpdateHomed()
                         0x801'c525    0x92  Code  Gb  tgui_movezscreenfuncs.o [1]
_tgui_ScreenTimeInit()   0x801'5cd1    0x24  Code  Gb  tgui_defaultfuncs.o [1]
_tgui_ScreenTimePaint(void *, void *)
                         0x801'5d33    0xc4  Code  Gb  tgui_defaultfuncs.o [1]
_tgui_ScreenTimeProcess(void *, void *)
                         0x801'5cf5    0x3e  Code  Gb  tgui_defaultfuncs.o [1]
_tgui_ScreenTimeProcess(void *, void *)::minutes
                        0x2000'695c     0x1  Data  Lc  tgui_defaultfuncs.o [1]
_touch_ReadCoords        0x801'7aa5    0xc8  Code  Gb  touch.o [1]
_touch_RefreshState      0x801'7b6d   0x126  Code  Gb  touch.o [1]
abort                    0x801'b59f     0x6  Code  Gb  abort.o [2]
activefilelist          0x2000'695e     0x1  Data  Gb  tgui_filesscreenfuncs.o [1]
add_segment              0x802'6065   0x1f2  Code  Lc  dlmalloc.o [2]
ceilf                    0x801'fa55          Code  Gb  ceilf.o [4]
cfgzMotor               0x2000'64a0    0x54  Data  Gb  config.o [1]
cfname                  0x2000'3854   0x400  Data  Gb  main.o [1]
check_fs                 0x801'1635    0x76  Code  Lc  ff.o [1]
chk_chr                  0x801'020f    0x14  Code  Lc  ff.o [1]
clngLangEng              0x802'd02c    0x94  Data  Lc  languages.o [1]
clngLangRus              0x802'd0c0    0x94  Data  Lc  languages.o [1]
clst2sect                0x801'0403    0x1a  Code  Lc  ff.o [1]
cmd                     0x2000'68c4     0x4  Data  Gb  cpld_utils.o [1]
cmp_lfn                  0x801'0afd    0xa0  Code  Lc  ff.o [1]
create_chain             0x801'0711   0x130  Code  Lc  ff.o [1]
create_name              0x801'12c1   0x286  Code  Lc  ff.o [1]
create_partition         0x801'241b   0x1a8  Code  Lc  ff.o [1]
currdir                 0x2000'0068   0x200  Data  Gb  tgui_filesscreenfuncs.o [1]
d                       0x2000'68d8     0x4  Data  Gb  spi_flash.o [1]
dbc_1st                  0x801'0223     0xe  Code  Lc  ff.o [1]
dbc_2nd                  0x801'0231     0xe  Code  Lc  ff.o [1]
dir                     0x2000'6618    0x34  Data  Gb  main.o [1]
dir_alloc                0x801'0a49    0x64  Code  Lc  ff.o [1]
dir_clear                0x801'0841    0x64  Code  Lc  ff.o [1]
dir_find                 0x801'0e7b   0x118  Code  Lc  ff.o [1]
dir_next                 0x801'0957    0xf2  Code  Lc  ff.o [1]
dir_read                 0x801'0d7b   0x100  Code  Lc  ff.o [1]
dir_register             0x801'0f93   0x166  Code  Lc  ff.o [1]
dir_sdi                  0x801'08a5    0xb2  Code  Lc  ff.o [1]
disk                    0x2000'6880    0x10  Data  Gb  ff_gen_drv.o [1]
disk_initialize          0x801'2ca7    0x32  Code  Gb  diskio.o [1]
disk_ioctl               0x801'2d15    0x20  Code  Gb  diskio.o [1]
disk_read                0x801'2cd9    0x1e  Code  Gb  diskio.o [1]
disk_status              0x801'2c89    0x1e  Code  Gb  diskio.o [1]
disk_write               0x801'2cf7    0x1e  Code  Gb  diskio.o [1]
exit                     0x802'd4c3     0x4  Code  Gb  exit.o [2]
fMoveStep               0x2000'0268     0x4  Data  Gb  tgui_movezscreenfuncs.o [1]
f_close                  0x801'2147    0x2a  Code  Gb  ff.o [1]
f_closedir               0x801'23a3    0x1c  Code  Gb  ff.o [1]
f_lseek                  0x801'2171   0x1aa  Code  Gb  ff.o [1]
f_mkfs                   0x801'25c3   0x692  Code  Gb  ff.o [1]
f_mkfs::cst              0x802'd870    0x10  Data  Lc  ff.o [1]
f_mkfs::cst32            0x802'd880    0x10  Data  Lc  ff.o [1]
f_mkfs::defopt           0x802'd890    0x10  Data  Lc  ff.o [1]
f_mount                  0x801'1a2b    0x54  Code  Gb  ff.o [1]
f_open                   0x801'1aa9   0x21a  Code  Gb  ff.o [1]
f_opendir                0x801'231b    0x88  Code  Gb  ff.o [1]
f_read                   0x801'1cc3   0x1cc  Code  Gb  ff.o [1]
f_readdir                0x801'23bf    0x5c  Code  Gb  ff.o [1]
f_sync                   0x801'20a7    0xa0  Code  Gb  ff.o [1]
f_write                  0x801'1e8f   0x218  Code  Gb  ff.o [1]
fbuff                   0x1000'0000  0x4000  Data  Gb  main.o [1]
ff_oem2uni               0x801'2d7f    0x3a  Code  Gb  ffunicode.o [1]
ff_uni2oem               0x801'2d39    0x46  Code  Gb  ffunicode.o [1]
ff_wtoupper              0x801'2db9    0xb6  Code  Gb  ffunicode.o [1]
ff_wtoupper::cvt1        0x802'c128   0x1f4  Data  Lc  ffunicode.o [1]
ff_wtoupper::cvt2        0x802'ced4    0xbc  Data  Lc  ffunicode.o [1]
files                   0x2000'238c   0x830  Data  Gb  tgui_filesscreenfuncs.o [1]
find_volume              0x801'16b1    0x6c  Code  Lc  ff.o [1]
finfo                   0x2000'5474   0x224  Data  Gb  main.o [1]
floorf                   0x801'fb3d          Code  Gb  floorf.o [4]
fnt12_data               0x802'ba74   0x6b4  Data  Gb  fnt12.o [1]
fnt12_width              0x802'c460   0x140  Data  Gb  fnt12.o [1]
fnt12bold_data           0x802'b2ec   0x788  Data  Gb  fnt12bold.o [1]
fnt12bold_width          0x802'c5a0   0x140  Data  Gb  fnt12bold.o [1]
fnt18_data               0x802'8270   0xea4  Data  Gb  fnt18.o [1]
fnt18_width              0x802'c6e0   0x140  Data  Gb  fnt18.o [1]
fnt18bold_data           0x802'71a8  0x10c8  Data  Gb  fnt18bold.o [1]
fnt18bold_width          0x802'c820   0x140  Data  Gb  fnt18bold.o [1]
fnt24_data               0x802'4340  0x195c  Data  Gb  fnt24.o [1]
fnt24_width              0x802'c960   0x140  Data  Gb  fnt24.o [1]
fnt24bold_data           0x802'22ac  0x2094  Data  Gb  fnt24bold.o [1]
fnt24bold_width          0x802'caa0   0x140  Data  Gb  fnt24bold.o [1]
follow_path              0x801'154d    0x9a  Code  Lc  ff.o [1]
font_fnt12              0x2000'0000     0xc  Data  Gb  fnt12.o [1]
font_fnt12bold          0x2000'000c     0xc  Data  Gb  fnt12bold.o [1]
font_fnt18              0x2000'0018     0xc  Data  Gb  fnt18.o [1]
font_fnt18bold          0x2000'0024     0xc  Data  Gb  fnt18bold.o [1]
font_fnt24              0x2000'0030     0xc  Data  Gb  fnt24.o [1]
font_fnt24bold          0x2000'003c     0xc  Data  Gb  fnt24bold.o [1]
fpws_header             0x2000'664c    0x30  Data  Gb  files_pws.o [1]
fpws_info               0x2000'64f4    0x54  Data  Gb  files_pws.o [1]
fpws_preview            0x2000'683c    0x1c  Data  Gb  files_pws.o [1]
free                     0x802'aefd     0x4  Code  Gb  heaptramp0.o [2]
gen_numname              0x801'0cb9    0xa2  Code  Lc  ff.o [1]
get_fat                  0x801'041d   0x10a  Code  Lc  ff.o [1]
get_fattime              0x801'2e99    0x50  Code  Gb  fatfs.o [1]
get_fileinfo             0x801'10f9   0x1c8  Code  Lc  ff.o [1]
get_ldnumber             0x801'15e7    0x4e  Code  Lc  ff.o [1]
hFlashSpi               0x2000'61e0    0x80  Data  Gb  fst_spi.o [1]
hFlashSpiDmaRx          0x2000'6380    0x60  Data  Gb  fst_spi.o [1]
hFlashSpiDmaTx          0x2000'63e0    0x60  Data  Gb  fst_spi.o [1]
hLcdDma                 0x2000'6440    0x60  Data  Gb  lcd_low.o [1]
hRTC                    0x2000'681c    0x20  Data  Gb  rtc.o [1]
hStepperTim             0x2000'6598    0x40  Data  Gb  tim.o [1]
hTouchSpi               0x2000'6160    0x80  Data  Gb  fst_spi.o [1]
hTouchSpiDmaRx          0x2000'6260    0x60  Data  Gb  fst_spi.o [1]
hTouchSpiDmaTx          0x2000'62c0    0x60  Data  Gb  fst_spi.o [1]
hUsbHost                0x2000'4054   0x3d8  Data  Gb  usb_host.o [1]
hZRefTim                0x2000'65d8    0x40  Data  Gb  tim.o [1]
hhcd_USB_OTG_FS         0x2000'51b0   0x2c4  Data  Gb  usbh_conf.o [1]
hsram1                  0x2000'6548    0x50  Data  Gb  fsmc.o [1]
idle()                   0x801'bf75     0xa  Code  Gb  motor.o [1]
idle()::idlecount       0x2000'68cc     0x4  Data  Lc  motor.o [1]
init_mparams             0x802'5cb7    0x32  Code  Lc  dlmalloc.o [2]
init_top                 0x802'5ce9    0x36  Code  Lc  dlmalloc.o [2]
lastfilenum             0x2000'0319     0x1  Data  Gb  tgui_filesscreenfuncs.o [1]
lcdui_bgcolor           0x2000'6950     0x2  Data  Gb  lcd_ui.o [1]
lcdui_color             0x2000'0314     0x2  Data  Gb  lcd_ui.o [1]
lcdui_current_font      0x2000'005c     0x4  Data  Gb  lcd_ui.o [1]
lcdui_current_font_type
                        0x2000'0316     0x1  Data  Gb  lcd_ui.o [1]
lcdui_cursor_x          0x2000'694c     0x2  Data  Gb  lcd_ui.o [1]
lcdui_cursor_y          0x2000'694e     0x2  Data  Gb  lcd_ui.o [1]
lcdui_height            0x2000'0312     0x2  Data  Gb  lcd_ui.o [1]
lcdui_width             0x2000'0310     0x2  Data  Gb  lcd_ui.o [1]
ld_clust                 0x801'0aad    0x26  Code  Lc  ff.o [1]
ld_dword                 0x801'0195    0x16  Code  Lc  ff.o [1]
ld_word                  0x801'0189     0xc  Code  Lc  ff.o [1]
ldexp                    0x801'9e51          Code  Gb  ldexp.o [4]
ldexpl                   0x801'9e51          Code  Gb  ldexp.o [4]
lngCurrent              0x2000'0058     0x4  Data  Gb  languages.o [1]
lngLanguages            0x2000'0048    0x10  Data  Gb  languages.o [1]
localeconv               0x801'98e5     0x4  Code  Gb  xlocale_c.o [2]
lroundf                  0x801'fcf1          Code  Gb  lroundf.o [4]
main                     0x801'a3c1   0x80e  Code  Gb  main.o [1]
mem_cmp                  0x801'01f1    0x1e  Code  Lc  ff.o [1]
mem_cpy                  0x801'01d1    0x14  Code  Lc  ff.o [1]
mem_set                  0x801'01e5     0xc  Code  Lc  ff.o [1]
memchr                   0x801'9949          Code  Gb  memchr.o [5]
mount_volume             0x801'171d   0x2c6  Code  Lc  ff.o [1]
move_window              0x801'0331    0x3e  Code  Lc  ff.o [1]
mparams                 0x2000'6858    0x18  Data  Lc  dlmalloc.o [2]
msg                     0x2000'5898   0x200  Data  Gb  main.o [1]
nomorefiles             0x2000'6960     0x1  Data  Gb  tgui_filesscreenfuncs.o [1]
oldUsbMounted           0x2000'695d     0x1  Data  Gb  tgui_filesscreenfuncs.o [1]
pfile_type              0x2000'695b     0x1  Data  Gb  prtfiles.o [1]
pick_lfn                 0x801'0b9d    0x90  Code  Lc  ff.o [1]
prepend_alloc            0x802'5d1f   0x346  Code  Lc  dlmalloc.o [2]
prt_file                0x2000'68d0     0x4  Data  Gb  prtfiles.o [1]
put_fat                  0x801'0527   0x15c  Code  Lc  ff.o [1]
put_lfn                  0x801'0c2d    0x84  Code  Lc  ff.o [1]
put_utf                  0x801'0285    0x5c  Code  Lc  ff.o [1]
remove_chain             0x801'0683    0x8e  Code  Lc  ff.o [1]
retSPIFL                0x2000'6955     0x1  Data  Gb  fatfs.o [1]
retUSBH                 0x2000'6954     0x1  Data  Gb  fatfs.o [1]
s_tfname                0x2000'3454   0x400  Data  Gb  main.o [1]
scalbln                  0x801'9e51          Code  Gb  ldexp.o [4]
scalblnl                 0x801'9e51          Code  Gb  ldexp.o [4]
scalbn                   0x801'9e51          Code  Gb  ldexp.o [4]
scalbnl                  0x801'9e51          Code  Gb  ldexp.o [4]
scale                    0x801'84ef    0x46  Code  Lc  xprintffull.o [2]
scrTimeTimer            0x2000'0318     0x1  Data  Gb  tgui_defaultfuncs.o [1]
sec_hand                0x2000'6940     0x4  Data  Lc  xfail_s.o [2]
segment_holding          0x802'5c9d    0x1a  Code  Lc  dlmalloc.o [2]
sfile                   0x1000'5028  0x1028  Data  Gb  main.o [1]
sprintf                  0x801'69f5    0x40  Code  Gb  sprintf.o [2]
sqrtf                    0x801'fc41          Code  Gb  sqrtf.o [4]
srvMode                 0x2000'695a     0x1  Data  Gb  main.o [1]
st_clust                 0x801'0ad3    0x2a  Code  Lc  ff.o [1]
st_dword                 0x801'01b9    0x18  Code  Lc  ff.o [1]
st_word                  0x801'01ab     0xe  Code  Lc  ff.o [1]
strcat                   0x802'9ef9    0x1e  Code  Gb  strcat.o [2]
strchr                   0x801'98f1          Code  Gb  strchr.o [5]
strcmp                   0x801'c1f5          Code  Gb  strcmp.o [5]
strcpy                   0x802'9ee1          Code  Gb  strcpy.o [5]
strcpy_utf(char *, char *)
                         0x801'79eb    0x28  Code  Gb  unicode_utils.o [1]
strlen                   0x801'3441          Code  Gb  strlen.o [5]
subdir                  0x2000'695f     0x1  Data  Gb  tgui_filesscreenfuncs.o [1]
sum_sfn                  0x801'0d5b    0x20  Code  Lc  ff.o [1]
sync_fs                  0x801'036f    0x94  Code  Lc  ff.o [1]
sync_window              0x801'02e1    0x50  Code  Lc  ff.o [1]
sys_alloc                0x802'625d   0x164  Code  Lc  dlmalloc.o [2]
sys_trim                 0x802'63c1    0x64  Code  Lc  dlmalloc.o [2]
systemInfo              0x2000'6870    0x10  Data  Gb  config.o [1]
tchar2uni                0x801'023f    0x46  Code  Lc  ff.o [1]
tfname                  0x1000'7078   0x400  Data  Gb  tgui.o [1]
tguiActiveScreen        0x2000'68e4     0x4  Data  Gb  tgui.o [1]
tguiDBuff               0x2000'6970  0x1000  Data  Gb  tgui.o [1]
tguiDefaultConfig       0x2000'67cc    0x28  Data  Gb  tgui.o [1]
tguiFBuff               0x2000'7970   0x200  Data  Gb  tgui.o [1]
tguiFile                0x1000'6050  0x1028  Data  Gb  tgui.o [1]
tguiMsgBoxButtons       0x2000'60b8    0xa8  Data  Gb  tgui.o [1]
tguiMsgeBox             0x2000'47c8   0x358  Data  Gb  tgui.o [1]
tguiScrFilesButtons     0x2000'4e68   0x348  Data  Gb  tgui.o [1]
tguiScrFilesListButtons
                        0x2000'2bbc   0x498  Data  Gb  tgui.o [1]
tguiScrInfoButtons      0x2000'442c   0x39c  Data  Gb  tgui.o [1]
tguiScrLanguageButtons  0x2000'5fbc    0xfc  Data  Gb  tgui.o [1]
tguiScrMainButtons      0x2000'5c70   0x150  Data  Gb  tgui.o [1]
tguiScrMovezButtons     0x2000'4b20   0x348  Data  Gb  tgui.o [1]
tguiScrServiceButtons   0x2000'5ec0    0xfc  Data  Gb  tgui.o [1]
tguiScreenFiles         0x2000'676c    0x30  Data  Gb  tgui.o [1]
tguiScreenFilesList     0x2000'679c    0x30  Data  Gb  tgui.o [1]
tguiScreenInfo          0x2000'670c    0x30  Data  Gb  tgui.o [1]
tguiScreenLanguage      0x2000'66dc    0x30  Data  Gb  tgui.o [1]
tguiScreenMain          0x2000'667c    0x30  Data  Gb  tgui.o [1]
tguiScreenMovez         0x2000'673c    0x30  Data  Gb  tgui.o [1]
tguiScreenService       0x2000'66ac    0x30  Data  Gb  tgui.o [1]
tguiTimer               0x2000'6958     0x1  Data  Gb  main.o [1]
tmalloc_large            0x802'6431   0x386  Code  Lc  dlmalloc.o [2]
tmalloc_small            0x802'67b7   0x200  Code  Lc  dlmalloc.o [2]
touch_buff              0x2000'6320    0x60  Data  Gb  fst_spi.o [1]
touch_info              0x2000'6890    0x10  Data  Gb  touch.o [1]
touch_point             0x2000'68e8     0x4  Data  Gb  touch.o [1]
tstrcat(unsigned short *, unsigned short *)
                         0x801'7a35    0x2c  Code  Gb  unicode_utils.o [1]
tstrcat_utf(unsigned short *, char *)
                         0x801'7a61    0x44  Code  Gb  unicode_utils.o [1]
tstrcpy(unsigned short *, unsigned short *)
                         0x801'7a13    0x22  Code  Gb  unicode_utils.o [1]
u_tfname                0x2000'3054   0x400  Data  Gb  main.o [1]
uc866                    0x802'cd0c   0x100  Data  Lc  ffunicode.o [1]
ufile                   0x1000'4000  0x1028  Data  Gb  main.o [1]
uwTick                  0x2000'68dc     0x4  Data  Gb  stm32f4xx_hal.o [1]
uwTickFreq              0x2000'0317     0x1  Data  Gb  stm32f4xx_hal.o [1]
uwTickPrio              0x2000'0060     0x4  Data  Gb  stm32f4xx_hal.o [1]
validate                 0x801'19e3    0x48  Code  Lc  ff.o [1]
zHoldTimer              0x2000'6959     0x1  Data  Gb  main.o [1]
zPlanner                0x2000'6964     0x1  Data  Gb  z_planner.o [1]


[1] = D:\Electronics\Projects\MKS_DLP_new\SRC\firmware\MKSDLP_Alter_Debug\Obj
[2] = dl7M_tlf.a
[3] = dlpp7M_tl_fc.a
[4] = m7M_tls.a
[5] = rt7M_tl.a
[6] = shb_l.a

  89 695 bytes of readonly  code memory
  32 679 bytes of readonly  data memory
  85 990 bytes of readwrite data memory

Errors: none
Warnings: none
