###############################################################################
#
# IAR ELF Linker V8.32.1.169/W32 for ARM                  21/Sep/2020  22:40:16
# Copyright 2007-2018 IAR Systems AB.
#
#    Output file  =  
#        D:\Electronics\Projects\MKS_DLP_new\SRC\firmware\MKSDLP_Alter_debug\Exe\MKS_DLP_new.out
#    Map file     =  
#        D:\Electronics\Projects\MKS_DLP_new\SRC\firmware\MKSDLP_Alter_debug\List\MKS_DLP_new.map
#    Command line =  
#        -f C:\Temp\EW7D82.tmp
#        (D:\Electronics\Projects\MKS_DLP_new\SRC\firmware\MKSDLP_Alter_Debug\Obj\config.o
#        D:\Electronics\Projects\MKS_DLP_new\SRC\firmware\MKSDLP_Alter_Debug\Obj\cpld_utils.o
#        D:\Electronics\Projects\MKS_DLP_new\SRC\firmware\MKSDLP_Alter_Debug\Obj\datetime.o
#        D:\Electronics\Projects\MKS_DLP_new\SRC\firmware\MKSDLP_Alter_Debug\Obj\diskio.o
#        D:\Electronics\Projects\MKS_DLP_new\SRC\firmware\MKSDLP_Alter_Debug\Obj\eeprom.o
#        D:\Electronics\Projects\MKS_DLP_new\SRC\firmware\MKSDLP_Alter_Debug\Obj\fatfs.o
#        D:\Electronics\Projects\MKS_DLP_new\SRC\firmware\MKSDLP_Alter_Debug\Obj\ff.o
#        D:\Electronics\Projects\MKS_DLP_new\SRC\firmware\MKSDLP_Alter_Debug\Obj\ff_gen_drv.o
#        D:\Electronics\Projects\MKS_DLP_new\SRC\firmware\MKSDLP_Alter_Debug\Obj\ffsystem.o
#        D:\Electronics\Projects\MKS_DLP_new\SRC\firmware\MKSDLP_Alter_Debug\Obj\ffunicode.o
#        D:\Electronics\Projects\MKS_DLP_new\SRC\firmware\MKSDLP_Alter_Debug\Obj\files_pws.o
#        D:\Electronics\Projects\MKS_DLP_new\SRC\firmware\MKSDLP_Alter_Debug\Obj\fnt12.o
#        D:\Electronics\Projects\MKS_DLP_new\SRC\firmware\MKSDLP_Alter_Debug\Obj\fnt12bold.o
#        D:\Electronics\Projects\MKS_DLP_new\SRC\firmware\MKSDLP_Alter_Debug\Obj\fnt170num_lcd.o
#        D:\Electronics\Projects\MKS_DLP_new\SRC\firmware\MKSDLP_Alter_Debug\Obj\fnt18.o
#        D:\Electronics\Projects\MKS_DLP_new\SRC\firmware\MKSDLP_Alter_Debug\Obj\fnt18bold.o
#        D:\Electronics\Projects\MKS_DLP_new\SRC\firmware\MKSDLP_Alter_Debug\Obj\fnt24.o
#        D:\Electronics\Projects\MKS_DLP_new\SRC\firmware\MKSDLP_Alter_Debug\Obj\fnt24bold.o
#        D:\Electronics\Projects\MKS_DLP_new\SRC\firmware\MKSDLP_Alter_Debug\Obj\fnt36.o
#        D:\Electronics\Projects\MKS_DLP_new\SRC\firmware\MKSDLP_Alter_Debug\Obj\fnt36num.o
#        D:\Electronics\Projects\MKS_DLP_new\SRC\firmware\MKSDLP_Alter_Debug\Obj\fsmc.o
#        D:\Electronics\Projects\MKS_DLP_new\SRC\firmware\MKSDLP_Alter_Debug\Obj\fst_spi.o
#        D:\Electronics\Projects\MKS_DLP_new\SRC\firmware\MKSDLP_Alter_Debug\Obj\gpio.o
#        D:\Electronics\Projects\MKS_DLP_new\SRC\firmware\MKSDLP_Alter_Debug\Obj\languages.o
#        D:\Electronics\Projects\MKS_DLP_new\SRC\firmware\MKSDLP_Alter_Debug\Obj\lcd_low.o
#        D:\Electronics\Projects\MKS_DLP_new\SRC\firmware\MKSDLP_Alter_Debug\Obj\lcd_ui.o
#        D:\Electronics\Projects\MKS_DLP_new\SRC\firmware\MKSDLP_Alter_Debug\Obj\main.o
#        D:\Electronics\Projects\MKS_DLP_new\SRC\firmware\MKSDLP_Alter_Debug\Obj\motor.o
#        D:\Electronics\Projects\MKS_DLP_new\SRC\firmware\MKSDLP_Alter_Debug\Obj\printing.o
#        D:\Electronics\Projects\MKS_DLP_new\SRC\firmware\MKSDLP_Alter_Debug\Obj\prtfiles.o
#        D:\Electronics\Projects\MKS_DLP_new\SRC\firmware\MKSDLP_Alter_Debug\Obj\rtc.o
#        D:\Electronics\Projects\MKS_DLP_new\SRC\firmware\MKSDLP_Alter_Debug\Obj\spi_flash.o
#        D:\Electronics\Projects\MKS_DLP_new\SRC\firmware\MKSDLP_Alter_Debug\Obj\spifl_diskio.o
#        D:\Electronics\Projects\MKS_DLP_new\SRC\firmware\MKSDLP_Alter_Debug\Obj\ssd_utils.o
#        D:\Electronics\Projects\MKS_DLP_new\SRC\firmware\MKSDLP_Alter_Debug\Obj\startup_stm32f407xx.o
#        D:\Electronics\Projects\MKS_DLP_new\SRC\firmware\MKSDLP_Alter_Debug\Obj\stm32f4xx_hal.o
#        D:\Electronics\Projects\MKS_DLP_new\SRC\firmware\MKSDLP_Alter_Debug\Obj\stm32f4xx_hal_cortex.o
#        D:\Electronics\Projects\MKS_DLP_new\SRC\firmware\MKSDLP_Alter_Debug\Obj\stm32f4xx_hal_dma.o
#        D:\Electronics\Projects\MKS_DLP_new\SRC\firmware\MKSDLP_Alter_Debug\Obj\stm32f4xx_hal_dma_ex.o
#        D:\Electronics\Projects\MKS_DLP_new\SRC\firmware\MKSDLP_Alter_Debug\Obj\stm32f4xx_hal_exti.o
#        D:\Electronics\Projects\MKS_DLP_new\SRC\firmware\MKSDLP_Alter_Debug\Obj\stm32f4xx_hal_flash.o
#        D:\Electronics\Projects\MKS_DLP_new\SRC\firmware\MKSDLP_Alter_Debug\Obj\stm32f4xx_hal_flash_ex.o
#        D:\Electronics\Projects\MKS_DLP_new\SRC\firmware\MKSDLP_Alter_Debug\Obj\stm32f4xx_hal_flash_ramfunc.o
#        D:\Electronics\Projects\MKS_DLP_new\SRC\firmware\MKSDLP_Alter_Debug\Obj\stm32f4xx_hal_gpio.o
#        D:\Electronics\Projects\MKS_DLP_new\SRC\firmware\MKSDLP_Alter_Debug\Obj\stm32f4xx_hal_hcd.o
#        D:\Electronics\Projects\MKS_DLP_new\SRC\firmware\MKSDLP_Alter_Debug\Obj\stm32f4xx_hal_i2c.o
#        D:\Electronics\Projects\MKS_DLP_new\SRC\firmware\MKSDLP_Alter_Debug\Obj\stm32f4xx_hal_msp.o
#        D:\Electronics\Projects\MKS_DLP_new\SRC\firmware\MKSDLP_Alter_Debug\Obj\stm32f4xx_hal_pwr.o
#        D:\Electronics\Projects\MKS_DLP_new\SRC\firmware\MKSDLP_Alter_Debug\Obj\stm32f4xx_hal_pwr_ex.o
#        D:\Electronics\Projects\MKS_DLP_new\SRC\firmware\MKSDLP_Alter_Debug\Obj\stm32f4xx_hal_rcc.o
#        D:\Electronics\Projects\MKS_DLP_new\SRC\firmware\MKSDLP_Alter_Debug\Obj\stm32f4xx_hal_rcc_ex.o
#        D:\Electronics\Projects\MKS_DLP_new\SRC\firmware\MKSDLP_Alter_Debug\Obj\stm32f4xx_hal_rtc.o
#        D:\Electronics\Projects\MKS_DLP_new\SRC\firmware\MKSDLP_Alter_Debug\Obj\stm32f4xx_hal_rtc_ex.o
#        D:\Electronics\Projects\MKS_DLP_new\SRC\firmware\MKSDLP_Alter_Debug\Obj\stm32f4xx_hal_spi.o
#        D:\Electronics\Projects\MKS_DLP_new\SRC\firmware\MKSDLP_Alter_Debug\Obj\stm32f4xx_hal_sram.o
#        D:\Electronics\Projects\MKS_DLP_new\SRC\firmware\MKSDLP_Alter_Debug\Obj\stm32f4xx_hal_tim.o
#        D:\Electronics\Projects\MKS_DLP_new\SRC\firmware\MKSDLP_Alter_Debug\Obj\stm32f4xx_hal_tim_ex.o
#        D:\Electronics\Projects\MKS_DLP_new\SRC\firmware\MKSDLP_Alter_Debug\Obj\stm32f4xx_it.o
#        D:\Electronics\Projects\MKS_DLP_new\SRC\firmware\MKSDLP_Alter_Debug\Obj\stm32f4xx_ll_fsmc.o
#        D:\Electronics\Projects\MKS_DLP_new\SRC\firmware\MKSDLP_Alter_Debug\Obj\stm32f4xx_ll_usb.o
#        D:\Electronics\Projects\MKS_DLP_new\SRC\firmware\MKSDLP_Alter_Debug\Obj\sys_timer.o
#        D:\Electronics\Projects\MKS_DLP_new\SRC\firmware\MKSDLP_Alter_Debug\Obj\system_stm32f4xx.o
#        D:\Electronics\Projects\MKS_DLP_new\SRC\firmware\MKSDLP_Alter_Debug\Obj\tgui.o
#        D:\Electronics\Projects\MKS_DLP_new\SRC\firmware\MKSDLP_Alter_Debug\Obj\tgui_clocksetscreenfuncs.o
#        D:\Electronics\Projects\MKS_DLP_new\SRC\firmware\MKSDLP_Alter_Debug\Obj\tgui_defaultfuncs.o
#        D:\Electronics\Projects\MKS_DLP_new\SRC\firmware\MKSDLP_Alter_Debug\Obj\tgui_filesscreenfuncs.o
#        D:\Electronics\Projects\MKS_DLP_new\SRC\firmware\MKSDLP_Alter_Debug\Obj\tgui_fileviewscreenfuncs.o
#        D:\Electronics\Projects\MKS_DLP_new\SRC\firmware\MKSDLP_Alter_Debug\Obj\tgui_infoscreenfuncs.o
#        D:\Electronics\Projects\MKS_DLP_new\SRC\firmware\MKSDLP_Alter_Debug\Obj\tgui_langscreenfuncs.o
#        D:\Electronics\Projects\MKS_DLP_new\SRC\firmware\MKSDLP_Alter_Debug\Obj\tgui_mainscreenfuncs.o
#        D:\Electronics\Projects\MKS_DLP_new\SRC\firmware\MKSDLP_Alter_Debug\Obj\tgui_messagebox.o
#        D:\Electronics\Projects\MKS_DLP_new\SRC\firmware\MKSDLP_Alter_Debug\Obj\tgui_movezscreenfuncs.o
#        D:\Electronics\Projects\MKS_DLP_new\SRC\firmware\MKSDLP_Alter_Debug\Obj\tgui_numenterscreenfuncs.o
#        D:\Electronics\Projects\MKS_DLP_new\SRC\firmware\MKSDLP_Alter_Debug\Obj\tgui_printscreenfuncs.o
#        D:\Electronics\Projects\MKS_DLP_new\SRC\firmware\MKSDLP_Alter_Debug\Obj\tgui_screensaverfuncs.o
#        D:\Electronics\Projects\MKS_DLP_new\SRC\firmware\MKSDLP_Alter_Debug\Obj\tgui_settingsscreenfuncs.o
#        D:\Electronics\Projects\MKS_DLP_new\SRC\firmware\MKSDLP_Alter_Debug\Obj\tim.o
#        D:\Electronics\Projects\MKS_DLP_new\SRC\firmware\MKSDLP_Alter_Debug\Obj\touch.o
#        D:\Electronics\Projects\MKS_DLP_new\SRC\firmware\MKSDLP_Alter_Debug\Obj\unicode_utils.o
#        D:\Electronics\Projects\MKS_DLP_new\SRC\firmware\MKSDLP_Alter_Debug\Obj\usb_host.o
#        D:\Electronics\Projects\MKS_DLP_new\SRC\firmware\MKSDLP_Alter_Debug\Obj\usbh_conf.o
#        D:\Electronics\Projects\MKS_DLP_new\SRC\firmware\MKSDLP_Alter_Debug\Obj\usbh_core.o
#        D:\Electronics\Projects\MKS_DLP_new\SRC\firmware\MKSDLP_Alter_Debug\Obj\usbh_ctlreq.o
#        D:\Electronics\Projects\MKS_DLP_new\SRC\firmware\MKSDLP_Alter_Debug\Obj\usbh_diskio.o
#        D:\Electronics\Projects\MKS_DLP_new\SRC\firmware\MKSDLP_Alter_Debug\Obj\usbh_ioreq.o
#        D:\Electronics\Projects\MKS_DLP_new\SRC\firmware\MKSDLP_Alter_Debug\Obj\usbh_msc.o
#        D:\Electronics\Projects\MKS_DLP_new\SRC\firmware\MKSDLP_Alter_Debug\Obj\usbh_msc_bot.o
#        D:\Electronics\Projects\MKS_DLP_new\SRC\firmware\MKSDLP_Alter_Debug\Obj\usbh_msc_scsi.o
#        D:\Electronics\Projects\MKS_DLP_new\SRC\firmware\MKSDLP_Alter_Debug\Obj\usbh_pipes.o
#        D:\Electronics\Projects\MKS_DLP_new\SRC\firmware\MKSDLP_Alter_Debug\Obj\usbh_platform.o
#        D:\Electronics\Projects\MKS_DLP_new\SRC\firmware\MKSDLP_Alter_Debug\Obj\uvdisplay.o
#        D:\Electronics\Projects\MKS_DLP_new\SRC\firmware\MKSDLP_Alter_Debug\Obj\z_endstops.o
#        D:\Electronics\Projects\MKS_DLP_new\SRC\firmware\MKSDLP_Alter_Debug\Obj\z_planner.o
#        D:\Electronics\Projects\MKS_DLP_new\SRC\firmware\MKSDLP_Alter_Debug\Obj\z_stepper.o
#        --redirect _Printf=_PrintfFull --redirect _Scanf=_ScanfFull
#        --no_out_extension -o
#        D:\Electronics\Projects\MKS_DLP_new\SRC\firmware\MKSDLP_Alter_debug\Exe\MKS_DLP_new.out
#        --map
#        D:\Electronics\Projects\MKS_DLP_new\SRC\firmware\MKSDLP_Alter_debug\List\MKS_DLP_new.map
#        --log libraries,call_graph --log_file
#        D:\Electronics\Projects\MKS_DLP_new\SRC\firmware\MKSDLP_Alter_debug\List\MKS_DLP_new.log
#        --config
#        D:\Electronics\Projects\MKS_DLP_new\SRC\firmware/config/stm32f407xx_flash.icf
#        --semihosting --entry __iar_program_start --merge_duplicate_sections
#        --vfe --text_out locale)
#
###############################################################################

*******************************************************************************
*** RUNTIME MODEL ATTRIBUTES
***

CppFlavor                     = *
__CPP_Exceptions              = Disabled
__CPP_Language                = C++14
__Heap_Handler                = DLMalloc
__SystemLibrary               = DLib
__dlib_dynamic_initialization = normal
__dlib_version                = 6


*******************************************************************************
*** HEAP SELECTION
***

The advanced heap was selected because the application calls memory
allocation functions outside of system library functions, and there
are calls to deallocation functions in the application.


*******************************************************************************
*** PLACEMENT SUMMARY
***

"A0":  place at 0x801'0000 { ro section .intvec };
"P1":  place in [from 0x801'0000 to 0x807'ffff] { ro };
define block CSTACK with size = 16K, alignment = 8 { };
define block HEAP with size = 8K, alignment = 8 { };
"P2":  place in [from 0x2000'0000 to 0x2001'ffff] {
          rw, block CSTACK, block HEAP };
"P3":  place in [from 0x1000'0000 to 0x1000'ffff] { rw section CCMRAM };
initialize by copy { rw };

  Section                Kind         Address     Size  Object
  -------                ----         -------     ----  ------
"A0":                                            0x188
  .intvec                ro code   0x801'0000    0x188  startup_stm32f407xx.o [1]
                                 - 0x801'0188    0x188

"P1":                                          0x35255
  .rodata                const     0x801'0188   0x66f0  fnt170num_lcd.o [1]
  .text                  ro code   0x801'6878   0x45a8  tgui.o [1]
  .text                  ro code   0x801'ae20     0x66  ABImemset.o [5]
  .text                  ro code   0x801'ae86     0x7a  lz77_init_single.o [5]
  .text                  ro code   0x801'af00    0xaf8  tgui_defaultfuncs.o [1]
  .text                  ro code   0x801'b9f8     0xa6  ABImemcpy.o [5]
  .text                  ro code   0x801'ba9e     0x3a  zero_init3.o [5]
  .text                  ro code   0x801'bad8     0x40  languages.o [1]
  .text                  ro code   0x801'bb18    0x754  tgui_messagebox.o [1]
  .text                  ro code   0x801'c26c    0x20c  sys_timer.o [1]
  .text                  ro code   0x801'c478    0x26c  datetime.o [1]
  .text                  ro code   0x801'c6e4     0x40  sprintf.o [2]
  .text                  ro code   0x801'c724    0xc20  lcd_ui.o [1]
  .text                  ro code   0x801'd344    0x520  lcd_low.o [1]
  .text                  ro code   0x801'd864   0x2be0  ff.o [1]
  .text                  ro code   0x802'0444    0x39a  unicode_utils.o [1]
  .text                  ro code   0x802'07de     0x26  xencoding_8859_1.o [2]
  .text                  ro code   0x802'0804    0x2d4  touch.o [1]
  .text                  ro code   0x802'0ad8     0x70  strncpy.o [5]
  .text                  ro code   0x802'0b48    0x418  stm32f4xx_hal_rtc.o [1]
  .text                  ro code   0x802'0f60      0xc  stm32f4xx_hal.o [1]
  .text                  ro code   0x802'0f6c    0xf46  xprintffull.o [2]
  .text                  ro code   0x802'1eb2     0x1e  xsscin.o [2]
  .text                  ro code   0x802'1ed0     0x28  stm32f4xx_hal.o [1]
  .text                  ro code   0x802'1ef8    0x114  fsmc.o [1]
  .text                  ro code   0x802'200c    0x458  stm32f4xx_hal_dma.o [1]
  .text                  ro code   0x802'2464    0x12c  stm32f4xx_hal_cortex.o [1]
  .text                  ro code   0x802'2590     0xb0  diskio.o [1]
  .text                  ro code   0x802'2640    0x144  ffunicode.o [1]
  .text                  ro code   0x802'2784    0x158  fatfs.o [1]
  .text                  ro code   0x802'28dc    0x5a0  fst_spi.o [1]
  .text                  ro code   0x802'2e7c    0x104  xlocale_c.o [2]
  .text                  ro code   0x802'2f80     0x16  strchr.o [5]
  .text                  ro code   0x802'2f96      0xa  xsprout.o [2]
  .text                  ro code   0x802'2fa0     0x40  xfail_s.o [2]
  .text                  ro code   0x802'2fe0     0x36  strlen.o [5]
  .rodata                const     0x802'3016      0x2  languages.o [1]
  .text                  ro code   0x802'3018     0x58  memchr.o [5]
  .text                  ro code   0x802'3070      0xa  xmbcurmax.o [2]
  .rodata                const     0x802'307a      0x2  languages.o [1]
  .text                  ro code   0x802'307c    0x230  I64DivMod.o [5]
  .text                  ro code   0x802'32ac    0x1a2  DblMul.o [4]
  .rodata                const     0x802'344e      0x1  unwind_debug.o [6]
  .text                  ro code   0x802'3450     0x70  frexp.o [4]
  .text                  ro code   0x802'34c0     0x2e  DblCmpLe.o [4]
  .text                  ro code   0x802'34f0     0x2e  DblCmpGe.o [4]
  .text                  ro code   0x802'3520    0x13a  ldexp.o [4]
  .text                  ro code   0x802'365c     0x3a  DblToS32.o [4]
  .text                  ro code   0x802'3698     0x22  S32ToDbl.o [4]
  .text                  ro code   0x802'36bc     0xe2  DblSub.o [4]
  .text                  ro code   0x802'37a0    0x246  DblDiv.o [4]
  .text                  ro code   0x802'39e8     0x28  DblToU32.o [4]
  .text                  ro code   0x802'3a10     0x1a  U32ToDbl.o [4]
  .text                  ro code   0x802'3a2c      0x6  ABImemclr4.o [5]
  .text                  ro code   0x802'3a34     0x5c  stm32f4xx_hal_sram.o [1]
  .text                  ro code   0x802'3a90   0x1356  main.o [1]
  .text                  ro code   0x802'4de8    0x252  stm32f4xx_hal_gpio.o [1]
  .text                  ro code   0x802'503c     0x54  ff_gen_drv.o [1]
  .text                  ro code   0x802'5090    0x766  stm32f4xx_hal_spi.o [1]
  .text                  ro code   0x802'57f6      0x6  abort.o [2]
  .text                  ro code   0x802'57fc      0x2  stm32f4xx_hal_spi.o [1]
  .text                  ro code   0x802'5800    0x17a  DblAdd.o [4]
  .text                  ro code   0x802'597c     0x32  ABImemset48.o [5]
  .text                  ro code   0x802'59b0     0xe4  stm32f4xx_ll_fsmc.o [1]
  .text                  ro code   0x802'5a94     0x34  stm32f4xx_hal.o [1]
  .text                  ro code   0x802'5ac8    0x2dc  gpio.o [1]
  .text                  ro code   0x802'5da4    0x5e4  eeprom.o [1]
  .text                  ro code   0x802'6388    0xec4  config.o [1]
  .text                  ro code   0x802'724c    0x304  spi_flash.o [1]
  .text                  ro code   0x802'7550     0xc8  rtc.o [1]
  .text                  ro code   0x802'7618    0x2f0  motor.o [1]
  .text                  ro code   0x802'7908    0x1de  cpld_utils.o [1]
  .text                  ro code   0x802'7ae8     0x1c  uvdisplay.o [1]
  .text                  ro code   0x802'7b04     0x20  usbh_platform.o [1]
  .text                  ro code   0x802'7b24     0x8c  usb_host.o [1]
  .text                  ro code   0x802'7bb0     0x12  strcmp.o [5]
  .text                  ro code   0x802'7bc4    0x3c8  tgui_screensaverfuncs.o [1]
  .text                  ro code   0x802'7f8c     0x48  FltToDbl.o [4]
  .text                  ro code   0x802'7fd4     0x68  DblToFlt.o [4]
  .text                  ro code   0x802'803c    0x524  tgui_movezscreenfuncs.o [1]
  .text                  ro code   0x802'8560    0x3e4  prtfiles.o [1]
  .text                  ro code   0x802'8944    0x5bc  printing.o [1]
  .text                  ro code   0x802'8f00    0x3b4  stm32f4xx_hal_rcc.o [1]
  .text                  ro code   0x802'92b4    0x1f4  stm32f4xx_hal_rcc.o [1]
  .text                  ro code   0x802'94a8    0x150  stm32f4xx_hal_rcc_ex.o [1]
  .text                  ro code   0x802'95f8     0x14  exit.o [6]
  .text                  ro code   0x802'960c     0x4c  stm32f4xx_hal.o [1]
  .text                  ro code   0x802'9658     0x40  stm32f4xx_hal_msp.o [1]
  .text                  ro code   0x802'9698    0x1ea  stm32f4xx_hal_i2c.o [1]
  .text                  ro code   0x802'9884      0xe  math_wrappers64.o [4]
  .text                  ro code   0x802'9894    0x152  iar_Stoulx.o [2]
  .text                  ro code   0x802'99e6     0x20  spi_flash.o [1]
  .text                  ro code   0x802'9a08     0xe4  z_endstops.o [1]
  .text                  ro code   0x802'9aec    0xe34  z_planner.o [1]
  .text                  ro code   0x802'a920    0x5a4  z_stepper.o [1]
  .text                  ro code   0x802'aec4    0x1e8  tim.o [1]
  .text                  ro code   0x802'b0ac    0x78a  stm32f4xx_hal_tim.o [1]
  .text                  ro code   0x802'b838     0x14  motor.o [1]
  .text                  ro code   0x802'b84c      0xc  z_endstops.o [1]
  .text                  ro code   0x802'b858     0x18  z_endstops.o [1]
  .text                  ro code   0x802'b870     0x20  z_stepper.o [1]
  .text                  ro code   0x802'b890     0x20  motor.o [1]
  .text                  ro code   0x802'b8b0     0x42  cpld_utils.o [1]
  .text                  ro code   0x802'b8f4    0x5c8  ssd_utils.o [1]
  .text                  ro code   0x802'bebc    0x79e  usbh_core.o [1]
  .text                  ro code   0x802'c65c    0x4cc  files_pws.o [1]
  .text                  ro code   0x802'cb28     0x1e  sqrtf.o [4]
  .text                  ro code   0x802'cb48    0x51c  strto64.o [4]
  .text                  ro code   0x802'd064     0x14  isspace.o [2]
  .text                  ro code   0x802'd078     0x14  tolower.o [2]
  .text                  ro code   0x802'd08c     0x18  z_stepper.o [1]
  .text                  ro code   0x802'd0a4     0x24  z_planner.o [1]
  .text                  ro code   0x802'd0c8     0x18  z_planner.o [1]
  .text                  ro code   0x802'd0e0      0x8  z_stepper.o [1]
  .text                  ro code   0x802'd0e8     0x3c  ceilf.o [4]
  .text                  ro code   0x802'd124     0xac  z_planner.o [1]
  .text                  ro code   0x802'd1d0     0x3c  floorf.o [4]
  .text                  ro code   0x802'd20c     0xbc  z_planner.o [1]
  .text                  ro code   0x802'd2c8     0x12  z_planner.o [1]
  .text                  ro code   0x802'd2da      0x8  z_planner.o [1]
  .text                  ro code   0x802'd2e4     0x20  z_stepper.o [1]
  .text                  ro code   0x802'd304     0x10  z_stepper.o [1]
  .text                  ro code   0x802'd314      0xc  z_stepper.o [1]
  .text                  ro code   0x802'd320     0x38  z_planner.o [1]
  .text                  ro code   0x802'd358     0x18  z_planner.o [1]
  .text                  ro code   0x802'd370     0x2e  lroundf.o [4]
  .text                  ro code   0x802'd3a0     0x1c  z_stepper.o [1]
  .text                  ro code   0x802'd3bc     0x2c  z_stepper.o [1]
  .text                  ro code   0x802'd3e8     0xac  stm32f4xx_hal_tim_ex.o [1]
  .text                  ro code   0x802'd494    0x2f8  usbh_conf.o [1]
  .text                  ro code   0x802'd78c     0xb6  usbh_pipes.o [1]
  .text                  ro code   0x802'd842    0x5bc  usbh_ctlreq.o [1]
  .text                  ro code   0x802'ddfe    0x122  iar_Stopfx.o [2]
  .text                  ro code   0x802'df20    0x1c4  iar_Stoflt.o [2]
  .text                  ro code   0x802'e0e4    0x21c  iar_Stoxflt.o [2]
  .text                  ro code   0x802'e300     0x10  z_stepper.o [1]
  .text                  ro code   0x802'e310      0xe  z_planner.o [1]
  .text                  ro code   0x802'e320     0x1c  z_stepper.o [1]
  .text                  ro code   0x802'e33c   0x1060  stm32f4xx_hal_hcd.o [1]
  .text                  ro code   0x802'f39c     0xd0  usbh_ioreq.o [1]
  .text                  ro code   0x802'f46c     0x14  isalpha.o [2]
  .text                  ro code   0x802'f480    0x9c4  stm32f4xx_ll_usb.o [1]
  .rodata                const     0x802'fe44   0x3b94  fnt36.o [1]
  .rodata                const     0x803'39d8   0x2094  fnt24bold.o [1]
  .rodata                const     0x803'5a6c   0x1a1c  fnt24.o [1]
  .text                  ro code   0x803'7488   0x14e0  dlmalloc.o [2]
  .text                  ro code   0x803'8968     0x2c  xgetmemchunk.o [2]
  .rodata                const     0x803'8994   0x10c8  fnt18bold.o [1]
  .text                  ro code   0x803'9a5c    0xeb8  tgui_filesscreenfuncs.o [1]
  .text                  ro code   0x803'a914     0x18  strcpy.o [5]
  .text                  ro code   0x803'a92c     0x1e  strcat.o [2]
  .text                  ro code   0x803'a94c    0xb70  tgui_fileviewscreenfuncs.o [1]
  .rodata                const     0x803'b4bc    0xea4  fnt18.o [1]
  .text                  ro code   0x803'c360    0xe58  xscanffull.o [2]
  .text                  ro code   0x803'd1b8     0x3c  wctob.o [2]
  .text                  ro code   0x803'd1f4     0x9e  iar_Stollx.o [2]
  .text                  ro code   0x803'd294    0x1b2  iar_Stoullx.o [2]
  .text                  ro code   0x803'd448    0x94c  tgui_printscreenfuncs.o [1]
  .text                  ro code   0x803'dd94    0x8b4  usbh_msc.o [1]
  .text                  ro code   0x803'e648    0x394  usbh_msc_bot.o [1]
  .text                  ro code   0x803'e9dc      0x4  heaptramp0.o [2]
  .text                  ro code   0x803'e9e0    0x3ea  usbh_msc_scsi.o [1]
  .rodata                const     0x803'edcc    0x788  fnt12bold.o [1]
  .rodata                const     0x803'f554    0x6b4  fnt12.o [1]
  .rodata                const     0x803'fc08    0x684  fnt36num.o [1]
  .text                  ro code   0x804'028c    0x680  tgui_clocksetscreenfuncs.o [1]
  .text                  ro code   0x804'090c    0x620  tgui_numenterscreenfuncs.o [1]
  .text                  ro code   0x804'0f2c     0x28  sscanf.o [2]
  .text                  ro code   0x804'0f54    0x474  tgui_infoscreenfuncs.o [1]
  .text                  ro code   0x804'13c8    0x400  tgui_settingsscreenfuncs.o [1]
  .rodata                const     0x804'17c8    0x1f4  ffunicode.o [1]
  .rodata                const     0x804'19bc    0x1d0  languages.o [1]
  .rodata                const     0x804'1b8c    0x1d0  languages.o [1]
  .text                  ro code   0x804'1d5c    0x144  usbh_diskio.o [1]
  .rodata                const     0x804'1ea0    0x140  fnt12.o [1]
  .rodata                const     0x804'1fe0    0x140  fnt12bold.o [1]
  .rodata                const     0x804'2120    0x140  fnt18.o [1]
  .rodata                const     0x804'2260    0x140  fnt18bold.o [1]
  .rodata                const     0x804'23a0    0x140  fnt24.o [1]
  .rodata                const     0x804'24e0    0x140  fnt24bold.o [1]
  .rodata                const     0x804'2620    0x140  fnt36.o [1]
  .text                  ro code   0x804'2760    0x12c  spifl_diskio.o [1]
  .rodata                const     0x804'288c    0x100  ffunicode.o [1]
  .rodata                const     0x804'298c     0xc8  languages.o [1]
  .rodata                const     0x804'2a54     0xbc  ffunicode.o [1]
  .rodata                const     0x804'2b10     0x9c  languages.o [1]
  .text                  ro code   0x804'2bac     0x9c  stm32f4xx_it.o [1]
  .rodata                const     0x804'2c48     0x80  ff.o [1]
  .rodata                const     0x804'2cc8     0x78  languages.o [1]
  .rodata                const     0x804'2d40     0x74  languages.o [1]
  .rodata                const     0x804'2db4     0x74  languages.o [1]
  .rodata                const     0x804'2e28     0x70  languages.o [1]
  .rodata                const     0x804'2e98     0x70  languages.o [1]
  .rodata                const     0x804'2f08     0x68  languages.o [1]
  .rodata                const     0x804'2f70     0x68  languages.o [1]
  .rodata                const     0x804'2fd8     0x68  languages.o [1]
  .rodata                const     0x804'3040     0x54  languages.o [1]
  .rodata                const     0x804'3094     0x54  languages.o [1]
  .rodata                const     0x804'30e8     0x50  iar_Stoulx.o [2]
  .rodata                const     0x804'3138     0x50  iar_Stoullx.o [2]
  .rodata                const     0x804'3188     0x4c  languages.o [1]
  .rodata                const     0x804'31d4     0x4c  xscanffull.o [2]
  .rodata                const     0x804'3220     0x48  languages.o [1]
  .rodata                const     0x804'3268     0x48  strto64.o [4]
  .rodata                const     0x804'32b0     0x44  languages.o [1]
  .rodata                const     0x804'32f4     0x40  languages.o [1]
  .rodata                const     0x804'3334     0x3c  languages.o [1]
  .rodata                const     0x804'3370     0x3c  languages.o [1]
  .rodata                const     0x804'33ac     0x3c  languages.o [1]
  .rodata                const     0x804'33e8     0x3c  languages.o [1]
  .rodata                const     0x804'3424     0x3c  languages.o [1]
  .rodata                const     0x804'3460     0x38  fnt170num_lcd.o [1]
  .rodata                const     0x804'3498     0x38  fnt36num.o [1]
  .rodata                const     0x804'34d0     0x38  languages.o [1]
  .rodata                const     0x804'3508     0x38  languages.o [1]
  .rodata                const     0x804'3540     0x38  main.o [1]
  .rodata                const     0x804'3578     0x34  languages.o [1]
  .rodata                const     0x804'35ac     0x34  languages.o [1]
  .rodata                const     0x804'35e0     0x34  main.o [1]
  .rodata                const     0x804'3614     0x34  main.o [1]
  .rodata                const     0x804'3648     0x30  languages.o [1]
  .rodata                const     0x804'3678     0x30  languages.o [1]
  .rodata                const     0x804'36a8     0x30  languages.o [1]
  .rodata                const     0x804'36d8     0x30  languages.o [1]
  .rodata                const     0x804'3708     0x30  main.o [1]
  .rodata                const     0x804'3738     0x30  main.o [1]
  .rodata                const     0x804'3768     0x30  main.o [1]
  .rodata                const     0x804'3798     0x2c  languages.o [1]
  .rodata                const     0x804'37c4     0x2c  languages.o [1]
  .rodata                const     0x804'37f0     0x2c  languages.o [1]
  .rodata                const     0x804'381c     0x2c  main.o [1]
  .rodata                const     0x804'3848     0x2c  main.o [1]
  .rodata                const     0x804'3874     0x28  languages.o [1]
  .rodata                const     0x804'389c     0x28  languages.o [1]
  .rodata                const     0x804'38c4     0x28  main.o [1]
  .rodata                const     0x804'38ec     0x28  xscanffull.o [2]
  .text                  ro code   0x804'3914     0x28  data_init.o [5]
  .rodata                const     0x804'393c     0x24  languages.o [1]
  .rodata                const     0x804'3960     0x24  languages.o [1]
  .rodata                const     0x804'3984     0x24  languages.o [1]
  .rodata                const     0x804'39a8     0x24  main.o [1]
  .rodata                const     0x804'39cc     0x24  tgui_infoscreenfuncs.o [1]
  .text                  ro code   0x804'39f0     0x22  fpinit_M.o [4]
  .iar.init_table        const     0x804'3a14     0x24  - Linker created -
  .rodata                const     0x804'3a38     0x20  languages.o [1]
  .rodata                const     0x804'3a58     0x20  languages.o [1]
  .rodata                const     0x804'3a78     0x20  languages.o [1]
  .rodata                const     0x804'3a98     0x20  languages.o [1]
  .rodata                const     0x804'3ab8     0x20  languages.o [1]
  .rodata                const     0x804'3ad8     0x20  languages.o [1]
  .rodata                const     0x804'3af8     0x20  languages.o [1]
  .rodata                const     0x804'3b18     0x20  main.o [1]
  .rodata                const     0x804'3b38     0x20  tgui.o [1]
  .rodata                const     0x804'3b58     0x20  tgui.o [1]
  .rodata                const     0x804'3b78     0x20  tgui.o [1]
  .rodata                const     0x804'3b98     0x20  tgui.o [1]
  .rodata                const     0x804'3bb8     0x20  tgui.o [1]
  .rodata                const     0x804'3bd8     0x20  tgui.o [1]
  .rodata                const     0x804'3bf8     0x20  tgui.o [1]
  .rodata                const     0x804'3c18     0x20  tgui_printscreenfuncs.o [1]
  .text                  ro code   0x804'3c38     0x20  system_stm32f4xx.o [1]
  .text                  ro code   0x804'3c58     0x20  cmain_call_ctors.o [5]
  .text                  ro code   0x804'3c78     0x18  cppinit.o [2]
  .text                  ro code   0x804'3c90     0x1e  cmain.o [5]
  .text                  ro code   0x804'3cae      0x4  low_level_init.o [2]
  .text                  ro code   0x804'3cb2      0x4  exit.o [2]
  .text                  ro code   0x804'3cb8      0xa  cexit.o [5]
  .rodata                const     0x804'3cc4     0x1c  languages.o [1]
  .rodata                const     0x804'3ce0     0x1c  languages.o [1]
  .rodata                const     0x804'3cfc     0x1c  languages.o [1]
  .rodata                const     0x804'3d18     0x1c  languages.o [1]
  .rodata                const     0x804'3d34     0x1c  languages.o [1]
  .rodata                const     0x804'3d50     0x1c  languages.o [1]
  .rodata                const     0x804'3d6c     0x1c  languages.o [1]
  .rodata                const     0x804'3d88     0x1c  languages.o [1]
  .rodata                const     0x804'3da4     0x1c  languages.o [1]
  .rodata                const     0x804'3dc0     0x1c  languages.o [1]
  .rodata                const     0x804'3ddc     0x1c  languages.o [1]
  .rodata                const     0x804'3df8     0x1c  tgui.o [1]
  .rodata                const     0x804'3e14     0x1c  tgui.o [1]
  .rodata                const     0x804'3e30     0x1c  tgui.o [1]
  .rodata                const     0x804'3e4c     0x1c  tgui.o [1]
  .rodata                const     0x804'3e68     0x1c  tgui.o [1]
  .rodata                const     0x804'3e84     0x1c  tgui.o [1]
  .rodata                const     0x804'3ea0     0x1c  tgui.o [1]
  .rodata                const     0x804'3ebc     0x1c  tgui.o [1]
  .rodata                const     0x804'3ed8     0x1c  tgui.o [1]
  .rodata                const     0x804'3ef4     0x1c  tgui.o [1]
  .rodata                const     0x804'3f10     0x1c  tgui.o [1]
  .rodata                const     0x804'3f2c     0x1c  tgui.o [1]
  .rodata                const     0x804'3f48     0x1c  tgui.o [1]
  .rodata                const     0x804'3f64     0x1c  tgui.o [1]
  .rodata                const     0x804'3f80     0x1c  tgui.o [1]
  .rodata                const     0x804'3f9c     0x1c  tgui.o [1]
  .rodata                const     0x804'3fb8     0x1c  tgui.o [1]
  .rodata                const     0x804'3fd4     0x1c  tgui.o [1]
  .rodata                const     0x804'3ff0     0x1c  tgui.o [1]
  .rodata                const     0x804'400c     0x1c  tgui.o [1]
  .rodata                const     0x804'4028     0x1c  tgui.o [1]
  .rodata                const     0x804'4044     0x1c  tgui.o [1]
  .rodata                const     0x804'4060     0x1c  tgui.o [1]
  .rodata                const     0x804'407c     0x1c  tgui.o [1]
  .rodata                const     0x804'4098     0x1c  tgui.o [1]
  .rodata                const     0x804'40b4     0x1c  tgui.o [1]
  .rodata                const     0x804'40d0     0x1c  tgui.o [1]
  .rodata                const     0x804'40ec     0x1c  tgui.o [1]
  .rodata                const     0x804'4108     0x1c  tgui.o [1]
  .rodata                const     0x804'4124     0x1c  tgui_fileviewscreenfuncs.o [1]
  .rodata                const     0x804'4140     0x1c  tgui_infoscreenfuncs.o [1]
  .text                  ro code   0x804'415c     0x1c  tgui_langscreenfuncs.o [1]
  .rodata                const     0x804'4178     0x18  config.o [1]
  .rodata                const     0x804'4190     0x18  config.o [1]
  .rodata                const     0x804'41a8     0x18  config.o [1]
  .rodata                const     0x804'41c0     0x18  config.o [1]
  .rodata                const     0x804'41d8     0x18  config.o [1]
  .rodata                const     0x804'41f0     0x18  datetime.o [1]
  .rodata                const     0x804'4208     0x18  datetime.o [1]
  .rodata                const     0x804'4220     0x18  languages.o [1]
  .rodata                const     0x804'4238     0x18  languages.o [1]
  .rodata                const     0x804'4250     0x18  languages.o [1]
  .rodata                const     0x804'4268     0x18  languages.o [1]
  .rodata                const     0x804'4280     0x18  languages.o [1]
  .rodata                const     0x804'4298     0x18  languages.o [1]
  .rodata                const     0x804'42b0     0x18  main.o [1]
  .rodata                const     0x804'42c8     0x18  main.o [1]
  .rodata                const     0x804'42e0     0x18  main.o [1]
  .rodata                const     0x804'42f8     0x18  tgui.o [1]
  .rodata                const     0x804'4310     0x18  tgui.o [1]
  .rodata                const     0x804'4328     0x18  tgui.o [1]
  .rodata                const     0x804'4340     0x18  tgui.o [1]
  .rodata                const     0x804'4358     0x18  tgui.o [1]
  .rodata                const     0x804'4370     0x18  tgui.o [1]
  .rodata                const     0x804'4388     0x18  tgui.o [1]
  .rodata                const     0x804'43a0     0x18  tgui.o [1]
  .rodata                const     0x804'43b8     0x18  tgui.o [1]
  .rodata                const     0x804'43d0     0x18  tgui.o [1]
  .rodata                const     0x804'43e8     0x18  tgui.o [1]
  .rodata                const     0x804'4400     0x18  tgui.o [1]
  .rodata                const     0x804'4418     0x18  tgui.o [1]
  .rodata                const     0x804'4430     0x18  tgui.o [1]
  .rodata                const     0x804'4448     0x18  tgui.o [1]
  .rodata                const     0x804'4460     0x18  tgui.o [1]
  .rodata                const     0x804'4478     0x18  tgui.o [1]
  .rodata                const     0x804'4490     0x18  tgui.o [1]
  .rodata                const     0x804'44a8     0x18  tgui.o [1]
  .rodata                const     0x804'44c0     0x18  tgui.o [1]
  .rodata                const     0x804'44d8     0x18  tgui.o [1]
  .rodata                const     0x804'44f0     0x18  tgui.o [1]
  .rodata                const     0x804'4508     0x18  tgui.o [1]
  .rodata                const     0x804'4520     0x18  tgui_filesscreenfuncs.o [1]
  .rodata                const     0x804'4538     0x18  tgui_filesscreenfuncs.o [1]
  .rodata                const     0x804'4550     0x14  config.o [1]
  .rodata                const     0x804'4564     0x14  config.o [1]
  .rodata                const     0x804'4578     0x14  config.o [1]
  .rodata                const     0x804'458c     0x14  config.o [1]
  .rodata                const     0x804'45a0     0x14  ff.o [1]
  .rodata                const     0x804'45b4     0x14  ff.o [1]
  .rodata                const     0x804'45c8     0x14  languages.o [1]
  .rodata                const     0x804'45dc     0x14  languages.o [1]
  .rodata                const     0x804'45f0     0x14  languages.o [1]
  .rodata                const     0x804'4604     0x14  languages.o [1]
  .rodata                const     0x804'4618     0x14  languages.o [1]
  .rodata                const     0x804'462c     0x14  languages.o [1]
  .rodata                const     0x804'4640     0x14  languages.o [1]
  .rodata                const     0x804'4654     0x14  languages.o [1]
  .rodata                const     0x804'4668     0x14  languages.o [1]
  .rodata                const     0x804'467c     0x14  spifl_diskio.o [1]
  .rodata                const     0x804'4690     0x14  tgui.o [1]
  .rodata                const     0x804'46a4     0x14  tgui.o [1]
  .rodata                const     0x804'46b8     0x14  tgui.o [1]
  .rodata                const     0x804'46cc     0x14  tgui.o [1]
  .rodata                const     0x804'46e0     0x14  tgui.o [1]
  .rodata                const     0x804'46f4     0x14  tgui.o [1]
  .rodata                const     0x804'4708     0x14  tgui.o [1]
  .rodata                const     0x804'471c     0x14  tgui_filesscreenfuncs.o [1]
  .rodata                const     0x804'4730     0x14  tgui_filesscreenfuncs.o [1]
  .rodata                const     0x804'4744     0x14  tgui_infoscreenfuncs.o [1]
  .rodata                const     0x804'4758     0x14  usbh_diskio.o [1]
  .rodata                const     0x804'476c     0x10  config.o [1]
  .rodata                const     0x804'477c     0x10  config.o [1]
  .rodata                const     0x804'478c     0x10  config.o [1]
  .rodata                const     0x804'479c     0x10  config.o [1]
  .rodata                const     0x804'47ac     0x10  config.o [1]
  .rodata                const     0x804'47bc     0x10  config.o [1]
  .rodata                const     0x804'47cc     0x10  ff.o [1]
  .rodata                const     0x804'47dc     0x10  ff.o [1]
  .rodata                const     0x804'47ec     0x10  ff.o [1]
  .rodata                const     0x804'47fc     0x10  ff.o [1]
  .rodata                const     0x804'480c     0x10  languages.o [1]
  .rodata                const     0x804'481c     0x10  languages.o [1]
  .rodata                const     0x804'482c     0x10  languages.o [1]
  .rodata                const     0x804'483c     0x10  languages.o [1]
  .rodata                const     0x804'484c     0x10  languages.o [1]
  .rodata                const     0x804'485c     0x10  languages.o [1]
  .rodata                const     0x804'486c     0x10  languages.o [1]
  .rodata                const     0x804'487c     0x10  languages.o [1]
  .rodata                const     0x804'488c     0x10  languages.o [1]
  .rodata                const     0x804'489c     0x10  languages.o [1]
  .rodata                const     0x804'48ac     0x10  languages.o [1]
  .rodata                const     0x804'48bc     0x10  languages.o [1]
  .rodata                const     0x804'48cc     0x10  languages.o [1]
  .rodata                const     0x804'48dc     0x10  languages.o [1]
  .rodata                const     0x804'48ec     0x10  languages.o [1]
  .rodata                const     0x804'48fc     0x10  languages.o [1]
  .rodata                const     0x804'490c     0x10  languages.o [1]
  .rodata                const     0x804'491c     0x10  languages.o [1]
  .rodata                const     0x804'492c     0x10  languages.o [1]
  .rodata                const     0x804'493c     0x10  languages.o [1]
  .rodata                const     0x804'494c     0x10  languages.o [1]
  .rodata                const     0x804'495c     0x10  main.o [1]
  .rodata                const     0x804'496c     0x10  main.o [1]
  .rodata                const     0x804'497c     0x10  system_stm32f4xx.o [1]
  .rodata                const     0x804'498c     0x10  tgui.o [1]
  .rodata                const     0x804'499c     0x10  tgui.o [1]
  .rodata                const     0x804'49ac     0x10  tgui.o [1]
  .rodata                const     0x804'49bc     0x10  tgui.o [1]
  .rodata                const     0x804'49cc     0x10  tgui.o [1]
  .rodata                const     0x804'49dc     0x10  tgui.o [1]
  .rodata                const     0x804'49ec     0x10  tgui_defaultfuncs.o [1]
  .text                  ro code   0x804'49fc     0x10  startup_stm32f407xx.o [1]
  .rodata                const     0x804'4a0c      0xc  config.o [1]
  .rodata                const     0x804'4a18      0xc  config.o [1]
  .rodata                const     0x804'4a24      0xc  config.o [1]
  .rodata                const     0x804'4a30      0xc  config.o [1]
  .rodata                const     0x804'4a3c      0xc  config.o [1]
  .rodata                const     0x804'4a48      0xc  config.o [1]
  .rodata                const     0x804'4a54      0xc  config.o [1]
  .rodata                const     0x804'4a60      0xc  ff.o [1]
  .rodata                const     0x804'4a6c      0xc  ff.o [1]
  .rodata                const     0x804'4a78      0xc  files_pws.o [1]
  .rodata                const     0x804'4a84      0xc  files_pws.o [1]
  .rodata                const     0x804'4a90      0xc  languages.o [1]
  .rodata                const     0x804'4a9c      0xc  languages.o [1]
  .rodata                const     0x804'4aa8      0xc  languages.o [1]
  .rodata                const     0x804'4ab4      0xc  languages.o [1]
  .rodata                const     0x804'4ac0      0xc  languages.o [1]
  .rodata                const     0x804'4acc      0xc  languages.o [1]
  .rodata                const     0x804'4ad8      0xc  languages.o [1]
  .rodata                const     0x804'4ae4      0xc  languages.o [1]
  .rodata                const     0x804'4af0      0xc  languages.o [1]
  .rodata                const     0x804'4afc      0xc  languages.o [1]
  .rodata                const     0x804'4b08      0xc  languages.o [1]
  .rodata                const     0x804'4b14      0xc  languages.o [1]
  .rodata                const     0x804'4b20      0xc  languages.o [1]
  .rodata                const     0x804'4b2c      0xc  languages.o [1]
  .rodata                const     0x804'4b38      0xc  languages.o [1]
  .rodata                const     0x804'4b44      0xc  languages.o [1]
  .rodata                const     0x804'4b50      0xc  languages.o [1]
  .rodata                const     0x804'4b5c      0xc  languages.o [1]
  .rodata                const     0x804'4b68      0xc  languages.o [1]
  .rodata                const     0x804'4b74      0xc  languages.o [1]
  .rodata                const     0x804'4b80      0xc  languages.o [1]
  .rodata                const     0x804'4b8c      0xc  languages.o [1]
  .rodata                const     0x804'4b98      0xc  languages.o [1]
  .rodata                const     0x804'4ba4      0xc  languages.o [1]
  .rodata                const     0x804'4bb0      0xc  languages.o [1]
  .rodata                const     0x804'4bbc      0xc  languages.o [1]
  .rodata                const     0x804'4bc8      0xc  languages.o [1]
  .rodata                const     0x804'4bd4      0xc  languages.o [1]
  .rodata                const     0x804'4be0      0xc  languages.o [1]
  .rodata                const     0x804'4bec      0xc  languages.o [1]
  .rodata                const     0x804'4bf8      0xc  languages.o [1]
  .rodata                const     0x804'4c04      0xc  languages.o [1]
  .rodata                const     0x804'4c10      0xc  languages.o [1]
  .rodata                const     0x804'4c1c      0xc  main.o [1]
  .rodata                const     0x804'4c28      0xc  main.o [1]
  .rodata                const     0x804'4c34      0xc  tgui.o [1]
  .rodata                const     0x804'4c40      0xc  tgui_clocksetscreenfuncs.o [1]
  .rodata                const     0x804'4c4c      0xc  tgui_fileviewscreenfuncs.o [1]
  .rodata                const     0x804'4c58      0xc  tgui_fileviewscreenfuncs.o [1]
  .rodata                const     0x804'4c64      0xc  tgui_fileviewscreenfuncs.o [1]
  .rodata                const     0x804'4c70      0xc  tgui_fileviewscreenfuncs.o [1]
  .rodata                const     0x804'4c7c      0xc  tgui_screensaverfuncs.o [1]
  .rodata                const     0x804'4c88      0xc  tgui_screensaverfuncs.o [1]
  .text                  ro code   0x804'4c94      0xc  cstartup_M.o [5]
  .rodata                const     0x804'4ca0      0x8  config.o [1]
  .rodata                const     0x804'4ca8      0x8  config.o [1]
  .rodata                const     0x804'4cb0      0x8  ff.o [1]
  .rodata                const     0x804'4cb8      0x8  ff.o [1]
  .rodata                const     0x804'4cc0      0x8  files_pws.o [1]
  .rodata                const     0x804'4cc8      0x8  files_pws.o [1]
  .rodata                const     0x804'4cd0      0x8  languages.o [1]
  .rodata                const     0x804'4cd8      0x8  languages.o [1]
  .rodata                const     0x804'4ce0      0x8  languages.o [1]
  .rodata                const     0x804'4ce8      0x8  languages.o [1]
  .rodata                const     0x804'4cf0      0x8  languages.o [1]
  .rodata                const     0x804'4cf8      0x8  languages.o [1]
  .rodata                const     0x804'4d00      0x8  languages.o [1]
  .rodata                const     0x804'4d08      0x8  languages.o [1]
  .rodata                const     0x804'4d10      0x8  languages.o [1]
  .rodata                const     0x804'4d18      0x8  languages.o [1]
  .rodata                const     0x804'4d20      0x8  languages.o [1]
  .rodata                const     0x804'4d28      0x8  languages.o [1]
  .rodata                const     0x804'4d30      0x8  languages.o [1]
  .rodata                const     0x804'4d38      0x8  languages.o [1]
  .rodata                const     0x804'4d40      0x8  languages.o [1]
  .rodata                const     0x804'4d48      0x8  languages.o [1]
  .rodata                const     0x804'4d50      0x8  languages.o [1]
  .rodata                const     0x804'4d58      0x8  languages.o [1]
  .rodata                const     0x804'4d60      0x8  languages.o [1]
  .rodata                const     0x804'4d68      0x8  languages.o [1]
  .rodata                const     0x804'4d70      0x8  languages.o [1]
  .rodata                const     0x804'4d78      0x8  languages.o [1]
  .rodata                const     0x804'4d80      0x8  languages.o [1]
  .rodata                const     0x804'4d88      0x8  languages.o [1]
  .rodata                const     0x804'4d90      0x8  languages.o [1]
  .rodata                const     0x804'4d98      0x8  languages.o [1]
  .rodata                const     0x804'4da0      0x8  languages.o [1]
  .rodata                const     0x804'4da8      0x8  languages.o [1]
  .rodata                const     0x804'4db0      0x8  languages.o [1]
  .rodata                const     0x804'4db8      0x8  languages.o [1]
  .rodata                const     0x804'4dc0      0x8  languages.o [1]
  .rodata                const     0x804'4dc8      0x8  languages.o [1]
  .rodata                const     0x804'4dd0      0x8  languages.o [1]
  .rodata                const     0x804'4dd8      0x8  languages.o [1]
  .rodata                const     0x804'4de0      0x8  languages.o [1]
  .rodata                const     0x804'4de8      0x8  languages.o [1]
  .rodata                const     0x804'4df0      0x8  languages.o [1]
  .rodata                const     0x804'4df8      0x8  languages.o [1]
  .rodata                const     0x804'4e00      0x8  languages.o [1]
  .rodata                const     0x804'4e08      0x8  languages.o [1]
  .rodata                const     0x804'4e10      0x8  languages.o [1]
  .rodata                const     0x804'4e18      0x8  languages.o [1]
  .rodata                const     0x804'4e20      0x8  languages.o [1]
  .rodata                const     0x804'4e28      0x8  languages.o [1]
  .rodata                const     0x804'4e30      0x8  languages.o [1]
  .rodata                const     0x804'4e38      0x8  languages.o [1]
  .rodata                const     0x804'4e40      0x8  languages.o [1]
  .rodata                const     0x804'4e48      0x8  languages.o [1]
  .rodata                const     0x804'4e50      0x8  languages.o [1]
  .rodata                const     0x804'4e58      0x8  languages.o [1]
  .rodata                const     0x804'4e60      0x8  languages.o [1]
  .rodata                const     0x804'4e68      0x8  languages.o [1]
  .rodata                const     0x804'4e70      0x8  languages.o [1]
  .rodata                const     0x804'4e78      0x8  languages.o [1]
  .rodata                const     0x804'4e80      0x8  languages.o [1]
  .rodata                const     0x804'4e88      0x8  languages.o [1]
  .rodata                const     0x804'4e90      0x8  languages.o [1]
  .rodata                const     0x804'4e98      0x8  main.o [1]
  .rodata                const     0x804'4ea0      0x8  stm32f4xx_hal_dma.o [1]
  .rodata                const     0x804'4ea8      0x8  system_stm32f4xx.o [1]
  .rodata                const     0x804'4eb0      0x8  tgui.o [1]
  .rodata                const     0x804'4eb8      0x8  tgui.o [1]
  .rodata                const     0x804'4ec0      0x8  tgui.o [1]
  .rodata                const     0x804'4ec8      0x8  tgui.o [1]
  .rodata                const     0x804'4ed0      0x8  tgui.o [1]
  .rodata                const     0x804'4ed8      0x8  tgui.o [1]
  .rodata                const     0x804'4ee0      0x8  tgui.o [1]
  .rodata                const     0x804'4ee8      0x8  tgui.o [1]
  .rodata                const     0x804'4ef0      0x8  tgui.o [1]
  .rodata                const     0x804'4ef8      0x8  tgui.o [1]
  .rodata                const     0x804'4f00      0x8  tgui.o [1]
  .rodata                const     0x804'4f08      0x8  tgui.o [1]
  .rodata                const     0x804'4f10      0x8  tgui.o [1]
  .rodata                const     0x804'4f18      0x8  tgui.o [1]
  .rodata                const     0x804'4f20      0x8  tgui.o [1]
  .rodata                const     0x804'4f28      0x8  tgui.o [1]
  .rodata                const     0x804'4f30      0x8  tgui.o [1]
  .rodata                const     0x804'4f38      0x8  tgui.o [1]
  .rodata                const     0x804'4f40      0x8  tgui.o [1]
  .rodata                const     0x804'4f48      0x8  tgui.o [1]
  .rodata                const     0x804'4f50      0x8  tgui.o [1]
  .rodata                const     0x804'4f58      0x8  tgui.o [1]
  .rodata                const     0x804'4f60      0x8  tgui.o [1]
  .rodata                const     0x804'4f68      0x8  tgui.o [1]
  .rodata                const     0x804'4f70      0x8  tgui.o [1]
  .rodata                const     0x804'4f78      0x8  tgui.o [1]
  .rodata                const     0x804'4f80      0x8  tgui.o [1]
  .rodata                const     0x804'4f88      0x8  tgui.o [1]
  .rodata                const     0x804'4f90      0x8  tgui.o [1]
  .rodata                const     0x804'4f98      0x8  tgui.o [1]
  .rodata                const     0x804'4fa0      0x8  tgui.o [1]
  .rodata                const     0x804'4fa8      0x8  tgui.o [1]
  .rodata                const     0x804'4fb0      0x8  tgui.o [1]
  .rodata                const     0x804'4fb8      0x8  tgui.o [1]
  .rodata                const     0x804'4fc0      0x8  tgui.o [1]
  .rodata                const     0x804'4fc8      0x8  tgui.o [1]
  .rodata                const     0x804'4fd0      0x8  tgui.o [1]
  .rodata                const     0x804'4fd8      0x8  tgui.o [1]
  .rodata                const     0x804'4fe0      0x8  tgui.o [1]
  .rodata                const     0x804'4fe8      0x8  tgui.o [1]
  .rodata                const     0x804'4ff0      0x8  tgui.o [1]
  .rodata                const     0x804'4ff8      0x8  tgui.o [1]
  .rodata                const     0x804'5000      0x8  tgui.o [1]
  .rodata                const     0x804'5008      0x8  tgui.o [1]
  .rodata                const     0x804'5010      0x8  tgui.o [1]
  .rodata                const     0x804'5018      0x8  tgui.o [1]
  .rodata                const     0x804'5020      0x8  tgui.o [1]
  .rodata                const     0x804'5028      0x8  tgui.o [1]
  .rodata                const     0x804'5030      0x8  tgui.o [1]
  .rodata                const     0x804'5038      0x8  tgui.o [1]
  .rodata                const     0x804'5040      0x8  tgui.o [1]
  .rodata                const     0x804'5048      0x8  tgui.o [1]
  .rodata                const     0x804'5050      0x8  tgui.o [1]
  .rodata                const     0x804'5058      0x8  tgui.o [1]
  .rodata                const     0x804'5060      0x8  tgui.o [1]
  .rodata                const     0x804'5068      0x8  tgui.o [1]
  .rodata                const     0x804'5070      0x8  tgui.o [1]
  .rodata                const     0x804'5078      0x8  tgui.o [1]
  .rodata                const     0x804'5080      0x8  tgui.o [1]
  .rodata                const     0x804'5088      0x8  tgui.o [1]
  .rodata                const     0x804'5090      0x8  tgui.o [1]
  .rodata                const     0x804'5098      0x8  tgui.o [1]
  .rodata                const     0x804'50a0      0x8  tgui.o [1]
  .rodata                const     0x804'50a8      0x8  tgui.o [1]
  .rodata                const     0x804'50b0      0x8  tgui.o [1]
  .rodata                const     0x804'50b8      0x8  tgui.o [1]
  .rodata                const     0x804'50c0      0x8  tgui.o [1]
  .rodata                const     0x804'50c8      0x8  tgui.o [1]
  .rodata                const     0x804'50d0      0x8  tgui.o [1]
  .rodata                const     0x804'50d8      0x8  tgui.o [1]
  .rodata                const     0x804'50e0      0x8  tgui.o [1]
  .rodata                const     0x804'50e8      0x8  tgui.o [1]
  .rodata                const     0x804'50f0      0x8  tgui.o [1]
  .rodata                const     0x804'50f8      0x8  tgui.o [1]
  .rodata                const     0x804'5100      0x8  tgui.o [1]
  .rodata                const     0x804'5108      0x8  tgui.o [1]
  .rodata                const     0x804'5110      0x8  tgui.o [1]
  .rodata                const     0x804'5118      0x8  tgui.o [1]
  .rodata                const     0x804'5120      0x8  tgui.o [1]
  .rodata                const     0x804'5128      0x8  tgui.o [1]
  .rodata                const     0x804'5130      0x8  tgui.o [1]
  .rodata                const     0x804'5138      0x8  tgui.o [1]
  .rodata                const     0x804'5140      0x8  tgui.o [1]
  .rodata                const     0x804'5148      0x8  tgui.o [1]
  .rodata                const     0x804'5150      0x8  tgui.o [1]
  .rodata                const     0x804'5158      0x8  tgui.o [1]
  .rodata                const     0x804'5160      0x8  tgui.o [1]
  .rodata                const     0x804'5168      0x8  tgui.o [1]
  .rodata                const     0x804'5170      0x8  tgui.o [1]
  .rodata                const     0x804'5178      0x8  tgui.o [1]
  .rodata                const     0x804'5180      0x8  tgui.o [1]
  .rodata                const     0x804'5188      0x8  tgui.o [1]
  .rodata                const     0x804'5190      0x8  tgui.o [1]
  .rodata                const     0x804'5198      0x8  tgui.o [1]
  .rodata                const     0x804'51a0      0x8  tgui.o [1]
  .rodata                const     0x804'51a8      0x8  tgui.o [1]
  .rodata                const     0x804'51b0      0x8  tgui.o [1]
  .rodata                const     0x804'51b8      0x8  tgui.o [1]
  .rodata                const     0x804'51c0      0x8  tgui.o [1]
  .rodata                const     0x804'51c8      0x8  tgui.o [1]
  .rodata                const     0x804'51d0      0x8  tgui.o [1]
  .rodata                const     0x804'51d8      0x8  tgui.o [1]
  .rodata                const     0x804'51e0      0x8  tgui.o [1]
  .rodata                const     0x804'51e8      0x8  tgui_clocksetscreenfuncs.o [1]
  .rodata                const     0x804'51f0      0x8  tgui_filesscreenfuncs.o [1]
  .rodata                const     0x804'51f8      0x8  tgui_filesscreenfuncs.o [1]
  .rodata                const     0x804'5200      0x8  tgui_infoscreenfuncs.o [1]
  .rodata                const     0x804'5208      0x8  tgui_numenterscreenfuncs.o [1]
  .rodata                const     0x804'5210      0x8  tgui_printscreenfuncs.o [1]
  .rodata                const     0x804'5218      0x8  tgui_printscreenfuncs.o [1]
  .rodata                const     0x804'5220      0x8  tgui_settingsscreenfuncs.o [1]
  .rodata                const     0x804'5228      0x8  tim.o [1]
  .rodata                const     0x804'5230      0x6  xlocale_c.o [2]
  .rodata                const     0x804'5238      0x4  languages.o [1]
  .rodata                const     0x804'523c      0x4  languages.o [1]
  .rodata                const     0x804'5240      0x4  languages.o [1]
  .rodata                const     0x804'5244      0x4  languages.o [1]
  .rodata                const     0x804'5248      0x4  languages.o [1]
  .rodata                const     0x804'524c      0x4  languages.o [1]
  .rodata                const     0x804'5250      0x4  languages.o [1]
  .rodata                const     0x804'5254      0x4  languages.o [1]
  .rodata                const     0x804'5258      0x4  languages.o [1]
  .rodata                const     0x804'525c      0x4  languages.o [1]
  .rodata                const     0x804'5260      0x4  languages.o [1]
  .rodata                const     0x804'5264      0x4  languages.o [1]
  .rodata                const     0x804'5268      0x4  languages.o [1]
  .rodata                const     0x804'526c      0x4  languages.o [1]
  .rodata                const     0x804'5270      0x4  languages.o [1]
  .rodata                const     0x804'5274      0x4  languages.o [1]
  .rodata                const     0x804'5278      0x4  languages.o [1]
  .rodata                const     0x804'527c      0x4  languages.o [1]
  .rodata                const     0x804'5280      0x4  languages.o [1]
  .rodata                const     0x804'5284      0x4  languages.o [1]
  .rodata                const     0x804'5288      0x4  languages.o [1]
  .rodata                const     0x804'528c      0x4  languages.o [1]
  .rodata                const     0x804'5290      0x4  languages.o [1]
  .rodata                const     0x804'5294      0x4  languages.o [1]
  .rodata                const     0x804'5298      0x4  languages.o [1]
  .rodata                const     0x804'529c      0x4  languages.o [1]
  .rodata                const     0x804'52a0      0x4  languages.o [1]
  .rodata                const     0x804'52a4      0x4  languages.o [1]
  .rodata                const     0x804'52a8      0x4  languages.o [1]
  .rodata                const     0x804'52ac      0x4  languages.o [1]
  .rodata                const     0x804'52b0      0x4  languages.o [1]
  .rodata                const     0x804'52b4      0x4  languages.o [1]
  .rodata                const     0x804'52b8      0x4  languages.o [1]
  .rodata                const     0x804'52bc      0x4  languages.o [1]
  .rodata                const     0x804'52c0      0x4  languages.o [1]
  .rodata                const     0x804'52c4      0x4  languages.o [1]
  .rodata                const     0x804'52c8      0x4  languages.o [1]
  .rodata                const     0x804'52cc      0x4  languages.o [1]
  .rodata                const     0x804'52d0      0x4  languages.o [1]
  .rodata                const     0x804'52d4      0x4  printing.o [1]
  .rodata                const     0x804'52d8      0x4  rtc.o [1]
  .rodata                const     0x804'52dc      0x4  usbh_msc.o [1]
  .text                  ro code   0x804'52e0      0x4  startup_stm32f407xx.o [1]
  SHT$$PREINIT_ARRAY               0x804'52e4      0x0  <Block>
  SHT$$INIT_ARRAY                  0x804'52e4      0x4  <Block>
    .init_array          const     0x804'52e4      0x4  z_planner.o [1]
  __iar_tls$$INIT_ARRAY            0x804'52e8      0x0  <Block>
  .rodata                const     0x804'52e8      0x0  zero_init3.o [5]
  .rodata                const     0x804'52e8      0x0  lz77_init_single.o [5]
  Initializer bytes      const     0x804'52e8     0xf5  <for P2-1>
                                 - 0x804'53dd  0x35255

"P3":                                           0x7478
  CCMRAM                 uninit   0x1000'0000   0x4000  main.o [1]
  CCMRAM                 uninit   0x1000'4000   0x1028  main.o [1]
  CCMRAM                 uninit   0x1000'5028   0x1028  main.o [1]
  CCMRAM                 uninit   0x1000'6050   0x1028  tgui.o [1]
  CCMRAM                 uninit   0x1000'7078    0x400  tgui.o [1]
                                - 0x1000'7478   0x7478

"P2", part 1 of 3:                               0x33f
  P2-1                            0x2000'0000    0x33f  <Init block>
    .data                inited   0x2000'0000      0xc  fnt12.o [1]
    .data                inited   0x2000'000c      0xc  fnt12bold.o [1]
    .data                inited   0x2000'0018      0xc  fnt170num_lcd.o [1]
    .data                inited   0x2000'0024      0xc  fnt18.o [1]
    .data                inited   0x2000'0030      0xc  fnt18bold.o [1]
    .data                inited   0x2000'003c      0xc  fnt24.o [1]
    .data                inited   0x2000'0048      0xc  fnt24bold.o [1]
    .data                inited   0x2000'0054      0xc  fnt36.o [1]
    .data                inited   0x2000'0060      0xc  fnt36num.o [1]
    .data                inited   0x2000'006c     0x10  languages.o [1]
    .data                inited   0x2000'007c      0x4  languages.o [1]
    .data                inited   0x2000'0080      0x4  lcd_ui.o [1]
    .data                inited   0x2000'0084      0x4  stm32f4xx_hal.o [1]
    .data                inited   0x2000'0088      0x4  system_stm32f4xx.o [1]
    .data                inited   0x2000'008c    0x200  tgui_filesscreenfuncs.o [1]
    .data                inited   0x2000'028c      0x4  tgui_movezscreenfuncs.o [1]
    .data                inited   0x2000'0290     0x20  usbh_msc.o [1]
    .data                inited   0x2000'02b0      0x4  z_stepper.o [1]
    .data                inited   0x2000'02b4     0x38  xlocale_c.o [2]
    .data                inited   0x2000'02ec     0x48  xlocale_c.o [2]
    .data                inited   0x2000'0334      0x2  lcd_ui.o [1]
    .data                inited   0x2000'0336      0x2  lcd_ui.o [1]
    .data                inited   0x2000'0338      0x2  lcd_ui.o [1]
    .data                inited   0x2000'033a      0x1  lcd_ui.o [1]
    .data                inited   0x2000'033b      0x1  stm32f4xx_hal.o [1]
    .data                inited   0x2000'033c      0x1  tgui_defaultfuncs.o [1]
    .data                inited   0x2000'033d      0x1  tgui_filesscreenfuncs.o [1]
    .data                inited   0x2000'033e      0x1  z_endstops.o [1]
                                - 0x2000'033f    0x33f

"P2", part 2 of 3:                              0xaa64
  .bss                   zero     0x2000'0340   0x1cc0  printing.o [1]
  .bss                   zero     0x2000'2000   0x1038  fatfs.o [1]
  .bss                   zero     0x2000'3038   0x1038  fatfs.o [1]
  .bss                   zero     0x2000'4070    0x830  tgui_filesscreenfuncs.o [1]
  .bss                   zero     0x2000'48a0    0x600  uvdisplay.o [1]
  .bss                   zero     0x2000'4ea0    0x5d8  tgui.o [1]
  .bss                   zero     0x2000'5478    0x5d8  tgui.o [1]
  .bss                   zero     0x2000'5a50    0x4d0  tgui.o [1]
  .bss                   zero     0x2000'5f20    0x400  config.o [1]
  .bss                   zero     0x2000'6320    0x400  main.o [1]
  .bss                   zero     0x2000'6720    0x400  main.o [1]
  .bss                   zero     0x2000'6b20    0x400  main.o [1]
  .bss                   zero     0x2000'6f20    0x400  tgui_fileviewscreenfuncs.o [1]
  .bss                   zero     0x2000'7320    0x400  z_planner.o [1]
  .bss                   zero     0x2000'7720    0x3d8  usb_host.o [1]
  .bss                   zero     0x2000'7af8    0x3c8  tgui.o [1]
  .bss                   zero     0x2000'7ec0    0x370  tgui.o [1]
  .bss                   zero     0x2000'8230    0x350  tgui.o [1]
  .bss                   zero     0x2000'8580    0x318  tgui.o [1]
  .bss                   zero     0x2000'8898    0x2c4  usbh_conf.o [1]
  .bss                   zero     0x2000'8b5c    0x224  main.o [1]
  .bss                   zero     0x2000'8d80    0x210  tgui.o [1]
  .bss                   zero     0x2000'8f90    0x210  tgui.o [1]
  .bss                   zero     0x2000'91a0    0x200  config.o [1]
  .bss                   zero     0x2000'93a0    0x200  ff.o [1]
  .bss                   zero     0x2000'95a0    0x200  main.o [1]
  .bss                   zero     0x2000'97a0    0x1d8  dlmalloc.o [2]
  .bss                   zero     0x2000'9978    0x1b8  tgui.o [1]
  .bss                   zero     0x2000'9b30    0x19c  cpld_utils.o [1]
  .bss                   zero     0x2000'9ccc    0x160  tgui.o [1]
  .bss                   zero     0x2000'9e2c    0x108  tgui.o [1]
  .bss                   zero     0x2000'9f34    0x100  sys_timer.o [1]
  .bss                   zero     0x2000'a034    0x100  tgui_fileviewscreenfuncs.o [1]
  .bss                   zero     0x2000'a134    0x100  tgui_fileviewscreenfuncs.o [1]
  .bss                   zero     0x2000'a234     0xb0  tgui.o [1]
  .bss                   zero     0x2000'a2e4     0x80  fst_spi.o [1]
  .bss                   zero     0x2000'a364     0x80  fst_spi.o [1]
  .bss                   zero     0x2000'a3e4     0x60  fst_spi.o [1]
  .bss                   zero     0x2000'a444     0x60  fst_spi.o [1]
  .bss                   zero     0x2000'a4a4     0x60  fst_spi.o [1]
  .bss                   zero     0x2000'a504     0x60  fst_spi.o [1]
  .bss                   zero     0x2000'a564     0x60  fst_spi.o [1]
  .bss                   zero     0x2000'a5c4     0x60  lcd_low.o [1]
  .bss                   zero     0x2000'a624     0x58  tgui.o [1]
  .bss                   zero     0x2000'a67c     0x54  config.o [1]
  .bss                   zero     0x2000'a6d0     0x54  eeprom.o [1]
  .bss                   zero     0x2000'a724     0x54  files_pws.o [1]
  .bss                   zero     0x2000'a778     0x50  fsmc.o [1]
  .bss                   zero     0x2000'a7c8     0x40  tim.o [1]
  .bss                   zero     0x2000'a808     0x40  tim.o [1]
  .bss                   zero     0x2000'a848     0x34  main.o [1]
  .bss                   zero     0x2000'a87c     0x30  files_pws.o [1]
  .bss                   zero     0x2000'a8ac     0x30  tgui.o [1]
  .bss                   zero     0x2000'a8dc     0x30  tgui.o [1]
  .bss                   zero     0x2000'a90c     0x30  tgui.o [1]
  .bss                   zero     0x2000'a93c     0x30  tgui.o [1]
  .bss                   zero     0x2000'a96c     0x30  tgui.o [1]
  .bss                   zero     0x2000'a99c     0x30  tgui.o [1]
  .bss                   zero     0x2000'a9cc     0x30  tgui.o [1]
  .bss                   zero     0x2000'a9fc     0x30  tgui.o [1]
  .bss                   zero     0x2000'aa2c     0x30  tgui.o [1]
  .bss                   zero     0x2000'aa5c     0x30  tgui.o [1]
  .bss                   zero     0x2000'aa8c     0x30  tgui.o [1]
  .bss                   zero     0x2000'aabc     0x30  tgui.o [1]
  .bss                   zero     0x2000'aaec     0x30  tgui.o [1]
  .bss                   zero     0x2000'ab1c     0x28  config.o [1]
  .bss                   zero     0x2000'ab44     0x28  tgui.o [1]
  .bss                   zero     0x2000'ab6c     0x28  z_planner.o [1]
  .bss                   zero     0x2000'ab94     0x20  rtc.o [1]
  .bss                   zero     0x2000'abb4     0x20  tgui_numenterscreenfuncs.o [1]
  .bss                   zero     0x2000'abd4     0x1c  files_pws.o [1]
  .bss                   zero     0x2000'abf0     0x18  config.o [1]
  .bss                   zero     0x2000'ac08     0x18  config.o [1]
  .bss                   zero     0x2000'ac20     0x18  dlmalloc.o [2]
  .bss                   zero     0x2000'ac38     0x14  files_pws.o [1]
  .bss                   zero     0x2000'ac4c     0x10  ff_gen_drv.o [1]
  .bss                   zero     0x2000'ac5c     0x10  touch.o [1]
  .bss                   zero     0x2000'ac6c      0xc  spi_flash.o [1]
  .bss                   zero     0x2000'ac78      0x8  fatfs.o [1]
  .bss                   zero     0x2000'ac80      0x8  fatfs.o [1]
  .bss                   zero     0x2000'ac88      0x8  ff.o [1]
  .bss                   zero     0x2000'ac90      0x8  printing.o [1]
  .bss                   zero     0x2000'ac98      0x8  tgui_clocksetscreenfuncs.o [1]
  .bss                   zero     0x2000'aca0      0x8  tgui_screensaverfuncs.o [1]
  .bss                   zero     0x2000'aca8      0x4  cpld_utils.o [1]
  .bss                   zero     0x2000'acac      0x4  cpld_utils.o [1]
  .bss                   zero     0x2000'acb0      0x4  cpld_utils.o [1]
  .bss                   zero     0x2000'acb4      0x4  fsmc.o [1]
  .bss                   zero     0x2000'acb8      0x4  motor.o [1]
  .bss                   zero     0x2000'acbc      0x4  printing.o [1]
  .bss                   zero     0x2000'acc0      0x4  printing.o [1]
  .bss                   zero     0x2000'acc4      0x4  printing.o [1]
  .bss                   zero     0x2000'acc8      0x4  printing.o [1]
  .bss                   zero     0x2000'accc      0x4  printing.o [1]
  .bss                   zero     0x2000'acd0      0x4  prtfiles.o [1]
  .bss                   zero     0x2000'acd4      0x4  spi_flash.o [1]
  .bss                   zero     0x2000'acd8      0x4  spi_flash.o [1]
  .bss                   zero     0x2000'acdc      0x4  stm32f4xx_hal.o [1]
  .bss                   zero     0x2000'ace0      0x4  stm32f4xx_ll_usb.o [1]
  .bss                   zero     0x2000'ace4      0x4  sys_timer.o [1]
  .bss                   zero     0x2000'ace8      0x4  sys_timer.o [1]
  .bss                   zero     0x2000'acec      0x4  sys_timer.o [1]
  .bss                   zero     0x2000'acf0      0x4  sys_timer.o [1]
  .bss                   zero     0x2000'acf4      0x4  tgui.o [1]
  .bss                   zero     0x2000'acf8      0x4  tgui_fileviewscreenfuncs.o [1]
  .bss                   zero     0x2000'acfc      0x4  tgui_numenterscreenfuncs.o [1]
  .bss                   zero     0x2000'ad00      0x4  tgui_printscreenfuncs.o [1]
  .bss                   zero     0x2000'ad04      0x4  tgui_printscreenfuncs.o [1]
  .bss                   zero     0x2000'ad08      0x4  tgui_screensaverfuncs.o [1]
  .bss                   zero     0x2000'ad0c      0x4  touch.o [1]
  .bss                   zero     0x2000'ad10      0x4  z_planner.o [1]
  .bss                   zero     0x2000'ad14      0x4  z_planner.o [1]
  .bss                   zero     0x2000'ad18      0x4  z_planner.o [1]
  .bss                   zero     0x2000'ad1c      0x4  z_planner.o [1]
  .bss                   zero     0x2000'ad20      0x4  z_planner.o [1]
  .bss                   zero     0x2000'ad24      0x4  z_planner.o [1]
  .bss                   zero     0x2000'ad28      0x4  z_planner.o [1]
  .bss                   zero     0x2000'ad2c      0x4  z_stepper.o [1]
  .bss                   zero     0x2000'ad30      0x4  z_stepper.o [1]
  .bss                   zero     0x2000'ad34      0x4  z_stepper.o [1]
  .bss                   zero     0x2000'ad38      0x4  z_stepper.o [1]
  .bss                   zero     0x2000'ad3c      0x4  z_stepper.o [1]
  .bss                   zero     0x2000'ad40      0x4  z_stepper.o [1]
  .bss                   zero     0x2000'ad44      0x4  z_stepper.o [1]
  .bss                   zero     0x2000'ad48      0x4  z_stepper.o [1]
  .bss                   zero     0x2000'ad4c      0x4  z_stepper.o [1]
  .bss                   zero     0x2000'ad50      0x4  z_stepper.o [1]
  .bss                   zero     0x2000'ad54      0x4  z_stepper.o [1]
  .bss                   zero     0x2000'ad58      0x4  z_stepper.o [1]
  .bss                   zero     0x2000'ad5c      0x4  z_stepper.o [1]
  .bss                   zero     0x2000'ad60      0x4  z_stepper.o [1]
  .bss                   zero     0x2000'ad64      0x4  xfail_s.o [2]
  .bss                   zero     0x2000'ad68      0x4  xgetmemchunk.o [2]
  .bss                   zero     0x2000'ad6c      0x2  ff.o [1]
  .bss                   zero     0x2000'ad6e      0x2  lcd_low.o [1]
  .bss                   zero     0x2000'ad70      0x2  lcd_ui.o [1]
  .bss                   zero     0x2000'ad72      0x2  lcd_ui.o [1]
  .bss                   zero     0x2000'ad74      0x2  lcd_ui.o [1]
  .bss                   zero     0x2000'ad76      0x2  tgui_fileviewscreenfuncs.o [1]
  .bss                   zero     0x2000'ad78      0x2  tgui_fileviewscreenfuncs.o [1]
  .bss                   zero     0x2000'ad7a      0x2  z_planner.o [1]
  .bss                   zero     0x2000'ad7c      0x1  eeprom.o [1]
  .bss                   zero     0x2000'ad7d      0x1  fatfs.o [1]
  .bss                   zero     0x2000'ad7e      0x1  fatfs.o [1]
  .bss                   zero     0x2000'ad7f      0x1  main.o [1]
  .bss                   zero     0x2000'ad80      0x1  main.o [1]
  .bss                   zero     0x2000'ad81      0x1  main.o [1]
  .bss                   zero     0x2000'ad82      0x1  main.o [1]
  .bss                   zero     0x2000'ad83      0x1  main.o [1]
  .bss                   zero     0x2000'ad84      0x1  main.o [1]
  .bss                   zero     0x2000'ad85      0x1  main.o [1]
  .bss                   zero     0x2000'ad86      0x1  prtfiles.o [1]
  .bss                   zero     0x2000'ad87      0x1  prtfiles.o [1]
  .bss                   zero     0x2000'ad88      0x1  tgui_defaultfuncs.o [1]
  .bss                   zero     0x2000'ad89      0x1  tgui_filesscreenfuncs.o [1]
  .bss                   zero     0x2000'ad8a      0x1  tgui_filesscreenfuncs.o [1]
  .bss                   zero     0x2000'ad8b      0x1  tgui_filesscreenfuncs.o [1]
  .bss                   zero     0x2000'ad8c      0x1  tgui_filesscreenfuncs.o [1]
  .bss                   zero     0x2000'ad8d      0x1  tgui_fileviewscreenfuncs.o [1]
  .bss                   zero     0x2000'ad8e      0x1  tgui_numenterscreenfuncs.o [1]
  .bss                   zero     0x2000'ad8f      0x1  tgui_numenterscreenfuncs.o [1]
  .bss                   zero     0x2000'ad90      0x1  tgui_numenterscreenfuncs.o [1]
  .bss                   zero     0x2000'ad91      0x1  tgui_numenterscreenfuncs.o [1]
  .bss                   zero     0x2000'ad92      0x1  tgui_printscreenfuncs.o [1]
  .bss                   zero     0x2000'ad93      0x1  tgui_printscreenfuncs.o [1]
  .bss                   zero     0x2000'ad94      0x1  usb_host.o [1]
  .bss                   zero     0x2000'ad95      0x1  z_endstops.o [1]
  .bss                   zero     0x2000'ad96      0x1  z_endstops.o [1]
  .bss                   zero     0x2000'ad97      0x1  z_planner.o [1]
  .bss                   zero     0x2000'ad98      0x1  z_planner.o [1]
  .bss                   zero     0x2000'ad99      0x1  z_planner.o [1]
  .bss                   zero     0x2000'ad9a      0x1  z_planner.o [1]
  .bss                   zero     0x2000'ad9b      0x1  z_planner.o [1]
  .bss                   zero     0x2000'ad9c      0x1  z_planner.o [1]
  .bss                   zero     0x2000'ad9d      0x1  z_stepper.o [1]
  .bss                   zero     0x2000'ad9e      0x1  z_stepper.o [1]
  .bss                   zero     0x2000'ad9f      0x1  z_stepper.o [1]
  .bss                   zero     0x2000'ada0      0x1  z_stepper.o [1]
  .bss                   zero     0x2000'ada1      0x1  z_stepper.o [1]
                                - 0x2000'ada2   0xaa62

"P2", part 3 of 3:                              0x7204
  .noinit                uninit   0x2000'ada4   0x1000  tgui.o [1]
  .noinit                uninit   0x2000'bda4    0x200  tgui.o [1]
  CSTACK                          0x2000'bfa8   0x4000  <Block>
    CSTACK               uninit   0x2000'bfa8   0x4000  <Block tail>
  HEAP                            0x2000'ffa8   0x2000  <Block>
    HEAP                 uninit   0x2000'ffa8   0x2000  <Block tail>
                                - 0x2001'1fa8   0x7204

Unused ranges:

         From           To      Size
         ----           --      ----
   0x804'53dd   0x807'ffff  0x3'ac23
  0x1000'7478  0x1000'ffff    0x8b88
  0x2000'033f  0x2000'033f       0x1
  0x2001'1fa8  0x2001'ffff    0xe058


*******************************************************************************
*** INIT TABLE
***

          Address      Size
          -------      ----
Zero (__iar_zero_init3)
    1 destination range, total size 0xaa62:
          0x2000'0340  0xaa62

Copy/lz77 (__iar_lz77_init_single3)
    1 source range, total size 0xf5 (29% of destination):
           0x804'52e8    0xf5
    1 destination range, total size 0x33f:
          0x2000'0000   0x33f

Extra (__iar_cstart_call_ctors)



*******************************************************************************
*** MODULE SUMMARY
***

    Module                      ro code  ro data  rw data
    ------                      -------  -------  -------
command line/config:
    -----------------------------------------------------
    Total:

D:\Electronics\Projects\MKS_DLP_new\SRC\firmware\MKSDLP_Alter_Debug\Obj: [1]
    config.o                      3 780      396    1 708
    cpld_utils.o                    544               424
    datetime.o                      620       48
    diskio.o                        176
    eeprom.o                      1 508                85
    fatfs.o                         344             8 322
    ff.o                         11 232      272      522
    ff_gen_drv.o                     84                16
    ffunicode.o                     324      944
    files_pws.o                   1 228       40      180
    fnt12.o                                2 039       12
[...]
d                       0x2000'acd8     0x4  Data  Gb  spi_flash.o [1]
datetime                0x2000'ac98     0x8  Data  Gb  tgui_clocksetscreenfuncs.o [1]
days_in_month            0x804'4c40     0xc  Data  Lc  tgui_clocksetscreenfuncs.o [1]
dbc_1st                  0x801'd8ff     0xe  Code  Lc  ff.o [1]
dbc_2nd                  0x801'd90d     0xe  Code  Lc  ff.o [1]
ddiv                     0x802'cc11    0xc4  Code  Lc  strto64.o [4]
digits                   0x804'3110    0x28  Data  Lc  iar_Stoulx.o [2]
digits                   0x804'3160    0x28  Data  Lc  iar_Stoullx.o [2]
dir                     0x2000'a848    0x34  Data  Gb  main.o [1]
dir_alloc                0x801'e125    0x64  Code  Lc  ff.o [1]
dir_clear                0x801'df1d    0x64  Code  Lc  ff.o [1]
dir_find                 0x801'e557   0x118  Code  Lc  ff.o [1]
dir_next                 0x801'e033    0xf2  Code  Lc  ff.o [1]
dir_read                 0x801'e457   0x100  Code  Lc  ff.o [1]
dir_register             0x801'e66f   0x166  Code  Lc  ff.o [1]
dir_sdi                  0x801'df81    0xb2  Code  Lc  ff.o [1]
disk                    0x2000'ac4c    0x10  Data  Gb  ff_gen_drv.o [1]
disk_initialize          0x802'25af    0x32  Code  Gb  diskio.o [1]
disk_ioctl               0x802'261d    0x20  Code  Gb  diskio.o [1]
disk_read                0x802'25e1    0x1e  Code  Gb  diskio.o [1]
disk_status              0x802'2591    0x1e  Code  Gb  diskio.o [1]
disk_write               0x802'25ff    0x1e  Code  Gb  diskio.o [1]
disp_locked             0x2000'ad93     0x1  Data  Gb  tgui_printscreenfuncs.o [1]
dmul                     0x802'cb49    0xc6  Code  Lc  strto64.o [4]
dot_entered             0x2000'ad91     0x1  Data  Gb  tgui_numenterscreenfuncs.o [1]
edit_value              0x2000'acfc     0x4  Data  Gb  tgui_numenterscreenfuncs.o [1]
enter_begin             0x2000'ad90     0x1  Data  Gb  tgui_numenterscreenfuncs.o [1]
exit                     0x804'3cb3     0x4  Code  Gb  exit.o [2]
fMoveStep               0x2000'028c     0x4  Data  Gb  tgui_movezscreenfuncs.o [1]
f_close                  0x801'f7b7    0x2a  Code  Gb  ff.o [1]
f_closedir               0x801'fa13    0x1c  Code  Gb  ff.o [1]
f_getfree                0x801'fad7   0x100  Code  Gb  ff.o [1]
f_lseek                  0x801'f7e1   0x1aa  Code  Gb  ff.o [1]
f_mkfs                   0x801'fd7f   0x692  Code  Gb  ff.o [1]
f_mkfs::cst              0x804'47dc    0x10  Data  Lc  ff.o [1]
f_mkfs::cst32            0x804'47ec    0x10  Data  Lc  ff.o [1]
f_mkfs::defopt           0x804'47fc    0x10  Data  Lc  ff.o [1]
f_mount                  0x801'f0a3    0x54  Code  Gb  ff.o [1]
f_open                   0x801'f119   0x21a  Code  Gb  ff.o [1]
f_opendir                0x801'f98b    0x88  Code  Gb  ff.o [1]
f_read                   0x801'f333   0x1cc  Code  Gb  ff.o [1]
f_readdir                0x801'fa2f    0x5c  Code  Gb  ff.o [1]
f_stat                   0x801'fa8b    0x4c  Code  Gb  ff.o [1]
f_sync                   0x801'f717    0xa0  Code  Gb  ff.o [1]
f_write                  0x801'f4ff   0x218  Code  Gb  ff.o [1]
fbuff                   0x1000'0000  0x4000  Data  Gb  main.o [1]
ff_oem2uni               0x802'2687    0x3a  Code  Gb  ffunicode.o [1]
ff_uni2oem               0x802'2641    0x46  Code  Gb  ffunicode.o [1]
ff_wtoupper              0x802'26c1    0xb6  Code  Gb  ffunicode.o [1]
ff_wtoupper::cvt1        0x804'17c8   0x1f4  Data  Lc  ffunicode.o [1]
ff_wtoupper::cvt2        0x804'2a54    0xbc  Data  Lc  ffunicode.o [1]
filedate                0x2000'ad76     0x2  Data  Gb  tgui_fileviewscreenfuncs.o [1]
files                   0x2000'4070   0x830  Data  Gb  tgui_filesscreenfuncs.o [1]
filesize                0x2000'acf8     0x4  Data  Gb  tgui_fileviewscreenfuncs.o [1]
filetime                0x2000'ad78     0x2  Data  Gb  tgui_fileviewscreenfuncs.o [1]
find_volume              0x801'ed8d    0x6c  Code  Lc  ff.o [1]
finfo                   0x2000'8b5c   0x224  Data  Gb  main.o [1]
floorf                   0x802'd1e1          Code  Gb  floorf.o [4]
fnt12_data               0x803'f554   0x6b4  Data  Gb  fnt12.o [1]
fnt12_width              0x804'1ea0   0x140  Data  Gb  fnt12.o [1]
fnt12bold_data           0x803'edcc   0x788  Data  Gb  fnt12bold.o [1]
fnt12bold_width          0x804'1fe0   0x140  Data  Gb  fnt12bold.o [1]
fnt170num_lcd_data       0x801'0188  0x66f0  Data  Gb  fnt170num_lcd.o [1]
fnt170num_lcd_width      0x804'3460    0x38  Data  Gb  fnt170num_lcd.o [1]
fnt18_data               0x803'b4bc   0xea4  Data  Gb  fnt18.o [1]
fnt18_width              0x804'2120   0x140  Data  Gb  fnt18.o [1]
fnt18bold_data           0x803'8994  0x10c8  Data  Gb  fnt18bold.o [1]
fnt18bold_width          0x804'2260   0x140  Data  Gb  fnt18bold.o [1]
fnt24_data               0x803'5a6c  0x1a1c  Data  Gb  fnt24.o [1]
fnt24_width              0x804'23a0   0x140  Data  Gb  fnt24.o [1]
fnt24bold_data           0x803'39d8  0x2094  Data  Gb  fnt24bold.o [1]
fnt24bold_width          0x804'24e0   0x140  Data  Gb  fnt24bold.o [1]
fnt36_data               0x802'fe44  0x3b94  Data  Gb  fnt36.o [1]
fnt36_width              0x804'2620   0x140  Data  Gb  fnt36.o [1]
fnt36num_data            0x803'fc08   0x684  Data  Gb  fnt36num.o [1]
fnt36num_width           0x804'3498    0x38  Data  Gb  fnt36num.o [1]
follow_path              0x801'ec29    0x9a  Code  Lc  ff.o [1]
font_fnt12              0x2000'0000     0xc  Data  Gb  fnt12.o [1]
font_fnt12bold          0x2000'000c     0xc  Data  Gb  fnt12bold.o [1]
font_fnt170num_lcd      0x2000'0018     0xc  Data  Gb  fnt170num_lcd.o [1]
font_fnt18              0x2000'0024     0xc  Data  Gb  fnt18.o [1]
font_fnt18bold          0x2000'0030     0xc  Data  Gb  fnt18bold.o [1]
font_fnt24              0x2000'003c     0xc  Data  Gb  fnt24.o [1]
font_fnt24bold          0x2000'0048     0xc  Data  Gb  fnt24bold.o [1]
font_fnt36              0x2000'0054     0xc  Data  Gb  fnt36.o [1]
font_fnt36num           0x2000'0060     0xc  Data  Gb  fnt36num.o [1]
fpws_header             0x2000'a87c    0x30  Data  Gb  files_pws.o [1]
fpws_info               0x2000'a724    0x54  Data  Gb  files_pws.o [1]
fpws_layersdata         0x2000'ac38    0x14  Data  Gb  files_pws.o [1]
fpws_preview            0x2000'abd4    0x1c  Data  Gb  files_pws.o [1]
free                     0x803'e9dd     0x4  Code  Gb  heaptramp0.o [2]
fv_dirname              0x2000'a134   0x100  Data  Gb  tgui_fileviewscreenfuncs.o [1]
fv_filename             0x2000'a034   0x100  Data  Gb  tgui_fileviewscreenfuncs.o [1]
fv_filetype             0x2000'ad8d     0x1  Data  Gb  tgui_fileviewscreenfuncs.o [1]
fv_tfilename            0x2000'6f20   0x400  Data  Gb  tgui_fileviewscreenfuncs.o [1]
gen_numname              0x801'e395    0xa2  Code  Lc  ff.o [1]
get_fat                  0x801'daf9   0x10a  Code  Lc  ff.o [1]
get_fattime              0x802'27a1    0x50  Code  Gb  fatfs.o [1]
get_fileinfo             0x801'e7d5   0x1c8  Code  Lc  ff.o [1]
get_ldnumber             0x801'ecc3    0x4e  Code  Lc  ff.o [1]
hFlashSpi               0x2000'a364    0x80  Data  Gb  fst_spi.o [1]
hFlashSpiDmaRx          0x2000'a504    0x60  Data  Gb  fst_spi.o [1]
hFlashSpiDmaTx          0x2000'a564    0x60  Data  Gb  fst_spi.o [1]
hI2C                    0x2000'a6d0    0x54  Data  Gb  eeprom.o [1]
hLcdDma                 0x2000'a5c4    0x60  Data  Gb  lcd_low.o [1]
hRTC                    0x2000'ab94    0x20  Data  Gb  rtc.o [1]
hStepperTim             0x2000'a7c8    0x40  Data  Gb  tim.o [1]
hTouchSpi               0x2000'a2e4    0x80  Data  Gb  fst_spi.o [1]
hTouchSpiDmaRx          0x2000'a3e4    0x60  Data  Gb  fst_spi.o [1]
hTouchSpiDmaTx          0x2000'a444    0x60  Data  Gb  fst_spi.o [1]
hUsbHost                0x2000'7720   0x3d8  Data  Gb  usb_host.o [1]
hZRefTim                0x2000'a808    0x40  Data  Gb  tim.o [1]
hhcd_USB_OTG_FS         0x2000'8898   0x2c4  Data  Gb  usbh_conf.o [1]
hsram1                  0x2000'a778    0x50  Data  Gb  fsmc.o [1]
i2c_timer               0x2000'ad7c     0x1  Data  Gb  eeprom.o [1]
idle()                   0x802'7619     0xa  Code  Gb  motor.o [1]
idle()::idlecount       0x2000'acb8     0x4  Data  Lc  motor.o [1]
init_mparams             0x803'74a3    0x32  Code  Lc  dlmalloc.o [2]
init_top                 0x803'74d5    0x36  Code  Lc  dlmalloc.o [2]
inited                  0x2000'ad87     0x1  Data  Gb  prtfiles.o [1]
isalpha                  0x802'f46d    0x14  Code  Gb  isalpha.o [2]
isspace                  0x802'd065    0x14  Code  Gb  isspace.o [2]
lastfilenum             0x2000'033d     0x1  Data  Gb  tgui_filesscreenfuncs.o [1]
lcdui_bgcolor           0x2000'ad74     0x2  Data  Gb  lcd_ui.o [1]
lcdui_color             0x2000'0338     0x2  Data  Gb  lcd_ui.o [1]
lcdui_current_font      0x2000'0080     0x4  Data  Gb  lcd_ui.o [1]
lcdui_current_font_type
                        0x2000'033a     0x1  Data  Gb  lcd_ui.o [1]
lcdui_cursor_x          0x2000'ad70     0x2  Data  Gb  lcd_ui.o [1]
lcdui_cursor_y          0x2000'ad72     0x2  Data  Gb  lcd_ui.o [1]
lcdui_height            0x2000'0336     0x2  Data  Gb  lcd_ui.o [1]
lcdui_width             0x2000'0334     0x2  Data  Gb  lcd_ui.o [1]
ld_clust                 0x801'e189    0x26  Code  Lc  ff.o [1]
ld_dword                 0x801'd871    0x16  Code  Lc  ff.o [1]
ld_word                  0x801'd865     0xc  Code  Lc  ff.o [1]
ldata_length            0x2000'acc4     0x4  Data  Gb  printing.o [1]
ldata_offset_begin      0x2000'acbc     0x4  Data  Gb  printing.o [1]
ldata_offset_current    0x2000'acc0     0x4  Data  Gb  printing.o [1]
ldexp                    0x802'3521          Code  Gb  ldexp.o [4]
ldexpl                   0x802'3521          Code  Gb  ldexp.o [4]
lmos                     0x804'41f0    0x18  Data  Lc  datetime.o [1]
lngCurrent              0x2000'007c     0x4  Data  Gb  languages.o [1]
lngLanguages            0x2000'006c    0x10  Data  Gb  languages.o [1]
localeconv               0x802'2f73     0x4  Code  Gb  xlocale_c.o [2]
lroundf                  0x802'd375          Code  Gb  lroundf.o [4]
main                     0x802'3a91  0x11f2  Code  Gb  main.o [1]
mem_cmp                  0x801'd8cd    0x1e  Code  Lc  ff.o [1]
mem_cpy                  0x801'd8ad    0x14  Code  Lc  ff.o [1]
mem_set                  0x801'd8c1     0xc  Code  Lc  ff.o [1]
memchr                   0x802'3019          Code  Gb  memchr.o [5]
mos                      0x804'4208    0x18  Data  Lc  datetime.o [1]
mount_volume             0x801'edf9   0x262  Code  Lc  ff.o [1]
move_window              0x801'da0d    0x3e  Code  Lc  ff.o [1]
mparams                 0x2000'ac20    0x18  Data  Lc  dlmalloc.o [2]
msg                     0x2000'95a0   0x200  Data  Gb  main.o [1]
ndigs                    0x804'30e8    0x28  Data  Lc  iar_Stoulx.o [2]
ndigs                    0x804'3138    0x28  Data  Lc  iar_Stoullx.o [2]
nomorefiles             0x2000'ad8c     0x1  Data  Gb  tgui_filesscreenfuncs.o [1]
numstr                  0x2000'abb4    0x20  Data  Gb  tgui_numenterscreenfuncs.o [1]
numstr_len              0x2000'ad8f     0x1  Data  Gb  tgui_numenterscreenfuncs.o [1]
oldUsbMounted           0x2000'ad89     0x1  Data  Gb  tgui_filesscreenfuncs.o [1]
old_datetime            0x2000'aca0     0x8  Data  Gb  tgui_screensaverfuncs.o [1]
old_layer               0x2000'ad04     0x4  Data  Gb  tgui_printscreenfuncs.o [1]
old_pause               0x2000'ad92     0x1  Data  Gb  tgui_printscreenfuncs.o [1]
old_prtlayer            0x2000'ad08     0x4  Data  Gb  tgui_screensaverfuncs.o [1]
old_time                0x2000'ad00     0x4  Data  Gb  tgui_printscreenfuncs.o [1]
pfile_type              0x2000'ad86     0x1  Data  Gb  prtfiles.o [1]
pick_lfn                 0x801'e279    0x90  Code  Lc  ff.o [1]
pows                     0x804'3268    0x48  Data  Lc  strto64.o [4]
prepend_alloc            0x803'750b   0x346  Code  Lc  dlmalloc.o [2]
prev_position           0x2000'ac90     0x8  Data  Gb  printing.o [1]
prevcolors               0x804'52d4     0x4  Data  Lc  printing.o [1]
previmage               0x2000'0340  0x1cc0  Data  Gb  printing.o [1]
prt_file                0x2000'acd0     0x4  Data  Gb  prtfiles.o [1]
put_fat                  0x801'dc03   0x15c  Code  Lc  ff.o [1]
put_lfn                  0x801'e309    0x84  Code  Lc  ff.o [1]
put_utf                  0x801'd961    0x5c  Code  Lc  ff.o [1]
ranmatch                 0x803'c6c9    0x44  Code  Lc  xscanffull.o [2]
reTransmission_all_cnt  0x2000'acac     0x4  Data  Gb  cpld_utils.o [1]
reTransmission_data_cnt
                        0x2000'aca8     0x4  Data  Gb  cpld_utils.o [1]
remove_chain             0x801'dd5f    0x8e  Code  Lc  ff.o [1]
resX                    0x2000'acc8     0x4  Data  Gb  printing.o [1]
resY                    0x2000'accc     0x4  Data  Gb  printing.o [1]
retSPIFL                0x2000'ad7e     0x1  Data  Gb  fatfs.o [1]
retUSBH                 0x2000'ad7d     0x1  Data  Gb  fatfs.o [1]
s_tfname                0x2000'6720   0x400  Data  Gb  main.o [1]
scalbln                  0x802'3521          Code  Gb  ldexp.o [4]
scalblnl                 0x802'3521          Code  Gb  ldexp.o [4]
scalbn                   0x802'3521          Code  Gb  ldexp.o [4]
scalbnl                  0x802'3521          Code  Gb  ldexp.o [4]
scale                    0x802'1743    0x46  Code  Lc  xprintffull.o [2]
scrTimeTimer            0x2000'033c     0x1  Data  Gb  tgui_defaultfuncs.o [1]
sec_hand                0x2000'ad64     0x4  Data  Lc  xfail_s.o [2]
segment_holding          0x803'7489    0x1a  Code  Lc  dlmalloc.o [2]
sfile                   0x1000'5028  0x1028  Data  Gb  main.o [1]
sprintf                  0x801'c6e5    0x40  Code  Gb  sprintf.o [2]
sqrtf                    0x802'cb29          Code  Gb  sqrtf.o [4]
srvMode                 0x2000'ad85     0x1  Data  Gb  main.o [1]
sscanf                   0x804'0f2d    0x28  Code  Gb  sscanf.o [2]
st_clust                 0x801'e1af    0x2a  Code  Lc  ff.o [1]
st_dword                 0x801'd895    0x18  Code  Lc  ff.o [1]
st_word                  0x801'd887     0xe  Code  Lc  ff.o [1]
strcat                   0x803'a92d    0x1e  Code  Gb  strcat.o [2]
strchr                   0x802'2f81          Code  Gb  strchr.o [5]
strcmp                   0x802'7bb1          Code  Gb  strcmp.o [5]
strcpy                   0x803'a915          Code  Gb  strcpy.o [5]
strcpy_utf(char *, char *)
                         0x802'0669    0x28  Code  Gb  unicode_utils.o [1]
strlen                   0x802'2fe1          Code  Gb  strlen.o [5]
strncpy                  0x802'0ad9          Code  Gb  strncpy.o [5]
strtoll                  0x803'd28d     0x2  Code  Gb  iar_Stollx.o [2]
strtoul                  0x802'99e1     0x2  Code  Gb  iar_Stoulx.o [2]
strtoull                 0x803'd441     0x2  Code  Gb  iar_Stoullx.o [2]
strtrim(char *)          0x802'0723    0x5e  Code  Gb  unicode_utils.o [1]
strupper_utf(char *)     0x802'0781    0x5e  Code  Gb  unicode_utils.o [1]
subdir                  0x2000'ad8b     0x1  Data  Gb  tgui_filesscreenfuncs.o [1]
sum_sfn                  0x801'e437    0x20  Code  Lc  ff.o [1]
sync_fs                  0x801'da4b    0x94  Code  Lc  ff.o [1]
sync_window              0x801'd9bd    0x50  Code  Lc  ff.o [1]
sys_alloc                0x803'7a49   0x164  Code  Lc  dlmalloc.o [2]
sys_trim                 0x803'7bad    0x64  Code  Lc  dlmalloc.o [2]
systemInfo              0x2000'ab1c    0x28  Data  Gb  config.o [1]
tchar2uni                0x801'd91b    0x46  Code  Lc  ff.o [1]
tfname                  0x1000'7078   0x400  Data  Gb  tgui.o [1]
tguiActiveScreen        0x2000'acf4     0x4  Data  Gb  tgui.o [1]
tguiClockSet            0x2000'aabc    0x30  Data  Gb  tgui.o [1]
tguiDBuff               0x2000'ada4  0x1000  Data  Gb  tgui.o [1]
tguiDefaultConfig       0x2000'ab44    0x28  Data  Gb  tgui.o [1]
tguiFBuff               0x2000'bda4   0x200  Data  Gb  tgui.o [1]
tguiFile                0x1000'6050  0x1028  Data  Gb  tgui.o [1]
tguiMsgBox              0x2000'8230   0x350  Data  Gb  tgui.o [1]
tguiScrClockSetButtons  0x2000'5478   0x5d8  Data  Gb  tgui.o [1]
tguiScrFilesButtons     0x2000'7ec0   0x370  Data  Gb  tgui.o [1]
tguiScrFilesListButtons
                        0x2000'5a50   0x4d0  Data  Gb  tgui.o [1]
tguiScrFileviewButtons  0x2000'8d80   0x210  Data  Gb  tgui.o [1]
tguiScrInfoButtons      0x2000'a234    0xb0  Data  Gb  tgui.o [1]
tguiScrLanguageButtons  0x2000'9e2c   0x108  Data  Gb  tgui.o [1]
tguiScrMainButtons      0x2000'9ccc   0x160  Data  Gb  tgui.o [1]
tguiScrMovezButtons     0x2000'7af8   0x3c8  Data  Gb  tgui.o [1]
tguiScrNumenterButtons  0x2000'4ea0   0x5d8  Data  Gb  tgui.o [1]
tguiScrPrintButtons     0x2000'8f90   0x210  Data  Gb  tgui.o [1]
tguiScrServiceButtons   0x2000'9978   0x1b8  Data  Gb  tgui.o [1]
tguiScrSettingsButtons  0x2000'8580   0x318  Data  Gb  tgui.o [1]
tguiScreenFiles         0x2000'a99c    0x30  Data  Gb  tgui.o [1]
tguiScreenFilesList     0x2000'a9cc    0x30  Data  Gb  tgui.o [1]
tguiScreenFileview      0x2000'aa5c    0x30  Data  Gb  tgui.o [1]
tguiScreenInfo          0x2000'a93c    0x30  Data  Gb  tgui.o [1]
tguiScreenLanguage      0x2000'a90c    0x30  Data  Gb  tgui.o [1]
tguiScreenMain          0x2000'a8ac    0x30  Data  Gb  tgui.o [1]
tguiScreenMovez         0x2000'a96c    0x30  Data  Gb  tgui.o [1]
tguiScreenNumenter      0x2000'aa2c    0x30  Data  Gb  tgui.o [1]
tguiScreenPrint         0x2000'aa8c    0x30  Data  Gb  tgui.o [1]
tguiScreenSaver         0x2000'aaec    0x30  Data  Gb  tgui.o [1]
tguiScreenSaverButtons  0x2000'a624    0x58  Data  Gb  tgui.o [1]
tguiScreenService       0x2000'a8dc    0x30  Data  Gb  tgui.o [1]
tguiScreenSettings      0x2000'a9fc    0x30  Data  Gb  tgui.o [1]
tguiScreenTimer         0x2000'ad84     0x1  Data  Gb  main.o [1]
tguiTimer               0x2000'ad81     0x1  Data  Gb  main.o [1]
tmalloc_large            0x803'7c1d   0x386  Code  Lc  dlmalloc.o [2]
tmalloc_small            0x803'7fa3   0x200  Code  Lc  dlmalloc.o [2]
tolower                  0x802'd079    0x14  Code  Gb  tolower.o [2]
touch_buff              0x2000'a4a4    0x60  Data  Gb  fst_spi.o [1]
touch_info              0x2000'ac5c    0x10  Data  Gb  touch.o [1]
touch_point             0x2000'ad0c     0x4  Data  Gb  touch.o [1]
tstrcat(unsigned short *, unsigned short *)
                         0x802'06b3    0x2c  Code  Gb  unicode_utils.o [1]
tstrcat_utf(unsigned short *, char *)
                         0x802'06df    0x44  Code  Gb  unicode_utils.o [1]
tstrcpy(unsigned short *, unsigned short *)
                         0x802'0691    0x22  Code  Gb  unicode_utils.o [1]
typeval                 0x2000'ad8e     0x1  Data  Gb  tgui_numenterscreenfuncs.o [1]
u_tfname                0x2000'6320   0x400  Data  Gb  main.o [1]
uc866                    0x804'288c   0x100  Data  Lc  ffunicode.o [1]
ufile                   0x1000'4000  0x1028  Data  Gb  main.o [1]
uvfan_timer             0x2000'acf0     0x4  Data  Gb  sys_timer.o [1]
uvled_timer             0x2000'ace8     0x4  Data  Gb  sys_timer.o [1]
uvpause_timer           0x2000'acec     0x4  Data  Gb  sys_timer.o [1]
uwTick                  0x2000'acdc     0x4  Data  Gb  stm32f4xx_hal.o [1]
uwTickFreq              0x2000'033b     0x1  Data  Gb  stm32f4xx_hal.o [1]
uwTickPrio              0x2000'0084     0x4  Data  Gb  stm32f4xx_hal.o [1]
validate                 0x801'f05b    0x48  Code  Lc  ff.o [1]
wctob                    0x803'd1b9    0x32  Code  Gb  wctob.o [2]
zDisTimer               0x2000'ad83     0x1  Data  Gb  main.o [1]
zHoldTimer              0x2000'ad82     0x1  Data  Gb  main.o [1]
zPlanner                0x2000'ad97     0x1  Data  Gb  z_planner.o [1]


[1] = D:\Electronics\Projects\MKS_DLP_new\SRC\firmware\MKSDLP_Alter_Debug\Obj
[2] = dl7M_tlf.a
[3] = dlpp7M_tl_fc.a
[4] = m7M_tls.a
[5] = rt7M_tl.a
[6] = shb_l.a

  133 757 bytes of readonly  code memory
   84 320 bytes of readonly  data memory
  103 449 bytes of readwrite data memory

Errors: none
Warnings: none
