###############################################################################
#
# IAR ELF Linker V8.32.1.169/W32 for ARM                  27/Sep/2020  23:04:45
# Copyright 2007-2018 IAR Systems AB.
#
#    Output file  =  
#        D:\Electronics\Projects\MKS_DLP_new\SRC\firmware\MKSDLP_Alter_debug\Exe\MKS_DLP_new.out
#    Map file     =  
#        D:\Electronics\Projects\MKS_DLP_new\SRC\firmware\MKSDLP_Alter_debug\List\MKS_DLP_new.map
#    Command line =  
#        -f C:\Temp\EW9BB.tmp
#        (D:\Electronics\Projects\MKS_DLP_new\SRC\firmware\MKSDLP_Alter_Debug\Obj\config.o
#        D:\Electronics\Projects\MKS_DLP_new\SRC\firmware\MKSDLP_Alter_Debug\Obj\cpld_utils.o
#        D:\Electronics\Projects\MKS_DLP_new\SRC\firmware\MKSDLP_Alter_Debug\Obj\datetime.o
#        D:\Electronics\Projects\MKS_DLP_new\SRC\firmware\MKSDLP_Alter_Debug\Obj\diskio.o
#        D:\Electronics\Projects\MKS_DLP_new\SRC\firmware\MKSDLP_Alter_Debug\Obj\eeprom.o
#        D:\Electronics\Projects\MKS_DLP_new\SRC\firmware\MKSDLP_Alter_Debug\Obj\fatfs.o
#        D:\Electronics\Projects\MKS_DLP_new\SRC\firmware\MKSDLP_Alter_Debug\Obj\ff.o
#        D:\Electronics\Projects\MKS_DLP_new\SRC\firmware\MKSDLP_Alter_Debug\Obj\ff_gen_drv.o
#        D:\Electronics\Projects\MKS_DLP_new\SRC\firmware\MKSDLP_Alter_Debug\Obj\ffsystem.o
#        D:\Electronics\Projects\MKS_DLP_new\SRC\firmware\MKSDLP_Alter_Debug\Obj\ffunicode.o
#        D:\Electronics\Projects\MKS_DLP_new\SRC\firmware\MKSDLP_Alter_Debug\Obj\files_pws.o
#        D:\Electronics\Projects\MKS_DLP_new\SRC\firmware\MKSDLP_Alter_Debug\Obj\fnt12.o
#        D:\Electronics\Projects\MKS_DLP_new\SRC\firmware\MKSDLP_Alter_Debug\Obj\fnt12bold.o
#        D:\Electronics\Projects\MKS_DLP_new\SRC\firmware\MKSDLP_Alter_Debug\Obj\fnt170num_lcd.o
#        D:\Electronics\Projects\MKS_DLP_new\SRC\firmware\MKSDLP_Alter_Debug\Obj\fnt18.o
#        D:\Electronics\Projects\MKS_DLP_new\SRC\firmware\MKSDLP_Alter_Debug\Obj\fnt18bold.o
#        D:\Electronics\Projects\MKS_DLP_new\SRC\firmware\MKSDLP_Alter_Debug\Obj\fnt24.o
#        D:\Electronics\Projects\MKS_DLP_new\SRC\firmware\MKSDLP_Alter_Debug\Obj\fnt24bold.o
#        D:\Electronics\Projects\MKS_DLP_new\SRC\firmware\MKSDLP_Alter_Debug\Obj\fnt36.o
#        D:\Electronics\Projects\MKS_DLP_new\SRC\firmware\MKSDLP_Alter_Debug\Obj\fnt36num.o
#        D:\Electronics\Projects\MKS_DLP_new\SRC\firmware\MKSDLP_Alter_Debug\Obj\fsmc.o
#        D:\Electronics\Projects\MKS_DLP_new\SRC\firmware\MKSDLP_Alter_Debug\Obj\fst_spi.o
#        D:\Electronics\Projects\MKS_DLP_new\SRC\firmware\MKSDLP_Alter_Debug\Obj\gpio.o
#        D:\Electronics\Projects\MKS_DLP_new\SRC\firmware\MKSDLP_Alter_Debug\Obj\languages.o
#        D:\Electronics\Projects\MKS_DLP_new\SRC\firmware\MKSDLP_Alter_Debug\Obj\lcd_low.o
#        D:\Electronics\Projects\MKS_DLP_new\SRC\firmware\MKSDLP_Alter_Debug\Obj\lcd_ui.o
#        D:\Electronics\Projects\MKS_DLP_new\SRC\firmware\MKSDLP_Alter_Debug\Obj\main.o
#        D:\Electronics\Projects\MKS_DLP_new\SRC\firmware\MKSDLP_Alter_Debug\Obj\motor.o
#        D:\Electronics\Projects\MKS_DLP_new\SRC\firmware\MKSDLP_Alter_Debug\Obj\printing.o
#        D:\Electronics\Projects\MKS_DLP_new\SRC\firmware\MKSDLP_Alter_Debug\Obj\prtfiles.o
#        D:\Electronics\Projects\MKS_DLP_new\SRC\firmware\MKSDLP_Alter_Debug\Obj\rtc.o
#        D:\Electronics\Projects\MKS_DLP_new\SRC\firmware\MKSDLP_Alter_Debug\Obj\spi_flash.o
#        D:\Electronics\Projects\MKS_DLP_new\SRC\firmware\MKSDLP_Alter_Debug\Obj\spifl_diskio.o
#        D:\Electronics\Projects\MKS_DLP_new\SRC\firmware\MKSDLP_Alter_Debug\Obj\ssd_utils.o
#        D:\Electronics\Projects\MKS_DLP_new\SRC\firmware\MKSDLP_Alter_Debug\Obj\startup_stm32f407xx.o
#        D:\Electronics\Projects\MKS_DLP_new\SRC\firmware\MKSDLP_Alter_Debug\Obj\stm32f4xx_hal.o
#        D:\Electronics\Projects\MKS_DLP_new\SRC\firmware\MKSDLP_Alter_Debug\Obj\stm32f4xx_hal_cortex.o
#        D:\Electronics\Projects\MKS_DLP_new\SRC\firmware\MKSDLP_Alter_Debug\Obj\stm32f4xx_hal_dma.o
#        D:\Electronics\Projects\MKS_DLP_new\SRC\firmware\MKSDLP_Alter_Debug\Obj\stm32f4xx_hal_dma_ex.o
#        D:\Electronics\Projects\MKS_DLP_new\SRC\firmware\MKSDLP_Alter_Debug\Obj\stm32f4xx_hal_exti.o
#        D:\Electronics\Projects\MKS_DLP_new\SRC\firmware\MKSDLP_Alter_Debug\Obj\stm32f4xx_hal_flash.o
#        D:\Electronics\Projects\MKS_DLP_new\SRC\firmware\MKSDLP_Alter_Debug\Obj\stm32f4xx_hal_flash_ex.o
#        D:\Electronics\Projects\MKS_DLP_new\SRC\firmware\MKSDLP_Alter_Debug\Obj\stm32f4xx_hal_flash_ramfunc.o
#        D:\Electronics\Projects\MKS_DLP_new\SRC\firmware\MKSDLP_Alter_Debug\Obj\stm32f4xx_hal_gpio.o
#        D:\Electronics\Projects\MKS_DLP_new\SRC\firmware\MKSDLP_Alter_Debug\Obj\stm32f4xx_hal_hcd.o
#        D:\Electronics\Projects\MKS_DLP_new\SRC\firmware\MKSDLP_Alter_Debug\Obj\stm32f4xx_hal_i2c.o
#        D:\Electronics\Projects\MKS_DLP_new\SRC\firmware\MKSDLP_Alter_Debug\Obj\stm32f4xx_hal_msp.o
#        D:\Electronics\Projects\MKS_DLP_new\SRC\firmware\MKSDLP_Alter_Debug\Obj\stm32f4xx_hal_pwr.o
#        D:\Electronics\Projects\MKS_DLP_new\SRC\firmware\MKSDLP_Alter_Debug\Obj\stm32f4xx_hal_pwr_ex.o
#        D:\Electronics\Projects\MKS_DLP_new\SRC\firmware\MKSDLP_Alter_Debug\Obj\stm32f4xx_hal_rcc.o
#        D:\Electronics\Projects\MKS_DLP_new\SRC\firmware\MKSDLP_Alter_Debug\Obj\stm32f4xx_hal_rcc_ex.o
#        D:\Electronics\Projects\MKS_DLP_new\SRC\firmware\MKSDLP_Alter_Debug\Obj\stm32f4xx_hal_rtc.o
#        D:\Electronics\Projects\MKS_DLP_new\SRC\firmware\MKSDLP_Alter_Debug\Obj\stm32f4xx_hal_rtc_ex.o
#        D:\Electronics\Projects\MKS_DLP_new\SRC\firmware\MKSDLP_Alter_Debug\Obj\stm32f4xx_hal_spi.o
#        D:\Electronics\Projects\MKS_DLP_new\SRC\firmware\MKSDLP_Alter_Debug\Obj\stm32f4xx_hal_sram.o
#        D:\Electronics\Projects\MKS_DLP_new\SRC\firmware\MKSDLP_Alter_Debug\Obj\stm32f4xx_hal_tim.o
#        D:\Electronics\Projects\MKS_DLP_new\SRC\firmware\MKSDLP_Alter_Debug\Obj\stm32f4xx_hal_tim_ex.o
#        D:\Electronics\Projects\MKS_DLP_new\SRC\firmware\MKSDLP_Alter_Debug\Obj\stm32f4xx_it.o
#        D:\Electronics\Projects\MKS_DLP_new\SRC\firmware\MKSDLP_Alter_Debug\Obj\stm32f4xx_ll_fsmc.o
#        D:\Electronics\Projects\MKS_DLP_new\SRC\firmware\MKSDLP_Alter_Debug\Obj\stm32f4xx_ll_usb.o
#        D:\Electronics\Projects\MKS_DLP_new\SRC\firmware\MKSDLP_Alter_Debug\Obj\sys_timer.o
#        D:\Electronics\Projects\MKS_DLP_new\SRC\firmware\MKSDLP_Alter_Debug\Obj\system_stm32f4xx.o
#        D:\Electronics\Projects\MKS_DLP_new\SRC\firmware\MKSDLP_Alter_Debug\Obj\tgui.o
#        D:\Electronics\Projects\MKS_DLP_new\SRC\firmware\MKSDLP_Alter_Debug\Obj\tgui_clocksetscreenfuncs.o
#        D:\Electronics\Projects\MKS_DLP_new\SRC\firmware\MKSDLP_Alter_Debug\Obj\tgui_defaultfuncs.o
#        D:\Electronics\Projects\MKS_DLP_new\SRC\firmware\MKSDLP_Alter_Debug\Obj\tgui_filesscreenfuncs.o
#        D:\Electronics\Projects\MKS_DLP_new\SRC\firmware\MKSDLP_Alter_Debug\Obj\tgui_fileviewscreenfuncs.o
#        D:\Electronics\Projects\MKS_DLP_new\SRC\firmware\MKSDLP_Alter_Debug\Obj\tgui_infoscreenfuncs.o
#        D:\Electronics\Projects\MKS_DLP_new\SRC\firmware\MKSDLP_Alter_Debug\Obj\tgui_langscreenfuncs.o
#        D:\Electronics\Projects\MKS_DLP_new\SRC\firmware\MKSDLP_Alter_Debug\Obj\tgui_mainscreenfuncs.o
#        D:\Electronics\Projects\MKS_DLP_new\SRC\firmware\MKSDLP_Alter_Debug\Obj\tgui_messagebox.o
#        D:\Electronics\Projects\MKS_DLP_new\SRC\firmware\MKSDLP_Alter_Debug\Obj\tgui_movezscreenfuncs.o
#        D:\Electronics\Projects\MKS_DLP_new\SRC\firmware\MKSDLP_Alter_Debug\Obj\tgui_numenterscreenfuncs.o
#        D:\Electronics\Projects\MKS_DLP_new\SRC\firmware\MKSDLP_Alter_Debug\Obj\tgui_printscreenfuncs.o
#        D:\Electronics\Projects\MKS_DLP_new\SRC\firmware\MKSDLP_Alter_Debug\Obj\tgui_screensaverfuncs.o
#        D:\Electronics\Projects\MKS_DLP_new\SRC\firmware\MKSDLP_Alter_Debug\Obj\tgui_settingsscreenfuncs.o
#        D:\Electronics\Projects\MKS_DLP_new\SRC\firmware\MKSDLP_Alter_Debug\Obj\tgui_uvtestscreenfuncs.o
#        D:\Electronics\Projects\MKS_DLP_new\SRC\firmware\MKSDLP_Alter_Debug\Obj\tim.o
#        D:\Electronics\Projects\MKS_DLP_new\SRC\firmware\MKSDLP_Alter_Debug\Obj\touch.o
#        D:\Electronics\Projects\MKS_DLP_new\SRC\firmware\MKSDLP_Alter_Debug\Obj\unicode_utils.o
#        D:\Electronics\Projects\MKS_DLP_new\SRC\firmware\MKSDLP_Alter_Debug\Obj\usb_host.o
#        D:\Electronics\Projects\MKS_DLP_new\SRC\firmware\MKSDLP_Alter_Debug\Obj\usbh_conf.o
#        D:\Electronics\Projects\MKS_DLP_new\SRC\firmware\MKSDLP_Alter_Debug\Obj\usbh_core.o
#        D:\Electronics\Projects\MKS_DLP_new\SRC\firmware\MKSDLP_Alter_Debug\Obj\usbh_ctlreq.o
#        D:\Electronics\Projects\MKS_DLP_new\SRC\firmware\MKSDLP_Alter_Debug\Obj\usbh_diskio.o
#        D:\Electronics\Projects\MKS_DLP_new\SRC\firmware\MKSDLP_Alter_Debug\Obj\usbh_ioreq.o
#        D:\Electronics\Projects\MKS_DLP_new\SRC\firmware\MKSDLP_Alter_Debug\Obj\usbh_msc.o
#        D:\Electronics\Projects\MKS_DLP_new\SRC\firmware\MKSDLP_Alter_Debug\Obj\usbh_msc_bot.o
#        D:\Electronics\Projects\MKS_DLP_new\SRC\firmware\MKSDLP_Alter_Debug\Obj\usbh_msc_scsi.o
#        D:\Electronics\Projects\MKS_DLP_new\SRC\firmware\MKSDLP_Alter_Debug\Obj\usbh_pipes.o
#        D:\Electronics\Projects\MKS_DLP_new\SRC\firmware\MKSDLP_Alter_Debug\Obj\usbh_platform.o
#        D:\Electronics\Projects\MKS_DLP_new\SRC\firmware\MKSDLP_Alter_Debug\Obj\uvdisplay.o
#        D:\Electronics\Projects\MKS_DLP_new\SRC\firmware\MKSDLP_Alter_Debug\Obj\z_endstops.o
#        D:\Electronics\Projects\MKS_DLP_new\SRC\firmware\MKSDLP_Alter_Debug\Obj\z_planner.o
#        D:\Electronics\Projects\MKS_DLP_new\SRC\firmware\MKSDLP_Alter_Debug\Obj\z_stepper.o
#        --redirect _Printf=_PrintfFull --redirect _Scanf=_ScanfFull
#        --no_out_extension -o
#        D:\Electronics\Projects\MKS_DLP_new\SRC\firmware\MKSDLP_Alter_debug\Exe\MKS_DLP_new.out
#        --map
#        D:\Electronics\Projects\MKS_DLP_new\SRC\firmware\MKSDLP_Alter_debug\List\MKS_DLP_new.map
#        --log libraries,call_graph --log_file
#        D:\Electronics\Projects\MKS_DLP_new\SRC\firmware\MKSDLP_Alter_debug\List\MKS_DLP_new.log
#        --config
#        D:\Electronics\Projects\MKS_DLP_new\SRC\firmware/config/stm32f407xx_flash.icf
#        --semihosting --entry __iar_program_start --merge_duplicate_sections
#        --vfe --text_out locale)
#
###############################################################################

*******************************************************************************
*** RUNTIME MODEL ATTRIBUTES
***

CppFlavor                     = *
__CPP_Exceptions              = Disabled
__CPP_Language                = C++14
__Heap_Handler                = DLMalloc
__SystemLibrary               = DLib
__dlib_dynamic_initialization = normal
__dlib_version                = 6


*******************************************************************************
*** HEAP SELECTION
***

The advanced heap was selected because the application calls memory
allocation functions outside of system library functions, and there
are calls to deallocation functions in the application.


*******************************************************************************
*** PLACEMENT SUMMARY
***

"A0":  place at 0x801'0000 { ro section .intvec };
"P1":  place in [from 0x801'0000 to 0x807'ffff] { ro };
define block CSTACK with size = 16K, alignment = 8 { };
define block HEAP with size = 8K, alignment = 8 { };
"P2":  place in [from 0x2000'0000 to 0x2001'ffff] {
          rw, block CSTACK, block HEAP };
"P3":  place in [from 0x1000'0000 to 0x1000'ffff] { rw section CCMRAM };
initialize by copy { rw };

  Section                Kind         Address     Size  Object
  -------                ----         -------     ----  ------
"A0":                                            0x188
  .intvec                ro code   0x801'0000    0x188  startup_stm32f407xx.o [1]
                                 - 0x801'0188    0x188

"P1":                                          0x36155
  .rodata                const     0x801'0188   0x66f0  fnt170num_lcd.o [1]
  .text                  ro code   0x801'6878   0x4a70  tgui.o [1]
  .text                  ro code   0x801'b2e8     0x66  ABImemset.o [5]
  .text                  ro code   0x801'b34e     0x7a  lz77_init_single.o [5]
  .text                  ro code   0x801'b3c8    0xaf8  tgui_defaultfuncs.o [1]
  .text                  ro code   0x801'bec0     0xa6  ABImemcpy.o [5]
  .text                  ro code   0x801'bf66     0x3a  zero_init3.o [5]
  .text                  ro code   0x801'bfa0     0x40  languages.o [1]
  .text                  ro code   0x801'bfe0    0x754  tgui_messagebox.o [1]
  .text                  ro code   0x801'c734    0x20c  sys_timer.o [1]
  .text                  ro code   0x801'c940    0x26c  datetime.o [1]
  .text                  ro code   0x801'cbac     0x40  sprintf.o [2]
  .text                  ro code   0x801'cbec    0xc20  lcd_ui.o [1]
  .text                  ro code   0x801'd80c    0x520  lcd_low.o [1]
  .text                  ro code   0x801'dd2c   0x2d1c  ff.o [1]
  .text                  ro code   0x802'0a48    0x39a  unicode_utils.o [1]
  .text                  ro code   0x802'0de2     0x26  xencoding_8859_1.o [2]
  .text                  ro code   0x802'0e08    0x2d4  touch.o [1]
  .text                  ro code   0x802'10dc     0x70  strncpy.o [5]
  .text                  ro code   0x802'114c    0x418  stm32f4xx_hal_rtc.o [1]
  .text                  ro code   0x802'1564      0xc  stm32f4xx_hal.o [1]
  .text                  ro code   0x802'1570    0xf46  xprintffull.o [2]
  .text                  ro code   0x802'24b6     0x1e  xsscin.o [2]
  .text                  ro code   0x802'24d4     0x28  stm32f4xx_hal.o [1]
  .text                  ro code   0x802'24fc    0x114  fsmc.o [1]
  .text                  ro code   0x802'2610    0x458  stm32f4xx_hal_dma.o [1]
  .text                  ro code   0x802'2a68    0x12c  stm32f4xx_hal_cortex.o [1]
  .text                  ro code   0x802'2b94     0xb0  diskio.o [1]
  .text                  ro code   0x802'2c44    0x144  ffunicode.o [1]
  .text                  ro code   0x802'2d88    0x158  fatfs.o [1]
  .text                  ro code   0x802'2ee0    0x554  fst_spi.o [1]
  .text                  ro code   0x802'3434    0x104  xlocale_c.o [2]
  .text                  ro code   0x802'3538     0x16  strchr.o [5]
  .text                  ro code   0x802'354e      0xa  xsprout.o [2]
  .text                  ro code   0x802'3558     0x40  xfail_s.o [2]
  .text                  ro code   0x802'3598     0x36  strlen.o [5]
  .rodata                const     0x802'35ce      0x2  languages.o [1]
  .text                  ro code   0x802'35d0     0x58  memchr.o [5]
  .text                  ro code   0x802'3628      0xa  xmbcurmax.o [2]
  .rodata                const     0x802'3632      0x2  languages.o [1]
  .text                  ro code   0x802'3634    0x230  I64DivMod.o [5]
  .text                  ro code   0x802'3864    0x1a2  DblMul.o [4]
  .rodata                const     0x802'3a06      0x1  unwind_debug.o [6]
  .text                  ro code   0x802'3a08     0x70  frexp.o [4]
  .text                  ro code   0x802'3a78     0x2e  DblCmpLe.o [4]
  .text                  ro code   0x802'3aa8     0x2e  DblCmpGe.o [4]
  .text                  ro code   0x802'3ad8    0x13a  ldexp.o [4]
  .text                  ro code   0x802'3c14     0x3a  DblToS32.o [4]
  .text                  ro code   0x802'3c50     0x22  S32ToDbl.o [4]
  .text                  ro code   0x802'3c74     0xe2  DblSub.o [4]
  .text                  ro code   0x802'3d58    0x246  DblDiv.o [4]
  .text                  ro code   0x802'3fa0     0x28  DblToU32.o [4]
  .text                  ro code   0x802'3fc8     0x1a  U32ToDbl.o [4]
  .text                  ro code   0x802'3fe4      0x6  ABImemclr4.o [5]
  .text                  ro code   0x802'3fec     0x5c  stm32f4xx_hal_sram.o [1]
  .text                  ro code   0x802'4048   0x1256  main.o [1]
  .text                  ro code   0x802'52a0    0x252  stm32f4xx_hal_gpio.o [1]
  .text                  ro code   0x802'54f4     0x54  ff_gen_drv.o [1]
  .text                  ro code   0x802'5548    0x766  stm32f4xx_hal_spi.o [1]
  .text                  ro code   0x802'5cae      0x6  abort.o [2]
  .text                  ro code   0x802'5cb4      0x2  stm32f4xx_hal_spi.o [1]
  .text                  ro code   0x802'5cb8    0x17a  DblAdd.o [4]
  .text                  ro code   0x802'5e34     0x32  ABImemset48.o [5]
  .text                  ro code   0x802'5e68     0xe4  stm32f4xx_ll_fsmc.o [1]
  .text                  ro code   0x802'5f4c     0x34  stm32f4xx_hal.o [1]
  .text                  ro code   0x802'5f80    0x2c0  gpio.o [1]
  .text                  ro code   0x802'6240    0x5e4  eeprom.o [1]
  .text                  ro code   0x802'6824    0xec4  config.o [1]
  .text                  ro code   0x802'76e8    0x2c8  spi_flash.o [1]
  .text                  ro code   0x802'79b0     0xc8  rtc.o [1]
  .text                  ro code   0x802'7a78    0x2e4  motor.o [1]
  .text                  ro code   0x802'7d5c    0x1da  cpld_utils.o [1]
  .text                  ro code   0x802'7f38     0x24  uvdisplay.o [1]
  .text                  ro code   0x802'7f5c    0x488  tgui_uvtestscreenfuncs.o [1]
  .text                  ro code   0x802'83e4     0x20  usbh_platform.o [1]
  .text                  ro code   0x802'8404     0x94  usb_host.o [1]
  .text                  ro code   0x802'8498     0x12  strcmp.o [5]
  .text                  ro code   0x802'84ac    0x484  tgui_screensaverfuncs.o [1]
  .text                  ro code   0x802'8930     0x48  FltToDbl.o [4]
  .text                  ro code   0x802'8978     0x68  DblToFlt.o [4]
  .text                  ro code   0x802'89e0    0x524  tgui_movezscreenfuncs.o [1]
  .text                  ro code   0x802'8f04    0x6c4  printing.o [1]
  .text                  ro code   0x802'95c8    0x3cc  prtfiles.o [1]
  .text                  ro code   0x802'9994    0x3b4  stm32f4xx_hal_rcc.o [1]
  .text                  ro code   0x802'9d48    0x1f4  stm32f4xx_hal_rcc.o [1]
  .text                  ro code   0x802'9f3c    0x150  stm32f4xx_hal_rcc_ex.o [1]
  .text                  ro code   0x802'a08c     0x14  exit.o [6]
  .text                  ro code   0x802'a0a0     0x4c  stm32f4xx_hal.o [1]
  .text                  ro code   0x802'a0ec     0x40  stm32f4xx_hal_msp.o [1]
  .text                  ro code   0x802'a12c    0x1ea  stm32f4xx_hal_i2c.o [1]
  .text                  ro code   0x802'a318      0xe  math_wrappers64.o [4]
  .text                  ro code   0x802'a328    0x152  iar_Stoulx.o [2]
  .text                  ro code   0x802'a47a     0x20  spi_flash.o [1]
  .text                  ro code   0x802'a49c     0xe4  z_endstops.o [1]
  .text                  ro code   0x802'a580    0xe30  z_planner.o [1]
  .text                  ro code   0x802'b3b0    0x590  z_stepper.o [1]
  .text                  ro code   0x802'b940    0x1cc  tim.o [1]
  .text                  ro code   0x802'bb0c    0x78a  stm32f4xx_hal_tim.o [1]
  .text                  ro code   0x802'c298     0x14  motor.o [1]
  .text                  ro code   0x802'c2ac      0xc  z_endstops.o [1]
  .text                  ro code   0x802'c2b8     0x18  z_endstops.o [1]
  .text                  ro code   0x802'c2d0     0x20  z_stepper.o [1]
  .text                  ro code   0x802'c2f0     0x20  motor.o [1]
  .text                  ro code   0x802'c310     0x42  cpld_utils.o [1]
  .text                  ro code   0x802'c354    0x5c8  ssd_utils.o [1]
  .text                  ro code   0x802'c91c     0x18  strcpy.o [5]
  .text                  ro code   0x802'c934     0x1e  strcat.o [2]
  .text                  ro code   0x802'c952    0x7de  usbh_core.o [1]
  .text                  ro code   0x802'd130    0x4cc  files_pws.o [1]
  .text                  ro code   0x802'd5fc     0x1e  sqrtf.o [4]
  .text                  ro code   0x802'd61c    0x51c  strto64.o [4]
  .text                  ro code   0x802'db38     0x14  isspace.o [2]
  .text                  ro code   0x802'db4c     0x14  tolower.o [2]
  .text                  ro code   0x802'db60     0x18  z_stepper.o [1]
  .text                  ro code   0x802'db78     0x24  z_planner.o [1]
  .text                  ro code   0x802'db9c     0x18  z_planner.o [1]
  .text                  ro code   0x802'dbb4      0x8  z_stepper.o [1]
  .text                  ro code   0x802'dbbc     0x3c  ceilf.o [4]
  .text                  ro code   0x802'dbf8     0xac  z_planner.o [1]
  .text                  ro code   0x802'dca4     0x3c  floorf.o [4]
  .text                  ro code   0x802'dce0     0xbc  z_planner.o [1]
  .text                  ro code   0x802'dd9c     0x12  z_planner.o [1]
  .text                  ro code   0x802'ddae      0x8  z_planner.o [1]
  .text                  ro code   0x802'ddb8     0x20  z_stepper.o [1]
  .text                  ro code   0x802'ddd8     0x10  z_stepper.o [1]
  .text                  ro code   0x802'dde8      0xc  z_stepper.o [1]
  .text                  ro code   0x802'ddf4     0x38  z_planner.o [1]
  .text                  ro code   0x802'de2c     0x18  z_planner.o [1]
  .text                  ro code   0x802'de44     0x2e  lroundf.o [4]
  .text                  ro code   0x802'de74     0x1c  z_stepper.o [1]
  .text                  ro code   0x802'de90     0x2c  z_stepper.o [1]
  .text                  ro code   0x802'debc     0xac  stm32f4xx_hal_tim_ex.o [1]
  .text                  ro code   0x802'df68    0x2f8  usbh_conf.o [1]
  .text                  ro code   0x802'e260     0xb6  usbh_pipes.o [1]
  .text                  ro code   0x802'e316    0x5bc  usbh_ctlreq.o [1]
  .text                  ro code   0x802'e8d2    0x122  iar_Stopfx.o [2]
  .text                  ro code   0x802'e9f4    0x1c4  iar_Stoflt.o [2]
  .text                  ro code   0x802'ebb8    0x21c  iar_Stoxflt.o [2]
  .text                  ro code   0x802'edd4     0x10  z_stepper.o [1]
  .text                  ro code   0x802'ede4      0xe  z_planner.o [1]
  .text                  ro code   0x802'edf4     0x1c  z_stepper.o [1]
  .text                  ro code   0x802'ee10   0x1060  stm32f4xx_hal_hcd.o [1]
  .text                  ro code   0x802'fe70     0xd0  usbh_ioreq.o [1]
  .text                  ro code   0x802'ff40     0x14  isalpha.o [2]
  .text                  ro code   0x802'ff54    0x9c4  stm32f4xx_ll_usb.o [1]
  .rodata                const     0x803'0918   0x3b94  fnt36.o [1]
  .rodata                const     0x803'44ac   0x2094  fnt24bold.o [1]
  .rodata                const     0x803'6540   0x1a1c  fnt24.o [1]
  .text                  ro code   0x803'7f5c   0x14e0  dlmalloc.o [2]
  .text                  ro code   0x803'943c     0x2c  xgetmemchunk.o [2]
  .rodata                const     0x803'9468   0x10c8  fnt18bold.o [1]
  .text                  ro code   0x803'a530    0xeb8  tgui_filesscreenfuncs.o [1]
  .text                  ro code   0x803'b3e8    0xbe4  tgui_fileviewscreenfuncs.o [1]
  .rodata                const     0x803'bfcc    0xea4  fnt18.o [1]
  .text                  ro code   0x803'ce70    0xe58  xscanffull.o [2]
  .text                  ro code   0x803'dcc8     0x3c  wctob.o [2]
  .text                  ro code   0x803'dd04     0x9e  iar_Stollx.o [2]
  .text                  ro code   0x803'dda4    0x1b2  iar_Stoullx.o [2]
  .text                  ro code   0x803'df58    0x980  tgui_printscreenfuncs.o [1]
  .text                  ro code   0x803'e8d8    0x8b4  usbh_msc.o [1]
  .text                  ro code   0x803'f18c    0x394  usbh_msc_bot.o [1]
  .text                  ro code   0x803'f520      0x4  heaptramp0.o [2]
  .text                  ro code   0x803'f524    0x3ea  usbh_msc_scsi.o [1]
  .rodata                const     0x803'f910    0x788  fnt12bold.o [1]
  .rodata                const     0x804'0098    0x6b4  fnt12.o [1]
  .rodata                const     0x804'074c    0x684  fnt36num.o [1]
  .text                  ro code   0x804'0dd0    0x680  tgui_clocksetscreenfuncs.o [1]
  .text                  ro code   0x804'1450    0x620  tgui_numenterscreenfuncs.o [1]
  .text                  ro code   0x804'1a70     0x28  sscanf.o [2]
  .text                  ro code   0x804'1a98    0x474  tgui_infoscreenfuncs.o [1]
  .text                  ro code   0x804'1f0c    0x400  tgui_settingsscreenfuncs.o [1]
  .rodata                const     0x804'230c    0x1f4  ffunicode.o [1]
  .rodata                const     0x804'2500    0x1f0  languages.o [1]
  .rodata                const     0x804'26f0    0x1f0  languages.o [1]
  .text                  ro code   0x804'28e0    0x144  usbh_diskio.o [1]
  .rodata                const     0x804'2a24    0x140  fnt12.o [1]
  .rodata                const     0x804'2b64    0x140  fnt12bold.o [1]
  .rodata                const     0x804'2ca4    0x140  fnt18.o [1]
  .rodata                const     0x804'2de4    0x140  fnt18bold.o [1]
  .rodata                const     0x804'2f24    0x140  fnt24.o [1]
  .rodata                const     0x804'3064    0x140  fnt24bold.o [1]
  .rodata                const     0x804'31a4    0x140  fnt36.o [1]
  .text                  ro code   0x804'32e4    0x12c  spifl_diskio.o [1]
  .rodata                const     0x804'3410    0x100  ffunicode.o [1]
  .rodata                const     0x804'3510     0xc8  languages.o [1]
  .rodata                const     0x804'35d8     0xbc  ffunicode.o [1]
  .rodata                const     0x804'3694     0x9c  languages.o [1]
  .text                  ro code   0x804'3730     0x9c  stm32f4xx_it.o [1]
  .rodata                const     0x804'37cc     0x80  ff.o [1]
  .rodata                const     0x804'384c     0x78  languages.o [1]
  .rodata                const     0x804'38c4     0x74  languages.o [1]
  .rodata                const     0x804'3938     0x74  languages.o [1]
  .rodata                const     0x804'39ac     0x70  languages.o [1]
  .rodata                const     0x804'3a1c     0x70  languages.o [1]
  .rodata                const     0x804'3a8c     0x68  languages.o [1]
  .rodata                const     0x804'3af4     0x68  languages.o [1]
  .rodata                const     0x804'3b5c     0x68  languages.o [1]
  .rodata                const     0x804'3bc4     0x64  languages.o [1]
  .rodata                const     0x804'3c28     0x54  languages.o [1]
  .rodata                const     0x804'3c7c     0x54  languages.o [1]
  .rodata                const     0x804'3cd0     0x50  iar_Stoulx.o [2]
  .rodata                const     0x804'3d20     0x50  iar_Stoullx.o [2]
  .rodata                const     0x804'3d70     0x4c  languages.o [1]
  .rodata                const     0x804'3dbc     0x4c  xscanffull.o [2]
  .rodata                const     0x804'3e08     0x48  languages.o [1]
  .rodata                const     0x804'3e50     0x48  strto64.o [4]
  .rodata                const     0x804'3e98     0x44  languages.o [1]
  .rodata                const     0x804'3edc     0x40  languages.o [1]
  .rodata                const     0x804'3f1c     0x3c  languages.o [1]
  .rodata                const     0x804'3f58     0x3c  languages.o [1]
  .rodata                const     0x804'3f94     0x3c  languages.o [1]
  .rodata                const     0x804'3fd0     0x3c  languages.o [1]
  .rodata                const     0x804'400c     0x3c  languages.o [1]
  .rodata                const     0x804'4048     0x38  fnt170num_lcd.o [1]
  .rodata                const     0x804'4080     0x38  fnt36num.o [1]
  .rodata                const     0x804'40b8     0x38  languages.o [1]
  .rodata                const     0x804'40f0     0x38  languages.o [1]
  .rodata                const     0x804'4128     0x38  languages.o [1]
  .rodata                const     0x804'4160     0x38  main.o [1]
  .rodata                const     0x804'4198     0x34  languages.o [1]
  .rodata                const     0x804'41cc     0x34  languages.o [1]
  .rodata                const     0x804'4200     0x34  languages.o [1]
  .rodata                const     0x804'4234     0x34  main.o [1]
  .rodata                const     0x804'4268     0x34  main.o [1]
  .rodata                const     0x804'429c     0x30  languages.o [1]
  .rodata                const     0x804'42cc     0x30  languages.o [1]
  .rodata                const     0x804'42fc     0x30  languages.o [1]
  .rodata                const     0x804'432c     0x30  languages.o [1]
  .rodata                const     0x804'435c     0x30  main.o [1]
  .rodata                const     0x804'438c     0x30  main.o [1]
  .rodata                const     0x804'43bc     0x30  main.o [1]
  .rodata                const     0x804'43ec     0x2c  languages.o [1]
  .rodata                const     0x804'4418     0x2c  languages.o [1]
  .rodata                const     0x804'4444     0x2c  languages.o [1]
  .rodata                const     0x804'4470     0x2c  languages.o [1]
  .rodata                const     0x804'449c     0x2c  main.o [1]
  .rodata                const     0x804'44c8     0x2c  main.o [1]
  .rodata                const     0x804'44f4     0x28  languages.o [1]
  .rodata                const     0x804'451c     0x28  languages.o [1]
  .rodata                const     0x804'4544     0x28  languages.o [1]
  .rodata                const     0x804'456c     0x28  main.o [1]
  .rodata                const     0x804'4594     0x28  xscanffull.o [2]
  .text                  ro code   0x804'45bc     0x28  data_init.o [5]
  .rodata                const     0x804'45e4     0x24  languages.o [1]
  .rodata                const     0x804'4608     0x24  languages.o [1]
  .rodata                const     0x804'462c     0x24  languages.o [1]
  .rodata                const     0x804'4650     0x24  main.o [1]
  .rodata                const     0x804'4674     0x24  tgui_infoscreenfuncs.o [1]
  .text                  ro code   0x804'4698     0x22  fpinit_M.o [4]
  .iar.init_table        const     0x804'46bc     0x2c  - Linker created -
  .rodata                const     0x804'46e8     0x20  languages.o [1]
  .rodata                const     0x804'4708     0x20  languages.o [1]
  .rodata                const     0x804'4728     0x20  languages.o [1]
  .rodata                const     0x804'4748     0x20  languages.o [1]
  .rodata                const     0x804'4768     0x20  languages.o [1]
  .rodata                const     0x804'4788     0x20  languages.o [1]
  .rodata                const     0x804'47a8     0x20  languages.o [1]
  .rodata                const     0x804'47c8     0x20  main.o [1]
  .rodata                const     0x804'47e8     0x20  tgui.o [1]
  .rodata                const     0x804'4808     0x20  tgui.o [1]
  .rodata                const     0x804'4828     0x20  tgui.o [1]
  .rodata                const     0x804'4848     0x20  tgui.o [1]
  .rodata                const     0x804'4868     0x20  tgui.o [1]
  .rodata                const     0x804'4888     0x20  tgui.o [1]
  .rodata                const     0x804'48a8     0x20  tgui.o [1]
  .rodata                const     0x804'48c8     0x20  tgui_printscreenfuncs.o [1]
  .text                  ro code   0x804'48e8     0x20  system_stm32f4xx.o [1]
  .text                  ro code   0x804'4908     0x20  cmain_call_ctors.o [5]
  .text                  ro code   0x804'4928     0x18  cppinit.o [2]
  .text                  ro code   0x804'4940     0x1e  cmain.o [5]
  .text                  ro code   0x804'495e      0x4  low_level_init.o [2]
  .text                  ro code   0x804'4962      0x4  exit.o [2]
  .text                  ro code   0x804'4968      0xa  cexit.o [5]
  .rodata                const     0x804'4974     0x1c  languages.o [1]
  .rodata                const     0x804'4990     0x1c  languages.o [1]
  .rodata                const     0x804'49ac     0x1c  languages.o [1]
  .rodata                const     0x804'49c8     0x1c  languages.o [1]
  .rodata                const     0x804'49e4     0x1c  languages.o [1]
  .rodata                const     0x804'4a00     0x1c  languages.o [1]
  .rodata                const     0x804'4a1c     0x1c  languages.o [1]
  .rodata                const     0x804'4a38     0x1c  languages.o [1]
  .rodata                const     0x804'4a54     0x1c  languages.o [1]
  .rodata                const     0x804'4a70     0x1c  languages.o [1]
  .rodata                const     0x804'4a8c     0x1c  languages.o [1]
  .rodata                const     0x804'4aa8     0x1c  languages.o [1]
  .rodata                const     0x804'4ac4     0x1c  tgui.o [1]
  .rodata                const     0x804'4ae0     0x1c  tgui.o [1]
  .rodata                const     0x804'4afc     0x1c  tgui.o [1]
  .rodata                const     0x804'4b18     0x1c  tgui.o [1]
  .rodata                const     0x804'4b34     0x1c  tgui.o [1]
  .rodata                const     0x804'4b50     0x1c  tgui.o [1]
  .rodata                const     0x804'4b6c     0x1c  tgui.o [1]
  .rodata                const     0x804'4b88     0x1c  tgui.o [1]
  .rodata                const     0x804'4ba4     0x1c  tgui.o [1]
  .rodata                const     0x804'4bc0     0x1c  tgui.o [1]
  .rodata                const     0x804'4bdc     0x1c  tgui.o [1]
  .rodata                const     0x804'4bf8     0x1c  tgui.o [1]
  .rodata                const     0x804'4c14     0x1c  tgui.o [1]
  .rodata                const     0x804'4c30     0x1c  tgui.o [1]
  .rodata                const     0x804'4c4c     0x1c  tgui.o [1]
  .rodata                const     0x804'4c68     0x1c  tgui.o [1]
  .rodata                const     0x804'4c84     0x1c  tgui.o [1]
  .rodata                const     0x804'4ca0     0x1c  tgui.o [1]
  .rodata                const     0x804'4cbc     0x1c  tgui.o [1]
  .rodata                const     0x804'4cd8     0x1c  tgui.o [1]
  .rodata                const     0x804'4cf4     0x1c  tgui.o [1]
  .rodata                const     0x804'4d10     0x1c  tgui.o [1]
  .rodata                const     0x804'4d2c     0x1c  tgui.o [1]
  .rodata                const     0x804'4d48     0x1c  tgui.o [1]
  .rodata                const     0x804'4d64     0x1c  tgui.o [1]
  .rodata                const     0x804'4d80     0x1c  tgui.o [1]
  .rodata                const     0x804'4d9c     0x1c  tgui.o [1]
  .rodata                const     0x804'4db8     0x1c  tgui.o [1]
  .rodata                const     0x804'4dd4     0x1c  tgui.o [1]
  .rodata                const     0x804'4df0     0x1c  tgui.o [1]
  .rodata                const     0x804'4e0c     0x1c  tgui.o [1]
  .rodata                const     0x804'4e28     0x1c  tgui.o [1]
  .rodata                const     0x804'4e44     0x1c  tgui.o [1]
  .rodata                const     0x804'4e60     0x1c  tgui.o [1]
  .rodata                const     0x804'4e7c     0x1c  tgui.o [1]
  .rodata                const     0x804'4e98     0x1c  tgui_fileviewscreenfuncs.o [1]
  .rodata                const     0x804'4eb4     0x1c  tgui_infoscreenfuncs.o [1]
  .text                  ro code   0x804'4ed0     0x1c  tgui_langscreenfuncs.o [1]
  .rodata                const     0x804'4eec     0x18  config.o [1]
  .rodata                const     0x804'4f04     0x18  config.o [1]
  .rodata                const     0x804'4f1c     0x18  config.o [1]
  .rodata                const     0x804'4f34     0x18  config.o [1]
  .rodata                const     0x804'4f4c     0x18  config.o [1]
  .rodata                const     0x804'4f64     0x18  datetime.o [1]
  .rodata                const     0x804'4f7c     0x18  datetime.o [1]
  .rodata                const     0x804'4f94     0x18  languages.o [1]
  .rodata                const     0x804'4fac     0x18  languages.o [1]
  .rodata                const     0x804'4fc4     0x18  languages.o [1]
  .rodata                const     0x804'4fdc     0x18  languages.o [1]
  .rodata                const     0x804'4ff4     0x18  languages.o [1]
  .rodata                const     0x804'500c     0x18  languages.o [1]
  .rodata                const     0x804'5024     0x18  languages.o [1]
  .rodata                const     0x804'503c     0x18  main.o [1]
  .rodata                const     0x804'5054     0x18  main.o [1]
  .rodata                const     0x804'506c     0x18  main.o [1]
  .rodata                const     0x804'5084     0x18  tgui.o [1]
  .rodata                const     0x804'509c     0x18  tgui.o [1]
  .rodata                const     0x804'50b4     0x18  tgui.o [1]
  .rodata                const     0x804'50cc     0x18  tgui.o [1]
  .rodata                const     0x804'50e4     0x18  tgui.o [1]
  .rodata                const     0x804'50fc     0x18  tgui.o [1]
  .rodata                const     0x804'5114     0x18  tgui.o [1]
  .rodata                const     0x804'512c     0x18  tgui.o [1]
  .rodata                const     0x804'5144     0x18  tgui.o [1]
  .rodata                const     0x804'515c     0x18  tgui.o [1]
  .rodata                const     0x804'5174     0x18  tgui.o [1]
  .rodata                const     0x804'518c     0x18  tgui.o [1]
  .rodata                const     0x804'51a4     0x18  tgui.o [1]
  .rodata                const     0x804'51bc     0x18  tgui.o [1]
  .rodata                const     0x804'51d4     0x18  tgui.o [1]
  .rodata                const     0x804'51ec     0x18  tgui.o [1]
  .rodata                const     0x804'5204     0x18  tgui.o [1]
  .rodata                const     0x804'521c     0x18  tgui.o [1]
  .rodata                const     0x804'5234     0x18  tgui.o [1]
  .rodata                const     0x804'524c     0x18  tgui.o [1]
  .rodata                const     0x804'5264     0x18  tgui.o [1]
  .rodata                const     0x804'527c     0x18  tgui.o [1]
  .rodata                const     0x804'5294     0x18  tgui.o [1]
  .rodata                const     0x804'52ac     0x18  tgui.o [1]
  .rodata                const     0x804'52c4     0x18  tgui.o [1]
  .rodata                const     0x804'52dc     0x18  tgui.o [1]
  .rodata                const     0x804'52f4     0x18  tgui.o [1]
  .rodata                const     0x804'530c     0x18  tgui_filesscreenfuncs.o [1]
  .rodata                const     0x804'5324     0x18  tgui_filesscreenfuncs.o [1]
  .rodata                const     0x804'533c     0x14  config.o [1]
  .rodata                const     0x804'5350     0x14  config.o [1]
  .rodata                const     0x804'5364     0x14  config.o [1]
  .rodata                const     0x804'5378     0x14  config.o [1]
  .rodata                const     0x804'538c     0x14  ff.o [1]
  .rodata                const     0x804'53a0     0x14  ff.o [1]
  .rodata                const     0x804'53b4     0x14  languages.o [1]
  .rodata                const     0x804'53c8     0x14  languages.o [1]
  .rodata                const     0x804'53dc     0x14  languages.o [1]
  .rodata                const     0x804'53f0     0x14  languages.o [1]
  .rodata                const     0x804'5404     0x14  languages.o [1]
  .rodata                const     0x804'5418     0x14  languages.o [1]
  .rodata                const     0x804'542c     0x14  languages.o [1]
  .rodata                const     0x804'5440     0x14  languages.o [1]
  .rodata                const     0x804'5454     0x14  languages.o [1]
  .rodata                const     0x804'5468     0x14  languages.o [1]
  .rodata                const     0x804'547c     0x14  languages.o [1]
  .rodata                const     0x804'5490     0x14  languages.o [1]
  .rodata                const     0x804'54a4     0x14  spifl_diskio.o [1]
  .rodata                const     0x804'54b8     0x14  tgui.o [1]
  .rodata                const     0x804'54cc     0x14  tgui.o [1]
  .rodata                const     0x804'54e0     0x14  tgui.o [1]
  .rodata                const     0x804'54f4     0x14  tgui.o [1]
  .rodata                const     0x804'5508     0x14  tgui.o [1]
  .rodata                const     0x804'551c     0x14  tgui.o [1]
  .rodata                const     0x804'5530     0x14  tgui.o [1]
  .rodata                const     0x804'5544     0x14  tgui_filesscreenfuncs.o [1]
  .rodata                const     0x804'5558     0x14  tgui_filesscreenfuncs.o [1]
  .rodata                const     0x804'556c     0x14  tgui_infoscreenfuncs.o [1]
  .rodata                const     0x804'5580     0x14  tgui_printscreenfuncs.o [1]
  .rodata                const     0x804'5594     0x14  tgui_printscreenfuncs.o [1]
  .rodata                const     0x804'55a8     0x14  tgui_uvtestscreenfuncs.o [1]
  .rodata                const     0x804'55bc     0x14  tgui_uvtestscreenfuncs.o [1]
  .rodata                const     0x804'55d0     0x14  tgui_uvtestscreenfuncs.o [1]
  .rodata                const     0x804'55e4     0x14  usbh_diskio.o [1]
  .rodata                const     0x804'55f8     0x10  config.o [1]
  .rodata                const     0x804'5608     0x10  config.o [1]
  .rodata                const     0x804'5618     0x10  config.o [1]
  .rodata                const     0x804'5628     0x10  config.o [1]
  .rodata                const     0x804'5638     0x10  config.o [1]
  .rodata                const     0x804'5648     0x10  config.o [1]
  .rodata                const     0x804'5658     0x10  ff.o [1]
  .rodata                const     0x804'5668     0x10  ff.o [1]
  .rodata                const     0x804'5678     0x10  ff.o [1]
  .rodata                const     0x804'5688     0x10  ff.o [1]
  .rodata                const     0x804'5698     0x10  languages.o [1]
  .rodata                const     0x804'56a8     0x10  languages.o [1]
  .rodata                const     0x804'56b8     0x10  languages.o [1]
  .rodata                const     0x804'56c8     0x10  languages.o [1]
  .rodata                const     0x804'56d8     0x10  languages.o [1]
  .rodata                const     0x804'56e8     0x10  languages.o [1]
  .rodata                const     0x804'56f8     0x10  languages.o [1]
  .rodata                const     0x804'5708     0x10  languages.o [1]
  .rodata                const     0x804'5718     0x10  languages.o [1]
  .rodata                const     0x804'5728     0x10  languages.o [1]
  .rodata                const     0x804'5738     0x10  languages.o [1]
  .rodata                const     0x804'5748     0x10  languages.o [1]
  .rodata                const     0x804'5758     0x10  languages.o [1]
  .rodata                const     0x804'5768     0x10  languages.o [1]
  .rodata                const     0x804'5778     0x10  languages.o [1]
  .rodata                const     0x804'5788     0x10  languages.o [1]
  .rodata                const     0x804'5798     0x10  languages.o [1]
  .rodata                const     0x804'57a8     0x10  languages.o [1]
  .rodata                const     0x804'57b8     0x10  languages.o [1]
  .rodata                const     0x804'57c8     0x10  languages.o [1]
  .rodata                const     0x804'57d8     0x10  languages.o [1]
  .rodata                const     0x804'57e8     0x10  main.o [1]
  .rodata                const     0x804'57f8     0x10  main.o [1]
  .rodata                const     0x804'5808     0x10  system_stm32f4xx.o [1]
  .rodata                const     0x804'5818     0x10  tgui.o [1]
  .rodata                const     0x804'5828     0x10  tgui.o [1]
  .rodata                const     0x804'5838     0x10  tgui.o [1]
  .rodata                const     0x804'5848     0x10  tgui.o [1]
  .rodata                const     0x804'5858     0x10  tgui.o [1]
  .rodata                const     0x804'5868     0x10  tgui.o [1]
  .rodata                const     0x804'5878     0x10  tgui.o [1]
  .rodata                const     0x804'5888     0x10  tgui_defaultfuncs.o [1]
  .text                  ro code   0x804'5898     0x10  startup_stm32f407xx.o [1]
  .rodata                const     0x804'58a8      0xc  config.o [1]
  .rodata                const     0x804'58b4      0xc  config.o [1]
  .rodata                const     0x804'58c0      0xc  config.o [1]
  .rodata                const     0x804'58cc      0xc  config.o [1]
  .rodata                const     0x804'58d8      0xc  config.o [1]
  .rodata                const     0x804'58e4      0xc  config.o [1]
  .rodata                const     0x804'58f0      0xc  config.o [1]
  .rodata                const     0x804'58fc      0xc  ff.o [1]
  .rodata                const     0x804'5908      0xc  ff.o [1]
  .rodata                const     0x804'5914      0xc  files_pws.o [1]
  .rodata                const     0x804'5920      0xc  files_pws.o [1]
  .rodata                const     0x804'592c      0xc  languages.o [1]
  .rodata                const     0x804'5938      0xc  languages.o [1]
  .rodata                const     0x804'5944      0xc  languages.o [1]
  .rodata                const     0x804'5950      0xc  languages.o [1]
  .rodata                const     0x804'595c      0xc  languages.o [1]
  .rodata                const     0x804'5968      0xc  languages.o [1]
  .rodata                const     0x804'5974      0xc  languages.o [1]
  .rodata                const     0x804'5980      0xc  languages.o [1]
  .rodata                const     0x804'598c      0xc  languages.o [1]
  .rodata                const     0x804'5998      0xc  languages.o [1]
  .rodata                const     0x804'59a4      0xc  languages.o [1]
  .rodata                const     0x804'59b0      0xc  languages.o [1]
  .rodata                const     0x804'59bc      0xc  languages.o [1]
  .rodata                const     0x804'59c8      0xc  languages.o [1]
  .rodata                const     0x804'59d4      0xc  languages.o [1]
  .rodata                const     0x804'59e0      0xc  languages.o [1]
  .rodata                const     0x804'59ec      0xc  languages.o [1]
  .rodata                const     0x804'59f8      0xc  languages.o [1]
  .rodata                const     0x804'5a04      0xc  languages.o [1]
  .rodata                const     0x804'5a10      0xc  languages.o [1]
  .rodata                const     0x804'5a1c      0xc  languages.o [1]
  .rodata                const     0x804'5a28      0xc  languages.o [1]
  .rodata                const     0x804'5a34      0xc  languages.o [1]
  .rodata                const     0x804'5a40      0xc  languages.o [1]
  .rodata                const     0x804'5a4c      0xc  languages.o [1]
  .rodata                const     0x804'5a58      0xc  languages.o [1]
  .rodata                const     0x804'5a64      0xc  languages.o [1]
  .rodata                const     0x804'5a70      0xc  languages.o [1]
  .rodata                const     0x804'5a7c      0xc  languages.o [1]
  .rodata                const     0x804'5a88      0xc  languages.o [1]
  .rodata                const     0x804'5a94      0xc  languages.o [1]
  .rodata                const     0x804'5aa0      0xc  languages.o [1]
  .rodata                const     0x804'5aac      0xc  languages.o [1]
  .rodata                const     0x804'5ab8      0xc  languages.o [1]
  .rodata                const     0x804'5ac4      0xc  languages.o [1]
  .rodata                const     0x804'5ad0      0xc  main.o [1]
  .rodata                const     0x804'5adc      0xc  main.o [1]
  .rodata                const     0x804'5ae8      0xc  tgui.o [1]
  .rodata                const     0x804'5af4      0xc  tgui_clocksetscreenfuncs.o [1]
  .rodata                const     0x804'5b00      0xc  tgui_fileviewscreenfuncs.o [1]
  .rodata                const     0x804'5b0c      0xc  tgui_fileviewscreenfuncs.o [1]
  .rodata                const     0x804'5b18      0xc  tgui_fileviewscreenfuncs.o [1]
  .rodata                const     0x804'5b24      0xc  tgui_fileviewscreenfuncs.o [1]
  .rodata                const     0x804'5b30      0xc  tgui_screensaverfuncs.o [1]
  .rodata                const     0x804'5b3c      0xc  tgui_screensaverfuncs.o [1]
  .text                  ro code   0x804'5b48      0xc  cstartup_M.o [5]
  .rodata                const     0x804'5b54      0x8  config.o [1]
  .rodata                const     0x804'5b5c      0x8  config.o [1]
  .rodata                const     0x804'5b64      0x8  ff.o [1]
  .rodata                const     0x804'5b6c      0x8  ff.o [1]
  .rodata                const     0x804'5b74      0x8  files_pws.o [1]
  .rodata                const     0x804'5b7c      0x8  files_pws.o [1]
  .rodata                const     0x804'5b84      0x8  languages.o [1]
  .rodata                const     0x804'5b8c      0x8  languages.o [1]
  .rodata                const     0x804'5b94      0x8  languages.o [1]
  .rodata                const     0x804'5b9c      0x8  languages.o [1]
  .rodata                const     0x804'5ba4      0x8  languages.o [1]
  .rodata                const     0x804'5bac      0x8  languages.o [1]
  .rodata                const     0x804'5bb4      0x8  languages.o [1]
  .rodata                const     0x804'5bbc      0x8  languages.o [1]
  .rodata                const     0x804'5bc4      0x8  languages.o [1]
  .rodata                const     0x804'5bcc      0x8  languages.o [1]
  .rodata                const     0x804'5bd4      0x8  languages.o [1]
  .rodata                const     0x804'5bdc      0x8  languages.o [1]
  .rodata                const     0x804'5be4      0x8  languages.o [1]
  .rodata                const     0x804'5bec      0x8  languages.o [1]
  .rodata                const     0x804'5bf4      0x8  languages.o [1]
  .rodata                const     0x804'5bfc      0x8  languages.o [1]
  .rodata                const     0x804'5c04      0x8  languages.o [1]
  .rodata                const     0x804'5c0c      0x8  languages.o [1]
  .rodata                const     0x804'5c14      0x8  languages.o [1]
  .rodata                const     0x804'5c1c      0x8  languages.o [1]
  .rodata                const     0x804'5c24      0x8  languages.o [1]
  .rodata                const     0x804'5c2c      0x8  languages.o [1]
  .rodata                const     0x804'5c34      0x8  languages.o [1]
  .rodata                const     0x804'5c3c      0x8  languages.o [1]
  .rodata                const     0x804'5c44      0x8  languages.o [1]
  .rodata                const     0x804'5c4c      0x8  languages.o [1]
  .rodata                const     0x804'5c54      0x8  languages.o [1]
  .rodata                const     0x804'5c5c      0x8  languages.o [1]
  .rodata                const     0x804'5c64      0x8  languages.o [1]
  .rodata                const     0x804'5c6c      0x8  languages.o [1]
  .rodata                const     0x804'5c74      0x8  languages.o [1]
  .rodata                const     0x804'5c7c      0x8  languages.o [1]
  .rodata                const     0x804'5c84      0x8  languages.o [1]
  .rodata                const     0x804'5c8c      0x8  languages.o [1]
  .rodata                const     0x804'5c94      0x8  languages.o [1]
  .rodata                const     0x804'5c9c      0x8  languages.o [1]
  .rodata                const     0x804'5ca4      0x8  languages.o [1]
  .rodata                const     0x804'5cac      0x8  languages.o [1]
  .rodata                const     0x804'5cb4      0x8  languages.o [1]
  .rodata                const     0x804'5cbc      0x8  languages.o [1]
  .rodata                const     0x804'5cc4      0x8  languages.o [1]
  .rodata                const     0x804'5ccc      0x8  languages.o [1]
  .rodata                const     0x804'5cd4      0x8  languages.o [1]
  .rodata                const     0x804'5cdc      0x8  languages.o [1]
  .rodata                const     0x804'5ce4      0x8  languages.o [1]
  .rodata                const     0x804'5cec      0x8  languages.o [1]
  .rodata                const     0x804'5cf4      0x8  languages.o [1]
  .rodata                const     0x804'5cfc      0x8  languages.o [1]
  .rodata                const     0x804'5d04      0x8  languages.o [1]
  .rodata                const     0x804'5d0c      0x8  languages.o [1]
  .rodata                const     0x804'5d14      0x8  languages.o [1]
  .rodata                const     0x804'5d1c      0x8  languages.o [1]
  .rodata                const     0x804'5d24      0x8  languages.o [1]
  .rodata                const     0x804'5d2c      0x8  languages.o [1]
  .rodata                const     0x804'5d34      0x8  languages.o [1]
  .rodata                const     0x804'5d3c      0x8  languages.o [1]
  .rodata                const     0x804'5d44      0x8  languages.o [1]
  .rodata                const     0x804'5d4c      0x8  languages.o [1]
  .rodata                const     0x804'5d54      0x8  languages.o [1]
  .rodata                const     0x804'5d5c      0x8  main.o [1]
  .rodata                const     0x804'5d64      0x8  stm32f4xx_hal_dma.o [1]
  .rodata                const     0x804'5d6c      0x8  system_stm32f4xx.o [1]
  .rodata                const     0x804'5d74      0x8  tgui.o [1]
  .rodata                const     0x804'5d7c      0x8  tgui.o [1]
  .rodata                const     0x804'5d84      0x8  tgui.o [1]
  .rodata                const     0x804'5d8c      0x8  tgui.o [1]
  .rodata                const     0x804'5d94      0x8  tgui.o [1]
  .rodata                const     0x804'5d9c      0x8  tgui.o [1]
  .rodata                const     0x804'5da4      0x8  tgui.o [1]
  .rodata                const     0x804'5dac      0x8  tgui.o [1]
  .rodata                const     0x804'5db4      0x8  tgui.o [1]
  .rodata                const     0x804'5dbc      0x8  tgui.o [1]
  .rodata                const     0x804'5dc4      0x8  tgui.o [1]
  .rodata                const     0x804'5dcc      0x8  tgui.o [1]
  .rodata                const     0x804'5dd4      0x8  tgui.o [1]
  .rodata                const     0x804'5ddc      0x8  tgui.o [1]
  .rodata                const     0x804'5de4      0x8  tgui.o [1]
  .rodata                const     0x804'5dec      0x8  tgui.o [1]
  .rodata                const     0x804'5df4      0x8  tgui.o [1]
  .rodata                const     0x804'5dfc      0x8  tgui.o [1]
  .rodata                const     0x804'5e04      0x8  tgui.o [1]
  .rodata                const     0x804'5e0c      0x8  tgui.o [1]
  .rodata                const     0x804'5e14      0x8  tgui.o [1]
  .rodata                const     0x804'5e1c      0x8  tgui.o [1]
  .rodata                const     0x804'5e24      0x8  tgui.o [1]
  .rodata                const     0x804'5e2c      0x8  tgui.o [1]
  .rodata                const     0x804'5e34      0x8  tgui.o [1]
  .rodata                const     0x804'5e3c      0x8  tgui.o [1]
  .rodata                const     0x804'5e44      0x8  tgui.o [1]
  .rodata                const     0x804'5e4c      0x8  tgui.o [1]
  .rodata                const     0x804'5e54      0x8  tgui.o [1]
  .rodata                const     0x804'5e5c      0x8  tgui.o [1]
  .rodata                const     0x804'5e64      0x8  tgui.o [1]
  .rodata                const     0x804'5e6c      0x8  tgui.o [1]
  .rodata                const     0x804'5e74      0x8  tgui.o [1]
  .rodata                const     0x804'5e7c      0x8  tgui.o [1]
  .rodata                const     0x804'5e84      0x8  tgui.o [1]
  .rodata                const     0x804'5e8c      0x8  tgui.o [1]
  .rodata                const     0x804'5e94      0x8  tgui.o [1]
  .rodata                const     0x804'5e9c      0x8  tgui.o [1]
  .rodata                const     0x804'5ea4      0x8  tgui.o [1]
  .rodata                const     0x804'5eac      0x8  tgui.o [1]
  .rodata                const     0x804'5eb4      0x8  tgui.o [1]
  .rodata                const     0x804'5ebc      0x8  tgui.o [1]
  .rodata                const     0x804'5ec4      0x8  tgui.o [1]
  .rodata                const     0x804'5ecc      0x8  tgui.o [1]
  .rodata                const     0x804'5ed4      0x8  tgui.o [1]
  .rodata                const     0x804'5edc      0x8  tgui.o [1]
  .rodata                const     0x804'5ee4      0x8  tgui.o [1]
  .rodata                const     0x804'5eec      0x8  tgui.o [1]
  .rodata                const     0x804'5ef4      0x8  tgui.o [1]
  .rodata                const     0x804'5efc      0x8  tgui.o [1]
  .rodata                const     0x804'5f04      0x8  tgui.o [1]
  .rodata                const     0x804'5f0c      0x8  tgui.o [1]
  .rodata                const     0x804'5f14      0x8  tgui.o [1]
  .rodata                const     0x804'5f1c      0x8  tgui.o [1]
  .rodata                const     0x804'5f24      0x8  tgui.o [1]
  .rodata                const     0x804'5f2c      0x8  tgui.o [1]
  .rodata                const     0x804'5f34      0x8  tgui.o [1]
  .rodata                const     0x804'5f3c      0x8  tgui.o [1]
  .rodata                const     0x804'5f44      0x8  tgui.o [1]
  .rodata                const     0x804'5f4c      0x8  tgui.o [1]
  .rodata                const     0x804'5f54      0x8  tgui.o [1]
  .rodata                const     0x804'5f5c      0x8  tgui.o [1]
  .rodata                const     0x804'5f64      0x8  tgui.o [1]
  .rodata                const     0x804'5f6c      0x8  tgui.o [1]
  .rodata                const     0x804'5f74      0x8  tgui.o [1]
  .rodata                const     0x804'5f7c      0x8  tgui.o [1]
  .rodata                const     0x804'5f84      0x8  tgui.o [1]
  .rodata                const     0x804'5f8c      0x8  tgui.o [1]
  .rodata                const     0x804'5f94      0x8  tgui.o [1]
  .rodata                const     0x804'5f9c      0x8  tgui.o [1]
  .rodata                const     0x804'5fa4      0x8  tgui.o [1]
  .rodata                const     0x804'5fac      0x8  tgui.o [1]
  .rodata                const     0x804'5fb4      0x8  tgui.o [1]
  .rodata                const     0x804'5fbc      0x8  tgui.o [1]
  .rodata                const     0x804'5fc4      0x8  tgui.o [1]
  .rodata                const     0x804'5fcc      0x8  tgui.o [1]
  .rodata                const     0x804'5fd4      0x8  tgui.o [1]
  .rodata                const     0x804'5fdc      0x8  tgui.o [1]
  .rodata                const     0x804'5fe4      0x8  tgui.o [1]
  .rodata                const     0x804'5fec      0x8  tgui.o [1]
  .rodata                const     0x804'5ff4      0x8  tgui.o [1]
  .rodata                const     0x804'5ffc      0x8  tgui.o [1]
  .rodata                const     0x804'6004      0x8  tgui.o [1]
  .rodata                const     0x804'600c      0x8  tgui.o [1]
  .rodata                const     0x804'6014      0x8  tgui.o [1]
  .rodata                const     0x804'601c      0x8  tgui.o [1]
  .rodata                const     0x804'6024      0x8  tgui.o [1]
  .rodata                const     0x804'602c      0x8  tgui.o [1]
  .rodata                const     0x804'6034      0x8  tgui.o [1]
  .rodata                const     0x804'603c      0x8  tgui.o [1]
  .rodata                const     0x804'6044      0x8  tgui.o [1]
  .rodata                const     0x804'604c      0x8  tgui.o [1]
  .rodata                const     0x804'6054      0x8  tgui.o [1]
  .rodata                const     0x804'605c      0x8  tgui.o [1]
  .rodata                const     0x804'6064      0x8  tgui.o [1]
  .rodata                const     0x804'606c      0x8  tgui.o [1]
  .rodata                const     0x804'6074      0x8  tgui.o [1]
  .rodata                const     0x804'607c      0x8  tgui.o [1]
  .rodata                const     0x804'6084      0x8  tgui.o [1]
  .rodata                const     0x804'608c      0x8  tgui.o [1]
  .rodata                const     0x804'6094      0x8  tgui.o [1]
  .rodata                const     0x804'609c      0x8  tgui.o [1]
  .rodata                const     0x804'60a4      0x8  tgui.o [1]
  .rodata                const     0x804'60ac      0x8  tgui.o [1]
  .rodata                const     0x804'60b4      0x8  tgui.o [1]
  .rodata                const     0x804'60bc      0x8  tgui.o [1]
  .rodata                const     0x804'60c4      0x8  tgui.o [1]
  .rodata                const     0x804'60cc      0x8  tgui.o [1]
  .rodata                const     0x804'60d4      0x8  tgui.o [1]
  .rodata                const     0x804'60dc      0x8  tgui.o [1]
  .rodata                const     0x804'60e4      0x8  tgui_clocksetscreenfuncs.o [1]
  .rodata                const     0x804'60ec      0x8  tgui_filesscreenfuncs.o [1]
  .rodata                const     0x804'60f4      0x8  tgui_filesscreenfuncs.o [1]
  .rodata                const     0x804'60fc      0x8  tgui_infoscreenfuncs.o [1]
  .rodata                const     0x804'6104      0x8  tgui_numenterscreenfuncs.o [1]
  .rodata                const     0x804'610c      0x8  tgui_printscreenfuncs.o [1]
  .rodata                const     0x804'6114      0x8  tgui_settingsscreenfuncs.o [1]
  .rodata                const     0x804'611c      0x8  tim.o [1]
  .rodata                const     0x804'6124      0x6  xlocale_c.o [2]
  .rodata                const     0x804'612c      0x4  languages.o [1]
  .rodata                const     0x804'6130      0x4  languages.o [1]
  .rodata                const     0x804'6134      0x4  languages.o [1]
  .rodata                const     0x804'6138      0x4  languages.o [1]
  .rodata                const     0x804'613c      0x4  languages.o [1]
  .rodata                const     0x804'6140      0x4  languages.o [1]
  .rodata                const     0x804'6144      0x4  languages.o [1]
  .rodata                const     0x804'6148      0x4  languages.o [1]
  .rodata                const     0x804'614c      0x4  languages.o [1]
  .rodata                const     0x804'6150      0x4  languages.o [1]
  .rodata                const     0x804'6154      0x4  languages.o [1]
  .rodata                const     0x804'6158      0x4  languages.o [1]
  .rodata                const     0x804'615c      0x4  languages.o [1]
  .rodata                const     0x804'6160      0x4  languages.o [1]
  .rodata                const     0x804'6164      0x4  languages.o [1]
  .rodata                const     0x804'6168      0x4  languages.o [1]
  .rodata                const     0x804'616c      0x4  languages.o [1]
  .rodata                const     0x804'6170      0x4  languages.o [1]
  .rodata                const     0x804'6174      0x4  languages.o [1]
  .rodata                const     0x804'6178      0x4  languages.o [1]
  .rodata                const     0x804'617c      0x4  languages.o [1]
  .rodata                const     0x804'6180      0x4  languages.o [1]
  .rodata                const     0x804'6184      0x4  languages.o [1]
  .rodata                const     0x804'6188      0x4  languages.o [1]
  .rodata                const     0x804'618c      0x4  languages.o [1]
  .rodata                const     0x804'6190      0x4  languages.o [1]
  .rodata                const     0x804'6194      0x4  languages.o [1]
  .rodata                const     0x804'6198      0x4  languages.o [1]
  .rodata                const     0x804'619c      0x4  languages.o [1]
  .rodata                const     0x804'61a0      0x4  languages.o [1]
  .rodata                const     0x804'61a4      0x4  languages.o [1]
  .rodata                const     0x804'61a8      0x4  languages.o [1]
  .rodata                const     0x804'61ac      0x4  languages.o [1]
  .rodata                const     0x804'61b0      0x4  languages.o [1]
  .rodata                const     0x804'61b4      0x4  languages.o [1]
  .rodata                const     0x804'61b8      0x4  languages.o [1]
  .rodata                const     0x804'61bc      0x4  languages.o [1]
  .rodata                const     0x804'61c0      0x4  languages.o [1]
  .rodata                const     0x804'61c4      0x4  languages.o [1]
  .rodata                const     0x804'61c8      0x4  languages.o [1]
  .rodata                const     0x804'61cc      0x4  languages.o [1]
  .rodata                const     0x804'61d0      0x4  printing.o [1]
  .rodata                const     0x804'61d4      0x4  rtc.o [1]
  .rodata                const     0x804'61d8      0x4  usbh_msc.o [1]
  .text                  ro code   0x804'61dc      0x4  startup_stm32f407xx.o [1]
  SHT$$PREINIT_ARRAY               0x804'61e0      0x0  <Block>
  SHT$$INIT_ARRAY                  0x804'61e0      0x4  <Block>
    .init_array          const     0x804'61e0      0x4  z_planner.o [1]
  __iar_tls$$INIT_ARRAY            0x804'61e4      0x0  <Block>
  .rodata                const     0x804'61e4      0x0  zero_init3.o [5]
  .rodata                const     0x804'61e4      0x0  lz77_init_single.o [5]
  Initializer bytes      const     0x804'61e4     0xf9  <for P2-1>
                                 - 0x804'62dd  0x36155

"P3", part 1 of 2:                              0x1cc0
  CCMRAM                 zero     0x1000'0000   0x1cc0  printing.o [1]
                                - 0x1000'1cc0   0x1cc0

"P3", part 2 of 2:                              0x5428
  CCMRAM                 uninit   0x1000'1cc0   0x4000  main.o [1]
  CCMRAM                 uninit   0x1000'5cc0   0x1028  main.o [1]
  CCMRAM                 uninit   0x1000'6ce8    0x400  tgui.o [1]
                                - 0x1000'70e8   0x5428

"P2", part 1 of 3:                               0x33f
  P2-1                            0x2000'0000    0x33f  <Init block>
    .data                inited   0x2000'0000      0xc  fnt12.o [1]
    .data                inited   0x2000'000c      0xc  fnt12bold.o [1]
    .data                inited   0x2000'0018      0xc  fnt170num_lcd.o [1]
    .data                inited   0x2000'0024      0xc  fnt18.o [1]
    .data                inited   0x2000'0030      0xc  fnt18bold.o [1]
    .data                inited   0x2000'003c      0xc  fnt24.o [1]
    .data                inited   0x2000'0048      0xc  fnt24bold.o [1]
    .data                inited   0x2000'0054      0xc  fnt36.o [1]
    .data                inited   0x2000'0060      0xc  fnt36num.o [1]
    .data                inited   0x2000'006c     0x10  languages.o [1]
    .data                inited   0x2000'007c      0x4  languages.o [1]
    .data                inited   0x2000'0080      0x4  lcd_ui.o [1]
    .data                inited   0x2000'0084      0x4  stm32f4xx_hal.o [1]
    .data                inited   0x2000'0088      0x4  system_stm32f4xx.o [1]
    .data                inited   0x2000'008c    0x200  tgui_filesscreenfuncs.o [1]
    .data                inited   0x2000'028c      0x4  tgui_movezscreenfuncs.o [1]
    .data                inited   0x2000'0290     0x20  usbh_msc.o [1]
    .data                inited   0x2000'02b0      0x4  z_stepper.o [1]
    .data                inited   0x2000'02b4     0x38  xlocale_c.o [2]
    .data                inited   0x2000'02ec     0x48  xlocale_c.o [2]
    .data                inited   0x2000'0334      0x2  lcd_ui.o [1]
    .data                inited   0x2000'0336      0x2  lcd_ui.o [1]
    .data                inited   0x2000'0338      0x2  lcd_ui.o [1]
    .data                inited   0x2000'033a      0x1  lcd_ui.o [1]
    .data                inited   0x2000'033b      0x1  stm32f4xx_hal.o [1]
    .data                inited   0x2000'033c      0x1  tgui_defaultfuncs.o [1]
    .data                inited   0x2000'033d      0x1  tgui_filesscreenfuncs.o [1]
    .data                inited   0x2000'033e      0x1  z_endstops.o [1]
                                - 0x2000'033f    0x33f

"P2", part 2 of 3:                              0x93d4
  .bss                   zero     0x2000'0340   0x1038  fatfs.o [1]
  .bss                   zero     0x2000'1378   0x1038  fatfs.o [1]
  .bss                   zero     0x2000'23b0    0x830  tgui_filesscreenfuncs.o [1]
  .bss                   zero     0x2000'2be0    0x600  uvdisplay.o [1]
  .bss                   zero     0x2000'31e0    0x5d8  tgui.o [1]
  .bss                   zero     0x2000'37b8    0x5d8  tgui.o [1]
  .bss                   zero     0x2000'3d90    0x5d8  tgui.o [1]
  .bss                   zero     0x2000'4368    0x4d0  tgui.o [1]
  .bss                   zero     0x2000'4838    0x400  config.o [1]
  .bss                   zero     0x2000'4c38    0x400  main.o [1]
  .bss                   zero     0x2000'5038    0x400  main.o [1]
  .bss                   zero     0x2000'5438    0x400  main.o [1]
  .bss                   zero     0x2000'5838    0x400  tgui_fileviewscreenfuncs.o [1]
  .bss                   zero     0x2000'5c38    0x400  z_planner.o [1]
  .bss                   zero     0x2000'6038    0x3d8  usb_host.o [1]
  .bss                   zero     0x2000'6410    0x3c8  tgui.o [1]
  .bss                   zero     0x2000'67d8    0x370  tgui.o [1]
  .bss                   zero     0x2000'6b48    0x350  tgui.o [1]
  .bss                   zero     0x2000'6e98    0x318  tgui.o [1]
  .bss                   zero     0x2000'71b0    0x2c4  usbh_conf.o [1]
  .bss                   zero     0x2000'7474    0x224  main.o [1]
  .bss                   zero     0x2000'7698    0x210  tgui.o [1]
  .bss                   zero     0x2000'78a8    0x210  tgui.o [1]
  .bss                   zero     0x2000'7ab8    0x200  config.o [1]
  .bss                   zero     0x2000'7cb8    0x200  ff.o [1]
  .bss                   zero     0x2000'7eb8    0x200  main.o [1]
  .bss                   zero     0x2000'80b8    0x1d8  dlmalloc.o [2]
  .bss                   zero     0x2000'8290    0x1b8  tgui.o [1]
  .bss                   zero     0x2000'8448    0x19c  cpld_utils.o [1]
  .bss                   zero     0x2000'85e4    0x160  tgui.o [1]
  .bss                   zero     0x2000'8744    0x108  tgui.o [1]
  .bss                   zero     0x2000'884c    0x100  sys_timer.o [1]
  .bss                   zero     0x2000'894c    0x100  tgui_fileviewscreenfuncs.o [1]
  .bss                   zero     0x2000'8a4c    0x100  tgui_fileviewscreenfuncs.o [1]
  .bss                   zero     0x2000'8b4c     0xb0  tgui.o [1]
  .bss                   zero     0x2000'8bfc     0x80  fst_spi.o [1]
  .bss                   zero     0x2000'8c7c     0x80  fst_spi.o [1]
  .bss                   zero     0x2000'8cfc     0x60  fst_spi.o [1]
  .bss                   zero     0x2000'8d5c     0x60  fst_spi.o [1]
  .bss                   zero     0x2000'8dbc     0x60  fst_spi.o [1]
  .bss                   zero     0x2000'8e1c     0x60  fst_spi.o [1]
  .bss                   zero     0x2000'8e7c     0x60  fst_spi.o [1]
  .bss                   zero     0x2000'8edc     0x60  lcd_low.o [1]
  .bss                   zero     0x2000'8f3c     0x58  tgui.o [1]
  .bss                   zero     0x2000'8f94     0x54  config.o [1]
  .bss                   zero     0x2000'8fe8     0x54  eeprom.o [1]
  .bss                   zero     0x2000'903c     0x54  files_pws.o [1]
  .bss                   zero     0x2000'9090     0x50  fsmc.o [1]
  .bss                   zero     0x2000'90e0     0x40  tim.o [1]
  .bss                   zero     0x2000'9120     0x40  tim.o [1]
  .bss                   zero     0x2000'9160     0x34  main.o [1]
  .bss                   zero     0x2000'9194     0x30  files_pws.o [1]
  .bss                   zero     0x2000'91c4     0x30  tgui.o [1]
  .bss                   zero     0x2000'91f4     0x30  tgui.o [1]
  .bss                   zero     0x2000'9224     0x30  tgui.o [1]
  .bss                   zero     0x2000'9254     0x30  tgui.o [1]
  .bss                   zero     0x2000'9284     0x30  tgui.o [1]
  .bss                   zero     0x2000'92b4     0x30  tgui.o [1]
  .bss                   zero     0x2000'92e4     0x30  tgui.o [1]
  .bss                   zero     0x2000'9314     0x30  tgui.o [1]
  .bss                   zero     0x2000'9344     0x30  tgui.o [1]
  .bss                   zero     0x2000'9374     0x30  tgui.o [1]
  .bss                   zero     0x2000'93a4     0x30  tgui.o [1]
  .bss                   zero     0x2000'93d4     0x30  tgui.o [1]
  .bss                   zero     0x2000'9404     0x30  tgui.o [1]
  .bss                   zero     0x2000'9434     0x30  tgui.o [1]
  .bss                   zero     0x2000'9464     0x2c  config.o [1]
  .bss                   zero     0x2000'9490     0x28  tgui.o [1]
  .bss                   zero     0x2000'94b8     0x28  z_planner.o [1]
  .bss                   zero     0x2000'94e0     0x20  printing.o [1]
  .bss                   zero     0x2000'9500     0x20  rtc.o [1]
  .bss                   zero     0x2000'9520     0x20  tgui_numenterscreenfuncs.o [1]
  .bss                   zero     0x2000'9540     0x1c  files_pws.o [1]
  .bss                   zero     0x2000'955c     0x18  config.o [1]
  .bss                   zero     0x2000'9574     0x18  config.o [1]
  .bss                   zero     0x2000'958c     0x18  dlmalloc.o [2]
  .bss                   zero     0x2000'95a4     0x14  files_pws.o [1]
  .bss                   zero     0x2000'95b8     0x10  ff_gen_drv.o [1]
  .bss                   zero     0x2000'95c8     0x10  touch.o [1]
  .bss                   zero     0x2000'95d8      0xc  spi_flash.o [1]
  .bss                   zero     0x2000'95e4      0x8  fatfs.o [1]
  .bss                   zero     0x2000'95ec      0x8  fatfs.o [1]
  .bss                   zero     0x2000'95f4      0x8  ff.o [1]
  .bss                   zero     0x2000'95fc      0x8  printing.o [1]
  .bss                   zero     0x2000'9604      0x8  tgui_clocksetscreenfuncs.o [1]
  .bss                   zero     0x2000'960c      0x8  tgui_screensaverfuncs.o [1]
  .bss                   zero     0x2000'9614      0x4  cpld_utils.o [1]
  .bss                   zero     0x2000'9618      0x4  cpld_utils.o [1]
  .bss                   zero     0x2000'961c      0x4  cpld_utils.o [1]
  .bss                   zero     0x2000'9620      0x4  fsmc.o [1]
  .bss                   zero     0x2000'9624      0x4  motor.o [1]
  .bss                   zero     0x2000'9628      0x4  printing.o [1]
  .bss                   zero     0x2000'962c      0x4  printing.o [1]
  .bss                   zero     0x2000'9630      0x4  printing.o [1]
  .bss                   zero     0x2000'9634      0x4  printing.o [1]
  .bss                   zero     0x2000'9638      0x4  printing.o [1]
  .bss                   zero     0x2000'963c      0x4  prtfiles.o [1]
  .bss                   zero     0x2000'9640      0x4  spi_flash.o [1]
  .bss                   zero     0x2000'9644      0x4  spi_flash.o [1]
  .bss                   zero     0x2000'9648      0x4  stm32f4xx_hal.o [1]
  .bss                   zero     0x2000'964c      0x4  stm32f4xx_ll_usb.o [1]
  .bss                   zero     0x2000'9650      0x4  sys_timer.o [1]
  .bss                   zero     0x2000'9654      0x4  sys_timer.o [1]
  .bss                   zero     0x2000'9658      0x4  sys_timer.o [1]
  .bss                   zero     0x2000'965c      0x4  sys_timer.o [1]
  .bss                   zero     0x2000'9660      0x4  tgui.o [1]
  .bss                   zero     0x2000'9664      0x4  tgui_fileviewscreenfuncs.o [1]
  .bss                   zero     0x2000'9668      0x4  tgui_numenterscreenfuncs.o [1]
  .bss                   zero     0x2000'966c      0x4  tgui_printscreenfuncs.o [1]
  .bss                   zero     0x2000'9670      0x4  tgui_printscreenfuncs.o [1]
  .bss                   zero     0x2000'9674      0x4  tgui_screensaverfuncs.o [1]
  .bss                   zero     0x2000'9678      0x4  touch.o [1]
  .bss                   zero     0x2000'967c      0x4  z_planner.o [1]
  .bss                   zero     0x2000'9680      0x4  z_planner.o [1]
  .bss                   zero     0x2000'9684      0x4  z_planner.o [1]
  .bss                   zero     0x2000'9688      0x4  z_planner.o [1]
  .bss                   zero     0x2000'968c      0x4  z_planner.o [1]
  .bss                   zero     0x2000'9690      0x4  z_planner.o [1]
  .bss                   zero     0x2000'9694      0x4  z_planner.o [1]
  .bss                   zero     0x2000'9698      0x4  z_stepper.o [1]
  .bss                   zero     0x2000'969c      0x4  z_stepper.o [1]
  .bss                   zero     0x2000'96a0      0x4  z_stepper.o [1]
  .bss                   zero     0x2000'96a4      0x4  z_stepper.o [1]
  .bss                   zero     0x2000'96a8      0x4  z_stepper.o [1]
  .bss                   zero     0x2000'96ac      0x4  z_stepper.o [1]
  .bss                   zero     0x2000'96b0      0x4  z_stepper.o [1]
  .bss                   zero     0x2000'96b4      0x4  z_stepper.o [1]
  .bss                   zero     0x2000'96b8      0x4  z_stepper.o [1]
  .bss                   zero     0x2000'96bc      0x4  z_stepper.o [1]
  .bss                   zero     0x2000'96c0      0x4  z_stepper.o [1]
  .bss                   zero     0x2000'96c4      0x4  z_stepper.o [1]
  .bss                   zero     0x2000'96c8      0x4  z_stepper.o [1]
  .bss                   zero     0x2000'96cc      0x4  z_stepper.o [1]
  .bss                   zero     0x2000'96d0      0x4  xfail_s.o [2]
  .bss                   zero     0x2000'96d4      0x4  xgetmemchunk.o [2]
  .bss                   zero     0x2000'96d8      0x2  ff.o [1]
  .bss                   zero     0x2000'96da      0x2  lcd_low.o [1]
  .bss                   zero     0x2000'96dc      0x2  lcd_ui.o [1]
  .bss                   zero     0x2000'96de      0x2  lcd_ui.o [1]
  .bss                   zero     0x2000'96e0      0x2  lcd_ui.o [1]
  .bss                   zero     0x2000'96e2      0x2  tgui_fileviewscreenfuncs.o [1]
  .bss                   zero     0x2000'96e4      0x2  tgui_fileviewscreenfuncs.o [1]
  .bss                   zero     0x2000'96e6      0x2  z_planner.o [1]
  .bss                   zero     0x2000'96e8      0x1  eeprom.o [1]
  .bss                   zero     0x2000'96e9      0x1  fatfs.o [1]
  .bss                   zero     0x2000'96ea      0x1  fatfs.o [1]
  .bss                   zero     0x2000'96eb      0x1  main.o [1]
  .bss                   zero     0x2000'96ec      0x1  main.o [1]
  .bss                   zero     0x2000'96ed      0x1  main.o [1]
  .bss                   zero     0x2000'96ee      0x1  main.o [1]
  .bss                   zero     0x2000'96ef      0x1  main.o [1]
  .bss                   zero     0x2000'96f0      0x1  main.o [1]
  .bss                   zero     0x2000'96f1      0x1  main.o [1]
  .bss                   zero     0x2000'96f2      0x1  prtfiles.o [1]
  .bss                   zero     0x2000'96f3      0x1  prtfiles.o [1]
  .bss                   zero     0x2000'96f4      0x1  tgui_defaultfuncs.o [1]
  .bss                   zero     0x2000'96f5      0x1  tgui_filesscreenfuncs.o [1]
  .bss                   zero     0x2000'96f6      0x1  tgui_filesscreenfuncs.o [1]
  .bss                   zero     0x2000'96f7      0x1  tgui_filesscreenfuncs.o [1]
  .bss                   zero     0x2000'96f8      0x1  tgui_filesscreenfuncs.o [1]
  .bss                   zero     0x2000'96f9      0x1  tgui_fileviewscreenfuncs.o [1]
  .bss                   zero     0x2000'96fa      0x1  tgui_numenterscreenfuncs.o [1]
  .bss                   zero     0x2000'96fb      0x1  tgui_numenterscreenfuncs.o [1]
  .bss                   zero     0x2000'96fc      0x1  tgui_numenterscreenfuncs.o [1]
  .bss                   zero     0x2000'96fd      0x1  tgui_numenterscreenfuncs.o [1]
  .bss                   zero     0x2000'96fe      0x1  tgui_printscreenfuncs.o [1]
  .bss                   zero     0x2000'96ff      0x1  tgui_printscreenfuncs.o [1]
  .bss                   zero     0x2000'9700      0x1  tgui_uvtestscreenfuncs.o [1]
  .bss                   zero     0x2000'9701      0x1  tgui_uvtestscreenfuncs.o [1]
  .bss                   zero     0x2000'9702      0x1  tgui_uvtestscreenfuncs.o [1]
[...]
dir                     0x2000'9160    0x34  Data  Gb  main.o [1]
dir_alloc                0x801'e5ed    0x64  Code  Lc  ff.o [1]
dir_clear                0x801'e3e5    0x64  Code  Lc  ff.o [1]
dir_find                 0x801'ea1f   0x118  Code  Lc  ff.o [1]
dir_next                 0x801'e4fb    0xf2  Code  Lc  ff.o [1]
dir_read                 0x801'e91f   0x100  Code  Lc  ff.o [1]
dir_register             0x801'eb37   0x166  Code  Lc  ff.o [1]
dir_remove               0x801'ec9d    0x66  Code  Lc  ff.o [1]
dir_sdi                  0x801'e449    0xb2  Code  Lc  ff.o [1]
disk                    0x2000'95b8    0x10  Data  Gb  ff_gen_drv.o [1]
disk_initialize          0x802'2bb3    0x32  Code  Gb  diskio.o [1]
disk_ioctl               0x802'2c21    0x20  Code  Gb  diskio.o [1]
disk_read                0x802'2be5    0x1e  Code  Gb  diskio.o [1]
disk_status              0x802'2b95    0x1e  Code  Gb  diskio.o [1]
disk_write               0x802'2c03    0x1e  Code  Gb  diskio.o [1]
disp_locked             0x2000'96ff     0x1  Data  Gb  tgui_printscreenfuncs.o [1]
dmul                     0x802'd61d    0xc6  Code  Lc  strto64.o [4]
dot_entered             0x2000'96fd     0x1  Data  Gb  tgui_numenterscreenfuncs.o [1]
edit_value              0x2000'9668     0x4  Data  Gb  tgui_numenterscreenfuncs.o [1]
enter_begin             0x2000'96fc     0x1  Data  Gb  tgui_numenterscreenfuncs.o [1]
exit                     0x804'4963     0x4  Code  Gb  exit.o [2]
fMoveStep               0x2000'028c     0x4  Data  Gb  tgui_movezscreenfuncs.o [1]
f_close                  0x801'fce7    0x2a  Code  Gb  ff.o [1]
f_closedir               0x801'ff43    0x1c  Code  Gb  ff.o [1]
f_getfree                0x802'0007   0x100  Code  Gb  ff.o [1]
f_lseek                  0x801'fd11   0x1aa  Code  Gb  ff.o [1]
f_mkfs                   0x802'0385   0x692  Code  Gb  ff.o [1]
f_mkfs::cst              0x804'5668    0x10  Data  Lc  ff.o [1]
f_mkfs::cst32            0x804'5678    0x10  Data  Lc  ff.o [1]
f_mkfs::defopt           0x804'5688    0x10  Data  Lc  ff.o [1]
f_mount                  0x801'f5d3    0x54  Code  Gb  ff.o [1]
f_open                   0x801'f649   0x21a  Code  Gb  ff.o [1]
f_opendir                0x801'febb    0x88  Code  Gb  ff.o [1]
f_read                   0x801'f863   0x1cc  Code  Gb  ff.o [1]
f_readdir                0x801'ff5f    0x5c  Code  Gb  ff.o [1]
f_stat                   0x801'ffbb    0x4c  Code  Gb  ff.o [1]
f_sync                   0x801'fc47    0xa0  Code  Gb  ff.o [1]
f_unlink                 0x802'0107    0xd6  Code  Gb  ff.o [1]
f_write                  0x801'fa2f   0x218  Code  Gb  ff.o [1]
fbuff                   0x1000'1cc0  0x4000  Data  Gb  main.o [1]
ff_oem2uni               0x802'2c8b    0x3a  Code  Gb  ffunicode.o [1]
ff_uni2oem               0x802'2c45    0x46  Code  Gb  ffunicode.o [1]
ff_wtoupper              0x802'2cc5    0xb6  Code  Gb  ffunicode.o [1]
ff_wtoupper::cvt1        0x804'230c   0x1f4  Data  Lc  ffunicode.o [1]
ff_wtoupper::cvt2        0x804'35d8    0xbc  Data  Lc  ffunicode.o [1]
filedate                0x2000'96e2     0x2  Data  Gb  tgui_fileviewscreenfuncs.o [1]
files                   0x2000'23b0   0x830  Data  Gb  tgui_filesscreenfuncs.o [1]
filesize                0x2000'9664     0x4  Data  Gb  tgui_fileviewscreenfuncs.o [1]
filetime                0x2000'96e4     0x2  Data  Gb  tgui_fileviewscreenfuncs.o [1]
find_volume              0x801'f2bd    0x6c  Code  Lc  ff.o [1]
finfo                   0x2000'7474   0x224  Data  Gb  main.o [1]
floorf                   0x802'dcb5          Code  Gb  floorf.o [4]
fnt12_data               0x804'0098   0x6b4  Data  Gb  fnt12.o [1]
fnt12_width              0x804'2a24   0x140  Data  Gb  fnt12.o [1]
fnt12bold_data           0x803'f910   0x788  Data  Gb  fnt12bold.o [1]
fnt12bold_width          0x804'2b64   0x140  Data  Gb  fnt12bold.o [1]
fnt170num_lcd_data       0x801'0188  0x66f0  Data  Gb  fnt170num_lcd.o [1]
fnt170num_lcd_width      0x804'4048    0x38  Data  Gb  fnt170num_lcd.o [1]
fnt18_data               0x803'bfcc   0xea4  Data  Gb  fnt18.o [1]
fnt18_width              0x804'2ca4   0x140  Data  Gb  fnt18.o [1]
fnt18bold_data           0x803'9468  0x10c8  Data  Gb  fnt18bold.o [1]
fnt18bold_width          0x804'2de4   0x140  Data  Gb  fnt18bold.o [1]
fnt24_data               0x803'6540  0x1a1c  Data  Gb  fnt24.o [1]
fnt24_width              0x804'2f24   0x140  Data  Gb  fnt24.o [1]
fnt24bold_data           0x803'44ac  0x2094  Data  Gb  fnt24bold.o [1]
fnt24bold_width          0x804'3064   0x140  Data  Gb  fnt24bold.o [1]
fnt36_data               0x803'0918  0x3b94  Data  Gb  fnt36.o [1]
fnt36_width              0x804'31a4   0x140  Data  Gb  fnt36.o [1]
fnt36num_data            0x804'074c   0x684  Data  Gb  fnt36num.o [1]
fnt36num_width           0x804'4080    0x38  Data  Gb  fnt36num.o [1]
follow_path              0x801'f159    0x9a  Code  Lc  ff.o [1]
font_fnt12              0x2000'0000     0xc  Data  Gb  fnt12.o [1]
font_fnt12bold          0x2000'000c     0xc  Data  Gb  fnt12bold.o [1]
font_fnt170num_lcd      0x2000'0018     0xc  Data  Gb  fnt170num_lcd.o [1]
font_fnt18              0x2000'0024     0xc  Data  Gb  fnt18.o [1]
font_fnt18bold          0x2000'0030     0xc  Data  Gb  fnt18bold.o [1]
font_fnt24              0x2000'003c     0xc  Data  Gb  fnt24.o [1]
font_fnt24bold          0x2000'0048     0xc  Data  Gb  fnt24bold.o [1]
font_fnt36              0x2000'0054     0xc  Data  Gb  fnt36.o [1]
font_fnt36num           0x2000'0060     0xc  Data  Gb  fnt36num.o [1]
fpws_header             0x2000'9194    0x30  Data  Gb  files_pws.o [1]
fpws_info               0x2000'903c    0x54  Data  Gb  files_pws.o [1]
fpws_layersdata         0x2000'95a4    0x14  Data  Gb  files_pws.o [1]
fpws_preview            0x2000'9540    0x1c  Data  Gb  files_pws.o [1]
free                     0x803'f521     0x4  Code  Gb  heaptramp0.o [2]
fv_dirname              0x2000'8a4c   0x100  Data  Gb  tgui_fileviewscreenfuncs.o [1]
fv_filename             0x2000'894c   0x100  Data  Gb  tgui_fileviewscreenfuncs.o [1]
fv_filetype             0x2000'96f9     0x1  Data  Gb  tgui_fileviewscreenfuncs.o [1]
fv_tfilename            0x2000'5838   0x400  Data  Gb  tgui_fileviewscreenfuncs.o [1]
gen_numname              0x801'e85d    0xa2  Code  Lc  ff.o [1]
get_fat                  0x801'dfc1   0x10a  Code  Lc  ff.o [1]
get_fattime              0x802'2da5    0x50  Code  Gb  fatfs.o [1]
get_fileinfo             0x801'ed03   0x1c8  Code  Lc  ff.o [1]
get_ldnumber             0x801'f1f3    0x4e  Code  Lc  ff.o [1]
hFlashSpi               0x2000'8c7c    0x80  Data  Gb  fst_spi.o [1]
hFlashSpiDmaRx          0x2000'8e1c    0x60  Data  Gb  fst_spi.o [1]
hFlashSpiDmaTx          0x2000'8e7c    0x60  Data  Gb  fst_spi.o [1]
hI2C                    0x2000'8fe8    0x54  Data  Gb  eeprom.o [1]
hLcdDma                 0x2000'8edc    0x60  Data  Gb  lcd_low.o [1]
hRTC                    0x2000'9500    0x20  Data  Gb  rtc.o [1]
hStepperTim             0x2000'90e0    0x40  Data  Gb  tim.o [1]
hTouchSpi               0x2000'8bfc    0x80  Data  Gb  fst_spi.o [1]
hTouchSpiDmaRx          0x2000'8cfc    0x60  Data  Gb  fst_spi.o [1]
hTouchSpiDmaTx          0x2000'8d5c    0x60  Data  Gb  fst_spi.o [1]
hUsbHost                0x2000'6038   0x3d8  Data  Gb  usb_host.o [1]
hZRefTim                0x2000'9120    0x40  Data  Gb  tim.o [1]
hhcd_USB_OTG_FS         0x2000'71b0   0x2c4  Data  Gb  usbh_conf.o [1]
hsram1                  0x2000'9090    0x50  Data  Gb  fsmc.o [1]
i2c_timer               0x2000'96e8     0x1  Data  Gb  eeprom.o [1]
idle()                   0x802'7a79     0xa  Code  Gb  motor.o [1]
idle()::idlecount       0x2000'9624     0x4  Data  Lc  motor.o [1]
init_mparams             0x803'7f77    0x32  Code  Lc  dlmalloc.o [2]
init_top                 0x803'7fa9    0x36  Code  Lc  dlmalloc.o [2]
inited                  0x2000'96f3     0x1  Data  Gb  prtfiles.o [1]
isalpha                  0x802'ff41    0x14  Code  Gb  isalpha.o [2]
isspace                  0x802'db39    0x14  Code  Gb  isspace.o [2]
l_info                  0x2000'94e0    0x20  Data  Gb  printing.o [1]
lastfilenum             0x2000'033d     0x1  Data  Gb  tgui_filesscreenfuncs.o [1]
lcdui_bgcolor           0x2000'96e0     0x2  Data  Gb  lcd_ui.o [1]
lcdui_color             0x2000'0338     0x2  Data  Gb  lcd_ui.o [1]
lcdui_current_font      0x2000'0080     0x4  Data  Gb  lcd_ui.o [1]
lcdui_current_font_type
                        0x2000'033a     0x1  Data  Gb  lcd_ui.o [1]
lcdui_cursor_x          0x2000'96dc     0x2  Data  Gb  lcd_ui.o [1]
lcdui_cursor_y          0x2000'96de     0x2  Data  Gb  lcd_ui.o [1]
lcdui_height            0x2000'0336     0x2  Data  Gb  lcd_ui.o [1]
lcdui_width             0x2000'0334     0x2  Data  Gb  lcd_ui.o [1]
ld_clust                 0x801'e651    0x26  Code  Lc  ff.o [1]
ld_dword                 0x801'dd39    0x16  Code  Lc  ff.o [1]
ld_word                  0x801'dd2d     0xc  Code  Lc  ff.o [1]
ldata_length            0x2000'9630     0x4  Data  Gb  printing.o [1]
ldata_offset_begin      0x2000'9628     0x4  Data  Gb  printing.o [1]
ldata_offset_current    0x2000'962c     0x4  Data  Gb  printing.o [1]
ldexp                    0x802'3ad9          Code  Gb  ldexp.o [4]
ldexpl                   0x802'3ad9          Code  Gb  ldexp.o [4]
lmos                     0x804'4f64    0x18  Data  Lc  datetime.o [1]
lngCurrent              0x2000'007c     0x4  Data  Gb  languages.o [1]
lngLanguages            0x2000'006c    0x10  Data  Gb  languages.o [1]
localeconv               0x802'352b     0x4  Code  Gb  xlocale_c.o [2]
lroundf                  0x802'de49          Code  Gb  lroundf.o [4]
main                     0x802'4049  0x10ec  Code  Gb  main.o [1]
mem_cmp                  0x801'dd95    0x1e  Code  Lc  ff.o [1]
mem_cpy                  0x801'dd75    0x14  Code  Lc  ff.o [1]
mem_set                  0x801'dd89     0xc  Code  Lc  ff.o [1]
memchr                   0x802'35d1          Code  Gb  memchr.o [5]
mos                      0x804'4f7c    0x18  Data  Lc  datetime.o [1]
mount_volume             0x801'f329   0x262  Code  Lc  ff.o [1]
move_window              0x801'ded5    0x3e  Code  Lc  ff.o [1]
mparams                 0x2000'958c    0x18  Data  Lc  dlmalloc.o [2]
msg                     0x2000'7eb8   0x200  Data  Gb  main.o [1]
ndigs                    0x804'3cd0    0x28  Data  Lc  iar_Stoulx.o [2]
ndigs                    0x804'3d20    0x28  Data  Lc  iar_Stoullx.o [2]
nomorefiles             0x2000'96f8     0x1  Data  Gb  tgui_filesscreenfuncs.o [1]
numstr                  0x2000'9520    0x20  Data  Gb  tgui_numenterscreenfuncs.o [1]
numstr_len              0x2000'96fb     0x1  Data  Gb  tgui_numenterscreenfuncs.o [1]
oldUsbMounted           0x2000'96f5     0x1  Data  Gb  tgui_filesscreenfuncs.o [1]
old_datetime            0x2000'960c     0x8  Data  Gb  tgui_screensaverfuncs.o [1]
old_layer               0x2000'9670     0x4  Data  Gb  tgui_printscreenfuncs.o [1]
old_pause               0x2000'96fe     0x1  Data  Gb  tgui_printscreenfuncs.o [1]
old_prtlayer            0x2000'9674     0x4  Data  Gb  tgui_screensaverfuncs.o [1]
old_time                0x2000'966c     0x4  Data  Gb  tgui_printscreenfuncs.o [1]
pfile_type              0x2000'96f2     0x1  Data  Gb  prtfiles.o [1]
pick_lfn                 0x801'e741    0x90  Code  Lc  ff.o [1]
pows                     0x804'3e50    0x48  Data  Lc  strto64.o [4]
prepend_alloc            0x803'7fdf   0x346  Code  Lc  dlmalloc.o [2]
prev_position           0x2000'95fc     0x8  Data  Gb  printing.o [1]
prevcolors               0x804'61d0     0x4  Data  Lc  printing.o [1]
previmage               0x1000'0000  0x1cc0  Data  Gb  printing.o [1]
prt_file                0x2000'963c     0x4  Data  Gb  prtfiles.o [1]
put_fat                  0x801'e0cb   0x15c  Code  Lc  ff.o [1]
put_lfn                  0x801'e7d1    0x84  Code  Lc  ff.o [1]
put_utf                  0x801'de29    0x5c  Code  Lc  ff.o [1]
ranmatch                 0x803'd1d9    0x44  Code  Lc  xscanffull.o [2]
reTransmission_all_cnt  0x2000'9618     0x4  Data  Gb  cpld_utils.o [1]
reTransmission_data_cnt
                        0x2000'9614     0x4  Data  Gb  cpld_utils.o [1]
remove_chain             0x801'e227    0x8e  Code  Lc  ff.o [1]
resX                    0x2000'9634     0x4  Data  Gb  printing.o [1]
resY                    0x2000'9638     0x4  Data  Gb  printing.o [1]
retSPIFL                0x2000'96ea     0x1  Data  Gb  fatfs.o [1]
retUSBH                 0x2000'96e9     0x1  Data  Gb  fatfs.o [1]
s_tfname                0x2000'5038   0x400  Data  Gb  main.o [1]
scalbln                  0x802'3ad9          Code  Gb  ldexp.o [4]
scalblnl                 0x802'3ad9          Code  Gb  ldexp.o [4]
scalbn                   0x802'3ad9          Code  Gb  ldexp.o [4]
scalbnl                  0x802'3ad9          Code  Gb  ldexp.o [4]
scale                    0x802'1d47    0x46  Code  Lc  xprintffull.o [2]
scrTimeTimer            0x2000'033c     0x1  Data  Gb  tgui_defaultfuncs.o [1]
sec_hand                0x2000'96d0     0x4  Data  Lc  xfail_s.o [2]
segment_holding          0x803'7f5d    0x1a  Code  Lc  dlmalloc.o [2]
sfile                   0x2000'9714  0x1028  Data  Gb  main.o [1]
sprintf                  0x801'cbad    0x40  Code  Gb  sprintf.o [2]
sqrtf                    0x802'd5fd          Code  Gb  sqrtf.o [4]
srvMode                 0x2000'96f1     0x1  Data  Gb  main.o [1]
sscanf                   0x804'1a71    0x28  Code  Gb  sscanf.o [2]
st_clust                 0x801'e677    0x2a  Code  Lc  ff.o [1]
st_dword                 0x801'dd5d    0x18  Code  Lc  ff.o [1]
st_word                  0x801'dd4f     0xe  Code  Lc  ff.o [1]
strcat                   0x802'c935    0x1e  Code  Gb  strcat.o [2]
strchr                   0x802'3539          Code  Gb  strchr.o [5]
strcmp                   0x802'8499          Code  Gb  strcmp.o [5]
strcpy                   0x802'c91d          Code  Gb  strcpy.o [5]
strcpy_utf(char *, char *)
                         0x802'0c6d    0x28  Code  Gb  unicode_utils.o [1]
strlen                   0x802'3599          Code  Gb  strlen.o [5]
strncpy                  0x802'10dd          Code  Gb  strncpy.o [5]
strtoll                  0x803'dd9d     0x2  Code  Gb  iar_Stollx.o [2]
strtoul                  0x802'a475     0x2  Code  Gb  iar_Stoulx.o [2]
strtoull                 0x803'df51     0x2  Code  Gb  iar_Stoullx.o [2]
strtrim(char *)          0x802'0d27    0x5e  Code  Gb  unicode_utils.o [1]
strupper_utf(char *)     0x802'0d85    0x5e  Code  Gb  unicode_utils.o [1]
subdir                  0x2000'96f7     0x1  Data  Gb  tgui_filesscreenfuncs.o [1]
sum_sfn                  0x801'e8ff    0x20  Code  Lc  ff.o [1]
sync_fs                  0x801'df13    0x94  Code  Lc  ff.o [1]
sync_window              0x801'de85    0x50  Code  Lc  ff.o [1]
sys_alloc                0x803'851d   0x164  Code  Lc  dlmalloc.o [2]
sys_trim                 0x803'8681    0x64  Code  Lc  dlmalloc.o [2]
systemInfo              0x2000'9464    0x2c  Data  Gb  config.o [1]
tchar2uni                0x801'dde3    0x46  Code  Lc  ff.o [1]
tfname                  0x1000'6ce8   0x400  Data  Gb  tgui.o [1]
tguiActiveScreen        0x2000'9660     0x4  Data  Gb  tgui.o [1]
tguiDBuff               0x2000'b764  0x1000  Data  Gb  tgui.o [1]
tguiDefaultConfig       0x2000'9490    0x28  Data  Gb  tgui.o [1]
tguiFBuff               0x2000'c764   0x200  Data  Gb  tgui.o [1]
tguiFile                0x2000'a73c  0x1028  Data  Gb  tgui.o [1]
tguiMsgBox              0x2000'6b48   0x350  Data  Gb  tgui.o [1]
tguiScrClockSetButtons  0x2000'37b8   0x5d8  Data  Gb  tgui.o [1]
tguiScrFilesButtons     0x2000'67d8   0x370  Data  Gb  tgui.o [1]
tguiScrFilesListButtons
                        0x2000'4368   0x4d0  Data  Gb  tgui.o [1]
tguiScrFileviewButtons  0x2000'7698   0x210  Data  Gb  tgui.o [1]
tguiScrInfoButtons      0x2000'8b4c    0xb0  Data  Gb  tgui.o [1]
tguiScrLanguageButtons  0x2000'8744   0x108  Data  Gb  tgui.o [1]
tguiScrMainButtons      0x2000'85e4   0x160  Data  Gb  tgui.o [1]
tguiScrMovezButtons     0x2000'6410   0x3c8  Data  Gb  tgui.o [1]
tguiScrNumenterButtons  0x2000'31e0   0x5d8  Data  Gb  tgui.o [1]
tguiScrPrintButtons     0x2000'78a8   0x210  Data  Gb  tgui.o [1]
tguiScrServiceButtons   0x2000'8290   0x1b8  Data  Gb  tgui.o [1]
tguiScrSettingsButtons  0x2000'6e98   0x318  Data  Gb  tgui.o [1]
tguiScrUVTestButtons    0x2000'3d90   0x5d8  Data  Gb  tgui.o [1]
tguiScreenClockSet      0x2000'93d4    0x30  Data  Gb  tgui.o [1]
tguiScreenFiles         0x2000'92b4    0x30  Data  Gb  tgui.o [1]
tguiScreenFilesList     0x2000'92e4    0x30  Data  Gb  tgui.o [1]
tguiScreenFileview      0x2000'9374    0x30  Data  Gb  tgui.o [1]
tguiScreenInfo          0x2000'9254    0x30  Data  Gb  tgui.o [1]
tguiScreenLanguage      0x2000'9224    0x30  Data  Gb  tgui.o [1]
tguiScreenMain          0x2000'91c4    0x30  Data  Gb  tgui.o [1]
tguiScreenMovez         0x2000'9284    0x30  Data  Gb  tgui.o [1]
tguiScreenNumenter      0x2000'9344    0x30  Data  Gb  tgui.o [1]
tguiScreenPrint         0x2000'93a4    0x30  Data  Gb  tgui.o [1]
tguiScreenSaver         0x2000'9404    0x30  Data  Gb  tgui.o [1]
tguiScreenSaverButtons  0x2000'8f3c    0x58  Data  Gb  tgui.o [1]
tguiScreenService       0x2000'91f4    0x30  Data  Gb  tgui.o [1]
tguiScreenSettings      0x2000'9314    0x30  Data  Gb  tgui.o [1]
tguiScreenTimer         0x2000'96f0     0x1  Data  Gb  main.o [1]
tguiScreenUVTest        0x2000'9434    0x30  Data  Gb  tgui.o [1]
tguiTimer               0x2000'96ed     0x1  Data  Gb  main.o [1]
tmalloc_large            0x803'86f1   0x386  Code  Lc  dlmalloc.o [2]
tmalloc_small            0x803'8a77   0x200  Code  Lc  dlmalloc.o [2]
tolower                  0x802'db4d    0x14  Code  Gb  tolower.o [2]
touch_buff              0x2000'8dbc    0x60  Data  Gb  fst_spi.o [1]
touch_info              0x2000'95c8    0x10  Data  Gb  touch.o [1]
touch_point             0x2000'9678     0x4  Data  Gb  touch.o [1]
tstrcat(unsigned short *, unsigned short *)
                         0x802'0cb7    0x2c  Code  Gb  unicode_utils.o [1]
tstrcat_utf(unsigned short *, char *)
                         0x802'0ce3    0x44  Code  Gb  unicode_utils.o [1]
tstrcpy(unsigned short *, unsigned short *)
                         0x802'0c95    0x22  Code  Gb  unicode_utils.o [1]
typeval                 0x2000'96fa     0x1  Data  Gb  tgui_numenterscreenfuncs.o [1]
u_tfname                0x2000'4c38   0x400  Data  Gb  main.o [1]
uc866                    0x804'3410   0x100  Data  Lc  ffunicode.o [1]
ufile                   0x1000'5cc0  0x1028  Data  Gb  main.o [1]
uv_image                0x2000'9702     0x1  Data  Gb  tgui_uvtestscreenfuncs.o [1]
uvdisp_on               0x2000'9701     0x1  Data  Gb  tgui_uvtestscreenfuncs.o [1]
uvfan_timer             0x2000'965c     0x4  Data  Gb  sys_timer.o [1]
uvled_timer             0x2000'9654     0x4  Data  Gb  sys_timer.o [1]
uvlight_on              0x2000'9700     0x1  Data  Gb  tgui_uvtestscreenfuncs.o [1]
uvpause_timer           0x2000'9658     0x4  Data  Gb  sys_timer.o [1]
uwTick                  0x2000'9648     0x4  Data  Gb  stm32f4xx_hal.o [1]
uwTickFreq              0x2000'033b     0x1  Data  Gb  stm32f4xx_hal.o [1]
uwTickPrio              0x2000'0084     0x4  Data  Gb  stm32f4xx_hal.o [1]
validate                 0x801'f58b    0x48  Code  Lc  ff.o [1]
wctob                    0x803'dcc9    0x32  Code  Gb  wctob.o [2]
zDisTimer               0x2000'96ef     0x1  Data  Gb  main.o [1]
zHoldTimer              0x2000'96ee     0x1  Data  Gb  main.o [1]
zPlanner                0x2000'9706     0x1  Data  Gb  z_planner.o [1]


[1] = D:\Electronics\Projects\MKS_DLP_new\SRC\firmware\MKSDLP_Alter_Debug\Obj
[2] = dl7M_tlf.a
[3] = dlpp7M_tl_fc.a
[4] = m7M_tls.a
[5] = rt7M_tl.a
[6] = shb_l.a

  136 641 bytes of readonly  code memory
   85 276 bytes of readonly  data memory
  105 032 bytes of readwrite data memory

Errors: none
Warnings: none
