###############################################################################
#
# IAR ELF Linker V8.32.1.169/W32 for ARM                  14/Sep/2020  20:57:00
# Copyright 2007-2018 IAR Systems AB.
#
#    Output file  =  
#        D:\Electronics\Projects\MKS_DLP_new\SRC\firmware\MKSDLP_Alter_debug\Exe\MKS_DLP_new.out
#    Map file     =  
#        D:\Electronics\Projects\MKS_DLP_new\SRC\firmware\MKSDLP_Alter_debug\List\MKS_DLP_new.map
#    Command line =  
#        -f C:\Temp\EWA1DD.tmp
#        (D:\Electronics\Projects\MKS_DLP_new\SRC\firmware\MKSDLP_Alter_Debug\Obj\config.o
#        D:\Electronics\Projects\MKS_DLP_new\SRC\firmware\MKSDLP_Alter_Debug\Obj\cpld_utils.o
#        D:\Electronics\Projects\MKS_DLP_new\SRC\firmware\MKSDLP_Alter_Debug\Obj\datetime.o
#        D:\Electronics\Projects\MKS_DLP_new\SRC\firmware\MKSDLP_Alter_Debug\Obj\diskio.o
#        D:\Electronics\Projects\MKS_DLP_new\SRC\firmware\MKSDLP_Alter_Debug\Obj\eeprom.o
#        D:\Electronics\Projects\MKS_DLP_new\SRC\firmware\MKSDLP_Alter_Debug\Obj\fatfs.o
#        D:\Electronics\Projects\MKS_DLP_new\SRC\firmware\MKSDLP_Alter_Debug\Obj\ff.o
#        D:\Electronics\Projects\MKS_DLP_new\SRC\firmware\MKSDLP_Alter_Debug\Obj\ff_gen_drv.o
#        D:\Electronics\Projects\MKS_DLP_new\SRC\firmware\MKSDLP_Alter_Debug\Obj\ffsystem.o
#        D:\Electronics\Projects\MKS_DLP_new\SRC\firmware\MKSDLP_Alter_Debug\Obj\ffunicode.o
#        D:\Electronics\Projects\MKS_DLP_new\SRC\firmware\MKSDLP_Alter_Debug\Obj\files_pws.o
#        D:\Electronics\Projects\MKS_DLP_new\SRC\firmware\MKSDLP_Alter_Debug\Obj\fnt12.o
#        D:\Electronics\Projects\MKS_DLP_new\SRC\firmware\MKSDLP_Alter_Debug\Obj\fnt12bold.o
#        D:\Electronics\Projects\MKS_DLP_new\SRC\firmware\MKSDLP_Alter_Debug\Obj\fnt18.o
#        D:\Electronics\Projects\MKS_DLP_new\SRC\firmware\MKSDLP_Alter_Debug\Obj\fnt18bold.o
#        D:\Electronics\Projects\MKS_DLP_new\SRC\firmware\MKSDLP_Alter_Debug\Obj\fnt24.o
#        D:\Electronics\Projects\MKS_DLP_new\SRC\firmware\MKSDLP_Alter_Debug\Obj\fnt24bold.o
#        D:\Electronics\Projects\MKS_DLP_new\SRC\firmware\MKSDLP_Alter_Debug\Obj\fnt36num.o
#        D:\Electronics\Projects\MKS_DLP_new\SRC\firmware\MKSDLP_Alter_Debug\Obj\fnt36num_lcd.o
#        D:\Electronics\Projects\MKS_DLP_new\SRC\firmware\MKSDLP_Alter_Debug\Obj\fnt48num_lcd.o
#        D:\Electronics\Projects\MKS_DLP_new\SRC\firmware\MKSDLP_Alter_Debug\Obj\fsmc.o
#        D:\Electronics\Projects\MKS_DLP_new\SRC\firmware\MKSDLP_Alter_Debug\Obj\fst_spi.o
#        D:\Electronics\Projects\MKS_DLP_new\SRC\firmware\MKSDLP_Alter_Debug\Obj\gpio.o
#        D:\Electronics\Projects\MKS_DLP_new\SRC\firmware\MKSDLP_Alter_Debug\Obj\languages.o
#        D:\Electronics\Projects\MKS_DLP_new\SRC\firmware\MKSDLP_Alter_Debug\Obj\lcd_low.o
#        D:\Electronics\Projects\MKS_DLP_new\SRC\firmware\MKSDLP_Alter_Debug\Obj\lcd_ui.o
#        D:\Electronics\Projects\MKS_DLP_new\SRC\firmware\MKSDLP_Alter_Debug\Obj\main.o
#        D:\Electronics\Projects\MKS_DLP_new\SRC\firmware\MKSDLP_Alter_Debug\Obj\motor.o
#        D:\Electronics\Projects\MKS_DLP_new\SRC\firmware\MKSDLP_Alter_Debug\Obj\printing.o
#        D:\Electronics\Projects\MKS_DLP_new\SRC\firmware\MKSDLP_Alter_Debug\Obj\prtfiles.o
#        D:\Electronics\Projects\MKS_DLP_new\SRC\firmware\MKSDLP_Alter_Debug\Obj\rtc.o
#        D:\Electronics\Projects\MKS_DLP_new\SRC\firmware\MKSDLP_Alter_Debug\Obj\spi_flash.o
#        D:\Electronics\Projects\MKS_DLP_new\SRC\firmware\MKSDLP_Alter_Debug\Obj\spifl_diskio.o
#        D:\Electronics\Projects\MKS_DLP_new\SRC\firmware\MKSDLP_Alter_Debug\Obj\ssd_utils.o
#        D:\Electronics\Projects\MKS_DLP_new\SRC\firmware\MKSDLP_Alter_Debug\Obj\startup_stm32f407xx.o
#        D:\Electronics\Projects\MKS_DLP_new\SRC\firmware\MKSDLP_Alter_Debug\Obj\stm32f4xx_hal.o
#        D:\Electronics\Projects\MKS_DLP_new\SRC\firmware\MKSDLP_Alter_Debug\Obj\stm32f4xx_hal_cortex.o
#        D:\Electronics\Projects\MKS_DLP_new\SRC\firmware\MKSDLP_Alter_Debug\Obj\stm32f4xx_hal_dma.o
#        D:\Electronics\Projects\MKS_DLP_new\SRC\firmware\MKSDLP_Alter_Debug\Obj\stm32f4xx_hal_dma_ex.o
#        D:\Electronics\Projects\MKS_DLP_new\SRC\firmware\MKSDLP_Alter_Debug\Obj\stm32f4xx_hal_exti.o
#        D:\Electronics\Projects\MKS_DLP_new\SRC\firmware\MKSDLP_Alter_Debug\Obj\stm32f4xx_hal_flash.o
#        D:\Electronics\Projects\MKS_DLP_new\SRC\firmware\MKSDLP_Alter_Debug\Obj\stm32f4xx_hal_flash_ex.o
#        D:\Electronics\Projects\MKS_DLP_new\SRC\firmware\MKSDLP_Alter_Debug\Obj\stm32f4xx_hal_flash_ramfunc.o
#        D:\Electronics\Projects\MKS_DLP_new\SRC\firmware\MKSDLP_Alter_Debug\Obj\stm32f4xx_hal_gpio.o
#        D:\Electronics\Projects\MKS_DLP_new\SRC\firmware\MKSDLP_Alter_Debug\Obj\stm32f4xx_hal_hcd.o
#        D:\Electronics\Projects\MKS_DLP_new\SRC\firmware\MKSDLP_Alter_Debug\Obj\stm32f4xx_hal_i2c.o
#        D:\Electronics\Projects\MKS_DLP_new\SRC\firmware\MKSDLP_Alter_Debug\Obj\stm32f4xx_hal_msp.o
#        D:\Electronics\Projects\MKS_DLP_new\SRC\firmware\MKSDLP_Alter_Debug\Obj\stm32f4xx_hal_pwr.o
#        D:\Electronics\Projects\MKS_DLP_new\SRC\firmware\MKSDLP_Alter_Debug\Obj\stm32f4xx_hal_pwr_ex.o
#        D:\Electronics\Projects\MKS_DLP_new\SRC\firmware\MKSDLP_Alter_Debug\Obj\stm32f4xx_hal_rcc.o
#        D:\Electronics\Projects\MKS_DLP_new\SRC\firmware\MKSDLP_Alter_Debug\Obj\stm32f4xx_hal_rcc_ex.o
#        D:\Electronics\Projects\MKS_DLP_new\SRC\firmware\MKSDLP_Alter_Debug\Obj\stm32f4xx_hal_rtc.o
#        D:\Electronics\Projects\MKS_DLP_new\SRC\firmware\MKSDLP_Alter_Debug\Obj\stm32f4xx_hal_rtc_ex.o
#        D:\Electronics\Projects\MKS_DLP_new\SRC\firmware\MKSDLP_Alter_Debug\Obj\stm32f4xx_hal_spi.o
#        D:\Electronics\Projects\MKS_DLP_new\SRC\firmware\MKSDLP_Alter_Debug\Obj\stm32f4xx_hal_sram.o
#        D:\Electronics\Projects\MKS_DLP_new\SRC\firmware\MKSDLP_Alter_Debug\Obj\stm32f4xx_hal_tim.o
#        D:\Electronics\Projects\MKS_DLP_new\SRC\firmware\MKSDLP_Alter_Debug\Obj\stm32f4xx_hal_tim_ex.o
#        D:\Electronics\Projects\MKS_DLP_new\SRC\firmware\MKSDLP_Alter_Debug\Obj\stm32f4xx_it.o
#        D:\Electronics\Projects\MKS_DLP_new\SRC\firmware\MKSDLP_Alter_Debug\Obj\stm32f4xx_ll_fsmc.o
#        D:\Electronics\Projects\MKS_DLP_new\SRC\firmware\MKSDLP_Alter_Debug\Obj\stm32f4xx_ll_usb.o
#        D:\Electronics\Projects\MKS_DLP_new\SRC\firmware\MKSDLP_Alter_Debug\Obj\sys_timer.o
#        D:\Electronics\Projects\MKS_DLP_new\SRC\firmware\MKSDLP_Alter_Debug\Obj\system_stm32f4xx.o
#        D:\Electronics\Projects\MKS_DLP_new\SRC\firmware\MKSDLP_Alter_Debug\Obj\tgui.o
#        D:\Electronics\Projects\MKS_DLP_new\SRC\firmware\MKSDLP_Alter_Debug\Obj\tgui_defaultfuncs.o
#        D:\Electronics\Projects\MKS_DLP_new\SRC\firmware\MKSDLP_Alter_Debug\Obj\tgui_filesscreenfuncs.o
#        D:\Electronics\Projects\MKS_DLP_new\SRC\firmware\MKSDLP_Alter_Debug\Obj\tgui_fileviewscreenfuncs.o
#        D:\Electronics\Projects\MKS_DLP_new\SRC\firmware\MKSDLP_Alter_Debug\Obj\tgui_infoscreenfuncs.o
#        D:\Electronics\Projects\MKS_DLP_new\SRC\firmware\MKSDLP_Alter_Debug\Obj\tgui_langscreenfuncs.o
#        D:\Electronics\Projects\MKS_DLP_new\SRC\firmware\MKSDLP_Alter_Debug\Obj\tgui_mainscreenfuncs.o
#        D:\Electronics\Projects\MKS_DLP_new\SRC\firmware\MKSDLP_Alter_Debug\Obj\tgui_messagebox.o
#        D:\Electronics\Projects\MKS_DLP_new\SRC\firmware\MKSDLP_Alter_Debug\Obj\tgui_movezscreenfuncs.o
#        D:\Electronics\Projects\MKS_DLP_new\SRC\firmware\MKSDLP_Alter_Debug\Obj\tgui_numenterscreenfuncs.o
#        D:\Electronics\Projects\MKS_DLP_new\SRC\firmware\MKSDLP_Alter_Debug\Obj\tgui_printscreenfuncs.o
#        D:\Electronics\Projects\MKS_DLP_new\SRC\firmware\MKSDLP_Alter_Debug\Obj\tgui_settingsscreenfuncs.o
#        D:\Electronics\Projects\MKS_DLP_new\SRC\firmware\MKSDLP_Alter_Debug\Obj\tim.o
#        D:\Electronics\Projects\MKS_DLP_new\SRC\firmware\MKSDLP_Alter_Debug\Obj\touch.o
#        D:\Electronics\Projects\MKS_DLP_new\SRC\firmware\MKSDLP_Alter_Debug\Obj\unicode_utils.o
#        D:\Electronics\Projects\MKS_DLP_new\SRC\firmware\MKSDLP_Alter_Debug\Obj\usb_host.o
#        D:\Electronics\Projects\MKS_DLP_new\SRC\firmware\MKSDLP_Alter_Debug\Obj\usbh_conf.o
#        D:\Electronics\Projects\MKS_DLP_new\SRC\firmware\MKSDLP_Alter_Debug\Obj\usbh_core.o
#        D:\Electronics\Projects\MKS_DLP_new\SRC\firmware\MKSDLP_Alter_Debug\Obj\usbh_ctlreq.o
#        D:\Electronics\Projects\MKS_DLP_new\SRC\firmware\MKSDLP_Alter_Debug\Obj\usbh_diskio.o
#        D:\Electronics\Projects\MKS_DLP_new\SRC\firmware\MKSDLP_Alter_Debug\Obj\usbh_ioreq.o
#        D:\Electronics\Projects\MKS_DLP_new\SRC\firmware\MKSDLP_Alter_Debug\Obj\usbh_msc.o
#        D:\Electronics\Projects\MKS_DLP_new\SRC\firmware\MKSDLP_Alter_Debug\Obj\usbh_msc_bot.o
#        D:\Electronics\Projects\MKS_DLP_new\SRC\firmware\MKSDLP_Alter_Debug\Obj\usbh_msc_scsi.o
#        D:\Electronics\Projects\MKS_DLP_new\SRC\firmware\MKSDLP_Alter_Debug\Obj\usbh_pipes.o
#        D:\Electronics\Projects\MKS_DLP_new\SRC\firmware\MKSDLP_Alter_Debug\Obj\usbh_platform.o
#        D:\Electronics\Projects\MKS_DLP_new\SRC\firmware\MKSDLP_Alter_Debug\Obj\uvdisplay.o
#        D:\Electronics\Projects\MKS_DLP_new\SRC\firmware\MKSDLP_Alter_Debug\Obj\z_endstops.o
#        D:\Electronics\Projects\MKS_DLP_new\SRC\firmware\MKSDLP_Alter_Debug\Obj\z_planner.o
#        D:\Electronics\Projects\MKS_DLP_new\SRC\firmware\MKSDLP_Alter_Debug\Obj\z_stepper.o
#        --redirect _Printf=_PrintfFull --redirect _Scanf=_ScanfFull
#        --no_out_extension -o
#        D:\Electronics\Projects\MKS_DLP_new\SRC\firmware\MKSDLP_Alter_debug\Exe\MKS_DLP_new.out
#        --map
#        D:\Electronics\Projects\MKS_DLP_new\SRC\firmware\MKSDLP_Alter_debug\List\MKS_DLP_new.map
#        --log libraries,call_graph --log_file
#        D:\Electronics\Projects\MKS_DLP_new\SRC\firmware\MKSDLP_Alter_debug\List\MKS_DLP_new.log
#        --config
#        D:\Electronics\Projects\MKS_DLP_new\SRC\firmware/config/stm32f407xx_flash.icf
#        --semihosting --entry __iar_program_start --merge_duplicate_sections
#        --vfe --text_out locale)
#
###############################################################################

*******************************************************************************
*** RUNTIME MODEL ATTRIBUTES
***

CppFlavor                     = *
__CPP_Exceptions              = Disabled
__CPP_Language                = C++14
__Heap_Handler                = DLMalloc
__SystemLibrary               = DLib
__dlib_dynamic_initialization = normal
__dlib_version                = 6


*******************************************************************************
*** HEAP SELECTION
***

The advanced heap was selected because the application calls memory
allocation functions outside of system library functions, and there
are calls to deallocation functions in the application.


*******************************************************************************
*** PLACEMENT SUMMARY
***

"A0":  place at 0x801'0000 { ro section .intvec };
"P1":  place in [from 0x801'0000 to 0x807'ffff] { ro };
define block CSTACK with size = 16K, alignment = 8 { };
define block HEAP with size = 8K, alignment = 8 { };
"P2":  place in [from 0x2000'0000 to 0x2001'ffff] {
          rw, block CSTACK, block HEAP };
"P3":  place in [from 0x1000'0000 to 0x1000'ffff] { rw section CCMRAM };
initialize by copy { rw };

  Section                Kind         Address     Size  Object
  -------                ----         -------     ----  ------
"A0":                                            0x188
  .intvec                ro code   0x801'0000    0x188  startup_stm32f407xx.o [1]
                                 - 0x801'0188    0x188

"P1":                                          0x2b9d3
  .text                  ro code   0x801'0188   0x436e  tgui.o [1]
  .text                  ro code   0x801'44f6     0x7a  lz77_init_single.o [5]
  .text                  ro code   0x801'4570     0x66  ABImemset.o [5]
  .text                  ro code   0x801'45d6     0x3a  zero_init3.o [5]
  .text                  ro code   0x801'4610    0xb7c  tgui_defaultfuncs.o [1]
  .text                  ro code   0x801'518c     0xa6  ABImemcpy.o [5]
  .text                  ro code   0x801'5232     0x26  xencoding_8859_1.o [2]
  .text                  ro code   0x801'5258     0x44  languages.o [1]
  .text                  ro code   0x801'529c    0x7bc  tgui_messagebox.o [1]
  .text                  ro code   0x801'5a58    0x1e4  sys_timer.o [1]
  .text                  ro code   0x801'5c3c    0x124  datetime.o [1]
  .text                  ro code   0x801'5d60     0x40  sprintf.o [2]
  .text                  ro code   0x801'5da0    0xc8c  lcd_ui.o [1]
  .text                  ro code   0x801'6a2c    0x524  lcd_low.o [1]
  .text                  ro code   0x801'6f50   0x2f74  ff.o [1]
  .text                  ro code   0x801'9ec4    0x404  unicode_utils.o [1]
  .text                  ro code   0x801'a2c8    0x278  touch.o [1]
  .text                  ro code   0x801'a540     0x70  strncpy.o [5]
  .text                  ro code   0x801'a5b0    0x444  stm32f4xx_hal_rtc.o [1]
  .text                  ro code   0x801'a9f4    0xf46  xprintffull.o [2]
  .text                  ro code   0x801'b93a     0x1e  xsscin.o [2]
  .text                  ro code   0x801'b958     0x28  stm32f4xx_hal.o [1]
  .text                  ro code   0x801'b980    0x114  fsmc.o [1]
  .text                  ro code   0x801'ba94    0x484  stm32f4xx_hal_dma.o [1]
  .text                  ro code   0x801'bf18    0x158  stm32f4xx_hal_cortex.o [1]
  .text                  ro code   0x801'c070     0xf0  diskio.o [1]
  .text                  ro code   0x801'c160    0x168  ffunicode.o [1]
  .text                  ro code   0x801'c2c8    0x15c  fatfs.o [1]
  .text                  ro code   0x801'c424    0x59c  fst_spi.o [1]
  .text                  ro code   0x801'c9c0      0xc  stm32f4xx_hal.o [1]
  .text                  ro code   0x801'c9cc    0x104  xlocale_c.o [2]
  .text                  ro code   0x801'cad0     0x16  strchr.o [5]
  .text                  ro code   0x801'cae6      0xa  xsprout.o [2]
  .text                  ro code   0x801'caf0     0x40  xfail_s.o [2]
  .text                  ro code   0x801'cb30     0x36  strlen.o [5]
  .rodata                const     0x801'cb66      0x2  languages.o [1]
  .text                  ro code   0x801'cb68     0x58  memchr.o [5]
  .text                  ro code   0x801'cbc0      0xa  xmbcurmax.o [2]
  .rodata                const     0x801'cbca      0x2  languages.o [1]
  .text                  ro code   0x801'cbcc    0x230  I64DivMod.o [5]
  .text                  ro code   0x801'cdfc    0x1a2  DblMul.o [4]
  .rodata                const     0x801'cf9e      0x1  unwind_debug.o [6]
  .text                  ro code   0x801'cfa0     0x70  frexp.o [4]
  .text                  ro code   0x801'd010     0x2e  DblCmpLe.o [4]
  .text                  ro code   0x801'd040     0x2e  DblCmpGe.o [4]
  .text                  ro code   0x801'd070    0x13a  ldexp.o [4]
  .text                  ro code   0x801'd1ac     0x3a  DblToS32.o [4]
  .text                  ro code   0x801'd1e8     0x22  S32ToDbl.o [4]
  .text                  ro code   0x801'd20c     0xe2  DblSub.o [4]
  .text                  ro code   0x801'd2f0    0x246  DblDiv.o [4]
  .text                  ro code   0x801'd538     0x28  DblToU32.o [4]
  .text                  ro code   0x801'd560     0x1a  U32ToDbl.o [4]
  .text                  ro code   0x801'd57c      0x6  ABImemclr4.o [5]
  .text                  ro code   0x801'd584     0x5c  stm32f4xx_hal_sram.o [1]
  .text                  ro code   0x801'd5e0   0x122a  main.o [1]
  .text                  ro code   0x801'e80c    0x2a2  stm32f4xx_hal_gpio.o [1]
  .text                  ro code   0x801'eab0     0x60  ff_gen_drv.o [1]
  .text                  ro code   0x801'eb10    0x7be  stm32f4xx_hal_spi.o [1]
  .text                  ro code   0x801'f2ce      0x6  abort.o [2]
  .text                  ro code   0x801'f2d4      0x2  stm32f4xx_hal_spi.o [1]
  .text                  ro code   0x801'f2d8    0x17a  DblAdd.o [4]
  .text                  ro code   0x801'f454     0x32  ABImemset48.o [5]
  .text                  ro code   0x801'f488     0xec  stm32f4xx_ll_fsmc.o [1]
  .text                  ro code   0x801'f574     0x34  stm32f4xx_hal.o [1]
  .text                  ro code   0x801'f5a8    0x2dc  gpio.o [1]
  .text                  ro code   0x801'f884    0x328  spi_flash.o [1]
  .text                  ro code   0x801'fbac     0xc8  rtc.o [1]
  .text                  ro code   0x801'fc74    0x614  eeprom.o [1]
  .text                  ro code   0x802'0288    0xd24  config.o [1]
  .text                  ro code   0x802'0fac    0x308  motor.o [1]
  .text                  ro code   0x802'12b4     0x1c  uvdisplay.o [1]
  .text                  ro code   0x802'12d0     0x28  usbh_platform.o [1]
  .text                  ro code   0x802'12f8     0x8c  usb_host.o [1]
  .text                  ro code   0x802'1384     0x12  strcmp.o [5]
  .text                  ro code   0x802'1398     0x48  FltToDbl.o [4]
  .text                  ro code   0x802'13e0     0x68  DblToFlt.o [4]
  .text                  ro code   0x802'1448    0x540  tgui_movezscreenfuncs.o [1]
  .text                  ro code   0x802'1988    0x400  prtfiles.o [1]
  .text                  ro code   0x802'1d88    0x2a4  printing.o [1]
  .text                  ro code   0x802'202c    0x3dc  stm32f4xx_hal_rcc.o [1]
  .text                  ro code   0x802'2408    0x214  stm32f4xx_hal_rcc.o [1]
  .text                  ro code   0x802'261c    0x160  stm32f4xx_hal_rcc_ex.o [1]
  .text                  ro code   0x802'277c     0x14  exit.o [6]
  .text                  ro code   0x802'2790     0x4c  stm32f4xx_hal.o [1]
  .text                  ro code   0x802'27dc     0x40  stm32f4xx_hal_msp.o [1]
  .text                  ro code   0x802'281c     0x20  spi_flash.o [1]
  .text                  ro code   0x802'283c    0x1ee  stm32f4xx_hal_i2c.o [1]
  .text                  ro code   0x802'2a2c      0xe  math_wrappers64.o [4]
  .text                  ro code   0x802'2a3c    0x152  iar_Stoulx.o [2]
  .text                  ro code   0x802'2b90     0xe4  z_endstops.o [1]
  .text                  ro code   0x802'2c74    0xf38  z_planner.o [1]
  .text                  ro code   0x802'3bac    0x5d0  z_stepper.o [1]
  .text                  ro code   0x802'417c    0x1e8  tim.o [1]
  .text                  ro code   0x802'4364    0x7a2  stm32f4xx_hal_tim.o [1]
  .text                  ro code   0x802'4b08     0x14  motor.o [1]
  .text                  ro code   0x802'4b1c      0xc  z_endstops.o [1]
  .text                  ro code   0x802'4b28     0x18  z_endstops.o [1]
  .text                  ro code   0x802'4b40     0x20  z_stepper.o [1]
  .text                  ro code   0x802'4b60     0x20  motor.o [1]
  .text                  ro code   0x802'4b80    0x22e  cpld_utils.o [1]
  .text                  ro code   0x802'4db0    0x5f8  ssd_utils.o [1]
  .text                  ro code   0x802'53a8    0x7f4  usbh_core.o [1]
  .text                  ro code   0x802'5b9c    0x544  files_pws.o [1]
  .text                  ro code   0x802'60e0     0x1e  sqrtf.o [4]
  .text                  ro code   0x802'6100    0x51c  strto64.o [4]
  .text                  ro code   0x802'661c     0x14  isspace.o [2]
  .text                  ro code   0x802'6630     0x14  tolower.o [2]
  .text                  ro code   0x802'6644     0x18  z_stepper.o [1]
  .text                  ro code   0x802'665c     0x24  z_planner.o [1]
  .text                  ro code   0x802'6680     0x18  z_planner.o [1]
  .text                  ro code   0x802'6698      0x8  z_stepper.o [1]
  .text                  ro code   0x802'66a0     0x3c  ceilf.o [4]
  .text                  ro code   0x802'66dc     0xb8  z_planner.o [1]
  .text                  ro code   0x802'6794     0x3c  floorf.o [4]
  .text                  ro code   0x802'67d0     0xc8  z_planner.o [1]
  .text                  ro code   0x802'6898     0x12  z_planner.o [1]
  .text                  ro code   0x802'68aa      0x8  z_planner.o [1]
  .text                  ro code   0x802'68b4     0x20  z_stepper.o [1]
  .text                  ro code   0x802'68d4     0x10  z_stepper.o [1]
  .text                  ro code   0x802'68e4      0xc  z_stepper.o [1]
  .text                  ro code   0x802'68f0     0x38  z_planner.o [1]
  .text                  ro code   0x802'6928     0x18  z_planner.o [1]
  .text                  ro code   0x802'6940     0x2e  lroundf.o [4]
  .text                  ro code   0x802'6970     0x1c  z_stepper.o [1]
  .text                  ro code   0x802'698c     0x30  z_stepper.o [1]
  .text                  ro code   0x802'69bc     0xac  stm32f4xx_hal_tim_ex.o [1]
  .text                  ro code   0x802'6a68     0x4a  cpld_utils.o [1]
  .text                  ro code   0x802'6ab4    0x3a0  usbh_conf.o [1]
  .text                  ro code   0x802'6e54     0xe0  usbh_pipes.o [1]
  .text                  ro code   0x802'6f34    0x642  usbh_ctlreq.o [1]
  .text                  ro code   0x802'7576    0x122  iar_Stopfx.o [2]
  .text                  ro code   0x802'7698    0x1c4  iar_Stoflt.o [2]
  .text                  ro code   0x802'785c    0x21c  iar_Stoxflt.o [2]
  .text                  ro code   0x802'7a78     0x10  z_stepper.o [1]
  .text                  ro code   0x802'7a88      0xe  z_planner.o [1]
  .text                  ro code   0x802'7a98     0x1c  z_stepper.o [1]
  .text                  ro code   0x802'7ab4   0x10d2  stm32f4xx_hal_hcd.o [1]
  .text                  ro code   0x802'8b86    0x10e  usbh_ioreq.o [1]
  .text                  ro code   0x802'8c94     0x14  isalpha.o [2]
  .text                  ro code   0x802'8ca8    0xa8c  stm32f4xx_ll_usb.o [1]
  .rodata                const     0x802'9734   0x2094  fnt24bold.o [1]
  .rodata                const     0x802'b7c8   0x1a1c  fnt24.o [1]
  .text                  ro code   0x802'd1e4   0x14e0  dlmalloc.o [2]
  .text                  ro code   0x802'e6c4     0x2c  xgetmemchunk.o [2]
  .rodata                const     0x802'e6f0   0x10c8  fnt18bold.o [1]
  .text                  ro code   0x802'f7b8   0x1000  tgui_filesscreenfuncs.o [1]
  .text                  ro code   0x803'07b8     0x18  strcpy.o [5]
  .text                  ro code   0x803'07d0     0x1e  strcat.o [2]
  .text                  ro code   0x803'07f0    0xb98  tgui_fileviewscreenfuncs.o [1]
  .rodata                const     0x803'1388    0xea4  fnt18.o [1]
  .text                  ro code   0x803'222c    0xe58  xscanffull.o [2]
  .text                  ro code   0x803'3084     0x3c  wctob.o [2]
  .text                  ro code   0x803'30c0     0x9e  iar_Stollx.o [2]
  .text                  ro code   0x803'3160    0x1b2  iar_Stoullx.o [2]
  .rodata                const     0x803'3314    0xbcc  fnt48num_lcd.o [1]
  .text                  ro code   0x803'3ee0    0x9dc  tgui_printscreenfuncs.o [1]
  .text                  ro code   0x803'48bc    0x9ae  usbh_msc.o [1]
  .text                  ro code   0x803'526c    0x43c  usbh_msc_bot.o [1]
  .text                  ro code   0x803'56a8      0x4  heaptramp0.o [2]
  .text                  ro code   0x803'56ac    0x490  usbh_msc_scsi.o [1]
  .rodata                const     0x803'5b3c    0x788  fnt12bold.o [1]
  .rodata                const     0x803'62c4    0x6b4  fnt12.o [1]
  .rodata                const     0x803'6978    0x684  fnt36num.o [1]
  .rodata                const     0x803'6ffc    0x66c  fnt36num_lcd.o [1]
  .text                  ro code   0x803'7668    0x648  tgui_numenterscreenfuncs.o [1]
  .text                  ro code   0x803'7cb0     0x28  sscanf.o [2]
  .text                  ro code   0x803'7cd8    0x488  tgui_infoscreenfuncs.o [1]
  .text                  ro code   0x803'8160    0x26c  tgui_settingsscreenfuncs.o [1]
  .rodata                const     0x803'83cc    0x1f4  ffunicode.o [1]
  .rodata                const     0x803'85c0    0x198  languages.o [1]
  .rodata                const     0x803'8758    0x198  languages.o [1]
  .text                  ro code   0x803'88f0    0x170  usbh_diskio.o [1]
  .text                  ro code   0x803'8a60    0x154  spifl_diskio.o [1]
  .rodata                const     0x803'8bb4    0x140  fnt12.o [1]
  .rodata                const     0x803'8cf4    0x140  fnt12bold.o [1]
  .rodata                const     0x803'8e34    0x140  fnt18.o [1]
  .rodata                const     0x803'8f74    0x140  fnt18bold.o [1]
  .rodata                const     0x803'90b4    0x140  fnt24.o [1]
  .rodata                const     0x803'91f4    0x140  fnt24bold.o [1]
  .rodata                const     0x803'9334    0x100  ffunicode.o [1]
  .rodata                const     0x803'9434     0xc8  languages.o [1]
  .rodata                const     0x803'94fc     0xbc  ffunicode.o [1]
  .rodata                const     0x803'95b8     0x9c  languages.o [1]
  .text                  ro code   0x803'9654     0x9c  stm32f4xx_it.o [1]
  .rodata                const     0x803'96f0     0x80  ff.o [1]
  .rodata                const     0x803'9770     0x78  languages.o [1]
  .rodata                const     0x803'97e8     0x74  languages.o [1]
  .rodata                const     0x803'985c     0x74  languages.o [1]
  .rodata                const     0x803'98d0     0x70  languages.o [1]
  .rodata                const     0x803'9940     0x70  languages.o [1]
  .rodata                const     0x803'99b0     0x68  languages.o [1]
  .rodata                const     0x803'9a18     0x68  languages.o [1]
  .rodata                const     0x803'9a80     0x68  languages.o [1]
  .rodata                const     0x803'9ae8     0x54  languages.o [1]
  .rodata                const     0x803'9b3c     0x54  languages.o [1]
  .rodata                const     0x803'9b90     0x50  iar_Stoulx.o [2]
  .rodata                const     0x803'9be0     0x50  iar_Stoullx.o [2]
  .rodata                const     0x803'9c30     0x4c  languages.o [1]
  .rodata                const     0x803'9c7c     0x4c  xscanffull.o [2]
  .rodata                const     0x803'9cc8     0x48  languages.o [1]
  .rodata                const     0x803'9d10     0x48  strto64.o [4]
  .rodata                const     0x803'9d58     0x44  languages.o [1]
  .rodata                const     0x803'9d9c     0x40  languages.o [1]
  .rodata                const     0x803'9ddc     0x3c  languages.o [1]
  .rodata                const     0x803'9e18     0x3c  languages.o [1]
  .rodata                const     0x803'9e54     0x3c  languages.o [1]
  .rodata                const     0x803'9e90     0x3c  languages.o [1]
  .rodata                const     0x803'9ecc     0x3c  languages.o [1]
  .rodata                const     0x803'9f08     0x38  fnt36num.o [1]
  .rodata                const     0x803'9f40     0x38  fnt36num_lcd.o [1]
  .rodata                const     0x803'9f78     0x38  fnt48num_lcd.o [1]
  .rodata                const     0x803'9fb0     0x38  languages.o [1]
  .rodata                const     0x803'9fe8     0x38  languages.o [1]
  .rodata                const     0x803'a020     0x38  main.o [1]
  .rodata                const     0x803'a058     0x34  languages.o [1]
  .rodata                const     0x803'a08c     0x34  languages.o [1]
  .rodata                const     0x803'a0c0     0x34  main.o [1]
  .rodata                const     0x803'a0f4     0x34  main.o [1]
  .rodata                const     0x803'a128     0x30  languages.o [1]
  .rodata                const     0x803'a158     0x30  languages.o [1]
  .rodata                const     0x803'a188     0x30  languages.o [1]
  .rodata                const     0x803'a1b8     0x30  languages.o [1]
  .rodata                const     0x803'a1e8     0x30  main.o [1]
  .rodata                const     0x803'a218     0x30  main.o [1]
  .rodata                const     0x803'a248     0x30  main.o [1]
  .rodata                const     0x803'a278     0x2c  languages.o [1]
  .rodata                const     0x803'a2a4     0x2c  languages.o [1]
  .rodata                const     0x803'a2d0     0x2c  languages.o [1]
  .rodata                const     0x803'a2fc     0x2c  main.o [1]
  .rodata                const     0x803'a328     0x2c  main.o [1]
  .rodata                const     0x803'a354     0x28  languages.o [1]
  .rodata                const     0x803'a37c     0x28  languages.o [1]
  .rodata                const     0x803'a3a4     0x28  main.o [1]
  .rodata                const     0x803'a3cc     0x28  xscanffull.o [2]
  .text                  ro code   0x803'a3f4     0x28  data_init.o [5]
  .rodata                const     0x803'a41c     0x24  languages.o [1]
  .rodata                const     0x803'a440     0x24  languages.o [1]
  .rodata                const     0x803'a464     0x24  languages.o [1]
  .rodata                const     0x803'a488     0x24  main.o [1]
  .rodata                const     0x803'a4ac     0x24  tgui_infoscreenfuncs.o [1]
  .text                  ro code   0x803'a4d0     0x24  tgui_langscreenfuncs.o [1]
  .text                  ro code   0x803'a4f4     0x22  fpinit_M.o [4]
  .iar.init_table        const     0x803'a518     0x24  - Linker created -
  .rodata                const     0x803'a53c     0x20  languages.o [1]
  .rodata                const     0x803'a55c     0x20  languages.o [1]
  .rodata                const     0x803'a57c     0x20  languages.o [1]
  .rodata                const     0x803'a59c     0x20  languages.o [1]
  .rodata                const     0x803'a5bc     0x20  languages.o [1]
  .rodata                const     0x803'a5dc     0x20  languages.o [1]
  .rodata                const     0x803'a5fc     0x20  languages.o [1]
  .rodata                const     0x803'a61c     0x20  main.o [1]
  .rodata                const     0x803'a63c     0x20  tgui.o [1]
  .rodata                const     0x803'a65c     0x20  tgui.o [1]
  .rodata                const     0x803'a67c     0x20  tgui.o [1]
  .rodata                const     0x803'a69c     0x20  tgui.o [1]
  .rodata                const     0x803'a6bc     0x20  tgui.o [1]
  .rodata                const     0x803'a6dc     0x20  tgui_printscreenfuncs.o [1]
  .text                  ro code   0x803'a6fc     0x20  system_stm32f4xx.o [1]
  .text                  ro code   0x803'a71c     0x20  cmain_call_ctors.o [5]
  .text                  ro code   0x803'a73c     0x18  cppinit.o [2]
  .text                  ro code   0x803'a754     0x1e  cmain.o [5]
  .text                  ro code   0x803'a772      0x4  low_level_init.o [2]
  .text                  ro code   0x803'a776      0x4  exit.o [2]
  .text                  ro code   0x803'a77c      0xa  cexit.o [5]
  .rodata                const     0x803'a788     0x1c  languages.o [1]
  .rodata                const     0x803'a7a4     0x1c  languages.o [1]
  .rodata                const     0x803'a7c0     0x1c  languages.o [1]
  .rodata                const     0x803'a7dc     0x1c  languages.o [1]
  .rodata                const     0x803'a7f8     0x1c  languages.o [1]
  .rodata                const     0x803'a814     0x1c  languages.o [1]
  .rodata                const     0x803'a830     0x1c  languages.o [1]
  .rodata                const     0x803'a84c     0x1c  languages.o [1]
  .rodata                const     0x803'a868     0x1c  languages.o [1]
  .rodata                const     0x803'a884     0x1c  tgui.o [1]
  .rodata                const     0x803'a8a0     0x1c  tgui.o [1]
  .rodata                const     0x803'a8bc     0x1c  tgui.o [1]
  .rodata                const     0x803'a8d8     0x1c  tgui.o [1]
  .rodata                const     0x803'a8f4     0x1c  tgui.o [1]
  .rodata                const     0x803'a910     0x1c  tgui.o [1]
  .rodata                const     0x803'a92c     0x1c  tgui.o [1]
  .rodata                const     0x803'a948     0x1c  tgui.o [1]
  .rodata                const     0x803'a964     0x1c  tgui.o [1]
  .rodata                const     0x803'a980     0x1c  tgui.o [1]
  .rodata                const     0x803'a99c     0x1c  tgui.o [1]
  .rodata                const     0x803'a9b8     0x1c  tgui.o [1]
  .rodata                const     0x803'a9d4     0x1c  tgui.o [1]
  .rodata                const     0x803'a9f0     0x1c  tgui.o [1]
  .rodata                const     0x803'aa0c     0x1c  tgui.o [1]
  .rodata                const     0x803'aa28     0x1c  tgui.o [1]
  .rodata                const     0x803'aa44     0x1c  tgui.o [1]
  .rodata                const     0x803'aa60     0x1c  tgui.o [1]
  .rodata                const     0x803'aa7c     0x1c  tgui.o [1]
  .rodata                const     0x803'aa98     0x1c  tgui.o [1]
  .rodata                const     0x803'aab4     0x1c  tgui.o [1]
  .rodata                const     0x803'aad0     0x1c  tgui.o [1]
  .rodata                const     0x803'aaec     0x1c  tgui.o [1]
  .rodata                const     0x803'ab08     0x1c  tgui.o [1]
  .rodata                const     0x803'ab24     0x1c  tgui.o [1]
  .rodata                const     0x803'ab40     0x1c  tgui_fileviewscreenfuncs.o [1]
  .rodata                const     0x803'ab5c     0x1c  tgui_infoscreenfuncs.o [1]
  .rodata                const     0x803'ab78     0x18  config.o [1]
  .rodata                const     0x803'ab90     0x18  config.o [1]
  .rodata                const     0x803'aba8     0x18  config.o [1]
  .rodata                const     0x803'abc0     0x18  config.o [1]
  .rodata                const     0x803'abd8     0x18  datetime.o [1]
  .rodata                const     0x803'abf0     0x18  datetime.o [1]
  .rodata                const     0x803'ac08     0x18  languages.o [1]
  .rodata                const     0x803'ac20     0x18  languages.o [1]
  .rodata                const     0x803'ac38     0x18  languages.o [1]
  .rodata                const     0x803'ac50     0x18  languages.o [1]
  .rodata                const     0x803'ac68     0x18  languages.o [1]
  .rodata                const     0x803'ac80     0x18  languages.o [1]
  .rodata                const     0x803'ac98     0x18  main.o [1]
  .rodata                const     0x803'acb0     0x18  main.o [1]
  .rodata                const     0x803'acc8     0x18  main.o [1]
  .rodata                const     0x803'ace0     0x18  tgui.o [1]
  .rodata                const     0x803'acf8     0x18  tgui.o [1]
  .rodata                const     0x803'ad10     0x18  tgui.o [1]
  .rodata                const     0x803'ad28     0x18  tgui.o [1]
  .rodata                const     0x803'ad40     0x18  tgui.o [1]
  .rodata                const     0x803'ad58     0x18  tgui.o [1]
  .rodata                const     0x803'ad70     0x18  tgui.o [1]
  .rodata                const     0x803'ad88     0x18  tgui.o [1]
  .rodata                const     0x803'ada0     0x18  tgui.o [1]
  .rodata                const     0x803'adb8     0x18  tgui.o [1]
  .rodata                const     0x803'add0     0x18  tgui.o [1]
  .rodata                const     0x803'ade8     0x18  tgui.o [1]
  .rodata                const     0x803'ae00     0x18  tgui.o [1]
  .rodata                const     0x803'ae18     0x18  tgui.o [1]
  .rodata                const     0x803'ae30     0x18  tgui.o [1]
  .rodata                const     0x803'ae48     0x18  tgui.o [1]
  .rodata                const     0x803'ae60     0x18  tgui.o [1]
  .rodata                const     0x803'ae78     0x18  tgui.o [1]
  .rodata                const     0x803'ae90     0x18  tgui.o [1]
  .rodata                const     0x803'aea8     0x18  tgui_filesscreenfuncs.o [1]
  .rodata                const     0x803'aec0     0x18  tgui_filesscreenfuncs.o [1]
  .rodata                const     0x803'aed8     0x14  config.o [1]
  .rodata                const     0x803'aeec     0x14  config.o [1]
  .rodata                const     0x803'af00     0x14  ff.o [1]
  .rodata                const     0x803'af14     0x14  ff.o [1]
  .rodata                const     0x803'af28     0x14  languages.o [1]
  .rodata                const     0x803'af3c     0x14  languages.o [1]
  .rodata                const     0x803'af50     0x14  languages.o [1]
  .rodata                const     0x803'af64     0x14  languages.o [1]
  .rodata                const     0x803'af78     0x14  languages.o [1]
  .rodata                const     0x803'af8c     0x14  languages.o [1]
  .rodata                const     0x803'afa0     0x14  languages.o [1]
  .rodata                const     0x803'afb4     0x14  languages.o [1]
  .rodata                const     0x803'afc8     0x14  languages.o [1]
  .rodata                const     0x803'afdc     0x14  spifl_diskio.o [1]
  .rodata                const     0x803'aff0     0x14  tgui.o [1]
  .rodata                const     0x803'b004     0x14  tgui.o [1]
  .rodata                const     0x803'b018     0x14  tgui.o [1]
  .rodata                const     0x803'b02c     0x14  tgui.o [1]
  .rodata                const     0x803'b040     0x14  tgui.o [1]
  .rodata                const     0x803'b054     0x14  tgui.o [1]
  .rodata                const     0x803'b068     0x14  tgui_filesscreenfuncs.o [1]
  .rodata                const     0x803'b07c     0x14  tgui_filesscreenfuncs.o [1]
  .rodata                const     0x803'b090     0x14  tgui_infoscreenfuncs.o [1]
  .rodata                const     0x803'b0a4     0x14  usbh_diskio.o [1]
  .rodata                const     0x803'b0b8     0x10  config.o [1]
  .rodata                const     0x803'b0c8     0x10  config.o [1]
  .rodata                const     0x803'b0d8     0x10  config.o [1]
  .rodata                const     0x803'b0e8     0x10  config.o [1]
  .rodata                const     0x803'b0f8     0x10  config.o [1]
  .rodata                const     0x803'b108     0x10  ff.o [1]
  .rodata                const     0x803'b118     0x10  ff.o [1]
  .rodata                const     0x803'b128     0x10  ff.o [1]
  .rodata                const     0x803'b138     0x10  ff.o [1]
  .rodata                const     0x803'b148     0x10  languages.o [1]
  .rodata                const     0x803'b158     0x10  languages.o [1]
  .rodata                const     0x803'b168     0x10  languages.o [1]
  .rodata                const     0x803'b178     0x10  languages.o [1]
  .rodata                const     0x803'b188     0x10  languages.o [1]
  .rodata                const     0x803'b198     0x10  languages.o [1]
  .rodata                const     0x803'b1a8     0x10  languages.o [1]
  .rodata                const     0x803'b1b8     0x10  languages.o [1]
  .rodata                const     0x803'b1c8     0x10  languages.o [1]
  .rodata                const     0x803'b1d8     0x10  languages.o [1]
  .rodata                const     0x803'b1e8     0x10  languages.o [1]
  .rodata                const     0x803'b1f8     0x10  languages.o [1]
  .rodata                const     0x803'b208     0x10  languages.o [1]
  .rodata                const     0x803'b218     0x10  languages.o [1]
  .rodata                const     0x803'b228     0x10  languages.o [1]
  .rodata                const     0x803'b238     0x10  languages.o [1]
  .rodata                const     0x803'b248     0x10  languages.o [1]
  .rodata                const     0x803'b258     0x10  languages.o [1]
  .rodata                const     0x803'b268     0x10  languages.o [1]
  .rodata                const     0x803'b278     0x10  main.o [1]
  .rodata                const     0x803'b288     0x10  main.o [1]
  .rodata                const     0x803'b298     0x10  system_stm32f4xx.o [1]
  .rodata                const     0x803'b2a8     0x10  tgui.o [1]
  .rodata                const     0x803'b2b8     0x10  tgui.o [1]
  .rodata                const     0x803'b2c8     0x10  tgui.o [1]
  .rodata                const     0x803'b2d8     0x10  tgui.o [1]
  .rodata                const     0x803'b2e8     0x10  tgui.o [1]
  .rodata                const     0x803'b2f8     0x10  tgui.o [1]
  .rodata                const     0x803'b308     0x10  tgui_defaultfuncs.o [1]
  .text                  ro code   0x803'b318     0x10  startup_stm32f407xx.o [1]
  .rodata                const     0x803'b328      0xc  config.o [1]
  .rodata                const     0x803'b334      0xc  config.o [1]
  .rodata                const     0x803'b340      0xc  config.o [1]
  .rodata                const     0x803'b34c      0xc  config.o [1]
  .rodata                const     0x803'b358      0xc  config.o [1]
  .rodata                const     0x803'b364      0xc  config.o [1]
  .rodata                const     0x803'b370      0xc  ff.o [1]
  .rodata                const     0x803'b37c      0xc  ff.o [1]
  .rodata                const     0x803'b388      0xc  files_pws.o [1]
  .rodata                const     0x803'b394      0xc  files_pws.o [1]
  .rodata                const     0x803'b3a0      0xc  languages.o [1]
  .rodata                const     0x803'b3ac      0xc  languages.o [1]
  .rodata                const     0x803'b3b8      0xc  languages.o [1]
  .rodata                const     0x803'b3c4      0xc  languages.o [1]
  .rodata                const     0x803'b3d0      0xc  languages.o [1]
  .rodata                const     0x803'b3dc      0xc  languages.o [1]
  .rodata                const     0x803'b3e8      0xc  languages.o [1]
  .rodata                const     0x803'b3f4      0xc  languages.o [1]
  .rodata                const     0x803'b400      0xc  languages.o [1]
  .rodata                const     0x803'b40c      0xc  languages.o [1]
  .rodata                const     0x803'b418      0xc  languages.o [1]
  .rodata                const     0x803'b424      0xc  languages.o [1]
  .rodata                const     0x803'b430      0xc  languages.o [1]
  .rodata                const     0x803'b43c      0xc  languages.o [1]
  .rodata                const     0x803'b448      0xc  languages.o [1]
  .rodata                const     0x803'b454      0xc  languages.o [1]
  .rodata                const     0x803'b460      0xc  languages.o [1]
  .rodata                const     0x803'b46c      0xc  languages.o [1]
  .rodata                const     0x803'b478      0xc  languages.o [1]
  .rodata                const     0x803'b484      0xc  languages.o [1]
  .rodata                const     0x803'b490      0xc  languages.o [1]
  .rodata                const     0x803'b49c      0xc  languages.o [1]
  .rodata                const     0x803'b4a8      0xc  languages.o [1]
  .rodata                const     0x803'b4b4      0xc  languages.o [1]
  .rodata                const     0x803'b4c0      0xc  languages.o [1]
  .rodata                const     0x803'b4cc      0xc  languages.o [1]
  .rodata                const     0x803'b4d8      0xc  languages.o [1]
  .rodata                const     0x803'b4e4      0xc  languages.o [1]
  .rodata                const     0x803'b4f0      0xc  languages.o [1]
  .rodata                const     0x803'b4fc      0xc  languages.o [1]
  .rodata                const     0x803'b508      0xc  languages.o [1]
  .rodata                const     0x803'b514      0xc  languages.o [1]
  .rodata                const     0x803'b520      0xc  main.o [1]
  .rodata                const     0x803'b52c      0xc  main.o [1]
  .rodata                const     0x803'b538      0xc  tgui.o [1]
  .rodata                const     0x803'b544      0xc  tgui_fileviewscreenfuncs.o [1]
  .rodata                const     0x803'b550      0xc  tgui_fileviewscreenfuncs.o [1]
  .rodata                const     0x803'b55c      0xc  tgui_fileviewscreenfuncs.o [1]
  .rodata                const     0x803'b568      0xc  tgui_fileviewscreenfuncs.o [1]
  .text                  ro code   0x803'b574      0xc  cstartup_M.o [5]
  .rodata                const     0x803'b580      0x8  config.o [1]
  .rodata                const     0x803'b588      0x8  config.o [1]
  .rodata                const     0x803'b590      0x8  ff.o [1]
  .rodata                const     0x803'b598      0x8  ff.o [1]
  .rodata                const     0x803'b5a0      0x8  files_pws.o [1]
  .rodata                const     0x803'b5a8      0x8  files_pws.o [1]
  .rodata                const     0x803'b5b0      0x8  languages.o [1]
  .rodata                const     0x803'b5b8      0x8  languages.o [1]
  .rodata                const     0x803'b5c0      0x8  languages.o [1]
  .rodata                const     0x803'b5c8      0x8  languages.o [1]
  .rodata                const     0x803'b5d0      0x8  languages.o [1]
  .rodata                const     0x803'b5d8      0x8  languages.o [1]
  .rodata                const     0x803'b5e0      0x8  languages.o [1]
  .rodata                const     0x803'b5e8      0x8  languages.o [1]
  .rodata                const     0x803'b5f0      0x8  languages.o [1]
  .rodata                const     0x803'b5f8      0x8  languages.o [1]
  .rodata                const     0x803'b600      0x8  languages.o [1]
  .rodata                const     0x803'b608      0x8  languages.o [1]
  .rodata                const     0x803'b610      0x8  languages.o [1]
  .rodata                const     0x803'b618      0x8  languages.o [1]
  .rodata                const     0x803'b620      0x8  languages.o [1]
  .rodata                const     0x803'b628      0x8  languages.o [1]
  .rodata                const     0x803'b630      0x8  languages.o [1]
  .rodata                const     0x803'b638      0x8  languages.o [1]
  .rodata                const     0x803'b640      0x8  languages.o [1]
  .rodata                const     0x803'b648      0x8  languages.o [1]
  .rodata                const     0x803'b650      0x8  languages.o [1]
  .rodata                const     0x803'b658      0x8  languages.o [1]
  .rodata                const     0x803'b660      0x8  languages.o [1]
  .rodata                const     0x803'b668      0x8  languages.o [1]
  .rodata                const     0x803'b670      0x8  languages.o [1]
  .rodata                const     0x803'b678      0x8  languages.o [1]
  .rodata                const     0x803'b680      0x8  languages.o [1]
  .rodata                const     0x803'b688      0x8  languages.o [1]
  .rodata                const     0x803'b690      0x8  languages.o [1]
  .rodata                const     0x803'b698      0x8  languages.o [1]
  .rodata                const     0x803'b6a0      0x8  languages.o [1]
  .rodata                const     0x803'b6a8      0x8  languages.o [1]
  .rodata                const     0x803'b6b0      0x8  languages.o [1]
  .rodata                const     0x803'b6b8      0x8  languages.o [1]
  .rodata                const     0x803'b6c0      0x8  languages.o [1]
  .rodata                const     0x803'b6c8      0x8  languages.o [1]
  .rodata                const     0x803'b6d0      0x8  languages.o [1]
  .rodata                const     0x803'b6d8      0x8  languages.o [1]
  .rodata                const     0x803'b6e0      0x8  languages.o [1]
  .rodata                const     0x803'b6e8      0x8  languages.o [1]
  .rodata                const     0x803'b6f0      0x8  languages.o [1]
  .rodata                const     0x803'b6f8      0x8  languages.o [1]
  .rodata                const     0x803'b700      0x8  languages.o [1]
  .rodata                const     0x803'b708      0x8  languages.o [1]
  .rodata                const     0x803'b710      0x8  main.o [1]
  .rodata                const     0x803'b718      0x8  stm32f4xx_hal_dma.o [1]
  .rodata                const     0x803'b720      0x8  system_stm32f4xx.o [1]
  .rodata                const     0x803'b728      0x8  tgui.o [1]
  .rodata                const     0x803'b730      0x8  tgui.o [1]
  .rodata                const     0x803'b738      0x8  tgui.o [1]
  .rodata                const     0x803'b740      0x8  tgui.o [1]
  .rodata                const     0x803'b748      0x8  tgui.o [1]
  .rodata                const     0x803'b750      0x8  tgui.o [1]
  .rodata                const     0x803'b758      0x8  tgui.o [1]
  .rodata                const     0x803'b760      0x8  tgui.o [1]
  .rodata                const     0x803'b768      0x8  tgui.o [1]
  .rodata                const     0x803'b770      0x8  tgui.o [1]
  .rodata                const     0x803'b778      0x8  tgui.o [1]
  .rodata                const     0x803'b780      0x8  tgui.o [1]
  .rodata                const     0x803'b788      0x8  tgui.o [1]
  .rodata                const     0x803'b790      0x8  tgui.o [1]
  .rodata                const     0x803'b798      0x8  tgui.o [1]
  .rodata                const     0x803'b7a0      0x8  tgui.o [1]
  .rodata                const     0x803'b7a8      0x8  tgui.o [1]
  .rodata                const     0x803'b7b0      0x8  tgui.o [1]
  .rodata                const     0x803'b7b8      0x8  tgui.o [1]
  .rodata                const     0x803'b7c0      0x8  tgui.o [1]
  .rodata                const     0x803'b7c8      0x8  tgui.o [1]
  .rodata                const     0x803'b7d0      0x8  tgui.o [1]
  .rodata                const     0x803'b7d8      0x8  tgui.o [1]
  .rodata                const     0x803'b7e0      0x8  tgui.o [1]
  .rodata                const     0x803'b7e8      0x8  tgui.o [1]
  .rodata                const     0x803'b7f0      0x8  tgui.o [1]
  .rodata                const     0x803'b7f8      0x8  tgui.o [1]
  .rodata                const     0x803'b800      0x8  tgui.o [1]
  .rodata                const     0x803'b808      0x8  tgui.o [1]
  .rodata                const     0x803'b810      0x8  tgui.o [1]
  .rodata                const     0x803'b818      0x8  tgui.o [1]
  .rodata                const     0x803'b820      0x8  tgui.o [1]
  .rodata                const     0x803'b828      0x8  tgui.o [1]
  .rodata                const     0x803'b830      0x8  tgui.o [1]
  .rodata                const     0x803'b838      0x8  tgui.o [1]
  .rodata                const     0x803'b840      0x8  tgui.o [1]
  .rodata                const     0x803'b848      0x8  tgui.o [1]
  .rodata                const     0x803'b850      0x8  tgui.o [1]
  .rodata                const     0x803'b858      0x8  tgui.o [1]
  .rodata                const     0x803'b860      0x8  tgui.o [1]
  .rodata                const     0x803'b868      0x8  tgui.o [1]
  .rodata                const     0x803'b870      0x8  tgui.o [1]
  .rodata                const     0x803'b878      0x8  tgui.o [1]
  .rodata                const     0x803'b880      0x8  tgui.o [1]
  .rodata                const     0x803'b888      0x8  tgui.o [1]
  .rodata                const     0x803'b890      0x8  tgui.o [1]
  .rodata                const     0x803'b898      0x8  tgui.o [1]
  .rodata                const     0x803'b8a0      0x8  tgui.o [1]
  .rodata                const     0x803'b8a8      0x8  tgui.o [1]
  .rodata                const     0x803'b8b0      0x8  tgui.o [1]
  .rodata                const     0x803'b8b8      0x8  tgui.o [1]
  .rodata                const     0x803'b8c0      0x8  tgui.o [1]
  .rodata                const     0x803'b8c8      0x8  tgui.o [1]
  .rodata                const     0x803'b8d0      0x8  tgui.o [1]
  .rodata                const     0x803'b8d8      0x8  tgui.o [1]
  .rodata                const     0x803'b8e0      0x8  tgui.o [1]
  .rodata                const     0x803'b8e8      0x8  tgui.o [1]
  .rodata                const     0x803'b8f0      0x8  tgui.o [1]
  .rodata                const     0x803'b8f8      0x8  tgui.o [1]
  .rodata                const     0x803'b900      0x8  tgui.o [1]
  .rodata                const     0x803'b908      0x8  tgui.o [1]
  .rodata                const     0x803'b910      0x8  tgui.o [1]
  .rodata                const     0x803'b918      0x8  tgui.o [1]
  .rodata                const     0x803'b920      0x8  tgui.o [1]
  .rodata                const     0x803'b928      0x8  tgui.o [1]
  .rodata                const     0x803'b930      0x8  tgui.o [1]
  .rodata                const     0x803'b938      0x8  tgui.o [1]
  .rodata                const     0x803'b940      0x8  tgui.o [1]
  .rodata                const     0x803'b948      0x8  tgui.o [1]
  .rodata                const     0x803'b950      0x8  tgui.o [1]
  .rodata                const     0x803'b958      0x8  tgui.o [1]
  .rodata                const     0x803'b960      0x8  tgui.o [1]
  .rodata                const     0x803'b968      0x8  tgui.o [1]
  .rodata                const     0x803'b970      0x8  tgui.o [1]
  .rodata                const     0x803'b978      0x8  tgui.o [1]
  .rodata                const     0x803'b980      0x8  tgui.o [1]
  .rodata                const     0x803'b988      0x8  tgui.o [1]
  .rodata                const     0x803'b990      0x8  tgui.o [1]
  .rodata                const     0x803'b998      0x8  tgui_filesscreenfuncs.o [1]
  .rodata                const     0x803'b9a0      0x8  tgui_filesscreenfuncs.o [1]
  .rodata                const     0x803'b9a8      0x8  tgui_infoscreenfuncs.o [1]
  .rodata                const     0x803'b9b0      0x8  tgui_numenterscreenfuncs.o [1]
  .rodata                const     0x803'b9b8      0x8  tgui_printscreenfuncs.o [1]
  .rodata                const     0x803'b9c0      0x8  tgui_printscreenfuncs.o [1]
  .rodata                const     0x803'b9c8      0x8  tgui_settingsscreenfuncs.o [1]
  .rodata                const     0x803'b9d0      0x8  tim.o [1]
  .rodata                const     0x803'b9d8      0x6  xlocale_c.o [2]
  .rodata                const     0x803'b9e0      0x4  languages.o [1]
  .rodata                const     0x803'b9e4      0x4  languages.o [1]
  .rodata                const     0x803'b9e8      0x4  languages.o [1]
  .rodata                const     0x803'b9ec      0x4  languages.o [1]
  .rodata                const     0x803'b9f0      0x4  languages.o [1]
  .rodata                const     0x803'b9f4      0x4  languages.o [1]
  .rodata                const     0x803'b9f8      0x4  languages.o [1]
  .rodata                const     0x803'b9fc      0x4  languages.o [1]
  .rodata                const     0x803'ba00      0x4  languages.o [1]
  .rodata                const     0x803'ba04      0x4  languages.o [1]
  .rodata                const     0x803'ba08      0x4  languages.o [1]
  .rodata                const     0x803'ba0c      0x4  languages.o [1]
  .rodata                const     0x803'ba10      0x4  languages.o [1]
  .rodata                const     0x803'ba14      0x4  languages.o [1]
  .rodata                const     0x803'ba18      0x4  languages.o [1]
  .rodata                const     0x803'ba1c      0x4  languages.o [1]
  .rodata                const     0x803'ba20      0x4  languages.o [1]
  .rodata                const     0x803'ba24      0x4  languages.o [1]
  .rodata                const     0x803'ba28      0x4  languages.o [1]
  .rodata                const     0x803'ba2c      0x4  languages.o [1]
  .rodata                const     0x803'ba30      0x4  languages.o [1]
  .rodata                const     0x803'ba34      0x4  languages.o [1]
  .rodata                const     0x803'ba38      0x4  languages.o [1]
  .rodata                const     0x803'ba3c      0x4  languages.o [1]
  .rodata                const     0x803'ba40      0x4  languages.o [1]
  .rodata                const     0x803'ba44      0x4  languages.o [1]
  .rodata                const     0x803'ba48      0x4  languages.o [1]
  .rodata                const     0x803'ba4c      0x4  languages.o [1]
  .rodata                const     0x803'ba50      0x4  languages.o [1]
  .rodata                const     0x803'ba54      0x4  rtc.o [1]
  .rodata                const     0x803'ba58      0x4  usbh_msc.o [1]
  .text                  ro code   0x803'ba5c      0x4  startup_stm32f407xx.o [1]
  SHT$$PREINIT_ARRAY               0x803'ba60      0x0  <Block>
  SHT$$INIT_ARRAY                  0x803'ba60      0x4  <Block>
    .init_array          const     0x803'ba60      0x4  z_planner.o [1]
  __iar_tls$$INIT_ARRAY            0x803'ba64      0x0  <Block>
  .rodata                const     0x803'ba64      0x0  zero_init3.o [5]
  .rodata                const     0x803'ba64      0x0  lz77_init_single.o [5]
  Initializer bytes      const     0x803'ba64     0xf7  <for P2-1>
                                 - 0x803'bb5b  0x2b9d3

"P3":                                           0x7478
  CCMRAM                 uninit   0x1000'0000   0x4000  main.o [1]
  CCMRAM                 uninit   0x1000'4000   0x1028  main.o [1]
  CCMRAM                 uninit   0x1000'5028   0x1028  main.o [1]
  CCMRAM                 uninit   0x1000'6050   0x1028  tgui.o [1]
  CCMRAM                 uninit   0x1000'7078    0x400  tgui.o [1]
                                - 0x1000'7478   0x7478

"P2", part 1 of 3:                               0x33f
  P2-1                            0x2000'0000    0x33f  <Init block>
    .data                inited   0x2000'0000      0xc  fnt12.o [1]
    .data                inited   0x2000'000c      0xc  fnt12bold.o [1]
    .data                inited   0x2000'0018      0xc  fnt18.o [1]
    .data                inited   0x2000'0024      0xc  fnt18bold.o [1]
    .data                inited   0x2000'0030      0xc  fnt24.o [1]
    .data                inited   0x2000'003c      0xc  fnt24bold.o [1]
    .data                inited   0x2000'0048      0xc  fnt36num.o [1]
    .data                inited   0x2000'0054      0xc  fnt36num_lcd.o [1]
    .data                inited   0x2000'0060      0xc  fnt48num_lcd.o [1]
    .data                inited   0x2000'006c     0x10  languages.o [1]
    .data                inited   0x2000'007c      0x4  languages.o [1]
    .data                inited   0x2000'0080      0x4  lcd_ui.o [1]
    .data                inited   0x2000'0084      0x4  stm32f4xx_hal.o [1]
    .data                inited   0x2000'0088      0x4  system_stm32f4xx.o [1]
    .data                inited   0x2000'008c    0x200  tgui_filesscreenfuncs.o [1]
    .data                inited   0x2000'028c      0x4  tgui_movezscreenfuncs.o [1]
    .data                inited   0x2000'0290     0x20  usbh_msc.o [1]
    .data                inited   0x2000'02b0      0x4  z_stepper.o [1]
    .data                inited   0x2000'02b4     0x38  xlocale_c.o [2]
    .data                inited   0x2000'02ec     0x48  xlocale_c.o [2]
    .data                inited   0x2000'0334      0x2  lcd_ui.o [1]
    .data                inited   0x2000'0336      0x2  lcd_ui.o [1]
    .data                inited   0x2000'0338      0x2  lcd_ui.o [1]
    .data                inited   0x2000'033a      0x1  lcd_ui.o [1]
    .data                inited   0x2000'033b      0x1  stm32f4xx_hal.o [1]
    .data                inited   0x2000'033c      0x1  tgui_defaultfuncs.o [1]
    .data                inited   0x2000'033d      0x1  tgui_filesscreenfuncs.o [1]
    .data                inited   0x2000'033e      0x1  z_endstops.o [1]
                                - 0x2000'033f    0x33f

"P2", part 2 of 3:                              0x8494
  .bss                   zero     0x2000'0340   0x1038  fatfs.o [1]
  .bss                   zero     0x2000'1378   0x1038  fatfs.o [1]
  .bss                   zero     0x2000'23b0    0x830  tgui_filesscreenfuncs.o [1]
  .bss                   zero     0x2000'2be0    0x600  uvdisplay.o [1]
  .bss                   zero     0x2000'31e0    0x594  tgui.o [1]
  .bss                   zero     0x2000'3774    0x498  tgui.o [1]
  .bss                   zero     0x2000'3c0c    0x400  config.o [1]
  .bss                   zero     0x2000'400c    0x400  main.o [1]
  .bss                   zero     0x2000'440c    0x400  main.o [1]
  .bss                   zero     0x2000'480c    0x400  main.o [1]
  .bss                   zero     0x2000'4c0c    0x400  tgui_fileviewscreenfuncs.o [1]
  .bss                   zero     0x2000'500c    0x400  z_planner.o [1]
  .bss                   zero     0x2000'540c    0x3d8  usb_host.o [1]
  .bss                   zero     0x2000'57e4    0x39c  tgui.o [1]
  .bss                   zero     0x2000'5b80    0x348  tgui.o [1]
  .bss                   zero     0x2000'5ec8    0x348  tgui.o [1]
  .bss                   zero     0x2000'6210    0x2c4  usbh_conf.o [1]
  .bss                   zero     0x2000'64d4    0x24c  tgui.o [1]
  .bss                   zero     0x2000'6720    0x224  main.o [1]
  .bss                   zero     0x2000'6944    0x200  config.o [1]
  .bss                   zero     0x2000'6b44    0x200  ff.o [1]
  .bss                   zero     0x2000'6d44    0x200  main.o [1]
  .bss                   zero     0x2000'6f44    0x1f8  tgui.o [1]
  .bss                   zero     0x2000'713c    0x1d8  dlmalloc.o [2]
  .bss                   zero     0x2000'7314    0x1a4  tgui.o [1]
  .bss                   zero     0x2000'74b8    0x1a4  tgui.o [1]
  .bss                   zero     0x2000'765c    0x19c  cpld_utils.o [1]
  .bss                   zero     0x2000'77f8    0x150  tgui.o [1]
  .bss                   zero     0x2000'7948    0x100  sys_timer.o [1]
  .bss                   zero     0x2000'7a48    0x100  tgui_fileviewscreenfuncs.o [1]
  .bss                   zero     0x2000'7b48    0x100  tgui_fileviewscreenfuncs.o [1]
  .bss                   zero     0x2000'7c48     0xfc  tgui.o [1]
  .bss                   zero     0x2000'7d44     0xa8  tgui.o [1]
  .bss                   zero     0x2000'7dec     0x80  fst_spi.o [1]
  .bss                   zero     0x2000'7e6c     0x80  fst_spi.o [1]
  .bss                   zero     0x2000'7eec     0x60  fst_spi.o [1]
  .bss                   zero     0x2000'7f4c     0x60  fst_spi.o [1]
  .bss                   zero     0x2000'7fac     0x60  fst_spi.o [1]
  .bss                   zero     0x2000'800c     0x60  fst_spi.o [1]
  .bss                   zero     0x2000'806c     0x60  fst_spi.o [1]
  .bss                   zero     0x2000'80cc     0x60  lcd_low.o [1]
  .bss                   zero     0x2000'812c     0x54  eeprom.o [1]
  .bss                   zero     0x2000'8180     0x54  files_pws.o [1]
  .bss                   zero     0x2000'81d4     0x50  config.o [1]
  .bss                   zero     0x2000'8224     0x50  fsmc.o [1]
  .bss                   zero     0x2000'8274     0x40  tim.o [1]
  .bss                   zero     0x2000'82b4     0x40  tim.o [1]
  .bss                   zero     0x2000'82f4     0x34  main.o [1]
  .bss                   zero     0x2000'8328     0x30  files_pws.o [1]
  .bss                   zero     0x2000'8358     0x30  tgui.o [1]
  .bss                   zero     0x2000'8388     0x30  tgui.o [1]
  .bss                   zero     0x2000'83b8     0x30  tgui.o [1]
  .bss                   zero     0x2000'83e8     0x30  tgui.o [1]
  .bss                   zero     0x2000'8418     0x30  tgui.o [1]
  .bss                   zero     0x2000'8448     0x30  tgui.o [1]
  .bss                   zero     0x2000'8478     0x30  tgui.o [1]
  .bss                   zero     0x2000'84a8     0x30  tgui.o [1]
  .bss                   zero     0x2000'84d8     0x30  tgui.o [1]
  .bss                   zero     0x2000'8508     0x30  tgui.o [1]
  .bss                   zero     0x2000'8538     0x30  tgui.o [1]
  .bss                   zero     0x2000'8568     0x28  config.o [1]
  .bss                   zero     0x2000'8590     0x28  tgui.o [1]
  .bss                   zero     0x2000'85b8     0x28  z_planner.o [1]
  .bss                   zero     0x2000'85e0     0x20  rtc.o [1]
  .bss                   zero     0x2000'8600     0x20  tgui_numenterscreenfuncs.o [1]
  .bss                   zero     0x2000'8620     0x1c  config.o [1]
  .bss                   zero     0x2000'863c     0x1c  files_pws.o [1]
  .bss                   zero     0x2000'8658     0x18  config.o [1]
  .bss                   zero     0x2000'8670     0x18  dlmalloc.o [2]
  .bss                   zero     0x2000'8688     0x14  files_pws.o [1]
  .bss                   zero     0x2000'869c     0x10  ff_gen_drv.o [1]
  .bss                   zero     0x2000'86ac     0x10  touch.o [1]
  .bss                   zero     0x2000'86bc      0xc  spi_flash.o [1]
  .bss                   zero     0x2000'86c8      0x8  fatfs.o [1]
  .bss                   zero     0x2000'86d0      0x8  fatfs.o [1]
  .bss                   zero     0x2000'86d8      0x8  ff.o [1]
  .bss                   zero     0x2000'86e0      0x4  cpld_utils.o [1]
  .bss                   zero     0x2000'86e4      0x4  cpld_utils.o [1]
  .bss                   zero     0x2000'86e8      0x4  cpld_utils.o [1]
  .bss                   zero     0x2000'86ec      0x4  fsmc.o [1]
  .bss                   zero     0x2000'86f0      0x4  motor.o [1]
  .bss                   zero     0x2000'86f4      0x4  printing.o [1]
  .bss                   zero     0x2000'86f8      0x4  printing.o [1]
  .bss                   zero     0x2000'86fc      0x4  printing.o [1]
  .bss                   zero     0x2000'8700      0x4  printing.o [1]
  .bss                   zero     0x2000'8704      0x4  printing.o [1]
  .bss                   zero     0x2000'8708      0x4  prtfiles.o [1]
  .bss                   zero     0x2000'870c      0x4  spi_flash.o [1]
  .bss                   zero     0x2000'8710      0x4  spi_flash.o [1]
  .bss                   zero     0x2000'8714      0x4  stm32f4xx_hal.o [1]
  .bss                   zero     0x2000'8718      0x4  stm32f4xx_ll_usb.o [1]
  .bss                   zero     0x2000'871c      0x4  sys_timer.o [1]
  .bss                   zero     0x2000'8720      0x4  sys_timer.o [1]
  .bss                   zero     0x2000'8724      0x4  sys_timer.o [1]
  .bss                   zero     0x2000'8728      0x4  sys_timer.o [1]
  .bss                   zero     0x2000'872c      0x4  tgui.o [1]
  .bss                   zero     0x2000'8730      0x4  tgui_fileviewscreenfuncs.o [1]
  .bss                   zero     0x2000'8734      0x4  tgui_numenterscreenfuncs.o [1]
  .bss                   zero     0x2000'8738      0x4  tgui_printscreenfuncs.o [1]
  .bss                   zero     0x2000'873c      0x4  tgui_printscreenfuncs.o [1]
  .bss                   zero     0x2000'8740      0x4  touch.o [1]
  .bss                   zero     0x2000'8744      0x4  z_planner.o [1]
  .bss                   zero     0x2000'8748      0x4  z_planner.o [1]
  .bss                   zero     0x2000'874c      0x4  z_planner.o [1]
  .bss                   zero     0x2000'8750      0x4  z_planner.o [1]
  .bss                   zero     0x2000'8754      0x4  z_planner.o [1]
  .bss                   zero     0x2000'8758      0x4  z_planner.o [1]
  .bss                   zero     0x2000'875c      0x4  z_planner.o [1]
  .bss                   zero     0x2000'8760      0x4  z_stepper.o [1]
  .bss                   zero     0x2000'8764      0x4  z_stepper.o [1]
  .bss                   zero     0x2000'8768      0x4  z_stepper.o [1]
  .bss                   zero     0x2000'876c      0x4  z_stepper.o [1]
  .bss                   zero     0x2000'8770      0x4  z_stepper.o [1]
  .bss                   zero     0x2000'8774      0x4  z_stepper.o [1]
  .bss                   zero     0x2000'8778      0x4  z_stepper.o [1]
  .bss                   zero     0x2000'877c      0x4  z_stepper.o [1]
  .bss                   zero     0x2000'8780      0x4  z_stepper.o [1]
  .bss                   zero     0x2000'8784      0x4  z_stepper.o [1]
  .bss                   zero     0x2000'8788      0x4  z_stepper.o [1]
  .bss                   zero     0x2000'878c      0x4  z_stepper.o [1]
  .bss                   zero     0x2000'8790      0x4  z_stepper.o [1]
  .bss                   zero     0x2000'8794      0x4  z_stepper.o [1]
  .bss                   zero     0x2000'8798      0x4  xfail_s.o [2]
  .bss                   zero     0x2000'879c      0x4  xgetmemchunk.o [2]
  .bss                   zero     0x2000'87a0      0x2  ff.o [1]
  .bss                   zero     0x2000'87a2      0x2  lcd_low.o [1]
  .bss                   zero     0x2000'87a4      0x2  lcd_ui.o [1]
  .bss                   zero     0x2000'87a6      0x2  lcd_ui.o [1]
  .bss                   zero     0x2000'87a8      0x2  lcd_ui.o [1]
  .bss                   zero     0x2000'87aa      0x2  tgui_fileviewscreenfuncs.o [1]
  .bss                   zero     0x2000'87ac      0x2  tgui_fileviewscreenfuncs.o [1]
  .bss                   zero     0x2000'87ae      0x2  z_planner.o [1]
  .bss                   zero     0x2000'87b0      0x1  eeprom.o [1]
  .bss                   zero     0x2000'87b1      0x1  fatfs.o [1]
  .bss                   zero     0x2000'87b2      0x1  fatfs.o [1]
  .bss                   zero     0x2000'87b3      0x1  main.o [1]
  .bss                   zero     0x2000'87b4      0x1  main.o [1]
  .bss                   zero     0x2000'87b5      0x1  main.o [1]
  .bss                   zero     0x2000'87b6      0x1  main.o [1]
  .bss                   zero     0x2000'87b7      0x1  main.o [1]
  .bss                   zero     0x2000'87b8      0x1  prtfiles.o [1]
  .bss                   zero     0x2000'87b9      0x1  prtfiles.o [1]
  .bss                   zero     0x2000'87ba      0x1  tgui_defaultfuncs.o [1]
  .bss                   zero     0x2000'87bb      0x1  tgui_filesscreenfuncs.o [1]
  .bss                   zero     0x2000'87bc      0x1  tgui_filesscreenfuncs.o [1]
  .bss                   zero     0x2000'87bd      0x1  tgui_filesscreenfuncs.o [1]
  .bss                   zero     0x2000'87be      0x1  tgui_filesscreenfuncs.o [1]
  .bss                   zero     0x2000'87bf      0x1  tgui_fileviewscreenfuncs.o [1]
  .bss                   zero     0x2000'87c0      0x1  tgui_numenterscreenfuncs.o [1]
  .bss                   zero     0x2000'87c1      0x1  tgui_numenterscreenfuncs.o [1]
  .bss                   zero     0x2000'87c2      0x1  tgui_numenterscreenfuncs.o [1]
  .bss                   zero     0x2000'87c3      0x1  tgui_numenterscreenfuncs.o [1]
  .bss                   zero     0x2000'87c4      0x1  tgui_printscreenfuncs.o [1]
  .bss                   zero     0x2000'87c5      0x1  usb_host.o [1]
  .bss                   zero     0x2000'87c6      0x1  z_endstops.o [1]
  .bss                   zero     0x2000'87c7      0x1  z_endstops.o [1]
  .bss                   zero     0x2000'87c8      0x1  z_planner.o [1]
  .bss                   zero     0x2000'87c9      0x1  z_planner.o [1]
  .bss                   zero     0x2000'87ca      0x1  z_planner.o [1]
  .bss                   zero     0x2000'87cb      0x1  z_planner.o [1]
  .bss                   zero     0x2000'87cc      0x1  z_planner.o [1]
  .bss                   zero     0x2000'87cd      0x1  z_planner.o [1]
  .bss                   zero     0x2000'87ce      0x1  z_stepper.o [1]
  .bss                   zero     0x2000'87cf      0x1  z_stepper.o [1]
  .bss                   zero     0x2000'87d0      0x1  z_stepper.o [1]
  .bss                   zero     0x2000'87d1      0x1  z_stepper.o [1]
  .bss                   zero     0x2000'87d2      0x1  z_stepper.o [1]
                                - 0x2000'87d3   0x8493

"P2", part 3 of 3:                              0x7204
  .noinit                uninit   0x2000'87d4   0x1000  tgui.o [1]
  .noinit                uninit   0x2000'97d4    0x200  tgui.o [1]
  CSTACK                          0x2000'99d8   0x4000  <Block>
    CSTACK               uninit   0x2000'99d8   0x4000  <Block tail>
  HEAP                            0x2000'd9d8   0x2000  <Block>
    HEAP                 uninit   0x2000'd9d8   0x2000  <Block tail>
                                - 0x2000'f9d8   0x7204

Unused ranges:

         From           To      Size
         ----           --      ----
   0x803'bb5b   0x807'ffff  0x4'44a5
  0x1000'7478  0x1000'ffff    0x8b88
  0x2000'033f  0x2000'033f       0x1
  0x2000'f9d8  0x2001'ffff  0x1'0628


*******************************************************************************
*** INIT TABLE
***

          Address      Size
          -------      ----
Zero (__iar_zero_init3)
    1 destination range, total size 0x8493:
          0x2000'0340  0x8493

Copy/lz77 (__iar_lz77_init_single3)
    1 source range, total size 0xf7 (29% of destination):
           0x803'ba64    0xf7
    1 destination range, total size 0x33f:
          0x2000'0000   0x33f

Extra (__iar_cstart_call_ctors)



*******************************************************************************
*** MODULE SUMMARY
***

    Module                      ro code  ro data  rw data
    ------                      -------  -------  -------
command line/config:
    -----------------------------------------------------
    Total:

D:\Electronics\Projects\MKS_DLP_new\SRC\firmware\MKSDLP_Alter_Debug\Obj: [1]
    config.o                      3 364      304    1 708
    cpld_utils.o                    632               424
    datetime.o                      292       48
    diskio.o                        240
    eeprom.o                      1 556                85
    fatfs.o                         348             8 322
    ff.o                         12 148      272      522
    ff_gen_drv.o                     96                16
    ffunicode.o                     360      944
    files_pws.o                   1 348       40      180
    fnt12.o                                2 039       12
    fnt12bold.o                            2 252       12
    fnt18.o                                4 071       12
    fnt18bold.o                            4 620       12
    fnt24.o                                7 007       12
    fnt24bold.o                            8 664       12
    fnt36num.o                             1 727       12
    fnt36num_lcd.o                         1 704       12
    fnt48num_lcd.o                         3 080       12
    fsmc.o                          276                84
    fst_spi.o                     1 436               736
    gpio.o                          732
    languages.o                      68    5 502       20
    lcd_low.o                     1 316                98
    lcd_ui.o                      3 212        3       17
    main.o                        4 650      636   28 845
    motor.o                         828                 4
    printing.o                      676                20
    prtfiles.o                    1 024                 6
    rtc.o                           200        4       32
    spi_flash.o                     840                20
    spifl_diskio.o                  340       20
    ssd_utils.o                   1 528
    startup_stm32f407xx.o           412
    stm32f4xx_hal.o                 180        2        9
    stm32f4xx_hal_cortex.o          344
    stm32f4xx_hal_dma.o           1 156        8
    stm32f4xx_hal_gpio.o            674
    stm32f4xx_hal_hcd.o           4 306
    stm32f4xx_hal_i2c.o             494
    stm32f4xx_hal_msp.o              64
    stm32f4xx_hal_rcc.o           1 520
    stm32f4xx_hal_rcc_ex.o          352
    stm32f4xx_hal_rtc.o           1 092
    stm32f4xx_hal_spi.o           1 984
    stm32f4xx_hal_sram.o             92
    stm32f4xx_hal_tim.o           1 954
    stm32f4xx_hal_tim_ex.o          172
    stm32f4xx_it.o                  156
    stm32f4xx_ll_fsmc.o             236
    stm32f4xx_ll_usb.o            2 700                 4
    sys_timer.o                     484               272
    system_stm32f4xx.o               32       25        4
    tgui.o                       17 262    2 168   18 236
    tgui_defaultfuncs.o           2 940       16        2
    tgui_filesscreenfuncs.o       4 096      256    2 613
    tgui_fileviewscreenfuncs.o    2 968       76    1 545
    tgui_infoscreenfuncs.o        1 160       92
    tgui_langscreenfuncs.o           36
    tgui_messagebox.o             1 980
    tgui_movezscreenfuncs.o       1 344        1        4
    tgui_numenterscreenfuncs.o    1 608        8       40
    tgui_printscreenfuncs.o       2 524       48        9
    tgui_settingsscreenfuncs.o      620        8
    tim.o                           488        8      128
    touch.o                         632                20
    unicode_utils.o               1 028
    usb_host.o                      140               985
    usbh_conf.o                     928               708
    usbh_core.o                   2 036
    usbh_ctlreq.o                 1 602
    usbh_diskio.o                   368       20
    usbh_ioreq.o                    270
    usbh_msc.o                    2 478       14       32
    usbh_msc_bot.o                1 084
    usbh_msc_scsi.o               1 168
    usbh_pipes.o                    224
    usbh_platform.o                  40
    uvdisplay.o                      28             1 536
    z_endstops.o                    264        1        3
    z_planner.o                   4 460        4    1 100
    z_stepper.o                   1 732        1       65
    -----------------------------------------------------
    Total:                      111 422   45 693   68 562

dl7M_tlf.a: [2]
    abort.o                           6
    cppinit.o                        24
    dlmalloc.o                    5 344               496
    exit.o                            4
    heaptramp0.o                      4
    iar_Stoflt.o                    452
    iar_Stollx.o                    158
    iar_Stopfx.o                    290
    iar_Stoullx.o                   434       80
    iar_Stoulx.o                    338       80
    iar_Stoxflt.o                   540
    isalpha.o                        20
    isspace.o                        20
    low_level_init.o                  4
    sprintf.o                        64
    sscanf.o                         40
    strcat.o                         30
    tolower.o                        20
    wctob.o                          60
    xencoding_8859_1.o               38
    xfail_s.o                        64                 4
    xgetmemchunk.o                   44                 4
    xlocale_c.o                     260       44      128
    xmbcurmax.o                      10
    xprintffull.o                 3 910
    xscanffull.o                  3 672      116
    xsprout.o                        10
    xsscin.o                         30
    -----------------------------------------------------
    Total:                       15 890      320      632

dlpp7M_tl_fc.a: [3]
    -----------------------------------------------------
    Total:

m7M_tls.a: [4]
    DblAdd.o                        378
    DblCmpGe.o                       46
    DblCmpLe.o                       46
    DblDiv.o                        582
    DblMul.o                        418
    DblSub.o                        226
    DblToFlt.o                      104
    DblToS32.o                       58
    DblToU32.o                       40
    FltToDbl.o                       72
    S32ToDbl.o                       34
    U32ToDbl.o                       26
    ceilf.o                          60
    floorf.o                         60
    fpinit_M.o                       34
    frexp.o                         112
    ldexp.o                         314
    lroundf.o                        46
    math_wrappers64.o                14
    sqrtf.o                          30
    strto64.o                     1 308       72
    -----------------------------------------------------
    Total:                        4 008       72

rt7M_tl.a: [5]
    ABImemclr4.o                      6
    ABImemcpy.o                     166
    ABImemset.o                     102
    ABImemset48.o                    50
    I64DivMod.o                     560
    cexit.o                          10
    cmain.o                          30
    cmain_call_ctors.o               32
[...]
cfgzMotor               0x2000'81d4    0x50  Data  Gb  config.o [1]
cfname                  0x2000'480c   0x400  Data  Gb  main.o [1]
check_fs                 0x801'85af    0x7a  Code  Lc  ff.o [1]
chk_chr                  0x801'6feb    0x14  Code  Lc  ff.o [1]
clngLangEng              0x803'85c0   0x198  Data  Lc  languages.o [1]
clngLangRus              0x803'8758   0x198  Data  Lc  languages.o [1]
clst2sect                0x801'7213    0x1c  Code  Lc  ff.o [1]
cmp_lfn                  0x801'7973    0xaa  Code  Lc  ff.o [1]
cpld_bmp                0x2000'765c   0x19c  Data  Gb  cpld_utils.o [1]
cpld_cmd                0x2000'86e8     0x4  Data  Gb  cpld_utils.o [1]
create_chain             0x801'7557   0x154  Code  Lc  ff.o [1]
create_name              0x801'820b   0x29e  Code  Lc  ff.o [1]
create_partition         0x801'958f   0x1c8  Code  Lc  ff.o [1]
currdir                 0x2000'008c   0x200  Data  Gb  tgui_filesscreenfuncs.o [1]
d                       0x2000'8710     0x4  Data  Gb  spi_flash.o [1]
dbc_1st                  0x801'6fff    0x12  Code  Lc  ff.o [1]
dbc_2nd                  0x801'7011    0x12  Code  Lc  ff.o [1]
ddiv                     0x802'61c9    0xc4  Code  Lc  strto64.o [4]
digits                   0x803'9bb8    0x28  Data  Lc  iar_Stoulx.o [2]
digits                   0x803'9c08    0x28  Data  Lc  iar_Stoullx.o [2]
dir                     0x2000'82f4    0x34  Data  Gb  main.o [1]
dir_alloc                0x801'78ad    0x74  Code  Lc  ff.o [1]
dir_clear                0x801'76ab    0x68  Code  Lc  ff.o [1]
dir_find                 0x801'7d5d   0x12a  Code  Lc  ff.o [1]
dir_next                 0x801'77c5    0xe8  Code  Lc  ff.o [1]
dir_read                 0x801'7c4f   0x10e  Code  Lc  ff.o [1]
dir_register             0x801'7e87   0x16a  Code  Lc  ff.o [1]
dir_sdi                  0x801'7713    0xb2  Code  Lc  ff.o [1]
disk                    0x2000'869c    0x10  Data  Gb  ff_gen_drv.o [1]
disk_initialize          0x801'c091    0x38  Code  Gb  diskio.o [1]
disk_ioctl               0x801'c131    0x2a  Code  Gb  diskio.o [1]
disk_read                0x801'c0c9    0x34  Code  Gb  diskio.o [1]
disk_status              0x801'c071    0x20  Code  Gb  diskio.o [1]
disk_write               0x801'c0fd    0x34  Code  Gb  diskio.o [1]
dmul                     0x802'6101    0xc6  Code  Lc  strto64.o [4]
dot_entered             0x2000'87c3     0x1  Data  Gb  tgui_numenterscreenfuncs.o [1]
edit_value              0x2000'8734     0x4  Data  Gb  tgui_numenterscreenfuncs.o [1]
enter_begin             0x2000'87c2     0x1  Data  Gb  tgui_numenterscreenfuncs.o [1]
exit                     0x803'a777     0x4  Code  Gb  exit.o [2]
fMoveStep               0x2000'028c     0x4  Data  Gb  tgui_movezscreenfuncs.o [1]
f_close                  0x801'912b    0x30  Code  Gb  ff.o [1]
f_closedir               0x801'93ab    0x1c  Code  Gb  ff.o [1]
f_getfree                0x801'947f   0x110  Code  Gb  ff.o [1]
f_lseek                  0x801'915b   0x1c4  Code  Gb  ff.o [1]
f_mkfs                   0x801'9757   0x73a  Code  Gb  ff.o [1]
f_mkfs::cst              0x803'b118    0x10  Data  Lc  ff.o [1]
f_mkfs::cst32            0x803'b128    0x10  Data  Lc  ff.o [1]
f_mkfs::defopt           0x803'b138    0x10  Data  Lc  ff.o [1]
f_mount                  0x801'899b    0x56  Code  Gb  ff.o [1]
f_open                   0x801'8a11   0x23e  Code  Gb  ff.o [1]
f_opendir                0x801'931f    0x8c  Code  Gb  ff.o [1]
f_read                   0x801'8c4f   0x1f8  Code  Gb  ff.o [1]
f_readdir                0x801'93c7    0x6a  Code  Gb  ff.o [1]
f_stat                   0x801'9431    0x4e  Code  Gb  ff.o [1]
f_sync                   0x801'9081    0xaa  Code  Gb  ff.o [1]
f_write                  0x801'8e47   0x23a  Code  Gb  ff.o [1]
fbuff                   0x1000'0000  0x4000  Data  Gb  main.o [1]
ff_oem2uni               0x801'c1ad    0x40  Code  Gb  ffunicode.o [1]
ff_uni2oem               0x801'c161    0x4c  Code  Gb  ffunicode.o [1]
ff_wtoupper              0x801'c1ed    0xce  Code  Gb  ffunicode.o [1]
ff_wtoupper::cvt1        0x803'83cc   0x1f4  Data  Lc  ffunicode.o [1]
ff_wtoupper::cvt2        0x803'94fc    0xbc  Data  Lc  ffunicode.o [1]
filedate                0x2000'87aa     0x2  Data  Gb  tgui_fileviewscreenfuncs.o [1]
files                   0x2000'23b0   0x830  Data  Gb  tgui_filesscreenfuncs.o [1]
filesize                0x2000'8730     0x4  Data  Gb  tgui_fileviewscreenfuncs.o [1]
filetime                0x2000'87ac     0x2  Data  Gb  tgui_fileviewscreenfuncs.o [1]
find_volume              0x801'862d    0x76  Code  Lc  ff.o [1]
finfo                   0x2000'6720   0x224  Data  Gb  main.o [1]
floorf                   0x802'67a5          Code  Gb  floorf.o [4]
fnt12_data               0x803'62c4   0x6b4  Data  Gb  fnt12.o [1]
fnt12_width              0x803'8bb4   0x140  Data  Gb  fnt12.o [1]
fnt12bold_data           0x803'5b3c   0x788  Data  Gb  fnt12bold.o [1]
fnt12bold_width          0x803'8cf4   0x140  Data  Gb  fnt12bold.o [1]
fnt18_data               0x803'1388   0xea4  Data  Gb  fnt18.o [1]
fnt18_width              0x803'8e34   0x140  Data  Gb  fnt18.o [1]
fnt18bold_data           0x802'e6f0  0x10c8  Data  Gb  fnt18bold.o [1]
fnt18bold_width          0x803'8f74   0x140  Data  Gb  fnt18bold.o [1]
fnt24_data               0x802'b7c8  0x1a1c  Data  Gb  fnt24.o [1]
fnt24_width              0x803'90b4   0x140  Data  Gb  fnt24.o [1]
fnt24bold_data           0x802'9734  0x2094  Data  Gb  fnt24bold.o [1]
fnt24bold_width          0x803'91f4   0x140  Data  Gb  fnt24bold.o [1]
fnt36num_data            0x803'6978   0x684  Data  Gb  fnt36num.o [1]
fnt36num_lcd_data        0x803'6ffc   0x66c  Data  Gb  fnt36num_lcd.o [1]
fnt36num_lcd_width       0x803'9f40    0x38  Data  Gb  fnt36num_lcd.o [1]
fnt36num_width           0x803'9f08    0x38  Data  Gb  fnt36num.o [1]
fnt48num_lcd_data        0x803'3314   0xbcc  Data  Gb  fnt48num_lcd.o [1]
fnt48num_lcd_width       0x803'9f78    0x38  Data  Gb  fnt48num_lcd.o [1]
follow_path              0x801'84a9    0xa8  Code  Lc  ff.o [1]
font_fnt12              0x2000'0000     0xc  Data  Gb  fnt12.o [1]
font_fnt12bold          0x2000'000c     0xc  Data  Gb  fnt12bold.o [1]
font_fnt18              0x2000'0018     0xc  Data  Gb  fnt18.o [1]
font_fnt18bold          0x2000'0024     0xc  Data  Gb  fnt18bold.o [1]
font_fnt24              0x2000'0030     0xc  Data  Gb  fnt24.o [1]
font_fnt24bold          0x2000'003c     0xc  Data  Gb  fnt24bold.o [1]
font_fnt36num           0x2000'0048     0xc  Data  Gb  fnt36num.o [1]
font_fnt36num_lcd       0x2000'0054     0xc  Data  Gb  fnt36num_lcd.o [1]
font_fnt48num_lcd       0x2000'0060     0xc  Data  Gb  fnt48num_lcd.o [1]
fpws_header             0x2000'8328    0x30  Data  Gb  files_pws.o [1]
fpws_info               0x2000'8180    0x54  Data  Gb  files_pws.o [1]
fpws_layersdata         0x2000'8688    0x14  Data  Gb  files_pws.o [1]
fpws_preview            0x2000'863c    0x1c  Data  Gb  files_pws.o [1]
free                     0x803'56a9     0x4  Code  Gb  heaptramp0.o [2]
fv_dirname              0x2000'7b48   0x100  Data  Gb  tgui_fileviewscreenfuncs.o [1]
fv_filename             0x2000'7a48   0x100  Data  Gb  tgui_fileviewscreenfuncs.o [1]
fv_filetype             0x2000'87bf     0x1  Data  Gb  tgui_fileviewscreenfuncs.o [1]
fv_tfilename            0x2000'4c0c   0x400  Data  Gb  tgui_fileviewscreenfuncs.o [1]
gen_numname              0x801'7b51    0xde  Code  Lc  ff.o [1]
get_fat                  0x801'722f   0x112  Code  Lc  ff.o [1]
get_fattime              0x801'c2e5    0x50  Code  Gb  fatfs.o [1]
get_fileinfo             0x801'7ff1   0x21a  Code  Lc  ff.o [1]
get_ldnumber             0x801'8551    0x5e  Code  Lc  ff.o [1]
hFlashSpi               0x2000'7e6c    0x80  Data  Gb  fst_spi.o [1]
hFlashSpiDmaRx          0x2000'800c    0x60  Data  Gb  fst_spi.o [1]
hFlashSpiDmaTx          0x2000'806c    0x60  Data  Gb  fst_spi.o [1]
hI2C                    0x2000'812c    0x54  Data  Gb  eeprom.o [1]
hLcdDma                 0x2000'80cc    0x60  Data  Gb  lcd_low.o [1]
hRTC                    0x2000'85e0    0x20  Data  Gb  rtc.o [1]
hStepperTim             0x2000'8274    0x40  Data  Gb  tim.o [1]
hTouchSpi               0x2000'7dec    0x80  Data  Gb  fst_spi.o [1]
hTouchSpiDmaRx          0x2000'7eec    0x60  Data  Gb  fst_spi.o [1]
hTouchSpiDmaTx          0x2000'7f4c    0x60  Data  Gb  fst_spi.o [1]
hUsbHost                0x2000'540c   0x3d8  Data  Gb  usb_host.o [1]
hZRefTim                0x2000'82b4    0x40  Data  Gb  tim.o [1]
hhcd_USB_OTG_FS         0x2000'6210   0x2c4  Data  Gb  usbh_conf.o [1]
hsram1                  0x2000'8224    0x50  Data  Gb  fsmc.o [1]
i2c_timer               0x2000'87b0     0x1  Data  Gb  eeprom.o [1]
idle()                   0x802'0fad     0xa  Code  Gb  motor.o [1]
idle()::idlecount       0x2000'86f0     0x4  Data  Lc  motor.o [1]
init_mparams             0x802'd1ff    0x32  Code  Lc  dlmalloc.o [2]
init_top                 0x802'd231    0x36  Code  Lc  dlmalloc.o [2]
inited                  0x2000'87b9     0x1  Data  Gb  prtfiles.o [1]
isalpha                  0x802'8c95    0x14  Code  Gb  isalpha.o [2]
isspace                  0x802'661d    0x14  Code  Gb  isspace.o [2]
lastfilenum             0x2000'033d     0x1  Data  Gb  tgui_filesscreenfuncs.o [1]
lcdui_bgcolor           0x2000'87a8     0x2  Data  Gb  lcd_ui.o [1]
lcdui_color             0x2000'0338     0x2  Data  Gb  lcd_ui.o [1]
lcdui_current_font      0x2000'0080     0x4  Data  Gb  lcd_ui.o [1]
lcdui_current_font_type
                        0x2000'033a     0x1  Data  Gb  lcd_ui.o [1]
lcdui_cursor_x          0x2000'87a4     0x2  Data  Gb  lcd_ui.o [1]
lcdui_cursor_y          0x2000'87a6     0x2  Data  Gb  lcd_ui.o [1]
lcdui_height            0x2000'0336     0x2  Data  Gb  lcd_ui.o [1]
lcdui_width             0x2000'0334     0x2  Data  Gb  lcd_ui.o [1]
ld_clust                 0x801'7921    0x28  Code  Lc  ff.o [1]
ld_dword                 0x801'6f5f    0x18  Code  Lc  ff.o [1]
ld_word                  0x801'6f51     0xe  Code  Lc  ff.o [1]
ldata_length            0x2000'86fc     0x4  Data  Gb  printing.o [1]
ldata_offset_begin      0x2000'86f4     0x4  Data  Gb  printing.o [1]
ldata_offset_current    0x2000'86f8     0x4  Data  Gb  printing.o [1]
ldexp                    0x801'd071          Code  Gb  ldexp.o [4]
ldexpl                   0x801'd071          Code  Gb  ldexp.o [4]
lmos                     0x803'abd8    0x18  Data  Lc  datetime.o [1]
lngCurrent              0x2000'007c     0x4  Data  Gb  languages.o [1]
lngLanguages            0x2000'006c    0x10  Data  Gb  languages.o [1]
localeconv               0x801'cac3     0x4  Code  Gb  xlocale_c.o [2]
lroundf                  0x802'6945          Code  Gb  lroundf.o [4]
main                     0x801'd5e1  0x10c8  Code  Gb  main.o [1]
mem_cmp                  0x801'6fc7    0x24  Code  Lc  ff.o [1]
mem_cpy                  0x801'6f9d    0x1c  Code  Lc  ff.o [1]
mem_set                  0x801'6fb9     0xe  Code  Lc  ff.o [1]
memchr                   0x801'cb69          Code  Gb  memchr.o [5]
mos                      0x803'abf0    0x18  Data  Lc  datetime.o [1]
mount_volume             0x801'86a3   0x2ae  Code  Lc  ff.o [1]
move_window              0x801'713b    0x42  Code  Lc  ff.o [1]
mparams                 0x2000'8670    0x18  Data  Lc  dlmalloc.o [2]
msg                     0x2000'6d44   0x200  Data  Gb  main.o [1]
ndigs                    0x803'9b90    0x28  Data  Lc  iar_Stoulx.o [2]
ndigs                    0x803'9be0    0x28  Data  Lc  iar_Stoullx.o [2]
nomorefiles             0x2000'87be     0x1  Data  Gb  tgui_filesscreenfuncs.o [1]
numstr                  0x2000'8600    0x20  Data  Gb  tgui_numenterscreenfuncs.o [1]
numstr_len              0x2000'87c1     0x1  Data  Gb  tgui_numenterscreenfuncs.o [1]
oldUsbMounted           0x2000'87bb     0x1  Data  Gb  tgui_filesscreenfuncs.o [1]
old_layer               0x2000'873c     0x4  Data  Gb  tgui_printscreenfuncs.o [1]
old_pause               0x2000'87c4     0x1  Data  Gb  tgui_printscreenfuncs.o [1]
old_time                0x2000'8738     0x4  Data  Gb  tgui_printscreenfuncs.o [1]
pfile_type              0x2000'87b8     0x1  Data  Gb  prtfiles.o [1]
pick_lfn                 0x801'7a1d    0x96  Code  Lc  ff.o [1]
pows                     0x803'9d10    0x48  Data  Lc  strto64.o [4]
prepend_alloc            0x802'd267   0x346  Code  Lc  dlmalloc.o [2]
prt_file                0x2000'8708     0x4  Data  Gb  prtfiles.o [1]
put_fat                  0x801'7341   0x166  Code  Lc  ff.o [1]
put_lfn                  0x801'7ab3    0x90  Code  Lc  ff.o [1]
put_utf                  0x801'7077    0x72  Code  Lc  ff.o [1]
ranmatch                 0x803'2595    0x44  Code  Lc  xscanffull.o [2]
reTransmission_all_cnt  0x2000'86e4     0x4  Data  Gb  cpld_utils.o [1]
reTransmission_data_cnt
                        0x2000'86e0     0x4  Data  Gb  cpld_utils.o [1]
remove_chain             0x801'74a7    0xb0  Code  Lc  ff.o [1]
resX                    0x2000'8700     0x4  Data  Gb  printing.o [1]
resY                    0x2000'8704     0x4  Data  Gb  printing.o [1]
retSPIFL                0x2000'87b2     0x1  Data  Gb  fatfs.o [1]
retUSBH                 0x2000'87b1     0x1  Data  Gb  fatfs.o [1]
s_tfname                0x2000'440c   0x400  Data  Gb  main.o [1]
scalbln                  0x801'd071          Code  Gb  ldexp.o [4]
scalblnl                 0x801'd071          Code  Gb  ldexp.o [4]
scalbn                   0x801'd071          Code  Gb  ldexp.o [4]
scalbnl                  0x801'd071          Code  Gb  ldexp.o [4]
scale                    0x801'b1cb    0x46  Code  Lc  xprintffull.o [2]
scrTimeTimer            0x2000'033c     0x1  Data  Gb  tgui_defaultfuncs.o [1]
sec_hand                0x2000'8798     0x4  Data  Lc  xfail_s.o [2]
segment_holding          0x802'd1e5    0x1a  Code  Lc  dlmalloc.o [2]
sfile                   0x1000'5028  0x1028  Data  Gb  main.o [1]
sprintf                  0x801'5d61    0x40  Code  Gb  sprintf.o [2]
sqrtf                    0x802'60e1          Code  Gb  sqrtf.o [4]
srvMode                 0x2000'87b7     0x1  Data  Gb  main.o [1]
sscanf                   0x803'7cb1    0x28  Code  Gb  sscanf.o [2]
st_clust                 0x801'7949    0x2a  Code  Lc  ff.o [1]
st_dword                 0x801'6f85    0x18  Code  Lc  ff.o [1]
st_word                  0x801'6f77     0xe  Code  Lc  ff.o [1]
strcat                   0x803'07d1    0x1e  Code  Gb  strcat.o [2]
strchr                   0x801'cad1          Code  Gb  strchr.o [5]
strcmp                   0x802'1385          Code  Gb  strcmp.o [5]
strcpy                   0x803'07b9          Code  Gb  strcpy.o [5]
strcpy_utf(char *, char *)
                         0x801'a129    0x28  Code  Gb  unicode_utils.o [1]
strlen                   0x801'cb31          Code  Gb  strlen.o [5]
strncpy                  0x801'a541          Code  Gb  strncpy.o [5]
strtoll                  0x803'3159     0x2  Code  Gb  iar_Stollx.o [2]
strtoul                  0x802'2b89     0x2  Code  Gb  iar_Stoulx.o [2]
strtoull                 0x803'330d     0x2  Code  Gb  iar_Stoullx.o [2]
strtrim(char *)          0x801'a1f1    0x60  Code  Gb  unicode_utils.o [1]
strupper_utf(char *)     0x801'a251    0x78  Code  Gb  unicode_utils.o [1]
subdir                  0x2000'87bd     0x1  Data  Gb  tgui_filesscreenfuncs.o [1]
sum_sfn                  0x801'7c2f    0x20  Code  Lc  ff.o [1]
sync_fs                  0x801'717d    0x96  Code  Lc  ff.o [1]
sync_window              0x801'70e9    0x52  Code  Lc  ff.o [1]
sys_alloc                0x802'd7a5   0x164  Code  Lc  dlmalloc.o [2]
sys_trim                 0x802'd909    0x64  Code  Lc  dlmalloc.o [2]
systemInfo              0x2000'8568    0x28  Data  Gb  config.o [1]
tchar2uni                0x801'7023    0x54  Code  Lc  ff.o [1]
tfname                  0x1000'7078   0x400  Data  Gb  tgui.o [1]
tguiActiveScreen        0x2000'872c     0x4  Data  Gb  tgui.o [1]
tguiDBuff               0x2000'87d4  0x1000  Data  Gb  tgui.o [1]
tguiDefaultConfig       0x2000'8590    0x28  Data  Gb  tgui.o [1]
tguiFBuff               0x2000'97d4   0x200  Data  Gb  tgui.o [1]
tguiFile                0x1000'6050  0x1028  Data  Gb  tgui.o [1]
tguiMsgBox              0x2000'5b80   0x348  Data  Gb  tgui.o [1]
tguiScrFilesButtons     0x2000'5ec8   0x348  Data  Gb  tgui.o [1]
tguiScrFilesListButtons
                        0x2000'3774   0x498  Data  Gb  tgui.o [1]
tguiScrFileviewButtons  0x2000'6f44   0x1f8  Data  Gb  tgui.o [1]
tguiScrInfoButtons      0x2000'7d44    0xa8  Data  Gb  tgui.o [1]
tguiScrLanguageButtons  0x2000'7c48    0xfc  Data  Gb  tgui.o [1]
tguiScrMainButtons      0x2000'77f8   0x150  Data  Gb  tgui.o [1]
tguiScrMovezButtons     0x2000'57e4   0x39c  Data  Gb  tgui.o [1]
tguiScrNumenterButtons  0x2000'31e0   0x594  Data  Gb  tgui.o [1]
tguiScrPrintButtons     0x2000'74b8   0x1a4  Data  Gb  tgui.o [1]
tguiScrServiceButtons   0x2000'7314   0x1a4  Data  Gb  tgui.o [1]
tguiScrSettingsButtons  0x2000'64d4   0x24c  Data  Gb  tgui.o [1]
tguiScreenFiles         0x2000'8448    0x30  Data  Gb  tgui.o [1]
tguiScreenFilesList     0x2000'8478    0x30  Data  Gb  tgui.o [1]
tguiScreenFileview      0x2000'8508    0x30  Data  Gb  tgui.o [1]
tguiScreenInfo          0x2000'83e8    0x30  Data  Gb  tgui.o [1]
tguiScreenLanguage      0x2000'83b8    0x30  Data  Gb  tgui.o [1]
tguiScreenMain          0x2000'8358    0x30  Data  Gb  tgui.o [1]
tguiScreenMovez         0x2000'8418    0x30  Data  Gb  tgui.o [1]
tguiScreenNumenter      0x2000'84d8    0x30  Data  Gb  tgui.o [1]
tguiScreenPrint         0x2000'8538    0x30  Data  Gb  tgui.o [1]
tguiScreenService       0x2000'8388    0x30  Data  Gb  tgui.o [1]
tguiScreenSettings      0x2000'84a8    0x30  Data  Gb  tgui.o [1]
tguiTimer               0x2000'87b5     0x1  Data  Gb  main.o [1]
tmalloc_large            0x802'd979   0x386  Code  Lc  dlmalloc.o [2]
tmalloc_small            0x802'dcff   0x200  Code  Lc  dlmalloc.o [2]
tolower                  0x802'6631    0x14  Code  Gb  tolower.o [2]
touch_buff              0x2000'7fac    0x60  Data  Gb  fst_spi.o [1]
touch_info              0x2000'86ac    0x10  Data  Gb  touch.o [1]
touch_point             0x2000'8740     0x4  Data  Gb  touch.o [1]
tstrcat(unsigned short *, unsigned short *)
                         0x801'a179    0x32  Code  Gb  unicode_utils.o [1]
tstrcat_utf(unsigned short *, char *)
                         0x801'a1ab    0x46  Code  Gb  unicode_utils.o [1]
tstrcpy(unsigned short *, unsigned short *)
                         0x801'a151    0x28  Code  Gb  unicode_utils.o [1]
typeval                 0x2000'87c0     0x1  Data  Gb  tgui_numenterscreenfuncs.o [1]
u_tfname                0x2000'400c   0x400  Data  Gb  main.o [1]
uc866                    0x803'9334   0x100  Data  Lc  ffunicode.o [1]
ufile                   0x1000'4000  0x1028  Data  Gb  main.o [1]
uvfan_timer             0x2000'8728     0x4  Data  Gb  sys_timer.o [1]
uvled_timer             0x2000'8720     0x4  Data  Gb  sys_timer.o [1]
uvpause_timer           0x2000'8724     0x4  Data  Gb  sys_timer.o [1]
uwTick                  0x2000'8714     0x4  Data  Gb  stm32f4xx_hal.o [1]
uwTickFreq              0x2000'033b     0x1  Data  Gb  stm32f4xx_hal.o [1]
uwTickPrio              0x2000'0084     0x4  Data  Gb  stm32f4xx_hal.o [1]
validate                 0x801'8951    0x4a  Code  Lc  ff.o [1]
wctob                    0x803'3085    0x32  Code  Gb  wctob.o [2]
zHoldTimer              0x2000'87b6     0x1  Data  Gb  main.o [1]
zPlanner                0x2000'87c8     0x1  Data  Gb  z_planner.o [1]


[1] = D:\Electronics\Projects\MKS_DLP_new\SRC\firmware\MKSDLP_Alter_Debug\Obj
[2] = dl7M_tlf.a
[3] = dlpp7M_tl_fc.a
[4] = m7M_tls.a
[5] = rt7M_tl.a
[6] = shb_l.a

  132 905 bytes of readonly  code memory
   46 130 bytes of readonly  data memory
   93 770 bytes of readwrite data memory

Errors: none
Warnings: none
