###############################################################################
#
# IAR ELF Linker V8.32.1.169/W32 for ARM                  13/Sep/2020  17:09:50
# Copyright 2007-2018 IAR Systems AB.
#
#    Output file  =  
#        D:\Electronics\Projects\MKS_DLP_new\SRC\firmware\MKSDLP_Alter_debug\Exe\MKS_DLP_new.out
#    Map file     =  
#        D:\Electronics\Projects\MKS_DLP_new\SRC\firmware\MKSDLP_Alter_debug\List\MKS_DLP_new.map
#    Command line =  
#        -f C:\Temp\EW61EA.tmp
#        (D:\Electronics\Projects\MKS_DLP_new\SRC\firmware\MKSDLP_Alter_Debug\Obj\config.o
#        D:\Electronics\Projects\MKS_DLP_new\SRC\firmware\MKSDLP_Alter_Debug\Obj\cpld_utils.o
#        D:\Electronics\Projects\MKS_DLP_new\SRC\firmware\MKSDLP_Alter_Debug\Obj\datetime.o
#        D:\Electronics\Projects\MKS_DLP_new\SRC\firmware\MKSDLP_Alter_Debug\Obj\diskio.o
#        D:\Electronics\Projects\MKS_DLP_new\SRC\firmware\MKSDLP_Alter_Debug\Obj\eeprom.o
#        D:\Electronics\Projects\MKS_DLP_new\SRC\firmware\MKSDLP_Alter_Debug\Obj\fatfs.o
#        D:\Electronics\Projects\MKS_DLP_new\SRC\firmware\MKSDLP_Alter_Debug\Obj\ff.o
#        D:\Electronics\Projects\MKS_DLP_new\SRC\firmware\MKSDLP_Alter_Debug\Obj\ff_gen_drv.o
#        D:\Electronics\Projects\MKS_DLP_new\SRC\firmware\MKSDLP_Alter_Debug\Obj\ffsystem.o
#        D:\Electronics\Projects\MKS_DLP_new\SRC\firmware\MKSDLP_Alter_Debug\Obj\ffunicode.o
#        D:\Electronics\Projects\MKS_DLP_new\SRC\firmware\MKSDLP_Alter_Debug\Obj\files_pws.o
#        D:\Electronics\Projects\MKS_DLP_new\SRC\firmware\MKSDLP_Alter_Debug\Obj\fnt12.o
#        D:\Electronics\Projects\MKS_DLP_new\SRC\firmware\MKSDLP_Alter_Debug\Obj\fnt12bold.o
#        D:\Electronics\Projects\MKS_DLP_new\SRC\firmware\MKSDLP_Alter_Debug\Obj\fnt18.o
#        D:\Electronics\Projects\MKS_DLP_new\SRC\firmware\MKSDLP_Alter_Debug\Obj\fnt18bold.o
#        D:\Electronics\Projects\MKS_DLP_new\SRC\firmware\MKSDLP_Alter_Debug\Obj\fnt24.o
#        D:\Electronics\Projects\MKS_DLP_new\SRC\firmware\MKSDLP_Alter_Debug\Obj\fnt24bold.o
#        D:\Electronics\Projects\MKS_DLP_new\SRC\firmware\MKSDLP_Alter_Debug\Obj\fnt36num.o
#        D:\Electronics\Projects\MKS_DLP_new\SRC\firmware\MKSDLP_Alter_Debug\Obj\fnt36num_lcd.o
#        D:\Electronics\Projects\MKS_DLP_new\SRC\firmware\MKSDLP_Alter_Debug\Obj\fnt48num_lcd.o
#        D:\Electronics\Projects\MKS_DLP_new\SRC\firmware\MKSDLP_Alter_Debug\Obj\fsmc.o
#        D:\Electronics\Projects\MKS_DLP_new\SRC\firmware\MKSDLP_Alter_Debug\Obj\fst_spi.o
#        D:\Electronics\Projects\MKS_DLP_new\SRC\firmware\MKSDLP_Alter_Debug\Obj\gpio.o
#        D:\Electronics\Projects\MKS_DLP_new\SRC\firmware\MKSDLP_Alter_Debug\Obj\languages.o
#        D:\Electronics\Projects\MKS_DLP_new\SRC\firmware\MKSDLP_Alter_Debug\Obj\lcd_low.o
#        D:\Electronics\Projects\MKS_DLP_new\SRC\firmware\MKSDLP_Alter_Debug\Obj\lcd_ui.o
#        D:\Electronics\Projects\MKS_DLP_new\SRC\firmware\MKSDLP_Alter_Debug\Obj\main.o
#        D:\Electronics\Projects\MKS_DLP_new\SRC\firmware\MKSDLP_Alter_Debug\Obj\motor.o
#        D:\Electronics\Projects\MKS_DLP_new\SRC\firmware\MKSDLP_Alter_Debug\Obj\printing.o
#        D:\Electronics\Projects\MKS_DLP_new\SRC\firmware\MKSDLP_Alter_Debug\Obj\prtfiles.o
#        D:\Electronics\Projects\MKS_DLP_new\SRC\firmware\MKSDLP_Alter_Debug\Obj\rtc.o
#        D:\Electronics\Projects\MKS_DLP_new\SRC\firmware\MKSDLP_Alter_Debug\Obj\spi_flash.o
#        D:\Electronics\Projects\MKS_DLP_new\SRC\firmware\MKSDLP_Alter_Debug\Obj\spifl_diskio.o
#        D:\Electronics\Projects\MKS_DLP_new\SRC\firmware\MKSDLP_Alter_Debug\Obj\ssd_utils.o
#        D:\Electronics\Projects\MKS_DLP_new\SRC\firmware\MKSDLP_Alter_Debug\Obj\startup_stm32f407xx.o
#        D:\Electronics\Projects\MKS_DLP_new\SRC\firmware\MKSDLP_Alter_Debug\Obj\stm32f4xx_hal.o
#        D:\Electronics\Projects\MKS_DLP_new\SRC\firmware\MKSDLP_Alter_Debug\Obj\stm32f4xx_hal_cortex.o
#        D:\Electronics\Projects\MKS_DLP_new\SRC\firmware\MKSDLP_Alter_Debug\Obj\stm32f4xx_hal_dma.o
#        D:\Electronics\Projects\MKS_DLP_new\SRC\firmware\MKSDLP_Alter_Debug\Obj\stm32f4xx_hal_dma_ex.o
#        D:\Electronics\Projects\MKS_DLP_new\SRC\firmware\MKSDLP_Alter_Debug\Obj\stm32f4xx_hal_exti.o
#        D:\Electronics\Projects\MKS_DLP_new\SRC\firmware\MKSDLP_Alter_Debug\Obj\stm32f4xx_hal_flash.o
#        D:\Electronics\Projects\MKS_DLP_new\SRC\firmware\MKSDLP_Alter_Debug\Obj\stm32f4xx_hal_flash_ex.o
#        D:\Electronics\Projects\MKS_DLP_new\SRC\firmware\MKSDLP_Alter_Debug\Obj\stm32f4xx_hal_flash_ramfunc.o
#        D:\Electronics\Projects\MKS_DLP_new\SRC\firmware\MKSDLP_Alter_Debug\Obj\stm32f4xx_hal_gpio.o
#        D:\Electronics\Projects\MKS_DLP_new\SRC\firmware\MKSDLP_Alter_Debug\Obj\stm32f4xx_hal_hcd.o
#        D:\Electronics\Projects\MKS_DLP_new\SRC\firmware\MKSDLP_Alter_Debug\Obj\stm32f4xx_hal_i2c.o
#        D:\Electronics\Projects\MKS_DLP_new\SRC\firmware\MKSDLP_Alter_Debug\Obj\stm32f4xx_hal_msp.o
#        D:\Electronics\Projects\MKS_DLP_new\SRC\firmware\MKSDLP_Alter_Debug\Obj\stm32f4xx_hal_pwr.o
#        D:\Electronics\Projects\MKS_DLP_new\SRC\firmware\MKSDLP_Alter_Debug\Obj\stm32f4xx_hal_pwr_ex.o
#        D:\Electronics\Projects\MKS_DLP_new\SRC\firmware\MKSDLP_Alter_Debug\Obj\stm32f4xx_hal_rcc.o
#        D:\Electronics\Projects\MKS_DLP_new\SRC\firmware\MKSDLP_Alter_Debug\Obj\stm32f4xx_hal_rcc_ex.o
#        D:\Electronics\Projects\MKS_DLP_new\SRC\firmware\MKSDLP_Alter_Debug\Obj\stm32f4xx_hal_rtc.o
#        D:\Electronics\Projects\MKS_DLP_new\SRC\firmware\MKSDLP_Alter_Debug\Obj\stm32f4xx_hal_rtc_ex.o
#        D:\Electronics\Projects\MKS_DLP_new\SRC\firmware\MKSDLP_Alter_Debug\Obj\stm32f4xx_hal_spi.o
#        D:\Electronics\Projects\MKS_DLP_new\SRC\firmware\MKSDLP_Alter_Debug\Obj\stm32f4xx_hal_sram.o
#        D:\Electronics\Projects\MKS_DLP_new\SRC\firmware\MKSDLP_Alter_Debug\Obj\stm32f4xx_hal_tim.o
#        D:\Electronics\Projects\MKS_DLP_new\SRC\firmware\MKSDLP_Alter_Debug\Obj\stm32f4xx_hal_tim_ex.o
#        D:\Electronics\Projects\MKS_DLP_new\SRC\firmware\MKSDLP_Alter_Debug\Obj\stm32f4xx_it.o
#        D:\Electronics\Projects\MKS_DLP_new\SRC\firmware\MKSDLP_Alter_Debug\Obj\stm32f4xx_ll_fsmc.o
#        D:\Electronics\Projects\MKS_DLP_new\SRC\firmware\MKSDLP_Alter_Debug\Obj\stm32f4xx_ll_usb.o
#        D:\Electronics\Projects\MKS_DLP_new\SRC\firmware\MKSDLP_Alter_Debug\Obj\sys_timer.o
#        D:\Electronics\Projects\MKS_DLP_new\SRC\firmware\MKSDLP_Alter_Debug\Obj\system_stm32f4xx.o
#        D:\Electronics\Projects\MKS_DLP_new\SRC\firmware\MKSDLP_Alter_Debug\Obj\tgui.o
#        D:\Electronics\Projects\MKS_DLP_new\SRC\firmware\MKSDLP_Alter_Debug\Obj\tgui_defaultfuncs.o
#        D:\Electronics\Projects\MKS_DLP_new\SRC\firmware\MKSDLP_Alter_Debug\Obj\tgui_filesscreenfuncs.o
#        D:\Electronics\Projects\MKS_DLP_new\SRC\firmware\MKSDLP_Alter_Debug\Obj\tgui_fileviewscreenfuncs.o
#        D:\Electronics\Projects\MKS_DLP_new\SRC\firmware\MKSDLP_Alter_Debug\Obj\tgui_infoscreenfuncs.o
#        D:\Electronics\Projects\MKS_DLP_new\SRC\firmware\MKSDLP_Alter_Debug\Obj\tgui_langscreenfuncs.o
#        D:\Electronics\Projects\MKS_DLP_new\SRC\firmware\MKSDLP_Alter_Debug\Obj\tgui_mainscreenfuncs.o
#        D:\Electronics\Projects\MKS_DLP_new\SRC\firmware\MKSDLP_Alter_Debug\Obj\tgui_messagebox.o
#        D:\Electronics\Projects\MKS_DLP_new\SRC\firmware\MKSDLP_Alter_Debug\Obj\tgui_movezscreenfuncs.o
#        D:\Electronics\Projects\MKS_DLP_new\SRC\firmware\MKSDLP_Alter_Debug\Obj\tgui_numenterscreenfuncs.o
#        D:\Electronics\Projects\MKS_DLP_new\SRC\firmware\MKSDLP_Alter_Debug\Obj\tgui_printscreenfuncs.o
#        D:\Electronics\Projects\MKS_DLP_new\SRC\firmware\MKSDLP_Alter_Debug\Obj\tgui_settingsscreenfuncs.o
#        D:\Electronics\Projects\MKS_DLP_new\SRC\firmware\MKSDLP_Alter_Debug\Obj\tim.o
#        D:\Electronics\Projects\MKS_DLP_new\SRC\firmware\MKSDLP_Alter_Debug\Obj\touch.o
#        D:\Electronics\Projects\MKS_DLP_new\SRC\firmware\MKSDLP_Alter_Debug\Obj\unicode_utils.o
#        D:\Electronics\Projects\MKS_DLP_new\SRC\firmware\MKSDLP_Alter_Debug\Obj\usb_host.o
#        D:\Electronics\Projects\MKS_DLP_new\SRC\firmware\MKSDLP_Alter_Debug\Obj\usbh_conf.o
#        D:\Electronics\Projects\MKS_DLP_new\SRC\firmware\MKSDLP_Alter_Debug\Obj\usbh_core.o
#        D:\Electronics\Projects\MKS_DLP_new\SRC\firmware\MKSDLP_Alter_Debug\Obj\usbh_ctlreq.o
#        D:\Electronics\Projects\MKS_DLP_new\SRC\firmware\MKSDLP_Alter_Debug\Obj\usbh_diskio.o
#        D:\Electronics\Projects\MKS_DLP_new\SRC\firmware\MKSDLP_Alter_Debug\Obj\usbh_ioreq.o
#        D:\Electronics\Projects\MKS_DLP_new\SRC\firmware\MKSDLP_Alter_Debug\Obj\usbh_msc.o
#        D:\Electronics\Projects\MKS_DLP_new\SRC\firmware\MKSDLP_Alter_Debug\Obj\usbh_msc_bot.o
#        D:\Electronics\Projects\MKS_DLP_new\SRC\firmware\MKSDLP_Alter_Debug\Obj\usbh_msc_scsi.o
#        D:\Electronics\Projects\MKS_DLP_new\SRC\firmware\MKSDLP_Alter_Debug\Obj\usbh_pipes.o
#        D:\Electronics\Projects\MKS_DLP_new\SRC\firmware\MKSDLP_Alter_Debug\Obj\usbh_platform.o
#        D:\Electronics\Projects\MKS_DLP_new\SRC\firmware\MKSDLP_Alter_Debug\Obj\uvdisplay.o
#        D:\Electronics\Projects\MKS_DLP_new\SRC\firmware\MKSDLP_Alter_Debug\Obj\z_endstops.o
#        D:\Electronics\Projects\MKS_DLP_new\SRC\firmware\MKSDLP_Alter_Debug\Obj\z_planner.o
#        D:\Electronics\Projects\MKS_DLP_new\SRC\firmware\MKSDLP_Alter_Debug\Obj\z_stepper.o
#        --redirect _Printf=_PrintfFull --redirect _Scanf=_ScanfFull
#        --no_out_extension -o
#        D:\Electronics\Projects\MKS_DLP_new\SRC\firmware\MKSDLP_Alter_debug\Exe\MKS_DLP_new.out
#        --map
#        D:\Electronics\Projects\MKS_DLP_new\SRC\firmware\MKSDLP_Alter_debug\List\MKS_DLP_new.map
#        --log libraries,call_graph --log_file
#        D:\Electronics\Projects\MKS_DLP_new\SRC\firmware\MKSDLP_Alter_debug\List\MKS_DLP_new.log
#        --config
#        D:\Electronics\Projects\MKS_DLP_new\SRC\firmware/config/stm32f407xx_flash.icf
#        --semihosting --entry __iar_program_start --merge_duplicate_sections
#        --vfe --text_out locale)
#
###############################################################################

*******************************************************************************
*** RUNTIME MODEL ATTRIBUTES
***

CppFlavor                     = *
__CPP_Exceptions              = Disabled
__CPP_Language                = C++14
__Heap_Handler                = DLMalloc
__SystemLibrary               = DLib
__dlib_dynamic_initialization = normal
__dlib_version                = 6


*******************************************************************************
*** HEAP SELECTION
***

The advanced heap was selected because the application calls memory
allocation functions outside of system library functions, and there
are calls to deallocation functions in the application.


*******************************************************************************
*** PLACEMENT SUMMARY
***

"A0":  place at 0x801'0000 { ro section .intvec };
"P1":  place in [from 0x801'0000 to 0x807'ffff] { ro };
define block CSTACK with size = 16K, alignment = 8 { };
define block HEAP with size = 8K, alignment = 8 { };
"P2":  place in [from 0x2000'0000 to 0x2001'ffff] {
          rw, block CSTACK, block HEAP };
"P3":  place in [from 0x1000'0000 to 0x1000'ffff] { rw section CCMRAM };
initialize by copy { rw };

  Section                Kind         Address     Size  Object
  -------                ----         -------     ----  ------
"A0":                                            0x188
  .intvec                ro code   0x801'0000    0x188  startup_stm32f407xx.o [1]
                                 - 0x801'0188    0x188

"P1":                                          0x2e4d6
  .text                  ro code   0x801'0188   0x436e  tgui.o [1]
  .text                  ro code   0x801'44f6     0x7a  lz77_init_single.o [5]
  .text                  ro code   0x801'4570     0x66  ABImemset.o [5]
  .text                  ro code   0x801'45d6     0x3a  zero_init3.o [5]
  .text                  ro code   0x801'4610    0xb7c  tgui_defaultfuncs.o [1]
  .text                  ro code   0x801'518c     0xa6  ABImemcpy.o [5]
  .text                  ro code   0x801'5232     0x26  xencoding_8859_1.o [2]
  .text                  ro code   0x801'5258     0x44  languages.o [1]
  .text                  ro code   0x801'529c    0x7bc  tgui_messagebox.o [1]
  .text                  ro code   0x801'5a58    0x1f4  sys_timer.o [1]
  .text                  ro code   0x801'5c4c    0x124  datetime.o [1]
  .text                  ro code   0x801'5d70     0x40  sprintf.o [2]
  .text                  ro code   0x801'5db0    0xc8c  lcd_ui.o [1]
  .text                  ro code   0x801'6a3c    0x524  lcd_low.o [1]
  .text                  ro code   0x801'6f60   0x2f74  ff.o [1]
  .text                  ro code   0x801'9ed4    0x404  unicode_utils.o [1]
  .text                  ro code   0x801'a2d8    0x278  touch.o [1]
  .text                  ro code   0x801'a550     0x70  strncpy.o [5]
  .text                  ro code   0x801'a5c0    0x444  stm32f4xx_hal_rtc.o [1]
  .text                  ro code   0x801'aa04    0xf46  xprintffull.o [2]
  .text                  ro code   0x801'b94a     0x1e  xsscin.o [2]
  .text                  ro code   0x801'b968     0x28  stm32f4xx_hal.o [1]
  .text                  ro code   0x801'b990    0x114  fsmc.o [1]
  .text                  ro code   0x801'baa4    0x484  stm32f4xx_hal_dma.o [1]
  .text                  ro code   0x801'bf28    0x158  stm32f4xx_hal_cortex.o [1]
  .text                  ro code   0x801'c080     0xf0  diskio.o [1]
  .text                  ro code   0x801'c170    0x168  ffunicode.o [1]
  .text                  ro code   0x801'c2d8    0x15c  fatfs.o [1]
  .text                  ro code   0x801'c434    0x59c  fst_spi.o [1]
  .text                  ro code   0x801'c9d0      0xc  stm32f4xx_hal.o [1]
  .text                  ro code   0x801'c9dc    0x104  xlocale_c.o [2]
  .text                  ro code   0x801'cae0     0x16  strchr.o [5]
  .text                  ro code   0x801'caf6      0xa  xsprout.o [2]
  .text                  ro code   0x801'cb00     0x40  xfail_s.o [2]
  .text                  ro code   0x801'cb40     0x36  strlen.o [5]
  .rodata                const     0x801'cb76      0x2  languages.o [1]
  .text                  ro code   0x801'cb78     0x58  memchr.o [5]
  .text                  ro code   0x801'cbd0      0xa  xmbcurmax.o [2]
  .rodata                const     0x801'cbda      0x2  languages.o [1]
  .text                  ro code   0x801'cbdc    0x230  I64DivMod.o [5]
  .text                  ro code   0x801'ce0c    0x1a2  DblMul.o [4]
  .rodata                const     0x801'cfae      0x1  unwind_debug.o [6]
  .text                  ro code   0x801'cfb0     0x70  frexp.o [4]
  .text                  ro code   0x801'd020     0x2e  DblCmpLe.o [4]
  .text                  ro code   0x801'd050     0x2e  DblCmpGe.o [4]
  .text                  ro code   0x801'd080    0x13a  ldexp.o [4]
  .text                  ro code   0x801'd1bc     0x3a  DblToS32.o [4]
  .text                  ro code   0x801'd1f8     0x22  S32ToDbl.o [4]
  .text                  ro code   0x801'd21c     0xe2  DblSub.o [4]
  .text                  ro code   0x801'd300    0x246  DblDiv.o [4]
  .text                  ro code   0x801'd548     0x28  DblToU32.o [4]
  .text                  ro code   0x801'd570     0x1a  U32ToDbl.o [4]
  .text                  ro code   0x801'd58c      0x6  ABImemclr4.o [5]
  .text                  ro code   0x801'd594     0x5c  stm32f4xx_hal_sram.o [1]
  .text                  ro code   0x801'd5f0   0x1276  main.o [1]
  .text                  ro code   0x801'e868    0x2a2  stm32f4xx_hal_gpio.o [1]
  .text                  ro code   0x801'eb0c     0x60  ff_gen_drv.o [1]
  .text                  ro code   0x801'eb6c    0x7be  stm32f4xx_hal_spi.o [1]
  .text                  ro code   0x801'f32a      0x6  abort.o [2]
  .text                  ro code   0x801'f330      0x2  stm32f4xx_hal_spi.o [1]
  .text                  ro code   0x801'f334    0x17a  DblAdd.o [4]
  .text                  ro code   0x801'f4b0     0x32  ABImemset48.o [5]
  .text                  ro code   0x801'f4e4     0xec  stm32f4xx_ll_fsmc.o [1]
  .text                  ro code   0x801'f5d0     0x34  stm32f4xx_hal.o [1]
  .text                  ro code   0x801'f604    0x2dc  gpio.o [1]
  .text                  ro code   0x801'f8e0    0x328  spi_flash.o [1]
  .text                  ro code   0x801'fc08     0xc8  rtc.o [1]
  .text                  ro code   0x801'fcd0    0x614  eeprom.o [1]
  .text                  ro code   0x802'02e4    0xd24  config.o [1]
  .text                  ro code   0x802'1008    0x308  motor.o [1]
  .text                  ro code   0x802'1310    0x16c  uvdisplay.o [1]
  .text                  ro code   0x802'147c     0x28  usbh_platform.o [1]
  .text                  ro code   0x802'14a4     0x8c  usb_host.o [1]
  .text                  ro code   0x802'1530     0x12  strcmp.o [5]
  .text                  ro code   0x802'1544     0x48  FltToDbl.o [4]
  .text                  ro code   0x802'158c     0x68  DblToFlt.o [4]
  .text                  ro code   0x802'15f4    0x15c  printing.o [1]
  .text                  ro code   0x802'1750    0x540  tgui_movezscreenfuncs.o [1]
  .text                  ro code   0x802'1c90    0x3b0  prtfiles.o [1]
  .text                  ro code   0x802'2040    0x3dc  stm32f4xx_hal_rcc.o [1]
  .text                  ro code   0x802'241c    0x214  stm32f4xx_hal_rcc.o [1]
  .text                  ro code   0x802'2630    0x160  stm32f4xx_hal_rcc_ex.o [1]
  .text                  ro code   0x802'2790     0x14  exit.o [6]
  .text                  ro code   0x802'27a4     0x4c  stm32f4xx_hal.o [1]
  .text                  ro code   0x802'27f0     0x40  stm32f4xx_hal_msp.o [1]
  .text                  ro code   0x802'2830     0x20  spi_flash.o [1]
  .text                  ro code   0x802'2850    0x1ee  stm32f4xx_hal_i2c.o [1]
  .text                  ro code   0x802'2a40      0xe  math_wrappers64.o [4]
  .text                  ro code   0x802'2a50    0x152  iar_Stoulx.o [2]
  .text                  ro code   0x802'2ba4     0xe4  z_endstops.o [1]
  .text                  ro code   0x802'2c88    0xf38  z_planner.o [1]
  .text                  ro code   0x802'3bc0    0x5d0  z_stepper.o [1]
  .text                  ro code   0x802'4190    0x1e8  tim.o [1]
  .text                  ro code   0x802'4378    0x7a2  stm32f4xx_hal_tim.o [1]
  .text                  ro code   0x802'4b1c     0x14  motor.o [1]
  .text                  ro code   0x802'4b30      0xc  z_endstops.o [1]
  .text                  ro code   0x802'4b3c     0x18  z_endstops.o [1]
  .text                  ro code   0x802'4b54     0x20  z_stepper.o [1]
  .text                  ro code   0x802'4b74     0x20  motor.o [1]
  .text                  ro code   0x802'4b94    0x2fa  cpld_utils.o [1]
  .text                  ro code   0x802'4e90    0x5f8  ssd_utils.o [1]
  .text                  ro code   0x802'5488    0x7f4  usbh_core.o [1]
  .text                  ro code   0x802'5c7c    0x538  files_pws.o [1]
  .text                  ro code   0x802'61b4     0x1e  sqrtf.o [4]
  .text                  ro code   0x802'61d4    0x51c  strto64.o [4]
  .text                  ro code   0x802'66f0     0x14  isspace.o [2]
  .text                  ro code   0x802'6704     0x14  tolower.o [2]
  .text                  ro code   0x802'6718     0x18  z_stepper.o [1]
  .text                  ro code   0x802'6730     0x24  z_planner.o [1]
  .text                  ro code   0x802'6754     0x18  z_planner.o [1]
  .text                  ro code   0x802'676c      0x8  z_stepper.o [1]
  .text                  ro code   0x802'6774     0x3c  ceilf.o [4]
  .text                  ro code   0x802'67b0     0xb8  z_planner.o [1]
  .text                  ro code   0x802'6868     0x3c  floorf.o [4]
  .text                  ro code   0x802'68a4     0xc8  z_planner.o [1]
  .text                  ro code   0x802'696c     0x12  z_planner.o [1]
  .text                  ro code   0x802'697e      0x8  z_planner.o [1]
  .text                  ro code   0x802'6988     0x20  z_stepper.o [1]
  .text                  ro code   0x802'69a8     0x10  z_stepper.o [1]
  .text                  ro code   0x802'69b8      0xc  z_stepper.o [1]
  .text                  ro code   0x802'69c4     0x38  z_planner.o [1]
  .text                  ro code   0x802'69fc     0x18  z_planner.o [1]
  .text                  ro code   0x802'6a14     0x2e  lroundf.o [4]
  .text                  ro code   0x802'6a44     0x1c  z_stepper.o [1]
  .text                  ro code   0x802'6a60     0x30  z_stepper.o [1]
  .text                  ro code   0x802'6a90     0xac  stm32f4xx_hal_tim_ex.o [1]
  .text                  ro code   0x802'6b3c     0x4a  cpld_utils.o [1]
  .text                  ro code   0x802'6b88    0x3a0  usbh_conf.o [1]
  .text                  ro code   0x802'6f28     0xe0  usbh_pipes.o [1]
  .text                  ro code   0x802'7008    0x642  usbh_ctlreq.o [1]
  .text                  ro code   0x802'764a    0x122  iar_Stopfx.o [2]
  .text                  ro code   0x802'776c    0x1c4  iar_Stoflt.o [2]
  .text                  ro code   0x802'7930    0x21c  iar_Stoxflt.o [2]
  .text                  ro code   0x802'7b4c     0x10  z_stepper.o [1]
  .text                  ro code   0x802'7b5c      0xe  z_planner.o [1]
  .text                  ro code   0x802'7b6c     0x1c  z_stepper.o [1]
  .text                  ro code   0x802'7b88   0x10d2  stm32f4xx_hal_hcd.o [1]
  .text                  ro code   0x802'8c5a    0x10e  usbh_ioreq.o [1]
  .text                  ro code   0x802'8d68     0x14  isalpha.o [2]
  .text                  ro code   0x802'8d7c    0xa8c  stm32f4xx_ll_usb.o [1]
  .rodata                const     0x802'9808   0x2094  fnt24bold.o [1]
  .rodata                const     0x802'b89c   0x1a1c  fnt24.o [1]
  .rodata                const     0x802'd2b8   0x1770  uvdisplay.o [1]
  .text                  ro code   0x802'ea28   0x14e0  dlmalloc.o [2]
  .text                  ro code   0x802'ff08     0x2c  xgetmemchunk.o [2]
  .rodata                const     0x802'ff34   0x12c0  uvdisplay.o [1]
  .rodata                const     0x803'11f4   0x10c8  fnt18bold.o [1]
  .text                  ro code   0x803'22bc   0x1000  tgui_filesscreenfuncs.o [1]
  .text                  ro code   0x803'32bc     0x18  strcpy.o [5]
  .text                  ro code   0x803'32d4     0x1e  strcat.o [2]
  .text                  ro code   0x803'32f4    0xb98  tgui_fileviewscreenfuncs.o [1]
  .rodata                const     0x803'3e8c    0xea4  fnt18.o [1]
  .text                  ro code   0x803'4d30    0xe58  xscanffull.o [2]
  .text                  ro code   0x803'5b88     0x3c  wctob.o [2]
  .text                  ro code   0x803'5bc4     0x9e  iar_Stollx.o [2]
  .text                  ro code   0x803'5c64    0x1b2  iar_Stoullx.o [2]
  .rodata                const     0x803'5e18    0xbcc  fnt48num_lcd.o [1]
  .text                  ro code   0x803'69e4    0x9dc  tgui_printscreenfuncs.o [1]
  .text                  ro code   0x803'73c0    0x9ae  usbh_msc.o [1]
  .text                  ro code   0x803'7d70    0x43c  usbh_msc_bot.o [1]
  .text                  ro code   0x803'81ac      0x4  heaptramp0.o [2]
  .text                  ro code   0x803'81b0    0x490  usbh_msc_scsi.o [1]
  .rodata                const     0x803'8640    0x788  fnt12bold.o [1]
  .rodata                const     0x803'8dc8    0x6b4  fnt12.o [1]
  .rodata                const     0x803'947c    0x684  fnt36num.o [1]
  .rodata                const     0x803'9b00    0x66c  fnt36num_lcd.o [1]
  .text                  ro code   0x803'a16c    0x648  tgui_numenterscreenfuncs.o [1]
  .text                  ro code   0x803'a7b4     0x28  sscanf.o [2]
  .text                  ro code   0x803'a7dc    0x488  tgui_infoscreenfuncs.o [1]
  .text                  ro code   0x803'ac64    0x26c  tgui_settingsscreenfuncs.o [1]
  .rodata                const     0x803'aed0    0x1f4  ffunicode.o [1]
  .rodata                const     0x803'b0c4    0x198  languages.o [1]
  .rodata                const     0x803'b25c    0x198  languages.o [1]
  .text                  ro code   0x803'b3f4    0x170  usbh_diskio.o [1]
  .text                  ro code   0x803'b564    0x154  spifl_diskio.o [1]
  .rodata                const     0x803'b6b8    0x140  fnt12.o [1]
  .rodata                const     0x803'b7f8    0x140  fnt12bold.o [1]
  .rodata                const     0x803'b938    0x140  fnt18.o [1]
  .rodata                const     0x803'ba78    0x140  fnt18bold.o [1]
  .rodata                const     0x803'bbb8    0x140  fnt24.o [1]
  .rodata                const     0x803'bcf8    0x140  fnt24bold.o [1]
  .rodata                const     0x803'be38    0x100  ffunicode.o [1]
  .rodata                const     0x803'bf38     0xc8  languages.o [1]
  .rodata                const     0x803'c000     0xbc  ffunicode.o [1]
  .rodata                const     0x803'c0bc     0x9c  languages.o [1]
  .text                  ro code   0x803'c158     0x9c  stm32f4xx_it.o [1]
  .rodata                const     0x803'c1f4     0x80  ff.o [1]
  .rodata                const     0x803'c274     0x78  languages.o [1]
  .rodata                const     0x803'c2ec     0x74  languages.o [1]
  .rodata                const     0x803'c360     0x74  languages.o [1]
  .rodata                const     0x803'c3d4     0x70  languages.o [1]
  .rodata                const     0x803'c444     0x70  languages.o [1]
  .rodata                const     0x803'c4b4     0x68  languages.o [1]
  .rodata                const     0x803'c51c     0x68  languages.o [1]
  .rodata                const     0x803'c584     0x68  languages.o [1]
  .rodata                const     0x803'c5ec     0x54  languages.o [1]
  .rodata                const     0x803'c640     0x54  languages.o [1]
  .rodata                const     0x803'c694     0x50  iar_Stoulx.o [2]
  .rodata                const     0x803'c6e4     0x50  iar_Stoullx.o [2]
  .rodata                const     0x803'c734     0x4c  languages.o [1]
  .rodata                const     0x803'c780     0x4c  xscanffull.o [2]
  .rodata                const     0x803'c7cc     0x48  languages.o [1]
  .rodata                const     0x803'c814     0x44  languages.o [1]
  .rodata                const     0x803'c858     0x48  strto64.o [4]
  .rodata                const     0x803'c8a0     0x40  languages.o [1]
  .rodata                const     0x803'c8e0     0x3c  languages.o [1]
  .rodata                const     0x803'c91c     0x3c  languages.o [1]
  .rodata                const     0x803'c958     0x3c  languages.o [1]
  .rodata                const     0x803'c994     0x3c  languages.o [1]
  .rodata                const     0x803'c9d0     0x3c  languages.o [1]
  .rodata                const     0x803'ca0c     0x38  fnt36num.o [1]
  .rodata                const     0x803'ca44     0x38  fnt36num_lcd.o [1]
  .rodata                const     0x803'ca7c     0x38  fnt48num_lcd.o [1]
  .rodata                const     0x803'cab4     0x38  languages.o [1]
  .rodata                const     0x803'caec     0x38  languages.o [1]
  .rodata                const     0x803'cb24     0x38  main.o [1]
  .rodata                const     0x803'cb5c     0x34  languages.o [1]
  .rodata                const     0x803'cb90     0x34  languages.o [1]
  .rodata                const     0x803'cbc4     0x34  main.o [1]
  .rodata                const     0x803'cbf8     0x34  main.o [1]
  .rodata                const     0x803'cc2c     0x30  languages.o [1]
  .rodata                const     0x803'cc5c     0x30  languages.o [1]
  .rodata                const     0x803'cc8c     0x30  languages.o [1]
  .rodata                const     0x803'ccbc     0x30  languages.o [1]
  .rodata                const     0x803'ccec     0x30  main.o [1]
  .rodata                const     0x803'cd1c     0x30  main.o [1]
  .rodata                const     0x803'cd4c     0x30  main.o [1]
  .rodata                const     0x803'cd7c     0x2c  languages.o [1]
  .rodata                const     0x803'cda8     0x2c  languages.o [1]
  .rodata                const     0x803'cdd4     0x2c  languages.o [1]
  .rodata                const     0x803'ce00     0x2c  main.o [1]
  .rodata                const     0x803'ce2c     0x2c  main.o [1]
  .rodata                const     0x803'ce58     0x28  languages.o [1]
  .rodata                const     0x803'ce80     0x28  languages.o [1]
  .rodata                const     0x803'cea8     0x28  main.o [1]
  .rodata                const     0x803'ced0     0x28  xscanffull.o [2]
  .text                  ro code   0x803'cef8     0x28  data_init.o [5]
  .rodata                const     0x803'cf20     0x24  languages.o [1]
  .rodata                const     0x803'cf44     0x24  languages.o [1]
  .rodata                const     0x803'cf68     0x24  languages.o [1]
  .rodata                const     0x803'cf8c     0x24  main.o [1]
  .rodata                const     0x803'cfb0     0x24  tgui_infoscreenfuncs.o [1]
  .text                  ro code   0x803'cfd4     0x24  tgui_langscreenfuncs.o [1]
  .text                  ro code   0x803'cff8     0x22  fpinit_M.o [4]
  .iar.init_table        const     0x803'd01c     0x24  - Linker created -
  .rodata                const     0x803'd040     0x20  languages.o [1]
  .rodata                const     0x803'd060     0x20  languages.o [1]
  .rodata                const     0x803'd080     0x20  languages.o [1]
  .rodata                const     0x803'd0a0     0x20  languages.o [1]
  .rodata                const     0x803'd0c0     0x20  languages.o [1]
  .rodata                const     0x803'd0e0     0x20  languages.o [1]
  .rodata                const     0x803'd100     0x20  languages.o [1]
  .rodata                const     0x803'd120     0x20  main.o [1]
  .rodata                const     0x803'd140     0x20  tgui.o [1]
  .rodata                const     0x803'd160     0x20  tgui.o [1]
  .rodata                const     0x803'd180     0x20  tgui.o [1]
  .rodata                const     0x803'd1a0     0x20  tgui.o [1]
  .rodata                const     0x803'd1c0     0x20  tgui.o [1]
  .rodata                const     0x803'd1e0     0x20  tgui_printscreenfuncs.o [1]
  .text                  ro code   0x803'd200     0x20  system_stm32f4xx.o [1]
  .text                  ro code   0x803'd220     0x20  cmain_call_ctors.o [5]
  .text                  ro code   0x803'd240     0x18  cppinit.o [2]
  .text                  ro code   0x803'd258     0x1e  cmain.o [5]
  .text                  ro code   0x803'd276      0x4  low_level_init.o [2]
  .text                  ro code   0x803'd27a      0x4  exit.o [2]
  .text                  ro code   0x803'd280      0xa  cexit.o [5]
  .rodata                const     0x803'd28c     0x1c  languages.o [1]
  .rodata                const     0x803'd2a8     0x1c  languages.o [1]
  .rodata                const     0x803'd2c4     0x1c  languages.o [1]
  .rodata                const     0x803'd2e0     0x1c  languages.o [1]
  .rodata                const     0x803'd2fc     0x1c  languages.o [1]
  .rodata                const     0x803'd318     0x1c  languages.o [1]
  .rodata                const     0x803'd334     0x1c  languages.o [1]
  .rodata                const     0x803'd350     0x1c  languages.o [1]
  .rodata                const     0x803'd36c     0x1c  languages.o [1]
  .rodata                const     0x803'd388     0x1c  tgui.o [1]
  .rodata                const     0x803'd3a4     0x1c  tgui.o [1]
  .rodata                const     0x803'd3c0     0x1c  tgui.o [1]
  .rodata                const     0x803'd3dc     0x1c  tgui.o [1]
  .rodata                const     0x803'd3f8     0x1c  tgui.o [1]
  .rodata                const     0x803'd414     0x1c  tgui.o [1]
  .rodata                const     0x803'd430     0x1c  tgui.o [1]
  .rodata                const     0x803'd44c     0x1c  tgui.o [1]
  .rodata                const     0x803'd468     0x1c  tgui.o [1]
  .rodata                const     0x803'd484     0x1c  tgui.o [1]
  .rodata                const     0x803'd4a0     0x1c  tgui.o [1]
  .rodata                const     0x803'd4bc     0x1c  tgui.o [1]
  .rodata                const     0x803'd4d8     0x1c  tgui.o [1]
  .rodata                const     0x803'd4f4     0x1c  tgui.o [1]
  .rodata                const     0x803'd510     0x1c  tgui.o [1]
  .rodata                const     0x803'd52c     0x1c  tgui.o [1]
  .rodata                const     0x803'd548     0x1c  tgui.o [1]
  .rodata                const     0x803'd564     0x1c  tgui.o [1]
  .rodata                const     0x803'd580     0x1c  tgui.o [1]
  .rodata                const     0x803'd59c     0x1c  tgui.o [1]
  .rodata                const     0x803'd5b8     0x1c  tgui.o [1]
  .rodata                const     0x803'd5d4     0x1c  tgui.o [1]
  .rodata                const     0x803'd5f0     0x1c  tgui.o [1]
  .rodata                const     0x803'd60c     0x1c  tgui.o [1]
  .rodata                const     0x803'd628     0x1c  tgui.o [1]
  .rodata                const     0x803'd644     0x1c  tgui_fileviewscreenfuncs.o [1]
  .rodata                const     0x803'd660     0x1c  tgui_infoscreenfuncs.o [1]
  .rodata                const     0x803'd67c     0x18  config.o [1]
  .rodata                const     0x803'd694     0x18  config.o [1]
  .rodata                const     0x803'd6ac     0x18  config.o [1]
  .rodata                const     0x803'd6c4     0x18  config.o [1]
  .rodata                const     0x803'd6dc     0x18  datetime.o [1]
  .rodata                const     0x803'd6f4     0x18  datetime.o [1]
  .rodata                const     0x803'd70c     0x18  languages.o [1]
  .rodata                const     0x803'd724     0x18  languages.o [1]
  .rodata                const     0x803'd73c     0x18  languages.o [1]
  .rodata                const     0x803'd754     0x18  languages.o [1]
  .rodata                const     0x803'd76c     0x18  languages.o [1]
  .rodata                const     0x803'd784     0x18  languages.o [1]
  .rodata                const     0x803'd79c     0x18  main.o [1]
  .rodata                const     0x803'd7b4     0x18  main.o [1]
  .rodata                const     0x803'd7cc     0x18  main.o [1]
  .rodata                const     0x803'd7e4     0x18  tgui.o [1]
  .rodata                const     0x803'd7fc     0x18  tgui.o [1]
  .rodata                const     0x803'd814     0x18  tgui.o [1]
  .rodata                const     0x803'd82c     0x18  tgui.o [1]
  .rodata                const     0x803'd844     0x18  tgui.o [1]
  .rodata                const     0x803'd85c     0x18  tgui.o [1]
  .rodata                const     0x803'd874     0x18  tgui.o [1]
  .rodata                const     0x803'd88c     0x18  tgui.o [1]
  .rodata                const     0x803'd8a4     0x18  tgui.o [1]
  .rodata                const     0x803'd8bc     0x18  tgui.o [1]
  .rodata                const     0x803'd8d4     0x18  tgui.o [1]
  .rodata                const     0x803'd8ec     0x18  tgui.o [1]
  .rodata                const     0x803'd904     0x18  tgui.o [1]
  .rodata                const     0x803'd91c     0x18  tgui.o [1]
  .rodata                const     0x803'd934     0x18  tgui.o [1]
  .rodata                const     0x803'd94c     0x18  tgui.o [1]
  .rodata                const     0x803'd964     0x18  tgui.o [1]
  .rodata                const     0x803'd97c     0x18  tgui.o [1]
  .rodata                const     0x803'd994     0x18  tgui.o [1]
  .rodata                const     0x803'd9ac     0x18  tgui_filesscreenfuncs.o [1]
  .rodata                const     0x803'd9c4     0x18  tgui_filesscreenfuncs.o [1]
  .rodata                const     0x803'd9dc     0x14  config.o [1]
  .rodata                const     0x803'd9f0     0x14  config.o [1]
  .rodata                const     0x803'da04     0x14  ff.o [1]
  .rodata                const     0x803'da18     0x14  ff.o [1]
  .rodata                const     0x803'da2c     0x14  languages.o [1]
  .rodata                const     0x803'da40     0x14  languages.o [1]
  .rodata                const     0x803'da54     0x14  languages.o [1]
  .rodata                const     0x803'da68     0x14  languages.o [1]
  .rodata                const     0x803'da7c     0x14  languages.o [1]
  .rodata                const     0x803'da90     0x14  languages.o [1]
  .rodata                const     0x803'daa4     0x14  languages.o [1]
  .rodata                const     0x803'dab8     0x14  languages.o [1]
  .rodata                const     0x803'dacc     0x14  languages.o [1]
  .rodata                const     0x803'dae0     0x14  spifl_diskio.o [1]
  .rodata                const     0x803'daf4     0x14  tgui.o [1]
  .rodata                const     0x803'db08     0x14  tgui.o [1]
  .rodata                const     0x803'db1c     0x14  tgui.o [1]
  .rodata                const     0x803'db30     0x14  tgui.o [1]
  .rodata                const     0x803'db44     0x14  tgui.o [1]
  .rodata                const     0x803'db58     0x14  tgui.o [1]
  .rodata                const     0x803'db6c     0x14  tgui_filesscreenfuncs.o [1]
  .rodata                const     0x803'db80     0x14  tgui_filesscreenfuncs.o [1]
  .rodata                const     0x803'db94     0x14  tgui_infoscreenfuncs.o [1]
  .rodata                const     0x803'dba8     0x14  usbh_diskio.o [1]
  .rodata                const     0x803'dbbc     0x10  config.o [1]
  .rodata                const     0x803'dbcc     0x10  config.o [1]
  .rodata                const     0x803'dbdc     0x10  config.o [1]
  .rodata                const     0x803'dbec     0x10  config.o [1]
  .rodata                const     0x803'dbfc     0x10  config.o [1]
  .rodata                const     0x803'dc0c     0x10  ff.o [1]
  .rodata                const     0x803'dc1c     0x10  ff.o [1]
  .rodata                const     0x803'dc2c     0x10  ff.o [1]
  .rodata                const     0x803'dc3c     0x10  ff.o [1]
  .rodata                const     0x803'dc4c     0x10  languages.o [1]
  .rodata                const     0x803'dc5c     0x10  languages.o [1]
  .rodata                const     0x803'dc6c     0x10  languages.o [1]
  .rodata                const     0x803'dc7c     0x10  languages.o [1]
  .rodata                const     0x803'dc8c     0x10  languages.o [1]
  .rodata                const     0x803'dc9c     0x10  languages.o [1]
  .rodata                const     0x803'dcac     0x10  languages.o [1]
  .rodata                const     0x803'dcbc     0x10  languages.o [1]
  .rodata                const     0x803'dccc     0x10  languages.o [1]
  .rodata                const     0x803'dcdc     0x10  languages.o [1]
  .rodata                const     0x803'dcec     0x10  languages.o [1]
  .rodata                const     0x803'dcfc     0x10  languages.o [1]
  .rodata                const     0x803'dd0c     0x10  languages.o [1]
  .rodata                const     0x803'dd1c     0x10  languages.o [1]
  .rodata                const     0x803'dd2c     0x10  languages.o [1]
  .rodata                const     0x803'dd3c     0x10  languages.o [1]
  .rodata                const     0x803'dd4c     0x10  languages.o [1]
  .rodata                const     0x803'dd5c     0x10  languages.o [1]
  .rodata                const     0x803'dd6c     0x10  languages.o [1]
  .rodata                const     0x803'dd7c     0x10  main.o [1]
  .rodata                const     0x803'dd8c     0x10  main.o [1]
  .rodata                const     0x803'dd9c     0x10  system_stm32f4xx.o [1]
  .rodata                const     0x803'ddac     0x10  tgui.o [1]
  .rodata                const     0x803'ddbc     0x10  tgui.o [1]
  .rodata                const     0x803'ddcc     0x10  tgui.o [1]
  .rodata                const     0x803'dddc     0x10  tgui.o [1]
  .rodata                const     0x803'ddec     0x10  tgui.o [1]
  .rodata                const     0x803'ddfc     0x10  tgui.o [1]
  .rodata                const     0x803'de0c     0x10  tgui_defaultfuncs.o [1]
  .text                  ro code   0x803'de1c     0x10  startup_stm32f407xx.o [1]
  .rodata                const     0x803'de2c      0xc  config.o [1]
  .rodata                const     0x803'de38      0xc  config.o [1]
  .rodata                const     0x803'de44      0xc  config.o [1]
  .rodata                const     0x803'de50      0xc  config.o [1]
  .rodata                const     0x803'de5c      0xc  config.o [1]
  .rodata                const     0x803'de68      0xc  config.o [1]
  .rodata                const     0x803'de74      0xc  ff.o [1]
  .rodata                const     0x803'de80      0xc  ff.o [1]
  .rodata                const     0x803'de8c      0xc  files_pws.o [1]
  .rodata                const     0x803'de98      0xc  files_pws.o [1]
  .rodata                const     0x803'dea4      0xc  languages.o [1]
  .rodata                const     0x803'deb0      0xc  languages.o [1]
  .rodata                const     0x803'debc      0xc  languages.o [1]
  .rodata                const     0x803'dec8      0xc  languages.o [1]
  .rodata                const     0x803'ded4      0xc  languages.o [1]
  .rodata                const     0x803'dee0      0xc  languages.o [1]
  .rodata                const     0x803'deec      0xc  languages.o [1]
  .rodata                const     0x803'def8      0xc  languages.o [1]
  .rodata                const     0x803'df04      0xc  languages.o [1]
  .rodata                const     0x803'df10      0xc  languages.o [1]
  .rodata                const     0x803'df1c      0xc  languages.o [1]
  .rodata                const     0x803'df28      0xc  languages.o [1]
  .rodata                const     0x803'df34      0xc  languages.o [1]
  .rodata                const     0x803'df40      0xc  languages.o [1]
  .rodata                const     0x803'df4c      0xc  languages.o [1]
  .rodata                const     0x803'df58      0xc  languages.o [1]
  .rodata                const     0x803'df64      0xc  languages.o [1]
  .rodata                const     0x803'df70      0xc  languages.o [1]
  .rodata                const     0x803'df7c      0xc  languages.o [1]
  .rodata                const     0x803'df88      0xc  languages.o [1]
  .rodata                const     0x803'df94      0xc  languages.o [1]
  .rodata                const     0x803'dfa0      0xc  languages.o [1]
  .rodata                const     0x803'dfac      0xc  languages.o [1]
  .rodata                const     0x803'dfb8      0xc  languages.o [1]
  .rodata                const     0x803'dfc4      0xc  languages.o [1]
  .rodata                const     0x803'dfd0      0xc  languages.o [1]
  .rodata                const     0x803'dfdc      0xc  languages.o [1]
  .rodata                const     0x803'dfe8      0xc  languages.o [1]
  .rodata                const     0x803'dff4      0xc  languages.o [1]
  .rodata                const     0x803'e000      0xc  languages.o [1]
  .rodata                const     0x803'e00c      0xc  languages.o [1]
  .rodata                const     0x803'e018      0xc  languages.o [1]
  .rodata                const     0x803'e024      0xc  main.o [1]
  .rodata                const     0x803'e030      0xc  main.o [1]
  .rodata                const     0x803'e03c      0xc  tgui.o [1]
  .rodata                const     0x803'e048      0xc  tgui_fileviewscreenfuncs.o [1]
  .rodata                const     0x803'e054      0xc  tgui_fileviewscreenfuncs.o [1]
  .rodata                const     0x803'e060      0xc  tgui_fileviewscreenfuncs.o [1]
  .rodata                const     0x803'e06c      0xc  tgui_fileviewscreenfuncs.o [1]
  .text                  ro code   0x803'e078      0xc  cstartup_M.o [5]
  .rodata                const     0x803'e084      0x8  config.o [1]
  .rodata                const     0x803'e08c      0x8  config.o [1]
  .rodata                const     0x803'e094      0x8  ff.o [1]
  .rodata                const     0x803'e09c      0x8  ff.o [1]
  .rodata                const     0x803'e0a4      0x8  files_pws.o [1]
  .rodata                const     0x803'e0ac      0x8  files_pws.o [1]
  .rodata                const     0x803'e0b4      0x8  languages.o [1]
  .rodata                const     0x803'e0bc      0x8  languages.o [1]
  .rodata                const     0x803'e0c4      0x8  languages.o [1]
  .rodata                const     0x803'e0cc      0x8  languages.o [1]
  .rodata                const     0x803'e0d4      0x8  languages.o [1]
  .rodata                const     0x803'e0dc      0x8  languages.o [1]
  .rodata                const     0x803'e0e4      0x8  languages.o [1]
  .rodata                const     0x803'e0ec      0x8  languages.o [1]
  .rodata                const     0x803'e0f4      0x8  languages.o [1]
  .rodata                const     0x803'e0fc      0x8  languages.o [1]
  .rodata                const     0x803'e104      0x8  languages.o [1]
  .rodata                const     0x803'e10c      0x8  languages.o [1]
  .rodata                const     0x803'e114      0x8  languages.o [1]
  .rodata                const     0x803'e11c      0x8  languages.o [1]
  .rodata                const     0x803'e124      0x8  languages.o [1]
  .rodata                const     0x803'e12c      0x8  languages.o [1]
  .rodata                const     0x803'e134      0x8  languages.o [1]
  .rodata                const     0x803'e13c      0x8  languages.o [1]
  .rodata                const     0x803'e144      0x8  languages.o [1]
  .rodata                const     0x803'e14c      0x8  languages.o [1]
  .rodata                const     0x803'e154      0x8  languages.o [1]
  .rodata                const     0x803'e15c      0x8  languages.o [1]
  .rodata                const     0x803'e164      0x8  languages.o [1]
  .rodata                const     0x803'e16c      0x8  languages.o [1]
  .rodata                const     0x803'e174      0x8  languages.o [1]
  .rodata                const     0x803'e17c      0x8  languages.o [1]
  .rodata                const     0x803'e184      0x8  languages.o [1]
  .rodata                const     0x803'e18c      0x8  languages.o [1]
  .rodata                const     0x803'e194      0x8  languages.o [1]
  .rodata                const     0x803'e19c      0x8  languages.o [1]
  .rodata                const     0x803'e1a4      0x8  languages.o [1]
  .rodata                const     0x803'e1ac      0x8  languages.o [1]
  .rodata                const     0x803'e1b4      0x8  languages.o [1]
  .rodata                const     0x803'e1bc      0x8  languages.o [1]
  .rodata                const     0x803'e1c4      0x8  languages.o [1]
  .rodata                const     0x803'e1cc      0x8  languages.o [1]
  .rodata                const     0x803'e1d4      0x8  languages.o [1]
  .rodata                const     0x803'e1dc      0x8  languages.o [1]
  .rodata                const     0x803'e1e4      0x8  languages.o [1]
  .rodata                const     0x803'e1ec      0x8  languages.o [1]
  .rodata                const     0x803'e1f4      0x8  languages.o [1]
  .rodata                const     0x803'e1fc      0x8  languages.o [1]
  .rodata                const     0x803'e204      0x8  languages.o [1]
  .rodata                const     0x803'e20c      0x8  languages.o [1]
  .rodata                const     0x803'e214      0x8  main.o [1]
  .rodata                const     0x803'e21c      0x8  stm32f4xx_hal_dma.o [1]
  .rodata                const     0x803'e224      0x8  system_stm32f4xx.o [1]
  .rodata                const     0x803'e22c      0x8  tgui.o [1]
  .rodata                const     0x803'e234      0x8  tgui.o [1]
  .rodata                const     0x803'e23c      0x8  tgui.o [1]
  .rodata                const     0x803'e244      0x8  tgui.o [1]
  .rodata                const     0x803'e24c      0x8  tgui.o [1]
  .rodata                const     0x803'e254      0x8  tgui.o [1]
  .rodata                const     0x803'e25c      0x8  tgui.o [1]
  .rodata                const     0x803'e264      0x8  tgui.o [1]
  .rodata                const     0x803'e26c      0x8  tgui.o [1]
  .rodata                const     0x803'e274      0x8  tgui.o [1]
  .rodata                const     0x803'e27c      0x8  tgui.o [1]
  .rodata                const     0x803'e284      0x8  tgui.o [1]
  .rodata                const     0x803'e28c      0x8  tgui.o [1]
  .rodata                const     0x803'e294      0x8  tgui.o [1]
  .rodata                const     0x803'e29c      0x8  tgui.o [1]
  .rodata                const     0x803'e2a4      0x8  tgui.o [1]
  .rodata                const     0x803'e2ac      0x8  tgui.o [1]
  .rodata                const     0x803'e2b4      0x8  tgui.o [1]
  .rodata                const     0x803'e2bc      0x8  tgui.o [1]
  .rodata                const     0x803'e2c4      0x8  tgui.o [1]
  .rodata                const     0x803'e2cc      0x8  tgui.o [1]
  .rodata                const     0x803'e2d4      0x8  tgui.o [1]
  .rodata                const     0x803'e2dc      0x8  tgui.o [1]
  .rodata                const     0x803'e2e4      0x8  tgui.o [1]
  .rodata                const     0x803'e2ec      0x8  tgui.o [1]
  .rodata                const     0x803'e2f4      0x8  tgui.o [1]
  .rodata                const     0x803'e2fc      0x8  tgui.o [1]
  .rodata                const     0x803'e304      0x8  tgui.o [1]
  .rodata                const     0x803'e30c      0x8  tgui.o [1]
  .rodata                const     0x803'e314      0x8  tgui.o [1]
  .rodata                const     0x803'e31c      0x8  tgui.o [1]
  .rodata                const     0x803'e324      0x8  tgui.o [1]
  .rodata                const     0x803'e32c      0x8  tgui.o [1]
  .rodata                const     0x803'e334      0x8  tgui.o [1]
  .rodata                const     0x803'e33c      0x8  tgui.o [1]
  .rodata                const     0x803'e344      0x8  tgui.o [1]
  .rodata                const     0x803'e34c      0x8  tgui.o [1]
  .rodata                const     0x803'e354      0x8  tgui.o [1]
  .rodata                const     0x803'e35c      0x8  tgui.o [1]
  .rodata                const     0x803'e364      0x8  tgui.o [1]
  .rodata                const     0x803'e36c      0x8  tgui.o [1]
  .rodata                const     0x803'e374      0x8  tgui.o [1]
  .rodata                const     0x803'e37c      0x8  tgui.o [1]
  .rodata                const     0x803'e384      0x8  tgui.o [1]
  .rodata                const     0x803'e38c      0x8  tgui.o [1]
  .rodata                const     0x803'e394      0x8  tgui.o [1]
  .rodata                const     0x803'e39c      0x8  tgui.o [1]
  .rodata                const     0x803'e3a4      0x8  tgui.o [1]
  .rodata                const     0x803'e3ac      0x8  tgui.o [1]
  .rodata                const     0x803'e3b4      0x8  tgui.o [1]
  .rodata                const     0x803'e3bc      0x8  tgui.o [1]
  .rodata                const     0x803'e3c4      0x8  tgui.o [1]
  .rodata                const     0x803'e3cc      0x8  tgui.o [1]
  .rodata                const     0x803'e3d4      0x8  tgui.o [1]
  .rodata                const     0x803'e3dc      0x8  tgui.o [1]
  .rodata                const     0x803'e3e4      0x8  tgui.o [1]
  .rodata                const     0x803'e3ec      0x8  tgui.o [1]
  .rodata                const     0x803'e3f4      0x8  tgui.o [1]
  .rodata                const     0x803'e3fc      0x8  tgui.o [1]
  .rodata                const     0x803'e404      0x8  tgui.o [1]
  .rodata                const     0x803'e40c      0x8  tgui.o [1]
  .rodata                const     0x803'e414      0x8  tgui.o [1]
  .rodata                const     0x803'e41c      0x8  tgui.o [1]
  .rodata                const     0x803'e424      0x8  tgui.o [1]
  .rodata                const     0x803'e42c      0x8  tgui.o [1]
  .rodata                const     0x803'e434      0x8  tgui.o [1]
  .rodata                const     0x803'e43c      0x8  tgui.o [1]
  .rodata                const     0x803'e444      0x8  tgui.o [1]
  .rodata                const     0x803'e44c      0x8  tgui.o [1]
  .rodata                const     0x803'e454      0x8  tgui.o [1]
  .rodata                const     0x803'e45c      0x8  tgui.o [1]
  .rodata                const     0x803'e464      0x8  tgui.o [1]
  .rodata                const     0x803'e46c      0x8  tgui.o [1]
  .rodata                const     0x803'e474      0x8  tgui.o [1]
  .rodata                const     0x803'e47c      0x8  tgui.o [1]
  .rodata                const     0x803'e484      0x8  tgui.o [1]
  .rodata                const     0x803'e48c      0x8  tgui.o [1]
  .rodata                const     0x803'e494      0x8  tgui.o [1]
  .rodata                const     0x803'e49c      0x8  tgui_filesscreenfuncs.o [1]
  .rodata                const     0x803'e4a4      0x8  tgui_filesscreenfuncs.o [1]
  .rodata                const     0x803'e4ac      0x8  tgui_infoscreenfuncs.o [1]
  .rodata                const     0x803'e4b4      0x8  tgui_numenterscreenfuncs.o [1]
  .rodata                const     0x803'e4bc      0x8  tgui_printscreenfuncs.o [1]
  .rodata                const     0x803'e4c4      0x8  tgui_printscreenfuncs.o [1]
  .rodata                const     0x803'e4cc      0x8  tgui_settingsscreenfuncs.o [1]
  .rodata                const     0x803'e4d4      0x8  tim.o [1]
  .rodata                const     0x803'e4dc      0x6  xlocale_c.o [2]
  .rodata                const     0x803'e4e4      0x4  languages.o [1]
  .rodata                const     0x803'e4e8      0x4  languages.o [1]
  .rodata                const     0x803'e4ec      0x4  languages.o [1]
  .rodata                const     0x803'e4f0      0x4  languages.o [1]
  .rodata                const     0x803'e4f4      0x4  languages.o [1]
  .rodata                const     0x803'e4f8      0x4  languages.o [1]
  .rodata                const     0x803'e4fc      0x4  languages.o [1]
  .rodata                const     0x803'e500      0x4  languages.o [1]
  .rodata                const     0x803'e504      0x4  languages.o [1]
  .rodata                const     0x803'e508      0x4  languages.o [1]
  .rodata                const     0x803'e50c      0x4  languages.o [1]
  .rodata                const     0x803'e510      0x4  languages.o [1]
  .rodata                const     0x803'e514      0x4  languages.o [1]
  .rodata                const     0x803'e518      0x4  languages.o [1]
  .rodata                const     0x803'e51c      0x4  languages.o [1]
  .rodata                const     0x803'e520      0x4  languages.o [1]
  .rodata                const     0x803'e524      0x4  languages.o [1]
  .rodata                const     0x803'e528      0x4  languages.o [1]
  .rodata                const     0x803'e52c      0x4  languages.o [1]
  .rodata                const     0x803'e530      0x4  languages.o [1]
  .rodata                const     0x803'e534      0x4  languages.o [1]
  .rodata                const     0x803'e538      0x4  languages.o [1]
  .rodata                const     0x803'e53c      0x4  languages.o [1]
  .rodata                const     0x803'e540      0x4  languages.o [1]
  .rodata                const     0x803'e544      0x4  languages.o [1]
  .rodata                const     0x803'e548      0x4  languages.o [1]
  .rodata                const     0x803'e54c      0x4  languages.o [1]
  .rodata                const     0x803'e550      0x4  languages.o [1]
  .rodata                const     0x803'e554      0x4  languages.o [1]
  .rodata                const     0x803'e558      0x4  rtc.o [1]
  .rodata                const     0x803'e55c      0x4  usbh_msc.o [1]
  .text                  ro code   0x803'e560      0x4  startup_stm32f407xx.o [1]
  SHT$$PREINIT_ARRAY               0x803'e564      0x0  <Block>
  SHT$$INIT_ARRAY                  0x803'e564      0x4  <Block>
    .init_array          const     0x803'e564      0x4  z_planner.o [1]
  __iar_tls$$INIT_ARRAY            0x803'e568      0x0  <Block>
  .rodata                const     0x803'e568      0x0  zero_init3.o [5]
  .rodata                const     0x803'e568      0x0  lz77_init_single.o [5]
  Initializer bytes      const     0x803'e568     0xf6  <for P2-1>
                                 - 0x803'e65e  0x2e4d6

"P3":                                           0x7478
  CCMRAM                 uninit   0x1000'0000   0x4000  main.o [1]
  CCMRAM                 uninit   0x1000'4000   0x1028  main.o [1]
  CCMRAM                 uninit   0x1000'5028   0x1028  main.o [1]
  CCMRAM                 uninit   0x1000'6050   0x1028  tgui.o [1]
  CCMRAM                 uninit   0x1000'7078    0x400  tgui.o [1]
                                - 0x1000'7478   0x7478

"P2", part 1 of 3:                               0x33f
  P2-1                            0x2000'0000    0x33f  <Init block>
    .data                inited   0x2000'0000      0xc  fnt12.o [1]
    .data                inited   0x2000'000c      0xc  fnt12bold.o [1]
    .data                inited   0x2000'0018      0xc  fnt18.o [1]
    .data                inited   0x2000'0024      0xc  fnt18bold.o [1]
    .data                inited   0x2000'0030      0xc  fnt24.o [1]
    .data                inited   0x2000'003c      0xc  fnt24bold.o [1]
    .data                inited   0x2000'0048      0xc  fnt36num.o [1]
    .data                inited   0x2000'0054      0xc  fnt36num_lcd.o [1]
    .data                inited   0x2000'0060      0xc  fnt48num_lcd.o [1]
    .data                inited   0x2000'006c     0x10  languages.o [1]
    .data                inited   0x2000'007c      0x4  languages.o [1]
    .data                inited   0x2000'0080      0x4  lcd_ui.o [1]
    .data                inited   0x2000'0084      0x4  stm32f4xx_hal.o [1]
    .data                inited   0x2000'0088      0x4  system_stm32f4xx.o [1]
    .data                inited   0x2000'008c    0x200  tgui_filesscreenfuncs.o [1]
    .data                inited   0x2000'028c      0x4  tgui_movezscreenfuncs.o [1]
    .data                inited   0x2000'0290     0x20  usbh_msc.o [1]
    .data                inited   0x2000'02b0      0x4  z_stepper.o [1]
    .data                inited   0x2000'02b4     0x38  xlocale_c.o [2]
    .data                inited   0x2000'02ec     0x48  xlocale_c.o [2]
    .data                inited   0x2000'0334      0x2  lcd_ui.o [1]
    .data                inited   0x2000'0336      0x2  lcd_ui.o [1]
    .data                inited   0x2000'0338      0x2  lcd_ui.o [1]
    .data                inited   0x2000'033a      0x1  lcd_ui.o [1]
    .data                inited   0x2000'033b      0x1  stm32f4xx_hal.o [1]
    .data                inited   0x2000'033c      0x1  tgui_defaultfuncs.o [1]
    .data                inited   0x2000'033d      0x1  tgui_filesscreenfuncs.o [1]
    .data                inited   0x2000'033e      0x1  z_endstops.o [1]
                                - 0x2000'033f    0x33f

"P2", part 2 of 3:                              0x9490
  .bss                   zero     0x2000'0340   0x1038  fatfs.o [1]
  .bss                   zero     0x2000'1378   0x1038  fatfs.o [1]
  .bss                   zero     0x2000'23b0   0x1000  printing.o [1]
  .bss                   zero     0x2000'33b0    0x830  tgui_filesscreenfuncs.o [1]
  .bss                   zero     0x2000'3be0    0x600  uvdisplay.o [1]
  .bss                   zero     0x2000'41e0    0x594  tgui.o [1]
  .bss                   zero     0x2000'4774    0x498  tgui.o [1]
  .bss                   zero     0x2000'4c0c    0x400  config.o [1]
  .bss                   zero     0x2000'500c    0x400  main.o [1]
  .bss                   zero     0x2000'540c    0x400  main.o [1]
  .bss                   zero     0x2000'580c    0x400  main.o [1]
  .bss                   zero     0x2000'5c0c    0x400  tgui_fileviewscreenfuncs.o [1]
  .bss                   zero     0x2000'600c    0x400  z_planner.o [1]
  .bss                   zero     0x2000'640c    0x3d8  usb_host.o [1]
  .bss                   zero     0x2000'67e4    0x39c  tgui.o [1]
  .bss                   zero     0x2000'6b80    0x348  tgui.o [1]
  .bss                   zero     0x2000'6ec8    0x348  tgui.o [1]
  .bss                   zero     0x2000'7210    0x2c4  usbh_conf.o [1]
  .bss                   zero     0x2000'74d4    0x24c  tgui.o [1]
  .bss                   zero     0x2000'7720    0x224  main.o [1]
  .bss                   zero     0x2000'7944    0x200  config.o [1]
  .bss                   zero     0x2000'7b44    0x200  ff.o [1]
  .bss                   zero     0x2000'7d44    0x200  main.o [1]
  .bss                   zero     0x2000'7f44    0x1f8  tgui.o [1]
  .bss                   zero     0x2000'813c    0x1d8  dlmalloc.o [2]
  .bss                   zero     0x2000'8314    0x1a4  tgui.o [1]
  .bss                   zero     0x2000'84b8    0x1a4  tgui.o [1]
  .bss                   zero     0x2000'865c    0x19c  cpld_utils.o [1]
  .bss                   zero     0x2000'87f8    0x150  tgui.o [1]
  .bss                   zero     0x2000'8948    0x100  sys_timer.o [1]
  .bss                   zero     0x2000'8a48    0x100  tgui_fileviewscreenfuncs.o [1]
  .bss                   zero     0x2000'8b48    0x100  tgui_fileviewscreenfuncs.o [1]
  .bss                   zero     0x2000'8c48     0xfc  tgui.o [1]
  .bss                   zero     0x2000'8d44     0xa8  tgui.o [1]
  .bss                   zero     0x2000'8dec     0x80  fst_spi.o [1]
  .bss                   zero     0x2000'8e6c     0x80  fst_spi.o [1]
  .bss                   zero     0x2000'8eec     0x60  fst_spi.o [1]
  .bss                   zero     0x2000'8f4c     0x60  fst_spi.o [1]
  .bss                   zero     0x2000'8fac     0x60  fst_spi.o [1]
  .bss                   zero     0x2000'900c     0x60  fst_spi.o [1]
  .bss                   zero     0x2000'906c     0x60  fst_spi.o [1]
  .bss                   zero     0x2000'90cc     0x60  lcd_low.o [1]
  .bss                   zero     0x2000'912c     0x54  eeprom.o [1]
  .bss                   zero     0x2000'9180     0x54  files_pws.o [1]
  .bss                   zero     0x2000'91d4     0x50  config.o [1]
  .bss                   zero     0x2000'9224     0x50  fsmc.o [1]
  .bss                   zero     0x2000'9274     0x40  tim.o [1]
  .bss                   zero     0x2000'92b4     0x40  tim.o [1]
  .bss                   zero     0x2000'92f4     0x34  main.o [1]
  .bss                   zero     0x2000'9328     0x30  files_pws.o [1]
  .bss                   zero     0x2000'9358     0x30  tgui.o [1]
  .bss                   zero     0x2000'9388     0x30  tgui.o [1]
  .bss                   zero     0x2000'93b8     0x30  tgui.o [1]
  .bss                   zero     0x2000'93e8     0x30  tgui.o [1]
  .bss                   zero     0x2000'9418     0x30  tgui.o [1]
  .bss                   zero     0x2000'9448     0x30  tgui.o [1]
  .bss                   zero     0x2000'9478     0x30  tgui.o [1]
  .bss                   zero     0x2000'94a8     0x30  tgui.o [1]
  .bss                   zero     0x2000'94d8     0x30  tgui.o [1]
  .bss                   zero     0x2000'9508     0x30  tgui.o [1]
  .bss                   zero     0x2000'9538     0x30  tgui.o [1]
  .bss                   zero     0x2000'9568     0x28  config.o [1]
  .bss                   zero     0x2000'9590     0x28  tgui.o [1]
  .bss                   zero     0x2000'95b8     0x28  z_planner.o [1]
  .bss                   zero     0x2000'95e0     0x20  rtc.o [1]
  .bss                   zero     0x2000'9600     0x20  tgui_numenterscreenfuncs.o [1]
  .bss                   zero     0x2000'9620     0x1c  config.o [1]
  .bss                   zero     0x2000'963c     0x1c  files_pws.o [1]
  .bss                   zero     0x2000'9658     0x18  config.o [1]
  .bss                   zero     0x2000'9670     0x18  dlmalloc.o [2]
  .bss                   zero     0x2000'9688     0x14  files_pws.o [1]
  .bss                   zero     0x2000'969c     0x10  ff_gen_drv.o [1]
  .bss                   zero     0x2000'96ac     0x10  touch.o [1]
  .bss                   zero     0x2000'96bc      0xc  spi_flash.o [1]
  .bss                   zero     0x2000'96c8      0x8  fatfs.o [1]
  .bss                   zero     0x2000'96d0      0x8  fatfs.o [1]
  .bss                   zero     0x2000'96d8      0x8  ff.o [1]
  .bss                   zero     0x2000'96e0      0x4  cpld_utils.o [1]
  .bss                   zero     0x2000'96e4      0x4  cpld_utils.o [1]
  .bss                   zero     0x2000'96e8      0x4  cpld_utils.o [1]
  .bss                   zero     0x2000'96ec      0x4  cpld_utils.o [1]
  .bss                   zero     0x2000'96f0      0x4  fsmc.o [1]
  .bss                   zero     0x2000'96f4      0x4  motor.o [1]
  .bss                   zero     0x2000'96f8      0x4  printing.o [1]
  .bss                   zero     0x2000'96fc      0x4  printing.o [1]
  .bss                   zero     0x2000'9700      0x4  printing.o [1]
  .bss                   zero     0x2000'9704      0x4  prtfiles.o [1]
  .bss                   zero     0x2000'9708      0x4  spi_flash.o [1]
  .bss                   zero     0x2000'970c      0x4  spi_flash.o [1]
  .bss                   zero     0x2000'9710      0x4  stm32f4xx_hal.o [1]
  .bss                   zero     0x2000'9714      0x4  stm32f4xx_ll_usb.o [1]
  .bss                   zero     0x2000'9718      0x4  sys_timer.o [1]
  .bss                   zero     0x2000'971c      0x4  sys_timer.o [1]
  .bss                   zero     0x2000'9720      0x4  sys_timer.o [1]
  .bss                   zero     0x2000'9724      0x4  sys_timer.o [1]
  .bss                   zero     0x2000'9728      0x4  tgui.o [1]
  .bss                   zero     0x2000'972c      0x4  tgui_fileviewscreenfuncs.o [1]
  .bss                   zero     0x2000'9730      0x4  tgui_numenterscreenfuncs.o [1]
  .bss                   zero     0x2000'9734      0x4  tgui_printscreenfuncs.o [1]
  .bss                   zero     0x2000'9738      0x4  tgui_printscreenfuncs.o [1]
  .bss                   zero     0x2000'973c      0x4  touch.o [1]
  .bss                   zero     0x2000'9740      0x4  z_planner.o [1]
  .bss                   zero     0x2000'9744      0x4  z_planner.o [1]
  .bss                   zero     0x2000'9748      0x4  z_planner.o [1]
  .bss                   zero     0x2000'974c      0x4  z_planner.o [1]
  .bss                   zero     0x2000'9750      0x4  z_planner.o [1]
  .bss                   zero     0x2000'9754      0x4  z_planner.o [1]
  .bss                   zero     0x2000'9758      0x4  z_planner.o [1]
  .bss                   zero     0x2000'975c      0x4  z_stepper.o [1]
  .bss                   zero     0x2000'9760      0x4  z_stepper.o [1]
  .bss                   zero     0x2000'9764      0x4  z_stepper.o [1]
  .bss                   zero     0x2000'9768      0x4  z_stepper.o [1]
  .bss                   zero     0x2000'976c      0x4  z_stepper.o [1]
  .bss                   zero     0x2000'9770      0x4  z_stepper.o [1]
  .bss                   zero     0x2000'9774      0x4  z_stepper.o [1]
  .bss                   zero     0x2000'9778      0x4  z_stepper.o [1]
  .bss                   zero     0x2000'977c      0x4  z_stepper.o [1]
  .bss                   zero     0x2000'9780      0x4  z_stepper.o [1]
  .bss                   zero     0x2000'9784      0x4  z_stepper.o [1]
  .bss                   zero     0x2000'9788      0x4  z_stepper.o [1]
  .bss                   zero     0x2000'978c      0x4  z_stepper.o [1]
  .bss                   zero     0x2000'9790      0x4  z_stepper.o [1]
  .bss                   zero     0x2000'9794      0x4  xfail_s.o [2]
  .bss                   zero     0x2000'9798      0x4  xgetmemchunk.o [2]
  .bss                   zero     0x2000'979c      0x2  ff.o [1]
  .bss                   zero     0x2000'979e      0x2  lcd_low.o [1]
  .bss                   zero     0x2000'97a0      0x2  lcd_ui.o [1]
  .bss                   zero     0x2000'97a2      0x2  lcd_ui.o [1]
  .bss                   zero     0x2000'97a4      0x2  lcd_ui.o [1]
  .bss                   zero     0x2000'97a6      0x2  tgui_fileviewscreenfuncs.o [1]
  .bss                   zero     0x2000'97a8      0x2  tgui_fileviewscreenfuncs.o [1]
  .bss                   zero     0x2000'97aa      0x2  z_planner.o [1]
  .bss                   zero     0x2000'97ac      0x1  eeprom.o [1]
  .bss                   zero     0x2000'97ad      0x1  fatfs.o [1]
  .bss                   zero     0x2000'97ae      0x1  fatfs.o [1]
  .bss                   zero     0x2000'97af      0x1  main.o [1]
  .bss                   zero     0x2000'97b0      0x1  main.o [1]
  .bss                   zero     0x2000'97b1      0x1  main.o [1]
  .bss                   zero     0x2000'97b2      0x1  main.o [1]
  .bss                   zero     0x2000'97b3      0x1  main.o [1]
  .bss                   zero     0x2000'97b4      0x1  prtfiles.o [1]
  .bss                   zero     0x2000'97b5      0x1  prtfiles.o [1]
  .bss                   zero     0x2000'97b6      0x1  tgui_defaultfuncs.o [1]
  .bss                   zero     0x2000'97b7      0x1  tgui_filesscreenfuncs.o [1]
  .bss                   zero     0x2000'97b8      0x1  tgui_filesscreenfuncs.o [1]
  .bss                   zero     0x2000'97b9      0x1  tgui_filesscreenfuncs.o [1]
  .bss                   zero     0x2000'97ba      0x1  tgui_filesscreenfuncs.o [1]
  .bss                   zero     0x2000'97bb      0x1  tgui_fileviewscreenfuncs.o [1]
  .bss                   zero     0x2000'97bc      0x1  tgui_numenterscreenfuncs.o [1]
  .bss                   zero     0x2000'97bd      0x1  tgui_numenterscreenfuncs.o [1]
  .bss                   zero     0x2000'97be      0x1  tgui_numenterscreenfuncs.o [1]
  .bss                   zero     0x2000'97bf      0x1  tgui_numenterscreenfuncs.o [1]
  .bss                   zero     0x2000'97c0      0x1  tgui_printscreenfuncs.o [1]
  .bss                   zero     0x2000'97c1      0x1  usb_host.o [1]
  .bss                   zero     0x2000'97c2      0x1  z_endstops.o [1]
  .bss                   zero     0x2000'97c3      0x1  z_endstops.o [1]
  .bss                   zero     0x2000'97c4      0x1  z_planner.o [1]
  .bss                   zero     0x2000'97c5      0x1  z_planner.o [1]
  .bss                   zero     0x2000'97c6      0x1  z_planner.o [1]
  .bss                   zero     0x2000'97c7      0x1  z_planner.o [1]
  .bss                   zero     0x2000'97c8      0x1  z_planner.o [1]
  .bss                   zero     0x2000'97c9      0x1  z_planner.o [1]
  .bss                   zero     0x2000'97ca      0x1  z_stepper.o [1]
  .bss                   zero     0x2000'97cb      0x1  z_stepper.o [1]
  .bss                   zero     0x2000'97cc      0x1  z_stepper.o [1]
  .bss                   zero     0x2000'97cd      0x1  z_stepper.o [1]
  .bss                   zero     0x2000'97ce      0x1  z_stepper.o [1]
                                - 0x2000'97cf   0x948f

"P2", part 3 of 3:                              0x7200
  .noinit                uninit   0x2000'97d0   0x1000  tgui.o [1]
  .noinit                uninit   0x2000'a7d0    0x200  tgui.o [1]
  CSTACK                          0x2000'a9d0   0x4000  <Block>
    CSTACK               uninit   0x2000'a9d0   0x4000  <Block tail>
  HEAP                            0x2000'e9d0   0x2000  <Block>
    HEAP                 uninit   0x2000'e9d0   0x2000  <Block tail>
                                - 0x2001'09d0   0x7200

Unused ranges:

         From           To      Size
         ----           --      ----
   0x803'e65e   0x807'ffff  0x4'19a2
  0x1000'7478  0x1000'ffff    0x8b88
  0x2000'033f  0x2000'033f       0x1
  0x2001'09d0  0x2001'ffff    0xf630


*******************************************************************************
*** INIT TABLE
***

          Address      Size
          -------      ----
Zero (__iar_zero_init3)
    1 destination range, total size 0x948f:
          0x2000'0340  0x948f

Copy/lz77 (__iar_lz77_init_single3)
    1 source range, total size 0xf6 (29% of destination):
           0x803'e568    0xf6
    1 destination range, total size 0x33f:
          0x2000'0000   0x33f

Extra (__iar_cstart_call_ctors)



*******************************************************************************
*** MODULE SUMMARY
***

    Module                      ro code  ro data  rw data
    ------                      -------  -------  -------
command line/config:
    -----------------------------------------------------
    Total:

D:\Electronics\Projects\MKS_DLP_new\SRC\firmware\MKSDLP_Alter_Debug\Obj: [1]
    config.o                      3 364      304    1 708
    cpld_utils.o                    836               428
    datetime.o                      292       48
    diskio.o                        240
    eeprom.o                      1 556                85
    fatfs.o                         348             8 322
    ff.o                         12 148      272      522
    ff_gen_drv.o                     96                16
    ffunicode.o                     360      944
    files_pws.o                   1 336       40      180
    fnt12.o                                2 039       12
    fnt12bold.o                            2 252       12
    fnt18.o                                4 071       12
    fnt18bold.o                            4 620       12
    fnt24.o                                7 007       12
    fnt24bold.o                            8 664       12
    fnt36num.o                             1 727       12
    fnt36num_lcd.o                         1 704       12
    fnt48num_lcd.o                         3 079       12
    fsmc.o                          276                84
    fst_spi.o                     1 436               736
    gpio.o                          732
    languages.o                      68    5 502       20
    lcd_low.o                     1 316                98
    lcd_ui.o                      3 212        4       17
    main.o                        4 726      636   28 845
    motor.o                         828                 4
    printing.o                      348             4 108
    prtfiles.o                      944                 6
    rtc.o                           200        4       32
    spi_flash.o                     840                20
    spifl_diskio.o                  340       20
    ssd_utils.o                   1 528
    startup_stm32f407xx.o           412
    stm32f4xx_hal.o                 180        2        9
    stm32f4xx_hal_cortex.o          344
    stm32f4xx_hal_dma.o           1 156        8
    stm32f4xx_hal_gpio.o            674
    stm32f4xx_hal_hcd.o           4 306
    stm32f4xx_hal_i2c.o             494
    stm32f4xx_hal_msp.o              64
    stm32f4xx_hal_rcc.o           1 520
    stm32f4xx_hal_rcc_ex.o          352
    stm32f4xx_hal_rtc.o           1 092
    stm32f4xx_hal_spi.o           1 984
    stm32f4xx_hal_sram.o             92
    stm32f4xx_hal_tim.o           1 954
    stm32f4xx_hal_tim_ex.o          172
    stm32f4xx_it.o                  156
    stm32f4xx_ll_fsmc.o             236
    stm32f4xx_ll_usb.o            2 700                 4
    sys_timer.o                     500               272
    system_stm32f4xx.o               32       25        4
    tgui.o                       17 262    2 168   18 236
    tgui_defaultfuncs.o           2 940       16        2
    tgui_filesscreenfuncs.o       4 096      256    2 613
    tgui_fileviewscreenfuncs.o    2 968       76    1 545
    tgui_infoscreenfuncs.o        1 160       92
    tgui_langscreenfuncs.o           36
    tgui_messagebox.o             1 980
    tgui_movezscreenfuncs.o       1 344        1        4
    tgui_numenterscreenfuncs.o    1 608        8       40
    tgui_printscreenfuncs.o       2 524       48        9
    tgui_settingsscreenfuncs.o      620        8
    tim.o                           488        8      128
    touch.o                         632                20
    unicode_utils.o               1 028
    usb_host.o                      140               985
    usbh_conf.o                     928               708
    usbh_core.o                   2 036
    usbh_ctlreq.o                 1 602
    usbh_diskio.o                   368       20
    usbh_ioreq.o                    270
    usbh_msc.o                    2 478       13       32
    usbh_msc_bot.o                1 084
    usbh_msc_scsi.o               1 168
    usbh_pipes.o                    224
    usbh_platform.o                  40
    uvdisplay.o                     364   10 800    1 536
    z_endstops.o                    264        1        3
    z_planner.o                   4 460        4    1 100
    z_stepper.o                   1 732        1       65
    -----------------------------------------------------
    Total:                      111 634   56 492   72 654

dl7M_tlf.a: [2]
    abort.o                           6
    cppinit.o                        24
    dlmalloc.o                    5 344               496
    exit.o                            4
    heaptramp0.o                      4
    iar_Stoflt.o                    452
    iar_Stollx.o                    158
    iar_Stopfx.o                    290
    iar_Stoullx.o                   434       80
    iar_Stoulx.o                    338       80
    iar_Stoxflt.o                   540
    isalpha.o                        20
    isspace.o                        20
    low_level_init.o                  4
    sprintf.o                        64
    sscanf.o                         40
    strcat.o                         30
    tolower.o                        20
    wctob.o                          60
    xencoding_8859_1.o               38
    xfail_s.o                        64                 4
    xgetmemchunk.o                   44                 4
    xlocale_c.o                     260       44      128
    xmbcurmax.o                      10
    xprintffull.o                 3 910
    xscanffull.o                  3 672      116
    xsprout.o                        10
    xsscin.o                         30
    -----------------------------------------------------
    Total:                       15 890      320      632

dlpp7M_tl_fc.a: [3]
    -----------------------------------------------------
    Total:

m7M_tls.a: [4]
    DblAdd.o                        378
    DblCmpGe.o                       46
    DblCmpLe.o                       46
    DblDiv.o                        582
    DblMul.o                        418
    DblSub.o                        226
    DblToFlt.o                      104
    DblToS32.o                       58
    DblToU32.o                       40
    FltToDbl.o                       72
    S32ToDbl.o                       34
    U32ToDbl.o                       26
    ceilf.o                          60
    floorf.o                         60
    fpinit_M.o                       34
    frexp.o                         112
    ldexp.o                         314
    lroundf.o                        46
    math_wrappers64.o                14
    sqrtf.o                          30
    strto64.o                     1 308       72
    -----------------------------------------------------
    Total:                        4 008       72

rt7M_tl.a: [5]
    ABImemclr4.o                      6
    ABImemcpy.o                     166
    ABImemset.o                     102
    ABImemset48.o                    50
[...]
check_fs                 0x801'85bf    0x7a  Code  Lc  ff.o [1]
chk_chr                  0x801'6ffb    0x14  Code  Lc  ff.o [1]
clngLangEng              0x803'b0c4   0x198  Data  Lc  languages.o [1]
clngLangRus              0x803'b25c   0x198  Data  Lc  languages.o [1]
clst2sect                0x801'7223    0x1c  Code  Lc  ff.o [1]
cmd                     0x2000'96ec     0x4  Data  Gb  cpld_utils.o [1]
cmp_lfn                  0x801'7983    0xaa  Code  Lc  ff.o [1]
create_chain             0x801'7567   0x154  Code  Lc  ff.o [1]
create_name              0x801'821b   0x29e  Code  Lc  ff.o [1]
create_partition         0x801'959f   0x1c8  Code  Lc  ff.o [1]
currdir                 0x2000'008c   0x200  Data  Gb  tgui_filesscreenfuncs.o [1]
d                       0x2000'970c     0x4  Data  Gb  spi_flash.o [1]
dbc_1st                  0x801'700f    0x12  Code  Lc  ff.o [1]
dbc_2nd                  0x801'7021    0x12  Code  Lc  ff.o [1]
ddiv                     0x802'629d    0xc4  Code  Lc  strto64.o [4]
digits                   0x803'c6bc    0x28  Data  Lc  iar_Stoulx.o [2]
digits                   0x803'c70c    0x28  Data  Lc  iar_Stoullx.o [2]
dir                     0x2000'92f4    0x34  Data  Gb  main.o [1]
dir_alloc                0x801'78bd    0x74  Code  Lc  ff.o [1]
dir_clear                0x801'76bb    0x68  Code  Lc  ff.o [1]
dir_find                 0x801'7d6d   0x12a  Code  Lc  ff.o [1]
dir_next                 0x801'77d5    0xe8  Code  Lc  ff.o [1]
dir_read                 0x801'7c5f   0x10e  Code  Lc  ff.o [1]
dir_register             0x801'7e97   0x16a  Code  Lc  ff.o [1]
dir_sdi                  0x801'7723    0xb2  Code  Lc  ff.o [1]
disk                    0x2000'969c    0x10  Data  Gb  ff_gen_drv.o [1]
disk_initialize          0x801'c0a1    0x38  Code  Gb  diskio.o [1]
disk_ioctl               0x801'c141    0x2a  Code  Gb  diskio.o [1]
disk_read                0x801'c0d9    0x34  Code  Gb  diskio.o [1]
disk_status              0x801'c081    0x20  Code  Gb  diskio.o [1]
disk_write               0x801'c10d    0x34  Code  Gb  diskio.o [1]
dmul                     0x802'61d5    0xc6  Code  Lc  strto64.o [4]
dot_entered             0x2000'97bf     0x1  Data  Gb  tgui_numenterscreenfuncs.o [1]
edit_value              0x2000'9730     0x4  Data  Gb  tgui_numenterscreenfuncs.o [1]
enter_begin             0x2000'97be     0x1  Data  Gb  tgui_numenterscreenfuncs.o [1]
exit                     0x803'd27b     0x4  Code  Gb  exit.o [2]
exposure_bmp_data_circle
                         0x802'd2b8  0x1770  Data  Lc  uvdisplay.o [1]
exposure_bmp_data_square
                         0x802'ff34  0x12c0  Data  Lc  uvdisplay.o [1]
fMoveStep               0x2000'028c     0x4  Data  Gb  tgui_movezscreenfuncs.o [1]
f_close                  0x801'913b    0x30  Code  Gb  ff.o [1]
f_closedir               0x801'93bb    0x1c  Code  Gb  ff.o [1]
f_getfree                0x801'948f   0x110  Code  Gb  ff.o [1]
f_lseek                  0x801'916b   0x1c4  Code  Gb  ff.o [1]
f_mkfs                   0x801'9767   0x73a  Code  Gb  ff.o [1]
f_mkfs::cst              0x803'dc1c    0x10  Data  Lc  ff.o [1]
f_mkfs::cst32            0x803'dc2c    0x10  Data  Lc  ff.o [1]
f_mkfs::defopt           0x803'dc3c    0x10  Data  Lc  ff.o [1]
f_mount                  0x801'89ab    0x56  Code  Gb  ff.o [1]
f_open                   0x801'8a21   0x23e  Code  Gb  ff.o [1]
f_opendir                0x801'932f    0x8c  Code  Gb  ff.o [1]
f_read                   0x801'8c5f   0x1f8  Code  Gb  ff.o [1]
f_readdir                0x801'93d7    0x6a  Code  Gb  ff.o [1]
f_stat                   0x801'9441    0x4e  Code  Gb  ff.o [1]
f_sync                   0x801'9091    0xaa  Code  Gb  ff.o [1]
f_write                  0x801'8e57   0x23a  Code  Gb  ff.o [1]
fbuff                   0x1000'0000  0x4000  Data  Gb  main.o [1]
ff_oem2uni               0x801'c1bd    0x40  Code  Gb  ffunicode.o [1]
ff_uni2oem               0x801'c171    0x4c  Code  Gb  ffunicode.o [1]
ff_wtoupper              0x801'c1fd    0xce  Code  Gb  ffunicode.o [1]
ff_wtoupper::cvt1        0x803'aed0   0x1f4  Data  Lc  ffunicode.o [1]
ff_wtoupper::cvt2        0x803'c000    0xbc  Data  Lc  ffunicode.o [1]
filedate                0x2000'97a6     0x2  Data  Gb  tgui_fileviewscreenfuncs.o [1]
files                   0x2000'33b0   0x830  Data  Gb  tgui_filesscreenfuncs.o [1]
filesize                0x2000'972c     0x4  Data  Gb  tgui_fileviewscreenfuncs.o [1]
filetime                0x2000'97a8     0x2  Data  Gb  tgui_fileviewscreenfuncs.o [1]
find_volume              0x801'863d    0x76  Code  Lc  ff.o [1]
finfo                   0x2000'7720   0x224  Data  Gb  main.o [1]
floorf                   0x802'6879          Code  Gb  floorf.o [4]
fnt12_data               0x803'8dc8   0x6b4  Data  Gb  fnt12.o [1]
fnt12_width              0x803'b6b8   0x140  Data  Gb  fnt12.o [1]
fnt12bold_data           0x803'8640   0x788  Data  Gb  fnt12bold.o [1]
fnt12bold_width          0x803'b7f8   0x140  Data  Gb  fnt12bold.o [1]
fnt18_data               0x803'3e8c   0xea4  Data  Gb  fnt18.o [1]
fnt18_width              0x803'b938   0x140  Data  Gb  fnt18.o [1]
fnt18bold_data           0x803'11f4  0x10c8  Data  Gb  fnt18bold.o [1]
fnt18bold_width          0x803'ba78   0x140  Data  Gb  fnt18bold.o [1]
fnt24_data               0x802'b89c  0x1a1c  Data  Gb  fnt24.o [1]
fnt24_width              0x803'bbb8   0x140  Data  Gb  fnt24.o [1]
fnt24bold_data           0x802'9808  0x2094  Data  Gb  fnt24bold.o [1]
fnt24bold_width          0x803'bcf8   0x140  Data  Gb  fnt24bold.o [1]
fnt36num_data            0x803'947c   0x684  Data  Gb  fnt36num.o [1]
fnt36num_lcd_data        0x803'9b00   0x66c  Data  Gb  fnt36num_lcd.o [1]
fnt36num_lcd_width       0x803'ca44    0x38  Data  Gb  fnt36num_lcd.o [1]
fnt36num_width           0x803'ca0c    0x38  Data  Gb  fnt36num.o [1]
fnt48num_lcd_data        0x803'5e18   0xbcc  Data  Gb  fnt48num_lcd.o [1]
fnt48num_lcd_width       0x803'ca7c    0x38  Data  Gb  fnt48num_lcd.o [1]
follow_path              0x801'84b9    0xa8  Code  Lc  ff.o [1]
font_fnt12              0x2000'0000     0xc  Data  Gb  fnt12.o [1]
font_fnt12bold          0x2000'000c     0xc  Data  Gb  fnt12bold.o [1]
font_fnt18              0x2000'0018     0xc  Data  Gb  fnt18.o [1]
font_fnt18bold          0x2000'0024     0xc  Data  Gb  fnt18bold.o [1]
font_fnt24              0x2000'0030     0xc  Data  Gb  fnt24.o [1]
font_fnt24bold          0x2000'003c     0xc  Data  Gb  fnt24bold.o [1]
font_fnt36num           0x2000'0048     0xc  Data  Gb  fnt36num.o [1]
font_fnt36num_lcd       0x2000'0054     0xc  Data  Gb  fnt36num_lcd.o [1]
font_fnt48num_lcd       0x2000'0060     0xc  Data  Gb  fnt48num_lcd.o [1]
fpws_header             0x2000'9328    0x30  Data  Gb  files_pws.o [1]
fpws_info               0x2000'9180    0x54  Data  Gb  files_pws.o [1]
fpws_layersdata         0x2000'9688    0x14  Data  Gb  files_pws.o [1]
fpws_preview            0x2000'963c    0x1c  Data  Gb  files_pws.o [1]
free                     0x803'81ad     0x4  Code  Gb  heaptramp0.o [2]
fv_dirname              0x2000'8b48   0x100  Data  Gb  tgui_fileviewscreenfuncs.o [1]
fv_filename             0x2000'8a48   0x100  Data  Gb  tgui_fileviewscreenfuncs.o [1]
fv_filetype             0x2000'97bb     0x1  Data  Gb  tgui_fileviewscreenfuncs.o [1]
fv_tfilename            0x2000'5c0c   0x400  Data  Gb  tgui_fileviewscreenfuncs.o [1]
gen_numname              0x801'7b61    0xde  Code  Lc  ff.o [1]
get_fat                  0x801'723f   0x112  Code  Lc  ff.o [1]
get_fattime              0x801'c2f5    0x50  Code  Gb  fatfs.o [1]
get_fileinfo             0x801'8001   0x21a  Code  Lc  ff.o [1]
get_ldnumber             0x801'8561    0x5e  Code  Lc  ff.o [1]
hFlashSpi               0x2000'8e6c    0x80  Data  Gb  fst_spi.o [1]
hFlashSpiDmaRx          0x2000'900c    0x60  Data  Gb  fst_spi.o [1]
hFlashSpiDmaTx          0x2000'906c    0x60  Data  Gb  fst_spi.o [1]
hI2C                    0x2000'912c    0x54  Data  Gb  eeprom.o [1]
hLcdDma                 0x2000'90cc    0x60  Data  Gb  lcd_low.o [1]
hRTC                    0x2000'95e0    0x20  Data  Gb  rtc.o [1]
hStepperTim             0x2000'9274    0x40  Data  Gb  tim.o [1]
hTouchSpi               0x2000'8dec    0x80  Data  Gb  fst_spi.o [1]
hTouchSpiDmaRx          0x2000'8eec    0x60  Data  Gb  fst_spi.o [1]
hTouchSpiDmaTx          0x2000'8f4c    0x60  Data  Gb  fst_spi.o [1]
hUsbHost                0x2000'640c   0x3d8  Data  Gb  usb_host.o [1]
hZRefTim                0x2000'92b4    0x40  Data  Gb  tim.o [1]
hhcd_USB_OTG_FS         0x2000'7210   0x2c4  Data  Gb  usbh_conf.o [1]
hsram1                  0x2000'9224    0x50  Data  Gb  fsmc.o [1]
i2c_timer               0x2000'97ac     0x1  Data  Gb  eeprom.o [1]
idle()                   0x802'1009     0xa  Code  Gb  motor.o [1]
idle()::idlecount       0x2000'96f4     0x4  Data  Lc  motor.o [1]
init_mparams             0x802'ea43    0x32  Code  Lc  dlmalloc.o [2]
init_top                 0x802'ea75    0x36  Code  Lc  dlmalloc.o [2]
inited                  0x2000'97b5     0x1  Data  Gb  prtfiles.o [1]
isalpha                  0x802'8d69    0x14  Code  Gb  isalpha.o [2]
isspace                  0x802'66f1    0x14  Code  Gb  isspace.o [2]
lastfilenum             0x2000'033d     0x1  Data  Gb  tgui_filesscreenfuncs.o [1]
lcdui_bgcolor           0x2000'97a4     0x2  Data  Gb  lcd_ui.o [1]
lcdui_color             0x2000'0338     0x2  Data  Gb  lcd_ui.o [1]
lcdui_current_font      0x2000'0080     0x4  Data  Gb  lcd_ui.o [1]
lcdui_current_font_type
                        0x2000'033a     0x1  Data  Gb  lcd_ui.o [1]
lcdui_cursor_x          0x2000'97a0     0x2  Data  Gb  lcd_ui.o [1]
lcdui_cursor_y          0x2000'97a2     0x2  Data  Gb  lcd_ui.o [1]
lcdui_height            0x2000'0336     0x2  Data  Gb  lcd_ui.o [1]
lcdui_width             0x2000'0334     0x2  Data  Gb  lcd_ui.o [1]
ld_clust                 0x801'7931    0x28  Code  Lc  ff.o [1]
ld_dword                 0x801'6f6f    0x18  Code  Lc  ff.o [1]
ld_word                  0x801'6f61     0xe  Code  Lc  ff.o [1]
ldata_length            0x2000'9700     0x4  Data  Gb  printing.o [1]
ldata_offset_begin      0x2000'96f8     0x4  Data  Gb  printing.o [1]
ldata_offset_current    0x2000'96fc     0x4  Data  Gb  printing.o [1]
ldexp                    0x801'd081          Code  Gb  ldexp.o [4]
ldexpl                   0x801'd081          Code  Gb  ldexp.o [4]
lmos                     0x803'd6dc    0x18  Data  Lc  datetime.o [1]
lngCurrent              0x2000'007c     0x4  Data  Gb  languages.o [1]
lngLanguages            0x2000'006c    0x10  Data  Gb  languages.o [1]
localeconv               0x801'cad3     0x4  Code  Gb  xlocale_c.o [2]
lroundf                  0x802'6a19          Code  Gb  lroundf.o [4]
main                     0x801'd5f1  0x1118  Code  Gb  main.o [1]
mem_cmp                  0x801'6fd7    0x24  Code  Lc  ff.o [1]
mem_cpy                  0x801'6fad    0x1c  Code  Lc  ff.o [1]
mem_set                  0x801'6fc9     0xe  Code  Lc  ff.o [1]
memchr                   0x801'cb79          Code  Gb  memchr.o [5]
mos                      0x803'd6f4    0x18  Data  Lc  datetime.o [1]
mount_volume             0x801'86b3   0x2ae  Code  Lc  ff.o [1]
move_window              0x801'714b    0x42  Code  Lc  ff.o [1]
mparams                 0x2000'9670    0x18  Data  Lc  dlmalloc.o [2]
msg                     0x2000'7d44   0x200  Data  Gb  main.o [1]
ndigs                    0x803'c694    0x28  Data  Lc  iar_Stoulx.o [2]
ndigs                    0x803'c6e4    0x28  Data  Lc  iar_Stoullx.o [2]
nomorefiles             0x2000'97ba     0x1  Data  Gb  tgui_filesscreenfuncs.o [1]
numstr                  0x2000'9600    0x20  Data  Gb  tgui_numenterscreenfuncs.o [1]
numstr_len              0x2000'97bd     0x1  Data  Gb  tgui_numenterscreenfuncs.o [1]
oldUsbMounted           0x2000'97b7     0x1  Data  Gb  tgui_filesscreenfuncs.o [1]
old_layer               0x2000'9738     0x4  Data  Gb  tgui_printscreenfuncs.o [1]
old_pause               0x2000'97c0     0x1  Data  Gb  tgui_printscreenfuncs.o [1]
old_time                0x2000'9734     0x4  Data  Gb  tgui_printscreenfuncs.o [1]
pfile_type              0x2000'97b4     0x1  Data  Gb  prtfiles.o [1]
pick_lfn                 0x801'7a2d    0x96  Code  Lc  ff.o [1]
pows                     0x803'c858    0x48  Data  Lc  strto64.o [4]
prepend_alloc            0x802'eaab   0x346  Code  Lc  dlmalloc.o [2]
prtLBuff                0x2000'23b0  0x1000  Data  Gb  printing.o [1]
prt_file                0x2000'9704     0x4  Data  Gb  prtfiles.o [1]
put_fat                  0x801'7351   0x166  Code  Lc  ff.o [1]
put_lfn                  0x801'7ac3    0x90  Code  Lc  ff.o [1]
put_utf                  0x801'7087    0x72  Code  Lc  ff.o [1]
ranmatch                 0x803'5099    0x44  Code  Lc  xscanffull.o [2]
reTransmission_all_cnt  0x2000'96e8     0x4  Data  Gb  cpld_utils.o [1]
reTransmission_data_cnt
                        0x2000'96e4     0x4  Data  Gb  cpld_utils.o [1]
reTransmission_zero_cnt
                        0x2000'96e0     0x4  Data  Gb  cpld_utils.o [1]
remove_chain             0x801'74b7    0xb0  Code  Lc  ff.o [1]
retSPIFL                0x2000'97ae     0x1  Data  Gb  fatfs.o [1]
retUSBH                 0x2000'97ad     0x1  Data  Gb  fatfs.o [1]
s_tfname                0x2000'540c   0x400  Data  Gb  main.o [1]
scalbln                  0x801'd081          Code  Gb  ldexp.o [4]
scalblnl                 0x801'd081          Code  Gb  ldexp.o [4]
scalbn                   0x801'd081          Code  Gb  ldexp.o [4]
scalbnl                  0x801'd081          Code  Gb  ldexp.o [4]
scale                    0x801'b1db    0x46  Code  Lc  xprintffull.o [2]
scrTimeTimer            0x2000'033c     0x1  Data  Gb  tgui_defaultfuncs.o [1]
sec_hand                0x2000'9794     0x4  Data  Lc  xfail_s.o [2]
segment_holding          0x802'ea29    0x1a  Code  Lc  dlmalloc.o [2]
sfile                   0x1000'5028  0x1028  Data  Gb  main.o [1]
sprintf                  0x801'5d71    0x40  Code  Gb  sprintf.o [2]
sqrtf                    0x802'61b5          Code  Gb  sqrtf.o [4]
srvMode                 0x2000'97b3     0x1  Data  Gb  main.o [1]
sscanf                   0x803'a7b5    0x28  Code  Gb  sscanf.o [2]
st_clust                 0x801'7959    0x2a  Code  Lc  ff.o [1]
st_dword                 0x801'6f95    0x18  Code  Lc  ff.o [1]
st_word                  0x801'6f87     0xe  Code  Lc  ff.o [1]
strcat                   0x803'32d5    0x1e  Code  Gb  strcat.o [2]
strchr                   0x801'cae1          Code  Gb  strchr.o [5]
strcmp                   0x802'1531          Code  Gb  strcmp.o [5]
strcpy                   0x803'32bd          Code  Gb  strcpy.o [5]
strcpy_utf(char *, char *)
                         0x801'a139    0x28  Code  Gb  unicode_utils.o [1]
strlen                   0x801'cb41          Code  Gb  strlen.o [5]
strncpy                  0x801'a551          Code  Gb  strncpy.o [5]
strtoll                  0x803'5c5d     0x2  Code  Gb  iar_Stollx.o [2]
strtoul                  0x802'2b9d     0x2  Code  Gb  iar_Stoulx.o [2]
strtoull                 0x803'5e11     0x2  Code  Gb  iar_Stoullx.o [2]
strtrim(char *)          0x801'a201    0x60  Code  Gb  unicode_utils.o [1]
strupper_utf(char *)     0x801'a261    0x78  Code  Gb  unicode_utils.o [1]
subdir                  0x2000'97b9     0x1  Data  Gb  tgui_filesscreenfuncs.o [1]
sum_sfn                  0x801'7c3f    0x20  Code  Lc  ff.o [1]
sync_fs                  0x801'718d    0x96  Code  Lc  ff.o [1]
sync_window              0x801'70f9    0x52  Code  Lc  ff.o [1]
sys_alloc                0x802'efe9   0x164  Code  Lc  dlmalloc.o [2]
sys_trim                 0x802'f14d    0x64  Code  Lc  dlmalloc.o [2]
systemInfo              0x2000'9568    0x28  Data  Gb  config.o [1]
tchar2uni                0x801'7033    0x54  Code  Lc  ff.o [1]
tfname                  0x1000'7078   0x400  Data  Gb  tgui.o [1]
tguiActiveScreen        0x2000'9728     0x4  Data  Gb  tgui.o [1]
tguiDBuff               0x2000'97d0  0x1000  Data  Gb  tgui.o [1]
tguiDefaultConfig       0x2000'9590    0x28  Data  Gb  tgui.o [1]
tguiFBuff               0x2000'a7d0   0x200  Data  Gb  tgui.o [1]
tguiFile                0x1000'6050  0x1028  Data  Gb  tgui.o [1]
tguiMsgBox              0x2000'6b80   0x348  Data  Gb  tgui.o [1]
tguiScrFilesButtons     0x2000'6ec8   0x348  Data  Gb  tgui.o [1]
tguiScrFilesListButtons
                        0x2000'4774   0x498  Data  Gb  tgui.o [1]
tguiScrFileviewButtons  0x2000'7f44   0x1f8  Data  Gb  tgui.o [1]
tguiScrInfoButtons      0x2000'8d44    0xa8  Data  Gb  tgui.o [1]
tguiScrLanguageButtons  0x2000'8c48    0xfc  Data  Gb  tgui.o [1]
tguiScrMainButtons      0x2000'87f8   0x150  Data  Gb  tgui.o [1]
tguiScrMovezButtons     0x2000'67e4   0x39c  Data  Gb  tgui.o [1]
tguiScrNumenterButtons  0x2000'41e0   0x594  Data  Gb  tgui.o [1]
tguiScrPrintButtons     0x2000'84b8   0x1a4  Data  Gb  tgui.o [1]
tguiScrServiceButtons   0x2000'8314   0x1a4  Data  Gb  tgui.o [1]
tguiScrSettingsButtons  0x2000'74d4   0x24c  Data  Gb  tgui.o [1]
tguiScreenFiles         0x2000'9448    0x30  Data  Gb  tgui.o [1]
tguiScreenFilesList     0x2000'9478    0x30  Data  Gb  tgui.o [1]
tguiScreenFileview      0x2000'9508    0x30  Data  Gb  tgui.o [1]
tguiScreenInfo          0x2000'93e8    0x30  Data  Gb  tgui.o [1]
tguiScreenLanguage      0x2000'93b8    0x30  Data  Gb  tgui.o [1]
tguiScreenMain          0x2000'9358    0x30  Data  Gb  tgui.o [1]
tguiScreenMovez         0x2000'9418    0x30  Data  Gb  tgui.o [1]
tguiScreenNumenter      0x2000'94d8    0x30  Data  Gb  tgui.o [1]
tguiScreenPrint         0x2000'9538    0x30  Data  Gb  tgui.o [1]
tguiScreenService       0x2000'9388    0x30  Data  Gb  tgui.o [1]
tguiScreenSettings      0x2000'94a8    0x30  Data  Gb  tgui.o [1]
tguiTimer               0x2000'97b1     0x1  Data  Gb  main.o [1]
tmalloc_large            0x802'f1bd   0x386  Code  Lc  dlmalloc.o [2]
tmalloc_small            0x802'f543   0x200  Code  Lc  dlmalloc.o [2]
tolower                  0x802'6705    0x14  Code  Gb  tolower.o [2]
touch_buff              0x2000'8fac    0x60  Data  Gb  fst_spi.o [1]
touch_info              0x2000'96ac    0x10  Data  Gb  touch.o [1]
touch_point             0x2000'973c     0x4  Data  Gb  touch.o [1]
tstrcat(unsigned short *, unsigned short *)
                         0x801'a189    0x32  Code  Gb  unicode_utils.o [1]
tstrcat_utf(unsigned short *, char *)
                         0x801'a1bb    0x46  Code  Gb  unicode_utils.o [1]
tstrcpy(unsigned short *, unsigned short *)
                         0x801'a161    0x28  Code  Gb  unicode_utils.o [1]
typeval                 0x2000'97bc     0x1  Data  Gb  tgui_numenterscreenfuncs.o [1]
u_tfname                0x2000'500c   0x400  Data  Gb  main.o [1]
uc866                    0x803'be38   0x100  Data  Lc  ffunicode.o [1]
ufile                   0x1000'4000  0x1028  Data  Gb  main.o [1]
uvfan_timer             0x2000'9724     0x4  Data  Gb  sys_timer.o [1]
uvled_timer             0x2000'971c     0x4  Data  Gb  sys_timer.o [1]
uvpause_timer           0x2000'9720     0x4  Data  Gb  sys_timer.o [1]
uwTick                  0x2000'9710     0x4  Data  Gb  stm32f4xx_hal.o [1]
uwTickFreq              0x2000'033b     0x1  Data  Gb  stm32f4xx_hal.o [1]
uwTickPrio              0x2000'0084     0x4  Data  Gb  stm32f4xx_hal.o [1]
validate                 0x801'8961    0x4a  Code  Lc  ff.o [1]
wctob                    0x803'5b89    0x32  Code  Gb  wctob.o [2]
zHoldTimer              0x2000'97b2     0x1  Data  Gb  main.o [1]
zPlanner                0x2000'97c4     0x1  Data  Gb  z_planner.o [1]


[1] = D:\Electronics\Projects\MKS_DLP_new\SRC\firmware\MKSDLP_Alter_Debug\Obj
[2] = dl7M_tlf.a
[3] = dlpp7M_tl_fc.a
[4] = m7M_tls.a
[5] = rt7M_tl.a
[6] = shb_l.a

  133 117 bytes of readonly  code memory
   56 929 bytes of readonly  data memory
   97 862 bytes of readwrite data memory

Errors: none
Warnings: none
