###############################################################################
#
# IAR ELF Linker V8.32.1.169/W32 for ARM                  22/Sep/2020  21:41:42
# Copyright 2007-2018 IAR Systems AB.
#
#    Output file  =  
#        D:\Electronics\Projects\MKS_DLP_new\SRC\firmware\MKSDLP_Alter_debug\Exe\MKS_DLP_new.out
#    Map file     =  
#        D:\Electronics\Projects\MKS_DLP_new\SRC\firmware\MKSDLP_Alter_debug\List\MKS_DLP_new.map
#    Command line =  
#        -f C:\Temp\EW3B4F.tmp
#        (D:\Electronics\Projects\MKS_DLP_new\SRC\firmware\MKSDLP_Alter_Debug\Obj\config.o
#        D:\Electronics\Projects\MKS_DLP_new\SRC\firmware\MKSDLP_Alter_Debug\Obj\cpld_utils.o
#        D:\Electronics\Projects\MKS_DLP_new\SRC\firmware\MKSDLP_Alter_Debug\Obj\datetime.o
#        D:\Electronics\Projects\MKS_DLP_new\SRC\firmware\MKSDLP_Alter_Debug\Obj\diskio.o
#        D:\Electronics\Projects\MKS_DLP_new\SRC\firmware\MKSDLP_Alter_Debug\Obj\eeprom.o
#        D:\Electronics\Projects\MKS_DLP_new\SRC\firmware\MKSDLP_Alter_Debug\Obj\fatfs.o
#        D:\Electronics\Projects\MKS_DLP_new\SRC\firmware\MKSDLP_Alter_Debug\Obj\ff.o
#        D:\Electronics\Projects\MKS_DLP_new\SRC\firmware\MKSDLP_Alter_Debug\Obj\ff_gen_drv.o
#        D:\Electronics\Projects\MKS_DLP_new\SRC\firmware\MKSDLP_Alter_Debug\Obj\ffsystem.o
#        D:\Electronics\Projects\MKS_DLP_new\SRC\firmware\MKSDLP_Alter_Debug\Obj\ffunicode.o
#        D:\Electronics\Projects\MKS_DLP_new\SRC\firmware\MKSDLP_Alter_Debug\Obj\files_pws.o
#        D:\Electronics\Projects\MKS_DLP_new\SRC\firmware\MKSDLP_Alter_Debug\Obj\fnt12.o
#        D:\Electronics\Projects\MKS_DLP_new\SRC\firmware\MKSDLP_Alter_Debug\Obj\fnt12bold.o
#        D:\Electronics\Projects\MKS_DLP_new\SRC\firmware\MKSDLP_Alter_Debug\Obj\fnt170num_lcd.o
#        D:\Electronics\Projects\MKS_DLP_new\SRC\firmware\MKSDLP_Alter_Debug\Obj\fnt18.o
#        D:\Electronics\Projects\MKS_DLP_new\SRC\firmware\MKSDLP_Alter_Debug\Obj\fnt18bold.o
#        D:\Electronics\Projects\MKS_DLP_new\SRC\firmware\MKSDLP_Alter_Debug\Obj\fnt24.o
#        D:\Electronics\Projects\MKS_DLP_new\SRC\firmware\MKSDLP_Alter_Debug\Obj\fnt24bold.o
#        D:\Electronics\Projects\MKS_DLP_new\SRC\firmware\MKSDLP_Alter_Debug\Obj\fnt36.o
#        D:\Electronics\Projects\MKS_DLP_new\SRC\firmware\MKSDLP_Alter_Debug\Obj\fnt36num.o
#        D:\Electronics\Projects\MKS_DLP_new\SRC\firmware\MKSDLP_Alter_Debug\Obj\fsmc.o
#        D:\Electronics\Projects\MKS_DLP_new\SRC\firmware\MKSDLP_Alter_Debug\Obj\fst_spi.o
#        D:\Electronics\Projects\MKS_DLP_new\SRC\firmware\MKSDLP_Alter_Debug\Obj\gpio.o
#        D:\Electronics\Projects\MKS_DLP_new\SRC\firmware\MKSDLP_Alter_Debug\Obj\languages.o
#        D:\Electronics\Projects\MKS_DLP_new\SRC\firmware\MKSDLP_Alter_Debug\Obj\lcd_low.o
#        D:\Electronics\Projects\MKS_DLP_new\SRC\firmware\MKSDLP_Alter_Debug\Obj\lcd_ui.o
#        D:\Electronics\Projects\MKS_DLP_new\SRC\firmware\MKSDLP_Alter_Debug\Obj\main.o
#        D:\Electronics\Projects\MKS_DLP_new\SRC\firmware\MKSDLP_Alter_Debug\Obj\motor.o
#        D:\Electronics\Projects\MKS_DLP_new\SRC\firmware\MKSDLP_Alter_Debug\Obj\printing.o
#        D:\Electronics\Projects\MKS_DLP_new\SRC\firmware\MKSDLP_Alter_Debug\Obj\prtfiles.o
#        D:\Electronics\Projects\MKS_DLP_new\SRC\firmware\MKSDLP_Alter_Debug\Obj\rtc.o
#        D:\Electronics\Projects\MKS_DLP_new\SRC\firmware\MKSDLP_Alter_Debug\Obj\spi_flash.o
#        D:\Electronics\Projects\MKS_DLP_new\SRC\firmware\MKSDLP_Alter_Debug\Obj\spifl_diskio.o
#        D:\Electronics\Projects\MKS_DLP_new\SRC\firmware\MKSDLP_Alter_Debug\Obj\ssd_utils.o
#        D:\Electronics\Projects\MKS_DLP_new\SRC\firmware\MKSDLP_Alter_Debug\Obj\startup_stm32f407xx.o
#        D:\Electronics\Projects\MKS_DLP_new\SRC\firmware\MKSDLP_Alter_Debug\Obj\stm32f4xx_hal.o
#        D:\Electronics\Projects\MKS_DLP_new\SRC\firmware\MKSDLP_Alter_Debug\Obj\stm32f4xx_hal_cortex.o
#        D:\Electronics\Projects\MKS_DLP_new\SRC\firmware\MKSDLP_Alter_Debug\Obj\stm32f4xx_hal_dma.o
#        D:\Electronics\Projects\MKS_DLP_new\SRC\firmware\MKSDLP_Alter_Debug\Obj\stm32f4xx_hal_dma_ex.o
#        D:\Electronics\Projects\MKS_DLP_new\SRC\firmware\MKSDLP_Alter_Debug\Obj\stm32f4xx_hal_exti.o
#        D:\Electronics\Projects\MKS_DLP_new\SRC\firmware\MKSDLP_Alter_Debug\Obj\stm32f4xx_hal_flash.o
#        D:\Electronics\Projects\MKS_DLP_new\SRC\firmware\MKSDLP_Alter_Debug\Obj\stm32f4xx_hal_flash_ex.o
#        D:\Electronics\Projects\MKS_DLP_new\SRC\firmware\MKSDLP_Alter_Debug\Obj\stm32f4xx_hal_flash_ramfunc.o
#        D:\Electronics\Projects\MKS_DLP_new\SRC\firmware\MKSDLP_Alter_Debug\Obj\stm32f4xx_hal_gpio.o
#        D:\Electronics\Projects\MKS_DLP_new\SRC\firmware\MKSDLP_Alter_Debug\Obj\stm32f4xx_hal_hcd.o
#        D:\Electronics\Projects\MKS_DLP_new\SRC\firmware\MKSDLP_Alter_Debug\Obj\stm32f4xx_hal_i2c.o
#        D:\Electronics\Projects\MKS_DLP_new\SRC\firmware\MKSDLP_Alter_Debug\Obj\stm32f4xx_hal_msp.o
#        D:\Electronics\Projects\MKS_DLP_new\SRC\firmware\MKSDLP_Alter_Debug\Obj\stm32f4xx_hal_pwr.o
#        D:\Electronics\Projects\MKS_DLP_new\SRC\firmware\MKSDLP_Alter_Debug\Obj\stm32f4xx_hal_pwr_ex.o
#        D:\Electronics\Projects\MKS_DLP_new\SRC\firmware\MKSDLP_Alter_Debug\Obj\stm32f4xx_hal_rcc.o
#        D:\Electronics\Projects\MKS_DLP_new\SRC\firmware\MKSDLP_Alter_Debug\Obj\stm32f4xx_hal_rcc_ex.o
#        D:\Electronics\Projects\MKS_DLP_new\SRC\firmware\MKSDLP_Alter_Debug\Obj\stm32f4xx_hal_rtc.o
#        D:\Electronics\Projects\MKS_DLP_new\SRC\firmware\MKSDLP_Alter_Debug\Obj\stm32f4xx_hal_rtc_ex.o
#        D:\Electronics\Projects\MKS_DLP_new\SRC\firmware\MKSDLP_Alter_Debug\Obj\stm32f4xx_hal_spi.o
#        D:\Electronics\Projects\MKS_DLP_new\SRC\firmware\MKSDLP_Alter_Debug\Obj\stm32f4xx_hal_sram.o
#        D:\Electronics\Projects\MKS_DLP_new\SRC\firmware\MKSDLP_Alter_Debug\Obj\stm32f4xx_hal_tim.o
#        D:\Electronics\Projects\MKS_DLP_new\SRC\firmware\MKSDLP_Alter_Debug\Obj\stm32f4xx_hal_tim_ex.o
#        D:\Electronics\Projects\MKS_DLP_new\SRC\firmware\MKSDLP_Alter_Debug\Obj\stm32f4xx_it.o
#        D:\Electronics\Projects\MKS_DLP_new\SRC\firmware\MKSDLP_Alter_Debug\Obj\stm32f4xx_ll_fsmc.o
#        D:\Electronics\Projects\MKS_DLP_new\SRC\firmware\MKSDLP_Alter_Debug\Obj\stm32f4xx_ll_usb.o
#        D:\Electronics\Projects\MKS_DLP_new\SRC\firmware\MKSDLP_Alter_Debug\Obj\sys_timer.o
#        D:\Electronics\Projects\MKS_DLP_new\SRC\firmware\MKSDLP_Alter_Debug\Obj\system_stm32f4xx.o
#        D:\Electronics\Projects\MKS_DLP_new\SRC\firmware\MKSDLP_Alter_Debug\Obj\tgui.o
#        D:\Electronics\Projects\MKS_DLP_new\SRC\firmware\MKSDLP_Alter_Debug\Obj\tgui_clocksetscreenfuncs.o
#        D:\Electronics\Projects\MKS_DLP_new\SRC\firmware\MKSDLP_Alter_Debug\Obj\tgui_defaultfuncs.o
#        D:\Electronics\Projects\MKS_DLP_new\SRC\firmware\MKSDLP_Alter_Debug\Obj\tgui_filesscreenfuncs.o
#        D:\Electronics\Projects\MKS_DLP_new\SRC\firmware\MKSDLP_Alter_Debug\Obj\tgui_fileviewscreenfuncs.o
#        D:\Electronics\Projects\MKS_DLP_new\SRC\firmware\MKSDLP_Alter_Debug\Obj\tgui_infoscreenfuncs.o
#        D:\Electronics\Projects\MKS_DLP_new\SRC\firmware\MKSDLP_Alter_Debug\Obj\tgui_langscreenfuncs.o
#        D:\Electronics\Projects\MKS_DLP_new\SRC\firmware\MKSDLP_Alter_Debug\Obj\tgui_mainscreenfuncs.o
#        D:\Electronics\Projects\MKS_DLP_new\SRC\firmware\MKSDLP_Alter_Debug\Obj\tgui_messagebox.o
#        D:\Electronics\Projects\MKS_DLP_new\SRC\firmware\MKSDLP_Alter_Debug\Obj\tgui_movezscreenfuncs.o
#        D:\Electronics\Projects\MKS_DLP_new\SRC\firmware\MKSDLP_Alter_Debug\Obj\tgui_numenterscreenfuncs.o
#        D:\Electronics\Projects\MKS_DLP_new\SRC\firmware\MKSDLP_Alter_Debug\Obj\tgui_printscreenfuncs.o
#        D:\Electronics\Projects\MKS_DLP_new\SRC\firmware\MKSDLP_Alter_Debug\Obj\tgui_screensaverfuncs.o
#        D:\Electronics\Projects\MKS_DLP_new\SRC\firmware\MKSDLP_Alter_Debug\Obj\tgui_settingsscreenfuncs.o
#        D:\Electronics\Projects\MKS_DLP_new\SRC\firmware\MKSDLP_Alter_Debug\Obj\tgui_uvtestscreenfuncs.o
#        D:\Electronics\Projects\MKS_DLP_new\SRC\firmware\MKSDLP_Alter_Debug\Obj\tim.o
#        D:\Electronics\Projects\MKS_DLP_new\SRC\firmware\MKSDLP_Alter_Debug\Obj\touch.o
#        D:\Electronics\Projects\MKS_DLP_new\SRC\firmware\MKSDLP_Alter_Debug\Obj\unicode_utils.o
#        D:\Electronics\Projects\MKS_DLP_new\SRC\firmware\MKSDLP_Alter_Debug\Obj\usb_host.o
#        D:\Electronics\Projects\MKS_DLP_new\SRC\firmware\MKSDLP_Alter_Debug\Obj\usbh_conf.o
#        D:\Electronics\Projects\MKS_DLP_new\SRC\firmware\MKSDLP_Alter_Debug\Obj\usbh_core.o
#        D:\Electronics\Projects\MKS_DLP_new\SRC\firmware\MKSDLP_Alter_Debug\Obj\usbh_ctlreq.o
#        D:\Electronics\Projects\MKS_DLP_new\SRC\firmware\MKSDLP_Alter_Debug\Obj\usbh_diskio.o
#        D:\Electronics\Projects\MKS_DLP_new\SRC\firmware\MKSDLP_Alter_Debug\Obj\usbh_ioreq.o
#        D:\Electronics\Projects\MKS_DLP_new\SRC\firmware\MKSDLP_Alter_Debug\Obj\usbh_msc.o
#        D:\Electronics\Projects\MKS_DLP_new\SRC\firmware\MKSDLP_Alter_Debug\Obj\usbh_msc_bot.o
#        D:\Electronics\Projects\MKS_DLP_new\SRC\firmware\MKSDLP_Alter_Debug\Obj\usbh_msc_scsi.o
#        D:\Electronics\Projects\MKS_DLP_new\SRC\firmware\MKSDLP_Alter_Debug\Obj\usbh_pipes.o
#        D:\Electronics\Projects\MKS_DLP_new\SRC\firmware\MKSDLP_Alter_Debug\Obj\usbh_platform.o
#        D:\Electronics\Projects\MKS_DLP_new\SRC\firmware\MKSDLP_Alter_Debug\Obj\uvdisplay.o
#        D:\Electronics\Projects\MKS_DLP_new\SRC\firmware\MKSDLP_Alter_Debug\Obj\z_endstops.o
#        D:\Electronics\Projects\MKS_DLP_new\SRC\firmware\MKSDLP_Alter_Debug\Obj\z_planner.o
#        D:\Electronics\Projects\MKS_DLP_new\SRC\firmware\MKSDLP_Alter_Debug\Obj\z_stepper.o
#        --redirect _Printf=_PrintfFull --redirect _Scanf=_ScanfFull
#        --no_out_extension -o
#        D:\Electronics\Projects\MKS_DLP_new\SRC\firmware\MKSDLP_Alter_debug\Exe\MKS_DLP_new.out
#        --map
#        D:\Electronics\Projects\MKS_DLP_new\SRC\firmware\MKSDLP_Alter_debug\List\MKS_DLP_new.map
#        --log libraries,call_graph --log_file
#        D:\Electronics\Projects\MKS_DLP_new\SRC\firmware\MKSDLP_Alter_debug\List\MKS_DLP_new.log
#        --config
#        D:\Electronics\Projects\MKS_DLP_new\SRC\firmware/config/stm32f407xx_flash.icf
#        --semihosting --entry __iar_program_start --merge_duplicate_sections
#        --vfe --text_out locale)
#
###############################################################################

*******************************************************************************
*** RUNTIME MODEL ATTRIBUTES
***

CppFlavor                     = *
__CPP_Exceptions              = Disabled
__CPP_Language                = C++14
__Heap_Handler                = DLMalloc
__SystemLibrary               = DLib
__dlib_dynamic_initialization = normal
__dlib_version                = 6


*******************************************************************************
*** HEAP SELECTION
***

The advanced heap was selected because the application calls memory
allocation functions outside of system library functions, and there
are calls to deallocation functions in the application.


*******************************************************************************
*** PLACEMENT SUMMARY
***

"A0":  place at 0x801'0000 { ro section .intvec };
"P1":  place in [from 0x801'0000 to 0x807'ffff] { ro };
define block CSTACK with size = 16K, alignment = 8 { };
define block HEAP with size = 8K, alignment = 8 { };
"P2":  place in [from 0x2000'0000 to 0x2001'ffff] {
          rw, block CSTACK, block HEAP };
"P3":  place in [from 0x1000'0000 to 0x1000'ffff] { rw section CCMRAM };
initialize by copy { rw };

  Section                Kind         Address     Size  Object
  -------                ----         -------     ----  ------
"A0":                                            0x188
  .intvec                ro code   0x801'0000    0x188  startup_stm32f407xx.o [1]
                                 - 0x801'0188    0x188

"P1":                                          0x35d86
  .rodata                const     0x801'0188   0x66f0  fnt170num_lcd.o [1]
  .text                  ro code   0x801'6878   0x4a6c  tgui.o [1]
  .text                  ro code   0x801'b2e4     0x66  ABImemset.o [5]
  .text                  ro code   0x801'b34a     0x7a  lz77_init_single.o [5]
  .text                  ro code   0x801'b3c4    0xaf8  tgui_defaultfuncs.o [1]
  .text                  ro code   0x801'bebc     0xa6  ABImemcpy.o [5]
  .text                  ro code   0x801'bf62     0x3a  zero_init3.o [5]
  .text                  ro code   0x801'bf9c     0x40  languages.o [1]
  .text                  ro code   0x801'bfdc    0x754  tgui_messagebox.o [1]
  .text                  ro code   0x801'c730    0x20c  sys_timer.o [1]
  .text                  ro code   0x801'c93c    0x26c  datetime.o [1]
  .text                  ro code   0x801'cba8     0x40  sprintf.o [2]
  .text                  ro code   0x801'cbe8    0xc20  lcd_ui.o [1]
  .text                  ro code   0x801'd808    0x520  lcd_low.o [1]
  .text                  ro code   0x801'dd28   0x2be0  ff.o [1]
  .text                  ro code   0x802'0908    0x39a  unicode_utils.o [1]
  .text                  ro code   0x802'0ca2     0x26  xencoding_8859_1.o [2]
  .text                  ro code   0x802'0cc8    0x2d4  touch.o [1]
  .text                  ro code   0x802'0f9c     0x70  strncpy.o [5]
  .text                  ro code   0x802'100c    0x418  stm32f4xx_hal_rtc.o [1]
  .text                  ro code   0x802'1424      0xc  stm32f4xx_hal.o [1]
  .text                  ro code   0x802'1430    0xf46  xprintffull.o [2]
  .text                  ro code   0x802'2376     0x1e  xsscin.o [2]
  .text                  ro code   0x802'2394     0x28  stm32f4xx_hal.o [1]
  .text                  ro code   0x802'23bc    0x114  fsmc.o [1]
  .text                  ro code   0x802'24d0    0x458  stm32f4xx_hal_dma.o [1]
  .text                  ro code   0x802'2928    0x12c  stm32f4xx_hal_cortex.o [1]
  .text                  ro code   0x802'2a54     0xb0  diskio.o [1]
  .text                  ro code   0x802'2b04    0x144  ffunicode.o [1]
  .text                  ro code   0x802'2c48    0x158  fatfs.o [1]
  .text                  ro code   0x802'2da0    0x5b4  fst_spi.o [1]
  .text                  ro code   0x802'3354    0x104  xlocale_c.o [2]
  .text                  ro code   0x802'3458     0x16  strchr.o [5]
  .text                  ro code   0x802'346e      0xa  xsprout.o [2]
  .text                  ro code   0x802'3478     0x40  xfail_s.o [2]
  .text                  ro code   0x802'34b8     0x36  strlen.o [5]
  .rodata                const     0x802'34ee      0x2  languages.o [1]
  .text                  ro code   0x802'34f0     0x58  memchr.o [5]
  .text                  ro code   0x802'3548      0xa  xmbcurmax.o [2]
  .rodata                const     0x802'3552      0x2  languages.o [1]
  .text                  ro code   0x802'3554    0x230  I64DivMod.o [5]
  .text                  ro code   0x802'3784    0x1a2  DblMul.o [4]
  .rodata                const     0x802'3926      0x1  unwind_debug.o [6]
  .text                  ro code   0x802'3928     0x70  frexp.o [4]
  .text                  ro code   0x802'3998     0x2e  DblCmpLe.o [4]
  .text                  ro code   0x802'39c8     0x2e  DblCmpGe.o [4]
  .text                  ro code   0x802'39f8    0x13a  ldexp.o [4]
  .text                  ro code   0x802'3b34     0x3a  DblToS32.o [4]
  .text                  ro code   0x802'3b70     0x22  S32ToDbl.o [4]
  .text                  ro code   0x802'3b94     0xe2  DblSub.o [4]
  .text                  ro code   0x802'3c78    0x246  DblDiv.o [4]
  .text                  ro code   0x802'3ec0     0x28  DblToU32.o [4]
  .text                  ro code   0x802'3ee8     0x1a  U32ToDbl.o [4]
  .text                  ro code   0x802'3f04      0x6  ABImemclr4.o [5]
  .text                  ro code   0x802'3f0c     0x5c  stm32f4xx_hal_sram.o [1]
  .text                  ro code   0x802'3f68   0x1236  main.o [1]
  .text                  ro code   0x802'51a0    0x252  stm32f4xx_hal_gpio.o [1]
  .text                  ro code   0x802'53f4     0x54  ff_gen_drv.o [1]
  .text                  ro code   0x802'5448    0x766  stm32f4xx_hal_spi.o [1]
  .text                  ro code   0x802'5bae      0x6  abort.o [2]
  .text                  ro code   0x802'5bb4      0x2  stm32f4xx_hal_spi.o [1]
  .text                  ro code   0x802'5bb8    0x17a  DblAdd.o [4]
  .text                  ro code   0x802'5d34     0x32  ABImemset48.o [5]
  .text                  ro code   0x802'5d68     0xe4  stm32f4xx_ll_fsmc.o [1]
  .text                  ro code   0x802'5e4c     0x34  stm32f4xx_hal.o [1]
  .text                  ro code   0x802'5e80    0x2dc  gpio.o [1]
  .text                  ro code   0x802'615c    0x5e4  eeprom.o [1]
  .text                  ro code   0x802'6740    0xec4  config.o [1]
  .text                  ro code   0x802'7604    0x310  spi_flash.o [1]
  .text                  ro code   0x802'7914     0xc8  rtc.o [1]
  .text                  ro code   0x802'79dc    0x2f0  motor.o [1]
  .text                  ro code   0x802'7ccc    0x1da  cpld_utils.o [1]
  .text                  ro code   0x802'7ea8     0x1c  uvdisplay.o [1]
  .text                  ro code   0x802'7ec4    0x488  tgui_uvtestscreenfuncs.o [1]
  .text                  ro code   0x802'834c     0x20  usbh_platform.o [1]
  .text                  ro code   0x802'836c     0x8c  usb_host.o [1]
  .text                  ro code   0x802'83f8     0x12  strcmp.o [5]
  .text                  ro code   0x802'840c    0x3c8  tgui_screensaverfuncs.o [1]
  .text                  ro code   0x802'87d4     0x48  FltToDbl.o [4]
  .text                  ro code   0x802'881c     0x68  DblToFlt.o [4]
  .text                  ro code   0x802'8884    0x524  tgui_movezscreenfuncs.o [1]
  .text                  ro code   0x802'8da8    0x66c  printing.o [1]
  .text                  ro code   0x802'9414    0x3cc  prtfiles.o [1]
  .text                  ro code   0x802'97e0    0x3b4  stm32f4xx_hal_rcc.o [1]
  .text                  ro code   0x802'9b94    0x1f4  stm32f4xx_hal_rcc.o [1]
  .text                  ro code   0x802'9d88    0x150  stm32f4xx_hal_rcc_ex.o [1]
  .text                  ro code   0x802'9ed8     0x14  exit.o [6]
  .text                  ro code   0x802'9eec     0x4c  stm32f4xx_hal.o [1]
  .text                  ro code   0x802'9f38     0x40  stm32f4xx_hal_msp.o [1]
  .text                  ro code   0x802'9f78    0x1ea  stm32f4xx_hal_i2c.o [1]
  .text                  ro code   0x802'a164      0xe  math_wrappers64.o [4]
  .text                  ro code   0x802'a174    0x152  iar_Stoulx.o [2]
  .text                  ro code   0x802'a2c6     0x20  spi_flash.o [1]
  .text                  ro code   0x802'a2e8     0xe4  z_endstops.o [1]
  .text                  ro code   0x802'a3cc    0xe34  z_planner.o [1]
  .text                  ro code   0x802'b200    0x5a4  z_stepper.o [1]
  .text                  ro code   0x802'b7a4    0x1e8  tim.o [1]
  .text                  ro code   0x802'b98c    0x78a  stm32f4xx_hal_tim.o [1]
  .text                  ro code   0x802'c118     0x14  motor.o [1]
  .text                  ro code   0x802'c12c      0xc  z_endstops.o [1]
  .text                  ro code   0x802'c138     0x18  z_endstops.o [1]
  .text                  ro code   0x802'c150     0x20  z_stepper.o [1]
  .text                  ro code   0x802'c170     0x20  motor.o [1]
  .text                  ro code   0x802'c190     0x42  cpld_utils.o [1]
  .text                  ro code   0x802'c1d4    0x5c8  ssd_utils.o [1]
  .text                  ro code   0x802'c79c     0x18  strcpy.o [5]
  .text                  ro code   0x802'c7b4     0x1e  strcat.o [2]
  .text                  ro code   0x802'c7d2    0x79e  usbh_core.o [1]
  .text                  ro code   0x802'cf70    0x4cc  files_pws.o [1]
  .text                  ro code   0x802'd43c     0x1e  sqrtf.o [4]
  .text                  ro code   0x802'd45c    0x51c  strto64.o [4]
  .text                  ro code   0x802'd978     0x14  isspace.o [2]
  .text                  ro code   0x802'd98c     0x14  tolower.o [2]
  .text                  ro code   0x802'd9a0     0x18  z_stepper.o [1]
  .text                  ro code   0x802'd9b8     0x24  z_planner.o [1]
  .text                  ro code   0x802'd9dc     0x18  z_planner.o [1]
  .text                  ro code   0x802'd9f4      0x8  z_stepper.o [1]
  .text                  ro code   0x802'd9fc     0x3c  ceilf.o [4]
  .text                  ro code   0x802'da38     0xac  z_planner.o [1]
  .text                  ro code   0x802'dae4     0x3c  floorf.o [4]
  .text                  ro code   0x802'db20     0xbc  z_planner.o [1]
  .text                  ro code   0x802'dbdc     0x12  z_planner.o [1]
  .text                  ro code   0x802'dbee      0x8  z_planner.o [1]
  .text                  ro code   0x802'dbf8     0x20  z_stepper.o [1]
  .text                  ro code   0x802'dc18     0x10  z_stepper.o [1]
  .text                  ro code   0x802'dc28      0xc  z_stepper.o [1]
  .text                  ro code   0x802'dc34     0x38  z_planner.o [1]
  .text                  ro code   0x802'dc6c     0x18  z_planner.o [1]
  .text                  ro code   0x802'dc84     0x2e  lroundf.o [4]
  .text                  ro code   0x802'dcb4     0x1c  z_stepper.o [1]
  .text                  ro code   0x802'dcd0     0x2c  z_stepper.o [1]
  .text                  ro code   0x802'dcfc     0xac  stm32f4xx_hal_tim_ex.o [1]
  .text                  ro code   0x802'dda8    0x2f8  usbh_conf.o [1]
  .text                  ro code   0x802'e0a0     0xb6  usbh_pipes.o [1]
  .text                  ro code   0x802'e156    0x5bc  usbh_ctlreq.o [1]
  .text                  ro code   0x802'e712    0x122  iar_Stopfx.o [2]
  .text                  ro code   0x802'e834    0x1c4  iar_Stoflt.o [2]
  .text                  ro code   0x802'e9f8    0x21c  iar_Stoxflt.o [2]
  .text                  ro code   0x802'ec14     0x10  z_stepper.o [1]
  .text                  ro code   0x802'ec24      0xe  z_planner.o [1]
  .text                  ro code   0x802'ec34     0x1c  z_stepper.o [1]
  .text                  ro code   0x802'ec50   0x1060  stm32f4xx_hal_hcd.o [1]
  .text                  ro code   0x802'fcb0     0xd0  usbh_ioreq.o [1]
  .text                  ro code   0x802'fd80     0x14  isalpha.o [2]
  .text                  ro code   0x802'fd94    0x9c4  stm32f4xx_ll_usb.o [1]
  .rodata                const     0x803'0758   0x3b94  fnt36.o [1]
  .rodata                const     0x803'42ec   0x2094  fnt24bold.o [1]
  .rodata                const     0x803'6380   0x1a1c  fnt24.o [1]
  .text                  ro code   0x803'7d9c   0x14e0  dlmalloc.o [2]
  .text                  ro code   0x803'927c     0x2c  xgetmemchunk.o [2]
  .rodata                const     0x803'92a8   0x10c8  fnt18bold.o [1]
  .text                  ro code   0x803'a370    0xeb8  tgui_filesscreenfuncs.o [1]
  .text                  ro code   0x803'b228    0xb70  tgui_fileviewscreenfuncs.o [1]
  .rodata                const     0x803'bd98    0xea4  fnt18.o [1]
  .text                  ro code   0x803'cc3c    0xe58  xscanffull.o [2]
  .text                  ro code   0x803'da94     0x3c  wctob.o [2]
  .text                  ro code   0x803'dad0     0x9e  iar_Stollx.o [2]
  .text                  ro code   0x803'db70    0x1b2  iar_Stoullx.o [2]
  .text                  ro code   0x803'dd24    0x94c  tgui_printscreenfuncs.o [1]
  .text                  ro code   0x803'e670    0x8b4  usbh_msc.o [1]
  .text                  ro code   0x803'ef24    0x394  usbh_msc_bot.o [1]
  .text                  ro code   0x803'f2b8      0x4  heaptramp0.o [2]
  .text                  ro code   0x803'f2bc    0x3ea  usbh_msc_scsi.o [1]
  .rodata                const     0x803'f6a8    0x788  fnt12bold.o [1]
  .rodata                const     0x803'fe30    0x6b4  fnt12.o [1]
  .rodata                const     0x804'04e4    0x684  fnt36num.o [1]
  .text                  ro code   0x804'0b68    0x680  tgui_clocksetscreenfuncs.o [1]
  .text                  ro code   0x804'11e8    0x620  tgui_numenterscreenfuncs.o [1]
  .text                  ro code   0x804'1808     0x28  sscanf.o [2]
  .text                  ro code   0x804'1830    0x474  tgui_infoscreenfuncs.o [1]
  .text                  ro code   0x804'1ca4    0x400  tgui_settingsscreenfuncs.o [1]
  .rodata                const     0x804'20a4    0x1f4  ffunicode.o [1]
  .rodata                const     0x804'2298    0x1e4  languages.o [1]
  .rodata                const     0x804'247c    0x1e4  languages.o [1]
  .text                  ro code   0x804'2660    0x144  usbh_diskio.o [1]
  .rodata                const     0x804'27a4    0x140  fnt12.o [1]
  .rodata                const     0x804'28e4    0x140  fnt12bold.o [1]
  .rodata                const     0x804'2a24    0x140  fnt18.o [1]
  .rodata                const     0x804'2b64    0x140  fnt18bold.o [1]
  .rodata                const     0x804'2ca4    0x140  fnt24.o [1]
  .rodata                const     0x804'2de4    0x140  fnt24bold.o [1]
  .rodata                const     0x804'2f24    0x140  fnt36.o [1]
  .text                  ro code   0x804'3064    0x12c  spifl_diskio.o [1]
  .rodata                const     0x804'3190    0x100  ffunicode.o [1]
  .rodata                const     0x804'3290     0xc8  languages.o [1]
  .rodata                const     0x804'3358     0xbc  ffunicode.o [1]
  .rodata                const     0x804'3414     0x9c  languages.o [1]
  .text                  ro code   0x804'34b0     0x9c  stm32f4xx_it.o [1]
  .rodata                const     0x804'354c     0x80  ff.o [1]
  .rodata                const     0x804'35cc     0x78  languages.o [1]
  .rodata                const     0x804'3644     0x74  languages.o [1]
  .rodata                const     0x804'36b8     0x74  languages.o [1]
  .rodata                const     0x804'372c     0x70  languages.o [1]
  .rodata                const     0x804'379c     0x70  languages.o [1]
  .rodata                const     0x804'380c     0x68  languages.o [1]
  .rodata                const     0x804'3874     0x68  languages.o [1]
  .rodata                const     0x804'38dc     0x68  languages.o [1]
  .rodata                const     0x804'3944     0x54  languages.o [1]
  .rodata                const     0x804'3998     0x54  languages.o [1]
  .rodata                const     0x804'39ec     0x50  iar_Stoulx.o [2]
  .rodata                const     0x804'3a3c     0x50  iar_Stoullx.o [2]
  .rodata                const     0x804'3a8c     0x4c  languages.o [1]
  .rodata                const     0x804'3ad8     0x4c  xscanffull.o [2]
  .rodata                const     0x804'3b24     0x48  languages.o [1]
  .rodata                const     0x804'3b6c     0x44  languages.o [1]
  .rodata                const     0x804'3bb0     0x48  strto64.o [4]
  .rodata                const     0x804'3bf8     0x40  languages.o [1]
  .rodata                const     0x804'3c38     0x3c  languages.o [1]
  .rodata                const     0x804'3c74     0x3c  languages.o [1]
  .rodata                const     0x804'3cb0     0x3c  languages.o [1]
  .rodata                const     0x804'3cec     0x3c  languages.o [1]
  .rodata                const     0x804'3d28     0x3c  languages.o [1]
  .rodata                const     0x804'3d64     0x38  fnt170num_lcd.o [1]
  .rodata                const     0x804'3d9c     0x38  fnt36num.o [1]
  .rodata                const     0x804'3dd4     0x38  languages.o [1]
  .rodata                const     0x804'3e0c     0x38  languages.o [1]
  .rodata                const     0x804'3e44     0x38  main.o [1]
  .rodata                const     0x804'3e7c     0x34  languages.o [1]
  .rodata                const     0x804'3eb0     0x34  languages.o [1]
  .rodata                const     0x804'3ee4     0x34  languages.o [1]
  .rodata                const     0x804'3f18     0x34  main.o [1]
  .rodata                const     0x804'3f4c     0x34  main.o [1]
  .rodata                const     0x804'3f80     0x30  languages.o [1]
  .rodata                const     0x804'3fb0     0x30  languages.o [1]
  .rodata                const     0x804'3fe0     0x30  languages.o [1]
  .rodata                const     0x804'4010     0x30  languages.o [1]
  .rodata                const     0x804'4040     0x30  main.o [1]
  .rodata                const     0x804'4070     0x30  main.o [1]
  .rodata                const     0x804'40a0     0x30  main.o [1]
  .rodata                const     0x804'40d0     0x2c  languages.o [1]
  .rodata                const     0x804'40fc     0x2c  languages.o [1]
  .rodata                const     0x804'4128     0x2c  languages.o [1]
  .rodata                const     0x804'4154     0x2c  main.o [1]
  .rodata                const     0x804'4180     0x2c  main.o [1]
  .rodata                const     0x804'41ac     0x28  languages.o [1]
  .rodata                const     0x804'41d4     0x28  languages.o [1]
  .rodata                const     0x804'41fc     0x28  main.o [1]
  .rodata                const     0x804'4224     0x28  xscanffull.o [2]
  .text                  ro code   0x804'424c     0x28  data_init.o [5]
  .rodata                const     0x804'4274     0x24  languages.o [1]
  .rodata                const     0x804'4298     0x24  languages.o [1]
  .rodata                const     0x804'42bc     0x24  languages.o [1]
  .rodata                const     0x804'42e0     0x24  main.o [1]
  .rodata                const     0x804'4304     0x24  tgui_infoscreenfuncs.o [1]
  .text                  ro code   0x804'4328     0x22  fpinit_M.o [4]
  .iar.init_table        const     0x804'434c     0x24  - Linker created -
  .rodata                const     0x804'4370     0x20  languages.o [1]
  .rodata                const     0x804'4390     0x20  languages.o [1]
  .rodata                const     0x804'43b0     0x20  languages.o [1]
  .rodata                const     0x804'43d0     0x20  languages.o [1]
  .rodata                const     0x804'43f0     0x20  languages.o [1]
  .rodata                const     0x804'4410     0x20  languages.o [1]
  .rodata                const     0x804'4430     0x20  languages.o [1]
  .rodata                const     0x804'4450     0x20  main.o [1]
  .rodata                const     0x804'4470     0x20  tgui.o [1]
  .rodata                const     0x804'4490     0x20  tgui.o [1]
  .rodata                const     0x804'44b0     0x20  tgui.o [1]
  .rodata                const     0x804'44d0     0x20  tgui.o [1]
  .rodata                const     0x804'44f0     0x20  tgui.o [1]
  .rodata                const     0x804'4510     0x20  tgui.o [1]
  .rodata                const     0x804'4530     0x20  tgui.o [1]
  .rodata                const     0x804'4550     0x20  tgui_printscreenfuncs.o [1]
  .text                  ro code   0x804'4570     0x20  system_stm32f4xx.o [1]
  .text                  ro code   0x804'4590     0x20  cmain_call_ctors.o [5]
  .text                  ro code   0x804'45b0     0x18  cppinit.o [2]
  .text                  ro code   0x804'45c8     0x1e  cmain.o [5]
  .text                  ro code   0x804'45e6      0x4  low_level_init.o [2]
  .text                  ro code   0x804'45ea      0x4  exit.o [2]
  .text                  ro code   0x804'45f0      0xa  cexit.o [5]
  .rodata                const     0x804'45fc     0x1c  languages.o [1]
  .rodata                const     0x804'4618     0x1c  languages.o [1]
  .rodata                const     0x804'4634     0x1c  languages.o [1]
  .rodata                const     0x804'4650     0x1c  languages.o [1]
  .rodata                const     0x804'466c     0x1c  languages.o [1]
  .rodata                const     0x804'4688     0x1c  languages.o [1]
  .rodata                const     0x804'46a4     0x1c  languages.o [1]
  .rodata                const     0x804'46c0     0x1c  languages.o [1]
  .rodata                const     0x804'46dc     0x1c  languages.o [1]
  .rodata                const     0x804'46f8     0x1c  languages.o [1]
  .rodata                const     0x804'4714     0x1c  languages.o [1]
  .rodata                const     0x804'4730     0x1c  tgui.o [1]
  .rodata                const     0x804'474c     0x1c  tgui.o [1]
  .rodata                const     0x804'4768     0x1c  tgui.o [1]
  .rodata                const     0x804'4784     0x1c  tgui.o [1]
  .rodata                const     0x804'47a0     0x1c  tgui.o [1]
  .rodata                const     0x804'47bc     0x1c  tgui.o [1]
  .rodata                const     0x804'47d8     0x1c  tgui.o [1]
  .rodata                const     0x804'47f4     0x1c  tgui.o [1]
  .rodata                const     0x804'4810     0x1c  tgui.o [1]
  .rodata                const     0x804'482c     0x1c  tgui.o [1]
  .rodata                const     0x804'4848     0x1c  tgui.o [1]
  .rodata                const     0x804'4864     0x1c  tgui.o [1]
  .rodata                const     0x804'4880     0x1c  tgui.o [1]
  .rodata                const     0x804'489c     0x1c  tgui.o [1]
  .rodata                const     0x804'48b8     0x1c  tgui.o [1]
  .rodata                const     0x804'48d4     0x1c  tgui.o [1]
  .rodata                const     0x804'48f0     0x1c  tgui.o [1]
  .rodata                const     0x804'490c     0x1c  tgui.o [1]
  .rodata                const     0x804'4928     0x1c  tgui.o [1]
  .rodata                const     0x804'4944     0x1c  tgui.o [1]
  .rodata                const     0x804'4960     0x1c  tgui.o [1]
  .rodata                const     0x804'497c     0x1c  tgui.o [1]
  .rodata                const     0x804'4998     0x1c  tgui.o [1]
  .rodata                const     0x804'49b4     0x1c  tgui.o [1]
  .rodata                const     0x804'49d0     0x1c  tgui.o [1]
  .rodata                const     0x804'49ec     0x1c  tgui.o [1]
  .rodata                const     0x804'4a08     0x1c  tgui.o [1]
  .rodata                const     0x804'4a24     0x1c  tgui.o [1]
  .rodata                const     0x804'4a40     0x1c  tgui.o [1]
  .rodata                const     0x804'4a5c     0x1c  tgui.o [1]
  .rodata                const     0x804'4a78     0x1c  tgui.o [1]
  .rodata                const     0x804'4a94     0x1c  tgui.o [1]
  .rodata                const     0x804'4ab0     0x1c  tgui.o [1]
  .rodata                const     0x804'4acc     0x1c  tgui.o [1]
  .rodata                const     0x804'4ae8     0x1c  tgui.o [1]
  .rodata                const     0x804'4b04     0x1c  tgui_fileviewscreenfuncs.o [1]
  .rodata                const     0x804'4b20     0x1c  tgui_infoscreenfuncs.o [1]
  .text                  ro code   0x804'4b3c     0x1c  tgui_langscreenfuncs.o [1]
  .rodata                const     0x804'4b58     0x18  config.o [1]
  .rodata                const     0x804'4b70     0x18  config.o [1]
  .rodata                const     0x804'4b88     0x18  config.o [1]
  .rodata                const     0x804'4ba0     0x18  config.o [1]
  .rodata                const     0x804'4bb8     0x18  config.o [1]
  .rodata                const     0x804'4bd0     0x18  datetime.o [1]
  .rodata                const     0x804'4be8     0x18  datetime.o [1]
  .rodata                const     0x804'4c00     0x18  languages.o [1]
  .rodata                const     0x804'4c18     0x18  languages.o [1]
  .rodata                const     0x804'4c30     0x18  languages.o [1]
  .rodata                const     0x804'4c48     0x18  languages.o [1]
  .rodata                const     0x804'4c60     0x18  languages.o [1]
  .rodata                const     0x804'4c78     0x18  languages.o [1]
  .rodata                const     0x804'4c90     0x18  main.o [1]
  .rodata                const     0x804'4ca8     0x18  main.o [1]
  .rodata                const     0x804'4cc0     0x18  main.o [1]
  .rodata                const     0x804'4cd8     0x18  tgui.o [1]
  .rodata                const     0x804'4cf0     0x18  tgui.o [1]
  .rodata                const     0x804'4d08     0x18  tgui.o [1]
  .rodata                const     0x804'4d20     0x18  tgui.o [1]
  .rodata                const     0x804'4d38     0x18  tgui.o [1]
  .rodata                const     0x804'4d50     0x18  tgui.o [1]
  .rodata                const     0x804'4d68     0x18  tgui.o [1]
  .rodata                const     0x804'4d80     0x18  tgui.o [1]
  .rodata                const     0x804'4d98     0x18  tgui.o [1]
  .rodata                const     0x804'4db0     0x18  tgui.o [1]
  .rodata                const     0x804'4dc8     0x18  tgui.o [1]
  .rodata                const     0x804'4de0     0x18  tgui.o [1]
  .rodata                const     0x804'4df8     0x18  tgui.o [1]
  .rodata                const     0x804'4e10     0x18  tgui.o [1]
  .rodata                const     0x804'4e28     0x18  tgui.o [1]
  .rodata                const     0x804'4e40     0x18  tgui.o [1]
  .rodata                const     0x804'4e58     0x18  tgui.o [1]
  .rodata                const     0x804'4e70     0x18  tgui.o [1]
  .rodata                const     0x804'4e88     0x18  tgui.o [1]
  .rodata                const     0x804'4ea0     0x18  tgui.o [1]
  .rodata                const     0x804'4eb8     0x18  tgui.o [1]
  .rodata                const     0x804'4ed0     0x18  tgui.o [1]
  .rodata                const     0x804'4ee8     0x18  tgui.o [1]
  .rodata                const     0x804'4f00     0x18  tgui.o [1]
  .rodata                const     0x804'4f18     0x18  tgui.o [1]
  .rodata                const     0x804'4f30     0x18  tgui.o [1]
  .rodata                const     0x804'4f48     0x18  tgui.o [1]
  .rodata                const     0x804'4f60     0x18  tgui_filesscreenfuncs.o [1]
  .rodata                const     0x804'4f78     0x18  tgui_filesscreenfuncs.o [1]
  .rodata                const     0x804'4f90     0x14  config.o [1]
  .rodata                const     0x804'4fa4     0x14  config.o [1]
  .rodata                const     0x804'4fb8     0x14  config.o [1]
  .rodata                const     0x804'4fcc     0x14  config.o [1]
  .rodata                const     0x804'4fe0     0x14  ff.o [1]
  .rodata                const     0x804'4ff4     0x14  ff.o [1]
  .rodata                const     0x804'5008     0x14  languages.o [1]
  .rodata                const     0x804'501c     0x14  languages.o [1]
  .rodata                const     0x804'5030     0x14  languages.o [1]
  .rodata                const     0x804'5044     0x14  languages.o [1]
  .rodata                const     0x804'5058     0x14  languages.o [1]
  .rodata                const     0x804'506c     0x14  languages.o [1]
  .rodata                const     0x804'5080     0x14  languages.o [1]
  .rodata                const     0x804'5094     0x14  languages.o [1]
  .rodata                const     0x804'50a8     0x14  languages.o [1]
  .rodata                const     0x804'50bc     0x14  languages.o [1]
  .rodata                const     0x804'50d0     0x14  languages.o [1]
  .rodata                const     0x804'50e4     0x14  languages.o [1]
  .rodata                const     0x804'50f8     0x14  spifl_diskio.o [1]
  .rodata                const     0x804'510c     0x14  tgui.o [1]
  .rodata                const     0x804'5120     0x14  tgui.o [1]
  .rodata                const     0x804'5134     0x14  tgui.o [1]
  .rodata                const     0x804'5148     0x14  tgui.o [1]
  .rodata                const     0x804'515c     0x14  tgui.o [1]
  .rodata                const     0x804'5170     0x14  tgui.o [1]
  .rodata                const     0x804'5184     0x14  tgui.o [1]
  .rodata                const     0x804'5198     0x14  tgui_filesscreenfuncs.o [1]
  .rodata                const     0x804'51ac     0x14  tgui_filesscreenfuncs.o [1]
  .rodata                const     0x804'51c0     0x14  tgui_infoscreenfuncs.o [1]
  .rodata                const     0x804'51d4     0x14  tgui_uvtestscreenfuncs.o [1]
  .rodata                const     0x804'51e8     0x14  tgui_uvtestscreenfuncs.o [1]
  .rodata                const     0x804'51fc     0x14  tgui_uvtestscreenfuncs.o [1]
  .rodata                const     0x804'5210     0x14  usbh_diskio.o [1]
  .rodata                const     0x804'5224     0x10  config.o [1]
  .rodata                const     0x804'5234     0x10  config.o [1]
  .rodata                const     0x804'5244     0x10  config.o [1]
  .rodata                const     0x804'5254     0x10  config.o [1]
  .rodata                const     0x804'5264     0x10  config.o [1]
  .rodata                const     0x804'5274     0x10  config.o [1]
  .rodata                const     0x804'5284     0x10  ff.o [1]
  .rodata                const     0x804'5294     0x10  ff.o [1]
  .rodata                const     0x804'52a4     0x10  ff.o [1]
  .rodata                const     0x804'52b4     0x10  ff.o [1]
  .rodata                const     0x804'52c4     0x10  languages.o [1]
  .rodata                const     0x804'52d4     0x10  languages.o [1]
  .rodata                const     0x804'52e4     0x10  languages.o [1]
  .rodata                const     0x804'52f4     0x10  languages.o [1]
  .rodata                const     0x804'5304     0x10  languages.o [1]
  .rodata                const     0x804'5314     0x10  languages.o [1]
  .rodata                const     0x804'5324     0x10  languages.o [1]
  .rodata                const     0x804'5334     0x10  languages.o [1]
  .rodata                const     0x804'5344     0x10  languages.o [1]
  .rodata                const     0x804'5354     0x10  languages.o [1]
  .rodata                const     0x804'5364     0x10  languages.o [1]
  .rodata                const     0x804'5374     0x10  languages.o [1]
  .rodata                const     0x804'5384     0x10  languages.o [1]
  .rodata                const     0x804'5394     0x10  languages.o [1]
  .rodata                const     0x804'53a4     0x10  languages.o [1]
  .rodata                const     0x804'53b4     0x10  languages.o [1]
  .rodata                const     0x804'53c4     0x10  languages.o [1]
  .rodata                const     0x804'53d4     0x10  languages.o [1]
  .rodata                const     0x804'53e4     0x10  languages.o [1]
  .rodata                const     0x804'53f4     0x10  languages.o [1]
  .rodata                const     0x804'5404     0x10  languages.o [1]
  .rodata                const     0x804'5414     0x10  main.o [1]
  .rodata                const     0x804'5424     0x10  main.o [1]
  .rodata                const     0x804'5434     0x10  system_stm32f4xx.o [1]
  .rodata                const     0x804'5444     0x10  tgui.o [1]
  .rodata                const     0x804'5454     0x10  tgui.o [1]
  .rodata                const     0x804'5464     0x10  tgui.o [1]
  .rodata                const     0x804'5474     0x10  tgui.o [1]
  .rodata                const     0x804'5484     0x10  tgui.o [1]
  .rodata                const     0x804'5494     0x10  tgui.o [1]
  .rodata                const     0x804'54a4     0x10  tgui.o [1]
  .rodata                const     0x804'54b4     0x10  tgui_defaultfuncs.o [1]
  .text                  ro code   0x804'54c4     0x10  startup_stm32f407xx.o [1]
  .rodata                const     0x804'54d4      0xc  config.o [1]
  .rodata                const     0x804'54e0      0xc  config.o [1]
  .rodata                const     0x804'54ec      0xc  config.o [1]
  .rodata                const     0x804'54f8      0xc  config.o [1]
  .rodata                const     0x804'5504      0xc  config.o [1]
  .rodata                const     0x804'5510      0xc  config.o [1]
  .rodata                const     0x804'551c      0xc  config.o [1]
  .rodata                const     0x804'5528      0xc  ff.o [1]
  .rodata                const     0x804'5534      0xc  ff.o [1]
  .rodata                const     0x804'5540      0xc  files_pws.o [1]
  .rodata                const     0x804'554c      0xc  files_pws.o [1]
  .rodata                const     0x804'5558      0xc  languages.o [1]
  .rodata                const     0x804'5564      0xc  languages.o [1]
  .rodata                const     0x804'5570      0xc  languages.o [1]
  .rodata                const     0x804'557c      0xc  languages.o [1]
  .rodata                const     0x804'5588      0xc  languages.o [1]
  .rodata                const     0x804'5594      0xc  languages.o [1]
  .rodata                const     0x804'55a0      0xc  languages.o [1]
  .rodata                const     0x804'55ac      0xc  languages.o [1]
  .rodata                const     0x804'55b8      0xc  languages.o [1]
  .rodata                const     0x804'55c4      0xc  languages.o [1]
  .rodata                const     0x804'55d0      0xc  languages.o [1]
  .rodata                const     0x804'55dc      0xc  languages.o [1]
  .rodata                const     0x804'55e8      0xc  languages.o [1]
  .rodata                const     0x804'55f4      0xc  languages.o [1]
  .rodata                const     0x804'5600      0xc  languages.o [1]
  .rodata                const     0x804'560c      0xc  languages.o [1]
  .rodata                const     0x804'5618      0xc  languages.o [1]
  .rodata                const     0x804'5624      0xc  languages.o [1]
  .rodata                const     0x804'5630      0xc  languages.o [1]
  .rodata                const     0x804'563c      0xc  languages.o [1]
  .rodata                const     0x804'5648      0xc  languages.o [1]
  .rodata                const     0x804'5654      0xc  languages.o [1]
  .rodata                const     0x804'5660      0xc  languages.o [1]
  .rodata                const     0x804'566c      0xc  languages.o [1]
  .rodata                const     0x804'5678      0xc  languages.o [1]
  .rodata                const     0x804'5684      0xc  languages.o [1]
  .rodata                const     0x804'5690      0xc  languages.o [1]
  .rodata                const     0x804'569c      0xc  languages.o [1]
  .rodata                const     0x804'56a8      0xc  languages.o [1]
  .rodata                const     0x804'56b4      0xc  languages.o [1]
  .rodata                const     0x804'56c0      0xc  languages.o [1]
  .rodata                const     0x804'56cc      0xc  languages.o [1]
  .rodata                const     0x804'56d8      0xc  languages.o [1]
  .rodata                const     0x804'56e4      0xc  languages.o [1]
  .rodata                const     0x804'56f0      0xc  languages.o [1]
  .rodata                const     0x804'56fc      0xc  main.o [1]
  .rodata                const     0x804'5708      0xc  main.o [1]
  .rodata                const     0x804'5714      0xc  tgui.o [1]
  .rodata                const     0x804'5720      0xc  tgui_clocksetscreenfuncs.o [1]
  .rodata                const     0x804'572c      0xc  tgui_fileviewscreenfuncs.o [1]
  .rodata                const     0x804'5738      0xc  tgui_fileviewscreenfuncs.o [1]
  .rodata                const     0x804'5744      0xc  tgui_fileviewscreenfuncs.o [1]
  .rodata                const     0x804'5750      0xc  tgui_fileviewscreenfuncs.o [1]
  .rodata                const     0x804'575c      0xc  tgui_screensaverfuncs.o [1]
  .rodata                const     0x804'5768      0xc  tgui_screensaverfuncs.o [1]
  .text                  ro code   0x804'5774      0xc  cstartup_M.o [5]
  .rodata                const     0x804'5780      0x8  config.o [1]
  .rodata                const     0x804'5788      0x8  config.o [1]
  .rodata                const     0x804'5790      0x8  ff.o [1]
  .rodata                const     0x804'5798      0x8  ff.o [1]
  .rodata                const     0x804'57a0      0x8  files_pws.o [1]
  .rodata                const     0x804'57a8      0x8  files_pws.o [1]
  .rodata                const     0x804'57b0      0x8  languages.o [1]
  .rodata                const     0x804'57b8      0x8  languages.o [1]
  .rodata                const     0x804'57c0      0x8  languages.o [1]
  .rodata                const     0x804'57c8      0x8  languages.o [1]
  .rodata                const     0x804'57d0      0x8  languages.o [1]
  .rodata                const     0x804'57d8      0x8  languages.o [1]
  .rodata                const     0x804'57e0      0x8  languages.o [1]
  .rodata                const     0x804'57e8      0x8  languages.o [1]
  .rodata                const     0x804'57f0      0x8  languages.o [1]
  .rodata                const     0x804'57f8      0x8  languages.o [1]
  .rodata                const     0x804'5800      0x8  languages.o [1]
  .rodata                const     0x804'5808      0x8  languages.o [1]
  .rodata                const     0x804'5810      0x8  languages.o [1]
  .rodata                const     0x804'5818      0x8  languages.o [1]
  .rodata                const     0x804'5820      0x8  languages.o [1]
  .rodata                const     0x804'5828      0x8  languages.o [1]
  .rodata                const     0x804'5830      0x8  languages.o [1]
  .rodata                const     0x804'5838      0x8  languages.o [1]
  .rodata                const     0x804'5840      0x8  languages.o [1]
  .rodata                const     0x804'5848      0x8  languages.o [1]
  .rodata                const     0x804'5850      0x8  languages.o [1]
  .rodata                const     0x804'5858      0x8  languages.o [1]
  .rodata                const     0x804'5860      0x8  languages.o [1]
  .rodata                const     0x804'5868      0x8  languages.o [1]
  .rodata                const     0x804'5870      0x8  languages.o [1]
  .rodata                const     0x804'5878      0x8  languages.o [1]
  .rodata                const     0x804'5880      0x8  languages.o [1]
  .rodata                const     0x804'5888      0x8  languages.o [1]
  .rodata                const     0x804'5890      0x8  languages.o [1]
  .rodata                const     0x804'5898      0x8  languages.o [1]
  .rodata                const     0x804'58a0      0x8  languages.o [1]
  .rodata                const     0x804'58a8      0x8  languages.o [1]
  .rodata                const     0x804'58b0      0x8  languages.o [1]
  .rodata                const     0x804'58b8      0x8  languages.o [1]
  .rodata                const     0x804'58c0      0x8  languages.o [1]
  .rodata                const     0x804'58c8      0x8  languages.o [1]
  .rodata                const     0x804'58d0      0x8  languages.o [1]
  .rodata                const     0x804'58d8      0x8  languages.o [1]
  .rodata                const     0x804'58e0      0x8  languages.o [1]
  .rodata                const     0x804'58e8      0x8  languages.o [1]
  .rodata                const     0x804'58f0      0x8  languages.o [1]
  .rodata                const     0x804'58f8      0x8  languages.o [1]
  .rodata                const     0x804'5900      0x8  languages.o [1]
  .rodata                const     0x804'5908      0x8  languages.o [1]
  .rodata                const     0x804'5910      0x8  languages.o [1]
  .rodata                const     0x804'5918      0x8  languages.o [1]
  .rodata                const     0x804'5920      0x8  languages.o [1]
  .rodata                const     0x804'5928      0x8  languages.o [1]
  .rodata                const     0x804'5930      0x8  languages.o [1]
  .rodata                const     0x804'5938      0x8  languages.o [1]
  .rodata                const     0x804'5940      0x8  languages.o [1]
  .rodata                const     0x804'5948      0x8  languages.o [1]
  .rodata                const     0x804'5950      0x8  languages.o [1]
  .rodata                const     0x804'5958      0x8  languages.o [1]
  .rodata                const     0x804'5960      0x8  languages.o [1]
  .rodata                const     0x804'5968      0x8  languages.o [1]
  .rodata                const     0x804'5970      0x8  languages.o [1]
  .rodata                const     0x804'5978      0x8  languages.o [1]
  .rodata                const     0x804'5980      0x8  languages.o [1]
  .rodata                const     0x804'5988      0x8  main.o [1]
  .rodata                const     0x804'5990      0x8  stm32f4xx_hal_dma.o [1]
  .rodata                const     0x804'5998      0x8  system_stm32f4xx.o [1]
  .rodata                const     0x804'59a0      0x8  tgui.o [1]
  .rodata                const     0x804'59a8      0x8  tgui.o [1]
  .rodata                const     0x804'59b0      0x8  tgui.o [1]
  .rodata                const     0x804'59b8      0x8  tgui.o [1]
  .rodata                const     0x804'59c0      0x8  tgui.o [1]
  .rodata                const     0x804'59c8      0x8  tgui.o [1]
  .rodata                const     0x804'59d0      0x8  tgui.o [1]
  .rodata                const     0x804'59d8      0x8  tgui.o [1]
  .rodata                const     0x804'59e0      0x8  tgui.o [1]
  .rodata                const     0x804'59e8      0x8  tgui.o [1]
  .rodata                const     0x804'59f0      0x8  tgui.o [1]
  .rodata                const     0x804'59f8      0x8  tgui.o [1]
  .rodata                const     0x804'5a00      0x8  tgui.o [1]
  .rodata                const     0x804'5a08      0x8  tgui.o [1]
  .rodata                const     0x804'5a10      0x8  tgui.o [1]
  .rodata                const     0x804'5a18      0x8  tgui.o [1]
  .rodata                const     0x804'5a20      0x8  tgui.o [1]
  .rodata                const     0x804'5a28      0x8  tgui.o [1]
  .rodata                const     0x804'5a30      0x8  tgui.o [1]
  .rodata                const     0x804'5a38      0x8  tgui.o [1]
  .rodata                const     0x804'5a40      0x8  tgui.o [1]
  .rodata                const     0x804'5a48      0x8  tgui.o [1]
  .rodata                const     0x804'5a50      0x8  tgui.o [1]
  .rodata                const     0x804'5a58      0x8  tgui.o [1]
  .rodata                const     0x804'5a60      0x8  tgui.o [1]
  .rodata                const     0x804'5a68      0x8  tgui.o [1]
  .rodata                const     0x804'5a70      0x8  tgui.o [1]
  .rodata                const     0x804'5a78      0x8  tgui.o [1]
  .rodata                const     0x804'5a80      0x8  tgui.o [1]
  .rodata                const     0x804'5a88      0x8  tgui.o [1]
  .rodata                const     0x804'5a90      0x8  tgui.o [1]
  .rodata                const     0x804'5a98      0x8  tgui.o [1]
  .rodata                const     0x804'5aa0      0x8  tgui.o [1]
  .rodata                const     0x804'5aa8      0x8  tgui.o [1]
  .rodata                const     0x804'5ab0      0x8  tgui.o [1]
  .rodata                const     0x804'5ab8      0x8  tgui.o [1]
  .rodata                const     0x804'5ac0      0x8  tgui.o [1]
  .rodata                const     0x804'5ac8      0x8  tgui.o [1]
  .rodata                const     0x804'5ad0      0x8  tgui.o [1]
  .rodata                const     0x804'5ad8      0x8  tgui.o [1]
  .rodata                const     0x804'5ae0      0x8  tgui.o [1]
  .rodata                const     0x804'5ae8      0x8  tgui.o [1]
  .rodata                const     0x804'5af0      0x8  tgui.o [1]
  .rodata                const     0x804'5af8      0x8  tgui.o [1]
  .rodata                const     0x804'5b00      0x8  tgui.o [1]
  .rodata                const     0x804'5b08      0x8  tgui.o [1]
  .rodata                const     0x804'5b10      0x8  tgui.o [1]
  .rodata                const     0x804'5b18      0x8  tgui.o [1]
  .rodata                const     0x804'5b20      0x8  tgui.o [1]
  .rodata                const     0x804'5b28      0x8  tgui.o [1]
  .rodata                const     0x804'5b30      0x8  tgui.o [1]
  .rodata                const     0x804'5b38      0x8  tgui.o [1]
  .rodata                const     0x804'5b40      0x8  tgui.o [1]
  .rodata                const     0x804'5b48      0x8  tgui.o [1]
  .rodata                const     0x804'5b50      0x8  tgui.o [1]
  .rodata                const     0x804'5b58      0x8  tgui.o [1]
  .rodata                const     0x804'5b60      0x8  tgui.o [1]
  .rodata                const     0x804'5b68      0x8  tgui.o [1]
  .rodata                const     0x804'5b70      0x8  tgui.o [1]
  .rodata                const     0x804'5b78      0x8  tgui.o [1]
  .rodata                const     0x804'5b80      0x8  tgui.o [1]
  .rodata                const     0x804'5b88      0x8  tgui.o [1]
  .rodata                const     0x804'5b90      0x8  tgui.o [1]
  .rodata                const     0x804'5b98      0x8  tgui.o [1]
  .rodata                const     0x804'5ba0      0x8  tgui.o [1]
  .rodata                const     0x804'5ba8      0x8  tgui.o [1]
  .rodata                const     0x804'5bb0      0x8  tgui.o [1]
  .rodata                const     0x804'5bb8      0x8  tgui.o [1]
  .rodata                const     0x804'5bc0      0x8  tgui.o [1]
  .rodata                const     0x804'5bc8      0x8  tgui.o [1]
  .rodata                const     0x804'5bd0      0x8  tgui.o [1]
  .rodata                const     0x804'5bd8      0x8  tgui.o [1]
  .rodata                const     0x804'5be0      0x8  tgui.o [1]
  .rodata                const     0x804'5be8      0x8  tgui.o [1]
  .rodata                const     0x804'5bf0      0x8  tgui.o [1]
  .rodata                const     0x804'5bf8      0x8  tgui.o [1]
  .rodata                const     0x804'5c00      0x8  tgui.o [1]
  .rodata                const     0x804'5c08      0x8  tgui.o [1]
  .rodata                const     0x804'5c10      0x8  tgui.o [1]
  .rodata                const     0x804'5c18      0x8  tgui.o [1]
  .rodata                const     0x804'5c20      0x8  tgui.o [1]
  .rodata                const     0x804'5c28      0x8  tgui.o [1]
  .rodata                const     0x804'5c30      0x8  tgui.o [1]
  .rodata                const     0x804'5c38      0x8  tgui.o [1]
  .rodata                const     0x804'5c40      0x8  tgui.o [1]
  .rodata                const     0x804'5c48      0x8  tgui.o [1]
  .rodata                const     0x804'5c50      0x8  tgui.o [1]
  .rodata                const     0x804'5c58      0x8  tgui.o [1]
  .rodata                const     0x804'5c60      0x8  tgui.o [1]
  .rodata                const     0x804'5c68      0x8  tgui.o [1]
  .rodata                const     0x804'5c70      0x8  tgui.o [1]
  .rodata                const     0x804'5c78      0x8  tgui.o [1]
  .rodata                const     0x804'5c80      0x8  tgui.o [1]
  .rodata                const     0x804'5c88      0x8  tgui.o [1]
  .rodata                const     0x804'5c90      0x8  tgui.o [1]
  .rodata                const     0x804'5c98      0x8  tgui.o [1]
  .rodata                const     0x804'5ca0      0x8  tgui.o [1]
  .rodata                const     0x804'5ca8      0x8  tgui.o [1]
  .rodata                const     0x804'5cb0      0x8  tgui.o [1]
  .rodata                const     0x804'5cb8      0x8  tgui.o [1]
  .rodata                const     0x804'5cc0      0x8  tgui.o [1]
  .rodata                const     0x804'5cc8      0x8  tgui.o [1]
  .rodata                const     0x804'5cd0      0x8  tgui.o [1]
  .rodata                const     0x804'5cd8      0x8  tgui.o [1]
  .rodata                const     0x804'5ce0      0x8  tgui.o [1]
  .rodata                const     0x804'5ce8      0x8  tgui.o [1]
  .rodata                const     0x804'5cf0      0x8  tgui.o [1]
  .rodata                const     0x804'5cf8      0x8  tgui.o [1]
  .rodata                const     0x804'5d00      0x8  tgui.o [1]
  .rodata                const     0x804'5d08      0x8  tgui.o [1]
  .rodata                const     0x804'5d10      0x8  tgui_clocksetscreenfuncs.o [1]
  .rodata                const     0x804'5d18      0x8  tgui_filesscreenfuncs.o [1]
  .rodata                const     0x804'5d20      0x8  tgui_filesscreenfuncs.o [1]
  .rodata                const     0x804'5d28      0x8  tgui_infoscreenfuncs.o [1]
  .rodata                const     0x804'5d30      0x8  tgui_numenterscreenfuncs.o [1]
  .rodata                const     0x804'5d38      0x8  tgui_printscreenfuncs.o [1]
  .rodata                const     0x804'5d40      0x8  tgui_printscreenfuncs.o [1]
  .rodata                const     0x804'5d48      0x8  tgui_settingsscreenfuncs.o [1]
  .rodata                const     0x804'5d50      0x8  tim.o [1]
  .rodata                const     0x804'5d58      0x6  xlocale_c.o [2]
  .rodata                const     0x804'5d60      0x4  languages.o [1]
  .rodata                const     0x804'5d64      0x4  languages.o [1]
  .rodata                const     0x804'5d68      0x4  languages.o [1]
  .rodata                const     0x804'5d6c      0x4  languages.o [1]
  .rodata                const     0x804'5d70      0x4  languages.o [1]
  .rodata                const     0x804'5d74      0x4  languages.o [1]
  .rodata                const     0x804'5d78      0x4  languages.o [1]
  .rodata                const     0x804'5d7c      0x4  languages.o [1]
  .rodata                const     0x804'5d80      0x4  languages.o [1]
  .rodata                const     0x804'5d84      0x4  languages.o [1]
  .rodata                const     0x804'5d88      0x4  languages.o [1]
  .rodata                const     0x804'5d8c      0x4  languages.o [1]
  .rodata                const     0x804'5d90      0x4  languages.o [1]
  .rodata                const     0x804'5d94      0x4  languages.o [1]
  .rodata                const     0x804'5d98      0x4  languages.o [1]
  .rodata                const     0x804'5d9c      0x4  languages.o [1]
  .rodata                const     0x804'5da0      0x4  languages.o [1]
  .rodata                const     0x804'5da4      0x4  languages.o [1]
  .rodata                const     0x804'5da8      0x4  languages.o [1]
  .rodata                const     0x804'5dac      0x4  languages.o [1]
  .rodata                const     0x804'5db0      0x4  languages.o [1]
  .rodata                const     0x804'5db4      0x4  languages.o [1]
  .rodata                const     0x804'5db8      0x4  languages.o [1]
  .rodata                const     0x804'5dbc      0x4  languages.o [1]
  .rodata                const     0x804'5dc0      0x4  languages.o [1]
  .rodata                const     0x804'5dc4      0x4  languages.o [1]
  .rodata                const     0x804'5dc8      0x4  languages.o [1]
  .rodata                const     0x804'5dcc      0x4  languages.o [1]
  .rodata                const     0x804'5dd0      0x4  languages.o [1]
  .rodata                const     0x804'5dd4      0x4  languages.o [1]
  .rodata                const     0x804'5dd8      0x4  languages.o [1]
  .rodata                const     0x804'5ddc      0x4  languages.o [1]
  .rodata                const     0x804'5de0      0x4  languages.o [1]
  .rodata                const     0x804'5de4      0x4  languages.o [1]
  .rodata                const     0x804'5de8      0x4  languages.o [1]
  .rodata                const     0x804'5dec      0x4  languages.o [1]
  .rodata                const     0x804'5df0      0x4  languages.o [1]
  .rodata                const     0x804'5df4      0x4  languages.o [1]
  .rodata                const     0x804'5df8      0x4  languages.o [1]
  .rodata                const     0x804'5dfc      0x4  languages.o [1]
  .rodata                const     0x804'5e00      0x4  languages.o [1]
  .rodata                const     0x804'5e04      0x4  printing.o [1]
  .rodata                const     0x804'5e08      0x4  rtc.o [1]
  .rodata                const     0x804'5e0c      0x4  usbh_msc.o [1]
  .text                  ro code   0x804'5e10      0x4  startup_stm32f407xx.o [1]
  SHT$$PREINIT_ARRAY               0x804'5e14      0x0  <Block>
  SHT$$INIT_ARRAY                  0x804'5e14      0x4  <Block>
    .init_array          const     0x804'5e14      0x4  z_planner.o [1]
  __iar_tls$$INIT_ARRAY            0x804'5e18      0x0  <Block>
  .rodata                const     0x804'5e18      0x0  zero_init3.o [5]
  .rodata                const     0x804'5e18      0x0  lz77_init_single.o [5]
  Initializer bytes      const     0x804'5e18     0xf6  <for P2-1>
                                 - 0x804'5f0e  0x35d86

"P3":                                           0x7478
  CCMRAM                 uninit   0x1000'0000   0x4000  main.o [1]
  CCMRAM                 uninit   0x1000'4000   0x1028  main.o [1]
  CCMRAM                 uninit   0x1000'5028   0x1028  main.o [1]
  CCMRAM                 uninit   0x1000'6050   0x1028  tgui.o [1]
  CCMRAM                 uninit   0x1000'7078    0x400  tgui.o [1]
                                - 0x1000'7478   0x7478

"P2", part 1 of 3:                               0x33f
  P2-1                            0x2000'0000    0x33f  <Init block>
    .data                inited   0x2000'0000      0xc  fnt12.o [1]
    .data                inited   0x2000'000c      0xc  fnt12bold.o [1]
    .data                inited   0x2000'0018      0xc  fnt170num_lcd.o [1]
    .data                inited   0x2000'0024      0xc  fnt18.o [1]
    .data                inited   0x2000'0030      0xc  fnt18bold.o [1]
    .data                inited   0x2000'003c      0xc  fnt24.o [1]
    .data                inited   0x2000'0048      0xc  fnt24bold.o [1]
    .data                inited   0x2000'0054      0xc  fnt36.o [1]
    .data                inited   0x2000'0060      0xc  fnt36num.o [1]
    .data                inited   0x2000'006c     0x10  languages.o [1]
    .data                inited   0x2000'007c      0x4  languages.o [1]
    .data                inited   0x2000'0080      0x4  lcd_ui.o [1]
    .data                inited   0x2000'0084      0x4  stm32f4xx_hal.o [1]
    .data                inited   0x2000'0088      0x4  system_stm32f4xx.o [1]
    .data                inited   0x2000'008c    0x200  tgui_filesscreenfuncs.o [1]
    .data                inited   0x2000'028c      0x4  tgui_movezscreenfuncs.o [1]
    .data                inited   0x2000'0290     0x20  usbh_msc.o [1]
    .data                inited   0x2000'02b0      0x4  z_stepper.o [1]
    .data                inited   0x2000'02b4     0x38  xlocale_c.o [2]
    .data                inited   0x2000'02ec     0x48  xlocale_c.o [2]
    .data                inited   0x2000'0334      0x2  lcd_ui.o [1]
    .data                inited   0x2000'0336      0x2  lcd_ui.o [1]
    .data                inited   0x2000'0338      0x2  lcd_ui.o [1]
    .data                inited   0x2000'033a      0x1  lcd_ui.o [1]
    .data                inited   0x2000'033b      0x1  stm32f4xx_hal.o [1]
    .data                inited   0x2000'033c      0x1  tgui_defaultfuncs.o [1]
    .data                inited   0x2000'033d      0x1  tgui_filesscreenfuncs.o [1]
    .data                inited   0x2000'033e      0x1  z_endstops.o [1]
                                - 0x2000'033f    0x33f

"P2", part 2 of 3:                              0xb090
  .bss                   zero     0x2000'0340   0x1cc0  printing.o [1]
  .bss                   zero     0x2000'2000   0x1038  fatfs.o [1]
  .bss                   zero     0x2000'3038   0x1038  fatfs.o [1]
  .bss                   zero     0x2000'4070    0x830  tgui_filesscreenfuncs.o [1]
  .bss                   zero     0x2000'48a0    0x600  uvdisplay.o [1]
  .bss                   zero     0x2000'4ea0    0x5d8  tgui.o [1]
  .bss                   zero     0x2000'5478    0x5d8  tgui.o [1]
  .bss                   zero     0x2000'5a50    0x5d8  tgui.o [1]
  .bss                   zero     0x2000'6028    0x4d0  tgui.o [1]
  .bss                   zero     0x2000'64f8    0x400  config.o [1]
  .bss                   zero     0x2000'68f8    0x400  main.o [1]
  .bss                   zero     0x2000'6cf8    0x400  main.o [1]
  .bss                   zero     0x2000'70f8    0x400  main.o [1]
  .bss                   zero     0x2000'74f8    0x400  tgui_fileviewscreenfuncs.o [1]
  .bss                   zero     0x2000'78f8    0x400  z_planner.o [1]
  .bss                   zero     0x2000'7cf8    0x3d8  usb_host.o [1]
  .bss                   zero     0x2000'80d0    0x3c8  tgui.o [1]
  .bss                   zero     0x2000'8498    0x370  tgui.o [1]
  .bss                   zero     0x2000'8808    0x350  tgui.o [1]
  .bss                   zero     0x2000'8b58    0x318  tgui.o [1]
  .bss                   zero     0x2000'8e70    0x2c4  usbh_conf.o [1]
  .bss                   zero     0x2000'9134    0x224  main.o [1]
  .bss                   zero     0x2000'9358    0x210  tgui.o [1]
  .bss                   zero     0x2000'9568    0x210  tgui.o [1]
  .bss                   zero     0x2000'9778    0x200  config.o [1]
  .bss                   zero     0x2000'9978    0x200  ff.o [1]
  .bss                   zero     0x2000'9b78    0x200  main.o [1]
  .bss                   zero     0x2000'9d78    0x1d8  dlmalloc.o [2]
  .bss                   zero     0x2000'9f50    0x1b8  tgui.o [1]
  .bss                   zero     0x2000'a108    0x19c  cpld_utils.o [1]
  .bss                   zero     0x2000'a2a4    0x160  tgui.o [1]
  .bss                   zero     0x2000'a404    0x108  tgui.o [1]
  .bss                   zero     0x2000'a50c    0x100  sys_timer.o [1]
  .bss                   zero     0x2000'a60c    0x100  tgui_fileviewscreenfuncs.o [1]
  .bss                   zero     0x2000'a70c    0x100  tgui_fileviewscreenfuncs.o [1]
  .bss                   zero     0x2000'a80c     0xb0  tgui.o [1]
  .bss                   zero     0x2000'a8bc     0x80  fst_spi.o [1]
  .bss                   zero     0x2000'a93c     0x80  fst_spi.o [1]
  .bss                   zero     0x2000'a9bc     0x60  fst_spi.o [1]
  .bss                   zero     0x2000'aa1c     0x60  fst_spi.o [1]
  .bss                   zero     0x2000'aa7c     0x60  fst_spi.o [1]
  .bss                   zero     0x2000'aadc     0x60  fst_spi.o [1]
  .bss                   zero     0x2000'ab3c     0x60  fst_spi.o [1]
  .bss                   zero     0x2000'ab9c     0x60  lcd_low.o [1]
  .bss                   zero     0x2000'abfc     0x58  tgui.o [1]
  .bss                   zero     0x2000'ac54     0x54  config.o [1]
  .bss                   zero     0x2000'aca8     0x54  eeprom.o [1]
  .bss                   zero     0x2000'acfc     0x54  files_pws.o [1]
  .bss                   zero     0x2000'ad50     0x50  fsmc.o [1]
  .bss                   zero     0x2000'ada0     0x40  tim.o [1]
  .bss                   zero     0x2000'ade0     0x40  tim.o [1]
  .bss                   zero     0x2000'ae20     0x34  main.o [1]
  .bss                   zero     0x2000'ae54     0x30  files_pws.o [1]
  .bss                   zero     0x2000'ae84     0x30  tgui.o [1]
  .bss                   zero     0x2000'aeb4     0x30  tgui.o [1]
  .bss                   zero     0x2000'aee4     0x30  tgui.o [1]
  .bss                   zero     0x2000'af14     0x30  tgui.o [1]
  .bss                   zero     0x2000'af44     0x30  tgui.o [1]
  .bss                   zero     0x2000'af74     0x30  tgui.o [1]
  .bss                   zero     0x2000'afa4     0x30  tgui.o [1]
  .bss                   zero     0x2000'afd4     0x30  tgui.o [1]
  .bss                   zero     0x2000'b004     0x30  tgui.o [1]
  .bss                   zero     0x2000'b034     0x30  tgui.o [1]
  .bss                   zero     0x2000'b064     0x30  tgui.o [1]
  .bss                   zero     0x2000'b094     0x30  tgui.o [1]
  .bss                   zero     0x2000'b0c4     0x30  tgui.o [1]
  .bss                   zero     0x2000'b0f4     0x30  tgui.o [1]
  .bss                   zero     0x2000'b124     0x28  config.o [1]
  .bss                   zero     0x2000'b14c     0x28  tgui.o [1]
  .bss                   zero     0x2000'b174     0x28  z_planner.o [1]
  .bss                   zero     0x2000'b19c     0x20  printing.o [1]
  .bss                   zero     0x2000'b1bc     0x20  rtc.o [1]
  .bss                   zero     0x2000'b1dc     0x20  tgui_numenterscreenfuncs.o [1]
  .bss                   zero     0x2000'b1fc     0x1c  files_pws.o [1]
  .bss                   zero     0x2000'b218     0x18  config.o [1]
  .bss                   zero     0x2000'b230     0x18  config.o [1]
  .bss                   zero     0x2000'b248     0x18  dlmalloc.o [2]
  .bss                   zero     0x2000'b260     0x14  files_pws.o [1]
  .bss                   zero     0x2000'b274     0x10  ff_gen_drv.o [1]
  .bss                   zero     0x2000'b284     0x10  touch.o [1]
  .bss                   zero     0x2000'b294      0xc  spi_flash.o [1]
  .bss                   zero     0x2000'b2a0      0x8  fatfs.o [1]
  .bss                   zero     0x2000'b2a8      0x8  fatfs.o [1]
  .bss                   zero     0x2000'b2b0      0x8  ff.o [1]
  .bss                   zero     0x2000'b2b8      0x8  printing.o [1]
  .bss                   zero     0x2000'b2c0      0x8  tgui_clocksetscreenfuncs.o [1]
  .bss                   zero     0x2000'b2c8      0x8  tgui_screensaverfuncs.o [1]
  .bss                   zero     0x2000'b2d0      0x4  cpld_utils.o [1]
  .bss                   zero     0x2000'b2d4      0x4  cpld_utils.o [1]
  .bss                   zero     0x2000'b2d8      0x4  cpld_utils.o [1]
  .bss                   zero     0x2000'b2dc      0x4  fsmc.o [1]
  .bss                   zero     0x2000'b2e0      0x4  motor.o [1]
  .bss                   zero     0x2000'b2e4      0x4  printing.o [1]
  .bss                   zero     0x2000'b2e8      0x4  printing.o [1]
  .bss                   zero     0x2000'b2ec      0x4  printing.o [1]
  .bss                   zero     0x2000'b2f0      0x4  printing.o [1]
  .bss                   zero     0x2000'b2f4      0x4  printing.o [1]
  .bss                   zero     0x2000'b2f8      0x4  prtfiles.o [1]
  .bss                   zero     0x2000'b2fc      0x4  spi_flash.o [1]
  .bss                   zero     0x2000'b300      0x4  spi_flash.o [1]
  .bss                   zero     0x2000'b304      0x4  stm32f4xx_hal.o [1]
  .bss                   zero     0x2000'b308      0x4  stm32f4xx_ll_usb.o [1]
  .bss                   zero     0x2000'b30c      0x4  sys_timer.o [1]
  .bss                   zero     0x2000'b310      0x4  sys_timer.o [1]
  .bss                   zero     0x2000'b314      0x4  sys_timer.o [1]
  .bss                   zero     0x2000'b318      0x4  sys_timer.o [1]
  .bss                   zero     0x2000'b31c      0x4  tgui.o [1]
  .bss                   zero     0x2000'b320      0x4  tgui_fileviewscreenfuncs.o [1]
  .bss                   zero     0x2000'b324      0x4  tgui_numenterscreenfuncs.o [1]
  .bss                   zero     0x2000'b328      0x4  tgui_printscreenfuncs.o [1]
  .bss                   zero     0x2000'b32c      0x4  tgui_printscreenfuncs.o [1]
  .bss                   zero     0x2000'b330      0x4  tgui_screensaverfuncs.o [1]
  .bss                   zero     0x2000'b334      0x4  touch.o [1]
  .bss                   zero     0x2000'b338      0x4  z_planner.o [1]
  .bss                   zero     0x2000'b33c      0x4  z_planner.o [1]
  .bss                   zero     0x2000'b340      0x4  z_planner.o [1]
  .bss                   zero     0x2000'b344      0x4  z_planner.o [1]
  .bss                   zero     0x2000'b348      0x4  z_planner.o [1]
  .bss                   zero     0x2000'b34c      0x4  z_planner.o [1]
  .bss                   zero     0x2000'b350      0x4  z_planner.o [1]
  .bss                   zero     0x2000'b354      0x4  z_stepper.o [1]
  .bss                   zero     0x2000'b358      0x4  z_stepper.o [1]
  .bss                   zero     0x2000'b35c      0x4  z_stepper.o [1]
  .bss                   zero     0x2000'b360      0x4  z_stepper.o [1]
  .bss                   zero     0x2000'b364      0x4  z_stepper.o [1]
  .bss                   zero     0x2000'b368      0x4  z_stepper.o [1]
  .bss                   zero     0x2000'b36c      0x4  z_stepper.o [1]
  .bss                   zero     0x2000'b370      0x4  z_stepper.o [1]
  .bss                   zero     0x2000'b374      0x4  z_stepper.o [1]
  .bss                   zero     0x2000'b378      0x4  z_stepper.o [1]
  .bss                   zero     0x2000'b37c      0x4  z_stepper.o [1]
  .bss                   zero     0x2000'b380      0x4  z_stepper.o [1]
  .bss                   zero     0x2000'b384      0x4  z_stepper.o [1]
  .bss                   zero     0x2000'b388      0x4  z_stepper.o [1]
  .bss                   zero     0x2000'b38c      0x4  xfail_s.o [2]
  .bss                   zero     0x2000'b390      0x4  xgetmemchunk.o [2]
  .bss                   zero     0x2000'b394      0x2  ff.o [1]
  .bss                   zero     0x2000'b396      0x2  lcd_low.o [1]
  .bss                   zero     0x2000'b398      0x2  lcd_ui.o [1]
  .bss                   zero     0x2000'b39a      0x2  lcd_ui.o [1]
  .bss                   zero     0x2000'b39c      0x2  lcd_ui.o [1]
  .bss                   zero     0x2000'b39e      0x2  tgui_fileviewscreenfuncs.o [1]
  .bss                   zero     0x2000'b3a0      0x2  tgui_fileviewscreenfuncs.o [1]
  .bss                   zero     0x2000'b3a2      0x2  z_planner.o [1]
  .bss                   zero     0x2000'b3a4      0x1  eeprom.o [1]
  .bss                   zero     0x2000'b3a5      0x1  fatfs.o [1]
  .bss                   zero     0x2000'b3a6      0x1  fatfs.o [1]
  .bss                   zero     0x2000'b3a7      0x1  main.o [1]
  .bss                   zero     0x2000'b3a8      0x1  main.o [1]
  .bss                   zero     0x2000'b3a9      0x1  main.o [1]
  .bss                   zero     0x2000'b3aa      0x1  main.o [1]
  .bss                   zero     0x2000'b3ab      0x1  main.o [1]
  .bss                   zero     0x2000'b3ac      0x1  main.o [1]
  .bss                   zero     0x2000'b3ad      0x1  main.o [1]
  .bss                   zero     0x2000'b3ae      0x1  prtfiles.o [1]
  .bss                   zero     0x2000'b3af      0x1  prtfiles.o [1]
  .bss                   zero     0x2000'b3b0      0x1  tgui_defaultfuncs.o [1]
  .bss                   zero     0x2000'b3b1      0x1  tgui_filesscreenfuncs.o [1]
  .bss                   zero     0x2000'b3b2      0x1  tgui_filesscreenfuncs.o [1]
  .bss                   zero     0x2000'b3b3      0x1  tgui_filesscreenfuncs.o [1]
  .bss                   zero     0x2000'b3b4      0x1  tgui_filesscreenfuncs.o [1]
  .bss                   zero     0x2000'b3b5      0x1  tgui_fileviewscreenfuncs.o [1]
  .bss                   zero     0x2000'b3b6      0x1  tgui_numenterscreenfuncs.o [1]
  .bss                   zero     0x2000'b3b7      0x1  tgui_numenterscreenfuncs.o [1]
  .bss                   zero     0x2000'b3b8      0x1  tgui_numenterscreenfuncs.o [1]
  .bss                   zero     0x2000'b3b9      0x1  tgui_numenterscreenfuncs.o [1]
  .bss                   zero     0x2000'b3ba      0x1  tgui_printscreenfuncs.o [1]
  .bss                   zero     0x2000'b3bb      0x1  tgui_printscreenfuncs.o [1]
  .bss                   zero     0x2000'b3bc      0x1  tgui_uvtestscreenfuncs.o [1]
  .bss                   zero     0x2000'b3bd      0x1  tgui_uvtestscreenfuncs.o [1]
  .bss                   zero     0x2000'b3be      0x1  tgui_uvtestscreenfuncs.o [1]
  .bss                   zero     0x2000'b3bf      0x1  usb_host.o [1]
  .bss                   zero     0x2000'b3c0      0x1  z_endstops.o [1]
  .bss                   zero     0x2000'b3c1      0x1  z_endstops.o [1]
  .bss                   zero     0x2000'b3c2      0x1  z_planner.o [1]
  .bss                   zero     0x2000'b3c3      0x1  z_planner.o [1]
  .bss                   zero     0x2000'b3c4      0x1  z_planner.o [1]
  .bss                   zero     0x2000'b3c5      0x1  z_planner.o [1]
[...]
digits                   0x804'3a64    0x28  Data  Lc  iar_Stoullx.o [2]
dir                     0x2000'ae20    0x34  Data  Gb  main.o [1]
dir_alloc                0x801'e5e9    0x64  Code  Lc  ff.o [1]
dir_clear                0x801'e3e1    0x64  Code  Lc  ff.o [1]
dir_find                 0x801'ea1b   0x118  Code  Lc  ff.o [1]
dir_next                 0x801'e4f7    0xf2  Code  Lc  ff.o [1]
dir_read                 0x801'e91b   0x100  Code  Lc  ff.o [1]
dir_register             0x801'eb33   0x166  Code  Lc  ff.o [1]
dir_sdi                  0x801'e445    0xb2  Code  Lc  ff.o [1]
disk                    0x2000'b274    0x10  Data  Gb  ff_gen_drv.o [1]
disk_initialize          0x802'2a73    0x32  Code  Gb  diskio.o [1]
disk_ioctl               0x802'2ae1    0x20  Code  Gb  diskio.o [1]
disk_read                0x802'2aa5    0x1e  Code  Gb  diskio.o [1]
disk_status              0x802'2a55    0x1e  Code  Gb  diskio.o [1]
disk_write               0x802'2ac3    0x1e  Code  Gb  diskio.o [1]
disp_locked             0x2000'b3bb     0x1  Data  Gb  tgui_printscreenfuncs.o [1]
dmul                     0x802'd45d    0xc6  Code  Lc  strto64.o [4]
dot_entered             0x2000'b3b9     0x1  Data  Gb  tgui_numenterscreenfuncs.o [1]
edit_value              0x2000'b324     0x4  Data  Gb  tgui_numenterscreenfuncs.o [1]
enter_begin             0x2000'b3b8     0x1  Data  Gb  tgui_numenterscreenfuncs.o [1]
exit                     0x804'45eb     0x4  Code  Gb  exit.o [2]
fMoveStep               0x2000'028c     0x4  Data  Gb  tgui_movezscreenfuncs.o [1]
f_close                  0x801'fc7b    0x2a  Code  Gb  ff.o [1]
f_closedir               0x801'fed7    0x1c  Code  Gb  ff.o [1]
f_getfree                0x801'ff9b   0x100  Code  Gb  ff.o [1]
f_lseek                  0x801'fca5   0x1aa  Code  Gb  ff.o [1]
f_mkfs                   0x802'0243   0x692  Code  Gb  ff.o [1]
f_mkfs::cst              0x804'5294    0x10  Data  Lc  ff.o [1]
f_mkfs::cst32            0x804'52a4    0x10  Data  Lc  ff.o [1]
f_mkfs::defopt           0x804'52b4    0x10  Data  Lc  ff.o [1]
f_mount                  0x801'f567    0x54  Code  Gb  ff.o [1]
f_open                   0x801'f5dd   0x21a  Code  Gb  ff.o [1]
f_opendir                0x801'fe4f    0x88  Code  Gb  ff.o [1]
f_read                   0x801'f7f7   0x1cc  Code  Gb  ff.o [1]
f_readdir                0x801'fef3    0x5c  Code  Gb  ff.o [1]
f_stat                   0x801'ff4f    0x4c  Code  Gb  ff.o [1]
f_sync                   0x801'fbdb    0xa0  Code  Gb  ff.o [1]
f_write                  0x801'f9c3   0x218  Code  Gb  ff.o [1]
fbuff                   0x1000'0000  0x4000  Data  Gb  main.o [1]
ff_oem2uni               0x802'2b4b    0x3a  Code  Gb  ffunicode.o [1]
ff_uni2oem               0x802'2b05    0x46  Code  Gb  ffunicode.o [1]
ff_wtoupper              0x802'2b85    0xb6  Code  Gb  ffunicode.o [1]
ff_wtoupper::cvt1        0x804'20a4   0x1f4  Data  Lc  ffunicode.o [1]
ff_wtoupper::cvt2        0x804'3358    0xbc  Data  Lc  ffunicode.o [1]
filedate                0x2000'b39e     0x2  Data  Gb  tgui_fileviewscreenfuncs.o [1]
files                   0x2000'4070   0x830  Data  Gb  tgui_filesscreenfuncs.o [1]
filesize                0x2000'b320     0x4  Data  Gb  tgui_fileviewscreenfuncs.o [1]
filetime                0x2000'b3a0     0x2  Data  Gb  tgui_fileviewscreenfuncs.o [1]
find_volume              0x801'f251    0x6c  Code  Lc  ff.o [1]
finfo                   0x2000'9134   0x224  Data  Gb  main.o [1]
floorf                   0x802'daf5          Code  Gb  floorf.o [4]
fnt12_data               0x803'fe30   0x6b4  Data  Gb  fnt12.o [1]
fnt12_width              0x804'27a4   0x140  Data  Gb  fnt12.o [1]
fnt12bold_data           0x803'f6a8   0x788  Data  Gb  fnt12bold.o [1]
fnt12bold_width          0x804'28e4   0x140  Data  Gb  fnt12bold.o [1]
fnt170num_lcd_data       0x801'0188  0x66f0  Data  Gb  fnt170num_lcd.o [1]
fnt170num_lcd_width      0x804'3d64    0x38  Data  Gb  fnt170num_lcd.o [1]
fnt18_data               0x803'bd98   0xea4  Data  Gb  fnt18.o [1]
fnt18_width              0x804'2a24   0x140  Data  Gb  fnt18.o [1]
fnt18bold_data           0x803'92a8  0x10c8  Data  Gb  fnt18bold.o [1]
fnt18bold_width          0x804'2b64   0x140  Data  Gb  fnt18bold.o [1]
fnt24_data               0x803'6380  0x1a1c  Data  Gb  fnt24.o [1]
fnt24_width              0x804'2ca4   0x140  Data  Gb  fnt24.o [1]
fnt24bold_data           0x803'42ec  0x2094  Data  Gb  fnt24bold.o [1]
fnt24bold_width          0x804'2de4   0x140  Data  Gb  fnt24bold.o [1]
fnt36_data               0x803'0758  0x3b94  Data  Gb  fnt36.o [1]
fnt36_width              0x804'2f24   0x140  Data  Gb  fnt36.o [1]
fnt36num_data            0x804'04e4   0x684  Data  Gb  fnt36num.o [1]
fnt36num_width           0x804'3d9c    0x38  Data  Gb  fnt36num.o [1]
follow_path              0x801'f0ed    0x9a  Code  Lc  ff.o [1]
font_fnt12              0x2000'0000     0xc  Data  Gb  fnt12.o [1]
font_fnt12bold          0x2000'000c     0xc  Data  Gb  fnt12bold.o [1]
font_fnt170num_lcd      0x2000'0018     0xc  Data  Gb  fnt170num_lcd.o [1]
font_fnt18              0x2000'0024     0xc  Data  Gb  fnt18.o [1]
font_fnt18bold          0x2000'0030     0xc  Data  Gb  fnt18bold.o [1]
font_fnt24              0x2000'003c     0xc  Data  Gb  fnt24.o [1]
font_fnt24bold          0x2000'0048     0xc  Data  Gb  fnt24bold.o [1]
font_fnt36              0x2000'0054     0xc  Data  Gb  fnt36.o [1]
font_fnt36num           0x2000'0060     0xc  Data  Gb  fnt36num.o [1]
fpws_header             0x2000'ae54    0x30  Data  Gb  files_pws.o [1]
fpws_info               0x2000'acfc    0x54  Data  Gb  files_pws.o [1]
fpws_layersdata         0x2000'b260    0x14  Data  Gb  files_pws.o [1]
fpws_preview            0x2000'b1fc    0x1c  Data  Gb  files_pws.o [1]
free                     0x803'f2b9     0x4  Code  Gb  heaptramp0.o [2]
fv_dirname              0x2000'a70c   0x100  Data  Gb  tgui_fileviewscreenfuncs.o [1]
fv_filename             0x2000'a60c   0x100  Data  Gb  tgui_fileviewscreenfuncs.o [1]
fv_filetype             0x2000'b3b5     0x1  Data  Gb  tgui_fileviewscreenfuncs.o [1]
fv_tfilename            0x2000'74f8   0x400  Data  Gb  tgui_fileviewscreenfuncs.o [1]
gen_numname              0x801'e859    0xa2  Code  Lc  ff.o [1]
get_fat                  0x801'dfbd   0x10a  Code  Lc  ff.o [1]
get_fattime              0x802'2c65    0x50  Code  Gb  fatfs.o [1]
get_fileinfo             0x801'ec99   0x1c8  Code  Lc  ff.o [1]
get_ldnumber             0x801'f187    0x4e  Code  Lc  ff.o [1]
hFlashSpi               0x2000'a93c    0x80  Data  Gb  fst_spi.o [1]
hFlashSpiDmaRx          0x2000'aadc    0x60  Data  Gb  fst_spi.o [1]
hFlashSpiDmaTx          0x2000'ab3c    0x60  Data  Gb  fst_spi.o [1]
hI2C                    0x2000'aca8    0x54  Data  Gb  eeprom.o [1]
hLcdDma                 0x2000'ab9c    0x60  Data  Gb  lcd_low.o [1]
hRTC                    0x2000'b1bc    0x20  Data  Gb  rtc.o [1]
hStepperTim             0x2000'ada0    0x40  Data  Gb  tim.o [1]
hTouchSpi               0x2000'a8bc    0x80  Data  Gb  fst_spi.o [1]
hTouchSpiDmaRx          0x2000'a9bc    0x60  Data  Gb  fst_spi.o [1]
hTouchSpiDmaTx          0x2000'aa1c    0x60  Data  Gb  fst_spi.o [1]
hUsbHost                0x2000'7cf8   0x3d8  Data  Gb  usb_host.o [1]
hZRefTim                0x2000'ade0    0x40  Data  Gb  tim.o [1]
hhcd_USB_OTG_FS         0x2000'8e70   0x2c4  Data  Gb  usbh_conf.o [1]
hsram1                  0x2000'ad50    0x50  Data  Gb  fsmc.o [1]
i2c_timer               0x2000'b3a4     0x1  Data  Gb  eeprom.o [1]
idle()                   0x802'79dd     0xa  Code  Gb  motor.o [1]
idle()::idlecount       0x2000'b2e0     0x4  Data  Lc  motor.o [1]
init_mparams             0x803'7db7    0x32  Code  Lc  dlmalloc.o [2]
init_top                 0x803'7de9    0x36  Code  Lc  dlmalloc.o [2]
inited                  0x2000'b3af     0x1  Data  Gb  prtfiles.o [1]
isalpha                  0x802'fd81    0x14  Code  Gb  isalpha.o [2]
isspace                  0x802'd979    0x14  Code  Gb  isspace.o [2]
l_info                  0x2000'b19c    0x20  Data  Gb  printing.o [1]
lastfilenum             0x2000'033d     0x1  Data  Gb  tgui_filesscreenfuncs.o [1]
lcdui_bgcolor           0x2000'b39c     0x2  Data  Gb  lcd_ui.o [1]
lcdui_color             0x2000'0338     0x2  Data  Gb  lcd_ui.o [1]
lcdui_current_font      0x2000'0080     0x4  Data  Gb  lcd_ui.o [1]
lcdui_current_font_type
                        0x2000'033a     0x1  Data  Gb  lcd_ui.o [1]
lcdui_cursor_x          0x2000'b398     0x2  Data  Gb  lcd_ui.o [1]
lcdui_cursor_y          0x2000'b39a     0x2  Data  Gb  lcd_ui.o [1]
lcdui_height            0x2000'0336     0x2  Data  Gb  lcd_ui.o [1]
lcdui_width             0x2000'0334     0x2  Data  Gb  lcd_ui.o [1]
ld_clust                 0x801'e64d    0x26  Code  Lc  ff.o [1]
ld_dword                 0x801'dd35    0x16  Code  Lc  ff.o [1]
ld_word                  0x801'dd29     0xc  Code  Lc  ff.o [1]
ldata_length            0x2000'b2ec     0x4  Data  Gb  printing.o [1]
ldata_offset_begin      0x2000'b2e4     0x4  Data  Gb  printing.o [1]
ldata_offset_current    0x2000'b2e8     0x4  Data  Gb  printing.o [1]
ldexp                    0x802'39f9          Code  Gb  ldexp.o [4]
ldexpl                   0x802'39f9          Code  Gb  ldexp.o [4]
lmos                     0x804'4bd0    0x18  Data  Lc  datetime.o [1]
lngCurrent              0x2000'007c     0x4  Data  Gb  languages.o [1]
lngLanguages            0x2000'006c    0x10  Data  Gb  languages.o [1]
localeconv               0x802'344b     0x4  Code  Gb  xlocale_c.o [2]
lroundf                  0x802'dc89          Code  Gb  lroundf.o [4]
main                     0x802'3f69  0x10c6  Code  Gb  main.o [1]
mem_cmp                  0x801'dd91    0x1e  Code  Lc  ff.o [1]
mem_cpy                  0x801'dd71    0x14  Code  Lc  ff.o [1]
mem_set                  0x801'dd85     0xc  Code  Lc  ff.o [1]
memchr                   0x802'34f1          Code  Gb  memchr.o [5]
mos                      0x804'4be8    0x18  Data  Lc  datetime.o [1]
mount_volume             0x801'f2bd   0x262  Code  Lc  ff.o [1]
move_window              0x801'ded1    0x3e  Code  Lc  ff.o [1]
mparams                 0x2000'b248    0x18  Data  Lc  dlmalloc.o [2]
msg                     0x2000'9b78   0x200  Data  Gb  main.o [1]
ndigs                    0x804'39ec    0x28  Data  Lc  iar_Stoulx.o [2]
ndigs                    0x804'3a3c    0x28  Data  Lc  iar_Stoullx.o [2]
nomorefiles             0x2000'b3b4     0x1  Data  Gb  tgui_filesscreenfuncs.o [1]
numstr                  0x2000'b1dc    0x20  Data  Gb  tgui_numenterscreenfuncs.o [1]
numstr_len              0x2000'b3b7     0x1  Data  Gb  tgui_numenterscreenfuncs.o [1]
oldUsbMounted           0x2000'b3b1     0x1  Data  Gb  tgui_filesscreenfuncs.o [1]
old_datetime            0x2000'b2c8     0x8  Data  Gb  tgui_screensaverfuncs.o [1]
old_layer               0x2000'b32c     0x4  Data  Gb  tgui_printscreenfuncs.o [1]
old_pause               0x2000'b3ba     0x1  Data  Gb  tgui_printscreenfuncs.o [1]
old_prtlayer            0x2000'b330     0x4  Data  Gb  tgui_screensaverfuncs.o [1]
old_time                0x2000'b328     0x4  Data  Gb  tgui_printscreenfuncs.o [1]
pfile_type              0x2000'b3ae     0x1  Data  Gb  prtfiles.o [1]
pick_lfn                 0x801'e73d    0x90  Code  Lc  ff.o [1]
pows                     0x804'3bb0    0x48  Data  Lc  strto64.o [4]
prepend_alloc            0x803'7e1f   0x346  Code  Lc  dlmalloc.o [2]
prev_position           0x2000'b2b8     0x8  Data  Gb  printing.o [1]
prevcolors               0x804'5e04     0x4  Data  Lc  printing.o [1]
previmage               0x2000'0340  0x1cc0  Data  Gb  printing.o [1]
prt_file                0x2000'b2f8     0x4  Data  Gb  prtfiles.o [1]
put_fat                  0x801'e0c7   0x15c  Code  Lc  ff.o [1]
put_lfn                  0x801'e7cd    0x84  Code  Lc  ff.o [1]
put_utf                  0x801'de25    0x5c  Code  Lc  ff.o [1]
ranmatch                 0x803'cfa5    0x44  Code  Lc  xscanffull.o [2]
reTransmission_all_cnt  0x2000'b2d4     0x4  Data  Gb  cpld_utils.o [1]
reTransmission_data_cnt
                        0x2000'b2d0     0x4  Data  Gb  cpld_utils.o [1]
remove_chain             0x801'e223    0x8e  Code  Lc  ff.o [1]
resX                    0x2000'b2f0     0x4  Data  Gb  printing.o [1]
resY                    0x2000'b2f4     0x4  Data  Gb  printing.o [1]
retSPIFL                0x2000'b3a6     0x1  Data  Gb  fatfs.o [1]
retUSBH                 0x2000'b3a5     0x1  Data  Gb  fatfs.o [1]
s_tfname                0x2000'6cf8   0x400  Data  Gb  main.o [1]
scalbln                  0x802'39f9          Code  Gb  ldexp.o [4]
scalblnl                 0x802'39f9          Code  Gb  ldexp.o [4]
scalbn                   0x802'39f9          Code  Gb  ldexp.o [4]
scalbnl                  0x802'39f9          Code  Gb  ldexp.o [4]
scale                    0x802'1c07    0x46  Code  Lc  xprintffull.o [2]
scrTimeTimer            0x2000'033c     0x1  Data  Gb  tgui_defaultfuncs.o [1]
sec_hand                0x2000'b38c     0x4  Data  Lc  xfail_s.o [2]
segment_holding          0x803'7d9d    0x1a  Code  Lc  dlmalloc.o [2]
sfile                   0x1000'5028  0x1028  Data  Gb  main.o [1]
sprintf                  0x801'cba9    0x40  Code  Gb  sprintf.o [2]
sqrtf                    0x802'd43d          Code  Gb  sqrtf.o [4]
srvMode                 0x2000'b3ad     0x1  Data  Gb  main.o [1]
sscanf                   0x804'1809    0x28  Code  Gb  sscanf.o [2]
st_clust                 0x801'e673    0x2a  Code  Lc  ff.o [1]
st_dword                 0x801'dd59    0x18  Code  Lc  ff.o [1]
st_word                  0x801'dd4b     0xe  Code  Lc  ff.o [1]
strcat                   0x802'c7b5    0x1e  Code  Gb  strcat.o [2]
strchr                   0x802'3459          Code  Gb  strchr.o [5]
strcmp                   0x802'83f9          Code  Gb  strcmp.o [5]
strcpy                   0x802'c79d          Code  Gb  strcpy.o [5]
strcpy_utf(char *, char *)
                         0x802'0b2d    0x28  Code  Gb  unicode_utils.o [1]
strlen                   0x802'34b9          Code  Gb  strlen.o [5]
strncpy                  0x802'0f9d          Code  Gb  strncpy.o [5]
strtoll                  0x803'db69     0x2  Code  Gb  iar_Stollx.o [2]
strtoul                  0x802'a2c1     0x2  Code  Gb  iar_Stoulx.o [2]
strtoull                 0x803'dd1d     0x2  Code  Gb  iar_Stoullx.o [2]
strtrim(char *)          0x802'0be7    0x5e  Code  Gb  unicode_utils.o [1]
strupper_utf(char *)     0x802'0c45    0x5e  Code  Gb  unicode_utils.o [1]
subdir                  0x2000'b3b3     0x1  Data  Gb  tgui_filesscreenfuncs.o [1]
sum_sfn                  0x801'e8fb    0x20  Code  Lc  ff.o [1]
sync_fs                  0x801'df0f    0x94  Code  Lc  ff.o [1]
sync_window              0x801'de81    0x50  Code  Lc  ff.o [1]
sys_alloc                0x803'835d   0x164  Code  Lc  dlmalloc.o [2]
sys_trim                 0x803'84c1    0x64  Code  Lc  dlmalloc.o [2]
systemInfo              0x2000'b124    0x28  Data  Gb  config.o [1]
tchar2uni                0x801'dddf    0x46  Code  Lc  ff.o [1]
tfname                  0x1000'7078   0x400  Data  Gb  tgui.o [1]
tguiActiveScreen        0x2000'b31c     0x4  Data  Gb  tgui.o [1]
tguiDBuff               0x2000'b3d0  0x1000  Data  Gb  tgui.o [1]
tguiDefaultConfig       0x2000'b14c    0x28  Data  Gb  tgui.o [1]
tguiFBuff               0x2000'c3d0   0x200  Data  Gb  tgui.o [1]
tguiFile                0x1000'6050  0x1028  Data  Gb  tgui.o [1]
tguiMsgBox              0x2000'8808   0x350  Data  Gb  tgui.o [1]
tguiScrClockSetButtons  0x2000'5478   0x5d8  Data  Gb  tgui.o [1]
tguiScrFilesButtons     0x2000'8498   0x370  Data  Gb  tgui.o [1]
tguiScrFilesListButtons
                        0x2000'6028   0x4d0  Data  Gb  tgui.o [1]
tguiScrFileviewButtons  0x2000'9358   0x210  Data  Gb  tgui.o [1]
tguiScrInfoButtons      0x2000'a80c    0xb0  Data  Gb  tgui.o [1]
tguiScrLanguageButtons  0x2000'a404   0x108  Data  Gb  tgui.o [1]
tguiScrMainButtons      0x2000'a2a4   0x160  Data  Gb  tgui.o [1]
tguiScrMovezButtons     0x2000'80d0   0x3c8  Data  Gb  tgui.o [1]
tguiScrNumenterButtons  0x2000'4ea0   0x5d8  Data  Gb  tgui.o [1]
tguiScrPrintButtons     0x2000'9568   0x210  Data  Gb  tgui.o [1]
tguiScrServiceButtons   0x2000'9f50   0x1b8  Data  Gb  tgui.o [1]
tguiScrSettingsButtons  0x2000'8b58   0x318  Data  Gb  tgui.o [1]
tguiScrUVTestButtons    0x2000'5a50   0x5d8  Data  Gb  tgui.o [1]
tguiScreenClockSet      0x2000'b094    0x30  Data  Gb  tgui.o [1]
tguiScreenFiles         0x2000'af74    0x30  Data  Gb  tgui.o [1]
tguiScreenFilesList     0x2000'afa4    0x30  Data  Gb  tgui.o [1]
tguiScreenFileview      0x2000'b034    0x30  Data  Gb  tgui.o [1]
tguiScreenInfo          0x2000'af14    0x30  Data  Gb  tgui.o [1]
tguiScreenLanguage      0x2000'aee4    0x30  Data  Gb  tgui.o [1]
tguiScreenMain          0x2000'ae84    0x30  Data  Gb  tgui.o [1]
tguiScreenMovez         0x2000'af44    0x30  Data  Gb  tgui.o [1]
tguiScreenNumenter      0x2000'b004    0x30  Data  Gb  tgui.o [1]
tguiScreenPrint         0x2000'b064    0x30  Data  Gb  tgui.o [1]
tguiScreenSaver         0x2000'b0c4    0x30  Data  Gb  tgui.o [1]
tguiScreenSaverButtons  0x2000'abfc    0x58  Data  Gb  tgui.o [1]
tguiScreenService       0x2000'aeb4    0x30  Data  Gb  tgui.o [1]
tguiScreenSettings      0x2000'afd4    0x30  Data  Gb  tgui.o [1]
tguiScreenTimer         0x2000'b3ac     0x1  Data  Gb  main.o [1]
tguiScreenUVTest        0x2000'b0f4    0x30  Data  Gb  tgui.o [1]
tguiTimer               0x2000'b3a9     0x1  Data  Gb  main.o [1]
tmalloc_large            0x803'8531   0x386  Code  Lc  dlmalloc.o [2]
tmalloc_small            0x803'88b7   0x200  Code  Lc  dlmalloc.o [2]
tolower                  0x802'd98d    0x14  Code  Gb  tolower.o [2]
touch_buff              0x2000'aa7c    0x60  Data  Gb  fst_spi.o [1]
touch_info              0x2000'b284    0x10  Data  Gb  touch.o [1]
touch_point             0x2000'b334     0x4  Data  Gb  touch.o [1]
tstrcat(unsigned short *, unsigned short *)
                         0x802'0b77    0x2c  Code  Gb  unicode_utils.o [1]
tstrcat_utf(unsigned short *, char *)
                         0x802'0ba3    0x44  Code  Gb  unicode_utils.o [1]
tstrcpy(unsigned short *, unsigned short *)
                         0x802'0b55    0x22  Code  Gb  unicode_utils.o [1]
typeval                 0x2000'b3b6     0x1  Data  Gb  tgui_numenterscreenfuncs.o [1]
u_tfname                0x2000'68f8   0x400  Data  Gb  main.o [1]
uc866                    0x804'3190   0x100  Data  Lc  ffunicode.o [1]
ufile                   0x1000'4000  0x1028  Data  Gb  main.o [1]
uv_image                0x2000'b3be     0x1  Data  Gb  tgui_uvtestscreenfuncs.o [1]
uvdisp_on               0x2000'b3bd     0x1  Data  Gb  tgui_uvtestscreenfuncs.o [1]
uvfan_timer             0x2000'b318     0x4  Data  Gb  sys_timer.o [1]
uvled_timer             0x2000'b310     0x4  Data  Gb  sys_timer.o [1]
uvlight_on              0x2000'b3bc     0x1  Data  Gb  tgui_uvtestscreenfuncs.o [1]
uvpause_timer           0x2000'b314     0x4  Data  Gb  sys_timer.o [1]
uwTick                  0x2000'b304     0x4  Data  Gb  stm32f4xx_hal.o [1]
uwTickFreq              0x2000'033b     0x1  Data  Gb  stm32f4xx_hal.o [1]
uwTickPrio              0x2000'0084     0x4  Data  Gb  stm32f4xx_hal.o [1]
validate                 0x801'f51f    0x48  Code  Lc  ff.o [1]
wctob                    0x803'da95    0x32  Code  Gb  wctob.o [2]
zDisTimer               0x2000'b3ab     0x1  Data  Gb  main.o [1]
zHoldTimer              0x2000'b3aa     0x1  Data  Gb  main.o [1]
zPlanner                0x2000'b3c2     0x1  Data  Gb  z_planner.o [1]


[1] = D:\Electronics\Projects\MKS_DLP_new\SRC\firmware\MKSDLP_Alter_Debug\Obj
[2] = dl7M_tlf.a
[3] = dlpp7M_tl_fc.a
[4] = m7M_tls.a
[5] = rt7M_tl.a
[6] = shb_l.a

  136 025 bytes of readonly  code memory
   84 917 bytes of readonly  data memory
  105 028 bytes of readwrite data memory

Errors: none
Warnings: none
