###############################################################################
#
# IAR ELF Linker V8.32.1.169/W32 for ARM                  30/Sep/2020  01:46:42
# Copyright 2007-2018 IAR Systems AB.
#
#    Output file  =  
#        D:\Electronics\Projects\MKS_DLP_new\SRC\firmware\MKSDLP_Alter_debug\Exe\MKS_DLP_new.out
#    Map file     =  
#        D:\Electronics\Projects\MKS_DLP_new\SRC\firmware\MKSDLP_Alter_debug\List\MKS_DLP_new.map
#    Command line =  
#        -f C:\Temp\EWF804.tmp
#        (D:\Electronics\Projects\MKS_DLP_new\SRC\firmware\MKSDLP_Alter_Debug\Obj\config.o
#        D:\Electronics\Projects\MKS_DLP_new\SRC\firmware\MKSDLP_Alter_Debug\Obj\cpld_utils.o
#        D:\Electronics\Projects\MKS_DLP_new\SRC\firmware\MKSDLP_Alter_Debug\Obj\datetime.o
#        D:\Electronics\Projects\MKS_DLP_new\SRC\firmware\MKSDLP_Alter_Debug\Obj\diskio.o
#        D:\Electronics\Projects\MKS_DLP_new\SRC\firmware\MKSDLP_Alter_Debug\Obj\eeprom.o
#        D:\Electronics\Projects\MKS_DLP_new\SRC\firmware\MKSDLP_Alter_Debug\Obj\fatfs.o
#        D:\Electronics\Projects\MKS_DLP_new\SRC\firmware\MKSDLP_Alter_Debug\Obj\ff.o
#        D:\Electronics\Projects\MKS_DLP_new\SRC\firmware\MKSDLP_Alter_Debug\Obj\ff_gen_drv.o
#        D:\Electronics\Projects\MKS_DLP_new\SRC\firmware\MKSDLP_Alter_Debug\Obj\ffsystem.o
#        D:\Electronics\Projects\MKS_DLP_new\SRC\firmware\MKSDLP_Alter_Debug\Obj\ffunicode.o
#        D:\Electronics\Projects\MKS_DLP_new\SRC\firmware\MKSDLP_Alter_Debug\Obj\files_photon.o
#        D:\Electronics\Projects\MKS_DLP_new\SRC\firmware\MKSDLP_Alter_Debug\Obj\files_pws.o
#        D:\Electronics\Projects\MKS_DLP_new\SRC\firmware\MKSDLP_Alter_Debug\Obj\fnt12.o
#        D:\Electronics\Projects\MKS_DLP_new\SRC\firmware\MKSDLP_Alter_Debug\Obj\fnt12bold.o
#        D:\Electronics\Projects\MKS_DLP_new\SRC\firmware\MKSDLP_Alter_Debug\Obj\fnt170num_lcd.o
#        D:\Electronics\Projects\MKS_DLP_new\SRC\firmware\MKSDLP_Alter_Debug\Obj\fnt18.o
#        D:\Electronics\Projects\MKS_DLP_new\SRC\firmware\MKSDLP_Alter_Debug\Obj\fnt18bold.o
#        D:\Electronics\Projects\MKS_DLP_new\SRC\firmware\MKSDLP_Alter_Debug\Obj\fnt24.o
#        D:\Electronics\Projects\MKS_DLP_new\SRC\firmware\MKSDLP_Alter_Debug\Obj\fnt24bold.o
#        D:\Electronics\Projects\MKS_DLP_new\SRC\firmware\MKSDLP_Alter_Debug\Obj\fnt36.o
#        D:\Electronics\Projects\MKS_DLP_new\SRC\firmware\MKSDLP_Alter_Debug\Obj\fnt36num.o
#        D:\Electronics\Projects\MKS_DLP_new\SRC\firmware\MKSDLP_Alter_Debug\Obj\fsmc.o
#        D:\Electronics\Projects\MKS_DLP_new\SRC\firmware\MKSDLP_Alter_Debug\Obj\fst_spi.o
#        D:\Electronics\Projects\MKS_DLP_new\SRC\firmware\MKSDLP_Alter_Debug\Obj\gpio.o
#        D:\Electronics\Projects\MKS_DLP_new\SRC\firmware\MKSDLP_Alter_Debug\Obj\languages.o
#        D:\Electronics\Projects\MKS_DLP_new\SRC\firmware\MKSDLP_Alter_Debug\Obj\lcd_low.o
#        D:\Electronics\Projects\MKS_DLP_new\SRC\firmware\MKSDLP_Alter_Debug\Obj\lcd_ui.o
#        D:\Electronics\Projects\MKS_DLP_new\SRC\firmware\MKSDLP_Alter_Debug\Obj\main.o
#        D:\Electronics\Projects\MKS_DLP_new\SRC\firmware\MKSDLP_Alter_Debug\Obj\motor.o
#        D:\Electronics\Projects\MKS_DLP_new\SRC\firmware\MKSDLP_Alter_Debug\Obj\printing.o
#        D:\Electronics\Projects\MKS_DLP_new\SRC\firmware\MKSDLP_Alter_Debug\Obj\prtfiles.o
#        D:\Electronics\Projects\MKS_DLP_new\SRC\firmware\MKSDLP_Alter_Debug\Obj\rtc.o
#        D:\Electronics\Projects\MKS_DLP_new\SRC\firmware\MKSDLP_Alter_Debug\Obj\spi_flash.o
#        D:\Electronics\Projects\MKS_DLP_new\SRC\firmware\MKSDLP_Alter_Debug\Obj\spifl_diskio.o
#        D:\Electronics\Projects\MKS_DLP_new\SRC\firmware\MKSDLP_Alter_Debug\Obj\ssd_utils.o
#        D:\Electronics\Projects\MKS_DLP_new\SRC\firmware\MKSDLP_Alter_Debug\Obj\startup_stm32f407xx.o
#        D:\Electronics\Projects\MKS_DLP_new\SRC\firmware\MKSDLP_Alter_Debug\Obj\stm32f4xx_hal.o
#        D:\Electronics\Projects\MKS_DLP_new\SRC\firmware\MKSDLP_Alter_Debug\Obj\stm32f4xx_hal_cortex.o
#        D:\Electronics\Projects\MKS_DLP_new\SRC\firmware\MKSDLP_Alter_Debug\Obj\stm32f4xx_hal_dma.o
#        D:\Electronics\Projects\MKS_DLP_new\SRC\firmware\MKSDLP_Alter_Debug\Obj\stm32f4xx_hal_dma_ex.o
#        D:\Electronics\Projects\MKS_DLP_new\SRC\firmware\MKSDLP_Alter_Debug\Obj\stm32f4xx_hal_exti.o
#        D:\Electronics\Projects\MKS_DLP_new\SRC\firmware\MKSDLP_Alter_Debug\Obj\stm32f4xx_hal_flash.o
#        D:\Electronics\Projects\MKS_DLP_new\SRC\firmware\MKSDLP_Alter_Debug\Obj\stm32f4xx_hal_flash_ex.o
#        D:\Electronics\Projects\MKS_DLP_new\SRC\firmware\MKSDLP_Alter_Debug\Obj\stm32f4xx_hal_flash_ramfunc.o
#        D:\Electronics\Projects\MKS_DLP_new\SRC\firmware\MKSDLP_Alter_Debug\Obj\stm32f4xx_hal_gpio.o
#        D:\Electronics\Projects\MKS_DLP_new\SRC\firmware\MKSDLP_Alter_Debug\Obj\stm32f4xx_hal_hcd.o
#        D:\Electronics\Projects\MKS_DLP_new\SRC\firmware\MKSDLP_Alter_Debug\Obj\stm32f4xx_hal_i2c.o
#        D:\Electronics\Projects\MKS_DLP_new\SRC\firmware\MKSDLP_Alter_Debug\Obj\stm32f4xx_hal_msp.o
#        D:\Electronics\Projects\MKS_DLP_new\SRC\firmware\MKSDLP_Alter_Debug\Obj\stm32f4xx_hal_pwr.o
#        D:\Electronics\Projects\MKS_DLP_new\SRC\firmware\MKSDLP_Alter_Debug\Obj\stm32f4xx_hal_pwr_ex.o
#        D:\Electronics\Projects\MKS_DLP_new\SRC\firmware\MKSDLP_Alter_Debug\Obj\stm32f4xx_hal_rcc.o
#        D:\Electronics\Projects\MKS_DLP_new\SRC\firmware\MKSDLP_Alter_Debug\Obj\stm32f4xx_hal_rcc_ex.o
#        D:\Electronics\Projects\MKS_DLP_new\SRC\firmware\MKSDLP_Alter_Debug\Obj\stm32f4xx_hal_rtc.o
#        D:\Electronics\Projects\MKS_DLP_new\SRC\firmware\MKSDLP_Alter_Debug\Obj\stm32f4xx_hal_rtc_ex.o
#        D:\Electronics\Projects\MKS_DLP_new\SRC\firmware\MKSDLP_Alter_Debug\Obj\stm32f4xx_hal_spi.o
#        D:\Electronics\Projects\MKS_DLP_new\SRC\firmware\MKSDLP_Alter_Debug\Obj\stm32f4xx_hal_sram.o
#        D:\Electronics\Projects\MKS_DLP_new\SRC\firmware\MKSDLP_Alter_Debug\Obj\stm32f4xx_hal_tim.o
#        D:\Electronics\Projects\MKS_DLP_new\SRC\firmware\MKSDLP_Alter_Debug\Obj\stm32f4xx_hal_tim_ex.o
#        D:\Electronics\Projects\MKS_DLP_new\SRC\firmware\MKSDLP_Alter_Debug\Obj\stm32f4xx_it.o
#        D:\Electronics\Projects\MKS_DLP_new\SRC\firmware\MKSDLP_Alter_Debug\Obj\stm32f4xx_ll_fsmc.o
#        D:\Electronics\Projects\MKS_DLP_new\SRC\firmware\MKSDLP_Alter_Debug\Obj\stm32f4xx_ll_usb.o
#        D:\Electronics\Projects\MKS_DLP_new\SRC\firmware\MKSDLP_Alter_Debug\Obj\sys_timer.o
#        D:\Electronics\Projects\MKS_DLP_new\SRC\firmware\MKSDLP_Alter_Debug\Obj\system_stm32f4xx.o
#        D:\Electronics\Projects\MKS_DLP_new\SRC\firmware\MKSDLP_Alter_Debug\Obj\tgui.o
#        D:\Electronics\Projects\MKS_DLP_new\SRC\firmware\MKSDLP_Alter_Debug\Obj\tgui_clocksetscreenfuncs.o
#        D:\Electronics\Projects\MKS_DLP_new\SRC\firmware\MKSDLP_Alter_Debug\Obj\tgui_defaultfuncs.o
#        D:\Electronics\Projects\MKS_DLP_new\SRC\firmware\MKSDLP_Alter_Debug\Obj\tgui_filesscreenfuncs.o
#        D:\Electronics\Projects\MKS_DLP_new\SRC\firmware\MKSDLP_Alter_Debug\Obj\tgui_fileviewscreenfuncs.o
#        D:\Electronics\Projects\MKS_DLP_new\SRC\firmware\MKSDLP_Alter_Debug\Obj\tgui_infoscreenfuncs.o
#        D:\Electronics\Projects\MKS_DLP_new\SRC\firmware\MKSDLP_Alter_Debug\Obj\tgui_langscreenfuncs.o
#        D:\Electronics\Projects\MKS_DLP_new\SRC\firmware\MKSDLP_Alter_Debug\Obj\tgui_mainscreenfuncs.o
#        D:\Electronics\Projects\MKS_DLP_new\SRC\firmware\MKSDLP_Alter_Debug\Obj\tgui_messagebox.o
#        D:\Electronics\Projects\MKS_DLP_new\SRC\firmware\MKSDLP_Alter_Debug\Obj\tgui_movezscreenfuncs.o
#        D:\Electronics\Projects\MKS_DLP_new\SRC\firmware\MKSDLP_Alter_Debug\Obj\tgui_numenterscreenfuncs.o
#        D:\Electronics\Projects\MKS_DLP_new\SRC\firmware\MKSDLP_Alter_Debug\Obj\tgui_printscreenfuncs.o
#        D:\Electronics\Projects\MKS_DLP_new\SRC\firmware\MKSDLP_Alter_Debug\Obj\tgui_screensaverfuncs.o
#        D:\Electronics\Projects\MKS_DLP_new\SRC\firmware\MKSDLP_Alter_Debug\Obj\tgui_settingsscreenfuncs.o
#        D:\Electronics\Projects\MKS_DLP_new\SRC\firmware\MKSDLP_Alter_Debug\Obj\tgui_uvtestscreenfuncs.o
#        D:\Electronics\Projects\MKS_DLP_new\SRC\firmware\MKSDLP_Alter_Debug\Obj\tim.o
#        D:\Electronics\Projects\MKS_DLP_new\SRC\firmware\MKSDLP_Alter_Debug\Obj\touch.o
#        D:\Electronics\Projects\MKS_DLP_new\SRC\firmware\MKSDLP_Alter_Debug\Obj\unicode_utils.o
#        D:\Electronics\Projects\MKS_DLP_new\SRC\firmware\MKSDLP_Alter_Debug\Obj\usb_host.o
#        D:\Electronics\Projects\MKS_DLP_new\SRC\firmware\MKSDLP_Alter_Debug\Obj\usbh_conf.o
#        D:\Electronics\Projects\MKS_DLP_new\SRC\firmware\MKSDLP_Alter_Debug\Obj\usbh_core.o
#        D:\Electronics\Projects\MKS_DLP_new\SRC\firmware\MKSDLP_Alter_Debug\Obj\usbh_ctlreq.o
#        D:\Electronics\Projects\MKS_DLP_new\SRC\firmware\MKSDLP_Alter_Debug\Obj\usbh_diskio.o
#        D:\Electronics\Projects\MKS_DLP_new\SRC\firmware\MKSDLP_Alter_Debug\Obj\usbh_ioreq.o
#        D:\Electronics\Projects\MKS_DLP_new\SRC\firmware\MKSDLP_Alter_Debug\Obj\usbh_msc.o
#        D:\Electronics\Projects\MKS_DLP_new\SRC\firmware\MKSDLP_Alter_Debug\Obj\usbh_msc_bot.o
#        D:\Electronics\Projects\MKS_DLP_new\SRC\firmware\MKSDLP_Alter_Debug\Obj\usbh_msc_scsi.o
#        D:\Electronics\Projects\MKS_DLP_new\SRC\firmware\MKSDLP_Alter_Debug\Obj\usbh_pipes.o
#        D:\Electronics\Projects\MKS_DLP_new\SRC\firmware\MKSDLP_Alter_Debug\Obj\usbh_platform.o
#        D:\Electronics\Projects\MKS_DLP_new\SRC\firmware\MKSDLP_Alter_Debug\Obj\uvdisplay.o
#        D:\Electronics\Projects\MKS_DLP_new\SRC\firmware\MKSDLP_Alter_Debug\Obj\z_endstops.o
#        D:\Electronics\Projects\MKS_DLP_new\SRC\firmware\MKSDLP_Alter_Debug\Obj\z_planner.o
#        D:\Electronics\Projects\MKS_DLP_new\SRC\firmware\MKSDLP_Alter_Debug\Obj\z_stepper.o
#        --redirect _Printf=_PrintfFull --redirect _Scanf=_ScanfFull
#        --no_out_extension -o
#        D:\Electronics\Projects\MKS_DLP_new\SRC\firmware\MKSDLP_Alter_debug\Exe\MKS_DLP_new.out
#        --map
#        D:\Electronics\Projects\MKS_DLP_new\SRC\firmware\MKSDLP_Alter_debug\List\MKS_DLP_new.map
#        --log libraries,call_graph --log_file
#        D:\Electronics\Projects\MKS_DLP_new\SRC\firmware\MKSDLP_Alter_debug\List\MKS_DLP_new.log
#        --config
#        D:\Electronics\Projects\MKS_DLP_new\SRC\firmware/config/stm32f407xx_flash.icf
#        --semihosting --entry __iar_program_start --merge_duplicate_sections
#        --vfe --text_out locale)
#
###############################################################################

*******************************************************************************
*** RUNTIME MODEL ATTRIBUTES
***

CppFlavor                     = *
__CPP_Exceptions              = Disabled
__CPP_Language                = C++14
__Heap_Handler                = DLMalloc
__SystemLibrary               = DLib
__dlib_dynamic_initialization = normal
__dlib_version                = 6


*******************************************************************************
*** HEAP SELECTION
***

The advanced heap was selected because the application calls memory
allocation functions outside of system library functions, and there
are calls to deallocation functions in the application.


*******************************************************************************
*** PLACEMENT SUMMARY
***

"A0":  place at 0x801'0000 { ro section .intvec };
"P1":  place in [from 0x801'0000 to 0x807'ffff] { ro };
define block CSTACK with size = 16K, alignment = 8 { };
define block HEAP with size = 8K, alignment = 8 { };
"P2":  place in [from 0x2000'0000 to 0x2001'ffff] {
          rw, block CSTACK, block HEAP };
"P3":  place in [from 0x1000'0000 to 0x1000'ffff] { rw section CCMRAM };
initialize by copy { rw };

  Section                Kind         Address     Size  Object
  -------                ----         -------     ----  ------
"A0":                                            0x188
  .intvec                ro code   0x801'0000    0x188  startup_stm32f407xx.o [1]
                                 - 0x801'0188    0x188

"P1":                                          0x36519
  .rodata                const     0x801'0188   0x66f0  fnt170num_lcd.o [1]
  .text                  ro code   0x801'6878   0x4a70  tgui.o [1]
  .text                  ro code   0x801'b2e8     0x66  ABImemset.o [5]
  .text                  ro code   0x801'b34e     0x7a  lz77_init_single.o [5]
  .text                  ro code   0x801'b3c8    0xaf8  tgui_defaultfuncs.o [1]
  .text                  ro code   0x801'bec0     0xa6  ABImemcpy.o [5]
  .text                  ro code   0x801'bf66     0x3a  zero_init3.o [5]
  .text                  ro code   0x801'bfa0     0x40  languages.o [1]
  .text                  ro code   0x801'bfe0    0x754  tgui_messagebox.o [1]
  .text                  ro code   0x801'c734    0x20c  sys_timer.o [1]
  .text                  ro code   0x801'c940    0x26c  datetime.o [1]
  .text                  ro code   0x801'cbac     0x40  sprintf.o [2]
  .text                  ro code   0x801'cbec    0xc20  lcd_ui.o [1]
  .text                  ro code   0x801'd80c    0x520  lcd_low.o [1]
  .text                  ro code   0x801'dd2c   0x2d1c  ff.o [1]
  .text                  ro code   0x802'0a48    0x39a  unicode_utils.o [1]
  .text                  ro code   0x802'0de2     0x26  xencoding_8859_1.o [2]
  .text                  ro code   0x802'0e08    0x2d4  touch.o [1]
  .text                  ro code   0x802'10dc     0x70  strncpy.o [5]
  .text                  ro code   0x802'114c    0x418  stm32f4xx_hal_rtc.o [1]
  .text                  ro code   0x802'1564      0xc  stm32f4xx_hal.o [1]
  .text                  ro code   0x802'1570    0xf46  xprintffull.o [2]
  .text                  ro code   0x802'24b6     0x1e  xsscin.o [2]
  .text                  ro code   0x802'24d4     0x28  stm32f4xx_hal.o [1]
  .text                  ro code   0x802'24fc    0x114  fsmc.o [1]
  .text                  ro code   0x802'2610    0x458  stm32f4xx_hal_dma.o [1]
  .text                  ro code   0x802'2a68    0x12c  stm32f4xx_hal_cortex.o [1]
  .text                  ro code   0x802'2b94     0xb0  diskio.o [1]
  .text                  ro code   0x802'2c44    0x144  ffunicode.o [1]
  .text                  ro code   0x802'2d88    0x158  fatfs.o [1]
  .text                  ro code   0x802'2ee0    0x554  fst_spi.o [1]
  .text                  ro code   0x802'3434    0x104  xlocale_c.o [2]
  .text                  ro code   0x802'3538     0x16  strchr.o [5]
  .text                  ro code   0x802'354e      0xa  xsprout.o [2]
  .text                  ro code   0x802'3558     0x40  xfail_s.o [2]
  .text                  ro code   0x802'3598     0x36  strlen.o [5]
  .rodata                const     0x802'35ce      0x2  languages.o [1]
  .text                  ro code   0x802'35d0     0x58  memchr.o [5]
  .text                  ro code   0x802'3628      0xa  xmbcurmax.o [2]
  .rodata                const     0x802'3632      0x2  languages.o [1]
  .text                  ro code   0x802'3634    0x230  I64DivMod.o [5]
  .text                  ro code   0x802'3864    0x1a2  DblMul.o [4]
  .rodata                const     0x802'3a06      0x1  unwind_debug.o [6]
  .text                  ro code   0x802'3a08     0x70  frexp.o [4]
  .text                  ro code   0x802'3a78     0x2e  DblCmpLe.o [4]
  .text                  ro code   0x802'3aa8     0x2e  DblCmpGe.o [4]
  .text                  ro code   0x802'3ad8    0x13a  ldexp.o [4]
  .text                  ro code   0x802'3c14     0x3a  DblToS32.o [4]
  .text                  ro code   0x802'3c50     0x22  S32ToDbl.o [4]
  .text                  ro code   0x802'3c74     0xe2  DblSub.o [4]
  .text                  ro code   0x802'3d58    0x246  DblDiv.o [4]
  .text                  ro code   0x802'3fa0     0x28  DblToU32.o [4]
  .text                  ro code   0x802'3fc8     0x1a  U32ToDbl.o [4]
  .text                  ro code   0x802'3fe4      0x6  ABImemclr4.o [5]
  .text                  ro code   0x802'3fec     0x5c  stm32f4xx_hal_sram.o [1]
  .text                  ro code   0x802'4048   0x1256  main.o [1]
  .text                  ro code   0x802'52a0    0x252  stm32f4xx_hal_gpio.o [1]
  .text                  ro code   0x802'54f4     0x54  ff_gen_drv.o [1]
  .text                  ro code   0x802'5548    0x766  stm32f4xx_hal_spi.o [1]
  .text                  ro code   0x802'5cae      0x6  abort.o [2]
  .text                  ro code   0x802'5cb4      0x2  stm32f4xx_hal_spi.o [1]
  .text                  ro code   0x802'5cb8    0x17a  DblAdd.o [4]
  .text                  ro code   0x802'5e34     0x32  ABImemset48.o [5]
  .text                  ro code   0x802'5e68     0xe4  stm32f4xx_ll_fsmc.o [1]
  .text                  ro code   0x802'5f4c     0x34  stm32f4xx_hal.o [1]
  .text                  ro code   0x802'5f80    0x2c0  gpio.o [1]
  .text                  ro code   0x802'6240    0x5e4  eeprom.o [1]
  .text                  ro code   0x802'6824    0xec4  config.o [1]
  .text                  ro code   0x802'76e8    0x2c8  spi_flash.o [1]
  .text                  ro code   0x802'79b0     0xc8  rtc.o [1]
  .text                  ro code   0x802'7a78    0x2e4  motor.o [1]
  .text                  ro code   0x802'7d5c    0x1da  cpld_utils.o [1]
  .text                  ro code   0x802'7f38     0x24  uvdisplay.o [1]
  .text                  ro code   0x802'7f5c    0x488  tgui_uvtestscreenfuncs.o [1]
  .text                  ro code   0x802'83e4     0x20  usbh_platform.o [1]
  .text                  ro code   0x802'8404     0x94  usb_host.o [1]
  .text                  ro code   0x802'8498     0x12  strcmp.o [5]
  .text                  ro code   0x802'84ac    0x484  tgui_screensaverfuncs.o [1]
  .text                  ro code   0x802'8930     0x48  FltToDbl.o [4]
  .text                  ro code   0x802'8978     0x68  DblToFlt.o [4]
  .text                  ro code   0x802'89e0    0x524  tgui_movezscreenfuncs.o [1]
  .text                  ro code   0x802'8f04    0x6c4  printing.o [1]
  .text                  ro code   0x802'95c8    0x3fc  prtfiles.o [1]
  .text                  ro code   0x802'99c4    0x3b4  stm32f4xx_hal_rcc.o [1]
  .text                  ro code   0x802'9d78    0x1f4  stm32f4xx_hal_rcc.o [1]
  .text                  ro code   0x802'9f6c    0x150  stm32f4xx_hal_rcc_ex.o [1]
  .text                  ro code   0x802'a0bc     0x14  exit.o [6]
  .text                  ro code   0x802'a0d0     0x4c  stm32f4xx_hal.o [1]
  .text                  ro code   0x802'a11c     0x40  stm32f4xx_hal_msp.o [1]
  .text                  ro code   0x802'a15c    0x1ea  stm32f4xx_hal_i2c.o [1]
  .text                  ro code   0x802'a348      0xe  math_wrappers64.o [4]
  .text                  ro code   0x802'a358    0x152  iar_Stoulx.o [2]
  .text                  ro code   0x802'a4aa     0x20  spi_flash.o [1]
  .text                  ro code   0x802'a4cc     0xe4  z_endstops.o [1]
  .text                  ro code   0x802'a5b0    0xe30  z_planner.o [1]
  .text                  ro code   0x802'b3e0    0x590  z_stepper.o [1]
  .text                  ro code   0x802'b970    0x1cc  tim.o [1]
  .text                  ro code   0x802'bb3c    0x78a  stm32f4xx_hal_tim.o [1]
  .text                  ro code   0x802'c2c8     0x14  motor.o [1]
  .text                  ro code   0x802'c2dc      0xc  z_endstops.o [1]
  .text                  ro code   0x802'c2e8     0x18  z_endstops.o [1]
  .text                  ro code   0x802'c300     0x20  z_stepper.o [1]
  .text                  ro code   0x802'c320     0x20  motor.o [1]
  .text                  ro code   0x802'c340     0x42  cpld_utils.o [1]
  .text                  ro code   0x802'c384    0x5c8  ssd_utils.o [1]
  .text                  ro code   0x802'c94c     0x18  strcpy.o [5]
  .text                  ro code   0x802'c964     0x1e  strcat.o [2]
  .text                  ro code   0x802'c982    0x7de  usbh_core.o [1]
  .text                  ro code   0x802'd160    0x4cc  files_pws.o [1]
  .text                  ro code   0x802'd62c    0x360  files_photon.o [1]
  .text                  ro code   0x802'd98c     0x1e  sqrtf.o [4]
  .text                  ro code   0x802'd9ac    0x51c  strto64.o [4]
  .text                  ro code   0x802'dec8     0x14  isspace.o [2]
  .text                  ro code   0x802'dedc     0x14  tolower.o [2]
  .text                  ro code   0x802'def0     0x18  z_stepper.o [1]
  .text                  ro code   0x802'df08     0x24  z_planner.o [1]
  .text                  ro code   0x802'df2c     0x18  z_planner.o [1]
  .text                  ro code   0x802'df44      0x8  z_stepper.o [1]
  .text                  ro code   0x802'df4c     0x3c  ceilf.o [4]
  .text                  ro code   0x802'df88     0xac  z_planner.o [1]
  .text                  ro code   0x802'e034     0x3c  floorf.o [4]
  .text                  ro code   0x802'e070     0xbc  z_planner.o [1]
  .text                  ro code   0x802'e12c     0x12  z_planner.o [1]
  .text                  ro code   0x802'e13e      0x8  z_planner.o [1]
  .text                  ro code   0x802'e148     0x20  z_stepper.o [1]
  .text                  ro code   0x802'e168     0x10  z_stepper.o [1]
  .text                  ro code   0x802'e178      0xc  z_stepper.o [1]
  .text                  ro code   0x802'e184     0x38  z_planner.o [1]
  .text                  ro code   0x802'e1bc     0x18  z_planner.o [1]
  .text                  ro code   0x802'e1d4     0x2e  lroundf.o [4]
  .text                  ro code   0x802'e204     0x1c  z_stepper.o [1]
  .text                  ro code   0x802'e220     0x2c  z_stepper.o [1]
  .text                  ro code   0x802'e24c     0xac  stm32f4xx_hal_tim_ex.o [1]
  .text                  ro code   0x802'e2f8    0x2f8  usbh_conf.o [1]
  .text                  ro code   0x802'e5f0     0xb6  usbh_pipes.o [1]
  .text                  ro code   0x802'e6a6    0x5bc  usbh_ctlreq.o [1]
  .text                  ro code   0x802'ec62    0x122  iar_Stopfx.o [2]
  .text                  ro code   0x802'ed84    0x1c4  iar_Stoflt.o [2]
  .text                  ro code   0x802'ef48    0x21c  iar_Stoxflt.o [2]
  .text                  ro code   0x802'f164     0x10  z_stepper.o [1]
  .text                  ro code   0x802'f174      0xe  z_planner.o [1]
  .text                  ro code   0x802'f184     0x1c  z_stepper.o [1]
  .text                  ro code   0x802'f1a0   0x1060  stm32f4xx_hal_hcd.o [1]
  .text                  ro code   0x803'0200     0xd0  usbh_ioreq.o [1]
  .text                  ro code   0x803'02d0     0x14  isalpha.o [2]
  .text                  ro code   0x803'02e4    0x9c4  stm32f4xx_ll_usb.o [1]
  .rodata                const     0x803'0ca8   0x3b94  fnt36.o [1]
  .rodata                const     0x803'483c   0x2094  fnt24bold.o [1]
  .rodata                const     0x803'68d0   0x1a1c  fnt24.o [1]
  .text                  ro code   0x803'82ec   0x14e0  dlmalloc.o [2]
  .text                  ro code   0x803'97cc     0x2c  xgetmemchunk.o [2]
  .rodata                const     0x803'97f8   0x10c8  fnt18bold.o [1]
  .text                  ro code   0x803'a8c0    0xee4  tgui_filesscreenfuncs.o [1]
  .text                  ro code   0x803'b7a4    0xbe4  tgui_fileviewscreenfuncs.o [1]
  .rodata                const     0x803'c388    0xea4  fnt18.o [1]
  .text                  ro code   0x803'd22c    0xe58  xscanffull.o [2]
  .text                  ro code   0x803'e084     0x3c  wctob.o [2]
  .text                  ro code   0x803'e0c0     0x9e  iar_Stollx.o [2]
  .text                  ro code   0x803'e160    0x1b2  iar_Stoullx.o [2]
  .text                  ro code   0x803'e314    0x980  tgui_printscreenfuncs.o [1]
  .text                  ro code   0x803'ec94    0x8b4  usbh_msc.o [1]
  .text                  ro code   0x803'f548    0x394  usbh_msc_bot.o [1]
  .text                  ro code   0x803'f8dc      0x4  heaptramp0.o [2]
  .text                  ro code   0x803'f8e0    0x3ea  usbh_msc_scsi.o [1]
  .rodata                const     0x803'fccc    0x788  fnt12bold.o [1]
  .rodata                const     0x804'0454    0x6b4  fnt12.o [1]
  .rodata                const     0x804'0b08    0x684  fnt36num.o [1]
  .text                  ro code   0x804'118c    0x680  tgui_clocksetscreenfuncs.o [1]
  .text                  ro code   0x804'180c    0x620  tgui_numenterscreenfuncs.o [1]
  .text                  ro code   0x804'1e2c     0x28  sscanf.o [2]
  .text                  ro code   0x804'1e54    0x474  tgui_infoscreenfuncs.o [1]
  .text                  ro code   0x804'22c8    0x400  tgui_settingsscreenfuncs.o [1]
  .rodata                const     0x804'26c8    0x1f4  ffunicode.o [1]
  .rodata                const     0x804'28bc    0x1f0  languages.o [1]
  .rodata                const     0x804'2aac    0x1f0  languages.o [1]
  .text                  ro code   0x804'2c9c    0x144  usbh_diskio.o [1]
  .rodata                const     0x804'2de0    0x140  fnt12.o [1]
  .rodata                const     0x804'2f20    0x140  fnt12bold.o [1]
  .rodata                const     0x804'3060    0x140  fnt18.o [1]
  .rodata                const     0x804'31a0    0x140  fnt18bold.o [1]
  .rodata                const     0x804'32e0    0x140  fnt24.o [1]
  .rodata                const     0x804'3420    0x140  fnt24bold.o [1]
  .rodata                const     0x804'3560    0x140  fnt36.o [1]
  .text                  ro code   0x804'36a0    0x12c  spifl_diskio.o [1]
  .rodata                const     0x804'37cc    0x100  ffunicode.o [1]
  .rodata                const     0x804'38cc     0xc8  languages.o [1]
  .rodata                const     0x804'3994     0xbc  ffunicode.o [1]
  .rodata                const     0x804'3a50     0x9c  languages.o [1]
  .text                  ro code   0x804'3aec     0x9c  stm32f4xx_it.o [1]
  .rodata                const     0x804'3b88     0x80  ff.o [1]
  .rodata                const     0x804'3c08     0x78  languages.o [1]
  .rodata                const     0x804'3c80     0x74  languages.o [1]
  .rodata                const     0x804'3cf4     0x74  languages.o [1]
  .rodata                const     0x804'3d68     0x70  languages.o [1]
  .rodata                const     0x804'3dd8     0x70  languages.o [1]
  .rodata                const     0x804'3e48     0x68  languages.o [1]
  .rodata                const     0x804'3eb0     0x68  languages.o [1]
  .rodata                const     0x804'3f18     0x68  languages.o [1]
  .rodata                const     0x804'3f80     0x64  languages.o [1]
  .rodata                const     0x804'3fe4     0x54  languages.o [1]
  .rodata                const     0x804'4038     0x54  languages.o [1]
  .rodata                const     0x804'408c     0x50  iar_Stoulx.o [2]
  .rodata                const     0x804'40dc     0x50  iar_Stoullx.o [2]
  .rodata                const     0x804'412c     0x4c  languages.o [1]
  .rodata                const     0x804'4178     0x4c  xscanffull.o [2]
  .rodata                const     0x804'41c4     0x48  languages.o [1]
  .rodata                const     0x804'420c     0x44  languages.o [1]
  .rodata                const     0x804'4250     0x48  strto64.o [4]
  .rodata                const     0x804'4298     0x40  languages.o [1]
  .rodata                const     0x804'42d8     0x3c  languages.o [1]
  .rodata                const     0x804'4314     0x3c  languages.o [1]
  .rodata                const     0x804'4350     0x3c  languages.o [1]
  .rodata                const     0x804'438c     0x3c  languages.o [1]
  .rodata                const     0x804'43c8     0x3c  languages.o [1]
  .rodata                const     0x804'4404     0x38  fnt170num_lcd.o [1]
  .rodata                const     0x804'443c     0x38  fnt36num.o [1]
  .rodata                const     0x804'4474     0x38  languages.o [1]
  .rodata                const     0x804'44ac     0x38  languages.o [1]
  .rodata                const     0x804'44e4     0x38  languages.o [1]
  .rodata                const     0x804'451c     0x38  main.o [1]
  .rodata                const     0x804'4554     0x34  languages.o [1]
  .rodata                const     0x804'4588     0x34  languages.o [1]
  .rodata                const     0x804'45bc     0x34  languages.o [1]
  .rodata                const     0x804'45f0     0x34  main.o [1]
  .rodata                const     0x804'4624     0x34  main.o [1]
  .rodata                const     0x804'4658     0x30  languages.o [1]
  .rodata                const     0x804'4688     0x30  languages.o [1]
  .rodata                const     0x804'46b8     0x30  languages.o [1]
  .rodata                const     0x804'46e8     0x30  languages.o [1]
  .rodata                const     0x804'4718     0x30  main.o [1]
  .rodata                const     0x804'4748     0x30  main.o [1]
  .rodata                const     0x804'4778     0x30  main.o [1]
  .rodata                const     0x804'47a8     0x2c  languages.o [1]
  .rodata                const     0x804'47d4     0x2c  languages.o [1]
  .rodata                const     0x804'4800     0x2c  languages.o [1]
  .rodata                const     0x804'482c     0x2c  languages.o [1]
  .rodata                const     0x804'4858     0x2c  main.o [1]
  .rodata                const     0x804'4884     0x2c  main.o [1]
  .rodata                const     0x804'48b0     0x28  languages.o [1]
  .rodata                const     0x804'48d8     0x28  languages.o [1]
  .rodata                const     0x804'4900     0x28  languages.o [1]
  .rodata                const     0x804'4928     0x28  main.o [1]
  .rodata                const     0x804'4950     0x28  xscanffull.o [2]
  .text                  ro code   0x804'4978     0x28  data_init.o [5]
  .rodata                const     0x804'49a0     0x24  languages.o [1]
  .rodata                const     0x804'49c4     0x24  languages.o [1]
  .rodata                const     0x804'49e8     0x24  languages.o [1]
  .rodata                const     0x804'4a0c     0x24  main.o [1]
  .rodata                const     0x804'4a30     0x24  tgui_infoscreenfuncs.o [1]
  .text                  ro code   0x804'4a54     0x22  fpinit_M.o [4]
  .iar.init_table        const     0x804'4a78     0x2c  - Linker created -
  .rodata                const     0x804'4aa4     0x20  languages.o [1]
  .rodata                const     0x804'4ac4     0x20  languages.o [1]
  .rodata                const     0x804'4ae4     0x20  languages.o [1]
  .rodata                const     0x804'4b04     0x20  languages.o [1]
  .rodata                const     0x804'4b24     0x20  languages.o [1]
  .rodata                const     0x804'4b44     0x20  languages.o [1]
  .rodata                const     0x804'4b64     0x20  languages.o [1]
  .rodata                const     0x804'4b84     0x20  main.o [1]
  .rodata                const     0x804'4ba4     0x20  tgui.o [1]
  .rodata                const     0x804'4bc4     0x20  tgui.o [1]
  .rodata                const     0x804'4be4     0x20  tgui.o [1]
  .rodata                const     0x804'4c04     0x20  tgui.o [1]
  .rodata                const     0x804'4c24     0x20  tgui.o [1]
  .rodata                const     0x804'4c44     0x20  tgui.o [1]
  .rodata                const     0x804'4c64     0x20  tgui.o [1]
  .rodata                const     0x804'4c84     0x20  tgui_printscreenfuncs.o [1]
  .text                  ro code   0x804'4ca4     0x20  system_stm32f4xx.o [1]
  .text                  ro code   0x804'4cc4     0x20  cmain_call_ctors.o [5]
  .text                  ro code   0x804'4ce4     0x18  cppinit.o [2]
  .text                  ro code   0x804'4cfc     0x1e  cmain.o [5]
  .text                  ro code   0x804'4d1a      0x4  low_level_init.o [2]
  .text                  ro code   0x804'4d1e      0x4  exit.o [2]
  .text                  ro code   0x804'4d24      0xa  cexit.o [5]
  .rodata                const     0x804'4d30     0x1c  languages.o [1]
  .rodata                const     0x804'4d4c     0x1c  languages.o [1]
  .rodata                const     0x804'4d68     0x1c  languages.o [1]
  .rodata                const     0x804'4d84     0x1c  languages.o [1]
  .rodata                const     0x804'4da0     0x1c  languages.o [1]
  .rodata                const     0x804'4dbc     0x1c  languages.o [1]
  .rodata                const     0x804'4dd8     0x1c  languages.o [1]
  .rodata                const     0x804'4df4     0x1c  languages.o [1]
  .rodata                const     0x804'4e10     0x1c  languages.o [1]
  .rodata                const     0x804'4e2c     0x1c  languages.o [1]
  .rodata                const     0x804'4e48     0x1c  languages.o [1]
  .rodata                const     0x804'4e64     0x1c  languages.o [1]
  .rodata                const     0x804'4e80     0x1c  tgui.o [1]
  .rodata                const     0x804'4e9c     0x1c  tgui.o [1]
  .rodata                const     0x804'4eb8     0x1c  tgui.o [1]
  .rodata                const     0x804'4ed4     0x1c  tgui.o [1]
  .rodata                const     0x804'4ef0     0x1c  tgui.o [1]
  .rodata                const     0x804'4f0c     0x1c  tgui.o [1]
  .rodata                const     0x804'4f28     0x1c  tgui.o [1]
  .rodata                const     0x804'4f44     0x1c  tgui.o [1]
  .rodata                const     0x804'4f60     0x1c  tgui.o [1]
  .rodata                const     0x804'4f7c     0x1c  tgui.o [1]
  .rodata                const     0x804'4f98     0x1c  tgui.o [1]
  .rodata                const     0x804'4fb4     0x1c  tgui.o [1]
  .rodata                const     0x804'4fd0     0x1c  tgui.o [1]
  .rodata                const     0x804'4fec     0x1c  tgui.o [1]
  .rodata                const     0x804'5008     0x1c  tgui.o [1]
  .rodata                const     0x804'5024     0x1c  tgui.o [1]
  .rodata                const     0x804'5040     0x1c  tgui.o [1]
  .rodata                const     0x804'505c     0x1c  tgui.o [1]
  .rodata                const     0x804'5078     0x1c  tgui.o [1]
  .rodata                const     0x804'5094     0x1c  tgui.o [1]
  .rodata                const     0x804'50b0     0x1c  tgui.o [1]
  .rodata                const     0x804'50cc     0x1c  tgui.o [1]
  .rodata                const     0x804'50e8     0x1c  tgui.o [1]
  .rodata                const     0x804'5104     0x1c  tgui.o [1]
  .rodata                const     0x804'5120     0x1c  tgui.o [1]
  .rodata                const     0x804'513c     0x1c  tgui.o [1]
  .rodata                const     0x804'5158     0x1c  tgui.o [1]
  .rodata                const     0x804'5174     0x1c  tgui.o [1]
  .rodata                const     0x804'5190     0x1c  tgui.o [1]
  .rodata                const     0x804'51ac     0x1c  tgui.o [1]
  .rodata                const     0x804'51c8     0x1c  tgui.o [1]
  .rodata                const     0x804'51e4     0x1c  tgui.o [1]
  .rodata                const     0x804'5200     0x1c  tgui.o [1]
  .rodata                const     0x804'521c     0x1c  tgui.o [1]
  .rodata                const     0x804'5238     0x1c  tgui.o [1]
  .rodata                const     0x804'5254     0x1c  tgui_fileviewscreenfuncs.o [1]
  .rodata                const     0x804'5270     0x1c  tgui_infoscreenfuncs.o [1]
  .text                  ro code   0x804'528c     0x1c  tgui_langscreenfuncs.o [1]
  .rodata                const     0x804'52a8     0x18  config.o [1]
  .rodata                const     0x804'52c0     0x18  config.o [1]
  .rodata                const     0x804'52d8     0x18  config.o [1]
  .rodata                const     0x804'52f0     0x18  config.o [1]
  .rodata                const     0x804'5308     0x18  config.o [1]
  .rodata                const     0x804'5320     0x18  datetime.o [1]
  .rodata                const     0x804'5338     0x18  datetime.o [1]
  .rodata                const     0x804'5350     0x18  languages.o [1]
  .rodata                const     0x804'5368     0x18  languages.o [1]
  .rodata                const     0x804'5380     0x18  languages.o [1]
  .rodata                const     0x804'5398     0x18  languages.o [1]
  .rodata                const     0x804'53b0     0x18  languages.o [1]
  .rodata                const     0x804'53c8     0x18  languages.o [1]
  .rodata                const     0x804'53e0     0x18  languages.o [1]
  .rodata                const     0x804'53f8     0x18  main.o [1]
  .rodata                const     0x804'5410     0x18  main.o [1]
  .rodata                const     0x804'5428     0x18  main.o [1]
  .rodata                const     0x804'5440     0x18  tgui.o [1]
  .rodata                const     0x804'5458     0x18  tgui.o [1]
  .rodata                const     0x804'5470     0x18  tgui.o [1]
  .rodata                const     0x804'5488     0x18  tgui.o [1]
  .rodata                const     0x804'54a0     0x18  tgui.o [1]
  .rodata                const     0x804'54b8     0x18  tgui.o [1]
  .rodata                const     0x804'54d0     0x18  tgui.o [1]
  .rodata                const     0x804'54e8     0x18  tgui.o [1]
  .rodata                const     0x804'5500     0x18  tgui.o [1]
  .rodata                const     0x804'5518     0x18  tgui.o [1]
  .rodata                const     0x804'5530     0x18  tgui.o [1]
  .rodata                const     0x804'5548     0x18  tgui.o [1]
  .rodata                const     0x804'5560     0x18  tgui.o [1]
  .rodata                const     0x804'5578     0x18  tgui.o [1]
  .rodata                const     0x804'5590     0x18  tgui.o [1]
  .rodata                const     0x804'55a8     0x18  tgui.o [1]
  .rodata                const     0x804'55c0     0x18  tgui.o [1]
  .rodata                const     0x804'55d8     0x18  tgui.o [1]
  .rodata                const     0x804'55f0     0x18  tgui.o [1]
  .rodata                const     0x804'5608     0x18  tgui.o [1]
  .rodata                const     0x804'5620     0x18  tgui.o [1]
  .rodata                const     0x804'5638     0x18  tgui.o [1]
  .rodata                const     0x804'5650     0x18  tgui.o [1]
  .rodata                const     0x804'5668     0x18  tgui.o [1]
  .rodata                const     0x804'5680     0x18  tgui.o [1]
  .rodata                const     0x804'5698     0x18  tgui.o [1]
  .rodata                const     0x804'56b0     0x18  tgui.o [1]
  .rodata                const     0x804'56c8     0x18  tgui_filesscreenfuncs.o [1]
  .rodata                const     0x804'56e0     0x18  tgui_filesscreenfuncs.o [1]
  .rodata                const     0x804'56f8     0x14  config.o [1]
  .rodata                const     0x804'570c     0x14  config.o [1]
  .rodata                const     0x804'5720     0x14  config.o [1]
  .rodata                const     0x804'5734     0x14  config.o [1]
  .rodata                const     0x804'5748     0x14  ff.o [1]
  .rodata                const     0x804'575c     0x14  ff.o [1]
  .rodata                const     0x804'5770     0x14  languages.o [1]
  .rodata                const     0x804'5784     0x14  languages.o [1]
  .rodata                const     0x804'5798     0x14  languages.o [1]
  .rodata                const     0x804'57ac     0x14  languages.o [1]
  .rodata                const     0x804'57c0     0x14  languages.o [1]
  .rodata                const     0x804'57d4     0x14  languages.o [1]
  .rodata                const     0x804'57e8     0x14  languages.o [1]
  .rodata                const     0x804'57fc     0x14  languages.o [1]
  .rodata                const     0x804'5810     0x14  languages.o [1]
  .rodata                const     0x804'5824     0x14  languages.o [1]
  .rodata                const     0x804'5838     0x14  languages.o [1]
  .rodata                const     0x804'584c     0x14  languages.o [1]
  .rodata                const     0x804'5860     0x14  spifl_diskio.o [1]
  .rodata                const     0x804'5874     0x14  tgui.o [1]
  .rodata                const     0x804'5888     0x14  tgui.o [1]
  .rodata                const     0x804'589c     0x14  tgui.o [1]
  .rodata                const     0x804'58b0     0x14  tgui.o [1]
  .rodata                const     0x804'58c4     0x14  tgui.o [1]
  .rodata                const     0x804'58d8     0x14  tgui.o [1]
  .rodata                const     0x804'58ec     0x14  tgui.o [1]
  .rodata                const     0x804'5900     0x14  tgui_filesscreenfuncs.o [1]
  .rodata                const     0x804'5914     0x14  tgui_filesscreenfuncs.o [1]
  .rodata                const     0x804'5928     0x14  tgui_infoscreenfuncs.o [1]
  .rodata                const     0x804'593c     0x14  tgui_printscreenfuncs.o [1]
  .rodata                const     0x804'5950     0x14  tgui_printscreenfuncs.o [1]
  .rodata                const     0x804'5964     0x14  tgui_uvtestscreenfuncs.o [1]
  .rodata                const     0x804'5978     0x14  tgui_uvtestscreenfuncs.o [1]
  .rodata                const     0x804'598c     0x14  tgui_uvtestscreenfuncs.o [1]
  .rodata                const     0x804'59a0     0x14  usbh_diskio.o [1]
  .rodata                const     0x804'59b4     0x10  config.o [1]
  .rodata                const     0x804'59c4     0x10  config.o [1]
  .rodata                const     0x804'59d4     0x10  config.o [1]
  .rodata                const     0x804'59e4     0x10  config.o [1]
  .rodata                const     0x804'59f4     0x10  config.o [1]
  .rodata                const     0x804'5a04     0x10  config.o [1]
  .rodata                const     0x804'5a14     0x10  ff.o [1]
  .rodata                const     0x804'5a24     0x10  ff.o [1]
  .rodata                const     0x804'5a34     0x10  ff.o [1]
  .rodata                const     0x804'5a44     0x10  ff.o [1]
  .rodata                const     0x804'5a54     0x10  languages.o [1]
  .rodata                const     0x804'5a64     0x10  languages.o [1]
  .rodata                const     0x804'5a74     0x10  languages.o [1]
  .rodata                const     0x804'5a84     0x10  languages.o [1]
  .rodata                const     0x804'5a94     0x10  languages.o [1]
  .rodata                const     0x804'5aa4     0x10  languages.o [1]
  .rodata                const     0x804'5ab4     0x10  languages.o [1]
  .rodata                const     0x804'5ac4     0x10  languages.o [1]
  .rodata                const     0x804'5ad4     0x10  languages.o [1]
  .rodata                const     0x804'5ae4     0x10  languages.o [1]
  .rodata                const     0x804'5af4     0x10  languages.o [1]
  .rodata                const     0x804'5b04     0x10  languages.o [1]
  .rodata                const     0x804'5b14     0x10  languages.o [1]
  .rodata                const     0x804'5b24     0x10  languages.o [1]
  .rodata                const     0x804'5b34     0x10  languages.o [1]
  .rodata                const     0x804'5b44     0x10  languages.o [1]
  .rodata                const     0x804'5b54     0x10  languages.o [1]
  .rodata                const     0x804'5b64     0x10  languages.o [1]
  .rodata                const     0x804'5b74     0x10  languages.o [1]
  .rodata                const     0x804'5b84     0x10  languages.o [1]
  .rodata                const     0x804'5b94     0x10  languages.o [1]
  .rodata                const     0x804'5ba4     0x10  main.o [1]
  .rodata                const     0x804'5bb4     0x10  main.o [1]
  .rodata                const     0x804'5bc4     0x10  system_stm32f4xx.o [1]
  .rodata                const     0x804'5bd4     0x10  tgui.o [1]
  .rodata                const     0x804'5be4     0x10  tgui.o [1]
  .rodata                const     0x804'5bf4     0x10  tgui.o [1]
  .rodata                const     0x804'5c04     0x10  tgui.o [1]
  .rodata                const     0x804'5c14     0x10  tgui.o [1]
  .rodata                const     0x804'5c24     0x10  tgui.o [1]
  .rodata                const     0x804'5c34     0x10  tgui.o [1]
  .rodata                const     0x804'5c44     0x10  tgui_defaultfuncs.o [1]
  .text                  ro code   0x804'5c54     0x10  startup_stm32f407xx.o [1]
  .rodata                const     0x804'5c64      0xc  config.o [1]
  .rodata                const     0x804'5c70      0xc  config.o [1]
  .rodata                const     0x804'5c7c      0xc  config.o [1]
  .rodata                const     0x804'5c88      0xc  config.o [1]
  .rodata                const     0x804'5c94      0xc  config.o [1]
  .rodata                const     0x804'5ca0      0xc  config.o [1]
  .rodata                const     0x804'5cac      0xc  config.o [1]
  .rodata                const     0x804'5cb8      0xc  ff.o [1]
  .rodata                const     0x804'5cc4      0xc  ff.o [1]
  .rodata                const     0x804'5cd0      0xc  files_pws.o [1]
  .rodata                const     0x804'5cdc      0xc  files_pws.o [1]
  .rodata                const     0x804'5ce8      0xc  languages.o [1]
  .rodata                const     0x804'5cf4      0xc  languages.o [1]
  .rodata                const     0x804'5d00      0xc  languages.o [1]
  .rodata                const     0x804'5d0c      0xc  languages.o [1]
  .rodata                const     0x804'5d18      0xc  languages.o [1]
  .rodata                const     0x804'5d24      0xc  languages.o [1]
  .rodata                const     0x804'5d30      0xc  languages.o [1]
  .rodata                const     0x804'5d3c      0xc  languages.o [1]
  .rodata                const     0x804'5d48      0xc  languages.o [1]
  .rodata                const     0x804'5d54      0xc  languages.o [1]
  .rodata                const     0x804'5d60      0xc  languages.o [1]
  .rodata                const     0x804'5d6c      0xc  languages.o [1]
  .rodata                const     0x804'5d78      0xc  languages.o [1]
  .rodata                const     0x804'5d84      0xc  languages.o [1]
  .rodata                const     0x804'5d90      0xc  languages.o [1]
  .rodata                const     0x804'5d9c      0xc  languages.o [1]
  .rodata                const     0x804'5da8      0xc  languages.o [1]
  .rodata                const     0x804'5db4      0xc  languages.o [1]
  .rodata                const     0x804'5dc0      0xc  languages.o [1]
  .rodata                const     0x804'5dcc      0xc  languages.o [1]
  .rodata                const     0x804'5dd8      0xc  languages.o [1]
  .rodata                const     0x804'5de4      0xc  languages.o [1]
  .rodata                const     0x804'5df0      0xc  languages.o [1]
  .rodata                const     0x804'5dfc      0xc  languages.o [1]
  .rodata                const     0x804'5e08      0xc  languages.o [1]
  .rodata                const     0x804'5e14      0xc  languages.o [1]
  .rodata                const     0x804'5e20      0xc  languages.o [1]
  .rodata                const     0x804'5e2c      0xc  languages.o [1]
  .rodata                const     0x804'5e38      0xc  languages.o [1]
  .rodata                const     0x804'5e44      0xc  languages.o [1]
  .rodata                const     0x804'5e50      0xc  languages.o [1]
  .rodata                const     0x804'5e5c      0xc  languages.o [1]
  .rodata                const     0x804'5e68      0xc  languages.o [1]
  .rodata                const     0x804'5e74      0xc  languages.o [1]
  .rodata                const     0x804'5e80      0xc  languages.o [1]
  .rodata                const     0x804'5e8c      0xc  main.o [1]
  .rodata                const     0x804'5e98      0xc  main.o [1]
  .rodata                const     0x804'5ea4      0xc  tgui.o [1]
  .rodata                const     0x804'5eb0      0xc  tgui_clocksetscreenfuncs.o [1]
  .rodata                const     0x804'5ebc      0xc  tgui_fileviewscreenfuncs.o [1]
  .rodata                const     0x804'5ec8      0xc  tgui_fileviewscreenfuncs.o [1]
  .rodata                const     0x804'5ed4      0xc  tgui_fileviewscreenfuncs.o [1]
  .rodata                const     0x804'5ee0      0xc  tgui_fileviewscreenfuncs.o [1]
  .rodata                const     0x804'5eec      0xc  tgui_screensaverfuncs.o [1]
  .rodata                const     0x804'5ef8      0xc  tgui_screensaverfuncs.o [1]
  .text                  ro code   0x804'5f04      0xc  cstartup_M.o [5]
  .rodata                const     0x804'5f10      0x8  config.o [1]
  .rodata                const     0x804'5f18      0x8  config.o [1]
  .rodata                const     0x804'5f20      0x8  ff.o [1]
  .rodata                const     0x804'5f28      0x8  ff.o [1]
  .rodata                const     0x804'5f30      0x8  files_pws.o [1]
  .rodata                const     0x804'5f38      0x8  files_pws.o [1]
  .rodata                const     0x804'5f40      0x8  languages.o [1]
  .rodata                const     0x804'5f48      0x8  languages.o [1]
  .rodata                const     0x804'5f50      0x8  languages.o [1]
  .rodata                const     0x804'5f58      0x8  languages.o [1]
  .rodata                const     0x804'5f60      0x8  languages.o [1]
  .rodata                const     0x804'5f68      0x8  languages.o [1]
  .rodata                const     0x804'5f70      0x8  languages.o [1]
  .rodata                const     0x804'5f78      0x8  languages.o [1]
  .rodata                const     0x804'5f80      0x8  languages.o [1]
  .rodata                const     0x804'5f88      0x8  languages.o [1]
  .rodata                const     0x804'5f90      0x8  languages.o [1]
  .rodata                const     0x804'5f98      0x8  languages.o [1]
  .rodata                const     0x804'5fa0      0x8  languages.o [1]
  .rodata                const     0x804'5fa8      0x8  languages.o [1]
  .rodata                const     0x804'5fb0      0x8  languages.o [1]
  .rodata                const     0x804'5fb8      0x8  languages.o [1]
  .rodata                const     0x804'5fc0      0x8  languages.o [1]
  .rodata                const     0x804'5fc8      0x8  languages.o [1]
  .rodata                const     0x804'5fd0      0x8  languages.o [1]
  .rodata                const     0x804'5fd8      0x8  languages.o [1]
  .rodata                const     0x804'5fe0      0x8  languages.o [1]
  .rodata                const     0x804'5fe8      0x8  languages.o [1]
  .rodata                const     0x804'5ff0      0x8  languages.o [1]
  .rodata                const     0x804'5ff8      0x8  languages.o [1]
  .rodata                const     0x804'6000      0x8  languages.o [1]
  .rodata                const     0x804'6008      0x8  languages.o [1]
  .rodata                const     0x804'6010      0x8  languages.o [1]
  .rodata                const     0x804'6018      0x8  languages.o [1]
  .rodata                const     0x804'6020      0x8  languages.o [1]
  .rodata                const     0x804'6028      0x8  languages.o [1]
  .rodata                const     0x804'6030      0x8  languages.o [1]
  .rodata                const     0x804'6038      0x8  languages.o [1]
  .rodata                const     0x804'6040      0x8  languages.o [1]
  .rodata                const     0x804'6048      0x8  languages.o [1]
  .rodata                const     0x804'6050      0x8  languages.o [1]
  .rodata                const     0x804'6058      0x8  languages.o [1]
  .rodata                const     0x804'6060      0x8  languages.o [1]
  .rodata                const     0x804'6068      0x8  languages.o [1]
  .rodata                const     0x804'6070      0x8  languages.o [1]
  .rodata                const     0x804'6078      0x8  languages.o [1]
  .rodata                const     0x804'6080      0x8  languages.o [1]
  .rodata                const     0x804'6088      0x8  languages.o [1]
  .rodata                const     0x804'6090      0x8  languages.o [1]
  .rodata                const     0x804'6098      0x8  languages.o [1]
  .rodata                const     0x804'60a0      0x8  languages.o [1]
  .rodata                const     0x804'60a8      0x8  languages.o [1]
  .rodata                const     0x804'60b0      0x8  languages.o [1]
  .rodata                const     0x804'60b8      0x8  languages.o [1]
  .rodata                const     0x804'60c0      0x8  languages.o [1]
  .rodata                const     0x804'60c8      0x8  languages.o [1]
  .rodata                const     0x804'60d0      0x8  languages.o [1]
  .rodata                const     0x804'60d8      0x8  languages.o [1]
  .rodata                const     0x804'60e0      0x8  languages.o [1]
  .rodata                const     0x804'60e8      0x8  languages.o [1]
  .rodata                const     0x804'60f0      0x8  languages.o [1]
  .rodata                const     0x804'60f8      0x8  languages.o [1]
  .rodata                const     0x804'6100      0x8  languages.o [1]
  .rodata                const     0x804'6108      0x8  languages.o [1]
  .rodata                const     0x804'6110      0x8  languages.o [1]
  .rodata                const     0x804'6118      0x8  main.o [1]
  .rodata                const     0x804'6120      0x8  stm32f4xx_hal_dma.o [1]
  .rodata                const     0x804'6128      0x8  system_stm32f4xx.o [1]
  .rodata                const     0x804'6130      0x8  tgui.o [1]
  .rodata                const     0x804'6138      0x8  tgui.o [1]
  .rodata                const     0x804'6140      0x8  tgui.o [1]
  .rodata                const     0x804'6148      0x8  tgui.o [1]
  .rodata                const     0x804'6150      0x8  tgui.o [1]
  .rodata                const     0x804'6158      0x8  tgui.o [1]
  .rodata                const     0x804'6160      0x8  tgui.o [1]
  .rodata                const     0x804'6168      0x8  tgui.o [1]
  .rodata                const     0x804'6170      0x8  tgui.o [1]
  .rodata                const     0x804'6178      0x8  tgui.o [1]
  .rodata                const     0x804'6180      0x8  tgui.o [1]
  .rodata                const     0x804'6188      0x8  tgui.o [1]
  .rodata                const     0x804'6190      0x8  tgui.o [1]
  .rodata                const     0x804'6198      0x8  tgui.o [1]
  .rodata                const     0x804'61a0      0x8  tgui.o [1]
  .rodata                const     0x804'61a8      0x8  tgui.o [1]
  .rodata                const     0x804'61b0      0x8  tgui.o [1]
  .rodata                const     0x804'61b8      0x8  tgui.o [1]
  .rodata                const     0x804'61c0      0x8  tgui.o [1]
  .rodata                const     0x804'61c8      0x8  tgui.o [1]
  .rodata                const     0x804'61d0      0x8  tgui.o [1]
  .rodata                const     0x804'61d8      0x8  tgui.o [1]
  .rodata                const     0x804'61e0      0x8  tgui.o [1]
  .rodata                const     0x804'61e8      0x8  tgui.o [1]
  .rodata                const     0x804'61f0      0x8  tgui.o [1]
  .rodata                const     0x804'61f8      0x8  tgui.o [1]
  .rodata                const     0x804'6200      0x8  tgui.o [1]
  .rodata                const     0x804'6208      0x8  tgui.o [1]
  .rodata                const     0x804'6210      0x8  tgui.o [1]
  .rodata                const     0x804'6218      0x8  tgui.o [1]
  .rodata                const     0x804'6220      0x8  tgui.o [1]
  .rodata                const     0x804'6228      0x8  tgui.o [1]
  .rodata                const     0x804'6230      0x8  tgui.o [1]
  .rodata                const     0x804'6238      0x8  tgui.o [1]
  .rodata                const     0x804'6240      0x8  tgui.o [1]
  .rodata                const     0x804'6248      0x8  tgui.o [1]
  .rodata                const     0x804'6250      0x8  tgui.o [1]
  .rodata                const     0x804'6258      0x8  tgui.o [1]
  .rodata                const     0x804'6260      0x8  tgui.o [1]
  .rodata                const     0x804'6268      0x8  tgui.o [1]
  .rodata                const     0x804'6270      0x8  tgui.o [1]
  .rodata                const     0x804'6278      0x8  tgui.o [1]
  .rodata                const     0x804'6280      0x8  tgui.o [1]
  .rodata                const     0x804'6288      0x8  tgui.o [1]
  .rodata                const     0x804'6290      0x8  tgui.o [1]
  .rodata                const     0x804'6298      0x8  tgui.o [1]
  .rodata                const     0x804'62a0      0x8  tgui.o [1]
  .rodata                const     0x804'62a8      0x8  tgui.o [1]
  .rodata                const     0x804'62b0      0x8  tgui.o [1]
  .rodata                const     0x804'62b8      0x8  tgui.o [1]
  .rodata                const     0x804'62c0      0x8  tgui.o [1]
  .rodata                const     0x804'62c8      0x8  tgui.o [1]
  .rodata                const     0x804'62d0      0x8  tgui.o [1]
  .rodata                const     0x804'62d8      0x8  tgui.o [1]
  .rodata                const     0x804'62e0      0x8  tgui.o [1]
  .rodata                const     0x804'62e8      0x8  tgui.o [1]
  .rodata                const     0x804'62f0      0x8  tgui.o [1]
  .rodata                const     0x804'62f8      0x8  tgui.o [1]
  .rodata                const     0x804'6300      0x8  tgui.o [1]
  .rodata                const     0x804'6308      0x8  tgui.o [1]
  .rodata                const     0x804'6310      0x8  tgui.o [1]
  .rodata                const     0x804'6318      0x8  tgui.o [1]
  .rodata                const     0x804'6320      0x8  tgui.o [1]
  .rodata                const     0x804'6328      0x8  tgui.o [1]
  .rodata                const     0x804'6330      0x8  tgui.o [1]
  .rodata                const     0x804'6338      0x8  tgui.o [1]
  .rodata                const     0x804'6340      0x8  tgui.o [1]
  .rodata                const     0x804'6348      0x8  tgui.o [1]
  .rodata                const     0x804'6350      0x8  tgui.o [1]
  .rodata                const     0x804'6358      0x8  tgui.o [1]
  .rodata                const     0x804'6360      0x8  tgui.o [1]
  .rodata                const     0x804'6368      0x8  tgui.o [1]
  .rodata                const     0x804'6370      0x8  tgui.o [1]
  .rodata                const     0x804'6378      0x8  tgui.o [1]
  .rodata                const     0x804'6380      0x8  tgui.o [1]
  .rodata                const     0x804'6388      0x8  tgui.o [1]
  .rodata                const     0x804'6390      0x8  tgui.o [1]
  .rodata                const     0x804'6398      0x8  tgui.o [1]
  .rodata                const     0x804'63a0      0x8  tgui.o [1]
  .rodata                const     0x804'63a8      0x8  tgui.o [1]
  .rodata                const     0x804'63b0      0x8  tgui.o [1]
  .rodata                const     0x804'63b8      0x8  tgui.o [1]
  .rodata                const     0x804'63c0      0x8  tgui.o [1]
  .rodata                const     0x804'63c8      0x8  tgui.o [1]
  .rodata                const     0x804'63d0      0x8  tgui.o [1]
  .rodata                const     0x804'63d8      0x8  tgui.o [1]
  .rodata                const     0x804'63e0      0x8  tgui.o [1]
  .rodata                const     0x804'63e8      0x8  tgui.o [1]
  .rodata                const     0x804'63f0      0x8  tgui.o [1]
  .rodata                const     0x804'63f8      0x8  tgui.o [1]
  .rodata                const     0x804'6400      0x8  tgui.o [1]
  .rodata                const     0x804'6408      0x8  tgui.o [1]
  .rodata                const     0x804'6410      0x8  tgui.o [1]
  .rodata                const     0x804'6418      0x8  tgui.o [1]
  .rodata                const     0x804'6420      0x8  tgui.o [1]
  .rodata                const     0x804'6428      0x8  tgui.o [1]
  .rodata                const     0x804'6430      0x8  tgui.o [1]
  .rodata                const     0x804'6438      0x8  tgui.o [1]
  .rodata                const     0x804'6440      0x8  tgui.o [1]
  .rodata                const     0x804'6448      0x8  tgui.o [1]
  .rodata                const     0x804'6450      0x8  tgui.o [1]
  .rodata                const     0x804'6458      0x8  tgui.o [1]
  .rodata                const     0x804'6460      0x8  tgui.o [1]
  .rodata                const     0x804'6468      0x8  tgui.o [1]
  .rodata                const     0x804'6470      0x8  tgui.o [1]
  .rodata                const     0x804'6478      0x8  tgui.o [1]
  .rodata                const     0x804'6480      0x8  tgui.o [1]
  .rodata                const     0x804'6488      0x8  tgui.o [1]
  .rodata                const     0x804'6490      0x8  tgui.o [1]
  .rodata                const     0x804'6498      0x8  tgui.o [1]
  .rodata                const     0x804'64a0      0x8  tgui_clocksetscreenfuncs.o [1]
  .rodata                const     0x804'64a8      0x8  tgui_filesscreenfuncs.o [1]
  .rodata                const     0x804'64b0      0x8  tgui_filesscreenfuncs.o [1]
  .rodata                const     0x804'64b8      0x8  tgui_filesscreenfuncs.o [1]
  .rodata                const     0x804'64c0      0x8  tgui_infoscreenfuncs.o [1]
  .rodata                const     0x804'64c8      0x8  tgui_numenterscreenfuncs.o [1]
  .rodata                const     0x804'64d0      0x8  tgui_printscreenfuncs.o [1]
  .rodata                const     0x804'64d8      0x8  tgui_settingsscreenfuncs.o [1]
  .rodata                const     0x804'64e0      0x8  tim.o [1]
  .rodata                const     0x804'64e8      0x6  xlocale_c.o [2]
  .rodata                const     0x804'64f0      0x4  languages.o [1]
  .rodata                const     0x804'64f4      0x4  languages.o [1]
  .rodata                const     0x804'64f8      0x4  languages.o [1]
  .rodata                const     0x804'64fc      0x4  languages.o [1]
  .rodata                const     0x804'6500      0x4  languages.o [1]
  .rodata                const     0x804'6504      0x4  languages.o [1]
  .rodata                const     0x804'6508      0x4  languages.o [1]
  .rodata                const     0x804'650c      0x4  languages.o [1]
  .rodata                const     0x804'6510      0x4  languages.o [1]
  .rodata                const     0x804'6514      0x4  languages.o [1]
  .rodata                const     0x804'6518      0x4  languages.o [1]
  .rodata                const     0x804'651c      0x4  languages.o [1]
  .rodata                const     0x804'6520      0x4  languages.o [1]
  .rodata                const     0x804'6524      0x4  languages.o [1]
  .rodata                const     0x804'6528      0x4  languages.o [1]
  .rodata                const     0x804'652c      0x4  languages.o [1]
  .rodata                const     0x804'6530      0x4  languages.o [1]
  .rodata                const     0x804'6534      0x4  languages.o [1]
  .rodata                const     0x804'6538      0x4  languages.o [1]
  .rodata                const     0x804'653c      0x4  languages.o [1]
  .rodata                const     0x804'6540      0x4  languages.o [1]
  .rodata                const     0x804'6544      0x4  languages.o [1]
  .rodata                const     0x804'6548      0x4  languages.o [1]
  .rodata                const     0x804'654c      0x4  languages.o [1]
  .rodata                const     0x804'6550      0x4  languages.o [1]
  .rodata                const     0x804'6554      0x4  languages.o [1]
  .rodata                const     0x804'6558      0x4  languages.o [1]
  .rodata                const     0x804'655c      0x4  languages.o [1]
  .rodata                const     0x804'6560      0x4  languages.o [1]
  .rodata                const     0x804'6564      0x4  languages.o [1]
  .rodata                const     0x804'6568      0x4  languages.o [1]
  .rodata                const     0x804'656c      0x4  languages.o [1]
  .rodata                const     0x804'6570      0x4  languages.o [1]
  .rodata                const     0x804'6574      0x4  languages.o [1]
  .rodata                const     0x804'6578      0x4  languages.o [1]
  .rodata                const     0x804'657c      0x4  languages.o [1]
  .rodata                const     0x804'6580      0x4  languages.o [1]
  .rodata                const     0x804'6584      0x4  languages.o [1]
  .rodata                const     0x804'6588      0x4  languages.o [1]
  .rodata                const     0x804'658c      0x4  languages.o [1]
  .rodata                const     0x804'6590      0x4  languages.o [1]
  .rodata                const     0x804'6594      0x4  printing.o [1]
  .rodata                const     0x804'6598      0x4  rtc.o [1]
  .rodata                const     0x804'659c      0x4  usbh_msc.o [1]
  .text                  ro code   0x804'65a0      0x4  startup_stm32f407xx.o [1]
  SHT$$PREINIT_ARRAY               0x804'65a4      0x0  <Block>
  SHT$$INIT_ARRAY                  0x804'65a4      0x4  <Block>
    .init_array          const     0x804'65a4      0x4  z_planner.o [1]
  __iar_tls$$INIT_ARRAY            0x804'65a8      0x0  <Block>
  .rodata                const     0x804'65a8      0x0  zero_init3.o [5]
  .rodata                const     0x804'65a8      0x0  lz77_init_single.o [5]
  Initializer bytes      const     0x804'65a8     0xf9  <for P2-1>
                                 - 0x804'66a1  0x36519

"P3", part 1 of 2:                              0x1cc0
  CCMRAM                 zero     0x1000'0000   0x1cc0  printing.o [1]
                                - 0x1000'1cc0   0x1cc0

"P3", part 2 of 2:                              0x5428
  CCMRAM                 uninit   0x1000'1cc0   0x4000  main.o [1]
  CCMRAM                 uninit   0x1000'5cc0   0x1028  main.o [1]
  CCMRAM                 uninit   0x1000'6ce8    0x400  tgui.o [1]
                                - 0x1000'70e8   0x5428

"P2", part 1 of 3:                               0x33f
  P2-1                            0x2000'0000    0x33f  <Init block>
    .data                inited   0x2000'0000      0xc  fnt12.o [1]
    .data                inited   0x2000'000c      0xc  fnt12bold.o [1]
    .data                inited   0x2000'0018      0xc  fnt170num_lcd.o [1]
    .data                inited   0x2000'0024      0xc  fnt18.o [1]
    .data                inited   0x2000'0030      0xc  fnt18bold.o [1]
    .data                inited   0x2000'003c      0xc  fnt24.o [1]
    .data                inited   0x2000'0048      0xc  fnt24bold.o [1]
    .data                inited   0x2000'0054      0xc  fnt36.o [1]
    .data                inited   0x2000'0060      0xc  fnt36num.o [1]
    .data                inited   0x2000'006c     0x10  languages.o [1]
    .data                inited   0x2000'007c      0x4  languages.o [1]
    .data                inited   0x2000'0080      0x4  lcd_ui.o [1]
    .data                inited   0x2000'0084      0x4  stm32f4xx_hal.o [1]
    .data                inited   0x2000'0088      0x4  system_stm32f4xx.o [1]
    .data                inited   0x2000'008c    0x200  tgui_filesscreenfuncs.o [1]
    .data                inited   0x2000'028c      0x4  tgui_movezscreenfuncs.o [1]
    .data                inited   0x2000'0290     0x20  usbh_msc.o [1]
    .data                inited   0x2000'02b0      0x4  z_stepper.o [1]
    .data                inited   0x2000'02b4     0x38  xlocale_c.o [2]
    .data                inited   0x2000'02ec     0x48  xlocale_c.o [2]
    .data                inited   0x2000'0334      0x2  lcd_ui.o [1]
    .data                inited   0x2000'0336      0x2  lcd_ui.o [1]
    .data                inited   0x2000'0338      0x2  lcd_ui.o [1]
    .data                inited   0x2000'033a      0x1  lcd_ui.o [1]
    .data                inited   0x2000'033b      0x1  stm32f4xx_hal.o [1]
    .data                inited   0x2000'033c      0x1  tgui_defaultfuncs.o [1]
    .data                inited   0x2000'033d      0x1  tgui_filesscreenfuncs.o [1]
    .data                inited   0x2000'033e      0x1  z_endstops.o [1]
                                - 0x2000'033f    0x33f

"P2", part 2 of 3:                              0x9490
  .bss                   zero     0x2000'0340   0x1038  fatfs.o [1]
  .bss                   zero     0x2000'1378   0x1038  fatfs.o [1]
  .bss                   zero     0x2000'23b0    0x830  tgui_filesscreenfuncs.o [1]
  .bss                   zero     0x2000'2be0    0x600  uvdisplay.o [1]
  .bss                   zero     0x2000'31e0    0x5d8  tgui.o [1]
  .bss                   zero     0x2000'37b8    0x5d8  tgui.o [1]
  .bss                   zero     0x2000'3d90    0x5d8  tgui.o [1]
  .bss                   zero     0x2000'4368    0x4d0  tgui.o [1]
  .bss                   zero     0x2000'4838    0x400  config.o [1]
  .bss                   zero     0x2000'4c38    0x400  main.o [1]
  .bss                   zero     0x2000'5038    0x400  main.o [1]
  .bss                   zero     0x2000'5438    0x400  main.o [1]
  .bss                   zero     0x2000'5838    0x400  tgui_fileviewscreenfuncs.o [1]
  .bss                   zero     0x2000'5c38    0x400  z_planner.o [1]
  .bss                   zero     0x2000'6038    0x3d8  usb_host.o [1]
  .bss                   zero     0x2000'6410    0x3c8  tgui.o [1]
  .bss                   zero     0x2000'67d8    0x370  tgui.o [1]
  .bss                   zero     0x2000'6b48    0x350  tgui.o [1]
  .bss                   zero     0x2000'6e98    0x318  tgui.o [1]
  .bss                   zero     0x2000'71b0    0x2c4  usbh_conf.o [1]
  .bss                   zero     0x2000'7474    0x224  main.o [1]
  .bss                   zero     0x2000'7698    0x210  tgui.o [1]
  .bss                   zero     0x2000'78a8    0x210  tgui.o [1]
  .bss                   zero     0x2000'7ab8    0x200  config.o [1]
  .bss                   zero     0x2000'7cb8    0x200  ff.o [1]
  .bss                   zero     0x2000'7eb8    0x200  main.o [1]
  .bss                   zero     0x2000'80b8    0x1d8  dlmalloc.o [2]
  .bss                   zero     0x2000'8290    0x1b8  tgui.o [1]
  .bss                   zero     0x2000'8448    0x19c  cpld_utils.o [1]
  .bss                   zero     0x2000'85e4    0x160  tgui.o [1]
  .bss                   zero     0x2000'8744    0x108  tgui.o [1]
  .bss                   zero     0x2000'884c    0x100  sys_timer.o [1]
  .bss                   zero     0x2000'894c    0x100  tgui_fileviewscreenfuncs.o [1]
  .bss                   zero     0x2000'8a4c    0x100  tgui_fileviewscreenfuncs.o [1]
  .bss                   zero     0x2000'8b4c     0xb0  tgui.o [1]
  .bss                   zero     0x2000'8bfc     0x80  fst_spi.o [1]
  .bss                   zero     0x2000'8c7c     0x80  fst_spi.o [1]
  .bss                   zero     0x2000'8cfc     0x70  files_photon.o [1]
  .bss                   zero     0x2000'8d6c     0x60  fst_spi.o [1]
  .bss                   zero     0x2000'8dcc     0x60  fst_spi.o [1]
  .bss                   zero     0x2000'8e2c     0x60  fst_spi.o [1]
  .bss                   zero     0x2000'8e8c     0x60  fst_spi.o [1]
  .bss                   zero     0x2000'8eec     0x60  fst_spi.o [1]
  .bss                   zero     0x2000'8f4c     0x60  lcd_low.o [1]
  .bss                   zero     0x2000'8fac     0x58  tgui.o [1]
  .bss                   zero     0x2000'9004     0x54  config.o [1]
  .bss                   zero     0x2000'9058     0x54  eeprom.o [1]
  .bss                   zero     0x2000'90ac     0x54  files_pws.o [1]
  .bss                   zero     0x2000'9100     0x50  fsmc.o [1]
  .bss                   zero     0x2000'9150     0x40  tim.o [1]
  .bss                   zero     0x2000'9190     0x40  tim.o [1]
  .bss                   zero     0x2000'91d0     0x3c  files_photon.o [1]
  .bss                   zero     0x2000'920c     0x34  main.o [1]
  .bss                   zero     0x2000'9240     0x30  files_pws.o [1]
  .bss                   zero     0x2000'9270     0x30  tgui.o [1]
  .bss                   zero     0x2000'92a0     0x30  tgui.o [1]
  .bss                   zero     0x2000'92d0     0x30  tgui.o [1]
  .bss                   zero     0x2000'9300     0x30  tgui.o [1]
  .bss                   zero     0x2000'9330     0x30  tgui.o [1]
  .bss                   zero     0x2000'9360     0x30  tgui.o [1]
  .bss                   zero     0x2000'9390     0x30  tgui.o [1]
  .bss                   zero     0x2000'93c0     0x30  tgui.o [1]
  .bss                   zero     0x2000'93f0     0x30  tgui.o [1]
  .bss                   zero     0x2000'9420     0x30  tgui.o [1]
  .bss                   zero     0x2000'9450     0x30  tgui.o [1]
  .bss                   zero     0x2000'9480     0x30  tgui.o [1]
  .bss                   zero     0x2000'94b0     0x30  tgui.o [1]
  .bss                   zero     0x2000'94e0     0x30  tgui.o [1]
  .bss                   zero     0x2000'9510     0x2c  config.o [1]
  .bss                   zero     0x2000'953c     0x28  tgui.o [1]
  .bss                   zero     0x2000'9564     0x28  z_planner.o [1]
  .bss                   zero     0x2000'958c     0x20  printing.o [1]
  .bss                   zero     0x2000'95ac     0x20  rtc.o [1]
  .bss                   zero     0x2000'95cc     0x20  tgui_numenterscreenfuncs.o [1]
  .bss                   zero     0x2000'95ec     0x1c  files_pws.o [1]
  .bss                   zero     0x2000'9608     0x18  config.o [1]
  .bss                   zero     0x2000'9620     0x18  config.o [1]
  .bss                   zero     0x2000'9638     0x18  dlmalloc.o [2]
  .bss                   zero     0x2000'9650     0x14  files_pws.o [1]
  .bss                   zero     0x2000'9664     0x10  ff_gen_drv.o [1]
  .bss                   zero     0x2000'9674     0x10  files_photon.o [1]
  .bss                   zero     0x2000'9684     0x10  touch.o [1]
  .bss                   zero     0x2000'9694      0xc  spi_flash.o [1]
  .bss                   zero     0x2000'96a0      0x8  fatfs.o [1]
  .bss                   zero     0x2000'96a8      0x8  fatfs.o [1]
  .bss                   zero     0x2000'96b0      0x8  ff.o [1]
  .bss                   zero     0x2000'96b8      0x8  printing.o [1]
  .bss                   zero     0x2000'96c0      0x8  tgui_clocksetscreenfuncs.o [1]
  .bss                   zero     0x2000'96c8      0x8  tgui_screensaverfuncs.o [1]
  .bss                   zero     0x2000'96d0      0x4  cpld_utils.o [1]
  .bss                   zero     0x2000'96d4      0x4  cpld_utils.o [1]
  .bss                   zero     0x2000'96d8      0x4  cpld_utils.o [1]
  .bss                   zero     0x2000'96dc      0x4  fsmc.o [1]
  .bss                   zero     0x2000'96e0      0x4  motor.o [1]
  .bss                   zero     0x2000'96e4      0x4  printing.o [1]
  .bss                   zero     0x2000'96e8      0x4  printing.o [1]
  .bss                   zero     0x2000'96ec      0x4  printing.o [1]
  .bss                   zero     0x2000'96f0      0x4  printing.o [1]
  .bss                   zero     0x2000'96f4      0x4  printing.o [1]
  .bss                   zero     0x2000'96f8      0x4  prtfiles.o [1]
  .bss                   zero     0x2000'96fc      0x4  spi_flash.o [1]
  .bss                   zero     0x2000'9700      0x4  spi_flash.o [1]
  .bss                   zero     0x2000'9704      0x4  stm32f4xx_hal.o [1]
  .bss                   zero     0x2000'9708      0x4  stm32f4xx_ll_usb.o [1]
  .bss                   zero     0x2000'970c      0x4  sys_timer.o [1]
  .bss                   zero     0x2000'9710      0x4  sys_timer.o [1]
  .bss                   zero     0x2000'9714      0x4  sys_timer.o [1]
  .bss                   zero     0x2000'9718      0x4  sys_timer.o [1]
  .bss                   zero     0x2000'971c      0x4  tgui.o [1]
  .bss                   zero     0x2000'9720      0x4  tgui_fileviewscreenfuncs.o [1]
  .bss                   zero     0x2000'9724      0x4  tgui_numenterscreenfuncs.o [1]
  .bss                   zero     0x2000'9728      0x4  tgui_printscreenfuncs.o [1]
  .bss                   zero     0x2000'972c      0x4  tgui_printscreenfuncs.o [1]
  .bss                   zero     0x2000'9730      0x4  tgui_screensaverfuncs.o [1]
  .bss                   zero     0x2000'9734      0x4  touch.o [1]
  .bss                   zero     0x2000'9738      0x4  z_planner.o [1]
  .bss                   zero     0x2000'973c      0x4  z_planner.o [1]
  .bss                   zero     0x2000'9740      0x4  z_planner.o [1]
  .bss                   zero     0x2000'9744      0x4  z_planner.o [1]
  .bss                   zero     0x2000'9748      0x4  z_planner.o [1]
  .bss                   zero     0x2000'974c      0x4  z_planner.o [1]
  .bss                   zero     0x2000'9750      0x4  z_planner.o [1]
  .bss                   zero     0x2000'9754      0x4  z_stepper.o [1]
  .bss                   zero     0x2000'9758      0x4  z_stepper.o [1]
  .bss                   zero     0x2000'975c      0x4  z_stepper.o [1]
  .bss                   zero     0x2000'9760      0x4  z_stepper.o [1]
  .bss                   zero     0x2000'9764      0x4  z_stepper.o [1]
  .bss                   zero     0x2000'9768      0x4  z_stepper.o [1]
  .bss                   zero     0x2000'976c      0x4  z_stepper.o [1]
  .bss                   zero     0x2000'9770      0x4  z_stepper.o [1]
  .bss                   zero     0x2000'9774      0x4  z_stepper.o [1]
  .bss                   zero     0x2000'9778      0x4  z_stepper.o [1]
  .bss                   zero     0x2000'977c      0x4  z_stepper.o [1]
  .bss                   zero     0x2000'9780      0x4  z_stepper.o [1]
  .bss                   zero     0x2000'9784      0x4  z_stepper.o [1]
  .bss                   zero     0x2000'9788      0x4  z_stepper.o [1]
  .bss                   zero     0x2000'978c      0x4  xfail_s.o [2]
  .bss                   zero     0x2000'9790      0x4  xgetmemchunk.o [2]
  .bss                   zero     0x2000'9794      0x2  ff.o [1]
  .bss                   zero     0x2000'9796      0x2  lcd_low.o [1]
  .bss                   zero     0x2000'9798      0x2  lcd_ui.o [1]
  .bss                   zero     0x2000'979a      0x2  lcd_ui.o [1]
  .bss                   zero     0x2000'979c      0x2  lcd_ui.o [1]
  .bss                   zero     0x2000'979e      0x2  tgui_fileviewscreenfuncs.o [1]
  .bss                   zero     0x2000'97a0      0x2  tgui_fileviewscreenfuncs.o [1]
  .bss                   zero     0x2000'97a2      0x2  z_planner.o [1]
  .bss                   zero     0x2000'97a4      0x1  eeprom.o [1]
  .bss                   zero     0x2000'97a5      0x1  fatfs.o [1]
  .bss                   zero     0x2000'97a6      0x1  fatfs.o [1]
  .bss                   zero     0x2000'97a7      0x1  main.o [1]
  .bss                   zero     0x2000'97a8      0x1  main.o [1]
  .bss                   zero     0x2000'97a9      0x1  main.o [1]
  .bss                   zero     0x2000'97aa      0x1  main.o [1]
  .bss                   zero     0x2000'97ab      0x1  main.o [1]
  .bss                   zero     0x2000'97ac      0x1  main.o [1]
  .bss                   zero     0x2000'97ad      0x1  main.o [1]
  .bss                   zero     0x2000'97ae      0x1  prtfiles.o [1]
  .bss                   zero     0x2000'97af      0x1  prtfiles.o [1]
  .bss                   zero     0x2000'97b0      0x1  tgui_defaultfuncs.o [1]
  .bss                   zero     0x2000'97b1      0x1  tgui_filesscreenfuncs.o [1]
  .bss                   zero     0x2000'97b2      0x1  tgui_filesscreenfuncs.o [1]
  .bss                   zero     0x2000'97b3      0x1  tgui_filesscreenfuncs.o [1]
  .bss                   zero     0x2000'97b4      0x1  tgui_filesscreenfuncs.o [1]
  .bss                   zero     0x2000'97b5      0x1  tgui_fileviewscreenfuncs.o [1]
  .bss                   zero     0x2000'97b6      0x1  tgui_numenterscreenfuncs.o [1]
  .bss                   zero     0x2000'97b7      0x1  tgui_numenterscreenfuncs.o [1]
  .bss                   zero     0x2000'97b8      0x1  tgui_numenterscreenfuncs.o [1]
[...]
dir_next                 0x801'e4fb    0xf2  Code  Lc  ff.o [1]
dir_read                 0x801'e91f   0x100  Code  Lc  ff.o [1]
dir_register             0x801'eb37   0x166  Code  Lc  ff.o [1]
dir_remove               0x801'ec9d    0x66  Code  Lc  ff.o [1]
dir_sdi                  0x801'e449    0xb2  Code  Lc  ff.o [1]
disk                    0x2000'9664    0x10  Data  Gb  ff_gen_drv.o [1]
disk_initialize          0x802'2bb3    0x32  Code  Gb  diskio.o [1]
disk_ioctl               0x802'2c21    0x20  Code  Gb  diskio.o [1]
disk_read                0x802'2be5    0x1e  Code  Gb  diskio.o [1]
disk_status              0x802'2b95    0x1e  Code  Gb  diskio.o [1]
disk_write               0x802'2c03    0x1e  Code  Gb  diskio.o [1]
disp_locked             0x2000'97bb     0x1  Data  Gb  tgui_printscreenfuncs.o [1]
dmul                     0x802'd9ad    0xc6  Code  Lc  strto64.o [4]
dot_entered             0x2000'97b9     0x1  Data  Gb  tgui_numenterscreenfuncs.o [1]
edit_value              0x2000'9724     0x4  Data  Gb  tgui_numenterscreenfuncs.o [1]
enter_begin             0x2000'97b8     0x1  Data  Gb  tgui_numenterscreenfuncs.o [1]
exit                     0x804'4d1f     0x4  Code  Gb  exit.o [2]
fMoveStep               0x2000'028c     0x4  Data  Gb  tgui_movezscreenfuncs.o [1]
f_close                  0x801'fce7    0x2a  Code  Gb  ff.o [1]
f_closedir               0x801'ff43    0x1c  Code  Gb  ff.o [1]
f_getfree                0x802'0007   0x100  Code  Gb  ff.o [1]
f_lseek                  0x801'fd11   0x1aa  Code  Gb  ff.o [1]
f_mkfs                   0x802'0385   0x692  Code  Gb  ff.o [1]
f_mkfs::cst              0x804'5a24    0x10  Data  Lc  ff.o [1]
f_mkfs::cst32            0x804'5a34    0x10  Data  Lc  ff.o [1]
f_mkfs::defopt           0x804'5a44    0x10  Data  Lc  ff.o [1]
f_mount                  0x801'f5d3    0x54  Code  Gb  ff.o [1]
f_open                   0x801'f649   0x21a  Code  Gb  ff.o [1]
f_opendir                0x801'febb    0x88  Code  Gb  ff.o [1]
f_read                   0x801'f863   0x1cc  Code  Gb  ff.o [1]
f_readdir                0x801'ff5f    0x5c  Code  Gb  ff.o [1]
f_stat                   0x801'ffbb    0x4c  Code  Gb  ff.o [1]
f_sync                   0x801'fc47    0xa0  Code  Gb  ff.o [1]
f_unlink                 0x802'0107    0xd6  Code  Gb  ff.o [1]
f_write                  0x801'fa2f   0x218  Code  Gb  ff.o [1]
fbuff                   0x1000'1cc0  0x4000  Data  Gb  main.o [1]
ff_oem2uni               0x802'2c8b    0x3a  Code  Gb  ffunicode.o [1]
ff_uni2oem               0x802'2c45    0x46  Code  Gb  ffunicode.o [1]
ff_wtoupper              0x802'2cc5    0xb6  Code  Gb  ffunicode.o [1]
ff_wtoupper::cvt1        0x804'26c8   0x1f4  Data  Lc  ffunicode.o [1]
ff_wtoupper::cvt2        0x804'3994    0xbc  Data  Lc  ffunicode.o [1]
filedate                0x2000'979e     0x2  Data  Gb  tgui_fileviewscreenfuncs.o [1]
files                   0x2000'23b0   0x830  Data  Gb  tgui_filesscreenfuncs.o [1]
filesize                0x2000'9720     0x4  Data  Gb  tgui_fileviewscreenfuncs.o [1]
filetime                0x2000'97a0     0x2  Data  Gb  tgui_fileviewscreenfuncs.o [1]
find_volume              0x801'f2bd    0x6c  Code  Lc  ff.o [1]
finfo                   0x2000'7474   0x224  Data  Gb  main.o [1]
floorf                   0x802'e045          Code  Gb  floorf.o [4]
fnt12_data               0x804'0454   0x6b4  Data  Gb  fnt12.o [1]
fnt12_width              0x804'2de0   0x140  Data  Gb  fnt12.o [1]
fnt12bold_data           0x803'fccc   0x788  Data  Gb  fnt12bold.o [1]
fnt12bold_width          0x804'2f20   0x140  Data  Gb  fnt12bold.o [1]
fnt170num_lcd_data       0x801'0188  0x66f0  Data  Gb  fnt170num_lcd.o [1]
fnt170num_lcd_width      0x804'4404    0x38  Data  Gb  fnt170num_lcd.o [1]
fnt18_data               0x803'c388   0xea4  Data  Gb  fnt18.o [1]
fnt18_width              0x804'3060   0x140  Data  Gb  fnt18.o [1]
fnt18bold_data           0x803'97f8  0x10c8  Data  Gb  fnt18bold.o [1]
fnt18bold_width          0x804'31a0   0x140  Data  Gb  fnt18bold.o [1]
fnt24_data               0x803'68d0  0x1a1c  Data  Gb  fnt24.o [1]
fnt24_width              0x804'32e0   0x140  Data  Gb  fnt24.o [1]
fnt24bold_data           0x803'483c  0x2094  Data  Gb  fnt24bold.o [1]
fnt24bold_width          0x804'3420   0x140  Data  Gb  fnt24bold.o [1]
fnt36_data               0x803'0ca8  0x3b94  Data  Gb  fnt36.o [1]
fnt36_width              0x804'3560   0x140  Data  Gb  fnt36.o [1]
fnt36num_data            0x804'0b08   0x684  Data  Gb  fnt36num.o [1]
fnt36num_width           0x804'443c    0x38  Data  Gb  fnt36num.o [1]
follow_path              0x801'f159    0x9a  Code  Lc  ff.o [1]
font_fnt12              0x2000'0000     0xc  Data  Gb  fnt12.o [1]
font_fnt12bold          0x2000'000c     0xc  Data  Gb  fnt12bold.o [1]
font_fnt170num_lcd      0x2000'0018     0xc  Data  Gb  fnt170num_lcd.o [1]
font_fnt18              0x2000'0024     0xc  Data  Gb  fnt18.o [1]
font_fnt18bold          0x2000'0030     0xc  Data  Gb  fnt18bold.o [1]
font_fnt24              0x2000'003c     0xc  Data  Gb  fnt24.o [1]
font_fnt24bold          0x2000'0048     0xc  Data  Gb  fnt24bold.o [1]
font_fnt36              0x2000'0054     0xc  Data  Gb  fnt36.o [1]
font_fnt36num           0x2000'0060     0xc  Data  Gb  fnt36num.o [1]
fphoton_header          0x2000'8cfc    0x70  Data  Gb  files_photon.o [1]
fphoton_info            0x2000'91d0    0x3c  Data  Gb  files_photon.o [1]
fphoton_preview         0x2000'9674    0x10  Data  Gb  files_photon.o [1]
fpws_header             0x2000'9240    0x30  Data  Gb  files_pws.o [1]
fpws_info               0x2000'90ac    0x54  Data  Gb  files_pws.o [1]
fpws_layersdata         0x2000'9650    0x14  Data  Gb  files_pws.o [1]
fpws_preview            0x2000'95ec    0x1c  Data  Gb  files_pws.o [1]
free                     0x803'f8dd     0x4  Code  Gb  heaptramp0.o [2]
fv_dirname              0x2000'8a4c   0x100  Data  Gb  tgui_fileviewscreenfuncs.o [1]
fv_filename             0x2000'894c   0x100  Data  Gb  tgui_fileviewscreenfuncs.o [1]
fv_filetype             0x2000'97b5     0x1  Data  Gb  tgui_fileviewscreenfuncs.o [1]
fv_tfilename            0x2000'5838   0x400  Data  Gb  tgui_fileviewscreenfuncs.o [1]
gen_numname              0x801'e85d    0xa2  Code  Lc  ff.o [1]
get_fat                  0x801'dfc1   0x10a  Code  Lc  ff.o [1]
get_fattime              0x802'2da5    0x50  Code  Gb  fatfs.o [1]
get_fileinfo             0x801'ed03   0x1c8  Code  Lc  ff.o [1]
get_ldnumber             0x801'f1f3    0x4e  Code  Lc  ff.o [1]
hFlashSpi               0x2000'8c7c    0x80  Data  Gb  fst_spi.o [1]
hFlashSpiDmaRx          0x2000'8e8c    0x60  Data  Gb  fst_spi.o [1]
hFlashSpiDmaTx          0x2000'8eec    0x60  Data  Gb  fst_spi.o [1]
hI2C                    0x2000'9058    0x54  Data  Gb  eeprom.o [1]
hLcdDma                 0x2000'8f4c    0x60  Data  Gb  lcd_low.o [1]
hRTC                    0x2000'95ac    0x20  Data  Gb  rtc.o [1]
hStepperTim             0x2000'9150    0x40  Data  Gb  tim.o [1]
hTouchSpi               0x2000'8bfc    0x80  Data  Gb  fst_spi.o [1]
hTouchSpiDmaRx          0x2000'8d6c    0x60  Data  Gb  fst_spi.o [1]
hTouchSpiDmaTx          0x2000'8dcc    0x60  Data  Gb  fst_spi.o [1]
hUsbHost                0x2000'6038   0x3d8  Data  Gb  usb_host.o [1]
hZRefTim                0x2000'9190    0x40  Data  Gb  tim.o [1]
hhcd_USB_OTG_FS         0x2000'71b0   0x2c4  Data  Gb  usbh_conf.o [1]
hsram1                  0x2000'9100    0x50  Data  Gb  fsmc.o [1]
i2c_timer               0x2000'97a4     0x1  Data  Gb  eeprom.o [1]
idle()                   0x802'7a79     0xa  Code  Gb  motor.o [1]
idle()::idlecount       0x2000'96e0     0x4  Data  Lc  motor.o [1]
init_mparams             0x803'8307    0x32  Code  Lc  dlmalloc.o [2]
init_top                 0x803'8339    0x36  Code  Lc  dlmalloc.o [2]
inited                  0x2000'97af     0x1  Data  Gb  prtfiles.o [1]
isalpha                  0x803'02d1    0x14  Code  Gb  isalpha.o [2]
isspace                  0x802'dec9    0x14  Code  Gb  isspace.o [2]
l_info                  0x2000'958c    0x20  Data  Gb  printing.o [1]
lastfilenum             0x2000'033d     0x1  Data  Gb  tgui_filesscreenfuncs.o [1]
lcdui_bgcolor           0x2000'979c     0x2  Data  Gb  lcd_ui.o [1]
lcdui_color             0x2000'0338     0x2  Data  Gb  lcd_ui.o [1]
lcdui_current_font      0x2000'0080     0x4  Data  Gb  lcd_ui.o [1]
lcdui_current_font_type
                        0x2000'033a     0x1  Data  Gb  lcd_ui.o [1]
lcdui_cursor_x          0x2000'9798     0x2  Data  Gb  lcd_ui.o [1]
lcdui_cursor_y          0x2000'979a     0x2  Data  Gb  lcd_ui.o [1]
lcdui_height            0x2000'0336     0x2  Data  Gb  lcd_ui.o [1]
lcdui_width             0x2000'0334     0x2  Data  Gb  lcd_ui.o [1]
ld_clust                 0x801'e651    0x26  Code  Lc  ff.o [1]
ld_dword                 0x801'dd39    0x16  Code  Lc  ff.o [1]
ld_word                  0x801'dd2d     0xc  Code  Lc  ff.o [1]
ldata_length            0x2000'96ec     0x4  Data  Gb  printing.o [1]
ldata_offset_begin      0x2000'96e4     0x4  Data  Gb  printing.o [1]
ldata_offset_current    0x2000'96e8     0x4  Data  Gb  printing.o [1]
ldexp                    0x802'3ad9          Code  Gb  ldexp.o [4]
ldexpl                   0x802'3ad9          Code  Gb  ldexp.o [4]
lmos                     0x804'5320    0x18  Data  Lc  datetime.o [1]
lngCurrent              0x2000'007c     0x4  Data  Gb  languages.o [1]
lngLanguages            0x2000'006c    0x10  Data  Gb  languages.o [1]
localeconv               0x802'352b     0x4  Code  Gb  xlocale_c.o [2]
lroundf                  0x802'e1d9          Code  Gb  lroundf.o [4]
main                     0x802'4049  0x10ec  Code  Gb  main.o [1]
mem_cmp                  0x801'dd95    0x1e  Code  Lc  ff.o [1]
mem_cpy                  0x801'dd75    0x14  Code  Lc  ff.o [1]
mem_set                  0x801'dd89     0xc  Code  Lc  ff.o [1]
memchr                   0x802'35d1          Code  Gb  memchr.o [5]
mos                      0x804'5338    0x18  Data  Lc  datetime.o [1]
mount_volume             0x801'f329   0x262  Code  Lc  ff.o [1]
move_window              0x801'ded5    0x3e  Code  Lc  ff.o [1]
mparams                 0x2000'9638    0x18  Data  Lc  dlmalloc.o [2]
msg                     0x2000'7eb8   0x200  Data  Gb  main.o [1]
ndigs                    0x804'408c    0x28  Data  Lc  iar_Stoulx.o [2]
ndigs                    0x804'40dc    0x28  Data  Lc  iar_Stoullx.o [2]
nomorefiles             0x2000'97b4     0x1  Data  Gb  tgui_filesscreenfuncs.o [1]
numstr                  0x2000'95cc    0x20  Data  Gb  tgui_numenterscreenfuncs.o [1]
numstr_len              0x2000'97b7     0x1  Data  Gb  tgui_numenterscreenfuncs.o [1]
oldUsbMounted           0x2000'97b1     0x1  Data  Gb  tgui_filesscreenfuncs.o [1]
old_datetime            0x2000'96c8     0x8  Data  Gb  tgui_screensaverfuncs.o [1]
old_layer               0x2000'972c     0x4  Data  Gb  tgui_printscreenfuncs.o [1]
old_pause               0x2000'97ba     0x1  Data  Gb  tgui_printscreenfuncs.o [1]
old_prtlayer            0x2000'9730     0x4  Data  Gb  tgui_screensaverfuncs.o [1]
old_time                0x2000'9728     0x4  Data  Gb  tgui_printscreenfuncs.o [1]
pfile_type              0x2000'97ae     0x1  Data  Gb  prtfiles.o [1]
pick_lfn                 0x801'e741    0x90  Code  Lc  ff.o [1]
pows                     0x804'4250    0x48  Data  Lc  strto64.o [4]
prepend_alloc            0x803'836f   0x346  Code  Lc  dlmalloc.o [2]
prev_position           0x2000'96b8     0x8  Data  Gb  printing.o [1]
prevcolors               0x804'6594     0x4  Data  Lc  printing.o [1]
previmage               0x1000'0000  0x1cc0  Data  Gb  printing.o [1]
prt_file                0x2000'96f8     0x4  Data  Gb  prtfiles.o [1]
put_fat                  0x801'e0cb   0x15c  Code  Lc  ff.o [1]
put_lfn                  0x801'e7d1    0x84  Code  Lc  ff.o [1]
put_utf                  0x801'de29    0x5c  Code  Lc  ff.o [1]
ranmatch                 0x803'd595    0x44  Code  Lc  xscanffull.o [2]
reTransmission_all_cnt  0x2000'96d4     0x4  Data  Gb  cpld_utils.o [1]
reTransmission_data_cnt
                        0x2000'96d0     0x4  Data  Gb  cpld_utils.o [1]
remove_chain             0x801'e227    0x8e  Code  Lc  ff.o [1]
resX                    0x2000'96f0     0x4  Data  Gb  printing.o [1]
resY                    0x2000'96f4     0x4  Data  Gb  printing.o [1]
retSPIFL                0x2000'97a6     0x1  Data  Gb  fatfs.o [1]
retUSBH                 0x2000'97a5     0x1  Data  Gb  fatfs.o [1]
s_tfname                0x2000'5038   0x400  Data  Gb  main.o [1]
scalbln                  0x802'3ad9          Code  Gb  ldexp.o [4]
scalblnl                 0x802'3ad9          Code  Gb  ldexp.o [4]
scalbn                   0x802'3ad9          Code  Gb  ldexp.o [4]
scalbnl                  0x802'3ad9          Code  Gb  ldexp.o [4]
scale                    0x802'1d47    0x46  Code  Lc  xprintffull.o [2]
scrTimeTimer            0x2000'033c     0x1  Data  Gb  tgui_defaultfuncs.o [1]
sec_hand                0x2000'978c     0x4  Data  Lc  xfail_s.o [2]
segment_holding          0x803'82ed    0x1a  Code  Lc  dlmalloc.o [2]
sfile                   0x2000'97d0  0x1028  Data  Gb  main.o [1]
sprintf                  0x801'cbad    0x40  Code  Gb  sprintf.o [2]
sqrtf                    0x802'd98d          Code  Gb  sqrtf.o [4]
srvMode                 0x2000'97ad     0x1  Data  Gb  main.o [1]
sscanf                   0x804'1e2d    0x28  Code  Gb  sscanf.o [2]
st_clust                 0x801'e677    0x2a  Code  Lc  ff.o [1]
st_dword                 0x801'dd5d    0x18  Code  Lc  ff.o [1]
st_word                  0x801'dd4f     0xe  Code  Lc  ff.o [1]
strcat                   0x802'c965    0x1e  Code  Gb  strcat.o [2]
strchr                   0x802'3539          Code  Gb  strchr.o [5]
strcmp                   0x802'8499          Code  Gb  strcmp.o [5]
strcpy                   0x802'c94d          Code  Gb  strcpy.o [5]
strcpy_utf(char *, char *)
                         0x802'0c6d    0x28  Code  Gb  unicode_utils.o [1]
strlen                   0x802'3599          Code  Gb  strlen.o [5]
strncpy                  0x802'10dd          Code  Gb  strncpy.o [5]
strtoll                  0x803'e159     0x2  Code  Gb  iar_Stollx.o [2]
strtoul                  0x802'a4a5     0x2  Code  Gb  iar_Stoulx.o [2]
strtoull                 0x803'e30d     0x2  Code  Gb  iar_Stoullx.o [2]
strtrim(char *)          0x802'0d27    0x5e  Code  Gb  unicode_utils.o [1]
strupper_utf(char *)     0x802'0d85    0x5e  Code  Gb  unicode_utils.o [1]
subdir                  0x2000'97b3     0x1  Data  Gb  tgui_filesscreenfuncs.o [1]
sum_sfn                  0x801'e8ff    0x20  Code  Lc  ff.o [1]
sync_fs                  0x801'df13    0x94  Code  Lc  ff.o [1]
sync_window              0x801'de85    0x50  Code  Lc  ff.o [1]
sys_alloc                0x803'88ad   0x164  Code  Lc  dlmalloc.o [2]
sys_trim                 0x803'8a11    0x64  Code  Lc  dlmalloc.o [2]
systemInfo              0x2000'9510    0x2c  Data  Gb  config.o [1]
tchar2uni                0x801'dde3    0x46  Code  Lc  ff.o [1]
tfname                  0x1000'6ce8   0x400  Data  Gb  tgui.o [1]
tguiActiveScreen        0x2000'971c     0x4  Data  Gb  tgui.o [1]
tguiDBuff               0x2000'b820  0x1000  Data  Gb  tgui.o [1]
tguiDefaultConfig       0x2000'953c    0x28  Data  Gb  tgui.o [1]
tguiFBuff               0x2000'c820   0x200  Data  Gb  tgui.o [1]
tguiFile                0x2000'a7f8  0x1028  Data  Gb  tgui.o [1]
tguiMsgBox              0x2000'6b48   0x350  Data  Gb  tgui.o [1]
tguiScrClockSetButtons  0x2000'37b8   0x5d8  Data  Gb  tgui.o [1]
tguiScrFilesButtons     0x2000'67d8   0x370  Data  Gb  tgui.o [1]
tguiScrFilesListButtons
                        0x2000'4368   0x4d0  Data  Gb  tgui.o [1]
tguiScrFileviewButtons  0x2000'7698   0x210  Data  Gb  tgui.o [1]
tguiScrInfoButtons      0x2000'8b4c    0xb0  Data  Gb  tgui.o [1]
tguiScrLanguageButtons  0x2000'8744   0x108  Data  Gb  tgui.o [1]
tguiScrMainButtons      0x2000'85e4   0x160  Data  Gb  tgui.o [1]
tguiScrMovezButtons     0x2000'6410   0x3c8  Data  Gb  tgui.o [1]
tguiScrNumenterButtons  0x2000'31e0   0x5d8  Data  Gb  tgui.o [1]
tguiScrPrintButtons     0x2000'78a8   0x210  Data  Gb  tgui.o [1]
tguiScrServiceButtons   0x2000'8290   0x1b8  Data  Gb  tgui.o [1]
tguiScrSettingsButtons  0x2000'6e98   0x318  Data  Gb  tgui.o [1]
tguiScrUVTestButtons    0x2000'3d90   0x5d8  Data  Gb  tgui.o [1]
tguiScreenClockSet      0x2000'9480    0x30  Data  Gb  tgui.o [1]
tguiScreenFiles         0x2000'9360    0x30  Data  Gb  tgui.o [1]
tguiScreenFilesList     0x2000'9390    0x30  Data  Gb  tgui.o [1]
tguiScreenFileview      0x2000'9420    0x30  Data  Gb  tgui.o [1]
tguiScreenInfo          0x2000'9300    0x30  Data  Gb  tgui.o [1]
tguiScreenLanguage      0x2000'92d0    0x30  Data  Gb  tgui.o [1]
tguiScreenMain          0x2000'9270    0x30  Data  Gb  tgui.o [1]
tguiScreenMovez         0x2000'9330    0x30  Data  Gb  tgui.o [1]
tguiScreenNumenter      0x2000'93f0    0x30  Data  Gb  tgui.o [1]
tguiScreenPrint         0x2000'9450    0x30  Data  Gb  tgui.o [1]
tguiScreenSaver         0x2000'94b0    0x30  Data  Gb  tgui.o [1]
tguiScreenSaverButtons  0x2000'8fac    0x58  Data  Gb  tgui.o [1]
tguiScreenService       0x2000'92a0    0x30  Data  Gb  tgui.o [1]
tguiScreenSettings      0x2000'93c0    0x30  Data  Gb  tgui.o [1]
tguiScreenTimer         0x2000'97ac     0x1  Data  Gb  main.o [1]
tguiScreenUVTest        0x2000'94e0    0x30  Data  Gb  tgui.o [1]
tguiTimer               0x2000'97a9     0x1  Data  Gb  main.o [1]
tmalloc_large            0x803'8a81   0x386  Code  Lc  dlmalloc.o [2]
tmalloc_small            0x803'8e07   0x200  Code  Lc  dlmalloc.o [2]
tolower                  0x802'dedd    0x14  Code  Gb  tolower.o [2]
touch_buff              0x2000'8e2c    0x60  Data  Gb  fst_spi.o [1]
touch_info              0x2000'9684    0x10  Data  Gb  touch.o [1]
touch_point             0x2000'9734     0x4  Data  Gb  touch.o [1]
tstrcat(unsigned short *, unsigned short *)
                         0x802'0cb7    0x2c  Code  Gb  unicode_utils.o [1]
tstrcat_utf(unsigned short *, char *)
                         0x802'0ce3    0x44  Code  Gb  unicode_utils.o [1]
tstrcpy(unsigned short *, unsigned short *)
                         0x802'0c95    0x22  Code  Gb  unicode_utils.o [1]
typeval                 0x2000'97b6     0x1  Data  Gb  tgui_numenterscreenfuncs.o [1]
u_tfname                0x2000'4c38   0x400  Data  Gb  main.o [1]
uc866                    0x804'37cc   0x100  Data  Lc  ffunicode.o [1]
ufile                   0x1000'5cc0  0x1028  Data  Gb  main.o [1]
uv_image                0x2000'97be     0x1  Data  Gb  tgui_uvtestscreenfuncs.o [1]
uvdisp_on               0x2000'97bd     0x1  Data  Gb  tgui_uvtestscreenfuncs.o [1]
uvfan_timer             0x2000'9718     0x4  Data  Gb  sys_timer.o [1]
uvled_timer             0x2000'9710     0x4  Data  Gb  sys_timer.o [1]
uvlight_on              0x2000'97bc     0x1  Data  Gb  tgui_uvtestscreenfuncs.o [1]
uvpause_timer           0x2000'9714     0x4  Data  Gb  sys_timer.o [1]
uwTick                  0x2000'9704     0x4  Data  Gb  stm32f4xx_hal.o [1]
uwTickFreq              0x2000'033b     0x1  Data  Gb  stm32f4xx_hal.o [1]
uwTickPrio              0x2000'0084     0x4  Data  Gb  stm32f4xx_hal.o [1]
validate                 0x801'f58b    0x48  Code  Lc  ff.o [1]
wctob                    0x803'e085    0x32  Code  Gb  wctob.o [2]
zDisTimer               0x2000'97ab     0x1  Data  Gb  main.o [1]
zHoldTimer              0x2000'97aa     0x1  Data  Gb  main.o [1]
zPlanner                0x2000'97c2     0x1  Data  Gb  z_planner.o [1]


[1] = D:\Electronics\Projects\MKS_DLP_new\SRC\firmware\MKSDLP_Alter_Debug\Obj
[2] = dl7M_tlf.a
[3] = dlpp7M_tl_fc.a
[4] = m7M_tls.a
[5] = rt7M_tl.a
[6] = shb_l.a

  137 597 bytes of readonly  code memory
   85 284 bytes of readonly  data memory
  105 220 bytes of readwrite data memory

Errors: none
Warnings: none
