###############################################################################
#
# IAR ELF Linker V8.32.1.169/W32 for ARM                  17/Aug/2020  00:04:34
# Copyright 2007-2018 IAR Systems AB.
#
#    Output file  =  
#        D:\Electronics\Projects\MKS_DLP_new\SRC\firmware\MKSDLP_Alter_debug\Exe\MKS_DLP_new.out
#    Map file     =  
#        D:\Electronics\Projects\MKS_DLP_new\SRC\firmware\MKSDLP_Alter_debug\List\MKS_DLP_new.map
#    Command line =  
#        -f C:\Temp\EWBAF3.tmp
#        (D:\Electronics\Projects\MKS_DLP_new\SRC\firmware\MKSDLP_Alter_Debug\Obj\config.o
#        D:\Electronics\Projects\MKS_DLP_new\SRC\firmware\MKSDLP_Alter_Debug\Obj\cpld_utils.o
#        D:\Electronics\Projects\MKS_DLP_new\SRC\firmware\MKSDLP_Alter_Debug\Obj\datetime.o
#        D:\Electronics\Projects\MKS_DLP_new\SRC\firmware\MKSDLP_Alter_Debug\Obj\diskio.o
#        D:\Electronics\Projects\MKS_DLP_new\SRC\firmware\MKSDLP_Alter_Debug\Obj\fatfs.o
#        D:\Electronics\Projects\MKS_DLP_new\SRC\firmware\MKSDLP_Alter_Debug\Obj\ff.o
#        D:\Electronics\Projects\MKS_DLP_new\SRC\firmware\MKSDLP_Alter_Debug\Obj\ff_gen_drv.o
#        D:\Electronics\Projects\MKS_DLP_new\SRC\firmware\MKSDLP_Alter_Debug\Obj\ffsystem.o
#        D:\Electronics\Projects\MKS_DLP_new\SRC\firmware\MKSDLP_Alter_Debug\Obj\ffunicode.o
#        D:\Electronics\Projects\MKS_DLP_new\SRC\firmware\MKSDLP_Alter_Debug\Obj\files_pws.o
#        D:\Electronics\Projects\MKS_DLP_new\SRC\firmware\MKSDLP_Alter_Debug\Obj\fnt12.o
#        D:\Electronics\Projects\MKS_DLP_new\SRC\firmware\MKSDLP_Alter_Debug\Obj\fnt12bold.o
#        D:\Electronics\Projects\MKS_DLP_new\SRC\firmware\MKSDLP_Alter_Debug\Obj\fnt18.o
#        D:\Electronics\Projects\MKS_DLP_new\SRC\firmware\MKSDLP_Alter_Debug\Obj\fnt18bold.o
#        D:\Electronics\Projects\MKS_DLP_new\SRC\firmware\MKSDLP_Alter_Debug\Obj\fnt24.o
#        D:\Electronics\Projects\MKS_DLP_new\SRC\firmware\MKSDLP_Alter_Debug\Obj\fnt24bold.o
#        D:\Electronics\Projects\MKS_DLP_new\SRC\firmware\MKSDLP_Alter_Debug\Obj\fsmc.o
#        D:\Electronics\Projects\MKS_DLP_new\SRC\firmware\MKSDLP_Alter_Debug\Obj\fst_spi.o
#        D:\Electronics\Projects\MKS_DLP_new\SRC\firmware\MKSDLP_Alter_Debug\Obj\gpio.o
#        D:\Electronics\Projects\MKS_DLP_new\SRC\firmware\MKSDLP_Alter_Debug\Obj\languages.o
#        D:\Electronics\Projects\MKS_DLP_new\SRC\firmware\MKSDLP_Alter_Debug\Obj\lcd_low.o
#        D:\Electronics\Projects\MKS_DLP_new\SRC\firmware\MKSDLP_Alter_Debug\Obj\lcd_ui.o
#        D:\Electronics\Projects\MKS_DLP_new\SRC\firmware\MKSDLP_Alter_Debug\Obj\main.o
#        D:\Electronics\Projects\MKS_DLP_new\SRC\firmware\MKSDLP_Alter_Debug\Obj\motor.o
#        D:\Electronics\Projects\MKS_DLP_new\SRC\firmware\MKSDLP_Alter_Debug\Obj\prtfiles.o
#        D:\Electronics\Projects\MKS_DLP_new\SRC\firmware\MKSDLP_Alter_Debug\Obj\rtc.o
#        D:\Electronics\Projects\MKS_DLP_new\SRC\firmware\MKSDLP_Alter_Debug\Obj\spi_flash.o
#        D:\Electronics\Projects\MKS_DLP_new\SRC\firmware\MKSDLP_Alter_Debug\Obj\spifl_diskio.o
#        D:\Electronics\Projects\MKS_DLP_new\SRC\firmware\MKSDLP_Alter_Debug\Obj\ssd_utils.o
#        D:\Electronics\Projects\MKS_DLP_new\SRC\firmware\MKSDLP_Alter_Debug\Obj\startup_stm32f407xx.o
#        D:\Electronics\Projects\MKS_DLP_new\SRC\firmware\MKSDLP_Alter_Debug\Obj\stm32f4xx_hal.o
#        D:\Electronics\Projects\MKS_DLP_new\SRC\firmware\MKSDLP_Alter_Debug\Obj\stm32f4xx_hal_cortex.o
#        D:\Electronics\Projects\MKS_DLP_new\SRC\firmware\MKSDLP_Alter_Debug\Obj\stm32f4xx_hal_dma.o
#        D:\Electronics\Projects\MKS_DLP_new\SRC\firmware\MKSDLP_Alter_Debug\Obj\stm32f4xx_hal_dma_ex.o
#        D:\Electronics\Projects\MKS_DLP_new\SRC\firmware\MKSDLP_Alter_Debug\Obj\stm32f4xx_hal_exti.o
#        D:\Electronics\Projects\MKS_DLP_new\SRC\firmware\MKSDLP_Alter_Debug\Obj\stm32f4xx_hal_flash.o
#        D:\Electronics\Projects\MKS_DLP_new\SRC\firmware\MKSDLP_Alter_Debug\Obj\stm32f4xx_hal_flash_ex.o
#        D:\Electronics\Projects\MKS_DLP_new\SRC\firmware\MKSDLP_Alter_Debug\Obj\stm32f4xx_hal_flash_ramfunc.o
#        D:\Electronics\Projects\MKS_DLP_new\SRC\firmware\MKSDLP_Alter_Debug\Obj\stm32f4xx_hal_gpio.o
#        D:\Electronics\Projects\MKS_DLP_new\SRC\firmware\MKSDLP_Alter_Debug\Obj\stm32f4xx_hal_hcd.o
#        D:\Electronics\Projects\MKS_DLP_new\SRC\firmware\MKSDLP_Alter_Debug\Obj\stm32f4xx_hal_msp.o
#        D:\Electronics\Projects\MKS_DLP_new\SRC\firmware\MKSDLP_Alter_Debug\Obj\stm32f4xx_hal_pwr.o
#        D:\Electronics\Projects\MKS_DLP_new\SRC\firmware\MKSDLP_Alter_Debug\Obj\stm32f4xx_hal_pwr_ex.o
#        D:\Electronics\Projects\MKS_DLP_new\SRC\firmware\MKSDLP_Alter_Debug\Obj\stm32f4xx_hal_rcc.o
#        D:\Electronics\Projects\MKS_DLP_new\SRC\firmware\MKSDLP_Alter_Debug\Obj\stm32f4xx_hal_rcc_ex.o
#        D:\Electronics\Projects\MKS_DLP_new\SRC\firmware\MKSDLP_Alter_Debug\Obj\stm32f4xx_hal_rtc.o
#        D:\Electronics\Projects\MKS_DLP_new\SRC\firmware\MKSDLP_Alter_Debug\Obj\stm32f4xx_hal_rtc_ex.o
#        D:\Electronics\Projects\MKS_DLP_new\SRC\firmware\MKSDLP_Alter_Debug\Obj\stm32f4xx_hal_spi.o
#        D:\Electronics\Projects\MKS_DLP_new\SRC\firmware\MKSDLP_Alter_Debug\Obj\stm32f4xx_hal_sram.o
#        D:\Electronics\Projects\MKS_DLP_new\SRC\firmware\MKSDLP_Alter_Debug\Obj\stm32f4xx_hal_tim.o
#        D:\Electronics\Projects\MKS_DLP_new\SRC\firmware\MKSDLP_Alter_Debug\Obj\stm32f4xx_hal_tim_ex.o
#        D:\Electronics\Projects\MKS_DLP_new\SRC\firmware\MKSDLP_Alter_Debug\Obj\stm32f4xx_it.o
#        D:\Electronics\Projects\MKS_DLP_new\SRC\firmware\MKSDLP_Alter_Debug\Obj\stm32f4xx_ll_fsmc.o
#        D:\Electronics\Projects\MKS_DLP_new\SRC\firmware\MKSDLP_Alter_Debug\Obj\stm32f4xx_ll_usb.o
#        D:\Electronics\Projects\MKS_DLP_new\SRC\firmware\MKSDLP_Alter_Debug\Obj\sys_timer.o
#        D:\Electronics\Projects\MKS_DLP_new\SRC\firmware\MKSDLP_Alter_Debug\Obj\system_stm32f4xx.o
#        D:\Electronics\Projects\MKS_DLP_new\SRC\firmware\MKSDLP_Alter_Debug\Obj\tgui.o
#        D:\Electronics\Projects\MKS_DLP_new\SRC\firmware\MKSDLP_Alter_Debug\Obj\tgui_defaultfuncs.o
#        D:\Electronics\Projects\MKS_DLP_new\SRC\firmware\MKSDLP_Alter_Debug\Obj\tgui_filesscreenfuncs.o
#        D:\Electronics\Projects\MKS_DLP_new\SRC\firmware\MKSDLP_Alter_Debug\Obj\tgui_infoscreenfuncs.o
#        D:\Electronics\Projects\MKS_DLP_new\SRC\firmware\MKSDLP_Alter_Debug\Obj\tgui_langscreenfuncs.o
#        D:\Electronics\Projects\MKS_DLP_new\SRC\firmware\MKSDLP_Alter_Debug\Obj\tgui_mainscreenfuncs.o
#        D:\Electronics\Projects\MKS_DLP_new\SRC\firmware\MKSDLP_Alter_Debug\Obj\tgui_messagebox.o
#        D:\Electronics\Projects\MKS_DLP_new\SRC\firmware\MKSDLP_Alter_Debug\Obj\tgui_movezscreenfuncs.o
#        D:\Electronics\Projects\MKS_DLP_new\SRC\firmware\MKSDLP_Alter_Debug\Obj\tim.o
#        D:\Electronics\Projects\MKS_DLP_new\SRC\firmware\MKSDLP_Alter_Debug\Obj\touch.o
#        D:\Electronics\Projects\MKS_DLP_new\SRC\firmware\MKSDLP_Alter_Debug\Obj\unicode_utils.o
#        D:\Electronics\Projects\MKS_DLP_new\SRC\firmware\MKSDLP_Alter_Debug\Obj\usb_host.o
#        D:\Electronics\Projects\MKS_DLP_new\SRC\firmware\MKSDLP_Alter_Debug\Obj\usbh_conf.o
#        D:\Electronics\Projects\MKS_DLP_new\SRC\firmware\MKSDLP_Alter_Debug\Obj\usbh_core.o
#        D:\Electronics\Projects\MKS_DLP_new\SRC\firmware\MKSDLP_Alter_Debug\Obj\usbh_ctlreq.o
#        D:\Electronics\Projects\MKS_DLP_new\SRC\firmware\MKSDLP_Alter_Debug\Obj\usbh_diskio.o
#        D:\Electronics\Projects\MKS_DLP_new\SRC\firmware\MKSDLP_Alter_Debug\Obj\usbh_ioreq.o
#        D:\Electronics\Projects\MKS_DLP_new\SRC\firmware\MKSDLP_Alter_Debug\Obj\usbh_msc.o
#        D:\Electronics\Projects\MKS_DLP_new\SRC\firmware\MKSDLP_Alter_Debug\Obj\usbh_msc_bot.o
#        D:\Electronics\Projects\MKS_DLP_new\SRC\firmware\MKSDLP_Alter_Debug\Obj\usbh_msc_scsi.o
#        D:\Electronics\Projects\MKS_DLP_new\SRC\firmware\MKSDLP_Alter_Debug\Obj\usbh_pipes.o
#        D:\Electronics\Projects\MKS_DLP_new\SRC\firmware\MKSDLP_Alter_Debug\Obj\usbh_platform.o
#        D:\Electronics\Projects\MKS_DLP_new\SRC\firmware\MKSDLP_Alter_Debug\Obj\uvdisplay.o
#        D:\Electronics\Projects\MKS_DLP_new\SRC\firmware\MKSDLP_Alter_Debug\Obj\z_endstops.o
#        D:\Electronics\Projects\MKS_DLP_new\SRC\firmware\MKSDLP_Alter_Debug\Obj\z_planner.o
#        D:\Electronics\Projects\MKS_DLP_new\SRC\firmware\MKSDLP_Alter_Debug\Obj\z_stepper.o
#        --redirect _Printf=_PrintfFull --redirect _Scanf=_ScanfFull
#        --no_out_extension -o
#        D:\Electronics\Projects\MKS_DLP_new\SRC\firmware\MKSDLP_Alter_debug\Exe\MKS_DLP_new.out
#        --map
#        D:\Electronics\Projects\MKS_DLP_new\SRC\firmware\MKSDLP_Alter_debug\List\MKS_DLP_new.map
#        --log libraries,call_graph --log_file
#        D:\Electronics\Projects\MKS_DLP_new\SRC\firmware\MKSDLP_Alter_debug\List\MKS_DLP_new.log
#        --config
#        D:\Electronics\Projects\MKS_DLP_new\SRC\firmware/config/stm32f407xx_flash.icf
#        --semihosting --entry __iar_program_start --merge_duplicate_sections
#        --vfe --text_out locale)
#
###############################################################################

*******************************************************************************
*** RUNTIME MODEL ATTRIBUTES
***

CppFlavor                     = *
__CPP_Exceptions              = Disabled
__CPP_Language                = C++14
__Heap_Handler                = DLMalloc
__SystemLibrary               = DLib
__dlib_dynamic_initialization = normal
__dlib_version                = 6


*******************************************************************************
*** HEAP SELECTION
***

The advanced heap was selected because the application calls memory
allocation functions outside of system library functions, and there
are calls to deallocation functions in the application.


*******************************************************************************
*** PLACEMENT SUMMARY
***

"A0":  place at 0x801'0000 { ro section .intvec };
"P1":  place in [from 0x801'0000 to 0x807'ffff] { ro };
define block CSTACK with size = 16K, alignment = 8 { };
define block HEAP with size = 8K, alignment = 8 { };
"P2":  place in [from 0x2000'0000 to 0x2001'ffff] {
          rw, block CSTACK, block HEAP };
"P3":  place in [from 0x1000'0000 to 0x1000'ffff] { rw section CCMRAM };
initialize by copy { rw };

  Section                Kind         Address     Size  Object
  -------                ----         -------     ----  ------
"A0":                                            0x188
  .intvec                ro code   0x801'0000    0x188  startup_stm32f407xx.o [1]
                                 - 0x801'0188    0x188

"P1":                                          0x1e5bc
  .text                  ro code   0x801'0188   0x2b00  ff.o [1]
  .text                  ro code   0x801'2c88     0xb0  diskio.o [1]
  .text                  ro code   0x801'2d38    0x144  ffunicode.o [1]
  .text                  ro code   0x801'2e7c    0x158  fatfs.o [1]
  .text                  ro code   0x801'2fd4     0x54  ff_gen_drv.o [1]
  .text                  ro code   0x801'3028    0x418  stm32f4xx_hal_rtc.o [1]
  .text                  ro code   0x801'3440     0x36  strlen.o [5]
  .text                  ro code   0x801'3476     0x7a  lz77_init_single.o [5]
  .text                  ro code   0x801'34f0      0xc  stm32f4xx_hal.o [1]
  .text                  ro code   0x801'34fc   0x2784  tgui.o [1]
  .text                  ro code   0x801'5c80     0x66  ABImemset.o [5]
  .text                  ro code   0x801'5ce6     0x3a  zero_init3.o [5]
  .text                  ro code   0x801'5d20    0xaa0  tgui_defaultfuncs.o [1]
  .text                  ro code   0x801'67c0     0xa6  ABImemcpy.o [5]
  .text                  ro code   0x801'6866     0x1e  xencoding_8859_1.o [2]
  .text                  ro code   0x801'6884     0x40  languages.o [1]
  .text                  ro code   0x801'68c4    0x4de  tgui_messagebox.o [1]
  .text                  ro code   0x801'6da2      0xa  xsprout.o [2]
  .text                  ro code   0x801'6dac    0x120  sys_timer.o [1]
  .text                  ro code   0x801'6ecc     0x94  datetime.o [1]
  .text                  ro code   0x801'6f60     0x40  sprintf.o [2]
  .text                  ro code   0x801'6fa0    0xb44  lcd_ui.o [1]
  .text                  ro code   0x801'7ae4    0x50c  lcd_low.o [1]
  .text                  ro code   0x801'7ff0    0x280  unicode_utils.o [1]
  .text                  ro code   0x801'8270    0x274  touch.o [1]
  .text                  ro code   0x801'84e4     0x70  strncpy.o [5]
  .text                  ro code   0x801'8554    0xf46  xprintffull.o [2]
  .rodata                const     0x801'949a      0x2  languages.o [1]
  .text                  ro code   0x801'949c     0x28  stm32f4xx_hal.o [1]
  .text                  ro code   0x801'94c4    0x114  fsmc.o [1]
  .text                  ro code   0x801'95d8    0x458  stm32f4xx_hal_dma.o [1]
  .text                  ro code   0x801'9a30    0x12c  stm32f4xx_hal_cortex.o [1]
  .text                  ro code   0x801'9b5c    0x550  fst_spi.o [1]
  .text                  ro code   0x801'a0ac     0x78  xlocale_c.o [2]
  .text                  ro code   0x801'a124     0x16  strchr.o [5]
  .rodata                const     0x801'a13a      0x2  languages.o [1]
  .text                  ro code   0x801'a13c     0x40  xfail_s.o [2]
  .text                  ro code   0x801'a17c     0x58  memchr.o [5]
  .text                  ro code   0x801'a1d4      0xa  xmbcurmax.o [2]
  .rodata                const     0x801'a1de      0x1  unwind_debug.o [6]
  .text                  ro code   0x801'a1e0    0x230  I64DivMod.o [5]
  .text                  ro code   0x801'a410    0x1a2  DblMul.o [4]
  .text                  ro code   0x801'a5b4     0x70  frexp.o [4]
  .text                  ro code   0x801'a624     0x2e  DblCmpLe.o [4]
  .text                  ro code   0x801'a654     0x2e  DblCmpGe.o [4]
  .text                  ro code   0x801'a684    0x13a  ldexp.o [4]
  .text                  ro code   0x801'a7c0     0x3a  DblToS32.o [4]
  .text                  ro code   0x801'a7fc     0x22  S32ToDbl.o [4]
  .text                  ro code   0x801'a820     0xe2  DblSub.o [4]
  .text                  ro code   0x801'a904    0x246  DblDiv.o [4]
  .text                  ro code   0x801'ab4c     0x28  DblToU32.o [4]
  .text                  ro code   0x801'ab74     0x1a  U32ToDbl.o [4]
  .text                  ro code   0x801'ab90      0x6  ABImemclr4.o [5]
  .text                  ro code   0x801'ab98     0x5c  stm32f4xx_hal_sram.o [1]
  .text                  ro code   0x801'abf4    0x98e  main.o [1]
  .text                  ro code   0x801'b584    0x252  stm32f4xx_hal_gpio.o [1]
  .text                  ro code   0x801'b7d8    0x5fa  stm32f4xx_hal_spi.o [1]
  .text                  ro code   0x801'bdd2      0x6  abort.o [2]
  .text                  ro code   0x801'bdd8      0x2  stm32f4xx_hal_spi.o [1]
  .text                  ro code   0x801'bddc    0x16a  DblAdd.o [4]
  .text                  ro code   0x801'bf48     0x32  ABImemset48.o [5]
  .text                  ro code   0x801'bf7c     0xe4  stm32f4xx_ll_fsmc.o [1]
  .text                  ro code   0x801'c060     0x34  stm32f4xx_hal.o [1]
  .text                  ro code   0x801'c094    0x28c  gpio.o [1]
  .text                  ro code   0x801'c320    0x304  spi_flash.o [1]
  .text                  ro code   0x801'c624     0xc8  rtc.o [1]
  .text                  ro code   0x801'c6ec     0xbc  config.o [1]
  .text                  ro code   0x801'c7a8    0x1c8  motor.o [1]
  .text                  ro code   0x801'c970      0xc  uvdisplay.o [1]
  .text                  ro code   0x801'c97c     0x20  usbh_platform.o [1]
  .text                  ro code   0x801'c99c     0x8c  usb_host.o [1]
  .text                  ro code   0x801'ca28     0x12  strcmp.o [5]
  .text                  ro code   0x801'ca3c     0x48  FltToDbl.o [4]
  .text                  ro code   0x801'ca84     0x68  DblToFlt.o [4]
  .text                  ro code   0x801'caec    0x34c  tgui_movezscreenfuncs.o [1]
  .text                  ro code   0x801'ce38    0x3b4  stm32f4xx_hal_rcc.o [1]
  .text                  ro code   0x801'd1ec    0x1d4  stm32f4xx_hal_rcc.o [1]
  .text                  ro code   0x801'd3c0    0x150  stm32f4xx_hal_rcc_ex.o [1]
  .text                  ro code   0x801'd510     0x14  exit.o [6]
  .text                  ro code   0x801'd524     0x4c  stm32f4xx_hal.o [1]
  .text                  ro code   0x801'd570     0x40  stm32f4xx_hal_msp.o [1]
  .text                  ro code   0x801'd5b0     0x20  spi_flash.o [1]
  .text                  ro code   0x801'd5d0     0xe4  z_endstops.o [1]
  .text                  ro code   0x801'd6b4    0xe34  z_planner.o [1]
  .text                  ro code   0x801'e4e8    0x5a4  z_stepper.o [1]
  .text                  ro code   0x801'ea8c    0x1e8  tim.o [1]
  .text                  ro code   0x801'ec74    0x78a  stm32f4xx_hal_tim.o [1]
  .text                  ro code   0x801'f400     0x14  motor.o [1]
  .text                  ro code   0x801'f414      0xc  z_endstops.o [1]
  .text                  ro code   0x801'f420     0x18  z_endstops.o [1]
  .text                  ro code   0x801'f438     0x20  z_stepper.o [1]
  .text                  ro code   0x801'f458     0x20  motor.o [1]
  .text                  ro code   0x801'f478     0xa2  cpld_utils.o [1]
  .text                  ro code   0x801'f51c    0x580  ssd_utils.o [1]
  .text                  ro code   0x801'fa9c    0x79e  usbh_core.o [1]
  .text                  ro code   0x802'023c     0x18  z_stepper.o [1]
  .text                  ro code   0x802'0254     0x24  z_planner.o [1]
  .text                  ro code   0x802'0278     0x18  z_planner.o [1]
  .text                  ro code   0x802'0290      0x8  z_stepper.o [1]
  .text                  ro code   0x802'0298     0x3c  ceilf.o [4]
  .text                  ro code   0x802'02d4     0xac  z_planner.o [1]
  .text                  ro code   0x802'0380     0x3c  floorf.o [4]
  .text                  ro code   0x802'03bc     0xbc  z_planner.o [1]
  .text                  ro code   0x802'0478     0x12  z_planner.o [1]
  .text                  ro code   0x802'048a      0x8  z_planner.o [1]
  .text                  ro code   0x802'0494     0x1e  sqrtf.o [4]
  .text                  ro code   0x802'04b4     0x20  z_stepper.o [1]
  .text                  ro code   0x802'04d4     0x10  z_stepper.o [1]
  .text                  ro code   0x802'04e4      0xc  z_stepper.o [1]
  .text                  ro code   0x802'04f0     0x38  z_planner.o [1]
  .text                  ro code   0x802'0528     0x18  z_planner.o [1]
  .text                  ro code   0x802'0540     0x2e  lroundf.o [4]
  .text                  ro code   0x802'0570     0x1c  z_stepper.o [1]
  .text                  ro code   0x802'058c     0x2c  z_stepper.o [1]
  .text                  ro code   0x802'05b8     0xac  stm32f4xx_hal_tim_ex.o [1]
  .text                  ro code   0x802'0664    0x2f8  usbh_conf.o [1]
  .text                  ro code   0x802'095c     0xb6  usbh_pipes.o [1]
  .text                  ro code   0x802'0a12    0x5bc  usbh_ctlreq.o [1]
  .text                  ro code   0x802'0fd0     0x10  z_stepper.o [1]
  .text                  ro code   0x802'0fe0      0xe  z_planner.o [1]
  .text                  ro code   0x802'0ff0     0x1c  z_stepper.o [1]
  .text                  ro code   0x802'100c   0x1060  stm32f4xx_hal_hcd.o [1]
  .text                  ro code   0x802'206c     0xd0  usbh_ioreq.o [1]
  .text                  ro code   0x802'213c    0x9c4  stm32f4xx_ll_usb.o [1]
  .rodata                const     0x802'2b00   0x2094  fnt24bold.o [1]
  .rodata                const     0x802'4b94   0x195c  fnt24.o [1]
  .text                  ro code   0x802'64f0   0x14e0  dlmalloc.o [2]
  .text                  ro code   0x802'79d0     0x2c  xgetmemchunk.o [2]
  .rodata                const     0x802'79fc   0x10c8  fnt18bold.o [1]
  .rodata                const     0x802'8ac4    0xea4  fnt18.o [1]
  .text                  ro code   0x802'9968    0xd80  tgui_filesscreenfuncs.o [1]
  .text                  ro code   0x802'a6e8     0x4c  prtfiles.o [1]
  .text                  ro code   0x802'a734     0x18  strcpy.o [5]
  .text                  ro code   0x802'a74c     0x1e  strcat.o [2]
  .text                  ro code   0x802'a76c    0x39c  files_pws.o [1]
  .text                  ro code   0x802'ab08    0x8b4  usbh_msc.o [1]
  .text                  ro code   0x802'b3bc    0x394  usbh_msc_bot.o [1]
  .text                  ro code   0x802'b750      0x4  heaptramp0.o [2]
  .text                  ro code   0x802'b754    0x3ea  usbh_msc_scsi.o [1]
  .rodata                const     0x802'bb40    0x788  fnt12bold.o [1]
  .rodata                const     0x802'c2c8    0x6b4  fnt12.o [1]
  .rodata                const     0x802'c97c    0x1f4  ffunicode.o [1]
  .text                  ro code   0x802'cb70    0x144  usbh_diskio.o [1]
  .rodata                const     0x802'ccb4    0x140  fnt12.o [1]
  .rodata                const     0x802'cdf4    0x140  fnt12bold.o [1]
  .rodata                const     0x802'cf34    0x140  fnt18.o [1]
  .rodata                const     0x802'd074    0x140  fnt18bold.o [1]
  .rodata                const     0x802'd1b4    0x140  fnt24.o [1]
  .rodata                const     0x802'd2f4    0x140  fnt24bold.o [1]
  .text                  ro code   0x802'd434    0x12c  spifl_diskio.o [1]
  .rodata                const     0x802'd560    0x100  ffunicode.o [1]
  .text                  ro code   0x802'd660     0xc8  tgui_infoscreenfuncs.o [1]
  .rodata                const     0x802'd728     0xbc  ffunicode.o [1]
  .rodata                const     0x802'd7e4     0xac  languages.o [1]
  .rodata                const     0x802'd890     0xac  languages.o [1]
  .text                  ro code   0x802'd93c     0x9c  stm32f4xx_it.o [1]
  .rodata                const     0x802'd9d8     0x80  ff.o [1]
  .rodata                const     0x802'da58     0x4c  languages.o [1]
  .rodata                const     0x802'daa4     0x34  main.o [1]
  .rodata                const     0x802'dad8     0x34  main.o [1]
  .rodata                const     0x802'db0c     0x30  languages.o [1]
  .rodata                const     0x802'db3c     0x30  main.o [1]
  .rodata                const     0x802'db6c     0x30  main.o [1]
  .rodata                const     0x802'db9c     0x2c  main.o [1]
  .rodata                const     0x802'dbc8     0x2c  main.o [1]
  .rodata                const     0x802'dbf4     0x28  main.o [1]
  .text                  ro code   0x802'dc1c     0x28  data_init.o [5]
  .rodata                const     0x802'dc44     0x24  languages.o [1]
  .rodata                const     0x802'dc68     0x24  languages.o [1]
  .rodata                const     0x802'dc8c     0x24  main.o [1]
  .rodata                const     0x802'dcb0     0x24  tgui_infoscreenfuncs.o [1]
  .text                  ro code   0x802'dcd4     0x22  fpinit_M.o [4]
  .iar.init_table        const     0x802'dcf8     0x24  - Linker created -
  .rodata                const     0x802'dd1c     0x20  main.o [1]
  .text                  ro code   0x802'dd3c     0x20  system_stm32f4xx.o [1]
  .text                  ro code   0x802'dd5c     0x20  cmain_call_ctors.o [5]
  .text                  ro code   0x802'dd7c     0x18  cppinit.o [2]
  .text                  ro code   0x802'dd94     0x1e  cmain.o [5]
  .text                  ro code   0x802'ddb2      0x4  low_level_init.o [2]
  .text                  ro code   0x802'ddb6      0x4  exit.o [2]
  .text                  ro code   0x802'ddbc      0xa  cexit.o [5]
  .rodata                const     0x802'ddc8     0x1c  languages.o [1]
  .rodata                const     0x802'dde4     0x1c  tgui.o [1]
  .rodata                const     0x802'de00     0x1c  tgui.o [1]
  .rodata                const     0x802'de1c     0x1c  tgui.o [1]
  .rodata                const     0x802'de38     0x1c  tgui.o [1]
  .rodata                const     0x802'de54     0x1c  tgui.o [1]
  .rodata                const     0x802'de70     0x1c  tgui.o [1]
  .rodata                const     0x802'de8c     0x1c  tgui.o [1]
  .rodata                const     0x802'dea8     0x1c  tgui.o [1]
  .rodata                const     0x802'dec4     0x18  languages.o [1]
  .rodata                const     0x802'dedc     0x18  languages.o [1]
  .rodata                const     0x802'def4     0x18  main.o [1]
  .rodata                const     0x802'df0c     0x18  main.o [1]
  .rodata                const     0x802'df24     0x18  main.o [1]
  .rodata                const     0x802'df3c     0x18  tgui.o [1]
  .rodata                const     0x802'df54     0x18  tgui.o [1]
  .rodata                const     0x802'df6c     0x18  tgui.o [1]
  .rodata                const     0x802'df84     0x18  tgui.o [1]
  .rodata                const     0x802'df9c     0x18  tgui.o [1]
  .rodata                const     0x802'dfb4     0x18  tgui.o [1]
  .rodata                const     0x802'dfcc     0x18  tgui.o [1]
  .rodata                const     0x802'dfe4     0x18  tgui.o [1]
  .rodata                const     0x802'dffc     0x18  tgui.o [1]
  .rodata                const     0x802'e014     0x18  tgui.o [1]
  .rodata                const     0x802'e02c     0x18  tgui.o [1]
  .rodata                const     0x802'e044     0x18  tgui.o [1]
  .rodata                const     0x802'e05c     0x18  tgui.o [1]
  .rodata                const     0x802'e074     0x18  tgui.o [1]
  .rodata                const     0x802'e08c     0x14  ff.o [1]
  .rodata                const     0x802'e0a0     0x14  ff.o [1]
  .rodata                const     0x802'e0b4     0x14  spifl_diskio.o [1]
  .rodata                const     0x802'e0c8     0x14  tgui.o [1]
  .rodata                const     0x802'e0dc     0x14  tgui.o [1]
  .rodata                const     0x802'e0f0     0x14  tgui.o [1]
  .rodata                const     0x802'e104     0x14  tgui.o [1]
  .rodata                const     0x802'e118     0x14  tgui_filesscreenfuncs.o [1]
  .rodata                const     0x802'e12c     0x14  tgui_filesscreenfuncs.o [1]
  .rodata                const     0x802'e140     0x14  usbh_diskio.o [1]
  .rodata                const     0x802'e154     0x10  ff.o [1]
  .rodata                const     0x802'e164     0x10  ff.o [1]
  .rodata                const     0x802'e174     0x10  ff.o [1]
  .rodata                const     0x802'e184     0x10  ff.o [1]
  .rodata                const     0x802'e194     0x10  languages.o [1]
  .rodata                const     0x802'e1a4     0x10  languages.o [1]
  .rodata                const     0x802'e1b4     0x10  languages.o [1]
  .rodata                const     0x802'e1c4     0x10  languages.o [1]
  .rodata                const     0x802'e1d4     0x10  languages.o [1]
  .rodata                const     0x802'e1e4     0x10  languages.o [1]
  .rodata                const     0x802'e1f4     0x10  main.o [1]
  .rodata                const     0x802'e204     0x10  main.o [1]
  .rodata                const     0x802'e214     0x10  system_stm32f4xx.o [1]
  .rodata                const     0x802'e224     0x10  tgui.o [1]
  .rodata                const     0x802'e234     0x10  tgui.o [1]
  .rodata                const     0x802'e244     0x10  tgui.o [1]
  .rodata                const     0x802'e254     0x10  tgui.o [1]
  .rodata                const     0x802'e264     0x10  tgui_defaultfuncs.o [1]
  .text                  ro code   0x802'e274     0x10  startup_stm32f407xx.o [1]
  .text                  ro code   0x802'e284      0xe  tgui_langscreenfuncs.o [1]
  .rodata                const     0x802'e294      0xc  ff.o [1]
  .rodata                const     0x802'e2a0      0xc  ff.o [1]
  .rodata                const     0x802'e2ac      0xc  files_pws.o [1]
  .rodata                const     0x802'e2b8      0xc  languages.o [1]
  .rodata                const     0x802'e2c4      0xc  languages.o [1]
  .rodata                const     0x802'e2d0      0xc  languages.o [1]
  .rodata                const     0x802'e2dc      0xc  languages.o [1]
  .rodata                const     0x802'e2e8      0xc  languages.o [1]
  .rodata                const     0x802'e2f4      0xc  languages.o [1]
  .rodata                const     0x802'e300      0xc  languages.o [1]
  .rodata                const     0x802'e30c      0xc  languages.o [1]
  .rodata                const     0x802'e318      0xc  languages.o [1]
  .rodata                const     0x802'e324      0xc  languages.o [1]
  .rodata                const     0x802'e330      0xc  languages.o [1]
  .rodata                const     0x802'e33c      0xc  languages.o [1]
  .rodata                const     0x802'e348      0xc  languages.o [1]
  .rodata                const     0x802'e354      0xc  languages.o [1]
  .rodata                const     0x802'e360      0xc  main.o [1]
  .rodata                const     0x802'e36c      0xc  main.o [1]
  .rodata                const     0x802'e378      0xc  tgui.o [1]
  .rodata                const     0x802'e384      0xc  tgui_infoscreenfuncs.o [1]
  .text                  ro code   0x802'e390      0xc  cstartup_M.o [5]
  .rodata                const     0x802'e39c      0x8  ff.o [1]
  .rodata                const     0x802'e3a4      0x8  ff.o [1]
  .rodata                const     0x802'e3ac      0x8  files_pws.o [1]
  .rodata                const     0x802'e3b4      0x8  files_pws.o [1]
  .rodata                const     0x802'e3bc      0x8  languages.o [1]
  .rodata                const     0x802'e3c4      0x8  languages.o [1]
  .rodata                const     0x802'e3cc      0x8  languages.o [1]
  .rodata                const     0x802'e3d4      0x8  languages.o [1]
  .rodata                const     0x802'e3dc      0x8  languages.o [1]
  .rodata                const     0x802'e3e4      0x8  languages.o [1]
  .rodata                const     0x802'e3ec      0x8  languages.o [1]
  .rodata                const     0x802'e3f4      0x8  languages.o [1]
  .rodata                const     0x802'e3fc      0x8  languages.o [1]
  .rodata                const     0x802'e404      0x8  languages.o [1]
  .rodata                const     0x802'e40c      0x8  languages.o [1]
  .rodata                const     0x802'e414      0x8  languages.o [1]
  .rodata                const     0x802'e41c      0x8  languages.o [1]
  .rodata                const     0x802'e424      0x8  languages.o [1]
  .rodata                const     0x802'e42c      0x8  languages.o [1]
  .rodata                const     0x802'e434      0x8  languages.o [1]
  .rodata                const     0x802'e43c      0x8  languages.o [1]
  .rodata                const     0x802'e444      0x8  languages.o [1]
  .rodata                const     0x802'e44c      0x8  languages.o [1]
  .rodata                const     0x802'e454      0x8  languages.o [1]
  .rodata                const     0x802'e45c      0x8  languages.o [1]
  .rodata                const     0x802'e464      0x8  languages.o [1]
  .rodata                const     0x802'e46c      0x8  languages.o [1]
  .rodata                const     0x802'e474      0x8  languages.o [1]
  .rodata                const     0x802'e47c      0x8  languages.o [1]
  .rodata                const     0x802'e484      0x8  languages.o [1]
  .rodata                const     0x802'e48c      0x8  languages.o [1]
  .rodata                const     0x802'e494      0x8  languages.o [1]
  .rodata                const     0x802'e49c      0x8  languages.o [1]
  .rodata                const     0x802'e4a4      0x8  languages.o [1]
  .rodata                const     0x802'e4ac      0x8  main.o [1]
  .rodata                const     0x802'e4b4      0x8  stm32f4xx_hal_dma.o [1]
  .rodata                const     0x802'e4bc      0x8  tgui.o [1]
  .rodata                const     0x802'e4c4      0x8  tgui.o [1]
  .rodata                const     0x802'e4cc      0x8  tgui.o [1]
  .rodata                const     0x802'e4d4      0x8  tgui.o [1]
  .rodata                const     0x802'e4dc      0x8  tgui.o [1]
  .rodata                const     0x802'e4e4      0x8  tgui.o [1]
  .rodata                const     0x802'e4ec      0x8  tgui.o [1]
  .rodata                const     0x802'e4f4      0x8  tgui.o [1]
  .rodata                const     0x802'e4fc      0x8  tgui.o [1]
  .rodata                const     0x802'e504      0x8  tgui.o [1]
  .rodata                const     0x802'e50c      0x8  tgui.o [1]
  .rodata                const     0x802'e514      0x8  tgui.o [1]
  .rodata                const     0x802'e51c      0x8  tgui.o [1]
  .rodata                const     0x802'e524      0x8  tgui.o [1]
  .rodata                const     0x802'e52c      0x8  tgui.o [1]
  .rodata                const     0x802'e534      0x8  tgui.o [1]
  .rodata                const     0x802'e53c      0x8  tgui.o [1]
  .rodata                const     0x802'e544      0x8  tgui.o [1]
  .rodata                const     0x802'e54c      0x8  tgui.o [1]
  .rodata                const     0x802'e554      0x8  tgui.o [1]
  .rodata                const     0x802'e55c      0x8  tgui.o [1]
  .rodata                const     0x802'e564      0x8  tgui.o [1]
  .rodata                const     0x802'e56c      0x8  tgui.o [1]
  .rodata                const     0x802'e574      0x8  tgui.o [1]
  .rodata                const     0x802'e57c      0x8  tgui.o [1]
  .rodata                const     0x802'e584      0x8  tgui.o [1]
  .rodata                const     0x802'e58c      0x8  tgui.o [1]
  .rodata                const     0x802'e594      0x8  tgui.o [1]
  .rodata                const     0x802'e59c      0x8  tgui.o [1]
  .rodata                const     0x802'e5a4      0x8  tgui.o [1]
  .rodata                const     0x802'e5ac      0x8  tgui.o [1]
  .rodata                const     0x802'e5b4      0x8  tgui.o [1]
  .rodata                const     0x802'e5bc      0x8  tgui.o [1]
  .rodata                const     0x802'e5c4      0x8  tgui.o [1]
  .rodata                const     0x802'e5cc      0x8  tgui.o [1]
  .rodata                const     0x802'e5d4      0x8  tgui.o [1]
  .rodata                const     0x802'e5dc      0x8  tgui.o [1]
  .rodata                const     0x802'e5e4      0x8  tgui.o [1]
  .rodata                const     0x802'e5ec      0x8  tgui.o [1]
  .rodata                const     0x802'e5f4      0x8  tgui.o [1]
  .rodata                const     0x802'e5fc      0x8  tgui_filesscreenfuncs.o [1]
  .rodata                const     0x802'e604      0x8  tgui_infoscreenfuncs.o [1]
  .rodata                const     0x802'e60c      0x8  tim.o [1]
  .rodata                const     0x802'e614      0x6  xlocale_c.o [2]
  .rodata                const     0x802'e61c      0x4  languages.o [1]
  .rodata                const     0x802'e620      0x4  languages.o [1]
  .rodata                const     0x802'e624      0x4  languages.o [1]
  .rodata                const     0x802'e628      0x4  languages.o [1]
  .rodata                const     0x802'e62c      0x4  languages.o [1]
  .rodata                const     0x802'e630      0x4  languages.o [1]
  .rodata                const     0x802'e634      0x4  languages.o [1]
  .rodata                const     0x802'e638      0x4  languages.o [1]
  .rodata                const     0x802'e63c      0x4  languages.o [1]
  .rodata                const     0x802'e640      0x4  languages.o [1]
  .rodata                const     0x802'e644      0x4  languages.o [1]
  .rodata                const     0x802'e648      0x4  languages.o [1]
  .rodata                const     0x802'e64c      0x4  languages.o [1]
  .rodata                const     0x802'e650      0x4  languages.o [1]
  .rodata                const     0x802'e654      0x4  languages.o [1]
  .rodata                const     0x802'e658      0x4  languages.o [1]
  .rodata                const     0x802'e65c      0x4  languages.o [1]
  .rodata                const     0x802'e660      0x4  languages.o [1]
  .rodata                const     0x802'e664      0x4  languages.o [1]
  .rodata                const     0x802'e668      0x4  languages.o [1]
  .rodata                const     0x802'e66c      0x4  languages.o [1]
  .rodata                const     0x802'e670      0x4  languages.o [1]
  .rodata                const     0x802'e674      0x4  rtc.o [1]
  .rodata                const     0x802'e678      0x4  usbh_msc.o [1]
  .text                  ro code   0x802'e67c      0x4  startup_stm32f407xx.o [1]
  SHT$$PREINIT_ARRAY               0x802'e680      0x0  <Block>
  SHT$$INIT_ARRAY                  0x802'e680      0x4  <Block>
    .init_array          const     0x802'e680      0x4  z_planner.o [1]
  __iar_tls$$INIT_ARRAY            0x802'e684      0x0  <Block>
  .rodata                const     0x802'e684      0x0  zero_init3.o [5]
  .rodata                const     0x802'e684      0x0  lz77_init_single.o [5]
  Initializer bytes      const     0x802'e684     0xc0  <for P2-1>
                                 - 0x802'e744  0x1e5bc

"P3":                                           0x7478
  CCMRAM                 uninit   0x1000'0000   0x4000  main.o [1]
  CCMRAM                 uninit   0x1000'4000   0x1028  main.o [1]
  CCMRAM                 uninit   0x1000'5028   0x1028  main.o [1]
  CCMRAM                 uninit   0x1000'6050   0x1028  tgui.o [1]
  CCMRAM                 uninit   0x1000'7078    0x400  tgui.o [1]
                                - 0x1000'7478   0x7478

"P2", part 1 of 3:                               0x31b
  P2-1                            0x2000'0000    0x31b  <Init block>
    .data                inited   0x2000'0000      0xc  fnt12.o [1]
    .data                inited   0x2000'000c      0xc  fnt12bold.o [1]
    .data                inited   0x2000'0018      0xc  fnt18.o [1]
    .data                inited   0x2000'0024      0xc  fnt18bold.o [1]
    .data                inited   0x2000'0030      0xc  fnt24.o [1]
    .data                inited   0x2000'003c      0xc  fnt24bold.o [1]
    .data                inited   0x2000'0048     0x10  languages.o [1]
    .data                inited   0x2000'0058      0x4  languages.o [1]
    .data                inited   0x2000'005c      0x4  lcd_ui.o [1]
    .data                inited   0x2000'0060      0x4  stm32f4xx_hal.o [1]
    .data                inited   0x2000'0064      0x4  system_stm32f4xx.o [1]
    .data                inited   0x2000'0068    0x200  tgui_filesscreenfuncs.o [1]
    .data                inited   0x2000'0268      0x4  tgui_movezscreenfuncs.o [1]
    .data                inited   0x2000'026c     0x20  usbh_msc.o [1]
    .data                inited   0x2000'028c      0x4  z_stepper.o [1]
    .data                inited   0x2000'0290     0x38  xlocale_c.o [2]
    .data                inited   0x2000'02c8     0x48  xlocale_c.o [2]
    .data                inited   0x2000'0310      0x2  lcd_ui.o [1]
    .data                inited   0x2000'0312      0x2  lcd_ui.o [1]
    .data                inited   0x2000'0314      0x2  lcd_ui.o [1]
    .data                inited   0x2000'0316      0x1  lcd_ui.o [1]
    .data                inited   0x2000'0317      0x1  stm32f4xx_hal.o [1]
    .data                inited   0x2000'0318      0x1  tgui_defaultfuncs.o [1]
    .data                inited   0x2000'0319      0x1  tgui_filesscreenfuncs.o [1]
    .data                inited   0x2000'031a      0x1  z_endstops.o [1]
                                - 0x2000'031b    0x31b

"P2", part 2 of 3:                              0x659c
  .bss                   zero     0x2000'031c   0x1038  fatfs.o [1]
  .bss                   zero     0x2000'1354   0x1038  fatfs.o [1]
  .bss                   zero     0x2000'238c    0x830  tgui_filesscreenfuncs.o [1]
  .bss                   zero     0x2000'2bbc    0x498  tgui.o [1]
  .bss                   zero     0x2000'3054    0x400  main.o [1]
  .bss                   zero     0x2000'3454    0x400  main.o [1]
  .bss                   zero     0x2000'3854    0x400  main.o [1]
  .bss                   zero     0x2000'3c54    0x400  z_planner.o [1]
  .bss                   zero     0x2000'4054    0x3d8  usb_host.o [1]
  .bss                   zero     0x2000'442c    0x39c  tgui.o [1]
  .bss                   zero     0x2000'47c8    0x348  tgui.o [1]
  .bss                   zero     0x2000'4b10    0x348  tgui.o [1]
  .bss                   zero     0x2000'4e58    0x348  tgui.o [1]
  .bss                   zero     0x2000'51a0    0x2c4  usbh_conf.o [1]
  .bss                   zero     0x2000'5464    0x224  main.o [1]
  .bss                   zero     0x2000'5688    0x200  ff.o [1]
  .bss                   zero     0x2000'5888    0x200  main.o [1]
  .bss                   zero     0x2000'5a88    0x1d8  dlmalloc.o [2]
  .bss                   zero     0x2000'5c60    0x150  tgui.o [1]
  .bss                   zero     0x2000'5db0    0x100  sys_timer.o [1]
  .bss                   zero     0x2000'5eb0     0xfc  tgui.o [1]
  .bss                   zero     0x2000'5fac     0xfc  tgui.o [1]
  .bss                   zero     0x2000'60a8     0x80  fst_spi.o [1]
  .bss                   zero     0x2000'6128     0x80  fst_spi.o [1]
  .bss                   zero     0x2000'61a8     0x60  fst_spi.o [1]
  .bss                   zero     0x2000'6208     0x60  fst_spi.o [1]
  .bss                   zero     0x2000'6268     0x60  fst_spi.o [1]
  .bss                   zero     0x2000'62c8     0x60  fst_spi.o [1]
  .bss                   zero     0x2000'6328     0x60  fst_spi.o [1]
  .bss                   zero     0x2000'6388     0x60  lcd_low.o [1]
  .bss                   zero     0x2000'63e8     0x54  config.o [1]
  .bss                   zero     0x2000'643c     0x54  files_pws.o [1]
  .bss                   zero     0x2000'6490     0x50  fsmc.o [1]
  .bss                   zero     0x2000'64e0     0x40  tim.o [1]
  .bss                   zero     0x2000'6520     0x40  tim.o [1]
  .bss                   zero     0x2000'6560     0x34  main.o [1]
  .bss                   zero     0x2000'6594     0x30  files_pws.o [1]
  .bss                   zero     0x2000'65c4     0x30  tgui.o [1]
  .bss                   zero     0x2000'65f4     0x30  tgui.o [1]
  .bss                   zero     0x2000'6624     0x30  tgui.o [1]
  .bss                   zero     0x2000'6654     0x30  tgui.o [1]
  .bss                   zero     0x2000'6684     0x30  tgui.o [1]
  .bss                   zero     0x2000'66b4     0x30  tgui.o [1]
  .bss                   zero     0x2000'66e4     0x30  tgui.o [1]
  .bss                   zero     0x2000'6714     0x28  tgui.o [1]
  .bss                   zero     0x2000'673c     0x28  z_planner.o [1]
  .bss                   zero     0x2000'6764     0x20  rtc.o [1]
  .bss                   zero     0x2000'6784     0x1c  files_pws.o [1]
  .bss                   zero     0x2000'67a0     0x18  dlmalloc.o [2]
  .bss                   zero     0x2000'67b8     0x10  config.o [1]
  .bss                   zero     0x2000'67c8     0x10  ff_gen_drv.o [1]
  .bss                   zero     0x2000'67d8     0x10  touch.o [1]
  .bss                   zero     0x2000'67e8      0xc  spi_flash.o [1]
  .bss                   zero     0x2000'67f4      0x8  fatfs.o [1]
  .bss                   zero     0x2000'67fc      0x8  fatfs.o [1]
  .bss                   zero     0x2000'6804      0x8  ff.o [1]
  .bss                   zero     0x2000'680c      0x4  cpld_utils.o [1]
  .bss                   zero     0x2000'6810      0x4  fsmc.o [1]
  .bss                   zero     0x2000'6814      0x4  motor.o [1]
  .bss                   zero     0x2000'6818      0x4  prtfiles.o [1]
  .bss                   zero     0x2000'681c      0x4  spi_flash.o [1]
  .bss                   zero     0x2000'6820      0x4  spi_flash.o [1]
  .bss                   zero     0x2000'6824      0x4  stm32f4xx_hal.o [1]
  .bss                   zero     0x2000'6828      0x4  stm32f4xx_ll_usb.o [1]
  .bss                   zero     0x2000'682c      0x4  tgui.o [1]
  .bss                   zero     0x2000'6830      0x4  touch.o [1]
  .bss                   zero     0x2000'6834      0x4  z_planner.o [1]
  .bss                   zero     0x2000'6838      0x4  z_planner.o [1]
  .bss                   zero     0x2000'683c      0x4  z_planner.o [1]
  .bss                   zero     0x2000'6840      0x4  z_planner.o [1]
  .bss                   zero     0x2000'6844      0x4  z_planner.o [1]
  .bss                   zero     0x2000'6848      0x4  z_planner.o [1]
  .bss                   zero     0x2000'684c      0x4  z_planner.o [1]
  .bss                   zero     0x2000'6850      0x4  z_stepper.o [1]
  .bss                   zero     0x2000'6854      0x4  z_stepper.o [1]
  .bss                   zero     0x2000'6858      0x4  z_stepper.o [1]
  .bss                   zero     0x2000'685c      0x4  z_stepper.o [1]
  .bss                   zero     0x2000'6860      0x4  z_stepper.o [1]
  .bss                   zero     0x2000'6864      0x4  z_stepper.o [1]
  .bss                   zero     0x2000'6868      0x4  z_stepper.o [1]
  .bss                   zero     0x2000'686c      0x4  z_stepper.o [1]
  .bss                   zero     0x2000'6870      0x4  z_stepper.o [1]
  .bss                   zero     0x2000'6874      0x4  z_stepper.o [1]
  .bss                   zero     0x2000'6878      0x4  z_stepper.o [1]
  .bss                   zero     0x2000'687c      0x4  z_stepper.o [1]
  .bss                   zero     0x2000'6880      0x4  z_stepper.o [1]
  .bss                   zero     0x2000'6884      0x4  z_stepper.o [1]
  .bss                   zero     0x2000'6888      0x4  xfail_s.o [2]
  .bss                   zero     0x2000'688c      0x4  xgetmemchunk.o [2]
  .bss                   zero     0x2000'6890      0x2  ff.o [1]
  .bss                   zero     0x2000'6892      0x2  lcd_low.o [1]
  .bss                   zero     0x2000'6894      0x2  lcd_ui.o [1]
  .bss                   zero     0x2000'6896      0x2  lcd_ui.o [1]
  .bss                   zero     0x2000'6898      0x2  lcd_ui.o [1]
  .bss                   zero     0x2000'689a      0x2  z_planner.o [1]
  .bss                   zero     0x2000'689c      0x1  fatfs.o [1]
  .bss                   zero     0x2000'689d      0x1  fatfs.o [1]
  .bss                   zero     0x2000'689e      0x1  main.o [1]
  .bss                   zero     0x2000'689f      0x1  main.o [1]
  .bss                   zero     0x2000'68a0      0x1  main.o [1]
  .bss                   zero     0x2000'68a1      0x1  main.o [1]
  .bss                   zero     0x2000'68a2      0x1  main.o [1]
  .bss                   zero     0x2000'68a3      0x1  prtfiles.o [1]
  .bss                   zero     0x2000'68a4      0x1  tgui_defaultfuncs.o [1]
  .bss                   zero     0x2000'68a5      0x1  tgui_filesscreenfuncs.o [1]
  .bss                   zero     0x2000'68a6      0x1  tgui_filesscreenfuncs.o [1]
  .bss                   zero     0x2000'68a7      0x1  tgui_filesscreenfuncs.o [1]
  .bss                   zero     0x2000'68a8      0x1  tgui_filesscreenfuncs.o [1]
  .bss                   zero     0x2000'68a9      0x1  usb_host.o [1]
  .bss                   zero     0x2000'68aa      0x1  z_endstops.o [1]
  .bss                   zero     0x2000'68ab      0x1  z_endstops.o [1]
  .bss                   zero     0x2000'68ac      0x1  z_planner.o [1]
  .bss                   zero     0x2000'68ad      0x1  z_planner.o [1]
  .bss                   zero     0x2000'68ae      0x1  z_planner.o [1]
  .bss                   zero     0x2000'68af      0x1  z_planner.o [1]
  .bss                   zero     0x2000'68b0      0x1  z_planner.o [1]
  .bss                   zero     0x2000'68b1      0x1  z_planner.o [1]
  .bss                   zero     0x2000'68b2      0x1  z_stepper.o [1]
  .bss                   zero     0x2000'68b3      0x1  z_stepper.o [1]
  .bss                   zero     0x2000'68b4      0x1  z_stepper.o [1]
  .bss                   zero     0x2000'68b5      0x1  z_stepper.o [1]
  .bss                   zero     0x2000'68b6      0x1  z_stepper.o [1]
                                - 0x2000'68b7   0x659b

"P2", part 3 of 3:                              0x7200
  .noinit                uninit   0x2000'68b8   0x1000  tgui.o [1]
  .noinit                uninit   0x2000'78b8    0x200  tgui.o [1]
  CSTACK                          0x2000'7ab8   0x4000  <Block>
    CSTACK               uninit   0x2000'7ab8   0x4000  <Block tail>
  HEAP                            0x2000'bab8   0x2000  <Block>
    HEAP                 uninit   0x2000'bab8   0x2000  <Block tail>
                                - 0x2000'dab8   0x7200

Unused ranges:

         From           To      Size
         ----           --      ----
   0x802'e744   0x807'ffff  0x5'18bc
  0x1000'7478  0x1000'ffff    0x8b88
  0x2000'031b  0x2000'031b       0x1
  0x2000'dab8  0x2001'ffff  0x1'2548


*******************************************************************************
*** INIT TABLE
***

          Address      Size
          -------      ----
Zero (__iar_zero_init3)
    1 destination range, total size 0x659b:
          0x2000'031c  0x659b

Copy/lz77 (__iar_lz77_init_single3)
    1 source range, total size 0xc0 (24% of destination):
           0x802'e684    0xc0
    1 destination range, total size 0x31b:
          0x2000'0000   0x31b

Extra (__iar_cstart_call_ctors)



*******************************************************************************
*** MODULE SUMMARY
***

    Module                   ro code  ro data  rw data
    ------                   -------  -------  -------
command line/config:
    --------------------------------------------------
    Total:

D:\Electronics\Projects\MKS_DLP_new\SRC\firmware\MKSDLP_Alter_Debug\Obj: [1]
    config.o                     188               100
    cpld_utils.o                 162                 4
    datetime.o                   148
    diskio.o                     176
    fatfs.o                      344             8 322
    ff.o                      11 008      272      522
    ff_gen_drv.o                  84                16
    ffunicode.o                  324      944
    files_pws.o                  924       28      160
    fnt12.o                             2 038       12
    fnt12bold.o                         2 251       12
    fnt18.o                             4 071       12
    fnt18bold.o                         4 619       12
    fnt24.o                             6 815       12
    fnt24bold.o                         8 663       12
    fsmc.o                       276                84
    fst_spi.o                  1 360               736
    gpio.o                       652
    languages.o                   64    1 217       20
    lcd_low.o                  1 292                98
    lcd_ui.o                   2 884        3       17
    main.o                     2 446      532   28 845
    motor.o                      508                 4
    prtfiles.o                    76                 5
    rtc.o                        200        4       32
    spi_flash.o                  804                20
    spifl_diskio.o               300       20
    ssd_utils.o                1 408
    startup_stm32f407xx.o        412
    stm32f4xx_hal.o              180        1        9
    stm32f4xx_hal_cortex.o       300
    stm32f4xx_hal_dma.o        1 112        8
    stm32f4xx_hal_gpio.o         594
    stm32f4xx_hal_hcd.o        4 192
    stm32f4xx_hal_msp.o           64
    stm32f4xx_hal_rcc.o        1 416
    stm32f4xx_hal_rcc_ex.o       336
    stm32f4xx_hal_rtc.o        1 048
    stm32f4xx_hal_spi.o        1 532
    stm32f4xx_hal_sram.o          92
    stm32f4xx_hal_tim.o        1 930
    stm32f4xx_hal_tim_ex.o       172
    stm32f4xx_it.o               156
    stm32f4xx_ll_fsmc.o          228
    stm32f4xx_ll_usb.o         2 500                 4
    sys_timer.o                  288               256
    system_stm32f4xx.o            32       17        4
    tgui.o                    10 116    1 036   15 608
    tgui_defaultfuncs.o        2 720       16        2
    tgui_filesscreenfuncs.o    3 456      171    2 613
    tgui_infoscreenfuncs.o       200       56
    tgui_langscreenfuncs.o        14
    tgui_messagebox.o          1 246
    tgui_movezscreenfuncs.o      844        1        4
    tim.o                        488        8      128
    touch.o                      628                20
    unicode_utils.o              640
    usb_host.o                   140               985
    usbh_conf.o                  760               708
    usbh_core.o                1 950
    usbh_ctlreq.o              1 468
    usbh_diskio.o                324       20
    usbh_ioreq.o                 208
    usbh_msc.o                 2 228       12       32
    usbh_msc_bot.o               916
    usbh_msc_scsi.o            1 002
    usbh_pipes.o                 182
    usbh_platform.o               32
    uvdisplay.o                   12
    z_endstops.o                 264        1        3
    z_planner.o                4 176        4    1 100
    z_stepper.o                1 684        1       65
    --------------------------------------------------
    Total:                    77 910   32 829   60 598

dl7M_tlf.a: [2]
    abort.o                        6
    cppinit.o                     24
    dlmalloc.o                 5 344               496
    exit.o                         4
    heaptramp0.o                   4
    low_level_init.o               4
    sprintf.o                     64
    strcat.o                      30
    xencoding_8859_1.o            30
    xfail_s.o                     64                 4
    xgetmemchunk.o                44                 4
    xlocale_c.o                  120       37      128
    xmbcurmax.o                   10
    xprintffull.o              3 910
    xsprout.o                     10
    --------------------------------------------------
    Total:                     9 668       37      632

dlpp7M_tl_fc.a: [3]
    --------------------------------------------------
    Total:

m7M_tls.a: [4]
    DblAdd.o                     362
    DblCmpGe.o                    46
    DblCmpLe.o                    46
    DblDiv.o                     582
    DblMul.o                     418
    DblSub.o                     226
    DblToFlt.o                   104
    DblToS32.o                    58
    DblToU32.o                    40
    FltToDbl.o                    72
    S32ToDbl.o                    34
    U32ToDbl.o                    26
    ceilf.o                       60
    floorf.o                      60
    fpinit_M.o                    34
    frexp.o                      112
    ldexp.o                      314
    lroundf.o                     46
    sqrtf.o                       30
    --------------------------------------------------
    Total:                     2 670

rt7M_tl.a: [5]
    ABImemclr4.o                   6
    ABImemcpy.o                  166
    ABImemset.o                  102
    ABImemset48.o                 50
    I64DivMod.o                  560
    cexit.o                       10
    cmain.o                       30
    cmain_call_ctors.o            32
    cstartup_M.o                  12
    data_init.o                   40
    lz77_init_single.o           122
    memchr.o                      88
    strchr.o                      22
    strcmp.o                      18
    strcpy.o                      24
    strlen.o                      54
    strncpy.o                    112
    zero_init3.o                  58
    --------------------------------------------------
    Total:                     1 506

shb_l.a: [6]
    exit.o                        20
    unwind_debug.o                          1
    --------------------------------------------------
    Total:                        20        1

    Gaps                          53       10
    Linker created                         36   24 576
------------------------------------------------------
    Grand Total:              91 827   32 913   85 806


*******************************************************************************
*** ENTRY LIST
***

Entry                       Address    Size  Type      Object
-----                       -------    ----  ----      ------
.iar.init_table$$Base    0x802'dcf8           --   Gb  - Linker created -
.iar.init_table$$Limit   0x802'dd1c           --   Gb  - Linker created -
?main                    0x802'dd95          Code  Gb  cmain.o [5]
AHBPrescTable            0x802'e214    0x10  Data  Gb  system_stm32f4xx.o [1]
Appli_state             0x2000'68a9     0x1  Data  Gb  usb_host.o [1]
Appli_state_old         0x2000'689e     0x1  Data  Gb  main.o [1]
BusFault_Handler         0x802'd943     0x2  Code  Gb  stm32f4xx_it.o [1]
CFG_Init()               0x801'c6ed    0xbc  Code  Gb  config.o [1]
CPLD_Init()              0x801'f519     0x2  Code  Gb  cpld_utils.o [1]
CSTACK$$Base            0x2000'7ab8           --   Gb  - Linker created -
CSTACK$$Limit           0x2000'bab8           --   Gb  - Linker created -
CacheMore                0x801'a0b1    0x24  Code  Lc  xlocale_c.o [2]
DMA1_Stream3_IRQHandler
                         0x802'd955     0xa  Code  Gb  stm32f4xx_it.o [1]
DMA1_Stream4_IRQHandler
                         0x802'd95f     0xa  Code  Gb  stm32f4xx_it.o [1]
DMA2_Stream2_IRQHandler
                         0x802'd97d     0xa  Code  Gb  stm32f4xx_it.o [1]
DMA2_Stream5_IRQHandler
                         0x802'd987     0xa  Code  Gb  stm32f4xx_it.o [1]
DMA2_Stream7_IRQHandler
                         0x802'd973     0xa  Code  Gb  stm32f4xx_it.o [1]
DMA_CalcBaseAndBitshift
                         0x801'996b    0x30  Code  Lc  stm32f4xx_hal_dma.o [1]
DMA_CalcBaseAndBitshift::flagBitshiftOffset
                         0x802'e4b4     0x8  Data  Lc  stm32f4xx_hal_dma.o [1]
DMA_CheckFifoParam       0x801'99a9    0x88  Code  Lc  stm32f4xx_hal_dma.o [1]
DMA_SetConfig            0x801'993d    0x2e  Code  Lc  stm32f4xx_hal_dma.o [1]
DTIME_GetDateTime(DATETIME_STRUCT *)
                         0x801'6ee3    0x76  Code  Gb  datetime.o [1]
DTIME_GetMinutes()       0x801'6ecd    0x16  Code  Gb  datetime.o [1]
DeInitStateMachine       0x801'faed    0x66  Code  Lc  usbh_core.o [1]
DebugMon_Handler         0x802'd949     0x2  Code  Gb  stm32f4xx_it.o [1]
DeviceCode              0x2000'6892     0x2  Data  Gb  lcd_low.o [1]
EXTI0_IRQHandler         0x802'd9bd     0xe  Code  Gb  stm32f4xx_it.o [1]
EXTI2_IRQHandler         0x802'd9cb     0xe  Code  Gb  stm32f4xx_it.o [1]
Endstops::disable()      0x801'f459    0x20  Code  Gb  motor.o [1]
Endstops::enable()       0x801'f401    0x14  Code  Gb  motor.o [1]
Endstops::enabled       0x2000'031a     0x1  Data  Gb  z_endstops.o [1]
Endstops::hit_state     0x2000'68aa     0x1  Data  Gb  z_endstops.o [1]
Endstops::init()         0x801'd5d9    0x2a  Code  Gb  z_endstops.o [1]
Endstops::live_state    0x2000'68ab     0x1  Data  Gb  z_endstops.o [1]
Endstops::state()        0x801'f415     0xc  Code  Gb  z_endstops.o [1]
Endstops::update()       0x801'd603    0x9c  Code  Gb  z_endstops.o [1]
EndstopsInterrupt        0x801'd5d1     0x8  Code  Gb  z_endstops.o [1]
Error_Handler            0x801'b581     0x2  Code  Gb  main.o [1]
ExCvt                    0x802'd9d8    0x80  Data  Lc  ff.o [1]
FATFS_DelFileExtensionUTF
                         0x801'2f95    0x20  Code  Gb  fatfs.o [1]
FATFS_GetFileExtension   0x801'2ee9    0x4a  Code  Gb  fatfs.o [1]
FATFS_GetFileExtensionUTF
                         0x801'2f33    0x62  Code  Gb  fatfs.o [1]
FATFS_Init               0x801'2e7d    0x1c  Code  Gb  fatfs.o [1]
FATFS_LinkDriver         0x801'3019     0xa  Code  Gb  ff_gen_drv.o [1]
FATFS_LinkDriverEx       0x801'2fd5    0x44  Code  Gb  ff_gen_drv.o [1]
FLASH_SPIEnable          0x801'9e0f   0x188  Code  Gb  fst_spi.o [1]
FLASH_SPIGetSpeed        0x801'9fb3     0xc  Code  Gb  fst_spi.o [1]
FLASH_SPIInit            0x801'9dab    0x64  Code  Gb  fst_spi.o [1]
FLASH_SPIReadBuff        0x801'9fe5    0x40  Code  Gb  fst_spi.o [1]
FLASH_SPIReadBuffDMA     0x801'a025    0x36  Code  Gb  fst_spi.o [1]
FLASH_SPISetSpeed        0x801'9f97    0x1c  Code  Gb  fst_spi.o [1]
FLASH_SPIWriteReadByte   0x801'9fbf    0x26  Code  Gb  fst_spi.o [1]
FPWS_DrawPreview(FIL *, TG_RECT *)
                         0x802'a875   0x274  Code  Gb  files_pws.o [1]
FPWS_GetPreviewDataOffset()
                         0x802'a853    0x12  Code  Gb  files_pws.o [1]
FPWS_GetPreviewHeight()
                         0x802'a86d     0x8  Code  Gb  files_pws.o [1]
FPWS_GetPreviewWidth()   0x802'a865     0x8  Code  Gb  files_pws.o [1]
FPWS_ReadFileInfo(FIL *)
                         0x802'a76d    0xe6  Code  Gb  files_pws.o [1]
FSMC_Initialized        0x2000'6810     0x4  Data  Lc  fsmc.o [1]
FSMC_NORSRAM_Extended_Timing_Init
                         0x801'c019    0x40  Code  Gb  stm32f4xx_ll_fsmc.o [1]
FSMC_NORSRAM_Init        0x801'bf7d    0x58  Code  Gb  stm32f4xx_ll_fsmc.o [1]
FSMC_NORSRAM_Timing_Init
                         0x801'bfd5    0x44  Code  Gb  stm32f4xx_ll_fsmc.o [1]
FatFs                   0x2000'6804     0x8  Data  Lc  ff.o [1]
Fsid                    0x2000'6890     0x2  Data  Lc  ff.o [1]
GPIO_Init                0x801'c095   0x28c  Code  Gb  gpio.o [1]
HAL_DMA_GetState         0x801'9937     0x6  Code  Gb  stm32f4xx_hal_dma.o [1]
HAL_DMA_IRQHandler       0x801'972d   0x20a  Code  Gb  stm32f4xx_hal_dma.o [1]
HAL_DMA_Init             0x801'95d9    0xe0  Code  Gb  stm32f4xx_hal_dma.o [1]
HAL_DMA_Start_IT         0x801'96b9    0x74  Code  Gb  stm32f4xx_hal_dma.o [1]
HAL_Delay                0x801'949d    0x28  Code  Wk  stm32f4xx_hal.o [1]
HAL_FSMC_MspInit         0x801'9547    0x70  Code  Gb  fsmc.o [1]
HAL_GPIO_EXTI_IRQHandler
                         0x801'b77b    0x1c  Code  Gb  stm32f4xx_hal_gpio.o [1]
HAL_GPIO_Init            0x801'b585   0x1d0  Code  Gb  stm32f4xx_hal_gpio.o [1]
HAL_GPIO_ReadPin         0x801'b755    0x12  Code  Gb  stm32f4xx_hal_gpio.o [1]
HAL_GPIO_WritePin        0x801'b767    0x14  Code  Gb  stm32f4xx_hal_gpio.o [1]
HAL_GetTick              0x801'34f1     0xc  Code  Wk  stm32f4xx_hal.o [1]
HAL_HCD_Connect_Callback
                         0x802'06f3     0xc  Code  Gb  usbh_conf.o [1]
HAL_HCD_Disconnect_Callback
                         0x802'06ff     0xc  Code  Gb  usbh_conf.o [1]
HAL_HCD_GetCurrentFrame
                         0x802'151d     0xa  Code  Gb  stm32f4xx_hal_hcd.o [1]
HAL_HCD_GetCurrentSpeed
                         0x802'1527     0xa  Code  Gb  stm32f4xx_hal_hcd.o [1]
HAL_HCD_HC_GetURBState   0x802'1503     0xe  Code  Gb  stm32f4xx_hal_hcd.o [1]
HAL_HCD_HC_GetXferCount
                         0x802'1511     0xc  Code  Gb  stm32f4xx_hal_hcd.o [1]
HAL_HCD_HC_Halt          0x802'114d    0x2c  Code  Gb  stm32f4xx_hal_hcd.o [1]
HAL_HCD_HC_Init          0x802'1083    0xca  Code  Gb  stm32f4xx_hal_hcd.o [1]
HAL_HCD_HC_NotifyURBChange_Callback
                         0x802'070b     0x2  Code  Gb  usbh_conf.o [1]
HAL_HCD_HC_SubmitRequest
                         0x802'1179   0x1f8  Code  Gb  stm32f4xx_hal_hcd.o [1]
HAL_HCD_IRQHandler       0x802'1371   0x134  Code  Gb  stm32f4xx_hal_hcd.o [1]
HAL_HCD_Init             0x802'100d    0x76  Code  Gb  stm32f4xx_hal_hcd.o [1]
HAL_HCD_MspInit          0x802'0665    0x82  Code  Gb  usbh_conf.o [1]
HAL_HCD_PortDisabled_Callback
                         0x802'0719     0xc  Code  Gb  usbh_conf.o [1]
HAL_HCD_PortEnabled_Callback
                         0x802'070d     0xc  Code  Gb  usbh_conf.o [1]
HAL_HCD_ResetPort        0x802'14f9     0xa  Code  Gb  stm32f4xx_hal_hcd.o [1]
HAL_HCD_SOF_Callback     0x802'06e7     0xc  Code  Gb  usbh_conf.o [1]
HAL_HCD_Start            0x802'14a5    0x2e  Code  Gb  stm32f4xx_hal_hcd.o [1]
HAL_HCD_Stop             0x802'14d3    0x26  Code  Gb  stm32f4xx_hal_hcd.o [1]
HAL_IncTick              0x801'6dad    0x58  Code  Gb  sys_timer.o [1]
HAL_Init                 0x801'c061    0x30  Code  Gb  stm32f4xx_hal.o [1]
HAL_InitTick             0x801'd525    0x4c  Code  Wk  stm32f4xx_hal.o [1]
HAL_MspInit              0x801'd571    0x40  Code  Gb  stm32f4xx_hal_msp.o [1]
HAL_NVIC_EnableIRQ       0x801'9b29     0xa  Code  Gb  stm32f4xx_hal_cortex.o [1]
HAL_NVIC_SetPriority     0x801'9b07    0x22  Code  Gb  stm32f4xx_hal_cortex.o [1]
HAL_NVIC_SetPriorityGrouping
                         0x801'9aff     0x8  Code  Gb  stm32f4xx_hal_cortex.o [1]
HAL_RCCEx_PeriphCLKConfig
                         0x801'd3c1   0x12c  Code  Gb  stm32f4xx_hal_rcc_ex.o [1]
HAL_RCC_ClockConfig      0x801'd1ed   0x13a  Code  Gb  stm32f4xx_hal_rcc.o [1]
HAL_RCC_GetSysClockFreq
                         0x801'd341    0x80  Code  Wk  stm32f4xx_hal_rcc.o [1]
HAL_RCC_OscConfig        0x801'ce39   0x3b4  Code  Wk  stm32f4xx_hal_rcc.o [1]
HAL_RTC_GetDate          0x801'3343    0x4e  Code  Gb  stm32f4xx_hal_rtc.o [1]
HAL_RTC_GetTime          0x801'31fb    0x62  Code  Gb  stm32f4xx_hal_rtc.o [1]
HAL_RTC_Init             0x801'3029    0xcc  Code  Gb  stm32f4xx_hal_rtc.o [1]
HAL_RTC_SetDate          0x801'325d    0xe6  Code  Gb  stm32f4xx_hal_rtc.o [1]
HAL_RTC_SetTime          0x801'30f5   0x106  Code  Gb  stm32f4xx_hal_rtc.o [1]
HAL_RTC_WaitForSynchro   0x801'339d    0x36  Code  Gb  stm32f4xx_hal_rtc.o [1]
HAL_SPI_Init             0x801'b7d9    0xca  Code  Gb  stm32f4xx_hal_spi.o [1]
HAL_SPI_Receive_DMA      0x801'b8c9   0x106  Code  Gb  stm32f4xx_hal_spi.o [1]
HAL_SPI_TransmitReceive_DMA
                         0x801'b9cf   0x156  Code  Gb  stm32f4xx_hal_spi.o [1]
HAL_SPI_TxRxCpltCallback
                         0x801'9b5d    0x1e  Code  Gb  fst_spi.o [1]
HAL_SRAM_Init            0x801'ab99    0x5c  Code  Gb  stm32f4xx_hal_sram.o [1]
HAL_SRAM_MspInit         0x801'95b7     0x8  Code  Gb  fsmc.o [1]
HAL_SYSTICK_Config       0x801'9b33     0x8  Code  Gb  stm32f4xx_hal_cortex.o [1]
HAL_TIMEx_MasterConfigSynchronization
                         0x802'05b9    0x8c  Code  Gb  stm32f4xx_hal_tim_ex.o [1]
HAL_TIM_Base_Init        0x801'ec75    0x38  Code  Gb  stm32f4xx_hal_tim.o [1]
HAL_TIM_Base_MspInit     0x801'ebb1    0x56  Code  Gb  tim.o [1]
HAL_TIM_Base_Start_IT    0x801'ecad    0x28  Code  Gb  stm32f4xx_hal_tim.o [1]
HAL_TIM_Base_Stop_IT     0x801'ecd5    0x34  Code  Gb  stm32f4xx_hal_tim.o [1]
HAL_TIM_ConfigClockSource
                         0x801'f00f    0xe8  Code  Gb  stm32f4xx_hal_tim.o [1]
HAL_TIM_IRQHandler       0x801'ed9d   0x176  Code  Gb  stm32f4xx_hal_tim.o [1]
HAL_TIM_MspPostInit      0x801'ec07    0x4e  Code  Gb  tim.o [1]
HAL_TIM_PWM_ConfigChannel
                         0x801'ef13    0xfc  Code  Gb  stm32f4xx_hal_tim.o [1]
HAL_TIM_PWM_Init         0x801'ed09    0x38  Code  Gb  stm32f4xx_hal_tim.o [1]
HAL_TIM_PWM_Start        0x801'ed41    0x54  Code  Gb  stm32f4xx_hal_tim.o [1]
HCD_HC_IN_IRQHandler     0x802'1531   0x55e  Code  Lc  stm32f4xx_hal_hcd.o [1]
HCD_HC_OUT_IRQHandler    0x802'1a8f   0x478  Code  Lc  stm32f4xx_hal_hcd.o [1]
HCD_Port_IRQHandler      0x802'1fc5    0xa8  Code  Lc  stm32f4xx_hal_hcd.o [1]
HCD_RXQLVL_IRQHandler    0x802'1f07    0xba  Code  Lc  stm32f4xx_hal_hcd.o [1]
HEAP$$Base              0x2000'bab8           --   Gb  - Linker created -
HEAP$$Limit             0x2000'dab8           --   Gb  - Linker created -
HardFault_Handler        0x802'd93f     0x2  Code  Gb  stm32f4xx_it.o [1]
IsrStepperHandler        0x801'e5a7    0x1c  Code  Gb  z_stepper.o [1]
LANG_GetLanduagesCount()
                         0x801'68c1     0x4  Code  Gb  languages.o [1]
LANG_GetLanguageName(unsigned char)
                         0x801'688f    0x16  Code  Gb  languages.o [1]
LANG_GetString(LNG_STRING_ID)
                         0x801'6885     0xa  Code  Gb  languages.o [1]
LANG_SetLanguage(unsigned char)
                         0x801'68a5    0x10  Code  Gb  languages.o [1]
LCDUI_Clear()            0x801'71bf     0xe  Code  Gb  lcd_ui.o [1]
LCDUI_DrawChar(char, unsigned short, short, short)
                         0x801'7651   0x18a  Code  Gb  lcd_ui.o [1]
LCDUI_DrawFastHLine(short, short, short)
                         0x801'726d    0x64  Code  Gb  lcd_ui.o [1]
LCDUI_DrawFastVLine(short, short, short)
                         0x801'7209    0x64  Code  Gb  lcd_ui.o [1]
LCDUI_DrawPixel(unsigned short, unsigned short)
                         0x801'71cd    0x3c  Code  Gb  lcd_ui.o [1]
LCDUI_DrawRoundRect(short, short, short, short, short)
                         0x801'734f    0xea  Code  Gb  lcd_ui.o [1]
LCDUI_DrawText(char *, unsigned short, short, short, short, short, TSIZE *)
                         0x801'77db   0x2ce  Code  Gb  lcd_ui.o [1]
LCDUI_FillRect(short, short, short, short)
                         0x801'72d1    0x7e  Code  Gb  lcd_ui.o [1]
LCDUI_FillRoundRect(short, short, short, short, short)
                         0x801'7439    0x82  Code  Gb  lcd_ui.o [1]
LCDUI_GetCurrentBackColor()
                         0x801'71b7     0x8  Code  Gb  lcd_ui.o [1]
LCDUI_GetCurrentColor()
                         0x801'71af     0x8  Code  Gb  lcd_ui.o [1]
LCDUI_GetCurrentFontHeight()
                         0x801'7647     0xa  Code  Gb  lcd_ui.o [1]
LCDUI_GetTextWidth(char *)
                         0x801'760d    0x3a  Code  Gb  lcd_ui.o [1]
LCDUI_Init()             0x801'6fa1    0x42  Code  Gb  lcd_ui.o [1]
LCDUI_SetBackColor(unsigned short)
                         0x801'7183     0xe  Code  Gb  lcd_ui.o [1]
LCDUI_SetColor(unsigned short)
                         0x801'7175     0xe  Code  Gb  lcd_ui.o [1]
LCDUI_SetCursorCoord(short, short)
                         0x801'7191    0x1e  Code  Gb  lcd_ui.o [1]
LCDUI_SetFont(LCDUI_FONT_TYPE)
                         0x801'7597    0x76  Code  Gb  lcd_ui.o [1]
LCD_BackLight            0x801'7fb5    0x1a  Code  Gb  lcd_low.o [1]
LCD_Clear                0x801'7f81    0x34  Code  Gb  lcd_low.o [1]
LCD_CtrlLinesConfig      0x801'7ae5    0x9a  Code  Gb  lcd_low.o [1]
LCD_FSMCConfig           0x801'7b7f     0x8  Code  Gb  lcd_low.o [1]
LCD_Initializtion        0x801'7c25   0x256  Code  Gb  lcd_low.o [1]
LCD_ReadRAM              0x801'7bfb     0xa  Code  Gb  lcd_low.o [1]
LCD_ReadReg              0x801'7ba1     0xa  Code  Gb  lcd_low.o [1]
LCD_Read_ID              0x801'7c05    0x20  Code  Gb  lcd_low.o [1]
LCD_SetCursor            0x801'7e7b    0x60  Code  Gb  lcd_low.o [1]
LCD_SetWindows           0x801'7edb    0xa6  Code  Gb  lcd_low.o [1]
LCD_WaitDMAReady         0x801'7beb    0x10  Code  Gb  lcd_low.o [1]
LCD_WriteCmd             0x801'7bab     0x8  Code  Gb  lcd_low.o [1]
LCD_WriteRAM             0x801'7bbd     0x8  Code  Gb  lcd_low.o [1]
LCD_WriteRAM_DMA         0x801'7bc5    0x26  Code  Gb  lcd_low.o [1]
LCD_WriteRAM_Prepare     0x801'7bb3     0xa  Code  Gb  lcd_low.o [1]
LCD_WriteReg             0x801'7b93     0xe  Code  Gb  lcd_low.o [1]
LCD_X_Init               0x801'7b87     0xc  Code  Gb  lcd_low.o [1]
LfnBuf                  0x2000'5688   0x200  Data  Lc  ff.o [1]
LfnOfs                   0x802'e154    0x10  Data  Lc  ff.o [1]
LoadInt                  0x801'8717    0x7a  Code  Lc  xprintffull.o [2]
MIPI_Off()               0x801'fa37    0x2c  Code  Gb  ssd_utils.o [1]
MIPI_On()                0x801'fa63    0x2c  Code  Gb  ssd_utils.o [1]
MX_FSMC_Init             0x801'94c5    0x82  Code  Gb  fsmc.o [1]
MemManage_Handler        0x802'd941     0x2  Code  Gb  stm32f4xx_it.o [1]
NMI_Handler              0x802'd93d     0x2  Code  Gb  stm32f4xx_it.o [1]
NVIC_EncodePriority      0x801'9a95    0x3c  Code  Lc  stm32f4xx_hal_cortex.o [1]
OTG_FS_IRQHandler        0x802'd969     0xa  Code  Gb  stm32f4xx_it.o [1]
PFILE_DrawPreview(FIL *, TG_RECT *)
                         0x802'a717    0x14  Code  Gb  prtfiles.o [1]
PFILE_Init(FIL *, FILES_TYPE)
                         0x802'a6e9    0x2e  Code  Gb  prtfiles.o [1]
PendSV_Handler           0x802'd94b     0x2  Code  Gb  stm32f4xx_it.o [1]
Planner::Planner()       0x801'd6c1     0xe  Code  Gb  z_planner.o [1]
Planner::_buffer_steps(int, float, float)
                         0x801'dce3    0x68  Code  Gb  z_planner.o [1]
Planner::_populate_block(block_t *, bool, int, float, float)
                         0x801'dd7d   0x5f8  Code  Gb  z_planner.o [1]
Planner::_populate_block(block_t *, bool, int32_t, float, float)::previous_safe_speed
                        0x2000'684c     0x4  Data  Lc  z_planner.o [1]
Planner::block_buffer   0x2000'3c54   0x400  Data  Gb  z_planner.o [1]
Planner::block_buffer_head
                        0x2000'68ad     0x1  Data  Gb  z_planner.o [1]
Planner::block_buffer_nonbusy
                        0x2000'68ae     0x1  Data  Gb  z_planner.o [1]
Planner::block_buffer_planned
                        0x2000'68af     0x1  Data  Gb  z_planner.o [1]
Planner::block_buffer_tail
                        0x2000'68b0     0x1  Data  Gb  z_planner.o [1]
Planner::buffer_segment(float, float, float const &)
                         0x801'e3c1    0x46  Code  Gb  z_planner.o [1]
Planner::buffer_sync_block()
                         0x801'e379    0x42  Code  Gb  z_planner.o [1]
Planner::calculate_trapezoid_for_block(block_t *, float const &, float const &)
                         0x801'd76f   0x124  Code  Gb  z_planner.o [1]
Planner::cleaning_buffer_counter
                        0x2000'689a     0x2  Data  Gb  z_planner.o [1]
Planner::clear_block_buffer()
                         0x802'0255    0x24  Code  Gb  z_planner.o [1]
Planner::cutoff_long    0x2000'6840     0x4  Data  Gb  z_planner.o [1]
Planner::delay_before_delivering
                        0x2000'68b1     0x1  Data  Gb  z_planner.o [1]
Planner::endstop_triggered()
                         0x801'dcbf     0x8  Code  Gb  z_planner.o [1]
Planner::estimate_acceleration_distance(float, float, float)
                         0x802'02d5    0xac  Code  Gb  z_planner.o [1]
Planner::forward_pass()
                         0x801'dadb    0x54  Code  Gb  z_planner.o [1]
Planner::forward_pass_kernel(block_t const *, block_t *, unsigned char)
                         0x801'da4b    0x90  Code  Gb  z_planner.o [1]
Planner::get_current_block()
                         0x801'd6f7    0x78  Code  Gb  z_planner.o [1]
Planner::get_next_free_block(unsigned char &, unsigned char)
                         0x802'04f1    0x38  Code  Gb  z_planner.o [1]
Planner::has_blocks_queued()
                         0x801'f439    0x20  Code  Gb  z_stepper.o [1]
Planner::init()          0x801'd6cf    0x28  Code  Gb  z_planner.o [1]
Planner::intersection_distance(float, float, float, float)
                         0x802'03bd    0xbc  Code  Gb  z_planner.o [1]
Planner::max_acceleration_steps_per_s2
                        0x2000'6834     0x4  Data  Gb  z_planner.o [1]
Planner::max_allowable_speed_sqr(float, float, float)
                         0x802'0479    0x12  Code  Gb  z_planner.o [1]
Planner::moves_free()    0x802'0fe1     0xe  Code  Gb  z_planner.o [1]
Planner::movesplanned()
                         0x802'0279    0x18  Code  Gb  z_planner.o [1]
Planner::next_block_index(unsigned char)
                         0x802'0291     0x8  Code  Gb  z_stepper.o [1]
Planner::nonbusy_movesplanned()
                         0x802'0529    0x18  Code  Gb  z_planner.o [1]
Planner::position       0x2000'683c     0x4  Data  Gb  z_planner.o [1]
Planner::prev_block_index(unsigned char)
                         0x802'048b     0x8  Code  Gb  z_planner.o [1]
Planner::previous_nominal_speed_sqr
                        0x2000'6848     0x4  Data  Gb  z_planner.o [1]
Planner::previous_speed
                        0x2000'6844     0x4  Data  Gb  z_planner.o [1]
Planner::quick_stop()    0x801'dc8b    0x34  Code  Gb  z_planner.o [1]
Planner::recalculate()   0x801'dc67    0x24  Code  Gb  z_planner.o [1]
Planner::recalculate_trapezoids()
                         0x801'db39   0x12e  Code  Gb  z_planner.o [1]
Planner::refresh_positioning()
                         0x801'e46d    0x32  Code  Gb  z_planner.o [1]
Planner::release_current_block()
                         0x802'0ff1    0x1c  Code  Gb  z_stepper.o [1]
Planner::reset_acceleration_rates()
                         0x801'e439    0x34  Code  Gb  z_planner.o [1]
Planner::reverse_pass()
                         0x801'd9c9    0x82  Code  Gb  z_planner.o [1]
Planner::reverse_pass_kernel(block_t *, block_t const *)
                         0x801'd895   0x134  Code  Gb  z_planner.o [1]
Planner::set_machine_position_mm(float)
                         0x801'e407    0x2a  Code  Gb  z_planner.o [1]
Planner::set_position_mm(float)
                         0x801'e431     0x8  Code  Gb  z_planner.o [1]
Planner::settings       0x2000'673c    0x28  Data  Gb  z_planner.o [1]
Planner::steps_to_mm    0x2000'6838     0x4  Data  Gb  z_planner.o [1]
Planner::synchronize()   0x801'dcc7    0x1c  Code  Gb  z_planner.o [1]
RTC_Bcd2ToByte           0x801'3425    0x1a  Code  Gb  stm32f4xx_hal_rtc.o [1]
RTC_ByteToBcd2           0x801'340d    0x18  Code  Gb  stm32f4xx_hal_rtc.o [1]
RTC_Enable               0x801'c6c7    0x10  Code  Gb  rtc.o [1]
RTC_EnterInitMode        0x801'33d3    0x3a  Code  Gb  stm32f4xx_hal_rtc.o [1]
RTC_Init                 0x801'c625    0xa2  Code  Gb  rtc.o [1]
Region$$Table$$Base      0x802'dcf8           --   Gb  - Linker created -
Region$$Table$$Limit     0x802'dd1c           --   Gb  - Linker created -
SHT$$INIT_ARRAY$$Base    0x802'e680           --   Gb  - Linker created -
SHT$$INIT_ARRAY$$Limit   0x802'e684           --   Gb  - Linker created -
SHT$$PREINIT_ARRAY$$Base
                         0x802'e680           --   Gb  - Linker created -
SHT$$PREINIT_ARRAY$$Limit
                         0x802'e680           --   Gb  - Linker created -
SPIFL_Driver             0x802'e0b4    0x14  Data  Gb  spifl_diskio.o [1]
SPIFL_EraseSector        0x801'c4a9    0x52  Code  Gb  spi_flash.o [1]
SPIFL_Init               0x801'c397    0x42  Code  Gb  spi_flash.o [1]
SPIFL_ReadBuff           0x801'c431    0x78  Code  Gb  spi_flash.o [1]
SPIFL_ReadID             0x801'c3d9    0x58  Code  Gb  spi_flash.o [1]
SPIFL_WriteBuff          0x801'c4fb   0x118  Code  Gb  spi_flash.o [1]
SPIFL_initialize         0x802'd435    0x1c  Code  Gb  spifl_diskio.o [1]
SPIFL_ioctl              0x802'd505    0x56  Code  Gb  spifl_diskio.o [1]
SPIFL_read               0x802'd461    0x52  Code  Gb  spifl_diskio.o [1]
SPIFL_status             0x802'd451    0x10  Code  Gb  spifl_diskio.o [1]
SPIFL_write              0x802'd4b3    0x52  Code  Gb  spifl_diskio.o [1]
SPI_DMAError             0x801'bc19    0x24  Code  Lc  stm32f4xx_hal_spi.o [1]
SPI_DMAHalfReceiveCplt   0x801'bc01     0xa  Code  Lc  stm32f4xx_hal_spi.o [1]
SPI_DMAHalfTransmitReceiveCplt
                         0x801'bc0d     0xa  Code  Lc  stm32f4xx_hal_spi.o [1]
SPI_DMAReceiveCplt       0x801'bb25    0x78  Code  Lc  stm32f4xx_hal_spi.o [1]
SPI_DMATransmitReceiveCplt
                         0x801'bb9d    0x64  Code  Lc  stm32f4xx_hal_spi.o [1]
SPI_EndRxTransaction     0x801'bcdd    0x92  Code  Lc  stm32f4xx_hal_spi.o [1]
SPI_EndRxTxTransaction   0x801'bd6f    0x5a  Code  Lc  stm32f4xx_hal_spi.o [1]
SPI_WaitFlagStateUntilTimeout
                         0x801'bc3d    0xa0  Code  Lc  stm32f4xx_hal_spi.o [1]
SSD_Init()               0x801'f94d    0x94  Code  Gb  ssd_utils.o [1]
SSD_SleepIn()            0x801'f9e1    0x56  Code  Gb  ssd_utils.o [1]
SVC_Handler              0x802'd947     0x2  Code  Gb  stm32f4xx_it.o [1]
SYSTIMER_GetCountDown    0x801'6e7b    0x24  Code  Gb  sys_timer.o [1]
SYSTIMER_Init            0x801'6e05    0x2a  Code  Gb  sys_timer.o [1]
SYSTIMER_NewCountDown    0x801'6e2f    0x4c  Code  Gb  sys_timer.o [1]
[...]
_tgui_DrawFileCimgBackground(char *)
                         0x801'6111    0x98  Code  Gb  tgui_defaultfuncs.o [1]
_tgui_DrawFileRawImg(FIL *, short, short, unsigned short, unsigned short, unsigned int, unsigned char)
                         0x801'5f1b   0x1f6  Code  Gb  tgui_defaultfuncs.o [1]
_tgui_DrawStringInRect(char *, TG_RECT *, TG_TEXTOPTIONS *)
                         0x801'5e47    0xd4  Code  Gb  tgui_defaultfuncs.o [1]
_tgui_FilesBackButtonPress(void *, void *)
                         0x802'a429    0x28  Code  Gb  tgui_filesscreenfuncs.o [1]
_tgui_FilesDirNamePaint(void *, void *)
                         0x802'a223    0xa8  Code  Gb  tgui_filesscreenfuncs.o [1]
_tgui_FilesDownButtonPress(void *, void *)
                         0x802'a2cb    0xa2  Code  Gb  tgui_filesscreenfuncs.o [1]
_tgui_FilesDrawPreview(TG_RECT *, FILES_ITEM *)
                         0x802'9969    0x6c  Code  Gb  tgui_filesscreenfuncs.o [1]
_tgui_FilesFileButtonPaint(void *, void *)
                         0x802'9de9   0x140  Code  Gb  tgui_filesscreenfuncs.o [1]
_tgui_FilesFileButtonPress(void *, void *)
                         0x802'a5b1   0x106  Code  Gb  tgui_filesscreenfuncs.o [1]
_tgui_FilesListButtonPress(void *, void *)
                         0x802'a551    0x3e  Code  Gb  tgui_filesscreenfuncs.o [1]
_tgui_FilesListFileButtonPaint(void *, void *)
                         0x802'9f29   0x2fa  Code  Gb  tgui_filesscreenfuncs.o [1]
_tgui_FilesPrevButtonPress(void *, void *)
                         0x802'a451   0x100  Code  Gb  tgui_filesscreenfuncs.o [1]
_tgui_FilesReadDir()     0x802'99d9   0x2c6  Code  Gb  tgui_filesscreenfuncs.o [1]
_tgui_FilesScreenPaint(void *, void *)
                         0x802'9db9    0x30  Code  Gb  tgui_filesscreenfuncs.o [1]
_tgui_FilesScreenProcess(void *, void *)
                         0x802'9ca5   0x114  Code  Gb  tgui_filesscreenfuncs.o [1]
_tgui_FilesUpButtonPress(void *, void *)
                         0x802'a371    0xb8  Code  Gb  tgui_filesscreenfuncs.o [1]
_tgui_InfoScreenFansTimePaint(void *, void *)
                         0x802'd6bd    0x34  Code  Gb  tgui_infoscreenfuncs.o [1]
_tgui_InfoScreenLightTimePaint(void *, void *)
                         0x802'd689    0x34  Code  Gb  tgui_infoscreenfuncs.o [1]
_tgui_InfoScreenUIAuthorPaint(void *, void *)
                         0x802'd705    0x14  Code  Gb  tgui_infoscreenfuncs.o [1]
_tgui_InfoScreenURLPaint(void *, void *)
                         0x802'd6f1    0x14  Code  Gb  tgui_infoscreenfuncs.o [1]
_tgui_InfoScreenVersionPaint(void *, void *)
                         0x802'd661    0x28  Code  Gb  tgui_infoscreenfuncs.o [1]
_tgui_LanguageButtonPress(void *, void *)
                         0x802'e285     0xe  Code  Gb  tgui_langscreenfuncs.o [1]
_tgui_MovezBackButtonPress(void *, void *)
                         0x801'caed    0x26  Code  Gb  tgui_movezscreenfuncs.o [1]
_tgui_MovezDownButtonPress(void *, void *)
                         0x801'ccbf    0x9a  Code  Gb  tgui_movezscreenfuncs.o [1]
_tgui_MovezHomeButtonPress(void *, void *)
                         0x801'cb53    0x9c  Code  Gb  tgui_movezscreenfuncs.o [1]
_tgui_MovezScreenProcess(void *, void *)
                         0x801'ce31     0x8  Code  Gb  tgui_movezscreenfuncs.o [1]
_tgui_MovezSetZ0ButtonPress(void *, void *)
                         0x801'cd59    0x20  Code  Gb  tgui_movezscreenfuncs.o [1]
_tgui_MovezStepSelectButtonPress(void *, void *)
                         0x801'cbef    0x38  Code  Gb  tgui_movezscreenfuncs.o [1]
_tgui_MovezStopButtonPress(void *, void *)
                         0x801'cb13    0x40  Code  Gb  tgui_movezscreenfuncs.o [1]
_tgui_MovezUpButtonPress(void *, void *)
                         0x801'cc27    0x98  Code  Gb  tgui_movezscreenfuncs.o [1]
_tgui_MovezUpdateHomed()
                         0x801'cd79    0x92  Code  Gb  tgui_movezscreenfuncs.o [1]
_tgui_MsgBoxButtonPress(void *, void *)
                         0x801'6da1     0x2  Code  Gb  tgui_messagebox.o [1]
_tgui_MsgBoxPaint()      0x801'6b8f   0x206  Code  Gb  tgui_messagebox.o [1]
_tgui_MsgBoxProcess()    0x801'6ac1    0xce  Code  Gb  tgui_messagebox.o [1]
_tgui_MsgBoxShow(MSGBOXTYPE, char *, char *, void (*)(void *, void *), void (*)(void *, void *))
                         0x801'68c5   0x1fc  Code  Gb  tgui_messagebox.o [1]
_tgui_ScreenTimeInit()   0x801'5d21    0x24  Code  Gb  tgui_defaultfuncs.o [1]
_tgui_ScreenTimePaint(void *, void *)
                         0x801'5d83    0xc4  Code  Gb  tgui_defaultfuncs.o [1]
_tgui_ScreenTimeProcess(void *, void *)
                         0x801'5d45    0x3e  Code  Gb  tgui_defaultfuncs.o [1]
_tgui_ScreenTimeProcess(void *, void *)::minutes
                        0x2000'68a4     0x1  Data  Lc  tgui_defaultfuncs.o [1]
_touch_ReadCoords        0x801'8271    0xc8  Code  Gb  touch.o [1]
_touch_RefreshState      0x801'8339   0x126  Code  Gb  touch.o [1]
abort                    0x801'bdd3     0x6  Code  Gb  abort.o [2]
activefilelist          0x2000'68a6     0x1  Data  Gb  tgui_filesscreenfuncs.o [1]
add_segment              0x802'68b9   0x1f2  Code  Lc  dlmalloc.o [2]
ceilf                    0x802'02a9          Code  Gb  ceilf.o [4]
cfgzMotor               0x2000'63e8    0x54  Data  Gb  config.o [1]
cfname                  0x2000'3854   0x400  Data  Gb  main.o [1]
check_fs                 0x801'1635    0x76  Code  Lc  ff.o [1]
chk_chr                  0x801'020f    0x14  Code  Lc  ff.o [1]
clngLangEng              0x802'd7e4    0xac  Data  Lc  languages.o [1]
clngLangRus              0x802'd890    0xac  Data  Lc  languages.o [1]
clst2sect                0x801'0403    0x1a  Code  Lc  ff.o [1]
cmd                     0x2000'680c     0x4  Data  Gb  cpld_utils.o [1]
cmp_lfn                  0x801'0afd    0xa0  Code  Lc  ff.o [1]
create_chain             0x801'0711   0x130  Code  Lc  ff.o [1]
create_name              0x801'12c1   0x286  Code  Lc  ff.o [1]
create_partition         0x801'241b   0x1a8  Code  Lc  ff.o [1]
currdir                 0x2000'0068   0x200  Data  Gb  tgui_filesscreenfuncs.o [1]
d                       0x2000'6820     0x4  Data  Gb  spi_flash.o [1]
dbc_1st                  0x801'0223     0xe  Code  Lc  ff.o [1]
dbc_2nd                  0x801'0231     0xe  Code  Lc  ff.o [1]
dir                     0x2000'6560    0x34  Data  Gb  main.o [1]
dir_alloc                0x801'0a49    0x64  Code  Lc  ff.o [1]
dir_clear                0x801'0841    0x64  Code  Lc  ff.o [1]
dir_find                 0x801'0e7b   0x118  Code  Lc  ff.o [1]
dir_next                 0x801'0957    0xf2  Code  Lc  ff.o [1]
dir_read                 0x801'0d7b   0x100  Code  Lc  ff.o [1]
dir_register             0x801'0f93   0x166  Code  Lc  ff.o [1]
dir_sdi                  0x801'08a5    0xb2  Code  Lc  ff.o [1]
disk                    0x2000'67c8    0x10  Data  Gb  ff_gen_drv.o [1]
disk_initialize          0x801'2ca7    0x32  Code  Gb  diskio.o [1]
disk_ioctl               0x801'2d15    0x20  Code  Gb  diskio.o [1]
disk_read                0x801'2cd9    0x1e  Code  Gb  diskio.o [1]
disk_status              0x801'2c89    0x1e  Code  Gb  diskio.o [1]
disk_write               0x801'2cf7    0x1e  Code  Gb  diskio.o [1]
exit                     0x802'ddb7     0x4  Code  Gb  exit.o [2]
fMoveStep               0x2000'0268     0x4  Data  Gb  tgui_movezscreenfuncs.o [1]
f_close                  0x801'2147    0x2a  Code  Gb  ff.o [1]
f_closedir               0x801'23a3    0x1c  Code  Gb  ff.o [1]
f_lseek                  0x801'2171   0x1aa  Code  Gb  ff.o [1]
f_mkfs                   0x801'25c3   0x692  Code  Gb  ff.o [1]
f_mkfs::cst              0x802'e164    0x10  Data  Lc  ff.o [1]
f_mkfs::cst32            0x802'e174    0x10  Data  Lc  ff.o [1]
f_mkfs::defopt           0x802'e184    0x10  Data  Lc  ff.o [1]
f_mount                  0x801'1a2b    0x54  Code  Gb  ff.o [1]
f_open                   0x801'1aa9   0x21a  Code  Gb  ff.o [1]
f_opendir                0x801'231b    0x88  Code  Gb  ff.o [1]
f_read                   0x801'1cc3   0x1cc  Code  Gb  ff.o [1]
f_readdir                0x801'23bf    0x5c  Code  Gb  ff.o [1]
f_sync                   0x801'20a7    0xa0  Code  Gb  ff.o [1]
f_write                  0x801'1e8f   0x218  Code  Gb  ff.o [1]
fbuff                   0x1000'0000  0x4000  Data  Gb  main.o [1]
ff_oem2uni               0x801'2d7f    0x3a  Code  Gb  ffunicode.o [1]
ff_uni2oem               0x801'2d39    0x46  Code  Gb  ffunicode.o [1]
ff_wtoupper              0x801'2db9    0xb6  Code  Gb  ffunicode.o [1]
ff_wtoupper::cvt1        0x802'c97c   0x1f4  Data  Lc  ffunicode.o [1]
ff_wtoupper::cvt2        0x802'd728    0xbc  Data  Lc  ffunicode.o [1]
files                   0x2000'238c   0x830  Data  Gb  tgui_filesscreenfuncs.o [1]
find_volume              0x801'16b1    0x6c  Code  Lc  ff.o [1]
finfo                   0x2000'5464   0x224  Data  Gb  main.o [1]
floorf                   0x802'0391          Code  Gb  floorf.o [4]
fnt12_data               0x802'c2c8   0x6b4  Data  Gb  fnt12.o [1]
fnt12_width              0x802'ccb4   0x140  Data  Gb  fnt12.o [1]
fnt12bold_data           0x802'bb40   0x788  Data  Gb  fnt12bold.o [1]
fnt12bold_width          0x802'cdf4   0x140  Data  Gb  fnt12bold.o [1]
fnt18_data               0x802'8ac4   0xea4  Data  Gb  fnt18.o [1]
fnt18_width              0x802'cf34   0x140  Data  Gb  fnt18.o [1]
fnt18bold_data           0x802'79fc  0x10c8  Data  Gb  fnt18bold.o [1]
fnt18bold_width          0x802'd074   0x140  Data  Gb  fnt18bold.o [1]
fnt24_data               0x802'4b94  0x195c  Data  Gb  fnt24.o [1]
fnt24_width              0x802'd1b4   0x140  Data  Gb  fnt24.o [1]
fnt24bold_data           0x802'2b00  0x2094  Data  Gb  fnt24bold.o [1]
fnt24bold_width          0x802'd2f4   0x140  Data  Gb  fnt24bold.o [1]
follow_path              0x801'154d    0x9a  Code  Lc  ff.o [1]
font_fnt12              0x2000'0000     0xc  Data  Gb  fnt12.o [1]
font_fnt12bold          0x2000'000c     0xc  Data  Gb  fnt12bold.o [1]
font_fnt18              0x2000'0018     0xc  Data  Gb  fnt18.o [1]
font_fnt18bold          0x2000'0024     0xc  Data  Gb  fnt18bold.o [1]
font_fnt24              0x2000'0030     0xc  Data  Gb  fnt24.o [1]
font_fnt24bold          0x2000'003c     0xc  Data  Gb  fnt24bold.o [1]
fpws_header             0x2000'6594    0x30  Data  Gb  files_pws.o [1]
fpws_info               0x2000'643c    0x54  Data  Gb  files_pws.o [1]
fpws_preview            0x2000'6784    0x1c  Data  Gb  files_pws.o [1]
free                     0x802'b751     0x4  Code  Gb  heaptramp0.o [2]
gen_numname              0x801'0cb9    0xa2  Code  Lc  ff.o [1]
get_fat                  0x801'041d   0x10a  Code  Lc  ff.o [1]
get_fattime              0x801'2e99    0x50  Code  Gb  fatfs.o [1]
get_fileinfo             0x801'10f9   0x1c8  Code  Lc  ff.o [1]
get_ldnumber             0x801'15e7    0x4e  Code  Lc  ff.o [1]
hFlashSpi               0x2000'6128    0x80  Data  Gb  fst_spi.o [1]
hFlashSpiDmaRx          0x2000'62c8    0x60  Data  Gb  fst_spi.o [1]
hFlashSpiDmaTx          0x2000'6328    0x60  Data  Gb  fst_spi.o [1]
hLcdDma                 0x2000'6388    0x60  Data  Gb  lcd_low.o [1]
hRTC                    0x2000'6764    0x20  Data  Gb  rtc.o [1]
hStepperTim             0x2000'64e0    0x40  Data  Gb  tim.o [1]
hTouchSpi               0x2000'60a8    0x80  Data  Gb  fst_spi.o [1]
hTouchSpiDmaRx          0x2000'61a8    0x60  Data  Gb  fst_spi.o [1]
hTouchSpiDmaTx          0x2000'6208    0x60  Data  Gb  fst_spi.o [1]
hUsbHost                0x2000'4054   0x3d8  Data  Gb  usb_host.o [1]
hZRefTim                0x2000'6520    0x40  Data  Gb  tim.o [1]
hhcd_USB_OTG_FS         0x2000'51a0   0x2c4  Data  Gb  usbh_conf.o [1]
hsram1                  0x2000'6490    0x50  Data  Gb  fsmc.o [1]
idle()                   0x801'c7a9     0xa  Code  Gb  motor.o [1]
idle()::idlecount       0x2000'6814     0x4  Data  Lc  motor.o [1]
init_mparams             0x802'650b    0x32  Code  Lc  dlmalloc.o [2]
init_top                 0x802'653d    0x36  Code  Lc  dlmalloc.o [2]
lastfilenum             0x2000'0319     0x1  Data  Gb  tgui_filesscreenfuncs.o [1]
lcdui_bgcolor           0x2000'6898     0x2  Data  Gb  lcd_ui.o [1]
lcdui_color             0x2000'0314     0x2  Data  Gb  lcd_ui.o [1]
lcdui_current_font      0x2000'005c     0x4  Data  Gb  lcd_ui.o [1]
lcdui_current_font_type
                        0x2000'0316     0x1  Data  Gb  lcd_ui.o [1]
lcdui_cursor_x          0x2000'6894     0x2  Data  Gb  lcd_ui.o [1]
lcdui_cursor_y          0x2000'6896     0x2  Data  Gb  lcd_ui.o [1]
lcdui_height            0x2000'0312     0x2  Data  Gb  lcd_ui.o [1]
lcdui_width             0x2000'0310     0x2  Data  Gb  lcd_ui.o [1]
ld_clust                 0x801'0aad    0x26  Code  Lc  ff.o [1]
ld_dword                 0x801'0195    0x16  Code  Lc  ff.o [1]
ld_word                  0x801'0189     0xc  Code  Lc  ff.o [1]
ldexp                    0x801'a685          Code  Gb  ldexp.o [4]
ldexpl                   0x801'a685          Code  Gb  ldexp.o [4]
lngCurrent              0x2000'0058     0x4  Data  Gb  languages.o [1]
lngLanguages            0x2000'0048    0x10  Data  Gb  languages.o [1]
localeconv               0x801'a119     0x4  Code  Gb  xlocale_c.o [2]
lroundf                  0x802'0545          Code  Gb  lroundf.o [4]
main                     0x801'abf5   0x80e  Code  Gb  main.o [1]
mem_cmp                  0x801'01f1    0x1e  Code  Lc  ff.o [1]
mem_cpy                  0x801'01d1    0x14  Code  Lc  ff.o [1]
mem_set                  0x801'01e5     0xc  Code  Lc  ff.o [1]
memchr                   0x801'a17d          Code  Gb  memchr.o [5]
mount_volume             0x801'171d   0x2c6  Code  Lc  ff.o [1]
move_window              0x801'0331    0x3e  Code  Lc  ff.o [1]
mparams                 0x2000'67a0    0x18  Data  Lc  dlmalloc.o [2]
msg                     0x2000'5888   0x200  Data  Gb  main.o [1]
nomorefiles             0x2000'68a8     0x1  Data  Gb  tgui_filesscreenfuncs.o [1]
oldUsbMounted           0x2000'68a5     0x1  Data  Gb  tgui_filesscreenfuncs.o [1]
pfile_type              0x2000'68a3     0x1  Data  Gb  prtfiles.o [1]
pick_lfn                 0x801'0b9d    0x90  Code  Lc  ff.o [1]
prepend_alloc            0x802'6573   0x346  Code  Lc  dlmalloc.o [2]
prt_file                0x2000'6818     0x4  Data  Gb  prtfiles.o [1]
put_fat                  0x801'0527   0x15c  Code  Lc  ff.o [1]
put_lfn                  0x801'0c2d    0x84  Code  Lc  ff.o [1]
put_utf                  0x801'0285    0x5c  Code  Lc  ff.o [1]
remove_chain             0x801'0683    0x8e  Code  Lc  ff.o [1]
retSPIFL                0x2000'689d     0x1  Data  Gb  fatfs.o [1]
retUSBH                 0x2000'689c     0x1  Data  Gb  fatfs.o [1]
s_tfname                0x2000'3454   0x400  Data  Gb  main.o [1]
scalbln                  0x801'a685          Code  Gb  ldexp.o [4]
scalblnl                 0x801'a685          Code  Gb  ldexp.o [4]
scalbn                   0x801'a685          Code  Gb  ldexp.o [4]
scalbnl                  0x801'a685          Code  Gb  ldexp.o [4]
scale                    0x801'8d2b    0x46  Code  Lc  xprintffull.o [2]
scrTimeTimer            0x2000'0318     0x1  Data  Gb  tgui_defaultfuncs.o [1]
sec_hand                0x2000'6888     0x4  Data  Lc  xfail_s.o [2]
segment_holding          0x802'64f1    0x1a  Code  Lc  dlmalloc.o [2]
sfile                   0x1000'5028  0x1028  Data  Gb  main.o [1]
sprintf                  0x801'6f61    0x40  Code  Gb  sprintf.o [2]
sqrtf                    0x802'0495          Code  Gb  sqrtf.o [4]
srvMode                 0x2000'68a2     0x1  Data  Gb  main.o [1]
st_clust                 0x801'0ad3    0x2a  Code  Lc  ff.o [1]
st_dword                 0x801'01b9    0x18  Code  Lc  ff.o [1]
st_word                  0x801'01ab     0xe  Code  Lc  ff.o [1]
strcat                   0x802'a74d    0x1e  Code  Gb  strcat.o [2]
strchr                   0x801'a125          Code  Gb  strchr.o [5]
strcmp                   0x801'ca29          Code  Gb  strcmp.o [5]
strcpy                   0x802'a735          Code  Gb  strcpy.o [5]
strcpy_utf(char *, char *)
                         0x801'81b7    0x28  Code  Gb  unicode_utils.o [1]
strlen                   0x801'3441          Code  Gb  strlen.o [5]
strncpy                  0x801'84e5          Code  Gb  strncpy.o [5]
subdir                  0x2000'68a7     0x1  Data  Gb  tgui_filesscreenfuncs.o [1]
sum_sfn                  0x801'0d5b    0x20  Code  Lc  ff.o [1]
sync_fs                  0x801'036f    0x94  Code  Lc  ff.o [1]
sync_window              0x801'02e1    0x50  Code  Lc  ff.o [1]
sys_alloc                0x802'6ab1   0x164  Code  Lc  dlmalloc.o [2]
sys_trim                 0x802'6c15    0x64  Code  Lc  dlmalloc.o [2]
systemInfo              0x2000'67b8    0x10  Data  Gb  config.o [1]
tchar2uni                0x801'023f    0x46  Code  Lc  ff.o [1]
tfname                  0x1000'7078   0x400  Data  Gb  tgui.o [1]
tguiActiveScreen        0x2000'682c     0x4  Data  Gb  tgui.o [1]
tguiDBuff               0x2000'68b8  0x1000  Data  Gb  tgui.o [1]
tguiDefaultConfig       0x2000'6714    0x28  Data  Gb  tgui.o [1]
tguiFBuff               0x2000'78b8   0x200  Data  Gb  tgui.o [1]
tguiFile                0x1000'6050  0x1028  Data  Gb  tgui.o [1]
tguiMsgBox              0x2000'47c8   0x348  Data  Gb  tgui.o [1]
tguiScrFilesButtons     0x2000'4e58   0x348  Data  Gb  tgui.o [1]
tguiScrFilesListButtons
                        0x2000'2bbc   0x498  Data  Gb  tgui.o [1]
tguiScrInfoButtons      0x2000'442c   0x39c  Data  Gb  tgui.o [1]
tguiScrLanguageButtons  0x2000'5fac    0xfc  Data  Gb  tgui.o [1]
tguiScrMainButtons      0x2000'5c60   0x150  Data  Gb  tgui.o [1]
tguiScrMovezButtons     0x2000'4b10   0x348  Data  Gb  tgui.o [1]
tguiScrServiceButtons   0x2000'5eb0    0xfc  Data  Gb  tgui.o [1]
tguiScreenFiles         0x2000'66b4    0x30  Data  Gb  tgui.o [1]
tguiScreenFilesList     0x2000'66e4    0x30  Data  Gb  tgui.o [1]
tguiScreenInfo          0x2000'6654    0x30  Data  Gb  tgui.o [1]
tguiScreenLanguage      0x2000'6624    0x30  Data  Gb  tgui.o [1]
tguiScreenMain          0x2000'65c4    0x30  Data  Gb  tgui.o [1]
tguiScreenMovez         0x2000'6684    0x30  Data  Gb  tgui.o [1]
tguiScreenService       0x2000'65f4    0x30  Data  Gb  tgui.o [1]
tguiTimer               0x2000'68a0     0x1  Data  Gb  main.o [1]
tmalloc_large            0x802'6c85   0x386  Code  Lc  dlmalloc.o [2]
tmalloc_small            0x802'700b   0x200  Code  Lc  dlmalloc.o [2]
touch_buff              0x2000'6268    0x60  Data  Gb  fst_spi.o [1]
touch_info              0x2000'67d8    0x10  Data  Gb  touch.o [1]
touch_point             0x2000'6830     0x4  Data  Gb  touch.o [1]
tstrcat(unsigned short *, unsigned short *)
                         0x801'8201    0x2c  Code  Gb  unicode_utils.o [1]
tstrcat_utf(unsigned short *, char *)
                         0x801'822d    0x44  Code  Gb  unicode_utils.o [1]
tstrcpy(unsigned short *, unsigned short *)
                         0x801'81df    0x22  Code  Gb  unicode_utils.o [1]
u_tfname                0x2000'3054   0x400  Data  Gb  main.o [1]
uc866                    0x802'd560   0x100  Data  Lc  ffunicode.o [1]
ufile                   0x1000'4000  0x1028  Data  Gb  main.o [1]
uwTick                  0x2000'6824     0x4  Data  Gb  stm32f4xx_hal.o [1]
uwTickFreq              0x2000'0317     0x1  Data  Gb  stm32f4xx_hal.o [1]
uwTickPrio              0x2000'0060     0x4  Data  Gb  stm32f4xx_hal.o [1]
validate                 0x801'19e3    0x48  Code  Lc  ff.o [1]
zHoldTimer              0x2000'68a1     0x1  Data  Gb  main.o [1]
zPlanner                0x2000'68ac     0x1  Data  Gb  z_planner.o [1]


[1] = D:\Electronics\Projects\MKS_DLP_new\SRC\firmware\MKSDLP_Alter_Debug\Obj
[2] = dl7M_tlf.a
[3] = dlpp7M_tl_fc.a
[4] = m7M_tls.a
[5] = rt7M_tl.a
[6] = shb_l.a

  91 827 bytes of readonly  code memory
  32 913 bytes of readonly  data memory
  85 806 bytes of readwrite data memory

Errors: none
Warnings: none
