###############################################################################
#
# IAR ELF Linker V8.32.1.169/W32 for ARM                  19/Aug/2020  02:51:46
# Copyright 2007-2018 IAR Systems AB.
#
#    Output file  =  
#        D:\Electronics\Projects\MKS_DLP_new\SRC\firmware\MKSDLP_Alter_debug\Exe\MKS_DLP_new.out
#    Map file     =  
#        D:\Electronics\Projects\MKS_DLP_new\SRC\firmware\MKSDLP_Alter_debug\List\MKS_DLP_new.map
#    Command line =  
#        -f C:\Temp\EW8233.tmp
#        (D:\Electronics\Projects\MKS_DLP_new\SRC\firmware\MKSDLP_Alter_Debug\Obj\config.o
#        D:\Electronics\Projects\MKS_DLP_new\SRC\firmware\MKSDLP_Alter_Debug\Obj\cpld_utils.o
#        D:\Electronics\Projects\MKS_DLP_new\SRC\firmware\MKSDLP_Alter_Debug\Obj\datetime.o
#        D:\Electronics\Projects\MKS_DLP_new\SRC\firmware\MKSDLP_Alter_Debug\Obj\diskio.o
#        D:\Electronics\Projects\MKS_DLP_new\SRC\firmware\MKSDLP_Alter_Debug\Obj\eeprom.o
#        D:\Electronics\Projects\MKS_DLP_new\SRC\firmware\MKSDLP_Alter_Debug\Obj\fatfs.o
#        D:\Electronics\Projects\MKS_DLP_new\SRC\firmware\MKSDLP_Alter_Debug\Obj\ff.o
#        D:\Electronics\Projects\MKS_DLP_new\SRC\firmware\MKSDLP_Alter_Debug\Obj\ff_gen_drv.o
#        D:\Electronics\Projects\MKS_DLP_new\SRC\firmware\MKSDLP_Alter_Debug\Obj\ffsystem.o
#        D:\Electronics\Projects\MKS_DLP_new\SRC\firmware\MKSDLP_Alter_Debug\Obj\ffunicode.o
#        D:\Electronics\Projects\MKS_DLP_new\SRC\firmware\MKSDLP_Alter_Debug\Obj\files_pws.o
#        D:\Electronics\Projects\MKS_DLP_new\SRC\firmware\MKSDLP_Alter_Debug\Obj\fnt12.o
#        D:\Electronics\Projects\MKS_DLP_new\SRC\firmware\MKSDLP_Alter_Debug\Obj\fnt12bold.o
#        D:\Electronics\Projects\MKS_DLP_new\SRC\firmware\MKSDLP_Alter_Debug\Obj\fnt18.o
#        D:\Electronics\Projects\MKS_DLP_new\SRC\firmware\MKSDLP_Alter_Debug\Obj\fnt18bold.o
#        D:\Electronics\Projects\MKS_DLP_new\SRC\firmware\MKSDLP_Alter_Debug\Obj\fnt24.o
#        D:\Electronics\Projects\MKS_DLP_new\SRC\firmware\MKSDLP_Alter_Debug\Obj\fnt24bold.o
#        D:\Electronics\Projects\MKS_DLP_new\SRC\firmware\MKSDLP_Alter_Debug\Obj\fnt36num_lcd.o
#        D:\Electronics\Projects\MKS_DLP_new\SRC\firmware\MKSDLP_Alter_Debug\Obj\fnt48num_lcd.o
#        D:\Electronics\Projects\MKS_DLP_new\SRC\firmware\MKSDLP_Alter_Debug\Obj\fsmc.o
#        D:\Electronics\Projects\MKS_DLP_new\SRC\firmware\MKSDLP_Alter_Debug\Obj\fst_spi.o
#        D:\Electronics\Projects\MKS_DLP_new\SRC\firmware\MKSDLP_Alter_Debug\Obj\gpio.o
#        D:\Electronics\Projects\MKS_DLP_new\SRC\firmware\MKSDLP_Alter_Debug\Obj\languages.o
#        D:\Electronics\Projects\MKS_DLP_new\SRC\firmware\MKSDLP_Alter_Debug\Obj\lcd_low.o
#        D:\Electronics\Projects\MKS_DLP_new\SRC\firmware\MKSDLP_Alter_Debug\Obj\lcd_ui.o
#        D:\Electronics\Projects\MKS_DLP_new\SRC\firmware\MKSDLP_Alter_Debug\Obj\main.o
#        D:\Electronics\Projects\MKS_DLP_new\SRC\firmware\MKSDLP_Alter_Debug\Obj\motor.o
#        D:\Electronics\Projects\MKS_DLP_new\SRC\firmware\MKSDLP_Alter_Debug\Obj\prtfiles.o
#        D:\Electronics\Projects\MKS_DLP_new\SRC\firmware\MKSDLP_Alter_Debug\Obj\rtc.o
#        D:\Electronics\Projects\MKS_DLP_new\SRC\firmware\MKSDLP_Alter_Debug\Obj\spi_flash.o
#        D:\Electronics\Projects\MKS_DLP_new\SRC\firmware\MKSDLP_Alter_Debug\Obj\spifl_diskio.o
#        D:\Electronics\Projects\MKS_DLP_new\SRC\firmware\MKSDLP_Alter_Debug\Obj\ssd_utils.o
#        D:\Electronics\Projects\MKS_DLP_new\SRC\firmware\MKSDLP_Alter_Debug\Obj\startup_stm32f407xx.o
#        D:\Electronics\Projects\MKS_DLP_new\SRC\firmware\MKSDLP_Alter_Debug\Obj\stm32f4xx_hal.o
#        D:\Electronics\Projects\MKS_DLP_new\SRC\firmware\MKSDLP_Alter_Debug\Obj\stm32f4xx_hal_cortex.o
#        D:\Electronics\Projects\MKS_DLP_new\SRC\firmware\MKSDLP_Alter_Debug\Obj\stm32f4xx_hal_dma.o
#        D:\Electronics\Projects\MKS_DLP_new\SRC\firmware\MKSDLP_Alter_Debug\Obj\stm32f4xx_hal_dma_ex.o
#        D:\Electronics\Projects\MKS_DLP_new\SRC\firmware\MKSDLP_Alter_Debug\Obj\stm32f4xx_hal_exti.o
#        D:\Electronics\Projects\MKS_DLP_new\SRC\firmware\MKSDLP_Alter_Debug\Obj\stm32f4xx_hal_flash.o
#        D:\Electronics\Projects\MKS_DLP_new\SRC\firmware\MKSDLP_Alter_Debug\Obj\stm32f4xx_hal_flash_ex.o
#        D:\Electronics\Projects\MKS_DLP_new\SRC\firmware\MKSDLP_Alter_Debug\Obj\stm32f4xx_hal_flash_ramfunc.o
#        D:\Electronics\Projects\MKS_DLP_new\SRC\firmware\MKSDLP_Alter_Debug\Obj\stm32f4xx_hal_gpio.o
#        D:\Electronics\Projects\MKS_DLP_new\SRC\firmware\MKSDLP_Alter_Debug\Obj\stm32f4xx_hal_hcd.o
#        D:\Electronics\Projects\MKS_DLP_new\SRC\firmware\MKSDLP_Alter_Debug\Obj\stm32f4xx_hal_i2c.o
#        D:\Electronics\Projects\MKS_DLP_new\SRC\firmware\MKSDLP_Alter_Debug\Obj\stm32f4xx_hal_msp.o
#        D:\Electronics\Projects\MKS_DLP_new\SRC\firmware\MKSDLP_Alter_Debug\Obj\stm32f4xx_hal_pwr.o
#        D:\Electronics\Projects\MKS_DLP_new\SRC\firmware\MKSDLP_Alter_Debug\Obj\stm32f4xx_hal_pwr_ex.o
#        D:\Electronics\Projects\MKS_DLP_new\SRC\firmware\MKSDLP_Alter_Debug\Obj\stm32f4xx_hal_rcc.o
#        D:\Electronics\Projects\MKS_DLP_new\SRC\firmware\MKSDLP_Alter_Debug\Obj\stm32f4xx_hal_rcc_ex.o
#        D:\Electronics\Projects\MKS_DLP_new\SRC\firmware\MKSDLP_Alter_Debug\Obj\stm32f4xx_hal_rtc.o
#        D:\Electronics\Projects\MKS_DLP_new\SRC\firmware\MKSDLP_Alter_Debug\Obj\stm32f4xx_hal_rtc_ex.o
#        D:\Electronics\Projects\MKS_DLP_new\SRC\firmware\MKSDLP_Alter_Debug\Obj\stm32f4xx_hal_spi.o
#        D:\Electronics\Projects\MKS_DLP_new\SRC\firmware\MKSDLP_Alter_Debug\Obj\stm32f4xx_hal_sram.o
#        D:\Electronics\Projects\MKS_DLP_new\SRC\firmware\MKSDLP_Alter_Debug\Obj\stm32f4xx_hal_tim.o
#        D:\Electronics\Projects\MKS_DLP_new\SRC\firmware\MKSDLP_Alter_Debug\Obj\stm32f4xx_hal_tim_ex.o
#        D:\Electronics\Projects\MKS_DLP_new\SRC\firmware\MKSDLP_Alter_Debug\Obj\stm32f4xx_it.o
#        D:\Electronics\Projects\MKS_DLP_new\SRC\firmware\MKSDLP_Alter_Debug\Obj\stm32f4xx_ll_fsmc.o
#        D:\Electronics\Projects\MKS_DLP_new\SRC\firmware\MKSDLP_Alter_Debug\Obj\stm32f4xx_ll_usb.o
#        D:\Electronics\Projects\MKS_DLP_new\SRC\firmware\MKSDLP_Alter_Debug\Obj\sys_timer.o
#        D:\Electronics\Projects\MKS_DLP_new\SRC\firmware\MKSDLP_Alter_Debug\Obj\system_stm32f4xx.o
#        D:\Electronics\Projects\MKS_DLP_new\SRC\firmware\MKSDLP_Alter_Debug\Obj\tgui.o
#        D:\Electronics\Projects\MKS_DLP_new\SRC\firmware\MKSDLP_Alter_Debug\Obj\tgui_defaultfuncs.o
#        D:\Electronics\Projects\MKS_DLP_new\SRC\firmware\MKSDLP_Alter_Debug\Obj\tgui_filesscreenfuncs.o
#        D:\Electronics\Projects\MKS_DLP_new\SRC\firmware\MKSDLP_Alter_Debug\Obj\tgui_infoscreenfuncs.o
#        D:\Electronics\Projects\MKS_DLP_new\SRC\firmware\MKSDLP_Alter_Debug\Obj\tgui_langscreenfuncs.o
#        D:\Electronics\Projects\MKS_DLP_new\SRC\firmware\MKSDLP_Alter_Debug\Obj\tgui_mainscreenfuncs.o
#        D:\Electronics\Projects\MKS_DLP_new\SRC\firmware\MKSDLP_Alter_Debug\Obj\tgui_messagebox.o
#        D:\Electronics\Projects\MKS_DLP_new\SRC\firmware\MKSDLP_Alter_Debug\Obj\tgui_movezscreenfuncs.o
#        D:\Electronics\Projects\MKS_DLP_new\SRC\firmware\MKSDLP_Alter_Debug\Obj\tim.o
#        D:\Electronics\Projects\MKS_DLP_new\SRC\firmware\MKSDLP_Alter_Debug\Obj\touch.o
#        D:\Electronics\Projects\MKS_DLP_new\SRC\firmware\MKSDLP_Alter_Debug\Obj\unicode_utils.o
#        D:\Electronics\Projects\MKS_DLP_new\SRC\firmware\MKSDLP_Alter_Debug\Obj\usb_host.o
#        D:\Electronics\Projects\MKS_DLP_new\SRC\firmware\MKSDLP_Alter_Debug\Obj\usbh_conf.o
#        D:\Electronics\Projects\MKS_DLP_new\SRC\firmware\MKSDLP_Alter_Debug\Obj\usbh_core.o
#        D:\Electronics\Projects\MKS_DLP_new\SRC\firmware\MKSDLP_Alter_Debug\Obj\usbh_ctlreq.o
#        D:\Electronics\Projects\MKS_DLP_new\SRC\firmware\MKSDLP_Alter_Debug\Obj\usbh_diskio.o
#        D:\Electronics\Projects\MKS_DLP_new\SRC\firmware\MKSDLP_Alter_Debug\Obj\usbh_ioreq.o
#        D:\Electronics\Projects\MKS_DLP_new\SRC\firmware\MKSDLP_Alter_Debug\Obj\usbh_msc.o
#        D:\Electronics\Projects\MKS_DLP_new\SRC\firmware\MKSDLP_Alter_Debug\Obj\usbh_msc_bot.o
#        D:\Electronics\Projects\MKS_DLP_new\SRC\firmware\MKSDLP_Alter_Debug\Obj\usbh_msc_scsi.o
#        D:\Electronics\Projects\MKS_DLP_new\SRC\firmware\MKSDLP_Alter_Debug\Obj\usbh_pipes.o
#        D:\Electronics\Projects\MKS_DLP_new\SRC\firmware\MKSDLP_Alter_Debug\Obj\usbh_platform.o
#        D:\Electronics\Projects\MKS_DLP_new\SRC\firmware\MKSDLP_Alter_Debug\Obj\uvdisplay.o
#        D:\Electronics\Projects\MKS_DLP_new\SRC\firmware\MKSDLP_Alter_Debug\Obj\z_endstops.o
#        D:\Electronics\Projects\MKS_DLP_new\SRC\firmware\MKSDLP_Alter_Debug\Obj\z_planner.o
#        D:\Electronics\Projects\MKS_DLP_new\SRC\firmware\MKSDLP_Alter_Debug\Obj\z_stepper.o
#        --redirect _Printf=_PrintfFull --redirect _Scanf=_ScanfFull
#        --no_out_extension -o
#        D:\Electronics\Projects\MKS_DLP_new\SRC\firmware\MKSDLP_Alter_debug\Exe\MKS_DLP_new.out
#        --map
#        D:\Electronics\Projects\MKS_DLP_new\SRC\firmware\MKSDLP_Alter_debug\List\MKS_DLP_new.map
#        --log libraries,call_graph --log_file
#        D:\Electronics\Projects\MKS_DLP_new\SRC\firmware\MKSDLP_Alter_debug\List\MKS_DLP_new.log
#        --config
#        D:\Electronics\Projects\MKS_DLP_new\SRC\firmware/config/stm32f407xx_flash.icf
#        --semihosting --entry __iar_program_start --merge_duplicate_sections
#        --vfe --text_out locale)
#
###############################################################################

*******************************************************************************
*** RUNTIME MODEL ATTRIBUTES
***

CppFlavor                     = *
__CPP_Exceptions              = Disabled
__CPP_Language                = C++14
__Heap_Handler                = DLMalloc
__SystemLibrary               = DLib
__dlib_dynamic_initialization = normal
__dlib_version                = 6


*******************************************************************************
*** HEAP SELECTION
***

The advanced heap was selected because the application calls memory
allocation functions outside of system library functions, and there
are calls to deallocation functions in the application.


*******************************************************************************
*** PLACEMENT SUMMARY
***

"A0":  place at 0x801'0000 { ro section .intvec };
"P1":  place in [from 0x801'0000 to 0x807'ffff] { ro };
define block CSTACK with size = 16K, alignment = 8 { };
define block HEAP with size = 8K, alignment = 8 { };
"P2":  place in [from 0x2000'0000 to 0x2001'ffff] {
          rw, block CSTACK, block HEAP };
"P3":  place in [from 0x1000'0000 to 0x1000'ffff] { rw section CCMRAM };
initialize by copy { rw };

  Section                Kind         Address     Size  Object
  -------                ----         -------     ----  ------
"A0":                                            0x188
  .intvec                ro code   0x801'0000    0x188  startup_stm32f407xx.o [1]
                                 - 0x801'0188    0x188

"P1":                                          0x2116f
  .text                  ro code   0x801'0188   0x2b94  ff.o [1]
  .text                  ro code   0x801'2d1c     0xb0  diskio.o [1]
  .text                  ro code   0x801'2dcc    0x144  ffunicode.o [1]
  .text                  ro code   0x801'2f10    0x158  fatfs.o [1]
  .text                  ro code   0x801'3068     0x54  ff_gen_drv.o [1]
  .text                  ro code   0x801'30bc    0x418  stm32f4xx_hal_rtc.o [1]
  .text                  ro code   0x801'34d4     0x36  strlen.o [5]
  .text                  ro code   0x801'350a     0x7a  lz77_init_single.o [5]
  .text                  ro code   0x801'3584      0xc  stm32f4xx_hal.o [1]
  .text                  ro code   0x801'3590   0x284e  tgui.o [1]
  .text                  ro code   0x801'5dde     0x3a  zero_init3.o [5]
  .text                  ro code   0x801'5e18     0x66  ABImemset.o [5]
  .text                  ro code   0x801'5e7e     0x1e  xencoding_8859_1.o [2]
  .text                  ro code   0x801'5e9c    0xaa0  tgui_defaultfuncs.o [1]
  .text                  ro code   0x801'693c     0xa6  ABImemcpy.o [5]
  .text                  ro code   0x801'69e2      0xa  xsprout.o [2]
  .text                  ro code   0x801'69ec     0x40  languages.o [1]
  .text                  ro code   0x801'6a2c    0x748  tgui_messagebox.o [1]
  .text                  ro code   0x801'7174    0x120  sys_timer.o [1]
  .text                  ro code   0x801'7294     0x94  datetime.o [1]
  .text                  ro code   0x801'7328     0x40  sprintf.o [2]
  .text                  ro code   0x801'7368    0xb7c  lcd_ui.o [1]
  .text                  ro code   0x801'7ee4    0x50c  lcd_low.o [1]
  .text                  ro code   0x801'83f0    0x33e  unicode_utils.o [1]
  .rodata                const     0x801'872e      0x2  languages.o [1]
  .text                  ro code   0x801'8730    0x274  touch.o [1]
  .text                  ro code   0x801'89a4     0x70  strncpy.o [5]
  .text                  ro code   0x801'8a14    0xf46  xprintffull.o [2]
  .rodata                const     0x801'995a      0x2  languages.o [1]
  .text                  ro code   0x801'995c     0x28  stm32f4xx_hal.o [1]
  .text                  ro code   0x801'9984    0x114  fsmc.o [1]
  .text                  ro code   0x801'9a98    0x458  stm32f4xx_hal_dma.o [1]
  .text                  ro code   0x801'9ef0    0x12c  stm32f4xx_hal_cortex.o [1]
  .text                  ro code   0x801'a01c    0x550  fst_spi.o [1]
  .text                  ro code   0x801'a56c     0x78  xlocale_c.o [2]
  .text                  ro code   0x801'a5e4     0x16  strchr.o [5]
  .rodata                const     0x801'a5fa      0x1  unwind_debug.o [6]
  .text                  ro code   0x801'a5fc     0x40  xfail_s.o [2]
  .text                  ro code   0x801'a63c     0x58  memchr.o [5]
  .text                  ro code   0x801'a694      0xa  xmbcurmax.o [2]
  .text                  ro code   0x801'a6a0    0x230  I64DivMod.o [5]
  .text                  ro code   0x801'a8d0    0x1a2  DblMul.o [4]
  .text                  ro code   0x801'aa74     0x70  frexp.o [4]
  .text                  ro code   0x801'aae4     0x2e  DblCmpLe.o [4]
  .text                  ro code   0x801'ab14     0x2e  DblCmpGe.o [4]
  .text                  ro code   0x801'ab44    0x13a  ldexp.o [4]
  .text                  ro code   0x801'ac80     0x3a  DblToS32.o [4]
  .text                  ro code   0x801'acbc     0x22  S32ToDbl.o [4]
  .text                  ro code   0x801'ace0     0xe2  DblSub.o [4]
  .text                  ro code   0x801'adc4    0x246  DblDiv.o [4]
  .text                  ro code   0x801'b00c     0x28  DblToU32.o [4]
  .text                  ro code   0x801'b034     0x1a  U32ToDbl.o [4]
  .text                  ro code   0x801'b050      0x6  ABImemclr4.o [5]
  .text                  ro code   0x801'b058     0x5c  stm32f4xx_hal_sram.o [1]
  .text                  ro code   0x801'b0b4    0xc06  main.o [1]
  .text                  ro code   0x801'bcbc    0x252  stm32f4xx_hal_gpio.o [1]
  .text                  ro code   0x801'bf10    0x5fa  stm32f4xx_hal_spi.o [1]
  .text                  ro code   0x801'c50a      0x6  abort.o [2]
  .text                  ro code   0x801'c510      0x2  stm32f4xx_hal_spi.o [1]
  .text                  ro code   0x801'c514    0x16a  DblAdd.o [4]
  .text                  ro code   0x801'c680     0x32  ABImemset48.o [5]
  .text                  ro code   0x801'c6b4     0xe4  stm32f4xx_ll_fsmc.o [1]
  .text                  ro code   0x801'c798     0x34  stm32f4xx_hal.o [1]
  .text                  ro code   0x801'c7cc    0x28c  gpio.o [1]
  .text                  ro code   0x801'ca58    0x304  spi_flash.o [1]
  .text                  ro code   0x801'cd5c     0xc8  rtc.o [1]
  .text                  ro code   0x801'ce24    0x5e4  eeprom.o [1]
  .text                  ro code   0x801'd408    0x42c  config.o [1]
  .text                  ro code   0x801'd834    0x2cc  motor.o [1]
  .text                  ro code   0x801'db00      0xc  uvdisplay.o [1]
  .text                  ro code   0x801'db0c     0x20  usbh_platform.o [1]
  .text                  ro code   0x801'db2c     0x8c  usb_host.o [1]
  .text                  ro code   0x801'dbb8     0x12  strcmp.o [5]
  .text                  ro code   0x801'dbcc     0x48  FltToDbl.o [4]
  .text                  ro code   0x801'dc14     0x68  DblToFlt.o [4]
  .text                  ro code   0x801'dc7c    0x2f0  tgui_movezscreenfuncs.o [1]
  .text                  ro code   0x801'df6c    0x3b4  stm32f4xx_hal_rcc.o [1]
  .text                  ro code   0x801'e320    0x1f4  stm32f4xx_hal_rcc.o [1]
  .text                  ro code   0x801'e514    0x150  stm32f4xx_hal_rcc_ex.o [1]
  .text                  ro code   0x801'e664     0x14  exit.o [6]
  .text                  ro code   0x801'e678     0x4c  stm32f4xx_hal.o [1]
  .text                  ro code   0x801'e6c4     0x40  stm32f4xx_hal_msp.o [1]
  .text                  ro code   0x801'e704     0x20  spi_flash.o [1]
  .text                  ro code   0x801'e724    0x1ea  stm32f4xx_hal_i2c.o [1]
  .text                  ro code   0x801'e910     0xe4  z_endstops.o [1]
  .text                  ro code   0x801'e9f4    0xe34  z_planner.o [1]
  .text                  ro code   0x801'f828    0x5a4  z_stepper.o [1]
  .text                  ro code   0x801'fdcc    0x1e8  tim.o [1]
  .text                  ro code   0x801'ffb4    0x78a  stm32f4xx_hal_tim.o [1]
  .text                  ro code   0x802'0740     0x14  motor.o [1]
  .text                  ro code   0x802'0754      0xc  z_endstops.o [1]
  .text                  ro code   0x802'0760     0x18  z_endstops.o [1]
  .text                  ro code   0x802'0778     0x20  z_stepper.o [1]
  .text                  ro code   0x802'0798     0x20  motor.o [1]
  .text                  ro code   0x802'07b8     0xa2  cpld_utils.o [1]
  .text                  ro code   0x802'085c    0x580  ssd_utils.o [1]
  .text                  ro code   0x802'0ddc    0x79e  usbh_core.o [1]
  .text                  ro code   0x802'157c     0x18  z_stepper.o [1]
  .text                  ro code   0x802'1594     0x24  z_planner.o [1]
  .text                  ro code   0x802'15b8     0x18  z_planner.o [1]
  .text                  ro code   0x802'15d0      0x8  z_stepper.o [1]
  .text                  ro code   0x802'15d8     0x3c  ceilf.o [4]
  .text                  ro code   0x802'1614     0xac  z_planner.o [1]
  .text                  ro code   0x802'16c0     0x3c  floorf.o [4]
  .text                  ro code   0x802'16fc     0xbc  z_planner.o [1]
  .text                  ro code   0x802'17b8     0x12  z_planner.o [1]
  .text                  ro code   0x802'17ca      0x8  z_planner.o [1]
  .text                  ro code   0x802'17d4     0x1e  sqrtf.o [4]
  .text                  ro code   0x802'17f4     0x20  z_stepper.o [1]
  .text                  ro code   0x802'1814     0x10  z_stepper.o [1]
  .text                  ro code   0x802'1824      0xc  z_stepper.o [1]
  .text                  ro code   0x802'1830     0x38  z_planner.o [1]
  .text                  ro code   0x802'1868     0x18  z_planner.o [1]
  .text                  ro code   0x802'1880     0x2e  lroundf.o [4]
  .text                  ro code   0x802'18b0     0x1c  z_stepper.o [1]
  .text                  ro code   0x802'18cc     0x2c  z_stepper.o [1]
  .text                  ro code   0x802'18f8     0xac  stm32f4xx_hal_tim_ex.o [1]
  .text                  ro code   0x802'19a4    0x2f8  usbh_conf.o [1]
  .text                  ro code   0x802'1c9c     0xb6  usbh_pipes.o [1]
  .text                  ro code   0x802'1d52    0x5bc  usbh_ctlreq.o [1]
  .text                  ro code   0x802'2310     0x10  z_stepper.o [1]
  .text                  ro code   0x802'2320      0xe  z_planner.o [1]
  .text                  ro code   0x802'2330     0x1c  z_stepper.o [1]
  .text                  ro code   0x802'234c   0x1060  stm32f4xx_hal_hcd.o [1]
  .text                  ro code   0x802'33ac     0xd0  usbh_ioreq.o [1]
  .text                  ro code   0x802'347c    0x9c4  stm32f4xx_ll_usb.o [1]
  .rodata                const     0x802'3e40   0x2094  fnt24bold.o [1]
  .rodata                const     0x802'5ed4   0x195c  fnt24.o [1]
  .text                  ro code   0x802'7830   0x14e0  dlmalloc.o [2]
  .text                  ro code   0x802'8d10     0x2c  xgetmemchunk.o [2]
  .rodata                const     0x802'8d3c   0x10c8  fnt18bold.o [1]
  .rodata                const     0x802'9e04    0xea4  fnt18.o [1]
  .text                  ro code   0x802'aca8    0xe8c  tgui_filesscreenfuncs.o [1]
  .text                  ro code   0x802'bb34     0x4c  prtfiles.o [1]
  .text                  ro code   0x802'bb80     0x18  strcpy.o [5]
  .text                  ro code   0x802'bb98     0x1e  strcat.o [2]
  .text                  ro code   0x802'bbb8    0x39c  files_pws.o [1]
  .rodata                const     0x802'bf54    0xbcc  fnt48num_lcd.o [1]
  .text                  ro code   0x802'cb20    0x8b4  usbh_msc.o [1]
  .text                  ro code   0x802'd3d4    0x394  usbh_msc_bot.o [1]
  .text                  ro code   0x802'd768      0x4  heaptramp0.o [2]
  .text                  ro code   0x802'd76c    0x3ea  usbh_msc_scsi.o [1]
  .rodata                const     0x802'db58    0x788  fnt12bold.o [1]
  .rodata                const     0x802'e2e0    0x6b4  fnt12.o [1]
  .rodata                const     0x802'e994    0x66c  fnt36num_lcd.o [1]
  .rodata                const     0x802'f000    0x1f4  ffunicode.o [1]
  .text                  ro code   0x802'f1f4    0x144  usbh_diskio.o [1]
  .rodata                const     0x802'f338    0x140  fnt12.o [1]
  .rodata                const     0x802'f478    0x140  fnt12bold.o [1]
  .rodata                const     0x802'f5b8    0x140  fnt18.o [1]
  .rodata                const     0x802'f6f8    0x140  fnt18bold.o [1]
  .rodata                const     0x802'f838    0x140  fnt24.o [1]
  .rodata                const     0x802'f978    0x140  fnt24bold.o [1]
  .text                  ro code   0x802'fab8    0x12c  spifl_diskio.o [1]
  .rodata                const     0x802'fbe4    0x100  ffunicode.o [1]
  .rodata                const     0x802'fce4     0xd8  languages.o [1]
  .rodata                const     0x802'fdbc     0xd8  languages.o [1]
  .text                  ro code   0x802'fe94     0xc8  tgui_infoscreenfuncs.o [1]
  .rodata                const     0x802'ff5c     0xbc  ffunicode.o [1]
  .text                  ro code   0x803'0018     0x9c  stm32f4xx_it.o [1]
  .rodata                const     0x803'00b4     0x80  ff.o [1]
  .rodata                const     0x803'0134     0x74  languages.o [1]
  .rodata                const     0x803'01a8     0x70  languages.o [1]
  .rodata                const     0x803'0218     0x54  languages.o [1]
  .rodata                const     0x803'026c     0x44  languages.o [1]
  .rodata                const     0x803'02b0     0x3c  languages.o [1]
  .rodata                const     0x803'02ec     0x38  fnt36num_lcd.o [1]
  .rodata                const     0x803'0324     0x38  fnt48num_lcd.o [1]
  .rodata                const     0x803'035c     0x38  languages.o [1]
  .rodata                const     0x803'0394     0x38  main.o [1]
  .rodata                const     0x803'03cc     0x34  main.o [1]
  .rodata                const     0x803'0400     0x34  main.o [1]
  .rodata                const     0x803'0434     0x30  languages.o [1]
  .rodata                const     0x803'0464     0x30  languages.o [1]
  .rodata                const     0x803'0494     0x30  languages.o [1]
  .rodata                const     0x803'04c4     0x30  languages.o [1]
  .rodata                const     0x803'04f4     0x30  main.o [1]
  .rodata                const     0x803'0524     0x30  main.o [1]
  .rodata                const     0x803'0554     0x30  main.o [1]
  .rodata                const     0x803'0584     0x2c  languages.o [1]
  .rodata                const     0x803'05b0     0x2c  languages.o [1]
  .rodata                const     0x803'05dc     0x2c  main.o [1]
  .rodata                const     0x803'0608     0x2c  main.o [1]
  .rodata                const     0x803'0634     0x28  languages.o [1]
  .rodata                const     0x803'065c     0x28  main.o [1]
  .text                  ro code   0x803'0684     0x28  data_init.o [5]
  .rodata                const     0x803'06ac     0x24  languages.o [1]
  .rodata                const     0x803'06d0     0x24  languages.o [1]
  .rodata                const     0x803'06f4     0x24  main.o [1]
  .rodata                const     0x803'0718     0x24  tgui_infoscreenfuncs.o [1]
  .text                  ro code   0x803'073c     0x22  fpinit_M.o [4]
  .iar.init_table        const     0x803'0760     0x24  - Linker created -
  .rodata                const     0x803'0784     0x20  main.o [1]
  .text                  ro code   0x803'07a4     0x20  system_stm32f4xx.o [1]
  .text                  ro code   0x803'07c4     0x20  cmain_call_ctors.o [5]
  .text                  ro code   0x803'07e4     0x18  cppinit.o [2]
  .text                  ro code   0x803'07fc     0x1e  cmain.o [5]
  .text                  ro code   0x803'081a      0x4  low_level_init.o [2]
  .text                  ro code   0x803'081e      0x4  exit.o [2]
  .text                  ro code   0x803'0824      0xa  cexit.o [5]
  .rodata                const     0x803'0830     0x1c  languages.o [1]
  .rodata                const     0x803'084c     0x1c  languages.o [1]
  .rodata                const     0x803'0868     0x1c  tgui.o [1]
  .rodata                const     0x803'0884     0x1c  tgui.o [1]
  .rodata                const     0x803'08a0     0x1c  tgui.o [1]
  .rodata                const     0x803'08bc     0x1c  tgui.o [1]
  .rodata                const     0x803'08d8     0x1c  tgui.o [1]
  .rodata                const     0x803'08f4     0x1c  tgui.o [1]
  .rodata                const     0x803'0910     0x1c  tgui.o [1]
  .rodata                const     0x803'092c     0x1c  tgui.o [1]
  .text                  ro code   0x803'0948     0x1c  tgui_langscreenfuncs.o [1]
  .rodata                const     0x803'0964     0x18  languages.o [1]
  .rodata                const     0x803'097c     0x18  languages.o [1]
  .rodata                const     0x803'0994     0x18  languages.o [1]
  .rodata                const     0x803'09ac     0x18  main.o [1]
  .rodata                const     0x803'09c4     0x18  main.o [1]
  .rodata                const     0x803'09dc     0x18  main.o [1]
  .rodata                const     0x803'09f4     0x18  tgui.o [1]
  .rodata                const     0x803'0a0c     0x18  tgui.o [1]
  .rodata                const     0x803'0a24     0x18  tgui.o [1]
  .rodata                const     0x803'0a3c     0x18  tgui.o [1]
  .rodata                const     0x803'0a54     0x18  tgui.o [1]
  .rodata                const     0x803'0a6c     0x18  tgui.o [1]
  .rodata                const     0x803'0a84     0x18  tgui.o [1]
  .rodata                const     0x803'0a9c     0x18  tgui.o [1]
  .rodata                const     0x803'0ab4     0x18  tgui.o [1]
  .rodata                const     0x803'0acc     0x18  tgui.o [1]
  .rodata                const     0x803'0ae4     0x18  tgui.o [1]
  .rodata                const     0x803'0afc     0x18  tgui.o [1]
  .rodata                const     0x803'0b14     0x18  tgui.o [1]
  .rodata                const     0x803'0b2c     0x18  tgui.o [1]
  .rodata                const     0x803'0b44     0x18  tgui_filesscreenfuncs.o [1]
  .rodata                const     0x803'0b5c     0x18  tgui_filesscreenfuncs.o [1]
  .rodata                const     0x803'0b74     0x14  ff.o [1]
  .rodata                const     0x803'0b88     0x14  ff.o [1]
  .rodata                const     0x803'0b9c     0x14  languages.o [1]
  .rodata                const     0x803'0bb0     0x14  languages.o [1]
  .rodata                const     0x803'0bc4     0x14  languages.o [1]
  .rodata                const     0x803'0bd8     0x14  languages.o [1]
  .rodata                const     0x803'0bec     0x14  spifl_diskio.o [1]
  .rodata                const     0x803'0c00     0x14  tgui.o [1]
  .rodata                const     0x803'0c14     0x14  tgui.o [1]
  .rodata                const     0x803'0c28     0x14  tgui.o [1]
  .rodata                const     0x803'0c3c     0x14  tgui.o [1]
  .rodata                const     0x803'0c50     0x14  tgui_filesscreenfuncs.o [1]
  .rodata                const     0x803'0c64     0x14  tgui_filesscreenfuncs.o [1]
  .rodata                const     0x803'0c78     0x14  usbh_diskio.o [1]
  .rodata                const     0x803'0c8c     0x10  ff.o [1]
  .rodata                const     0x803'0c9c     0x10  ff.o [1]
  .rodata                const     0x803'0cac     0x10  ff.o [1]
  .rodata                const     0x803'0cbc     0x10  ff.o [1]
  .rodata                const     0x803'0ccc     0x10  languages.o [1]
  .rodata                const     0x803'0cdc     0x10  languages.o [1]
  .rodata                const     0x803'0cec     0x10  languages.o [1]
  .rodata                const     0x803'0cfc     0x10  languages.o [1]
  .rodata                const     0x803'0d0c     0x10  languages.o [1]
  .rodata                const     0x803'0d1c     0x10  languages.o [1]
  .rodata                const     0x803'0d2c     0x10  languages.o [1]
  .rodata                const     0x803'0d3c     0x10  main.o [1]
  .rodata                const     0x803'0d4c     0x10  main.o [1]
  .rodata                const     0x803'0d5c     0x10  system_stm32f4xx.o [1]
  .rodata                const     0x803'0d6c     0x10  tgui.o [1]
  .rodata                const     0x803'0d7c     0x10  tgui.o [1]
  .rodata                const     0x803'0d8c     0x10  tgui.o [1]
  .rodata                const     0x803'0d9c     0x10  tgui.o [1]
  .rodata                const     0x803'0dac     0x10  tgui_defaultfuncs.o [1]
  .text                  ro code   0x803'0dbc     0x10  startup_stm32f407xx.o [1]
  .rodata                const     0x803'0dcc      0xc  ff.o [1]
  .rodata                const     0x803'0dd8      0xc  ff.o [1]
  .rodata                const     0x803'0de4      0xc  files_pws.o [1]
  .rodata                const     0x803'0df0      0xc  languages.o [1]
  .rodata                const     0x803'0dfc      0xc  languages.o [1]
  .rodata                const     0x803'0e08      0xc  languages.o [1]
  .rodata                const     0x803'0e14      0xc  languages.o [1]
  .rodata                const     0x803'0e20      0xc  languages.o [1]
  .rodata                const     0x803'0e2c      0xc  languages.o [1]
  .rodata                const     0x803'0e38      0xc  languages.o [1]
  .rodata                const     0x803'0e44      0xc  languages.o [1]
  .rodata                const     0x803'0e50      0xc  languages.o [1]
  .rodata                const     0x803'0e5c      0xc  languages.o [1]
  .rodata                const     0x803'0e68      0xc  languages.o [1]
  .rodata                const     0x803'0e74      0xc  languages.o [1]
  .rodata                const     0x803'0e80      0xc  languages.o [1]
  .rodata                const     0x803'0e8c      0xc  languages.o [1]
  .rodata                const     0x803'0e98      0xc  languages.o [1]
  .rodata                const     0x803'0ea4      0xc  languages.o [1]
  .rodata                const     0x803'0eb0      0xc  languages.o [1]
  .rodata                const     0x803'0ebc      0xc  languages.o [1]
  .rodata                const     0x803'0ec8      0xc  main.o [1]
  .rodata                const     0x803'0ed4      0xc  main.o [1]
  .rodata                const     0x803'0ee0      0xc  tgui.o [1]
  .rodata                const     0x803'0eec      0xc  tgui_infoscreenfuncs.o [1]
  .text                  ro code   0x803'0ef8      0xc  cstartup_M.o [5]
  .rodata                const     0x803'0f04      0x8  ff.o [1]
  .rodata                const     0x803'0f0c      0x8  ff.o [1]
  .rodata                const     0x803'0f14      0x8  files_pws.o [1]
  .rodata                const     0x803'0f1c      0x8  files_pws.o [1]
  .rodata                const     0x803'0f24      0x8  languages.o [1]
  .rodata                const     0x803'0f2c      0x8  languages.o [1]
  .rodata                const     0x803'0f34      0x8  languages.o [1]
  .rodata                const     0x803'0f3c      0x8  languages.o [1]
  .rodata                const     0x803'0f44      0x8  languages.o [1]
  .rodata                const     0x803'0f4c      0x8  languages.o [1]
  .rodata                const     0x803'0f54      0x8  languages.o [1]
  .rodata                const     0x803'0f5c      0x8  languages.o [1]
  .rodata                const     0x803'0f64      0x8  languages.o [1]
  .rodata                const     0x803'0f6c      0x8  languages.o [1]
  .rodata                const     0x803'0f74      0x8  languages.o [1]
  .rodata                const     0x803'0f7c      0x8  languages.o [1]
  .rodata                const     0x803'0f84      0x8  languages.o [1]
  .rodata                const     0x803'0f8c      0x8  languages.o [1]
  .rodata                const     0x803'0f94      0x8  languages.o [1]
  .rodata                const     0x803'0f9c      0x8  languages.o [1]
  .rodata                const     0x803'0fa4      0x8  languages.o [1]
  .rodata                const     0x803'0fac      0x8  languages.o [1]
  .rodata                const     0x803'0fb4      0x8  languages.o [1]
  .rodata                const     0x803'0fbc      0x8  languages.o [1]
  .rodata                const     0x803'0fc4      0x8  languages.o [1]
  .rodata                const     0x803'0fcc      0x8  languages.o [1]
  .rodata                const     0x803'0fd4      0x8  languages.o [1]
  .rodata                const     0x803'0fdc      0x8  languages.o [1]
  .rodata                const     0x803'0fe4      0x8  languages.o [1]
  .rodata                const     0x803'0fec      0x8  languages.o [1]
  .rodata                const     0x803'0ff4      0x8  languages.o [1]
  .rodata                const     0x803'0ffc      0x8  languages.o [1]
  .rodata                const     0x803'1004      0x8  languages.o [1]
  .rodata                const     0x803'100c      0x8  languages.o [1]
  .rodata                const     0x803'1014      0x8  main.o [1]
  .rodata                const     0x803'101c      0x8  stm32f4xx_hal_dma.o [1]
  .rodata                const     0x803'1024      0x8  system_stm32f4xx.o [1]
  .rodata                const     0x803'102c      0x8  tgui.o [1]
  .rodata                const     0x803'1034      0x8  tgui.o [1]
  .rodata                const     0x803'103c      0x8  tgui.o [1]
  .rodata                const     0x803'1044      0x8  tgui.o [1]
  .rodata                const     0x803'104c      0x8  tgui.o [1]
  .rodata                const     0x803'1054      0x8  tgui.o [1]
  .rodata                const     0x803'105c      0x8  tgui.o [1]
  .rodata                const     0x803'1064      0x8  tgui.o [1]
  .rodata                const     0x803'106c      0x8  tgui.o [1]
  .rodata                const     0x803'1074      0x8  tgui.o [1]
  .rodata                const     0x803'107c      0x8  tgui.o [1]
  .rodata                const     0x803'1084      0x8  tgui.o [1]
  .rodata                const     0x803'108c      0x8  tgui.o [1]
  .rodata                const     0x803'1094      0x8  tgui.o [1]
  .rodata                const     0x803'109c      0x8  tgui.o [1]
  .rodata                const     0x803'10a4      0x8  tgui.o [1]
  .rodata                const     0x803'10ac      0x8  tgui.o [1]
  .rodata                const     0x803'10b4      0x8  tgui.o [1]
  .rodata                const     0x803'10bc      0x8  tgui.o [1]
  .rodata                const     0x803'10c4      0x8  tgui.o [1]
  .rodata                const     0x803'10cc      0x8  tgui.o [1]
  .rodata                const     0x803'10d4      0x8  tgui.o [1]
  .rodata                const     0x803'10dc      0x8  tgui.o [1]
  .rodata                const     0x803'10e4      0x8  tgui.o [1]
  .rodata                const     0x803'10ec      0x8  tgui.o [1]
  .rodata                const     0x803'10f4      0x8  tgui.o [1]
  .rodata                const     0x803'10fc      0x8  tgui.o [1]
  .rodata                const     0x803'1104      0x8  tgui.o [1]
  .rodata                const     0x803'110c      0x8  tgui.o [1]
  .rodata                const     0x803'1114      0x8  tgui.o [1]
  .rodata                const     0x803'111c      0x8  tgui.o [1]
  .rodata                const     0x803'1124      0x8  tgui.o [1]
  .rodata                const     0x803'112c      0x8  tgui.o [1]
  .rodata                const     0x803'1134      0x8  tgui.o [1]
  .rodata                const     0x803'113c      0x8  tgui.o [1]
  .rodata                const     0x803'1144      0x8  tgui.o [1]
  .rodata                const     0x803'114c      0x8  tgui.o [1]
  .rodata                const     0x803'1154      0x8  tgui.o [1]
  .rodata                const     0x803'115c      0x8  tgui.o [1]
  .rodata                const     0x803'1164      0x8  tgui.o [1]
  .rodata                const     0x803'116c      0x8  tgui.o [1]
  .rodata                const     0x803'1174      0x8  tgui.o [1]
  .rodata                const     0x803'117c      0x8  tgui.o [1]
  .rodata                const     0x803'1184      0x8  tgui.o [1]
  .rodata                const     0x803'118c      0x8  tgui_filesscreenfuncs.o [1]
  .rodata                const     0x803'1194      0x8  tgui_filesscreenfuncs.o [1]
  .rodata                const     0x803'119c      0x8  tgui_infoscreenfuncs.o [1]
  .rodata                const     0x803'11a4      0x8  tim.o [1]
  .rodata                const     0x803'11ac      0x6  xlocale_c.o [2]
  .rodata                const     0x803'11b4      0x4  languages.o [1]
  .rodata                const     0x803'11b8      0x4  languages.o [1]
  .rodata                const     0x803'11bc      0x4  languages.o [1]
  .rodata                const     0x803'11c0      0x4  languages.o [1]
  .rodata                const     0x803'11c4      0x4  languages.o [1]
  .rodata                const     0x803'11c8      0x4  languages.o [1]
  .rodata                const     0x803'11cc      0x4  languages.o [1]
  .rodata                const     0x803'11d0      0x4  languages.o [1]
  .rodata                const     0x803'11d4      0x4  languages.o [1]
  .rodata                const     0x803'11d8      0x4  languages.o [1]
  .rodata                const     0x803'11dc      0x4  languages.o [1]
  .rodata                const     0x803'11e0      0x4  languages.o [1]
  .rodata                const     0x803'11e4      0x4  languages.o [1]
  .rodata                const     0x803'11e8      0x4  languages.o [1]
  .rodata                const     0x803'11ec      0x4  languages.o [1]
  .rodata                const     0x803'11f0      0x4  languages.o [1]
  .rodata                const     0x803'11f4      0x4  languages.o [1]
  .rodata                const     0x803'11f8      0x4  languages.o [1]
  .rodata                const     0x803'11fc      0x4  languages.o [1]
  .rodata                const     0x803'1200      0x4  languages.o [1]
  .rodata                const     0x803'1204      0x4  languages.o [1]
  .rodata                const     0x803'1208      0x4  languages.o [1]
  .rodata                const     0x803'120c      0x4  rtc.o [1]
  .rodata                const     0x803'1210      0x4  usbh_msc.o [1]
  .text                  ro code   0x803'1214      0x4  startup_stm32f407xx.o [1]
  SHT$$PREINIT_ARRAY               0x803'1218      0x0  <Block>
  SHT$$INIT_ARRAY                  0x803'1218      0x4  <Block>
    .init_array          const     0x803'1218      0x4  z_planner.o [1]
  __iar_tls$$INIT_ARRAY            0x803'121c      0x0  <Block>
  .rodata                const     0x803'121c      0x0  zero_init3.o [5]
  .rodata                const     0x803'121c      0x0  lz77_init_single.o [5]
  Initializer bytes      const     0x803'121c     0xdb  <for P2-1>
                                 - 0x803'12f7  0x2116f

"P3":                                           0x7478
  CCMRAM                 uninit   0x1000'0000   0x4000  main.o [1]
  CCMRAM                 uninit   0x1000'4000   0x1028  main.o [1]
  CCMRAM                 uninit   0x1000'5028   0x1028  main.o [1]
  CCMRAM                 uninit   0x1000'6050   0x1028  tgui.o [1]
  CCMRAM                 uninit   0x1000'7078    0x400  tgui.o [1]
                                - 0x1000'7478   0x7478

"P2", part 1 of 3:                               0x333
  P2-1                            0x2000'0000    0x333  <Init block>
    .data                inited   0x2000'0000      0xc  fnt12.o [1]
    .data                inited   0x2000'000c      0xc  fnt12bold.o [1]
    .data                inited   0x2000'0018      0xc  fnt18.o [1]
    .data                inited   0x2000'0024      0xc  fnt18bold.o [1]
    .data                inited   0x2000'0030      0xc  fnt24.o [1]
    .data                inited   0x2000'003c      0xc  fnt24bold.o [1]
    .data                inited   0x2000'0048      0xc  fnt36num_lcd.o [1]
    .data                inited   0x2000'0054      0xc  fnt48num_lcd.o [1]
    .data                inited   0x2000'0060     0x10  languages.o [1]
    .data                inited   0x2000'0070      0x4  languages.o [1]
    .data                inited   0x2000'0074      0x4  lcd_ui.o [1]
    .data                inited   0x2000'0078      0x4  stm32f4xx_hal.o [1]
    .data                inited   0x2000'007c      0x4  system_stm32f4xx.o [1]
    .data                inited   0x2000'0080    0x200  tgui_filesscreenfuncs.o [1]
    .data                inited   0x2000'0280      0x4  tgui_movezscreenfuncs.o [1]
    .data                inited   0x2000'0284     0x20  usbh_msc.o [1]
    .data                inited   0x2000'02a4      0x4  z_stepper.o [1]
    .data                inited   0x2000'02a8     0x38  xlocale_c.o [2]
    .data                inited   0x2000'02e0     0x48  xlocale_c.o [2]
    .data                inited   0x2000'0328      0x2  lcd_ui.o [1]
    .data                inited   0x2000'032a      0x2  lcd_ui.o [1]
    .data                inited   0x2000'032c      0x2  lcd_ui.o [1]
    .data                inited   0x2000'032e      0x1  lcd_ui.o [1]
    .data                inited   0x2000'032f      0x1  stm32f4xx_hal.o [1]
    .data                inited   0x2000'0330      0x1  tgui_defaultfuncs.o [1]
    .data                inited   0x2000'0331      0x1  tgui_filesscreenfuncs.o [1]
    .data                inited   0x2000'0332      0x1  z_endstops.o [1]
                                - 0x2000'0333    0x333

"P2", part 2 of 3:                              0x6cbc
  .bss                   zero     0x2000'0334   0x1038  fatfs.o [1]
  .bss                   zero     0x2000'136c   0x1038  fatfs.o [1]
  .bss                   zero     0x2000'23a4    0x830  tgui_filesscreenfuncs.o [1]
  .bss                   zero     0x2000'2bd4    0x498  tgui.o [1]
  .bss                   zero     0x2000'306c    0x400  config.o [1]
  .bss                   zero     0x2000'346c    0x400  main.o [1]
  .bss                   zero     0x2000'386c    0x400  main.o [1]
  .bss                   zero     0x2000'3c6c    0x400  main.o [1]
  .bss                   zero     0x2000'406c    0x400  z_planner.o [1]
  .bss                   zero     0x2000'446c    0x3d8  usb_host.o [1]
  .bss                   zero     0x2000'4844    0x39c  tgui.o [1]
  .bss                   zero     0x2000'4be0    0x348  tgui.o [1]
  .bss                   zero     0x2000'4f28    0x348  tgui.o [1]
  .bss                   zero     0x2000'5270    0x348  tgui.o [1]
  .bss                   zero     0x2000'55b8    0x2c4  usbh_conf.o [1]
  .bss                   zero     0x2000'587c    0x224  main.o [1]
  .bss                   zero     0x2000'5aa0    0x200  config.o [1]
  .bss                   zero     0x2000'5ca0    0x200  ff.o [1]
  .bss                   zero     0x2000'5ea0    0x200  main.o [1]
  .bss                   zero     0x2000'60a0    0x1d8  dlmalloc.o [2]
  .bss                   zero     0x2000'6278    0x1a4  tgui.o [1]
  .bss                   zero     0x2000'641c    0x150  tgui.o [1]
  .bss                   zero     0x2000'656c    0x100  sys_timer.o [1]
  .bss                   zero     0x2000'666c     0xfc  tgui.o [1]
  .bss                   zero     0x2000'6768     0x80  fst_spi.o [1]
  .bss                   zero     0x2000'67e8     0x80  fst_spi.o [1]
  .bss                   zero     0x2000'6868     0x60  fst_spi.o [1]
  .bss                   zero     0x2000'68c8     0x60  fst_spi.o [1]
  .bss                   zero     0x2000'6928     0x60  fst_spi.o [1]
  .bss                   zero     0x2000'6988     0x60  fst_spi.o [1]
  .bss                   zero     0x2000'69e8     0x60  fst_spi.o [1]
  .bss                   zero     0x2000'6a48     0x60  lcd_low.o [1]
  .bss                   zero     0x2000'6aa8     0x54  eeprom.o [1]
  .bss                   zero     0x2000'6afc     0x54  files_pws.o [1]
  .bss                   zero     0x2000'6b50     0x50  fsmc.o [1]
  .bss                   zero     0x2000'6ba0     0x4c  config.o [1]
  .bss                   zero     0x2000'6bec     0x40  tim.o [1]
  .bss                   zero     0x2000'6c2c     0x40  tim.o [1]
  .bss                   zero     0x2000'6c6c     0x34  main.o [1]
  .bss                   zero     0x2000'6ca0     0x30  files_pws.o [1]
  .bss                   zero     0x2000'6cd0     0x30  tgui.o [1]
  .bss                   zero     0x2000'6d00     0x30  tgui.o [1]
  .bss                   zero     0x2000'6d30     0x30  tgui.o [1]
  .bss                   zero     0x2000'6d60     0x30  tgui.o [1]
  .bss                   zero     0x2000'6d90     0x30  tgui.o [1]
  .bss                   zero     0x2000'6dc0     0x30  tgui.o [1]
  .bss                   zero     0x2000'6df0     0x30  tgui.o [1]
  .bss                   zero     0x2000'6e20     0x28  tgui.o [1]
  .bss                   zero     0x2000'6e48     0x28  z_planner.o [1]
  .bss                   zero     0x2000'6e70     0x20  rtc.o [1]
  .bss                   zero     0x2000'6e90     0x1c  config.o [1]
  .bss                   zero     0x2000'6eac     0x1c  files_pws.o [1]
  .bss                   zero     0x2000'6ec8     0x18  dlmalloc.o [2]
  .bss                   zero     0x2000'6ee0     0x10  config.o [1]
  .bss                   zero     0x2000'6ef0     0x10  config.o [1]
  .bss                   zero     0x2000'6f00     0x10  ff_gen_drv.o [1]
  .bss                   zero     0x2000'6f10     0x10  touch.o [1]
  .bss                   zero     0x2000'6f20      0xc  spi_flash.o [1]
  .bss                   zero     0x2000'6f2c      0x8  fatfs.o [1]
  .bss                   zero     0x2000'6f34      0x8  fatfs.o [1]
  .bss                   zero     0x2000'6f3c      0x8  ff.o [1]
  .bss                   zero     0x2000'6f44      0x4  cpld_utils.o [1]
  .bss                   zero     0x2000'6f48      0x4  fsmc.o [1]
  .bss                   zero     0x2000'6f4c      0x4  motor.o [1]
  .bss                   zero     0x2000'6f50      0x4  prtfiles.o [1]
  .bss                   zero     0x2000'6f54      0x4  spi_flash.o [1]
  .bss                   zero     0x2000'6f58      0x4  spi_flash.o [1]
  .bss                   zero     0x2000'6f5c      0x4  stm32f4xx_hal.o [1]
  .bss                   zero     0x2000'6f60      0x4  stm32f4xx_ll_usb.o [1]
  .bss                   zero     0x2000'6f64      0x4  tgui.o [1]
  .bss                   zero     0x2000'6f68      0x4  touch.o [1]
  .bss                   zero     0x2000'6f6c      0x4  z_planner.o [1]
  .bss                   zero     0x2000'6f70      0x4  z_planner.o [1]
  .bss                   zero     0x2000'6f74      0x4  z_planner.o [1]
  .bss                   zero     0x2000'6f78      0x4  z_planner.o [1]
  .bss                   zero     0x2000'6f7c      0x4  z_planner.o [1]
  .bss                   zero     0x2000'6f80      0x4  z_planner.o [1]
  .bss                   zero     0x2000'6f84      0x4  z_planner.o [1]
  .bss                   zero     0x2000'6f88      0x4  z_stepper.o [1]
  .bss                   zero     0x2000'6f8c      0x4  z_stepper.o [1]
  .bss                   zero     0x2000'6f90      0x4  z_stepper.o [1]
  .bss                   zero     0x2000'6f94      0x4  z_stepper.o [1]
  .bss                   zero     0x2000'6f98      0x4  z_stepper.o [1]
  .bss                   zero     0x2000'6f9c      0x4  z_stepper.o [1]
  .bss                   zero     0x2000'6fa0      0x4  z_stepper.o [1]
  .bss                   zero     0x2000'6fa4      0x4  z_stepper.o [1]
  .bss                   zero     0x2000'6fa8      0x4  z_stepper.o [1]
  .bss                   zero     0x2000'6fac      0x4  z_stepper.o [1]
  .bss                   zero     0x2000'6fb0      0x4  z_stepper.o [1]
  .bss                   zero     0x2000'6fb4      0x4  z_stepper.o [1]
  .bss                   zero     0x2000'6fb8      0x4  z_stepper.o [1]
  .bss                   zero     0x2000'6fbc      0x4  z_stepper.o [1]
  .bss                   zero     0x2000'6fc0      0x4  xfail_s.o [2]
  .bss                   zero     0x2000'6fc4      0x4  xgetmemchunk.o [2]
  .bss                   zero     0x2000'6fc8      0x2  ff.o [1]
  .bss                   zero     0x2000'6fca      0x2  lcd_low.o [1]
  .bss                   zero     0x2000'6fcc      0x2  lcd_ui.o [1]
  .bss                   zero     0x2000'6fce      0x2  lcd_ui.o [1]
  .bss                   zero     0x2000'6fd0      0x2  lcd_ui.o [1]
  .bss                   zero     0x2000'6fd2      0x2  z_planner.o [1]
  .bss                   zero     0x2000'6fd4      0x1  eeprom.o [1]
  .bss                   zero     0x2000'6fd5      0x1  fatfs.o [1]
  .bss                   zero     0x2000'6fd6      0x1  fatfs.o [1]
  .bss                   zero     0x2000'6fd7      0x1  main.o [1]
  .bss                   zero     0x2000'6fd8      0x1  main.o [1]
  .bss                   zero     0x2000'6fd9      0x1  main.o [1]
  .bss                   zero     0x2000'6fda      0x1  main.o [1]
  .bss                   zero     0x2000'6fdb      0x1  main.o [1]
  .bss                   zero     0x2000'6fdc      0x1  prtfiles.o [1]
  .bss                   zero     0x2000'6fdd      0x1  tgui_defaultfuncs.o [1]
  .bss                   zero     0x2000'6fde      0x1  tgui_filesscreenfuncs.o [1]
  .bss                   zero     0x2000'6fdf      0x1  tgui_filesscreenfuncs.o [1]
  .bss                   zero     0x2000'6fe0      0x1  tgui_filesscreenfuncs.o [1]
  .bss                   zero     0x2000'6fe1      0x1  tgui_filesscreenfuncs.o [1]
  .bss                   zero     0x2000'6fe2      0x1  usb_host.o [1]
  .bss                   zero     0x2000'6fe3      0x1  z_endstops.o [1]
  .bss                   zero     0x2000'6fe4      0x1  z_endstops.o [1]
  .bss                   zero     0x2000'6fe5      0x1  z_planner.o [1]
  .bss                   zero     0x2000'6fe6      0x1  z_planner.o [1]
  .bss                   zero     0x2000'6fe7      0x1  z_planner.o [1]
  .bss                   zero     0x2000'6fe8      0x1  z_planner.o [1]
  .bss                   zero     0x2000'6fe9      0x1  z_planner.o [1]
  .bss                   zero     0x2000'6fea      0x1  z_planner.o [1]
  .bss                   zero     0x2000'6feb      0x1  z_stepper.o [1]
  .bss                   zero     0x2000'6fec      0x1  z_stepper.o [1]
  .bss                   zero     0x2000'6fed      0x1  z_stepper.o [1]
  .bss                   zero     0x2000'6fee      0x1  z_stepper.o [1]
  .bss                   zero     0x2000'6fef      0x1  z_stepper.o [1]
                                - 0x2000'6ff0   0x6cbc

"P2", part 3 of 3:                              0x7200
  .noinit                uninit   0x2000'6ff0   0x1000  tgui.o [1]
  .noinit                uninit   0x2000'7ff0    0x200  tgui.o [1]
  CSTACK                          0x2000'81f0   0x4000  <Block>
    CSTACK               uninit   0x2000'81f0   0x4000  <Block tail>
  HEAP                            0x2000'c1f0   0x2000  <Block>
    HEAP                 uninit   0x2000'c1f0   0x2000  <Block tail>
                                - 0x2000'e1f0   0x7200

Unused ranges:

         From           To      Size
         ----           --      ----
   0x803'12f7   0x807'ffff  0x4'ed09
  0x1000'7478  0x1000'ffff    0x8b88
  0x2000'0333  0x2000'0333       0x1
  0x2000'e1f0  0x2001'ffff  0x1'1e10


*******************************************************************************
*** INIT TABLE
***

          Address      Size
          -------      ----
Zero (__iar_zero_init3)
    1 destination range, total size 0x6cbc:
          0x2000'0334  0x6cbc

Copy/lz77 (__iar_lz77_init_single3)
    1 source range, total size 0xdb (26% of destination):
           0x803'121c    0xdb
    1 destination range, total size 0x333:
          0x2000'0000   0x333

Extra (__iar_cstart_call_ctors)



*******************************************************************************
*** MODULE SUMMARY
***

    Module                   ro code  ro data  rw data
    ------                   -------  -------  -------
command line/config:
    --------------------------------------------------
    Total:

D:\Electronics\Projects\MKS_DLP_new\SRC\firmware\MKSDLP_Alter_Debug\Obj: [1]
    config.o                   1 068             1 672
    cpld_utils.o                 162                 4
    datetime.o                   148
    diskio.o                     176
    eeprom.o                   1 508                85
    fatfs.o                      344             8 322
    ff.o                      11 156      272      522
    ff_gen_drv.o                  84                16
    ffunicode.o                  324      944
    files_pws.o                  924       28      160
    fnt12.o                             2 039       12
    fnt12bold.o                         2 251       12
    fnt18.o                             4 071       12
    fnt18bold.o                         4 619       12
    fnt24.o                             6 816       12
    fnt24bold.o                         8 663       12
    fnt36num_lcd.o                      1 703       12
    fnt48num_lcd.o                      3 079       12
    fsmc.o                       276                84
    fst_spi.o                  1 360               736
    gpio.o                       652
    languages.o                   64    2 194       20
    lcd_low.o                  1 292                98
    lcd_ui.o                   2 940        2       17
    main.o                     3 078      636   28 845
    motor.o                      768                 4
    prtfiles.o                    76                 5
    rtc.o                        200        4       32
    spi_flash.o                  804                20
    spifl_diskio.o               300       20
    ssd_utils.o                1 408
    startup_stm32f407xx.o        412
    stm32f4xx_hal.o              180        2        9
    stm32f4xx_hal_cortex.o       300
    stm32f4xx_hal_dma.o        1 112        8
    stm32f4xx_hal_gpio.o         594
    stm32f4xx_hal_hcd.o        4 192
    stm32f4xx_hal_i2c.o          490
    stm32f4xx_hal_msp.o           64
    stm32f4xx_hal_rcc.o        1 448
    stm32f4xx_hal_rcc_ex.o       336
    stm32f4xx_hal_rtc.o        1 048
    stm32f4xx_hal_spi.o        1 532
    stm32f4xx_hal_sram.o          92
    stm32f4xx_hal_tim.o        1 930
    stm32f4xx_hal_tim_ex.o       172
    stm32f4xx_it.o               156
    stm32f4xx_ll_fsmc.o          228
    stm32f4xx_ll_usb.o         2 500                 4
    sys_timer.o                  288               256
    system_stm32f4xx.o            32       25        4
    tgui.o                    10 318    1 068   15 776
    tgui_defaultfuncs.o        2 720       16        2
    tgui_filesscreenfuncs.o    3 724      241    2 613
    tgui_infoscreenfuncs.o       200       56
    tgui_langscreenfuncs.o        28
    tgui_messagebox.o          1 864
    tgui_movezscreenfuncs.o      752        1        4
    tim.o                        488        8      128
    touch.o                      628                20
    unicode_utils.o              830
    usb_host.o                   140               985
    usbh_conf.o                  760               708
    usbh_core.o                1 950
    usbh_ctlreq.o              1 468
    usbh_diskio.o                324       20
    usbh_ioreq.o                 208
    usbh_msc.o                 2 228       12       32
    usbh_msc_bot.o               916
    usbh_msc_scsi.o            1 002
    usbh_pipes.o                 182
    usbh_platform.o               32
    uvdisplay.o                   12
    z_endstops.o                 264        1        3
    z_planner.o                4 176        4    1 100
    z_stepper.o                1 684        1       65
    --------------------------------------------------
    Total:                    83 116   38 804   62 447

dl7M_tlf.a: [2]
    abort.o                        6
    cppinit.o                     24
    dlmalloc.o                 5 344               496
    exit.o                         4
    heaptramp0.o                   4
    low_level_init.o               4
    sprintf.o                     64
    strcat.o                      30
    xencoding_8859_1.o            30
    xfail_s.o                     64                 4
    xgetmemchunk.o                44                 4
    xlocale_c.o                  120       41      128
    xmbcurmax.o                   10
    xprintffull.o              3 910
    xsprout.o                     10
    --------------------------------------------------
    Total:                     9 668       41      632

dlpp7M_tl_fc.a: [3]
    --------------------------------------------------
    Total:

m7M_tls.a: [4]
    DblAdd.o                     362
    DblCmpGe.o                    46
    DblCmpLe.o                    46
    DblDiv.o                     582
    DblMul.o                     418
    DblSub.o                     226
    DblToFlt.o                   104
    DblToS32.o                    58
    DblToU32.o                    40
    FltToDbl.o                    72
    S32ToDbl.o                    34
    U32ToDbl.o                    26
    ceilf.o                       60
    floorf.o                      60
    fpinit_M.o                    34
    frexp.o                      112
    ldexp.o                      314
    lroundf.o                     46
    sqrtf.o                       30
    --------------------------------------------------
    Total:                     2 670

rt7M_tl.a: [5]
    ABImemclr4.o                   6
    ABImemcpy.o                  166
    ABImemset.o                  102
    ABImemset48.o                 50
    I64DivMod.o                  560
    cexit.o                       10
    cmain.o                       30
    cmain_call_ctors.o            32
    cstartup_M.o                  12
    data_init.o                   40
    lz77_init_single.o           122
    memchr.o                      88
    strchr.o                      22
    strcmp.o                      18
    strcpy.o                      24
    strlen.o                      54
    strncpy.o                    112
    zero_init3.o                  58
    --------------------------------------------------
    Total:                     1 506

shb_l.a: [6]
    exit.o                        20
    unwind_debug.o                          1
    --------------------------------------------------
    Total:                        20        1

    Gaps                          57        8
    Linker created                         36   24 576
------------------------------------------------------
    Grand Total:              97 037   38 890   87 655


*******************************************************************************
*** ENTRY LIST
***

Entry                       Address    Size  Type      Object
-----                       -------    ----  ----      ------
.iar.init_table$$Base    0x803'0760           --   Gb  - Linker created -
.iar.init_table$$Limit   0x803'0784           --   Gb  - Linker created -
?main                    0x803'07fd          Code  Gb  cmain.o [5]
AHBPrescTable            0x803'0d5c    0x10  Data  Gb  system_stm32f4xx.o [1]
APBPrescTable            0x803'1024     0x8  Data  Gb  system_stm32f4xx.o [1]
Appli_state             0x2000'6fe2     0x1  Data  Gb  usb_host.o [1]
Appli_state_old         0x2000'6fd7     0x1  Data  Gb  main.o [1]
BusFault_Handler         0x803'001f     0x2  Code  Gb  stm32f4xx_it.o [1]
CFG_Init()               0x801'd409   0x11c  Code  Gb  config.o [1]
CFG_LoadFromFile(void *, void *)
                         0x801'd6d3   0x10a  Code  Gb  config.o [1]
CFG_SaveConfig()         0x801'd647    0x2e  Code  Gb  config.o [1]
CFG_SaveMotor()          0x801'd5d5    0x2c  Code  Gb  config.o [1]
CFG_SaveTimers()         0x801'd6a7    0x2c  Code  Gb  config.o [1]
CFG_SetConfigDefault()   0x801'd601    0x46  Code  Gb  config.o [1]
CFG_SetMotorDefault()    0x801'd525    0xb0  Code  Gb  config.o [1]
CFG_SetTimersDefault()   0x801'd675    0x32  Code  Gb  config.o [1]
CPLD_Init()              0x802'0859     0x2  Code  Gb  cpld_utils.o [1]
CSTACK$$Base            0x2000'81f0           --   Gb  - Linker created -
CSTACK$$Limit           0x2000'c1f0           --   Gb  - Linker created -
CacheMore                0x801'a571    0x24  Code  Lc  xlocale_c.o [2]
DMA1_Stream3_IRQHandler
                         0x803'0031     0xa  Code  Gb  stm32f4xx_it.o [1]
DMA1_Stream4_IRQHandler
                         0x803'003b     0xa  Code  Gb  stm32f4xx_it.o [1]
DMA2_Stream2_IRQHandler
                         0x803'0059     0xa  Code  Gb  stm32f4xx_it.o [1]
DMA2_Stream5_IRQHandler
                         0x803'0063     0xa  Code  Gb  stm32f4xx_it.o [1]
DMA2_Stream7_IRQHandler
                         0x803'004f     0xa  Code  Gb  stm32f4xx_it.o [1]
DMA_CalcBaseAndBitshift
                         0x801'9e2b    0x30  Code  Lc  stm32f4xx_hal_dma.o [1]
DMA_CalcBaseAndBitshift::flagBitshiftOffset
                         0x803'101c     0x8  Data  Lc  stm32f4xx_hal_dma.o [1]
DMA_CheckFifoParam       0x801'9e69    0x88  Code  Lc  stm32f4xx_hal_dma.o [1]
DMA_SetConfig            0x801'9dfd    0x2e  Code  Lc  stm32f4xx_hal_dma.o [1]
DTIME_GetDateTime(DATETIME_STRUCT *)
                         0x801'72ab    0x76  Code  Gb  datetime.o [1]
DTIME_GetMinutes()       0x801'7295    0x16  Code  Gb  datetime.o [1]
DeInitStateMachine       0x802'0e2d    0x66  Code  Lc  usbh_core.o [1]
DebugMon_Handler         0x803'0025     0x2  Code  Gb  stm32f4xx_it.o [1]
DeviceCode              0x2000'6fca     0x2  Data  Gb  lcd_low.o [1]
EEPROM_Init()            0x801'ce25    0xae  Code  Gb  eeprom.o [1]
EEPROM_ReadMemBuff(unsigned short, unsigned char *, unsigned short)
                         0x801'd151   0x14c  Code  Gb  eeprom.o [1]
EEPROM_WriteMemBuff(unsigned short, unsigned char *, unsigned short)
                         0x801'd2b5   0x12c  Code  Gb  eeprom.o [1]
EXTI0_IRQHandler         0x803'0099     0xe  Code  Gb  stm32f4xx_it.o [1]
EXTI2_IRQHandler         0x803'00a7     0xe  Code  Gb  stm32f4xx_it.o [1]
Endstops::disable()      0x802'0799    0x20  Code  Gb  motor.o [1]
Endstops::enable()       0x802'0741    0x14  Code  Gb  motor.o [1]
Endstops::enabled       0x2000'0332     0x1  Data  Gb  z_endstops.o [1]
Endstops::hit_state     0x2000'6fe3     0x1  Data  Gb  z_endstops.o [1]
Endstops::init()         0x801'e919    0x2a  Code  Gb  z_endstops.o [1]
Endstops::live_state    0x2000'6fe4     0x1  Data  Gb  z_endstops.o [1]
Endstops::state()        0x802'0755     0xc  Code  Gb  z_endstops.o [1]
Endstops::update()       0x801'e943    0x9c  Code  Gb  z_endstops.o [1]
EndstopsInterrupt        0x801'e911     0x8  Code  Gb  z_endstops.o [1]
Error_Handler            0x801'bcb9     0x2  Code  Gb  main.o [1]
ExCvt                    0x803'00b4    0x80  Data  Lc  ff.o [1]
FATFS_DelFileExtensionUTF
                         0x801'3029    0x20  Code  Gb  fatfs.o [1]
FATFS_GetFileExtension   0x801'2f7d    0x4a  Code  Gb  fatfs.o [1]
FATFS_GetFileExtensionUTF
                         0x801'2fc7    0x62  Code  Gb  fatfs.o [1]
FATFS_Init               0x801'2f11    0x1c  Code  Gb  fatfs.o [1]
FATFS_LinkDriver         0x801'30ad     0xa  Code  Gb  ff_gen_drv.o [1]
FATFS_LinkDriverEx       0x801'3069    0x44  Code  Gb  ff_gen_drv.o [1]
FLASH_SPIEnable          0x801'a2cf   0x188  Code  Gb  fst_spi.o [1]
FLASH_SPIGetSpeed        0x801'a473     0xc  Code  Gb  fst_spi.o [1]
FLASH_SPIInit            0x801'a26b    0x64  Code  Gb  fst_spi.o [1]
FLASH_SPIReadBuff        0x801'a4a5    0x40  Code  Gb  fst_spi.o [1]
FLASH_SPIReadBuffDMA     0x801'a4e5    0x36  Code  Gb  fst_spi.o [1]
FLASH_SPISetSpeed        0x801'a457    0x1c  Code  Gb  fst_spi.o [1]
FLASH_SPIWriteReadByte   0x801'a47f    0x26  Code  Gb  fst_spi.o [1]
FPWS_DrawPreview(FIL *, TG_RECT *)
                         0x802'bcc1   0x274  Code  Gb  files_pws.o [1]
FPWS_GetPreviewDataOffset()
                         0x802'bc9f    0x12  Code  Gb  files_pws.o [1]
FPWS_GetPreviewHeight()
                         0x802'bcb9     0x8  Code  Gb  files_pws.o [1]
FPWS_GetPreviewWidth()   0x802'bcb1     0x8  Code  Gb  files_pws.o [1]
FPWS_ReadFileInfo(FIL *)
                         0x802'bbb9    0xe6  Code  Gb  files_pws.o [1]
FSMC_Initialized        0x2000'6f48     0x4  Data  Lc  fsmc.o [1]
FSMC_NORSRAM_Extended_Timing_Init
                         0x801'c751    0x40  Code  Gb  stm32f4xx_ll_fsmc.o [1]
FSMC_NORSRAM_Init        0x801'c6b5    0x58  Code  Gb  stm32f4xx_ll_fsmc.o [1]
FSMC_NORSRAM_Timing_Init
                         0x801'c70d    0x44  Code  Gb  stm32f4xx_ll_fsmc.o [1]
FatFs                   0x2000'6f3c     0x8  Data  Lc  ff.o [1]
Fsid                    0x2000'6fc8     0x2  Data  Lc  ff.o [1]
GPIO_Init                0x801'c7cd   0x28c  Code  Gb  gpio.o [1]
HAL_DMA_GetState         0x801'9df7     0x6  Code  Gb  stm32f4xx_hal_dma.o [1]
HAL_DMA_IRQHandler       0x801'9bed   0x20a  Code  Gb  stm32f4xx_hal_dma.o [1]
HAL_DMA_Init             0x801'9a99    0xe0  Code  Gb  stm32f4xx_hal_dma.o [1]
HAL_DMA_Start_IT         0x801'9b79    0x74  Code  Gb  stm32f4xx_hal_dma.o [1]
HAL_Delay                0x801'995d    0x28  Code  Wk  stm32f4xx_hal.o [1]
HAL_FSMC_MspInit         0x801'9a07    0x70  Code  Gb  fsmc.o [1]
HAL_GPIO_EXTI_IRQHandler
                         0x801'beb3    0x1c  Code  Gb  stm32f4xx_hal_gpio.o [1]
HAL_GPIO_Init            0x801'bcbd   0x1d0  Code  Gb  stm32f4xx_hal_gpio.o [1]
HAL_GPIO_ReadPin         0x801'be8d    0x12  Code  Gb  stm32f4xx_hal_gpio.o [1]
HAL_GPIO_WritePin        0x801'be9f    0x14  Code  Gb  stm32f4xx_hal_gpio.o [1]
HAL_GetTick              0x801'3585     0xc  Code  Wk  stm32f4xx_hal.o [1]
HAL_HCD_Connect_Callback
                         0x802'1a33     0xc  Code  Gb  usbh_conf.o [1]
HAL_HCD_Disconnect_Callback
                         0x802'1a3f     0xc  Code  Gb  usbh_conf.o [1]
HAL_HCD_GetCurrentFrame
                         0x802'285d     0xa  Code  Gb  stm32f4xx_hal_hcd.o [1]
HAL_HCD_GetCurrentSpeed
                         0x802'2867     0xa  Code  Gb  stm32f4xx_hal_hcd.o [1]
HAL_HCD_HC_GetURBState   0x802'2843     0xe  Code  Gb  stm32f4xx_hal_hcd.o [1]
HAL_HCD_HC_GetXferCount
                         0x802'2851     0xc  Code  Gb  stm32f4xx_hal_hcd.o [1]
HAL_HCD_HC_Halt          0x802'248d    0x2c  Code  Gb  stm32f4xx_hal_hcd.o [1]
HAL_HCD_HC_Init          0x802'23c3    0xca  Code  Gb  stm32f4xx_hal_hcd.o [1]
HAL_HCD_HC_NotifyURBChange_Callback
                         0x802'1a4b     0x2  Code  Gb  usbh_conf.o [1]
HAL_HCD_HC_SubmitRequest
                         0x802'24b9   0x1f8  Code  Gb  stm32f4xx_hal_hcd.o [1]
HAL_HCD_IRQHandler       0x802'26b1   0x134  Code  Gb  stm32f4xx_hal_hcd.o [1]
HAL_HCD_Init             0x802'234d    0x76  Code  Gb  stm32f4xx_hal_hcd.o [1]
HAL_HCD_MspInit          0x802'19a5    0x82  Code  Gb  usbh_conf.o [1]
HAL_HCD_PortDisabled_Callback
                         0x802'1a59     0xc  Code  Gb  usbh_conf.o [1]
HAL_HCD_PortEnabled_Callback
                         0x802'1a4d     0xc  Code  Gb  usbh_conf.o [1]
HAL_HCD_ResetPort        0x802'2839     0xa  Code  Gb  stm32f4xx_hal_hcd.o [1]
HAL_HCD_SOF_Callback     0x802'1a27     0xc  Code  Gb  usbh_conf.o [1]
HAL_HCD_Start            0x802'27e5    0x2e  Code  Gb  stm32f4xx_hal_hcd.o [1]
HAL_HCD_Stop             0x802'2813    0x26  Code  Gb  stm32f4xx_hal_hcd.o [1]
HAL_I2C_Init             0x801'e725   0x1d0  Code  Gb  stm32f4xx_hal_i2c.o [1]
HAL_IncTick              0x801'7175    0x58  Code  Gb  sys_timer.o [1]
HAL_Init                 0x801'c799    0x30  Code  Gb  stm32f4xx_hal.o [1]
HAL_InitTick             0x801'e679    0x4c  Code  Wk  stm32f4xx_hal.o [1]
HAL_MspInit              0x801'e6c5    0x40  Code  Gb  stm32f4xx_hal_msp.o [1]
HAL_NVIC_EnableIRQ       0x801'9fe9     0xa  Code  Gb  stm32f4xx_hal_cortex.o [1]
HAL_NVIC_SetPriority     0x801'9fc7    0x22  Code  Gb  stm32f4xx_hal_cortex.o [1]
HAL_NVIC_SetPriorityGrouping
                         0x801'9fbf     0x8  Code  Gb  stm32f4xx_hal_cortex.o [1]
HAL_RCCEx_PeriphCLKConfig
                         0x801'e515   0x12c  Code  Gb  stm32f4xx_hal_rcc_ex.o [1]
HAL_RCC_ClockConfig      0x801'e321   0x13a  Code  Gb  stm32f4xx_hal_rcc.o [1]
HAL_RCC_GetHCLKFreq      0x801'e45b     0x6  Code  Gb  stm32f4xx_hal_rcc.o [1]
HAL_RCC_GetPCLK1Freq     0x801'e461    0x16  Code  Gb  stm32f4xx_hal_rcc.o [1]
HAL_RCC_GetSysClockFreq
                         0x801'e495    0x80  Code  Wk  stm32f4xx_hal_rcc.o [1]
HAL_RCC_OscConfig        0x801'df6d   0x3b4  Code  Wk  stm32f4xx_hal_rcc.o [1]
HAL_RTC_GetDate          0x801'33d7    0x4e  Code  Gb  stm32f4xx_hal_rtc.o [1]
HAL_RTC_GetTime          0x801'328f    0x62  Code  Gb  stm32f4xx_hal_rtc.o [1]
HAL_RTC_Init             0x801'30bd    0xcc  Code  Gb  stm32f4xx_hal_rtc.o [1]
HAL_RTC_SetDate          0x801'32f1    0xe6  Code  Gb  stm32f4xx_hal_rtc.o [1]
HAL_RTC_SetTime          0x801'3189   0x106  Code  Gb  stm32f4xx_hal_rtc.o [1]
HAL_RTC_WaitForSynchro   0x801'3431    0x36  Code  Gb  stm32f4xx_hal_rtc.o [1]
HAL_SPI_Init             0x801'bf11    0xca  Code  Gb  stm32f4xx_hal_spi.o [1]
HAL_SPI_Receive_DMA      0x801'c001   0x106  Code  Gb  stm32f4xx_hal_spi.o [1]
HAL_SPI_TransmitReceive_DMA
                         0x801'c107   0x156  Code  Gb  stm32f4xx_hal_spi.o [1]
HAL_SPI_TxRxCpltCallback
                         0x801'a01d    0x1e  Code  Gb  fst_spi.o [1]
HAL_SRAM_Init            0x801'b059    0x5c  Code  Gb  stm32f4xx_hal_sram.o [1]
HAL_SRAM_MspInit         0x801'9a77     0x8  Code  Gb  fsmc.o [1]
HAL_SYSTICK_Config       0x801'9ff3     0x8  Code  Gb  stm32f4xx_hal_cortex.o [1]
HAL_TIMEx_MasterConfigSynchronization
                         0x802'18f9    0x8c  Code  Gb  stm32f4xx_hal_tim_ex.o [1]
HAL_TIM_Base_Init        0x801'ffb5    0x38  Code  Gb  stm32f4xx_hal_tim.o [1]
HAL_TIM_Base_MspInit     0x801'fef1    0x56  Code  Gb  tim.o [1]
HAL_TIM_Base_Start_IT    0x801'ffed    0x28  Code  Gb  stm32f4xx_hal_tim.o [1]
HAL_TIM_Base_Stop_IT     0x802'0015    0x34  Code  Gb  stm32f4xx_hal_tim.o [1]
HAL_TIM_ConfigClockSource
                         0x802'034f    0xe8  Code  Gb  stm32f4xx_hal_tim.o [1]
HAL_TIM_IRQHandler       0x802'00dd   0x176  Code  Gb  stm32f4xx_hal_tim.o [1]
HAL_TIM_MspPostInit      0x801'ff47    0x4e  Code  Gb  tim.o [1]
HAL_TIM_PWM_ConfigChannel
                         0x802'0253    0xfc  Code  Gb  stm32f4xx_hal_tim.o [1]
HAL_TIM_PWM_Init         0x802'0049    0x38  Code  Gb  stm32f4xx_hal_tim.o [1]
HAL_TIM_PWM_Start        0x802'0081    0x54  Code  Gb  stm32f4xx_hal_tim.o [1]
HCD_HC_IN_IRQHandler     0x802'2871   0x55e  Code  Lc  stm32f4xx_hal_hcd.o [1]
HCD_HC_OUT_IRQHandler    0x802'2dcf   0x478  Code  Lc  stm32f4xx_hal_hcd.o [1]
HCD_Port_IRQHandler      0x802'3305    0xa8  Code  Lc  stm32f4xx_hal_hcd.o [1]
HCD_RXQLVL_IRQHandler    0x802'3247    0xba  Code  Lc  stm32f4xx_hal_hcd.o [1]
HEAP$$Base              0x2000'c1f0           --   Gb  - Linker created -
HEAP$$Limit             0x2000'e1f0           --   Gb  - Linker created -
HardFault_Handler        0x803'001b     0x2  Code  Gb  stm32f4xx_it.o [1]
IsrStepperHandler        0x801'f8e7    0x1c  Code  Gb  z_stepper.o [1]
LANG_GetLanduagesCount()
                         0x801'6a29     0x4  Code  Gb  languages.o [1]
LANG_GetLanguageName(unsigned char)
                         0x801'69f7    0x16  Code  Gb  languages.o [1]
LANG_GetString(LNG_STRING_ID)
                         0x801'69ed     0xa  Code  Gb  languages.o [1]
LANG_SetLanguage(unsigned char)
                         0x801'6a0d    0x10  Code  Gb  languages.o [1]
LCDUI_Clear()            0x801'7593    0x1e  Code  Gb  lcd_ui.o [1]
LCDUI_DrawChar(char, unsigned short, short, short)
                         0x801'7a41   0x17e  Code  Gb  lcd_ui.o [1]
LCDUI_DrawFastHLine(short, short, short)
                         0x801'7651    0x64  Code  Gb  lcd_ui.o [1]
LCDUI_DrawFastVLine(short, short, short)
                         0x801'75ed    0x64  Code  Gb  lcd_ui.o [1]
LCDUI_DrawPixel(unsigned short, unsigned short)
                         0x801'75b1    0x3c  Code  Gb  lcd_ui.o [1]
LCDUI_DrawRoundRect(short, short, short, short, short)
                         0x801'7733    0xea  Code  Gb  lcd_ui.o [1]
LCDUI_DrawText(char *, unsigned short, short, short, short, short, TSIZE *)
                         0x801'7bd9   0x2ce  Code  Gb  lcd_ui.o [1]
LCDUI_FillRect(short, short, short, short)
                         0x801'76b5    0x7e  Code  Gb  lcd_ui.o [1]
LCDUI_FillRoundRect(short, short, short, short, short)
                         0x801'781d    0x82  Code  Gb  lcd_ui.o [1]
LCDUI_GetCurrentBackColor()
                         0x801'758b     0x8  Code  Gb  lcd_ui.o [1]
LCDUI_GetCurrentColor()
                         0x801'7583     0x8  Code  Gb  lcd_ui.o [1]
LCDUI_GetCurrentCursorY()
                         0x801'7577     0xc  Code  Gb  lcd_ui.o [1]
LCDUI_GetCurrentFontHeight()
                         0x801'7a37     0xa  Code  Gb  lcd_ui.o [1]
LCDUI_GetTextWidth(char *)
                         0x801'79fd    0x3a  Code  Gb  lcd_ui.o [1]
LCDUI_Init()             0x801'7369    0x42  Code  Gb  lcd_ui.o [1]
LCDUI_SetBackColor(unsigned short)
                         0x801'754b     0xe  Code  Gb  lcd_ui.o [1]
LCDUI_SetColor(unsigned short)
                         0x801'753d     0xe  Code  Gb  lcd_ui.o [1]
LCDUI_SetCursorCoord(short, short)
                         0x801'7559    0x1e  Code  Gb  lcd_ui.o [1]
LCDUI_SetFont(LCDUI_FONT_TYPE)
                         0x801'797b    0x82  Code  Gb  lcd_ui.o [1]
LCD_BackLight            0x801'83b5    0x1a  Code  Gb  lcd_low.o [1]
LCD_Clear                0x801'8381    0x34  Code  Gb  lcd_low.o [1]
LCD_CtrlLinesConfig      0x801'7ee5    0x9a  Code  Gb  lcd_low.o [1]
LCD_FSMCConfig           0x801'7f7f     0x8  Code  Gb  lcd_low.o [1]
LCD_Initializtion        0x801'8025   0x256  Code  Gb  lcd_low.o [1]
LCD_ReadRAM              0x801'7ffb     0xa  Code  Gb  lcd_low.o [1]
LCD_ReadReg              0x801'7fa1     0xa  Code  Gb  lcd_low.o [1]
LCD_Read_ID              0x801'8005    0x20  Code  Gb  lcd_low.o [1]
LCD_SetCursor            0x801'827b    0x60  Code  Gb  lcd_low.o [1]
LCD_SetWindows           0x801'82db    0xa6  Code  Gb  lcd_low.o [1]
LCD_WaitDMAReady         0x801'7feb    0x10  Code  Gb  lcd_low.o [1]
LCD_WriteCmd             0x801'7fab     0x8  Code  Gb  lcd_low.o [1]
LCD_WriteRAM             0x801'7fbd     0x8  Code  Gb  lcd_low.o [1]
LCD_WriteRAM_DMA         0x801'7fc5    0x26  Code  Gb  lcd_low.o [1]
LCD_WriteRAM_Prepare     0x801'7fb3     0xa  Code  Gb  lcd_low.o [1]
LCD_WriteReg             0x801'7f93     0xe  Code  Gb  lcd_low.o [1]
LCD_X_Init               0x801'7f87     0xc  Code  Gb  lcd_low.o [1]
LfnBuf                  0x2000'5ca0   0x200  Data  Lc  ff.o [1]
LfnOfs                   0x803'0c8c    0x10  Data  Lc  ff.o [1]
LoadInt                  0x801'8bd7    0x7a  Code  Lc  xprintffull.o [2]
MIPI_Off()               0x802'0d77    0x2c  Code  Gb  ssd_utils.o [1]
MIPI_On()                0x802'0da3    0x2c  Code  Gb  ssd_utils.o [1]
MX_FSMC_Init             0x801'9985    0x82  Code  Gb  fsmc.o [1]
MemManage_Handler        0x803'001d     0x2  Code  Gb  stm32f4xx_it.o [1]
NMI_Handler              0x803'0019     0x2  Code  Gb  stm32f4xx_it.o [1]
NVIC_EncodePriority      0x801'9f55    0x3c  Code  Lc  stm32f4xx_hal_cortex.o [1]
OTG_FS_IRQHandler        0x803'0045     0xa  Code  Gb  stm32f4xx_it.o [1]
PFILE_DrawPreview(FIL *, TG_RECT *)
                         0x802'bb63    0x14  Code  Gb  prtfiles.o [1]
PFILE_Init(FIL *, FILES_TYPE)
                         0x802'bb35    0x2e  Code  Gb  prtfiles.o [1]
PendSV_Handler           0x803'0027     0x2  Code  Gb  stm32f4xx_it.o [1]
Planner::Planner()       0x801'ea01     0xe  Code  Gb  z_planner.o [1]
Planner::_buffer_steps(int, float, float)
                         0x801'f023    0x68  Code  Gb  z_planner.o [1]
Planner::_populate_block(block_t *, bool, int, float, float)
                         0x801'f0bd   0x5f8  Code  Gb  z_planner.o [1]
Planner::_populate_block(block_t *, bool, int32_t, float, float)::previous_safe_speed
                        0x2000'6f84     0x4  Data  Lc  z_planner.o [1]
Planner::block_buffer   0x2000'406c   0x400  Data  Gb  z_planner.o [1]
Planner::block_buffer_head
                        0x2000'6fe6     0x1  Data  Gb  z_planner.o [1]
Planner::block_buffer_nonbusy
                        0x2000'6fe7     0x1  Data  Gb  z_planner.o [1]
Planner::block_buffer_planned
                        0x2000'6fe8     0x1  Data  Gb  z_planner.o [1]
Planner::block_buffer_tail
                        0x2000'6fe9     0x1  Data  Gb  z_planner.o [1]
Planner::buffer_segment(float, float, float const &)
                         0x801'f701    0x46  Code  Gb  z_planner.o [1]
Planner::buffer_sync_block()
                         0x801'f6b9    0x42  Code  Gb  z_planner.o [1]
Planner::calculate_trapezoid_for_block(block_t *, float const &, float const &)
                         0x801'eaaf   0x124  Code  Gb  z_planner.o [1]
Planner::cleaning_buffer_counter
                        0x2000'6fd2     0x2  Data  Gb  z_planner.o [1]
Planner::clear_block_buffer()
                         0x802'1595    0x24  Code  Gb  z_planner.o [1]
Planner::cutoff_long    0x2000'6f78     0x4  Data  Gb  z_planner.o [1]
Planner::delay_before_delivering
                        0x2000'6fea     0x1  Data  Gb  z_planner.o [1]
Planner::endstop_triggered()
                         0x801'efff     0x8  Code  Gb  z_planner.o [1]
Planner::estimate_acceleration_distance(float, float, float)
                         0x802'1615    0xac  Code  Gb  z_planner.o [1]
Planner::forward_pass()
                         0x801'ee1b    0x54  Code  Gb  z_planner.o [1]
Planner::forward_pass_kernel(block_t const *, block_t *, unsigned char)
                         0x801'ed8b    0x90  Code  Gb  z_planner.o [1]
Planner::get_current_block()
                         0x801'ea37    0x78  Code  Gb  z_planner.o [1]
Planner::get_next_free_block(unsigned char &, unsigned char)
                         0x802'1831    0x38  Code  Gb  z_planner.o [1]
Planner::has_blocks_queued()
                         0x802'0779    0x20  Code  Gb  z_stepper.o [1]
Planner::init()          0x801'ea0f    0x28  Code  Gb  z_planner.o [1]
[...]
_tgui_FilesFileButtonPress(void *, void *)
                         0x802'b995   0x15e  Code  Gb  tgui_filesscreenfuncs.o [1]
_tgui_FilesListButtonPress(void *, void *)
                         0x802'b92d    0x3e  Code  Gb  tgui_filesscreenfuncs.o [1]
_tgui_FilesListFileButtonPaint(void *, void *)
                         0x802'b2f5   0x2fa  Code  Gb  tgui_filesscreenfuncs.o [1]
_tgui_FilesPrevButtonPress(void *, void *)
                         0x802'b81f   0x100  Code  Gb  tgui_filesscreenfuncs.o [1]
_tgui_FilesReadDir()     0x802'ad19   0x312  Code  Gb  tgui_filesscreenfuncs.o [1]
_tgui_FilesScreenPaint(void *, void *)
                         0x802'b145    0x30  Code  Gb  tgui_filesscreenfuncs.o [1]
_tgui_FilesScreenProcess(void *, void *)
                         0x802'b031   0x114  Code  Gb  tgui_filesscreenfuncs.o [1]
_tgui_FilesUpButtonPress(void *, void *)
                         0x802'b73d    0xba  Code  Gb  tgui_filesscreenfuncs.o [1]
_tgui_InfoScreenFansTimePaint(void *, void *)
                         0x802'fef1    0x34  Code  Gb  tgui_infoscreenfuncs.o [1]
_tgui_InfoScreenLightTimePaint(void *, void *)
                         0x802'febd    0x34  Code  Gb  tgui_infoscreenfuncs.o [1]
_tgui_InfoScreenUIAuthorPaint(void *, void *)
                         0x802'ff39    0x14  Code  Gb  tgui_infoscreenfuncs.o [1]
_tgui_InfoScreenURLPaint(void *, void *)
                         0x802'ff25    0x14  Code  Gb  tgui_infoscreenfuncs.o [1]
_tgui_InfoScreenVersionPaint(void *, void *)
                         0x802'fe95    0x28  Code  Gb  tgui_infoscreenfuncs.o [1]
_tgui_LanguageButtonPress(void *, void *)
                         0x803'0949    0x1c  Code  Gb  tgui_langscreenfuncs.o [1]
_tgui_MovezBackButtonPress(void *, void *)
                         0x801'dc7d    0x26  Code  Gb  tgui_movezscreenfuncs.o [1]
_tgui_MovezDownButtonPress(void *, void *)
                         0x801'dddb    0xa8  Code  Gb  tgui_movezscreenfuncs.o [1]
_tgui_MovezHomeButtonPress(void *, void *)
                         0x801'dce5    0x14  Code  Gb  tgui_movezscreenfuncs.o [1]
_tgui_MovezScreenProcess(void *, void *)
                         0x801'df65     0x8  Code  Gb  tgui_movezscreenfuncs.o [1]
_tgui_MovezSetZ0ButtonPress(void *, void *)
                         0x801'de83    0x24  Code  Gb  tgui_movezscreenfuncs.o [1]
_tgui_MovezStepSelectButtonPress(void *, void *)
                         0x801'dcf9    0x38  Code  Gb  tgui_movezscreenfuncs.o [1]
_tgui_MovezStopButtonPress(void *, void *)
                         0x801'dca3    0x42  Code  Gb  tgui_movezscreenfuncs.o [1]
_tgui_MovezUpButtonPress(void *, void *)
                         0x801'dd31    0xaa  Code  Gb  tgui_movezscreenfuncs.o [1]
_tgui_MovezUpdateHomed()
                         0x801'dea7    0x92  Code  Gb  tgui_movezscreenfuncs.o [1]
_tgui_MsgBoxButtonProcess(void *, void *)
                         0x801'702d   0x13a  Code  Gb  tgui_messagebox.o [1]
_tgui_MsgBoxPaint()      0x801'6e21   0x20c  Code  Gb  tgui_messagebox.o [1]
_tgui_MsgBoxProcess()    0x801'6d51    0xd0  Code  Gb  tgui_messagebox.o [1]
_tgui_MsgBoxShow(MSGBOXTYPE, char *, char *, void (*)(void *, void *), void (*)(void *, void *))
                         0x801'6a2d   0x324  Code  Gb  tgui_messagebox.o [1]
_tgui_ScreenTimeInit()   0x801'5e9d    0x24  Code  Gb  tgui_defaultfuncs.o [1]
_tgui_ScreenTimePaint(void *, void *)
                         0x801'5eff    0xc4  Code  Gb  tgui_defaultfuncs.o [1]
_tgui_ScreenTimeProcess(void *, void *)
                         0x801'5ec1    0x3e  Code  Gb  tgui_defaultfuncs.o [1]
_tgui_ScreenTimeProcess(void *, void *)::minutes
                        0x2000'6fdd     0x1  Data  Lc  tgui_defaultfuncs.o [1]
_touch_ReadCoords        0x801'8731    0xc8  Code  Gb  touch.o [1]
_touch_RefreshState      0x801'87f9   0x126  Code  Gb  touch.o [1]
abort                    0x801'c50b     0x6  Code  Gb  abort.o [2]
activefilelist          0x2000'6fdf     0x1  Data  Gb  tgui_filesscreenfuncs.o [1]
add_segment              0x802'7bf9   0x1f2  Code  Lc  dlmalloc.o [2]
ceilf                    0x802'15e9          Code  Gb  ceilf.o [4]
cfgCFileName            0x2000'5aa0   0x200  Data  Gb  config.o [1]
cfgConfig               0x2000'6ef0    0x10  Data  Gb  config.o [1]
cfgTFileName            0x2000'306c   0x400  Data  Gb  config.o [1]
cfgTimers               0x2000'6e90    0x1c  Data  Gb  config.o [1]
cfgzMotor               0x2000'6ba0    0x4c  Data  Gb  config.o [1]
cfname                  0x2000'3c6c   0x400  Data  Gb  main.o [1]
check_fs                 0x801'1635    0x76  Code  Lc  ff.o [1]
chk_chr                  0x801'020f    0x14  Code  Lc  ff.o [1]
clngLangEng              0x802'fce4    0xd8  Data  Lc  languages.o [1]
clngLangRus              0x802'fdbc    0xd8  Data  Lc  languages.o [1]
clst2sect                0x801'0403    0x1a  Code  Lc  ff.o [1]
cmd                     0x2000'6f44     0x4  Data  Gb  cpld_utils.o [1]
cmp_lfn                  0x801'0afd    0xa0  Code  Lc  ff.o [1]
create_chain             0x801'0711   0x130  Code  Lc  ff.o [1]
create_name              0x801'12c1   0x286  Code  Lc  ff.o [1]
create_partition         0x801'24af   0x1a8  Code  Lc  ff.o [1]
currdir                 0x2000'0080   0x200  Data  Gb  tgui_filesscreenfuncs.o [1]
d                       0x2000'6f58     0x4  Data  Gb  spi_flash.o [1]
dbc_1st                  0x801'0223     0xe  Code  Lc  ff.o [1]
dbc_2nd                  0x801'0231     0xe  Code  Lc  ff.o [1]
dir                     0x2000'6c6c    0x34  Data  Gb  main.o [1]
dir_alloc                0x801'0a49    0x64  Code  Lc  ff.o [1]
dir_clear                0x801'0841    0x64  Code  Lc  ff.o [1]
dir_find                 0x801'0e7b   0x118  Code  Lc  ff.o [1]
dir_next                 0x801'0957    0xf2  Code  Lc  ff.o [1]
dir_read                 0x801'0d7b   0x100  Code  Lc  ff.o [1]
dir_register             0x801'0f93   0x166  Code  Lc  ff.o [1]
dir_sdi                  0x801'08a5    0xb2  Code  Lc  ff.o [1]
disk                    0x2000'6f00    0x10  Data  Gb  ff_gen_drv.o [1]
disk_initialize          0x801'2d3b    0x32  Code  Gb  diskio.o [1]
disk_ioctl               0x801'2da9    0x20  Code  Gb  diskio.o [1]
disk_read                0x801'2d6d    0x1e  Code  Gb  diskio.o [1]
disk_status              0x801'2d1d    0x1e  Code  Gb  diskio.o [1]
disk_write               0x801'2d8b    0x1e  Code  Gb  diskio.o [1]
exit                     0x803'081f     0x4  Code  Gb  exit.o [2]
fMoveStep               0x2000'0280     0x4  Data  Gb  tgui_movezscreenfuncs.o [1]
f_close                  0x801'20db    0x2a  Code  Gb  ff.o [1]
f_closedir               0x801'2337    0x1c  Code  Gb  ff.o [1]
f_getfree                0x801'23af   0x100  Code  Gb  ff.o [1]
f_lseek                  0x801'2105   0x1aa  Code  Gb  ff.o [1]
f_mkfs                   0x801'2657   0x692  Code  Gb  ff.o [1]
f_mkfs::cst              0x803'0c9c    0x10  Data  Lc  ff.o [1]
f_mkfs::cst32            0x803'0cac    0x10  Data  Lc  ff.o [1]
f_mkfs::defopt           0x803'0cbc    0x10  Data  Lc  ff.o [1]
f_mount                  0x801'19c7    0x54  Code  Gb  ff.o [1]
f_open                   0x801'1a3d   0x21a  Code  Gb  ff.o [1]
f_opendir                0x801'22af    0x88  Code  Gb  ff.o [1]
f_read                   0x801'1c57   0x1cc  Code  Gb  ff.o [1]
f_readdir                0x801'2353    0x5c  Code  Gb  ff.o [1]
f_sync                   0x801'203b    0xa0  Code  Gb  ff.o [1]
f_write                  0x801'1e23   0x218  Code  Gb  ff.o [1]
fbuff                   0x1000'0000  0x4000  Data  Gb  main.o [1]
ff_oem2uni               0x801'2e13    0x3a  Code  Gb  ffunicode.o [1]
ff_uni2oem               0x801'2dcd    0x46  Code  Gb  ffunicode.o [1]
ff_wtoupper              0x801'2e4d    0xb6  Code  Gb  ffunicode.o [1]
ff_wtoupper::cvt1        0x802'f000   0x1f4  Data  Lc  ffunicode.o [1]
ff_wtoupper::cvt2        0x802'ff5c    0xbc  Data  Lc  ffunicode.o [1]
files                   0x2000'23a4   0x830  Data  Gb  tgui_filesscreenfuncs.o [1]
find_volume              0x801'16b1    0x6c  Code  Lc  ff.o [1]
finfo                   0x2000'587c   0x224  Data  Gb  main.o [1]
floorf                   0x802'16d1          Code  Gb  floorf.o [4]
fnt12_data               0x802'e2e0   0x6b4  Data  Gb  fnt12.o [1]
fnt12_width              0x802'f338   0x140  Data  Gb  fnt12.o [1]
fnt12bold_data           0x802'db58   0x788  Data  Gb  fnt12bold.o [1]
fnt12bold_width          0x802'f478   0x140  Data  Gb  fnt12bold.o [1]
fnt18_data               0x802'9e04   0xea4  Data  Gb  fnt18.o [1]
fnt18_width              0x802'f5b8   0x140  Data  Gb  fnt18.o [1]
fnt18bold_data           0x802'8d3c  0x10c8  Data  Gb  fnt18bold.o [1]
fnt18bold_width          0x802'f6f8   0x140  Data  Gb  fnt18bold.o [1]
fnt24_data               0x802'5ed4  0x195c  Data  Gb  fnt24.o [1]
fnt24_width              0x802'f838   0x140  Data  Gb  fnt24.o [1]
fnt24bold_data           0x802'3e40  0x2094  Data  Gb  fnt24bold.o [1]
fnt24bold_width          0x802'f978   0x140  Data  Gb  fnt24bold.o [1]
fnt36num_lcd_data        0x802'e994   0x66c  Data  Gb  fnt36num_lcd.o [1]
fnt36num_lcd_width       0x803'02ec    0x38  Data  Gb  fnt36num_lcd.o [1]
fnt48num_lcd_data        0x802'bf54   0xbcc  Data  Gb  fnt48num_lcd.o [1]
fnt48num_lcd_width       0x803'0324    0x38  Data  Gb  fnt48num_lcd.o [1]
follow_path              0x801'154d    0x9a  Code  Lc  ff.o [1]
font_fnt12              0x2000'0000     0xc  Data  Gb  fnt12.o [1]
font_fnt12bold          0x2000'000c     0xc  Data  Gb  fnt12bold.o [1]
font_fnt18              0x2000'0018     0xc  Data  Gb  fnt18.o [1]
font_fnt18bold          0x2000'0024     0xc  Data  Gb  fnt18bold.o [1]
font_fnt24              0x2000'0030     0xc  Data  Gb  fnt24.o [1]
font_fnt24bold          0x2000'003c     0xc  Data  Gb  fnt24bold.o [1]
font_fnt36num_lcd       0x2000'0048     0xc  Data  Gb  fnt36num_lcd.o [1]
font_fnt48num_lcd       0x2000'0054     0xc  Data  Gb  fnt48num_lcd.o [1]
fpws_header             0x2000'6ca0    0x30  Data  Gb  files_pws.o [1]
fpws_info               0x2000'6afc    0x54  Data  Gb  files_pws.o [1]
fpws_preview            0x2000'6eac    0x1c  Data  Gb  files_pws.o [1]
free                     0x802'd769     0x4  Code  Gb  heaptramp0.o [2]
gen_numname              0x801'0cb9    0xa2  Code  Lc  ff.o [1]
get_fat                  0x801'041d   0x10a  Code  Lc  ff.o [1]
get_fattime              0x801'2f2d    0x50  Code  Gb  fatfs.o [1]
get_fileinfo             0x801'10f9   0x1c8  Code  Lc  ff.o [1]
get_ldnumber             0x801'15e7    0x4e  Code  Lc  ff.o [1]
hFlashSpi               0x2000'67e8    0x80  Data  Gb  fst_spi.o [1]
hFlashSpiDmaRx          0x2000'6988    0x60  Data  Gb  fst_spi.o [1]
hFlashSpiDmaTx          0x2000'69e8    0x60  Data  Gb  fst_spi.o [1]
hI2C                    0x2000'6aa8    0x54  Data  Gb  eeprom.o [1]
hLcdDma                 0x2000'6a48    0x60  Data  Gb  lcd_low.o [1]
hRTC                    0x2000'6e70    0x20  Data  Gb  rtc.o [1]
hStepperTim             0x2000'6bec    0x40  Data  Gb  tim.o [1]
hTouchSpi               0x2000'6768    0x80  Data  Gb  fst_spi.o [1]
hTouchSpiDmaRx          0x2000'6868    0x60  Data  Gb  fst_spi.o [1]
hTouchSpiDmaTx          0x2000'68c8    0x60  Data  Gb  fst_spi.o [1]
hUsbHost                0x2000'446c   0x3d8  Data  Gb  usb_host.o [1]
hZRefTim                0x2000'6c2c    0x40  Data  Gb  tim.o [1]
hhcd_USB_OTG_FS         0x2000'55b8   0x2c4  Data  Gb  usbh_conf.o [1]
hsram1                  0x2000'6b50    0x50  Data  Gb  fsmc.o [1]
i2c_timer               0x2000'6fd4     0x1  Data  Gb  eeprom.o [1]
idle()                   0x801'd835     0xa  Code  Gb  motor.o [1]
idle()::idlecount       0x2000'6f4c     0x4  Data  Lc  motor.o [1]
init_mparams             0x802'784b    0x32  Code  Lc  dlmalloc.o [2]
init_top                 0x802'787d    0x36  Code  Lc  dlmalloc.o [2]
lastfilenum             0x2000'0331     0x1  Data  Gb  tgui_filesscreenfuncs.o [1]
lcdui_bgcolor           0x2000'6fd0     0x2  Data  Gb  lcd_ui.o [1]
lcdui_color             0x2000'032c     0x2  Data  Gb  lcd_ui.o [1]
lcdui_current_font      0x2000'0074     0x4  Data  Gb  lcd_ui.o [1]
lcdui_current_font_type
                        0x2000'032e     0x1  Data  Gb  lcd_ui.o [1]
lcdui_cursor_x          0x2000'6fcc     0x2  Data  Gb  lcd_ui.o [1]
lcdui_cursor_y          0x2000'6fce     0x2  Data  Gb  lcd_ui.o [1]
lcdui_height            0x2000'032a     0x2  Data  Gb  lcd_ui.o [1]
lcdui_width             0x2000'0328     0x2  Data  Gb  lcd_ui.o [1]
ld_clust                 0x801'0aad    0x26  Code  Lc  ff.o [1]
ld_dword                 0x801'0195    0x16  Code  Lc  ff.o [1]
ld_word                  0x801'0189     0xc  Code  Lc  ff.o [1]
ldexp                    0x801'ab45          Code  Gb  ldexp.o [4]
ldexpl                   0x801'ab45          Code  Gb  ldexp.o [4]
lngCurrent              0x2000'0070     0x4  Data  Gb  languages.o [1]
lngLanguages            0x2000'0060    0x10  Data  Gb  languages.o [1]
localeconv               0x801'a5d9     0x4  Code  Gb  xlocale_c.o [2]
lroundf                  0x802'1885          Code  Gb  lroundf.o [4]
main                     0x801'b0b5   0xa6e  Code  Gb  main.o [1]
mem_cmp                  0x801'01f1    0x1e  Code  Lc  ff.o [1]
mem_cpy                  0x801'01d1    0x14  Code  Lc  ff.o [1]
mem_set                  0x801'01e5     0xc  Code  Lc  ff.o [1]
memchr                   0x801'a63d          Code  Gb  memchr.o [5]
mount_volume             0x801'171d   0x262  Code  Lc  ff.o [1]
move_window              0x801'0331    0x3e  Code  Lc  ff.o [1]
mparams                 0x2000'6ec8    0x18  Data  Lc  dlmalloc.o [2]
msg                     0x2000'5ea0   0x200  Data  Gb  main.o [1]
nomorefiles             0x2000'6fe1     0x1  Data  Gb  tgui_filesscreenfuncs.o [1]
oldUsbMounted           0x2000'6fde     0x1  Data  Gb  tgui_filesscreenfuncs.o [1]
pfile_type              0x2000'6fdc     0x1  Data  Gb  prtfiles.o [1]
pick_lfn                 0x801'0b9d    0x90  Code  Lc  ff.o [1]
prepend_alloc            0x802'78b3   0x346  Code  Lc  dlmalloc.o [2]
prt_file                0x2000'6f50     0x4  Data  Gb  prtfiles.o [1]
put_fat                  0x801'0527   0x15c  Code  Lc  ff.o [1]
put_lfn                  0x801'0c2d    0x84  Code  Lc  ff.o [1]
put_utf                  0x801'0285    0x5c  Code  Lc  ff.o [1]
remove_chain             0x801'0683    0x8e  Code  Lc  ff.o [1]
retSPIFL                0x2000'6fd6     0x1  Data  Gb  fatfs.o [1]
retUSBH                 0x2000'6fd5     0x1  Data  Gb  fatfs.o [1]
s_tfname                0x2000'386c   0x400  Data  Gb  main.o [1]
scalbln                  0x801'ab45          Code  Gb  ldexp.o [4]
scalblnl                 0x801'ab45          Code  Gb  ldexp.o [4]
scalbn                   0x801'ab45          Code  Gb  ldexp.o [4]
scalbnl                  0x801'ab45          Code  Gb  ldexp.o [4]
scale                    0x801'91eb    0x46  Code  Lc  xprintffull.o [2]
scrTimeTimer            0x2000'0330     0x1  Data  Gb  tgui_defaultfuncs.o [1]
sec_hand                0x2000'6fc0     0x4  Data  Lc  xfail_s.o [2]
segment_holding          0x802'7831    0x1a  Code  Lc  dlmalloc.o [2]
sfile                   0x1000'5028  0x1028  Data  Gb  main.o [1]
sprintf                  0x801'7329    0x40  Code  Gb  sprintf.o [2]
sqrtf                    0x802'17d5          Code  Gb  sqrtf.o [4]
srvMode                 0x2000'6fdb     0x1  Data  Gb  main.o [1]
st_clust                 0x801'0ad3    0x2a  Code  Lc  ff.o [1]
st_dword                 0x801'01b9    0x18  Code  Lc  ff.o [1]
st_word                  0x801'01ab     0xe  Code  Lc  ff.o [1]
strcat                   0x802'bb99    0x1e  Code  Gb  strcat.o [2]
strchr                   0x801'a5e5          Code  Gb  strchr.o [5]
strcmp                   0x801'dbb9          Code  Gb  strcmp.o [5]
strcpy                   0x802'bb81          Code  Gb  strcpy.o [5]
strcpy_utf(char *, char *)
                         0x801'8615    0x28  Code  Gb  unicode_utils.o [1]
strlen                   0x801'34d5          Code  Gb  strlen.o [5]
strncpy                  0x801'89a5          Code  Gb  strncpy.o [5]
strtrim(char *)          0x801'86cf    0x5e  Code  Gb  unicode_utils.o [1]
strupper_utf(char *)     0x801'872d     0x2  Code  Gb  unicode_utils.o [1]
subdir                  0x2000'6fe0     0x1  Data  Gb  tgui_filesscreenfuncs.o [1]
sum_sfn                  0x801'0d5b    0x20  Code  Lc  ff.o [1]
sync_fs                  0x801'036f    0x94  Code  Lc  ff.o [1]
sync_window              0x801'02e1    0x50  Code  Lc  ff.o [1]
sys_alloc                0x802'7df1   0x164  Code  Lc  dlmalloc.o [2]
sys_trim                 0x802'7f55    0x64  Code  Lc  dlmalloc.o [2]
systemInfo              0x2000'6ee0    0x10  Data  Gb  config.o [1]
tchar2uni                0x801'023f    0x46  Code  Lc  ff.o [1]
tfname                  0x1000'7078   0x400  Data  Gb  tgui.o [1]
tguiActiveScreen        0x2000'6f64     0x4  Data  Gb  tgui.o [1]
tguiDBuff               0x2000'6ff0  0x1000  Data  Gb  tgui.o [1]
tguiDefaultConfig       0x2000'6e20    0x28  Data  Gb  tgui.o [1]
tguiFBuff               0x2000'7ff0   0x200  Data  Gb  tgui.o [1]
tguiFile                0x1000'6050  0x1028  Data  Gb  tgui.o [1]
tguiMsgBox              0x2000'4be0   0x348  Data  Gb  tgui.o [1]
tguiScrFilesButtons     0x2000'5270   0x348  Data  Gb  tgui.o [1]
tguiScrFilesListButtons
                        0x2000'2bd4   0x498  Data  Gb  tgui.o [1]
tguiScrInfoButtons      0x2000'4844   0x39c  Data  Gb  tgui.o [1]
tguiScrLanguageButtons  0x2000'666c    0xfc  Data  Gb  tgui.o [1]
tguiScrMainButtons      0x2000'641c   0x150  Data  Gb  tgui.o [1]
tguiScrMovezButtons     0x2000'4f28   0x348  Data  Gb  tgui.o [1]
tguiScrServiceButtons   0x2000'6278   0x1a4  Data  Gb  tgui.o [1]
tguiScreenFiles         0x2000'6dc0    0x30  Data  Gb  tgui.o [1]
tguiScreenFilesList     0x2000'6df0    0x30  Data  Gb  tgui.o [1]
tguiScreenInfo          0x2000'6d60    0x30  Data  Gb  tgui.o [1]
tguiScreenLanguage      0x2000'6d30    0x30  Data  Gb  tgui.o [1]
tguiScreenMain          0x2000'6cd0    0x30  Data  Gb  tgui.o [1]
tguiScreenMovez         0x2000'6d90    0x30  Data  Gb  tgui.o [1]
tguiScreenService       0x2000'6d00    0x30  Data  Gb  tgui.o [1]
tguiTimer               0x2000'6fd9     0x1  Data  Gb  main.o [1]
tmalloc_large            0x802'7fc5   0x386  Code  Lc  dlmalloc.o [2]
tmalloc_small            0x802'834b   0x200  Code  Lc  dlmalloc.o [2]
touch_buff              0x2000'6928    0x60  Data  Gb  fst_spi.o [1]
touch_info              0x2000'6f10    0x10  Data  Gb  touch.o [1]
touch_point             0x2000'6f68     0x4  Data  Gb  touch.o [1]
tstrcat(unsigned short *, unsigned short *)
                         0x801'865f    0x2c  Code  Gb  unicode_utils.o [1]
tstrcat_utf(unsigned short *, char *)
                         0x801'868b    0x44  Code  Gb  unicode_utils.o [1]
tstrcpy(unsigned short *, unsigned short *)
                         0x801'863d    0x22  Code  Gb  unicode_utils.o [1]
u_tfname                0x2000'346c   0x400  Data  Gb  main.o [1]
uc866                    0x802'fbe4   0x100  Data  Lc  ffunicode.o [1]
ufile                   0x1000'4000  0x1028  Data  Gb  main.o [1]
uwTick                  0x2000'6f5c     0x4  Data  Gb  stm32f4xx_hal.o [1]
uwTickFreq              0x2000'032f     0x1  Data  Gb  stm32f4xx_hal.o [1]
uwTickPrio              0x2000'0078     0x4  Data  Gb  stm32f4xx_hal.o [1]
validate                 0x801'197f    0x48  Code  Lc  ff.o [1]
zHoldTimer              0x2000'6fda     0x1  Data  Gb  main.o [1]
zPlanner                0x2000'6fe5     0x1  Data  Gb  z_planner.o [1]


[1] = D:\Electronics\Projects\MKS_DLP_new\SRC\firmware\MKSDLP_Alter_Debug\Obj
[2] = dl7M_tlf.a
[3] = dlpp7M_tl_fc.a
[4] = m7M_tls.a
[5] = rt7M_tl.a
[6] = shb_l.a

  97 037 bytes of readonly  code memory
  38 890 bytes of readonly  data memory
  87 655 bytes of readwrite data memory

Errors: none
Warnings: none
