###############################################################################
#
# IAR ELF Linker V8.32.1.169/W32 for ARM                  01/Oct/2020  02:36:31
# Copyright 2007-2018 IAR Systems AB.
#
#    Output file  =  
#        D:\Electronics\Projects\MKS_DLP_new\SRC\firmware\MKSDLP_Alter_debug\Exe\MKS_DLP_new.out
#    Map file     =  
#        D:\Electronics\Projects\MKS_DLP_new\SRC\firmware\MKSDLP_Alter_debug\List\MKS_DLP_new.map
#    Command line =  
#        -f C:\Temp\EWC6FF.tmp
#        (D:\Electronics\Projects\MKS_DLP_new\SRC\firmware\MKSDLP_Alter_Debug\Obj\config.o
#        D:\Electronics\Projects\MKS_DLP_new\SRC\firmware\MKSDLP_Alter_Debug\Obj\cpld_utils.o
#        D:\Electronics\Projects\MKS_DLP_new\SRC\firmware\MKSDLP_Alter_Debug\Obj\datetime.o
#        D:\Electronics\Projects\MKS_DLP_new\SRC\firmware\MKSDLP_Alter_Debug\Obj\diskio.o
#        D:\Electronics\Projects\MKS_DLP_new\SRC\firmware\MKSDLP_Alter_Debug\Obj\eeprom.o
#        D:\Electronics\Projects\MKS_DLP_new\SRC\firmware\MKSDLP_Alter_Debug\Obj\fatfs.o
#        D:\Electronics\Projects\MKS_DLP_new\SRC\firmware\MKSDLP_Alter_Debug\Obj\ff.o
#        D:\Electronics\Projects\MKS_DLP_new\SRC\firmware\MKSDLP_Alter_Debug\Obj\ff_gen_drv.o
#        D:\Electronics\Projects\MKS_DLP_new\SRC\firmware\MKSDLP_Alter_Debug\Obj\ffsystem.o
#        D:\Electronics\Projects\MKS_DLP_new\SRC\firmware\MKSDLP_Alter_Debug\Obj\ffunicode.o
#        D:\Electronics\Projects\MKS_DLP_new\SRC\firmware\MKSDLP_Alter_Debug\Obj\files_photon.o
#        D:\Electronics\Projects\MKS_DLP_new\SRC\firmware\MKSDLP_Alter_Debug\Obj\files_pws.o
#        D:\Electronics\Projects\MKS_DLP_new\SRC\firmware\MKSDLP_Alter_Debug\Obj\fnt12.o
#        D:\Electronics\Projects\MKS_DLP_new\SRC\firmware\MKSDLP_Alter_Debug\Obj\fnt12bold.o
#        D:\Electronics\Projects\MKS_DLP_new\SRC\firmware\MKSDLP_Alter_Debug\Obj\fnt170num_lcd.o
#        D:\Electronics\Projects\MKS_DLP_new\SRC\firmware\MKSDLP_Alter_Debug\Obj\fnt18.o
#        D:\Electronics\Projects\MKS_DLP_new\SRC\firmware\MKSDLP_Alter_Debug\Obj\fnt18bold.o
#        D:\Electronics\Projects\MKS_DLP_new\SRC\firmware\MKSDLP_Alter_Debug\Obj\fnt24.o
#        D:\Electronics\Projects\MKS_DLP_new\SRC\firmware\MKSDLP_Alter_Debug\Obj\fnt24bold.o
#        D:\Electronics\Projects\MKS_DLP_new\SRC\firmware\MKSDLP_Alter_Debug\Obj\fnt36.o
#        D:\Electronics\Projects\MKS_DLP_new\SRC\firmware\MKSDLP_Alter_Debug\Obj\fnt36num.o
#        D:\Electronics\Projects\MKS_DLP_new\SRC\firmware\MKSDLP_Alter_Debug\Obj\fsmc.o
#        D:\Electronics\Projects\MKS_DLP_new\SRC\firmware\MKSDLP_Alter_Debug\Obj\fst_spi.o
#        D:\Electronics\Projects\MKS_DLP_new\SRC\firmware\MKSDLP_Alter_Debug\Obj\gpio.o
#        D:\Electronics\Projects\MKS_DLP_new\SRC\firmware\MKSDLP_Alter_Debug\Obj\languages.o
#        D:\Electronics\Projects\MKS_DLP_new\SRC\firmware\MKSDLP_Alter_Debug\Obj\lcd_low.o
#        D:\Electronics\Projects\MKS_DLP_new\SRC\firmware\MKSDLP_Alter_Debug\Obj\lcd_ui.o
#        D:\Electronics\Projects\MKS_DLP_new\SRC\firmware\MKSDLP_Alter_Debug\Obj\main.o
#        D:\Electronics\Projects\MKS_DLP_new\SRC\firmware\MKSDLP_Alter_Debug\Obj\motor.o
#        D:\Electronics\Projects\MKS_DLP_new\SRC\firmware\MKSDLP_Alter_Debug\Obj\printing.o
#        D:\Electronics\Projects\MKS_DLP_new\SRC\firmware\MKSDLP_Alter_Debug\Obj\prtfiles.o
#        D:\Electronics\Projects\MKS_DLP_new\SRC\firmware\MKSDLP_Alter_Debug\Obj\rtc.o
#        D:\Electronics\Projects\MKS_DLP_new\SRC\firmware\MKSDLP_Alter_Debug\Obj\spi_flash.o
#        D:\Electronics\Projects\MKS_DLP_new\SRC\firmware\MKSDLP_Alter_Debug\Obj\spifl_diskio.o
#        D:\Electronics\Projects\MKS_DLP_new\SRC\firmware\MKSDLP_Alter_Debug\Obj\ssd_utils.o
#        D:\Electronics\Projects\MKS_DLP_new\SRC\firmware\MKSDLP_Alter_Debug\Obj\startup_stm32f407xx.o
#        D:\Electronics\Projects\MKS_DLP_new\SRC\firmware\MKSDLP_Alter_Debug\Obj\stm32f4xx_hal.o
#        D:\Electronics\Projects\MKS_DLP_new\SRC\firmware\MKSDLP_Alter_Debug\Obj\stm32f4xx_hal_cortex.o
#        D:\Electronics\Projects\MKS_DLP_new\SRC\firmware\MKSDLP_Alter_Debug\Obj\stm32f4xx_hal_dma.o
#        D:\Electronics\Projects\MKS_DLP_new\SRC\firmware\MKSDLP_Alter_Debug\Obj\stm32f4xx_hal_dma_ex.o
#        D:\Electronics\Projects\MKS_DLP_new\SRC\firmware\MKSDLP_Alter_Debug\Obj\stm32f4xx_hal_exti.o
#        D:\Electronics\Projects\MKS_DLP_new\SRC\firmware\MKSDLP_Alter_Debug\Obj\stm32f4xx_hal_flash.o
#        D:\Electronics\Projects\MKS_DLP_new\SRC\firmware\MKSDLP_Alter_Debug\Obj\stm32f4xx_hal_flash_ex.o
#        D:\Electronics\Projects\MKS_DLP_new\SRC\firmware\MKSDLP_Alter_Debug\Obj\stm32f4xx_hal_flash_ramfunc.o
#        D:\Electronics\Projects\MKS_DLP_new\SRC\firmware\MKSDLP_Alter_Debug\Obj\stm32f4xx_hal_gpio.o
#        D:\Electronics\Projects\MKS_DLP_new\SRC\firmware\MKSDLP_Alter_Debug\Obj\stm32f4xx_hal_hcd.o
#        D:\Electronics\Projects\MKS_DLP_new\SRC\firmware\MKSDLP_Alter_Debug\Obj\stm32f4xx_hal_i2c.o
#        D:\Electronics\Projects\MKS_DLP_new\SRC\firmware\MKSDLP_Alter_Debug\Obj\stm32f4xx_hal_msp.o
#        D:\Electronics\Projects\MKS_DLP_new\SRC\firmware\MKSDLP_Alter_Debug\Obj\stm32f4xx_hal_pwr.o
#        D:\Electronics\Projects\MKS_DLP_new\SRC\firmware\MKSDLP_Alter_Debug\Obj\stm32f4xx_hal_pwr_ex.o
#        D:\Electronics\Projects\MKS_DLP_new\SRC\firmware\MKSDLP_Alter_Debug\Obj\stm32f4xx_hal_rcc.o
#        D:\Electronics\Projects\MKS_DLP_new\SRC\firmware\MKSDLP_Alter_Debug\Obj\stm32f4xx_hal_rcc_ex.o
#        D:\Electronics\Projects\MKS_DLP_new\SRC\firmware\MKSDLP_Alter_Debug\Obj\stm32f4xx_hal_rtc.o
#        D:\Electronics\Projects\MKS_DLP_new\SRC\firmware\MKSDLP_Alter_Debug\Obj\stm32f4xx_hal_rtc_ex.o
#        D:\Electronics\Projects\MKS_DLP_new\SRC\firmware\MKSDLP_Alter_Debug\Obj\stm32f4xx_hal_spi.o
#        D:\Electronics\Projects\MKS_DLP_new\SRC\firmware\MKSDLP_Alter_Debug\Obj\stm32f4xx_hal_sram.o
#        D:\Electronics\Projects\MKS_DLP_new\SRC\firmware\MKSDLP_Alter_Debug\Obj\stm32f4xx_hal_tim.o
#        D:\Electronics\Projects\MKS_DLP_new\SRC\firmware\MKSDLP_Alter_Debug\Obj\stm32f4xx_hal_tim_ex.o
#        D:\Electronics\Projects\MKS_DLP_new\SRC\firmware\MKSDLP_Alter_Debug\Obj\stm32f4xx_it.o
#        D:\Electronics\Projects\MKS_DLP_new\SRC\firmware\MKSDLP_Alter_Debug\Obj\stm32f4xx_ll_fsmc.o
#        D:\Electronics\Projects\MKS_DLP_new\SRC\firmware\MKSDLP_Alter_Debug\Obj\stm32f4xx_ll_usb.o
#        D:\Electronics\Projects\MKS_DLP_new\SRC\firmware\MKSDLP_Alter_Debug\Obj\sys_timer.o
#        D:\Electronics\Projects\MKS_DLP_new\SRC\firmware\MKSDLP_Alter_Debug\Obj\system_stm32f4xx.o
#        D:\Electronics\Projects\MKS_DLP_new\SRC\firmware\MKSDLP_Alter_Debug\Obj\tgui.o
#        D:\Electronics\Projects\MKS_DLP_new\SRC\firmware\MKSDLP_Alter_Debug\Obj\tgui_clocksetscreenfuncs.o
#        D:\Electronics\Projects\MKS_DLP_new\SRC\firmware\MKSDLP_Alter_Debug\Obj\tgui_defaultfuncs.o
#        D:\Electronics\Projects\MKS_DLP_new\SRC\firmware\MKSDLP_Alter_Debug\Obj\tgui_filesscreenfuncs.o
#        D:\Electronics\Projects\MKS_DLP_new\SRC\firmware\MKSDLP_Alter_Debug\Obj\tgui_fileviewscreenfuncs.o
#        D:\Electronics\Projects\MKS_DLP_new\SRC\firmware\MKSDLP_Alter_Debug\Obj\tgui_infoscreenfuncs.o
#        D:\Electronics\Projects\MKS_DLP_new\SRC\firmware\MKSDLP_Alter_Debug\Obj\tgui_langscreenfuncs.o
#        D:\Electronics\Projects\MKS_DLP_new\SRC\firmware\MKSDLP_Alter_Debug\Obj\tgui_mainscreenfuncs.o
#        D:\Electronics\Projects\MKS_DLP_new\SRC\firmware\MKSDLP_Alter_Debug\Obj\tgui_messagebox.o
#        D:\Electronics\Projects\MKS_DLP_new\SRC\firmware\MKSDLP_Alter_Debug\Obj\tgui_movezscreenfuncs.o
#        D:\Electronics\Projects\MKS_DLP_new\SRC\firmware\MKSDLP_Alter_Debug\Obj\tgui_numenterscreenfuncs.o
#        D:\Electronics\Projects\MKS_DLP_new\SRC\firmware\MKSDLP_Alter_Debug\Obj\tgui_printscreenfuncs.o
#        D:\Electronics\Projects\MKS_DLP_new\SRC\firmware\MKSDLP_Alter_Debug\Obj\tgui_screensaverfuncs.o
#        D:\Electronics\Projects\MKS_DLP_new\SRC\firmware\MKSDLP_Alter_Debug\Obj\tgui_settingsscreenfuncs.o
#        D:\Electronics\Projects\MKS_DLP_new\SRC\firmware\MKSDLP_Alter_Debug\Obj\tgui_uvtestscreenfuncs.o
#        D:\Electronics\Projects\MKS_DLP_new\SRC\firmware\MKSDLP_Alter_Debug\Obj\tim.o
#        D:\Electronics\Projects\MKS_DLP_new\SRC\firmware\MKSDLP_Alter_Debug\Obj\touch.o
#        D:\Electronics\Projects\MKS_DLP_new\SRC\firmware\MKSDLP_Alter_Debug\Obj\unicode_utils.o
#        D:\Electronics\Projects\MKS_DLP_new\SRC\firmware\MKSDLP_Alter_Debug\Obj\usb_host.o
#        D:\Electronics\Projects\MKS_DLP_new\SRC\firmware\MKSDLP_Alter_Debug\Obj\usbh_conf.o
#        D:\Electronics\Projects\MKS_DLP_new\SRC\firmware\MKSDLP_Alter_Debug\Obj\usbh_core.o
#        D:\Electronics\Projects\MKS_DLP_new\SRC\firmware\MKSDLP_Alter_Debug\Obj\usbh_ctlreq.o
#        D:\Electronics\Projects\MKS_DLP_new\SRC\firmware\MKSDLP_Alter_Debug\Obj\usbh_diskio.o
#        D:\Electronics\Projects\MKS_DLP_new\SRC\firmware\MKSDLP_Alter_Debug\Obj\usbh_ioreq.o
#        D:\Electronics\Projects\MKS_DLP_new\SRC\firmware\MKSDLP_Alter_Debug\Obj\usbh_msc.o
#        D:\Electronics\Projects\MKS_DLP_new\SRC\firmware\MKSDLP_Alter_Debug\Obj\usbh_msc_bot.o
#        D:\Electronics\Projects\MKS_DLP_new\SRC\firmware\MKSDLP_Alter_Debug\Obj\usbh_msc_scsi.o
#        D:\Electronics\Projects\MKS_DLP_new\SRC\firmware\MKSDLP_Alter_Debug\Obj\usbh_pipes.o
#        D:\Electronics\Projects\MKS_DLP_new\SRC\firmware\MKSDLP_Alter_Debug\Obj\usbh_platform.o
#        D:\Electronics\Projects\MKS_DLP_new\SRC\firmware\MKSDLP_Alter_Debug\Obj\uvdisplay.o
#        D:\Electronics\Projects\MKS_DLP_new\SRC\firmware\MKSDLP_Alter_Debug\Obj\z_endstops.o
#        D:\Electronics\Projects\MKS_DLP_new\SRC\firmware\MKSDLP_Alter_Debug\Obj\z_planner.o
#        D:\Electronics\Projects\MKS_DLP_new\SRC\firmware\MKSDLP_Alter_Debug\Obj\z_stepper.o
#        --redirect _Printf=_PrintfFull --redirect _Scanf=_ScanfFull
#        --no_out_extension -o
#        D:\Electronics\Projects\MKS_DLP_new\SRC\firmware\MKSDLP_Alter_debug\Exe\MKS_DLP_new.out
#        --map
#        D:\Electronics\Projects\MKS_DLP_new\SRC\firmware\MKSDLP_Alter_debug\List\MKS_DLP_new.map
#        --log libraries,call_graph --log_file
#        D:\Electronics\Projects\MKS_DLP_new\SRC\firmware\MKSDLP_Alter_debug\List\MKS_DLP_new.log
#        --config
#        D:\Electronics\Projects\MKS_DLP_new\SRC\firmware/config/stm32f407xx_flash.icf
#        --semihosting --entry __iar_program_start --merge_duplicate_sections
#        --vfe --text_out locale)
#
###############################################################################

*******************************************************************************
*** RUNTIME MODEL ATTRIBUTES
***

CppFlavor                     = *
__CPP_Exceptions              = Disabled
__CPP_Language                = C++14
__Heap_Handler                = DLMalloc
__SystemLibrary               = DLib
__dlib_dynamic_initialization = normal
__dlib_version                = 6


*******************************************************************************
*** HEAP SELECTION
***

The advanced heap was selected because the application calls memory
allocation functions outside of system library functions, and there
are calls to deallocation functions in the application.


*******************************************************************************
*** PLACEMENT SUMMARY
***

"A0":  place at 0x801'0000 { ro section .intvec };
"P1":  place in [from 0x801'0000 to 0x807'ffff] { ro };
define block CSTACK with size = 16K, alignment = 8 { };
define block HEAP with size = 8K, alignment = 8 { };
"P2":  place in [from 0x2000'0000 to 0x2001'ffff] {
          rw, block CSTACK, block HEAP };
"P3":  place in [from 0x1000'0000 to 0x1000'ffff] { rw section CCMRAM };
initialize by copy { rw };

  Section                Kind         Address     Size  Object
  -------                ----         -------     ----  ------
"A0":                                            0x188
  .intvec                ro code   0x801'0000    0x188  startup_stm32f407xx.o [1]
                                 - 0x801'0188    0x188

"P1":                                          0x36923
  .rodata                const     0x801'0188   0x66f0  fnt170num_lcd.o [1]
  .text                  ro code   0x801'6878   0x4a70  tgui.o [1]
  .text                  ro code   0x801'b2e8     0x66  ABImemset.o [5]
  .text                  ro code   0x801'b34e     0x7a  lz77_init_single.o [5]
  .text                  ro code   0x801'b3c8    0xaf8  tgui_defaultfuncs.o [1]
  .text                  ro code   0x801'bec0     0xa6  ABImemcpy.o [5]
  .text                  ro code   0x801'bf66     0x3a  zero_init3.o [5]
  .text                  ro code   0x801'bfa0     0x40  languages.o [1]
  .text                  ro code   0x801'bfe0    0x754  tgui_messagebox.o [1]
  .text                  ro code   0x801'c734    0x20c  sys_timer.o [1]
  .text                  ro code   0x801'c940    0x26c  datetime.o [1]
  .text                  ro code   0x801'cbac     0x40  sprintf.o [2]
  .text                  ro code   0x801'cbec    0xc20  lcd_ui.o [1]
  .text                  ro code   0x801'd80c    0x520  lcd_low.o [1]
  .text                  ro code   0x801'dd2c   0x2d1c  ff.o [1]
  .text                  ro code   0x802'0a48    0x39a  unicode_utils.o [1]
  .text                  ro code   0x802'0de2     0x26  xencoding_8859_1.o [2]
  .text                  ro code   0x802'0e08    0x2d4  touch.o [1]
  .text                  ro code   0x802'10dc     0x70  strncpy.o [5]
  .text                  ro code   0x802'114c    0x418  stm32f4xx_hal_rtc.o [1]
  .text                  ro code   0x802'1564      0xc  stm32f4xx_hal.o [1]
  .text                  ro code   0x802'1570    0xf46  xprintffull.o [2]
  .text                  ro code   0x802'24b6     0x1e  xsscin.o [2]
  .text                  ro code   0x802'24d4     0x28  stm32f4xx_hal.o [1]
  .text                  ro code   0x802'24fc    0x114  fsmc.o [1]
  .text                  ro code   0x802'2610    0x458  stm32f4xx_hal_dma.o [1]
  .text                  ro code   0x802'2a68    0x12c  stm32f4xx_hal_cortex.o [1]
  .text                  ro code   0x802'2b94     0xb0  diskio.o [1]
  .text                  ro code   0x802'2c44    0x144  ffunicode.o [1]
  .text                  ro code   0x802'2d88    0x158  fatfs.o [1]
  .text                  ro code   0x802'2ee0    0x554  fst_spi.o [1]
  .text                  ro code   0x802'3434    0x104  xlocale_c.o [2]
  .text                  ro code   0x802'3538     0x16  strchr.o [5]
  .text                  ro code   0x802'354e      0xa  xsprout.o [2]
  .text                  ro code   0x802'3558     0x40  xfail_s.o [2]
  .text                  ro code   0x802'3598     0x36  strlen.o [5]
  .rodata                const     0x802'35ce      0x2  languages.o [1]
  .text                  ro code   0x802'35d0     0x58  memchr.o [5]
  .text                  ro code   0x802'3628      0xa  xmbcurmax.o [2]
  .rodata                const     0x802'3632      0x2  languages.o [1]
  .text                  ro code   0x802'3634    0x230  I64DivMod.o [5]
  .text                  ro code   0x802'3864    0x1a2  DblMul.o [4]
  .rodata                const     0x802'3a06      0x1  unwind_debug.o [6]
  .text                  ro code   0x802'3a08     0x70  frexp.o [4]
  .text                  ro code   0x802'3a78     0x2e  DblCmpLe.o [4]
  .text                  ro code   0x802'3aa8     0x2e  DblCmpGe.o [4]
  .text                  ro code   0x802'3ad8    0x13a  ldexp.o [4]
  .text                  ro code   0x802'3c14     0x3a  DblToS32.o [4]
  .text                  ro code   0x802'3c50     0x22  S32ToDbl.o [4]
  .text                  ro code   0x802'3c74     0xe2  DblSub.o [4]
  .text                  ro code   0x802'3d58    0x246  DblDiv.o [4]
  .text                  ro code   0x802'3fa0     0x28  DblToU32.o [4]
  .text                  ro code   0x802'3fc8     0x1a  U32ToDbl.o [4]
  .text                  ro code   0x802'3fe4      0x6  ABImemclr4.o [5]
  .text                  ro code   0x802'3fec     0x5c  stm32f4xx_hal_sram.o [1]
  .text                  ro code   0x802'4048   0x1212  main.o [1]
  .text                  ro code   0x802'525c    0x252  stm32f4xx_hal_gpio.o [1]
  .text                  ro code   0x802'54b0     0x54  ff_gen_drv.o [1]
  .text                  ro code   0x802'5504    0x766  stm32f4xx_hal_spi.o [1]
  .text                  ro code   0x802'5c6a      0x6  abort.o [2]
  .text                  ro code   0x802'5c70      0x2  stm32f4xx_hal_spi.o [1]
  .text                  ro code   0x802'5c74    0x17a  DblAdd.o [4]
  .text                  ro code   0x802'5df0     0x32  ABImemset48.o [5]
  .text                  ro code   0x802'5e24     0xe4  stm32f4xx_ll_fsmc.o [1]
  .text                  ro code   0x802'5f08     0x34  stm32f4xx_hal.o [1]
  .text                  ro code   0x802'5f3c    0x2c0  gpio.o [1]
  .text                  ro code   0x802'61fc    0x5e4  eeprom.o [1]
  .text                  ro code   0x802'67e0    0xec4  config.o [1]
  .text                  ro code   0x802'76a4    0x2c8  spi_flash.o [1]
  .text                  ro code   0x802'796c     0xc8  rtc.o [1]
  .text                  ro code   0x802'7a34    0x2e4  motor.o [1]
  .text                  ro code   0x802'7d18    0x1da  cpld_utils.o [1]
  .text                  ro code   0x802'7ef4     0x24  uvdisplay.o [1]
  .text                  ro code   0x802'7f18    0x488  tgui_uvtestscreenfuncs.o [1]
  .text                  ro code   0x802'83a0     0x20  usbh_platform.o [1]
  .text                  ro code   0x802'83c0     0x94  usb_host.o [1]
  .text                  ro code   0x802'8454     0x12  strcmp.o [5]
  .text                  ro code   0x802'8468    0x484  tgui_screensaverfuncs.o [1]
  .text                  ro code   0x802'88ec     0x48  FltToDbl.o [4]
  .text                  ro code   0x802'8934     0x68  DblToFlt.o [4]
  .text                  ro code   0x802'899c    0x524  tgui_movezscreenfuncs.o [1]
  .text                  ro code   0x802'8ec0    0x6b0  printing.o [1]
  .text                  ro code   0x802'9570    0x49c  prtfiles.o [1]
  .text                  ro code   0x802'9a0c    0x3b4  stm32f4xx_hal_rcc.o [1]
  .text                  ro code   0x802'9dc0    0x1f4  stm32f4xx_hal_rcc.o [1]
  .text                  ro code   0x802'9fb4    0x150  stm32f4xx_hal_rcc_ex.o [1]
  .text                  ro code   0x802'a104     0x14  exit.o [6]
  .text                  ro code   0x802'a118     0x4c  stm32f4xx_hal.o [1]
  .text                  ro code   0x802'a164     0x40  stm32f4xx_hal_msp.o [1]
  .text                  ro code   0x802'a1a4    0x1ea  stm32f4xx_hal_i2c.o [1]
  .text                  ro code   0x802'a390      0xe  math_wrappers64.o [4]
  .text                  ro code   0x802'a3a0    0x152  iar_Stoulx.o [2]
  .text                  ro code   0x802'a4f2     0x20  spi_flash.o [1]
  .text                  ro code   0x802'a514     0xe4  z_endstops.o [1]
  .text                  ro code   0x802'a5f8    0xe30  z_planner.o [1]
  .text                  ro code   0x802'b428    0x590  z_stepper.o [1]
  .text                  ro code   0x802'b9b8    0x1cc  tim.o [1]
  .text                  ro code   0x802'bb84    0x78a  stm32f4xx_hal_tim.o [1]
  .text                  ro code   0x802'c310     0x14  motor.o [1]
  .text                  ro code   0x802'c324      0xc  z_endstops.o [1]
  .text                  ro code   0x802'c330     0x18  z_endstops.o [1]
  .text                  ro code   0x802'c348     0x20  z_stepper.o [1]
  .text                  ro code   0x802'c368     0x20  motor.o [1]
  .text                  ro code   0x802'c388     0x42  cpld_utils.o [1]
  .text                  ro code   0x802'c3cc    0x5c8  ssd_utils.o [1]
  .text                  ro code   0x802'c994     0x18  strcpy.o [5]
  .text                  ro code   0x802'c9ac     0x1e  strcat.o [2]
  .text                  ro code   0x802'c9ca    0x7de  usbh_core.o [1]
  .text                  ro code   0x802'd1a8    0x538  files_pws.o [1]
  .text                  ro code   0x802'd6e0    0x684  files_photon.o [1]
  .text                  ro code   0x802'dd64     0x1e  sqrtf.o [4]
  .text                  ro code   0x802'dd84    0x51c  strto64.o [4]
  .text                  ro code   0x802'e2a0     0x14  isspace.o [2]
  .text                  ro code   0x802'e2b4     0x14  tolower.o [2]
  .text                  ro code   0x802'e2c8     0x18  z_stepper.o [1]
  .text                  ro code   0x802'e2e0     0x24  z_planner.o [1]
  .text                  ro code   0x802'e304     0x18  z_planner.o [1]
  .text                  ro code   0x802'e31c      0x8  z_stepper.o [1]
  .text                  ro code   0x802'e324     0x3c  ceilf.o [4]
  .text                  ro code   0x802'e360     0xac  z_planner.o [1]
  .text                  ro code   0x802'e40c     0x3c  floorf.o [4]
  .text                  ro code   0x802'e448     0xbc  z_planner.o [1]
  .text                  ro code   0x802'e504     0x12  z_planner.o [1]
  .text                  ro code   0x802'e516      0x8  z_planner.o [1]
  .text                  ro code   0x802'e520     0x20  z_stepper.o [1]
  .text                  ro code   0x802'e540     0x10  z_stepper.o [1]
  .text                  ro code   0x802'e550      0xc  z_stepper.o [1]
  .text                  ro code   0x802'e55c     0x38  z_planner.o [1]
  .text                  ro code   0x802'e594     0x18  z_planner.o [1]
  .text                  ro code   0x802'e5ac     0x2e  lroundf.o [4]
  .text                  ro code   0x802'e5dc     0x1c  z_stepper.o [1]
  .text                  ro code   0x802'e5f8     0x2c  z_stepper.o [1]
  .text                  ro code   0x802'e624     0xac  stm32f4xx_hal_tim_ex.o [1]
  .text                  ro code   0x802'e6d0    0x2f8  usbh_conf.o [1]
  .text                  ro code   0x802'e9c8     0xb6  usbh_pipes.o [1]
  .text                  ro code   0x802'ea7e    0x5bc  usbh_ctlreq.o [1]
  .text                  ro code   0x802'f03a    0x122  iar_Stopfx.o [2]
  .text                  ro code   0x802'f15c    0x1c4  iar_Stoflt.o [2]
  .text                  ro code   0x802'f320    0x21c  iar_Stoxflt.o [2]
  .text                  ro code   0x802'f53c     0x10  z_stepper.o [1]
  .text                  ro code   0x802'f54c      0xe  z_planner.o [1]
  .text                  ro code   0x802'f55c     0x1c  z_stepper.o [1]
  .text                  ro code   0x802'f578   0x1060  stm32f4xx_hal_hcd.o [1]
  .text                  ro code   0x803'05d8     0xd0  usbh_ioreq.o [1]
  .text                  ro code   0x803'06a8     0x14  isalpha.o [2]
  .text                  ro code   0x803'06bc    0x9c4  stm32f4xx_ll_usb.o [1]
  .rodata                const     0x803'1080   0x3b94  fnt36.o [1]
  .rodata                const     0x803'4c14   0x2094  fnt24bold.o [1]
  .rodata                const     0x803'6ca8   0x1a1c  fnt24.o [1]
  .text                  ro code   0x803'86c4   0x14e0  dlmalloc.o [2]
  .text                  ro code   0x803'9ba4     0x2c  xgetmemchunk.o [2]
  .rodata                const     0x803'9bd0   0x10c8  fnt18bold.o [1]
  .text                  ro code   0x803'ac98    0xf00  tgui_filesscreenfuncs.o [1]
  .text                  ro code   0x803'bb98    0xbf4  tgui_fileviewscreenfuncs.o [1]
  .rodata                const     0x803'c78c    0xea4  fnt18.o [1]
  .text                  ro code   0x803'd630    0xe58  xscanffull.o [2]
  .text                  ro code   0x803'e488     0x3c  wctob.o [2]
  .text                  ro code   0x803'e4c4     0x9e  iar_Stollx.o [2]
  .text                  ro code   0x803'e564    0x1b2  iar_Stoullx.o [2]
  .text                  ro code   0x803'e718    0x980  tgui_printscreenfuncs.o [1]
  .text                  ro code   0x803'f098    0x8b4  usbh_msc.o [1]
  .text                  ro code   0x803'f94c    0x394  usbh_msc_bot.o [1]
  .text                  ro code   0x803'fce0      0x4  heaptramp0.o [2]
  .text                  ro code   0x803'fce4    0x3ea  usbh_msc_scsi.o [1]
  .rodata                const     0x804'00d0    0x788  fnt12bold.o [1]
  .rodata                const     0x804'0858    0x6b4  fnt12.o [1]
  .rodata                const     0x804'0f0c    0x684  fnt36num.o [1]
  .text                  ro code   0x804'1590    0x680  tgui_clocksetscreenfuncs.o [1]
  .text                  ro code   0x804'1c10    0x620  tgui_numenterscreenfuncs.o [1]
  .text                  ro code   0x804'2230     0x28  sscanf.o [2]
  .text                  ro code   0x804'2258    0x474  tgui_infoscreenfuncs.o [1]
  .text                  ro code   0x804'26cc    0x400  tgui_settingsscreenfuncs.o [1]
  .rodata                const     0x804'2acc    0x1f4  ffunicode.o [1]
  .rodata                const     0x804'2cc0    0x1f0  languages.o [1]
  .rodata                const     0x804'2eb0    0x1f0  languages.o [1]
  .text                  ro code   0x804'30a0    0x144  usbh_diskio.o [1]
  .rodata                const     0x804'31e4    0x140  fnt12.o [1]
  .rodata                const     0x804'3324    0x140  fnt12bold.o [1]
  .rodata                const     0x804'3464    0x140  fnt18.o [1]
  .rodata                const     0x804'35a4    0x140  fnt18bold.o [1]
  .rodata                const     0x804'36e4    0x140  fnt24.o [1]
  .rodata                const     0x804'3824    0x140  fnt24bold.o [1]
  .rodata                const     0x804'3964    0x140  fnt36.o [1]
  .text                  ro code   0x804'3aa4    0x12c  spifl_diskio.o [1]
  .rodata                const     0x804'3bd0    0x100  ffunicode.o [1]
  .rodata                const     0x804'3cd0     0xc8  languages.o [1]
  .rodata                const     0x804'3d98     0xbc  ffunicode.o [1]
  .rodata                const     0x804'3e54     0x9c  languages.o [1]
  .text                  ro code   0x804'3ef0     0x9c  stm32f4xx_it.o [1]
  .rodata                const     0x804'3f8c     0x80  ff.o [1]
  .rodata                const     0x804'400c     0x78  languages.o [1]
  .rodata                const     0x804'4084     0x74  languages.o [1]
  .rodata                const     0x804'40f8     0x74  languages.o [1]
  .rodata                const     0x804'416c     0x70  languages.o [1]
  .rodata                const     0x804'41dc     0x70  languages.o [1]
  .rodata                const     0x804'424c     0x68  languages.o [1]
  .rodata                const     0x804'42b4     0x68  languages.o [1]
  .rodata                const     0x804'431c     0x68  languages.o [1]
  .rodata                const     0x804'4384     0x64  languages.o [1]
  .rodata                const     0x804'43e8     0x54  languages.o [1]
  .rodata                const     0x804'443c     0x54  languages.o [1]
  .rodata                const     0x804'4490     0x50  iar_Stoulx.o [2]
  .rodata                const     0x804'44e0     0x50  iar_Stoullx.o [2]
  .rodata                const     0x804'4530     0x4c  languages.o [1]
  .rodata                const     0x804'457c     0x4c  xscanffull.o [2]
  .rodata                const     0x804'45c8     0x48  languages.o [1]
  .rodata                const     0x804'4610     0x48  strto64.o [4]
  .rodata                const     0x804'4658     0x44  languages.o [1]
  .rodata                const     0x804'469c     0x40  languages.o [1]
  .rodata                const     0x804'46dc     0x3c  languages.o [1]
  .rodata                const     0x804'4718     0x3c  languages.o [1]
  .rodata                const     0x804'4754     0x3c  languages.o [1]
  .rodata                const     0x804'4790     0x3c  languages.o [1]
  .rodata                const     0x804'47cc     0x3c  languages.o [1]
  .rodata                const     0x804'4808     0x38  fnt170num_lcd.o [1]
  .rodata                const     0x804'4840     0x38  fnt36num.o [1]
  .rodata                const     0x804'4878     0x38  languages.o [1]
  .rodata                const     0x804'48b0     0x38  languages.o [1]
  .rodata                const     0x804'48e8     0x38  languages.o [1]
  .rodata                const     0x804'4920     0x38  main.o [1]
  .rodata                const     0x804'4958     0x34  languages.o [1]
  .rodata                const     0x804'498c     0x34  languages.o [1]
  .rodata                const     0x804'49c0     0x34  languages.o [1]
  .rodata                const     0x804'49f4     0x34  main.o [1]
  .rodata                const     0x804'4a28     0x34  main.o [1]
  .rodata                const     0x804'4a5c     0x30  languages.o [1]
  .rodata                const     0x804'4a8c     0x30  languages.o [1]
  .rodata                const     0x804'4abc     0x30  languages.o [1]
  .rodata                const     0x804'4aec     0x30  languages.o [1]
  .rodata                const     0x804'4b1c     0x30  main.o [1]
  .rodata                const     0x804'4b4c     0x30  main.o [1]
  .rodata                const     0x804'4b7c     0x30  main.o [1]
  .rodata                const     0x804'4bac     0x2c  languages.o [1]
  .rodata                const     0x804'4bd8     0x2c  languages.o [1]
  .rodata                const     0x804'4c04     0x2c  languages.o [1]
  .rodata                const     0x804'4c30     0x2c  languages.o [1]
  .rodata                const     0x804'4c5c     0x2c  main.o [1]
  .rodata                const     0x804'4c88     0x2c  main.o [1]
  .rodata                const     0x804'4cb4     0x28  languages.o [1]
  .rodata                const     0x804'4cdc     0x28  languages.o [1]
  .rodata                const     0x804'4d04     0x28  languages.o [1]
  .rodata                const     0x804'4d2c     0x28  main.o [1]
  .rodata                const     0x804'4d54     0x28  xscanffull.o [2]
  .text                  ro code   0x804'4d7c     0x28  data_init.o [5]
  .rodata                const     0x804'4da4     0x24  languages.o [1]
  .rodata                const     0x804'4dc8     0x24  languages.o [1]
  .rodata                const     0x804'4dec     0x24  languages.o [1]
  .rodata                const     0x804'4e10     0x24  main.o [1]
  .rodata                const     0x804'4e34     0x24  tgui_infoscreenfuncs.o [1]
  .text                  ro code   0x804'4e58     0x22  fpinit_M.o [4]
  .iar.init_table        const     0x804'4e7c     0x2c  - Linker created -
  .rodata                const     0x804'4ea8     0x20  languages.o [1]
  .rodata                const     0x804'4ec8     0x20  languages.o [1]
  .rodata                const     0x804'4ee8     0x20  languages.o [1]
  .rodata                const     0x804'4f08     0x20  languages.o [1]
  .rodata                const     0x804'4f28     0x20  languages.o [1]
  .rodata                const     0x804'4f48     0x20  languages.o [1]
  .rodata                const     0x804'4f68     0x20  languages.o [1]
  .rodata                const     0x804'4f88     0x20  main.o [1]
  .rodata                const     0x804'4fa8     0x20  tgui.o [1]
  .rodata                const     0x804'4fc8     0x20  tgui.o [1]
  .rodata                const     0x804'4fe8     0x20  tgui.o [1]
  .rodata                const     0x804'5008     0x20  tgui.o [1]
  .rodata                const     0x804'5028     0x20  tgui.o [1]
  .rodata                const     0x804'5048     0x20  tgui.o [1]
  .rodata                const     0x804'5068     0x20  tgui.o [1]
  .rodata                const     0x804'5088     0x20  tgui_printscreenfuncs.o [1]
  .text                  ro code   0x804'50a8     0x20  system_stm32f4xx.o [1]
  .text                  ro code   0x804'50c8     0x20  cmain_call_ctors.o [5]
  .text                  ro code   0x804'50e8     0x18  cppinit.o [2]
  .text                  ro code   0x804'5100     0x1e  cmain.o [5]
  .text                  ro code   0x804'511e      0x4  low_level_init.o [2]
  .text                  ro code   0x804'5122      0x4  exit.o [2]
  .text                  ro code   0x804'5128      0xa  cexit.o [5]
  .rodata                const     0x804'5134     0x1c  languages.o [1]
  .rodata                const     0x804'5150     0x1c  languages.o [1]
  .rodata                const     0x804'516c     0x1c  languages.o [1]
  .rodata                const     0x804'5188     0x1c  languages.o [1]
  .rodata                const     0x804'51a4     0x1c  languages.o [1]
  .rodata                const     0x804'51c0     0x1c  languages.o [1]
  .rodata                const     0x804'51dc     0x1c  languages.o [1]
  .rodata                const     0x804'51f8     0x1c  languages.o [1]
  .rodata                const     0x804'5214     0x1c  languages.o [1]
  .rodata                const     0x804'5230     0x1c  languages.o [1]
  .rodata                const     0x804'524c     0x1c  languages.o [1]
  .rodata                const     0x804'5268     0x1c  languages.o [1]
  .rodata                const     0x804'5284     0x1c  tgui.o [1]
  .rodata                const     0x804'52a0     0x1c  tgui.o [1]
  .rodata                const     0x804'52bc     0x1c  tgui.o [1]
  .rodata                const     0x804'52d8     0x1c  tgui.o [1]
  .rodata                const     0x804'52f4     0x1c  tgui.o [1]
  .rodata                const     0x804'5310     0x1c  tgui.o [1]
  .rodata                const     0x804'532c     0x1c  tgui.o [1]
  .rodata                const     0x804'5348     0x1c  tgui.o [1]
  .rodata                const     0x804'5364     0x1c  tgui.o [1]
  .rodata                const     0x804'5380     0x1c  tgui.o [1]
  .rodata                const     0x804'539c     0x1c  tgui.o [1]
  .rodata                const     0x804'53b8     0x1c  tgui.o [1]
  .rodata                const     0x804'53d4     0x1c  tgui.o [1]
  .rodata                const     0x804'53f0     0x1c  tgui.o [1]
  .rodata                const     0x804'540c     0x1c  tgui.o [1]
  .rodata                const     0x804'5428     0x1c  tgui.o [1]
  .rodata                const     0x804'5444     0x1c  tgui.o [1]
  .rodata                const     0x804'5460     0x1c  tgui.o [1]
  .rodata                const     0x804'547c     0x1c  tgui.o [1]
  .rodata                const     0x804'5498     0x1c  tgui.o [1]
  .rodata                const     0x804'54b4     0x1c  tgui.o [1]
  .rodata                const     0x804'54d0     0x1c  tgui.o [1]
  .rodata                const     0x804'54ec     0x1c  tgui.o [1]
  .rodata                const     0x804'5508     0x1c  tgui.o [1]
  .rodata                const     0x804'5524     0x1c  tgui.o [1]
  .rodata                const     0x804'5540     0x1c  tgui.o [1]
  .rodata                const     0x804'555c     0x1c  tgui.o [1]
  .rodata                const     0x804'5578     0x1c  tgui.o [1]
  .rodata                const     0x804'5594     0x1c  tgui.o [1]
  .rodata                const     0x804'55b0     0x1c  tgui.o [1]
  .rodata                const     0x804'55cc     0x1c  tgui.o [1]
  .rodata                const     0x804'55e8     0x1c  tgui.o [1]
  .rodata                const     0x804'5604     0x1c  tgui.o [1]
  .rodata                const     0x804'5620     0x1c  tgui.o [1]
  .rodata                const     0x804'563c     0x1c  tgui.o [1]
  .rodata                const     0x804'5658     0x1c  tgui_fileviewscreenfuncs.o [1]
  .rodata                const     0x804'5674     0x1c  tgui_infoscreenfuncs.o [1]
  .text                  ro code   0x804'5690     0x1c  tgui_langscreenfuncs.o [1]
  .rodata                const     0x804'56ac     0x18  config.o [1]
  .rodata                const     0x804'56c4     0x18  config.o [1]
  .rodata                const     0x804'56dc     0x18  config.o [1]
  .rodata                const     0x804'56f4     0x18  config.o [1]
  .rodata                const     0x804'570c     0x18  config.o [1]
  .rodata                const     0x804'5724     0x18  datetime.o [1]
  .rodata                const     0x804'573c     0x18  datetime.o [1]
  .rodata                const     0x804'5754     0x18  languages.o [1]
  .rodata                const     0x804'576c     0x18  languages.o [1]
  .rodata                const     0x804'5784     0x18  languages.o [1]
  .rodata                const     0x804'579c     0x18  languages.o [1]
  .rodata                const     0x804'57b4     0x18  languages.o [1]
  .rodata                const     0x804'57cc     0x18  languages.o [1]
  .rodata                const     0x804'57e4     0x18  languages.o [1]
  .rodata                const     0x804'57fc     0x18  main.o [1]
  .rodata                const     0x804'5814     0x18  main.o [1]
  .rodata                const     0x804'582c     0x18  main.o [1]
  .rodata                const     0x804'5844     0x18  tgui.o [1]
  .rodata                const     0x804'585c     0x18  tgui.o [1]
  .rodata                const     0x804'5874     0x18  tgui.o [1]
  .rodata                const     0x804'588c     0x18  tgui.o [1]
  .rodata                const     0x804'58a4     0x18  tgui.o [1]
  .rodata                const     0x804'58bc     0x18  tgui.o [1]
  .rodata                const     0x804'58d4     0x18  tgui.o [1]
  .rodata                const     0x804'58ec     0x18  tgui.o [1]
  .rodata                const     0x804'5904     0x18  tgui.o [1]
  .rodata                const     0x804'591c     0x18  tgui.o [1]
  .rodata                const     0x804'5934     0x18  tgui.o [1]
  .rodata                const     0x804'594c     0x18  tgui.o [1]
  .rodata                const     0x804'5964     0x18  tgui.o [1]
  .rodata                const     0x804'597c     0x18  tgui.o [1]
  .rodata                const     0x804'5994     0x18  tgui.o [1]
  .rodata                const     0x804'59ac     0x18  tgui.o [1]
  .rodata                const     0x804'59c4     0x18  tgui.o [1]
  .rodata                const     0x804'59dc     0x18  tgui.o [1]
  .rodata                const     0x804'59f4     0x18  tgui.o [1]
  .rodata                const     0x804'5a0c     0x18  tgui.o [1]
  .rodata                const     0x804'5a24     0x18  tgui.o [1]
  .rodata                const     0x804'5a3c     0x18  tgui.o [1]
  .rodata                const     0x804'5a54     0x18  tgui.o [1]
  .rodata                const     0x804'5a6c     0x18  tgui.o [1]
  .rodata                const     0x804'5a84     0x18  tgui.o [1]
  .rodata                const     0x804'5a9c     0x18  tgui.o [1]
  .rodata                const     0x804'5ab4     0x18  tgui.o [1]
  .rodata                const     0x804'5acc     0x18  tgui_filesscreenfuncs.o [1]
  .rodata                const     0x804'5ae4     0x18  tgui_filesscreenfuncs.o [1]
  .rodata                const     0x804'5afc     0x14  config.o [1]
  .rodata                const     0x804'5b10     0x14  config.o [1]
  .rodata                const     0x804'5b24     0x14  config.o [1]
  .rodata                const     0x804'5b38     0x14  config.o [1]
  .rodata                const     0x804'5b4c     0x14  ff.o [1]
  .rodata                const     0x804'5b60     0x14  ff.o [1]
  .rodata                const     0x804'5b74     0x14  languages.o [1]
  .rodata                const     0x804'5b88     0x14  languages.o [1]
  .rodata                const     0x804'5b9c     0x14  languages.o [1]
  .rodata                const     0x804'5bb0     0x14  languages.o [1]
  .rodata                const     0x804'5bc4     0x14  languages.o [1]
  .rodata                const     0x804'5bd8     0x14  languages.o [1]
  .rodata                const     0x804'5bec     0x14  languages.o [1]
  .rodata                const     0x804'5c00     0x14  languages.o [1]
  .rodata                const     0x804'5c14     0x14  languages.o [1]
  .rodata                const     0x804'5c28     0x14  languages.o [1]
  .rodata                const     0x804'5c3c     0x14  languages.o [1]
  .rodata                const     0x804'5c50     0x14  languages.o [1]
  .rodata                const     0x804'5c64     0x14  spifl_diskio.o [1]
  .rodata                const     0x804'5c78     0x14  tgui.o [1]
  .rodata                const     0x804'5c8c     0x14  tgui.o [1]
  .rodata                const     0x804'5ca0     0x14  tgui.o [1]
  .rodata                const     0x804'5cb4     0x14  tgui.o [1]
  .rodata                const     0x804'5cc8     0x14  tgui.o [1]
  .rodata                const     0x804'5cdc     0x14  tgui.o [1]
  .rodata                const     0x804'5cf0     0x14  tgui.o [1]
  .rodata                const     0x804'5d04     0x14  tgui_filesscreenfuncs.o [1]
  .rodata                const     0x804'5d18     0x14  tgui_filesscreenfuncs.o [1]
  .rodata                const     0x804'5d2c     0x14  tgui_infoscreenfuncs.o [1]
  .rodata                const     0x804'5d40     0x14  tgui_printscreenfuncs.o [1]
  .rodata                const     0x804'5d54     0x14  tgui_printscreenfuncs.o [1]
  .rodata                const     0x804'5d68     0x14  tgui_uvtestscreenfuncs.o [1]
  .rodata                const     0x804'5d7c     0x14  tgui_uvtestscreenfuncs.o [1]
  .rodata                const     0x804'5d90     0x14  tgui_uvtestscreenfuncs.o [1]
  .rodata                const     0x804'5da4     0x14  usbh_diskio.o [1]
  .rodata                const     0x804'5db8     0x10  config.o [1]
  .rodata                const     0x804'5dc8     0x10  config.o [1]
  .rodata                const     0x804'5dd8     0x10  config.o [1]
  .rodata                const     0x804'5de8     0x10  config.o [1]
  .rodata                const     0x804'5df8     0x10  config.o [1]
  .rodata                const     0x804'5e08     0x10  config.o [1]
  .rodata                const     0x804'5e18     0x10  ff.o [1]
  .rodata                const     0x804'5e28     0x10  ff.o [1]
  .rodata                const     0x804'5e38     0x10  ff.o [1]
  .rodata                const     0x804'5e48     0x10  ff.o [1]
  .rodata                const     0x804'5e58     0x10  languages.o [1]
  .rodata                const     0x804'5e68     0x10  languages.o [1]
  .rodata                const     0x804'5e78     0x10  languages.o [1]
  .rodata                const     0x804'5e88     0x10  languages.o [1]
  .rodata                const     0x804'5e98     0x10  languages.o [1]
  .rodata                const     0x804'5ea8     0x10  languages.o [1]
  .rodata                const     0x804'5eb8     0x10  languages.o [1]
  .rodata                const     0x804'5ec8     0x10  languages.o [1]
  .rodata                const     0x804'5ed8     0x10  languages.o [1]
  .rodata                const     0x804'5ee8     0x10  languages.o [1]
  .rodata                const     0x804'5ef8     0x10  languages.o [1]
  .rodata                const     0x804'5f08     0x10  languages.o [1]
  .rodata                const     0x804'5f18     0x10  languages.o [1]
  .rodata                const     0x804'5f28     0x10  languages.o [1]
  .rodata                const     0x804'5f38     0x10  languages.o [1]
  .rodata                const     0x804'5f48     0x10  languages.o [1]
  .rodata                const     0x804'5f58     0x10  languages.o [1]
  .rodata                const     0x804'5f68     0x10  languages.o [1]
  .rodata                const     0x804'5f78     0x10  languages.o [1]
  .rodata                const     0x804'5f88     0x10  languages.o [1]
  .rodata                const     0x804'5f98     0x10  languages.o [1]
  .rodata                const     0x804'5fa8     0x10  main.o [1]
  .rodata                const     0x804'5fb8     0x10  main.o [1]
  .rodata                const     0x804'5fc8     0x10  system_stm32f4xx.o [1]
  .rodata                const     0x804'5fd8     0x10  tgui.o [1]
  .rodata                const     0x804'5fe8     0x10  tgui.o [1]
  .rodata                const     0x804'5ff8     0x10  tgui.o [1]
  .rodata                const     0x804'6008     0x10  tgui.o [1]
  .rodata                const     0x804'6018     0x10  tgui.o [1]
  .rodata                const     0x804'6028     0x10  tgui.o [1]
  .rodata                const     0x804'6038     0x10  tgui.o [1]
  .rodata                const     0x804'6048     0x10  tgui_defaultfuncs.o [1]
  .text                  ro code   0x804'6058     0x10  startup_stm32f407xx.o [1]
  .rodata                const     0x804'6068      0xc  config.o [1]
  .rodata                const     0x804'6074      0xc  config.o [1]
  .rodata                const     0x804'6080      0xc  config.o [1]
  .rodata                const     0x804'608c      0xc  config.o [1]
  .rodata                const     0x804'6098      0xc  config.o [1]
  .rodata                const     0x804'60a4      0xc  config.o [1]
  .rodata                const     0x804'60b0      0xc  config.o [1]
  .rodata                const     0x804'60bc      0xc  ff.o [1]
  .rodata                const     0x804'60c8      0xc  ff.o [1]
  .rodata                const     0x804'60d4      0xc  files_pws.o [1]
  .rodata                const     0x804'60e0      0xc  files_pws.o [1]
  .rodata                const     0x804'60ec      0xc  languages.o [1]
  .rodata                const     0x804'60f8      0xc  languages.o [1]
  .rodata                const     0x804'6104      0xc  languages.o [1]
  .rodata                const     0x804'6110      0xc  languages.o [1]
  .rodata                const     0x804'611c      0xc  languages.o [1]
  .rodata                const     0x804'6128      0xc  languages.o [1]
  .rodata                const     0x804'6134      0xc  languages.o [1]
  .rodata                const     0x804'6140      0xc  languages.o [1]
  .rodata                const     0x804'614c      0xc  languages.o [1]
  .rodata                const     0x804'6158      0xc  languages.o [1]
  .rodata                const     0x804'6164      0xc  languages.o [1]
  .rodata                const     0x804'6170      0xc  languages.o [1]
  .rodata                const     0x804'617c      0xc  languages.o [1]
  .rodata                const     0x804'6188      0xc  languages.o [1]
  .rodata                const     0x804'6194      0xc  languages.o [1]
  .rodata                const     0x804'61a0      0xc  languages.o [1]
  .rodata                const     0x804'61ac      0xc  languages.o [1]
  .rodata                const     0x804'61b8      0xc  languages.o [1]
  .rodata                const     0x804'61c4      0xc  languages.o [1]
  .rodata                const     0x804'61d0      0xc  languages.o [1]
  .rodata                const     0x804'61dc      0xc  languages.o [1]
  .rodata                const     0x804'61e8      0xc  languages.o [1]
  .rodata                const     0x804'61f4      0xc  languages.o [1]
  .rodata                const     0x804'6200      0xc  languages.o [1]
  .rodata                const     0x804'620c      0xc  languages.o [1]
  .rodata                const     0x804'6218      0xc  languages.o [1]
  .rodata                const     0x804'6224      0xc  languages.o [1]
  .rodata                const     0x804'6230      0xc  languages.o [1]
  .rodata                const     0x804'623c      0xc  languages.o [1]
  .rodata                const     0x804'6248      0xc  languages.o [1]
  .rodata                const     0x804'6254      0xc  languages.o [1]
  .rodata                const     0x804'6260      0xc  languages.o [1]
  .rodata                const     0x804'626c      0xc  languages.o [1]
  .rodata                const     0x804'6278      0xc  languages.o [1]
  .rodata                const     0x804'6284      0xc  languages.o [1]
  .rodata                const     0x804'6290      0xc  main.o [1]
  .rodata                const     0x804'629c      0xc  main.o [1]
  .rodata                const     0x804'62a8      0xc  tgui.o [1]
  .rodata                const     0x804'62b4      0xc  tgui_clocksetscreenfuncs.o [1]
  .rodata                const     0x804'62c0      0xc  tgui_fileviewscreenfuncs.o [1]
  .rodata                const     0x804'62cc      0xc  tgui_fileviewscreenfuncs.o [1]
  .rodata                const     0x804'62d8      0xc  tgui_fileviewscreenfuncs.o [1]
  .rodata                const     0x804'62e4      0xc  tgui_fileviewscreenfuncs.o [1]
  .rodata                const     0x804'62f0      0xc  tgui_screensaverfuncs.o [1]
  .rodata                const     0x804'62fc      0xc  tgui_screensaverfuncs.o [1]
  .text                  ro code   0x804'6308      0xc  cstartup_M.o [5]
  .rodata                const     0x804'6314      0x8  config.o [1]
  .rodata                const     0x804'631c      0x8  config.o [1]
  .rodata                const     0x804'6324      0x8  ff.o [1]
  .rodata                const     0x804'632c      0x8  ff.o [1]
  .rodata                const     0x804'6334      0x8  files_pws.o [1]
  .rodata                const     0x804'633c      0x8  files_pws.o [1]
  .rodata                const     0x804'6344      0x8  languages.o [1]
  .rodata                const     0x804'634c      0x8  languages.o [1]
  .rodata                const     0x804'6354      0x8  languages.o [1]
  .rodata                const     0x804'635c      0x8  languages.o [1]
  .rodata                const     0x804'6364      0x8  languages.o [1]
  .rodata                const     0x804'636c      0x8  languages.o [1]
  .rodata                const     0x804'6374      0x8  languages.o [1]
  .rodata                const     0x804'637c      0x8  languages.o [1]
  .rodata                const     0x804'6384      0x8  languages.o [1]
  .rodata                const     0x804'638c      0x8  languages.o [1]
  .rodata                const     0x804'6394      0x8  languages.o [1]
  .rodata                const     0x804'639c      0x8  languages.o [1]
  .rodata                const     0x804'63a4      0x8  languages.o [1]
  .rodata                const     0x804'63ac      0x8  languages.o [1]
  .rodata                const     0x804'63b4      0x8  languages.o [1]
  .rodata                const     0x804'63bc      0x8  languages.o [1]
  .rodata                const     0x804'63c4      0x8  languages.o [1]
  .rodata                const     0x804'63cc      0x8  languages.o [1]
  .rodata                const     0x804'63d4      0x8  languages.o [1]
  .rodata                const     0x804'63dc      0x8  languages.o [1]
  .rodata                const     0x804'63e4      0x8  languages.o [1]
  .rodata                const     0x804'63ec      0x8  languages.o [1]
  .rodata                const     0x804'63f4      0x8  languages.o [1]
  .rodata                const     0x804'63fc      0x8  languages.o [1]
  .rodata                const     0x804'6404      0x8  languages.o [1]
  .rodata                const     0x804'640c      0x8  languages.o [1]
  .rodata                const     0x804'6414      0x8  languages.o [1]
  .rodata                const     0x804'641c      0x8  languages.o [1]
  .rodata                const     0x804'6424      0x8  languages.o [1]
  .rodata                const     0x804'642c      0x8  languages.o [1]
  .rodata                const     0x804'6434      0x8  languages.o [1]
  .rodata                const     0x804'643c      0x8  languages.o [1]
  .rodata                const     0x804'6444      0x8  languages.o [1]
  .rodata                const     0x804'644c      0x8  languages.o [1]
  .rodata                const     0x804'6454      0x8  languages.o [1]
  .rodata                const     0x804'645c      0x8  languages.o [1]
  .rodata                const     0x804'6464      0x8  languages.o [1]
  .rodata                const     0x804'646c      0x8  languages.o [1]
  .rodata                const     0x804'6474      0x8  languages.o [1]
  .rodata                const     0x804'647c      0x8  languages.o [1]
  .rodata                const     0x804'6484      0x8  languages.o [1]
  .rodata                const     0x804'648c      0x8  languages.o [1]
  .rodata                const     0x804'6494      0x8  languages.o [1]
  .rodata                const     0x804'649c      0x8  languages.o [1]
  .rodata                const     0x804'64a4      0x8  languages.o [1]
  .rodata                const     0x804'64ac      0x8  languages.o [1]
  .rodata                const     0x804'64b4      0x8  languages.o [1]
  .rodata                const     0x804'64bc      0x8  languages.o [1]
  .rodata                const     0x804'64c4      0x8  languages.o [1]
  .rodata                const     0x804'64cc      0x8  languages.o [1]
  .rodata                const     0x804'64d4      0x8  languages.o [1]
  .rodata                const     0x804'64dc      0x8  languages.o [1]
  .rodata                const     0x804'64e4      0x8  languages.o [1]
  .rodata                const     0x804'64ec      0x8  languages.o [1]
  .rodata                const     0x804'64f4      0x8  languages.o [1]
  .rodata                const     0x804'64fc      0x8  languages.o [1]
  .rodata                const     0x804'6504      0x8  languages.o [1]
  .rodata                const     0x804'650c      0x8  languages.o [1]
  .rodata                const     0x804'6514      0x8  languages.o [1]
  .rodata                const     0x804'651c      0x8  main.o [1]
  .rodata                const     0x804'6524      0x8  stm32f4xx_hal_dma.o [1]
  .rodata                const     0x804'652c      0x8  system_stm32f4xx.o [1]
  .rodata                const     0x804'6534      0x8  tgui.o [1]
  .rodata                const     0x804'653c      0x8  tgui.o [1]
  .rodata                const     0x804'6544      0x8  tgui.o [1]
  .rodata                const     0x804'654c      0x8  tgui.o [1]
  .rodata                const     0x804'6554      0x8  tgui.o [1]
  .rodata                const     0x804'655c      0x8  tgui.o [1]
  .rodata                const     0x804'6564      0x8  tgui.o [1]
  .rodata                const     0x804'656c      0x8  tgui.o [1]
  .rodata                const     0x804'6574      0x8  tgui.o [1]
  .rodata                const     0x804'657c      0x8  tgui.o [1]
  .rodata                const     0x804'6584      0x8  tgui.o [1]
  .rodata                const     0x804'658c      0x8  tgui.o [1]
  .rodata                const     0x804'6594      0x8  tgui.o [1]
  .rodata                const     0x804'659c      0x8  tgui.o [1]
  .rodata                const     0x804'65a4      0x8  tgui.o [1]
  .rodata                const     0x804'65ac      0x8  tgui.o [1]
  .rodata                const     0x804'65b4      0x8  tgui.o [1]
  .rodata                const     0x804'65bc      0x8  tgui.o [1]
  .rodata                const     0x804'65c4      0x8  tgui.o [1]
  .rodata                const     0x804'65cc      0x8  tgui.o [1]
  .rodata                const     0x804'65d4      0x8  tgui.o [1]
  .rodata                const     0x804'65dc      0x8  tgui.o [1]
  .rodata                const     0x804'65e4      0x8  tgui.o [1]
  .rodata                const     0x804'65ec      0x8  tgui.o [1]
  .rodata                const     0x804'65f4      0x8  tgui.o [1]
  .rodata                const     0x804'65fc      0x8  tgui.o [1]
  .rodata                const     0x804'6604      0x8  tgui.o [1]
  .rodata                const     0x804'660c      0x8  tgui.o [1]
  .rodata                const     0x804'6614      0x8  tgui.o [1]
  .rodata                const     0x804'661c      0x8  tgui.o [1]
  .rodata                const     0x804'6624      0x8  tgui.o [1]
  .rodata                const     0x804'662c      0x8  tgui.o [1]
  .rodata                const     0x804'6634      0x8  tgui.o [1]
  .rodata                const     0x804'663c      0x8  tgui.o [1]
  .rodata                const     0x804'6644      0x8  tgui.o [1]
  .rodata                const     0x804'664c      0x8  tgui.o [1]
  .rodata                const     0x804'6654      0x8  tgui.o [1]
  .rodata                const     0x804'665c      0x8  tgui.o [1]
  .rodata                const     0x804'6664      0x8  tgui.o [1]
  .rodata                const     0x804'666c      0x8  tgui.o [1]
  .rodata                const     0x804'6674      0x8  tgui.o [1]
  .rodata                const     0x804'667c      0x8  tgui.o [1]
  .rodata                const     0x804'6684      0x8  tgui.o [1]
  .rodata                const     0x804'668c      0x8  tgui.o [1]
  .rodata                const     0x804'6694      0x8  tgui.o [1]
  .rodata                const     0x804'669c      0x8  tgui.o [1]
  .rodata                const     0x804'66a4      0x8  tgui.o [1]
  .rodata                const     0x804'66ac      0x8  tgui.o [1]
  .rodata                const     0x804'66b4      0x8  tgui.o [1]
  .rodata                const     0x804'66bc      0x8  tgui.o [1]
  .rodata                const     0x804'66c4      0x8  tgui.o [1]
  .rodata                const     0x804'66cc      0x8  tgui.o [1]
  .rodata                const     0x804'66d4      0x8  tgui.o [1]
  .rodata                const     0x804'66dc      0x8  tgui.o [1]
  .rodata                const     0x804'66e4      0x8  tgui.o [1]
  .rodata                const     0x804'66ec      0x8  tgui.o [1]
  .rodata                const     0x804'66f4      0x8  tgui.o [1]
  .rodata                const     0x804'66fc      0x8  tgui.o [1]
  .rodata                const     0x804'6704      0x8  tgui.o [1]
  .rodata                const     0x804'670c      0x8  tgui.o [1]
  .rodata                const     0x804'6714      0x8  tgui.o [1]
  .rodata                const     0x804'671c      0x8  tgui.o [1]
  .rodata                const     0x804'6724      0x8  tgui.o [1]
  .rodata                const     0x804'672c      0x8  tgui.o [1]
  .rodata                const     0x804'6734      0x8  tgui.o [1]
  .rodata                const     0x804'673c      0x8  tgui.o [1]
  .rodata                const     0x804'6744      0x8  tgui.o [1]
  .rodata                const     0x804'674c      0x8  tgui.o [1]
  .rodata                const     0x804'6754      0x8  tgui.o [1]
  .rodata                const     0x804'675c      0x8  tgui.o [1]
  .rodata                const     0x804'6764      0x8  tgui.o [1]
  .rodata                const     0x804'676c      0x8  tgui.o [1]
  .rodata                const     0x804'6774      0x8  tgui.o [1]
  .rodata                const     0x804'677c      0x8  tgui.o [1]
  .rodata                const     0x804'6784      0x8  tgui.o [1]
  .rodata                const     0x804'678c      0x8  tgui.o [1]
  .rodata                const     0x804'6794      0x8  tgui.o [1]
  .rodata                const     0x804'679c      0x8  tgui.o [1]
  .rodata                const     0x804'67a4      0x8  tgui.o [1]
  .rodata                const     0x804'67ac      0x8  tgui.o [1]
  .rodata                const     0x804'67b4      0x8  tgui.o [1]
  .rodata                const     0x804'67bc      0x8  tgui.o [1]
  .rodata                const     0x804'67c4      0x8  tgui.o [1]
  .rodata                const     0x804'67cc      0x8  tgui.o [1]
  .rodata                const     0x804'67d4      0x8  tgui.o [1]
  .rodata                const     0x804'67dc      0x8  tgui.o [1]
  .rodata                const     0x804'67e4      0x8  tgui.o [1]
  .rodata                const     0x804'67ec      0x8  tgui.o [1]
  .rodata                const     0x804'67f4      0x8  tgui.o [1]
  .rodata                const     0x804'67fc      0x8  tgui.o [1]
  .rodata                const     0x804'6804      0x8  tgui.o [1]
  .rodata                const     0x804'680c      0x8  tgui.o [1]
  .rodata                const     0x804'6814      0x8  tgui.o [1]
  .rodata                const     0x804'681c      0x8  tgui.o [1]
  .rodata                const     0x804'6824      0x8  tgui.o [1]
  .rodata                const     0x804'682c      0x8  tgui.o [1]
  .rodata                const     0x804'6834      0x8  tgui.o [1]
  .rodata                const     0x804'683c      0x8  tgui.o [1]
  .rodata                const     0x804'6844      0x8  tgui.o [1]
  .rodata                const     0x804'684c      0x8  tgui.o [1]
  .rodata                const     0x804'6854      0x8  tgui.o [1]
  .rodata                const     0x804'685c      0x8  tgui.o [1]
  .rodata                const     0x804'6864      0x8  tgui.o [1]
  .rodata                const     0x804'686c      0x8  tgui.o [1]
  .rodata                const     0x804'6874      0x8  tgui.o [1]
  .rodata                const     0x804'687c      0x8  tgui.o [1]
  .rodata                const     0x804'6884      0x8  tgui.o [1]
  .rodata                const     0x804'688c      0x8  tgui.o [1]
  .rodata                const     0x804'6894      0x8  tgui.o [1]
  .rodata                const     0x804'689c      0x8  tgui.o [1]
  .rodata                const     0x804'68a4      0x8  tgui_clocksetscreenfuncs.o [1]
  .rodata                const     0x804'68ac      0x8  tgui_filesscreenfuncs.o [1]
  .rodata                const     0x804'68b4      0x8  tgui_filesscreenfuncs.o [1]
  .rodata                const     0x804'68bc      0x8  tgui_filesscreenfuncs.o [1]
  .rodata                const     0x804'68c4      0x8  tgui_filesscreenfuncs.o [1]
  .rodata                const     0x804'68cc      0x8  tgui_infoscreenfuncs.o [1]
  .rodata                const     0x804'68d4      0x8  tgui_numenterscreenfuncs.o [1]
  .rodata                const     0x804'68dc      0x8  tgui_printscreenfuncs.o [1]
  .rodata                const     0x804'68e4      0x8  tgui_settingsscreenfuncs.o [1]
  .rodata                const     0x804'68ec      0x8  tim.o [1]
  .rodata                const     0x804'68f4      0x6  xlocale_c.o [2]
  .rodata                const     0x804'68fc      0x4  languages.o [1]
  .rodata                const     0x804'6900      0x4  languages.o [1]
  .rodata                const     0x804'6904      0x4  languages.o [1]
  .rodata                const     0x804'6908      0x4  languages.o [1]
  .rodata                const     0x804'690c      0x4  languages.o [1]
  .rodata                const     0x804'6910      0x4  languages.o [1]
  .rodata                const     0x804'6914      0x4  languages.o [1]
  .rodata                const     0x804'6918      0x4  languages.o [1]
  .rodata                const     0x804'691c      0x4  languages.o [1]
  .rodata                const     0x804'6920      0x4  languages.o [1]
  .rodata                const     0x804'6924      0x4  languages.o [1]
  .rodata                const     0x804'6928      0x4  languages.o [1]
  .rodata                const     0x804'692c      0x4  languages.o [1]
  .rodata                const     0x804'6930      0x4  languages.o [1]
  .rodata                const     0x804'6934      0x4  languages.o [1]
  .rodata                const     0x804'6938      0x4  languages.o [1]
  .rodata                const     0x804'693c      0x4  languages.o [1]
  .rodata                const     0x804'6940      0x4  languages.o [1]
  .rodata                const     0x804'6944      0x4  languages.o [1]
  .rodata                const     0x804'6948      0x4  languages.o [1]
  .rodata                const     0x804'694c      0x4  languages.o [1]
  .rodata                const     0x804'6950      0x4  languages.o [1]
  .rodata                const     0x804'6954      0x4  languages.o [1]
  .rodata                const     0x804'6958      0x4  languages.o [1]
  .rodata                const     0x804'695c      0x4  languages.o [1]
  .rodata                const     0x804'6960      0x4  languages.o [1]
  .rodata                const     0x804'6964      0x4  languages.o [1]
  .rodata                const     0x804'6968      0x4  languages.o [1]
  .rodata                const     0x804'696c      0x4  languages.o [1]
  .rodata                const     0x804'6970      0x4  languages.o [1]
  .rodata                const     0x804'6974      0x4  languages.o [1]
  .rodata                const     0x804'6978      0x4  languages.o [1]
  .rodata                const     0x804'697c      0x4  languages.o [1]
  .rodata                const     0x804'6980      0x4  languages.o [1]
  .rodata                const     0x804'6984      0x4  languages.o [1]
  .rodata                const     0x804'6988      0x4  languages.o [1]
  .rodata                const     0x804'698c      0x4  languages.o [1]
  .rodata                const     0x804'6990      0x4  languages.o [1]
  .rodata                const     0x804'6994      0x4  languages.o [1]
  .rodata                const     0x804'6998      0x4  languages.o [1]
  .rodata                const     0x804'699c      0x4  languages.o [1]
  .rodata                const     0x804'69a0      0x4  printing.o [1]
  .rodata                const     0x804'69a4      0x4  rtc.o [1]
  .rodata                const     0x804'69a8      0x4  usbh_msc.o [1]
  .text                  ro code   0x804'69ac      0x4  startup_stm32f407xx.o [1]
  SHT$$PREINIT_ARRAY               0x804'69b0      0x0  <Block>
  SHT$$INIT_ARRAY                  0x804'69b0      0x4  <Block>
    .init_array          const     0x804'69b0      0x4  z_planner.o [1]
  __iar_tls$$INIT_ARRAY            0x804'69b4      0x0  <Block>
  .rodata                const     0x804'69b4      0x0  zero_init3.o [5]
  .rodata                const     0x804'69b4      0x0  lz77_init_single.o [5]
  Initializer bytes      const     0x804'69b4     0xf7  <for P2-1>
                                 - 0x804'6aab  0x36923

"P3", part 1 of 2:                              0x1cc0
  CCMRAM                 zero     0x1000'0000   0x1cc0  printing.o [1]
                                - 0x1000'1cc0   0x1cc0

"P3", part 2 of 2:                              0x5428
  CCMRAM                 uninit   0x1000'1cc0   0x4000  main.o [1]
  CCMRAM                 uninit   0x1000'5cc0   0x1028  main.o [1]
  CCMRAM                 uninit   0x1000'6ce8    0x400  tgui.o [1]
                                - 0x1000'70e8   0x5428

"P2", part 1 of 3:                               0x33f
  P2-1                            0x2000'0000    0x33f  <Init block>
    .data                inited   0x2000'0000      0xc  fnt12.o [1]
    .data                inited   0x2000'000c      0xc  fnt12bold.o [1]
    .data                inited   0x2000'0018      0xc  fnt170num_lcd.o [1]
    .data                inited   0x2000'0024      0xc  fnt18.o [1]
    .data                inited   0x2000'0030      0xc  fnt18bold.o [1]
    .data                inited   0x2000'003c      0xc  fnt24.o [1]
    .data                inited   0x2000'0048      0xc  fnt24bold.o [1]
    .data                inited   0x2000'0054      0xc  fnt36.o [1]
    .data                inited   0x2000'0060      0xc  fnt36num.o [1]
    .data                inited   0x2000'006c     0x10  languages.o [1]
    .data                inited   0x2000'007c      0x4  languages.o [1]
    .data                inited   0x2000'0080      0x4  lcd_ui.o [1]
    .data                inited   0x2000'0084      0x4  stm32f4xx_hal.o [1]
    .data                inited   0x2000'0088      0x4  system_stm32f4xx.o [1]
    .data                inited   0x2000'008c    0x200  tgui_filesscreenfuncs.o [1]
    .data                inited   0x2000'028c      0x4  tgui_movezscreenfuncs.o [1]
    .data                inited   0x2000'0290     0x20  usbh_msc.o [1]
    .data                inited   0x2000'02b0      0x4  z_stepper.o [1]
    .data                inited   0x2000'02b4     0x38  xlocale_c.o [2]
    .data                inited   0x2000'02ec     0x48  xlocale_c.o [2]
    .data                inited   0x2000'0334      0x2  lcd_ui.o [1]
    .data                inited   0x2000'0336      0x2  lcd_ui.o [1]
    .data                inited   0x2000'0338      0x2  lcd_ui.o [1]
    .data                inited   0x2000'033a      0x1  lcd_ui.o [1]
    .data                inited   0x2000'033b      0x1  stm32f4xx_hal.o [1]
    .data                inited   0x2000'033c      0x1  tgui_defaultfuncs.o [1]
    .data                inited   0x2000'033d      0x1  tgui_filesscreenfuncs.o [1]
    .data                inited   0x2000'033e      0x1  z_endstops.o [1]
                                - 0x2000'033f    0x33f

"P2", part 2 of 3:                              0x94c0
  .bss                   zero     0x2000'0340   0x1038  fatfs.o [1]
  .bss                   zero     0x2000'1378   0x1038  fatfs.o [1]
  .bss                   zero     0x2000'23b0    0x830  tgui_filesscreenfuncs.o [1]
  .bss                   zero     0x2000'2be0    0x600  uvdisplay.o [1]
  .bss                   zero     0x2000'31e0    0x5d8  tgui.o [1]
  .bss                   zero     0x2000'37b8    0x5d8  tgui.o [1]
  .bss                   zero     0x2000'3d90    0x5d8  tgui.o [1]
  .bss                   zero     0x2000'4368    0x4d0  tgui.o [1]
  .bss                   zero     0x2000'4838    0x400  config.o [1]
  .bss                   zero     0x2000'4c38    0x400  main.o [1]
  .bss                   zero     0x2000'5038    0x400  main.o [1]
  .bss                   zero     0x2000'5438    0x400  main.o [1]
  .bss                   zero     0x2000'5838    0x400  tgui_fileviewscreenfuncs.o [1]
  .bss                   zero     0x2000'5c38    0x400  z_planner.o [1]
  .bss                   zero     0x2000'6038    0x3d8  usb_host.o [1]
  .bss                   zero     0x2000'6410    0x3c8  tgui.o [1]
  .bss                   zero     0x2000'67d8    0x370  tgui.o [1]
  .bss                   zero     0x2000'6b48    0x350  tgui.o [1]
  .bss                   zero     0x2000'6e98    0x318  tgui.o [1]
  .bss                   zero     0x2000'71b0    0x2c4  usbh_conf.o [1]
  .bss                   zero     0x2000'7474    0x224  main.o [1]
  .bss                   zero     0x2000'7698    0x210  tgui.o [1]
  .bss                   zero     0x2000'78a8    0x210  tgui.o [1]
  .bss                   zero     0x2000'7ab8    0x200  config.o [1]
  .bss                   zero     0x2000'7cb8    0x200  ff.o [1]
  .bss                   zero     0x2000'7eb8    0x200  main.o [1]
  .bss                   zero     0x2000'80b8    0x1d8  dlmalloc.o [2]
  .bss                   zero     0x2000'8290    0x1b8  tgui.o [1]
  .bss                   zero     0x2000'8448    0x19c  cpld_utils.o [1]
  .bss                   zero     0x2000'85e4    0x160  tgui.o [1]
  .bss                   zero     0x2000'8744    0x108  tgui.o [1]
  .bss                   zero     0x2000'884c    0x100  sys_timer.o [1]
  .bss                   zero     0x2000'894c    0x100  tgui_fileviewscreenfuncs.o [1]
  .bss                   zero     0x2000'8a4c    0x100  tgui_fileviewscreenfuncs.o [1]
  .bss                   zero     0x2000'8b4c     0xb0  tgui.o [1]
  .bss                   zero     0x2000'8bfc     0x80  fst_spi.o [1]
  .bss                   zero     0x2000'8c7c     0x80  fst_spi.o [1]
  .bss                   zero     0x2000'8cfc     0x70  files_photon.o [1]
  .bss                   zero     0x2000'8d6c     0x60  fst_spi.o [1]
  .bss                   zero     0x2000'8dcc     0x60  fst_spi.o [1]
  .bss                   zero     0x2000'8e2c     0x60  fst_spi.o [1]
  .bss                   zero     0x2000'8e8c     0x60  fst_spi.o [1]
  .bss                   zero     0x2000'8eec     0x60  fst_spi.o [1]
  .bss                   zero     0x2000'8f4c     0x60  lcd_low.o [1]
  .bss                   zero     0x2000'8fac     0x58  tgui.o [1]
  .bss                   zero     0x2000'9004     0x54  config.o [1]
  .bss                   zero     0x2000'9058     0x54  eeprom.o [1]
  .bss                   zero     0x2000'90ac     0x54  files_pws.o [1]
  .bss                   zero     0x2000'9100     0x50  fsmc.o [1]
  .bss                   zero     0x2000'9150     0x40  tim.o [1]
  .bss                   zero     0x2000'9190     0x40  tim.o [1]
  .bss                   zero     0x2000'91d0     0x3c  files_photon.o [1]
  .bss                   zero     0x2000'920c     0x34  main.o [1]
  .bss                   zero     0x2000'9240     0x30  files_pws.o [1]
  .bss                   zero     0x2000'9270     0x30  tgui.o [1]
  .bss                   zero     0x2000'92a0     0x30  tgui.o [1]
  .bss                   zero     0x2000'92d0     0x30  tgui.o [1]
  .bss                   zero     0x2000'9300     0x30  tgui.o [1]
  .bss                   zero     0x2000'9330     0x30  tgui.o [1]
  .bss                   zero     0x2000'9360     0x30  tgui.o [1]
  .bss                   zero     0x2000'9390     0x30  tgui.o [1]
  .bss                   zero     0x2000'93c0     0x30  tgui.o [1]
  .bss                   zero     0x2000'93f0     0x30  tgui.o [1]
  .bss                   zero     0x2000'9420     0x30  tgui.o [1]
  .bss                   zero     0x2000'9450     0x30  tgui.o [1]
  .bss                   zero     0x2000'9480     0x30  tgui.o [1]
  .bss                   zero     0x2000'94b0     0x30  tgui.o [1]
  .bss                   zero     0x2000'94e0     0x30  tgui.o [1]
  .bss                   zero     0x2000'9510     0x2c  config.o [1]
  .bss                   zero     0x2000'953c     0x28  tgui.o [1]
  .bss                   zero     0x2000'9564     0x28  z_planner.o [1]
  .bss                   zero     0x2000'958c     0x20  files_photon.o [1]
  .bss                   zero     0x2000'95ac     0x20  files_photon.o [1]
  .bss                   zero     0x2000'95cc     0x20  printing.o [1]
  .bss                   zero     0x2000'95ec     0x20  rtc.o [1]
  .bss                   zero     0x2000'960c     0x20  tgui_numenterscreenfuncs.o [1]
  .bss                   zero     0x2000'962c     0x1c  files_pws.o [1]
  .bss                   zero     0x2000'9648     0x18  config.o [1]
  .bss                   zero     0x2000'9660     0x18  config.o [1]
  .bss                   zero     0x2000'9678     0x18  dlmalloc.o [2]
  .bss                   zero     0x2000'9690     0x14  files_pws.o [1]
  .bss                   zero     0x2000'96a4     0x10  ff_gen_drv.o [1]
  .bss                   zero     0x2000'96b4     0x10  touch.o [1]
  .bss                   zero     0x2000'96c4      0xc  spi_flash.o [1]
  .bss                   zero     0x2000'96d0      0x8  fatfs.o [1]
  .bss                   zero     0x2000'96d8      0x8  fatfs.o [1]
  .bss                   zero     0x2000'96e0      0x8  ff.o [1]
  .bss                   zero     0x2000'96e8      0x8  printing.o [1]
  .bss                   zero     0x2000'96f0      0x8  tgui_clocksetscreenfuncs.o [1]
  .bss                   zero     0x2000'96f8      0x8  tgui_screensaverfuncs.o [1]
  .bss                   zero     0x2000'9700      0x4  cpld_utils.o [1]
  .bss                   zero     0x2000'9704      0x4  cpld_utils.o [1]
  .bss                   zero     0x2000'9708      0x4  cpld_utils.o [1]
  .bss                   zero     0x2000'970c      0x4  fsmc.o [1]
  .bss                   zero     0x2000'9710      0x4  motor.o [1]
  .bss                   zero     0x2000'9714      0x4  printing.o [1]
  .bss                   zero     0x2000'9718      0x4  printing.o [1]
  .bss                   zero     0x2000'971c      0x4  printing.o [1]
  .bss                   zero     0x2000'9720      0x4  printing.o [1]
  .bss                   zero     0x2000'9724      0x4  printing.o [1]
  .bss                   zero     0x2000'9728      0x4  prtfiles.o [1]
  .bss                   zero     0x2000'972c      0x4  spi_flash.o [1]
  .bss                   zero     0x2000'9730      0x4  spi_flash.o [1]
  .bss                   zero     0x2000'9734      0x4  stm32f4xx_hal.o [1]
  .bss                   zero     0x2000'9738      0x4  stm32f4xx_ll_usb.o [1]
  .bss                   zero     0x2000'973c      0x4  sys_timer.o [1]
  .bss                   zero     0x2000'9740      0x4  sys_timer.o [1]
  .bss                   zero     0x2000'9744      0x4  sys_timer.o [1]
  .bss                   zero     0x2000'9748      0x4  sys_timer.o [1]
  .bss                   zero     0x2000'974c      0x4  tgui.o [1]
  .bss                   zero     0x2000'9750      0x4  tgui_fileviewscreenfuncs.o [1]
  .bss                   zero     0x2000'9754      0x4  tgui_numenterscreenfuncs.o [1]
  .bss                   zero     0x2000'9758      0x4  tgui_printscreenfuncs.o [1]
  .bss                   zero     0x2000'975c      0x4  tgui_printscreenfuncs.o [1]
  .bss                   zero     0x2000'9760      0x4  tgui_screensaverfuncs.o [1]
  .bss                   zero     0x2000'9764      0x4  touch.o [1]
  .bss                   zero     0x2000'9768      0x4  z_planner.o [1]
  .bss                   zero     0x2000'976c      0x4  z_planner.o [1]
  .bss                   zero     0x2000'9770      0x4  z_planner.o [1]
  .bss                   zero     0x2000'9774      0x4  z_planner.o [1]
  .bss                   zero     0x2000'9778      0x4  z_planner.o [1]
  .bss                   zero     0x2000'977c      0x4  z_planner.o [1]
  .bss                   zero     0x2000'9780      0x4  z_planner.o [1]
  .bss                   zero     0x2000'9784      0x4  z_stepper.o [1]
  .bss                   zero     0x2000'9788      0x4  z_stepper.o [1]
  .bss                   zero     0x2000'978c      0x4  z_stepper.o [1]
  .bss                   zero     0x2000'9790      0x4  z_stepper.o [1]
  .bss                   zero     0x2000'9794      0x4  z_stepper.o [1]
  .bss                   zero     0x2000'9798      0x4  z_stepper.o [1]
  .bss                   zero     0x2000'979c      0x4  z_stepper.o [1]
  .bss                   zero     0x2000'97a0      0x4  z_stepper.o [1]
  .bss                   zero     0x2000'97a4      0x4  z_stepper.o [1]
  .bss                   zero     0x2000'97a8      0x4  z_stepper.o [1]
  .bss                   zero     0x2000'97ac      0x4  z_stepper.o [1]
  .bss                   zero     0x2000'97b0      0x4  z_stepper.o [1]
  .bss                   zero     0x2000'97b4      0x4  z_stepper.o [1]
  .bss                   zero     0x2000'97b8      0x4  z_stepper.o [1]
  .bss                   zero     0x2000'97bc      0x4  xfail_s.o [2]
  .bss                   zero     0x2000'97c0      0x4  xgetmemchunk.o [2]
  .bss                   zero     0x2000'97c4      0x2  ff.o [1]
  .bss                   zero     0x2000'97c6      0x2  lcd_low.o [1]
  .bss                   zero     0x2000'97c8      0x2  lcd_ui.o [1]
  .bss                   zero     0x2000'97ca      0x2  lcd_ui.o [1]
  .bss                   zero     0x2000'97cc      0x2  lcd_ui.o [1]
  .bss                   zero     0x2000'97ce      0x2  tgui_fileviewscreenfuncs.o [1]
  .bss                   zero     0x2000'97d0      0x2  tgui_fileviewscreenfuncs.o [1]
  .bss                   zero     0x2000'97d2      0x2  z_planner.o [1]
  .bss                   zero     0x2000'97d4      0x1  eeprom.o [1]
  .bss                   zero     0x2000'97d5      0x1  fatfs.o [1]
  .bss                   zero     0x2000'97d6      0x1  fatfs.o [1]
  .bss                   zero     0x2000'97d7      0x1  main.o [1]
  .bss                   zero     0x2000'97d8      0x1  main.o [1]
  .bss                   zero     0x2000'97d9      0x1  main.o [1]
  .bss                   zero     0x2000'97da      0x1  main.o [1]
  .bss                   zero     0x2000'97db      0x1  main.o [1]
  .bss                   zero     0x2000'97dc      0x1  main.o [1]
  .bss                   zero     0x2000'97dd      0x1  main.o [1]
  .bss                   zero     0x2000'97de      0x1  prtfiles.o [1]
  .bss                   zero     0x2000'97df      0x1  prtfiles.o [1]
  .bss                   zero     0x2000'97e0      0x1  tgui_defaultfuncs.o [1]
  .bss                   zero     0x2000'97e1      0x1  tgui_filesscreenfuncs.o [1]
  .bss                   zero     0x2000'97e2      0x1  tgui_filesscreenfuncs.o [1]
  .bss                   zero     0x2000'97e3      0x1  tgui_filesscreenfuncs.o [1]
  .bss                   zero     0x2000'97e4      0x1  tgui_filesscreenfuncs.o [1]
  .bss                   zero     0x2000'97e5      0x1  tgui_fileviewscreenfuncs.o [1]
  .bss                   zero     0x2000'97e6      0x1  tgui_numenterscreenfuncs.o [1]
[...]
dir_read                 0x801'e91f   0x100  Code  Lc  ff.o [1]
dir_register             0x801'eb37   0x166  Code  Lc  ff.o [1]
dir_remove               0x801'ec9d    0x66  Code  Lc  ff.o [1]
dir_sdi                  0x801'e449    0xb2  Code  Lc  ff.o [1]
disk                    0x2000'96a4    0x10  Data  Gb  ff_gen_drv.o [1]
disk_initialize          0x802'2bb3    0x32  Code  Gb  diskio.o [1]
disk_ioctl               0x802'2c21    0x20  Code  Gb  diskio.o [1]
disk_read                0x802'2be5    0x1e  Code  Gb  diskio.o [1]
disk_status              0x802'2b95    0x1e  Code  Gb  diskio.o [1]
disk_write               0x802'2c03    0x1e  Code  Gb  diskio.o [1]
disp_locked             0x2000'97eb     0x1  Data  Gb  tgui_printscreenfuncs.o [1]
dmul                     0x802'dd85    0xc6  Code  Lc  strto64.o [4]
dot_entered             0x2000'97e9     0x1  Data  Gb  tgui_numenterscreenfuncs.o [1]
edit_value              0x2000'9754     0x4  Data  Gb  tgui_numenterscreenfuncs.o [1]
enter_begin             0x2000'97e8     0x1  Data  Gb  tgui_numenterscreenfuncs.o [1]
exit                     0x804'5123     0x4  Code  Gb  exit.o [2]
fMoveStep               0x2000'028c     0x4  Data  Gb  tgui_movezscreenfuncs.o [1]
f_close                  0x801'fce7    0x2a  Code  Gb  ff.o [1]
f_closedir               0x801'ff43    0x1c  Code  Gb  ff.o [1]
f_getfree                0x802'0007   0x100  Code  Gb  ff.o [1]
f_lseek                  0x801'fd11   0x1aa  Code  Gb  ff.o [1]
f_mkfs                   0x802'0385   0x692  Code  Gb  ff.o [1]
f_mkfs::cst              0x804'5e28    0x10  Data  Lc  ff.o [1]
f_mkfs::cst32            0x804'5e38    0x10  Data  Lc  ff.o [1]
f_mkfs::defopt           0x804'5e48    0x10  Data  Lc  ff.o [1]
f_mount                  0x801'f5d3    0x54  Code  Gb  ff.o [1]
f_open                   0x801'f649   0x21a  Code  Gb  ff.o [1]
f_opendir                0x801'febb    0x88  Code  Gb  ff.o [1]
f_read                   0x801'f863   0x1cc  Code  Gb  ff.o [1]
f_readdir                0x801'ff5f    0x5c  Code  Gb  ff.o [1]
f_stat                   0x801'ffbb    0x4c  Code  Gb  ff.o [1]
f_sync                   0x801'fc47    0xa0  Code  Gb  ff.o [1]
f_unlink                 0x802'0107    0xd6  Code  Gb  ff.o [1]
f_write                  0x801'fa2f   0x218  Code  Gb  ff.o [1]
fbuff                   0x1000'1cc0  0x4000  Data  Gb  main.o [1]
ff_oem2uni               0x802'2c8b    0x3a  Code  Gb  ffunicode.o [1]
ff_uni2oem               0x802'2c45    0x46  Code  Gb  ffunicode.o [1]
ff_wtoupper              0x802'2cc5    0xb6  Code  Gb  ffunicode.o [1]
ff_wtoupper::cvt1        0x804'2acc   0x1f4  Data  Lc  ffunicode.o [1]
ff_wtoupper::cvt2        0x804'3d98    0xbc  Data  Lc  ffunicode.o [1]
filedate                0x2000'97ce     0x2  Data  Gb  tgui_fileviewscreenfuncs.o [1]
files                   0x2000'23b0   0x830  Data  Gb  tgui_filesscreenfuncs.o [1]
filesize                0x2000'9750     0x4  Data  Gb  tgui_fileviewscreenfuncs.o [1]
filetime                0x2000'97d0     0x2  Data  Gb  tgui_fileviewscreenfuncs.o [1]
find_volume              0x801'f2bd    0x6c  Code  Lc  ff.o [1]
finfo                   0x2000'7474   0x224  Data  Gb  main.o [1]
floorf                   0x802'e41d          Code  Gb  floorf.o [4]
fnt12_data               0x804'0858   0x6b4  Data  Gb  fnt12.o [1]
fnt12_width              0x804'31e4   0x140  Data  Gb  fnt12.o [1]
fnt12bold_data           0x804'00d0   0x788  Data  Gb  fnt12bold.o [1]
fnt12bold_width          0x804'3324   0x140  Data  Gb  fnt12bold.o [1]
fnt170num_lcd_data       0x801'0188  0x66f0  Data  Gb  fnt170num_lcd.o [1]
fnt170num_lcd_width      0x804'4808    0x38  Data  Gb  fnt170num_lcd.o [1]
fnt18_data               0x803'c78c   0xea4  Data  Gb  fnt18.o [1]
fnt18_width              0x804'3464   0x140  Data  Gb  fnt18.o [1]
fnt18bold_data           0x803'9bd0  0x10c8  Data  Gb  fnt18bold.o [1]
fnt18bold_width          0x804'35a4   0x140  Data  Gb  fnt18bold.o [1]
fnt24_data               0x803'6ca8  0x1a1c  Data  Gb  fnt24.o [1]
fnt24_width              0x804'36e4   0x140  Data  Gb  fnt24.o [1]
fnt24bold_data           0x803'4c14  0x2094  Data  Gb  fnt24bold.o [1]
fnt24bold_width          0x804'3824   0x140  Data  Gb  fnt24bold.o [1]
fnt36_data               0x803'1080  0x3b94  Data  Gb  fnt36.o [1]
fnt36_width              0x804'3964   0x140  Data  Gb  fnt36.o [1]
fnt36num_data            0x804'0f0c   0x684  Data  Gb  fnt36num.o [1]
fnt36num_width           0x804'4840    0x38  Data  Gb  fnt36num.o [1]
follow_path              0x801'f159    0x9a  Code  Lc  ff.o [1]
font_fnt12              0x2000'0000     0xc  Data  Gb  fnt12.o [1]
font_fnt12bold          0x2000'000c     0xc  Data  Gb  fnt12bold.o [1]
font_fnt170num_lcd      0x2000'0018     0xc  Data  Gb  fnt170num_lcd.o [1]
font_fnt18              0x2000'0024     0xc  Data  Gb  fnt18.o [1]
font_fnt18bold          0x2000'0030     0xc  Data  Gb  fnt18bold.o [1]
font_fnt24              0x2000'003c     0xc  Data  Gb  fnt24.o [1]
font_fnt24bold          0x2000'0048     0xc  Data  Gb  fnt24bold.o [1]
font_fnt36              0x2000'0054     0xc  Data  Gb  fnt36.o [1]
font_fnt36num           0x2000'0060     0xc  Data  Gb  fnt36num.o [1]
fphoton_header          0x2000'8cfc    0x70  Data  Gb  files_photon.o [1]
fphoton_info            0x2000'91d0    0x3c  Data  Gb  files_photon.o [1]
fphoton_preview_big     0x2000'958c    0x20  Data  Gb  files_photon.o [1]
fphoton_preview_small   0x2000'95ac    0x20  Data  Gb  files_photon.o [1]
fpws_header             0x2000'9240    0x30  Data  Gb  files_pws.o [1]
fpws_info               0x2000'90ac    0x54  Data  Gb  files_pws.o [1]
fpws_layersdata         0x2000'9690    0x14  Data  Gb  files_pws.o [1]
fpws_preview            0x2000'962c    0x1c  Data  Gb  files_pws.o [1]
free                     0x803'fce1     0x4  Code  Gb  heaptramp0.o [2]
fv_dirname              0x2000'8a4c   0x100  Data  Gb  tgui_fileviewscreenfuncs.o [1]
fv_filename             0x2000'894c   0x100  Data  Gb  tgui_fileviewscreenfuncs.o [1]
fv_filetype             0x2000'97e5     0x1  Data  Gb  tgui_fileviewscreenfuncs.o [1]
fv_tfilename            0x2000'5838   0x400  Data  Gb  tgui_fileviewscreenfuncs.o [1]
gen_numname              0x801'e85d    0xa2  Code  Lc  ff.o [1]
get_fat                  0x801'dfc1   0x10a  Code  Lc  ff.o [1]
get_fattime              0x802'2da5    0x50  Code  Gb  fatfs.o [1]
get_fileinfo             0x801'ed03   0x1c8  Code  Lc  ff.o [1]
get_ldnumber             0x801'f1f3    0x4e  Code  Lc  ff.o [1]
hFlashSpi               0x2000'8c7c    0x80  Data  Gb  fst_spi.o [1]
hFlashSpiDmaRx          0x2000'8e8c    0x60  Data  Gb  fst_spi.o [1]
hFlashSpiDmaTx          0x2000'8eec    0x60  Data  Gb  fst_spi.o [1]
hI2C                    0x2000'9058    0x54  Data  Gb  eeprom.o [1]
hLcdDma                 0x2000'8f4c    0x60  Data  Gb  lcd_low.o [1]
hRTC                    0x2000'95ec    0x20  Data  Gb  rtc.o [1]
hStepperTim             0x2000'9150    0x40  Data  Gb  tim.o [1]
hTouchSpi               0x2000'8bfc    0x80  Data  Gb  fst_spi.o [1]
hTouchSpiDmaRx          0x2000'8d6c    0x60  Data  Gb  fst_spi.o [1]
hTouchSpiDmaTx          0x2000'8dcc    0x60  Data  Gb  fst_spi.o [1]
hUsbHost                0x2000'6038   0x3d8  Data  Gb  usb_host.o [1]
hZRefTim                0x2000'9190    0x40  Data  Gb  tim.o [1]
hhcd_USB_OTG_FS         0x2000'71b0   0x2c4  Data  Gb  usbh_conf.o [1]
hsram1                  0x2000'9100    0x50  Data  Gb  fsmc.o [1]
i2c_timer               0x2000'97d4     0x1  Data  Gb  eeprom.o [1]
idle()                   0x802'7a35     0xa  Code  Gb  motor.o [1]
idle()::idlecount       0x2000'9710     0x4  Data  Lc  motor.o [1]
init_mparams             0x803'86df    0x32  Code  Lc  dlmalloc.o [2]
init_top                 0x803'8711    0x36  Code  Lc  dlmalloc.o [2]
inited                  0x2000'97df     0x1  Data  Gb  prtfiles.o [1]
isalpha                  0x803'06a9    0x14  Code  Gb  isalpha.o [2]
isspace                  0x802'e2a1    0x14  Code  Gb  isspace.o [2]
l_info                  0x2000'95cc    0x20  Data  Gb  printing.o [1]
lastfilenum             0x2000'033d     0x1  Data  Gb  tgui_filesscreenfuncs.o [1]
lcdui_bgcolor           0x2000'97cc     0x2  Data  Gb  lcd_ui.o [1]
lcdui_color             0x2000'0338     0x2  Data  Gb  lcd_ui.o [1]
lcdui_current_font      0x2000'0080     0x4  Data  Gb  lcd_ui.o [1]
lcdui_current_font_type
                        0x2000'033a     0x1  Data  Gb  lcd_ui.o [1]
lcdui_cursor_x          0x2000'97c8     0x2  Data  Gb  lcd_ui.o [1]
lcdui_cursor_y          0x2000'97ca     0x2  Data  Gb  lcd_ui.o [1]
lcdui_height            0x2000'0336     0x2  Data  Gb  lcd_ui.o [1]
lcdui_width             0x2000'0334     0x2  Data  Gb  lcd_ui.o [1]
ld_clust                 0x801'e651    0x26  Code  Lc  ff.o [1]
ld_dword                 0x801'dd39    0x16  Code  Lc  ff.o [1]
ld_word                  0x801'dd2d     0xc  Code  Lc  ff.o [1]
ldata_length            0x2000'971c     0x4  Data  Gb  printing.o [1]
ldata_offset_begin      0x2000'9714     0x4  Data  Gb  printing.o [1]
ldata_offset_current    0x2000'9718     0x4  Data  Gb  printing.o [1]
ldexp                    0x802'3ad9          Code  Gb  ldexp.o [4]
ldexpl                   0x802'3ad9          Code  Gb  ldexp.o [4]
lmos                     0x804'5724    0x18  Data  Lc  datetime.o [1]
lngCurrent              0x2000'007c     0x4  Data  Gb  languages.o [1]
lngLanguages            0x2000'006c    0x10  Data  Gb  languages.o [1]
localeconv               0x802'352b     0x4  Code  Gb  xlocale_c.o [2]
lroundf                  0x802'e5b1          Code  Gb  lroundf.o [4]
main                     0x802'4049  0x10a8  Code  Gb  main.o [1]
mem_cmp                  0x801'dd95    0x1e  Code  Lc  ff.o [1]
mem_cpy                  0x801'dd75    0x14  Code  Lc  ff.o [1]
mem_set                  0x801'dd89     0xc  Code  Lc  ff.o [1]
memchr                   0x802'35d1          Code  Gb  memchr.o [5]
mos                      0x804'573c    0x18  Data  Lc  datetime.o [1]
mount_volume             0x801'f329   0x262  Code  Lc  ff.o [1]
move_window              0x801'ded5    0x3e  Code  Lc  ff.o [1]
mparams                 0x2000'9678    0x18  Data  Lc  dlmalloc.o [2]
msg                     0x2000'7eb8   0x200  Data  Gb  main.o [1]
ndigs                    0x804'4490    0x28  Data  Lc  iar_Stoulx.o [2]
ndigs                    0x804'44e0    0x28  Data  Lc  iar_Stoullx.o [2]
nomorefiles             0x2000'97e4     0x1  Data  Gb  tgui_filesscreenfuncs.o [1]
numstr                  0x2000'960c    0x20  Data  Gb  tgui_numenterscreenfuncs.o [1]
numstr_len              0x2000'97e7     0x1  Data  Gb  tgui_numenterscreenfuncs.o [1]
oldUsbMounted           0x2000'97e1     0x1  Data  Gb  tgui_filesscreenfuncs.o [1]
old_datetime            0x2000'96f8     0x8  Data  Gb  tgui_screensaverfuncs.o [1]
old_layer               0x2000'975c     0x4  Data  Gb  tgui_printscreenfuncs.o [1]
old_pause               0x2000'97ea     0x1  Data  Gb  tgui_printscreenfuncs.o [1]
old_prtlayer            0x2000'9760     0x4  Data  Gb  tgui_screensaverfuncs.o [1]
old_time                0x2000'9758     0x4  Data  Gb  tgui_printscreenfuncs.o [1]
pfile_type              0x2000'97de     0x1  Data  Gb  prtfiles.o [1]
pick_lfn                 0x801'e741    0x90  Code  Lc  ff.o [1]
pows                     0x804'4610    0x48  Data  Lc  strto64.o [4]
prepend_alloc            0x803'8747   0x346  Code  Lc  dlmalloc.o [2]
prev_position           0x2000'96e8     0x8  Data  Gb  printing.o [1]
prevcolors               0x804'69a0     0x4  Data  Lc  printing.o [1]
previmage               0x1000'0000  0x1cc0  Data  Gb  printing.o [1]
prt_file                0x2000'9728     0x4  Data  Gb  prtfiles.o [1]
put_fat                  0x801'e0cb   0x15c  Code  Lc  ff.o [1]
put_lfn                  0x801'e7d1    0x84  Code  Lc  ff.o [1]
put_utf                  0x801'de29    0x5c  Code  Lc  ff.o [1]
ranmatch                 0x803'd999    0x44  Code  Lc  xscanffull.o [2]
reTransmission_all_cnt  0x2000'9704     0x4  Data  Gb  cpld_utils.o [1]
reTransmission_data_cnt
                        0x2000'9700     0x4  Data  Gb  cpld_utils.o [1]
remove_chain             0x801'e227    0x8e  Code  Lc  ff.o [1]
resX                    0x2000'9720     0x4  Data  Gb  printing.o [1]
resY                    0x2000'9724     0x4  Data  Gb  printing.o [1]
retSPIFL                0x2000'97d6     0x1  Data  Gb  fatfs.o [1]
retUSBH                 0x2000'97d5     0x1  Data  Gb  fatfs.o [1]
s_tfname                0x2000'5038   0x400  Data  Gb  main.o [1]
scalbln                  0x802'3ad9          Code  Gb  ldexp.o [4]
scalblnl                 0x802'3ad9          Code  Gb  ldexp.o [4]
scalbn                   0x802'3ad9          Code  Gb  ldexp.o [4]
scalbnl                  0x802'3ad9          Code  Gb  ldexp.o [4]
scale                    0x802'1d47    0x46  Code  Lc  xprintffull.o [2]
scrTimeTimer            0x2000'033c     0x1  Data  Gb  tgui_defaultfuncs.o [1]
sec_hand                0x2000'97bc     0x4  Data  Lc  xfail_s.o [2]
segment_holding          0x803'86c5    0x1a  Code  Lc  dlmalloc.o [2]
sfile                   0x2000'9800  0x1028  Data  Gb  main.o [1]
sprintf                  0x801'cbad    0x40  Code  Gb  sprintf.o [2]
sqrtf                    0x802'dd65          Code  Gb  sqrtf.o [4]
srvMode                 0x2000'97dd     0x1  Data  Gb  main.o [1]
sscanf                   0x804'2231    0x28  Code  Gb  sscanf.o [2]
st_clust                 0x801'e677    0x2a  Code  Lc  ff.o [1]
st_dword                 0x801'dd5d    0x18  Code  Lc  ff.o [1]
st_word                  0x801'dd4f     0xe  Code  Lc  ff.o [1]
strcat                   0x802'c9ad    0x1e  Code  Gb  strcat.o [2]
strchr                   0x802'3539          Code  Gb  strchr.o [5]
strcmp                   0x802'8455          Code  Gb  strcmp.o [5]
strcpy                   0x802'c995          Code  Gb  strcpy.o [5]
strcpy_utf(char *, char *)
                         0x802'0c6d    0x28  Code  Gb  unicode_utils.o [1]
strlen                   0x802'3599          Code  Gb  strlen.o [5]
strncpy                  0x802'10dd          Code  Gb  strncpy.o [5]
strtoll                  0x803'e55d     0x2  Code  Gb  iar_Stollx.o [2]
strtoul                  0x802'a4ed     0x2  Code  Gb  iar_Stoulx.o [2]
strtoull                 0x803'e711     0x2  Code  Gb  iar_Stoullx.o [2]
strtrim(char *)          0x802'0d27    0x5e  Code  Gb  unicode_utils.o [1]
strupper_utf(char *)     0x802'0d85    0x5e  Code  Gb  unicode_utils.o [1]
subdir                  0x2000'97e3     0x1  Data  Gb  tgui_filesscreenfuncs.o [1]
sum_sfn                  0x801'e8ff    0x20  Code  Lc  ff.o [1]
sync_fs                  0x801'df13    0x94  Code  Lc  ff.o [1]
sync_window              0x801'de85    0x50  Code  Lc  ff.o [1]
sys_alloc                0x803'8c85   0x164  Code  Lc  dlmalloc.o [2]
sys_trim                 0x803'8de9    0x64  Code  Lc  dlmalloc.o [2]
systemInfo              0x2000'9510    0x2c  Data  Gb  config.o [1]
tchar2uni                0x801'dde3    0x46  Code  Lc  ff.o [1]
tfname                  0x1000'6ce8   0x400  Data  Gb  tgui.o [1]
tguiActiveScreen        0x2000'974c     0x4  Data  Gb  tgui.o [1]
tguiDBuff               0x2000'b850  0x1000  Data  Gb  tgui.o [1]
tguiDefaultConfig       0x2000'953c    0x28  Data  Gb  tgui.o [1]
tguiFBuff               0x2000'c850   0x200  Data  Gb  tgui.o [1]
tguiFile                0x2000'a828  0x1028  Data  Gb  tgui.o [1]
tguiMsgBox              0x2000'6b48   0x350  Data  Gb  tgui.o [1]
tguiScrClockSetButtons  0x2000'37b8   0x5d8  Data  Gb  tgui.o [1]
tguiScrFilesButtons     0x2000'67d8   0x370  Data  Gb  tgui.o [1]
tguiScrFilesListButtons
                        0x2000'4368   0x4d0  Data  Gb  tgui.o [1]
tguiScrFileviewButtons  0x2000'7698   0x210  Data  Gb  tgui.o [1]
tguiScrInfoButtons      0x2000'8b4c    0xb0  Data  Gb  tgui.o [1]
tguiScrLanguageButtons  0x2000'8744   0x108  Data  Gb  tgui.o [1]
tguiScrMainButtons      0x2000'85e4   0x160  Data  Gb  tgui.o [1]
tguiScrMovezButtons     0x2000'6410   0x3c8  Data  Gb  tgui.o [1]
tguiScrNumenterButtons  0x2000'31e0   0x5d8  Data  Gb  tgui.o [1]
tguiScrPrintButtons     0x2000'78a8   0x210  Data  Gb  tgui.o [1]
tguiScrServiceButtons   0x2000'8290   0x1b8  Data  Gb  tgui.o [1]
tguiScrSettingsButtons  0x2000'6e98   0x318  Data  Gb  tgui.o [1]
tguiScrUVTestButtons    0x2000'3d90   0x5d8  Data  Gb  tgui.o [1]
tguiScreenClockSet      0x2000'9480    0x30  Data  Gb  tgui.o [1]
tguiScreenFiles         0x2000'9360    0x30  Data  Gb  tgui.o [1]
tguiScreenFilesList     0x2000'9390    0x30  Data  Gb  tgui.o [1]
tguiScreenFileview      0x2000'9420    0x30  Data  Gb  tgui.o [1]
tguiScreenInfo          0x2000'9300    0x30  Data  Gb  tgui.o [1]
tguiScreenLanguage      0x2000'92d0    0x30  Data  Gb  tgui.o [1]
tguiScreenMain          0x2000'9270    0x30  Data  Gb  tgui.o [1]
tguiScreenMovez         0x2000'9330    0x30  Data  Gb  tgui.o [1]
tguiScreenNumenter      0x2000'93f0    0x30  Data  Gb  tgui.o [1]
tguiScreenPrint         0x2000'9450    0x30  Data  Gb  tgui.o [1]
tguiScreenSaver         0x2000'94b0    0x30  Data  Gb  tgui.o [1]
tguiScreenSaverButtons  0x2000'8fac    0x58  Data  Gb  tgui.o [1]
tguiScreenService       0x2000'92a0    0x30  Data  Gb  tgui.o [1]
tguiScreenSettings      0x2000'93c0    0x30  Data  Gb  tgui.o [1]
tguiScreenTimer         0x2000'97dc     0x1  Data  Gb  main.o [1]
tguiScreenUVTest        0x2000'94e0    0x30  Data  Gb  tgui.o [1]
tguiTimer               0x2000'97d9     0x1  Data  Gb  main.o [1]
tmalloc_large            0x803'8e59   0x386  Code  Lc  dlmalloc.o [2]
tmalloc_small            0x803'91df   0x200  Code  Lc  dlmalloc.o [2]
tolower                  0x802'e2b5    0x14  Code  Gb  tolower.o [2]
touch_buff              0x2000'8e2c    0x60  Data  Gb  fst_spi.o [1]
touch_info              0x2000'96b4    0x10  Data  Gb  touch.o [1]
touch_point             0x2000'9764     0x4  Data  Gb  touch.o [1]
tstrcat(unsigned short *, unsigned short *)
                         0x802'0cb7    0x2c  Code  Gb  unicode_utils.o [1]
tstrcat_utf(unsigned short *, char *)
                         0x802'0ce3    0x44  Code  Gb  unicode_utils.o [1]
tstrcpy(unsigned short *, unsigned short *)
                         0x802'0c95    0x22  Code  Gb  unicode_utils.o [1]
typeval                 0x2000'97e6     0x1  Data  Gb  tgui_numenterscreenfuncs.o [1]
u_tfname                0x2000'4c38   0x400  Data  Gb  main.o [1]
uc866                    0x804'3bd0   0x100  Data  Lc  ffunicode.o [1]
ufile                   0x1000'5cc0  0x1028  Data  Gb  main.o [1]
uv_image                0x2000'97ee     0x1  Data  Gb  tgui_uvtestscreenfuncs.o [1]
uvdisp_on               0x2000'97ed     0x1  Data  Gb  tgui_uvtestscreenfuncs.o [1]
uvfan_timer             0x2000'9748     0x4  Data  Gb  sys_timer.o [1]
uvled_timer             0x2000'9740     0x4  Data  Gb  sys_timer.o [1]
uvlight_on              0x2000'97ec     0x1  Data  Gb  tgui_uvtestscreenfuncs.o [1]
uvpause_timer           0x2000'9744     0x4  Data  Gb  sys_timer.o [1]
uwTick                  0x2000'9734     0x4  Data  Gb  stm32f4xx_hal.o [1]
uwTickFreq              0x2000'033b     0x1  Data  Gb  stm32f4xx_hal.o [1]
uwTickPrio              0x2000'0084     0x4  Data  Gb  stm32f4xx_hal.o [1]
validate                 0x801'f58b    0x48  Code  Lc  ff.o [1]
wctob                    0x803'e489    0x32  Code  Gb  wctob.o [2]
zDisTimer               0x2000'97db     0x1  Data  Gb  main.o [1]
zHoldTimer              0x2000'97da     0x1  Data  Gb  main.o [1]
zPlanner                0x2000'97f2     0x1  Data  Gb  z_planner.o [1]


[1] = D:\Electronics\Projects\MKS_DLP_new\SRC\firmware\MKSDLP_Alter_Debug\Obj
[2] = dl7M_tlf.a
[3] = dlpp7M_tl_fc.a
[4] = m7M_tls.a
[5] = rt7M_tl.a
[6] = shb_l.a

  138 625 bytes of readonly  code memory
   85 290 bytes of readonly  data memory
  105 268 bytes of readwrite data memory

Errors: none
Warnings: none
