###############################################################################
#
# IAR ELF Linker V8.32.1.169/W32 for ARM                  11/Sep/2020  20:13:45
# Copyright 2007-2018 IAR Systems AB.
#
#    Output file  =  
#        D:\Electronics\Projects\MKS_DLP_new\SRC\firmware\MKSDLP_Alter_debug\Exe\MKS_DLP_new.out
#    Map file     =  
#        D:\Electronics\Projects\MKS_DLP_new\SRC\firmware\MKSDLP_Alter_debug\List\MKS_DLP_new.map
#    Command line =  
#        -f C:\Temp\EWE4C.tmp
#        (D:\Electronics\Projects\MKS_DLP_new\SRC\firmware\MKSDLP_Alter_Debug\Obj\config.o
#        D:\Electronics\Projects\MKS_DLP_new\SRC\firmware\MKSDLP_Alter_Debug\Obj\cpld_utils.o
#        D:\Electronics\Projects\MKS_DLP_new\SRC\firmware\MKSDLP_Alter_Debug\Obj\datetime.o
#        D:\Electronics\Projects\MKS_DLP_new\SRC\firmware\MKSDLP_Alter_Debug\Obj\diskio.o
#        D:\Electronics\Projects\MKS_DLP_new\SRC\firmware\MKSDLP_Alter_Debug\Obj\eeprom.o
#        D:\Electronics\Projects\MKS_DLP_new\SRC\firmware\MKSDLP_Alter_Debug\Obj\fatfs.o
#        D:\Electronics\Projects\MKS_DLP_new\SRC\firmware\MKSDLP_Alter_Debug\Obj\ff.o
#        D:\Electronics\Projects\MKS_DLP_new\SRC\firmware\MKSDLP_Alter_Debug\Obj\ff_gen_drv.o
#        D:\Electronics\Projects\MKS_DLP_new\SRC\firmware\MKSDLP_Alter_Debug\Obj\ffsystem.o
#        D:\Electronics\Projects\MKS_DLP_new\SRC\firmware\MKSDLP_Alter_Debug\Obj\ffunicode.o
#        D:\Electronics\Projects\MKS_DLP_new\SRC\firmware\MKSDLP_Alter_Debug\Obj\files_pws.o
#        D:\Electronics\Projects\MKS_DLP_new\SRC\firmware\MKSDLP_Alter_Debug\Obj\fnt12.o
#        D:\Electronics\Projects\MKS_DLP_new\SRC\firmware\MKSDLP_Alter_Debug\Obj\fnt12bold.o
#        D:\Electronics\Projects\MKS_DLP_new\SRC\firmware\MKSDLP_Alter_Debug\Obj\fnt18.o
#        D:\Electronics\Projects\MKS_DLP_new\SRC\firmware\MKSDLP_Alter_Debug\Obj\fnt18bold.o
#        D:\Electronics\Projects\MKS_DLP_new\SRC\firmware\MKSDLP_Alter_Debug\Obj\fnt24.o
#        D:\Electronics\Projects\MKS_DLP_new\SRC\firmware\MKSDLP_Alter_Debug\Obj\fnt24bold.o
#        D:\Electronics\Projects\MKS_DLP_new\SRC\firmware\MKSDLP_Alter_Debug\Obj\fnt36num.o
#        D:\Electronics\Projects\MKS_DLP_new\SRC\firmware\MKSDLP_Alter_Debug\Obj\fnt36num_lcd.o
#        D:\Electronics\Projects\MKS_DLP_new\SRC\firmware\MKSDLP_Alter_Debug\Obj\fnt48num_lcd.o
#        D:\Electronics\Projects\MKS_DLP_new\SRC\firmware\MKSDLP_Alter_Debug\Obj\fsmc.o
#        D:\Electronics\Projects\MKS_DLP_new\SRC\firmware\MKSDLP_Alter_Debug\Obj\fst_spi.o
#        D:\Electronics\Projects\MKS_DLP_new\SRC\firmware\MKSDLP_Alter_Debug\Obj\gpio.o
#        D:\Electronics\Projects\MKS_DLP_new\SRC\firmware\MKSDLP_Alter_Debug\Obj\languages.o
#        D:\Electronics\Projects\MKS_DLP_new\SRC\firmware\MKSDLP_Alter_Debug\Obj\lcd_low.o
#        D:\Electronics\Projects\MKS_DLP_new\SRC\firmware\MKSDLP_Alter_Debug\Obj\lcd_ui.o
#        D:\Electronics\Projects\MKS_DLP_new\SRC\firmware\MKSDLP_Alter_Debug\Obj\main.o
#        D:\Electronics\Projects\MKS_DLP_new\SRC\firmware\MKSDLP_Alter_Debug\Obj\motor.o
#        D:\Electronics\Projects\MKS_DLP_new\SRC\firmware\MKSDLP_Alter_Debug\Obj\printing.o
#        D:\Electronics\Projects\MKS_DLP_new\SRC\firmware\MKSDLP_Alter_Debug\Obj\prtfiles.o
#        D:\Electronics\Projects\MKS_DLP_new\SRC\firmware\MKSDLP_Alter_Debug\Obj\rtc.o
#        D:\Electronics\Projects\MKS_DLP_new\SRC\firmware\MKSDLP_Alter_Debug\Obj\spi_flash.o
#        D:\Electronics\Projects\MKS_DLP_new\SRC\firmware\MKSDLP_Alter_Debug\Obj\spifl_diskio.o
#        D:\Electronics\Projects\MKS_DLP_new\SRC\firmware\MKSDLP_Alter_Debug\Obj\ssd_utils.o
#        D:\Electronics\Projects\MKS_DLP_new\SRC\firmware\MKSDLP_Alter_Debug\Obj\startup_stm32f407xx.o
#        D:\Electronics\Projects\MKS_DLP_new\SRC\firmware\MKSDLP_Alter_Debug\Obj\stm32f4xx_hal.o
#        D:\Electronics\Projects\MKS_DLP_new\SRC\firmware\MKSDLP_Alter_Debug\Obj\stm32f4xx_hal_cortex.o
#        D:\Electronics\Projects\MKS_DLP_new\SRC\firmware\MKSDLP_Alter_Debug\Obj\stm32f4xx_hal_dma.o
#        D:\Electronics\Projects\MKS_DLP_new\SRC\firmware\MKSDLP_Alter_Debug\Obj\stm32f4xx_hal_dma_ex.o
#        D:\Electronics\Projects\MKS_DLP_new\SRC\firmware\MKSDLP_Alter_Debug\Obj\stm32f4xx_hal_exti.o
#        D:\Electronics\Projects\MKS_DLP_new\SRC\firmware\MKSDLP_Alter_Debug\Obj\stm32f4xx_hal_flash.o
#        D:\Electronics\Projects\MKS_DLP_new\SRC\firmware\MKSDLP_Alter_Debug\Obj\stm32f4xx_hal_flash_ex.o
#        D:\Electronics\Projects\MKS_DLP_new\SRC\firmware\MKSDLP_Alter_Debug\Obj\stm32f4xx_hal_flash_ramfunc.o
#        D:\Electronics\Projects\MKS_DLP_new\SRC\firmware\MKSDLP_Alter_Debug\Obj\stm32f4xx_hal_gpio.o
#        D:\Electronics\Projects\MKS_DLP_new\SRC\firmware\MKSDLP_Alter_Debug\Obj\stm32f4xx_hal_hcd.o
#        D:\Electronics\Projects\MKS_DLP_new\SRC\firmware\MKSDLP_Alter_Debug\Obj\stm32f4xx_hal_i2c.o
#        D:\Electronics\Projects\MKS_DLP_new\SRC\firmware\MKSDLP_Alter_Debug\Obj\stm32f4xx_hal_msp.o
#        D:\Electronics\Projects\MKS_DLP_new\SRC\firmware\MKSDLP_Alter_Debug\Obj\stm32f4xx_hal_pwr.o
#        D:\Electronics\Projects\MKS_DLP_new\SRC\firmware\MKSDLP_Alter_Debug\Obj\stm32f4xx_hal_pwr_ex.o
#        D:\Electronics\Projects\MKS_DLP_new\SRC\firmware\MKSDLP_Alter_Debug\Obj\stm32f4xx_hal_rcc.o
#        D:\Electronics\Projects\MKS_DLP_new\SRC\firmware\MKSDLP_Alter_Debug\Obj\stm32f4xx_hal_rcc_ex.o
#        D:\Electronics\Projects\MKS_DLP_new\SRC\firmware\MKSDLP_Alter_Debug\Obj\stm32f4xx_hal_rtc.o
#        D:\Electronics\Projects\MKS_DLP_new\SRC\firmware\MKSDLP_Alter_Debug\Obj\stm32f4xx_hal_rtc_ex.o
#        D:\Electronics\Projects\MKS_DLP_new\SRC\firmware\MKSDLP_Alter_Debug\Obj\stm32f4xx_hal_spi.o
#        D:\Electronics\Projects\MKS_DLP_new\SRC\firmware\MKSDLP_Alter_Debug\Obj\stm32f4xx_hal_sram.o
#        D:\Electronics\Projects\MKS_DLP_new\SRC\firmware\MKSDLP_Alter_Debug\Obj\stm32f4xx_hal_tim.o
#        D:\Electronics\Projects\MKS_DLP_new\SRC\firmware\MKSDLP_Alter_Debug\Obj\stm32f4xx_hal_tim_ex.o
#        D:\Electronics\Projects\MKS_DLP_new\SRC\firmware\MKSDLP_Alter_Debug\Obj\stm32f4xx_it.o
#        D:\Electronics\Projects\MKS_DLP_new\SRC\firmware\MKSDLP_Alter_Debug\Obj\stm32f4xx_ll_fsmc.o
#        D:\Electronics\Projects\MKS_DLP_new\SRC\firmware\MKSDLP_Alter_Debug\Obj\stm32f4xx_ll_usb.o
#        D:\Electronics\Projects\MKS_DLP_new\SRC\firmware\MKSDLP_Alter_Debug\Obj\sys_timer.o
#        D:\Electronics\Projects\MKS_DLP_new\SRC\firmware\MKSDLP_Alter_Debug\Obj\system_stm32f4xx.o
#        D:\Electronics\Projects\MKS_DLP_new\SRC\firmware\MKSDLP_Alter_Debug\Obj\tgui.o
#        D:\Electronics\Projects\MKS_DLP_new\SRC\firmware\MKSDLP_Alter_Debug\Obj\tgui_defaultfuncs.o
#        D:\Electronics\Projects\MKS_DLP_new\SRC\firmware\MKSDLP_Alter_Debug\Obj\tgui_filesscreenfuncs.o
#        D:\Electronics\Projects\MKS_DLP_new\SRC\firmware\MKSDLP_Alter_Debug\Obj\tgui_fileviewscreenfuncs.o
#        D:\Electronics\Projects\MKS_DLP_new\SRC\firmware\MKSDLP_Alter_Debug\Obj\tgui_infoscreenfuncs.o
#        D:\Electronics\Projects\MKS_DLP_new\SRC\firmware\MKSDLP_Alter_Debug\Obj\tgui_langscreenfuncs.o
#        D:\Electronics\Projects\MKS_DLP_new\SRC\firmware\MKSDLP_Alter_Debug\Obj\tgui_mainscreenfuncs.o
#        D:\Electronics\Projects\MKS_DLP_new\SRC\firmware\MKSDLP_Alter_Debug\Obj\tgui_messagebox.o
#        D:\Electronics\Projects\MKS_DLP_new\SRC\firmware\MKSDLP_Alter_Debug\Obj\tgui_movezscreenfuncs.o
#        D:\Electronics\Projects\MKS_DLP_new\SRC\firmware\MKSDLP_Alter_Debug\Obj\tgui_numenterscreenfuncs.o
#        D:\Electronics\Projects\MKS_DLP_new\SRC\firmware\MKSDLP_Alter_Debug\Obj\tgui_printscreenfuncs.o
#        D:\Electronics\Projects\MKS_DLP_new\SRC\firmware\MKSDLP_Alter_Debug\Obj\tgui_settingsscreenfuncs.o
#        D:\Electronics\Projects\MKS_DLP_new\SRC\firmware\MKSDLP_Alter_Debug\Obj\tim.o
#        D:\Electronics\Projects\MKS_DLP_new\SRC\firmware\MKSDLP_Alter_Debug\Obj\touch.o
#        D:\Electronics\Projects\MKS_DLP_new\SRC\firmware\MKSDLP_Alter_Debug\Obj\unicode_utils.o
#        D:\Electronics\Projects\MKS_DLP_new\SRC\firmware\MKSDLP_Alter_Debug\Obj\usb_host.o
#        D:\Electronics\Projects\MKS_DLP_new\SRC\firmware\MKSDLP_Alter_Debug\Obj\usbh_conf.o
#        D:\Electronics\Projects\MKS_DLP_new\SRC\firmware\MKSDLP_Alter_Debug\Obj\usbh_core.o
#        D:\Electronics\Projects\MKS_DLP_new\SRC\firmware\MKSDLP_Alter_Debug\Obj\usbh_ctlreq.o
#        D:\Electronics\Projects\MKS_DLP_new\SRC\firmware\MKSDLP_Alter_Debug\Obj\usbh_diskio.o
#        D:\Electronics\Projects\MKS_DLP_new\SRC\firmware\MKSDLP_Alter_Debug\Obj\usbh_ioreq.o
#        D:\Electronics\Projects\MKS_DLP_new\SRC\firmware\MKSDLP_Alter_Debug\Obj\usbh_msc.o
#        D:\Electronics\Projects\MKS_DLP_new\SRC\firmware\MKSDLP_Alter_Debug\Obj\usbh_msc_bot.o
#        D:\Electronics\Projects\MKS_DLP_new\SRC\firmware\MKSDLP_Alter_Debug\Obj\usbh_msc_scsi.o
#        D:\Electronics\Projects\MKS_DLP_new\SRC\firmware\MKSDLP_Alter_Debug\Obj\usbh_pipes.o
#        D:\Electronics\Projects\MKS_DLP_new\SRC\firmware\MKSDLP_Alter_Debug\Obj\usbh_platform.o
#        D:\Electronics\Projects\MKS_DLP_new\SRC\firmware\MKSDLP_Alter_Debug\Obj\uvdisplay.o
#        D:\Electronics\Projects\MKS_DLP_new\SRC\firmware\MKSDLP_Alter_Debug\Obj\z_endstops.o
#        D:\Electronics\Projects\MKS_DLP_new\SRC\firmware\MKSDLP_Alter_Debug\Obj\z_planner.o
#        D:\Electronics\Projects\MKS_DLP_new\SRC\firmware\MKSDLP_Alter_Debug\Obj\z_stepper.o
#        --redirect _Printf=_PrintfFull --redirect _Scanf=_ScanfFull
#        --no_out_extension -o
#        D:\Electronics\Projects\MKS_DLP_new\SRC\firmware\MKSDLP_Alter_debug\Exe\MKS_DLP_new.out
#        --map
#        D:\Electronics\Projects\MKS_DLP_new\SRC\firmware\MKSDLP_Alter_debug\List\MKS_DLP_new.map
#        --log libraries,call_graph --log_file
#        D:\Electronics\Projects\MKS_DLP_new\SRC\firmware\MKSDLP_Alter_debug\List\MKS_DLP_new.log
#        --config
#        D:\Electronics\Projects\MKS_DLP_new\SRC\firmware/config/stm32f407xx_flash.icf
#        --semihosting --entry __iar_program_start --merge_duplicate_sections
#        --vfe --text_out locale)
#
###############################################################################

*******************************************************************************
*** RUNTIME MODEL ATTRIBUTES
***

CppFlavor                     = *
__CPP_Exceptions              = Disabled
__CPP_Language                = C++14
__Heap_Handler                = DLMalloc
__SystemLibrary               = DLib
__dlib_dynamic_initialization = normal
__dlib_version                = 6


*******************************************************************************
*** HEAP SELECTION
***

The advanced heap was selected because the application calls memory
allocation functions outside of system library functions, and there
are calls to deallocation functions in the application.


*******************************************************************************
*** PLACEMENT SUMMARY
***

"A0":  place at 0x801'0000 { ro section .intvec };
"P1":  place in [from 0x801'0000 to 0x807'ffff] { ro };
define block CSTACK with size = 16K, alignment = 8 { };
define block HEAP with size = 8K, alignment = 8 { };
"P2":  place in [from 0x2000'0000 to 0x2001'ffff] {
          rw, block CSTACK, block HEAP };
"P3":  place in [from 0x1000'0000 to 0x1000'ffff] { rw section CCMRAM };
initialize by copy { rw };

  Section                Kind         Address     Size  Object
  -------                ----         -------     ----  ------
"A0":                                            0x188
  .intvec                ro code   0x801'0000    0x188  startup_stm32f407xx.o [1]
                                 - 0x801'0188    0x188

"P1":                                          0x2dc5f
  .text                  ro code   0x801'0188   0x4372  tgui.o [1]
  .text                  ro code   0x801'44fa     0x7a  lz77_init_single.o [5]
  .text                  ro code   0x801'4574     0x66  ABImemset.o [5]
  .text                  ro code   0x801'45da     0x3a  zero_init3.o [5]
  .text                  ro code   0x801'4614    0xb80  tgui_defaultfuncs.o [1]
  .text                  ro code   0x801'5194     0xa6  ABImemcpy.o [5]
  .text                  ro code   0x801'523a     0x26  xencoding_8859_1.o [2]
  .text                  ro code   0x801'5260     0x44  languages.o [1]
  .text                  ro code   0x801'52a4    0x7c4  tgui_messagebox.o [1]
  .text                  ro code   0x801'5a68    0x1e8  sys_timer.o [1]
  .text                  ro code   0x801'5c50    0x124  datetime.o [1]
  .text                  ro code   0x801'5d74     0x40  sprintf.o [2]
  .text                  ro code   0x801'5db4    0xc8c  lcd_ui.o [1]
  .text                  ro code   0x801'6a40    0x524  lcd_low.o [1]
  .text                  ro code   0x801'6f64   0x2f74  ff.o [1]
  .text                  ro code   0x801'9ed8    0x404  unicode_utils.o [1]
  .text                  ro code   0x801'a2dc    0x278  touch.o [1]
  .text                  ro code   0x801'a554     0x70  strncpy.o [5]
  .text                  ro code   0x801'a5c4    0x444  stm32f4xx_hal_rtc.o [1]
  .text                  ro code   0x801'aa08    0xf46  xprintffull.o [2]
  .text                  ro code   0x801'b94e     0x1e  xsscin.o [2]
  .text                  ro code   0x801'b96c     0x28  stm32f4xx_hal.o [1]
  .text                  ro code   0x801'b994    0x114  fsmc.o [1]
  .text                  ro code   0x801'baa8    0x484  stm32f4xx_hal_dma.o [1]
  .text                  ro code   0x801'bf2c    0x158  stm32f4xx_hal_cortex.o [1]
  .text                  ro code   0x801'c084     0xf0  diskio.o [1]
  .text                  ro code   0x801'c174    0x168  ffunicode.o [1]
  .text                  ro code   0x801'c2dc    0x15c  fatfs.o [1]
  .text                  ro code   0x801'c438    0x59c  fst_spi.o [1]
  .text                  ro code   0x801'c9d4      0xc  stm32f4xx_hal.o [1]
  .text                  ro code   0x801'c9e0    0x104  xlocale_c.o [2]
  .text                  ro code   0x801'cae4     0x16  strchr.o [5]
  .text                  ro code   0x801'cafa      0xa  xsprout.o [2]
  .text                  ro code   0x801'cb04     0x40  xfail_s.o [2]
  .text                  ro code   0x801'cb44     0x36  strlen.o [5]
  .rodata                const     0x801'cb7a      0x2  languages.o [1]
  .text                  ro code   0x801'cb7c     0x58  memchr.o [5]
  .text                  ro code   0x801'cbd4      0xa  xmbcurmax.o [2]
  .rodata                const     0x801'cbde      0x2  languages.o [1]
  .text                  ro code   0x801'cbe0    0x230  I64DivMod.o [5]
  .text                  ro code   0x801'ce10    0x1a2  DblMul.o [4]
  .rodata                const     0x801'cfb2      0x1  unwind_debug.o [6]
  .text                  ro code   0x801'cfb4     0x70  frexp.o [4]
  .text                  ro code   0x801'd024     0x2e  DblCmpLe.o [4]
  .text                  ro code   0x801'd054     0x2e  DblCmpGe.o [4]
  .text                  ro code   0x801'd084    0x13a  ldexp.o [4]
  .text                  ro code   0x801'd1c0     0x3a  DblToS32.o [4]
  .text                  ro code   0x801'd1fc     0x22  S32ToDbl.o [4]
  .text                  ro code   0x801'd220     0xe2  DblSub.o [4]
  .text                  ro code   0x801'd304    0x246  DblDiv.o [4]
  .text                  ro code   0x801'd54c     0x28  DblToU32.o [4]
  .text                  ro code   0x801'd574     0x1a  U32ToDbl.o [4]
  .text                  ro code   0x801'd590      0x6  ABImemclr4.o [5]
  .text                  ro code   0x801'd598     0x5c  stm32f4xx_hal_sram.o [1]
  .text                  ro code   0x801'd5f4   0x1046  main.o [1]
  .text                  ro code   0x801'e63c    0x2a2  stm32f4xx_hal_gpio.o [1]
  .text                  ro code   0x801'e8e0     0x60  ff_gen_drv.o [1]
  .text                  ro code   0x801'e940    0x7be  stm32f4xx_hal_spi.o [1]
  .text                  ro code   0x801'f0fe      0x6  abort.o [2]
  .text                  ro code   0x801'f104      0x2  stm32f4xx_hal_spi.o [1]
  .text                  ro code   0x801'f108    0x17a  DblAdd.o [4]
  .text                  ro code   0x801'f284     0x32  ABImemset48.o [5]
  .text                  ro code   0x801'f2b8     0xec  stm32f4xx_ll_fsmc.o [1]
  .text                  ro code   0x801'f3a4     0x34  stm32f4xx_hal.o [1]
  .text                  ro code   0x801'f3d8    0x2dc  gpio.o [1]
  .text                  ro code   0x801'f6b4    0x328  spi_flash.o [1]
  .text                  ro code   0x801'f9dc     0xc8  rtc.o [1]
  .text                  ro code   0x801'faa4    0x614  eeprom.o [1]
  .text                  ro code   0x802'00b8    0xd14  config.o [1]
  .text                  ro code   0x802'0dcc    0x308  motor.o [1]
  .text                  ro code   0x802'10d4    0x16c  uvdisplay.o [1]
  .text                  ro code   0x802'1240     0x28  usbh_platform.o [1]
  .text                  ro code   0x802'1268     0x8c  usb_host.o [1]
  .text                  ro code   0x802'12f4     0x12  strcmp.o [5]
  .text                  ro code   0x802'1308     0x48  FltToDbl.o [4]
  .text                  ro code   0x802'1350     0x68  DblToFlt.o [4]
  .text                  ro code   0x802'13b8    0x540  tgui_movezscreenfuncs.o [1]
  .text                  ro code   0x802'18f8    0x3b0  prtfiles.o [1]
  .text                  ro code   0x802'1ca8    0x3dc  stm32f4xx_hal_rcc.o [1]
  .text                  ro code   0x802'2084    0x214  stm32f4xx_hal_rcc.o [1]
  .text                  ro code   0x802'2298    0x160  stm32f4xx_hal_rcc_ex.o [1]
  .text                  ro code   0x802'23f8     0x14  exit.o [6]
  .text                  ro code   0x802'240c     0x4c  stm32f4xx_hal.o [1]
  .text                  ro code   0x802'2458     0x40  stm32f4xx_hal_msp.o [1]
  .text                  ro code   0x802'2498     0x20  spi_flash.o [1]
  .text                  ro code   0x802'24b8    0x1ee  stm32f4xx_hal_i2c.o [1]
  .text                  ro code   0x802'26a8      0xe  math_wrappers64.o [4]
  .text                  ro code   0x802'26b8    0x152  iar_Stoulx.o [2]
  .text                  ro code   0x802'280c     0xe4  z_endstops.o [1]
  .text                  ro code   0x802'28f0    0xf38  z_planner.o [1]
  .text                  ro code   0x802'3828    0x5d0  z_stepper.o [1]
  .text                  ro code   0x802'3df8    0x1e8  tim.o [1]
  .text                  ro code   0x802'3fe0    0x7a2  stm32f4xx_hal_tim.o [1]
  .text                  ro code   0x802'4784     0x14  motor.o [1]
  .text                  ro code   0x802'4798      0xc  z_endstops.o [1]
  .text                  ro code   0x802'47a4     0x18  z_endstops.o [1]
  .text                  ro code   0x802'47bc     0x20  z_stepper.o [1]
  .text                  ro code   0x802'47dc     0x20  motor.o [1]
  .text                  ro code   0x802'47fc    0x2fa  cpld_utils.o [1]
  .text                  ro code   0x802'4af8    0x5f8  ssd_utils.o [1]
  .text                  ro code   0x802'50f0    0x7f4  usbh_core.o [1]
  .text                  ro code   0x802'58e4    0x4e0  files_pws.o [1]
  .text                  ro code   0x802'5dc4     0x1e  sqrtf.o [4]
  .text                  ro code   0x802'5de4    0x51c  strto64.o [4]
  .text                  ro code   0x802'6300     0x14  isspace.o [2]
  .text                  ro code   0x802'6314     0x14  tolower.o [2]
  .text                  ro code   0x802'6328     0x18  z_stepper.o [1]
  .text                  ro code   0x802'6340     0x24  z_planner.o [1]
  .text                  ro code   0x802'6364     0x18  z_planner.o [1]
  .text                  ro code   0x802'637c      0x8  z_stepper.o [1]
  .text                  ro code   0x802'6384     0x3c  ceilf.o [4]
  .text                  ro code   0x802'63c0     0xb8  z_planner.o [1]
  .text                  ro code   0x802'6478     0x3c  floorf.o [4]
  .text                  ro code   0x802'64b4     0xc8  z_planner.o [1]
  .text                  ro code   0x802'657c     0x12  z_planner.o [1]
  .text                  ro code   0x802'658e      0x8  z_planner.o [1]
  .text                  ro code   0x802'6598     0x20  z_stepper.o [1]
  .text                  ro code   0x802'65b8     0x10  z_stepper.o [1]
  .text                  ro code   0x802'65c8      0xc  z_stepper.o [1]
  .text                  ro code   0x802'65d4     0x38  z_planner.o [1]
  .text                  ro code   0x802'660c     0x18  z_planner.o [1]
  .text                  ro code   0x802'6624     0x2e  lroundf.o [4]
  .text                  ro code   0x802'6654     0x1c  z_stepper.o [1]
  .text                  ro code   0x802'6670     0x30  z_stepper.o [1]
  .text                  ro code   0x802'66a0     0xac  stm32f4xx_hal_tim_ex.o [1]
  .text                  ro code   0x802'674c     0x4a  cpld_utils.o [1]
  .text                  ro code   0x802'6798    0x3a0  usbh_conf.o [1]
  .text                  ro code   0x802'6b38     0xe0  usbh_pipes.o [1]
  .text                  ro code   0x802'6c18    0x642  usbh_ctlreq.o [1]
  .text                  ro code   0x802'725a    0x122  iar_Stopfx.o [2]
  .text                  ro code   0x802'737c    0x1c4  iar_Stoflt.o [2]
  .text                  ro code   0x802'7540    0x21c  iar_Stoxflt.o [2]
  .text                  ro code   0x802'775c     0x10  z_stepper.o [1]
  .text                  ro code   0x802'776c      0xe  z_planner.o [1]
  .text                  ro code   0x802'777c     0x1c  z_stepper.o [1]
  .text                  ro code   0x802'7798   0x10d2  stm32f4xx_hal_hcd.o [1]
  .text                  ro code   0x802'886a    0x10e  usbh_ioreq.o [1]
  .text                  ro code   0x802'8978     0x14  isalpha.o [2]
  .text                  ro code   0x802'898c    0xa8c  stm32f4xx_ll_usb.o [1]
  .rodata                const     0x802'9418   0x2094  fnt24bold.o [1]
  .rodata                const     0x802'b4ac   0x1a1c  fnt24.o [1]
  .rodata                const     0x802'cec8   0x1770  uvdisplay.o [1]
  .text                  ro code   0x802'e638   0x14e0  dlmalloc.o [2]
  .text                  ro code   0x802'fb18     0x2c  xgetmemchunk.o [2]
  .rodata                const     0x802'fb44   0x12c0  uvdisplay.o [1]
  .rodata                const     0x803'0e04   0x10c8  fnt18bold.o [1]
  .text                  ro code   0x803'1ecc   0x1000  tgui_filesscreenfuncs.o [1]
  .text                  ro code   0x803'2ecc     0x18  strcpy.o [5]
  .text                  ro code   0x803'2ee4     0x1e  strcat.o [2]
  .text                  ro code   0x803'2f04    0xaa4  tgui_fileviewscreenfuncs.o [1]
  .rodata                const     0x803'39a8    0xea4  fnt18.o [1]
  .text                  ro code   0x803'484c    0xe58  xscanffull.o [2]
  .text                  ro code   0x803'56a4     0x3c  wctob.o [2]
  .text                  ro code   0x803'56e0     0x9e  iar_Stollx.o [2]
  .text                  ro code   0x803'5780    0x1b2  iar_Stoullx.o [2]
  .rodata                const     0x803'5934    0xbcc  fnt48num_lcd.o [1]
  .text                  ro code   0x803'6500    0x9ae  usbh_msc.o [1]
  .text                  ro code   0x803'6eb0    0x43c  usbh_msc_bot.o [1]
  .text                  ro code   0x803'72ec      0x4  heaptramp0.o [2]
  .text                  ro code   0x803'72f0    0x490  usbh_msc_scsi.o [1]
  .text                  ro code   0x803'7780    0x870  tgui_printscreenfuncs.o [1]
  .text                  ro code   0x803'7ff0     0x38  printing.o [1]
  .rodata                const     0x803'8028    0x788  fnt12bold.o [1]
  .rodata                const     0x803'87b0    0x6b4  fnt12.o [1]
  .rodata                const     0x803'8e64    0x684  fnt36num.o [1]
  .rodata                const     0x803'94e8    0x66c  fnt36num_lcd.o [1]
  .text                  ro code   0x803'9b54    0x648  tgui_numenterscreenfuncs.o [1]
  .text                  ro code   0x803'a19c     0x28  sscanf.o [2]
  .text                  ro code   0x803'a1c4    0x488  tgui_infoscreenfuncs.o [1]
  .text                  ro code   0x803'a64c    0x26c  tgui_settingsscreenfuncs.o [1]
  .rodata                const     0x803'a8b8    0x1f4  ffunicode.o [1]
  .rodata                const     0x803'aaac    0x188  languages.o [1]
  .rodata                const     0x803'ac34    0x188  languages.o [1]
  .text                  ro code   0x803'adbc    0x170  usbh_diskio.o [1]
  .text                  ro code   0x803'af2c    0x154  spifl_diskio.o [1]
  .rodata                const     0x803'b080    0x140  fnt12.o [1]
  .rodata                const     0x803'b1c0    0x140  fnt12bold.o [1]
  .rodata                const     0x803'b300    0x140  fnt18.o [1]
  .rodata                const     0x803'b440    0x140  fnt18bold.o [1]
  .rodata                const     0x803'b580    0x140  fnt24.o [1]
  .rodata                const     0x803'b6c0    0x140  fnt24bold.o [1]
  .rodata                const     0x803'b800    0x100  ffunicode.o [1]
  .rodata                const     0x803'b900     0xbc  ffunicode.o [1]
  .rodata                const     0x803'b9bc     0x9c  languages.o [1]
  .text                  ro code   0x803'ba58     0x9c  stm32f4xx_it.o [1]
  .rodata                const     0x803'baf4     0x80  ff.o [1]
  .rodata                const     0x803'bb74     0x78  languages.o [1]
  .rodata                const     0x803'bbec     0x74  languages.o [1]
  .rodata                const     0x803'bc60     0x74  languages.o [1]
  .rodata                const     0x803'bcd4     0x70  languages.o [1]
  .rodata                const     0x803'bd44     0x70  languages.o [1]
  .rodata                const     0x803'bdb4     0x68  languages.o [1]
  .rodata                const     0x803'be1c     0x68  languages.o [1]
  .rodata                const     0x803'be84     0x54  languages.o [1]
  .rodata                const     0x803'bed8     0x54  languages.o [1]
  .rodata                const     0x803'bf2c     0x50  iar_Stoulx.o [2]
  .rodata                const     0x803'bf7c     0x50  iar_Stoullx.o [2]
  .rodata                const     0x803'bfcc     0x4c  languages.o [1]
  .rodata                const     0x803'c018     0x4c  xscanffull.o [2]
  .rodata                const     0x803'c064     0x44  languages.o [1]
  .rodata                const     0x803'c0a8     0x48  strto64.o [4]
  .rodata                const     0x803'c0f0     0x40  languages.o [1]
  .rodata                const     0x803'c130     0x3c  languages.o [1]
  .rodata                const     0x803'c16c     0x3c  languages.o [1]
  .rodata                const     0x803'c1a8     0x3c  languages.o [1]
  .rodata                const     0x803'c1e4     0x3c  languages.o [1]
  .rodata                const     0x803'c220     0x38  fnt36num.o [1]
  .rodata                const     0x803'c258     0x38  fnt36num_lcd.o [1]
  .rodata                const     0x803'c290     0x38  fnt48num_lcd.o [1]
  .rodata                const     0x803'c2c8     0x38  languages.o [1]
  .rodata                const     0x803'c300     0x38  languages.o [1]
  .rodata                const     0x803'c338     0x38  main.o [1]
  .rodata                const     0x803'c370     0x34  languages.o [1]
  .rodata                const     0x803'c3a4     0x34  languages.o [1]
  .rodata                const     0x803'c3d8     0x34  main.o [1]
  .rodata                const     0x803'c40c     0x34  main.o [1]
  .rodata                const     0x803'c440     0x30  languages.o [1]
  .rodata                const     0x803'c470     0x30  languages.o [1]
  .rodata                const     0x803'c4a0     0x30  languages.o [1]
  .rodata                const     0x803'c4d0     0x30  languages.o [1]
  .rodata                const     0x803'c500     0x30  main.o [1]
  .rodata                const     0x803'c530     0x30  main.o [1]
  .rodata                const     0x803'c560     0x30  main.o [1]
  .rodata                const     0x803'c590     0x2c  languages.o [1]
  .rodata                const     0x803'c5bc     0x2c  languages.o [1]
  .rodata                const     0x803'c5e8     0x2c  main.o [1]
  .rodata                const     0x803'c614     0x2c  main.o [1]
  .rodata                const     0x803'c640     0x28  languages.o [1]
  .rodata                const     0x803'c668     0x28  main.o [1]
  .rodata                const     0x803'c690     0x28  xscanffull.o [2]
  .text                  ro code   0x803'c6b8     0x28  data_init.o [5]
  .rodata                const     0x803'c6e0     0x24  languages.o [1]
  .rodata                const     0x803'c704     0x24  languages.o [1]
  .rodata                const     0x803'c728     0x24  languages.o [1]
  .rodata                const     0x803'c74c     0x24  main.o [1]
  .rodata                const     0x803'c770     0x24  tgui_infoscreenfuncs.o [1]
  .text                  ro code   0x803'c794     0x24  tgui_langscreenfuncs.o [1]
  .text                  ro code   0x803'c7b8     0x22  fpinit_M.o [4]
  .iar.init_table        const     0x803'c7dc     0x24  - Linker created -
  .rodata                const     0x803'c800     0x20  languages.o [1]
  .rodata                const     0x803'c820     0x20  languages.o [1]
  .rodata                const     0x803'c840     0x20  languages.o [1]
  .rodata                const     0x803'c860     0x20  languages.o [1]
  .rodata                const     0x803'c880     0x20  languages.o [1]
  .rodata                const     0x803'c8a0     0x20  languages.o [1]
  .rodata                const     0x803'c8c0     0x20  languages.o [1]
  .rodata                const     0x803'c8e0     0x20  main.o [1]
  .rodata                const     0x803'c900     0x20  tgui.o [1]
  .rodata                const     0x803'c920     0x20  tgui.o [1]
  .rodata                const     0x803'c940     0x20  tgui.o [1]
  .rodata                const     0x803'c960     0x20  tgui.o [1]
  .rodata                const     0x803'c980     0x20  tgui.o [1]
  .rodata                const     0x803'c9a0     0x20  tgui_printscreenfuncs.o [1]
  .text                  ro code   0x803'c9c0     0x20  system_stm32f4xx.o [1]
  .text                  ro code   0x803'c9e0     0x20  cmain_call_ctors.o [5]
  .text                  ro code   0x803'ca00     0x18  cppinit.o [2]
  .text                  ro code   0x803'ca18     0x1e  cmain.o [5]
  .text                  ro code   0x803'ca36      0x4  low_level_init.o [2]
  .text                  ro code   0x803'ca3a      0x4  exit.o [2]
  .text                  ro code   0x803'ca40      0xa  cexit.o [5]
  .rodata                const     0x803'ca4c     0x1c  languages.o [1]
  .rodata                const     0x803'ca68     0x1c  languages.o [1]
  .rodata                const     0x803'ca84     0x1c  languages.o [1]
  .rodata                const     0x803'caa0     0x1c  languages.o [1]
  .rodata                const     0x803'cabc     0x1c  languages.o [1]
  .rodata                const     0x803'cad8     0x1c  languages.o [1]
  .rodata                const     0x803'caf4     0x1c  languages.o [1]
  .rodata                const     0x803'cb10     0x1c  languages.o [1]
  .rodata                const     0x803'cb2c     0x1c  tgui.o [1]
  .rodata                const     0x803'cb48     0x1c  tgui.o [1]
  .rodata                const     0x803'cb64     0x1c  tgui.o [1]
  .rodata                const     0x803'cb80     0x1c  tgui.o [1]
  .rodata                const     0x803'cb9c     0x1c  tgui.o [1]
  .rodata                const     0x803'cbb8     0x1c  tgui.o [1]
  .rodata                const     0x803'cbd4     0x1c  tgui.o [1]
  .rodata                const     0x803'cbf0     0x1c  tgui.o [1]
  .rodata                const     0x803'cc0c     0x1c  tgui.o [1]
  .rodata                const     0x803'cc28     0x1c  tgui.o [1]
  .rodata                const     0x803'cc44     0x1c  tgui.o [1]
  .rodata                const     0x803'cc60     0x1c  tgui.o [1]
  .rodata                const     0x803'cc7c     0x1c  tgui.o [1]
  .rodata                const     0x803'cc98     0x1c  tgui.o [1]
  .rodata                const     0x803'ccb4     0x1c  tgui.o [1]
  .rodata                const     0x803'ccd0     0x1c  tgui.o [1]
  .rodata                const     0x803'ccec     0x1c  tgui.o [1]
  .rodata                const     0x803'cd08     0x1c  tgui.o [1]
  .rodata                const     0x803'cd24     0x1c  tgui.o [1]
  .rodata                const     0x803'cd40     0x1c  tgui.o [1]
  .rodata                const     0x803'cd5c     0x1c  tgui.o [1]
  .rodata                const     0x803'cd78     0x1c  tgui.o [1]
  .rodata                const     0x803'cd94     0x1c  tgui.o [1]
  .rodata                const     0x803'cdb0     0x1c  tgui.o [1]
  .rodata                const     0x803'cdcc     0x1c  tgui.o [1]
  .rodata                const     0x803'cde8     0x1c  tgui_fileviewscreenfuncs.o [1]
  .rodata                const     0x803'ce04     0x1c  tgui_infoscreenfuncs.o [1]
  .rodata                const     0x803'ce20     0x18  config.o [1]
  .rodata                const     0x803'ce38     0x18  config.o [1]
  .rodata                const     0x803'ce50     0x18  config.o [1]
  .rodata                const     0x803'ce68     0x18  config.o [1]
  .rodata                const     0x803'ce80     0x18  datetime.o [1]
  .rodata                const     0x803'ce98     0x18  datetime.o [1]
  .rodata                const     0x803'ceb0     0x18  languages.o [1]
  .rodata                const     0x803'cec8     0x18  languages.o [1]
  .rodata                const     0x803'cee0     0x18  languages.o [1]
  .rodata                const     0x803'cef8     0x18  languages.o [1]
  .rodata                const     0x803'cf10     0x18  languages.o [1]
  .rodata                const     0x803'cf28     0x18  main.o [1]
  .rodata                const     0x803'cf40     0x18  main.o [1]
  .rodata                const     0x803'cf58     0x18  main.o [1]
  .rodata                const     0x803'cf70     0x18  tgui.o [1]
  .rodata                const     0x803'cf88     0x18  tgui.o [1]
  .rodata                const     0x803'cfa0     0x18  tgui.o [1]
  .rodata                const     0x803'cfb8     0x18  tgui.o [1]
  .rodata                const     0x803'cfd0     0x18  tgui.o [1]
  .rodata                const     0x803'cfe8     0x18  tgui.o [1]
  .rodata                const     0x803'd000     0x18  tgui.o [1]
  .rodata                const     0x803'd018     0x18  tgui.o [1]
  .rodata                const     0x803'd030     0x18  tgui.o [1]
  .rodata                const     0x803'd048     0x18  tgui.o [1]
  .rodata                const     0x803'd060     0x18  tgui.o [1]
  .rodata                const     0x803'd078     0x18  tgui.o [1]
  .rodata                const     0x803'd090     0x18  tgui.o [1]
  .rodata                const     0x803'd0a8     0x18  tgui.o [1]
  .rodata                const     0x803'd0c0     0x18  tgui.o [1]
  .rodata                const     0x803'd0d8     0x18  tgui.o [1]
  .rodata                const     0x803'd0f0     0x18  tgui.o [1]
  .rodata                const     0x803'd108     0x18  tgui.o [1]
  .rodata                const     0x803'd120     0x18  tgui.o [1]
  .rodata                const     0x803'd138     0x18  tgui_filesscreenfuncs.o [1]
  .rodata                const     0x803'd150     0x18  tgui_filesscreenfuncs.o [1]
  .rodata                const     0x803'd168     0x14  config.o [1]
  .rodata                const     0x803'd17c     0x14  config.o [1]
  .rodata                const     0x803'd190     0x14  ff.o [1]
  .rodata                const     0x803'd1a4     0x14  ff.o [1]
  .rodata                const     0x803'd1b8     0x14  languages.o [1]
  .rodata                const     0x803'd1cc     0x14  languages.o [1]
  .rodata                const     0x803'd1e0     0x14  languages.o [1]
  .rodata                const     0x803'd1f4     0x14  languages.o [1]
  .rodata                const     0x803'd208     0x14  languages.o [1]
  .rodata                const     0x803'd21c     0x14  languages.o [1]
  .rodata                const     0x803'd230     0x14  languages.o [1]
  .rodata                const     0x803'd244     0x14  languages.o [1]
  .rodata                const     0x803'd258     0x14  languages.o [1]
  .rodata                const     0x803'd26c     0x14  spifl_diskio.o [1]
  .rodata                const     0x803'd280     0x14  tgui.o [1]
  .rodata                const     0x803'd294     0x14  tgui.o [1]
  .rodata                const     0x803'd2a8     0x14  tgui.o [1]
  .rodata                const     0x803'd2bc     0x14  tgui.o [1]
  .rodata                const     0x803'd2d0     0x14  tgui.o [1]
  .rodata                const     0x803'd2e4     0x14  tgui.o [1]
  .rodata                const     0x803'd2f8     0x14  tgui_filesscreenfuncs.o [1]
  .rodata                const     0x803'd30c     0x14  tgui_filesscreenfuncs.o [1]
  .rodata                const     0x803'd320     0x14  tgui_infoscreenfuncs.o [1]
  .rodata                const     0x803'd334     0x14  usbh_diskio.o [1]
  .rodata                const     0x803'd348     0x10  config.o [1]
  .rodata                const     0x803'd358     0x10  config.o [1]
  .rodata                const     0x803'd368     0x10  config.o [1]
  .rodata                const     0x803'd378     0x10  config.o [1]
  .rodata                const     0x803'd388     0x10  config.o [1]
  .rodata                const     0x803'd398     0x10  ff.o [1]
  .rodata                const     0x803'd3a8     0x10  ff.o [1]
  .rodata                const     0x803'd3b8     0x10  ff.o [1]
  .rodata                const     0x803'd3c8     0x10  ff.o [1]
  .rodata                const     0x803'd3d8     0x10  languages.o [1]
  .rodata                const     0x803'd3e8     0x10  languages.o [1]
  .rodata                const     0x803'd3f8     0x10  languages.o [1]
  .rodata                const     0x803'd408     0x10  languages.o [1]
  .rodata                const     0x803'd418     0x10  languages.o [1]
  .rodata                const     0x803'd428     0x10  languages.o [1]
  .rodata                const     0x803'd438     0x10  languages.o [1]
  .rodata                const     0x803'd448     0x10  languages.o [1]
  .rodata                const     0x803'd458     0x10  languages.o [1]
  .rodata                const     0x803'd468     0x10  languages.o [1]
  .rodata                const     0x803'd478     0x10  languages.o [1]
  .rodata                const     0x803'd488     0x10  languages.o [1]
  .rodata                const     0x803'd498     0x10  languages.o [1]
  .rodata                const     0x803'd4a8     0x10  languages.o [1]
  .rodata                const     0x803'd4b8     0x10  languages.o [1]
  .rodata                const     0x803'd4c8     0x10  languages.o [1]
  .rodata                const     0x803'd4d8     0x10  languages.o [1]
  .rodata                const     0x803'd4e8     0x10  languages.o [1]
  .rodata                const     0x803'd4f8     0x10  languages.o [1]
  .rodata                const     0x803'd508     0x10  main.o [1]
  .rodata                const     0x803'd518     0x10  main.o [1]
  .rodata                const     0x803'd528     0x10  system_stm32f4xx.o [1]
  .rodata                const     0x803'd538     0x10  tgui.o [1]
  .rodata                const     0x803'd548     0x10  tgui.o [1]
  .rodata                const     0x803'd558     0x10  tgui.o [1]
  .rodata                const     0x803'd568     0x10  tgui.o [1]
  .rodata                const     0x803'd578     0x10  tgui.o [1]
  .rodata                const     0x803'd588     0x10  tgui.o [1]
  .rodata                const     0x803'd598     0x10  tgui_defaultfuncs.o [1]
  .text                  ro code   0x803'd5a8     0x10  startup_stm32f407xx.o [1]
  .rodata                const     0x803'd5b8      0xc  config.o [1]
  .rodata                const     0x803'd5c4      0xc  config.o [1]
  .rodata                const     0x803'd5d0      0xc  config.o [1]
  .rodata                const     0x803'd5dc      0xc  config.o [1]
  .rodata                const     0x803'd5e8      0xc  config.o [1]
  .rodata                const     0x803'd5f4      0xc  config.o [1]
  .rodata                const     0x803'd600      0xc  ff.o [1]
  .rodata                const     0x803'd60c      0xc  ff.o [1]
  .rodata                const     0x803'd618      0xc  files_pws.o [1]
  .rodata                const     0x803'd624      0xc  files_pws.o [1]
  .rodata                const     0x803'd630      0xc  languages.o [1]
  .rodata                const     0x803'd63c      0xc  languages.o [1]
  .rodata                const     0x803'd648      0xc  languages.o [1]
  .rodata                const     0x803'd654      0xc  languages.o [1]
  .rodata                const     0x803'd660      0xc  languages.o [1]
  .rodata                const     0x803'd66c      0xc  languages.o [1]
  .rodata                const     0x803'd678      0xc  languages.o [1]
  .rodata                const     0x803'd684      0xc  languages.o [1]
  .rodata                const     0x803'd690      0xc  languages.o [1]
  .rodata                const     0x803'd69c      0xc  languages.o [1]
  .rodata                const     0x803'd6a8      0xc  languages.o [1]
  .rodata                const     0x803'd6b4      0xc  languages.o [1]
  .rodata                const     0x803'd6c0      0xc  languages.o [1]
  .rodata                const     0x803'd6cc      0xc  languages.o [1]
  .rodata                const     0x803'd6d8      0xc  languages.o [1]
  .rodata                const     0x803'd6e4      0xc  languages.o [1]
  .rodata                const     0x803'd6f0      0xc  languages.o [1]
  .rodata                const     0x803'd6fc      0xc  languages.o [1]
  .rodata                const     0x803'd708      0xc  languages.o [1]
  .rodata                const     0x803'd714      0xc  languages.o [1]
  .rodata                const     0x803'd720      0xc  languages.o [1]
  .rodata                const     0x803'd72c      0xc  languages.o [1]
  .rodata                const     0x803'd738      0xc  languages.o [1]
  .rodata                const     0x803'd744      0xc  languages.o [1]
  .rodata                const     0x803'd750      0xc  languages.o [1]
  .rodata                const     0x803'd75c      0xc  languages.o [1]
  .rodata                const     0x803'd768      0xc  languages.o [1]
  .rodata                const     0x803'd774      0xc  languages.o [1]
  .rodata                const     0x803'd780      0xc  languages.o [1]
  .rodata                const     0x803'd78c      0xc  languages.o [1]
  .rodata                const     0x803'd798      0xc  languages.o [1]
  .rodata                const     0x803'd7a4      0xc  languages.o [1]
  .rodata                const     0x803'd7b0      0xc  main.o [1]
  .rodata                const     0x803'd7bc      0xc  main.o [1]
  .rodata                const     0x803'd7c8      0xc  tgui.o [1]
  .rodata                const     0x803'd7d4      0xc  tgui_fileviewscreenfuncs.o [1]
  .rodata                const     0x803'd7e0      0xc  tgui_fileviewscreenfuncs.o [1]
  .rodata                const     0x803'd7ec      0xc  tgui_fileviewscreenfuncs.o [1]
  .rodata                const     0x803'd7f8      0xc  tgui_fileviewscreenfuncs.o [1]
  .text                  ro code   0x803'd804      0xc  cstartup_M.o [5]
  .rodata                const     0x803'd810      0x8  config.o [1]
  .rodata                const     0x803'd818      0x8  config.o [1]
  .rodata                const     0x803'd820      0x8  ff.o [1]
  .rodata                const     0x803'd828      0x8  ff.o [1]
  .rodata                const     0x803'd830      0x8  files_pws.o [1]
  .rodata                const     0x803'd838      0x8  files_pws.o [1]
  .rodata                const     0x803'd840      0x8  languages.o [1]
  .rodata                const     0x803'd848      0x8  languages.o [1]
  .rodata                const     0x803'd850      0x8  languages.o [1]
  .rodata                const     0x803'd858      0x8  languages.o [1]
  .rodata                const     0x803'd860      0x8  languages.o [1]
  .rodata                const     0x803'd868      0x8  languages.o [1]
  .rodata                const     0x803'd870      0x8  languages.o [1]
  .rodata                const     0x803'd878      0x8  languages.o [1]
  .rodata                const     0x803'd880      0x8  languages.o [1]
  .rodata                const     0x803'd888      0x8  languages.o [1]
  .rodata                const     0x803'd890      0x8  languages.o [1]
  .rodata                const     0x803'd898      0x8  languages.o [1]
  .rodata                const     0x803'd8a0      0x8  languages.o [1]
  .rodata                const     0x803'd8a8      0x8  languages.o [1]
  .rodata                const     0x803'd8b0      0x8  languages.o [1]
  .rodata                const     0x803'd8b8      0x8  languages.o [1]
  .rodata                const     0x803'd8c0      0x8  languages.o [1]
  .rodata                const     0x803'd8c8      0x8  languages.o [1]
  .rodata                const     0x803'd8d0      0x8  languages.o [1]
  .rodata                const     0x803'd8d8      0x8  languages.o [1]
  .rodata                const     0x803'd8e0      0x8  languages.o [1]
  .rodata                const     0x803'd8e8      0x8  languages.o [1]
  .rodata                const     0x803'd8f0      0x8  languages.o [1]
  .rodata                const     0x803'd8f8      0x8  languages.o [1]
  .rodata                const     0x803'd900      0x8  languages.o [1]
  .rodata                const     0x803'd908      0x8  languages.o [1]
  .rodata                const     0x803'd910      0x8  languages.o [1]
  .rodata                const     0x803'd918      0x8  languages.o [1]
  .rodata                const     0x803'd920      0x8  languages.o [1]
  .rodata                const     0x803'd928      0x8  languages.o [1]
  .rodata                const     0x803'd930      0x8  languages.o [1]
  .rodata                const     0x803'd938      0x8  languages.o [1]
  .rodata                const     0x803'd940      0x8  languages.o [1]
  .rodata                const     0x803'd948      0x8  languages.o [1]
  .rodata                const     0x803'd950      0x8  languages.o [1]
  .rodata                const     0x803'd958      0x8  languages.o [1]
  .rodata                const     0x803'd960      0x8  languages.o [1]
  .rodata                const     0x803'd968      0x8  languages.o [1]
  .rodata                const     0x803'd970      0x8  languages.o [1]
  .rodata                const     0x803'd978      0x8  languages.o [1]
  .rodata                const     0x803'd980      0x8  languages.o [1]
  .rodata                const     0x803'd988      0x8  languages.o [1]
  .rodata                const     0x803'd990      0x8  languages.o [1]
  .rodata                const     0x803'd998      0x8  languages.o [1]
  .rodata                const     0x803'd9a0      0x8  main.o [1]
  .rodata                const     0x803'd9a8      0x8  stm32f4xx_hal_dma.o [1]
  .rodata                const     0x803'd9b0      0x8  system_stm32f4xx.o [1]
  .rodata                const     0x803'd9b8      0x8  tgui.o [1]
  .rodata                const     0x803'd9c0      0x8  tgui.o [1]
  .rodata                const     0x803'd9c8      0x8  tgui.o [1]
  .rodata                const     0x803'd9d0      0x8  tgui.o [1]
  .rodata                const     0x803'd9d8      0x8  tgui.o [1]
  .rodata                const     0x803'd9e0      0x8  tgui.o [1]
  .rodata                const     0x803'd9e8      0x8  tgui.o [1]
  .rodata                const     0x803'd9f0      0x8  tgui.o [1]
  .rodata                const     0x803'd9f8      0x8  tgui.o [1]
  .rodata                const     0x803'da00      0x8  tgui.o [1]
  .rodata                const     0x803'da08      0x8  tgui.o [1]
  .rodata                const     0x803'da10      0x8  tgui.o [1]
  .rodata                const     0x803'da18      0x8  tgui.o [1]
  .rodata                const     0x803'da20      0x8  tgui.o [1]
  .rodata                const     0x803'da28      0x8  tgui.o [1]
  .rodata                const     0x803'da30      0x8  tgui.o [1]
  .rodata                const     0x803'da38      0x8  tgui.o [1]
  .rodata                const     0x803'da40      0x8  tgui.o [1]
  .rodata                const     0x803'da48      0x8  tgui.o [1]
  .rodata                const     0x803'da50      0x8  tgui.o [1]
  .rodata                const     0x803'da58      0x8  tgui.o [1]
  .rodata                const     0x803'da60      0x8  tgui.o [1]
  .rodata                const     0x803'da68      0x8  tgui.o [1]
  .rodata                const     0x803'da70      0x8  tgui.o [1]
  .rodata                const     0x803'da78      0x8  tgui.o [1]
  .rodata                const     0x803'da80      0x8  tgui.o [1]
  .rodata                const     0x803'da88      0x8  tgui.o [1]
  .rodata                const     0x803'da90      0x8  tgui.o [1]
  .rodata                const     0x803'da98      0x8  tgui.o [1]
  .rodata                const     0x803'daa0      0x8  tgui.o [1]
  .rodata                const     0x803'daa8      0x8  tgui.o [1]
  .rodata                const     0x803'dab0      0x8  tgui.o [1]
  .rodata                const     0x803'dab8      0x8  tgui.o [1]
  .rodata                const     0x803'dac0      0x8  tgui.o [1]
  .rodata                const     0x803'dac8      0x8  tgui.o [1]
  .rodata                const     0x803'dad0      0x8  tgui.o [1]
  .rodata                const     0x803'dad8      0x8  tgui.o [1]
  .rodata                const     0x803'dae0      0x8  tgui.o [1]
  .rodata                const     0x803'dae8      0x8  tgui.o [1]
  .rodata                const     0x803'daf0      0x8  tgui.o [1]
  .rodata                const     0x803'daf8      0x8  tgui.o [1]
  .rodata                const     0x803'db00      0x8  tgui.o [1]
  .rodata                const     0x803'db08      0x8  tgui.o [1]
  .rodata                const     0x803'db10      0x8  tgui.o [1]
  .rodata                const     0x803'db18      0x8  tgui.o [1]
  .rodata                const     0x803'db20      0x8  tgui.o [1]
  .rodata                const     0x803'db28      0x8  tgui.o [1]
  .rodata                const     0x803'db30      0x8  tgui.o [1]
  .rodata                const     0x803'db38      0x8  tgui.o [1]
  .rodata                const     0x803'db40      0x8  tgui.o [1]
  .rodata                const     0x803'db48      0x8  tgui.o [1]
  .rodata                const     0x803'db50      0x8  tgui.o [1]
  .rodata                const     0x803'db58      0x8  tgui.o [1]
  .rodata                const     0x803'db60      0x8  tgui.o [1]
  .rodata                const     0x803'db68      0x8  tgui.o [1]
  .rodata                const     0x803'db70      0x8  tgui.o [1]
  .rodata                const     0x803'db78      0x8  tgui.o [1]
  .rodata                const     0x803'db80      0x8  tgui.o [1]
  .rodata                const     0x803'db88      0x8  tgui.o [1]
  .rodata                const     0x803'db90      0x8  tgui.o [1]
  .rodata                const     0x803'db98      0x8  tgui.o [1]
  .rodata                const     0x803'dba0      0x8  tgui.o [1]
  .rodata                const     0x803'dba8      0x8  tgui.o [1]
  .rodata                const     0x803'dbb0      0x8  tgui.o [1]
  .rodata                const     0x803'dbb8      0x8  tgui.o [1]
  .rodata                const     0x803'dbc0      0x8  tgui.o [1]
  .rodata                const     0x803'dbc8      0x8  tgui.o [1]
  .rodata                const     0x803'dbd0      0x8  tgui.o [1]
  .rodata                const     0x803'dbd8      0x8  tgui.o [1]
  .rodata                const     0x803'dbe0      0x8  tgui.o [1]
  .rodata                const     0x803'dbe8      0x8  tgui.o [1]
  .rodata                const     0x803'dbf0      0x8  tgui.o [1]
  .rodata                const     0x803'dbf8      0x8  tgui.o [1]
  .rodata                const     0x803'dc00      0x8  tgui.o [1]
  .rodata                const     0x803'dc08      0x8  tgui.o [1]
  .rodata                const     0x803'dc10      0x8  tgui.o [1]
  .rodata                const     0x803'dc18      0x8  tgui.o [1]
  .rodata                const     0x803'dc20      0x8  tgui.o [1]
  .rodata                const     0x803'dc28      0x8  tgui_filesscreenfuncs.o [1]
  .rodata                const     0x803'dc30      0x8  tgui_filesscreenfuncs.o [1]
  .rodata                const     0x803'dc38      0x8  tgui_infoscreenfuncs.o [1]
  .rodata                const     0x803'dc40      0x8  tgui_numenterscreenfuncs.o [1]
  .rodata                const     0x803'dc48      0x8  tgui_printscreenfuncs.o [1]
  .rodata                const     0x803'dc50      0x8  tgui_printscreenfuncs.o [1]
  .rodata                const     0x803'dc58      0x8  tgui_settingsscreenfuncs.o [1]
  .rodata                const     0x803'dc60      0x8  tim.o [1]
  .rodata                const     0x803'dc68      0x6  xlocale_c.o [2]
  .rodata                const     0x803'dc70      0x4  languages.o [1]
  .rodata                const     0x803'dc74      0x4  languages.o [1]
  .rodata                const     0x803'dc78      0x4  languages.o [1]
  .rodata                const     0x803'dc7c      0x4  languages.o [1]
  .rodata                const     0x803'dc80      0x4  languages.o [1]
  .rodata                const     0x803'dc84      0x4  languages.o [1]
  .rodata                const     0x803'dc88      0x4  languages.o [1]
  .rodata                const     0x803'dc8c      0x4  languages.o [1]
  .rodata                const     0x803'dc90      0x4  languages.o [1]
  .rodata                const     0x803'dc94      0x4  languages.o [1]
  .rodata                const     0x803'dc98      0x4  languages.o [1]
  .rodata                const     0x803'dc9c      0x4  languages.o [1]
  .rodata                const     0x803'dca0      0x4  languages.o [1]
  .rodata                const     0x803'dca4      0x4  languages.o [1]
  .rodata                const     0x803'dca8      0x4  languages.o [1]
  .rodata                const     0x803'dcac      0x4  languages.o [1]
  .rodata                const     0x803'dcb0      0x4  languages.o [1]
  .rodata                const     0x803'dcb4      0x4  languages.o [1]
  .rodata                const     0x803'dcb8      0x4  languages.o [1]
  .rodata                const     0x803'dcbc      0x4  languages.o [1]
  .rodata                const     0x803'dcc0      0x4  languages.o [1]
  .rodata                const     0x803'dcc4      0x4  languages.o [1]
  .rodata                const     0x803'dcc8      0x4  languages.o [1]
  .rodata                const     0x803'dccc      0x4  languages.o [1]
  .rodata                const     0x803'dcd0      0x4  languages.o [1]
  .rodata                const     0x803'dcd4      0x4  languages.o [1]
  .rodata                const     0x803'dcd8      0x4  languages.o [1]
  .rodata                const     0x803'dcdc      0x4  languages.o [1]
  .rodata                const     0x803'dce0      0x4  languages.o [1]
  .rodata                const     0x803'dce4      0x4  rtc.o [1]
  .rodata                const     0x803'dce8      0x4  usbh_msc.o [1]
  .text                  ro code   0x803'dcec      0x4  startup_stm32f407xx.o [1]
  SHT$$PREINIT_ARRAY               0x803'dcf0      0x0  <Block>
  SHT$$INIT_ARRAY                  0x803'dcf0      0x4  <Block>
    .init_array          const     0x803'dcf0      0x4  z_planner.o [1]
  __iar_tls$$INIT_ARRAY            0x803'dcf4      0x0  <Block>
  .rodata                const     0x803'dcf4      0x0  zero_init3.o [5]
  .rodata                const     0x803'dcf4      0x0  lz77_init_single.o [5]
  Initializer bytes      const     0x803'dcf4     0xf3  <for P2-1>
                                 - 0x803'dde7  0x2dc5f

"P3":                                           0x7478
  CCMRAM                 uninit   0x1000'0000   0x4000  main.o [1]
  CCMRAM                 uninit   0x1000'4000   0x1028  main.o [1]
  CCMRAM                 uninit   0x1000'5028   0x1028  main.o [1]
  CCMRAM                 uninit   0x1000'6050   0x1028  tgui.o [1]
  CCMRAM                 uninit   0x1000'7078    0x400  tgui.o [1]
                                - 0x1000'7478   0x7478

"P2", part 1 of 3:                               0x33f
  P2-1                            0x2000'0000    0x33f  <Init block>
    .data                inited   0x2000'0000      0xc  fnt12.o [1]
    .data                inited   0x2000'000c      0xc  fnt12bold.o [1]
    .data                inited   0x2000'0018      0xc  fnt18.o [1]
    .data                inited   0x2000'0024      0xc  fnt18bold.o [1]
    .data                inited   0x2000'0030      0xc  fnt24.o [1]
    .data                inited   0x2000'003c      0xc  fnt24bold.o [1]
    .data                inited   0x2000'0048      0xc  fnt36num.o [1]
    .data                inited   0x2000'0054      0xc  fnt36num_lcd.o [1]
    .data                inited   0x2000'0060      0xc  fnt48num_lcd.o [1]
    .data                inited   0x2000'006c     0x10  languages.o [1]
    .data                inited   0x2000'007c      0x4  languages.o [1]
    .data                inited   0x2000'0080      0x4  lcd_ui.o [1]
    .data                inited   0x2000'0084      0x4  stm32f4xx_hal.o [1]
    .data                inited   0x2000'0088      0x4  system_stm32f4xx.o [1]
    .data                inited   0x2000'008c    0x200  tgui_filesscreenfuncs.o [1]
    .data                inited   0x2000'028c      0x4  tgui_movezscreenfuncs.o [1]
    .data                inited   0x2000'0290     0x20  usbh_msc.o [1]
    .data                inited   0x2000'02b0      0x4  z_stepper.o [1]
    .data                inited   0x2000'02b4     0x38  xlocale_c.o [2]
    .data                inited   0x2000'02ec     0x48  xlocale_c.o [2]
    .data                inited   0x2000'0334      0x2  lcd_ui.o [1]
    .data                inited   0x2000'0336      0x2  lcd_ui.o [1]
    .data                inited   0x2000'0338      0x2  lcd_ui.o [1]
    .data                inited   0x2000'033a      0x1  lcd_ui.o [1]
    .data                inited   0x2000'033b      0x1  stm32f4xx_hal.o [1]
    .data                inited   0x2000'033c      0x1  tgui_defaultfuncs.o [1]
    .data                inited   0x2000'033d      0x1  tgui_filesscreenfuncs.o [1]
    .data                inited   0x2000'033e      0x1  z_endstops.o [1]
                                - 0x2000'033f    0x33f

"P2", part 2 of 3:                              0x8480
  .bss                   zero     0x2000'0340   0x1038  fatfs.o [1]
  .bss                   zero     0x2000'1378   0x1038  fatfs.o [1]
  .bss                   zero     0x2000'23b0    0x830  tgui_filesscreenfuncs.o [1]
  .bss                   zero     0x2000'2be0    0x600  uvdisplay.o [1]
  .bss                   zero     0x2000'31e0    0x594  tgui.o [1]
  .bss                   zero     0x2000'3774    0x498  tgui.o [1]
  .bss                   zero     0x2000'3c0c    0x400  config.o [1]
  .bss                   zero     0x2000'400c    0x400  main.o [1]
  .bss                   zero     0x2000'440c    0x400  main.o [1]
  .bss                   zero     0x2000'480c    0x400  main.o [1]
  .bss                   zero     0x2000'4c0c    0x400  tgui_fileviewscreenfuncs.o [1]
  .bss                   zero     0x2000'500c    0x400  z_planner.o [1]
  .bss                   zero     0x2000'540c    0x3d8  usb_host.o [1]
  .bss                   zero     0x2000'57e4    0x39c  tgui.o [1]
  .bss                   zero     0x2000'5b80    0x348  tgui.o [1]
  .bss                   zero     0x2000'5ec8    0x348  tgui.o [1]
  .bss                   zero     0x2000'6210    0x2c4  usbh_conf.o [1]
  .bss                   zero     0x2000'64d4    0x24c  tgui.o [1]
  .bss                   zero     0x2000'6720    0x224  main.o [1]
  .bss                   zero     0x2000'6944    0x200  config.o [1]
  .bss                   zero     0x2000'6b44    0x200  ff.o [1]
  .bss                   zero     0x2000'6d44    0x200  main.o [1]
  .bss                   zero     0x2000'6f44    0x1f8  tgui.o [1]
  .bss                   zero     0x2000'713c    0x1d8  dlmalloc.o [2]
  .bss                   zero     0x2000'7314    0x1a4  tgui.o [1]
  .bss                   zero     0x2000'74b8    0x1a4  tgui.o [1]
  .bss                   zero     0x2000'765c    0x19c  cpld_utils.o [1]
  .bss                   zero     0x2000'77f8    0x150  tgui.o [1]
  .bss                   zero     0x2000'7948    0x100  sys_timer.o [1]
  .bss                   zero     0x2000'7a48    0x100  tgui_fileviewscreenfuncs.o [1]
  .bss                   zero     0x2000'7b48    0x100  tgui_fileviewscreenfuncs.o [1]
  .bss                   zero     0x2000'7c48     0xfc  tgui.o [1]
  .bss                   zero     0x2000'7d44     0xa8  tgui.o [1]
  .bss                   zero     0x2000'7dec     0x80  fst_spi.o [1]
  .bss                   zero     0x2000'7e6c     0x80  fst_spi.o [1]
  .bss                   zero     0x2000'7eec     0x60  fst_spi.o [1]
  .bss                   zero     0x2000'7f4c     0x60  fst_spi.o [1]
  .bss                   zero     0x2000'7fac     0x60  fst_spi.o [1]
  .bss                   zero     0x2000'800c     0x60  fst_spi.o [1]
  .bss                   zero     0x2000'806c     0x60  fst_spi.o [1]
  .bss                   zero     0x2000'80cc     0x60  lcd_low.o [1]
  .bss                   zero     0x2000'812c     0x54  eeprom.o [1]
  .bss                   zero     0x2000'8180     0x54  files_pws.o [1]
  .bss                   zero     0x2000'81d4     0x50  config.o [1]
  .bss                   zero     0x2000'8224     0x50  fsmc.o [1]
  .bss                   zero     0x2000'8274     0x40  tim.o [1]
  .bss                   zero     0x2000'82b4     0x40  tim.o [1]
  .bss                   zero     0x2000'82f4     0x34  main.o [1]
  .bss                   zero     0x2000'8328     0x30  files_pws.o [1]
  .bss                   zero     0x2000'8358     0x30  tgui.o [1]
  .bss                   zero     0x2000'8388     0x30  tgui.o [1]
  .bss                   zero     0x2000'83b8     0x30  tgui.o [1]
  .bss                   zero     0x2000'83e8     0x30  tgui.o [1]
  .bss                   zero     0x2000'8418     0x30  tgui.o [1]
  .bss                   zero     0x2000'8448     0x30  tgui.o [1]
  .bss                   zero     0x2000'8478     0x30  tgui.o [1]
  .bss                   zero     0x2000'84a8     0x30  tgui.o [1]
  .bss                   zero     0x2000'84d8     0x30  tgui.o [1]
  .bss                   zero     0x2000'8508     0x30  tgui.o [1]
  .bss                   zero     0x2000'8538     0x30  tgui.o [1]
  .bss                   zero     0x2000'8568     0x28  tgui.o [1]
  .bss                   zero     0x2000'8590     0x28  z_planner.o [1]
  .bss                   zero     0x2000'85b8     0x20  rtc.o [1]
  .bss                   zero     0x2000'85d8     0x20  tgui_numenterscreenfuncs.o [1]
  .bss                   zero     0x2000'85f8     0x1c  config.o [1]
  .bss                   zero     0x2000'8614     0x1c  files_pws.o [1]
  .bss                   zero     0x2000'8630     0x18  config.o [1]
  .bss                   zero     0x2000'8648     0x18  dlmalloc.o [2]
  .bss                   zero     0x2000'8660     0x14  config.o [1]
  .bss                   zero     0x2000'8674     0x14  files_pws.o [1]
  .bss                   zero     0x2000'8688     0x10  ff_gen_drv.o [1]
  .bss                   zero     0x2000'8698     0x10  printing.o [1]
  .bss                   zero     0x2000'86a8     0x10  touch.o [1]
  .bss                   zero     0x2000'86b8      0xc  spi_flash.o [1]
  .bss                   zero     0x2000'86c4      0x8  fatfs.o [1]
  .bss                   zero     0x2000'86cc      0x8  fatfs.o [1]
  .bss                   zero     0x2000'86d4      0x8  ff.o [1]
  .bss                   zero     0x2000'86dc      0x4  cpld_utils.o [1]
  .bss                   zero     0x2000'86e0      0x4  cpld_utils.o [1]
  .bss                   zero     0x2000'86e4      0x4  cpld_utils.o [1]
  .bss                   zero     0x2000'86e8      0x4  cpld_utils.o [1]
  .bss                   zero     0x2000'86ec      0x4  fsmc.o [1]
  .bss                   zero     0x2000'86f0      0x4  motor.o [1]
  .bss                   zero     0x2000'86f4      0x4  prtfiles.o [1]
  .bss                   zero     0x2000'86f8      0x4  spi_flash.o [1]
  .bss                   zero     0x2000'86fc      0x4  spi_flash.o [1]
  .bss                   zero     0x2000'8700      0x4  stm32f4xx_hal.o [1]
  .bss                   zero     0x2000'8704      0x4  stm32f4xx_ll_usb.o [1]
  .bss                   zero     0x2000'8708      0x4  sys_timer.o [1]
  .bss                   zero     0x2000'870c      0x4  sys_timer.o [1]
  .bss                   zero     0x2000'8710      0x4  sys_timer.o [1]
  .bss                   zero     0x2000'8714      0x4  sys_timer.o [1]
  .bss                   zero     0x2000'8718      0x4  tgui.o [1]
  .bss                   zero     0x2000'871c      0x4  tgui_fileviewscreenfuncs.o [1]
  .bss                   zero     0x2000'8720      0x4  tgui_numenterscreenfuncs.o [1]
  .bss                   zero     0x2000'8724      0x4  tgui_printscreenfuncs.o [1]
  .bss                   zero     0x2000'8728      0x4  tgui_printscreenfuncs.o [1]
  .bss                   zero     0x2000'872c      0x4  touch.o [1]
  .bss                   zero     0x2000'8730      0x4  z_planner.o [1]
  .bss                   zero     0x2000'8734      0x4  z_planner.o [1]
  .bss                   zero     0x2000'8738      0x4  z_planner.o [1]
  .bss                   zero     0x2000'873c      0x4  z_planner.o [1]
  .bss                   zero     0x2000'8740      0x4  z_planner.o [1]
  .bss                   zero     0x2000'8744      0x4  z_planner.o [1]
  .bss                   zero     0x2000'8748      0x4  z_planner.o [1]
  .bss                   zero     0x2000'874c      0x4  z_stepper.o [1]
  .bss                   zero     0x2000'8750      0x4  z_stepper.o [1]
  .bss                   zero     0x2000'8754      0x4  z_stepper.o [1]
  .bss                   zero     0x2000'8758      0x4  z_stepper.o [1]
  .bss                   zero     0x2000'875c      0x4  z_stepper.o [1]
  .bss                   zero     0x2000'8760      0x4  z_stepper.o [1]
  .bss                   zero     0x2000'8764      0x4  z_stepper.o [1]
  .bss                   zero     0x2000'8768      0x4  z_stepper.o [1]
  .bss                   zero     0x2000'876c      0x4  z_stepper.o [1]
  .bss                   zero     0x2000'8770      0x4  z_stepper.o [1]
  .bss                   zero     0x2000'8774      0x4  z_stepper.o [1]
  .bss                   zero     0x2000'8778      0x4  z_stepper.o [1]
  .bss                   zero     0x2000'877c      0x4  z_stepper.o [1]
  .bss                   zero     0x2000'8780      0x4  z_stepper.o [1]
  .bss                   zero     0x2000'8784      0x4  xfail_s.o [2]
  .bss                   zero     0x2000'8788      0x4  xgetmemchunk.o [2]
  .bss                   zero     0x2000'878c      0x2  ff.o [1]
  .bss                   zero     0x2000'878e      0x2  lcd_low.o [1]
  .bss                   zero     0x2000'8790      0x2  lcd_ui.o [1]
  .bss                   zero     0x2000'8792      0x2  lcd_ui.o [1]
  .bss                   zero     0x2000'8794      0x2  lcd_ui.o [1]
  .bss                   zero     0x2000'8796      0x2  tgui_fileviewscreenfuncs.o [1]
  .bss                   zero     0x2000'8798      0x2  tgui_fileviewscreenfuncs.o [1]
  .bss                   zero     0x2000'879a      0x2  z_planner.o [1]
  .bss                   zero     0x2000'879c      0x1  eeprom.o [1]
  .bss                   zero     0x2000'879d      0x1  fatfs.o [1]
  .bss                   zero     0x2000'879e      0x1  fatfs.o [1]
  .bss                   zero     0x2000'879f      0x1  main.o [1]
  .bss                   zero     0x2000'87a0      0x1  main.o [1]
  .bss                   zero     0x2000'87a1      0x1  main.o [1]
  .bss                   zero     0x2000'87a2      0x1  main.o [1]
  .bss                   zero     0x2000'87a3      0x1  main.o [1]
  .bss                   zero     0x2000'87a4      0x1  prtfiles.o [1]
  .bss                   zero     0x2000'87a5      0x1  prtfiles.o [1]
  .bss                   zero     0x2000'87a6      0x1  tgui_defaultfuncs.o [1]
  .bss                   zero     0x2000'87a7      0x1  tgui_filesscreenfuncs.o [1]
  .bss                   zero     0x2000'87a8      0x1  tgui_filesscreenfuncs.o [1]
  .bss                   zero     0x2000'87a9      0x1  tgui_filesscreenfuncs.o [1]
  .bss                   zero     0x2000'87aa      0x1  tgui_filesscreenfuncs.o [1]
  .bss                   zero     0x2000'87ab      0x1  tgui_fileviewscreenfuncs.o [1]
  .bss                   zero     0x2000'87ac      0x1  tgui_numenterscreenfuncs.o [1]
  .bss                   zero     0x2000'87ad      0x1  tgui_numenterscreenfuncs.o [1]
  .bss                   zero     0x2000'87ae      0x1  tgui_numenterscreenfuncs.o [1]
  .bss                   zero     0x2000'87af      0x1  tgui_numenterscreenfuncs.o [1]
  .bss                   zero     0x2000'87b0      0x1  tgui_printscreenfuncs.o [1]
  .bss                   zero     0x2000'87b1      0x1  usb_host.o [1]
  .bss                   zero     0x2000'87b2      0x1  z_endstops.o [1]
  .bss                   zero     0x2000'87b3      0x1  z_endstops.o [1]
  .bss                   zero     0x2000'87b4      0x1  z_planner.o [1]
  .bss                   zero     0x2000'87b5      0x1  z_planner.o [1]
  .bss                   zero     0x2000'87b6      0x1  z_planner.o [1]
  .bss                   zero     0x2000'87b7      0x1  z_planner.o [1]
  .bss                   zero     0x2000'87b8      0x1  z_planner.o [1]
  .bss                   zero     0x2000'87b9      0x1  z_planner.o [1]
  .bss                   zero     0x2000'87ba      0x1  z_stepper.o [1]
  .bss                   zero     0x2000'87bb      0x1  z_stepper.o [1]
  .bss                   zero     0x2000'87bc      0x1  z_stepper.o [1]
  .bss                   zero     0x2000'87bd      0x1  z_stepper.o [1]
  .bss                   zero     0x2000'87be      0x1  z_stepper.o [1]
                                - 0x2000'87bf   0x847f

"P2", part 3 of 3:                              0x7200
  .noinit                uninit   0x2000'87c0   0x1000  tgui.o [1]
  .noinit                uninit   0x2000'97c0    0x200  tgui.o [1]
  CSTACK                          0x2000'99c0   0x4000  <Block>
    CSTACK               uninit   0x2000'99c0   0x4000  <Block tail>
  HEAP                            0x2000'd9c0   0x2000  <Block>
    HEAP                 uninit   0x2000'd9c0   0x2000  <Block tail>
                                - 0x2000'f9c0   0x7200

Unused ranges:

         From           To      Size
         ----           --      ----
   0x803'dde7   0x807'ffff  0x4'2219
  0x1000'7478  0x1000'ffff    0x8b88
  0x2000'033f  0x2000'033f       0x1
  0x2000'f9c0  0x2001'ffff  0x1'0640


*******************************************************************************
*** INIT TABLE
***

          Address      Size
          -------      ----
Zero (__iar_zero_init3)
    1 destination range, total size 0x847f:
          0x2000'0340  0x847f

Copy/lz77 (__iar_lz77_init_single3)
    1 source range, total size 0xf3 (29% of destination):
           0x803'dcf4    0xf3
    1 destination range, total size 0x33f:
          0x2000'0000   0x33f

Extra (__iar_cstart_call_ctors)



*******************************************************************************
*** MODULE SUMMARY
***

    Module                      ro code  ro data  rw data
    ------                      -------  -------  -------
command line/config:
    -----------------------------------------------------
    Total:

D:\Electronics\Projects\MKS_DLP_new\SRC\firmware\MKSDLP_Alter_Debug\Obj: [1]
    config.o                      3 348      304    1 688
    cpld_utils.o                    836               428
    datetime.o                      292       48
    diskio.o                        240
    eeprom.o                      1 556                85
    fatfs.o                         348             8 322
    ff.o                         12 148      272      522
    ff_gen_drv.o                     96                16
    ffunicode.o                     360      944
    files_pws.o                   1 248       40      180
    fnt12.o                                2 039       12
    fnt12bold.o                            2 252       12
    fnt18.o                                4 071       12
    fnt18bold.o                            4 620       12
    fnt24.o                                7 007       12
    fnt24bold.o                            8 664       12
    fnt36num.o                             1 727       12
    fnt36num_lcd.o                         1 704       12
    fnt48num_lcd.o                         3 079       12
    fsmc.o                          276                84
    fst_spi.o                     1 436               736
    gpio.o                          732
    languages.o                      68    4 898       20
    lcd_low.o                     1 316                98
    lcd_ui.o                      3 212        3       17
    main.o                        4 166      636   28 845
    motor.o                         828                 4
    printing.o                       56                16
    prtfiles.o                      944                 6
    rtc.o                           200        4       32
    spi_flash.o                     840                20
    spifl_diskio.o                  340       20
    ssd_utils.o                   1 528
    startup_stm32f407xx.o           412
    stm32f4xx_hal.o                 180        2        9
    stm32f4xx_hal_cortex.o          344
    stm32f4xx_hal_dma.o           1 156        8
    stm32f4xx_hal_gpio.o            674
    stm32f4xx_hal_hcd.o           4 306
    stm32f4xx_hal_i2c.o             494
    stm32f4xx_hal_msp.o              64
    stm32f4xx_hal_rcc.o           1 520
    stm32f4xx_hal_rcc_ex.o          352
    stm32f4xx_hal_rtc.o           1 092
    stm32f4xx_hal_spi.o           1 984
    stm32f4xx_hal_sram.o             92
    stm32f4xx_hal_tim.o           1 954
    stm32f4xx_hal_tim_ex.o          172
    stm32f4xx_it.o                  156
    stm32f4xx_ll_fsmc.o             236
    stm32f4xx_ll_usb.o            2 700                 4
    sys_timer.o                     488               272
    system_stm32f4xx.o               32       25        4
    tgui.o                       17 266    2 168   18 236
    tgui_defaultfuncs.o           2 944       16        2
    tgui_filesscreenfuncs.o       4 096      254    2 613
    tgui_fileviewscreenfuncs.o    2 724       76    1 545
    tgui_infoscreenfuncs.o        1 160       92
    tgui_langscreenfuncs.o           36
    tgui_messagebox.o             1 988
    tgui_movezscreenfuncs.o       1 344        1        4
    tgui_numenterscreenfuncs.o    1 608        8       40
    tgui_printscreenfuncs.o       2 160       48        9
    tgui_settingsscreenfuncs.o      620        8
    tim.o                           488        8      128
    touch.o                         632                20
    unicode_utils.o               1 028
    usb_host.o                      140               985
    usbh_conf.o                     928               708
    usbh_core.o                   2 036
    usbh_ctlreq.o                 1 602
    usbh_diskio.o                   368       20
    usbh_ioreq.o                    270
    usbh_msc.o                    2 478       14       32
    usbh_msc_bot.o                1 084
    usbh_msc_scsi.o               1 168
    usbh_pipes.o                    224
    usbh_platform.o                  40
    uvdisplay.o                     364   10 800    1 536
    z_endstops.o                    264        1        3
    z_planner.o                   4 460        4    1 100
    z_stepper.o                   1 732        1       65
    -----------------------------------------------------
    Total:                      110 074   55 886   68 542

dl7M_tlf.a: [2]
    abort.o                           6
    cppinit.o                        24
    dlmalloc.o                    5 344               496
    exit.o                            4
    heaptramp0.o                      4
    iar_Stoflt.o                    452
    iar_Stollx.o                    158
    iar_Stopfx.o                    290
    iar_Stoullx.o                   434       80
    iar_Stoulx.o                    338       80
    iar_Stoxflt.o                   540
    isalpha.o                        20
    isspace.o                        20
    low_level_init.o                  4
    sprintf.o                        64
    sscanf.o                         40
    strcat.o                         30
    tolower.o                        20
    wctob.o                          60
    xencoding_8859_1.o               38
    xfail_s.o                        64                 4
    xgetmemchunk.o                   44                 4
    xlocale_c.o                     260       43      128
    xmbcurmax.o                      10
    xprintffull.o                 3 910
    xscanffull.o                  3 672      116
    xsprout.o                        10
    xsscin.o                         30
    -----------------------------------------------------
    Total:                       15 890      319      632

dlpp7M_tl_fc.a: [3]
    -----------------------------------------------------
    Total:

m7M_tls.a: [4]
    DblAdd.o                        378
    DblCmpGe.o                       46
    DblCmpLe.o                       46
    DblDiv.o                        582
    DblMul.o                        418
    DblSub.o                        226
    DblToFlt.o                      104
    DblToS32.o                       58
    DblToU32.o                       40
    FltToDbl.o                       72
    S32ToDbl.o                       34
    U32ToDbl.o                       26
    ceilf.o                          60
    floorf.o                         60
    fpinit_M.o                       34
    frexp.o                         112
    ldexp.o                         314
    lroundf.o                        46
    math_wrappers64.o                14
    sqrtf.o                          30
    strto64.o                     1 308       72
    -----------------------------------------------------
    Total:                        4 008       72

rt7M_tl.a: [5]
    ABImemclr4.o                      6
    ABImemcpy.o                     166
    ABImemset.o                     102
    ABImemset48.o                    50
    I64DivMod.o                     560
    cexit.o                          10
    cmain.o                          30
    cmain_call_ctors.o               32
    cstartup_M.o                     12
    data_init.o                      40
    lz77_init_single.o              122
    memchr.o                         88
    strchr.o                         22
    strcmp.o                         18
    strcpy.o                         24
    strlen.o                         54
    strncpy.o                       112
    zero_init3.o                     58
    -----------------------------------------------------
    Total:                        1 506

shb_l.a: [6]
    exit.o                           20
    unwind_debug.o                             1
    -----------------------------------------------------
[...]
cfgTimers               0x2000'8630    0x18  Data  Gb  config.o [1]
cfgzMotor               0x2000'81d4    0x50  Data  Gb  config.o [1]
cfname                  0x2000'480c   0x400  Data  Gb  main.o [1]
check_fs                 0x801'85c3    0x7a  Code  Lc  ff.o [1]
chk_chr                  0x801'6fff    0x14  Code  Lc  ff.o [1]
clngLangEng              0x803'aaac   0x188  Data  Lc  languages.o [1]
clngLangRus              0x803'ac34   0x188  Data  Lc  languages.o [1]
clst2sect                0x801'7227    0x1c  Code  Lc  ff.o [1]
cmd                     0x2000'86e8     0x4  Data  Gb  cpld_utils.o [1]
cmp_lfn                  0x801'7987    0xaa  Code  Lc  ff.o [1]
create_chain             0x801'756b   0x154  Code  Lc  ff.o [1]
create_name              0x801'821f   0x29e  Code  Lc  ff.o [1]
create_partition         0x801'95a3   0x1c8  Code  Lc  ff.o [1]
currdir                 0x2000'008c   0x200  Data  Gb  tgui_filesscreenfuncs.o [1]
d                       0x2000'86fc     0x4  Data  Gb  spi_flash.o [1]
dbc_1st                  0x801'7013    0x12  Code  Lc  ff.o [1]
dbc_2nd                  0x801'7025    0x12  Code  Lc  ff.o [1]
ddiv                     0x802'5ead    0xc4  Code  Lc  strto64.o [4]
digits                   0x803'bf54    0x28  Data  Lc  iar_Stoulx.o [2]
digits                   0x803'bfa4    0x28  Data  Lc  iar_Stoullx.o [2]
dir                     0x2000'82f4    0x34  Data  Gb  main.o [1]
dir_alloc                0x801'78c1    0x74  Code  Lc  ff.o [1]
dir_clear                0x801'76bf    0x68  Code  Lc  ff.o [1]
dir_find                 0x801'7d71   0x12a  Code  Lc  ff.o [1]
dir_next                 0x801'77d9    0xe8  Code  Lc  ff.o [1]
dir_read                 0x801'7c63   0x10e  Code  Lc  ff.o [1]
dir_register             0x801'7e9b   0x16a  Code  Lc  ff.o [1]
dir_sdi                  0x801'7727    0xb2  Code  Lc  ff.o [1]
disk                    0x2000'8688    0x10  Data  Gb  ff_gen_drv.o [1]
disk_initialize          0x801'c0a5    0x38  Code  Gb  diskio.o [1]
disk_ioctl               0x801'c145    0x2a  Code  Gb  diskio.o [1]
disk_read                0x801'c0dd    0x34  Code  Gb  diskio.o [1]
disk_status              0x801'c085    0x20  Code  Gb  diskio.o [1]
disk_write               0x801'c111    0x34  Code  Gb  diskio.o [1]
dmul                     0x802'5de5    0xc6  Code  Lc  strto64.o [4]
dot_entered             0x2000'87af     0x1  Data  Gb  tgui_numenterscreenfuncs.o [1]
edit_value              0x2000'8720     0x4  Data  Gb  tgui_numenterscreenfuncs.o [1]
enter_begin             0x2000'87ae     0x1  Data  Gb  tgui_numenterscreenfuncs.o [1]
exit                     0x803'ca3b     0x4  Code  Gb  exit.o [2]
exposure_bmp_data_circle
                         0x802'cec8  0x1770  Data  Lc  uvdisplay.o [1]
exposure_bmp_data_square
                         0x802'fb44  0x12c0  Data  Lc  uvdisplay.o [1]
fMoveStep               0x2000'028c     0x4  Data  Gb  tgui_movezscreenfuncs.o [1]
f_close                  0x801'913f    0x30  Code  Gb  ff.o [1]
f_closedir               0x801'93bf    0x1c  Code  Gb  ff.o [1]
f_getfree                0x801'9493   0x110  Code  Gb  ff.o [1]
f_lseek                  0x801'916f   0x1c4  Code  Gb  ff.o [1]
f_mkfs                   0x801'976b   0x73a  Code  Gb  ff.o [1]
f_mkfs::cst              0x803'd3a8    0x10  Data  Lc  ff.o [1]
f_mkfs::cst32            0x803'd3b8    0x10  Data  Lc  ff.o [1]
f_mkfs::defopt           0x803'd3c8    0x10  Data  Lc  ff.o [1]
f_mount                  0x801'89af    0x56  Code  Gb  ff.o [1]
f_open                   0x801'8a25   0x23e  Code  Gb  ff.o [1]
f_opendir                0x801'9333    0x8c  Code  Gb  ff.o [1]
f_read                   0x801'8c63   0x1f8  Code  Gb  ff.o [1]
f_readdir                0x801'93db    0x6a  Code  Gb  ff.o [1]
f_stat                   0x801'9445    0x4e  Code  Gb  ff.o [1]
f_sync                   0x801'9095    0xaa  Code  Gb  ff.o [1]
f_write                  0x801'8e5b   0x23a  Code  Gb  ff.o [1]
fbuff                   0x1000'0000  0x4000  Data  Gb  main.o [1]
ff_oem2uni               0x801'c1c1    0x40  Code  Gb  ffunicode.o [1]
ff_uni2oem               0x801'c175    0x4c  Code  Gb  ffunicode.o [1]
ff_wtoupper              0x801'c201    0xce  Code  Gb  ffunicode.o [1]
ff_wtoupper::cvt1        0x803'a8b8   0x1f4  Data  Lc  ffunicode.o [1]
ff_wtoupper::cvt2        0x803'b900    0xbc  Data  Lc  ffunicode.o [1]
filedate                0x2000'8796     0x2  Data  Gb  tgui_fileviewscreenfuncs.o [1]
files                   0x2000'23b0   0x830  Data  Gb  tgui_filesscreenfuncs.o [1]
filesize                0x2000'871c     0x4  Data  Gb  tgui_fileviewscreenfuncs.o [1]
filetime                0x2000'8798     0x2  Data  Gb  tgui_fileviewscreenfuncs.o [1]
find_volume              0x801'8641    0x76  Code  Lc  ff.o [1]
finfo                   0x2000'6720   0x224  Data  Gb  main.o [1]
floorf                   0x802'6489          Code  Gb  floorf.o [4]
fnt12_data               0x803'87b0   0x6b4  Data  Gb  fnt12.o [1]
fnt12_width              0x803'b080   0x140  Data  Gb  fnt12.o [1]
fnt12bold_data           0x803'8028   0x788  Data  Gb  fnt12bold.o [1]
fnt12bold_width          0x803'b1c0   0x140  Data  Gb  fnt12bold.o [1]
fnt18_data               0x803'39a8   0xea4  Data  Gb  fnt18.o [1]
fnt18_width              0x803'b300   0x140  Data  Gb  fnt18.o [1]
fnt18bold_data           0x803'0e04  0x10c8  Data  Gb  fnt18bold.o [1]
fnt18bold_width          0x803'b440   0x140  Data  Gb  fnt18bold.o [1]
fnt24_data               0x802'b4ac  0x1a1c  Data  Gb  fnt24.o [1]
fnt24_width              0x803'b580   0x140  Data  Gb  fnt24.o [1]
fnt24bold_data           0x802'9418  0x2094  Data  Gb  fnt24bold.o [1]
fnt24bold_width          0x803'b6c0   0x140  Data  Gb  fnt24bold.o [1]
fnt36num_data            0x803'8e64   0x684  Data  Gb  fnt36num.o [1]
fnt36num_lcd_data        0x803'94e8   0x66c  Data  Gb  fnt36num_lcd.o [1]
fnt36num_lcd_width       0x803'c258    0x38  Data  Gb  fnt36num_lcd.o [1]
fnt36num_width           0x803'c220    0x38  Data  Gb  fnt36num.o [1]
fnt48num_lcd_data        0x803'5934   0xbcc  Data  Gb  fnt48num_lcd.o [1]
fnt48num_lcd_width       0x803'c290    0x38  Data  Gb  fnt48num_lcd.o [1]
follow_path              0x801'84bd    0xa8  Code  Lc  ff.o [1]
font_fnt12              0x2000'0000     0xc  Data  Gb  fnt12.o [1]
font_fnt12bold          0x2000'000c     0xc  Data  Gb  fnt12bold.o [1]
font_fnt18              0x2000'0018     0xc  Data  Gb  fnt18.o [1]
font_fnt18bold          0x2000'0024     0xc  Data  Gb  fnt18bold.o [1]
font_fnt24              0x2000'0030     0xc  Data  Gb  fnt24.o [1]
font_fnt24bold          0x2000'003c     0xc  Data  Gb  fnt24bold.o [1]
font_fnt36num           0x2000'0048     0xc  Data  Gb  fnt36num.o [1]
font_fnt36num_lcd       0x2000'0054     0xc  Data  Gb  fnt36num_lcd.o [1]
font_fnt48num_lcd       0x2000'0060     0xc  Data  Gb  fnt48num_lcd.o [1]
fpws_header             0x2000'8328    0x30  Data  Gb  files_pws.o [1]
fpws_info               0x2000'8180    0x54  Data  Gb  files_pws.o [1]
fpws_layersdata         0x2000'8674    0x14  Data  Gb  files_pws.o [1]
fpws_preview            0x2000'8614    0x1c  Data  Gb  files_pws.o [1]
free                     0x803'72ed     0x4  Code  Gb  heaptramp0.o [2]
fv_dirname              0x2000'7b48   0x100  Data  Gb  tgui_fileviewscreenfuncs.o [1]
fv_filename             0x2000'7a48   0x100  Data  Gb  tgui_fileviewscreenfuncs.o [1]
fv_filetype             0x2000'87ab     0x1  Data  Gb  tgui_fileviewscreenfuncs.o [1]
fv_tfilename            0x2000'4c0c   0x400  Data  Gb  tgui_fileviewscreenfuncs.o [1]
gen_numname              0x801'7b65    0xde  Code  Lc  ff.o [1]
get_fat                  0x801'7243   0x112  Code  Lc  ff.o [1]
get_fattime              0x801'c2f9    0x50  Code  Gb  fatfs.o [1]
get_fileinfo             0x801'8005   0x21a  Code  Lc  ff.o [1]
get_ldnumber             0x801'8565    0x5e  Code  Lc  ff.o [1]
hFlashSpi               0x2000'7e6c    0x80  Data  Gb  fst_spi.o [1]
hFlashSpiDmaRx          0x2000'800c    0x60  Data  Gb  fst_spi.o [1]
hFlashSpiDmaTx          0x2000'806c    0x60  Data  Gb  fst_spi.o [1]
hI2C                    0x2000'812c    0x54  Data  Gb  eeprom.o [1]
hLcdDma                 0x2000'80cc    0x60  Data  Gb  lcd_low.o [1]
hRTC                    0x2000'85b8    0x20  Data  Gb  rtc.o [1]
hStepperTim             0x2000'8274    0x40  Data  Gb  tim.o [1]
hTouchSpi               0x2000'7dec    0x80  Data  Gb  fst_spi.o [1]
hTouchSpiDmaRx          0x2000'7eec    0x60  Data  Gb  fst_spi.o [1]
hTouchSpiDmaTx          0x2000'7f4c    0x60  Data  Gb  fst_spi.o [1]
hUsbHost                0x2000'540c   0x3d8  Data  Gb  usb_host.o [1]
hZRefTim                0x2000'82b4    0x40  Data  Gb  tim.o [1]
hhcd_USB_OTG_FS         0x2000'6210   0x2c4  Data  Gb  usbh_conf.o [1]
hsram1                  0x2000'8224    0x50  Data  Gb  fsmc.o [1]
i2c_timer               0x2000'879c     0x1  Data  Gb  eeprom.o [1]
idle()                   0x802'0dcd     0xa  Code  Gb  motor.o [1]
idle()::idlecount       0x2000'86f0     0x4  Data  Lc  motor.o [1]
init_mparams             0x802'e653    0x32  Code  Lc  dlmalloc.o [2]
init_top                 0x802'e685    0x36  Code  Lc  dlmalloc.o [2]
inited                  0x2000'87a5     0x1  Data  Gb  prtfiles.o [1]
isalpha                  0x802'8979    0x14  Code  Gb  isalpha.o [2]
isspace                  0x802'6301    0x14  Code  Gb  isspace.o [2]
lastfilenum             0x2000'033d     0x1  Data  Gb  tgui_filesscreenfuncs.o [1]
lcdui_bgcolor           0x2000'8794     0x2  Data  Gb  lcd_ui.o [1]
lcdui_color             0x2000'0338     0x2  Data  Gb  lcd_ui.o [1]
lcdui_current_font      0x2000'0080     0x4  Data  Gb  lcd_ui.o [1]
lcdui_current_font_type
                        0x2000'033a     0x1  Data  Gb  lcd_ui.o [1]
lcdui_cursor_x          0x2000'8790     0x2  Data  Gb  lcd_ui.o [1]
lcdui_cursor_y          0x2000'8792     0x2  Data  Gb  lcd_ui.o [1]
lcdui_height            0x2000'0336     0x2  Data  Gb  lcd_ui.o [1]
lcdui_width             0x2000'0334     0x2  Data  Gb  lcd_ui.o [1]
ld_clust                 0x801'7935    0x28  Code  Lc  ff.o [1]
ld_dword                 0x801'6f73    0x18  Code  Lc  ff.o [1]
ld_word                  0x801'6f65     0xe  Code  Lc  ff.o [1]
ldexp                    0x801'd085          Code  Gb  ldexp.o [4]
ldexpl                   0x801'd085          Code  Gb  ldexp.o [4]
lmos                     0x803'ce80    0x18  Data  Lc  datetime.o [1]
lngCurrent              0x2000'007c     0x4  Data  Gb  languages.o [1]
lngLanguages            0x2000'006c    0x10  Data  Gb  languages.o [1]
localeconv               0x801'cad7     0x4  Code  Gb  xlocale_c.o [2]
lroundf                  0x802'6629          Code  Gb  lroundf.o [4]
main                     0x801'd5f5   0xec4  Code  Gb  main.o [1]
mem_cmp                  0x801'6fdb    0x24  Code  Lc  ff.o [1]
mem_cpy                  0x801'6fb1    0x1c  Code  Lc  ff.o [1]
mem_set                  0x801'6fcd     0xe  Code  Lc  ff.o [1]
memchr                   0x801'cb7d          Code  Gb  memchr.o [5]
mos                      0x803'ce98    0x18  Data  Lc  datetime.o [1]
mount_volume             0x801'86b7   0x2ae  Code  Lc  ff.o [1]
move_window              0x801'714f    0x42  Code  Lc  ff.o [1]
mparams                 0x2000'8648    0x18  Data  Lc  dlmalloc.o [2]
msg                     0x2000'6d44   0x200  Data  Gb  main.o [1]
ndigs                    0x803'bf2c    0x28  Data  Lc  iar_Stoulx.o [2]
ndigs                    0x803'bf7c    0x28  Data  Lc  iar_Stoullx.o [2]
nomorefiles             0x2000'87aa     0x1  Data  Gb  tgui_filesscreenfuncs.o [1]
numstr                  0x2000'85d8    0x20  Data  Gb  tgui_numenterscreenfuncs.o [1]
numstr_len              0x2000'87ad     0x1  Data  Gb  tgui_numenterscreenfuncs.o [1]
oldUsbMounted           0x2000'87a7     0x1  Data  Gb  tgui_filesscreenfuncs.o [1]
old_layer               0x2000'8728     0x4  Data  Gb  tgui_printscreenfuncs.o [1]
old_pause               0x2000'87b0     0x1  Data  Gb  tgui_printscreenfuncs.o [1]
old_time                0x2000'8724     0x4  Data  Gb  tgui_printscreenfuncs.o [1]
pfile_type              0x2000'87a4     0x1  Data  Gb  prtfiles.o [1]
pick_lfn                 0x801'7a31    0x96  Code  Lc  ff.o [1]
pows                     0x803'c0a8    0x48  Data  Lc  strto64.o [4]
prepend_alloc            0x802'e6bb   0x346  Code  Lc  dlmalloc.o [2]
prtState                0x2000'8698    0x10  Data  Gb  printing.o [1]
prt_file                0x2000'86f4     0x4  Data  Gb  prtfiles.o [1]
put_fat                  0x801'7355   0x166  Code  Lc  ff.o [1]
put_lfn                  0x801'7ac7    0x90  Code  Lc  ff.o [1]
put_utf                  0x801'708b    0x72  Code  Lc  ff.o [1]
ranmatch                 0x803'4bb5    0x44  Code  Lc  xscanffull.o [2]
reTransmission_all_cnt  0x2000'86e4     0x4  Data  Gb  cpld_utils.o [1]
reTransmission_data_cnt
                        0x2000'86e0     0x4  Data  Gb  cpld_utils.o [1]
reTransmission_zero_cnt
                        0x2000'86dc     0x4  Data  Gb  cpld_utils.o [1]
remove_chain             0x801'74bb    0xb0  Code  Lc  ff.o [1]
retSPIFL                0x2000'879e     0x1  Data  Gb  fatfs.o [1]
retUSBH                 0x2000'879d     0x1  Data  Gb  fatfs.o [1]
s_tfname                0x2000'440c   0x400  Data  Gb  main.o [1]
scalbln                  0x801'd085          Code  Gb  ldexp.o [4]
scalblnl                 0x801'd085          Code  Gb  ldexp.o [4]
scalbn                   0x801'd085          Code  Gb  ldexp.o [4]
scalbnl                  0x801'd085          Code  Gb  ldexp.o [4]
scale                    0x801'b1df    0x46  Code  Lc  xprintffull.o [2]
scrTimeTimer            0x2000'033c     0x1  Data  Gb  tgui_defaultfuncs.o [1]
sec_hand                0x2000'8784     0x4  Data  Lc  xfail_s.o [2]
segment_holding          0x802'e639    0x1a  Code  Lc  dlmalloc.o [2]
sfile                   0x1000'5028  0x1028  Data  Gb  main.o [1]
sprintf                  0x801'5d75    0x40  Code  Gb  sprintf.o [2]
sqrtf                    0x802'5dc5          Code  Gb  sqrtf.o [4]
srvMode                 0x2000'87a3     0x1  Data  Gb  main.o [1]
sscanf                   0x803'a19d    0x28  Code  Gb  sscanf.o [2]
st_clust                 0x801'795d    0x2a  Code  Lc  ff.o [1]
st_dword                 0x801'6f99    0x18  Code  Lc  ff.o [1]
st_word                  0x801'6f8b     0xe  Code  Lc  ff.o [1]
strcat                   0x803'2ee5    0x1e  Code  Gb  strcat.o [2]
strchr                   0x801'cae5          Code  Gb  strchr.o [5]
strcmp                   0x802'12f5          Code  Gb  strcmp.o [5]
strcpy                   0x803'2ecd          Code  Gb  strcpy.o [5]
strcpy_utf(char *, char *)
                         0x801'a13d    0x28  Code  Gb  unicode_utils.o [1]
strlen                   0x801'cb45          Code  Gb  strlen.o [5]
strncpy                  0x801'a555          Code  Gb  strncpy.o [5]
strtoll                  0x803'5779     0x2  Code  Gb  iar_Stollx.o [2]
strtoul                  0x802'2805     0x2  Code  Gb  iar_Stoulx.o [2]
strtoull                 0x803'592d     0x2  Code  Gb  iar_Stoullx.o [2]
strtrim(char *)          0x801'a205    0x60  Code  Gb  unicode_utils.o [1]
strupper_utf(char *)     0x801'a265    0x78  Code  Gb  unicode_utils.o [1]
subdir                  0x2000'87a9     0x1  Data  Gb  tgui_filesscreenfuncs.o [1]
sum_sfn                  0x801'7c43    0x20  Code  Lc  ff.o [1]
sync_fs                  0x801'7191    0x96  Code  Lc  ff.o [1]
sync_window              0x801'70fd    0x52  Code  Lc  ff.o [1]
sys_alloc                0x802'ebf9   0x164  Code  Lc  dlmalloc.o [2]
sys_trim                 0x802'ed5d    0x64  Code  Lc  dlmalloc.o [2]
systemInfo              0x2000'8660    0x14  Data  Gb  config.o [1]
tchar2uni                0x801'7037    0x54  Code  Lc  ff.o [1]
tfname                  0x1000'7078   0x400  Data  Gb  tgui.o [1]
tguiActiveScreen        0x2000'8718     0x4  Data  Gb  tgui.o [1]
tguiDBuff               0x2000'87c0  0x1000  Data  Gb  tgui.o [1]
tguiDefaultConfig       0x2000'8568    0x28  Data  Gb  tgui.o [1]
tguiFBuff               0x2000'97c0   0x200  Data  Gb  tgui.o [1]
tguiFile                0x1000'6050  0x1028  Data  Gb  tgui.o [1]
tguiMsgBox              0x2000'5b80   0x348  Data  Gb  tgui.o [1]
tguiScrFilesButtons     0x2000'5ec8   0x348  Data  Gb  tgui.o [1]
tguiScrFilesListButtons
                        0x2000'3774   0x498  Data  Gb  tgui.o [1]
tguiScrFileviewButtons  0x2000'6f44   0x1f8  Data  Gb  tgui.o [1]
tguiScrInfoButtons      0x2000'7d44    0xa8  Data  Gb  tgui.o [1]
tguiScrLanguageButtons  0x2000'7c48    0xfc  Data  Gb  tgui.o [1]
tguiScrMainButtons      0x2000'77f8   0x150  Data  Gb  tgui.o [1]
tguiScrMovezButtons     0x2000'57e4   0x39c  Data  Gb  tgui.o [1]
tguiScrNumenterButtons  0x2000'31e0   0x594  Data  Gb  tgui.o [1]
tguiScrPrintButtons     0x2000'74b8   0x1a4  Data  Gb  tgui.o [1]
tguiScrServiceButtons   0x2000'7314   0x1a4  Data  Gb  tgui.o [1]
tguiScrSettingsButtons  0x2000'64d4   0x24c  Data  Gb  tgui.o [1]
tguiScreenFiles         0x2000'8448    0x30  Data  Gb  tgui.o [1]
tguiScreenFilesList     0x2000'8478    0x30  Data  Gb  tgui.o [1]
tguiScreenFileview      0x2000'8508    0x30  Data  Gb  tgui.o [1]
tguiScreenInfo          0x2000'83e8    0x30  Data  Gb  tgui.o [1]
tguiScreenLanguage      0x2000'83b8    0x30  Data  Gb  tgui.o [1]
tguiScreenMain          0x2000'8358    0x30  Data  Gb  tgui.o [1]
tguiScreenMovez         0x2000'8418    0x30  Data  Gb  tgui.o [1]
tguiScreenNumenter      0x2000'84d8    0x30  Data  Gb  tgui.o [1]
tguiScreenPrint         0x2000'8538    0x30  Data  Gb  tgui.o [1]
tguiScreenService       0x2000'8388    0x30  Data  Gb  tgui.o [1]
tguiScreenSettings      0x2000'84a8    0x30  Data  Gb  tgui.o [1]
tguiTimer               0x2000'87a1     0x1  Data  Gb  main.o [1]
tmalloc_large            0x802'edcd   0x386  Code  Lc  dlmalloc.o [2]
tmalloc_small            0x802'f153   0x200  Code  Lc  dlmalloc.o [2]
tolower                  0x802'6315    0x14  Code  Gb  tolower.o [2]
touch_buff              0x2000'7fac    0x60  Data  Gb  fst_spi.o [1]
touch_info              0x2000'86a8    0x10  Data  Gb  touch.o [1]
touch_point             0x2000'872c     0x4  Data  Gb  touch.o [1]
tstrcat(unsigned short *, unsigned short *)
                         0x801'a18d    0x32  Code  Gb  unicode_utils.o [1]
tstrcat_utf(unsigned short *, char *)
                         0x801'a1bf    0x46  Code  Gb  unicode_utils.o [1]
tstrcpy(unsigned short *, unsigned short *)
                         0x801'a165    0x28  Code  Gb  unicode_utils.o [1]
typeval                 0x2000'87ac     0x1  Data  Gb  tgui_numenterscreenfuncs.o [1]
u_tfname                0x2000'400c   0x400  Data  Gb  main.o [1]
uc866                    0x803'b800   0x100  Data  Lc  ffunicode.o [1]
ufile                   0x1000'4000  0x1028  Data  Gb  main.o [1]
uvfan_timer             0x2000'8714     0x4  Data  Gb  sys_timer.o [1]
uvled_timer             0x2000'870c     0x4  Data  Gb  sys_timer.o [1]
uvpause_timer           0x2000'8710     0x4  Data  Gb  sys_timer.o [1]
uwTick                  0x2000'8700     0x4  Data  Gb  stm32f4xx_hal.o [1]
uwTickFreq              0x2000'033b     0x1  Data  Gb  stm32f4xx_hal.o [1]
uwTickPrio              0x2000'0084     0x4  Data  Gb  stm32f4xx_hal.o [1]
validate                 0x801'8965    0x4a  Code  Lc  ff.o [1]
wctob                    0x803'56a5    0x32  Code  Gb  wctob.o [2]
zHoldTimer              0x2000'87a2     0x1  Data  Gb  main.o [1]
zPlanner                0x2000'87b4     0x1  Data  Gb  z_planner.o [1]


[1] = D:\Electronics\Projects\MKS_DLP_new\SRC\firmware\MKSDLP_Alter_Debug\Obj
[2] = dl7M_tlf.a
[3] = dlpp7M_tl_fc.a
[4] = m7M_tls.a
[5] = rt7M_tl.a
[6] = shb_l.a

  131 557 bytes of readonly  code memory
   56 322 bytes of readonly  data memory
   93 750 bytes of readwrite data memory

Errors: none
Warnings: none
