###############################################################################
#
# IAR ELF Linker V8.32.1.169/W32 for ARM                  03/Sep/2020  01:18:17
# Copyright 2007-2018 IAR Systems AB.
#
#    Output file  =  
#        D:\Electronics\Projects\MKS_DLP_new\SRC\firmware\MKSDLP_Alter_debug\Exe\MKS_DLP_new.out
#    Map file     =  
#        D:\Electronics\Projects\MKS_DLP_new\SRC\firmware\MKSDLP_Alter_debug\List\MKS_DLP_new.map
#    Command line =  
#        -f C:\Temp\EWE26D.tmp
#        (D:\Electronics\Projects\MKS_DLP_new\SRC\firmware\MKSDLP_Alter_Debug\Obj\config.o
#        D:\Electronics\Projects\MKS_DLP_new\SRC\firmware\MKSDLP_Alter_Debug\Obj\cpld_utils.o
#        D:\Electronics\Projects\MKS_DLP_new\SRC\firmware\MKSDLP_Alter_Debug\Obj\datetime.o
#        D:\Electronics\Projects\MKS_DLP_new\SRC\firmware\MKSDLP_Alter_Debug\Obj\diskio.o
#        D:\Electronics\Projects\MKS_DLP_new\SRC\firmware\MKSDLP_Alter_Debug\Obj\eeprom.o
#        D:\Electronics\Projects\MKS_DLP_new\SRC\firmware\MKSDLP_Alter_Debug\Obj\fatfs.o
#        D:\Electronics\Projects\MKS_DLP_new\SRC\firmware\MKSDLP_Alter_Debug\Obj\ff.o
#        D:\Electronics\Projects\MKS_DLP_new\SRC\firmware\MKSDLP_Alter_Debug\Obj\ff_gen_drv.o
#        D:\Electronics\Projects\MKS_DLP_new\SRC\firmware\MKSDLP_Alter_Debug\Obj\ffsystem.o
#        D:\Electronics\Projects\MKS_DLP_new\SRC\firmware\MKSDLP_Alter_Debug\Obj\ffunicode.o
#        D:\Electronics\Projects\MKS_DLP_new\SRC\firmware\MKSDLP_Alter_Debug\Obj\files_pws.o
#        D:\Electronics\Projects\MKS_DLP_new\SRC\firmware\MKSDLP_Alter_Debug\Obj\fnt12.o
#        D:\Electronics\Projects\MKS_DLP_new\SRC\firmware\MKSDLP_Alter_Debug\Obj\fnt12bold.o
#        D:\Electronics\Projects\MKS_DLP_new\SRC\firmware\MKSDLP_Alter_Debug\Obj\fnt18.o
#        D:\Electronics\Projects\MKS_DLP_new\SRC\firmware\MKSDLP_Alter_Debug\Obj\fnt18bold.o
#        D:\Electronics\Projects\MKS_DLP_new\SRC\firmware\MKSDLP_Alter_Debug\Obj\fnt24.o
#        D:\Electronics\Projects\MKS_DLP_new\SRC\firmware\MKSDLP_Alter_Debug\Obj\fnt24bold.o
#        D:\Electronics\Projects\MKS_DLP_new\SRC\firmware\MKSDLP_Alter_Debug\Obj\fnt36num.o
#        D:\Electronics\Projects\MKS_DLP_new\SRC\firmware\MKSDLP_Alter_Debug\Obj\fnt36num_lcd.o
#        D:\Electronics\Projects\MKS_DLP_new\SRC\firmware\MKSDLP_Alter_Debug\Obj\fnt48num_lcd.o
#        D:\Electronics\Projects\MKS_DLP_new\SRC\firmware\MKSDLP_Alter_Debug\Obj\fsmc.o
#        D:\Electronics\Projects\MKS_DLP_new\SRC\firmware\MKSDLP_Alter_Debug\Obj\fst_spi.o
#        D:\Electronics\Projects\MKS_DLP_new\SRC\firmware\MKSDLP_Alter_Debug\Obj\gpio.o
#        D:\Electronics\Projects\MKS_DLP_new\SRC\firmware\MKSDLP_Alter_Debug\Obj\languages.o
#        D:\Electronics\Projects\MKS_DLP_new\SRC\firmware\MKSDLP_Alter_Debug\Obj\lcd_low.o
#        D:\Electronics\Projects\MKS_DLP_new\SRC\firmware\MKSDLP_Alter_Debug\Obj\lcd_ui.o
#        D:\Electronics\Projects\MKS_DLP_new\SRC\firmware\MKSDLP_Alter_Debug\Obj\main.o
#        D:\Electronics\Projects\MKS_DLP_new\SRC\firmware\MKSDLP_Alter_Debug\Obj\motor.o
#        D:\Electronics\Projects\MKS_DLP_new\SRC\firmware\MKSDLP_Alter_Debug\Obj\prtfiles.o
#        D:\Electronics\Projects\MKS_DLP_new\SRC\firmware\MKSDLP_Alter_Debug\Obj\rtc.o
#        D:\Electronics\Projects\MKS_DLP_new\SRC\firmware\MKSDLP_Alter_Debug\Obj\spi_flash.o
#        D:\Electronics\Projects\MKS_DLP_new\SRC\firmware\MKSDLP_Alter_Debug\Obj\spifl_diskio.o
#        D:\Electronics\Projects\MKS_DLP_new\SRC\firmware\MKSDLP_Alter_Debug\Obj\ssd_utils.o
#        D:\Electronics\Projects\MKS_DLP_new\SRC\firmware\MKSDLP_Alter_Debug\Obj\startup_stm32f407xx.o
#        D:\Electronics\Projects\MKS_DLP_new\SRC\firmware\MKSDLP_Alter_Debug\Obj\stm32f4xx_hal.o
#        D:\Electronics\Projects\MKS_DLP_new\SRC\firmware\MKSDLP_Alter_Debug\Obj\stm32f4xx_hal_cortex.o
#        D:\Electronics\Projects\MKS_DLP_new\SRC\firmware\MKSDLP_Alter_Debug\Obj\stm32f4xx_hal_dma.o
#        D:\Electronics\Projects\MKS_DLP_new\SRC\firmware\MKSDLP_Alter_Debug\Obj\stm32f4xx_hal_dma_ex.o
#        D:\Electronics\Projects\MKS_DLP_new\SRC\firmware\MKSDLP_Alter_Debug\Obj\stm32f4xx_hal_exti.o
#        D:\Electronics\Projects\MKS_DLP_new\SRC\firmware\MKSDLP_Alter_Debug\Obj\stm32f4xx_hal_flash.o
#        D:\Electronics\Projects\MKS_DLP_new\SRC\firmware\MKSDLP_Alter_Debug\Obj\stm32f4xx_hal_flash_ex.o
#        D:\Electronics\Projects\MKS_DLP_new\SRC\firmware\MKSDLP_Alter_Debug\Obj\stm32f4xx_hal_flash_ramfunc.o
#        D:\Electronics\Projects\MKS_DLP_new\SRC\firmware\MKSDLP_Alter_Debug\Obj\stm32f4xx_hal_gpio.o
#        D:\Electronics\Projects\MKS_DLP_new\SRC\firmware\MKSDLP_Alter_Debug\Obj\stm32f4xx_hal_hcd.o
#        D:\Electronics\Projects\MKS_DLP_new\SRC\firmware\MKSDLP_Alter_Debug\Obj\stm32f4xx_hal_i2c.o
#        D:\Electronics\Projects\MKS_DLP_new\SRC\firmware\MKSDLP_Alter_Debug\Obj\stm32f4xx_hal_msp.o
#        D:\Electronics\Projects\MKS_DLP_new\SRC\firmware\MKSDLP_Alter_Debug\Obj\stm32f4xx_hal_pwr.o
#        D:\Electronics\Projects\MKS_DLP_new\SRC\firmware\MKSDLP_Alter_Debug\Obj\stm32f4xx_hal_pwr_ex.o
#        D:\Electronics\Projects\MKS_DLP_new\SRC\firmware\MKSDLP_Alter_Debug\Obj\stm32f4xx_hal_rcc.o
#        D:\Electronics\Projects\MKS_DLP_new\SRC\firmware\MKSDLP_Alter_Debug\Obj\stm32f4xx_hal_rcc_ex.o
#        D:\Electronics\Projects\MKS_DLP_new\SRC\firmware\MKSDLP_Alter_Debug\Obj\stm32f4xx_hal_rtc.o
#        D:\Electronics\Projects\MKS_DLP_new\SRC\firmware\MKSDLP_Alter_Debug\Obj\stm32f4xx_hal_rtc_ex.o
#        D:\Electronics\Projects\MKS_DLP_new\SRC\firmware\MKSDLP_Alter_Debug\Obj\stm32f4xx_hal_spi.o
#        D:\Electronics\Projects\MKS_DLP_new\SRC\firmware\MKSDLP_Alter_Debug\Obj\stm32f4xx_hal_sram.o
#        D:\Electronics\Projects\MKS_DLP_new\SRC\firmware\MKSDLP_Alter_Debug\Obj\stm32f4xx_hal_tim.o
#        D:\Electronics\Projects\MKS_DLP_new\SRC\firmware\MKSDLP_Alter_Debug\Obj\stm32f4xx_hal_tim_ex.o
#        D:\Electronics\Projects\MKS_DLP_new\SRC\firmware\MKSDLP_Alter_Debug\Obj\stm32f4xx_it.o
#        D:\Electronics\Projects\MKS_DLP_new\SRC\firmware\MKSDLP_Alter_Debug\Obj\stm32f4xx_ll_fsmc.o
#        D:\Electronics\Projects\MKS_DLP_new\SRC\firmware\MKSDLP_Alter_Debug\Obj\stm32f4xx_ll_usb.o
#        D:\Electronics\Projects\MKS_DLP_new\SRC\firmware\MKSDLP_Alter_Debug\Obj\sys_timer.o
#        D:\Electronics\Projects\MKS_DLP_new\SRC\firmware\MKSDLP_Alter_Debug\Obj\system_stm32f4xx.o
#        D:\Electronics\Projects\MKS_DLP_new\SRC\firmware\MKSDLP_Alter_Debug\Obj\tgui.o
#        D:\Electronics\Projects\MKS_DLP_new\SRC\firmware\MKSDLP_Alter_Debug\Obj\tgui_defaultfuncs.o
#        D:\Electronics\Projects\MKS_DLP_new\SRC\firmware\MKSDLP_Alter_Debug\Obj\tgui_filesscreenfuncs.o
#        D:\Electronics\Projects\MKS_DLP_new\SRC\firmware\MKSDLP_Alter_Debug\Obj\tgui_infoscreenfuncs.o
#        D:\Electronics\Projects\MKS_DLP_new\SRC\firmware\MKSDLP_Alter_Debug\Obj\tgui_langscreenfuncs.o
#        D:\Electronics\Projects\MKS_DLP_new\SRC\firmware\MKSDLP_Alter_Debug\Obj\tgui_mainscreenfuncs.o
#        D:\Electronics\Projects\MKS_DLP_new\SRC\firmware\MKSDLP_Alter_Debug\Obj\tgui_messagebox.o
#        D:\Electronics\Projects\MKS_DLP_new\SRC\firmware\MKSDLP_Alter_Debug\Obj\tgui_movezscreenfuncs.o
#        D:\Electronics\Projects\MKS_DLP_new\SRC\firmware\MKSDLP_Alter_Debug\Obj\tgui_numenterscreenfuncs.o
#        D:\Electronics\Projects\MKS_DLP_new\SRC\firmware\MKSDLP_Alter_Debug\Obj\tgui_settingsscreenfuncs.o
#        D:\Electronics\Projects\MKS_DLP_new\SRC\firmware\MKSDLP_Alter_Debug\Obj\tim.o
#        D:\Electronics\Projects\MKS_DLP_new\SRC\firmware\MKSDLP_Alter_Debug\Obj\touch.o
#        D:\Electronics\Projects\MKS_DLP_new\SRC\firmware\MKSDLP_Alter_Debug\Obj\unicode_utils.o
#        D:\Electronics\Projects\MKS_DLP_new\SRC\firmware\MKSDLP_Alter_Debug\Obj\usb_host.o
#        D:\Electronics\Projects\MKS_DLP_new\SRC\firmware\MKSDLP_Alter_Debug\Obj\usbh_conf.o
#        D:\Electronics\Projects\MKS_DLP_new\SRC\firmware\MKSDLP_Alter_Debug\Obj\usbh_core.o
#        D:\Electronics\Projects\MKS_DLP_new\SRC\firmware\MKSDLP_Alter_Debug\Obj\usbh_ctlreq.o
#        D:\Electronics\Projects\MKS_DLP_new\SRC\firmware\MKSDLP_Alter_Debug\Obj\usbh_diskio.o
#        D:\Electronics\Projects\MKS_DLP_new\SRC\firmware\MKSDLP_Alter_Debug\Obj\usbh_ioreq.o
#        D:\Electronics\Projects\MKS_DLP_new\SRC\firmware\MKSDLP_Alter_Debug\Obj\usbh_msc.o
#        D:\Electronics\Projects\MKS_DLP_new\SRC\firmware\MKSDLP_Alter_Debug\Obj\usbh_msc_bot.o
#        D:\Electronics\Projects\MKS_DLP_new\SRC\firmware\MKSDLP_Alter_Debug\Obj\usbh_msc_scsi.o
#        D:\Electronics\Projects\MKS_DLP_new\SRC\firmware\MKSDLP_Alter_Debug\Obj\usbh_pipes.o
#        D:\Electronics\Projects\MKS_DLP_new\SRC\firmware\MKSDLP_Alter_Debug\Obj\usbh_platform.o
#        D:\Electronics\Projects\MKS_DLP_new\SRC\firmware\MKSDLP_Alter_Debug\Obj\uvdisplay.o
#        D:\Electronics\Projects\MKS_DLP_new\SRC\firmware\MKSDLP_Alter_Debug\Obj\z_endstops.o
#        D:\Electronics\Projects\MKS_DLP_new\SRC\firmware\MKSDLP_Alter_Debug\Obj\z_planner.o
#        D:\Electronics\Projects\MKS_DLP_new\SRC\firmware\MKSDLP_Alter_Debug\Obj\z_stepper.o
#        --redirect _Printf=_PrintfFull --redirect _Scanf=_ScanfFull
#        --no_out_extension -o
#        D:\Electronics\Projects\MKS_DLP_new\SRC\firmware\MKSDLP_Alter_debug\Exe\MKS_DLP_new.out
#        --map
#        D:\Electronics\Projects\MKS_DLP_new\SRC\firmware\MKSDLP_Alter_debug\List\MKS_DLP_new.map
#        --log libraries,call_graph --log_file
#        D:\Electronics\Projects\MKS_DLP_new\SRC\firmware\MKSDLP_Alter_debug\List\MKS_DLP_new.log
#        --config
#        D:\Electronics\Projects\MKS_DLP_new\SRC\firmware/config/stm32f407xx_flash.icf
#        --semihosting --entry __iar_program_start --merge_duplicate_sections
#        --vfe --text_out locale)
#
###############################################################################

*******************************************************************************
*** RUNTIME MODEL ATTRIBUTES
***

CppFlavor                     = *
__CPP_Exceptions              = Disabled
__CPP_Language                = C++14
__Heap_Handler                = DLMalloc
__SystemLibrary               = DLib
__dlib_dynamic_initialization = normal
__dlib_version                = 6


*******************************************************************************
*** HEAP SELECTION
***

The advanced heap was selected because the application calls memory
allocation functions outside of system library functions, and there
are calls to deallocation functions in the application.


*******************************************************************************
*** PLACEMENT SUMMARY
***

"A0":  place at 0x801'0000 { ro section .intvec };
"P1":  place in [from 0x801'0000 to 0x807'ffff] { ro };
define block CSTACK with size = 16K, alignment = 8 { };
define block HEAP with size = 8K, alignment = 8 { };
"P2":  place in [from 0x2000'0000 to 0x2001'ffff] {
          rw, block CSTACK, block HEAP };
"P3":  place in [from 0x1000'0000 to 0x1000'ffff] { rw section CCMRAM };
initialize by copy { rw };

  Section                Kind         Address     Size  Object
  -------                ----         -------     ----  ------
"A0":                                            0x188
  .intvec                ro code   0x801'0000    0x188  startup_stm32f407xx.o [1]
                                 - 0x801'0188    0x188

"P1":                                          0x24fb1
  .text                  ro code   0x801'0188   0x3728  tgui.o [1]
  .text                  ro code   0x801'38b0     0x66  ABImemset.o [5]
  .text                  ro code   0x801'3916     0x7a  lz77_init_single.o [5]
  .text                  ro code   0x801'3990    0xaa0  tgui_defaultfuncs.o [1]
  .text                  ro code   0x801'4430     0xa6  ABImemcpy.o [5]
  .text                  ro code   0x801'44d6     0x3a  zero_init3.o [5]
  .text                  ro code   0x801'4510     0x40  languages.o [1]
  .text                  ro code   0x801'4550    0x748  tgui_messagebox.o [1]
  .text                  ro code   0x801'4c98    0x120  sys_timer.o [1]
  .text                  ro code   0x801'4db8     0x94  datetime.o [1]
  .text                  ro code   0x801'4e4c     0x40  sprintf.o [2]
  .text                  ro code   0x801'4e8c    0xb90  lcd_ui.o [1]
  .text                  ro code   0x801'5a1c    0x50c  lcd_low.o [1]
  .text                  ro code   0x801'5f28   0x2b94  ff.o [1]
  .text                  ro code   0x801'8abc    0x39a  unicode_utils.o [1]
  .text                  ro code   0x801'8e56     0x1e  xencoding_8859_1.o [2]
  .text                  ro code   0x801'8e74    0x274  touch.o [1]
  .text                  ro code   0x801'90e8     0x70  strncpy.o [5]
  .text                  ro code   0x801'9158    0x418  stm32f4xx_hal_rtc.o [1]
  .text                  ro code   0x801'9570    0xf46  xprintffull.o [2]
  .text                  ro code   0x801'a4b6      0xa  xsprout.o [2]
  .text                  ro code   0x801'a4c0     0x28  stm32f4xx_hal.o [1]
  .text                  ro code   0x801'a4e8    0x114  fsmc.o [1]
  .text                  ro code   0x801'a5fc    0x458  stm32f4xx_hal_dma.o [1]
  .text                  ro code   0x801'aa54    0x12c  stm32f4xx_hal_cortex.o [1]
  .text                  ro code   0x801'ab80     0xb0  diskio.o [1]
  .text                  ro code   0x801'ac30    0x144  ffunicode.o [1]
  .text                  ro code   0x801'ad74    0x158  fatfs.o [1]
  .text                  ro code   0x801'aecc    0x550  fst_spi.o [1]
  .text                  ro code   0x801'b41c      0xc  stm32f4xx_hal.o [1]
  .text                  ro code   0x801'b428     0xb4  xlocale_c.o [2]
  .text                  ro code   0x801'b4dc     0x16  strchr.o [5]
  .rodata                const     0x801'b4f2      0x2  languages.o [1]
  .text                  ro code   0x801'b4f4     0x40  xfail_s.o [2]
  .text                  ro code   0x801'b534     0x36  strlen.o [5]
  .rodata                const     0x801'b56a      0x2  languages.o [1]
  .text                  ro code   0x801'b56c     0x58  memchr.o [5]
  .text                  ro code   0x801'b5c4      0xa  xmbcurmax.o [2]
  .rodata                const     0x801'b5ce      0x1  unwind_debug.o [6]
  .text                  ro code   0x801'b5d0    0x230  I64DivMod.o [5]
  .text                  ro code   0x801'b800    0x1a2  DblMul.o [4]
  .text                  ro code   0x801'b9a4     0x70  frexp.o [4]
  .text                  ro code   0x801'ba14     0x2e  DblCmpLe.o [4]
  .text                  ro code   0x801'ba44     0x2e  DblCmpGe.o [4]
  .text                  ro code   0x801'ba74    0x13a  ldexp.o [4]
  .text                  ro code   0x801'bbb0     0x3a  DblToS32.o [4]
  .text                  ro code   0x801'bbec     0x22  S32ToDbl.o [4]
  .text                  ro code   0x801'bc10     0xe2  DblSub.o [4]
  .text                  ro code   0x801'bcf4    0x246  DblDiv.o [4]
  .text                  ro code   0x801'bf3c     0x28  DblToU32.o [4]
  .text                  ro code   0x801'bf64     0x1a  U32ToDbl.o [4]
  .text                  ro code   0x801'bf80      0x6  ABImemclr4.o [5]
  .text                  ro code   0x801'bf88     0x5c  stm32f4xx_hal_sram.o [1]
  .text                  ro code   0x801'bfe4    0xc12  main.o [1]
  .text                  ro code   0x801'cbf8    0x252  stm32f4xx_hal_gpio.o [1]
  .text                  ro code   0x801'ce4c     0x54  ff_gen_drv.o [1]
  .text                  ro code   0x801'cea0    0x5fa  stm32f4xx_hal_spi.o [1]
  .text                  ro code   0x801'd49a      0x6  abort.o [2]
  .text                  ro code   0x801'd4a0      0x2  stm32f4xx_hal_spi.o [1]
  .text                  ro code   0x801'd4a4    0x17a  DblAdd.o [4]
  .text                  ro code   0x801'd620     0x32  ABImemset48.o [5]
  .text                  ro code   0x801'd654     0xe4  stm32f4xx_ll_fsmc.o [1]
  .text                  ro code   0x801'd738     0x34  stm32f4xx_hal.o [1]
  .text                  ro code   0x801'd76c    0x28c  gpio.o [1]
  .text                  ro code   0x801'd9f8    0x304  spi_flash.o [1]
  .text                  ro code   0x801'dcfc     0xc8  rtc.o [1]
  .text                  ro code   0x801'ddc4    0x5e4  eeprom.o [1]
  .text                  ro code   0x801'e3a8    0xc80  config.o [1]
  .text                  ro code   0x801'f028    0x2dc  motor.o [1]
  .text                  ro code   0x801'f304      0xc  uvdisplay.o [1]
  .text                  ro code   0x801'f310     0x20  usbh_platform.o [1]
  .text                  ro code   0x801'f330     0x8c  usb_host.o [1]
  .text                  ro code   0x801'f3bc     0x12  strcmp.o [5]
  .text                  ro code   0x801'f3d0     0x48  FltToDbl.o [4]
  .text                  ro code   0x801'f418     0x68  DblToFlt.o [4]
  .text                  ro code   0x801'f480    0x4e8  tgui_movezscreenfuncs.o [1]
  .text                  ro code   0x801'f968    0x3b4  stm32f4xx_hal_rcc.o [1]
  .text                  ro code   0x801'fd1c    0x1f4  stm32f4xx_hal_rcc.o [1]
  .text                  ro code   0x801'ff10    0x150  stm32f4xx_hal_rcc_ex.o [1]
  .text                  ro code   0x802'0060     0x14  exit.o [6]
  .text                  ro code   0x802'0074     0x4c  stm32f4xx_hal.o [1]
  .text                  ro code   0x802'00c0     0x40  stm32f4xx_hal_msp.o [1]
  .text                  ro code   0x802'0100     0x20  spi_flash.o [1]
  .text                  ro code   0x802'0120    0x1ea  stm32f4xx_hal_i2c.o [1]
  .text                  ro code   0x802'030c      0xe  math_wrappers64.o [4]
  .text                  ro code   0x802'031c    0x152  iar_Stoulx.o [2]
  .text                  ro code   0x802'0470     0xe4  z_endstops.o [1]
  .text                  ro code   0x802'0554    0xe34  z_planner.o [1]
  .text                  ro code   0x802'1388    0x5a4  z_stepper.o [1]
  .text                  ro code   0x802'192c    0x1e8  tim.o [1]
  .text                  ro code   0x802'1b14    0x78a  stm32f4xx_hal_tim.o [1]
  .text                  ro code   0x802'22a0     0x14  motor.o [1]
  .text                  ro code   0x802'22b4      0xc  z_endstops.o [1]
  .text                  ro code   0x802'22c0     0x18  z_endstops.o [1]
  .text                  ro code   0x802'22d8     0x20  z_stepper.o [1]
  .text                  ro code   0x802'22f8     0x20  motor.o [1]
  .text                  ro code   0x802'2318     0xa2  cpld_utils.o [1]
  .text                  ro code   0x802'23bc    0x580  ssd_utils.o [1]
  .text                  ro code   0x802'293c    0x79e  usbh_core.o [1]
  .text                  ro code   0x802'30dc    0x51c  strto64.o [4]
  .text                  ro code   0x802'35f8     0x14  isspace.o [2]
  .text                  ro code   0x802'360c     0x14  tolower.o [2]
  .text                  ro code   0x802'3620     0x18  z_stepper.o [1]
  .text                  ro code   0x802'3638     0x24  z_planner.o [1]
  .text                  ro code   0x802'365c     0x18  z_planner.o [1]
  .text                  ro code   0x802'3674      0x8  z_stepper.o [1]
  .text                  ro code   0x802'367c     0x3c  ceilf.o [4]
  .text                  ro code   0x802'36b8     0xac  z_planner.o [1]
  .text                  ro code   0x802'3764     0x3c  floorf.o [4]
  .text                  ro code   0x802'37a0     0xbc  z_planner.o [1]
  .text                  ro code   0x802'385c     0x12  z_planner.o [1]
  .text                  ro code   0x802'386e      0x8  z_planner.o [1]
  .text                  ro code   0x802'3878     0x1e  sqrtf.o [4]
  .text                  ro code   0x802'3898     0x20  z_stepper.o [1]
  .text                  ro code   0x802'38b8     0x10  z_stepper.o [1]
  .text                  ro code   0x802'38c8      0xc  z_stepper.o [1]
  .text                  ro code   0x802'38d4     0x38  z_planner.o [1]
  .text                  ro code   0x802'390c     0x18  z_planner.o [1]
  .text                  ro code   0x802'3924     0x2e  lroundf.o [4]
  .text                  ro code   0x802'3954     0x1c  z_stepper.o [1]
  .text                  ro code   0x802'3970     0x2c  z_stepper.o [1]
  .text                  ro code   0x802'399c     0xac  stm32f4xx_hal_tim_ex.o [1]
  .text                  ro code   0x802'3a48    0x2f8  usbh_conf.o [1]
  .text                  ro code   0x802'3d40     0xb6  usbh_pipes.o [1]
  .text                  ro code   0x802'3df6    0x5bc  usbh_ctlreq.o [1]
  .text                  ro code   0x802'43b2    0x122  iar_Stopfx.o [2]
  .text                  ro code   0x802'44d4    0x1c4  iar_Stoflt.o [2]
  .text                  ro code   0x802'4698    0x21c  iar_Stoxflt.o [2]
  .text                  ro code   0x802'48b4     0x10  z_stepper.o [1]
  .text                  ro code   0x802'48c4      0xe  z_planner.o [1]
  .text                  ro code   0x802'48d4     0x1c  z_stepper.o [1]
  .text                  ro code   0x802'48f0   0x1060  stm32f4xx_hal_hcd.o [1]
  .text                  ro code   0x802'5950     0xd0  usbh_ioreq.o [1]
  .text                  ro code   0x802'5a20     0x14  isalpha.o [2]
  .text                  ro code   0x802'5a34    0x9c4  stm32f4xx_ll_usb.o [1]
  .rodata                const     0x802'63f8   0x2094  fnt24bold.o [1]
  .rodata                const     0x802'848c   0x195c  fnt24.o [1]
  .text                  ro code   0x802'9de8   0x14e0  dlmalloc.o [2]
  .text                  ro code   0x802'b2c8     0x2c  xgetmemchunk.o [2]
  .rodata                const     0x802'b2f4   0x10c8  fnt18bold.o [1]
  .rodata                const     0x802'c3bc    0xea4  fnt18.o [1]
  .text                  ro code   0x802'd260    0xe8c  tgui_filesscreenfuncs.o [1]
  .text                  ro code   0x802'e0ec     0x4c  prtfiles.o [1]
  .text                  ro code   0x802'e138     0x18  strcpy.o [5]
  .text                  ro code   0x802'e150     0x1e  strcat.o [2]
  .text                  ro code   0x802'e170    0x39c  files_pws.o [1]
  .rodata                const     0x802'e50c    0xbcc  fnt48num_lcd.o [1]
  .text                  ro code   0x802'f0d8    0x8b4  usbh_msc.o [1]
  .text                  ro code   0x802'f98c    0x394  usbh_msc_bot.o [1]
  .text                  ro code   0x802'fd20      0x4  heaptramp0.o [2]
  .text                  ro code   0x802'fd24    0x3ea  usbh_msc_scsi.o [1]
  .rodata                const     0x803'0110    0x788  fnt12bold.o [1]
  .rodata                const     0x803'0898    0x6b4  fnt12.o [1]
  .rodata                const     0x803'0f4c    0x684  fnt36num.o [1]
  .rodata                const     0x803'15d0    0x66c  fnt36num_lcd.o [1]
  .text                  ro code   0x803'1c3c    0x58c  tgui_numenterscreenfuncs.o [1]
  .text                  ro code   0x803'21c8    0x240  tgui_settingsscreenfuncs.o [1]
  .rodata                const     0x803'2408    0x1f4  ffunicode.o [1]
  .text                  ro code   0x803'25fc    0x144  usbh_diskio.o [1]
  .rodata                const     0x803'2740    0x140  fnt12.o [1]
  .rodata                const     0x803'2880    0x140  fnt12bold.o [1]
  .rodata                const     0x803'29c0    0x140  fnt18.o [1]
  .rodata                const     0x803'2b00    0x140  fnt18bold.o [1]
  .rodata                const     0x803'2c40    0x140  fnt24.o [1]
  .rodata                const     0x803'2d80    0x140  fnt24bold.o [1]
  .text                  ro code   0x803'2ec0    0x12c  spifl_diskio.o [1]
  .rodata                const     0x803'2fec    0x10c  languages.o [1]
  .rodata                const     0x803'30f8    0x10c  languages.o [1]
  .rodata                const     0x803'3204    0x100  ffunicode.o [1]
  .text                  ro code   0x803'3304     0xc8  tgui_infoscreenfuncs.o [1]
  .rodata                const     0x803'33cc     0xbc  ffunicode.o [1]
  .rodata                const     0x803'3488     0x9c  languages.o [1]
  .text                  ro code   0x803'3524     0x9c  stm32f4xx_it.o [1]
  .rodata                const     0x803'35c0     0x80  ff.o [1]
  .rodata                const     0x803'3640     0x78  languages.o [1]
  .rodata                const     0x803'36b8     0x74  languages.o [1]
  .rodata                const     0x803'372c     0x74  languages.o [1]
  .rodata                const     0x803'37a0     0x70  languages.o [1]
  .rodata                const     0x803'3810     0x70  languages.o [1]
  .rodata                const     0x803'3880     0x68  languages.o [1]
  .rodata                const     0x803'38e8     0x68  languages.o [1]
  .rodata                const     0x803'3950     0x54  languages.o [1]
  .rodata                const     0x803'39a4     0x54  languages.o [1]
  .rodata                const     0x803'39f8     0x50  iar_Stoulx.o [2]
  .rodata                const     0x803'3a48     0x48  strto64.o [4]
  .rodata                const     0x803'3a90     0x44  languages.o [1]
  .rodata                const     0x803'3ad4     0x40  languages.o [1]
  .rodata                const     0x803'3b14     0x3c  languages.o [1]
  .rodata                const     0x803'3b50     0x3c  languages.o [1]
  .rodata                const     0x803'3b8c     0x3c  languages.o [1]
  .rodata                const     0x803'3bc8     0x3c  languages.o [1]
  .rodata                const     0x803'3c04     0x38  fnt36num.o [1]
  .rodata                const     0x803'3c3c     0x38  fnt36num_lcd.o [1]
  .rodata                const     0x803'3c74     0x38  fnt48num_lcd.o [1]
  .rodata                const     0x803'3cac     0x38  languages.o [1]
  .rodata                const     0x803'3ce4     0x38  languages.o [1]
  .rodata                const     0x803'3d1c     0x38  main.o [1]
  .rodata                const     0x803'3d54     0x34  languages.o [1]
  .rodata                const     0x803'3d88     0x34  main.o [1]
  .rodata                const     0x803'3dbc     0x34  main.o [1]
  .rodata                const     0x803'3df0     0x30  languages.o [1]
  .rodata                const     0x803'3e20     0x30  languages.o [1]
  .rodata                const     0x803'3e50     0x30  languages.o [1]
  .rodata                const     0x803'3e80     0x30  languages.o [1]
  .rodata                const     0x803'3eb0     0x30  main.o [1]
  .rodata                const     0x803'3ee0     0x30  main.o [1]
  .rodata                const     0x803'3f10     0x30  main.o [1]
  .rodata                const     0x803'3f40     0x2c  languages.o [1]
  .rodata                const     0x803'3f6c     0x2c  languages.o [1]
  .rodata                const     0x803'3f98     0x2c  main.o [1]
  .rodata                const     0x803'3fc4     0x2c  main.o [1]
  .rodata                const     0x803'3ff0     0x28  languages.o [1]
  .rodata                const     0x803'4018     0x28  main.o [1]
  .text                  ro code   0x803'4040     0x28  data_init.o [5]
  .rodata                const     0x803'4068     0x24  languages.o [1]
  .rodata                const     0x803'408c     0x24  languages.o [1]
  .rodata                const     0x803'40b0     0x24  main.o [1]
  .rodata                const     0x803'40d4     0x24  tgui_infoscreenfuncs.o [1]
  .text                  ro code   0x803'40f8     0x22  fpinit_M.o [4]
  .iar.init_table        const     0x803'411c     0x24  - Linker created -
  .rodata                const     0x803'4140     0x20  languages.o [1]
  .rodata                const     0x803'4160     0x20  languages.o [1]
  .rodata                const     0x803'4180     0x20  main.o [1]
  .rodata                const     0x803'41a0     0x20  tgui.o [1]
  .rodata                const     0x803'41c0     0x20  tgui.o [1]
  .rodata                const     0x803'41e0     0x20  tgui.o [1]
  .text                  ro code   0x803'4200     0x20  system_stm32f4xx.o [1]
  .text                  ro code   0x803'4220     0x20  cmain_call_ctors.o [5]
  .text                  ro code   0x803'4240     0x18  cppinit.o [2]
  .text                  ro code   0x803'4258     0x1e  cmain.o [5]
  .text                  ro code   0x803'4276      0x4  low_level_init.o [2]
  .text                  ro code   0x803'427a      0x4  exit.o [2]
  .text                  ro code   0x803'4280      0xa  cexit.o [5]
  .rodata                const     0x803'428c     0x1c  languages.o [1]
  .rodata                const     0x803'42a8     0x1c  languages.o [1]
  .rodata                const     0x803'42c4     0x1c  tgui.o [1]
  .rodata                const     0x803'42e0     0x1c  tgui.o [1]
  .rodata                const     0x803'42fc     0x1c  tgui.o [1]
  .rodata                const     0x803'4318     0x1c  tgui.o [1]
  .rodata                const     0x803'4334     0x1c  tgui.o [1]
  .rodata                const     0x803'4350     0x1c  tgui.o [1]
  .rodata                const     0x803'436c     0x1c  tgui.o [1]
  .rodata                const     0x803'4388     0x1c  tgui.o [1]
  .rodata                const     0x803'43a4     0x1c  tgui.o [1]
  .rodata                const     0x803'43c0     0x1c  tgui.o [1]
  .rodata                const     0x803'43dc     0x1c  tgui.o [1]
  .rodata                const     0x803'43f8     0x1c  tgui.o [1]
  .rodata                const     0x803'4414     0x1c  tgui.o [1]
  .rodata                const     0x803'4430     0x1c  tgui.o [1]
  .rodata                const     0x803'444c     0x1c  tgui.o [1]
  .rodata                const     0x803'4468     0x1c  tgui.o [1]
  .rodata                const     0x803'4484     0x1c  tgui.o [1]
  .rodata                const     0x803'44a0     0x1c  tgui.o [1]
  .rodata                const     0x803'44bc     0x1c  tgui.o [1]
  .text                  ro code   0x803'44d8     0x1c  tgui_langscreenfuncs.o [1]
  .rodata                const     0x803'44f4     0x18  config.o [1]
  .rodata                const     0x803'450c     0x18  config.o [1]
  .rodata                const     0x803'4524     0x18  config.o [1]
  .rodata                const     0x803'453c     0x18  config.o [1]
  .rodata                const     0x803'4554     0x18  languages.o [1]
  .rodata                const     0x803'456c     0x18  languages.o [1]
  .rodata                const     0x803'4584     0x18  languages.o [1]
  .rodata                const     0x803'459c     0x18  main.o [1]
  .rodata                const     0x803'45b4     0x18  main.o [1]
  .rodata                const     0x803'45cc     0x18  main.o [1]
  .rodata                const     0x803'45e4     0x18  tgui.o [1]
  .rodata                const     0x803'45fc     0x18  tgui.o [1]
  .rodata                const     0x803'4614     0x18  tgui.o [1]
  .rodata                const     0x803'462c     0x18  tgui.o [1]
  .rodata                const     0x803'4644     0x18  tgui.o [1]
  .rodata                const     0x803'465c     0x18  tgui.o [1]
  .rodata                const     0x803'4674     0x18  tgui.o [1]
  .rodata                const     0x803'468c     0x18  tgui.o [1]
  .rodata                const     0x803'46a4     0x18  tgui.o [1]
  .rodata                const     0x803'46bc     0x18  tgui.o [1]
  .rodata                const     0x803'46d4     0x18  tgui.o [1]
  .rodata                const     0x803'46ec     0x18  tgui.o [1]
  .rodata                const     0x803'4704     0x18  tgui.o [1]
  .rodata                const     0x803'471c     0x18  tgui.o [1]
  .rodata                const     0x803'4734     0x18  tgui.o [1]
  .rodata                const     0x803'474c     0x18  tgui.o [1]
  .rodata                const     0x803'4764     0x18  tgui_filesscreenfuncs.o [1]
  .rodata                const     0x803'477c     0x18  tgui_filesscreenfuncs.o [1]
  .rodata                const     0x803'4794     0x14  config.o [1]
  .rodata                const     0x803'47a8     0x14  config.o [1]
  .rodata                const     0x803'47bc     0x14  ff.o [1]
  .rodata                const     0x803'47d0     0x14  ff.o [1]
  .rodata                const     0x803'47e4     0x14  languages.o [1]
  .rodata                const     0x803'47f8     0x14  languages.o [1]
  .rodata                const     0x803'480c     0x14  languages.o [1]
  .rodata                const     0x803'4820     0x14  languages.o [1]
  .rodata                const     0x803'4834     0x14  languages.o [1]
  .rodata                const     0x803'4848     0x14  spifl_diskio.o [1]
  .rodata                const     0x803'485c     0x14  tgui.o [1]
  .rodata                const     0x803'4870     0x14  tgui.o [1]
  .rodata                const     0x803'4884     0x14  tgui.o [1]
  .rodata                const     0x803'4898     0x14  tgui.o [1]
  .rodata                const     0x803'48ac     0x14  tgui.o [1]
  .rodata                const     0x803'48c0     0x14  tgui_filesscreenfuncs.o [1]
  .rodata                const     0x803'48d4     0x14  tgui_filesscreenfuncs.o [1]
  .rodata                const     0x803'48e8     0x14  usbh_diskio.o [1]
  .rodata                const     0x803'48fc     0x10  config.o [1]
  .rodata                const     0x803'490c     0x10  config.o [1]
  .rodata                const     0x803'491c     0x10  config.o [1]
  .rodata                const     0x803'492c     0x10  config.o [1]
  .rodata                const     0x803'493c     0x10  config.o [1]
  .rodata                const     0x803'494c     0x10  ff.o [1]
  .rodata                const     0x803'495c     0x10  ff.o [1]
  .rodata                const     0x803'496c     0x10  ff.o [1]
  .rodata                const     0x803'497c     0x10  ff.o [1]
  .rodata                const     0x803'498c     0x10  languages.o [1]
  .rodata                const     0x803'499c     0x10  languages.o [1]
  .rodata                const     0x803'49ac     0x10  languages.o [1]
  .rodata                const     0x803'49bc     0x10  languages.o [1]
  .rodata                const     0x803'49cc     0x10  languages.o [1]
  .rodata                const     0x803'49dc     0x10  languages.o [1]
  .rodata                const     0x803'49ec     0x10  languages.o [1]
  .rodata                const     0x803'49fc     0x10  languages.o [1]
  .rodata                const     0x803'4a0c     0x10  main.o [1]
  .rodata                const     0x803'4a1c     0x10  main.o [1]
  .rodata                const     0x803'4a2c     0x10  system_stm32f4xx.o [1]
  .rodata                const     0x803'4a3c     0x10  tgui.o [1]
  .rodata                const     0x803'4a4c     0x10  tgui.o [1]
  .rodata                const     0x803'4a5c     0x10  tgui.o [1]
  .rodata                const     0x803'4a6c     0x10  tgui.o [1]
  .rodata                const     0x803'4a7c     0x10  tgui.o [1]
  .rodata                const     0x803'4a8c     0x10  tgui_defaultfuncs.o [1]
  .text                  ro code   0x803'4a9c     0x10  startup_stm32f407xx.o [1]
  .rodata                const     0x803'4aac      0xc  config.o [1]
  .rodata                const     0x803'4ab8      0xc  config.o [1]
  .rodata                const     0x803'4ac4      0xc  config.o [1]
  .rodata                const     0x803'4ad0      0xc  config.o [1]
  .rodata                const     0x803'4adc      0xc  config.o [1]
  .rodata                const     0x803'4ae8      0xc  config.o [1]
  .rodata                const     0x803'4af4      0xc  ff.o [1]
  .rodata                const     0x803'4b00      0xc  ff.o [1]
  .rodata                const     0x803'4b0c      0xc  files_pws.o [1]
  .rodata                const     0x803'4b18      0xc  languages.o [1]
  .rodata                const     0x803'4b24      0xc  languages.o [1]
  .rodata                const     0x803'4b30      0xc  languages.o [1]
  .rodata                const     0x803'4b3c      0xc  languages.o [1]
  .rodata                const     0x803'4b48      0xc  languages.o [1]
  .rodata                const     0x803'4b54      0xc  languages.o [1]
  .rodata                const     0x803'4b60      0xc  languages.o [1]
  .rodata                const     0x803'4b6c      0xc  languages.o [1]
  .rodata                const     0x803'4b78      0xc  languages.o [1]
  .rodata                const     0x803'4b84      0xc  languages.o [1]
  .rodata                const     0x803'4b90      0xc  languages.o [1]
  .rodata                const     0x803'4b9c      0xc  languages.o [1]
  .rodata                const     0x803'4ba8      0xc  languages.o [1]
  .rodata                const     0x803'4bb4      0xc  languages.o [1]
  .rodata                const     0x803'4bc0      0xc  languages.o [1]
  .rodata                const     0x803'4bcc      0xc  languages.o [1]
  .rodata                const     0x803'4bd8      0xc  languages.o [1]
  .rodata                const     0x803'4be4      0xc  languages.o [1]
  .rodata                const     0x803'4bf0      0xc  languages.o [1]
  .rodata                const     0x803'4bfc      0xc  languages.o [1]
  .rodata                const     0x803'4c08      0xc  main.o [1]
  .rodata                const     0x803'4c14      0xc  main.o [1]
  .rodata                const     0x803'4c20      0xc  tgui.o [1]
  .rodata                const     0x803'4c2c      0xc  tgui_infoscreenfuncs.o [1]
  .text                  ro code   0x803'4c38      0xc  cstartup_M.o [5]
  .rodata                const     0x803'4c44      0x8  config.o [1]
  .rodata                const     0x803'4c4c      0x8  config.o [1]
  .rodata                const     0x803'4c54      0x8  ff.o [1]
  .rodata                const     0x803'4c5c      0x8  ff.o [1]
  .rodata                const     0x803'4c64      0x8  files_pws.o [1]
  .rodata                const     0x803'4c6c      0x8  files_pws.o [1]
  .rodata                const     0x803'4c74      0x8  languages.o [1]
  .rodata                const     0x803'4c7c      0x8  languages.o [1]
  .rodata                const     0x803'4c84      0x8  languages.o [1]
  .rodata                const     0x803'4c8c      0x8  languages.o [1]
  .rodata                const     0x803'4c94      0x8  languages.o [1]
  .rodata                const     0x803'4c9c      0x8  languages.o [1]
  .rodata                const     0x803'4ca4      0x8  languages.o [1]
  .rodata                const     0x803'4cac      0x8  languages.o [1]
  .rodata                const     0x803'4cb4      0x8  languages.o [1]
  .rodata                const     0x803'4cbc      0x8  languages.o [1]
  .rodata                const     0x803'4cc4      0x8  languages.o [1]
  .rodata                const     0x803'4ccc      0x8  languages.o [1]
  .rodata                const     0x803'4cd4      0x8  languages.o [1]
  .rodata                const     0x803'4cdc      0x8  languages.o [1]
  .rodata                const     0x803'4ce4      0x8  languages.o [1]
  .rodata                const     0x803'4cec      0x8  languages.o [1]
  .rodata                const     0x803'4cf4      0x8  languages.o [1]
  .rodata                const     0x803'4cfc      0x8  languages.o [1]
  .rodata                const     0x803'4d04      0x8  languages.o [1]
  .rodata                const     0x803'4d0c      0x8  languages.o [1]
  .rodata                const     0x803'4d14      0x8  languages.o [1]
  .rodata                const     0x803'4d1c      0x8  languages.o [1]
  .rodata                const     0x803'4d24      0x8  languages.o [1]
  .rodata                const     0x803'4d2c      0x8  languages.o [1]
  .rodata                const     0x803'4d34      0x8  languages.o [1]
  .rodata                const     0x803'4d3c      0x8  languages.o [1]
  .rodata                const     0x803'4d44      0x8  languages.o [1]
  .rodata                const     0x803'4d4c      0x8  languages.o [1]
  .rodata                const     0x803'4d54      0x8  languages.o [1]
  .rodata                const     0x803'4d5c      0x8  languages.o [1]
  .rodata                const     0x803'4d64      0x8  languages.o [1]
  .rodata                const     0x803'4d6c      0x8  languages.o [1]
  .rodata                const     0x803'4d74      0x8  main.o [1]
  .rodata                const     0x803'4d7c      0x8  stm32f4xx_hal_dma.o [1]
  .rodata                const     0x803'4d84      0x8  system_stm32f4xx.o [1]
  .rodata                const     0x803'4d8c      0x8  tgui.o [1]
  .rodata                const     0x803'4d94      0x8  tgui.o [1]
  .rodata                const     0x803'4d9c      0x8  tgui.o [1]
  .rodata                const     0x803'4da4      0x8  tgui.o [1]
  .rodata                const     0x803'4dac      0x8  tgui.o [1]
  .rodata                const     0x803'4db4      0x8  tgui.o [1]
  .rodata                const     0x803'4dbc      0x8  tgui.o [1]
  .rodata                const     0x803'4dc4      0x8  tgui.o [1]
  .rodata                const     0x803'4dcc      0x8  tgui.o [1]
  .rodata                const     0x803'4dd4      0x8  tgui.o [1]
  .rodata                const     0x803'4ddc      0x8  tgui.o [1]
  .rodata                const     0x803'4de4      0x8  tgui.o [1]
  .rodata                const     0x803'4dec      0x8  tgui.o [1]
  .rodata                const     0x803'4df4      0x8  tgui.o [1]
  .rodata                const     0x803'4dfc      0x8  tgui.o [1]
  .rodata                const     0x803'4e04      0x8  tgui.o [1]
  .rodata                const     0x803'4e0c      0x8  tgui.o [1]
  .rodata                const     0x803'4e14      0x8  tgui.o [1]
  .rodata                const     0x803'4e1c      0x8  tgui.o [1]
  .rodata                const     0x803'4e24      0x8  tgui.o [1]
  .rodata                const     0x803'4e2c      0x8  tgui.o [1]
  .rodata                const     0x803'4e34      0x8  tgui.o [1]
  .rodata                const     0x803'4e3c      0x8  tgui.o [1]
  .rodata                const     0x803'4e44      0x8  tgui.o [1]
  .rodata                const     0x803'4e4c      0x8  tgui.o [1]
  .rodata                const     0x803'4e54      0x8  tgui.o [1]
  .rodata                const     0x803'4e5c      0x8  tgui.o [1]
  .rodata                const     0x803'4e64      0x8  tgui.o [1]
  .rodata                const     0x803'4e6c      0x8  tgui.o [1]
  .rodata                const     0x803'4e74      0x8  tgui.o [1]
  .rodata                const     0x803'4e7c      0x8  tgui.o [1]
  .rodata                const     0x803'4e84      0x8  tgui.o [1]
  .rodata                const     0x803'4e8c      0x8  tgui.o [1]
  .rodata                const     0x803'4e94      0x8  tgui.o [1]
  .rodata                const     0x803'4e9c      0x8  tgui.o [1]
  .rodata                const     0x803'4ea4      0x8  tgui.o [1]
  .rodata                const     0x803'4eac      0x8  tgui.o [1]
  .rodata                const     0x803'4eb4      0x8  tgui.o [1]
  .rodata                const     0x803'4ebc      0x8  tgui.o [1]
  .rodata                const     0x803'4ec4      0x8  tgui.o [1]
  .rodata                const     0x803'4ecc      0x8  tgui.o [1]
  .rodata                const     0x803'4ed4      0x8  tgui.o [1]
  .rodata                const     0x803'4edc      0x8  tgui.o [1]
  .rodata                const     0x803'4ee4      0x8  tgui.o [1]
  .rodata                const     0x803'4eec      0x8  tgui.o [1]
  .rodata                const     0x803'4ef4      0x8  tgui.o [1]
  .rodata                const     0x803'4efc      0x8  tgui.o [1]
  .rodata                const     0x803'4f04      0x8  tgui.o [1]
  .rodata                const     0x803'4f0c      0x8  tgui.o [1]
  .rodata                const     0x803'4f14      0x8  tgui.o [1]
  .rodata                const     0x803'4f1c      0x8  tgui.o [1]
  .rodata                const     0x803'4f24      0x8  tgui.o [1]
  .rodata                const     0x803'4f2c      0x8  tgui.o [1]
  .rodata                const     0x803'4f34      0x8  tgui.o [1]
  .rodata                const     0x803'4f3c      0x8  tgui.o [1]
  .rodata                const     0x803'4f44      0x8  tgui.o [1]
  .rodata                const     0x803'4f4c      0x8  tgui.o [1]
  .rodata                const     0x803'4f54      0x8  tgui.o [1]
  .rodata                const     0x803'4f5c      0x8  tgui.o [1]
  .rodata                const     0x803'4f64      0x8  tgui.o [1]
  .rodata                const     0x803'4f6c      0x8  tgui.o [1]
  .rodata                const     0x803'4f74      0x8  tgui.o [1]
  .rodata                const     0x803'4f7c      0x8  tgui.o [1]
  .rodata                const     0x803'4f84      0x8  tgui.o [1]
  .rodata                const     0x803'4f8c      0x8  tgui.o [1]
  .rodata                const     0x803'4f94      0x8  tgui.o [1]
  .rodata                const     0x803'4f9c      0x8  tgui_filesscreenfuncs.o [1]
  .rodata                const     0x803'4fa4      0x8  tgui_filesscreenfuncs.o [1]
  .rodata                const     0x803'4fac      0x8  tgui_infoscreenfuncs.o [1]
  .rodata                const     0x803'4fb4      0x8  tgui_numenterscreenfuncs.o [1]
  .rodata                const     0x803'4fbc      0x8  tgui_settingsscreenfuncs.o [1]
  .rodata                const     0x803'4fc4      0x8  tim.o [1]
  .rodata                const     0x803'4fcc      0x6  xlocale_c.o [2]
  .rodata                const     0x803'4fd4      0x4  languages.o [1]
  .rodata                const     0x803'4fd8      0x4  languages.o [1]
  .rodata                const     0x803'4fdc      0x4  languages.o [1]
  .rodata                const     0x803'4fe0      0x4  languages.o [1]
  .rodata                const     0x803'4fe4      0x4  languages.o [1]
  .rodata                const     0x803'4fe8      0x4  languages.o [1]
  .rodata                const     0x803'4fec      0x4  languages.o [1]
  .rodata                const     0x803'4ff0      0x4  languages.o [1]
  .rodata                const     0x803'4ff4      0x4  languages.o [1]
  .rodata                const     0x803'4ff8      0x4  languages.o [1]
  .rodata                const     0x803'4ffc      0x4  languages.o [1]
  .rodata                const     0x803'5000      0x4  languages.o [1]
  .rodata                const     0x803'5004      0x4  languages.o [1]
  .rodata                const     0x803'5008      0x4  languages.o [1]
  .rodata                const     0x803'500c      0x4  languages.o [1]
  .rodata                const     0x803'5010      0x4  languages.o [1]
  .rodata                const     0x803'5014      0x4  languages.o [1]
  .rodata                const     0x803'5018      0x4  languages.o [1]
  .rodata                const     0x803'501c      0x4  languages.o [1]
  .rodata                const     0x803'5020      0x4  languages.o [1]
  .rodata                const     0x803'5024      0x4  languages.o [1]
  .rodata                const     0x803'5028      0x4  languages.o [1]
  .rodata                const     0x803'502c      0x4  languages.o [1]
  .rodata                const     0x803'5030      0x4  languages.o [1]
  .rodata                const     0x803'5034      0x4  languages.o [1]
  .rodata                const     0x803'5038      0x4  rtc.o [1]
  .rodata                const     0x803'503c      0x4  usbh_msc.o [1]
  .text                  ro code   0x803'5040      0x4  startup_stm32f407xx.o [1]
  SHT$$PREINIT_ARRAY               0x803'5044      0x0  <Block>
  SHT$$INIT_ARRAY                  0x803'5044      0x4  <Block>
    .init_array          const     0x803'5044      0x4  z_planner.o [1]
  __iar_tls$$INIT_ARRAY            0x803'5048      0x0  <Block>
  .rodata                const     0x803'5048      0x0  zero_init3.o [5]
  .rodata                const     0x803'5048      0x0  lz77_init_single.o [5]
  Initializer bytes      const     0x803'5048     0xf1  <for P2-1>
                                 - 0x803'5139  0x24fb1

"P3":                                           0x7478
  CCMRAM                 uninit   0x1000'0000   0x4000  main.o [1]
  CCMRAM                 uninit   0x1000'4000   0x1028  main.o [1]
  CCMRAM                 uninit   0x1000'5028   0x1028  main.o [1]
  CCMRAM                 uninit   0x1000'6050   0x1028  tgui.o [1]
  CCMRAM                 uninit   0x1000'7078    0x400  tgui.o [1]
                                - 0x1000'7478   0x7478

"P2", part 1 of 3:                               0x33f
  P2-1                            0x2000'0000    0x33f  <Init block>
    .data                inited   0x2000'0000      0xc  fnt12.o [1]
    .data                inited   0x2000'000c      0xc  fnt12bold.o [1]
    .data                inited   0x2000'0018      0xc  fnt18.o [1]
    .data                inited   0x2000'0024      0xc  fnt18bold.o [1]
    .data                inited   0x2000'0030      0xc  fnt24.o [1]
    .data                inited   0x2000'003c      0xc  fnt24bold.o [1]
    .data                inited   0x2000'0048      0xc  fnt36num.o [1]
    .data                inited   0x2000'0054      0xc  fnt36num_lcd.o [1]
    .data                inited   0x2000'0060      0xc  fnt48num_lcd.o [1]
    .data                inited   0x2000'006c     0x10  languages.o [1]
    .data                inited   0x2000'007c      0x4  languages.o [1]
    .data                inited   0x2000'0080      0x4  lcd_ui.o [1]
    .data                inited   0x2000'0084      0x4  stm32f4xx_hal.o [1]
    .data                inited   0x2000'0088      0x4  system_stm32f4xx.o [1]
    .data                inited   0x2000'008c    0x200  tgui_filesscreenfuncs.o [1]
    .data                inited   0x2000'028c      0x4  tgui_movezscreenfuncs.o [1]
    .data                inited   0x2000'0290     0x20  usbh_msc.o [1]
    .data                inited   0x2000'02b0      0x4  z_stepper.o [1]
    .data                inited   0x2000'02b4     0x38  xlocale_c.o [2]
    .data                inited   0x2000'02ec     0x48  xlocale_c.o [2]
    .data                inited   0x2000'0334      0x2  lcd_ui.o [1]
    .data                inited   0x2000'0336      0x2  lcd_ui.o [1]
    .data                inited   0x2000'0338      0x2  lcd_ui.o [1]
    .data                inited   0x2000'033a      0x1  lcd_ui.o [1]
    .data                inited   0x2000'033b      0x1  stm32f4xx_hal.o [1]
    .data                inited   0x2000'033c      0x1  tgui_defaultfuncs.o [1]
    .data                inited   0x2000'033d      0x1  tgui_filesscreenfuncs.o [1]
    .data                inited   0x2000'033e      0x1  z_endstops.o [1]
                                - 0x2000'033f    0x33f

"P2", part 2 of 3:                              0x752c
  .bss                   zero     0x2000'0340   0x1038  fatfs.o [1]
  .bss                   zero     0x2000'1378   0x1038  fatfs.o [1]
  .bss                   zero     0x2000'23b0    0x830  tgui_filesscreenfuncs.o [1]
  .bss                   zero     0x2000'2be0    0x594  tgui.o [1]
  .bss                   zero     0x2000'3174    0x498  tgui.o [1]
  .bss                   zero     0x2000'360c    0x400  config.o [1]
  .bss                   zero     0x2000'3a0c    0x400  main.o [1]
  .bss                   zero     0x2000'3e0c    0x400  main.o [1]
  .bss                   zero     0x2000'420c    0x400  main.o [1]
  .bss                   zero     0x2000'460c    0x400  z_planner.o [1]
  .bss                   zero     0x2000'4a0c    0x3d8  usb_host.o [1]
  .bss                   zero     0x2000'4de4    0x39c  tgui.o [1]
  .bss                   zero     0x2000'5180    0x348  tgui.o [1]
  .bss                   zero     0x2000'54c8    0x348  tgui.o [1]
  .bss                   zero     0x2000'5810    0x348  tgui.o [1]
  .bss                   zero     0x2000'5b58    0x2c4  usbh_conf.o [1]
  .bss                   zero     0x2000'5e1c    0x24c  tgui.o [1]
  .bss                   zero     0x2000'6068    0x224  main.o [1]
  .bss                   zero     0x2000'628c    0x200  config.o [1]
  .bss                   zero     0x2000'648c    0x200  ff.o [1]
  .bss                   zero     0x2000'668c    0x200  main.o [1]
  .bss                   zero     0x2000'688c    0x1d8  dlmalloc.o [2]
  .bss                   zero     0x2000'6a64    0x1a4  tgui.o [1]
  .bss                   zero     0x2000'6c08    0x150  tgui.o [1]
  .bss                   zero     0x2000'6d58    0x100  sys_timer.o [1]
  .bss                   zero     0x2000'6e58     0xfc  tgui.o [1]
  .bss                   zero     0x2000'6f54     0x80  fst_spi.o [1]
  .bss                   zero     0x2000'6fd4     0x80  fst_spi.o [1]
  .bss                   zero     0x2000'7054     0x60  fst_spi.o [1]
  .bss                   zero     0x2000'70b4     0x60  fst_spi.o [1]
  .bss                   zero     0x2000'7114     0x60  fst_spi.o [1]
  .bss                   zero     0x2000'7174     0x60  fst_spi.o [1]
  .bss                   zero     0x2000'71d4     0x60  fst_spi.o [1]
  .bss                   zero     0x2000'7234     0x60  lcd_low.o [1]
  .bss                   zero     0x2000'7294     0x54  eeprom.o [1]
  .bss                   zero     0x2000'72e8     0x54  files_pws.o [1]
  .bss                   zero     0x2000'733c     0x50  config.o [1]
  .bss                   zero     0x2000'738c     0x50  fsmc.o [1]
  .bss                   zero     0x2000'73dc     0x40  tim.o [1]
  .bss                   zero     0x2000'741c     0x40  tim.o [1]
  .bss                   zero     0x2000'745c     0x34  main.o [1]
  .bss                   zero     0x2000'7490     0x30  files_pws.o [1]
  .bss                   zero     0x2000'74c0     0x30  tgui.o [1]
  .bss                   zero     0x2000'74f0     0x30  tgui.o [1]
  .bss                   zero     0x2000'7520     0x30  tgui.o [1]
  .bss                   zero     0x2000'7550     0x30  tgui.o [1]
  .bss                   zero     0x2000'7580     0x30  tgui.o [1]
  .bss                   zero     0x2000'75b0     0x30  tgui.o [1]
  .bss                   zero     0x2000'75e0     0x30  tgui.o [1]
  .bss                   zero     0x2000'7610     0x30  tgui.o [1]
  .bss                   zero     0x2000'7640     0x30  tgui.o [1]
  .bss                   zero     0x2000'7670     0x28  tgui.o [1]
  .bss                   zero     0x2000'7698     0x28  z_planner.o [1]
  .bss                   zero     0x2000'76c0     0x20  rtc.o [1]
  .bss                   zero     0x2000'76e0     0x20  tgui_numenterscreenfuncs.o [1]
  .bss                   zero     0x2000'7700     0x1c  config.o [1]
  .bss                   zero     0x2000'771c     0x1c  files_pws.o [1]
  .bss                   zero     0x2000'7738     0x18  config.o [1]
  .bss                   zero     0x2000'7750     0x18  dlmalloc.o [2]
  .bss                   zero     0x2000'7768     0x10  config.o [1]
  .bss                   zero     0x2000'7778     0x10  ff_gen_drv.o [1]
  .bss                   zero     0x2000'7788     0x10  touch.o [1]
  .bss                   zero     0x2000'7798      0xc  spi_flash.o [1]
  .bss                   zero     0x2000'77a4      0x8  fatfs.o [1]
  .bss                   zero     0x2000'77ac      0x8  fatfs.o [1]
  .bss                   zero     0x2000'77b4      0x8  ff.o [1]
  .bss                   zero     0x2000'77bc      0x4  cpld_utils.o [1]
  .bss                   zero     0x2000'77c0      0x4  fsmc.o [1]
  .bss                   zero     0x2000'77c4      0x4  motor.o [1]
  .bss                   zero     0x2000'77c8      0x4  prtfiles.o [1]
  .bss                   zero     0x2000'77cc      0x4  spi_flash.o [1]
  .bss                   zero     0x2000'77d0      0x4  spi_flash.o [1]
  .bss                   zero     0x2000'77d4      0x4  stm32f4xx_hal.o [1]
  .bss                   zero     0x2000'77d8      0x4  stm32f4xx_ll_usb.o [1]
  .bss                   zero     0x2000'77dc      0x4  tgui.o [1]
  .bss                   zero     0x2000'77e0      0x4  touch.o [1]
  .bss                   zero     0x2000'77e4      0x4  z_planner.o [1]
  .bss                   zero     0x2000'77e8      0x4  z_planner.o [1]
  .bss                   zero     0x2000'77ec      0x4  z_planner.o [1]
  .bss                   zero     0x2000'77f0      0x4  z_planner.o [1]
  .bss                   zero     0x2000'77f4      0x4  z_planner.o [1]
  .bss                   zero     0x2000'77f8      0x4  z_planner.o [1]
  .bss                   zero     0x2000'77fc      0x4  z_planner.o [1]
  .bss                   zero     0x2000'7800      0x4  z_stepper.o [1]
  .bss                   zero     0x2000'7804      0x4  z_stepper.o [1]
  .bss                   zero     0x2000'7808      0x4  z_stepper.o [1]
  .bss                   zero     0x2000'780c      0x4  z_stepper.o [1]
  .bss                   zero     0x2000'7810      0x4  z_stepper.o [1]
  .bss                   zero     0x2000'7814      0x4  z_stepper.o [1]
  .bss                   zero     0x2000'7818      0x4  z_stepper.o [1]
  .bss                   zero     0x2000'781c      0x4  z_stepper.o [1]
  .bss                   zero     0x2000'7820      0x4  z_stepper.o [1]
  .bss                   zero     0x2000'7824      0x4  z_stepper.o [1]
  .bss                   zero     0x2000'7828      0x4  z_stepper.o [1]
  .bss                   zero     0x2000'782c      0x4  z_stepper.o [1]
  .bss                   zero     0x2000'7830      0x4  z_stepper.o [1]
  .bss                   zero     0x2000'7834      0x4  z_stepper.o [1]
  .bss                   zero     0x2000'7838      0x4  xfail_s.o [2]
  .bss                   zero     0x2000'783c      0x4  xgetmemchunk.o [2]
  .bss                   zero     0x2000'7840      0x2  ff.o [1]
  .bss                   zero     0x2000'7842      0x2  lcd_low.o [1]
  .bss                   zero     0x2000'7844      0x2  lcd_ui.o [1]
  .bss                   zero     0x2000'7846      0x2  lcd_ui.o [1]
  .bss                   zero     0x2000'7848      0x2  lcd_ui.o [1]
  .bss                   zero     0x2000'784a      0x2  z_planner.o [1]
  .bss                   zero     0x2000'784c      0x1  eeprom.o [1]
  .bss                   zero     0x2000'784d      0x1  fatfs.o [1]
  .bss                   zero     0x2000'784e      0x1  fatfs.o [1]
  .bss                   zero     0x2000'784f      0x1  main.o [1]
  .bss                   zero     0x2000'7850      0x1  main.o [1]
  .bss                   zero     0x2000'7851      0x1  main.o [1]
  .bss                   zero     0x2000'7852      0x1  main.o [1]
  .bss                   zero     0x2000'7853      0x1  main.o [1]
  .bss                   zero     0x2000'7854      0x1  prtfiles.o [1]
  .bss                   zero     0x2000'7855      0x1  tgui_defaultfuncs.o [1]
  .bss                   zero     0x2000'7856      0x1  tgui_filesscreenfuncs.o [1]
  .bss                   zero     0x2000'7857      0x1  tgui_filesscreenfuncs.o [1]
  .bss                   zero     0x2000'7858      0x1  tgui_filesscreenfuncs.o [1]
  .bss                   zero     0x2000'7859      0x1  tgui_filesscreenfuncs.o [1]
  .bss                   zero     0x2000'785a      0x1  tgui_numenterscreenfuncs.o [1]
  .bss                   zero     0x2000'785b      0x1  tgui_numenterscreenfuncs.o [1]
  .bss                   zero     0x2000'785c      0x1  tgui_numenterscreenfuncs.o [1]
  .bss                   zero     0x2000'785d      0x1  usb_host.o [1]
  .bss                   zero     0x2000'785e      0x1  z_endstops.o [1]
  .bss                   zero     0x2000'785f      0x1  z_endstops.o [1]
  .bss                   zero     0x2000'7860      0x1  z_planner.o [1]
  .bss                   zero     0x2000'7861      0x1  z_planner.o [1]
  .bss                   zero     0x2000'7862      0x1  z_planner.o [1]
  .bss                   zero     0x2000'7863      0x1  z_planner.o [1]
  .bss                   zero     0x2000'7864      0x1  z_planner.o [1]
  .bss                   zero     0x2000'7865      0x1  z_planner.o [1]
  .bss                   zero     0x2000'7866      0x1  z_stepper.o [1]
  .bss                   zero     0x2000'7867      0x1  z_stepper.o [1]
  .bss                   zero     0x2000'7868      0x1  z_stepper.o [1]
  .bss                   zero     0x2000'7869      0x1  z_stepper.o [1]
  .bss                   zero     0x2000'786a      0x1  z_stepper.o [1]
                                - 0x2000'786b   0x752b

"P2", part 3 of 3:                              0x7204
  .noinit                uninit   0x2000'786c   0x1000  tgui.o [1]
  .noinit                uninit   0x2000'886c    0x200  tgui.o [1]
  CSTACK                          0x2000'8a70   0x4000  <Block>
    CSTACK               uninit   0x2000'8a70   0x4000  <Block tail>
  HEAP                            0x2000'ca70   0x2000  <Block>
    HEAP                 uninit   0x2000'ca70   0x2000  <Block tail>
                                - 0x2000'ea70   0x7204

Unused ranges:

         From           To      Size
         ----           --      ----
   0x803'5139   0x807'ffff  0x4'aec7
  0x1000'7478  0x1000'ffff    0x8b88
  0x2000'033f  0x2000'033f       0x1
  0x2000'ea70  0x2001'ffff  0x1'1590


*******************************************************************************
*** INIT TABLE
***

          Address      Size
          -------      ----
Zero (__iar_zero_init3)
    1 destination range, total size 0x752b:
          0x2000'0340  0x752b

Copy/lz77 (__iar_lz77_init_single3)
    1 source range, total size 0xf1 (29% of destination):
           0x803'5048    0xf1
    1 destination range, total size 0x33f:
          0x2000'0000   0x33f

Extra (__iar_cstart_call_ctors)



*******************************************************************************
*** MODULE SUMMARY
***

    Module                      ro code  ro data  rw data
    ------                      -------  -------  -------
command line/config:
    -----------------------------------------------------
    Total:

D:\Electronics\Projects\MKS_DLP_new\SRC\firmware\MKSDLP_Alter_Debug\Obj: [1]
    config.o                      3 200      304    1 684
    cpld_utils.o                    162                 4
    datetime.o                      148
    diskio.o                        176
    eeprom.o                      1 508                85
    fatfs.o                         344             8 322
    ff.o                         11 156      272      522
    ff_gen_drv.o                     84                16
    ffunicode.o                     324      944
    files_pws.o                     924       28      160
    fnt12.o                                2 039       12
    fnt12bold.o                            2 251       12
    fnt18.o                                4 072       12
    fnt18bold.o                            4 619       12
    fnt24.o                                6 816       12
    fnt24bold.o                            8 663       12
    fnt36num.o                             1 728       12
    fnt36num_lcd.o                         1 703       12
    fnt48num_lcd.o                         3 080       12
    fsmc.o                          276                84
    fst_spi.o                     1 360               736
    gpio.o                          652
    languages.o                      64    3 598       20
    lcd_low.o                     1 292                98
    lcd_ui.o                      2 960        3       17
    main.o                        3 090      636   28 845
    motor.o                         784                 4
    prtfiles.o                       76                 5
    rtc.o                           200        4       32
    spi_flash.o                     804                20
    spifl_diskio.o                  300       20
    ssd_utils.o                   1 408
    startup_stm32f407xx.o           412
    stm32f4xx_hal.o                 180        2        9
    stm32f4xx_hal_cortex.o          300
    stm32f4xx_hal_dma.o           1 112        8
    stm32f4xx_hal_gpio.o            594
    stm32f4xx_hal_hcd.o           4 192
    stm32f4xx_hal_i2c.o             490
    stm32f4xx_hal_msp.o              64
    stm32f4xx_hal_rcc.o           1 448
    stm32f4xx_hal_rcc_ex.o          336
    stm32f4xx_hal_rtc.o           1 048
    stm32f4xx_hal_spi.o           1 532
    stm32f4xx_hal_sram.o             92
    stm32f4xx_hal_tim.o           1 930
    stm32f4xx_hal_tim_ex.o          172
    stm32f4xx_it.o                  156
    stm32f4xx_ll_fsmc.o             228
    stm32f4xx_ll_usb.o            2 500                 4
    sys_timer.o                     288               256
    system_stm32f4xx.o               32       25        4
    tgui.o                       14 120    1 732   17 888
    tgui_defaultfuncs.o           2 720       16        2
    tgui_filesscreenfuncs.o       3 724      253    2 613
    tgui_infoscreenfuncs.o          200       56
    tgui_langscreenfuncs.o           28
    tgui_messagebox.o             1 864
    tgui_movezscreenfuncs.o       1 256        1        4
    tgui_numenterscreenfuncs.o    1 420        8       35
    tgui_settingsscreenfuncs.o      576        8
    tim.o                           488        8      128
    touch.o                         628                20
    unicode_utils.o                 922
    usb_host.o                      140               985
    usbh_conf.o                     760               708
    usbh_core.o                   1 950
    usbh_ctlreq.o                 1 468
    usbh_diskio.o                   324       20
    usbh_ioreq.o                    208
    usbh_msc.o                    2 228       13       32
    usbh_msc_bot.o                  916
    usbh_msc_scsi.o               1 002
    usbh_pipes.o                    182
    usbh_platform.o                  32
    uvdisplay.o                      12
    z_endstops.o                    264                 3
    z_planner.o                   4 176        4    1 100
    z_stepper.o                   1 684        1       65
    -----------------------------------------------------
    Total:                       91 690   42 935   64 618

dl7M_tlf.a: [2]
    abort.o                           6
    cppinit.o                        24
    dlmalloc.o                    5 344               496
    exit.o                            4
    heaptramp0.o                      4
    iar_Stoflt.o                    452
    iar_Stopfx.o                    290
    iar_Stoulx.o                    338       80
    iar_Stoxflt.o                   540
    isalpha.o                        20
    isspace.o                        20
    low_level_init.o                  4
    sprintf.o                        64
    strcat.o                         30
    tolower.o                        20
    xencoding_8859_1.o               30
    xfail_s.o                        64                 4
    xgetmemchunk.o                   44                 4
    xlocale_c.o                     180       43      128
    xmbcurmax.o                      10
    xprintffull.o                 3 910
    xsprout.o                        10
    -----------------------------------------------------
    Total:                       11 408      123      632

dlpp7M_tl_fc.a: [3]
    -----------------------------------------------------
    Total:

m7M_tls.a: [4]
    DblAdd.o                        378
    DblCmpGe.o                       46
    DblCmpLe.o                       46
    DblDiv.o                        582
    DblMul.o                        418
    DblSub.o                        226
    DblToFlt.o                      104
    DblToS32.o                       58
    DblToU32.o                       40
    FltToDbl.o                       72
    S32ToDbl.o                       34
    U32ToDbl.o                       26
    ceilf.o                          60
    floorf.o                         60
    fpinit_M.o                       34
    frexp.o                         112
    ldexp.o                         314
    lroundf.o                        46
    math_wrappers64.o                14
    sqrtf.o                          30
    strto64.o                     1 308       72
    -----------------------------------------------------
    Total:                        4 008       72

rt7M_tl.a: [5]
    ABImemclr4.o                      6
    ABImemcpy.o                     166
    ABImemset.o                     102
    ABImemset48.o                    50
    I64DivMod.o                     560
    cexit.o                          10
    cmain.o                          30
    cmain_call_ctors.o               32
    cstartup_M.o                     12
    data_init.o                      40
    lz77_init_single.o              122
    memchr.o                         88
    strchr.o                         22
    strcmp.o                         18
    strcpy.o                         24
    strlen.o                         54
    strncpy.o                       112
    zero_init3.o                     58
    -----------------------------------------------------
    Total:                        1 506

shb_l.a: [6]
    exit.o                           20
    unwind_debug.o                             1
    -----------------------------------------------------
    Total:                           20        1

    Gaps                             57        8
    Linker created                            37   24 576
---------------------------------------------------------
    Grand Total:                108 689   43 176   89 826


*******************************************************************************
*** ENTRY LIST
***

Entry                       Address    Size  Type      Object
-----                       -------    ----  ----      ------
.iar.init_table$$Base    0x803'411c           --   Gb  - Linker created -
.iar.init_table$$Limit   0x803'4140           --   Gb  - Linker created -
?main                    0x803'4259          Code  Gb  cmain.o [5]
AHBPrescTable            0x803'4a2c    0x10  Data  Gb  system_stm32f4xx.o [1]
APBPrescTable            0x803'4d84     0x8  Data  Gb  system_stm32f4xx.o [1]
Appli_state             0x2000'785d     0x1  Data  Gb  usb_host.o [1]
Appli_state_old         0x2000'784f     0x1  Data  Gb  main.o [1]
BusFault_Handler         0x803'352b     0x2  Code  Gb  stm32f4xx_it.o [1]
CFG_Init()               0x801'e3a9   0x11e  Code  Gb  config.o [1]
CFG_LoadFromFile(void *, void *)
                         0x801'e7f9   0x788  Code  Gb  config.o [1]
CFG_SaveConfig()         0x801'e62d    0x30  Code  Gb  config.o [1]
CFG_SaveMotor()          0x801'e5a3    0x2e  Code  Gb  config.o [1]
CFG_SaveTimers()         0x801'e691    0x2e  Code  Gb  config.o [1]
CFG_SetConfigDefault()   0x801'e5d1    0x5c  Code  Gb  config.o [1]
CFG_SetMotorDefault()    0x801'e4c9    0xda  Code  Gb  config.o [1]
CFG_SetTimersDefault()   0x801'e65d    0x34  Code  Gb  config.o [1]
CPLD_Init()              0x802'23b9     0x2  Code  Gb  cpld_utils.o [1]
CSTACK$$Base            0x2000'8a70           --   Gb  - Linker created -
CSTACK$$Limit           0x2000'ca70           --   Gb  - Linker created -
CacheMore                0x801'b469    0x24  Code  Lc  xlocale_c.o [2]
DMA1_Stream3_IRQHandler
                         0x803'353d     0xa  Code  Gb  stm32f4xx_it.o [1]
DMA1_Stream4_IRQHandler
                         0x803'3547     0xa  Code  Gb  stm32f4xx_it.o [1]
DMA2_Stream2_IRQHandler
                         0x803'3565     0xa  Code  Gb  stm32f4xx_it.o [1]
DMA2_Stream5_IRQHandler
                         0x803'356f     0xa  Code  Gb  stm32f4xx_it.o [1]
DMA2_Stream7_IRQHandler
                         0x803'355b     0xa  Code  Gb  stm32f4xx_it.o [1]
DMA_CalcBaseAndBitshift
                         0x801'a98f    0x30  Code  Lc  stm32f4xx_hal_dma.o [1]
DMA_CalcBaseAndBitshift::flagBitshiftOffset
                         0x803'4d7c     0x8  Data  Lc  stm32f4xx_hal_dma.o [1]
DMA_CheckFifoParam       0x801'a9cd    0x88  Code  Lc  stm32f4xx_hal_dma.o [1]
DMA_SetConfig            0x801'a961    0x2e  Code  Lc  stm32f4xx_hal_dma.o [1]
DTIME_GetDateTime(DATETIME_STRUCT *)
                         0x801'4dcf    0x76  Code  Gb  datetime.o [1]
DTIME_GetMinutes()       0x801'4db9    0x16  Code  Gb  datetime.o [1]
DeInitStateMachine       0x802'298d    0x66  Code  Lc  usbh_core.o [1]
DebugMon_Handler         0x803'3531     0x2  Code  Gb  stm32f4xx_it.o [1]
DeviceCode              0x2000'7842     0x2  Data  Gb  lcd_low.o [1]
Dtentox                  0x802'3279   0x190  Code  Lc  strto64.o [4]
EEPROM_Init()            0x801'ddc5    0xae  Code  Gb  eeprom.o [1]
EEPROM_ReadMemBuff(unsigned short, unsigned char *, unsigned short)
                         0x801'e0f1   0x14c  Code  Gb  eeprom.o [1]
EEPROM_WriteMemBuff(unsigned short, unsigned char *, unsigned short)
                         0x801'e255   0x12c  Code  Gb  eeprom.o [1]
EXTI0_IRQHandler         0x803'35a5     0xe  Code  Gb  stm32f4xx_it.o [1]
EXTI2_IRQHandler         0x803'35b3     0xe  Code  Gb  stm32f4xx_it.o [1]
Endstops::disable()      0x802'22f9    0x20  Code  Gb  motor.o [1]
Endstops::enable()       0x802'22a1    0x14  Code  Gb  motor.o [1]
Endstops::enabled       0x2000'033e     0x1  Data  Gb  z_endstops.o [1]
Endstops::hit_state     0x2000'785e     0x1  Data  Gb  z_endstops.o [1]
Endstops::init()         0x802'0479    0x2a  Code  Gb  z_endstops.o [1]
Endstops::live_state    0x2000'785f     0x1  Data  Gb  z_endstops.o [1]
Endstops::state()        0x802'22b5     0xc  Code  Gb  z_endstops.o [1]
Endstops::update()       0x802'04a3    0x9c  Code  Gb  z_endstops.o [1]
EndstopsInterrupt        0x802'0471     0x8  Code  Gb  z_endstops.o [1]
Error_Handler            0x801'cbf5     0x2  Code  Gb  main.o [1]
ExCvt                    0x803'35c0    0x80  Data  Lc  ff.o [1]
FATFS_DelFileExtensionUTF
                         0x801'ae8d    0x20  Code  Gb  fatfs.o [1]
FATFS_GetFileExtension   0x801'ade1    0x4a  Code  Gb  fatfs.o [1]
FATFS_GetFileExtensionUTF
                         0x801'ae2b    0x62  Code  Gb  fatfs.o [1]
FATFS_Init               0x801'ad75    0x1c  Code  Gb  fatfs.o [1]
FATFS_LinkDriver         0x801'ce91     0xa  Code  Gb  ff_gen_drv.o [1]
FATFS_LinkDriverEx       0x801'ce4d    0x44  Code  Gb  ff_gen_drv.o [1]
FLASH_SPIEnable          0x801'b17f   0x188  Code  Gb  fst_spi.o [1]
FLASH_SPIGetSpeed        0x801'b323     0xc  Code  Gb  fst_spi.o [1]
FLASH_SPIInit            0x801'b11b    0x64  Code  Gb  fst_spi.o [1]
FLASH_SPIReadBuff        0x801'b355    0x40  Code  Gb  fst_spi.o [1]
FLASH_SPIReadBuffDMA     0x801'b395    0x36  Code  Gb  fst_spi.o [1]
FLASH_SPISetSpeed        0x801'b307    0x1c  Code  Gb  fst_spi.o [1]
FLASH_SPIWriteReadByte   0x801'b32f    0x26  Code  Gb  fst_spi.o [1]
FPWS_DrawPreview(FIL *, TG_RECT *)
                         0x802'e279   0x274  Code  Gb  files_pws.o [1]
FPWS_GetPreviewDataOffset()
                         0x802'e257    0x12  Code  Gb  files_pws.o [1]
FPWS_GetPreviewHeight()
                         0x802'e271     0x8  Code  Gb  files_pws.o [1]
FPWS_GetPreviewWidth()   0x802'e269     0x8  Code  Gb  files_pws.o [1]
FPWS_ReadFileInfo(FIL *)
                         0x802'e171    0xe6  Code  Gb  files_pws.o [1]
FSMC_Initialized        0x2000'77c0     0x4  Data  Lc  fsmc.o [1]
FSMC_NORSRAM_Extended_Timing_Init
                         0x801'd6f1    0x40  Code  Gb  stm32f4xx_ll_fsmc.o [1]
FSMC_NORSRAM_Init        0x801'd655    0x58  Code  Gb  stm32f4xx_ll_fsmc.o [1]
FSMC_NORSRAM_Timing_Init
                         0x801'd6ad    0x44  Code  Gb  stm32f4xx_ll_fsmc.o [1]
FatFs                   0x2000'77b4     0x8  Data  Lc  ff.o [1]
Fsid                    0x2000'7840     0x2  Data  Lc  ff.o [1]
GPIO_Init                0x801'd76d   0x28c  Code  Gb  gpio.o [1]
HAL_DMA_GetState         0x801'a95b     0x6  Code  Gb  stm32f4xx_hal_dma.o [1]
HAL_DMA_IRQHandler       0x801'a751   0x20a  Code  Gb  stm32f4xx_hal_dma.o [1]
HAL_DMA_Init             0x801'a5fd    0xe0  Code  Gb  stm32f4xx_hal_dma.o [1]
HAL_DMA_Start_IT         0x801'a6dd    0x74  Code  Gb  stm32f4xx_hal_dma.o [1]
HAL_Delay                0x801'a4c1    0x28  Code  Wk  stm32f4xx_hal.o [1]
HAL_FSMC_MspInit         0x801'a56b    0x70  Code  Gb  fsmc.o [1]
HAL_GPIO_EXTI_IRQHandler
                         0x801'cdef    0x1c  Code  Gb  stm32f4xx_hal_gpio.o [1]
HAL_GPIO_Init            0x801'cbf9   0x1d0  Code  Gb  stm32f4xx_hal_gpio.o [1]
HAL_GPIO_ReadPin         0x801'cdc9    0x12  Code  Gb  stm32f4xx_hal_gpio.o [1]
HAL_GPIO_WritePin        0x801'cddb    0x14  Code  Gb  stm32f4xx_hal_gpio.o [1]
HAL_GetTick              0x801'b41d     0xc  Code  Wk  stm32f4xx_hal.o [1]
HAL_HCD_Connect_Callback
                         0x802'3ad7     0xc  Code  Gb  usbh_conf.o [1]
HAL_HCD_Disconnect_Callback
                         0x802'3ae3     0xc  Code  Gb  usbh_conf.o [1]
HAL_HCD_GetCurrentFrame
                         0x802'4e01     0xa  Code  Gb  stm32f4xx_hal_hcd.o [1]
HAL_HCD_GetCurrentSpeed
                         0x802'4e0b     0xa  Code  Gb  stm32f4xx_hal_hcd.o [1]
HAL_HCD_HC_GetURBState   0x802'4de7     0xe  Code  Gb  stm32f4xx_hal_hcd.o [1]
HAL_HCD_HC_GetXferCount
                         0x802'4df5     0xc  Code  Gb  stm32f4xx_hal_hcd.o [1]
HAL_HCD_HC_Halt          0x802'4a31    0x2c  Code  Gb  stm32f4xx_hal_hcd.o [1]
HAL_HCD_HC_Init          0x802'4967    0xca  Code  Gb  stm32f4xx_hal_hcd.o [1]
HAL_HCD_HC_NotifyURBChange_Callback
                         0x802'3aef     0x2  Code  Gb  usbh_conf.o [1]
HAL_HCD_HC_SubmitRequest
                         0x802'4a5d   0x1f8  Code  Gb  stm32f4xx_hal_hcd.o [1]
HAL_HCD_IRQHandler       0x802'4c55   0x134  Code  Gb  stm32f4xx_hal_hcd.o [1]
HAL_HCD_Init             0x802'48f1    0x76  Code  Gb  stm32f4xx_hal_hcd.o [1]
HAL_HCD_MspInit          0x802'3a49    0x82  Code  Gb  usbh_conf.o [1]
HAL_HCD_PortDisabled_Callback
                         0x802'3afd     0xc  Code  Gb  usbh_conf.o [1]
HAL_HCD_PortEnabled_Callback
                         0x802'3af1     0xc  Code  Gb  usbh_conf.o [1]
HAL_HCD_ResetPort        0x802'4ddd     0xa  Code  Gb  stm32f4xx_hal_hcd.o [1]
HAL_HCD_SOF_Callback     0x802'3acb     0xc  Code  Gb  usbh_conf.o [1]
HAL_HCD_Start            0x802'4d89    0x2e  Code  Gb  stm32f4xx_hal_hcd.o [1]
HAL_HCD_Stop             0x802'4db7    0x26  Code  Gb  stm32f4xx_hal_hcd.o [1]
HAL_I2C_Init             0x802'0121   0x1d0  Code  Gb  stm32f4xx_hal_i2c.o [1]
HAL_IncTick              0x801'4c99    0x58  Code  Gb  sys_timer.o [1]
HAL_Init                 0x801'd739    0x30  Code  Gb  stm32f4xx_hal.o [1]
HAL_InitTick             0x802'0075    0x4c  Code  Wk  stm32f4xx_hal.o [1]
HAL_MspInit              0x802'00c1    0x40  Code  Gb  stm32f4xx_hal_msp.o [1]
HAL_NVIC_EnableIRQ       0x801'ab4d     0xa  Code  Gb  stm32f4xx_hal_cortex.o [1]
HAL_NVIC_SetPriority     0x801'ab2b    0x22  Code  Gb  stm32f4xx_hal_cortex.o [1]
HAL_NVIC_SetPriorityGrouping
                         0x801'ab23     0x8  Code  Gb  stm32f4xx_hal_cortex.o [1]
HAL_RCCEx_PeriphCLKConfig
                         0x801'ff11   0x12c  Code  Gb  stm32f4xx_hal_rcc_ex.o [1]
HAL_RCC_ClockConfig      0x801'fd1d   0x13a  Code  Gb  stm32f4xx_hal_rcc.o [1]
HAL_RCC_GetHCLKFreq      0x801'fe57     0x6  Code  Gb  stm32f4xx_hal_rcc.o [1]
HAL_RCC_GetPCLK1Freq     0x801'fe5d    0x16  Code  Gb  stm32f4xx_hal_rcc.o [1]
HAL_RCC_GetSysClockFreq
                         0x801'fe91    0x80  Code  Wk  stm32f4xx_hal_rcc.o [1]
HAL_RCC_OscConfig        0x801'f969   0x3b4  Code  Wk  stm32f4xx_hal_rcc.o [1]
HAL_RTC_GetDate          0x801'9473    0x4e  Code  Gb  stm32f4xx_hal_rtc.o [1]
HAL_RTC_GetTime          0x801'932b    0x62  Code  Gb  stm32f4xx_hal_rtc.o [1]
HAL_RTC_Init             0x801'9159    0xcc  Code  Gb  stm32f4xx_hal_rtc.o [1]
HAL_RTC_SetDate          0x801'938d    0xe6  Code  Gb  stm32f4xx_hal_rtc.o [1]
HAL_RTC_SetTime          0x801'9225   0x106  Code  Gb  stm32f4xx_hal_rtc.o [1]
HAL_RTC_WaitForSynchro   0x801'94cd    0x36  Code  Gb  stm32f4xx_hal_rtc.o [1]
HAL_SPI_Init             0x801'cea1    0xca  Code  Gb  stm32f4xx_hal_spi.o [1]
HAL_SPI_Receive_DMA      0x801'cf91   0x106  Code  Gb  stm32f4xx_hal_spi.o [1]
HAL_SPI_TransmitReceive_DMA
[...]
                         0x801'4b51   0x13a  Code  Gb  tgui_messagebox.o [1]
_tgui_MsgBoxPaint()      0x801'4945   0x20c  Code  Gb  tgui_messagebox.o [1]
_tgui_MsgBoxProcess()    0x801'4875    0xd0  Code  Gb  tgui_messagebox.o [1]
_tgui_MsgBoxShow(MSGBOXTYPE, char *, char *, void (*)(void *, void *), void (*)(void *, void *))
                         0x801'4551   0x324  Code  Gb  tgui_messagebox.o [1]
_tgui_NumenterACPress(void *, void *)
                         0x803'213d    0x66  Code  Gb  tgui_numenterscreenfuncs.o [1]
_tgui_NumenterDelPress(void *, void *)
                         0x803'201d    0x84  Code  Gb  tgui_numenterscreenfuncs.o [1]
_tgui_NumenterDigiScreenPaint(void *, void *)
                         0x803'1ed1    0x9e  Code  Gb  tgui_numenterscreenfuncs.o [1]
_tgui_NumenterDotPress(void *, void *)
                         0x803'20a1    0x96  Code  Gb  tgui_numenterscreenfuncs.o [1]
_tgui_NumenterNumbersPress(void *, void *)
                         0x803'1f6f    0xa6  Code  Gb  tgui_numenterscreenfuncs.o [1]
_tgui_ScreenTimeInit()   0x801'3991    0x24  Code  Gb  tgui_defaultfuncs.o [1]
_tgui_ScreenTimePaint(void *, void *)
                         0x801'39f3    0xc4  Code  Gb  tgui_defaultfuncs.o [1]
_tgui_ScreenTimeProcess(void *, void *)
                         0x801'39b5    0x3e  Code  Gb  tgui_defaultfuncs.o [1]
_tgui_ScreenTimeProcess(void *, void *)::minutes
                        0x2000'7855     0x1  Data  Lc  tgui_defaultfuncs.o [1]
_tgui_SettingsBuzzerButtonPress(void *, void *)
                         0x803'23d5    0x1c  Code  Gb  tgui_settingsscreenfuncs.o [1]
_tgui_SettingsItemButtonPaint(void *, void *)
                         0x803'21c9   0x1ca  Code  Gb  tgui_settingsscreenfuncs.o [1]
_tgui_SettingsPauseliftButtonPress(void *, void *)
                         0x803'23c3    0x12  Code  Gb  tgui_settingsscreenfuncs.o [1]
_tgui_SettingsSaveButtonPress(void *, void *)
                         0x803'2393    0x30  Code  Gb  tgui_settingsscreenfuncs.o [1]
_tgui_StartHoming(void *, void *)
                         0x801'f519    0x14  Code  Gb  tgui_movezscreenfuncs.o [1]
_touch_ReadCoords        0x801'8e75    0xc8  Code  Gb  touch.o [1]
_touch_RefreshState      0x801'8f3d   0x126  Code  Gb  touch.o [1]
abort                    0x801'd49b     0x6  Code  Gb  abort.o [2]
activefilelist          0x2000'7857     0x1  Data  Gb  tgui_filesscreenfuncs.o [1]
add_segment              0x802'a1b1   0x1f2  Code  Lc  dlmalloc.o [2]
atof                     0x802'35f1     0x8  Code  Gb  strto64.o [4]
atoi                     0x802'045d     0x2  Code  Gb  iar_Stoulx.o [2]
ceilf                    0x802'368d          Code  Gb  ceilf.o [4]
cfgCFileName            0x2000'628c   0x200  Data  Gb  config.o [1]
cfgConfig               0x2000'7738    0x18  Data  Gb  config.o [1]
cfgTFileName            0x2000'360c   0x400  Data  Gb  config.o [1]
cfgTimers               0x2000'7700    0x1c  Data  Gb  config.o [1]
cfgzMotor               0x2000'733c    0x50  Data  Gb  config.o [1]
cfname                  0x2000'420c   0x400  Data  Gb  main.o [1]
check_fs                 0x801'73d5    0x76  Code  Lc  ff.o [1]
chk_chr                  0x801'5faf    0x14  Code  Lc  ff.o [1]
clngLangEng              0x803'2fec   0x10c  Data  Lc  languages.o [1]
clngLangRus              0x803'30f8   0x10c  Data  Lc  languages.o [1]
clst2sect                0x801'61a3    0x1a  Code  Lc  ff.o [1]
cmd                     0x2000'77bc     0x4  Data  Gb  cpld_utils.o [1]
cmp_lfn                  0x801'689d    0xa0  Code  Lc  ff.o [1]
create_chain             0x801'64b1   0x130  Code  Lc  ff.o [1]
create_name              0x801'7061   0x286  Code  Lc  ff.o [1]
create_partition         0x801'824f   0x1a8  Code  Lc  ff.o [1]
currdir                 0x2000'008c   0x200  Data  Gb  tgui_filesscreenfuncs.o [1]
d                       0x2000'77d0     0x4  Data  Gb  spi_flash.o [1]
dbc_1st                  0x801'5fc3     0xe  Code  Lc  ff.o [1]
dbc_2nd                  0x801'5fd1     0xe  Code  Lc  ff.o [1]
ddiv                     0x802'31a5    0xc4  Code  Lc  strto64.o [4]
digits                   0x803'3a20    0x28  Data  Lc  iar_Stoulx.o [2]
dir                     0x2000'745c    0x34  Data  Gb  main.o [1]
dir_alloc                0x801'67e9    0x64  Code  Lc  ff.o [1]
dir_clear                0x801'65e1    0x64  Code  Lc  ff.o [1]
dir_find                 0x801'6c1b   0x118  Code  Lc  ff.o [1]
dir_next                 0x801'66f7    0xf2  Code  Lc  ff.o [1]
dir_read                 0x801'6b1b   0x100  Code  Lc  ff.o [1]
dir_register             0x801'6d33   0x166  Code  Lc  ff.o [1]
dir_sdi                  0x801'6645    0xb2  Code  Lc  ff.o [1]
disk                    0x2000'7778    0x10  Data  Gb  ff_gen_drv.o [1]
disk_initialize          0x801'ab9f    0x32  Code  Gb  diskio.o [1]
disk_ioctl               0x801'ac0d    0x20  Code  Gb  diskio.o [1]
disk_read                0x801'abd1    0x1e  Code  Gb  diskio.o [1]
disk_status              0x801'ab81    0x1e  Code  Gb  diskio.o [1]
disk_write               0x801'abef    0x1e  Code  Gb  diskio.o [1]
dmul                     0x802'30dd    0xc6  Code  Lc  strto64.o [4]
dot_entered             0x2000'785c     0x1  Data  Gb  tgui_numenterscreenfuncs.o [1]
enter_begin             0x2000'785b     0x1  Data  Gb  tgui_numenterscreenfuncs.o [1]
exit                     0x803'427b     0x4  Code  Gb  exit.o [2]
fMoveStep               0x2000'028c     0x4  Data  Gb  tgui_movezscreenfuncs.o [1]
f_close                  0x801'7e7b    0x2a  Code  Gb  ff.o [1]
f_closedir               0x801'80d7    0x1c  Code  Gb  ff.o [1]
f_getfree                0x801'814f   0x100  Code  Gb  ff.o [1]
f_lseek                  0x801'7ea5   0x1aa  Code  Gb  ff.o [1]
f_mkfs                   0x801'83f7   0x692  Code  Gb  ff.o [1]
f_mkfs::cst              0x803'495c    0x10  Data  Lc  ff.o [1]
f_mkfs::cst32            0x803'496c    0x10  Data  Lc  ff.o [1]
f_mkfs::defopt           0x803'497c    0x10  Data  Lc  ff.o [1]
f_mount                  0x801'7767    0x54  Code  Gb  ff.o [1]
f_open                   0x801'77dd   0x21a  Code  Gb  ff.o [1]
f_opendir                0x801'804f    0x88  Code  Gb  ff.o [1]
f_read                   0x801'79f7   0x1cc  Code  Gb  ff.o [1]
f_readdir                0x801'80f3    0x5c  Code  Gb  ff.o [1]
f_sync                   0x801'7ddb    0xa0  Code  Gb  ff.o [1]
f_write                  0x801'7bc3   0x218  Code  Gb  ff.o [1]
fbuff                   0x1000'0000  0x4000  Data  Gb  main.o [1]
ff_oem2uni               0x801'ac77    0x3a  Code  Gb  ffunicode.o [1]
ff_uni2oem               0x801'ac31    0x46  Code  Gb  ffunicode.o [1]
ff_wtoupper              0x801'acb1    0xb6  Code  Gb  ffunicode.o [1]
ff_wtoupper::cvt1        0x803'2408   0x1f4  Data  Lc  ffunicode.o [1]
ff_wtoupper::cvt2        0x803'33cc    0xbc  Data  Lc  ffunicode.o [1]
files                   0x2000'23b0   0x830  Data  Gb  tgui_filesscreenfuncs.o [1]
find_volume              0x801'7451    0x6c  Code  Lc  ff.o [1]
finfo                   0x2000'6068   0x224  Data  Gb  main.o [1]
floorf                   0x802'3775          Code  Gb  floorf.o [4]
fnt12_data               0x803'0898   0x6b4  Data  Gb  fnt12.o [1]
fnt12_width              0x803'2740   0x140  Data  Gb  fnt12.o [1]
fnt12bold_data           0x803'0110   0x788  Data  Gb  fnt12bold.o [1]
fnt12bold_width          0x803'2880   0x140  Data  Gb  fnt12bold.o [1]
fnt18_data               0x802'c3bc   0xea4  Data  Gb  fnt18.o [1]
fnt18_width              0x803'29c0   0x140  Data  Gb  fnt18.o [1]
fnt18bold_data           0x802'b2f4  0x10c8  Data  Gb  fnt18bold.o [1]
fnt18bold_width          0x803'2b00   0x140  Data  Gb  fnt18bold.o [1]
fnt24_data               0x802'848c  0x195c  Data  Gb  fnt24.o [1]
fnt24_width              0x803'2c40   0x140  Data  Gb  fnt24.o [1]
fnt24bold_data           0x802'63f8  0x2094  Data  Gb  fnt24bold.o [1]
fnt24bold_width          0x803'2d80   0x140  Data  Gb  fnt24bold.o [1]
fnt36num_data            0x803'0f4c   0x684  Data  Gb  fnt36num.o [1]
fnt36num_lcd_data        0x803'15d0   0x66c  Data  Gb  fnt36num_lcd.o [1]
fnt36num_lcd_width       0x803'3c3c    0x38  Data  Gb  fnt36num_lcd.o [1]
fnt36num_width           0x803'3c04    0x38  Data  Gb  fnt36num.o [1]
fnt48num_lcd_data        0x802'e50c   0xbcc  Data  Gb  fnt48num_lcd.o [1]
fnt48num_lcd_width       0x803'3c74    0x38  Data  Gb  fnt48num_lcd.o [1]
follow_path              0x801'72ed    0x9a  Code  Lc  ff.o [1]
font_fnt12              0x2000'0000     0xc  Data  Gb  fnt12.o [1]
font_fnt12bold          0x2000'000c     0xc  Data  Gb  fnt12bold.o [1]
font_fnt18              0x2000'0018     0xc  Data  Gb  fnt18.o [1]
font_fnt18bold          0x2000'0024     0xc  Data  Gb  fnt18bold.o [1]
font_fnt24              0x2000'0030     0xc  Data  Gb  fnt24.o [1]
font_fnt24bold          0x2000'003c     0xc  Data  Gb  fnt24bold.o [1]
font_fnt36num           0x2000'0048     0xc  Data  Gb  fnt36num.o [1]
font_fnt36num_lcd       0x2000'0054     0xc  Data  Gb  fnt36num_lcd.o [1]
font_fnt48num_lcd       0x2000'0060     0xc  Data  Gb  fnt48num_lcd.o [1]
fpws_header             0x2000'7490    0x30  Data  Gb  files_pws.o [1]
fpws_info               0x2000'72e8    0x54  Data  Gb  files_pws.o [1]
fpws_preview            0x2000'771c    0x1c  Data  Gb  files_pws.o [1]
free                     0x802'fd21     0x4  Code  Gb  heaptramp0.o [2]
gen_numname              0x801'6a59    0xa2  Code  Lc  ff.o [1]
get_fat                  0x801'61bd   0x10a  Code  Lc  ff.o [1]
get_fattime              0x801'ad91    0x50  Code  Gb  fatfs.o [1]
get_fileinfo             0x801'6e99   0x1c8  Code  Lc  ff.o [1]
get_ldnumber             0x801'7387    0x4e  Code  Lc  ff.o [1]
hFlashSpi               0x2000'6fd4    0x80  Data  Gb  fst_spi.o [1]
hFlashSpiDmaRx          0x2000'7174    0x60  Data  Gb  fst_spi.o [1]
hFlashSpiDmaTx          0x2000'71d4    0x60  Data  Gb  fst_spi.o [1]
hI2C                    0x2000'7294    0x54  Data  Gb  eeprom.o [1]
hLcdDma                 0x2000'7234    0x60  Data  Gb  lcd_low.o [1]
hRTC                    0x2000'76c0    0x20  Data  Gb  rtc.o [1]
hStepperTim             0x2000'73dc    0x40  Data  Gb  tim.o [1]
hTouchSpi               0x2000'6f54    0x80  Data  Gb  fst_spi.o [1]
hTouchSpiDmaRx          0x2000'7054    0x60  Data  Gb  fst_spi.o [1]
hTouchSpiDmaTx          0x2000'70b4    0x60  Data  Gb  fst_spi.o [1]
hUsbHost                0x2000'4a0c   0x3d8  Data  Gb  usb_host.o [1]
hZRefTim                0x2000'741c    0x40  Data  Gb  tim.o [1]
hhcd_USB_OTG_FS         0x2000'5b58   0x2c4  Data  Gb  usbh_conf.o [1]
hsram1                  0x2000'738c    0x50  Data  Gb  fsmc.o [1]
i2c_timer               0x2000'784c     0x1  Data  Gb  eeprom.o [1]
idle()                   0x801'f029     0xa  Code  Gb  motor.o [1]
idle()::idlecount       0x2000'77c4     0x4  Data  Lc  motor.o [1]
init_mparams             0x802'9e03    0x32  Code  Lc  dlmalloc.o [2]
init_top                 0x802'9e35    0x36  Code  Lc  dlmalloc.o [2]
isalpha                  0x802'5a21    0x14  Code  Gb  isalpha.o [2]
isspace                  0x802'35f9    0x14  Code  Gb  isspace.o [2]
lastfilenum             0x2000'033d     0x1  Data  Gb  tgui_filesscreenfuncs.o [1]
lcdui_bgcolor           0x2000'7848     0x2  Data  Gb  lcd_ui.o [1]
lcdui_color             0x2000'0338     0x2  Data  Gb  lcd_ui.o [1]
lcdui_current_font      0x2000'0080     0x4  Data  Gb  lcd_ui.o [1]
lcdui_current_font_type
                        0x2000'033a     0x1  Data  Gb  lcd_ui.o [1]
lcdui_cursor_x          0x2000'7844     0x2  Data  Gb  lcd_ui.o [1]
lcdui_cursor_y          0x2000'7846     0x2  Data  Gb  lcd_ui.o [1]
lcdui_height            0x2000'0336     0x2  Data  Gb  lcd_ui.o [1]
lcdui_width             0x2000'0334     0x2  Data  Gb  lcd_ui.o [1]
ld_clust                 0x801'684d    0x26  Code  Lc  ff.o [1]
ld_dword                 0x801'5f35    0x16  Code  Lc  ff.o [1]
ld_word                  0x801'5f29     0xc  Code  Lc  ff.o [1]
ldexp                    0x801'ba75          Code  Gb  ldexp.o [4]
ldexpl                   0x801'ba75          Code  Gb  ldexp.o [4]
lngCurrent              0x2000'007c     0x4  Data  Gb  languages.o [1]
lngLanguages            0x2000'006c    0x10  Data  Gb  languages.o [1]
localeconv               0x801'b4d1     0x4  Code  Gb  xlocale_c.o [2]
lroundf                  0x802'3929          Code  Gb  lroundf.o [4]
main                     0x801'bfe5   0xa7a  Code  Gb  main.o [1]
mem_cmp                  0x801'5f91    0x1e  Code  Lc  ff.o [1]
mem_cpy                  0x801'5f71    0x14  Code  Lc  ff.o [1]
mem_set                  0x801'5f85     0xc  Code  Lc  ff.o [1]
memchr                   0x801'b56d          Code  Gb  memchr.o [5]
mount_volume             0x801'74bd   0x262  Code  Lc  ff.o [1]
move_window              0x801'60d1    0x3e  Code  Lc  ff.o [1]
mparams                 0x2000'7750    0x18  Data  Lc  dlmalloc.o [2]
msg                     0x2000'668c   0x200  Data  Gb  main.o [1]
ndigs                    0x803'39f8    0x28  Data  Lc  iar_Stoulx.o [2]
nomorefiles             0x2000'7859     0x1  Data  Gb  tgui_filesscreenfuncs.o [1]
numstr                  0x2000'76e0    0x20  Data  Gb  tgui_numenterscreenfuncs.o [1]
numstr_len              0x2000'785a     0x1  Data  Gb  tgui_numenterscreenfuncs.o [1]
oldUsbMounted           0x2000'7856     0x1  Data  Gb  tgui_filesscreenfuncs.o [1]
pfile_type              0x2000'7854     0x1  Data  Gb  prtfiles.o [1]
pick_lfn                 0x801'693d    0x90  Code  Lc  ff.o [1]
pows                     0x803'3a48    0x48  Data  Lc  strto64.o [4]
prepend_alloc            0x802'9e6b   0x346  Code  Lc  dlmalloc.o [2]
prt_file                0x2000'77c8     0x4  Data  Gb  prtfiles.o [1]
put_fat                  0x801'62c7   0x15c  Code  Lc  ff.o [1]
put_lfn                  0x801'69cd    0x84  Code  Lc  ff.o [1]
put_utf                  0x801'6025    0x5c  Code  Lc  ff.o [1]
remove_chain             0x801'6423    0x8e  Code  Lc  ff.o [1]
retSPIFL                0x2000'784e     0x1  Data  Gb  fatfs.o [1]
retUSBH                 0x2000'784d     0x1  Data  Gb  fatfs.o [1]
s_tfname                0x2000'3e0c   0x400  Data  Gb  main.o [1]
scalbln                  0x801'ba75          Code  Gb  ldexp.o [4]
scalblnl                 0x801'ba75          Code  Gb  ldexp.o [4]
scalbn                   0x801'ba75          Code  Gb  ldexp.o [4]
scalbnl                  0x801'ba75          Code  Gb  ldexp.o [4]
scale                    0x801'9d47    0x46  Code  Lc  xprintffull.o [2]
scrTimeTimer            0x2000'033c     0x1  Data  Gb  tgui_defaultfuncs.o [1]
sec_hand                0x2000'7838     0x4  Data  Lc  xfail_s.o [2]
segment_holding          0x802'9de9    0x1a  Code  Lc  dlmalloc.o [2]
sfile                   0x1000'5028  0x1028  Data  Gb  main.o [1]
sprintf                  0x801'4e4d    0x40  Code  Gb  sprintf.o [2]
sqrtf                    0x802'3879          Code  Gb  sqrtf.o [4]
srvMode                 0x2000'7853     0x1  Data  Gb  main.o [1]
st_clust                 0x801'6873    0x2a  Code  Lc  ff.o [1]
st_dword                 0x801'5f59    0x18  Code  Lc  ff.o [1]
st_word                  0x801'5f4b     0xe  Code  Lc  ff.o [1]
strcat                   0x802'e151    0x1e  Code  Gb  strcat.o [2]
strchr                   0x801'b4dd          Code  Gb  strchr.o [5]
strcmp                   0x801'f3bd          Code  Gb  strcmp.o [5]
strcpy                   0x802'e139          Code  Gb  strcpy.o [5]
strcpy_utf(char *, char *)
                         0x801'8ce1    0x28  Code  Gb  unicode_utils.o [1]
strlen                   0x801'b535          Code  Gb  strlen.o [5]
strncpy                  0x801'90e9          Code  Gb  strncpy.o [5]
strtoul                  0x802'0469     0x2  Code  Gb  iar_Stoulx.o [2]
strtrim(char *)          0x801'8d9b    0x5e  Code  Gb  unicode_utils.o [1]
strupper_utf(char *)     0x801'8df9    0x5e  Code  Gb  unicode_utils.o [1]
subdir                  0x2000'7858     0x1  Data  Gb  tgui_filesscreenfuncs.o [1]
sum_sfn                  0x801'6afb    0x20  Code  Lc  ff.o [1]
sync_fs                  0x801'610f    0x94  Code  Lc  ff.o [1]
sync_window              0x801'6081    0x50  Code  Lc  ff.o [1]
sys_alloc                0x802'a3a9   0x164  Code  Lc  dlmalloc.o [2]
sys_trim                 0x802'a50d    0x64  Code  Lc  dlmalloc.o [2]
systemInfo              0x2000'7768    0x10  Data  Gb  config.o [1]
tchar2uni                0x801'5fdf    0x46  Code  Lc  ff.o [1]
tfname                  0x1000'7078   0x400  Data  Gb  tgui.o [1]
tguiActiveScreen        0x2000'77dc     0x4  Data  Gb  tgui.o [1]
tguiDBuff               0x2000'786c  0x1000  Data  Gb  tgui.o [1]
tguiDefaultConfig       0x2000'7670    0x28  Data  Gb  tgui.o [1]
tguiFBuff               0x2000'886c   0x200  Data  Gb  tgui.o [1]
tguiFile                0x1000'6050  0x1028  Data  Gb  tgui.o [1]
tguiMsgBox              0x2000'5180   0x348  Data  Gb  tgui.o [1]
tguiScrFilesButtons     0x2000'5810   0x348  Data  Gb  tgui.o [1]
tguiScrFilesListButtons
                        0x2000'3174   0x498  Data  Gb  tgui.o [1]
tguiScrInfoButtons      0x2000'4de4   0x39c  Data  Gb  tgui.o [1]
tguiScrLanguageButtons  0x2000'6e58    0xfc  Data  Gb  tgui.o [1]
tguiScrMainButtons      0x2000'6c08   0x150  Data  Gb  tgui.o [1]
tguiScrMovezButtons     0x2000'54c8   0x348  Data  Gb  tgui.o [1]
tguiScrNumenterButtons  0x2000'2be0   0x594  Data  Gb  tgui.o [1]
tguiScrServiceButtons   0x2000'6a64   0x1a4  Data  Gb  tgui.o [1]
tguiScrSettingsButtons  0x2000'5e1c   0x24c  Data  Gb  tgui.o [1]
tguiScreenFiles         0x2000'75b0    0x30  Data  Gb  tgui.o [1]
tguiScreenFilesList     0x2000'75e0    0x30  Data  Gb  tgui.o [1]
tguiScreenInfo          0x2000'7550    0x30  Data  Gb  tgui.o [1]
tguiScreenLanguage      0x2000'7520    0x30  Data  Gb  tgui.o [1]
tguiScreenMain          0x2000'74c0    0x30  Data  Gb  tgui.o [1]
tguiScreenMovez         0x2000'7580    0x30  Data  Gb  tgui.o [1]
tguiScreenNumenter      0x2000'7640    0x30  Data  Gb  tgui.o [1]
tguiScreenService       0x2000'74f0    0x30  Data  Gb  tgui.o [1]
tguiScreenSettings      0x2000'7610    0x30  Data  Gb  tgui.o [1]
tguiTimer               0x2000'7851     0x1  Data  Gb  main.o [1]
tmalloc_large            0x802'a57d   0x386  Code  Lc  dlmalloc.o [2]
tmalloc_small            0x802'a903   0x200  Code  Lc  dlmalloc.o [2]
tolower                  0x802'360d    0x14  Code  Gb  tolower.o [2]
touch_buff              0x2000'7114    0x60  Data  Gb  fst_spi.o [1]
touch_info              0x2000'7788    0x10  Data  Gb  touch.o [1]
touch_point             0x2000'77e0     0x4  Data  Gb  touch.o [1]
tstrcat(unsigned short *, unsigned short *)
                         0x801'8d2b    0x2c  Code  Gb  unicode_utils.o [1]
tstrcat_utf(unsigned short *, char *)
                         0x801'8d57    0x44  Code  Gb  unicode_utils.o [1]
tstrcpy(unsigned short *, unsigned short *)
                         0x801'8d09    0x22  Code  Gb  unicode_utils.o [1]
u_tfname                0x2000'3a0c   0x400  Data  Gb  main.o [1]
uc866                    0x803'3204   0x100  Data  Lc  ffunicode.o [1]
ufile                   0x1000'4000  0x1028  Data  Gb  main.o [1]
uwTick                  0x2000'77d4     0x4  Data  Gb  stm32f4xx_hal.o [1]
uwTickFreq              0x2000'033b     0x1  Data  Gb  stm32f4xx_hal.o [1]
uwTickPrio              0x2000'0084     0x4  Data  Gb  stm32f4xx_hal.o [1]
validate                 0x801'771f    0x48  Code  Lc  ff.o [1]
zHoldTimer              0x2000'7852     0x1  Data  Gb  main.o [1]
zPlanner                0x2000'7860     0x1  Data  Gb  z_planner.o [1]


[1] = D:\Electronics\Projects\MKS_DLP_new\SRC\firmware\MKSDLP_Alter_Debug\Obj
[2] = dl7M_tlf.a
[3] = dlpp7M_tl_fc.a
[4] = m7M_tls.a
[5] = rt7M_tl.a
[6] = shb_l.a

  108 689 bytes of readonly  code memory
   43 176 bytes of readonly  data memory
   89 826 bytes of readwrite data memory

Errors: none
Warnings: none
