###############################################################################
#
# IAR ELF Linker V8.32.1.169/W32 for ARM                  19/Sep/2020  00:28:51
# Copyright 2007-2018 IAR Systems AB.
#
#    Output file  =  
#        D:\Electronics\Projects\MKS_DLP_new\SRC\firmware\MKSDLP_Alter_debug\Exe\MKS_DLP_new.out
#    Map file     =  
#        D:\Electronics\Projects\MKS_DLP_new\SRC\firmware\MKSDLP_Alter_debug\List\MKS_DLP_new.map
#    Command line =  
#        -f C:\Temp\EWF04E.tmp
#        (D:\Electronics\Projects\MKS_DLP_new\SRC\firmware\MKSDLP_Alter_Debug\Obj\config.o
#        D:\Electronics\Projects\MKS_DLP_new\SRC\firmware\MKSDLP_Alter_Debug\Obj\cpld_utils.o
#        D:\Electronics\Projects\MKS_DLP_new\SRC\firmware\MKSDLP_Alter_Debug\Obj\datetime.o
#        D:\Electronics\Projects\MKS_DLP_new\SRC\firmware\MKSDLP_Alter_Debug\Obj\diskio.o
#        D:\Electronics\Projects\MKS_DLP_new\SRC\firmware\MKSDLP_Alter_Debug\Obj\eeprom.o
#        D:\Electronics\Projects\MKS_DLP_new\SRC\firmware\MKSDLP_Alter_Debug\Obj\fatfs.o
#        D:\Electronics\Projects\MKS_DLP_new\SRC\firmware\MKSDLP_Alter_Debug\Obj\ff.o
#        D:\Electronics\Projects\MKS_DLP_new\SRC\firmware\MKSDLP_Alter_Debug\Obj\ff_gen_drv.o
#        D:\Electronics\Projects\MKS_DLP_new\SRC\firmware\MKSDLP_Alter_Debug\Obj\ffsystem.o
#        D:\Electronics\Projects\MKS_DLP_new\SRC\firmware\MKSDLP_Alter_Debug\Obj\ffunicode.o
#        D:\Electronics\Projects\MKS_DLP_new\SRC\firmware\MKSDLP_Alter_Debug\Obj\files_pws.o
#        D:\Electronics\Projects\MKS_DLP_new\SRC\firmware\MKSDLP_Alter_Debug\Obj\fnt12.o
#        D:\Electronics\Projects\MKS_DLP_new\SRC\firmware\MKSDLP_Alter_Debug\Obj\fnt12bold.o
#        D:\Electronics\Projects\MKS_DLP_new\SRC\firmware\MKSDLP_Alter_Debug\Obj\fnt170num_lcd.o
#        D:\Electronics\Projects\MKS_DLP_new\SRC\firmware\MKSDLP_Alter_Debug\Obj\fnt18.o
#        D:\Electronics\Projects\MKS_DLP_new\SRC\firmware\MKSDLP_Alter_Debug\Obj\fnt18bold.o
#        D:\Electronics\Projects\MKS_DLP_new\SRC\firmware\MKSDLP_Alter_Debug\Obj\fnt24.o
#        D:\Electronics\Projects\MKS_DLP_new\SRC\firmware\MKSDLP_Alter_Debug\Obj\fnt24bold.o
#        D:\Electronics\Projects\MKS_DLP_new\SRC\firmware\MKSDLP_Alter_Debug\Obj\fnt36.o
#        D:\Electronics\Projects\MKS_DLP_new\SRC\firmware\MKSDLP_Alter_Debug\Obj\fnt36num.o
#        D:\Electronics\Projects\MKS_DLP_new\SRC\firmware\MKSDLP_Alter_Debug\Obj\fsmc.o
#        D:\Electronics\Projects\MKS_DLP_new\SRC\firmware\MKSDLP_Alter_Debug\Obj\fst_spi.o
#        D:\Electronics\Projects\MKS_DLP_new\SRC\firmware\MKSDLP_Alter_Debug\Obj\gpio.o
#        D:\Electronics\Projects\MKS_DLP_new\SRC\firmware\MKSDLP_Alter_Debug\Obj\languages.o
#        D:\Electronics\Projects\MKS_DLP_new\SRC\firmware\MKSDLP_Alter_Debug\Obj\lcd_low.o
#        D:\Electronics\Projects\MKS_DLP_new\SRC\firmware\MKSDLP_Alter_Debug\Obj\lcd_ui.o
#        D:\Electronics\Projects\MKS_DLP_new\SRC\firmware\MKSDLP_Alter_Debug\Obj\main.o
#        D:\Electronics\Projects\MKS_DLP_new\SRC\firmware\MKSDLP_Alter_Debug\Obj\motor.o
#        D:\Electronics\Projects\MKS_DLP_new\SRC\firmware\MKSDLP_Alter_Debug\Obj\printing.o
#        D:\Electronics\Projects\MKS_DLP_new\SRC\firmware\MKSDLP_Alter_Debug\Obj\prtfiles.o
#        D:\Electronics\Projects\MKS_DLP_new\SRC\firmware\MKSDLP_Alter_Debug\Obj\rtc.o
#        D:\Electronics\Projects\MKS_DLP_new\SRC\firmware\MKSDLP_Alter_Debug\Obj\spi_flash.o
#        D:\Electronics\Projects\MKS_DLP_new\SRC\firmware\MKSDLP_Alter_Debug\Obj\spifl_diskio.o
#        D:\Electronics\Projects\MKS_DLP_new\SRC\firmware\MKSDLP_Alter_Debug\Obj\ssd_utils.o
#        D:\Electronics\Projects\MKS_DLP_new\SRC\firmware\MKSDLP_Alter_Debug\Obj\startup_stm32f407xx.o
#        D:\Electronics\Projects\MKS_DLP_new\SRC\firmware\MKSDLP_Alter_Debug\Obj\stm32f4xx_hal.o
#        D:\Electronics\Projects\MKS_DLP_new\SRC\firmware\MKSDLP_Alter_Debug\Obj\stm32f4xx_hal_cortex.o
#        D:\Electronics\Projects\MKS_DLP_new\SRC\firmware\MKSDLP_Alter_Debug\Obj\stm32f4xx_hal_dma.o
#        D:\Electronics\Projects\MKS_DLP_new\SRC\firmware\MKSDLP_Alter_Debug\Obj\stm32f4xx_hal_dma_ex.o
#        D:\Electronics\Projects\MKS_DLP_new\SRC\firmware\MKSDLP_Alter_Debug\Obj\stm32f4xx_hal_exti.o
#        D:\Electronics\Projects\MKS_DLP_new\SRC\firmware\MKSDLP_Alter_Debug\Obj\stm32f4xx_hal_flash.o
#        D:\Electronics\Projects\MKS_DLP_new\SRC\firmware\MKSDLP_Alter_Debug\Obj\stm32f4xx_hal_flash_ex.o
#        D:\Electronics\Projects\MKS_DLP_new\SRC\firmware\MKSDLP_Alter_Debug\Obj\stm32f4xx_hal_flash_ramfunc.o
#        D:\Electronics\Projects\MKS_DLP_new\SRC\firmware\MKSDLP_Alter_Debug\Obj\stm32f4xx_hal_gpio.o
#        D:\Electronics\Projects\MKS_DLP_new\SRC\firmware\MKSDLP_Alter_Debug\Obj\stm32f4xx_hal_hcd.o
#        D:\Electronics\Projects\MKS_DLP_new\SRC\firmware\MKSDLP_Alter_Debug\Obj\stm32f4xx_hal_i2c.o
#        D:\Electronics\Projects\MKS_DLP_new\SRC\firmware\MKSDLP_Alter_Debug\Obj\stm32f4xx_hal_msp.o
#        D:\Electronics\Projects\MKS_DLP_new\SRC\firmware\MKSDLP_Alter_Debug\Obj\stm32f4xx_hal_pwr.o
#        D:\Electronics\Projects\MKS_DLP_new\SRC\firmware\MKSDLP_Alter_Debug\Obj\stm32f4xx_hal_pwr_ex.o
#        D:\Electronics\Projects\MKS_DLP_new\SRC\firmware\MKSDLP_Alter_Debug\Obj\stm32f4xx_hal_rcc.o
#        D:\Electronics\Projects\MKS_DLP_new\SRC\firmware\MKSDLP_Alter_Debug\Obj\stm32f4xx_hal_rcc_ex.o
#        D:\Electronics\Projects\MKS_DLP_new\SRC\firmware\MKSDLP_Alter_Debug\Obj\stm32f4xx_hal_rtc.o
#        D:\Electronics\Projects\MKS_DLP_new\SRC\firmware\MKSDLP_Alter_Debug\Obj\stm32f4xx_hal_rtc_ex.o
#        D:\Electronics\Projects\MKS_DLP_new\SRC\firmware\MKSDLP_Alter_Debug\Obj\stm32f4xx_hal_spi.o
#        D:\Electronics\Projects\MKS_DLP_new\SRC\firmware\MKSDLP_Alter_Debug\Obj\stm32f4xx_hal_sram.o
#        D:\Electronics\Projects\MKS_DLP_new\SRC\firmware\MKSDLP_Alter_Debug\Obj\stm32f4xx_hal_tim.o
#        D:\Electronics\Projects\MKS_DLP_new\SRC\firmware\MKSDLP_Alter_Debug\Obj\stm32f4xx_hal_tim_ex.o
#        D:\Electronics\Projects\MKS_DLP_new\SRC\firmware\MKSDLP_Alter_Debug\Obj\stm32f4xx_it.o
#        D:\Electronics\Projects\MKS_DLP_new\SRC\firmware\MKSDLP_Alter_Debug\Obj\stm32f4xx_ll_fsmc.o
#        D:\Electronics\Projects\MKS_DLP_new\SRC\firmware\MKSDLP_Alter_Debug\Obj\stm32f4xx_ll_usb.o
#        D:\Electronics\Projects\MKS_DLP_new\SRC\firmware\MKSDLP_Alter_Debug\Obj\sys_timer.o
#        D:\Electronics\Projects\MKS_DLP_new\SRC\firmware\MKSDLP_Alter_Debug\Obj\system_stm32f4xx.o
#        D:\Electronics\Projects\MKS_DLP_new\SRC\firmware\MKSDLP_Alter_Debug\Obj\tgui.o
#        D:\Electronics\Projects\MKS_DLP_new\SRC\firmware\MKSDLP_Alter_Debug\Obj\tgui_clocksetscreenfuncs.o
#        D:\Electronics\Projects\MKS_DLP_new\SRC\firmware\MKSDLP_Alter_Debug\Obj\tgui_defaultfuncs.o
#        D:\Electronics\Projects\MKS_DLP_new\SRC\firmware\MKSDLP_Alter_Debug\Obj\tgui_filesscreenfuncs.o
#        D:\Electronics\Projects\MKS_DLP_new\SRC\firmware\MKSDLP_Alter_Debug\Obj\tgui_fileviewscreenfuncs.o
#        D:\Electronics\Projects\MKS_DLP_new\SRC\firmware\MKSDLP_Alter_Debug\Obj\tgui_infoscreenfuncs.o
#        D:\Electronics\Projects\MKS_DLP_new\SRC\firmware\MKSDLP_Alter_Debug\Obj\tgui_langscreenfuncs.o
#        D:\Electronics\Projects\MKS_DLP_new\SRC\firmware\MKSDLP_Alter_Debug\Obj\tgui_mainscreenfuncs.o
#        D:\Electronics\Projects\MKS_DLP_new\SRC\firmware\MKSDLP_Alter_Debug\Obj\tgui_messagebox.o
#        D:\Electronics\Projects\MKS_DLP_new\SRC\firmware\MKSDLP_Alter_Debug\Obj\tgui_movezscreenfuncs.o
#        D:\Electronics\Projects\MKS_DLP_new\SRC\firmware\MKSDLP_Alter_Debug\Obj\tgui_numenterscreenfuncs.o
#        D:\Electronics\Projects\MKS_DLP_new\SRC\firmware\MKSDLP_Alter_Debug\Obj\tgui_printscreenfuncs.o
#        D:\Electronics\Projects\MKS_DLP_new\SRC\firmware\MKSDLP_Alter_Debug\Obj\tgui_screensaverfuncs.o
#        D:\Electronics\Projects\MKS_DLP_new\SRC\firmware\MKSDLP_Alter_Debug\Obj\tgui_settingsscreenfuncs.o
#        D:\Electronics\Projects\MKS_DLP_new\SRC\firmware\MKSDLP_Alter_Debug\Obj\tim.o
#        D:\Electronics\Projects\MKS_DLP_new\SRC\firmware\MKSDLP_Alter_Debug\Obj\touch.o
#        D:\Electronics\Projects\MKS_DLP_new\SRC\firmware\MKSDLP_Alter_Debug\Obj\unicode_utils.o
#        D:\Electronics\Projects\MKS_DLP_new\SRC\firmware\MKSDLP_Alter_Debug\Obj\usb_host.o
#        D:\Electronics\Projects\MKS_DLP_new\SRC\firmware\MKSDLP_Alter_Debug\Obj\usbh_conf.o
#        D:\Electronics\Projects\MKS_DLP_new\SRC\firmware\MKSDLP_Alter_Debug\Obj\usbh_core.o
#        D:\Electronics\Projects\MKS_DLP_new\SRC\firmware\MKSDLP_Alter_Debug\Obj\usbh_ctlreq.o
#        D:\Electronics\Projects\MKS_DLP_new\SRC\firmware\MKSDLP_Alter_Debug\Obj\usbh_diskio.o
#        D:\Electronics\Projects\MKS_DLP_new\SRC\firmware\MKSDLP_Alter_Debug\Obj\usbh_ioreq.o
#        D:\Electronics\Projects\MKS_DLP_new\SRC\firmware\MKSDLP_Alter_Debug\Obj\usbh_msc.o
#        D:\Electronics\Projects\MKS_DLP_new\SRC\firmware\MKSDLP_Alter_Debug\Obj\usbh_msc_bot.o
#        D:\Electronics\Projects\MKS_DLP_new\SRC\firmware\MKSDLP_Alter_Debug\Obj\usbh_msc_scsi.o
#        D:\Electronics\Projects\MKS_DLP_new\SRC\firmware\MKSDLP_Alter_Debug\Obj\usbh_pipes.o
#        D:\Electronics\Projects\MKS_DLP_new\SRC\firmware\MKSDLP_Alter_Debug\Obj\usbh_platform.o
#        D:\Electronics\Projects\MKS_DLP_new\SRC\firmware\MKSDLP_Alter_Debug\Obj\uvdisplay.o
#        D:\Electronics\Projects\MKS_DLP_new\SRC\firmware\MKSDLP_Alter_Debug\Obj\z_endstops.o
#        D:\Electronics\Projects\MKS_DLP_new\SRC\firmware\MKSDLP_Alter_Debug\Obj\z_planner.o
#        D:\Electronics\Projects\MKS_DLP_new\SRC\firmware\MKSDLP_Alter_Debug\Obj\z_stepper.o
#        --redirect _Printf=_PrintfFull --redirect _Scanf=_ScanfFull
#        --no_out_extension -o
#        D:\Electronics\Projects\MKS_DLP_new\SRC\firmware\MKSDLP_Alter_debug\Exe\MKS_DLP_new.out
#        --map
#        D:\Electronics\Projects\MKS_DLP_new\SRC\firmware\MKSDLP_Alter_debug\List\MKS_DLP_new.map
#        --log libraries,call_graph --log_file
#        D:\Electronics\Projects\MKS_DLP_new\SRC\firmware\MKSDLP_Alter_debug\List\MKS_DLP_new.log
#        --config
#        D:\Electronics\Projects\MKS_DLP_new\SRC\firmware/config/stm32f407xx_flash.icf
#        --semihosting --entry __iar_program_start --merge_duplicate_sections
#        --vfe --text_out locale)
#
###############################################################################

*******************************************************************************
*** RUNTIME MODEL ATTRIBUTES
***

CppFlavor                     = *
__CPP_Exceptions              = Disabled
__CPP_Language                = C++14
__Heap_Handler                = DLMalloc
__SystemLibrary               = DLib
__dlib_dynamic_initialization = normal
__dlib_version                = 6


*******************************************************************************
*** HEAP SELECTION
***

The advanced heap was selected because the application calls memory
allocation functions outside of system library functions, and there
are calls to deallocation functions in the application.


*******************************************************************************
*** PLACEMENT SUMMARY
***

"A0":  place at 0x801'0000 { ro section .intvec };
"P1":  place in [from 0x801'0000 to 0x807'ffff] { ro };
define block CSTACK with size = 16K, alignment = 8 { };
define block HEAP with size = 8K, alignment = 8 { };
"P2":  place in [from 0x2000'0000 to 0x2001'ffff] {
          rw, block CSTACK, block HEAP };
"P3":  place in [from 0x1000'0000 to 0x1000'ffff] { rw section CCMRAM };
initialize by copy { rw };

  Section                Kind         Address     Size  Object
  -------                ----         -------     ----  ------
"A0":                                            0x188
  .intvec                ro code   0x801'0000    0x188  startup_stm32f407xx.o [1]
                                 - 0x801'0188    0x188

"P1":                                          0x34fdc
  .rodata                const     0x801'0188   0x66f0  fnt170num_lcd.o [1]
  .text                  ro code   0x801'6878   0x4598  tgui.o [1]
  .text                  ro code   0x801'ae10     0x66  ABImemset.o [5]
  .text                  ro code   0x801'ae76     0x7a  lz77_init_single.o [5]
  .text                  ro code   0x801'aef0    0xaf8  tgui_defaultfuncs.o [1]
  .text                  ro code   0x801'b9e8     0xa6  ABImemcpy.o [5]
  .text                  ro code   0x801'ba8e     0x3a  zero_init3.o [5]
  .text                  ro code   0x801'bac8     0x40  languages.o [1]
  .text                  ro code   0x801'bb08    0x754  tgui_messagebox.o [1]
  .text                  ro code   0x801'c25c    0x1dc  sys_timer.o [1]
  .text                  ro code   0x801'c438    0x26c  datetime.o [1]
  .text                  ro code   0x801'c6a4     0x40  sprintf.o [2]
  .text                  ro code   0x801'c6e4    0xc20  lcd_ui.o [1]
  .text                  ro code   0x801'd304    0x520  lcd_low.o [1]
  .text                  ro code   0x801'd824   0x2be0  ff.o [1]
  .text                  ro code   0x802'0404    0x39a  unicode_utils.o [1]
  .text                  ro code   0x802'079e     0x26  xencoding_8859_1.o [2]
  .text                  ro code   0x802'07c4    0x2d4  touch.o [1]
  .text                  ro code   0x802'0a98     0x70  strncpy.o [5]
  .text                  ro code   0x802'0b08    0x418  stm32f4xx_hal_rtc.o [1]
  .text                  ro code   0x802'0f20      0xc  stm32f4xx_hal.o [1]
  .text                  ro code   0x802'0f2c    0xf46  xprintffull.o [2]
  .text                  ro code   0x802'1e72     0x1e  xsscin.o [2]
  .text                  ro code   0x802'1e90     0x28  stm32f4xx_hal.o [1]
  .text                  ro code   0x802'1eb8    0x114  fsmc.o [1]
  .text                  ro code   0x802'1fcc    0x458  stm32f4xx_hal_dma.o [1]
  .text                  ro code   0x802'2424    0x12c  stm32f4xx_hal_cortex.o [1]
  .text                  ro code   0x802'2550     0xb0  diskio.o [1]
  .text                  ro code   0x802'2600    0x144  ffunicode.o [1]
  .text                  ro code   0x802'2744    0x158  fatfs.o [1]
  .text                  ro code   0x802'289c    0x598  fst_spi.o [1]
  .text                  ro code   0x802'2e34    0x104  xlocale_c.o [2]
  .text                  ro code   0x802'2f38     0x16  strchr.o [5]
  .text                  ro code   0x802'2f4e      0xa  xsprout.o [2]
  .text                  ro code   0x802'2f58     0x40  xfail_s.o [2]
  .text                  ro code   0x802'2f98     0x36  strlen.o [5]
  .rodata                const     0x802'2fce      0x2  languages.o [1]
  .text                  ro code   0x802'2fd0     0x58  memchr.o [5]
  .text                  ro code   0x802'3028      0xa  xmbcurmax.o [2]
  .rodata                const     0x802'3032      0x2  languages.o [1]
  .text                  ro code   0x802'3034    0x230  I64DivMod.o [5]
  .text                  ro code   0x802'3264    0x1a2  DblMul.o [4]
  .rodata                const     0x802'3406      0x1  unwind_debug.o [6]
  .text                  ro code   0x802'3408     0x70  frexp.o [4]
  .text                  ro code   0x802'3478     0x2e  DblCmpLe.o [4]
  .text                  ro code   0x802'34a8     0x2e  DblCmpGe.o [4]
  .text                  ro code   0x802'34d8    0x13a  ldexp.o [4]
  .text                  ro code   0x802'3614     0x3a  DblToS32.o [4]
  .text                  ro code   0x802'3650     0x22  S32ToDbl.o [4]
  .text                  ro code   0x802'3674     0xe2  DblSub.o [4]
  .text                  ro code   0x802'3758    0x246  DblDiv.o [4]
  .text                  ro code   0x802'39a0     0x28  DblToU32.o [4]
  .text                  ro code   0x802'39c8     0x1a  U32ToDbl.o [4]
  .text                  ro code   0x802'39e4      0x6  ABImemclr4.o [5]
  .text                  ro code   0x802'39ec     0x5c  stm32f4xx_hal_sram.o [1]
  .text                  ro code   0x802'3a48   0x12da  main.o [1]
  .text                  ro code   0x802'4d24    0x252  stm32f4xx_hal_gpio.o [1]
  .text                  ro code   0x802'4f78     0x54  ff_gen_drv.o [1]
  .text                  ro code   0x802'4fcc    0x766  stm32f4xx_hal_spi.o [1]
  .text                  ro code   0x802'5732      0x6  abort.o [2]
  .text                  ro code   0x802'5738      0x2  stm32f4xx_hal_spi.o [1]
  .text                  ro code   0x802'573c    0x17a  DblAdd.o [4]
  .text                  ro code   0x802'58b8     0x32  ABImemset48.o [5]
  .text                  ro code   0x802'58ec     0xe4  stm32f4xx_ll_fsmc.o [1]
  .text                  ro code   0x802'59d0     0x34  stm32f4xx_hal.o [1]
  .text                  ro code   0x802'5a04    0x2dc  gpio.o [1]
  .text                  ro code   0x802'5ce0    0x5e4  eeprom.o [1]
  .text                  ro code   0x802'62c4    0xe9c  config.o [1]
  .text                  ro code   0x802'7160    0x304  spi_flash.o [1]
  .text                  ro code   0x802'7464     0xc8  rtc.o [1]
  .text                  ro code   0x802'752c    0x2ec  motor.o [1]
  .text                  ro code   0x802'7818     0x1c  uvdisplay.o [1]
  .text                  ro code   0x802'7834     0x20  usbh_platform.o [1]
  .text                  ro code   0x802'7854     0x8c  usb_host.o [1]
  .text                  ro code   0x802'78e0     0x12  strcmp.o [5]
  .text                  ro code   0x802'78f4    0x274  tgui_screensaverfuncs.o [1]
  .text                  ro code   0x802'7b68     0x48  FltToDbl.o [4]
  .text                  ro code   0x802'7bb0     0x68  DblToFlt.o [4]
  .text                  ro code   0x802'7c18    0x51c  tgui_movezscreenfuncs.o [1]
  .text                  ro code   0x802'8134    0x3c4  prtfiles.o [1]
  .text                  ro code   0x802'84f8    0x4a4  printing.o [1]
  .text                  ro code   0x802'899c    0x3b4  stm32f4xx_hal_rcc.o [1]
  .text                  ro code   0x802'8d50    0x1f4  stm32f4xx_hal_rcc.o [1]
  .text                  ro code   0x802'8f44    0x150  stm32f4xx_hal_rcc_ex.o [1]
  .text                  ro code   0x802'9094     0x14  exit.o [6]
  .text                  ro code   0x802'90a8     0x4c  stm32f4xx_hal.o [1]
  .text                  ro code   0x802'90f4     0x40  stm32f4xx_hal_msp.o [1]
  .text                  ro code   0x802'9134    0x1ea  stm32f4xx_hal_i2c.o [1]
  .text                  ro code   0x802'9320      0xe  math_wrappers64.o [4]
  .text                  ro code   0x802'9330    0x152  iar_Stoulx.o [2]
  .text                  ro code   0x802'9482     0x20  spi_flash.o [1]
  .text                  ro code   0x802'94a4     0xe4  z_endstops.o [1]
  .text                  ro code   0x802'9588    0xe34  z_planner.o [1]
  .text                  ro code   0x802'a3bc    0x5a4  z_stepper.o [1]
  .text                  ro code   0x802'a960    0x1e8  tim.o [1]
  .text                  ro code   0x802'ab48    0x78a  stm32f4xx_hal_tim.o [1]
  .text                  ro code   0x802'b2d4     0x14  motor.o [1]
  .text                  ro code   0x802'b2e8      0xc  z_endstops.o [1]
  .text                  ro code   0x802'b2f4     0x18  z_endstops.o [1]
  .text                  ro code   0x802'b30c     0x20  z_stepper.o [1]
  .text                  ro code   0x802'b32c     0x20  motor.o [1]
  .text                  ro code   0x802'b34c    0x1de  cpld_utils.o [1]
  .text                  ro code   0x802'b52c    0x5c4  ssd_utils.o [1]
  .text                  ro code   0x802'baf0    0x79e  usbh_core.o [1]
  .text                  ro code   0x802'c290    0x4cc  files_pws.o [1]
  .text                  ro code   0x802'c75c     0x1e  sqrtf.o [4]
  .text                  ro code   0x802'c77c    0x51c  strto64.o [4]
  .text                  ro code   0x802'cc98     0x14  isspace.o [2]
  .text                  ro code   0x802'ccac     0x14  tolower.o [2]
  .text                  ro code   0x802'ccc0     0x18  z_stepper.o [1]
  .text                  ro code   0x802'ccd8     0x24  z_planner.o [1]
  .text                  ro code   0x802'ccfc     0x18  z_planner.o [1]
  .text                  ro code   0x802'cd14      0x8  z_stepper.o [1]
  .text                  ro code   0x802'cd1c     0x3c  ceilf.o [4]
  .text                  ro code   0x802'cd58     0xac  z_planner.o [1]
  .text                  ro code   0x802'ce04     0x3c  floorf.o [4]
  .text                  ro code   0x802'ce40     0xbc  z_planner.o [1]
  .text                  ro code   0x802'cefc     0x12  z_planner.o [1]
  .text                  ro code   0x802'cf0e      0x8  z_planner.o [1]
  .text                  ro code   0x802'cf18     0x20  z_stepper.o [1]
  .text                  ro code   0x802'cf38     0x10  z_stepper.o [1]
  .text                  ro code   0x802'cf48      0xc  z_stepper.o [1]
  .text                  ro code   0x802'cf54     0x38  z_planner.o [1]
  .text                  ro code   0x802'cf8c     0x18  z_planner.o [1]
  .text                  ro code   0x802'cfa4     0x2e  lroundf.o [4]
  .text                  ro code   0x802'cfd4     0x1c  z_stepper.o [1]
  .text                  ro code   0x802'cff0     0x2c  z_stepper.o [1]
  .text                  ro code   0x802'd01c     0xac  stm32f4xx_hal_tim_ex.o [1]
  .text                  ro code   0x802'd0c8     0x42  cpld_utils.o [1]
  .text                  ro code   0x802'd10c    0x2f8  usbh_conf.o [1]
  .text                  ro code   0x802'd404     0xb6  usbh_pipes.o [1]
  .text                  ro code   0x802'd4ba    0x5bc  usbh_ctlreq.o [1]
  .text                  ro code   0x802'da76    0x122  iar_Stopfx.o [2]
  .text                  ro code   0x802'db98    0x1c4  iar_Stoflt.o [2]
  .text                  ro code   0x802'dd5c    0x21c  iar_Stoxflt.o [2]
  .text                  ro code   0x802'df78     0x10  z_stepper.o [1]
  .text                  ro code   0x802'df88      0xe  z_planner.o [1]
  .text                  ro code   0x802'df98     0x1c  z_stepper.o [1]
  .text                  ro code   0x802'dfb4   0x1060  stm32f4xx_hal_hcd.o [1]
  .text                  ro code   0x802'f014     0xd0  usbh_ioreq.o [1]
  .text                  ro code   0x802'f0e4     0x14  isalpha.o [2]
  .text                  ro code   0x802'f0f8    0x9c4  stm32f4xx_ll_usb.o [1]
  .rodata                const     0x802'fabc   0x3b94  fnt36.o [1]
  .rodata                const     0x803'3650   0x2094  fnt24bold.o [1]
  .rodata                const     0x803'56e4   0x1a1c  fnt24.o [1]
  .text                  ro code   0x803'7100   0x14e0  dlmalloc.o [2]
  .text                  ro code   0x803'85e0     0x2c  xgetmemchunk.o [2]
  .rodata                const     0x803'860c   0x10c8  fnt18bold.o [1]
  .text                  ro code   0x803'96d4    0xeb8  tgui_filesscreenfuncs.o [1]
  .text                  ro code   0x803'a58c     0x18  strcpy.o [5]
  .text                  ro code   0x803'a5a4     0x1e  strcat.o [2]
  .text                  ro code   0x803'a5c4    0xb70  tgui_fileviewscreenfuncs.o [1]
  .rodata                const     0x803'b134    0xea4  fnt18.o [1]
  .text                  ro code   0x803'bfd8    0xe58  xscanffull.o [2]
  .text                  ro code   0x803'ce30     0x3c  wctob.o [2]
  .text                  ro code   0x803'ce6c     0x9e  iar_Stollx.o [2]
  .text                  ro code   0x803'cf0c    0x1b2  iar_Stoullx.o [2]
  .text                  ro code   0x803'd0c0    0xa58  tgui_printscreenfuncs.o [1]
  .text                  ro code   0x803'db18    0x8b4  usbh_msc.o [1]
  .text                  ro code   0x803'e3cc    0x394  usbh_msc_bot.o [1]
  .text                  ro code   0x803'e760      0x4  heaptramp0.o [2]
  .text                  ro code   0x803'e764    0x3ea  usbh_msc_scsi.o [1]
  .rodata                const     0x803'eb50    0x788  fnt12bold.o [1]
  .rodata                const     0x803'f2d8    0x6b4  fnt12.o [1]
  .rodata                const     0x803'f98c    0x684  fnt36num.o [1]
  .text                  ro code   0x804'0010    0x680  tgui_clocksetscreenfuncs.o [1]
  .text                  ro code   0x804'0690    0x620  tgui_numenterscreenfuncs.o [1]
  .text                  ro code   0x804'0cb0     0x28  sscanf.o [2]
  .text                  ro code   0x804'0cd8    0x474  tgui_infoscreenfuncs.o [1]
  .text                  ro code   0x804'114c    0x400  tgui_settingsscreenfuncs.o [1]
  .rodata                const     0x804'154c    0x1f4  ffunicode.o [1]
  .rodata                const     0x804'1740    0x1d0  languages.o [1]
  .rodata                const     0x804'1910    0x1d0  languages.o [1]
  .text                  ro code   0x804'1ae0    0x144  usbh_diskio.o [1]
  .rodata                const     0x804'1c24    0x140  fnt12.o [1]
  .rodata                const     0x804'1d64    0x140  fnt12bold.o [1]
  .rodata                const     0x804'1ea4    0x140  fnt18.o [1]
  .rodata                const     0x804'1fe4    0x140  fnt18bold.o [1]
  .rodata                const     0x804'2124    0x140  fnt24.o [1]
  .rodata                const     0x804'2264    0x140  fnt24bold.o [1]
  .rodata                const     0x804'23a4    0x140  fnt36.o [1]
  .text                  ro code   0x804'24e4    0x12c  spifl_diskio.o [1]
  .rodata                const     0x804'2610    0x100  ffunicode.o [1]
  .rodata                const     0x804'2710     0xc8  languages.o [1]
  .rodata                const     0x804'27d8     0xbc  ffunicode.o [1]
  .rodata                const     0x804'2894     0x9c  languages.o [1]
  .text                  ro code   0x804'2930     0x9c  stm32f4xx_it.o [1]
  .rodata                const     0x804'29cc     0x80  ff.o [1]
  .rodata                const     0x804'2a4c     0x78  languages.o [1]
  .rodata                const     0x804'2ac4     0x74  languages.o [1]
  .rodata                const     0x804'2b38     0x74  languages.o [1]
  .rodata                const     0x804'2bac     0x70  languages.o [1]
  .rodata                const     0x804'2c1c     0x70  languages.o [1]
  .rodata                const     0x804'2c8c     0x68  languages.o [1]
  .rodata                const     0x804'2cf4     0x68  languages.o [1]
  .rodata                const     0x804'2d5c     0x68  languages.o [1]
  .rodata                const     0x804'2dc4     0x54  languages.o [1]
  .rodata                const     0x804'2e18     0x54  languages.o [1]
  .rodata                const     0x804'2e6c     0x50  iar_Stoulx.o [2]
  .rodata                const     0x804'2ebc     0x50  iar_Stoullx.o [2]
  .rodata                const     0x804'2f0c     0x4c  languages.o [1]
  .rodata                const     0x804'2f58     0x4c  xscanffull.o [2]
  .rodata                const     0x804'2fa4     0x48  languages.o [1]
  .rodata                const     0x804'2fec     0x44  languages.o [1]
  .rodata                const     0x804'3030     0x48  strto64.o [4]
  .rodata                const     0x804'3078     0x40  languages.o [1]
  .rodata                const     0x804'30b8     0x3c  languages.o [1]
  .rodata                const     0x804'30f4     0x3c  languages.o [1]
  .rodata                const     0x804'3130     0x3c  languages.o [1]
  .rodata                const     0x804'316c     0x3c  languages.o [1]
  .rodata                const     0x804'31a8     0x3c  languages.o [1]
  .rodata                const     0x804'31e4     0x38  fnt170num_lcd.o [1]
  .rodata                const     0x804'321c     0x38  fnt36num.o [1]
  .rodata                const     0x804'3254     0x38  languages.o [1]
  .rodata                const     0x804'328c     0x38  languages.o [1]
  .rodata                const     0x804'32c4     0x38  main.o [1]
  .rodata                const     0x804'32fc     0x34  languages.o [1]
  .rodata                const     0x804'3330     0x34  languages.o [1]
  .rodata                const     0x804'3364     0x34  main.o [1]
  .rodata                const     0x804'3398     0x34  main.o [1]
  .rodata                const     0x804'33cc     0x30  languages.o [1]
  .rodata                const     0x804'33fc     0x30  languages.o [1]
  .rodata                const     0x804'342c     0x30  languages.o [1]
  .rodata                const     0x804'345c     0x30  languages.o [1]
  .rodata                const     0x804'348c     0x30  main.o [1]
  .rodata                const     0x804'34bc     0x30  main.o [1]
  .rodata                const     0x804'34ec     0x30  main.o [1]
  .rodata                const     0x804'351c     0x2c  languages.o [1]
  .rodata                const     0x804'3548     0x2c  languages.o [1]
  .rodata                const     0x804'3574     0x2c  languages.o [1]
  .rodata                const     0x804'35a0     0x2c  main.o [1]
  .rodata                const     0x804'35cc     0x2c  main.o [1]
  .rodata                const     0x804'35f8     0x28  languages.o [1]
  .rodata                const     0x804'3620     0x28  languages.o [1]
  .rodata                const     0x804'3648     0x28  main.o [1]
  .rodata                const     0x804'3670     0x28  xscanffull.o [2]
  .text                  ro code   0x804'3698     0x28  data_init.o [5]
  .rodata                const     0x804'36c0     0x24  languages.o [1]
  .rodata                const     0x804'36e4     0x24  languages.o [1]
  .rodata                const     0x804'3708     0x24  languages.o [1]
  .rodata                const     0x804'372c     0x24  main.o [1]
  .rodata                const     0x804'3750     0x24  tgui_infoscreenfuncs.o [1]
  .text                  ro code   0x804'3774     0x22  fpinit_M.o [4]
  .iar.init_table        const     0x804'3798     0x24  - Linker created -
  .rodata                const     0x804'37bc     0x20  languages.o [1]
  .rodata                const     0x804'37dc     0x20  languages.o [1]
  .rodata                const     0x804'37fc     0x20  languages.o [1]
  .rodata                const     0x804'381c     0x20  languages.o [1]
  .rodata                const     0x804'383c     0x20  languages.o [1]
  .rodata                const     0x804'385c     0x20  languages.o [1]
  .rodata                const     0x804'387c     0x20  languages.o [1]
  .rodata                const     0x804'389c     0x20  main.o [1]
  .rodata                const     0x804'38bc     0x20  tgui.o [1]
  .rodata                const     0x804'38dc     0x20  tgui.o [1]
  .rodata                const     0x804'38fc     0x20  tgui.o [1]
  .rodata                const     0x804'391c     0x20  tgui.o [1]
  .rodata                const     0x804'393c     0x20  tgui.o [1]
  .rodata                const     0x804'395c     0x20  tgui.o [1]
  .rodata                const     0x804'397c     0x20  tgui.o [1]
  .rodata                const     0x804'399c     0x20  tgui_printscreenfuncs.o [1]
  .text                  ro code   0x804'39bc     0x20  system_stm32f4xx.o [1]
  .text                  ro code   0x804'39dc     0x20  cmain_call_ctors.o [5]
  .text                  ro code   0x804'39fc     0x18  cppinit.o [2]
  .text                  ro code   0x804'3a14     0x1e  cmain.o [5]
  .text                  ro code   0x804'3a32      0x4  low_level_init.o [2]
  .text                  ro code   0x804'3a36      0x4  exit.o [2]
  .text                  ro code   0x804'3a3c      0xa  cexit.o [5]
  .rodata                const     0x804'3a48     0x1c  languages.o [1]
  .rodata                const     0x804'3a64     0x1c  languages.o [1]
  .rodata                const     0x804'3a80     0x1c  languages.o [1]
  .rodata                const     0x804'3a9c     0x1c  languages.o [1]
  .rodata                const     0x804'3ab8     0x1c  languages.o [1]
  .rodata                const     0x804'3ad4     0x1c  languages.o [1]
  .rodata                const     0x804'3af0     0x1c  languages.o [1]
  .rodata                const     0x804'3b0c     0x1c  languages.o [1]
  .rodata                const     0x804'3b28     0x1c  languages.o [1]
  .rodata                const     0x804'3b44     0x1c  languages.o [1]
  .rodata                const     0x804'3b60     0x1c  languages.o [1]
  .rodata                const     0x804'3b7c     0x1c  tgui.o [1]
  .rodata                const     0x804'3b98     0x1c  tgui.o [1]
  .rodata                const     0x804'3bb4     0x1c  tgui.o [1]
  .rodata                const     0x804'3bd0     0x1c  tgui.o [1]
  .rodata                const     0x804'3bec     0x1c  tgui.o [1]
  .rodata                const     0x804'3c08     0x1c  tgui.o [1]
  .rodata                const     0x804'3c24     0x1c  tgui.o [1]
  .rodata                const     0x804'3c40     0x1c  tgui.o [1]
  .rodata                const     0x804'3c5c     0x1c  tgui.o [1]
  .rodata                const     0x804'3c78     0x1c  tgui.o [1]
  .rodata                const     0x804'3c94     0x1c  tgui.o [1]
  .rodata                const     0x804'3cb0     0x1c  tgui.o [1]
  .rodata                const     0x804'3ccc     0x1c  tgui.o [1]
  .rodata                const     0x804'3ce8     0x1c  tgui.o [1]
  .rodata                const     0x804'3d04     0x1c  tgui.o [1]
  .rodata                const     0x804'3d20     0x1c  tgui.o [1]
  .rodata                const     0x804'3d3c     0x1c  tgui.o [1]
  .rodata                const     0x804'3d58     0x1c  tgui.o [1]
  .rodata                const     0x804'3d74     0x1c  tgui.o [1]
  .rodata                const     0x804'3d90     0x1c  tgui.o [1]
  .rodata                const     0x804'3dac     0x1c  tgui.o [1]
  .rodata                const     0x804'3dc8     0x1c  tgui.o [1]
  .rodata                const     0x804'3de4     0x1c  tgui.o [1]
  .rodata                const     0x804'3e00     0x1c  tgui.o [1]
  .rodata                const     0x804'3e1c     0x1c  tgui.o [1]
  .rodata                const     0x804'3e38     0x1c  tgui.o [1]
  .rodata                const     0x804'3e54     0x1c  tgui.o [1]
  .rodata                const     0x804'3e70     0x1c  tgui.o [1]
  .rodata                const     0x804'3e8c     0x1c  tgui.o [1]
  .rodata                const     0x804'3ea8     0x1c  tgui_fileviewscreenfuncs.o [1]
  .rodata                const     0x804'3ec4     0x1c  tgui_infoscreenfuncs.o [1]
  .text                  ro code   0x804'3ee0     0x1c  tgui_langscreenfuncs.o [1]
  .rodata                const     0x804'3efc     0x18  config.o [1]
  .rodata                const     0x804'3f14     0x18  config.o [1]
  .rodata                const     0x804'3f2c     0x18  config.o [1]
  .rodata                const     0x804'3f44     0x18  config.o [1]
  .rodata                const     0x804'3f5c     0x18  config.o [1]
  .rodata                const     0x804'3f74     0x18  datetime.o [1]
  .rodata                const     0x804'3f8c     0x18  datetime.o [1]
  .rodata                const     0x804'3fa4     0x18  languages.o [1]
  .rodata                const     0x804'3fbc     0x18  languages.o [1]
  .rodata                const     0x804'3fd4     0x18  languages.o [1]
  .rodata                const     0x804'3fec     0x18  languages.o [1]
  .rodata                const     0x804'4004     0x18  languages.o [1]
  .rodata                const     0x804'401c     0x18  languages.o [1]
  .rodata                const     0x804'4034     0x18  main.o [1]
  .rodata                const     0x804'404c     0x18  main.o [1]
  .rodata                const     0x804'4064     0x18  main.o [1]
  .rodata                const     0x804'407c     0x18  tgui.o [1]
  .rodata                const     0x804'4094     0x18  tgui.o [1]
  .rodata                const     0x804'40ac     0x18  tgui.o [1]
  .rodata                const     0x804'40c4     0x18  tgui.o [1]
  .rodata                const     0x804'40dc     0x18  tgui.o [1]
  .rodata                const     0x804'40f4     0x18  tgui.o [1]
  .rodata                const     0x804'410c     0x18  tgui.o [1]
  .rodata                const     0x804'4124     0x18  tgui.o [1]
  .rodata                const     0x804'413c     0x18  tgui.o [1]
  .rodata                const     0x804'4154     0x18  tgui.o [1]
  .rodata                const     0x804'416c     0x18  tgui.o [1]
  .rodata                const     0x804'4184     0x18  tgui.o [1]
  .rodata                const     0x804'419c     0x18  tgui.o [1]
  .rodata                const     0x804'41b4     0x18  tgui.o [1]
  .rodata                const     0x804'41cc     0x18  tgui.o [1]
  .rodata                const     0x804'41e4     0x18  tgui.o [1]
  .rodata                const     0x804'41fc     0x18  tgui.o [1]
  .rodata                const     0x804'4214     0x18  tgui.o [1]
  .rodata                const     0x804'422c     0x18  tgui.o [1]
  .rodata                const     0x804'4244     0x18  tgui.o [1]
  .rodata                const     0x804'425c     0x18  tgui.o [1]
  .rodata                const     0x804'4274     0x18  tgui.o [1]
  .rodata                const     0x804'428c     0x18  tgui.o [1]
  .rodata                const     0x804'42a4     0x18  tgui_filesscreenfuncs.o [1]
  .rodata                const     0x804'42bc     0x18  tgui_filesscreenfuncs.o [1]
  .rodata                const     0x804'42d4     0x14  config.o [1]
  .rodata                const     0x804'42e8     0x14  config.o [1]
  .rodata                const     0x804'42fc     0x14  config.o [1]
  .rodata                const     0x804'4310     0x14  config.o [1]
  .rodata                const     0x804'4324     0x14  ff.o [1]
  .rodata                const     0x804'4338     0x14  ff.o [1]
  .rodata                const     0x804'434c     0x14  languages.o [1]
  .rodata                const     0x804'4360     0x14  languages.o [1]
  .rodata                const     0x804'4374     0x14  languages.o [1]
  .rodata                const     0x804'4388     0x14  languages.o [1]
  .rodata                const     0x804'439c     0x14  languages.o [1]
  .rodata                const     0x804'43b0     0x14  languages.o [1]
  .rodata                const     0x804'43c4     0x14  languages.o [1]
  .rodata                const     0x804'43d8     0x14  languages.o [1]
  .rodata                const     0x804'43ec     0x14  languages.o [1]
  .rodata                const     0x804'4400     0x14  spifl_diskio.o [1]
  .rodata                const     0x804'4414     0x14  tgui.o [1]
  .rodata                const     0x804'4428     0x14  tgui.o [1]
  .rodata                const     0x804'443c     0x14  tgui.o [1]
  .rodata                const     0x804'4450     0x14  tgui.o [1]
  .rodata                const     0x804'4464     0x14  tgui.o [1]
  .rodata                const     0x804'4478     0x14  tgui.o [1]
  .rodata                const     0x804'448c     0x14  tgui.o [1]
  .rodata                const     0x804'44a0     0x14  tgui_filesscreenfuncs.o [1]
  .rodata                const     0x804'44b4     0x14  tgui_filesscreenfuncs.o [1]
  .rodata                const     0x804'44c8     0x14  tgui_infoscreenfuncs.o [1]
  .rodata                const     0x804'44dc     0x14  usbh_diskio.o [1]
  .rodata                const     0x804'44f0     0x10  config.o [1]
  .rodata                const     0x804'4500     0x10  config.o [1]
  .rodata                const     0x804'4510     0x10  config.o [1]
  .rodata                const     0x804'4520     0x10  config.o [1]
  .rodata                const     0x804'4530     0x10  config.o [1]
  .rodata                const     0x804'4540     0x10  config.o [1]
  .rodata                const     0x804'4550     0x10  ff.o [1]
  .rodata                const     0x804'4560     0x10  ff.o [1]
  .rodata                const     0x804'4570     0x10  ff.o [1]
  .rodata                const     0x804'4580     0x10  ff.o [1]
  .rodata                const     0x804'4590     0x10  languages.o [1]
  .rodata                const     0x804'45a0     0x10  languages.o [1]
  .rodata                const     0x804'45b0     0x10  languages.o [1]
  .rodata                const     0x804'45c0     0x10  languages.o [1]
  .rodata                const     0x804'45d0     0x10  languages.o [1]
  .rodata                const     0x804'45e0     0x10  languages.o [1]
  .rodata                const     0x804'45f0     0x10  languages.o [1]
  .rodata                const     0x804'4600     0x10  languages.o [1]
  .rodata                const     0x804'4610     0x10  languages.o [1]
  .rodata                const     0x804'4620     0x10  languages.o [1]
  .rodata                const     0x804'4630     0x10  languages.o [1]
  .rodata                const     0x804'4640     0x10  languages.o [1]
  .rodata                const     0x804'4650     0x10  languages.o [1]
  .rodata                const     0x804'4660     0x10  languages.o [1]
  .rodata                const     0x804'4670     0x10  languages.o [1]
  .rodata                const     0x804'4680     0x10  languages.o [1]
  .rodata                const     0x804'4690     0x10  languages.o [1]
  .rodata                const     0x804'46a0     0x10  languages.o [1]
  .rodata                const     0x804'46b0     0x10  languages.o [1]
  .rodata                const     0x804'46c0     0x10  languages.o [1]
  .rodata                const     0x804'46d0     0x10  languages.o [1]
  .rodata                const     0x804'46e0     0x10  main.o [1]
  .rodata                const     0x804'46f0     0x10  main.o [1]
  .rodata                const     0x804'4700     0x10  system_stm32f4xx.o [1]
  .rodata                const     0x804'4710     0x10  tgui.o [1]
  .rodata                const     0x804'4720     0x10  tgui.o [1]
  .rodata                const     0x804'4730     0x10  tgui.o [1]
  .rodata                const     0x804'4740     0x10  tgui.o [1]
  .rodata                const     0x804'4750     0x10  tgui.o [1]
  .rodata                const     0x804'4760     0x10  tgui.o [1]
  .rodata                const     0x804'4770     0x10  tgui_defaultfuncs.o [1]
  .text                  ro code   0x804'4780     0x10  startup_stm32f407xx.o [1]
  .rodata                const     0x804'4790      0xc  config.o [1]
  .rodata                const     0x804'479c      0xc  config.o [1]
  .rodata                const     0x804'47a8      0xc  config.o [1]
  .rodata                const     0x804'47b4      0xc  config.o [1]
  .rodata                const     0x804'47c0      0xc  config.o [1]
  .rodata                const     0x804'47cc      0xc  config.o [1]
  .rodata                const     0x804'47d8      0xc  config.o [1]
  .rodata                const     0x804'47e4      0xc  ff.o [1]
  .rodata                const     0x804'47f0      0xc  ff.o [1]
  .rodata                const     0x804'47fc      0xc  files_pws.o [1]
  .rodata                const     0x804'4808      0xc  files_pws.o [1]
  .rodata                const     0x804'4814      0xc  languages.o [1]
  .rodata                const     0x804'4820      0xc  languages.o [1]
  .rodata                const     0x804'482c      0xc  languages.o [1]
  .rodata                const     0x804'4838      0xc  languages.o [1]
  .rodata                const     0x804'4844      0xc  languages.o [1]
  .rodata                const     0x804'4850      0xc  languages.o [1]
  .rodata                const     0x804'485c      0xc  languages.o [1]
  .rodata                const     0x804'4868      0xc  languages.o [1]
  .rodata                const     0x804'4874      0xc  languages.o [1]
  .rodata                const     0x804'4880      0xc  languages.o [1]
  .rodata                const     0x804'488c      0xc  languages.o [1]
  .rodata                const     0x804'4898      0xc  languages.o [1]
  .rodata                const     0x804'48a4      0xc  languages.o [1]
  .rodata                const     0x804'48b0      0xc  languages.o [1]
  .rodata                const     0x804'48bc      0xc  languages.o [1]
  .rodata                const     0x804'48c8      0xc  languages.o [1]
  .rodata                const     0x804'48d4      0xc  languages.o [1]
  .rodata                const     0x804'48e0      0xc  languages.o [1]
  .rodata                const     0x804'48ec      0xc  languages.o [1]
  .rodata                const     0x804'48f8      0xc  languages.o [1]
  .rodata                const     0x804'4904      0xc  languages.o [1]
  .rodata                const     0x804'4910      0xc  languages.o [1]
  .rodata                const     0x804'491c      0xc  languages.o [1]
  .rodata                const     0x804'4928      0xc  languages.o [1]
  .rodata                const     0x804'4934      0xc  languages.o [1]
  .rodata                const     0x804'4940      0xc  languages.o [1]
  .rodata                const     0x804'494c      0xc  languages.o [1]
  .rodata                const     0x804'4958      0xc  languages.o [1]
  .rodata                const     0x804'4964      0xc  languages.o [1]
  .rodata                const     0x804'4970      0xc  languages.o [1]
  .rodata                const     0x804'497c      0xc  languages.o [1]
  .rodata                const     0x804'4988      0xc  languages.o [1]
  .rodata                const     0x804'4994      0xc  languages.o [1]
  .rodata                const     0x804'49a0      0xc  main.o [1]
  .rodata                const     0x804'49ac      0xc  main.o [1]
  .rodata                const     0x804'49b8      0xc  tgui.o [1]
  .rodata                const     0x804'49c4      0xc  tgui_clocksetscreenfuncs.o [1]
  .rodata                const     0x804'49d0      0xc  tgui_fileviewscreenfuncs.o [1]
  .rodata                const     0x804'49dc      0xc  tgui_fileviewscreenfuncs.o [1]
  .rodata                const     0x804'49e8      0xc  tgui_fileviewscreenfuncs.o [1]
  .rodata                const     0x804'49f4      0xc  tgui_fileviewscreenfuncs.o [1]
  .rodata                const     0x804'4a00      0xc  tgui_screensaverfuncs.o [1]
  .rodata                const     0x804'4a0c      0xc  tgui_screensaverfuncs.o [1]
  .text                  ro code   0x804'4a18      0xc  cstartup_M.o [5]
  .rodata                const     0x804'4a24      0x8  config.o [1]
  .rodata                const     0x804'4a2c      0x8  config.o [1]
  .rodata                const     0x804'4a34      0x8  ff.o [1]
  .rodata                const     0x804'4a3c      0x8  ff.o [1]
  .rodata                const     0x804'4a44      0x8  files_pws.o [1]
  .rodata                const     0x804'4a4c      0x8  files_pws.o [1]
  .rodata                const     0x804'4a54      0x8  languages.o [1]
  .rodata                const     0x804'4a5c      0x8  languages.o [1]
  .rodata                const     0x804'4a64      0x8  languages.o [1]
  .rodata                const     0x804'4a6c      0x8  languages.o [1]
  .rodata                const     0x804'4a74      0x8  languages.o [1]
  .rodata                const     0x804'4a7c      0x8  languages.o [1]
  .rodata                const     0x804'4a84      0x8  languages.o [1]
  .rodata                const     0x804'4a8c      0x8  languages.o [1]
  .rodata                const     0x804'4a94      0x8  languages.o [1]
  .rodata                const     0x804'4a9c      0x8  languages.o [1]
  .rodata                const     0x804'4aa4      0x8  languages.o [1]
  .rodata                const     0x804'4aac      0x8  languages.o [1]
  .rodata                const     0x804'4ab4      0x8  languages.o [1]
  .rodata                const     0x804'4abc      0x8  languages.o [1]
  .rodata                const     0x804'4ac4      0x8  languages.o [1]
  .rodata                const     0x804'4acc      0x8  languages.o [1]
  .rodata                const     0x804'4ad4      0x8  languages.o [1]
  .rodata                const     0x804'4adc      0x8  languages.o [1]
  .rodata                const     0x804'4ae4      0x8  languages.o [1]
  .rodata                const     0x804'4aec      0x8  languages.o [1]
  .rodata                const     0x804'4af4      0x8  languages.o [1]
  .rodata                const     0x804'4afc      0x8  languages.o [1]
  .rodata                const     0x804'4b04      0x8  languages.o [1]
  .rodata                const     0x804'4b0c      0x8  languages.o [1]
  .rodata                const     0x804'4b14      0x8  languages.o [1]
  .rodata                const     0x804'4b1c      0x8  languages.o [1]
  .rodata                const     0x804'4b24      0x8  languages.o [1]
  .rodata                const     0x804'4b2c      0x8  languages.o [1]
  .rodata                const     0x804'4b34      0x8  languages.o [1]
  .rodata                const     0x804'4b3c      0x8  languages.o [1]
  .rodata                const     0x804'4b44      0x8  languages.o [1]
  .rodata                const     0x804'4b4c      0x8  languages.o [1]
  .rodata                const     0x804'4b54      0x8  languages.o [1]
  .rodata                const     0x804'4b5c      0x8  languages.o [1]
  .rodata                const     0x804'4b64      0x8  languages.o [1]
  .rodata                const     0x804'4b6c      0x8  languages.o [1]
  .rodata                const     0x804'4b74      0x8  languages.o [1]
  .rodata                const     0x804'4b7c      0x8  languages.o [1]
  .rodata                const     0x804'4b84      0x8  languages.o [1]
  .rodata                const     0x804'4b8c      0x8  languages.o [1]
  .rodata                const     0x804'4b94      0x8  languages.o [1]
  .rodata                const     0x804'4b9c      0x8  languages.o [1]
  .rodata                const     0x804'4ba4      0x8  languages.o [1]
  .rodata                const     0x804'4bac      0x8  languages.o [1]
  .rodata                const     0x804'4bb4      0x8  languages.o [1]
  .rodata                const     0x804'4bbc      0x8  languages.o [1]
  .rodata                const     0x804'4bc4      0x8  languages.o [1]
  .rodata                const     0x804'4bcc      0x8  languages.o [1]
  .rodata                const     0x804'4bd4      0x8  languages.o [1]
  .rodata                const     0x804'4bdc      0x8  languages.o [1]
  .rodata                const     0x804'4be4      0x8  languages.o [1]
  .rodata                const     0x804'4bec      0x8  languages.o [1]
  .rodata                const     0x804'4bf4      0x8  languages.o [1]
  .rodata                const     0x804'4bfc      0x8  languages.o [1]
  .rodata                const     0x804'4c04      0x8  languages.o [1]
  .rodata                const     0x804'4c0c      0x8  languages.o [1]
  .rodata                const     0x804'4c14      0x8  languages.o [1]
  .rodata                const     0x804'4c1c      0x8  main.o [1]
  .rodata                const     0x804'4c24      0x8  stm32f4xx_hal_dma.o [1]
  .rodata                const     0x804'4c2c      0x8  system_stm32f4xx.o [1]
  .rodata                const     0x804'4c34      0x8  tgui.o [1]
  .rodata                const     0x804'4c3c      0x8  tgui.o [1]
  .rodata                const     0x804'4c44      0x8  tgui.o [1]
  .rodata                const     0x804'4c4c      0x8  tgui.o [1]
  .rodata                const     0x804'4c54      0x8  tgui.o [1]
  .rodata                const     0x804'4c5c      0x8  tgui.o [1]
  .rodata                const     0x804'4c64      0x8  tgui.o [1]
  .rodata                const     0x804'4c6c      0x8  tgui.o [1]
  .rodata                const     0x804'4c74      0x8  tgui.o [1]
  .rodata                const     0x804'4c7c      0x8  tgui.o [1]
  .rodata                const     0x804'4c84      0x8  tgui.o [1]
  .rodata                const     0x804'4c8c      0x8  tgui.o [1]
  .rodata                const     0x804'4c94      0x8  tgui.o [1]
  .rodata                const     0x804'4c9c      0x8  tgui.o [1]
  .rodata                const     0x804'4ca4      0x8  tgui.o [1]
  .rodata                const     0x804'4cac      0x8  tgui.o [1]
  .rodata                const     0x804'4cb4      0x8  tgui.o [1]
  .rodata                const     0x804'4cbc      0x8  tgui.o [1]
  .rodata                const     0x804'4cc4      0x8  tgui.o [1]
  .rodata                const     0x804'4ccc      0x8  tgui.o [1]
  .rodata                const     0x804'4cd4      0x8  tgui.o [1]
  .rodata                const     0x804'4cdc      0x8  tgui.o [1]
  .rodata                const     0x804'4ce4      0x8  tgui.o [1]
  .rodata                const     0x804'4cec      0x8  tgui.o [1]
  .rodata                const     0x804'4cf4      0x8  tgui.o [1]
  .rodata                const     0x804'4cfc      0x8  tgui.o [1]
  .rodata                const     0x804'4d04      0x8  tgui.o [1]
  .rodata                const     0x804'4d0c      0x8  tgui.o [1]
  .rodata                const     0x804'4d14      0x8  tgui.o [1]
  .rodata                const     0x804'4d1c      0x8  tgui.o [1]
  .rodata                const     0x804'4d24      0x8  tgui.o [1]
  .rodata                const     0x804'4d2c      0x8  tgui.o [1]
  .rodata                const     0x804'4d34      0x8  tgui.o [1]
  .rodata                const     0x804'4d3c      0x8  tgui.o [1]
  .rodata                const     0x804'4d44      0x8  tgui.o [1]
  .rodata                const     0x804'4d4c      0x8  tgui.o [1]
  .rodata                const     0x804'4d54      0x8  tgui.o [1]
  .rodata                const     0x804'4d5c      0x8  tgui.o [1]
  .rodata                const     0x804'4d64      0x8  tgui.o [1]
  .rodata                const     0x804'4d6c      0x8  tgui.o [1]
  .rodata                const     0x804'4d74      0x8  tgui.o [1]
  .rodata                const     0x804'4d7c      0x8  tgui.o [1]
  .rodata                const     0x804'4d84      0x8  tgui.o [1]
  .rodata                const     0x804'4d8c      0x8  tgui.o [1]
  .rodata                const     0x804'4d94      0x8  tgui.o [1]
  .rodata                const     0x804'4d9c      0x8  tgui.o [1]
  .rodata                const     0x804'4da4      0x8  tgui.o [1]
  .rodata                const     0x804'4dac      0x8  tgui.o [1]
  .rodata                const     0x804'4db4      0x8  tgui.o [1]
  .rodata                const     0x804'4dbc      0x8  tgui.o [1]
  .rodata                const     0x804'4dc4      0x8  tgui.o [1]
  .rodata                const     0x804'4dcc      0x8  tgui.o [1]
  .rodata                const     0x804'4dd4      0x8  tgui.o [1]
  .rodata                const     0x804'4ddc      0x8  tgui.o [1]
  .rodata                const     0x804'4de4      0x8  tgui.o [1]
  .rodata                const     0x804'4dec      0x8  tgui.o [1]
  .rodata                const     0x804'4df4      0x8  tgui.o [1]
  .rodata                const     0x804'4dfc      0x8  tgui.o [1]
  .rodata                const     0x804'4e04      0x8  tgui.o [1]
  .rodata                const     0x804'4e0c      0x8  tgui.o [1]
  .rodata                const     0x804'4e14      0x8  tgui.o [1]
  .rodata                const     0x804'4e1c      0x8  tgui.o [1]
  .rodata                const     0x804'4e24      0x8  tgui.o [1]
  .rodata                const     0x804'4e2c      0x8  tgui.o [1]
  .rodata                const     0x804'4e34      0x8  tgui.o [1]
  .rodata                const     0x804'4e3c      0x8  tgui.o [1]
  .rodata                const     0x804'4e44      0x8  tgui.o [1]
  .rodata                const     0x804'4e4c      0x8  tgui.o [1]
  .rodata                const     0x804'4e54      0x8  tgui.o [1]
  .rodata                const     0x804'4e5c      0x8  tgui.o [1]
  .rodata                const     0x804'4e64      0x8  tgui.o [1]
  .rodata                const     0x804'4e6c      0x8  tgui.o [1]
  .rodata                const     0x804'4e74      0x8  tgui.o [1]
  .rodata                const     0x804'4e7c      0x8  tgui.o [1]
  .rodata                const     0x804'4e84      0x8  tgui.o [1]
  .rodata                const     0x804'4e8c      0x8  tgui.o [1]
  .rodata                const     0x804'4e94      0x8  tgui.o [1]
  .rodata                const     0x804'4e9c      0x8  tgui.o [1]
  .rodata                const     0x804'4ea4      0x8  tgui.o [1]
  .rodata                const     0x804'4eac      0x8  tgui.o [1]
  .rodata                const     0x804'4eb4      0x8  tgui.o [1]
  .rodata                const     0x804'4ebc      0x8  tgui.o [1]
  .rodata                const     0x804'4ec4      0x8  tgui.o [1]
  .rodata                const     0x804'4ecc      0x8  tgui.o [1]
  .rodata                const     0x804'4ed4      0x8  tgui.o [1]
  .rodata                const     0x804'4edc      0x8  tgui.o [1]
  .rodata                const     0x804'4ee4      0x8  tgui.o [1]
  .rodata                const     0x804'4eec      0x8  tgui.o [1]
  .rodata                const     0x804'4ef4      0x8  tgui.o [1]
  .rodata                const     0x804'4efc      0x8  tgui.o [1]
  .rodata                const     0x804'4f04      0x8  tgui.o [1]
  .rodata                const     0x804'4f0c      0x8  tgui.o [1]
  .rodata                const     0x804'4f14      0x8  tgui.o [1]
  .rodata                const     0x804'4f1c      0x8  tgui.o [1]
  .rodata                const     0x804'4f24      0x8  tgui.o [1]
  .rodata                const     0x804'4f2c      0x8  tgui.o [1]
  .rodata                const     0x804'4f34      0x8  tgui.o [1]
  .rodata                const     0x804'4f3c      0x8  tgui.o [1]
  .rodata                const     0x804'4f44      0x8  tgui.o [1]
  .rodata                const     0x804'4f4c      0x8  tgui.o [1]
  .rodata                const     0x804'4f54      0x8  tgui.o [1]
  .rodata                const     0x804'4f5c      0x8  tgui.o [1]
  .rodata                const     0x804'4f64      0x8  tgui.o [1]
  .rodata                const     0x804'4f6c      0x8  tgui_clocksetscreenfuncs.o [1]
  .rodata                const     0x804'4f74      0x8  tgui_filesscreenfuncs.o [1]
  .rodata                const     0x804'4f7c      0x8  tgui_filesscreenfuncs.o [1]
  .rodata                const     0x804'4f84      0x8  tgui_infoscreenfuncs.o [1]
  .rodata                const     0x804'4f8c      0x8  tgui_numenterscreenfuncs.o [1]
  .rodata                const     0x804'4f94      0x8  tgui_printscreenfuncs.o [1]
  .rodata                const     0x804'4f9c      0x8  tgui_printscreenfuncs.o [1]
  .rodata                const     0x804'4fa4      0x8  tgui_settingsscreenfuncs.o [1]
  .rodata                const     0x804'4fac      0x8  tim.o [1]
  .rodata                const     0x804'4fb4      0x6  xlocale_c.o [2]
  .rodata                const     0x804'4fbc      0x4  languages.o [1]
  .rodata                const     0x804'4fc0      0x4  languages.o [1]
  .rodata                const     0x804'4fc4      0x4  languages.o [1]
  .rodata                const     0x804'4fc8      0x4  languages.o [1]
  .rodata                const     0x804'4fcc      0x4  languages.o [1]
  .rodata                const     0x804'4fd0      0x4  languages.o [1]
  .rodata                const     0x804'4fd4      0x4  languages.o [1]
  .rodata                const     0x804'4fd8      0x4  languages.o [1]
  .rodata                const     0x804'4fdc      0x4  languages.o [1]
  .rodata                const     0x804'4fe0      0x4  languages.o [1]
  .rodata                const     0x804'4fe4      0x4  languages.o [1]
  .rodata                const     0x804'4fe8      0x4  languages.o [1]
  .rodata                const     0x804'4fec      0x4  languages.o [1]
  .rodata                const     0x804'4ff0      0x4  languages.o [1]
  .rodata                const     0x804'4ff4      0x4  languages.o [1]
  .rodata                const     0x804'4ff8      0x4  languages.o [1]
  .rodata                const     0x804'4ffc      0x4  languages.o [1]
  .rodata                const     0x804'5000      0x4  languages.o [1]
  .rodata                const     0x804'5004      0x4  languages.o [1]
  .rodata                const     0x804'5008      0x4  languages.o [1]
  .rodata                const     0x804'500c      0x4  languages.o [1]
  .rodata                const     0x804'5010      0x4  languages.o [1]
  .rodata                const     0x804'5014      0x4  languages.o [1]
  .rodata                const     0x804'5018      0x4  languages.o [1]
  .rodata                const     0x804'501c      0x4  languages.o [1]
  .rodata                const     0x804'5020      0x4  languages.o [1]
  .rodata                const     0x804'5024      0x4  languages.o [1]
  .rodata                const     0x804'5028      0x4  languages.o [1]
  .rodata                const     0x804'502c      0x4  languages.o [1]
  .rodata                const     0x804'5030      0x4  languages.o [1]
  .rodata                const     0x804'5034      0x4  languages.o [1]
  .rodata                const     0x804'5038      0x4  languages.o [1]
  .rodata                const     0x804'503c      0x4  languages.o [1]
  .rodata                const     0x804'5040      0x4  languages.o [1]
  .rodata                const     0x804'5044      0x4  languages.o [1]
  .rodata                const     0x804'5048      0x4  languages.o [1]
  .rodata                const     0x804'504c      0x4  languages.o [1]
  .rodata                const     0x804'5050      0x4  languages.o [1]
  .rodata                const     0x804'5054      0x4  languages.o [1]
  .rodata                const     0x804'5058      0x4  printing.o [1]
  .rodata                const     0x804'505c      0x4  rtc.o [1]
  .rodata                const     0x804'5060      0x4  usbh_msc.o [1]
  .text                  ro code   0x804'5064      0x4  startup_stm32f407xx.o [1]
  SHT$$PREINIT_ARRAY               0x804'5068      0x0  <Block>
  SHT$$INIT_ARRAY                  0x804'5068      0x4  <Block>
    .init_array          const     0x804'5068      0x4  z_planner.o [1]
  __iar_tls$$INIT_ARRAY            0x804'506c      0x0  <Block>
  .rodata                const     0x804'506c      0x0  zero_init3.o [5]
  .rodata                const     0x804'506c      0x0  lz77_init_single.o [5]
  Initializer bytes      const     0x804'506c     0xf8  <for P2-1>
                                 - 0x804'5164  0x34fdc

"P3":                                           0x7478
  CCMRAM                 uninit   0x1000'0000   0x4000  main.o [1]
  CCMRAM                 uninit   0x1000'4000   0x1028  main.o [1]
  CCMRAM                 uninit   0x1000'5028   0x1028  main.o [1]
  CCMRAM                 uninit   0x1000'6050   0x1028  tgui.o [1]
  CCMRAM                 uninit   0x1000'7078    0x400  tgui.o [1]
                                - 0x1000'7478   0x7478

"P2", part 1 of 3:                               0x33f
  P2-1                            0x2000'0000    0x33f  <Init block>
    .data                inited   0x2000'0000      0xc  fnt12.o [1]
    .data                inited   0x2000'000c      0xc  fnt12bold.o [1]
    .data                inited   0x2000'0018      0xc  fnt170num_lcd.o [1]
    .data                inited   0x2000'0024      0xc  fnt18.o [1]
    .data                inited   0x2000'0030      0xc  fnt18bold.o [1]
    .data                inited   0x2000'003c      0xc  fnt24.o [1]
    .data                inited   0x2000'0048      0xc  fnt24bold.o [1]
    .data                inited   0x2000'0054      0xc  fnt36.o [1]
    .data                inited   0x2000'0060      0xc  fnt36num.o [1]
    .data                inited   0x2000'006c     0x10  languages.o [1]
    .data                inited   0x2000'007c      0x4  languages.o [1]
    .data                inited   0x2000'0080      0x4  lcd_ui.o [1]
    .data                inited   0x2000'0084      0x4  stm32f4xx_hal.o [1]
    .data                inited   0x2000'0088      0x4  system_stm32f4xx.o [1]
    .data                inited   0x2000'008c    0x200  tgui_filesscreenfuncs.o [1]
    .data                inited   0x2000'028c      0x4  tgui_movezscreenfuncs.o [1]
    .data                inited   0x2000'0290     0x20  usbh_msc.o [1]
    .data                inited   0x2000'02b0      0x4  z_stepper.o [1]
    .data                inited   0x2000'02b4     0x38  xlocale_c.o [2]
    .data                inited   0x2000'02ec     0x48  xlocale_c.o [2]
    .data                inited   0x2000'0334      0x2  lcd_ui.o [1]
    .data                inited   0x2000'0336      0x2  lcd_ui.o [1]
    .data                inited   0x2000'0338      0x2  lcd_ui.o [1]
    .data                inited   0x2000'033a      0x1  lcd_ui.o [1]
    .data                inited   0x2000'033b      0x1  stm32f4xx_hal.o [1]
    .data                inited   0x2000'033c      0x1  tgui_defaultfuncs.o [1]
    .data                inited   0x2000'033d      0x1  tgui_filesscreenfuncs.o [1]
    .data                inited   0x2000'033e      0x1  z_endstops.o [1]
                                - 0x2000'033f    0x33f

"P2", part 2 of 3:                              0xaa60
  .bss                   zero     0x2000'0340   0x1cc0  printing.o [1]
  .bss                   zero     0x2000'2000   0x1038  fatfs.o [1]
  .bss                   zero     0x2000'3038   0x1038  fatfs.o [1]
  .bss                   zero     0x2000'4070    0x830  tgui_filesscreenfuncs.o [1]
  .bss                   zero     0x2000'48a0    0x600  uvdisplay.o [1]
  .bss                   zero     0x2000'4ea0    0x5d8  tgui.o [1]
  .bss                   zero     0x2000'5478    0x5d8  tgui.o [1]
  .bss                   zero     0x2000'5a50    0x4d0  tgui.o [1]
  .bss                   zero     0x2000'5f20    0x400  config.o [1]
  .bss                   zero     0x2000'6320    0x400  main.o [1]
  .bss                   zero     0x2000'6720    0x400  main.o [1]
  .bss                   zero     0x2000'6b20    0x400  main.o [1]
  .bss                   zero     0x2000'6f20    0x400  tgui_fileviewscreenfuncs.o [1]
  .bss                   zero     0x2000'7320    0x400  z_planner.o [1]
  .bss                   zero     0x2000'7720    0x3d8  usb_host.o [1]
  .bss                   zero     0x2000'7af8    0x3c8  tgui.o [1]
  .bss                   zero     0x2000'7ec0    0x370  tgui.o [1]
  .bss                   zero     0x2000'8230    0x350  tgui.o [1]
  .bss                   zero     0x2000'8580    0x318  tgui.o [1]
  .bss                   zero     0x2000'8898    0x2c4  usbh_conf.o [1]
  .bss                   zero     0x2000'8b5c    0x224  main.o [1]
  .bss                   zero     0x2000'8d80    0x210  tgui.o [1]
  .bss                   zero     0x2000'8f90    0x210  tgui.o [1]
  .bss                   zero     0x2000'91a0    0x200  config.o [1]
  .bss                   zero     0x2000'93a0    0x200  ff.o [1]
  .bss                   zero     0x2000'95a0    0x200  main.o [1]
  .bss                   zero     0x2000'97a0    0x1d8  dlmalloc.o [2]
  .bss                   zero     0x2000'9978    0x1b8  tgui.o [1]
  .bss                   zero     0x2000'9b30    0x19c  cpld_utils.o [1]
  .bss                   zero     0x2000'9ccc    0x160  tgui.o [1]
  .bss                   zero     0x2000'9e2c    0x108  tgui.o [1]
  .bss                   zero     0x2000'9f34    0x100  sys_timer.o [1]
  .bss                   zero     0x2000'a034    0x100  tgui_fileviewscreenfuncs.o [1]
  .bss                   zero     0x2000'a134    0x100  tgui_fileviewscreenfuncs.o [1]
  .bss                   zero     0x2000'a234     0xb0  tgui.o [1]
  .bss                   zero     0x2000'a2e4     0x80  fst_spi.o [1]
  .bss                   zero     0x2000'a364     0x80  fst_spi.o [1]
  .bss                   zero     0x2000'a3e4     0x60  fst_spi.o [1]
  .bss                   zero     0x2000'a444     0x60  fst_spi.o [1]
  .bss                   zero     0x2000'a4a4     0x60  fst_spi.o [1]
  .bss                   zero     0x2000'a504     0x60  fst_spi.o [1]
  .bss                   zero     0x2000'a564     0x60  fst_spi.o [1]
  .bss                   zero     0x2000'a5c4     0x60  lcd_low.o [1]
  .bss                   zero     0x2000'a624     0x58  tgui.o [1]
  .bss                   zero     0x2000'a67c     0x54  config.o [1]
  .bss                   zero     0x2000'a6d0     0x54  eeprom.o [1]
  .bss                   zero     0x2000'a724     0x54  files_pws.o [1]
  .bss                   zero     0x2000'a778     0x50  fsmc.o [1]
  .bss                   zero     0x2000'a7c8     0x40  tim.o [1]
  .bss                   zero     0x2000'a808     0x40  tim.o [1]
  .bss                   zero     0x2000'a848     0x34  main.o [1]
  .bss                   zero     0x2000'a87c     0x30  files_pws.o [1]
  .bss                   zero     0x2000'a8ac     0x30  tgui.o [1]
  .bss                   zero     0x2000'a8dc     0x30  tgui.o [1]
  .bss                   zero     0x2000'a90c     0x30  tgui.o [1]
  .bss                   zero     0x2000'a93c     0x30  tgui.o [1]
  .bss                   zero     0x2000'a96c     0x30  tgui.o [1]
  .bss                   zero     0x2000'a99c     0x30  tgui.o [1]
  .bss                   zero     0x2000'a9cc     0x30  tgui.o [1]
  .bss                   zero     0x2000'a9fc     0x30  tgui.o [1]
  .bss                   zero     0x2000'aa2c     0x30  tgui.o [1]
  .bss                   zero     0x2000'aa5c     0x30  tgui.o [1]
  .bss                   zero     0x2000'aa8c     0x30  tgui.o [1]
  .bss                   zero     0x2000'aabc     0x30  tgui.o [1]
  .bss                   zero     0x2000'aaec     0x30  tgui.o [1]
  .bss                   zero     0x2000'ab1c     0x28  config.o [1]
  .bss                   zero     0x2000'ab44     0x28  tgui.o [1]
  .bss                   zero     0x2000'ab6c     0x28  z_planner.o [1]
  .bss                   zero     0x2000'ab94     0x20  rtc.o [1]
  .bss                   zero     0x2000'abb4     0x20  tgui_numenterscreenfuncs.o [1]
  .bss                   zero     0x2000'abd4     0x1c  files_pws.o [1]
  .bss                   zero     0x2000'abf0     0x18  config.o [1]
  .bss                   zero     0x2000'ac08     0x18  config.o [1]
  .bss                   zero     0x2000'ac20     0x18  dlmalloc.o [2]
  .bss                   zero     0x2000'ac38     0x14  files_pws.o [1]
  .bss                   zero     0x2000'ac4c     0x10  ff_gen_drv.o [1]
  .bss                   zero     0x2000'ac5c     0x10  touch.o [1]
  .bss                   zero     0x2000'ac6c      0xc  spi_flash.o [1]
  .bss                   zero     0x2000'ac78      0x8  fatfs.o [1]
  .bss                   zero     0x2000'ac80      0x8  fatfs.o [1]
  .bss                   zero     0x2000'ac88      0x8  ff.o [1]
  .bss                   zero     0x2000'ac90      0x8  printing.o [1]
  .bss                   zero     0x2000'ac98      0x8  tgui_clocksetscreenfuncs.o [1]
  .bss                   zero     0x2000'aca0      0x8  tgui_screensaverfuncs.o [1]
  .bss                   zero     0x2000'aca8      0x4  cpld_utils.o [1]
  .bss                   zero     0x2000'acac      0x4  cpld_utils.o [1]
  .bss                   zero     0x2000'acb0      0x4  cpld_utils.o [1]
  .bss                   zero     0x2000'acb4      0x4  fsmc.o [1]
  .bss                   zero     0x2000'acb8      0x4  motor.o [1]
  .bss                   zero     0x2000'acbc      0x4  printing.o [1]
  .bss                   zero     0x2000'acc0      0x4  printing.o [1]
  .bss                   zero     0x2000'acc4      0x4  printing.o [1]
  .bss                   zero     0x2000'acc8      0x4  printing.o [1]
  .bss                   zero     0x2000'accc      0x4  printing.o [1]
  .bss                   zero     0x2000'acd0      0x4  prtfiles.o [1]
  .bss                   zero     0x2000'acd4      0x4  spi_flash.o [1]
  .bss                   zero     0x2000'acd8      0x4  spi_flash.o [1]
  .bss                   zero     0x2000'acdc      0x4  stm32f4xx_hal.o [1]
  .bss                   zero     0x2000'ace0      0x4  stm32f4xx_ll_usb.o [1]
  .bss                   zero     0x2000'ace4      0x4  sys_timer.o [1]
  .bss                   zero     0x2000'ace8      0x4  sys_timer.o [1]
  .bss                   zero     0x2000'acec      0x4  sys_timer.o [1]
  .bss                   zero     0x2000'acf0      0x4  sys_timer.o [1]
  .bss                   zero     0x2000'acf4      0x4  tgui.o [1]
  .bss                   zero     0x2000'acf8      0x4  tgui_fileviewscreenfuncs.o [1]
  .bss                   zero     0x2000'acfc      0x4  tgui_numenterscreenfuncs.o [1]
  .bss                   zero     0x2000'ad00      0x4  tgui_printscreenfuncs.o [1]
  .bss                   zero     0x2000'ad04      0x4  tgui_printscreenfuncs.o [1]
  .bss                   zero     0x2000'ad08      0x4  touch.o [1]
  .bss                   zero     0x2000'ad0c      0x4  z_planner.o [1]
  .bss                   zero     0x2000'ad10      0x4  z_planner.o [1]
  .bss                   zero     0x2000'ad14      0x4  z_planner.o [1]
  .bss                   zero     0x2000'ad18      0x4  z_planner.o [1]
  .bss                   zero     0x2000'ad1c      0x4  z_planner.o [1]
  .bss                   zero     0x2000'ad20      0x4  z_planner.o [1]
  .bss                   zero     0x2000'ad24      0x4  z_planner.o [1]
  .bss                   zero     0x2000'ad28      0x4  z_stepper.o [1]
  .bss                   zero     0x2000'ad2c      0x4  z_stepper.o [1]
  .bss                   zero     0x2000'ad30      0x4  z_stepper.o [1]
  .bss                   zero     0x2000'ad34      0x4  z_stepper.o [1]
  .bss                   zero     0x2000'ad38      0x4  z_stepper.o [1]
  .bss                   zero     0x2000'ad3c      0x4  z_stepper.o [1]
  .bss                   zero     0x2000'ad40      0x4  z_stepper.o [1]
  .bss                   zero     0x2000'ad44      0x4  z_stepper.o [1]
  .bss                   zero     0x2000'ad48      0x4  z_stepper.o [1]
  .bss                   zero     0x2000'ad4c      0x4  z_stepper.o [1]
  .bss                   zero     0x2000'ad50      0x4  z_stepper.o [1]
  .bss                   zero     0x2000'ad54      0x4  z_stepper.o [1]
  .bss                   zero     0x2000'ad58      0x4  z_stepper.o [1]
  .bss                   zero     0x2000'ad5c      0x4  z_stepper.o [1]
  .bss                   zero     0x2000'ad60      0x4  xfail_s.o [2]
  .bss                   zero     0x2000'ad64      0x4  xgetmemchunk.o [2]
  .bss                   zero     0x2000'ad68      0x2  ff.o [1]
  .bss                   zero     0x2000'ad6a      0x2  lcd_low.o [1]
  .bss                   zero     0x2000'ad6c      0x2  lcd_ui.o [1]
  .bss                   zero     0x2000'ad6e      0x2  lcd_ui.o [1]
  .bss                   zero     0x2000'ad70      0x2  lcd_ui.o [1]
  .bss                   zero     0x2000'ad72      0x2  tgui_fileviewscreenfuncs.o [1]
  .bss                   zero     0x2000'ad74      0x2  tgui_fileviewscreenfuncs.o [1]
  .bss                   zero     0x2000'ad76      0x2  z_planner.o [1]
  .bss                   zero     0x2000'ad78      0x1  eeprom.o [1]
  .bss                   zero     0x2000'ad79      0x1  fatfs.o [1]
  .bss                   zero     0x2000'ad7a      0x1  fatfs.o [1]
  .bss                   zero     0x2000'ad7b      0x1  main.o [1]
  .bss                   zero     0x2000'ad7c      0x1  main.o [1]
  .bss                   zero     0x2000'ad7d      0x1  main.o [1]
  .bss                   zero     0x2000'ad7e      0x1  main.o [1]
  .bss                   zero     0x2000'ad7f      0x1  main.o [1]
  .bss                   zero     0x2000'ad80      0x1  main.o [1]
  .bss                   zero     0x2000'ad81      0x1  main.o [1]
  .bss                   zero     0x2000'ad82      0x1  prtfiles.o [1]
  .bss                   zero     0x2000'ad83      0x1  prtfiles.o [1]
  .bss                   zero     0x2000'ad84      0x1  tgui_defaultfuncs.o [1]
  .bss                   zero     0x2000'ad85      0x1  tgui_filesscreenfuncs.o [1]
  .bss                   zero     0x2000'ad86      0x1  tgui_filesscreenfuncs.o [1]
  .bss                   zero     0x2000'ad87      0x1  tgui_filesscreenfuncs.o [1]
  .bss                   zero     0x2000'ad88      0x1  tgui_filesscreenfuncs.o [1]
  .bss                   zero     0x2000'ad89      0x1  tgui_fileviewscreenfuncs.o [1]
  .bss                   zero     0x2000'ad8a      0x1  tgui_numenterscreenfuncs.o [1]
  .bss                   zero     0x2000'ad8b      0x1  tgui_numenterscreenfuncs.o [1]
  .bss                   zero     0x2000'ad8c      0x1  tgui_numenterscreenfuncs.o [1]
  .bss                   zero     0x2000'ad8d      0x1  tgui_numenterscreenfuncs.o [1]
  .bss                   zero     0x2000'ad8e      0x1  tgui_printscreenfuncs.o [1]
  .bss                   zero     0x2000'ad8f      0x1  tgui_printscreenfuncs.o [1]
  .bss                   zero     0x2000'ad90      0x1  usb_host.o [1]
  .bss                   zero     0x2000'ad91      0x1  z_endstops.o [1]
  .bss                   zero     0x2000'ad92      0x1  z_endstops.o [1]
  .bss                   zero     0x2000'ad93      0x1  z_planner.o [1]
  .bss                   zero     0x2000'ad94      0x1  z_planner.o [1]
  .bss                   zero     0x2000'ad95      0x1  z_planner.o [1]
  .bss                   zero     0x2000'ad96      0x1  z_planner.o [1]
  .bss                   zero     0x2000'ad97      0x1  z_planner.o [1]
  .bss                   zero     0x2000'ad98      0x1  z_planner.o [1]
  .bss                   zero     0x2000'ad99      0x1  z_stepper.o [1]
  .bss                   zero     0x2000'ad9a      0x1  z_stepper.o [1]
  .bss                   zero     0x2000'ad9b      0x1  z_stepper.o [1]
  .bss                   zero     0x2000'ad9c      0x1  z_stepper.o [1]
  .bss                   zero     0x2000'ad9d      0x1  z_stepper.o [1]
                                - 0x2000'ad9e   0xaa5e

"P2", part 3 of 3:                              0x7200
  .noinit                uninit   0x2000'ada0   0x1000  tgui.o [1]
  .noinit                uninit   0x2000'bda0    0x200  tgui.o [1]
  CSTACK                          0x2000'bfa0   0x4000  <Block>
    CSTACK               uninit   0x2000'bfa0   0x4000  <Block tail>
  HEAP                            0x2000'ffa0   0x2000  <Block>
    HEAP                 uninit   0x2000'ffa0   0x2000  <Block tail>
                                - 0x2001'1fa0   0x7200

Unused ranges:

         From           To      Size
         ----           --      ----
   0x804'5164   0x807'ffff  0x3'ae9c
  0x1000'7478  0x1000'ffff    0x8b88
  0x2000'033f  0x2000'033f       0x1
  0x2001'1fa0  0x2001'ffff    0xe060


*******************************************************************************
*** INIT TABLE
***

          Address      Size
          -------      ----
Zero (__iar_zero_init3)
    1 destination range, total size 0xaa5e:
          0x2000'0340  0xaa5e

Copy/lz77 (__iar_lz77_init_single3)
    1 source range, total size 0xf8 (29% of destination):
           0x804'506c    0xf8
    1 destination range, total size 0x33f:
          0x2000'0000   0x33f

Extra (__iar_cstart_call_ctors)



*******************************************************************************
*** MODULE SUMMARY
***

    Module                      ro code  ro data  rw data
    ------                      -------  -------  -------
command line/config:
    -----------------------------------------------------
    Total:

D:\Electronics\Projects\MKS_DLP_new\SRC\firmware\MKSDLP_Alter_Debug\Obj: [1]
    config.o                      3 740      396    1 708
    cpld_utils.o                    544               424
    datetime.o                      620       48
    diskio.o                        176
    eeprom.o                      1 508                85
    fatfs.o                         344             8 322
    ff.o                         11 232      272      522
    ff_gen_drv.o                     84                16
    ffunicode.o                     324      944
    files_pws.o                   1 228       40      180
    fnt12.o                                2 039       12
    fnt12bold.o                            2 252       12
    fnt170num_lcd.o                       26 411       12
[...]
currdir                 0x2000'008c   0x200  Data  Gb  tgui_filesscreenfuncs.o [1]
d                       0x2000'acd8     0x4  Data  Gb  spi_flash.o [1]
datetime                0x2000'ac98     0x8  Data  Gb  tgui_clocksetscreenfuncs.o [1]
days_in_month            0x804'49c4     0xc  Data  Lc  tgui_clocksetscreenfuncs.o [1]
dbc_1st                  0x801'd8bf     0xe  Code  Lc  ff.o [1]
dbc_2nd                  0x801'd8cd     0xe  Code  Lc  ff.o [1]
ddiv                     0x802'c845    0xc4  Code  Lc  strto64.o [4]
digits                   0x804'2e94    0x28  Data  Lc  iar_Stoulx.o [2]
digits                   0x804'2ee4    0x28  Data  Lc  iar_Stoullx.o [2]
dir                     0x2000'a848    0x34  Data  Gb  main.o [1]
dir_alloc                0x801'e0e5    0x64  Code  Lc  ff.o [1]
dir_clear                0x801'dedd    0x64  Code  Lc  ff.o [1]
dir_find                 0x801'e517   0x118  Code  Lc  ff.o [1]
dir_next                 0x801'dff3    0xf2  Code  Lc  ff.o [1]
dir_read                 0x801'e417   0x100  Code  Lc  ff.o [1]
dir_register             0x801'e62f   0x166  Code  Lc  ff.o [1]
dir_sdi                  0x801'df41    0xb2  Code  Lc  ff.o [1]
disk                    0x2000'ac4c    0x10  Data  Gb  ff_gen_drv.o [1]
disk_initialize          0x802'256f    0x32  Code  Gb  diskio.o [1]
disk_ioctl               0x802'25dd    0x20  Code  Gb  diskio.o [1]
disk_read                0x802'25a1    0x1e  Code  Gb  diskio.o [1]
disk_status              0x802'2551    0x1e  Code  Gb  diskio.o [1]
disk_write               0x802'25bf    0x1e  Code  Gb  diskio.o [1]
disp_locked             0x2000'ad8f     0x1  Data  Gb  tgui_printscreenfuncs.o [1]
dmul                     0x802'c77d    0xc6  Code  Lc  strto64.o [4]
dot_entered             0x2000'ad8d     0x1  Data  Gb  tgui_numenterscreenfuncs.o [1]
edit_value              0x2000'acfc     0x4  Data  Gb  tgui_numenterscreenfuncs.o [1]
enter_begin             0x2000'ad8c     0x1  Data  Gb  tgui_numenterscreenfuncs.o [1]
exit                     0x804'3a37     0x4  Code  Gb  exit.o [2]
fMoveStep               0x2000'028c     0x4  Data  Gb  tgui_movezscreenfuncs.o [1]
f_close                  0x801'f777    0x2a  Code  Gb  ff.o [1]
f_closedir               0x801'f9d3    0x1c  Code  Gb  ff.o [1]
f_getfree                0x801'fa97   0x100  Code  Gb  ff.o [1]
f_lseek                  0x801'f7a1   0x1aa  Code  Gb  ff.o [1]
f_mkfs                   0x801'fd3f   0x692  Code  Gb  ff.o [1]
f_mkfs::cst              0x804'4560    0x10  Data  Lc  ff.o [1]
f_mkfs::cst32            0x804'4570    0x10  Data  Lc  ff.o [1]
f_mkfs::defopt           0x804'4580    0x10  Data  Lc  ff.o [1]
f_mount                  0x801'f063    0x54  Code  Gb  ff.o [1]
f_open                   0x801'f0d9   0x21a  Code  Gb  ff.o [1]
f_opendir                0x801'f94b    0x88  Code  Gb  ff.o [1]
f_read                   0x801'f2f3   0x1cc  Code  Gb  ff.o [1]
f_readdir                0x801'f9ef    0x5c  Code  Gb  ff.o [1]
f_stat                   0x801'fa4b    0x4c  Code  Gb  ff.o [1]
f_sync                   0x801'f6d7    0xa0  Code  Gb  ff.o [1]
f_write                  0x801'f4bf   0x218  Code  Gb  ff.o [1]
fbuff                   0x1000'0000  0x4000  Data  Gb  main.o [1]
ff_oem2uni               0x802'2647    0x3a  Code  Gb  ffunicode.o [1]
ff_uni2oem               0x802'2601    0x46  Code  Gb  ffunicode.o [1]
ff_wtoupper              0x802'2681    0xb6  Code  Gb  ffunicode.o [1]
ff_wtoupper::cvt1        0x804'154c   0x1f4  Data  Lc  ffunicode.o [1]
ff_wtoupper::cvt2        0x804'27d8    0xbc  Data  Lc  ffunicode.o [1]
filedate                0x2000'ad72     0x2  Data  Gb  tgui_fileviewscreenfuncs.o [1]
files                   0x2000'4070   0x830  Data  Gb  tgui_filesscreenfuncs.o [1]
filesize                0x2000'acf8     0x4  Data  Gb  tgui_fileviewscreenfuncs.o [1]
filetime                0x2000'ad74     0x2  Data  Gb  tgui_fileviewscreenfuncs.o [1]
find_volume              0x801'ed4d    0x6c  Code  Lc  ff.o [1]
finfo                   0x2000'8b5c   0x224  Data  Gb  main.o [1]
floorf                   0x802'ce15          Code  Gb  floorf.o [4]
fnt12_data               0x803'f2d8   0x6b4  Data  Gb  fnt12.o [1]
fnt12_width              0x804'1c24   0x140  Data  Gb  fnt12.o [1]
fnt12bold_data           0x803'eb50   0x788  Data  Gb  fnt12bold.o [1]
fnt12bold_width          0x804'1d64   0x140  Data  Gb  fnt12bold.o [1]
fnt170num_lcd_data       0x801'0188  0x66f0  Data  Gb  fnt170num_lcd.o [1]
fnt170num_lcd_width      0x804'31e4    0x38  Data  Gb  fnt170num_lcd.o [1]
fnt18_data               0x803'b134   0xea4  Data  Gb  fnt18.o [1]
fnt18_width              0x804'1ea4   0x140  Data  Gb  fnt18.o [1]
fnt18bold_data           0x803'860c  0x10c8  Data  Gb  fnt18bold.o [1]
fnt18bold_width          0x804'1fe4   0x140  Data  Gb  fnt18bold.o [1]
fnt24_data               0x803'56e4  0x1a1c  Data  Gb  fnt24.o [1]
fnt24_width              0x804'2124   0x140  Data  Gb  fnt24.o [1]
fnt24bold_data           0x803'3650  0x2094  Data  Gb  fnt24bold.o [1]
fnt24bold_width          0x804'2264   0x140  Data  Gb  fnt24bold.o [1]
fnt36_data               0x802'fabc  0x3b94  Data  Gb  fnt36.o [1]
fnt36_width              0x804'23a4   0x140  Data  Gb  fnt36.o [1]
fnt36num_data            0x803'f98c   0x684  Data  Gb  fnt36num.o [1]
fnt36num_width           0x804'321c    0x38  Data  Gb  fnt36num.o [1]
follow_path              0x801'ebe9    0x9a  Code  Lc  ff.o [1]
font_fnt12              0x2000'0000     0xc  Data  Gb  fnt12.o [1]
font_fnt12bold          0x2000'000c     0xc  Data  Gb  fnt12bold.o [1]
font_fnt170num_lcd      0x2000'0018     0xc  Data  Gb  fnt170num_lcd.o [1]
font_fnt18              0x2000'0024     0xc  Data  Gb  fnt18.o [1]
font_fnt18bold          0x2000'0030     0xc  Data  Gb  fnt18bold.o [1]
font_fnt24              0x2000'003c     0xc  Data  Gb  fnt24.o [1]
font_fnt24bold          0x2000'0048     0xc  Data  Gb  fnt24bold.o [1]
font_fnt36              0x2000'0054     0xc  Data  Gb  fnt36.o [1]
font_fnt36num           0x2000'0060     0xc  Data  Gb  fnt36num.o [1]
fpws_header             0x2000'a87c    0x30  Data  Gb  files_pws.o [1]
fpws_info               0x2000'a724    0x54  Data  Gb  files_pws.o [1]
fpws_layersdata         0x2000'ac38    0x14  Data  Gb  files_pws.o [1]
fpws_preview            0x2000'abd4    0x1c  Data  Gb  files_pws.o [1]
free                     0x803'e761     0x4  Code  Gb  heaptramp0.o [2]
fv_dirname              0x2000'a134   0x100  Data  Gb  tgui_fileviewscreenfuncs.o [1]
fv_filename             0x2000'a034   0x100  Data  Gb  tgui_fileviewscreenfuncs.o [1]
fv_filetype             0x2000'ad89     0x1  Data  Gb  tgui_fileviewscreenfuncs.o [1]
fv_tfilename            0x2000'6f20   0x400  Data  Gb  tgui_fileviewscreenfuncs.o [1]
gen_numname              0x801'e355    0xa2  Code  Lc  ff.o [1]
get_fat                  0x801'dab9   0x10a  Code  Lc  ff.o [1]
get_fattime              0x802'2761    0x50  Code  Gb  fatfs.o [1]
get_fileinfo             0x801'e795   0x1c8  Code  Lc  ff.o [1]
get_ldnumber             0x801'ec83    0x4e  Code  Lc  ff.o [1]
hFlashSpi               0x2000'a364    0x80  Data  Gb  fst_spi.o [1]
hFlashSpiDmaRx          0x2000'a504    0x60  Data  Gb  fst_spi.o [1]
hFlashSpiDmaTx          0x2000'a564    0x60  Data  Gb  fst_spi.o [1]
hI2C                    0x2000'a6d0    0x54  Data  Gb  eeprom.o [1]
hLcdDma                 0x2000'a5c4    0x60  Data  Gb  lcd_low.o [1]
hRTC                    0x2000'ab94    0x20  Data  Gb  rtc.o [1]
hStepperTim             0x2000'a7c8    0x40  Data  Gb  tim.o [1]
hTouchSpi               0x2000'a2e4    0x80  Data  Gb  fst_spi.o [1]
hTouchSpiDmaRx          0x2000'a3e4    0x60  Data  Gb  fst_spi.o [1]
hTouchSpiDmaTx          0x2000'a444    0x60  Data  Gb  fst_spi.o [1]
hUsbHost                0x2000'7720   0x3d8  Data  Gb  usb_host.o [1]
hZRefTim                0x2000'a808    0x40  Data  Gb  tim.o [1]
hhcd_USB_OTG_FS         0x2000'8898   0x2c4  Data  Gb  usbh_conf.o [1]
hsram1                  0x2000'a778    0x50  Data  Gb  fsmc.o [1]
i2c_timer               0x2000'ad78     0x1  Data  Gb  eeprom.o [1]
idle()                   0x802'752d     0xa  Code  Gb  motor.o [1]
idle()::idlecount       0x2000'acb8     0x4  Data  Lc  motor.o [1]
init_mparams             0x803'711b    0x32  Code  Lc  dlmalloc.o [2]
init_top                 0x803'714d    0x36  Code  Lc  dlmalloc.o [2]
inited                  0x2000'ad83     0x1  Data  Gb  prtfiles.o [1]
isalpha                  0x802'f0e5    0x14  Code  Gb  isalpha.o [2]
isspace                  0x802'cc99    0x14  Code  Gb  isspace.o [2]
lastfilenum             0x2000'033d     0x1  Data  Gb  tgui_filesscreenfuncs.o [1]
lcdui_bgcolor           0x2000'ad70     0x2  Data  Gb  lcd_ui.o [1]
lcdui_color             0x2000'0338     0x2  Data  Gb  lcd_ui.o [1]
lcdui_current_font      0x2000'0080     0x4  Data  Gb  lcd_ui.o [1]
lcdui_current_font_type
                        0x2000'033a     0x1  Data  Gb  lcd_ui.o [1]
lcdui_cursor_x          0x2000'ad6c     0x2  Data  Gb  lcd_ui.o [1]
lcdui_cursor_y          0x2000'ad6e     0x2  Data  Gb  lcd_ui.o [1]
lcdui_height            0x2000'0336     0x2  Data  Gb  lcd_ui.o [1]
lcdui_width             0x2000'0334     0x2  Data  Gb  lcd_ui.o [1]
ld_clust                 0x801'e149    0x26  Code  Lc  ff.o [1]
ld_dword                 0x801'd831    0x16  Code  Lc  ff.o [1]
ld_word                  0x801'd825     0xc  Code  Lc  ff.o [1]
ldata_length            0x2000'acc4     0x4  Data  Gb  printing.o [1]
ldata_offset_begin      0x2000'acbc     0x4  Data  Gb  printing.o [1]
ldata_offset_current    0x2000'acc0     0x4  Data  Gb  printing.o [1]
ldexp                    0x802'34d9          Code  Gb  ldexp.o [4]
ldexpl                   0x802'34d9          Code  Gb  ldexp.o [4]
lmos                     0x804'3f74    0x18  Data  Lc  datetime.o [1]
lngCurrent              0x2000'007c     0x4  Data  Gb  languages.o [1]
lngLanguages            0x2000'006c    0x10  Data  Gb  languages.o [1]
localeconv               0x802'2f2b     0x4  Code  Gb  xlocale_c.o [2]
lroundf                  0x802'cfa9          Code  Gb  lroundf.o [4]
main                     0x802'3a49  0x1184  Code  Gb  main.o [1]
mem_cmp                  0x801'd88d    0x1e  Code  Lc  ff.o [1]
mem_cpy                  0x801'd86d    0x14  Code  Lc  ff.o [1]
mem_set                  0x801'd881     0xc  Code  Lc  ff.o [1]
memchr                   0x802'2fd1          Code  Gb  memchr.o [5]
mos                      0x804'3f8c    0x18  Data  Lc  datetime.o [1]
mount_volume             0x801'edb9   0x262  Code  Lc  ff.o [1]
move_window              0x801'd9cd    0x3e  Code  Lc  ff.o [1]
mparams                 0x2000'ac20    0x18  Data  Lc  dlmalloc.o [2]
msg                     0x2000'95a0   0x200  Data  Gb  main.o [1]
ndigs                    0x804'2e6c    0x28  Data  Lc  iar_Stoulx.o [2]
ndigs                    0x804'2ebc    0x28  Data  Lc  iar_Stoullx.o [2]
nomorefiles             0x2000'ad88     0x1  Data  Gb  tgui_filesscreenfuncs.o [1]
numstr                  0x2000'abb4    0x20  Data  Gb  tgui_numenterscreenfuncs.o [1]
numstr_len              0x2000'ad8b     0x1  Data  Gb  tgui_numenterscreenfuncs.o [1]
oldUsbMounted           0x2000'ad85     0x1  Data  Gb  tgui_filesscreenfuncs.o [1]
old_datetime            0x2000'aca0     0x8  Data  Gb  tgui_screensaverfuncs.o [1]
old_layer               0x2000'ad04     0x4  Data  Gb  tgui_printscreenfuncs.o [1]
old_pause               0x2000'ad8e     0x1  Data  Gb  tgui_printscreenfuncs.o [1]
old_time                0x2000'ad00     0x4  Data  Gb  tgui_printscreenfuncs.o [1]
pfile_type              0x2000'ad82     0x1  Data  Gb  prtfiles.o [1]
pick_lfn                 0x801'e239    0x90  Code  Lc  ff.o [1]
pows                     0x804'3030    0x48  Data  Lc  strto64.o [4]
prepend_alloc            0x803'7183   0x346  Code  Lc  dlmalloc.o [2]
prev_position           0x2000'ac90     0x8  Data  Gb  printing.o [1]
prevcolors               0x804'5058     0x4  Data  Lc  printing.o [1]
previmage               0x2000'0340  0x1cc0  Data  Gb  printing.o [1]
prt_file                0x2000'acd0     0x4  Data  Gb  prtfiles.o [1]
put_fat                  0x801'dbc3   0x15c  Code  Lc  ff.o [1]
put_lfn                  0x801'e2c9    0x84  Code  Lc  ff.o [1]
put_utf                  0x801'd921    0x5c  Code  Lc  ff.o [1]
ranmatch                 0x803'c341    0x44  Code  Lc  xscanffull.o [2]
reTransmission_all_cnt  0x2000'acac     0x4  Data  Gb  cpld_utils.o [1]
reTransmission_data_cnt
                        0x2000'aca8     0x4  Data  Gb  cpld_utils.o [1]
remove_chain             0x801'dd1f    0x8e  Code  Lc  ff.o [1]
resX                    0x2000'acc8     0x4  Data  Gb  printing.o [1]
resY                    0x2000'accc     0x4  Data  Gb  printing.o [1]
retSPIFL                0x2000'ad7a     0x1  Data  Gb  fatfs.o [1]
retUSBH                 0x2000'ad79     0x1  Data  Gb  fatfs.o [1]
s_tfname                0x2000'6720   0x400  Data  Gb  main.o [1]
scalbln                  0x802'34d9          Code  Gb  ldexp.o [4]
scalblnl                 0x802'34d9          Code  Gb  ldexp.o [4]
scalbn                   0x802'34d9          Code  Gb  ldexp.o [4]
scalbnl                  0x802'34d9          Code  Gb  ldexp.o [4]
scale                    0x802'1703    0x46  Code  Lc  xprintffull.o [2]
scrTimeTimer            0x2000'033c     0x1  Data  Gb  tgui_defaultfuncs.o [1]
sec_hand                0x2000'ad60     0x4  Data  Lc  xfail_s.o [2]
segment_holding          0x803'7101    0x1a  Code  Lc  dlmalloc.o [2]
sfile                   0x1000'5028  0x1028  Data  Gb  main.o [1]
sprintf                  0x801'c6a5    0x40  Code  Gb  sprintf.o [2]
sqrtf                    0x802'c75d          Code  Gb  sqrtf.o [4]
srvMode                 0x2000'ad81     0x1  Data  Gb  main.o [1]
sscanf                   0x804'0cb1    0x28  Code  Gb  sscanf.o [2]
st_clust                 0x801'e16f    0x2a  Code  Lc  ff.o [1]
st_dword                 0x801'd855    0x18  Code  Lc  ff.o [1]
st_word                  0x801'd847     0xe  Code  Lc  ff.o [1]
strcat                   0x803'a5a5    0x1e  Code  Gb  strcat.o [2]
strchr                   0x802'2f39          Code  Gb  strchr.o [5]
strcmp                   0x802'78e1          Code  Gb  strcmp.o [5]
strcpy                   0x803'a58d          Code  Gb  strcpy.o [5]
strcpy_utf(char *, char *)
                         0x802'0629    0x28  Code  Gb  unicode_utils.o [1]
strlen                   0x802'2f99          Code  Gb  strlen.o [5]
strncpy                  0x802'0a99          Code  Gb  strncpy.o [5]
strtoll                  0x803'cf05     0x2  Code  Gb  iar_Stollx.o [2]
strtoul                  0x802'947d     0x2  Code  Gb  iar_Stoulx.o [2]
strtoull                 0x803'd0b9     0x2  Code  Gb  iar_Stoullx.o [2]
strtrim(char *)          0x802'06e3    0x5e  Code  Gb  unicode_utils.o [1]
strupper_utf(char *)     0x802'0741    0x5e  Code  Gb  unicode_utils.o [1]
subdir                  0x2000'ad87     0x1  Data  Gb  tgui_filesscreenfuncs.o [1]
sum_sfn                  0x801'e3f7    0x20  Code  Lc  ff.o [1]
sync_fs                  0x801'da0b    0x94  Code  Lc  ff.o [1]
sync_window              0x801'd97d    0x50  Code  Lc  ff.o [1]
sys_alloc                0x803'76c1   0x164  Code  Lc  dlmalloc.o [2]
sys_trim                 0x803'7825    0x64  Code  Lc  dlmalloc.o [2]
systemInfo              0x2000'ab1c    0x28  Data  Gb  config.o [1]
tchar2uni                0x801'd8db    0x46  Code  Lc  ff.o [1]
tfname                  0x1000'7078   0x400  Data  Gb  tgui.o [1]
tguiActiveScreen        0x2000'acf4     0x4  Data  Gb  tgui.o [1]
tguiClockSet            0x2000'aabc    0x30  Data  Gb  tgui.o [1]
tguiDBuff               0x2000'ada0  0x1000  Data  Gb  tgui.o [1]
tguiDefaultConfig       0x2000'ab44    0x28  Data  Gb  tgui.o [1]
tguiFBuff               0x2000'bda0   0x200  Data  Gb  tgui.o [1]
tguiFile                0x1000'6050  0x1028  Data  Gb  tgui.o [1]
tguiMsgBox              0x2000'8230   0x350  Data  Gb  tgui.o [1]
tguiScrClockSetButtons  0x2000'5478   0x5d8  Data  Gb  tgui.o [1]
tguiScrFilesButtons     0x2000'7ec0   0x370  Data  Gb  tgui.o [1]
tguiScrFilesListButtons
                        0x2000'5a50   0x4d0  Data  Gb  tgui.o [1]
tguiScrFileviewButtons  0x2000'8d80   0x210  Data  Gb  tgui.o [1]
tguiScrInfoButtons      0x2000'a234    0xb0  Data  Gb  tgui.o [1]
tguiScrLanguageButtons  0x2000'9e2c   0x108  Data  Gb  tgui.o [1]
tguiScrMainButtons      0x2000'9ccc   0x160  Data  Gb  tgui.o [1]
tguiScrMovezButtons     0x2000'7af8   0x3c8  Data  Gb  tgui.o [1]
tguiScrNumenterButtons  0x2000'4ea0   0x5d8  Data  Gb  tgui.o [1]
tguiScrPrintButtons     0x2000'8f90   0x210  Data  Gb  tgui.o [1]
tguiScrServiceButtons   0x2000'9978   0x1b8  Data  Gb  tgui.o [1]
tguiScrSettingsButtons  0x2000'8580   0x318  Data  Gb  tgui.o [1]
tguiScreenFiles         0x2000'a99c    0x30  Data  Gb  tgui.o [1]
tguiScreenFilesList     0x2000'a9cc    0x30  Data  Gb  tgui.o [1]
tguiScreenFileview      0x2000'aa5c    0x30  Data  Gb  tgui.o [1]
tguiScreenInfo          0x2000'a93c    0x30  Data  Gb  tgui.o [1]
tguiScreenLanguage      0x2000'a90c    0x30  Data  Gb  tgui.o [1]
tguiScreenMain          0x2000'a8ac    0x30  Data  Gb  tgui.o [1]
tguiScreenMovez         0x2000'a96c    0x30  Data  Gb  tgui.o [1]
tguiScreenNumenter      0x2000'aa2c    0x30  Data  Gb  tgui.o [1]
tguiScreenPrint         0x2000'aa8c    0x30  Data  Gb  tgui.o [1]
tguiScreenSaver         0x2000'aaec    0x30  Data  Gb  tgui.o [1]
tguiScreenSaverButtons  0x2000'a624    0x58  Data  Gb  tgui.o [1]
tguiScreenService       0x2000'a8dc    0x30  Data  Gb  tgui.o [1]
tguiScreenSettings      0x2000'a9fc    0x30  Data  Gb  tgui.o [1]
tguiScreenTimer         0x2000'ad80     0x1  Data  Gb  main.o [1]
tguiTimer               0x2000'ad7d     0x1  Data  Gb  main.o [1]
tmalloc_large            0x803'7895   0x386  Code  Lc  dlmalloc.o [2]
tmalloc_small            0x803'7c1b   0x200  Code  Lc  dlmalloc.o [2]
tolower                  0x802'ccad    0x14  Code  Gb  tolower.o [2]
touch_buff              0x2000'a4a4    0x60  Data  Gb  fst_spi.o [1]
touch_info              0x2000'ac5c    0x10  Data  Gb  touch.o [1]
touch_point             0x2000'ad08     0x4  Data  Gb  touch.o [1]
tstrcat(unsigned short *, unsigned short *)
                         0x802'0673    0x2c  Code  Gb  unicode_utils.o [1]
tstrcat_utf(unsigned short *, char *)
                         0x802'069f    0x44  Code  Gb  unicode_utils.o [1]
tstrcpy(unsigned short *, unsigned short *)
                         0x802'0651    0x22  Code  Gb  unicode_utils.o [1]
typeval                 0x2000'ad8a     0x1  Data  Gb  tgui_numenterscreenfuncs.o [1]
u_tfname                0x2000'6320   0x400  Data  Gb  main.o [1]
uc866                    0x804'2610   0x100  Data  Lc  ffunicode.o [1]
ufile                   0x1000'4000  0x1028  Data  Gb  main.o [1]
uvfan_timer             0x2000'acf0     0x4  Data  Gb  sys_timer.o [1]
uvled_timer             0x2000'ace8     0x4  Data  Gb  sys_timer.o [1]
uvpause_timer           0x2000'acec     0x4  Data  Gb  sys_timer.o [1]
uwTick                  0x2000'acdc     0x4  Data  Gb  stm32f4xx_hal.o [1]
uwTickFreq              0x2000'033b     0x1  Data  Gb  stm32f4xx_hal.o [1]
uwTickPrio              0x2000'0084     0x4  Data  Gb  stm32f4xx_hal.o [1]
validate                 0x801'f01b    0x48  Code  Lc  ff.o [1]
wctob                    0x803'ce31    0x32  Code  Gb  wctob.o [2]
zDisTimer               0x2000'ad7f     0x1  Data  Gb  main.o [1]
zHoldTimer              0x2000'ad7e     0x1  Data  Gb  main.o [1]
zPlanner                0x2000'ad93     0x1  Data  Gb  z_planner.o [1]


[1] = D:\Electronics\Projects\MKS_DLP_new\SRC\firmware\MKSDLP_Alter_Debug\Obj
[2] = dl7M_tlf.a
[3] = dlpp7M_tl_fc.a
[4] = m7M_tls.a
[5] = rt7M_tl.a
[6] = shb_l.a

  133 121 bytes of readonly  code memory
   84 323 bytes of readonly  data memory
  103 445 bytes of readwrite data memory

Errors: none
Warnings: none
