###############################################################################
#
# IAR ELF Linker V8.32.1.169/W32 for ARM                  17/Aug/2020  12:32:58
# Copyright 2007-2018 IAR Systems AB.
#
#    Output file  =  
#        D:\Electronics\Projects\MKS_DLP_new\SRC\firmware\MKSDLP_Alter_debug\Exe\MKS_DLP_new.out
#    Map file     =  
#        D:\Electronics\Projects\MKS_DLP_new\SRC\firmware\MKSDLP_Alter_debug\List\MKS_DLP_new.map
#    Command line =  
#        -f C:\Temp\EWE261.tmp
#        (D:\Electronics\Projects\MKS_DLP_new\SRC\firmware\MKSDLP_Alter_Debug\Obj\config.o
#        D:\Electronics\Projects\MKS_DLP_new\SRC\firmware\MKSDLP_Alter_Debug\Obj\cpld_utils.o
#        D:\Electronics\Projects\MKS_DLP_new\SRC\firmware\MKSDLP_Alter_Debug\Obj\datetime.o
#        D:\Electronics\Projects\MKS_DLP_new\SRC\firmware\MKSDLP_Alter_Debug\Obj\diskio.o
#        D:\Electronics\Projects\MKS_DLP_new\SRC\firmware\MKSDLP_Alter_Debug\Obj\fatfs.o
#        D:\Electronics\Projects\MKS_DLP_new\SRC\firmware\MKSDLP_Alter_Debug\Obj\ff.o
#        D:\Electronics\Projects\MKS_DLP_new\SRC\firmware\MKSDLP_Alter_Debug\Obj\ff_gen_drv.o
#        D:\Electronics\Projects\MKS_DLP_new\SRC\firmware\MKSDLP_Alter_Debug\Obj\ffsystem.o
#        D:\Electronics\Projects\MKS_DLP_new\SRC\firmware\MKSDLP_Alter_Debug\Obj\ffunicode.o
#        D:\Electronics\Projects\MKS_DLP_new\SRC\firmware\MKSDLP_Alter_Debug\Obj\files_pws.o
#        D:\Electronics\Projects\MKS_DLP_new\SRC\firmware\MKSDLP_Alter_Debug\Obj\fnt12.o
#        D:\Electronics\Projects\MKS_DLP_new\SRC\firmware\MKSDLP_Alter_Debug\Obj\fnt12bold.o
#        D:\Electronics\Projects\MKS_DLP_new\SRC\firmware\MKSDLP_Alter_Debug\Obj\fnt18.o
#        D:\Electronics\Projects\MKS_DLP_new\SRC\firmware\MKSDLP_Alter_Debug\Obj\fnt18bold.o
#        D:\Electronics\Projects\MKS_DLP_new\SRC\firmware\MKSDLP_Alter_Debug\Obj\fnt24.o
#        D:\Electronics\Projects\MKS_DLP_new\SRC\firmware\MKSDLP_Alter_Debug\Obj\fnt24bold.o
#        D:\Electronics\Projects\MKS_DLP_new\SRC\firmware\MKSDLP_Alter_Debug\Obj\fsmc.o
#        D:\Electronics\Projects\MKS_DLP_new\SRC\firmware\MKSDLP_Alter_Debug\Obj\fst_spi.o
#        D:\Electronics\Projects\MKS_DLP_new\SRC\firmware\MKSDLP_Alter_Debug\Obj\gpio.o
#        D:\Electronics\Projects\MKS_DLP_new\SRC\firmware\MKSDLP_Alter_Debug\Obj\languages.o
#        D:\Electronics\Projects\MKS_DLP_new\SRC\firmware\MKSDLP_Alter_Debug\Obj\lcd_low.o
#        D:\Electronics\Projects\MKS_DLP_new\SRC\firmware\MKSDLP_Alter_Debug\Obj\lcd_ui.o
#        D:\Electronics\Projects\MKS_DLP_new\SRC\firmware\MKSDLP_Alter_Debug\Obj\main.o
#        D:\Electronics\Projects\MKS_DLP_new\SRC\firmware\MKSDLP_Alter_Debug\Obj\motor.o
#        D:\Electronics\Projects\MKS_DLP_new\SRC\firmware\MKSDLP_Alter_Debug\Obj\prtfiles.o
#        D:\Electronics\Projects\MKS_DLP_new\SRC\firmware\MKSDLP_Alter_Debug\Obj\rtc.o
#        D:\Electronics\Projects\MKS_DLP_new\SRC\firmware\MKSDLP_Alter_Debug\Obj\spi_flash.o
#        D:\Electronics\Projects\MKS_DLP_new\SRC\firmware\MKSDLP_Alter_Debug\Obj\spifl_diskio.o
#        D:\Electronics\Projects\MKS_DLP_new\SRC\firmware\MKSDLP_Alter_Debug\Obj\ssd_utils.o
#        D:\Electronics\Projects\MKS_DLP_new\SRC\firmware\MKSDLP_Alter_Debug\Obj\startup_stm32f407xx.o
#        D:\Electronics\Projects\MKS_DLP_new\SRC\firmware\MKSDLP_Alter_Debug\Obj\stm32f4xx_hal.o
#        D:\Electronics\Projects\MKS_DLP_new\SRC\firmware\MKSDLP_Alter_Debug\Obj\stm32f4xx_hal_cortex.o
#        D:\Electronics\Projects\MKS_DLP_new\SRC\firmware\MKSDLP_Alter_Debug\Obj\stm32f4xx_hal_dma.o
#        D:\Electronics\Projects\MKS_DLP_new\SRC\firmware\MKSDLP_Alter_Debug\Obj\stm32f4xx_hal_dma_ex.o
#        D:\Electronics\Projects\MKS_DLP_new\SRC\firmware\MKSDLP_Alter_Debug\Obj\stm32f4xx_hal_exti.o
#        D:\Electronics\Projects\MKS_DLP_new\SRC\firmware\MKSDLP_Alter_Debug\Obj\stm32f4xx_hal_flash.o
#        D:\Electronics\Projects\MKS_DLP_new\SRC\firmware\MKSDLP_Alter_Debug\Obj\stm32f4xx_hal_flash_ex.o
#        D:\Electronics\Projects\MKS_DLP_new\SRC\firmware\MKSDLP_Alter_Debug\Obj\stm32f4xx_hal_flash_ramfunc.o
#        D:\Electronics\Projects\MKS_DLP_new\SRC\firmware\MKSDLP_Alter_Debug\Obj\stm32f4xx_hal_gpio.o
#        D:\Electronics\Projects\MKS_DLP_new\SRC\firmware\MKSDLP_Alter_Debug\Obj\stm32f4xx_hal_hcd.o
#        D:\Electronics\Projects\MKS_DLP_new\SRC\firmware\MKSDLP_Alter_Debug\Obj\stm32f4xx_hal_msp.o
#        D:\Electronics\Projects\MKS_DLP_new\SRC\firmware\MKSDLP_Alter_Debug\Obj\stm32f4xx_hal_pwr.o
#        D:\Electronics\Projects\MKS_DLP_new\SRC\firmware\MKSDLP_Alter_Debug\Obj\stm32f4xx_hal_pwr_ex.o
#        D:\Electronics\Projects\MKS_DLP_new\SRC\firmware\MKSDLP_Alter_Debug\Obj\stm32f4xx_hal_rcc.o
#        D:\Electronics\Projects\MKS_DLP_new\SRC\firmware\MKSDLP_Alter_Debug\Obj\stm32f4xx_hal_rcc_ex.o
#        D:\Electronics\Projects\MKS_DLP_new\SRC\firmware\MKSDLP_Alter_Debug\Obj\stm32f4xx_hal_rtc.o
#        D:\Electronics\Projects\MKS_DLP_new\SRC\firmware\MKSDLP_Alter_Debug\Obj\stm32f4xx_hal_rtc_ex.o
#        D:\Electronics\Projects\MKS_DLP_new\SRC\firmware\MKSDLP_Alter_Debug\Obj\stm32f4xx_hal_spi.o
#        D:\Electronics\Projects\MKS_DLP_new\SRC\firmware\MKSDLP_Alter_Debug\Obj\stm32f4xx_hal_sram.o
#        D:\Electronics\Projects\MKS_DLP_new\SRC\firmware\MKSDLP_Alter_Debug\Obj\stm32f4xx_hal_tim.o
#        D:\Electronics\Projects\MKS_DLP_new\SRC\firmware\MKSDLP_Alter_Debug\Obj\stm32f4xx_hal_tim_ex.o
#        D:\Electronics\Projects\MKS_DLP_new\SRC\firmware\MKSDLP_Alter_Debug\Obj\stm32f4xx_it.o
#        D:\Electronics\Projects\MKS_DLP_new\SRC\firmware\MKSDLP_Alter_Debug\Obj\stm32f4xx_ll_fsmc.o
#        D:\Electronics\Projects\MKS_DLP_new\SRC\firmware\MKSDLP_Alter_Debug\Obj\stm32f4xx_ll_usb.o
#        D:\Electronics\Projects\MKS_DLP_new\SRC\firmware\MKSDLP_Alter_Debug\Obj\sys_timer.o
#        D:\Electronics\Projects\MKS_DLP_new\SRC\firmware\MKSDLP_Alter_Debug\Obj\system_stm32f4xx.o
#        D:\Electronics\Projects\MKS_DLP_new\SRC\firmware\MKSDLP_Alter_Debug\Obj\tgui.o
#        D:\Electronics\Projects\MKS_DLP_new\SRC\firmware\MKSDLP_Alter_Debug\Obj\tgui_defaultfuncs.o
#        D:\Electronics\Projects\MKS_DLP_new\SRC\firmware\MKSDLP_Alter_Debug\Obj\tgui_filesscreenfuncs.o
#        D:\Electronics\Projects\MKS_DLP_new\SRC\firmware\MKSDLP_Alter_Debug\Obj\tgui_infoscreenfuncs.o
#        D:\Electronics\Projects\MKS_DLP_new\SRC\firmware\MKSDLP_Alter_Debug\Obj\tgui_langscreenfuncs.o
#        D:\Electronics\Projects\MKS_DLP_new\SRC\firmware\MKSDLP_Alter_Debug\Obj\tgui_mainscreenfuncs.o
#        D:\Electronics\Projects\MKS_DLP_new\SRC\firmware\MKSDLP_Alter_Debug\Obj\tgui_messagebox.o
#        D:\Electronics\Projects\MKS_DLP_new\SRC\firmware\MKSDLP_Alter_Debug\Obj\tgui_movezscreenfuncs.o
#        D:\Electronics\Projects\MKS_DLP_new\SRC\firmware\MKSDLP_Alter_Debug\Obj\tim.o
#        D:\Electronics\Projects\MKS_DLP_new\SRC\firmware\MKSDLP_Alter_Debug\Obj\touch.o
#        D:\Electronics\Projects\MKS_DLP_new\SRC\firmware\MKSDLP_Alter_Debug\Obj\unicode_utils.o
#        D:\Electronics\Projects\MKS_DLP_new\SRC\firmware\MKSDLP_Alter_Debug\Obj\usb_host.o
#        D:\Electronics\Projects\MKS_DLP_new\SRC\firmware\MKSDLP_Alter_Debug\Obj\usbh_conf.o
#        D:\Electronics\Projects\MKS_DLP_new\SRC\firmware\MKSDLP_Alter_Debug\Obj\usbh_core.o
#        D:\Electronics\Projects\MKS_DLP_new\SRC\firmware\MKSDLP_Alter_Debug\Obj\usbh_ctlreq.o
#        D:\Electronics\Projects\MKS_DLP_new\SRC\firmware\MKSDLP_Alter_Debug\Obj\usbh_diskio.o
#        D:\Electronics\Projects\MKS_DLP_new\SRC\firmware\MKSDLP_Alter_Debug\Obj\usbh_ioreq.o
#        D:\Electronics\Projects\MKS_DLP_new\SRC\firmware\MKSDLP_Alter_Debug\Obj\usbh_msc.o
#        D:\Electronics\Projects\MKS_DLP_new\SRC\firmware\MKSDLP_Alter_Debug\Obj\usbh_msc_bot.o
#        D:\Electronics\Projects\MKS_DLP_new\SRC\firmware\MKSDLP_Alter_Debug\Obj\usbh_msc_scsi.o
#        D:\Electronics\Projects\MKS_DLP_new\SRC\firmware\MKSDLP_Alter_Debug\Obj\usbh_pipes.o
#        D:\Electronics\Projects\MKS_DLP_new\SRC\firmware\MKSDLP_Alter_Debug\Obj\usbh_platform.o
#        D:\Electronics\Projects\MKS_DLP_new\SRC\firmware\MKSDLP_Alter_Debug\Obj\uvdisplay.o
#        D:\Electronics\Projects\MKS_DLP_new\SRC\firmware\MKSDLP_Alter_Debug\Obj\z_endstops.o
#        D:\Electronics\Projects\MKS_DLP_new\SRC\firmware\MKSDLP_Alter_Debug\Obj\z_planner.o
#        D:\Electronics\Projects\MKS_DLP_new\SRC\firmware\MKSDLP_Alter_Debug\Obj\z_stepper.o
#        --redirect _Printf=_PrintfFull --redirect _Scanf=_ScanfFull
#        --no_out_extension -o
#        D:\Electronics\Projects\MKS_DLP_new\SRC\firmware\MKSDLP_Alter_debug\Exe\MKS_DLP_new.out
#        --map
#        D:\Electronics\Projects\MKS_DLP_new\SRC\firmware\MKSDLP_Alter_debug\List\MKS_DLP_new.map
#        --log libraries,call_graph --log_file
#        D:\Electronics\Projects\MKS_DLP_new\SRC\firmware\MKSDLP_Alter_debug\List\MKS_DLP_new.log
#        --config
#        D:\Electronics\Projects\MKS_DLP_new\SRC\firmware/config/stm32f407xx_flash.icf
#        --semihosting --entry __iar_program_start --merge_duplicate_sections
#        --vfe --text_out locale)
#
###############################################################################

*******************************************************************************
*** RUNTIME MODEL ATTRIBUTES
***

CppFlavor                     = *
__CPP_Exceptions              = Disabled
__CPP_Language                = C++14
__Heap_Handler                = DLMalloc
__SystemLibrary               = DLib
__dlib_dynamic_initialization = normal
__dlib_version                = 6


*******************************************************************************
*** HEAP SELECTION
***

The advanced heap was selected because the application calls memory
allocation functions outside of system library functions, and there
are calls to deallocation functions in the application.


*******************************************************************************
*** PLACEMENT SUMMARY
***

"A0":  place at 0x801'0000 { ro section .intvec };
"P1":  place in [from 0x801'0000 to 0x807'ffff] { ro };
define block CSTACK with size = 16K, alignment = 8 { };
define block HEAP with size = 8K, alignment = 8 { };
"P2":  place in [from 0x2000'0000 to 0x2001'ffff] {
          rw, block CSTACK, block HEAP };
"P3":  place in [from 0x1000'0000 to 0x1000'ffff] { rw section CCMRAM };
initialize by copy { rw };

  Section                Kind         Address     Size  Object
  -------                ----         -------     ----  ------
"A0":                                            0x188
  .intvec                ro code   0x801'0000    0x188  startup_stm32f407xx.o [1]
                                 - 0x801'0188    0x188

"P1":                                          0x1ea3b
  .text                  ro code   0x801'0188   0x2b00  ff.o [1]
  .text                  ro code   0x801'2c88     0xb0  diskio.o [1]
  .text                  ro code   0x801'2d38    0x144  ffunicode.o [1]
  .text                  ro code   0x801'2e7c    0x158  fatfs.o [1]
  .text                  ro code   0x801'2fd4     0x54  ff_gen_drv.o [1]
  .text                  ro code   0x801'3028    0x418  stm32f4xx_hal_rtc.o [1]
  .text                  ro code   0x801'3440     0x36  strlen.o [5]
  .text                  ro code   0x801'3476     0x7a  lz77_init_single.o [5]
  .text                  ro code   0x801'34f0      0xc  stm32f4xx_hal.o [1]
  .text                  ro code   0x801'34fc   0x2796  tgui.o [1]
  .text                  ro code   0x801'5c92     0x3a  zero_init3.o [5]
  .text                  ro code   0x801'5ccc     0x66  ABImemset.o [5]
  .text                  ro code   0x801'5d32     0x1e  xencoding_8859_1.o [2]
  .text                  ro code   0x801'5d50    0xaa0  tgui_defaultfuncs.o [1]
  .text                  ro code   0x801'67f0     0xa6  ABImemcpy.o [5]
  .text                  ro code   0x801'6896      0xa  xsprout.o [2]
  .text                  ro code   0x801'68a0     0x40  languages.o [1]
  .text                  ro code   0x801'68e0    0x718  tgui_messagebox.o [1]
  .text                  ro code   0x801'6ff8    0x120  sys_timer.o [1]
  .text                  ro code   0x801'7118     0x94  datetime.o [1]
  .text                  ro code   0x801'71ac     0x40  sprintf.o [2]
  .text                  ro code   0x801'71ec    0xb44  lcd_ui.o [1]
  .text                  ro code   0x801'7d30    0x50c  lcd_low.o [1]
  .text                  ro code   0x801'823c    0x280  unicode_utils.o [1]
  .text                  ro code   0x801'84bc    0x274  touch.o [1]
  .text                  ro code   0x801'8730     0x70  strncpy.o [5]
  .text                  ro code   0x801'87a0    0xf46  xprintffull.o [2]
  .rodata                const     0x801'96e6      0x2  languages.o [1]
  .text                  ro code   0x801'96e8     0x28  stm32f4xx_hal.o [1]
  .text                  ro code   0x801'9710    0x114  fsmc.o [1]
  .text                  ro code   0x801'9824    0x458  stm32f4xx_hal_dma.o [1]
  .text                  ro code   0x801'9c7c    0x12c  stm32f4xx_hal_cortex.o [1]
  .text                  ro code   0x801'9da8    0x550  fst_spi.o [1]
  .text                  ro code   0x801'a2f8     0x78  xlocale_c.o [2]
  .text                  ro code   0x801'a370     0x16  strchr.o [5]
  .rodata                const     0x801'a386      0x2  languages.o [1]
  .text                  ro code   0x801'a388     0x40  xfail_s.o [2]
  .text                  ro code   0x801'a3c8     0x58  memchr.o [5]
  .text                  ro code   0x801'a420      0xa  xmbcurmax.o [2]
  .rodata                const     0x801'a42a      0x1  unwind_debug.o [6]
  .text                  ro code   0x801'a42c    0x230  I64DivMod.o [5]
  .text                  ro code   0x801'a65c    0x1a2  DblMul.o [4]
  .text                  ro code   0x801'a800     0x70  frexp.o [4]
  .text                  ro code   0x801'a870     0x2e  DblCmpLe.o [4]
  .text                  ro code   0x801'a8a0     0x2e  DblCmpGe.o [4]
  .text                  ro code   0x801'a8d0    0x13a  ldexp.o [4]
  .text                  ro code   0x801'aa0c     0x3a  DblToS32.o [4]
  .text                  ro code   0x801'aa48     0x22  S32ToDbl.o [4]
  .text                  ro code   0x801'aa6c     0xe2  DblSub.o [4]
  .text                  ro code   0x801'ab50    0x246  DblDiv.o [4]
  .text                  ro code   0x801'ad98     0x28  DblToU32.o [4]
  .text                  ro code   0x801'adc0     0x1a  U32ToDbl.o [4]
  .text                  ro code   0x801'addc      0x6  ABImemclr4.o [5]
  .text                  ro code   0x801'ade4     0x5c  stm32f4xx_hal_sram.o [1]
  .text                  ro code   0x801'ae40    0xa52  main.o [1]
  .text                  ro code   0x801'b894    0x252  stm32f4xx_hal_gpio.o [1]
  .text                  ro code   0x801'bae8    0x5fa  stm32f4xx_hal_spi.o [1]
  .text                  ro code   0x801'c0e2      0x6  abort.o [2]
  .text                  ro code   0x801'c0e8      0x2  stm32f4xx_hal_spi.o [1]
  .text                  ro code   0x801'c0ec    0x16a  DblAdd.o [4]
  .text                  ro code   0x801'c258     0x32  ABImemset48.o [5]
  .text                  ro code   0x801'c28c     0xe4  stm32f4xx_ll_fsmc.o [1]
  .text                  ro code   0x801'c370     0x34  stm32f4xx_hal.o [1]
  .text                  ro code   0x801'c3a4    0x28c  gpio.o [1]
  .text                  ro code   0x801'c630    0x304  spi_flash.o [1]
  .text                  ro code   0x801'c934     0xc8  rtc.o [1]
  .text                  ro code   0x801'c9fc     0xbc  config.o [1]
  .text                  ro code   0x801'cab8    0x25c  motor.o [1]
  .text                  ro code   0x801'cd14      0xc  uvdisplay.o [1]
  .text                  ro code   0x801'cd20     0x20  usbh_platform.o [1]
  .text                  ro code   0x801'cd40     0x8c  usb_host.o [1]
  .text                  ro code   0x801'cdcc     0x12  strcmp.o [5]
  .text                  ro code   0x801'cde0     0x48  FltToDbl.o [4]
  .text                  ro code   0x801'ce28     0x68  DblToFlt.o [4]
  .text                  ro code   0x801'ce90    0x2cc  tgui_movezscreenfuncs.o [1]
  .text                  ro code   0x801'd15c    0x3b4  stm32f4xx_hal_rcc.o [1]
  .text                  ro code   0x801'd510    0x1d4  stm32f4xx_hal_rcc.o [1]
  .text                  ro code   0x801'd6e4    0x150  stm32f4xx_hal_rcc_ex.o [1]
  .text                  ro code   0x801'd834     0x14  exit.o [6]
  .text                  ro code   0x801'd848     0x4c  stm32f4xx_hal.o [1]
  .text                  ro code   0x801'd894     0x40  stm32f4xx_hal_msp.o [1]
  .text                  ro code   0x801'd8d4     0x20  spi_flash.o [1]
  .text                  ro code   0x801'd8f4     0xe4  z_endstops.o [1]
  .text                  ro code   0x801'd9d8    0xe34  z_planner.o [1]
  .text                  ro code   0x801'e80c    0x5a4  z_stepper.o [1]
  .text                  ro code   0x801'edb0    0x1e8  tim.o [1]
  .text                  ro code   0x801'ef98    0x78a  stm32f4xx_hal_tim.o [1]
  .text                  ro code   0x801'f724     0x14  motor.o [1]
  .text                  ro code   0x801'f738      0xc  z_endstops.o [1]
  .text                  ro code   0x801'f744     0x18  z_endstops.o [1]
  .text                  ro code   0x801'f75c     0x20  z_stepper.o [1]
  .text                  ro code   0x801'f77c     0x20  motor.o [1]
  .text                  ro code   0x801'f79c     0xa2  cpld_utils.o [1]
  .text                  ro code   0x801'f840    0x580  ssd_utils.o [1]
  .text                  ro code   0x801'fdc0    0x79e  usbh_core.o [1]
  .text                  ro code   0x802'0560     0x18  z_stepper.o [1]
  .text                  ro code   0x802'0578     0x24  z_planner.o [1]
  .text                  ro code   0x802'059c     0x18  z_planner.o [1]
  .text                  ro code   0x802'05b4      0x8  z_stepper.o [1]
  .text                  ro code   0x802'05bc     0x3c  ceilf.o [4]
  .text                  ro code   0x802'05f8     0xac  z_planner.o [1]
  .text                  ro code   0x802'06a4     0x3c  floorf.o [4]
  .text                  ro code   0x802'06e0     0xbc  z_planner.o [1]
  .text                  ro code   0x802'079c     0x12  z_planner.o [1]
  .text                  ro code   0x802'07ae      0x8  z_planner.o [1]
  .text                  ro code   0x802'07b8     0x1e  sqrtf.o [4]
  .text                  ro code   0x802'07d8     0x20  z_stepper.o [1]
  .text                  ro code   0x802'07f8     0x10  z_stepper.o [1]
  .text                  ro code   0x802'0808      0xc  z_stepper.o [1]
  .text                  ro code   0x802'0814     0x38  z_planner.o [1]
  .text                  ro code   0x802'084c     0x18  z_planner.o [1]
  .text                  ro code   0x802'0864     0x2e  lroundf.o [4]
  .text                  ro code   0x802'0894     0x1c  z_stepper.o [1]
  .text                  ro code   0x802'08b0     0x2c  z_stepper.o [1]
  .text                  ro code   0x802'08dc     0xac  stm32f4xx_hal_tim_ex.o [1]
  .text                  ro code   0x802'0988    0x2f8  usbh_conf.o [1]
  .text                  ro code   0x802'0c80     0xb6  usbh_pipes.o [1]
  .text                  ro code   0x802'0d36    0x5bc  usbh_ctlreq.o [1]
  .text                  ro code   0x802'12f4     0x10  z_stepper.o [1]
  .text                  ro code   0x802'1304      0xe  z_planner.o [1]
  .text                  ro code   0x802'1314     0x1c  z_stepper.o [1]
  .text                  ro code   0x802'1330   0x1060  stm32f4xx_hal_hcd.o [1]
  .text                  ro code   0x802'2390     0xd0  usbh_ioreq.o [1]
  .text                  ro code   0x802'2460    0x9c4  stm32f4xx_ll_usb.o [1]
  .rodata                const     0x802'2e24   0x2094  fnt24bold.o [1]
  .rodata                const     0x802'4eb8   0x195c  fnt24.o [1]
  .text                  ro code   0x802'6814   0x14e0  dlmalloc.o [2]
  .text                  ro code   0x802'7cf4     0x2c  xgetmemchunk.o [2]
  .rodata                const     0x802'7d20   0x10c8  fnt18bold.o [1]
  .rodata                const     0x802'8de8    0xea4  fnt18.o [1]
  .text                  ro code   0x802'9c8c    0xd80  tgui_filesscreenfuncs.o [1]
  .text                  ro code   0x802'aa0c     0x4c  prtfiles.o [1]
  .text                  ro code   0x802'aa58     0x18  strcpy.o [5]
  .text                  ro code   0x802'aa70     0x1e  strcat.o [2]
  .text                  ro code   0x802'aa90    0x39c  files_pws.o [1]
  .text                  ro code   0x802'ae2c    0x8b4  usbh_msc.o [1]
  .text                  ro code   0x802'b6e0    0x394  usbh_msc_bot.o [1]
  .text                  ro code   0x802'ba74      0x4  heaptramp0.o [2]
  .text                  ro code   0x802'ba78    0x3ea  usbh_msc_scsi.o [1]
  .rodata                const     0x802'be64    0x788  fnt12bold.o [1]
  .rodata                const     0x802'c5ec    0x6b4  fnt12.o [1]
  .rodata                const     0x802'cca0    0x1f4  ffunicode.o [1]
  .text                  ro code   0x802'ce94    0x144  usbh_diskio.o [1]
  .rodata                const     0x802'cfd8    0x140  fnt12.o [1]
  .rodata                const     0x802'd118    0x140  fnt12bold.o [1]
  .rodata                const     0x802'd258    0x140  fnt18.o [1]
  .rodata                const     0x802'd398    0x140  fnt18bold.o [1]
  .rodata                const     0x802'd4d8    0x140  fnt24.o [1]
  .rodata                const     0x802'd618    0x140  fnt24bold.o [1]
  .text                  ro code   0x802'd758    0x12c  spifl_diskio.o [1]
  .rodata                const     0x802'd884    0x100  ffunicode.o [1]
  .text                  ro code   0x802'd984     0xc8  tgui_infoscreenfuncs.o [1]
  .rodata                const     0x802'da4c     0xbc  ffunicode.o [1]
  .rodata                const     0x802'db08     0xb8  languages.o [1]
  .rodata                const     0x802'dbc0     0xb8  languages.o [1]
  .text                  ro code   0x802'dc78     0x9c  stm32f4xx_it.o [1]
  .rodata                const     0x802'dd14     0x80  ff.o [1]
  .rodata                const     0x802'dd94     0x74  languages.o [1]
  .rodata                const     0x802'de08     0x70  languages.o [1]
  .rodata                const     0x802'de78     0x3c  languages.o [1]
  .rodata                const     0x802'deb4     0x34  main.o [1]
  .rodata                const     0x802'dee8     0x34  main.o [1]
  .rodata                const     0x802'df1c     0x30  languages.o [1]
  .rodata                const     0x802'df4c     0x30  languages.o [1]
  .rodata                const     0x802'df7c     0x30  languages.o [1]
  .rodata                const     0x802'dfac     0x30  main.o [1]
  .rodata                const     0x802'dfdc     0x30  main.o [1]
  .rodata                const     0x802'e00c     0x2c  main.o [1]
  .rodata                const     0x802'e038     0x2c  main.o [1]
  .rodata                const     0x802'e064     0x28  main.o [1]
  .text                  ro code   0x802'e08c     0x28  data_init.o [5]
  .rodata                const     0x802'e0b4     0x24  languages.o [1]
  .rodata                const     0x802'e0d8     0x24  main.o [1]
  .rodata                const     0x802'e0fc     0x24  tgui_infoscreenfuncs.o [1]
  .text                  ro code   0x802'e120     0x22  fpinit_M.o [4]
  .iar.init_table        const     0x802'e144     0x24  - Linker created -
  .rodata                const     0x802'e168     0x20  main.o [1]
  .text                  ro code   0x802'e188     0x20  system_stm32f4xx.o [1]
  .text                  ro code   0x802'e1a8     0x20  cmain_call_ctors.o [5]
  .text                  ro code   0x802'e1c8     0x18  cppinit.o [2]
  .text                  ro code   0x802'e1e0     0x1e  cmain.o [5]
  .text                  ro code   0x802'e1fe      0x4  low_level_init.o [2]
  .text                  ro code   0x802'e202      0x4  exit.o [2]
  .text                  ro code   0x802'e208      0xa  cexit.o [5]
  .rodata                const     0x802'e214     0x1c  languages.o [1]
  .rodata                const     0x802'e230     0x1c  tgui.o [1]
  .rodata                const     0x802'e24c     0x1c  tgui.o [1]
  .rodata                const     0x802'e268     0x1c  tgui.o [1]
  .rodata                const     0x802'e284     0x1c  tgui.o [1]
  .rodata                const     0x802'e2a0     0x1c  tgui.o [1]
  .rodata                const     0x802'e2bc     0x1c  tgui.o [1]
  .rodata                const     0x802'e2d8     0x1c  tgui.o [1]
  .rodata                const     0x802'e2f4     0x1c  tgui.o [1]
  .rodata                const     0x802'e310     0x18  languages.o [1]
  .rodata                const     0x802'e328     0x18  languages.o [1]
  .rodata                const     0x802'e340     0x18  main.o [1]
  .rodata                const     0x802'e358     0x18  main.o [1]
  .rodata                const     0x802'e370     0x18  main.o [1]
  .rodata                const     0x802'e388     0x18  tgui.o [1]
  .rodata                const     0x802'e3a0     0x18  tgui.o [1]
  .rodata                const     0x802'e3b8     0x18  tgui.o [1]
  .rodata                const     0x802'e3d0     0x18  tgui.o [1]
  .rodata                const     0x802'e3e8     0x18  tgui.o [1]
  .rodata                const     0x802'e400     0x18  tgui.o [1]
  .rodata                const     0x802'e418     0x18  tgui.o [1]
  .rodata                const     0x802'e430     0x18  tgui.o [1]
  .rodata                const     0x802'e448     0x18  tgui.o [1]
  .rodata                const     0x802'e460     0x18  tgui.o [1]
  .rodata                const     0x802'e478     0x18  tgui.o [1]
  .rodata                const     0x802'e490     0x18  tgui.o [1]
  .rodata                const     0x802'e4a8     0x18  tgui.o [1]
  .rodata                const     0x802'e4c0     0x18  tgui.o [1]
  .rodata                const     0x802'e4d8     0x14  ff.o [1]
  .rodata                const     0x802'e4ec     0x14  ff.o [1]
  .rodata                const     0x802'e500     0x14  languages.o [1]
  .rodata                const     0x802'e514     0x14  languages.o [1]
  .rodata                const     0x802'e528     0x14  spifl_diskio.o [1]
  .rodata                const     0x802'e53c     0x14  tgui.o [1]
  .rodata                const     0x802'e550     0x14  tgui.o [1]
  .rodata                const     0x802'e564     0x14  tgui.o [1]
  .rodata                const     0x802'e578     0x14  tgui.o [1]
  .rodata                const     0x802'e58c     0x14  tgui_filesscreenfuncs.o [1]
  .rodata                const     0x802'e5a0     0x14  tgui_filesscreenfuncs.o [1]
  .rodata                const     0x802'e5b4     0x14  usbh_diskio.o [1]
  .rodata                const     0x802'e5c8     0x10  ff.o [1]
  .rodata                const     0x802'e5d8     0x10  ff.o [1]
  .rodata                const     0x802'e5e8     0x10  ff.o [1]
  .rodata                const     0x802'e5f8     0x10  ff.o [1]
  .rodata                const     0x802'e608     0x10  languages.o [1]
  .rodata                const     0x802'e618     0x10  languages.o [1]
  .rodata                const     0x802'e628     0x10  languages.o [1]
  .rodata                const     0x802'e638     0x10  languages.o [1]
  .rodata                const     0x802'e648     0x10  languages.o [1]
  .rodata                const     0x802'e658     0x10  languages.o [1]
  .rodata                const     0x802'e668     0x10  main.o [1]
  .rodata                const     0x802'e678     0x10  main.o [1]
  .rodata                const     0x802'e688     0x10  system_stm32f4xx.o [1]
  .rodata                const     0x802'e698     0x10  tgui.o [1]
  .rodata                const     0x802'e6a8     0x10  tgui.o [1]
  .rodata                const     0x802'e6b8     0x10  tgui.o [1]
  .rodata                const     0x802'e6c8     0x10  tgui.o [1]
  .rodata                const     0x802'e6d8     0x10  tgui_defaultfuncs.o [1]
  .text                  ro code   0x802'e6e8     0x10  startup_stm32f407xx.o [1]
  .text                  ro code   0x802'e6f8      0xe  tgui_langscreenfuncs.o [1]
  .rodata                const     0x802'e708      0xc  ff.o [1]
  .rodata                const     0x802'e714      0xc  ff.o [1]
  .rodata                const     0x802'e720      0xc  files_pws.o [1]
  .rodata                const     0x802'e72c      0xc  languages.o [1]
  .rodata                const     0x802'e738      0xc  languages.o [1]
  .rodata                const     0x802'e744      0xc  languages.o [1]
  .rodata                const     0x802'e750      0xc  languages.o [1]
  .rodata                const     0x802'e75c      0xc  languages.o [1]
  .rodata                const     0x802'e768      0xc  languages.o [1]
  .rodata                const     0x802'e774      0xc  languages.o [1]
  .rodata                const     0x802'e780      0xc  languages.o [1]
  .rodata                const     0x802'e78c      0xc  languages.o [1]
  .rodata                const     0x802'e798      0xc  languages.o [1]
  .rodata                const     0x802'e7a4      0xc  languages.o [1]
  .rodata                const     0x802'e7b0      0xc  languages.o [1]
  .rodata                const     0x802'e7bc      0xc  languages.o [1]
  .rodata                const     0x802'e7c8      0xc  languages.o [1]
  .rodata                const     0x802'e7d4      0xc  languages.o [1]
  .rodata                const     0x802'e7e0      0xc  main.o [1]
  .rodata                const     0x802'e7ec      0xc  main.o [1]
  .rodata                const     0x802'e7f8      0xc  tgui.o [1]
  .rodata                const     0x802'e804      0xc  tgui_infoscreenfuncs.o [1]
  .text                  ro code   0x802'e810      0xc  cstartup_M.o [5]
  .rodata                const     0x802'e81c      0x8  ff.o [1]
  .rodata                const     0x802'e824      0x8  ff.o [1]
  .rodata                const     0x802'e82c      0x8  files_pws.o [1]
  .rodata                const     0x802'e834      0x8  files_pws.o [1]
  .rodata                const     0x802'e83c      0x8  languages.o [1]
  .rodata                const     0x802'e844      0x8  languages.o [1]
  .rodata                const     0x802'e84c      0x8  languages.o [1]
  .rodata                const     0x802'e854      0x8  languages.o [1]
  .rodata                const     0x802'e85c      0x8  languages.o [1]
  .rodata                const     0x802'e864      0x8  languages.o [1]
  .rodata                const     0x802'e86c      0x8  languages.o [1]
  .rodata                const     0x802'e874      0x8  languages.o [1]
  .rodata                const     0x802'e87c      0x8  languages.o [1]
  .rodata                const     0x802'e884      0x8  languages.o [1]
  .rodata                const     0x802'e88c      0x8  languages.o [1]
  .rodata                const     0x802'e894      0x8  languages.o [1]
  .rodata                const     0x802'e89c      0x8  languages.o [1]
  .rodata                const     0x802'e8a4      0x8  languages.o [1]
  .rodata                const     0x802'e8ac      0x8  languages.o [1]
  .rodata                const     0x802'e8b4      0x8  languages.o [1]
  .rodata                const     0x802'e8bc      0x8  languages.o [1]
  .rodata                const     0x802'e8c4      0x8  languages.o [1]
  .rodata                const     0x802'e8cc      0x8  languages.o [1]
  .rodata                const     0x802'e8d4      0x8  languages.o [1]
  .rodata                const     0x802'e8dc      0x8  languages.o [1]
  .rodata                const     0x802'e8e4      0x8  languages.o [1]
  .rodata                const     0x802'e8ec      0x8  languages.o [1]
  .rodata                const     0x802'e8f4      0x8  languages.o [1]
  .rodata                const     0x802'e8fc      0x8  languages.o [1]
  .rodata                const     0x802'e904      0x8  languages.o [1]
  .rodata                const     0x802'e90c      0x8  languages.o [1]
  .rodata                const     0x802'e914      0x8  languages.o [1]
  .rodata                const     0x802'e91c      0x8  languages.o [1]
  .rodata                const     0x802'e924      0x8  languages.o [1]
  .rodata                const     0x802'e92c      0x8  main.o [1]
  .rodata                const     0x802'e934      0x8  stm32f4xx_hal_dma.o [1]
  .rodata                const     0x802'e93c      0x8  tgui.o [1]
  .rodata                const     0x802'e944      0x8  tgui.o [1]
  .rodata                const     0x802'e94c      0x8  tgui.o [1]
  .rodata                const     0x802'e954      0x8  tgui.o [1]
  .rodata                const     0x802'e95c      0x8  tgui.o [1]
  .rodata                const     0x802'e964      0x8  tgui.o [1]
  .rodata                const     0x802'e96c      0x8  tgui.o [1]
  .rodata                const     0x802'e974      0x8  tgui.o [1]
  .rodata                const     0x802'e97c      0x8  tgui.o [1]
  .rodata                const     0x802'e984      0x8  tgui.o [1]
  .rodata                const     0x802'e98c      0x8  tgui.o [1]
  .rodata                const     0x802'e994      0x8  tgui.o [1]
  .rodata                const     0x802'e99c      0x8  tgui.o [1]
  .rodata                const     0x802'e9a4      0x8  tgui.o [1]
  .rodata                const     0x802'e9ac      0x8  tgui.o [1]
  .rodata                const     0x802'e9b4      0x8  tgui.o [1]
  .rodata                const     0x802'e9bc      0x8  tgui.o [1]
  .rodata                const     0x802'e9c4      0x8  tgui.o [1]
  .rodata                const     0x802'e9cc      0x8  tgui.o [1]
  .rodata                const     0x802'e9d4      0x8  tgui.o [1]
  .rodata                const     0x802'e9dc      0x8  tgui.o [1]
  .rodata                const     0x802'e9e4      0x8  tgui.o [1]
  .rodata                const     0x802'e9ec      0x8  tgui.o [1]
  .rodata                const     0x802'e9f4      0x8  tgui.o [1]
  .rodata                const     0x802'e9fc      0x8  tgui.o [1]
  .rodata                const     0x802'ea04      0x8  tgui.o [1]
  .rodata                const     0x802'ea0c      0x8  tgui.o [1]
  .rodata                const     0x802'ea14      0x8  tgui.o [1]
  .rodata                const     0x802'ea1c      0x8  tgui.o [1]
  .rodata                const     0x802'ea24      0x8  tgui.o [1]
  .rodata                const     0x802'ea2c      0x8  tgui.o [1]
  .rodata                const     0x802'ea34      0x8  tgui.o [1]
  .rodata                const     0x802'ea3c      0x8  tgui.o [1]
  .rodata                const     0x802'ea44      0x8  tgui.o [1]
  .rodata                const     0x802'ea4c      0x8  tgui.o [1]
  .rodata                const     0x802'ea54      0x8  tgui.o [1]
  .rodata                const     0x802'ea5c      0x8  tgui.o [1]
  .rodata                const     0x802'ea64      0x8  tgui.o [1]
  .rodata                const     0x802'ea6c      0x8  tgui.o [1]
  .rodata                const     0x802'ea74      0x8  tgui.o [1]
  .rodata                const     0x802'ea7c      0x8  tgui_filesscreenfuncs.o [1]
  .rodata                const     0x802'ea84      0x8  tgui_infoscreenfuncs.o [1]
  .rodata                const     0x802'ea8c      0x8  tim.o [1]
  .rodata                const     0x802'ea94      0x6  xlocale_c.o [2]
  .rodata                const     0x802'ea9c      0x4  languages.o [1]
  .rodata                const     0x802'eaa0      0x4  languages.o [1]
  .rodata                const     0x802'eaa4      0x4  languages.o [1]
  .rodata                const     0x802'eaa8      0x4  languages.o [1]
  .rodata                const     0x802'eaac      0x4  languages.o [1]
  .rodata                const     0x802'eab0      0x4  languages.o [1]
  .rodata                const     0x802'eab4      0x4  languages.o [1]
  .rodata                const     0x802'eab8      0x4  languages.o [1]
  .rodata                const     0x802'eabc      0x4  languages.o [1]
  .rodata                const     0x802'eac0      0x4  languages.o [1]
  .rodata                const     0x802'eac4      0x4  languages.o [1]
  .rodata                const     0x802'eac8      0x4  languages.o [1]
  .rodata                const     0x802'eacc      0x4  languages.o [1]
  .rodata                const     0x802'ead0      0x4  languages.o [1]
  .rodata                const     0x802'ead4      0x4  languages.o [1]
  .rodata                const     0x802'ead8      0x4  languages.o [1]
  .rodata                const     0x802'eadc      0x4  languages.o [1]
  .rodata                const     0x802'eae0      0x4  languages.o [1]
  .rodata                const     0x802'eae4      0x4  languages.o [1]
  .rodata                const     0x802'eae8      0x4  languages.o [1]
  .rodata                const     0x802'eaec      0x4  languages.o [1]
  .rodata                const     0x802'eaf0      0x4  languages.o [1]
  .rodata                const     0x802'eaf4      0x4  rtc.o [1]
  .rodata                const     0x802'eaf8      0x4  usbh_msc.o [1]
  .text                  ro code   0x802'eafc      0x4  startup_stm32f407xx.o [1]
  SHT$$PREINIT_ARRAY               0x802'eb00      0x0  <Block>
  SHT$$INIT_ARRAY                  0x802'eb00      0x4  <Block>
    .init_array          const     0x802'eb00      0x4  z_planner.o [1]
  __iar_tls$$INIT_ARRAY            0x802'eb04      0x0  <Block>
  .rodata                const     0x802'eb04      0x0  zero_init3.o [5]
  .rodata                const     0x802'eb04      0x0  lz77_init_single.o [5]
  Initializer bytes      const     0x802'eb04     0xbf  <for P2-1>
                                 - 0x802'ebc3  0x1ea3b

"P3":                                           0x7478
  CCMRAM                 uninit   0x1000'0000   0x4000  main.o [1]
  CCMRAM                 uninit   0x1000'4000   0x1028  main.o [1]
  CCMRAM                 uninit   0x1000'5028   0x1028  main.o [1]
  CCMRAM                 uninit   0x1000'6050   0x1028  tgui.o [1]
  CCMRAM                 uninit   0x1000'7078    0x400  tgui.o [1]
                                - 0x1000'7478   0x7478

"P2", part 1 of 3:                               0x31b
  P2-1                            0x2000'0000    0x31b  <Init block>
    .data                inited   0x2000'0000      0xc  fnt12.o [1]
    .data                inited   0x2000'000c      0xc  fnt12bold.o [1]
    .data                inited   0x2000'0018      0xc  fnt18.o [1]
    .data                inited   0x2000'0024      0xc  fnt18bold.o [1]
    .data                inited   0x2000'0030      0xc  fnt24.o [1]
    .data                inited   0x2000'003c      0xc  fnt24bold.o [1]
    .data                inited   0x2000'0048     0x10  languages.o [1]
    .data                inited   0x2000'0058      0x4  languages.o [1]
    .data                inited   0x2000'005c      0x4  lcd_ui.o [1]
    .data                inited   0x2000'0060      0x4  stm32f4xx_hal.o [1]
    .data                inited   0x2000'0064      0x4  system_stm32f4xx.o [1]
    .data                inited   0x2000'0068    0x200  tgui_filesscreenfuncs.o [1]
    .data                inited   0x2000'0268      0x4  tgui_movezscreenfuncs.o [1]
    .data                inited   0x2000'026c     0x20  usbh_msc.o [1]
    .data                inited   0x2000'028c      0x4  z_stepper.o [1]
    .data                inited   0x2000'0290     0x38  xlocale_c.o [2]
    .data                inited   0x2000'02c8     0x48  xlocale_c.o [2]
    .data                inited   0x2000'0310      0x2  lcd_ui.o [1]
    .data                inited   0x2000'0312      0x2  lcd_ui.o [1]
    .data                inited   0x2000'0314      0x2  lcd_ui.o [1]
    .data                inited   0x2000'0316      0x1  lcd_ui.o [1]
    .data                inited   0x2000'0317      0x1  stm32f4xx_hal.o [1]
    .data                inited   0x2000'0318      0x1  tgui_defaultfuncs.o [1]
    .data                inited   0x2000'0319      0x1  tgui_filesscreenfuncs.o [1]
    .data                inited   0x2000'031a      0x1  z_endstops.o [1]
                                - 0x2000'031b    0x31b

"P2", part 2 of 3:                              0x659c
  .bss                   zero     0x2000'031c   0x1038  fatfs.o [1]
  .bss                   zero     0x2000'1354   0x1038  fatfs.o [1]
  .bss                   zero     0x2000'238c    0x830  tgui_filesscreenfuncs.o [1]
  .bss                   zero     0x2000'2bbc    0x498  tgui.o [1]
  .bss                   zero     0x2000'3054    0x400  main.o [1]
  .bss                   zero     0x2000'3454    0x400  main.o [1]
  .bss                   zero     0x2000'3854    0x400  main.o [1]
  .bss                   zero     0x2000'3c54    0x400  z_planner.o [1]
  .bss                   zero     0x2000'4054    0x3d8  usb_host.o [1]
  .bss                   zero     0x2000'442c    0x39c  tgui.o [1]
  .bss                   zero     0x2000'47c8    0x348  tgui.o [1]
  .bss                   zero     0x2000'4b10    0x348  tgui.o [1]
  .bss                   zero     0x2000'4e58    0x348  tgui.o [1]
  .bss                   zero     0x2000'51a0    0x2c4  usbh_conf.o [1]
  .bss                   zero     0x2000'5464    0x224  main.o [1]
  .bss                   zero     0x2000'5688    0x200  ff.o [1]
  .bss                   zero     0x2000'5888    0x200  main.o [1]
  .bss                   zero     0x2000'5a88    0x1d8  dlmalloc.o [2]
  .bss                   zero     0x2000'5c60    0x150  tgui.o [1]
  .bss                   zero     0x2000'5db0    0x100  sys_timer.o [1]
  .bss                   zero     0x2000'5eb0     0xfc  tgui.o [1]
  .bss                   zero     0x2000'5fac     0xfc  tgui.o [1]
  .bss                   zero     0x2000'60a8     0x80  fst_spi.o [1]
  .bss                   zero     0x2000'6128     0x80  fst_spi.o [1]
  .bss                   zero     0x2000'61a8     0x60  fst_spi.o [1]
  .bss                   zero     0x2000'6208     0x60  fst_spi.o [1]
  .bss                   zero     0x2000'6268     0x60  fst_spi.o [1]
  .bss                   zero     0x2000'62c8     0x60  fst_spi.o [1]
  .bss                   zero     0x2000'6328     0x60  fst_spi.o [1]
  .bss                   zero     0x2000'6388     0x60  lcd_low.o [1]
  .bss                   zero     0x2000'63e8     0x54  config.o [1]
  .bss                   zero     0x2000'643c     0x54  files_pws.o [1]
  .bss                   zero     0x2000'6490     0x50  fsmc.o [1]
  .bss                   zero     0x2000'64e0     0x40  tim.o [1]
  .bss                   zero     0x2000'6520     0x40  tim.o [1]
  .bss                   zero     0x2000'6560     0x34  main.o [1]
  .bss                   zero     0x2000'6594     0x30  files_pws.o [1]
  .bss                   zero     0x2000'65c4     0x30  tgui.o [1]
  .bss                   zero     0x2000'65f4     0x30  tgui.o [1]
  .bss                   zero     0x2000'6624     0x30  tgui.o [1]
  .bss                   zero     0x2000'6654     0x30  tgui.o [1]
  .bss                   zero     0x2000'6684     0x30  tgui.o [1]
  .bss                   zero     0x2000'66b4     0x30  tgui.o [1]
  .bss                   zero     0x2000'66e4     0x30  tgui.o [1]
  .bss                   zero     0x2000'6714     0x28  tgui.o [1]
  .bss                   zero     0x2000'673c     0x28  z_planner.o [1]
  .bss                   zero     0x2000'6764     0x20  rtc.o [1]
  .bss                   zero     0x2000'6784     0x1c  files_pws.o [1]
  .bss                   zero     0x2000'67a0     0x18  dlmalloc.o [2]
  .bss                   zero     0x2000'67b8     0x10  config.o [1]
  .bss                   zero     0x2000'67c8     0x10  ff_gen_drv.o [1]
  .bss                   zero     0x2000'67d8     0x10  touch.o [1]
  .bss                   zero     0x2000'67e8      0xc  spi_flash.o [1]
  .bss                   zero     0x2000'67f4      0x8  fatfs.o [1]
  .bss                   zero     0x2000'67fc      0x8  fatfs.o [1]
  .bss                   zero     0x2000'6804      0x8  ff.o [1]
  .bss                   zero     0x2000'680c      0x4  cpld_utils.o [1]
  .bss                   zero     0x2000'6810      0x4  fsmc.o [1]
  .bss                   zero     0x2000'6814      0x4  motor.o [1]
  .bss                   zero     0x2000'6818      0x4  prtfiles.o [1]
  .bss                   zero     0x2000'681c      0x4  spi_flash.o [1]
  .bss                   zero     0x2000'6820      0x4  spi_flash.o [1]
  .bss                   zero     0x2000'6824      0x4  stm32f4xx_hal.o [1]
  .bss                   zero     0x2000'6828      0x4  stm32f4xx_ll_usb.o [1]
  .bss                   zero     0x2000'682c      0x4  tgui.o [1]
  .bss                   zero     0x2000'6830      0x4  touch.o [1]
  .bss                   zero     0x2000'6834      0x4  z_planner.o [1]
  .bss                   zero     0x2000'6838      0x4  z_planner.o [1]
  .bss                   zero     0x2000'683c      0x4  z_planner.o [1]
  .bss                   zero     0x2000'6840      0x4  z_planner.o [1]
  .bss                   zero     0x2000'6844      0x4  z_planner.o [1]
  .bss                   zero     0x2000'6848      0x4  z_planner.o [1]
  .bss                   zero     0x2000'684c      0x4  z_planner.o [1]
  .bss                   zero     0x2000'6850      0x4  z_stepper.o [1]
  .bss                   zero     0x2000'6854      0x4  z_stepper.o [1]
  .bss                   zero     0x2000'6858      0x4  z_stepper.o [1]
  .bss                   zero     0x2000'685c      0x4  z_stepper.o [1]
  .bss                   zero     0x2000'6860      0x4  z_stepper.o [1]
  .bss                   zero     0x2000'6864      0x4  z_stepper.o [1]
  .bss                   zero     0x2000'6868      0x4  z_stepper.o [1]
  .bss                   zero     0x2000'686c      0x4  z_stepper.o [1]
  .bss                   zero     0x2000'6870      0x4  z_stepper.o [1]
  .bss                   zero     0x2000'6874      0x4  z_stepper.o [1]
  .bss                   zero     0x2000'6878      0x4  z_stepper.o [1]
  .bss                   zero     0x2000'687c      0x4  z_stepper.o [1]
  .bss                   zero     0x2000'6880      0x4  z_stepper.o [1]
  .bss                   zero     0x2000'6884      0x4  z_stepper.o [1]
  .bss                   zero     0x2000'6888      0x4  xfail_s.o [2]
  .bss                   zero     0x2000'688c      0x4  xgetmemchunk.o [2]
  .bss                   zero     0x2000'6890      0x2  ff.o [1]
  .bss                   zero     0x2000'6892      0x2  lcd_low.o [1]
  .bss                   zero     0x2000'6894      0x2  lcd_ui.o [1]
  .bss                   zero     0x2000'6896      0x2  lcd_ui.o [1]
  .bss                   zero     0x2000'6898      0x2  lcd_ui.o [1]
  .bss                   zero     0x2000'689a      0x2  z_planner.o [1]
  .bss                   zero     0x2000'689c      0x1  fatfs.o [1]
  .bss                   zero     0x2000'689d      0x1  fatfs.o [1]
  .bss                   zero     0x2000'689e      0x1  main.o [1]
  .bss                   zero     0x2000'689f      0x1  main.o [1]
  .bss                   zero     0x2000'68a0      0x1  main.o [1]
  .bss                   zero     0x2000'68a1      0x1  main.o [1]
  .bss                   zero     0x2000'68a2      0x1  main.o [1]
  .bss                   zero     0x2000'68a3      0x1  prtfiles.o [1]
  .bss                   zero     0x2000'68a4      0x1  tgui_defaultfuncs.o [1]
  .bss                   zero     0x2000'68a5      0x1  tgui_filesscreenfuncs.o [1]
  .bss                   zero     0x2000'68a6      0x1  tgui_filesscreenfuncs.o [1]
  .bss                   zero     0x2000'68a7      0x1  tgui_filesscreenfuncs.o [1]
  .bss                   zero     0x2000'68a8      0x1  tgui_filesscreenfuncs.o [1]
  .bss                   zero     0x2000'68a9      0x1  usb_host.o [1]
  .bss                   zero     0x2000'68aa      0x1  z_endstops.o [1]
  .bss                   zero     0x2000'68ab      0x1  z_endstops.o [1]
  .bss                   zero     0x2000'68ac      0x1  z_planner.o [1]
  .bss                   zero     0x2000'68ad      0x1  z_planner.o [1]
  .bss                   zero     0x2000'68ae      0x1  z_planner.o [1]
  .bss                   zero     0x2000'68af      0x1  z_planner.o [1]
  .bss                   zero     0x2000'68b0      0x1  z_planner.o [1]
  .bss                   zero     0x2000'68b1      0x1  z_planner.o [1]
  .bss                   zero     0x2000'68b2      0x1  z_stepper.o [1]
  .bss                   zero     0x2000'68b3      0x1  z_stepper.o [1]
  .bss                   zero     0x2000'68b4      0x1  z_stepper.o [1]
  .bss                   zero     0x2000'68b5      0x1  z_stepper.o [1]
  .bss                   zero     0x2000'68b6      0x1  z_stepper.o [1]
                                - 0x2000'68b7   0x659b

"P2", part 3 of 3:                              0x7200
  .noinit                uninit   0x2000'68b8   0x1000  tgui.o [1]
  .noinit                uninit   0x2000'78b8    0x200  tgui.o [1]
  CSTACK                          0x2000'7ab8   0x4000  <Block>
    CSTACK               uninit   0x2000'7ab8   0x4000  <Block tail>
  HEAP                            0x2000'bab8   0x2000  <Block>
    HEAP                 uninit   0x2000'bab8   0x2000  <Block tail>
                                - 0x2000'dab8   0x7200

Unused ranges:

         From           To      Size
         ----           --      ----
   0x802'ebc3   0x807'ffff  0x5'143d
  0x1000'7478  0x1000'ffff    0x8b88
  0x2000'031b  0x2000'031b       0x1
  0x2000'dab8  0x2001'ffff  0x1'2548


*******************************************************************************
*** INIT TABLE
***

          Address      Size
          -------      ----
Zero (__iar_zero_init3)
    1 destination range, total size 0x659b:
          0x2000'031c  0x659b

Copy/lz77 (__iar_lz77_init_single3)
    1 source range, total size 0xbf (24% of destination):
           0x802'eb04    0xbf
    1 destination range, total size 0x31b:
          0x2000'0000   0x31b

Extra (__iar_cstart_call_ctors)



*******************************************************************************
*** MODULE SUMMARY
***

    Module                   ro code  ro data  rw data
    ------                   -------  -------  -------
command line/config:
    --------------------------------------------------
    Total:

D:\Electronics\Projects\MKS_DLP_new\SRC\firmware\MKSDLP_Alter_Debug\Obj: [1]
    config.o                     188               100
    cpld_utils.o                 162                 4
    datetime.o                   148
    diskio.o                     176
    fatfs.o                      344             8 322
    ff.o                      11 008      272      522
    ff_gen_drv.o                  84                16
    ffunicode.o                  324      944
    files_pws.o                  924       28      160
    fnt12.o                             2 038       12
    fnt12bold.o                         2 251       12
    fnt18.o                             4 071       12
    fnt18bold.o                         4 619       12
    fnt24.o                             6 815       12
    fnt24bold.o                         8 663       12
    fsmc.o                       276                84
    fst_spi.o                  1 360               736
    gpio.o                       652
    languages.o                   64    1 565       20
    lcd_low.o                  1 292                98
    lcd_ui.o                   2 884        3       17
    main.o                     2 642      532   28 845
    motor.o                      656                 4
    prtfiles.o                    76                 5
    rtc.o                        200        4       32
    spi_flash.o                  804                20
    spifl_diskio.o               300       20
    ssd_utils.o                1 408
    startup_stm32f407xx.o        412
    stm32f4xx_hal.o              180        1        9
    stm32f4xx_hal_cortex.o       300
    stm32f4xx_hal_dma.o        1 112        8
    stm32f4xx_hal_gpio.o         594
    stm32f4xx_hal_hcd.o        4 192
    stm32f4xx_hal_msp.o           64
    stm32f4xx_hal_rcc.o        1 416
    stm32f4xx_hal_rcc_ex.o       336
    stm32f4xx_hal_rtc.o        1 048
    stm32f4xx_hal_spi.o        1 532
    stm32f4xx_hal_sram.o          92
    stm32f4xx_hal_tim.o        1 930
    stm32f4xx_hal_tim_ex.o       172
    stm32f4xx_it.o               156
    stm32f4xx_ll_fsmc.o          228
    stm32f4xx_ll_usb.o         2 500                 4
    sys_timer.o                  288               256
    system_stm32f4xx.o            32       16        4
    tgui.o                    10 134    1 036   15 608
    tgui_defaultfuncs.o        2 720       16        2
    tgui_filesscreenfuncs.o    3 456      171    2 613
    tgui_infoscreenfuncs.o       200       56
    tgui_langscreenfuncs.o        14
    tgui_messagebox.o          1 816
    tgui_movezscreenfuncs.o      716        1        4
    tim.o                        488        8      128
    touch.o                      628                20
    unicode_utils.o              640
    usb_host.o                   140               985
    usbh_conf.o                  760               708
    usbh_core.o                1 950
    usbh_ctlreq.o              1 468
    usbh_diskio.o                324       20
    usbh_ioreq.o                 208
    usbh_msc.o                 2 228       12       32
    usbh_msc_bot.o               916
    usbh_msc_scsi.o            1 002
    usbh_pipes.o                 182
    usbh_platform.o               32
    uvdisplay.o                   12
    z_endstops.o                 264        1        3
    z_planner.o                4 176        4    1 100
    z_stepper.o                1 684        1       65
    --------------------------------------------------
    Total:                    78 714   33 176   60 598

dl7M_tlf.a: [2]
    abort.o                        6
    cppinit.o                     24
    dlmalloc.o                 5 344               496
    exit.o                         4
    heaptramp0.o                   4
    low_level_init.o               4
    sprintf.o                     64
    strcat.o                      30
    xencoding_8859_1.o            30
    xfail_s.o                     64                 4
    xgetmemchunk.o                44                 4
    xlocale_c.o                  120       37      128
    xmbcurmax.o                   10
    xprintffull.o              3 910
    xsprout.o                     10
    --------------------------------------------------
    Total:                     9 668       37      632

dlpp7M_tl_fc.a: [3]
    --------------------------------------------------
    Total:

m7M_tls.a: [4]
    DblAdd.o                     362
    DblCmpGe.o                    46
    DblCmpLe.o                    46
    DblDiv.o                     582
    DblMul.o                     418
    DblSub.o                     226
    DblToFlt.o                   104
    DblToS32.o                    58
    DblToU32.o                    40
    FltToDbl.o                    72
    S32ToDbl.o                    34
    U32ToDbl.o                    26
    ceilf.o                       60
    floorf.o                      60
    fpinit_M.o                    34
    frexp.o                      112
    ldexp.o                      314
    lroundf.o                     46
    sqrtf.o                       30
    --------------------------------------------------
    Total:                     2 670

rt7M_tl.a: [5]
    ABImemclr4.o                   6
    ABImemcpy.o                  166
    ABImemset.o                  102
    ABImemset48.o                 50
    I64DivMod.o                  560
    cexit.o                       10
    cmain.o                       30
    cmain_call_ctors.o            32
    cstartup_M.o                  12
    data_init.o                   40
    lz77_init_single.o           122
    memchr.o                      88
    strchr.o                      22
    strcmp.o                      18
    strcpy.o                      24
    strlen.o                      54
    strncpy.o                    112
    zero_init3.o                  58
    --------------------------------------------------
    Total:                     1 506

shb_l.a: [6]
    exit.o                        20
    unwind_debug.o                          1
    --------------------------------------------------
    Total:                        20        1

    Gaps                          53       10
    Linker created                         36   24 576
------------------------------------------------------
    Grand Total:              92 631   33 260   85 806


*******************************************************************************
*** ENTRY LIST
***

Entry                       Address    Size  Type      Object
-----                       -------    ----  ----      ------
.iar.init_table$$Base    0x802'e144           --   Gb  - Linker created -
.iar.init_table$$Limit   0x802'e168           --   Gb  - Linker created -
?main                    0x802'e1e1          Code  Gb  cmain.o [5]
AHBPrescTable            0x802'e688    0x10  Data  Gb  system_stm32f4xx.o [1]
Appli_state             0x2000'68a9     0x1  Data  Gb  usb_host.o [1]
Appli_state_old         0x2000'689e     0x1  Data  Gb  main.o [1]
BusFault_Handler         0x802'dc7f     0x2  Code  Gb  stm32f4xx_it.o [1]
CFG_Init()               0x801'c9fd    0xbc  Code  Gb  config.o [1]
CPLD_Init()              0x801'f83d     0x2  Code  Gb  cpld_utils.o [1]
CSTACK$$Base            0x2000'7ab8           --   Gb  - Linker created -
CSTACK$$Limit           0x2000'bab8           --   Gb  - Linker created -
CacheMore                0x801'a2fd    0x24  Code  Lc  xlocale_c.o [2]
DMA1_Stream3_IRQHandler
                         0x802'dc91     0xa  Code  Gb  stm32f4xx_it.o [1]
DMA1_Stream4_IRQHandler
                         0x802'dc9b     0xa  Code  Gb  stm32f4xx_it.o [1]
DMA2_Stream2_IRQHandler
                         0x802'dcb9     0xa  Code  Gb  stm32f4xx_it.o [1]
DMA2_Stream5_IRQHandler
                         0x802'dcc3     0xa  Code  Gb  stm32f4xx_it.o [1]
DMA2_Stream7_IRQHandler
                         0x802'dcaf     0xa  Code  Gb  stm32f4xx_it.o [1]
DMA_CalcBaseAndBitshift
                         0x801'9bb7    0x30  Code  Lc  stm32f4xx_hal_dma.o [1]
DMA_CalcBaseAndBitshift::flagBitshiftOffset
                         0x802'e934     0x8  Data  Lc  stm32f4xx_hal_dma.o [1]
DMA_CheckFifoParam       0x801'9bf5    0x88  Code  Lc  stm32f4xx_hal_dma.o [1]
DMA_SetConfig            0x801'9b89    0x2e  Code  Lc  stm32f4xx_hal_dma.o [1]
DTIME_GetDateTime(DATETIME_STRUCT *)
                         0x801'712f    0x76  Code  Gb  datetime.o [1]
DTIME_GetMinutes()       0x801'7119    0x16  Code  Gb  datetime.o [1]
DeInitStateMachine       0x801'fe11    0x66  Code  Lc  usbh_core.o [1]
DebugMon_Handler         0x802'dc85     0x2  Code  Gb  stm32f4xx_it.o [1]
DeviceCode              0x2000'6892     0x2  Data  Gb  lcd_low.o [1]
EXTI0_IRQHandler         0x802'dcf9     0xe  Code  Gb  stm32f4xx_it.o [1]
EXTI2_IRQHandler         0x802'dd07     0xe  Code  Gb  stm32f4xx_it.o [1]
Endstops::disable()      0x801'f77d    0x20  Code  Gb  motor.o [1]
Endstops::enable()       0x801'f725    0x14  Code  Gb  motor.o [1]
Endstops::enabled       0x2000'031a     0x1  Data  Gb  z_endstops.o [1]
Endstops::hit_state     0x2000'68aa     0x1  Data  Gb  z_endstops.o [1]
Endstops::init()         0x801'd8fd    0x2a  Code  Gb  z_endstops.o [1]
Endstops::live_state    0x2000'68ab     0x1  Data  Gb  z_endstops.o [1]
Endstops::state()        0x801'f739     0xc  Code  Gb  z_endstops.o [1]
Endstops::update()       0x801'd927    0x9c  Code  Gb  z_endstops.o [1]
EndstopsInterrupt        0x801'd8f5     0x8  Code  Gb  z_endstops.o [1]
Error_Handler            0x801'b891     0x2  Code  Gb  main.o [1]
ExCvt                    0x802'dd14    0x80  Data  Lc  ff.o [1]
FATFS_DelFileExtensionUTF
                         0x801'2f95    0x20  Code  Gb  fatfs.o [1]
FATFS_GetFileExtension   0x801'2ee9    0x4a  Code  Gb  fatfs.o [1]
FATFS_GetFileExtensionUTF
                         0x801'2f33    0x62  Code  Gb  fatfs.o [1]
FATFS_Init               0x801'2e7d    0x1c  Code  Gb  fatfs.o [1]
FATFS_LinkDriver         0x801'3019     0xa  Code  Gb  ff_gen_drv.o [1]
FATFS_LinkDriverEx       0x801'2fd5    0x44  Code  Gb  ff_gen_drv.o [1]
FLASH_SPIEnable          0x801'a05b   0x188  Code  Gb  fst_spi.o [1]
FLASH_SPIGetSpeed        0x801'a1ff     0xc  Code  Gb  fst_spi.o [1]
FLASH_SPIInit            0x801'9ff7    0x64  Code  Gb  fst_spi.o [1]
FLASH_SPIReadBuff        0x801'a231    0x40  Code  Gb  fst_spi.o [1]
FLASH_SPIReadBuffDMA     0x801'a271    0x36  Code  Gb  fst_spi.o [1]
FLASH_SPISetSpeed        0x801'a1e3    0x1c  Code  Gb  fst_spi.o [1]
FLASH_SPIWriteReadByte   0x801'a20b    0x26  Code  Gb  fst_spi.o [1]
FPWS_DrawPreview(FIL *, TG_RECT *)
                         0x802'ab99   0x274  Code  Gb  files_pws.o [1]
FPWS_GetPreviewDataOffset()
                         0x802'ab77    0x12  Code  Gb  files_pws.o [1]
FPWS_GetPreviewHeight()
                         0x802'ab91     0x8  Code  Gb  files_pws.o [1]
FPWS_GetPreviewWidth()   0x802'ab89     0x8  Code  Gb  files_pws.o [1]
FPWS_ReadFileInfo(FIL *)
                         0x802'aa91    0xe6  Code  Gb  files_pws.o [1]
FSMC_Initialized        0x2000'6810     0x4  Data  Lc  fsmc.o [1]
FSMC_NORSRAM_Extended_Timing_Init
                         0x801'c329    0x40  Code  Gb  stm32f4xx_ll_fsmc.o [1]
FSMC_NORSRAM_Init        0x801'c28d    0x58  Code  Gb  stm32f4xx_ll_fsmc.o [1]
FSMC_NORSRAM_Timing_Init
                         0x801'c2e5    0x44  Code  Gb  stm32f4xx_ll_fsmc.o [1]
FatFs                   0x2000'6804     0x8  Data  Lc  ff.o [1]
Fsid                    0x2000'6890     0x2  Data  Lc  ff.o [1]
GPIO_Init                0x801'c3a5   0x28c  Code  Gb  gpio.o [1]
HAL_DMA_GetState         0x801'9b83     0x6  Code  Gb  stm32f4xx_hal_dma.o [1]
HAL_DMA_IRQHandler       0x801'9979   0x20a  Code  Gb  stm32f4xx_hal_dma.o [1]
HAL_DMA_Init             0x801'9825    0xe0  Code  Gb  stm32f4xx_hal_dma.o [1]
HAL_DMA_Start_IT         0x801'9905    0x74  Code  Gb  stm32f4xx_hal_dma.o [1]
HAL_Delay                0x801'96e9    0x28  Code  Wk  stm32f4xx_hal.o [1]
HAL_FSMC_MspInit         0x801'9793    0x70  Code  Gb  fsmc.o [1]
HAL_GPIO_EXTI_IRQHandler
                         0x801'ba8b    0x1c  Code  Gb  stm32f4xx_hal_gpio.o [1]
HAL_GPIO_Init            0x801'b895   0x1d0  Code  Gb  stm32f4xx_hal_gpio.o [1]
HAL_GPIO_ReadPin         0x801'ba65    0x12  Code  Gb  stm32f4xx_hal_gpio.o [1]
HAL_GPIO_WritePin        0x801'ba77    0x14  Code  Gb  stm32f4xx_hal_gpio.o [1]
HAL_GetTick              0x801'34f1     0xc  Code  Wk  stm32f4xx_hal.o [1]
HAL_HCD_Connect_Callback
                         0x802'0a17     0xc  Code  Gb  usbh_conf.o [1]
HAL_HCD_Disconnect_Callback
                         0x802'0a23     0xc  Code  Gb  usbh_conf.o [1]
HAL_HCD_GetCurrentFrame
                         0x802'1841     0xa  Code  Gb  stm32f4xx_hal_hcd.o [1]
HAL_HCD_GetCurrentSpeed
                         0x802'184b     0xa  Code  Gb  stm32f4xx_hal_hcd.o [1]
HAL_HCD_HC_GetURBState   0x802'1827     0xe  Code  Gb  stm32f4xx_hal_hcd.o [1]
HAL_HCD_HC_GetXferCount
                         0x802'1835     0xc  Code  Gb  stm32f4xx_hal_hcd.o [1]
HAL_HCD_HC_Halt          0x802'1471    0x2c  Code  Gb  stm32f4xx_hal_hcd.o [1]
HAL_HCD_HC_Init          0x802'13a7    0xca  Code  Gb  stm32f4xx_hal_hcd.o [1]
HAL_HCD_HC_NotifyURBChange_Callback
                         0x802'0a2f     0x2  Code  Gb  usbh_conf.o [1]
HAL_HCD_HC_SubmitRequest
                         0x802'149d   0x1f8  Code  Gb  stm32f4xx_hal_hcd.o [1]
HAL_HCD_IRQHandler       0x802'1695   0x134  Code  Gb  stm32f4xx_hal_hcd.o [1]
HAL_HCD_Init             0x802'1331    0x76  Code  Gb  stm32f4xx_hal_hcd.o [1]
HAL_HCD_MspInit          0x802'0989    0x82  Code  Gb  usbh_conf.o [1]
HAL_HCD_PortDisabled_Callback
                         0x802'0a3d     0xc  Code  Gb  usbh_conf.o [1]
HAL_HCD_PortEnabled_Callback
                         0x802'0a31     0xc  Code  Gb  usbh_conf.o [1]
HAL_HCD_ResetPort        0x802'181d     0xa  Code  Gb  stm32f4xx_hal_hcd.o [1]
HAL_HCD_SOF_Callback     0x802'0a0b     0xc  Code  Gb  usbh_conf.o [1]
HAL_HCD_Start            0x802'17c9    0x2e  Code  Gb  stm32f4xx_hal_hcd.o [1]
HAL_HCD_Stop             0x802'17f7    0x26  Code  Gb  stm32f4xx_hal_hcd.o [1]
HAL_IncTick              0x801'6ff9    0x58  Code  Gb  sys_timer.o [1]
HAL_Init                 0x801'c371    0x30  Code  Gb  stm32f4xx_hal.o [1]
HAL_InitTick             0x801'd849    0x4c  Code  Wk  stm32f4xx_hal.o [1]
HAL_MspInit              0x801'd895    0x40  Code  Gb  stm32f4xx_hal_msp.o [1]
HAL_NVIC_EnableIRQ       0x801'9d75     0xa  Code  Gb  stm32f4xx_hal_cortex.o [1]
HAL_NVIC_SetPriority     0x801'9d53    0x22  Code  Gb  stm32f4xx_hal_cortex.o [1]
HAL_NVIC_SetPriorityGrouping
                         0x801'9d4b     0x8  Code  Gb  stm32f4xx_hal_cortex.o [1]
HAL_RCCEx_PeriphCLKConfig
                         0x801'd6e5   0x12c  Code  Gb  stm32f4xx_hal_rcc_ex.o [1]
HAL_RCC_ClockConfig      0x801'd511   0x13a  Code  Gb  stm32f4xx_hal_rcc.o [1]
HAL_RCC_GetSysClockFreq
                         0x801'd665    0x80  Code  Wk  stm32f4xx_hal_rcc.o [1]
HAL_RCC_OscConfig        0x801'd15d   0x3b4  Code  Wk  stm32f4xx_hal_rcc.o [1]
HAL_RTC_GetDate          0x801'3343    0x4e  Code  Gb  stm32f4xx_hal_rtc.o [1]
HAL_RTC_GetTime          0x801'31fb    0x62  Code  Gb  stm32f4xx_hal_rtc.o [1]
HAL_RTC_Init             0x801'3029    0xcc  Code  Gb  stm32f4xx_hal_rtc.o [1]
HAL_RTC_SetDate          0x801'325d    0xe6  Code  Gb  stm32f4xx_hal_rtc.o [1]
HAL_RTC_SetTime          0x801'30f5   0x106  Code  Gb  stm32f4xx_hal_rtc.o [1]
HAL_RTC_WaitForSynchro   0x801'339d    0x36  Code  Gb  stm32f4xx_hal_rtc.o [1]
HAL_SPI_Init             0x801'bae9    0xca  Code  Gb  stm32f4xx_hal_spi.o [1]
HAL_SPI_Receive_DMA      0x801'bbd9   0x106  Code  Gb  stm32f4xx_hal_spi.o [1]
HAL_SPI_TransmitReceive_DMA
                         0x801'bcdf   0x156  Code  Gb  stm32f4xx_hal_spi.o [1]
HAL_SPI_TxRxCpltCallback
                         0x801'9da9    0x1e  Code  Gb  fst_spi.o [1]
HAL_SRAM_Init            0x801'ade5    0x5c  Code  Gb  stm32f4xx_hal_sram.o [1]
HAL_SRAM_MspInit         0x801'9803     0x8  Code  Gb  fsmc.o [1]
HAL_SYSTICK_Config       0x801'9d7f     0x8  Code  Gb  stm32f4xx_hal_cortex.o [1]
HAL_TIMEx_MasterConfigSynchronization
                         0x802'08dd    0x8c  Code  Gb  stm32f4xx_hal_tim_ex.o [1]
HAL_TIM_Base_Init        0x801'ef99    0x38  Code  Gb  stm32f4xx_hal_tim.o [1]
HAL_TIM_Base_MspInit     0x801'eed5    0x56  Code  Gb  tim.o [1]
HAL_TIM_Base_Start_IT    0x801'efd1    0x28  Code  Gb  stm32f4xx_hal_tim.o [1]
HAL_TIM_Base_Stop_IT     0x801'eff9    0x34  Code  Gb  stm32f4xx_hal_tim.o [1]
HAL_TIM_ConfigClockSource
                         0x801'f333    0xe8  Code  Gb  stm32f4xx_hal_tim.o [1]
HAL_TIM_IRQHandler       0x801'f0c1   0x176  Code  Gb  stm32f4xx_hal_tim.o [1]
HAL_TIM_MspPostInit      0x801'ef2b    0x4e  Code  Gb  tim.o [1]
HAL_TIM_PWM_ConfigChannel
                         0x801'f237    0xfc  Code  Gb  stm32f4xx_hal_tim.o [1]
HAL_TIM_PWM_Init         0x801'f02d    0x38  Code  Gb  stm32f4xx_hal_tim.o [1]
HAL_TIM_PWM_Start        0x801'f065    0x54  Code  Gb  stm32f4xx_hal_tim.o [1]
HCD_HC_IN_IRQHandler     0x802'1855   0x55e  Code  Lc  stm32f4xx_hal_hcd.o [1]
HCD_HC_OUT_IRQHandler    0x802'1db3   0x478  Code  Lc  stm32f4xx_hal_hcd.o [1]
HCD_Port_IRQHandler      0x802'22e9    0xa8  Code  Lc  stm32f4xx_hal_hcd.o [1]
HCD_RXQLVL_IRQHandler    0x802'222b    0xba  Code  Lc  stm32f4xx_hal_hcd.o [1]
HEAP$$Base              0x2000'bab8           --   Gb  - Linker created -
HEAP$$Limit             0x2000'dab8           --   Gb  - Linker created -
HardFault_Handler        0x802'dc7b     0x2  Code  Gb  stm32f4xx_it.o [1]
IsrStepperHandler        0x801'e8cb    0x1c  Code  Gb  z_stepper.o [1]
LANG_GetLanduagesCount()
                         0x801'68dd     0x4  Code  Gb  languages.o [1]
LANG_GetLanguageName(unsigned char)
                         0x801'68ab    0x16  Code  Gb  languages.o [1]
LANG_GetString(LNG_STRING_ID)
                         0x801'68a1     0xa  Code  Gb  languages.o [1]
LANG_SetLanguage(unsigned char)
                         0x801'68c1    0x10  Code  Gb  languages.o [1]
LCDUI_Clear()            0x801'740b     0xe  Code  Gb  lcd_ui.o [1]
LCDUI_DrawChar(char, unsigned short, short, short)
                         0x801'789d   0x18a  Code  Gb  lcd_ui.o [1]
LCDUI_DrawFastHLine(short, short, short)
                         0x801'74b9    0x64  Code  Gb  lcd_ui.o [1]
LCDUI_DrawFastVLine(short, short, short)
                         0x801'7455    0x64  Code  Gb  lcd_ui.o [1]
LCDUI_DrawPixel(unsigned short, unsigned short)
                         0x801'7419    0x3c  Code  Gb  lcd_ui.o [1]
LCDUI_DrawRoundRect(short, short, short, short, short)
                         0x801'759b    0xea  Code  Gb  lcd_ui.o [1]
LCDUI_DrawText(char *, unsigned short, short, short, short, short, TSIZE *)
                         0x801'7a27   0x2ce  Code  Gb  lcd_ui.o [1]
LCDUI_FillRect(short, short, short, short)
                         0x801'751d    0x7e  Code  Gb  lcd_ui.o [1]
LCDUI_FillRoundRect(short, short, short, short, short)
                         0x801'7685    0x82  Code  Gb  lcd_ui.o [1]
LCDUI_GetCurrentBackColor()
                         0x801'7403     0x8  Code  Gb  lcd_ui.o [1]
LCDUI_GetCurrentColor()
                         0x801'73fb     0x8  Code  Gb  lcd_ui.o [1]
LCDUI_GetCurrentFontHeight()
                         0x801'7893     0xa  Code  Gb  lcd_ui.o [1]
LCDUI_GetTextWidth(char *)
                         0x801'7859    0x3a  Code  Gb  lcd_ui.o [1]
LCDUI_Init()             0x801'71ed    0x42  Code  Gb  lcd_ui.o [1]
LCDUI_SetBackColor(unsigned short)
                         0x801'73cf     0xe  Code  Gb  lcd_ui.o [1]
LCDUI_SetColor(unsigned short)
                         0x801'73c1     0xe  Code  Gb  lcd_ui.o [1]
LCDUI_SetCursorCoord(short, short)
                         0x801'73dd    0x1e  Code  Gb  lcd_ui.o [1]
LCDUI_SetFont(LCDUI_FONT_TYPE)
                         0x801'77e3    0x76  Code  Gb  lcd_ui.o [1]
LCD_BackLight            0x801'8201    0x1a  Code  Gb  lcd_low.o [1]
LCD_Clear                0x801'81cd    0x34  Code  Gb  lcd_low.o [1]
LCD_CtrlLinesConfig      0x801'7d31    0x9a  Code  Gb  lcd_low.o [1]
LCD_FSMCConfig           0x801'7dcb     0x8  Code  Gb  lcd_low.o [1]
LCD_Initializtion        0x801'7e71   0x256  Code  Gb  lcd_low.o [1]
LCD_ReadRAM              0x801'7e47     0xa  Code  Gb  lcd_low.o [1]
LCD_ReadReg              0x801'7ded     0xa  Code  Gb  lcd_low.o [1]
LCD_Read_ID              0x801'7e51    0x20  Code  Gb  lcd_low.o [1]
LCD_SetCursor            0x801'80c7    0x60  Code  Gb  lcd_low.o [1]
LCD_SetWindows           0x801'8127    0xa6  Code  Gb  lcd_low.o [1]
LCD_WaitDMAReady         0x801'7e37    0x10  Code  Gb  lcd_low.o [1]
LCD_WriteCmd             0x801'7df7     0x8  Code  Gb  lcd_low.o [1]
LCD_WriteRAM             0x801'7e09     0x8  Code  Gb  lcd_low.o [1]
LCD_WriteRAM_DMA         0x801'7e11    0x26  Code  Gb  lcd_low.o [1]
LCD_WriteRAM_Prepare     0x801'7dff     0xa  Code  Gb  lcd_low.o [1]
LCD_WriteReg             0x801'7ddf     0xe  Code  Gb  lcd_low.o [1]
LCD_X_Init               0x801'7dd3     0xc  Code  Gb  lcd_low.o [1]
LfnBuf                  0x2000'5688   0x200  Data  Lc  ff.o [1]
LfnOfs                   0x802'e5c8    0x10  Data  Lc  ff.o [1]
LoadInt                  0x801'8963    0x7a  Code  Lc  xprintffull.o [2]
MIPI_Off()               0x801'fd5b    0x2c  Code  Gb  ssd_utils.o [1]
MIPI_On()                0x801'fd87    0x2c  Code  Gb  ssd_utils.o [1]
MX_FSMC_Init             0x801'9711    0x82  Code  Gb  fsmc.o [1]
MemManage_Handler        0x802'dc7d     0x2  Code  Gb  stm32f4xx_it.o [1]
NMI_Handler              0x802'dc79     0x2  Code  Gb  stm32f4xx_it.o [1]
NVIC_EncodePriority      0x801'9ce1    0x3c  Code  Lc  stm32f4xx_hal_cortex.o [1]
OTG_FS_IRQHandler        0x802'dca5     0xa  Code  Gb  stm32f4xx_it.o [1]
PFILE_DrawPreview(FIL *, TG_RECT *)
                         0x802'aa3b    0x14  Code  Gb  prtfiles.o [1]
PFILE_Init(FIL *, FILES_TYPE)
                         0x802'aa0d    0x2e  Code  Gb  prtfiles.o [1]
PendSV_Handler           0x802'dc87     0x2  Code  Gb  stm32f4xx_it.o [1]
Planner::Planner()       0x801'd9e5     0xe  Code  Gb  z_planner.o [1]
Planner::_buffer_steps(int, float, float)
                         0x801'e007    0x68  Code  Gb  z_planner.o [1]
Planner::_populate_block(block_t *, bool, int, float, float)
                         0x801'e0a1   0x5f8  Code  Gb  z_planner.o [1]
Planner::_populate_block(block_t *, bool, int32_t, float, float)::previous_safe_speed
                        0x2000'684c     0x4  Data  Lc  z_planner.o [1]
Planner::block_buffer   0x2000'3c54   0x400  Data  Gb  z_planner.o [1]
Planner::block_buffer_head
                        0x2000'68ad     0x1  Data  Gb  z_planner.o [1]
Planner::block_buffer_nonbusy
                        0x2000'68ae     0x1  Data  Gb  z_planner.o [1]
Planner::block_buffer_planned
                        0x2000'68af     0x1  Data  Gb  z_planner.o [1]
Planner::block_buffer_tail
                        0x2000'68b0     0x1  Data  Gb  z_planner.o [1]
Planner::buffer_segment(float, float, float const &)
                         0x801'e6e5    0x46  Code  Gb  z_planner.o [1]
Planner::buffer_sync_block()
                         0x801'e69d    0x42  Code  Gb  z_planner.o [1]
Planner::calculate_trapezoid_for_block(block_t *, float const &, float const &)
                         0x801'da93   0x124  Code  Gb  z_planner.o [1]
Planner::cleaning_buffer_counter
                        0x2000'689a     0x2  Data  Gb  z_planner.o [1]
Planner::clear_block_buffer()
                         0x802'0579    0x24  Code  Gb  z_planner.o [1]
Planner::cutoff_long    0x2000'6840     0x4  Data  Gb  z_planner.o [1]
Planner::delay_before_delivering
                        0x2000'68b1     0x1  Data  Gb  z_planner.o [1]
Planner::endstop_triggered()
                         0x801'dfe3     0x8  Code  Gb  z_planner.o [1]
Planner::estimate_acceleration_distance(float, float, float)
                         0x802'05f9    0xac  Code  Gb  z_planner.o [1]
Planner::forward_pass()
                         0x801'ddff    0x54  Code  Gb  z_planner.o [1]
Planner::forward_pass_kernel(block_t const *, block_t *, unsigned char)
                         0x801'dd6f    0x90  Code  Gb  z_planner.o [1]
Planner::get_current_block()
                         0x801'da1b    0x78  Code  Gb  z_planner.o [1]
Planner::get_next_free_block(unsigned char &, unsigned char)
                         0x802'0815    0x38  Code  Gb  z_planner.o [1]
Planner::has_blocks_queued()
                         0x801'f75d    0x20  Code  Gb  z_stepper.o [1]
Planner::init()          0x801'd9f3    0x28  Code  Gb  z_planner.o [1]
Planner::intersection_distance(float, float, float, float)
                         0x802'06e1    0xbc  Code  Gb  z_planner.o [1]
Planner::max_acceleration_steps_per_s2
                        0x2000'6834     0x4  Data  Gb  z_planner.o [1]
Planner::max_allowable_speed_sqr(float, float, float)
                         0x802'079d    0x12  Code  Gb  z_planner.o [1]
Planner::moves_free()    0x802'1305     0xe  Code  Gb  z_planner.o [1]
Planner::movesplanned()
                         0x802'059d    0x18  Code  Gb  z_planner.o [1]
Planner::next_block_index(unsigned char)
                         0x802'05b5     0x8  Code  Gb  z_stepper.o [1]
Planner::nonbusy_movesplanned()
                         0x802'084d    0x18  Code  Gb  z_planner.o [1]
Planner::position       0x2000'683c     0x4  Data  Gb  z_planner.o [1]
Planner::prev_block_index(unsigned char)
                         0x802'07af     0x8  Code  Gb  z_planner.o [1]
Planner::previous_nominal_speed_sqr
                        0x2000'6848     0x4  Data  Gb  z_planner.o [1]
Planner::previous_speed
                        0x2000'6844     0x4  Data  Gb  z_planner.o [1]
Planner::quick_stop()    0x801'dfaf    0x34  Code  Gb  z_planner.o [1]
Planner::recalculate()   0x801'df8b    0x24  Code  Gb  z_planner.o [1]
Planner::recalculate_trapezoids()
                         0x801'de5d   0x12e  Code  Gb  z_planner.o [1]
Planner::refresh_positioning()
                         0x801'e791    0x32  Code  Gb  z_planner.o [1]
Planner::release_current_block()
                         0x802'1315    0x1c  Code  Gb  z_stepper.o [1]
Planner::reset_acceleration_rates()
                         0x801'e75d    0x34  Code  Gb  z_planner.o [1]
Planner::reverse_pass()
                         0x801'dced    0x82  Code  Gb  z_planner.o [1]
Planner::reverse_pass_kernel(block_t *, block_t const *)
                         0x801'dbb9   0x134  Code  Gb  z_planner.o [1]
Planner::set_machine_position_mm(float)
                         0x801'e72b    0x2a  Code  Gb  z_planner.o [1]
Planner::set_position_mm(float)
                         0x801'e755     0x8  Code  Gb  z_planner.o [1]
Planner::settings       0x2000'673c    0x28  Data  Gb  z_planner.o [1]
Planner::steps_to_mm    0x2000'6838     0x4  Data  Gb  z_planner.o [1]
Planner::synchronize()   0x801'dfeb    0x1c  Code  Gb  z_planner.o [1]
RTC_Bcd2ToByte           0x801'3425    0x1a  Code  Gb  stm32f4xx_hal_rtc.o [1]
RTC_ByteToBcd2           0x801'340d    0x18  Code  Gb  stm32f4xx_hal_rtc.o [1]
RTC_Enable               0x801'c9d7    0x10  Code  Gb  rtc.o [1]
RTC_EnterInitMode        0x801'33d3    0x3a  Code  Gb  stm32f4xx_hal_rtc.o [1]
RTC_Init                 0x801'c935    0xa2  Code  Gb  rtc.o [1]
Region$$Table$$Base      0x802'e144           --   Gb  - Linker created -
Region$$Table$$Limit     0x802'e168           --   Gb  - Linker created -
SHT$$INIT_ARRAY$$Base    0x802'eb00           --   Gb  - Linker created -
SHT$$INIT_ARRAY$$Limit   0x802'eb04           --   Gb  - Linker created -
SHT$$PREINIT_ARRAY$$Base
                         0x802'eb00           --   Gb  - Linker created -
SHT$$PREINIT_ARRAY$$Limit
                         0x802'eb00           --   Gb  - Linker created -
SPIFL_Driver             0x802'e528    0x14  Data  Gb  spifl_diskio.o [1]
SPIFL_EraseSector        0x801'c7b9    0x52  Code  Gb  spi_flash.o [1]
SPIFL_Init               0x801'c6a7    0x42  Code  Gb  spi_flash.o [1]
SPIFL_ReadBuff           0x801'c741    0x78  Code  Gb  spi_flash.o [1]
SPIFL_ReadID             0x801'c6e9    0x58  Code  Gb  spi_flash.o [1]
SPIFL_WriteBuff          0x801'c80b   0x118  Code  Gb  spi_flash.o [1]
SPIFL_initialize         0x802'd759    0x1c  Code  Gb  spifl_diskio.o [1]
SPIFL_ioctl              0x802'd829    0x56  Code  Gb  spifl_diskio.o [1]
SPIFL_read               0x802'd785    0x52  Code  Gb  spifl_diskio.o [1]
SPIFL_status             0x802'd775    0x10  Code  Gb  spifl_diskio.o [1]
SPIFL_write              0x802'd7d7    0x52  Code  Gb  spifl_diskio.o [1]
SPI_DMAError             0x801'bf29    0x24  Code  Lc  stm32f4xx_hal_spi.o [1]
SPI_DMAHalfReceiveCplt   0x801'bf11     0xa  Code  Lc  stm32f4xx_hal_spi.o [1]
SPI_DMAHalfTransmitReceiveCplt
                         0x801'bf1d     0xa  Code  Lc  stm32f4xx_hal_spi.o [1]
SPI_DMAReceiveCplt       0x801'be35    0x78  Code  Lc  stm32f4xx_hal_spi.o [1]
SPI_DMATransmitReceiveCplt
                         0x801'bead    0x64  Code  Lc  stm32f4xx_hal_spi.o [1]
SPI_EndRxTransaction     0x801'bfed    0x92  Code  Lc  stm32f4xx_hal_spi.o [1]
SPI_EndRxTxTransaction   0x801'c07f    0x5a  Code  Lc  stm32f4xx_hal_spi.o [1]
SPI_WaitFlagStateUntilTimeout
                         0x801'bf4d    0xa0  Code  Lc  stm32f4xx_hal_spi.o [1]
[...]
_tgui_DrawFileCimgBackground(char *)
                         0x801'6141    0x98  Code  Gb  tgui_defaultfuncs.o [1]
_tgui_DrawFileRawImg(FIL *, short, short, unsigned short, unsigned short, unsigned int, unsigned char)
                         0x801'5f4b   0x1f6  Code  Gb  tgui_defaultfuncs.o [1]
_tgui_DrawStringInRect(char *, TG_RECT *, TG_TEXTOPTIONS *)
                         0x801'5e77    0xd4  Code  Gb  tgui_defaultfuncs.o [1]
_tgui_FilesBackButtonPress(void *, void *)
                         0x802'a74d    0x28  Code  Gb  tgui_filesscreenfuncs.o [1]
_tgui_FilesDirNamePaint(void *, void *)
                         0x802'a547    0xa8  Code  Gb  tgui_filesscreenfuncs.o [1]
_tgui_FilesDownButtonPress(void *, void *)
                         0x802'a5ef    0xa2  Code  Gb  tgui_filesscreenfuncs.o [1]
_tgui_FilesDrawPreview(TG_RECT *, FILES_ITEM *)
                         0x802'9c8d    0x6c  Code  Gb  tgui_filesscreenfuncs.o [1]
_tgui_FilesFileButtonPaint(void *, void *)
                         0x802'a10d   0x140  Code  Gb  tgui_filesscreenfuncs.o [1]
_tgui_FilesFileButtonPress(void *, void *)
                         0x802'a8d5   0x106  Code  Gb  tgui_filesscreenfuncs.o [1]
_tgui_FilesListButtonPress(void *, void *)
                         0x802'a875    0x3e  Code  Gb  tgui_filesscreenfuncs.o [1]
_tgui_FilesListFileButtonPaint(void *, void *)
                         0x802'a24d   0x2fa  Code  Gb  tgui_filesscreenfuncs.o [1]
_tgui_FilesPrevButtonPress(void *, void *)
                         0x802'a775   0x100  Code  Gb  tgui_filesscreenfuncs.o [1]
_tgui_FilesReadDir()     0x802'9cfd   0x2c6  Code  Gb  tgui_filesscreenfuncs.o [1]
_tgui_FilesScreenPaint(void *, void *)
                         0x802'a0dd    0x30  Code  Gb  tgui_filesscreenfuncs.o [1]
_tgui_FilesScreenProcess(void *, void *)
                         0x802'9fc9   0x114  Code  Gb  tgui_filesscreenfuncs.o [1]
_tgui_FilesUpButtonPress(void *, void *)
                         0x802'a695    0xb8  Code  Gb  tgui_filesscreenfuncs.o [1]
_tgui_InfoScreenFansTimePaint(void *, void *)
                         0x802'd9e1    0x34  Code  Gb  tgui_infoscreenfuncs.o [1]
_tgui_InfoScreenLightTimePaint(void *, void *)
                         0x802'd9ad    0x34  Code  Gb  tgui_infoscreenfuncs.o [1]
_tgui_InfoScreenUIAuthorPaint(void *, void *)
                         0x802'da29    0x14  Code  Gb  tgui_infoscreenfuncs.o [1]
_tgui_InfoScreenURLPaint(void *, void *)
                         0x802'da15    0x14  Code  Gb  tgui_infoscreenfuncs.o [1]
_tgui_InfoScreenVersionPaint(void *, void *)
                         0x802'd985    0x28  Code  Gb  tgui_infoscreenfuncs.o [1]
_tgui_LanguageButtonPress(void *, void *)
                         0x802'e6f9     0xe  Code  Gb  tgui_langscreenfuncs.o [1]
_tgui_MovezBackButtonPress(void *, void *)
                         0x801'ce91    0x26  Code  Gb  tgui_movezscreenfuncs.o [1]
_tgui_MovezDownButtonPress(void *, void *)
                         0x801'cfdb    0x9a  Code  Gb  tgui_movezscreenfuncs.o [1]
_tgui_MovezHomeButtonPress(void *, void *)
                         0x801'cef7    0x14  Code  Gb  tgui_movezscreenfuncs.o [1]
_tgui_MovezScreenProcess(void *, void *)
                         0x801'd155     0x8  Code  Gb  tgui_movezscreenfuncs.o [1]
_tgui_MovezSetZ0ButtonPress(void *, void *)
                         0x801'd075    0x24  Code  Gb  tgui_movezscreenfuncs.o [1]
_tgui_MovezStepSelectButtonPress(void *, void *)
                         0x801'cf0b    0x38  Code  Gb  tgui_movezscreenfuncs.o [1]
_tgui_MovezStopButtonPress(void *, void *)
                         0x801'ceb7    0x40  Code  Gb  tgui_movezscreenfuncs.o [1]
_tgui_MovezUpButtonPress(void *, void *)
                         0x801'cf43    0x98  Code  Gb  tgui_movezscreenfuncs.o [1]
_tgui_MovezUpdateHomed()
                         0x801'd099    0x92  Code  Gb  tgui_movezscreenfuncs.o [1]
_tgui_MsgBoxButtonProcess(void *, void *)
                         0x801'6eb1   0x13a  Code  Gb  tgui_messagebox.o [1]
_tgui_MsgBoxPaint()      0x801'6ca5   0x20c  Code  Gb  tgui_messagebox.o [1]
_tgui_MsgBoxProcess()    0x801'6bd5    0xd0  Code  Gb  tgui_messagebox.o [1]
_tgui_MsgBoxShow(MSGBOXTYPE, char *, char *, void (*)(void *, void *), void (*)(void *, void *))
                         0x801'68e1   0x2f4  Code  Gb  tgui_messagebox.o [1]
_tgui_ScreenTimeInit()   0x801'5d51    0x24  Code  Gb  tgui_defaultfuncs.o [1]
_tgui_ScreenTimePaint(void *, void *)
                         0x801'5db3    0xc4  Code  Gb  tgui_defaultfuncs.o [1]
_tgui_ScreenTimeProcess(void *, void *)
                         0x801'5d75    0x3e  Code  Gb  tgui_defaultfuncs.o [1]
_tgui_ScreenTimeProcess(void *, void *)::minutes
                        0x2000'68a4     0x1  Data  Lc  tgui_defaultfuncs.o [1]
_touch_ReadCoords        0x801'84bd    0xc8  Code  Gb  touch.o [1]
_touch_RefreshState      0x801'8585   0x126  Code  Gb  touch.o [1]
abort                    0x801'c0e3     0x6  Code  Gb  abort.o [2]
activefilelist          0x2000'68a6     0x1  Data  Gb  tgui_filesscreenfuncs.o [1]
add_segment              0x802'6bdd   0x1f2  Code  Lc  dlmalloc.o [2]
ceilf                    0x802'05cd          Code  Gb  ceilf.o [4]
cfgzMotor               0x2000'63e8    0x54  Data  Gb  config.o [1]
cfname                  0x2000'3854   0x400  Data  Gb  main.o [1]
check_fs                 0x801'1635    0x76  Code  Lc  ff.o [1]
chk_chr                  0x801'020f    0x14  Code  Lc  ff.o [1]
clngLangEng              0x802'db08    0xb8  Data  Lc  languages.o [1]
clngLangRus              0x802'dbc0    0xb8  Data  Lc  languages.o [1]
clst2sect                0x801'0403    0x1a  Code  Lc  ff.o [1]
cmd                     0x2000'680c     0x4  Data  Gb  cpld_utils.o [1]
cmp_lfn                  0x801'0afd    0xa0  Code  Lc  ff.o [1]
create_chain             0x801'0711   0x130  Code  Lc  ff.o [1]
create_name              0x801'12c1   0x286  Code  Lc  ff.o [1]
create_partition         0x801'241b   0x1a8  Code  Lc  ff.o [1]
currdir                 0x2000'0068   0x200  Data  Gb  tgui_filesscreenfuncs.o [1]
d                       0x2000'6820     0x4  Data  Gb  spi_flash.o [1]
dbc_1st                  0x801'0223     0xe  Code  Lc  ff.o [1]
dbc_2nd                  0x801'0231     0xe  Code  Lc  ff.o [1]
dir                     0x2000'6560    0x34  Data  Gb  main.o [1]
dir_alloc                0x801'0a49    0x64  Code  Lc  ff.o [1]
dir_clear                0x801'0841    0x64  Code  Lc  ff.o [1]
dir_find                 0x801'0e7b   0x118  Code  Lc  ff.o [1]
dir_next                 0x801'0957    0xf2  Code  Lc  ff.o [1]
dir_read                 0x801'0d7b   0x100  Code  Lc  ff.o [1]
dir_register             0x801'0f93   0x166  Code  Lc  ff.o [1]
dir_sdi                  0x801'08a5    0xb2  Code  Lc  ff.o [1]
disk                    0x2000'67c8    0x10  Data  Gb  ff_gen_drv.o [1]
disk_initialize          0x801'2ca7    0x32  Code  Gb  diskio.o [1]
disk_ioctl               0x801'2d15    0x20  Code  Gb  diskio.o [1]
disk_read                0x801'2cd9    0x1e  Code  Gb  diskio.o [1]
disk_status              0x801'2c89    0x1e  Code  Gb  diskio.o [1]
disk_write               0x801'2cf7    0x1e  Code  Gb  diskio.o [1]
exit                     0x802'e203     0x4  Code  Gb  exit.o [2]
fMoveStep               0x2000'0268     0x4  Data  Gb  tgui_movezscreenfuncs.o [1]
f_close                  0x801'2147    0x2a  Code  Gb  ff.o [1]
f_closedir               0x801'23a3    0x1c  Code  Gb  ff.o [1]
f_lseek                  0x801'2171   0x1aa  Code  Gb  ff.o [1]
f_mkfs                   0x801'25c3   0x692  Code  Gb  ff.o [1]
f_mkfs::cst              0x802'e5d8    0x10  Data  Lc  ff.o [1]
f_mkfs::cst32            0x802'e5e8    0x10  Data  Lc  ff.o [1]
f_mkfs::defopt           0x802'e5f8    0x10  Data  Lc  ff.o [1]
f_mount                  0x801'1a2b    0x54  Code  Gb  ff.o [1]
f_open                   0x801'1aa9   0x21a  Code  Gb  ff.o [1]
f_opendir                0x801'231b    0x88  Code  Gb  ff.o [1]
f_read                   0x801'1cc3   0x1cc  Code  Gb  ff.o [1]
f_readdir                0x801'23bf    0x5c  Code  Gb  ff.o [1]
f_sync                   0x801'20a7    0xa0  Code  Gb  ff.o [1]
f_write                  0x801'1e8f   0x218  Code  Gb  ff.o [1]
fbuff                   0x1000'0000  0x4000  Data  Gb  main.o [1]
ff_oem2uni               0x801'2d7f    0x3a  Code  Gb  ffunicode.o [1]
ff_uni2oem               0x801'2d39    0x46  Code  Gb  ffunicode.o [1]
ff_wtoupper              0x801'2db9    0xb6  Code  Gb  ffunicode.o [1]
ff_wtoupper::cvt1        0x802'cca0   0x1f4  Data  Lc  ffunicode.o [1]
ff_wtoupper::cvt2        0x802'da4c    0xbc  Data  Lc  ffunicode.o [1]
files                   0x2000'238c   0x830  Data  Gb  tgui_filesscreenfuncs.o [1]
find_volume              0x801'16b1    0x6c  Code  Lc  ff.o [1]
finfo                   0x2000'5464   0x224  Data  Gb  main.o [1]
floorf                   0x802'06b5          Code  Gb  floorf.o [4]
fnt12_data               0x802'c5ec   0x6b4  Data  Gb  fnt12.o [1]
fnt12_width              0x802'cfd8   0x140  Data  Gb  fnt12.o [1]
fnt12bold_data           0x802'be64   0x788  Data  Gb  fnt12bold.o [1]
fnt12bold_width          0x802'd118   0x140  Data  Gb  fnt12bold.o [1]
fnt18_data               0x802'8de8   0xea4  Data  Gb  fnt18.o [1]
fnt18_width              0x802'd258   0x140  Data  Gb  fnt18.o [1]
fnt18bold_data           0x802'7d20  0x10c8  Data  Gb  fnt18bold.o [1]
fnt18bold_width          0x802'd398   0x140  Data  Gb  fnt18bold.o [1]
fnt24_data               0x802'4eb8  0x195c  Data  Gb  fnt24.o [1]
fnt24_width              0x802'd4d8   0x140  Data  Gb  fnt24.o [1]
fnt24bold_data           0x802'2e24  0x2094  Data  Gb  fnt24bold.o [1]
fnt24bold_width          0x802'd618   0x140  Data  Gb  fnt24bold.o [1]
follow_path              0x801'154d    0x9a  Code  Lc  ff.o [1]
font_fnt12              0x2000'0000     0xc  Data  Gb  fnt12.o [1]
font_fnt12bold          0x2000'000c     0xc  Data  Gb  fnt12bold.o [1]
font_fnt18              0x2000'0018     0xc  Data  Gb  fnt18.o [1]
font_fnt18bold          0x2000'0024     0xc  Data  Gb  fnt18bold.o [1]
font_fnt24              0x2000'0030     0xc  Data  Gb  fnt24.o [1]
font_fnt24bold          0x2000'003c     0xc  Data  Gb  fnt24bold.o [1]
fpws_header             0x2000'6594    0x30  Data  Gb  files_pws.o [1]
fpws_info               0x2000'643c    0x54  Data  Gb  files_pws.o [1]
fpws_preview            0x2000'6784    0x1c  Data  Gb  files_pws.o [1]
free                     0x802'ba75     0x4  Code  Gb  heaptramp0.o [2]
gen_numname              0x801'0cb9    0xa2  Code  Lc  ff.o [1]
get_fat                  0x801'041d   0x10a  Code  Lc  ff.o [1]
get_fattime              0x801'2e99    0x50  Code  Gb  fatfs.o [1]
get_fileinfo             0x801'10f9   0x1c8  Code  Lc  ff.o [1]
get_ldnumber             0x801'15e7    0x4e  Code  Lc  ff.o [1]
hFlashSpi               0x2000'6128    0x80  Data  Gb  fst_spi.o [1]
hFlashSpiDmaRx          0x2000'62c8    0x60  Data  Gb  fst_spi.o [1]
hFlashSpiDmaTx          0x2000'6328    0x60  Data  Gb  fst_spi.o [1]
hLcdDma                 0x2000'6388    0x60  Data  Gb  lcd_low.o [1]
hRTC                    0x2000'6764    0x20  Data  Gb  rtc.o [1]
hStepperTim             0x2000'64e0    0x40  Data  Gb  tim.o [1]
hTouchSpi               0x2000'60a8    0x80  Data  Gb  fst_spi.o [1]
hTouchSpiDmaRx          0x2000'61a8    0x60  Data  Gb  fst_spi.o [1]
hTouchSpiDmaTx          0x2000'6208    0x60  Data  Gb  fst_spi.o [1]
hUsbHost                0x2000'4054   0x3d8  Data  Gb  usb_host.o [1]
hZRefTim                0x2000'6520    0x40  Data  Gb  tim.o [1]
hhcd_USB_OTG_FS         0x2000'51a0   0x2c4  Data  Gb  usbh_conf.o [1]
hsram1                  0x2000'6490    0x50  Data  Gb  fsmc.o [1]
idle()                   0x801'cab9     0xa  Code  Gb  motor.o [1]
idle()::idlecount       0x2000'6814     0x4  Data  Lc  motor.o [1]
init_mparams             0x802'682f    0x32  Code  Lc  dlmalloc.o [2]
init_top                 0x802'6861    0x36  Code  Lc  dlmalloc.o [2]
lastfilenum             0x2000'0319     0x1  Data  Gb  tgui_filesscreenfuncs.o [1]
lcdui_bgcolor           0x2000'6898     0x2  Data  Gb  lcd_ui.o [1]
lcdui_color             0x2000'0314     0x2  Data  Gb  lcd_ui.o [1]
lcdui_current_font      0x2000'005c     0x4  Data  Gb  lcd_ui.o [1]
lcdui_current_font_type
                        0x2000'0316     0x1  Data  Gb  lcd_ui.o [1]
lcdui_cursor_x          0x2000'6894     0x2  Data  Gb  lcd_ui.o [1]
lcdui_cursor_y          0x2000'6896     0x2  Data  Gb  lcd_ui.o [1]
lcdui_height            0x2000'0312     0x2  Data  Gb  lcd_ui.o [1]
lcdui_width             0x2000'0310     0x2  Data  Gb  lcd_ui.o [1]
ld_clust                 0x801'0aad    0x26  Code  Lc  ff.o [1]
ld_dword                 0x801'0195    0x16  Code  Lc  ff.o [1]
ld_word                  0x801'0189     0xc  Code  Lc  ff.o [1]
ldexp                    0x801'a8d1          Code  Gb  ldexp.o [4]
ldexpl                   0x801'a8d1          Code  Gb  ldexp.o [4]
lngCurrent              0x2000'0058     0x4  Data  Gb  languages.o [1]
lngLanguages            0x2000'0048    0x10  Data  Gb  languages.o [1]
localeconv               0x801'a365     0x4  Code  Gb  xlocale_c.o [2]
lroundf                  0x802'0869          Code  Gb  lroundf.o [4]
main                     0x801'ae41   0x8cc  Code  Gb  main.o [1]
mem_cmp                  0x801'01f1    0x1e  Code  Lc  ff.o [1]
mem_cpy                  0x801'01d1    0x14  Code  Lc  ff.o [1]
mem_set                  0x801'01e5     0xc  Code  Lc  ff.o [1]
memchr                   0x801'a3c9          Code  Gb  memchr.o [5]
mount_volume             0x801'171d   0x2c6  Code  Lc  ff.o [1]
move_window              0x801'0331    0x3e  Code  Lc  ff.o [1]
mparams                 0x2000'67a0    0x18  Data  Lc  dlmalloc.o [2]
msg                     0x2000'5888   0x200  Data  Gb  main.o [1]
nomorefiles             0x2000'68a8     0x1  Data  Gb  tgui_filesscreenfuncs.o [1]
oldUsbMounted           0x2000'68a5     0x1  Data  Gb  tgui_filesscreenfuncs.o [1]
pfile_type              0x2000'68a3     0x1  Data  Gb  prtfiles.o [1]
pick_lfn                 0x801'0b9d    0x90  Code  Lc  ff.o [1]
prepend_alloc            0x802'6897   0x346  Code  Lc  dlmalloc.o [2]
prt_file                0x2000'6818     0x4  Data  Gb  prtfiles.o [1]
put_fat                  0x801'0527   0x15c  Code  Lc  ff.o [1]
put_lfn                  0x801'0c2d    0x84  Code  Lc  ff.o [1]
put_utf                  0x801'0285    0x5c  Code  Lc  ff.o [1]
remove_chain             0x801'0683    0x8e  Code  Lc  ff.o [1]
retSPIFL                0x2000'689d     0x1  Data  Gb  fatfs.o [1]
retUSBH                 0x2000'689c     0x1  Data  Gb  fatfs.o [1]
s_tfname                0x2000'3454   0x400  Data  Gb  main.o [1]
scalbln                  0x801'a8d1          Code  Gb  ldexp.o [4]
scalblnl                 0x801'a8d1          Code  Gb  ldexp.o [4]
scalbn                   0x801'a8d1          Code  Gb  ldexp.o [4]
scalbnl                  0x801'a8d1          Code  Gb  ldexp.o [4]
scale                    0x801'8f77    0x46  Code  Lc  xprintffull.o [2]
scrTimeTimer            0x2000'0318     0x1  Data  Gb  tgui_defaultfuncs.o [1]
sec_hand                0x2000'6888     0x4  Data  Lc  xfail_s.o [2]
segment_holding          0x802'6815    0x1a  Code  Lc  dlmalloc.o [2]
sfile                   0x1000'5028  0x1028  Data  Gb  main.o [1]
sprintf                  0x801'71ad    0x40  Code  Gb  sprintf.o [2]
sqrtf                    0x802'07b9          Code  Gb  sqrtf.o [4]
srvMode                 0x2000'68a2     0x1  Data  Gb  main.o [1]
st_clust                 0x801'0ad3    0x2a  Code  Lc  ff.o [1]
st_dword                 0x801'01b9    0x18  Code  Lc  ff.o [1]
st_word                  0x801'01ab     0xe  Code  Lc  ff.o [1]
strcat                   0x802'aa71    0x1e  Code  Gb  strcat.o [2]
strchr                   0x801'a371          Code  Gb  strchr.o [5]
strcmp                   0x801'cdcd          Code  Gb  strcmp.o [5]
strcpy                   0x802'aa59          Code  Gb  strcpy.o [5]
strcpy_utf(char *, char *)
                         0x801'8403    0x28  Code  Gb  unicode_utils.o [1]
strlen                   0x801'3441          Code  Gb  strlen.o [5]
strncpy                  0x801'8731          Code  Gb  strncpy.o [5]
subdir                  0x2000'68a7     0x1  Data  Gb  tgui_filesscreenfuncs.o [1]
sum_sfn                  0x801'0d5b    0x20  Code  Lc  ff.o [1]
sync_fs                  0x801'036f    0x94  Code  Lc  ff.o [1]
sync_window              0x801'02e1    0x50  Code  Lc  ff.o [1]
sys_alloc                0x802'6dd5   0x164  Code  Lc  dlmalloc.o [2]
sys_trim                 0x802'6f39    0x64  Code  Lc  dlmalloc.o [2]
systemInfo              0x2000'67b8    0x10  Data  Gb  config.o [1]
tchar2uni                0x801'023f    0x46  Code  Lc  ff.o [1]
tfname                  0x1000'7078   0x400  Data  Gb  tgui.o [1]
tguiActiveScreen        0x2000'682c     0x4  Data  Gb  tgui.o [1]
tguiDBuff               0x2000'68b8  0x1000  Data  Gb  tgui.o [1]
tguiDefaultConfig       0x2000'6714    0x28  Data  Gb  tgui.o [1]
tguiFBuff               0x2000'78b8   0x200  Data  Gb  tgui.o [1]
tguiFile                0x1000'6050  0x1028  Data  Gb  tgui.o [1]
tguiMsgBox              0x2000'47c8   0x348  Data  Gb  tgui.o [1]
tguiScrFilesButtons     0x2000'4e58   0x348  Data  Gb  tgui.o [1]
tguiScrFilesListButtons
                        0x2000'2bbc   0x498  Data  Gb  tgui.o [1]
tguiScrInfoButtons      0x2000'442c   0x39c  Data  Gb  tgui.o [1]
tguiScrLanguageButtons  0x2000'5fac    0xfc  Data  Gb  tgui.o [1]
tguiScrMainButtons      0x2000'5c60   0x150  Data  Gb  tgui.o [1]
tguiScrMovezButtons     0x2000'4b10   0x348  Data  Gb  tgui.o [1]
tguiScrServiceButtons   0x2000'5eb0    0xfc  Data  Gb  tgui.o [1]
tguiScreenFiles         0x2000'66b4    0x30  Data  Gb  tgui.o [1]
tguiScreenFilesList     0x2000'66e4    0x30  Data  Gb  tgui.o [1]
tguiScreenInfo          0x2000'6654    0x30  Data  Gb  tgui.o [1]
tguiScreenLanguage      0x2000'6624    0x30  Data  Gb  tgui.o [1]
tguiScreenMain          0x2000'65c4    0x30  Data  Gb  tgui.o [1]
tguiScreenMovez         0x2000'6684    0x30  Data  Gb  tgui.o [1]
tguiScreenService       0x2000'65f4    0x30  Data  Gb  tgui.o [1]
tguiTimer               0x2000'68a0     0x1  Data  Gb  main.o [1]
tmalloc_large            0x802'6fa9   0x386  Code  Lc  dlmalloc.o [2]
tmalloc_small            0x802'732f   0x200  Code  Lc  dlmalloc.o [2]
touch_buff              0x2000'6268    0x60  Data  Gb  fst_spi.o [1]
touch_info              0x2000'67d8    0x10  Data  Gb  touch.o [1]
touch_point             0x2000'6830     0x4  Data  Gb  touch.o [1]
tstrcat(unsigned short *, unsigned short *)
                         0x801'844d    0x2c  Code  Gb  unicode_utils.o [1]
tstrcat_utf(unsigned short *, char *)
                         0x801'8479    0x44  Code  Gb  unicode_utils.o [1]
tstrcpy(unsigned short *, unsigned short *)
                         0x801'842b    0x22  Code  Gb  unicode_utils.o [1]
u_tfname                0x2000'3054   0x400  Data  Gb  main.o [1]
uc866                    0x802'd884   0x100  Data  Lc  ffunicode.o [1]
ufile                   0x1000'4000  0x1028  Data  Gb  main.o [1]
uwTick                  0x2000'6824     0x4  Data  Gb  stm32f4xx_hal.o [1]
uwTickFreq              0x2000'0317     0x1  Data  Gb  stm32f4xx_hal.o [1]
uwTickPrio              0x2000'0060     0x4  Data  Gb  stm32f4xx_hal.o [1]
validate                 0x801'19e3    0x48  Code  Lc  ff.o [1]
zHoldTimer              0x2000'68a1     0x1  Data  Gb  main.o [1]
zPlanner                0x2000'68ac     0x1  Data  Gb  z_planner.o [1]


[1] = D:\Electronics\Projects\MKS_DLP_new\SRC\firmware\MKSDLP_Alter_Debug\Obj
[2] = dl7M_tlf.a
[3] = dlpp7M_tl_fc.a
[4] = m7M_tls.a
[5] = rt7M_tl.a
[6] = shb_l.a

  92 631 bytes of readonly  code memory
  33 260 bytes of readonly  data memory
  85 806 bytes of readwrite data memory

Errors: none
Warnings: none
