###############################################################################
#
# IAR ELF Linker V8.32.1.169/W32 for ARM                  02/Oct/2020  00:46:10
# Copyright 2007-2018 IAR Systems AB.
#
#    Output file  =  
#        D:\Electronics\Projects\MKS_DLP_new\SRC\firmware\MKSDLP_Alter_debug\Exe\MKS_DLP_new.out
#    Map file     =  
#        D:\Electronics\Projects\MKS_DLP_new\SRC\firmware\MKSDLP_Alter_debug\List\MKS_DLP_new.map
#    Command line =  
#        -f C:\Temp\EWCC2.tmp
#        (D:\Electronics\Projects\MKS_DLP_new\SRC\firmware\MKSDLP_Alter_Debug\Obj\config.o
#        D:\Electronics\Projects\MKS_DLP_new\SRC\firmware\MKSDLP_Alter_Debug\Obj\cpld_utils.o
#        D:\Electronics\Projects\MKS_DLP_new\SRC\firmware\MKSDLP_Alter_Debug\Obj\datetime.o
#        D:\Electronics\Projects\MKS_DLP_new\SRC\firmware\MKSDLP_Alter_Debug\Obj\diskio.o
#        D:\Electronics\Projects\MKS_DLP_new\SRC\firmware\MKSDLP_Alter_Debug\Obj\eeprom.o
#        D:\Electronics\Projects\MKS_DLP_new\SRC\firmware\MKSDLP_Alter_Debug\Obj\fatfs.o
#        D:\Electronics\Projects\MKS_DLP_new\SRC\firmware\MKSDLP_Alter_Debug\Obj\ff.o
#        D:\Electronics\Projects\MKS_DLP_new\SRC\firmware\MKSDLP_Alter_Debug\Obj\ff_gen_drv.o
#        D:\Electronics\Projects\MKS_DLP_new\SRC\firmware\MKSDLP_Alter_Debug\Obj\ffsystem.o
#        D:\Electronics\Projects\MKS_DLP_new\SRC\firmware\MKSDLP_Alter_Debug\Obj\ffunicode.o
#        D:\Electronics\Projects\MKS_DLP_new\SRC\firmware\MKSDLP_Alter_Debug\Obj\files_photon.o
#        D:\Electronics\Projects\MKS_DLP_new\SRC\firmware\MKSDLP_Alter_Debug\Obj\files_pws.o
#        D:\Electronics\Projects\MKS_DLP_new\SRC\firmware\MKSDLP_Alter_Debug\Obj\fnt12.o
#        D:\Electronics\Projects\MKS_DLP_new\SRC\firmware\MKSDLP_Alter_Debug\Obj\fnt12bold.o
#        D:\Electronics\Projects\MKS_DLP_new\SRC\firmware\MKSDLP_Alter_Debug\Obj\fnt170num_lcd.o
#        D:\Electronics\Projects\MKS_DLP_new\SRC\firmware\MKSDLP_Alter_Debug\Obj\fnt18.o
#        D:\Electronics\Projects\MKS_DLP_new\SRC\firmware\MKSDLP_Alter_Debug\Obj\fnt18bold.o
#        D:\Electronics\Projects\MKS_DLP_new\SRC\firmware\MKSDLP_Alter_Debug\Obj\fnt24.o
#        D:\Electronics\Projects\MKS_DLP_new\SRC\firmware\MKSDLP_Alter_Debug\Obj\fnt24bold.o
#        D:\Electronics\Projects\MKS_DLP_new\SRC\firmware\MKSDLP_Alter_Debug\Obj\fnt36.o
#        D:\Electronics\Projects\MKS_DLP_new\SRC\firmware\MKSDLP_Alter_Debug\Obj\fnt36num.o
#        D:\Electronics\Projects\MKS_DLP_new\SRC\firmware\MKSDLP_Alter_Debug\Obj\fsmc.o
#        D:\Electronics\Projects\MKS_DLP_new\SRC\firmware\MKSDLP_Alter_Debug\Obj\fst_spi.o
#        D:\Electronics\Projects\MKS_DLP_new\SRC\firmware\MKSDLP_Alter_Debug\Obj\gpio.o
#        D:\Electronics\Projects\MKS_DLP_new\SRC\firmware\MKSDLP_Alter_Debug\Obj\languages.o
#        D:\Electronics\Projects\MKS_DLP_new\SRC\firmware\MKSDLP_Alter_Debug\Obj\lcd_low.o
#        D:\Electronics\Projects\MKS_DLP_new\SRC\firmware\MKSDLP_Alter_Debug\Obj\lcd_ui.o
#        D:\Electronics\Projects\MKS_DLP_new\SRC\firmware\MKSDLP_Alter_Debug\Obj\main.o
#        D:\Electronics\Projects\MKS_DLP_new\SRC\firmware\MKSDLP_Alter_Debug\Obj\motor.o
#        D:\Electronics\Projects\MKS_DLP_new\SRC\firmware\MKSDLP_Alter_Debug\Obj\printing.o
#        D:\Electronics\Projects\MKS_DLP_new\SRC\firmware\MKSDLP_Alter_Debug\Obj\prtfiles.o
#        D:\Electronics\Projects\MKS_DLP_new\SRC\firmware\MKSDLP_Alter_Debug\Obj\rtc.o
#        D:\Electronics\Projects\MKS_DLP_new\SRC\firmware\MKSDLP_Alter_Debug\Obj\spi_flash.o
#        D:\Electronics\Projects\MKS_DLP_new\SRC\firmware\MKSDLP_Alter_Debug\Obj\spifl_diskio.o
#        D:\Electronics\Projects\MKS_DLP_new\SRC\firmware\MKSDLP_Alter_Debug\Obj\ssd_utils.o
#        D:\Electronics\Projects\MKS_DLP_new\SRC\firmware\MKSDLP_Alter_Debug\Obj\startup_stm32f407xx.o
#        D:\Electronics\Projects\MKS_DLP_new\SRC\firmware\MKSDLP_Alter_Debug\Obj\stm32f4xx_hal.o
#        D:\Electronics\Projects\MKS_DLP_new\SRC\firmware\MKSDLP_Alter_Debug\Obj\stm32f4xx_hal_cortex.o
#        D:\Electronics\Projects\MKS_DLP_new\SRC\firmware\MKSDLP_Alter_Debug\Obj\stm32f4xx_hal_dma.o
#        D:\Electronics\Projects\MKS_DLP_new\SRC\firmware\MKSDLP_Alter_Debug\Obj\stm32f4xx_hal_dma_ex.o
#        D:\Electronics\Projects\MKS_DLP_new\SRC\firmware\MKSDLP_Alter_Debug\Obj\stm32f4xx_hal_exti.o
#        D:\Electronics\Projects\MKS_DLP_new\SRC\firmware\MKSDLP_Alter_Debug\Obj\stm32f4xx_hal_flash.o
#        D:\Electronics\Projects\MKS_DLP_new\SRC\firmware\MKSDLP_Alter_Debug\Obj\stm32f4xx_hal_flash_ex.o
#        D:\Electronics\Projects\MKS_DLP_new\SRC\firmware\MKSDLP_Alter_Debug\Obj\stm32f4xx_hal_flash_ramfunc.o
#        D:\Electronics\Projects\MKS_DLP_new\SRC\firmware\MKSDLP_Alter_Debug\Obj\stm32f4xx_hal_gpio.o
#        D:\Electronics\Projects\MKS_DLP_new\SRC\firmware\MKSDLP_Alter_Debug\Obj\stm32f4xx_hal_hcd.o
#        D:\Electronics\Projects\MKS_DLP_new\SRC\firmware\MKSDLP_Alter_Debug\Obj\stm32f4xx_hal_i2c.o
#        D:\Electronics\Projects\MKS_DLP_new\SRC\firmware\MKSDLP_Alter_Debug\Obj\stm32f4xx_hal_msp.o
#        D:\Electronics\Projects\MKS_DLP_new\SRC\firmware\MKSDLP_Alter_Debug\Obj\stm32f4xx_hal_pwr.o
#        D:\Electronics\Projects\MKS_DLP_new\SRC\firmware\MKSDLP_Alter_Debug\Obj\stm32f4xx_hal_pwr_ex.o
#        D:\Electronics\Projects\MKS_DLP_new\SRC\firmware\MKSDLP_Alter_Debug\Obj\stm32f4xx_hal_rcc.o
#        D:\Electronics\Projects\MKS_DLP_new\SRC\firmware\MKSDLP_Alter_Debug\Obj\stm32f4xx_hal_rcc_ex.o
#        D:\Electronics\Projects\MKS_DLP_new\SRC\firmware\MKSDLP_Alter_Debug\Obj\stm32f4xx_hal_rtc.o
#        D:\Electronics\Projects\MKS_DLP_new\SRC\firmware\MKSDLP_Alter_Debug\Obj\stm32f4xx_hal_rtc_ex.o
#        D:\Electronics\Projects\MKS_DLP_new\SRC\firmware\MKSDLP_Alter_Debug\Obj\stm32f4xx_hal_spi.o
#        D:\Electronics\Projects\MKS_DLP_new\SRC\firmware\MKSDLP_Alter_Debug\Obj\stm32f4xx_hal_sram.o
#        D:\Electronics\Projects\MKS_DLP_new\SRC\firmware\MKSDLP_Alter_Debug\Obj\stm32f4xx_hal_tim.o
#        D:\Electronics\Projects\MKS_DLP_new\SRC\firmware\MKSDLP_Alter_Debug\Obj\stm32f4xx_hal_tim_ex.o
#        D:\Electronics\Projects\MKS_DLP_new\SRC\firmware\MKSDLP_Alter_Debug\Obj\stm32f4xx_it.o
#        D:\Electronics\Projects\MKS_DLP_new\SRC\firmware\MKSDLP_Alter_Debug\Obj\stm32f4xx_ll_fsmc.o
#        D:\Electronics\Projects\MKS_DLP_new\SRC\firmware\MKSDLP_Alter_Debug\Obj\stm32f4xx_ll_usb.o
#        D:\Electronics\Projects\MKS_DLP_new\SRC\firmware\MKSDLP_Alter_Debug\Obj\sys_timer.o
#        D:\Electronics\Projects\MKS_DLP_new\SRC\firmware\MKSDLP_Alter_Debug\Obj\system_stm32f4xx.o
#        D:\Electronics\Projects\MKS_DLP_new\SRC\firmware\MKSDLP_Alter_Debug\Obj\tgui.o
#        D:\Electronics\Projects\MKS_DLP_new\SRC\firmware\MKSDLP_Alter_Debug\Obj\tgui_clocksetscreenfuncs.o
#        D:\Electronics\Projects\MKS_DLP_new\SRC\firmware\MKSDLP_Alter_Debug\Obj\tgui_defaultfuncs.o
#        D:\Electronics\Projects\MKS_DLP_new\SRC\firmware\MKSDLP_Alter_Debug\Obj\tgui_filesscreenfuncs.o
#        D:\Electronics\Projects\MKS_DLP_new\SRC\firmware\MKSDLP_Alter_Debug\Obj\tgui_fileviewscreenfuncs.o
#        D:\Electronics\Projects\MKS_DLP_new\SRC\firmware\MKSDLP_Alter_Debug\Obj\tgui_infoscreenfuncs.o
#        D:\Electronics\Projects\MKS_DLP_new\SRC\firmware\MKSDLP_Alter_Debug\Obj\tgui_langscreenfuncs.o
#        D:\Electronics\Projects\MKS_DLP_new\SRC\firmware\MKSDLP_Alter_Debug\Obj\tgui_mainscreenfuncs.o
#        D:\Electronics\Projects\MKS_DLP_new\SRC\firmware\MKSDLP_Alter_Debug\Obj\tgui_messagebox.o
#        D:\Electronics\Projects\MKS_DLP_new\SRC\firmware\MKSDLP_Alter_Debug\Obj\tgui_movezscreenfuncs.o
#        D:\Electronics\Projects\MKS_DLP_new\SRC\firmware\MKSDLP_Alter_Debug\Obj\tgui_numenterscreenfuncs.o
#        D:\Electronics\Projects\MKS_DLP_new\SRC\firmware\MKSDLP_Alter_Debug\Obj\tgui_printscreenfuncs.o
#        D:\Electronics\Projects\MKS_DLP_new\SRC\firmware\MKSDLP_Alter_Debug\Obj\tgui_prnparamsscreenfuncs.o
#        D:\Electronics\Projects\MKS_DLP_new\SRC\firmware\MKSDLP_Alter_Debug\Obj\tgui_screensaverfuncs.o
#        D:\Electronics\Projects\MKS_DLP_new\SRC\firmware\MKSDLP_Alter_Debug\Obj\tgui_settingsscreenfuncs.o
#        D:\Electronics\Projects\MKS_DLP_new\SRC\firmware\MKSDLP_Alter_Debug\Obj\tgui_uvtestscreenfuncs.o
#        D:\Electronics\Projects\MKS_DLP_new\SRC\firmware\MKSDLP_Alter_Debug\Obj\tim.o
#        D:\Electronics\Projects\MKS_DLP_new\SRC\firmware\MKSDLP_Alter_Debug\Obj\touch.o
#        D:\Electronics\Projects\MKS_DLP_new\SRC\firmware\MKSDLP_Alter_Debug\Obj\unicode_utils.o
#        D:\Electronics\Projects\MKS_DLP_new\SRC\firmware\MKSDLP_Alter_Debug\Obj\usb_host.o
#        D:\Electronics\Projects\MKS_DLP_new\SRC\firmware\MKSDLP_Alter_Debug\Obj\usbh_conf.o
#        D:\Electronics\Projects\MKS_DLP_new\SRC\firmware\MKSDLP_Alter_Debug\Obj\usbh_core.o
#        D:\Electronics\Projects\MKS_DLP_new\SRC\firmware\MKSDLP_Alter_Debug\Obj\usbh_ctlreq.o
#        D:\Electronics\Projects\MKS_DLP_new\SRC\firmware\MKSDLP_Alter_Debug\Obj\usbh_diskio.o
#        D:\Electronics\Projects\MKS_DLP_new\SRC\firmware\MKSDLP_Alter_Debug\Obj\usbh_ioreq.o
#        D:\Electronics\Projects\MKS_DLP_new\SRC\firmware\MKSDLP_Alter_Debug\Obj\usbh_msc.o
#        D:\Electronics\Projects\MKS_DLP_new\SRC\firmware\MKSDLP_Alter_Debug\Obj\usbh_msc_bot.o
#        D:\Electronics\Projects\MKS_DLP_new\SRC\firmware\MKSDLP_Alter_Debug\Obj\usbh_msc_scsi.o
#        D:\Electronics\Projects\MKS_DLP_new\SRC\firmware\MKSDLP_Alter_Debug\Obj\usbh_pipes.o
#        D:\Electronics\Projects\MKS_DLP_new\SRC\firmware\MKSDLP_Alter_Debug\Obj\usbh_platform.o
#        D:\Electronics\Projects\MKS_DLP_new\SRC\firmware\MKSDLP_Alter_Debug\Obj\uvdisplay.o
#        D:\Electronics\Projects\MKS_DLP_new\SRC\firmware\MKSDLP_Alter_Debug\Obj\z_endstops.o
#        D:\Electronics\Projects\MKS_DLP_new\SRC\firmware\MKSDLP_Alter_Debug\Obj\z_planner.o
#        D:\Electronics\Projects\MKS_DLP_new\SRC\firmware\MKSDLP_Alter_Debug\Obj\z_stepper.o
#        --redirect _Printf=_PrintfFull --redirect _Scanf=_ScanfFull
#        --no_out_extension -o
#        D:\Electronics\Projects\MKS_DLP_new\SRC\firmware\MKSDLP_Alter_debug\Exe\MKS_DLP_new.out
#        --map
#        D:\Electronics\Projects\MKS_DLP_new\SRC\firmware\MKSDLP_Alter_debug\List\MKS_DLP_new.map
#        --log libraries,call_graph --log_file
#        D:\Electronics\Projects\MKS_DLP_new\SRC\firmware\MKSDLP_Alter_debug\List\MKS_DLP_new.log
#        --config
#        D:\Electronics\Projects\MKS_DLP_new\SRC\firmware/config/stm32f407xx_flash.icf
#        --semihosting --entry __iar_program_start --merge_duplicate_sections
#        --vfe --text_out locale)
#
###############################################################################

*******************************************************************************
*** RUNTIME MODEL ATTRIBUTES
***

CppFlavor                     = *
__CPP_Exceptions              = Disabled
__CPP_Language                = C++14
__Heap_Handler                = DLMalloc
__SystemLibrary               = DLib
__dlib_dynamic_initialization = normal
__dlib_version                = 6


*******************************************************************************
*** HEAP SELECTION
***

The advanced heap was selected because the application calls memory
allocation functions outside of system library functions, and there
are calls to deallocation functions in the application.


*******************************************************************************
*** PLACEMENT SUMMARY
***

"A0":  place at 0x801'0000 { ro section .intvec };
"P1":  place in [from 0x801'0000 to 0x807'ffff] { ro };
define block CSTACK with size = 16K, alignment = 8 { };
define block HEAP with size = 8K, alignment = 8 { };
"P2":  place in [from 0x2000'0000 to 0x2001'ffff] {
          rw, block CSTACK, block HEAP };
"P3":  place in [from 0x1000'0000 to 0x1000'ffff] { rw section CCMRAM };
initialize by copy { rw };

  Section                Kind         Address     Size  Object
  -------                ----         -------     ----  ------
"A0":                                            0x188
  .intvec                ro code   0x801'0000    0x188  startup_stm32f407xx.o [1]
                                 - 0x801'0188    0x188

"P1":                                          0x38661
  .rodata                const     0x801'0188   0x66f0  fnt170num_lcd.o [1]
  .text                  ro code   0x801'6878   0x5620  tgui.o [1]
  .text                  ro code   0x801'be98     0x66  ABImemset.o [5]
  .text                  ro code   0x801'befe     0x7a  lz77_init_single.o [5]
  .text                  ro code   0x801'bf78    0xaf8  tgui_defaultfuncs.o [1]
  .text                  ro code   0x801'ca70     0xa6  ABImemcpy.o [5]
  .text                  ro code   0x801'cb16     0x3a  zero_init3.o [5]
  .text                  ro code   0x801'cb50     0x40  languages.o [1]
  .text                  ro code   0x801'cb90    0x754  tgui_messagebox.o [1]
  .text                  ro code   0x801'd2e4    0x20c  sys_timer.o [1]
  .text                  ro code   0x801'd4f0    0x26c  datetime.o [1]
  .text                  ro code   0x801'd75c     0x40  sprintf.o [2]
  .text                  ro code   0x801'd79c    0xc20  lcd_ui.o [1]
  .text                  ro code   0x801'e3bc    0x520  lcd_low.o [1]
  .text                  ro code   0x801'e8dc   0x2d1c  ff.o [1]
  .text                  ro code   0x802'15f8    0x39a  unicode_utils.o [1]
  .text                  ro code   0x802'1992     0x26  xencoding_8859_1.o [2]
  .text                  ro code   0x802'19b8    0x2d4  touch.o [1]
  .text                  ro code   0x802'1c8c     0x70  strncpy.o [5]
  .text                  ro code   0x802'1cfc    0x418  stm32f4xx_hal_rtc.o [1]
  .text                  ro code   0x802'2114      0xc  stm32f4xx_hal.o [1]
  .text                  ro code   0x802'2120    0xf46  xprintffull.o [2]
  .text                  ro code   0x802'3066     0x1e  xsscin.o [2]
  .text                  ro code   0x802'3084     0x28  stm32f4xx_hal.o [1]
  .text                  ro code   0x802'30ac    0x114  fsmc.o [1]
  .text                  ro code   0x802'31c0    0x458  stm32f4xx_hal_dma.o [1]
  .text                  ro code   0x802'3618    0x12c  stm32f4xx_hal_cortex.o [1]
  .text                  ro code   0x802'3744     0xb0  diskio.o [1]
  .text                  ro code   0x802'37f4    0x144  ffunicode.o [1]
  .text                  ro code   0x802'3938    0x158  fatfs.o [1]
  .text                  ro code   0x802'3a90    0x554  fst_spi.o [1]
  .text                  ro code   0x802'3fe4    0x104  xlocale_c.o [2]
  .text                  ro code   0x802'40e8     0x16  strchr.o [5]
  .text                  ro code   0x802'40fe      0xa  xsprout.o [2]
  .text                  ro code   0x802'4108     0x40  xfail_s.o [2]
  .text                  ro code   0x802'4148     0x36  strlen.o [5]
  .rodata                const     0x802'417e      0x2  languages.o [1]
  .text                  ro code   0x802'4180     0x58  memchr.o [5]
  .text                  ro code   0x802'41d8      0xa  xmbcurmax.o [2]
  .rodata                const     0x802'41e2      0x2  languages.o [1]
  .text                  ro code   0x802'41e4    0x230  I64DivMod.o [5]
  .text                  ro code   0x802'4414    0x1a2  DblMul.o [4]
  .rodata                const     0x802'45b6      0x1  unwind_debug.o [6]
  .text                  ro code   0x802'45b8     0x70  frexp.o [4]
  .text                  ro code   0x802'4628     0x2e  DblCmpLe.o [4]
  .text                  ro code   0x802'4658     0x2e  DblCmpGe.o [4]
  .text                  ro code   0x802'4688    0x13a  ldexp.o [4]
  .text                  ro code   0x802'47c4     0x3a  DblToS32.o [4]
  .text                  ro code   0x802'4800     0x22  S32ToDbl.o [4]
  .text                  ro code   0x802'4824     0xe2  DblSub.o [4]
  .text                  ro code   0x802'4908    0x246  DblDiv.o [4]
  .text                  ro code   0x802'4b50     0x28  DblToU32.o [4]
  .text                  ro code   0x802'4b78     0x1a  U32ToDbl.o [4]
  .text                  ro code   0x802'4b94      0x6  ABImemclr4.o [5]
  .text                  ro code   0x802'4b9c     0x5c  stm32f4xx_hal_sram.o [1]
  .text                  ro code   0x802'4bf8   0x1222  main.o [1]
  .text                  ro code   0x802'5e1c    0x252  stm32f4xx_hal_gpio.o [1]
  .text                  ro code   0x802'6070     0x54  ff_gen_drv.o [1]
  .text                  ro code   0x802'60c4    0x766  stm32f4xx_hal_spi.o [1]
  .text                  ro code   0x802'682a      0x6  abort.o [2]
  .text                  ro code   0x802'6830      0x2  stm32f4xx_hal_spi.o [1]
  .text                  ro code   0x802'6834    0x17a  DblAdd.o [4]
  .text                  ro code   0x802'69b0     0x32  ABImemset48.o [5]
  .text                  ro code   0x802'69e4     0xe4  stm32f4xx_ll_fsmc.o [1]
  .text                  ro code   0x802'6ac8     0x34  stm32f4xx_hal.o [1]
  .text                  ro code   0x802'6afc    0x2c0  gpio.o [1]
  .text                  ro code   0x802'6dbc    0x5e4  eeprom.o [1]
  .text                  ro code   0x802'73a0    0xfd0  config.o [1]
  .text                  ro code   0x802'8370    0x2c8  spi_flash.o [1]
  .text                  ro code   0x802'8638     0xc8  rtc.o [1]
  .text                  ro code   0x802'8700    0x2e4  motor.o [1]
  .text                  ro code   0x802'89e4    0x1da  cpld_utils.o [1]
  .text                  ro code   0x802'8bc0     0x24  uvdisplay.o [1]
  .text                  ro code   0x802'8be4    0x488  tgui_uvtestscreenfuncs.o [1]
  .text                  ro code   0x802'906c     0x20  usbh_platform.o [1]
  .text                  ro code   0x802'908c     0x94  usb_host.o [1]
  .text                  ro code   0x802'9120     0x12  strcmp.o [5]
  .text                  ro code   0x802'9134    0x484  tgui_screensaverfuncs.o [1]
  .text                  ro code   0x802'95b8     0x48  FltToDbl.o [4]
  .text                  ro code   0x802'9600     0x68  DblToFlt.o [4]
  .text                  ro code   0x802'9668    0x524  tgui_movezscreenfuncs.o [1]
  .text                  ro code   0x802'9b8c    0x6f8  printing.o [1]
  .text                  ro code   0x802'a284    0x5c0  prtfiles.o [1]
  .text                  ro code   0x802'a844    0x3b4  stm32f4xx_hal_rcc.o [1]
  .text                  ro code   0x802'abf8    0x1f4  stm32f4xx_hal_rcc.o [1]
  .text                  ro code   0x802'adec    0x150  stm32f4xx_hal_rcc_ex.o [1]
  .text                  ro code   0x802'af3c     0x14  exit.o [6]
  .text                  ro code   0x802'af50     0x4c  stm32f4xx_hal.o [1]
  .text                  ro code   0x802'af9c     0x40  stm32f4xx_hal_msp.o [1]
  .text                  ro code   0x802'afdc    0x1ea  stm32f4xx_hal_i2c.o [1]
  .text                  ro code   0x802'b1c8      0xe  math_wrappers64.o [4]
  .text                  ro code   0x802'b1d8    0x152  iar_Stoulx.o [2]
  .text                  ro code   0x802'b32a     0x20  spi_flash.o [1]
  .text                  ro code   0x802'b34c     0xe4  z_endstops.o [1]
  .text                  ro code   0x802'b430    0xe30  z_planner.o [1]
  .text                  ro code   0x802'c260    0x590  z_stepper.o [1]
  .text                  ro code   0x802'c7f0    0x1cc  tim.o [1]
  .text                  ro code   0x802'c9bc    0x78a  stm32f4xx_hal_tim.o [1]
  .text                  ro code   0x802'd148     0x14  motor.o [1]
  .text                  ro code   0x802'd15c      0xc  z_endstops.o [1]
  .text                  ro code   0x802'd168     0x18  z_endstops.o [1]
  .text                  ro code   0x802'd180     0x20  z_stepper.o [1]
  .text                  ro code   0x802'd1a0     0x20  motor.o [1]
  .text                  ro code   0x802'd1c0     0x42  cpld_utils.o [1]
  .text                  ro code   0x802'd204    0x5c8  ssd_utils.o [1]
  .text                  ro code   0x802'd7cc     0x18  strcpy.o [5]
  .text                  ro code   0x802'd7e4     0x1e  strcat.o [2]
  .text                  ro code   0x802'd802    0x7de  usbh_core.o [1]
  .text                  ro code   0x802'dfe0    0x578  files_pws.o [1]
  .text                  ro code   0x802'e558    0x748  files_photon.o [1]
  .text                  ro code   0x802'eca0     0x1e  sqrtf.o [4]
  .text                  ro code   0x802'ecc0    0x51c  strto64.o [4]
  .text                  ro code   0x802'f1dc     0x14  isspace.o [2]
  .text                  ro code   0x802'f1f0     0x14  tolower.o [2]
  .text                  ro code   0x802'f204     0x18  z_stepper.o [1]
  .text                  ro code   0x802'f21c     0x24  z_planner.o [1]
  .text                  ro code   0x802'f240     0x18  z_planner.o [1]
  .text                  ro code   0x802'f258      0x8  z_stepper.o [1]
  .text                  ro code   0x802'f260     0x3c  ceilf.o [4]
  .text                  ro code   0x802'f29c     0xac  z_planner.o [1]
  .text                  ro code   0x802'f348     0x3c  floorf.o [4]
  .text                  ro code   0x802'f384     0xbc  z_planner.o [1]
  .text                  ro code   0x802'f440     0x12  z_planner.o [1]
  .text                  ro code   0x802'f452      0x8  z_planner.o [1]
  .text                  ro code   0x802'f45c     0x20  z_stepper.o [1]
  .text                  ro code   0x802'f47c     0x10  z_stepper.o [1]
  .text                  ro code   0x802'f48c      0xc  z_stepper.o [1]
  .text                  ro code   0x802'f498     0x38  z_planner.o [1]
  .text                  ro code   0x802'f4d0     0x18  z_planner.o [1]
  .text                  ro code   0x802'f4e8     0x2e  lroundf.o [4]
  .text                  ro code   0x802'f518     0x1c  z_stepper.o [1]
  .text                  ro code   0x802'f534     0x2c  z_stepper.o [1]
  .text                  ro code   0x802'f560     0xac  stm32f4xx_hal_tim_ex.o [1]
  .text                  ro code   0x802'f60c    0x2f8  usbh_conf.o [1]
  .text                  ro code   0x802'f904     0xb6  usbh_pipes.o [1]
  .text                  ro code   0x802'f9ba    0x5bc  usbh_ctlreq.o [1]
  .text                  ro code   0x802'ff76    0x122  iar_Stopfx.o [2]
  .text                  ro code   0x803'0098    0x1c4  iar_Stoflt.o [2]
  .text                  ro code   0x803'025c    0x21c  iar_Stoxflt.o [2]
  .text                  ro code   0x803'0478     0x10  z_stepper.o [1]
  .text                  ro code   0x803'0488      0xe  z_planner.o [1]
  .text                  ro code   0x803'0498     0x1c  z_stepper.o [1]
  .text                  ro code   0x803'04b4   0x1060  stm32f4xx_hal_hcd.o [1]
  .text                  ro code   0x803'1514     0xd0  usbh_ioreq.o [1]
  .text                  ro code   0x803'15e4     0x14  isalpha.o [2]
  .text                  ro code   0x803'15f8    0x9c4  stm32f4xx_ll_usb.o [1]
  .rodata                const     0x803'1fbc   0x3b94  fnt36.o [1]
  .rodata                const     0x803'5b50   0x2094  fnt24bold.o [1]
  .rodata                const     0x803'7be4   0x1a1c  fnt24.o [1]
  .text                  ro code   0x803'9600   0x14e0  dlmalloc.o [2]
  .text                  ro code   0x803'aae0     0x2c  xgetmemchunk.o [2]
  .rodata                const     0x803'ab0c   0x10c8  fnt18bold.o [1]
  .text                  ro code   0x803'bbd4    0xf28  tgui_filesscreenfuncs.o [1]
  .text                  ro code   0x803'cafc    0xbf8  tgui_fileviewscreenfuncs.o [1]
  .rodata                const     0x803'd6f4    0xea4  fnt18.o [1]
  .text                  ro code   0x803'e598    0xe58  xscanffull.o [2]
  .text                  ro code   0x803'f3f0     0x3c  wctob.o [2]
  .text                  ro code   0x803'f42c     0x9e  iar_Stollx.o [2]
  .text                  ro code   0x803'f4cc    0x1b2  iar_Stoullx.o [2]
  .text                  ro code   0x803'f680    0x9d8  tgui_prnparamsscreenfuncs.o [1]
  .text                  ro code   0x804'0058    0x620  tgui_numenterscreenfuncs.o [1]
  .text                  ro code   0x804'0678     0x28  sscanf.o [2]
  .text                  ro code   0x804'06a0    0x97c  tgui_printscreenfuncs.o [1]
  .text                  ro code   0x804'101c    0x8b4  usbh_msc.o [1]
  .text                  ro code   0x804'18d0    0x394  usbh_msc_bot.o [1]
  .text                  ro code   0x804'1c64      0x4  heaptramp0.o [2]
  .text                  ro code   0x804'1c68    0x3ea  usbh_msc_scsi.o [1]
  .rodata                const     0x804'2054    0x788  fnt12bold.o [1]
  .rodata                const     0x804'27dc    0x6b4  fnt12.o [1]
  .rodata                const     0x804'2e90    0x684  fnt36num.o [1]
  .text                  ro code   0x804'3514    0x680  tgui_clocksetscreenfuncs.o [1]
  .text                  ro code   0x804'3b94    0x474  tgui_infoscreenfuncs.o [1]
  .text                  ro code   0x804'4008    0x450  tgui_settingsscreenfuncs.o [1]
  .rodata                const     0x804'4458    0x218  languages.o [1]
  .rodata                const     0x804'4670    0x218  languages.o [1]
  .rodata                const     0x804'4888    0x1f4  ffunicode.o [1]
  .text                  ro code   0x804'4a7c    0x144  usbh_diskio.o [1]
  .rodata                const     0x804'4bc0    0x140  fnt12.o [1]
  .rodata                const     0x804'4d00    0x140  fnt12bold.o [1]
  .rodata                const     0x804'4e40    0x140  fnt18.o [1]
  .rodata                const     0x804'4f80    0x140  fnt18bold.o [1]
  .rodata                const     0x804'50c0    0x140  fnt24.o [1]
  .rodata                const     0x804'5200    0x140  fnt24bold.o [1]
  .rodata                const     0x804'5340    0x140  fnt36.o [1]
  .text                  ro code   0x804'5480    0x12c  spifl_diskio.o [1]
  .rodata                const     0x804'55ac    0x100  ffunicode.o [1]
  .rodata                const     0x804'56ac     0xc8  languages.o [1]
  .rodata                const     0x804'5774     0xbc  ffunicode.o [1]
  .rodata                const     0x804'5830     0x9c  languages.o [1]
  .text                  ro code   0x804'58cc     0x9c  stm32f4xx_it.o [1]
  .rodata                const     0x804'5968     0x80  ff.o [1]
  .rodata                const     0x804'59e8     0x78  languages.o [1]
  .rodata                const     0x804'5a60     0x74  languages.o [1]
  .rodata                const     0x804'5ad4     0x74  languages.o [1]
  .rodata                const     0x804'5b48     0x70  languages.o [1]
  .rodata                const     0x804'5bb8     0x70  languages.o [1]
  .rodata                const     0x804'5c28     0x68  languages.o [1]
  .rodata                const     0x804'5c90     0x68  languages.o [1]
  .rodata                const     0x804'5cf8     0x68  languages.o [1]
  .rodata                const     0x804'5d60     0x64  languages.o [1]
  .rodata                const     0x804'5dc4     0x54  languages.o [1]
  .rodata                const     0x804'5e18     0x54  languages.o [1]
  .rodata                const     0x804'5e6c     0x50  iar_Stoulx.o [2]
  .rodata                const     0x804'5ebc     0x50  iar_Stoullx.o [2]
  .rodata                const     0x804'5f0c     0x4c  languages.o [1]
  .rodata                const     0x804'5f58     0x4c  xscanffull.o [2]
  .rodata                const     0x804'5fa4     0x48  languages.o [1]
  .rodata                const     0x804'5fec     0x44  languages.o [1]
  .rodata                const     0x804'6030     0x48  strto64.o [4]
  .rodata                const     0x804'6078     0x40  languages.o [1]
  .rodata                const     0x804'60b8     0x3c  languages.o [1]
  .rodata                const     0x804'60f4     0x3c  languages.o [1]
  .rodata                const     0x804'6130     0x3c  languages.o [1]
  .rodata                const     0x804'616c     0x3c  languages.o [1]
  .rodata                const     0x804'61a8     0x3c  languages.o [1]
  .rodata                const     0x804'61e4     0x38  fnt170num_lcd.o [1]
  .rodata                const     0x804'621c     0x38  fnt36num.o [1]
  .rodata                const     0x804'6254     0x38  languages.o [1]
  .rodata                const     0x804'628c     0x38  languages.o [1]
  .rodata                const     0x804'62c4     0x38  languages.o [1]
  .rodata                const     0x804'62fc     0x38  main.o [1]
  .rodata                const     0x804'6334     0x34  languages.o [1]
  .rodata                const     0x804'6368     0x34  languages.o [1]
  .rodata                const     0x804'639c     0x34  languages.o [1]
  .rodata                const     0x804'63d0     0x34  main.o [1]
  .rodata                const     0x804'6404     0x34  main.o [1]
  .rodata                const     0x804'6438     0x30  languages.o [1]
  .rodata                const     0x804'6468     0x30  languages.o [1]
  .rodata                const     0x804'6498     0x30  languages.o [1]
  .rodata                const     0x804'64c8     0x30  languages.o [1]
  .rodata                const     0x804'64f8     0x30  main.o [1]
  .rodata                const     0x804'6528     0x30  main.o [1]
  .rodata                const     0x804'6558     0x30  main.o [1]
  .rodata                const     0x804'6588     0x2c  languages.o [1]
  .rodata                const     0x804'65b4     0x2c  languages.o [1]
  .rodata                const     0x804'65e0     0x2c  languages.o [1]
  .rodata                const     0x804'660c     0x2c  languages.o [1]
  .rodata                const     0x804'6638     0x2c  main.o [1]
  .rodata                const     0x804'6664     0x2c  main.o [1]
  .rodata                const     0x804'6690     0x28  languages.o [1]
  .rodata                const     0x804'66b8     0x28  languages.o [1]
  .rodata                const     0x804'66e0     0x28  languages.o [1]
  .rodata                const     0x804'6708     0x28  main.o [1]
  .rodata                const     0x804'6730     0x28  xscanffull.o [2]
  .text                  ro code   0x804'6758     0x28  data_init.o [5]
  .rodata                const     0x804'6780     0x24  languages.o [1]
  .rodata                const     0x804'67a4     0x24  languages.o [1]
  .rodata                const     0x804'67c8     0x24  languages.o [1]
  .rodata                const     0x804'67ec     0x24  main.o [1]
  .rodata                const     0x804'6810     0x24  tgui_infoscreenfuncs.o [1]
  .text                  ro code   0x804'6834     0x22  fpinit_M.o [4]
  .iar.init_table        const     0x804'6858     0x2c  - Linker created -
  .rodata                const     0x804'6884     0x20  languages.o [1]
  .rodata                const     0x804'68a4     0x20  languages.o [1]
  .rodata                const     0x804'68c4     0x20  languages.o [1]
  .rodata                const     0x804'68e4     0x20  languages.o [1]
  .rodata                const     0x804'6904     0x20  languages.o [1]
  .rodata                const     0x804'6924     0x20  languages.o [1]
  .rodata                const     0x804'6944     0x20  languages.o [1]
  .rodata                const     0x804'6964     0x20  languages.o [1]
  .rodata                const     0x804'6984     0x20  languages.o [1]
  .rodata                const     0x804'69a4     0x20  main.o [1]
  .rodata                const     0x804'69c4     0x20  tgui.o [1]
  .rodata                const     0x804'69e4     0x20  tgui.o [1]
  .rodata                const     0x804'6a04     0x20  tgui.o [1]
  .rodata                const     0x804'6a24     0x20  tgui.o [1]
  .rodata                const     0x804'6a44     0x20  tgui.o [1]
  .rodata                const     0x804'6a64     0x20  tgui.o [1]
  .rodata                const     0x804'6a84     0x20  tgui.o [1]
  .rodata                const     0x804'6aa4     0x20  tgui.o [1]
  .rodata                const     0x804'6ac4     0x20  tgui.o [1]
  .rodata                const     0x804'6ae4     0x20  tgui.o [1]
  .rodata                const     0x804'6b04     0x20  tgui_printscreenfuncs.o [1]
  .text                  ro code   0x804'6b24     0x20  system_stm32f4xx.o [1]
  .text                  ro code   0x804'6b44     0x20  cmain_call_ctors.o [5]
  .text                  ro code   0x804'6b64     0x18  cppinit.o [2]
  .text                  ro code   0x804'6b7c     0x1e  cmain.o [5]
  .text                  ro code   0x804'6b9a      0x4  low_level_init.o [2]
  .text                  ro code   0x804'6b9e      0x4  exit.o [2]
  .text                  ro code   0x804'6ba4      0xa  cexit.o [5]
  .rodata                const     0x804'6bb0     0x1c  languages.o [1]
  .rodata                const     0x804'6bcc     0x1c  languages.o [1]
  .rodata                const     0x804'6be8     0x1c  languages.o [1]
  .rodata                const     0x804'6c04     0x1c  languages.o [1]
  .rodata                const     0x804'6c20     0x1c  languages.o [1]
  .rodata                const     0x804'6c3c     0x1c  languages.o [1]
  .rodata                const     0x804'6c58     0x1c  languages.o [1]
  .rodata                const     0x804'6c74     0x1c  languages.o [1]
  .rodata                const     0x804'6c90     0x1c  languages.o [1]
  .rodata                const     0x804'6cac     0x1c  languages.o [1]
  .rodata                const     0x804'6cc8     0x1c  languages.o [1]
  .rodata                const     0x804'6ce4     0x1c  languages.o [1]
  .rodata                const     0x804'6d00     0x1c  languages.o [1]
  .rodata                const     0x804'6d1c     0x1c  languages.o [1]
  .rodata                const     0x804'6d38     0x1c  languages.o [1]
  .rodata                const     0x804'6d54     0x1c  languages.o [1]
  .rodata                const     0x804'6d70     0x1c  languages.o [1]
  .rodata                const     0x804'6d8c     0x1c  languages.o [1]
  .rodata                const     0x804'6da8     0x1c  languages.o [1]
  .rodata                const     0x804'6dc4     0x1c  tgui.o [1]
  .rodata                const     0x804'6de0     0x1c  tgui.o [1]
  .rodata                const     0x804'6dfc     0x1c  tgui.o [1]
  .rodata                const     0x804'6e18     0x1c  tgui.o [1]
  .rodata                const     0x804'6e34     0x1c  tgui.o [1]
  .rodata                const     0x804'6e50     0x1c  tgui.o [1]
  .rodata                const     0x804'6e6c     0x1c  tgui.o [1]
  .rodata                const     0x804'6e88     0x1c  tgui.o [1]
  .rodata                const     0x804'6ea4     0x1c  tgui.o [1]
  .rodata                const     0x804'6ec0     0x1c  tgui.o [1]
  .rodata                const     0x804'6edc     0x1c  tgui.o [1]
  .rodata                const     0x804'6ef8     0x1c  tgui.o [1]
  .rodata                const     0x804'6f14     0x1c  tgui.o [1]
  .rodata                const     0x804'6f30     0x1c  tgui.o [1]
  .rodata                const     0x804'6f4c     0x1c  tgui.o [1]
  .rodata                const     0x804'6f68     0x1c  tgui.o [1]
  .rodata                const     0x804'6f84     0x1c  tgui.o [1]
  .rodata                const     0x804'6fa0     0x1c  tgui.o [1]
  .rodata                const     0x804'6fbc     0x1c  tgui.o [1]
  .rodata                const     0x804'6fd8     0x1c  tgui.o [1]
  .rodata                const     0x804'6ff4     0x1c  tgui.o [1]
  .rodata                const     0x804'7010     0x1c  tgui.o [1]
  .rodata                const     0x804'702c     0x1c  tgui.o [1]
  .rodata                const     0x804'7048     0x1c  tgui.o [1]
  .rodata                const     0x804'7064     0x1c  tgui.o [1]
  .rodata                const     0x804'7080     0x1c  tgui.o [1]
  .rodata                const     0x804'709c     0x1c  tgui.o [1]
  .rodata                const     0x804'70b8     0x1c  tgui.o [1]
  .rodata                const     0x804'70d4     0x1c  tgui.o [1]
  .rodata                const     0x804'70f0     0x1c  tgui.o [1]
  .rodata                const     0x804'710c     0x1c  tgui.o [1]
  .rodata                const     0x804'7128     0x1c  tgui.o [1]
  .rodata                const     0x804'7144     0x1c  tgui.o [1]
  .rodata                const     0x804'7160     0x1c  tgui.o [1]
  .rodata                const     0x804'717c     0x1c  tgui.o [1]
  .rodata                const     0x804'7198     0x1c  tgui.o [1]
  .rodata                const     0x804'71b4     0x1c  tgui.o [1]
  .rodata                const     0x804'71d0     0x1c  tgui.o [1]
  .rodata                const     0x804'71ec     0x1c  tgui.o [1]
  .rodata                const     0x804'7208     0x1c  tgui.o [1]
  .rodata                const     0x804'7224     0x1c  tgui.o [1]
  .rodata                const     0x804'7240     0x1c  tgui.o [1]
  .rodata                const     0x804'725c     0x1c  tgui.o [1]
  .rodata                const     0x804'7278     0x1c  tgui.o [1]
  .rodata                const     0x804'7294     0x1c  tgui.o [1]
  .rodata                const     0x804'72b0     0x1c  tgui.o [1]
  .rodata                const     0x804'72cc     0x1c  tgui_fileviewscreenfuncs.o [1]
  .rodata                const     0x804'72e8     0x1c  tgui_infoscreenfuncs.o [1]
  .text                  ro code   0x804'7304     0x1c  tgui_langscreenfuncs.o [1]
  .rodata                const     0x804'7320     0x18  config.o [1]
  .rodata                const     0x804'7338     0x18  config.o [1]
  .rodata                const     0x804'7350     0x18  config.o [1]
  .rodata                const     0x804'7368     0x18  config.o [1]
  .rodata                const     0x804'7380     0x18  config.o [1]
  .rodata                const     0x804'7398     0x18  datetime.o [1]
  .rodata                const     0x804'73b0     0x18  datetime.o [1]
  .rodata                const     0x804'73c8     0x18  languages.o [1]
  .rodata                const     0x804'73e0     0x18  languages.o [1]
  .rodata                const     0x804'73f8     0x18  languages.o [1]
  .rodata                const     0x804'7410     0x18  languages.o [1]
  .rodata                const     0x804'7428     0x18  languages.o [1]
  .rodata                const     0x804'7440     0x18  languages.o [1]
  .rodata                const     0x804'7458     0x18  languages.o [1]
  .rodata                const     0x804'7470     0x18  main.o [1]
  .rodata                const     0x804'7488     0x18  main.o [1]
  .rodata                const     0x804'74a0     0x18  main.o [1]
  .rodata                const     0x804'74b8     0x18  tgui.o [1]
  .rodata                const     0x804'74d0     0x18  tgui.o [1]
  .rodata                const     0x804'74e8     0x18  tgui.o [1]
  .rodata                const     0x804'7500     0x18  tgui.o [1]
  .rodata                const     0x804'7518     0x18  tgui.o [1]
  .rodata                const     0x804'7530     0x18  tgui.o [1]
  .rodata                const     0x804'7548     0x18  tgui.o [1]
  .rodata                const     0x804'7560     0x18  tgui.o [1]
  .rodata                const     0x804'7578     0x18  tgui.o [1]
  .rodata                const     0x804'7590     0x18  tgui.o [1]
  .rodata                const     0x804'75a8     0x18  tgui.o [1]
  .rodata                const     0x804'75c0     0x18  tgui.o [1]
  .rodata                const     0x804'75d8     0x18  tgui.o [1]
  .rodata                const     0x804'75f0     0x18  tgui.o [1]
  .rodata                const     0x804'7608     0x18  tgui.o [1]
  .rodata                const     0x804'7620     0x18  tgui.o [1]
  .rodata                const     0x804'7638     0x18  tgui.o [1]
  .rodata                const     0x804'7650     0x18  tgui.o [1]
  .rodata                const     0x804'7668     0x18  tgui.o [1]
  .rodata                const     0x804'7680     0x18  tgui.o [1]
  .rodata                const     0x804'7698     0x18  tgui.o [1]
  .rodata                const     0x804'76b0     0x18  tgui.o [1]
  .rodata                const     0x804'76c8     0x18  tgui.o [1]
  .rodata                const     0x804'76e0     0x18  tgui.o [1]
  .rodata                const     0x804'76f8     0x18  tgui.o [1]
  .rodata                const     0x804'7710     0x18  tgui.o [1]
  .rodata                const     0x804'7728     0x18  tgui.o [1]
  .rodata                const     0x804'7740     0x18  tgui_filesscreenfuncs.o [1]
  .rodata                const     0x804'7758     0x18  tgui_filesscreenfuncs.o [1]
  .rodata                const     0x804'7770     0x14  config.o [1]
  .rodata                const     0x804'7784     0x14  config.o [1]
  .rodata                const     0x804'7798     0x14  config.o [1]
  .rodata                const     0x804'77ac     0x14  config.o [1]
  .rodata                const     0x804'77c0     0x14  config.o [1]
  .rodata                const     0x804'77d4     0x14  ff.o [1]
  .rodata                const     0x804'77e8     0x14  ff.o [1]
  .rodata                const     0x804'77fc     0x14  languages.o [1]
  .rodata                const     0x804'7810     0x14  languages.o [1]
  .rodata                const     0x804'7824     0x14  languages.o [1]
  .rodata                const     0x804'7838     0x14  languages.o [1]
  .rodata                const     0x804'784c     0x14  languages.o [1]
  .rodata                const     0x804'7860     0x14  languages.o [1]
  .rodata                const     0x804'7874     0x14  languages.o [1]
  .rodata                const     0x804'7888     0x14  languages.o [1]
  .rodata                const     0x804'789c     0x14  languages.o [1]
  .rodata                const     0x804'78b0     0x14  languages.o [1]
  .rodata                const     0x804'78c4     0x14  languages.o [1]
  .rodata                const     0x804'78d8     0x14  languages.o [1]
  .rodata                const     0x804'78ec     0x14  languages.o [1]
  .rodata                const     0x804'7900     0x14  languages.o [1]
  .rodata                const     0x804'7914     0x14  languages.o [1]
  .rodata                const     0x804'7928     0x14  languages.o [1]
  .rodata                const     0x804'793c     0x14  spifl_diskio.o [1]
  .rodata                const     0x804'7950     0x14  tgui.o [1]
  .rodata                const     0x804'7964     0x14  tgui.o [1]
  .rodata                const     0x804'7978     0x14  tgui.o [1]
  .rodata                const     0x804'798c     0x14  tgui.o [1]
  .rodata                const     0x804'79a0     0x14  tgui.o [1]
  .rodata                const     0x804'79b4     0x14  tgui.o [1]
  .rodata                const     0x804'79c8     0x14  tgui.o [1]
  .rodata                const     0x804'79dc     0x14  tgui_filesscreenfuncs.o [1]
  .rodata                const     0x804'79f0     0x14  tgui_filesscreenfuncs.o [1]
  .rodata                const     0x804'7a04     0x14  tgui_infoscreenfuncs.o [1]
  .rodata                const     0x804'7a18     0x14  tgui_printscreenfuncs.o [1]
  .rodata                const     0x804'7a2c     0x14  tgui_uvtestscreenfuncs.o [1]
  .rodata                const     0x804'7a40     0x14  tgui_uvtestscreenfuncs.o [1]
  .rodata                const     0x804'7a54     0x14  tgui_uvtestscreenfuncs.o [1]
  .rodata                const     0x804'7a68     0x14  usbh_diskio.o [1]
  .rodata                const     0x804'7a7c     0x10  config.o [1]
  .rodata                const     0x804'7a8c     0x10  config.o [1]
  .rodata                const     0x804'7a9c     0x10  config.o [1]
  .rodata                const     0x804'7aac     0x10  config.o [1]
  .rodata                const     0x804'7abc     0x10  config.o [1]
  .rodata                const     0x804'7acc     0x10  config.o [1]
  .rodata                const     0x804'7adc     0x10  config.o [1]
  .rodata                const     0x804'7aec     0x10  ff.o [1]
  .rodata                const     0x804'7afc     0x10  ff.o [1]
  .rodata                const     0x804'7b0c     0x10  ff.o [1]
  .rodata                const     0x804'7b1c     0x10  ff.o [1]
  .rodata                const     0x804'7b2c     0x10  languages.o [1]
  .rodata                const     0x804'7b3c     0x10  languages.o [1]
  .rodata                const     0x804'7b4c     0x10  languages.o [1]
  .rodata                const     0x804'7b5c     0x10  languages.o [1]
  .rodata                const     0x804'7b6c     0x10  languages.o [1]
  .rodata                const     0x804'7b7c     0x10  languages.o [1]
  .rodata                const     0x804'7b8c     0x10  languages.o [1]
  .rodata                const     0x804'7b9c     0x10  languages.o [1]
  .rodata                const     0x804'7bac     0x10  languages.o [1]
  .rodata                const     0x804'7bbc     0x10  languages.o [1]
  .rodata                const     0x804'7bcc     0x10  languages.o [1]
  .rodata                const     0x804'7bdc     0x10  languages.o [1]
  .rodata                const     0x804'7bec     0x10  languages.o [1]
  .rodata                const     0x804'7bfc     0x10  languages.o [1]
  .rodata                const     0x804'7c0c     0x10  languages.o [1]
  .rodata                const     0x804'7c1c     0x10  languages.o [1]
  .rodata                const     0x804'7c2c     0x10  languages.o [1]
  .rodata                const     0x804'7c3c     0x10  languages.o [1]
  .rodata                const     0x804'7c4c     0x10  languages.o [1]
  .rodata                const     0x804'7c5c     0x10  languages.o [1]
  .rodata                const     0x804'7c6c     0x10  languages.o [1]
  .rodata                const     0x804'7c7c     0x10  languages.o [1]
  .rodata                const     0x804'7c8c     0x10  languages.o [1]
  .rodata                const     0x804'7c9c     0x10  main.o [1]
  .rodata                const     0x804'7cac     0x10  main.o [1]
  .rodata                const     0x804'7cbc     0x10  system_stm32f4xx.o [1]
  .rodata                const     0x804'7ccc     0x10  tgui.o [1]
  .rodata                const     0x804'7cdc     0x10  tgui.o [1]
  .rodata                const     0x804'7cec     0x10  tgui.o [1]
  .rodata                const     0x804'7cfc     0x10  tgui.o [1]
  .rodata                const     0x804'7d0c     0x10  tgui.o [1]
  .rodata                const     0x804'7d1c     0x10  tgui.o [1]
  .rodata                const     0x804'7d2c     0x10  tgui.o [1]
  .rodata                const     0x804'7d3c     0x10  tgui_defaultfuncs.o [1]
  .text                  ro code   0x804'7d4c     0x10  startup_stm32f407xx.o [1]
  .rodata                const     0x804'7d5c      0xc  config.o [1]
  .rodata                const     0x804'7d68      0xc  config.o [1]
  .rodata                const     0x804'7d74      0xc  config.o [1]
  .rodata                const     0x804'7d80      0xc  config.o [1]
  .rodata                const     0x804'7d8c      0xc  config.o [1]
  .rodata                const     0x804'7d98      0xc  config.o [1]
  .rodata                const     0x804'7da4      0xc  config.o [1]
  .rodata                const     0x804'7db0      0xc  ff.o [1]
  .rodata                const     0x804'7dbc      0xc  ff.o [1]
  .rodata                const     0x804'7dc8      0xc  files_pws.o [1]
  .rodata                const     0x804'7dd4      0xc  files_pws.o [1]
  .rodata                const     0x804'7de0      0xc  languages.o [1]
  .rodata                const     0x804'7dec      0xc  languages.o [1]
  .rodata                const     0x804'7df8      0xc  languages.o [1]
  .rodata                const     0x804'7e04      0xc  languages.o [1]
  .rodata                const     0x804'7e10      0xc  languages.o [1]
  .rodata                const     0x804'7e1c      0xc  languages.o [1]
  .rodata                const     0x804'7e28      0xc  languages.o [1]
  .rodata                const     0x804'7e34      0xc  languages.o [1]
  .rodata                const     0x804'7e40      0xc  languages.o [1]
  .rodata                const     0x804'7e4c      0xc  languages.o [1]
  .rodata                const     0x804'7e58      0xc  languages.o [1]
  .rodata                const     0x804'7e64      0xc  languages.o [1]
  .rodata                const     0x804'7e70      0xc  languages.o [1]
  .rodata                const     0x804'7e7c      0xc  languages.o [1]
  .rodata                const     0x804'7e88      0xc  languages.o [1]
  .rodata                const     0x804'7e94      0xc  languages.o [1]
  .rodata                const     0x804'7ea0      0xc  languages.o [1]
  .rodata                const     0x804'7eac      0xc  languages.o [1]
  .rodata                const     0x804'7eb8      0xc  languages.o [1]
  .rodata                const     0x804'7ec4      0xc  languages.o [1]
  .rodata                const     0x804'7ed0      0xc  languages.o [1]
  .rodata                const     0x804'7edc      0xc  languages.o [1]
  .rodata                const     0x804'7ee8      0xc  languages.o [1]
  .rodata                const     0x804'7ef4      0xc  languages.o [1]
  .rodata                const     0x804'7f00      0xc  languages.o [1]
  .rodata                const     0x804'7f0c      0xc  languages.o [1]
  .rodata                const     0x804'7f18      0xc  languages.o [1]
  .rodata                const     0x804'7f24      0xc  languages.o [1]
  .rodata                const     0x804'7f30      0xc  languages.o [1]
  .rodata                const     0x804'7f3c      0xc  languages.o [1]
  .rodata                const     0x804'7f48      0xc  languages.o [1]
  .rodata                const     0x804'7f54      0xc  languages.o [1]
  .rodata                const     0x804'7f60      0xc  languages.o [1]
  .rodata                const     0x804'7f6c      0xc  languages.o [1]
  .rodata                const     0x804'7f78      0xc  languages.o [1]
  .rodata                const     0x804'7f84      0xc  languages.o [1]
  .rodata                const     0x804'7f90      0xc  languages.o [1]
  .rodata                const     0x804'7f9c      0xc  languages.o [1]
  .rodata                const     0x804'7fa8      0xc  languages.o [1]
  .rodata                const     0x804'7fb4      0xc  main.o [1]
  .rodata                const     0x804'7fc0      0xc  main.o [1]
  .rodata                const     0x804'7fcc      0xc  tgui.o [1]
  .rodata                const     0x804'7fd8      0xc  tgui_clocksetscreenfuncs.o [1]
  .rodata                const     0x804'7fe4      0xc  tgui_fileviewscreenfuncs.o [1]
  .rodata                const     0x804'7ff0      0xc  tgui_fileviewscreenfuncs.o [1]
  .rodata                const     0x804'7ffc      0xc  tgui_fileviewscreenfuncs.o [1]
  .rodata                const     0x804'8008      0xc  tgui_fileviewscreenfuncs.o [1]
  .rodata                const     0x804'8014      0xc  tgui_screensaverfuncs.o [1]
  .rodata                const     0x804'8020      0xc  tgui_screensaverfuncs.o [1]
  .text                  ro code   0x804'802c      0xc  cstartup_M.o [5]
  .rodata                const     0x804'8038      0x8  config.o [1]
  .rodata                const     0x804'8040      0x8  config.o [1]
  .rodata                const     0x804'8048      0x8  ff.o [1]
  .rodata                const     0x804'8050      0x8  ff.o [1]
  .rodata                const     0x804'8058      0x8  files_pws.o [1]
  .rodata                const     0x804'8060      0x8  files_pws.o [1]
  .rodata                const     0x804'8068      0x8  languages.o [1]
  .rodata                const     0x804'8070      0x8  languages.o [1]
  .rodata                const     0x804'8078      0x8  languages.o [1]
  .rodata                const     0x804'8080      0x8  languages.o [1]
  .rodata                const     0x804'8088      0x8  languages.o [1]
  .rodata                const     0x804'8090      0x8  languages.o [1]
  .rodata                const     0x804'8098      0x8  languages.o [1]
  .rodata                const     0x804'80a0      0x8  languages.o [1]
  .rodata                const     0x804'80a8      0x8  languages.o [1]
  .rodata                const     0x804'80b0      0x8  languages.o [1]
  .rodata                const     0x804'80b8      0x8  languages.o [1]
  .rodata                const     0x804'80c0      0x8  languages.o [1]
  .rodata                const     0x804'80c8      0x8  languages.o [1]
  .rodata                const     0x804'80d0      0x8  languages.o [1]
  .rodata                const     0x804'80d8      0x8  languages.o [1]
  .rodata                const     0x804'80e0      0x8  languages.o [1]
  .rodata                const     0x804'80e8      0x8  languages.o [1]
  .rodata                const     0x804'80f0      0x8  languages.o [1]
  .rodata                const     0x804'80f8      0x8  languages.o [1]
  .rodata                const     0x804'8100      0x8  languages.o [1]
  .rodata                const     0x804'8108      0x8  languages.o [1]
  .rodata                const     0x804'8110      0x8  languages.o [1]
  .rodata                const     0x804'8118      0x8  languages.o [1]
  .rodata                const     0x804'8120      0x8  languages.o [1]
  .rodata                const     0x804'8128      0x8  languages.o [1]
  .rodata                const     0x804'8130      0x8  languages.o [1]
  .rodata                const     0x804'8138      0x8  languages.o [1]
  .rodata                const     0x804'8140      0x8  languages.o [1]
  .rodata                const     0x804'8148      0x8  languages.o [1]
  .rodata                const     0x804'8150      0x8  languages.o [1]
  .rodata                const     0x804'8158      0x8  languages.o [1]
  .rodata                const     0x804'8160      0x8  languages.o [1]
  .rodata                const     0x804'8168      0x8  languages.o [1]
  .rodata                const     0x804'8170      0x8  languages.o [1]
  .rodata                const     0x804'8178      0x8  languages.o [1]
  .rodata                const     0x804'8180      0x8  languages.o [1]
  .rodata                const     0x804'8188      0x8  languages.o [1]
  .rodata                const     0x804'8190      0x8  languages.o [1]
  .rodata                const     0x804'8198      0x8  languages.o [1]
  .rodata                const     0x804'81a0      0x8  languages.o [1]
  .rodata                const     0x804'81a8      0x8  languages.o [1]
  .rodata                const     0x804'81b0      0x8  languages.o [1]
  .rodata                const     0x804'81b8      0x8  languages.o [1]
  .rodata                const     0x804'81c0      0x8  languages.o [1]
  .rodata                const     0x804'81c8      0x8  languages.o [1]
  .rodata                const     0x804'81d0      0x8  languages.o [1]
  .rodata                const     0x804'81d8      0x8  languages.o [1]
  .rodata                const     0x804'81e0      0x8  languages.o [1]
  .rodata                const     0x804'81e8      0x8  languages.o [1]
  .rodata                const     0x804'81f0      0x8  languages.o [1]
  .rodata                const     0x804'81f8      0x8  languages.o [1]
  .rodata                const     0x804'8200      0x8  languages.o [1]
  .rodata                const     0x804'8208      0x8  languages.o [1]
  .rodata                const     0x804'8210      0x8  languages.o [1]
  .rodata                const     0x804'8218      0x8  languages.o [1]
  .rodata                const     0x804'8220      0x8  languages.o [1]
  .rodata                const     0x804'8228      0x8  languages.o [1]
  .rodata                const     0x804'8230      0x8  languages.o [1]
  .rodata                const     0x804'8238      0x8  languages.o [1]
  .rodata                const     0x804'8240      0x8  languages.o [1]
  .rodata                const     0x804'8248      0x8  main.o [1]
  .rodata                const     0x804'8250      0x8  stm32f4xx_hal_dma.o [1]
  .rodata                const     0x804'8258      0x8  system_stm32f4xx.o [1]
  .rodata                const     0x804'8260      0x8  tgui.o [1]
  .rodata                const     0x804'8268      0x8  tgui.o [1]
  .rodata                const     0x804'8270      0x8  tgui.o [1]
  .rodata                const     0x804'8278      0x8  tgui.o [1]
  .rodata                const     0x804'8280      0x8  tgui.o [1]
  .rodata                const     0x804'8288      0x8  tgui.o [1]
  .rodata                const     0x804'8290      0x8  tgui.o [1]
  .rodata                const     0x804'8298      0x8  tgui.o [1]
  .rodata                const     0x804'82a0      0x8  tgui.o [1]
  .rodata                const     0x804'82a8      0x8  tgui.o [1]
  .rodata                const     0x804'82b0      0x8  tgui.o [1]
  .rodata                const     0x804'82b8      0x8  tgui.o [1]
  .rodata                const     0x804'82c0      0x8  tgui.o [1]
  .rodata                const     0x804'82c8      0x8  tgui.o [1]
  .rodata                const     0x804'82d0      0x8  tgui.o [1]
  .rodata                const     0x804'82d8      0x8  tgui.o [1]
  .rodata                const     0x804'82e0      0x8  tgui.o [1]
  .rodata                const     0x804'82e8      0x8  tgui.o [1]
  .rodata                const     0x804'82f0      0x8  tgui.o [1]
  .rodata                const     0x804'82f8      0x8  tgui.o [1]
  .rodata                const     0x804'8300      0x8  tgui.o [1]
  .rodata                const     0x804'8308      0x8  tgui.o [1]
  .rodata                const     0x804'8310      0x8  tgui.o [1]
  .rodata                const     0x804'8318      0x8  tgui.o [1]
  .rodata                const     0x804'8320      0x8  tgui.o [1]
  .rodata                const     0x804'8328      0x8  tgui.o [1]
  .rodata                const     0x804'8330      0x8  tgui.o [1]
  .rodata                const     0x804'8338      0x8  tgui.o [1]
  .rodata                const     0x804'8340      0x8  tgui.o [1]
  .rodata                const     0x804'8348      0x8  tgui.o [1]
  .rodata                const     0x804'8350      0x8  tgui.o [1]
  .rodata                const     0x804'8358      0x8  tgui.o [1]
  .rodata                const     0x804'8360      0x8  tgui.o [1]
  .rodata                const     0x804'8368      0x8  tgui.o [1]
  .rodata                const     0x804'8370      0x8  tgui.o [1]
  .rodata                const     0x804'8378      0x8  tgui.o [1]
  .rodata                const     0x804'8380      0x8  tgui.o [1]
  .rodata                const     0x804'8388      0x8  tgui.o [1]
  .rodata                const     0x804'8390      0x8  tgui.o [1]
  .rodata                const     0x804'8398      0x8  tgui.o [1]
  .rodata                const     0x804'83a0      0x8  tgui.o [1]
  .rodata                const     0x804'83a8      0x8  tgui.o [1]
  .rodata                const     0x804'83b0      0x8  tgui.o [1]
  .rodata                const     0x804'83b8      0x8  tgui.o [1]
  .rodata                const     0x804'83c0      0x8  tgui.o [1]
  .rodata                const     0x804'83c8      0x8  tgui.o [1]
  .rodata                const     0x804'83d0      0x8  tgui.o [1]
  .rodata                const     0x804'83d8      0x8  tgui.o [1]
  .rodata                const     0x804'83e0      0x8  tgui.o [1]
  .rodata                const     0x804'83e8      0x8  tgui.o [1]
  .rodata                const     0x804'83f0      0x8  tgui.o [1]
  .rodata                const     0x804'83f8      0x8  tgui.o [1]
  .rodata                const     0x804'8400      0x8  tgui.o [1]
  .rodata                const     0x804'8408      0x8  tgui.o [1]
  .rodata                const     0x804'8410      0x8  tgui.o [1]
  .rodata                const     0x804'8418      0x8  tgui.o [1]
  .rodata                const     0x804'8420      0x8  tgui.o [1]
  .rodata                const     0x804'8428      0x8  tgui.o [1]
  .rodata                const     0x804'8430      0x8  tgui.o [1]
  .rodata                const     0x804'8438      0x8  tgui.o [1]
  .rodata                const     0x804'8440      0x8  tgui.o [1]
  .rodata                const     0x804'8448      0x8  tgui.o [1]
  .rodata                const     0x804'8450      0x8  tgui.o [1]
  .rodata                const     0x804'8458      0x8  tgui.o [1]
  .rodata                const     0x804'8460      0x8  tgui.o [1]
  .rodata                const     0x804'8468      0x8  tgui.o [1]
  .rodata                const     0x804'8470      0x8  tgui.o [1]
  .rodata                const     0x804'8478      0x8  tgui.o [1]
  .rodata                const     0x804'8480      0x8  tgui.o [1]
  .rodata                const     0x804'8488      0x8  tgui.o [1]
  .rodata                const     0x804'8490      0x8  tgui.o [1]
  .rodata                const     0x804'8498      0x8  tgui.o [1]
  .rodata                const     0x804'84a0      0x8  tgui.o [1]
  .rodata                const     0x804'84a8      0x8  tgui.o [1]
  .rodata                const     0x804'84b0      0x8  tgui.o [1]
  .rodata                const     0x804'84b8      0x8  tgui.o [1]
  .rodata                const     0x804'84c0      0x8  tgui.o [1]
  .rodata                const     0x804'84c8      0x8  tgui.o [1]
  .rodata                const     0x804'84d0      0x8  tgui.o [1]
  .rodata                const     0x804'84d8      0x8  tgui.o [1]
  .rodata                const     0x804'84e0      0x8  tgui.o [1]
  .rodata                const     0x804'84e8      0x8  tgui.o [1]
  .rodata                const     0x804'84f0      0x8  tgui.o [1]
  .rodata                const     0x804'84f8      0x8  tgui.o [1]
  .rodata                const     0x804'8500      0x8  tgui.o [1]
  .rodata                const     0x804'8508      0x8  tgui.o [1]
  .rodata                const     0x804'8510      0x8  tgui.o [1]
  .rodata                const     0x804'8518      0x8  tgui.o [1]
  .rodata                const     0x804'8520      0x8  tgui.o [1]
  .rodata                const     0x804'8528      0x8  tgui.o [1]
  .rodata                const     0x804'8530      0x8  tgui.o [1]
  .rodata                const     0x804'8538      0x8  tgui.o [1]
  .rodata                const     0x804'8540      0x8  tgui.o [1]
  .rodata                const     0x804'8548      0x8  tgui.o [1]
  .rodata                const     0x804'8550      0x8  tgui.o [1]
  .rodata                const     0x804'8558      0x8  tgui.o [1]
  .rodata                const     0x804'8560      0x8  tgui.o [1]
  .rodata                const     0x804'8568      0x8  tgui.o [1]
  .rodata                const     0x804'8570      0x8  tgui.o [1]
  .rodata                const     0x804'8578      0x8  tgui.o [1]
  .rodata                const     0x804'8580      0x8  tgui.o [1]
  .rodata                const     0x804'8588      0x8  tgui.o [1]
  .rodata                const     0x804'8590      0x8  tgui.o [1]
  .rodata                const     0x804'8598      0x8  tgui.o [1]
  .rodata                const     0x804'85a0      0x8  tgui.o [1]
  .rodata                const     0x804'85a8      0x8  tgui.o [1]
  .rodata                const     0x804'85b0      0x8  tgui.o [1]
  .rodata                const     0x804'85b8      0x8  tgui.o [1]
  .rodata                const     0x804'85c0      0x8  tgui.o [1]
  .rodata                const     0x804'85c8      0x8  tgui.o [1]
  .rodata                const     0x804'85d0      0x8  tgui.o [1]
  .rodata                const     0x804'85d8      0x8  tgui.o [1]
  .rodata                const     0x804'85e0      0x8  tgui_clocksetscreenfuncs.o [1]
  .rodata                const     0x804'85e8      0x8  tgui_filesscreenfuncs.o [1]
  .rodata                const     0x804'85f0      0x8  tgui_filesscreenfuncs.o [1]
  .rodata                const     0x804'85f8      0x8  tgui_filesscreenfuncs.o [1]
  .rodata                const     0x804'8600      0x8  tgui_filesscreenfuncs.o [1]
  .rodata                const     0x804'8608      0x8  tgui_infoscreenfuncs.o [1]
  .rodata                const     0x804'8610      0x8  tgui_numenterscreenfuncs.o [1]
  .rodata                const     0x804'8618      0x8  tgui_printscreenfuncs.o [1]
  .rodata                const     0x804'8620      0x8  tgui_prnparamsscreenfuncs.o [1]
  .rodata                const     0x804'8628      0x8  tim.o [1]
  .rodata                const     0x804'8630      0x6  xlocale_c.o [2]
  .rodata                const     0x804'8638      0x4  languages.o [1]
  .rodata                const     0x804'863c      0x4  languages.o [1]
  .rodata                const     0x804'8640      0x4  languages.o [1]
  .rodata                const     0x804'8644      0x4  languages.o [1]
  .rodata                const     0x804'8648      0x4  languages.o [1]
  .rodata                const     0x804'864c      0x4  languages.o [1]
  .rodata                const     0x804'8650      0x4  languages.o [1]
  .rodata                const     0x804'8654      0x4  languages.o [1]
  .rodata                const     0x804'8658      0x4  languages.o [1]
  .rodata                const     0x804'865c      0x4  languages.o [1]
  .rodata                const     0x804'8660      0x4  languages.o [1]
  .rodata                const     0x804'8664      0x4  languages.o [1]
  .rodata                const     0x804'8668      0x4  languages.o [1]
  .rodata                const     0x804'866c      0x4  languages.o [1]
  .rodata                const     0x804'8670      0x4  languages.o [1]
  .rodata                const     0x804'8674      0x4  languages.o [1]
  .rodata                const     0x804'8678      0x4  languages.o [1]
  .rodata                const     0x804'867c      0x4  languages.o [1]
  .rodata                const     0x804'8680      0x4  languages.o [1]
  .rodata                const     0x804'8684      0x4  languages.o [1]
  .rodata                const     0x804'8688      0x4  languages.o [1]
  .rodata                const     0x804'868c      0x4  languages.o [1]
  .rodata                const     0x804'8690      0x4  languages.o [1]
  .rodata                const     0x804'8694      0x4  languages.o [1]
  .rodata                const     0x804'8698      0x4  languages.o [1]
  .rodata                const     0x804'869c      0x4  languages.o [1]
  .rodata                const     0x804'86a0      0x4  languages.o [1]
  .rodata                const     0x804'86a4      0x4  languages.o [1]
  .rodata                const     0x804'86a8      0x4  languages.o [1]
  .rodata                const     0x804'86ac      0x4  languages.o [1]
  .rodata                const     0x804'86b0      0x4  languages.o [1]
  .rodata                const     0x804'86b4      0x4  languages.o [1]
  .rodata                const     0x804'86b8      0x4  languages.o [1]
  .rodata                const     0x804'86bc      0x4  languages.o [1]
  .rodata                const     0x804'86c0      0x4  languages.o [1]
  .rodata                const     0x804'86c4      0x4  languages.o [1]
  .rodata                const     0x804'86c8      0x4  languages.o [1]
  .rodata                const     0x804'86cc      0x4  languages.o [1]
  .rodata                const     0x804'86d0      0x4  languages.o [1]
  .rodata                const     0x804'86d4      0x4  languages.o [1]
  .rodata                const     0x804'86d8      0x4  languages.o [1]
  .rodata                const     0x804'86dc      0x4  printing.o [1]
  .rodata                const     0x804'86e0      0x4  rtc.o [1]
  .rodata                const     0x804'86e4      0x4  usbh_msc.o [1]
  .text                  ro code   0x804'86e8      0x4  startup_stm32f407xx.o [1]
  SHT$$PREINIT_ARRAY               0x804'86ec      0x0  <Block>
  SHT$$INIT_ARRAY                  0x804'86ec      0x4  <Block>
    .init_array          const     0x804'86ec      0x4  z_planner.o [1]
  __iar_tls$$INIT_ARRAY            0x804'86f0      0x0  <Block>
  .rodata                const     0x804'86f0      0x0  zero_init3.o [5]
  .rodata                const     0x804'86f0      0x0  lz77_init_single.o [5]
  Initializer bytes      const     0x804'86f0     0xf9  <for P2-1>
                                 - 0x804'87e9  0x38661

"P3", part 1 of 2:                              0x1cc0
  CCMRAM                 zero     0x1000'0000   0x1cc0  printing.o [1]
                                - 0x1000'1cc0   0x1cc0

"P3", part 2 of 2:                              0x5428
  CCMRAM                 uninit   0x1000'1cc0   0x4000  main.o [1]
  CCMRAM                 uninit   0x1000'5cc0   0x1028  main.o [1]
  CCMRAM                 uninit   0x1000'6ce8    0x400  tgui.o [1]
                                - 0x1000'70e8   0x5428

"P2", part 1 of 3:                               0x33f
  P2-1                            0x2000'0000    0x33f  <Init block>
    .data                inited   0x2000'0000      0xc  fnt12.o [1]
    .data                inited   0x2000'000c      0xc  fnt12bold.o [1]
    .data                inited   0x2000'0018      0xc  fnt170num_lcd.o [1]
    .data                inited   0x2000'0024      0xc  fnt18.o [1]
    .data                inited   0x2000'0030      0xc  fnt18bold.o [1]
    .data                inited   0x2000'003c      0xc  fnt24.o [1]
    .data                inited   0x2000'0048      0xc  fnt24bold.o [1]
    .data                inited   0x2000'0054      0xc  fnt36.o [1]
    .data                inited   0x2000'0060      0xc  fnt36num.o [1]
    .data                inited   0x2000'006c     0x10  languages.o [1]
    .data                inited   0x2000'007c      0x4  languages.o [1]
    .data                inited   0x2000'0080      0x4  lcd_ui.o [1]
    .data                inited   0x2000'0084      0x4  stm32f4xx_hal.o [1]
    .data                inited   0x2000'0088      0x4  system_stm32f4xx.o [1]
    .data                inited   0x2000'008c    0x200  tgui_filesscreenfuncs.o [1]
    .data                inited   0x2000'028c      0x4  tgui_movezscreenfuncs.o [1]
    .data                inited   0x2000'0290     0x20  usbh_msc.o [1]
    .data                inited   0x2000'02b0      0x4  z_stepper.o [1]
    .data                inited   0x2000'02b4     0x38  xlocale_c.o [2]
    .data                inited   0x2000'02ec     0x48  xlocale_c.o [2]
    .data                inited   0x2000'0334      0x2  lcd_ui.o [1]
    .data                inited   0x2000'0336      0x2  lcd_ui.o [1]
    .data                inited   0x2000'0338      0x2  lcd_ui.o [1]
    .data                inited   0x2000'033a      0x1  lcd_ui.o [1]
    .data                inited   0x2000'033b      0x1  stm32f4xx_hal.o [1]
    .data                inited   0x2000'033c      0x1  tgui_defaultfuncs.o [1]
    .data                inited   0x2000'033d      0x1  tgui_filesscreenfuncs.o [1]
    .data                inited   0x2000'033e      0x1  z_endstops.o [1]
                                - 0x2000'033f    0x33f

"P2", part 2 of 3:                              0x99ec
  .bss                   zero     0x2000'0340   0x1038  fatfs.o [1]
  .bss                   zero     0x2000'1378   0x1038  fatfs.o [1]
  .bss                   zero     0x2000'23b0    0x830  tgui_filesscreenfuncs.o [1]
  .bss                   zero     0x2000'2be0    0x600  uvdisplay.o [1]
  .bss                   zero     0x2000'31e0    0x5d8  tgui.o [1]
  .bss                   zero     0x2000'37b8    0x5d8  tgui.o [1]
  .bss                   zero     0x2000'3d90    0x5d8  tgui.o [1]
  .bss                   zero     0x2000'4368    0x4d0  tgui.o [1]
  .bss                   zero     0x2000'4838    0x478  tgui.o [1]
  .bss                   zero     0x2000'4cb0    0x400  config.o [1]
  .bss                   zero     0x2000'50b0    0x400  main.o [1]
  .bss                   zero     0x2000'54b0    0x400  main.o [1]
  .bss                   zero     0x2000'58b0    0x400  main.o [1]
  .bss                   zero     0x2000'5cb0    0x400  tgui_fileviewscreenfuncs.o [1]
  .bss                   zero     0x2000'60b0    0x400  z_planner.o [1]
  .bss                   zero     0x2000'64b0    0x3d8  usb_host.o [1]
  .bss                   zero     0x2000'6888    0x3c8  tgui.o [1]
  .bss                   zero     0x2000'6c50    0x370  tgui.o [1]
  .bss                   zero     0x2000'6fc0    0x370  tgui.o [1]
  .bss                   zero     0x2000'7330    0x350  tgui.o [1]
  .bss                   zero     0x2000'7680    0x2c4  usbh_conf.o [1]
  .bss                   zero     0x2000'7944    0x224  main.o [1]
  .bss                   zero     0x2000'7b68    0x210  tgui.o [1]
  .bss                   zero     0x2000'7d78    0x210  tgui.o [1]
  .bss                   zero     0x2000'7f88    0x200  config.o [1]
  .bss                   zero     0x2000'8188    0x200  ff.o [1]
  .bss                   zero     0x2000'8388    0x200  main.o [1]
  .bss                   zero     0x2000'8588    0x1d8  dlmalloc.o [2]
  .bss                   zero     0x2000'8760    0x1b8  tgui.o [1]
  .bss                   zero     0x2000'8918    0x19c  cpld_utils.o [1]
  .bss                   zero     0x2000'8ab4    0x160  tgui.o [1]
  .bss                   zero     0x2000'8c14    0x108  tgui.o [1]
  .bss                   zero     0x2000'8d1c    0x100  sys_timer.o [1]
  .bss                   zero     0x2000'8e1c    0x100  tgui_fileviewscreenfuncs.o [1]
  .bss                   zero     0x2000'8f1c    0x100  tgui_fileviewscreenfuncs.o [1]
  .bss                   zero     0x2000'901c     0xb0  tgui.o [1]
  .bss                   zero     0x2000'90cc     0x80  fst_spi.o [1]
  .bss                   zero     0x2000'914c     0x80  fst_spi.o [1]
  .bss                   zero     0x2000'91cc     0x70  files_photon.o [1]
  .bss                   zero     0x2000'923c     0x60  fst_spi.o [1]
  .bss                   zero     0x2000'929c     0x60  fst_spi.o [1]
  .bss                   zero     0x2000'92fc     0x60  fst_spi.o [1]
  .bss                   zero     0x2000'935c     0x60  fst_spi.o [1]
  .bss                   zero     0x2000'93bc     0x60  fst_spi.o [1]
  .bss                   zero     0x2000'941c     0x60  lcd_low.o [1]
  .bss                   zero     0x2000'947c     0x58  tgui.o [1]
  .bss                   zero     0x2000'94d4     0x54  config.o [1]
  .bss                   zero     0x2000'9528     0x54  eeprom.o [1]
  .bss                   zero     0x2000'957c     0x54  files_pws.o [1]
  .bss                   zero     0x2000'95d0     0x50  fsmc.o [1]
  .bss                   zero     0x2000'9620     0x40  tim.o [1]
  .bss                   zero     0x2000'9660     0x40  tim.o [1]
  .bss                   zero     0x2000'96a0     0x3c  files_photon.o [1]
  .bss                   zero     0x2000'96dc     0x34  config.o [1]
  .bss                   zero     0x2000'9710     0x34  main.o [1]
  .bss                   zero     0x2000'9744     0x30  files_pws.o [1]
  .bss                   zero     0x2000'9774     0x30  tgui.o [1]
  .bss                   zero     0x2000'97a4     0x30  tgui.o [1]
  .bss                   zero     0x2000'97d4     0x30  tgui.o [1]
  .bss                   zero     0x2000'9804     0x30  tgui.o [1]
  .bss                   zero     0x2000'9834     0x30  tgui.o [1]
  .bss                   zero     0x2000'9864     0x30  tgui.o [1]
  .bss                   zero     0x2000'9894     0x30  tgui.o [1]
  .bss                   zero     0x2000'98c4     0x30  tgui.o [1]
  .bss                   zero     0x2000'98f4     0x30  tgui.o [1]
  .bss                   zero     0x2000'9924     0x30  tgui.o [1]
  .bss                   zero     0x2000'9954     0x30  tgui.o [1]
  .bss                   zero     0x2000'9984     0x30  tgui.o [1]
  .bss                   zero     0x2000'99b4     0x30  tgui.o [1]
  .bss                   zero     0x2000'99e4     0x30  tgui.o [1]
  .bss                   zero     0x2000'9a14     0x30  tgui.o [1]
  .bss                   zero     0x2000'9a44     0x28  tgui.o [1]
  .bss                   zero     0x2000'9a6c     0x28  z_planner.o [1]
  .bss                   zero     0x2000'9a94     0x20  files_photon.o [1]
  .bss                   zero     0x2000'9ab4     0x20  files_photon.o [1]
  .bss                   zero     0x2000'9ad4     0x20  printing.o [1]
  .bss                   zero     0x2000'9af4     0x20  rtc.o [1]
  .bss                   zero     0x2000'9b14     0x20  tgui_numenterscreenfuncs.o [1]
  .bss                   zero     0x2000'9b34     0x20  tgui_prnparamsscreenfuncs.o [1]
  .bss                   zero     0x2000'9b54     0x1c  config.o [1]
  .bss                   zero     0x2000'9b70     0x1c  files_pws.o [1]
  .bss                   zero     0x2000'9b8c     0x18  config.o [1]
  .bss                   zero     0x2000'9ba4     0x18  dlmalloc.o [2]
  .bss                   zero     0x2000'9bbc     0x14  files_pws.o [1]
  .bss                   zero     0x2000'9bd0     0x10  ff_gen_drv.o [1]
  .bss                   zero     0x2000'9be0     0x10  touch.o [1]
  .bss                   zero     0x2000'9bf0      0xc  spi_flash.o [1]
  .bss                   zero     0x2000'9bfc      0x8  fatfs.o [1]
  .bss                   zero     0x2000'9c04      0x8  fatfs.o [1]
  .bss                   zero     0x2000'9c0c      0x8  ff.o [1]
  .bss                   zero     0x2000'9c14      0x8  printing.o [1]
  .bss                   zero     0x2000'9c1c      0x8  tgui_clocksetscreenfuncs.o [1]
  .bss                   zero     0x2000'9c24      0x8  tgui_screensaverfuncs.o [1]
  .bss                   zero     0x2000'9c2c      0x4  cpld_utils.o [1]
  .bss                   zero     0x2000'9c30      0x4  cpld_utils.o [1]
  .bss                   zero     0x2000'9c34      0x4  cpld_utils.o [1]
  .bss                   zero     0x2000'9c38      0x4  fsmc.o [1]
  .bss                   zero     0x2000'9c3c      0x4  motor.o [1]
  .bss                   zero     0x2000'9c40      0x4  printing.o [1]
  .bss                   zero     0x2000'9c44      0x4  printing.o [1]
  .bss                   zero     0x2000'9c48      0x4  printing.o [1]
  .bss                   zero     0x2000'9c4c      0x4  printing.o [1]
  .bss                   zero     0x2000'9c50      0x4  printing.o [1]
  .bss                   zero     0x2000'9c54      0x4  prtfiles.o [1]
  .bss                   zero     0x2000'9c58      0x4  spi_flash.o [1]
  .bss                   zero     0x2000'9c5c      0x4  spi_flash.o [1]
  .bss                   zero     0x2000'9c60      0x4  stm32f4xx_hal.o [1]
  .bss                   zero     0x2000'9c64      0x4  stm32f4xx_ll_usb.o [1]
  .bss                   zero     0x2000'9c68      0x4  sys_timer.o [1]
  .bss                   zero     0x2000'9c6c      0x4  sys_timer.o [1]
  .bss                   zero     0x2000'9c70      0x4  sys_timer.o [1]
  .bss                   zero     0x2000'9c74      0x4  sys_timer.o [1]
  .bss                   zero     0x2000'9c78      0x4  tgui.o [1]
  .bss                   zero     0x2000'9c7c      0x4  tgui_fileviewscreenfuncs.o [1]
  .bss                   zero     0x2000'9c80      0x4  tgui_numenterscreenfuncs.o [1]
  .bss                   zero     0x2000'9c84      0x4  tgui_printscreenfuncs.o [1]
  .bss                   zero     0x2000'9c88      0x4  tgui_printscreenfuncs.o [1]
  .bss                   zero     0x2000'9c8c      0x4  tgui_screensaverfuncs.o [1]
  .bss                   zero     0x2000'9c90      0x4  touch.o [1]
  .bss                   zero     0x2000'9c94      0x4  z_planner.o [1]
  .bss                   zero     0x2000'9c98      0x4  z_planner.o [1]
  .bss                   zero     0x2000'9c9c      0x4  z_planner.o [1]
  .bss                   zero     0x2000'9ca0      0x4  z_planner.o [1]
  .bss                   zero     0x2000'9ca4      0x4  z_planner.o [1]
  .bss                   zero     0x2000'9ca8      0x4  z_planner.o [1]
  .bss                   zero     0x2000'9cac      0x4  z_planner.o [1]
  .bss                   zero     0x2000'9cb0      0x4  z_stepper.o [1]
  .bss                   zero     0x2000'9cb4      0x4  z_stepper.o [1]
  .bss                   zero     0x2000'9cb8      0x4  z_stepper.o [1]
[...]
disk                    0x2000'9bd0    0x10  Data  Gb  ff_gen_drv.o [1]
disk_initialize          0x802'3763    0x32  Code  Gb  diskio.o [1]
disk_ioctl               0x802'37d1    0x20  Code  Gb  diskio.o [1]
disk_read                0x802'3795    0x1e  Code  Gb  diskio.o [1]
disk_status              0x802'3745    0x1e  Code  Gb  diskio.o [1]
disk_write               0x802'37b3    0x1e  Code  Gb  diskio.o [1]
disp_locked             0x2000'9d17     0x1  Data  Gb  tgui_printscreenfuncs.o [1]
dmul                     0x802'ecc1    0xc6  Code  Lc  strto64.o [4]
dot_entered             0x2000'9d15     0x1  Data  Gb  tgui_numenterscreenfuncs.o [1]
edit_value              0x2000'9c80     0x4  Data  Gb  tgui_numenterscreenfuncs.o [1]
enter_begin             0x2000'9d14     0x1  Data  Gb  tgui_numenterscreenfuncs.o [1]
exit                     0x804'6b9f     0x4  Code  Gb  exit.o [2]
fMoveStep               0x2000'028c     0x4  Data  Gb  tgui_movezscreenfuncs.o [1]
f_close                  0x802'0897    0x2a  Code  Gb  ff.o [1]
f_closedir               0x802'0af3    0x1c  Code  Gb  ff.o [1]
f_getfree                0x802'0bb7   0x100  Code  Gb  ff.o [1]
f_lseek                  0x802'08c1   0x1aa  Code  Gb  ff.o [1]
f_mkfs                   0x802'0f35   0x692  Code  Gb  ff.o [1]
f_mkfs::cst              0x804'7afc    0x10  Data  Lc  ff.o [1]
f_mkfs::cst32            0x804'7b0c    0x10  Data  Lc  ff.o [1]
f_mkfs::defopt           0x804'7b1c    0x10  Data  Lc  ff.o [1]
f_mount                  0x802'0183    0x54  Code  Gb  ff.o [1]
f_open                   0x802'01f9   0x21a  Code  Gb  ff.o [1]
f_opendir                0x802'0a6b    0x88  Code  Gb  ff.o [1]
f_read                   0x802'0413   0x1cc  Code  Gb  ff.o [1]
f_readdir                0x802'0b0f    0x5c  Code  Gb  ff.o [1]
f_stat                   0x802'0b6b    0x4c  Code  Gb  ff.o [1]
f_sync                   0x802'07f7    0xa0  Code  Gb  ff.o [1]
f_unlink                 0x802'0cb7    0xd6  Code  Gb  ff.o [1]
f_write                  0x802'05df   0x218  Code  Gb  ff.o [1]
fbuff                   0x1000'1cc0  0x4000  Data  Gb  main.o [1]
ff_oem2uni               0x802'383b    0x3a  Code  Gb  ffunicode.o [1]
ff_uni2oem               0x802'37f5    0x46  Code  Gb  ffunicode.o [1]
ff_wtoupper              0x802'3875    0xb6  Code  Gb  ffunicode.o [1]
ff_wtoupper::cvt1        0x804'4888   0x1f4  Data  Lc  ffunicode.o [1]
ff_wtoupper::cvt2        0x804'5774    0xbc  Data  Lc  ffunicode.o [1]
filedate                0x2000'9cfa     0x2  Data  Gb  tgui_fileviewscreenfuncs.o [1]
files                   0x2000'23b0   0x830  Data  Gb  tgui_filesscreenfuncs.o [1]
filesize                0x2000'9c7c     0x4  Data  Gb  tgui_fileviewscreenfuncs.o [1]
filetime                0x2000'9cfc     0x2  Data  Gb  tgui_fileviewscreenfuncs.o [1]
find_volume              0x801'fe6d    0x6c  Code  Lc  ff.o [1]
finfo                   0x2000'7944   0x224  Data  Gb  main.o [1]
floorf                   0x802'f359          Code  Gb  floorf.o [4]
fnt12_data               0x804'27dc   0x6b4  Data  Gb  fnt12.o [1]
fnt12_width              0x804'4bc0   0x140  Data  Gb  fnt12.o [1]
fnt12bold_data           0x804'2054   0x788  Data  Gb  fnt12bold.o [1]
fnt12bold_width          0x804'4d00   0x140  Data  Gb  fnt12bold.o [1]
fnt170num_lcd_data       0x801'0188  0x66f0  Data  Gb  fnt170num_lcd.o [1]
fnt170num_lcd_width      0x804'61e4    0x38  Data  Gb  fnt170num_lcd.o [1]
fnt18_data               0x803'd6f4   0xea4  Data  Gb  fnt18.o [1]
fnt18_width              0x804'4e40   0x140  Data  Gb  fnt18.o [1]
fnt18bold_data           0x803'ab0c  0x10c8  Data  Gb  fnt18bold.o [1]
fnt18bold_width          0x804'4f80   0x140  Data  Gb  fnt18bold.o [1]
fnt24_data               0x803'7be4  0x1a1c  Data  Gb  fnt24.o [1]
fnt24_width              0x804'50c0   0x140  Data  Gb  fnt24.o [1]
fnt24bold_data           0x803'5b50  0x2094  Data  Gb  fnt24bold.o [1]
fnt24bold_width          0x804'5200   0x140  Data  Gb  fnt24bold.o [1]
fnt36_data               0x803'1fbc  0x3b94  Data  Gb  fnt36.o [1]
fnt36_width              0x804'5340   0x140  Data  Gb  fnt36.o [1]
fnt36num_data            0x804'2e90   0x684  Data  Gb  fnt36num.o [1]
fnt36num_width           0x804'621c    0x38  Data  Gb  fnt36num.o [1]
follow_path              0x801'fd09    0x9a  Code  Lc  ff.o [1]
font_fnt12              0x2000'0000     0xc  Data  Gb  fnt12.o [1]
font_fnt12bold          0x2000'000c     0xc  Data  Gb  fnt12bold.o [1]
font_fnt170num_lcd      0x2000'0018     0xc  Data  Gb  fnt170num_lcd.o [1]
font_fnt18              0x2000'0024     0xc  Data  Gb  fnt18.o [1]
font_fnt18bold          0x2000'0030     0xc  Data  Gb  fnt18bold.o [1]
font_fnt24              0x2000'003c     0xc  Data  Gb  fnt24.o [1]
font_fnt24bold          0x2000'0048     0xc  Data  Gb  fnt24bold.o [1]
font_fnt36              0x2000'0054     0xc  Data  Gb  fnt36.o [1]
font_fnt36num           0x2000'0060     0xc  Data  Gb  fnt36num.o [1]
fphoton_header          0x2000'91cc    0x70  Data  Gb  files_photon.o [1]
fphoton_info            0x2000'96a0    0x3c  Data  Gb  files_photon.o [1]
fphoton_preview_big     0x2000'9a94    0x20  Data  Gb  files_photon.o [1]
fphoton_preview_small   0x2000'9ab4    0x20  Data  Gb  files_photon.o [1]
fpws_header             0x2000'9744    0x30  Data  Gb  files_pws.o [1]
fpws_info               0x2000'957c    0x54  Data  Gb  files_pws.o [1]
fpws_layersdata         0x2000'9bbc    0x14  Data  Gb  files_pws.o [1]
fpws_preview            0x2000'9b70    0x1c  Data  Gb  files_pws.o [1]
free                     0x804'1c65     0x4  Code  Gb  heaptramp0.o [2]
fv_dirname              0x2000'8f1c   0x100  Data  Gb  tgui_fileviewscreenfuncs.o [1]
fv_filename             0x2000'8e1c   0x100  Data  Gb  tgui_fileviewscreenfuncs.o [1]
fv_filetype             0x2000'9d11     0x1  Data  Gb  tgui_fileviewscreenfuncs.o [1]
fv_tfilename            0x2000'5cb0   0x400  Data  Gb  tgui_fileviewscreenfuncs.o [1]
gen_numname              0x801'f40d    0xa2  Code  Lc  ff.o [1]
get_fat                  0x801'eb71   0x10a  Code  Lc  ff.o [1]
get_fattime              0x802'3955    0x50  Code  Gb  fatfs.o [1]
get_fileinfo             0x801'f8b3   0x1c8  Code  Lc  ff.o [1]
get_ldnumber             0x801'fda3    0x4e  Code  Lc  ff.o [1]
hFlashSpi               0x2000'914c    0x80  Data  Gb  fst_spi.o [1]
hFlashSpiDmaRx          0x2000'935c    0x60  Data  Gb  fst_spi.o [1]
hFlashSpiDmaTx          0x2000'93bc    0x60  Data  Gb  fst_spi.o [1]
hI2C                    0x2000'9528    0x54  Data  Gb  eeprom.o [1]
hLcdDma                 0x2000'941c    0x60  Data  Gb  lcd_low.o [1]
hRTC                    0x2000'9af4    0x20  Data  Gb  rtc.o [1]
hStepperTim             0x2000'9620    0x40  Data  Gb  tim.o [1]
hTouchSpi               0x2000'90cc    0x80  Data  Gb  fst_spi.o [1]
hTouchSpiDmaRx          0x2000'923c    0x60  Data  Gb  fst_spi.o [1]
hTouchSpiDmaTx          0x2000'929c    0x60  Data  Gb  fst_spi.o [1]
hUsbHost                0x2000'64b0   0x3d8  Data  Gb  usb_host.o [1]
hZRefTim                0x2000'9660    0x40  Data  Gb  tim.o [1]
hhcd_USB_OTG_FS         0x2000'7680   0x2c4  Data  Gb  usbh_conf.o [1]
hsram1                  0x2000'95d0    0x50  Data  Gb  fsmc.o [1]
i2c_timer               0x2000'9d00     0x1  Data  Gb  eeprom.o [1]
idle()                   0x802'8701     0xa  Code  Gb  motor.o [1]
idle()::idlecount       0x2000'9c3c     0x4  Data  Lc  motor.o [1]
init_mparams             0x803'961b    0x32  Code  Lc  dlmalloc.o [2]
init_top                 0x803'964d    0x36  Code  Lc  dlmalloc.o [2]
inited                  0x2000'9d0b     0x1  Data  Gb  prtfiles.o [1]
isalpha                  0x803'15e5    0x14  Code  Gb  isalpha.o [2]
isspace                  0x802'f1dd    0x14  Code  Gb  isspace.o [2]
l_info                  0x2000'9ad4    0x20  Data  Gb  printing.o [1]
lastfilenum             0x2000'033d     0x1  Data  Gb  tgui_filesscreenfuncs.o [1]
lcdui_bgcolor           0x2000'9cf8     0x2  Data  Gb  lcd_ui.o [1]
lcdui_color             0x2000'0338     0x2  Data  Gb  lcd_ui.o [1]
lcdui_current_font      0x2000'0080     0x4  Data  Gb  lcd_ui.o [1]
lcdui_current_font_type
                        0x2000'033a     0x1  Data  Gb  lcd_ui.o [1]
lcdui_cursor_x          0x2000'9cf4     0x2  Data  Gb  lcd_ui.o [1]
lcdui_cursor_y          0x2000'9cf6     0x2  Data  Gb  lcd_ui.o [1]
lcdui_height            0x2000'0336     0x2  Data  Gb  lcd_ui.o [1]
lcdui_width             0x2000'0334     0x2  Data  Gb  lcd_ui.o [1]
ld_clust                 0x801'f201    0x26  Code  Lc  ff.o [1]
ld_dword                 0x801'e8e9    0x16  Code  Lc  ff.o [1]
ld_word                  0x801'e8dd     0xc  Code  Lc  ff.o [1]
ldata_length            0x2000'9c48     0x4  Data  Gb  printing.o [1]
ldata_offset_begin      0x2000'9c40     0x4  Data  Gb  printing.o [1]
ldata_offset_current    0x2000'9c44     0x4  Data  Gb  printing.o [1]
ldexp                    0x802'4689          Code  Gb  ldexp.o [4]
ldexpl                   0x802'4689          Code  Gb  ldexp.o [4]
lmos                     0x804'7398    0x18  Data  Lc  datetime.o [1]
lngCurrent              0x2000'007c     0x4  Data  Gb  languages.o [1]
lngLanguages            0x2000'006c    0x10  Data  Gb  languages.o [1]
localeconv               0x802'40db     0x4  Code  Gb  xlocale_c.o [2]
lroundf                  0x802'f4ed          Code  Gb  lroundf.o [4]
main                     0x802'4bf9  0x10b8  Code  Gb  main.o [1]
mem_cmp                  0x801'e945    0x1e  Code  Lc  ff.o [1]
mem_cpy                  0x801'e925    0x14  Code  Lc  ff.o [1]
mem_set                  0x801'e939     0xc  Code  Lc  ff.o [1]
memchr                   0x802'4181          Code  Gb  memchr.o [5]
mos                      0x804'73b0    0x18  Data  Lc  datetime.o [1]
mount_volume             0x801'fed9   0x262  Code  Lc  ff.o [1]
move_window              0x801'ea85    0x3e  Code  Lc  ff.o [1]
mparams                 0x2000'9ba4    0x18  Data  Lc  dlmalloc.o [2]
msg                     0x2000'8388   0x200  Data  Gb  main.o [1]
ndigs                    0x804'5e6c    0x28  Data  Lc  iar_Stoulx.o [2]
ndigs                    0x804'5ebc    0x28  Data  Lc  iar_Stoullx.o [2]
nomorefiles             0x2000'9d10     0x1  Data  Gb  tgui_filesscreenfuncs.o [1]
numstr                  0x2000'9b14    0x20  Data  Gb  tgui_numenterscreenfuncs.o [1]
numstr_len              0x2000'9d13     0x1  Data  Gb  tgui_numenterscreenfuncs.o [1]
oldUsbMounted           0x2000'9d0d     0x1  Data  Gb  tgui_filesscreenfuncs.o [1]
old_datetime            0x2000'9c24     0x8  Data  Gb  tgui_screensaverfuncs.o [1]
old_layer               0x2000'9c88     0x4  Data  Gb  tgui_printscreenfuncs.o [1]
old_pause               0x2000'9d16     0x1  Data  Gb  tgui_printscreenfuncs.o [1]
old_prtlayer            0x2000'9c8c     0x4  Data  Gb  tgui_screensaverfuncs.o [1]
old_time                0x2000'9c84     0x4  Data  Gb  tgui_printscreenfuncs.o [1]
pfile_type              0x2000'9d0a     0x1  Data  Gb  prtfiles.o [1]
pick_lfn                 0x801'f2f1    0x90  Code  Lc  ff.o [1]
pows                     0x804'6030    0x48  Data  Lc  strto64.o [4]
prepend_alloc            0x803'9683   0x346  Code  Lc  dlmalloc.o [2]
prev_position           0x2000'9c14     0x8  Data  Gb  printing.o [1]
prevcolors               0x804'86dc     0x4  Data  Lc  printing.o [1]
previmage               0x1000'0000  0x1cc0  Data  Gb  printing.o [1]
prnparams               0x2000'9b34    0x20  Data  Gb  tgui_prnparamsscreenfuncs.o [1]
prt_file                0x2000'9c54     0x4  Data  Gb  prtfiles.o [1]
put_fat                  0x801'ec7b   0x15c  Code  Lc  ff.o [1]
put_lfn                  0x801'f381    0x84  Code  Lc  ff.o [1]
put_utf                  0x801'e9d9    0x5c  Code  Lc  ff.o [1]
ranmatch                 0x803'e901    0x44  Code  Lc  xscanffull.o [2]
reTransmission_all_cnt  0x2000'9c30     0x4  Data  Gb  cpld_utils.o [1]
reTransmission_data_cnt
                        0x2000'9c2c     0x4  Data  Gb  cpld_utils.o [1]
remove_chain             0x801'edd7    0x8e  Code  Lc  ff.o [1]
resX                    0x2000'9c4c     0x4  Data  Gb  printing.o [1]
resY                    0x2000'9c50     0x4  Data  Gb  printing.o [1]
retSPIFL                0x2000'9d02     0x1  Data  Gb  fatfs.o [1]
retUSBH                 0x2000'9d01     0x1  Data  Gb  fatfs.o [1]
s_tfname                0x2000'54b0   0x400  Data  Gb  main.o [1]
scalbln                  0x802'4689          Code  Gb  ldexp.o [4]
scalblnl                 0x802'4689          Code  Gb  ldexp.o [4]
scalbn                   0x802'4689          Code  Gb  ldexp.o [4]
scalbnl                  0x802'4689          Code  Gb  ldexp.o [4]
scale                    0x802'28f7    0x46  Code  Lc  xprintffull.o [2]
scrTimeTimer            0x2000'033c     0x1  Data  Gb  tgui_defaultfuncs.o [1]
sec_hand                0x2000'9ce8     0x4  Data  Lc  xfail_s.o [2]
segment_holding          0x803'9601    0x1a  Code  Lc  dlmalloc.o [2]
sfile                   0x2000'9d2c  0x1028  Data  Gb  main.o [1]
sprintf                  0x801'd75d    0x40  Code  Gb  sprintf.o [2]
sqrtf                    0x802'eca1          Code  Gb  sqrtf.o [4]
srvMode                 0x2000'9d09     0x1  Data  Gb  main.o [1]
sscanf                   0x804'0679    0x28  Code  Gb  sscanf.o [2]
st_clust                 0x801'f227    0x2a  Code  Lc  ff.o [1]
st_dword                 0x801'e90d    0x18  Code  Lc  ff.o [1]
st_word                  0x801'e8ff     0xe  Code  Lc  ff.o [1]
strcat                   0x802'd7e5    0x1e  Code  Gb  strcat.o [2]
strchr                   0x802'40e9          Code  Gb  strchr.o [5]
strcmp                   0x802'9121          Code  Gb  strcmp.o [5]
strcpy                   0x802'd7cd          Code  Gb  strcpy.o [5]
strcpy_utf(char *, char *)
                         0x802'181d    0x28  Code  Gb  unicode_utils.o [1]
strlen                   0x802'4149          Code  Gb  strlen.o [5]
strncpy                  0x802'1c8d          Code  Gb  strncpy.o [5]
strtoll                  0x803'f4c5     0x2  Code  Gb  iar_Stollx.o [2]
strtoul                  0x802'b325     0x2  Code  Gb  iar_Stoulx.o [2]
strtoull                 0x803'f679     0x2  Code  Gb  iar_Stoullx.o [2]
strtrim(char *)          0x802'18d7    0x5e  Code  Gb  unicode_utils.o [1]
strupper_utf(char *)     0x802'1935    0x5e  Code  Gb  unicode_utils.o [1]
subdir                  0x2000'9d0f     0x1  Data  Gb  tgui_filesscreenfuncs.o [1]
sum_sfn                  0x801'f4af    0x20  Code  Lc  ff.o [1]
sync_fs                  0x801'eac3    0x94  Code  Lc  ff.o [1]
sync_window              0x801'ea35    0x50  Code  Lc  ff.o [1]
sys_alloc                0x803'9bc1   0x164  Code  Lc  dlmalloc.o [2]
sys_trim                 0x803'9d25    0x64  Code  Lc  dlmalloc.o [2]
systemInfo              0x2000'96dc    0x34  Data  Gb  config.o [1]
tchar2uni                0x801'e993    0x46  Code  Lc  ff.o [1]
tfname                  0x1000'6ce8   0x400  Data  Gb  tgui.o [1]
tguiActiveScreen        0x2000'9c78     0x4  Data  Gb  tgui.o [1]
tguiDBuff               0x2000'bd7c  0x1000  Data  Gb  tgui.o [1]
tguiDefaultConfig       0x2000'9a44    0x28  Data  Gb  tgui.o [1]
tguiFBuff               0x2000'cd7c   0x200  Data  Gb  tgui.o [1]
tguiFile                0x2000'ad54  0x1028  Data  Gb  tgui.o [1]
tguiMsgBox              0x2000'7330   0x350  Data  Gb  tgui.o [1]
tguiScrClockSetButtons  0x2000'37b8   0x5d8  Data  Gb  tgui.o [1]
tguiScrFilesButtons     0x2000'6c50   0x370  Data  Gb  tgui.o [1]
tguiScrFilesListButtons
                        0x2000'4368   0x4d0  Data  Gb  tgui.o [1]
tguiScrFileviewButtons  0x2000'7b68   0x210  Data  Gb  tgui.o [1]
tguiScrInfoButtons      0x2000'901c    0xb0  Data  Gb  tgui.o [1]
tguiScrLanguageButtons  0x2000'8c14   0x108  Data  Gb  tgui.o [1]
tguiScrMainButtons      0x2000'8ab4   0x160  Data  Gb  tgui.o [1]
tguiScrMovezButtons     0x2000'6888   0x3c8  Data  Gb  tgui.o [1]
tguiScrNumenterButtons  0x2000'31e0   0x5d8  Data  Gb  tgui.o [1]
tguiScrPrintButtons     0x2000'7d78   0x210  Data  Gb  tgui.o [1]
tguiScrPrnparamsButtons
                        0x2000'4838   0x478  Data  Gb  tgui.o [1]
tguiScrServiceButtons   0x2000'8760   0x1b8  Data  Gb  tgui.o [1]
tguiScrSettingsButtons  0x2000'6fc0   0x370  Data  Gb  tgui.o [1]
tguiScrUVTestButtons    0x2000'3d90   0x5d8  Data  Gb  tgui.o [1]
tguiScreenClockSet      0x2000'9984    0x30  Data  Gb  tgui.o [1]
tguiScreenFiles         0x2000'9864    0x30  Data  Gb  tgui.o [1]
tguiScreenFilesList     0x2000'9894    0x30  Data  Gb  tgui.o [1]
tguiScreenFileview      0x2000'9924    0x30  Data  Gb  tgui.o [1]
tguiScreenInfo          0x2000'9804    0x30  Data  Gb  tgui.o [1]
tguiScreenLanguage      0x2000'97d4    0x30  Data  Gb  tgui.o [1]
tguiScreenMain          0x2000'9774    0x30  Data  Gb  tgui.o [1]
tguiScreenMovez         0x2000'9834    0x30  Data  Gb  tgui.o [1]
tguiScreenNumenter      0x2000'98f4    0x30  Data  Gb  tgui.o [1]
tguiScreenPrint         0x2000'9954    0x30  Data  Gb  tgui.o [1]
tguiScreenPrnparams     0x2000'9a14    0x30  Data  Gb  tgui.o [1]
tguiScreenSaver         0x2000'99b4    0x30  Data  Gb  tgui.o [1]
tguiScreenSaverButtons  0x2000'947c    0x58  Data  Gb  tgui.o [1]
tguiScreenService       0x2000'97a4    0x30  Data  Gb  tgui.o [1]
tguiScreenSettings      0x2000'98c4    0x30  Data  Gb  tgui.o [1]
tguiScreenTimer         0x2000'9d08     0x1  Data  Gb  main.o [1]
tguiScreenUVTest        0x2000'99e4    0x30  Data  Gb  tgui.o [1]
tguiTimer               0x2000'9d05     0x1  Data  Gb  main.o [1]
tmalloc_large            0x803'9d95   0x386  Code  Lc  dlmalloc.o [2]
tmalloc_small            0x803'a11b   0x200  Code  Lc  dlmalloc.o [2]
tolower                  0x802'f1f1    0x14  Code  Gb  tolower.o [2]
touch_buff              0x2000'92fc    0x60  Data  Gb  fst_spi.o [1]
touch_info              0x2000'9be0    0x10  Data  Gb  touch.o [1]
touch_point             0x2000'9c90     0x4  Data  Gb  touch.o [1]
tstrcat(unsigned short *, unsigned short *)
                         0x802'1867    0x2c  Code  Gb  unicode_utils.o [1]
tstrcat_utf(unsigned short *, char *)
                         0x802'1893    0x44  Code  Gb  unicode_utils.o [1]
tstrcpy(unsigned short *, unsigned short *)
                         0x802'1845    0x22  Code  Gb  unicode_utils.o [1]
typeval                 0x2000'9d12     0x1  Data  Gb  tgui_numenterscreenfuncs.o [1]
u_tfname                0x2000'50b0   0x400  Data  Gb  main.o [1]
uc866                    0x804'55ac   0x100  Data  Lc  ffunicode.o [1]
ufile                   0x1000'5cc0  0x1028  Data  Gb  main.o [1]
uv_image                0x2000'9d1b     0x1  Data  Gb  tgui_uvtestscreenfuncs.o [1]
uvdisp_on               0x2000'9d1a     0x1  Data  Gb  tgui_uvtestscreenfuncs.o [1]
uvfan_timer             0x2000'9c74     0x4  Data  Gb  sys_timer.o [1]
uvled_timer             0x2000'9c6c     0x4  Data  Gb  sys_timer.o [1]
uvlight_on              0x2000'9d19     0x1  Data  Gb  tgui_uvtestscreenfuncs.o [1]
uvpause_timer           0x2000'9c70     0x4  Data  Gb  sys_timer.o [1]
uwTick                  0x2000'9c60     0x4  Data  Gb  stm32f4xx_hal.o [1]
uwTickFreq              0x2000'033b     0x1  Data  Gb  stm32f4xx_hal.o [1]
uwTickPrio              0x2000'0084     0x4  Data  Gb  stm32f4xx_hal.o [1]
validate                 0x802'013b    0x48  Code  Lc  ff.o [1]
wctob                    0x803'f3f1    0x32  Code  Gb  wctob.o [2]
zDisTimer               0x2000'9d07     0x1  Data  Gb  main.o [1]
zHoldTimer              0x2000'9d06     0x1  Data  Gb  main.o [1]
zPlanner                0x2000'9d1f     0x1  Data  Gb  z_planner.o [1]


[1] = D:\Electronics\Projects\MKS_DLP_new\SRC\firmware\MKSDLP_Alter_Debug\Obj
[2] = dl7M_tlf.a
[3] = dlpp7M_tl_fc.a
[4] = m7M_tls.a
[5] = rt7M_tl.a
[6] = shb_l.a

  145 165 bytes of readonly  code memory
   86 236 bytes of readonly  data memory
  106 593 bytes of readwrite data memory

Errors: none
Warnings: none
