###############################################################################
#
# IAR ELF Linker V8.32.1.169/W32 for ARM                  05/Oct/2020  13:20:10
# Copyright 2007-2018 IAR Systems AB.
#
#    Output file  =  
#        D:\Electronics\Projects\MKS_DLP_new\SRC\firmware\MKSDLP_Alter_debug\Exe\mksDLP.out
#    Map file     =  
#        D:\Electronics\Projects\MKS_DLP_new\SRC\firmware\MKSDLP_Alter_debug\List\mksDLP.map
#    Command line =  
#        -f C:\Temp\EW7B83.tmp
#        (D:\Electronics\Projects\MKS_DLP_new\SRC\firmware\MKSDLP_Alter_debug\Obj\config.o
#        D:\Electronics\Projects\MKS_DLP_new\SRC\firmware\MKSDLP_Alter_debug\Obj\cpld_utils.o
#        D:\Electronics\Projects\MKS_DLP_new\SRC\firmware\MKSDLP_Alter_debug\Obj\datetime.o
#        D:\Electronics\Projects\MKS_DLP_new\SRC\firmware\MKSDLP_Alter_debug\Obj\diskio.o
#        D:\Electronics\Projects\MKS_DLP_new\SRC\firmware\MKSDLP_Alter_debug\Obj\eeprom.o
#        D:\Electronics\Projects\MKS_DLP_new\SRC\firmware\MKSDLP_Alter_debug\Obj\fatfs.o
#        D:\Electronics\Projects\MKS_DLP_new\SRC\firmware\MKSDLP_Alter_debug\Obj\ff.o
#        D:\Electronics\Projects\MKS_DLP_new\SRC\firmware\MKSDLP_Alter_debug\Obj\ff_gen_drv.o
#        D:\Electronics\Projects\MKS_DLP_new\SRC\firmware\MKSDLP_Alter_debug\Obj\ffsystem.o
#        D:\Electronics\Projects\MKS_DLP_new\SRC\firmware\MKSDLP_Alter_debug\Obj\ffunicode.o
#        D:\Electronics\Projects\MKS_DLP_new\SRC\firmware\MKSDLP_Alter_debug\Obj\files_photon.o
#        D:\Electronics\Projects\MKS_DLP_new\SRC\firmware\MKSDLP_Alter_debug\Obj\files_pws.o
#        D:\Electronics\Projects\MKS_DLP_new\SRC\firmware\MKSDLP_Alter_debug\Obj\fnt12.o
#        D:\Electronics\Projects\MKS_DLP_new\SRC\firmware\MKSDLP_Alter_debug\Obj\fnt12bold.o
#        D:\Electronics\Projects\MKS_DLP_new\SRC\firmware\MKSDLP_Alter_debug\Obj\fnt170num_lcd.o
#        D:\Electronics\Projects\MKS_DLP_new\SRC\firmware\MKSDLP_Alter_debug\Obj\fnt18.o
#        D:\Electronics\Projects\MKS_DLP_new\SRC\firmware\MKSDLP_Alter_debug\Obj\fnt18bold.o
#        D:\Electronics\Projects\MKS_DLP_new\SRC\firmware\MKSDLP_Alter_debug\Obj\fnt24.o
#        D:\Electronics\Projects\MKS_DLP_new\SRC\firmware\MKSDLP_Alter_debug\Obj\fnt24bold.o
#        D:\Electronics\Projects\MKS_DLP_new\SRC\firmware\MKSDLP_Alter_debug\Obj\fnt36.o
#        D:\Electronics\Projects\MKS_DLP_new\SRC\firmware\MKSDLP_Alter_debug\Obj\fnt36num.o
#        D:\Electronics\Projects\MKS_DLP_new\SRC\firmware\MKSDLP_Alter_debug\Obj\fsmc.o
#        D:\Electronics\Projects\MKS_DLP_new\SRC\firmware\MKSDLP_Alter_debug\Obj\fst_spi.o
#        D:\Electronics\Projects\MKS_DLP_new\SRC\firmware\MKSDLP_Alter_debug\Obj\gpio.o
#        D:\Electronics\Projects\MKS_DLP_new\SRC\firmware\MKSDLP_Alter_debug\Obj\languages.o
#        D:\Electronics\Projects\MKS_DLP_new\SRC\firmware\MKSDLP_Alter_debug\Obj\lcd_low.o
#        D:\Electronics\Projects\MKS_DLP_new\SRC\firmware\MKSDLP_Alter_debug\Obj\lcd_ui.o
#        D:\Electronics\Projects\MKS_DLP_new\SRC\firmware\MKSDLP_Alter_debug\Obj\main.o
#        D:\Electronics\Projects\MKS_DLP_new\SRC\firmware\MKSDLP_Alter_debug\Obj\motor.o
#        D:\Electronics\Projects\MKS_DLP_new\SRC\firmware\MKSDLP_Alter_debug\Obj\printing.o
#        D:\Electronics\Projects\MKS_DLP_new\SRC\firmware\MKSDLP_Alter_debug\Obj\prtfiles.o
#        D:\Electronics\Projects\MKS_DLP_new\SRC\firmware\MKSDLP_Alter_debug\Obj\rtc.o
#        D:\Electronics\Projects\MKS_DLP_new\SRC\firmware\MKSDLP_Alter_debug\Obj\spi_flash.o
#        D:\Electronics\Projects\MKS_DLP_new\SRC\firmware\MKSDLP_Alter_debug\Obj\spifl_diskio.o
#        D:\Electronics\Projects\MKS_DLP_new\SRC\firmware\MKSDLP_Alter_debug\Obj\ssd_utils.o
#        D:\Electronics\Projects\MKS_DLP_new\SRC\firmware\MKSDLP_Alter_debug\Obj\startup_stm32f407xx.o
#        D:\Electronics\Projects\MKS_DLP_new\SRC\firmware\MKSDLP_Alter_debug\Obj\stm32f4xx_hal.o
#        D:\Electronics\Projects\MKS_DLP_new\SRC\firmware\MKSDLP_Alter_debug\Obj\stm32f4xx_hal_cortex.o
#        D:\Electronics\Projects\MKS_DLP_new\SRC\firmware\MKSDLP_Alter_debug\Obj\stm32f4xx_hal_dma.o
#        D:\Electronics\Projects\MKS_DLP_new\SRC\firmware\MKSDLP_Alter_debug\Obj\stm32f4xx_hal_dma_ex.o
#        D:\Electronics\Projects\MKS_DLP_new\SRC\firmware\MKSDLP_Alter_debug\Obj\stm32f4xx_hal_exti.o
#        D:\Electronics\Projects\MKS_DLP_new\SRC\firmware\MKSDLP_Alter_debug\Obj\stm32f4xx_hal_flash.o
#        D:\Electronics\Projects\MKS_DLP_new\SRC\firmware\MKSDLP_Alter_debug\Obj\stm32f4xx_hal_flash_ex.o
#        D:\Electronics\Projects\MKS_DLP_new\SRC\firmware\MKSDLP_Alter_debug\Obj\stm32f4xx_hal_flash_ramfunc.o
#        D:\Electronics\Projects\MKS_DLP_new\SRC\firmware\MKSDLP_Alter_debug\Obj\stm32f4xx_hal_gpio.o
#        D:\Electronics\Projects\MKS_DLP_new\SRC\firmware\MKSDLP_Alter_debug\Obj\stm32f4xx_hal_hcd.o
#        D:\Electronics\Projects\MKS_DLP_new\SRC\firmware\MKSDLP_Alter_debug\Obj\stm32f4xx_hal_i2c.o
#        D:\Electronics\Projects\MKS_DLP_new\SRC\firmware\MKSDLP_Alter_debug\Obj\stm32f4xx_hal_msp.o
#        D:\Electronics\Projects\MKS_DLP_new\SRC\firmware\MKSDLP_Alter_debug\Obj\stm32f4xx_hal_pwr.o
#        D:\Electronics\Projects\MKS_DLP_new\SRC\firmware\MKSDLP_Alter_debug\Obj\stm32f4xx_hal_pwr_ex.o
#        D:\Electronics\Projects\MKS_DLP_new\SRC\firmware\MKSDLP_Alter_debug\Obj\stm32f4xx_hal_rcc.o
#        D:\Electronics\Projects\MKS_DLP_new\SRC\firmware\MKSDLP_Alter_debug\Obj\stm32f4xx_hal_rcc_ex.o
#        D:\Electronics\Projects\MKS_DLP_new\SRC\firmware\MKSDLP_Alter_debug\Obj\stm32f4xx_hal_rtc.o
#        D:\Electronics\Projects\MKS_DLP_new\SRC\firmware\MKSDLP_Alter_debug\Obj\stm32f4xx_hal_rtc_ex.o
#        D:\Electronics\Projects\MKS_DLP_new\SRC\firmware\MKSDLP_Alter_debug\Obj\stm32f4xx_hal_spi.o
#        D:\Electronics\Projects\MKS_DLP_new\SRC\firmware\MKSDLP_Alter_debug\Obj\stm32f4xx_hal_sram.o
#        D:\Electronics\Projects\MKS_DLP_new\SRC\firmware\MKSDLP_Alter_debug\Obj\stm32f4xx_hal_tim.o
#        D:\Electronics\Projects\MKS_DLP_new\SRC\firmware\MKSDLP_Alter_debug\Obj\stm32f4xx_hal_tim_ex.o
#        D:\Electronics\Projects\MKS_DLP_new\SRC\firmware\MKSDLP_Alter_debug\Obj\stm32f4xx_hal_wwdg.o
#        D:\Electronics\Projects\MKS_DLP_new\SRC\firmware\MKSDLP_Alter_debug\Obj\stm32f4xx_it.o
#        D:\Electronics\Projects\MKS_DLP_new\SRC\firmware\MKSDLP_Alter_debug\Obj\stm32f4xx_ll_fsmc.o
#        D:\Electronics\Projects\MKS_DLP_new\SRC\firmware\MKSDLP_Alter_debug\Obj\stm32f4xx_ll_usb.o
#        D:\Electronics\Projects\MKS_DLP_new\SRC\firmware\MKSDLP_Alter_debug\Obj\sys_timer.o
#        D:\Electronics\Projects\MKS_DLP_new\SRC\firmware\MKSDLP_Alter_debug\Obj\system_stm32f4xx.o
#        D:\Electronics\Projects\MKS_DLP_new\SRC\firmware\MKSDLP_Alter_debug\Obj\tgui.o
#        D:\Electronics\Projects\MKS_DLP_new\SRC\firmware\MKSDLP_Alter_debug\Obj\tgui_clocksetscreenfuncs.o
#        D:\Electronics\Projects\MKS_DLP_new\SRC\firmware\MKSDLP_Alter_debug\Obj\tgui_defaultfuncs.o
#        D:\Electronics\Projects\MKS_DLP_new\SRC\firmware\MKSDLP_Alter_debug\Obj\tgui_filesscreenfuncs.o
#        D:\Electronics\Projects\MKS_DLP_new\SRC\firmware\MKSDLP_Alter_debug\Obj\tgui_fileviewscreenfuncs.o
#        D:\Electronics\Projects\MKS_DLP_new\SRC\firmware\MKSDLP_Alter_debug\Obj\tgui_infoscreenfuncs.o
#        D:\Electronics\Projects\MKS_DLP_new\SRC\firmware\MKSDLP_Alter_debug\Obj\tgui_langscreenfuncs.o
#        D:\Electronics\Projects\MKS_DLP_new\SRC\firmware\MKSDLP_Alter_debug\Obj\tgui_mainscreenfuncs.o
#        D:\Electronics\Projects\MKS_DLP_new\SRC\firmware\MKSDLP_Alter_debug\Obj\tgui_messagebox.o
#        D:\Electronics\Projects\MKS_DLP_new\SRC\firmware\MKSDLP_Alter_debug\Obj\tgui_movezscreenfuncs.o
#        D:\Electronics\Projects\MKS_DLP_new\SRC\firmware\MKSDLP_Alter_debug\Obj\tgui_numenterscreenfuncs.o
#        D:\Electronics\Projects\MKS_DLP_new\SRC\firmware\MKSDLP_Alter_debug\Obj\tgui_printscreenfuncs.o
#        D:\Electronics\Projects\MKS_DLP_new\SRC\firmware\MKSDLP_Alter_debug\Obj\tgui_prnparamsscreenfuncs.o
#        D:\Electronics\Projects\MKS_DLP_new\SRC\firmware\MKSDLP_Alter_debug\Obj\tgui_screensaverfuncs.o
#        D:\Electronics\Projects\MKS_DLP_new\SRC\firmware\MKSDLP_Alter_debug\Obj\tgui_settingsscreenfuncs.o
#        D:\Electronics\Projects\MKS_DLP_new\SRC\firmware\MKSDLP_Alter_debug\Obj\tgui_uvtestscreenfuncs.o
#        D:\Electronics\Projects\MKS_DLP_new\SRC\firmware\MKSDLP_Alter_debug\Obj\tim.o
#        D:\Electronics\Projects\MKS_DLP_new\SRC\firmware\MKSDLP_Alter_debug\Obj\touch.o
#        D:\Electronics\Projects\MKS_DLP_new\SRC\firmware\MKSDLP_Alter_debug\Obj\unicode_utils.o
#        D:\Electronics\Projects\MKS_DLP_new\SRC\firmware\MKSDLP_Alter_debug\Obj\usb_host.o
#        D:\Electronics\Projects\MKS_DLP_new\SRC\firmware\MKSDLP_Alter_debug\Obj\usbh_conf.o
#        D:\Electronics\Projects\MKS_DLP_new\SRC\firmware\MKSDLP_Alter_debug\Obj\usbh_core.o
#        D:\Electronics\Projects\MKS_DLP_new\SRC\firmware\MKSDLP_Alter_debug\Obj\usbh_ctlreq.o
#        D:\Electronics\Projects\MKS_DLP_new\SRC\firmware\MKSDLP_Alter_debug\Obj\usbh_diskio.o
#        D:\Electronics\Projects\MKS_DLP_new\SRC\firmware\MKSDLP_Alter_debug\Obj\usbh_ioreq.o
#        D:\Electronics\Projects\MKS_DLP_new\SRC\firmware\MKSDLP_Alter_debug\Obj\usbh_msc.o
#        D:\Electronics\Projects\MKS_DLP_new\SRC\firmware\MKSDLP_Alter_debug\Obj\usbh_msc_bot.o
#        D:\Electronics\Projects\MKS_DLP_new\SRC\firmware\MKSDLP_Alter_debug\Obj\usbh_msc_scsi.o
#        D:\Electronics\Projects\MKS_DLP_new\SRC\firmware\MKSDLP_Alter_debug\Obj\usbh_pipes.o
#        D:\Electronics\Projects\MKS_DLP_new\SRC\firmware\MKSDLP_Alter_debug\Obj\usbh_platform.o
#        D:\Electronics\Projects\MKS_DLP_new\SRC\firmware\MKSDLP_Alter_debug\Obj\uvdisplay.o
#        D:\Electronics\Projects\MKS_DLP_new\SRC\firmware\MKSDLP_Alter_debug\Obj\z_endstops.o
#        D:\Electronics\Projects\MKS_DLP_new\SRC\firmware\MKSDLP_Alter_debug\Obj\z_planner.o
#        D:\Electronics\Projects\MKS_DLP_new\SRC\firmware\MKSDLP_Alter_debug\Obj\z_stepper.o
#        --redirect _Printf=_PrintfFull --redirect _Scanf=_ScanfFull
#        --no_out_extension -o
#        D:\Electronics\Projects\MKS_DLP_new\SRC\firmware\MKSDLP_Alter_debug\Exe\mksDLP.out
#        --strip --map
#        D:\Electronics\Projects\MKS_DLP_new\SRC\firmware\MKSDLP_Alter_debug\List\mksDLP.map
#        --log libraries,call_graph --log_file
#        D:\Electronics\Projects\MKS_DLP_new\SRC\firmware\MKSDLP_Alter_debug\List\mksDLP.log
#        --config
#        D:\Electronics\Projects\MKS_DLP_new\SRC\firmware/config/stm32f407xx_flash.icf
#        --semihosting --entry __iar_program_start --merge_duplicate_sections
#        --vfe --text_out locale)
#
###############################################################################

*******************************************************************************
*** RUNTIME MODEL ATTRIBUTES
***

CppFlavor                     = *
__CPP_Exceptions              = Disabled
__CPP_Language                = C++14
__Heap_Handler                = DLMalloc
__SystemLibrary               = DLib
__dlib_dynamic_initialization = normal
__dlib_version                = 6


*******************************************************************************
*** HEAP SELECTION
***

The advanced heap was selected because the application calls memory
allocation functions outside of system library functions, and there
are calls to deallocation functions in the application.


*******************************************************************************
*** PLACEMENT SUMMARY
***

"A0":  place at 0x801'0000 { ro section .intvec };
"P1":  place in [from 0x801'0000 to 0x807'ffff] { ro };
define block CSTACK with size = 20K, alignment = 8 { };
define block HEAP with size = 8K, alignment = 8 { };
"P2":  place in [from 0x2000'0000 to 0x2001'ffff] {
          rw, block CSTACK, block HEAP };
"P3":  place in [from 0x1000'0000 to 0x1000'ffff] { rw section CCMRAM };
initialize by copy { rw };

  Section                Kind         Address     Size  Object
  -------                ----         -------     ----  ------
"A0":                                            0x188
  .intvec                ro code   0x801'0000    0x188  startup_stm32f407xx.o [1]
                                 - 0x801'0188    0x188

"P1":                                          0x333ea
  .rodata                const     0x801'0188   0x66f0  fnt170num_lcd.o [1]
  .text                  ro code   0x801'6878   0x45f0  tgui.o [1]
  .text                  ro code   0x801'ae68      0x6  ABImemclr.o [5]
  .text                  ro code   0x801'ae6e     0x7a  lz77_init_single.o [5]
  .text                  ro code   0x801'aee8    0x850  tgui_defaultfuncs.o [1]
  .text                  ro code   0x801'b738      0x6  ABImemclr4.o [5]
  .text                  ro code   0x801'b73e     0x3a  zero_init3.o [5]
  .text                  ro code   0x801'b778     0xa6  ABImemcpy.o [5]
  .text                  ro code   0x801'b81e     0x26  xencoding_8859_1.o [2]
  .text                  ro code   0x801'b844     0x34  languages.o [1]
  .text                  ro code   0x801'b878    0x5b8  tgui_messagebox.o [1]
  .text                  ro code   0x801'be30     0x66  ABImemset.o [5]
  .text                  ro code   0x801'be96     0x1e  xsscin.o [2]
  .text                  ro code   0x801'beb4    0x1b8  sys_timer.o [1]
  .text                  ro code   0x801'c06c    0x254  datetime.o [1]
  .text                  ro code   0x801'c2c0     0x40  sprintf.o [2]
  .text                  ro code   0x801'c300    0x9a8  lcd_ui.o [1]
  .text                  ro code   0x801'cca8    0x3c4  lcd_low.o [1]
  .text                  ro code   0x801'd06c   0x289c  ff.o [1]
  .text                  ro code   0x801'f908    0x2f0  unicode_utils.o [1]
  .text                  ro code   0x801'fbf8    0x208  touch.o [1]
  .text                  ro code   0x801'fe00     0x3a  ABImemset48.o [5]
  .text                  ro code   0x801'fe3a      0xa  xsprout.o [2]
  .text                  ro code   0x801'fe44     0x70  strncpy.o [5]
  .text                  ro code   0x801'feb4    0x45a  stm32f4xx_hal_rtc.o [1]
  .rodata                const     0x802'030e      0x1  unwind_debug.o [6]
  .text                  ro code   0x802'0310      0xc  stm32f4xx_hal.o [1]
  .text                  ro code   0x802'031c    0xf46  xprintffull.o [2]
  .text                  ro code   0x802'1264     0x28  stm32f4xx_hal.o [1]
  .text                  ro code   0x802'128c     0xec  fsmc.o [1]
  .text                  ro code   0x802'1378    0x364  stm32f4xx_hal_dma.o [1]
  .text                  ro code   0x802'16dc     0xc0  stm32f4xx_hal_cortex.o [1]
  .text                  ro code   0x802'179c     0x7c  diskio.o [1]
  .text                  ro code   0x802'1818    0x110  ffunicode.o [1]
  .text                  ro code   0x802'1928    0x10c  fatfs.o [1]
  .text                  ro code   0x802'1a34    0x4b4  fst_spi.o [1]
  .text                  ro code   0x802'1ee8    0x104  xlocale_c.o [2]
  .text                  ro code   0x802'1fec     0x16  strchr.o [5]
  .text                  ro code   0x802'2004     0x40  xfail_s.o [2]
  .text                  ro code   0x802'2044     0x36  strlen.o [5]
  .text                  ro code   0x802'207c     0x58  memchr.o [5]
  .text                  ro code   0x802'20d4      0xa  xmbcurmax.o [2]
  .text                  ro code   0x802'20e0    0x230  I64DivMod.o [5]
  .text                  ro code   0x802'2310    0x1a2  DblMul.o [4]
  .text                  ro code   0x802'24b4     0x70  frexp.o [4]
  .text                  ro code   0x802'2524     0x2e  DblCmpLe.o [4]
  .text                  ro code   0x802'2554     0x2e  DblCmpGe.o [4]
  .text                  ro code   0x802'2584    0x13a  ldexp.o [4]
  .text                  ro code   0x802'26c0     0x3a  DblToS32.o [4]
  .text                  ro code   0x802'26fc     0x22  S32ToDbl.o [4]
  .text                  ro code   0x802'2720     0xe2  DblSub.o [4]
  .text                  ro code   0x802'2804    0x246  DblDiv.o [4]
  .text                  ro code   0x802'2a4c     0x28  DblToU32.o [4]
  .text                  ro code   0x802'2a74     0x1a  U32ToDbl.o [4]
  .text                  ro code   0x802'2a90     0x54  stm32f4xx_hal_sram.o [1]
  .text                  ro code   0x802'2ae4   0x18c0  main.o [1]
  .text                  ro code   0x802'43a4    0x206  stm32f4xx_hal_gpio.o [1]
  .text                  ro code   0x802'45ac     0x44  ff_gen_drv.o [1]
  .text                  ro code   0x802'45f0    0x6ba  stm32f4xx_hal_spi.o [1]
  .text                  ro code   0x802'4caa      0x6  abort.o [2]
  .text                  ro code   0x802'4cb0      0x2  stm32f4xx_hal_spi.o [1]
  .text                  ro code   0x802'4cb4    0x17a  DblAdd.o [4]
  .text                  ro code   0x802'4e30     0xd4  stm32f4xx_ll_fsmc.o [1]
  .text                  ro code   0x802'4f04     0x18  stm32f4xx_hal_pwr.o [1]
  .text                  ro code   0x802'4f1c     0x34  stm32f4xx_hal.o [1]
  .text                  ro code   0x802'4f50    0x2a4  gpio.o [1]
  .text                  ro code   0x802'51f4    0x4b0  eeprom.o [1]
  .text                  ro code   0x802'56a4    0xdb0  config.o [1]
  .text                  ro code   0x802'6454    0x410  spi_flash.o [1]
  .text                  ro code   0x802'6864     0xb0  rtc.o [1]
  .text                  ro code   0x802'6914    0x2b0  motor.o [1]
  .text                  ro code   0x802'6bc4    0x236  cpld_utils.o [1]
  .text                  ro code   0x802'6dfc     0x1a  uvdisplay.o [1]
  .text                  ro code   0x802'6e18    0x400  tgui_uvtestscreenfuncs.o [1]
  .text                  ro code   0x802'7218     0x14  usbh_platform.o [1]
  .text                  ro code   0x802'722c     0x78  usb_host.o [1]
  .text                  ro code   0x802'72a4     0x12  strcmp.o [5]
  .text                  ro code   0x802'72b8    0x444  tgui_screensaverfuncs.o [1]
  .text                  ro code   0x802'76fc    0x468  tgui_movezscreenfuncs.o [1]
  .text                  ro code   0x802'7b64    0x5e0  printing.o [1]
  .text                  ro code   0x802'8144    0x59c  prtfiles.o [1]
  .text                  ro code   0x802'86e0    0x328  stm32f4xx_hal_rcc.o [1]
  .text                  ro code   0x802'8a08    0x1a4  stm32f4xx_hal_rcc.o [1]
  .text                  ro code   0x802'8bac    0x12c  stm32f4xx_hal_rcc_ex.o [1]
  .text                  ro code   0x802'8cd8     0x14  exit.o [6]
  .text                  ro code   0x802'8cec     0x40  stm32f4xx_hal.o [1]
  .text                  ro code   0x802'8d2c     0x38  stm32f4xx_hal_msp.o [1]
  .text                  ro code   0x802'8d64    0x166  stm32f4xx_hal_i2c.o [1]
  .text                  ro code   0x802'8ecc      0xe  math_wrappers64.o [4]
  .text                  ro code   0x802'8edc     0x68  DblToFlt.o [4]
  .text                  ro code   0x802'8f44    0x152  iar_Stoulx.o [2]
  .text                  ro code   0x802'9098    0xb00  z_planner.o [1]
  .text                  ro code   0x802'9b98     0xbc  z_endstops.o [1]
  .text                  ro code   0x802'9c54    0x4c4  z_stepper.o [1]
  .text                  ro code   0x802'a118    0x1bc  tim.o [1]
  .text                  ro code   0x802'a2d4    0x692  stm32f4xx_hal_tim.o [1]
  .text                  ro code   0x802'a968     0x48  FltToDbl.o [4]
  .text                  ro code   0x802'a9b0     0x38  cpld_utils.o [1]
  .text                  ro code   0x802'a9e8    0x570  ssd_utils.o [1]
  .text                  ro code   0x802'af58     0x18  strcpy.o [5]
  .text                  ro code   0x802'af70     0x1e  strcat.o [2]
  .text                  ro code   0x802'af90    0x58c  usbh_core.o [1]
  .text                  ro code   0x802'b51c    0x48c  files_pws.o [1]
  .text                  ro code   0x802'b9a8    0x574  files_photon.o [1]
  .text                  ro code   0x802'bf1c     0x1e  sqrtf.o [4]
  .text                  ro code   0x802'bf3c    0x51c  strto64.o [4]
  .text                  ro code   0x802'c458     0x14  isspace.o [2]
  .text                  ro code   0x802'c46c     0x14  tolower.o [2]
  .text                  ro code   0x802'c480     0x3c  ceilf.o [4]
  .text                  ro code   0x802'c4bc     0x58  z_planner.o [1]
  .text                  ro code   0x802'c514     0x3c  floorf.o [4]
  .text                  ro code   0x802'c550     0x2e  lroundf.o [4]
  .text                  ro code   0x802'c580     0x2c  z_stepper.o [1]
  .text                  ro code   0x802'c5ac     0x8c  stm32f4xx_hal_tim_ex.o [1]
  .text                  ro code   0x802'c638    0x248  usbh_conf.o [1]
  .text                  ro code   0x802'c880     0x7c  usbh_pipes.o [1]
  .text                  ro code   0x802'c8fc    0x4f8  usbh_ctlreq.o [1]
  .text                  ro code   0x802'cdf4    0x122  iar_Stopfx.o [2]
  .text                  ro code   0x802'cf18    0x1c4  iar_Stoflt.o [2]
  .text                  ro code   0x802'd0dc    0x21c  iar_Stoxflt.o [2]
  .text                  ro code   0x802'd2f8    0x870  stm32f4xx_hal_hcd.o [1]
  .text                  ro code   0x802'db68     0x98  usbh_ioreq.o [1]
  .text                  ro code   0x802'dc00     0x14  isalpha.o [2]
  .text                  ro code   0x802'dc14    0x640  stm32f4xx_ll_usb.o [1]
  .rodata                const     0x802'e254   0x3b94  fnt36.o [1]
  .rodata                const     0x803'1de8   0x2094  fnt24bold.o [1]
  .rodata                const     0x803'3e7c   0x1a1c  fnt24.o [1]
  .text                  ro code   0x803'5898   0x14e0  dlmalloc.o [2]
  .text                  ro code   0x803'6d78     0x2c  xgetmemchunk.o [2]
  .rodata                const     0x803'6da4   0x10c8  fnt18bold.o [1]
  .rodata                const     0x803'7e6c    0xea4  fnt18.o [1]
  .text                  ro code   0x803'8d10    0xe58  xscanffull.o [2]
  .text                  ro code   0x803'9b68     0x3c  wctob.o [2]
  .text                  ro code   0x803'9ba4     0x9e  iar_Stollx.o [2]
  .text                  ro code   0x803'9c44    0x1b2  iar_Stoullx.o [2]
  .rodata                const     0x803'9df8    0xdc8  tgui.o [1]
  .text                  ro code   0x803'abc0    0xb60  tgui_filesscreenfuncs.o [1]
  .text                  ro code   0x803'b720    0xb58  tgui_fileviewscreenfuncs.o [1]
  .rodata                const     0x803'c278    0xaec  languages.o [1]
  .text                  ro code   0x803'cd64    0x8d0  tgui_printscreenfuncs.o [1]
  .rodata                const     0x803'd634    0x788  fnt12bold.o [1]
  .rodata                const     0x803'ddbc    0x6b4  fnt12.o [1]
  .rodata                const     0x803'e470    0x684  fnt36num.o [1]
  .text                  ro code   0x803'eaf4    0x5d0  tgui_prnparamsscreenfuncs.o [1]
  .text                  ro code   0x803'f0c4    0x48c  tgui_numenterscreenfuncs.o [1]
  .text                  ro code   0x803'f550     0x28  sscanf.o [2]
  .text                  ro code   0x803'f578    0x506  usbh_msc.o [1]
  .text                  ro code   0x803'fa80    0x242  usbh_msc_bot.o [1]
  .text                  ro code   0x803'fcc2      0x4  heaptramp0.o [2]
  .text                  ro code   0x803'fcc6    0x2fe  usbh_msc_scsi.o [1]
  .text                  ro code   0x803'ffc4    0x448  tgui_infoscreenfuncs.o [1]
  .text                  ro code   0x804'040c    0x430  tgui_clocksetscreenfuncs.o [1]
  .rodata                const     0x804'083c    0x384  main.o [1]
  .text                  ro code   0x804'0bc0    0x380  tgui_settingsscreenfuncs.o [1]
  .rodata                const     0x804'0f40    0x2b0  ffunicode.o [1]
  .rodata                const     0x804'11f0    0x218  languages.o [1]
  .rodata                const     0x804'1408    0x218  languages.o [1]
  .rodata                const     0x804'1620    0x168  tgui.o [1]
  .rodata                const     0x804'1788    0x140  fnt12.o [1]
  .rodata                const     0x804'18c8    0x140  fnt12bold.o [1]
  .rodata                const     0x804'1a08    0x140  fnt18.o [1]
  .rodata                const     0x804'1b48    0x140  fnt18bold.o [1]
  .rodata                const     0x804'1c88    0x140  fnt24.o [1]
  .rodata                const     0x804'1dc8    0x140  fnt24bold.o [1]
  .rodata                const     0x804'1f08    0x140  fnt36.o [1]
  .rodata                const     0x804'2048    0x11c  main.o [1]
  .rodata                const     0x804'2164    0x100  ffunicode.o [1]
  .text                  ro code   0x804'2264     0xf4  usbh_diskio.o [1]
  .text                  ro code   0x804'2358     0xd4  spifl_diskio.o [1]
  .rodata                const     0x804'242c     0xc8  languages.o [1]
  .rodata                const     0x804'24f4     0x9c  languages.o [1]
  .rodata                const     0x804'2590     0x80  ff.o [1]
  .text                  ro code   0x804'2610     0x7c  stm32f4xx_it.o [1]
  .rodata                const     0x804'268c     0x78  languages.o [1]
  .rodata                const     0x804'2704     0x74  languages.o [1]
  .rodata                const     0x804'2778     0x74  languages.o [1]
  .rodata                const     0x804'27ec     0x70  languages.o [1]
  .rodata                const     0x804'285c     0x70  languages.o [1]
  .rodata                const     0x804'28cc     0x68  languages.o [1]
  .rodata                const     0x804'2934     0x68  languages.o [1]
  .rodata                const     0x804'299c     0x68  languages.o [1]
  .rodata                const     0x804'2a04     0x64  languages.o [1]
  .rodata                const     0x804'2a68     0x54  languages.o [1]
  .rodata                const     0x804'2abc     0x54  languages.o [1]
  .rodata                const     0x804'2b10     0x50  iar_Stoulx.o [2]
  .rodata                const     0x804'2b60     0x50  iar_Stoullx.o [2]
  .rodata                const     0x804'2bb0     0x4c  languages.o [1]
  .rodata                const     0x804'2bfc     0x4c  xscanffull.o [2]
  .rodata                const     0x804'2c48     0x48  languages.o [1]
  .rodata                const     0x804'2c90     0x48  strto64.o [4]
  .rodata                const     0x804'2cd8     0x44  languages.o [1]
  .rodata                const     0x804'2d1c     0x40  languages.o [1]
  .rodata                const     0x804'2d5c     0x3c  languages.o [1]
  .rodata                const     0x804'2d98     0x3c  languages.o [1]
  .rodata                const     0x804'2dd4     0x3c  languages.o [1]
  .rodata                const     0x804'2e10     0x3c  languages.o [1]
  .rodata                const     0x804'2e4c     0x3c  languages.o [1]
  .rodata                const     0x804'2e88     0x38  fnt170num_lcd.o [1]
  .rodata                const     0x804'2ec0     0x38  fnt36num.o [1]
  .rodata                const     0x804'2ef8     0x38  languages.o [1]
  .rodata                const     0x804'2f30     0x38  languages.o [1]
  .rodata                const     0x804'2f68     0x38  languages.o [1]
  .rodata                const     0x804'2fa0     0x34  languages.o [1]
  .rodata                const     0x804'2fd4     0x34  languages.o [1]
  .rodata                const     0x804'3008     0x34  languages.o [1]
  .rodata                const     0x804'303c     0x30  languages.o [1]
  .rodata                const     0x804'306c     0x30  languages.o [1]
  .rodata                const     0x804'309c     0x30  languages.o [1]
  .rodata                const     0x804'30cc     0x30  languages.o [1]
  .text                  ro code   0x804'30fc     0x30  system_stm32f4xx.o [1]
  .rodata                const     0x804'312c     0x2c  languages.o [1]
  .rodata                const     0x804'3158     0x2c  languages.o [1]
  .rodata                const     0x804'3184     0x2c  languages.o [1]
  .rodata                const     0x804'31b0     0x2c  languages.o [1]
  .rodata                const     0x804'31dc     0x28  languages.o [1]
  .rodata                const     0x804'3204     0x28  languages.o [1]
  .rodata                const     0x804'322c     0x28  languages.o [1]
  .rodata                const     0x804'3254     0x28  xscanffull.o [2]
  .text                  ro code   0x804'327c     0x28  data_init.o [5]
  .rodata                const     0x804'32a4     0x24  languages.o [1]
  .rodata                const     0x804'32c8     0x24  languages.o [1]
  .rodata                const     0x804'32ec     0x24  languages.o [1]
  .rodata                const     0x804'3310     0x24  tgui_infoscreenfuncs.o [1]
  .text                  ro code   0x804'3334     0x22  fpinit_M.o [4]
  .iar.init_table        const     0x804'3358     0x2c  - Linker created -
  .text                  ro code   0x804'3384     0x20  cmain_call_ctors.o [5]
  .text                  ro code   0x804'33a4     0x18  cppinit.o [2]
  .text                  ro code   0x804'33bc     0x1e  cmain.o [5]
  .text                  ro code   0x804'33da      0x4  low_level_init.o [2]
  .text                  ro code   0x804'33de      0x4  exit.o [2]
  .text                  ro code   0x804'33e4      0xa  cexit.o [5]
  .text                  ro code   0x804'33f0     0x1c  tgui_langscreenfuncs.o [1]
  .rodata                const     0x804'340c     0x14  spifl_diskio.o [1]
  .rodata                const     0x804'3420     0x14  usbh_diskio.o [1]
  .text                  ro code   0x804'3434     0x10  startup_stm32f407xx.o [1]
  .text                  ro code   0x804'3444      0xc  cstartup_M.o [5]
  .rodata                const     0x804'3450      0x8  system_stm32f4xx.o [1]
  .rodata                const     0x804'3458      0x6  xlocale_c.o [2]
  .rodata                const     0x804'3460      0x4  usbh_msc.o [1]
  .text                  ro code   0x804'3464      0x4  startup_stm32f407xx.o [1]
  SHT$$PREINIT_ARRAY               0x804'3468      0x0  <Block>
  SHT$$INIT_ARRAY                  0x804'3468      0x4  <Block>
    .init_array          const     0x804'3468      0x4  z_planner.o [1]
  __iar_tls$$INIT_ARRAY            0x804'346c      0x0  <Block>
  .rodata                const     0x804'346c      0x0  zero_init3.o [5]
  .rodata                const     0x804'346c      0x0  lz77_init_single.o [5]
  Initializer bytes      const     0x804'346c    0x106  <for P2-1>
                                 - 0x804'3572  0x333ea

"P3", part 1 of 2:                              0x1cc0
  CCMRAM                 zero     0x1000'0000   0x1cc0  printing.o [1]
                                - 0x1000'1cc0   0x1cc0

"P3", part 2 of 2:                              0x5428
  CCMRAM                 uninit   0x1000'1cc0   0x5028  main.o [1]
  CCMRAM                 uninit   0x1000'6ce8    0x400  tgui.o [1]
                                - 0x1000'70e8   0x5428

"P2", part 1 of 3:                               0x392
  P2-1                            0x2000'0000    0x392  <Init block>
    .data                inited   0x2000'0000      0xc  fnt12.o [1]
    .data                inited   0x2000'000c      0xc  fnt12bold.o [1]
    .data                inited   0x2000'0018      0xc  fnt170num_lcd.o [1]
    .data                inited   0x2000'0024      0xc  fnt18.o [1]
    .data                inited   0x2000'0030      0xc  fnt18bold.o [1]
    .data                inited   0x2000'003c      0xc  fnt24.o [1]
    .data                inited   0x2000'0048      0xc  fnt24bold.o [1]
    .data                inited   0x2000'0054      0xc  fnt36.o [1]
    .data                inited   0x2000'0060      0xc  fnt36num.o [1]
    .data                inited   0x2000'006c     0x14  languages.o [1]
    .data                inited   0x2000'0080     0x14  lcd_ui.o [1]
    .data                inited   0x2000'0094      0xc  stm32f4xx_hal.o [1]
    .data                inited   0x2000'00a0      0x4  system_stm32f4xx.o [1]
    .data                inited   0x2000'00a4    0x200  tgui_filesscreenfuncs.o [1]
    .data                inited   0x2000'02a4      0x4  tgui_movezscreenfuncs.o [1]
    .data                inited   0x2000'02a8     0x20  usbh_msc.o [1]
    .data                inited   0x2000'02c8     0x40  z_stepper.o [1]
    .data                inited   0x2000'0308     0x38  xlocale_c.o [2]
    .data                inited   0x2000'0340     0x48  xlocale_c.o [2]
    .data                inited   0x2000'0388      0x2  tgui_defaultfuncs.o [1]
    .data                inited   0x2000'038a      0x5  tgui_filesscreenfuncs.o [1]
    .data                inited   0x2000'038f      0x3  z_endstops.o [1]
                                - 0x2000'0392    0x392

"P2", part 2 of 3:                              0x99c4
  .bss                   zero     0x2000'0394   0x3158  tgui.o [1]
  .bss                   zero     0x2000'34ec   0x1064  main.o [1]
  .bss                   zero     0x2000'4550   0x1038  fatfs.o [1]
  .bss                   zero     0x2000'5588   0x1038  fatfs.o [1]
  .bss                   zero     0x2000'65c0    0x830  tgui_filesscreenfuncs.o [1]
  .bss                   zero     0x2000'6df0    0x674  config.o [1]
  .bss                   zero     0x2000'7464    0x600  uvdisplay.o [1]
  .bss                   zero     0x2000'7a64    0x50c  tgui_fileviewscreenfuncs.o [1]
  .bss                   zero     0x2000'7f70    0x400  z_planner.o [1]
  .bss                   zero     0x2000'8370    0x3d8  usb_host.o [1]
  .bss                   zero     0x2000'8748    0x350  tgui.o [1]
  .bss                   zero     0x2000'8a98    0x2c4  usbh_conf.o [1]
  .bss                   zero     0x2000'8d5c    0x20c  ff.o [1]
  .bss                   zero     0x2000'8f68    0x1d8  dlmalloc.o [2]
  .bss                   zero     0x2000'9140    0x19c  cpld_utils.o [1]
  .bss                   zero     0x2000'92dc    0x100  sys_timer.o [1]
  .bss                   zero     0x2000'93dc    0x100  tgui_fileviewscreenfuncs.o [1]
  .bss                   zero     0x2000'94dc     0xc0  fst_spi.o [1]
  .bss                   zero     0x2000'959c     0xc0  fst_spi.o [1]
  .bss                   zero     0x2000'965c     0x80  fst_spi.o [1]
  .bss                   zero     0x2000'96dc     0x80  fst_spi.o [1]
  .bss                   zero     0x2000'975c     0x70  files_photon.o [1]
  .bss                   zero     0x2000'97cc     0x64  tgui.o [1]
  .bss                   zero     0x2000'9830     0x60  files_pws.o [1]
  .bss                   zero     0x2000'9890     0x60  fst_spi.o [1]
  .bss                   zero     0x2000'98f0     0x60  lcd_low.o [1]
  .bss                   zero     0x2000'9950     0x58  eeprom.o [1]
  .bss                   zero     0x2000'99a8     0x54  config.o [1]
  .bss                   zero     0x2000'99fc     0x54  files_pws.o [1]
  .bss                   zero     0x2000'9a50     0x50  fsmc.o [1]
  .bss                   zero     0x2000'9aa0     0x4c  z_planner.o [1]
  .bss                   zero     0x2000'9aec     0x40  files_photon.o [1]
  .bss                   zero     0x2000'9b2c     0x40  tim.o [1]
  .bss                   zero     0x2000'9b6c     0x40  tim.o [1]
  .bss                   zero     0x2000'9bac     0x3c  files_photon.o [1]
  .bss                   zero     0x2000'9be8     0x3c  printing.o [1]
  .bss                   zero     0x2000'9c24     0x24  tgui_prnparamsscreenfuncs.o [1]
  .bss                   zero     0x2000'9c48     0x20  rtc.o [1]
  .bss                   zero     0x2000'9c68     0x20  tgui_numenterscreenfuncs.o [1]
  .bss                   zero     0x2000'9c88     0x18  dlmalloc.o [2]
  .bss                   zero     0x2000'9ca0     0x14  fatfs.o [1]
  .bss                   zero     0x2000'9cb4     0x14  touch.o [1]
  .bss                   zero     0x2000'9cc8     0x10  ff_gen_drv.o [1]
  .bss                   zero     0x2000'9cd8     0x10  sys_timer.o [1]
  .bss                   zero     0x2000'9ce8      0xc  spi_flash.o [1]
  .bss                   zero     0x2000'9cf4      0xc  tgui_printscreenfuncs.o [1]
  .bss                   zero     0x2000'9d00      0xc  tgui_screensaverfuncs.o [1]
  .bss                   zero     0x2000'9d0c      0x8  prtfiles.o [1]
  .bss                   zero     0x2000'9d14      0x8  spi_flash.o [1]
  .bss                   zero     0x2000'9d1c      0x8  tgui_clocksetscreenfuncs.o [1]
  .bss                   zero     0x2000'9d24      0x8  tgui_numenterscreenfuncs.o [1]
  .bss                   zero     0x2000'9d2c      0x4  cpld_utils.o [1]
  .bss                   zero     0x2000'9d30      0x4  cpld_utils.o [1]
  .bss                   zero     0x2000'9d34      0x4  cpld_utils.o [1]
  .bss                   zero     0x2000'9d38      0x4  fsmc.o [1]
  .bss                   zero     0x2000'9d3c      0x4  motor.o [1]
  .bss                   zero     0x2000'9d40      0x4  stm32f4xx_ll_usb.o [1]
  .bss                   zero     0x2000'9d44      0x4  z_stepper.o [1]
  .bss                   zero     0x2000'9d48      0x4  xfail_s.o [2]
  .bss                   zero     0x2000'9d4c      0x4  xgetmemchunk.o [2]
  .bss                   zero     0x2000'9d50      0x2  lcd_low.o [1]
  .bss                   zero     0x2000'9d52      0x2  tgui_uvtestscreenfuncs.o [1]
  .bss                   zero     0x2000'9d54      0x1  tgui_printscreenfuncs.o [1]
  .bss                   zero     0x2000'9d55      0x1  tgui_uvtestscreenfuncs.o [1]
  .bss                   zero     0x2000'9d56      0x1  usb_host.o [1]
  .bss                   zero     0x2000'9d57      0x1  z_planner.o [1]
                                - 0x2000'9d58   0x99c4

"P2", part 3 of 3:                              0xa250
  .noinit                uninit   0x2000'9d58   0x1028  main.o [1]
  .noinit                uninit   0x2000'ad80   0x1028  tgui.o [1]
  .noinit                uninit   0x2000'bda8   0x1000  tgui.o [1]
  .noinit                uninit   0x2000'cda8    0x200  tgui.o [1]
  CSTACK                          0x2000'cfa8   0x5000  <Block>
    CSTACK               uninit   0x2000'cfa8   0x5000  <Block tail>
  HEAP                            0x2001'1fa8   0x2000  <Block>
    HEAP                 uninit   0x2001'1fa8   0x2000  <Block tail>
                                - 0x2001'3fa8   0xa250

Unused ranges:

         From           To      Size
         ----           --      ----
   0x804'3572   0x807'ffff  0x3'ca8e
  0x1000'70e8  0x1000'ffff    0x8f18
  0x2000'0392  0x2000'0393       0x2
  0x2001'3fa8  0x2001'ffff    0xc058


*******************************************************************************
*** INIT TABLE
***

          Address      Size
          -------      ----
Zero (__iar_zero_init3)
    2 destination ranges, total size 0xb684:
          0x1000'0000  0x1cc0
          0x2000'0394  0x99c4

Copy/lz77 (__iar_lz77_init_single3)
    1 source range, total size 0x106 (28% of destination):
           0x804'346c   0x106
    1 destination range, total size 0x392:
          0x2000'0000   0x392

Extra (__iar_cstart_call_ctors)



*******************************************************************************
*** MODULE SUMMARY
***

    Module                       ro code  ro data  rw data
    ------                       -------  -------  -------
command line/config:
    ------------------------------------------------------
    Total:

D:\Electronics\Projects\MKS_DLP_new\SRC\firmware\MKSDLP_Alter_debug\Obj: [1]
    config.o                       3 504             1 736
    cpld_utils.o                     622               424
    datetime.o                       596
    diskio.o                         124
    eeprom.o                       1 200                88
    fatfs.o                          268             8 324
    ff.o                          10 396      128      524
    ff_gen_drv.o                      68                16
    ffunicode.o                      272      944
    files_photon.o                 1 396               236
    files_pws.o                    1 164               180
    fnt12.o                                 2 039       12
    fnt12bold.o                             2 251       12
    fnt170num_lcd.o                        26 412       12
    fnt18.o                                 4 071       12
    fnt18bold.o                             4 620       12
    fnt24.o                                 7 007       12
    fnt24bold.o                             8 664       12
    fnt36.o                                15 575       12
    fnt36num.o                              1 727       12
    fsmc.o                           236                84
    fst_spi.o                      1 204               736
    gpio.o                           676
    languages.o                       52    6 886       20
    lcd_low.o                        964                98
    lcd_ui.o                       2 472        6       20
    main.o                         6 336    1 184   28 852
    motor.o                          688                 4
    printing.o                     1 504             7 420
    prtfiles.o                     1 436                 8
    rtc.o                            176                32
    spi_flash.o                    1 040                20
    spifl_diskio.o                   212       20
    ssd_utils.o                    1 392
    startup_stm32f407xx.o            412
    stm32f4xx_hal.o                  168        3       12
    stm32f4xx_hal_cortex.o           192
    stm32f4xx_hal_dma.o              868
    stm32f4xx_hal_gpio.o             518
    stm32f4xx_hal_hcd.o            2 160
    stm32f4xx_hal_i2c.o              358
    stm32f4xx_hal_msp.o               56
    stm32f4xx_hal_pwr.o               24
    stm32f4xx_hal_rcc.o            1 228
    stm32f4xx_hal_rcc_ex.o           300
    stm32f4xx_hal_rtc.o            1 114
    stm32f4xx_hal_spi.o            1 724
    stm32f4xx_hal_sram.o              84
    stm32f4xx_hal_tim.o            1 682
    stm32f4xx_hal_tim_ex.o           140
    stm32f4xx_it.o                   124
    stm32f4xx_ll_fsmc.o              212
    stm32f4xx_ll_usb.o             1 600                 4
    sys_timer.o                      440               272
    system_stm32f4xx.o                48       10        4
    tgui.o                        17 904    3 888   23 348
    tgui_clocksetscreenfuncs.o     1 072                 8
    tgui_defaultfuncs.o            2 128                 2
    tgui_filesscreenfuncs.o        2 912      148    2 613
    tgui_fileviewscreenfuncs.o     2 904             1 548
    tgui_infoscreenfuncs.o         1 096       36
    tgui_langscreenfuncs.o            28
    tgui_messagebox.o              1 464
    tgui_movezscreenfuncs.o        1 128        1        4
    tgui_numenterscreenfuncs.o     1 164                40
    tgui_printscreenfuncs.o        2 256                13
    tgui_prnparamsscreenfuncs.o    1 488                36
    tgui_screensaverfuncs.o        1 092                12
    tgui_settingsscreenfuncs.o       896
    tgui_uvtestscreenfuncs.o       1 024                 3
    tim.o                            444               128
    touch.o                          520                20
    unicode_utils.o                  752
    usb_host.o                       120               985
    usbh_conf.o                      584               708
    usbh_core.o                    1 420
    usbh_ctlreq.o                  1 272
    usbh_diskio.o                    244       20
    usbh_ioreq.o                     152
    usbh_msc.o                     1 286       14       32
    usbh_msc_bot.o                   578
    usbh_msc_scsi.o                  766
    usbh_pipes.o                     124
    usbh_platform.o                   20
    uvdisplay.o                       26             1 536
    z_endstops.o                     188        1        3
    z_planner.o                    2 904        4    1 101
    z_stepper.o                    1 264       18       68
    ------------------------------------------------------
    Total:                       102 670   85 677   81 430

dl7M_tlf.a: [2]
    abort.o                            6
    cppinit.o                         24
    dlmalloc.o                     5 344               496
    exit.o                             4
    heaptramp0.o                       4
    iar_Stoflt.o                     452
    iar_Stollx.o                     158
    iar_Stopfx.o                     290
    iar_Stoullx.o                    434       80
    iar_Stoulx.o                     338       80
    iar_Stoxflt.o                    540
    isalpha.o                         20
    isspace.o                         20
    low_level_init.o                   4
    sprintf.o                         64
    sscanf.o                          40
    strcat.o                          30
    tolower.o                         20
    wctob.o                           60
    xencoding_8859_1.o                38
    xfail_s.o                         64                 4
    xgetmemchunk.o                    44                 4
    xlocale_c.o                      260       43      128
    xmbcurmax.o                       10
    xprintffull.o                  3 910
    xscanffull.o                   3 672      116
    xsprout.o                         10
    xsscin.o                          30
    ------------------------------------------------------
    Total:                        15 890      319      632

dlpp7M_tl_fc.a: [3]
    ------------------------------------------------------
    Total:

m7M_tls.a: [4]
    DblAdd.o                         378
    DblCmpGe.o                        46
    DblCmpLe.o                        46
    DblDiv.o                         582
    DblMul.o                         418
    DblSub.o                         226
    DblToFlt.o                       104
    DblToS32.o                        58
    DblToU32.o                        40
    FltToDbl.o                        72
    S32ToDbl.o                        34
    U32ToDbl.o                        26
    ceilf.o                           60
    floorf.o                          60
    fpinit_M.o                        34
    frexp.o                          112
    ldexp.o                          314
    lroundf.o                         46
    math_wrappers64.o                 14
    sqrtf.o                           30
    strto64.o                      1 308       72
    ------------------------------------------------------
    Total:                         4 008       72

rt7M_tl.a: [5]
    ABImemclr.o                        6
    ABImemclr4.o                       6
    ABImemcpy.o                      166
    ABImemset.o                      102
    ABImemset48.o                     58
    I64DivMod.o                      560
    cexit.o                           10
    cmain.o                           30
    cmain_call_ctors.o                32
    cstartup_M.o                      12
    data_init.o                       40
    lz77_init_single.o               122
    memchr.o                          88
    strchr.o                          22
    strcmp.o                          18
    strcpy.o                          24
    strlen.o                          54
    strncpy.o                        112
    zero_init3.o                      58
    ------------------------------------------------------
    Total:                         1 520

shb_l.a: [6]
    exit.o                            20
    unwind_debug.o                              1
    ------------------------------------------------------
    Total:                            20        1

    Gaps                              63        6
    Linker created                             44   28 672
----------------------------------------------------------
    Grand Total:                 124 171   86 119  110 734


*******************************************************************************
*** ENTRY LIST
***

Entry                       Address    Size  Type      Object
-----                       -------    ----  ----      ------
.iar.init_table$$Base    0x804'3358           --   Gb  - Linker created -
.iar.init_table$$Limit   0x804'3384           --   Gb  - Linker created -
?main                    0x804'33bd          Code  Gb  cmain.o [5]
AHBPrescTable            0x804'311c    0x10  Data  Gb  system_stm32f4xx.o [1]
APBPrescTable            0x804'3450     0x8  Data  Gb  system_stm32f4xx.o [1]
Appli_state             0x2000'9d56     0x1  Data  Gb  usb_host.o [1]
Appli_state_old         0x2000'3710     0x1  Data  Gb  main.o [1]
BUZZ_TimerOn             0x801'c011    0x14  Code  Gb  sys_timer.o [1]
BusFault_Handler         0x804'2617     0x2  Code  Gb  stm32f4xx_it.o [1]
CFG_Init()               0x802'56a5   0x10e  Code  Gb  config.o [1]
CFG_LoadFromFile(void *, void *)
                         0x802'5abd   0x770  Code  Gb  config.o [1]
CFG_SaveConfig()         0x802'5913    0x2a  Code  Gb  config.o [1]
CFG_SaveMotor()          0x802'5889    0x28  Code  Gb  config.o [1]
CFG_SaveTimers()         0x802'5979    0x34  Code  Gb  config.o [1]
CFG_SetConfigDefault()   0x802'58b1    0x62  Code  Gb  config.o [1]
CFG_SetMotorDefault()    0x802'57b5    0xd4  Code  Gb  config.o [1]
CFG_SetTimersDefault()   0x802'593d    0x3c  Code  Gb  config.o [1]
CPLD_Init()              0x802'6df9     0x2  Code  Gb  cpld_utils.o [1]
CSTACK$$Base            0x2000'cfa8           --   Gb  - Linker created -
CSTACK$$Limit           0x2001'1fa8           --   Gb  - Linker created -
CacheMore                0x802'1f29    0x24  Code  Lc  xlocale_c.o [2]
DMA1_Stream3_IRQHandler
                         0x804'2625     0x6  Code  Gb  stm32f4xx_it.o [1]
DMA1_Stream4_IRQHandler
                         0x804'262b     0x6  Code  Gb  stm32f4xx_it.o [1]
DMA2_Stream2_IRQHandler
                         0x804'263d     0x6  Code  Gb  stm32f4xx_it.o [1]
DMA2_Stream5_IRQHandler
                         0x804'2643     0x6  Code  Gb  stm32f4xx_it.o [1]
DMA2_Stream7_IRQHandler
                         0x804'2637     0x6  Code  Gb  stm32f4xx_it.o [1]
DMA_CalcBaseAndBitshift
                         0x802'1699    0x2c  Code  Lc  stm32f4xx_hal_dma.o [1]
DMA_CalcBaseAndBitshift::flagBitshiftOffset
                         0x802'16d4     0x8  Data  Lc  stm32f4xx_hal_dma.o [1]
DTIME_DatetimeToUnixtime(DATETIME_STRUCT *)
                         0x801'c1b5    0x64  Code  Gb  datetime.o [1]
DTIME_GetCurrentDatetime(DATETIME_STRUCT *)
                         0x801'c07b    0x6a  Code  Gb  datetime.o [1]
DTIME_GetCurrentUnixtime()
                         0x801'c0e5    0x12  Code  Gb  datetime.o [1]
DTIME_GetMinutes()       0x801'c06d     0x6  Code  Gb  datetime.o [1]
DTIME_SetCurrentDatetime(DATETIME_STRUCT *)
                         0x801'c0f7    0xbc  Code  Gb  datetime.o [1]
DTIME_SetWeekDay(DATETIME_STRUCT *)
                         0x801'c219    0x5c  Code  Gb  datetime.o [1]
DeInitStateMachine       0x802'aff7    0x46  Code  Lc  usbh_core.o [1]
DebugMon_Handler         0x804'261d     0x2  Code  Gb  stm32f4xx_it.o [1]
DeviceCode              0x2000'9d50     0x2  Data  Gb  lcd_low.o [1]
Dtentox                  0x802'c0d9   0x190  Code  Lc  strto64.o [4]
EEPROM_Init()            0x802'51f5    0x9a  Code  Gb  eeprom.o [1]
EEPROM_ReadMemBuff(unsigned short, unsigned char *, unsigned short)
                         0x802'54a1    0xf6  Code  Gb  eeprom.o [1]
EEPROM_WriteMemBuff(unsigned short, unsigned char *, unsigned short)
                         0x802'5597    0xdc  Code  Gb  eeprom.o [1]
EXTI0_IRQHandler         0x804'2675     0x6  Code  Gb  stm32f4xx_it.o [1]
EXTI2_IRQHandler         0x804'267b     0x4  Code  Gb  stm32f4xx_it.o [1]
Endstops::enabled       0x2000'038f     0x1  Data  Gb  z_endstops.o [1]
Endstops::hit_state     0x2000'0390     0x1  Data  Gb  z_endstops.o [1]
Endstops::init()         0x802'9b9b    0x2a  Code  Gb  z_endstops.o [1]
Endstops::live_state    0x2000'0391     0x1  Data  Gb  z_endstops.o [1]
Endstops::update()       0x802'9bc5    0x7c  Code  Gb  z_endstops.o [1]
EndstopsInterrupt        0x802'9b99     0x2  Code  Gb  z_endstops.o [1]
Error_Handler            0x802'4325     0x2  Code  Gb  main.o [1]
ExCvt                    0x804'2590    0x80  Data  Lc  ff.o [1]
FATFS_DelFileExtensionUTF
                         0x802'19f3    0x20  Code  Gb  fatfs.o [1]
FATFS_GetFileExtension   0x802'1991    0x2c  Code  Gb  fatfs.o [1]
FATFS_GetFileExtensionUTF
                         0x802'19bd    0x36  Code  Gb  fatfs.o [1]
FATFS_Init               0x802'1929    0x1c  Code  Gb  fatfs.o [1]
FATFS_LinkDriver         0x802'45ad    0x3e  Code  Gb  ff_gen_drv.o [1]
FLASH_IsDMAReady         0x802'1e8d    0x12  Code  Gb  fst_spi.o [1]
FLASH_SPIEnable          0x802'1c77   0x154  Code  Gb  fst_spi.o [1]
FLASH_SPIGetSpeed        0x802'1ddf     0xc  Code  Gb  fst_spi.o [1]
FLASH_SPIInit            0x802'1c23    0x54  Code  Gb  fst_spi.o [1]
FLASH_SPIReadBuff        0x802'1e09    0x32  Code  Gb  fst_spi.o [1]
FLASH_SPIReadBuffDMA     0x802'1e3b    0x2e  Code  Gb  fst_spi.o [1]
FLASH_SPISetSpeed        0x802'1dcb    0x14  Code  Gb  fst_spi.o [1]
FLASH_SPIWriteBuffDMA    0x802'1e69    0x24  Code  Gb  fst_spi.o [1]
FLASH_SPIWriteReadByte   0x802'1deb    0x1e  Code  Gb  fst_spi.o [1]
FPHOTON_DrawPreview(FIL *, TG_RECT *, unsigned char)
                         0x802'bae9   0x2ac  Code  Gb  files_photon.o [1]
FPHOTON_GetAntialiasing()
                         0x802'bdb1     0x6  Code  Gb  files_photon.o [1]
FPHOTON_GetBottomLayers()
                         0x802'bda3     0x6  Code  Gb  files_photon.o [1]
FPHOTON_GetDropSpeed()   0x802'be19     0x8  Code  Gb  files_photon.o [1]
FPHOTON_GetIndLayerSettings()
                         0x802'be45     0x4  Code  Gb  files_photon.o [1]
FPHOTON_GetLayerInfo(unsigned int, LAYER_INFO *)
                         0x802'be5b    0x9e  Code  Gb  files_photon.o [1]
FPHOTON_GetLayerThickness()
                         0x802'bda9     0x8  Code  Gb  files_photon.o [1]
FPHOTON_GetLiftHeight()
                         0x802'bde7     0x8  Code  Gb  files_photon.o [1]
FPHOTON_GetLiftSpeed()   0x802'bdfb     0x8  Code  Gb  files_photon.o [1]
FPHOTON_GetLightBottom()
                         0x802'bdc7     0x8  Code  Gb  files_photon.o [1]
FPHOTON_GetLightLayer()
                         0x802'bdb7     0x8  Code  Gb  files_photon.o [1]
FPHOTON_GetLightPause()
                         0x802'bdd7     0x8  Code  Gb  files_photon.o [1]
FPHOTON_GetPreviewDataOffset(unsigned char)
                         0x802'babf    0x26  Code  Gb  files_photon.o [1]
FPHOTON_GetResinVolume()
                         0x802'be3d     0x8  Code  Gb  files_photon.o [1]
FPHOTON_GetResolutionX()
                         0x802'be49     0x6  Code  Gb  files_photon.o [1]
FPHOTON_GetResolutionY()
                         0x802'be4f     0x6  Code  Gb  files_photon.o [1]
FPHOTON_GetTotalLayers()
                         0x802'bd9d     0x6  Code  Gb  files_photon.o [1]
FPHOTON_GetVersion()     0x802'be55     0x6  Code  Gb  files_photon.o [1]
FPHOTON_ReadFileInfo(FIL *)
                         0x802'b9a9   0x110  Code  Gb  files_photon.o [1]
FPHOTON_SetDropSpeed(float)
                         0x802'be2d    0x10  Code  Gb  files_photon.o [1]
FPHOTON_SetLiftHeight(float)
                         0x802'bdef     0xc  Code  Gb  files_photon.o [1]
FPHOTON_SetLiftSpeed(float)
                         0x802'be05    0x14  Code  Gb  files_photon.o [1]
FPHOTON_SetLightBottom(float)
                         0x802'bdcf     0x8  Code  Gb  files_photon.o [1]
FPHOTON_SetLightLayer(float)
                         0x802'bdbf     0x8  Code  Gb  files_photon.o [1]
FPHOTON_SetLightPause(float)
                         0x802'bddf     0x8  Code  Gb  files_photon.o [1]
FPWS_DrawPreview(FIL *, TG_RECT *)
                         0x802'b611   0x1f8  Code  Gb  files_pws.o [1]
FPWS_GetAntialiasing()   0x802'b82f     0x6  Code  Gb  files_pws.o [1]
FPWS_GetBottomLayers()   0x802'b817    0x10  Code  Gb  files_pws.o [1]
FPWS_GetDropSpeed()      0x802'b885     0x8  Code  Gb  files_pws.o [1]
FPWS_GetIndLayerSettings()
                         0x802'b89d     0x6  Code  Gb  files_pws.o [1]
FPWS_GetLayerInfo(unsigned int, LAYER_INFO *)
                         0x802'b8b5    0xb8  Code  Gb  files_pws.o [1]
FPWS_GetLayerThickness()
                         0x802'b827     0x8  Code  Gb  files_pws.o [1]
FPWS_GetLiftHeight()     0x802'b865     0x8  Code  Gb  files_pws.o [1]
FPWS_GetLiftSpeed()      0x802'b875     0x8  Code  Gb  files_pws.o [1]
FPWS_GetLightBottom()    0x802'b845     0x8  Code  Gb  files_pws.o [1]
FPWS_GetLightLayer()     0x802'b835     0x8  Code  Gb  files_pws.o [1]
FPWS_GetLightPause()     0x802'b855     0x8  Code  Gb  files_pws.o [1]
FPWS_GetResinVolume()    0x802'b895     0x8  Code  Gb  files_pws.o [1]
FPWS_GetResolutionX()    0x802'b8a3     0x6  Code  Gb  files_pws.o [1]
FPWS_GetResolutionY()    0x802'b8a9     0x6  Code  Gb  files_pws.o [1]
FPWS_GetTotalLayers()    0x802'b811     0x6  Code  Gb  files_pws.o [1]
FPWS_ReadFileInfo(FIL *)
                         0x802'b51d    0xf4  Code  Gb  files_pws.o [1]
FPWS_SetDropSpeed(float)
                         0x802'b88d     0x8  Code  Gb  files_pws.o [1]
FPWS_SetLiftHeight(float)
                         0x802'b86d     0x8  Code  Gb  files_pws.o [1]
FPWS_SetLiftSpeed(float)
                         0x802'b87d     0x8  Code  Gb  files_pws.o [1]
FPWS_SetLightBottom(float)
                         0x802'b84d     0x8  Code  Gb  files_pws.o [1]
FPWS_SetLightLayer(float)
                         0x802'b83d     0x8  Code  Gb  files_pws.o [1]
FPWS_SetLightPause(float)
                         0x802'b85d     0x8  Code  Gb  files_pws.o [1]
FSMC_Initialized        0x2000'9d38     0x4  Data  Lc  fsmc.o [1]
FSMC_NORSRAM_Extended_Timing_Init
                         0x802'4ec1    0x3a  Code  Gb  stm32f4xx_ll_fsmc.o [1]
FSMC_NORSRAM_Init        0x802'4e31    0x4e  Code  Gb  stm32f4xx_ll_fsmc.o [1]
FSMC_NORSRAM_Timing_Init
                         0x802'4e7f    0x3c  Code  Gb  stm32f4xx_ll_fsmc.o [1]
FatFs                   0x2000'8d60     0x8  Data  Lc  ff.o [1]
Fsid                    0x2000'8d5c     0x2  Data  Lc  ff.o [1]
GPIO_Init                0x802'4f51   0x288  Code  Gb  gpio.o [1]
HAL_DMA_GetState         0x802'1691     0x6  Code  Gb  stm32f4xx_hal_dma.o [1]
HAL_DMA_IRQHandler       0x802'14e9   0x1a8  Code  Gb  stm32f4xx_hal_dma.o [1]
HAL_DMA_Init             0x802'1379    0xee  Code  Gb  stm32f4xx_hal_dma.o [1]
HAL_DMA_Start_IT         0x802'1467    0x82  Code  Gb  stm32f4xx_hal_dma.o [1]
HAL_Delay                0x802'1265    0x28  Code  Wk  stm32f4xx_hal.o [1]
HAL_FSMC_MspInit         0x802'12f3    0x6c  Code  Gb  fsmc.o [1]
HAL_GPIO_EXTI_IRQHandler
                         0x802'4565    0x10  Code  Gb  stm32f4xx_hal_gpio.o [1]
HAL_GPIO_Init            0x802'43a5   0x1aa  Code  Gb  stm32f4xx_hal_gpio.o [1]
HAL_GPIO_ReadPin         0x802'454f     0xe  Code  Gb  stm32f4xx_hal_gpio.o [1]
HAL_GPIO_WritePin        0x802'455d     0x8  Code  Gb  stm32f4xx_hal_gpio.o [1]
HAL_GetTick              0x802'0311     0xc  Code  Wk  stm32f4xx_hal.o [1]
HAL_HCD_Connect_Callback
                         0x802'c6bb     0x8  Code  Gb  usbh_conf.o [1]
HAL_HCD_Disconnect_Callback
                         0x802'c6c3     0x8  Code  Gb  usbh_conf.o [1]
HAL_HCD_GetCurrentFrame
                         0x802'd6a7     0x6  Code  Gb  stm32f4xx_hal_hcd.o [1]
HAL_HCD_GetCurrentSpeed
                         0x802'd6ad     0x6  Code  Gb  stm32f4xx_hal_hcd.o [1]
HAL_HCD_HC_GetURBState   0x802'd68d     0xe  Code  Gb  stm32f4xx_hal_hcd.o [1]
HAL_HCD_HC_GetXferCount
                         0x802'd69b     0xc  Code  Gb  stm32f4xx_hal_hcd.o [1]
HAL_HCD_HC_Halt          0x802'd3d9    0x1e  Code  Gb  stm32f4xx_hal_hcd.o [1]
HAL_HCD_HC_Init          0x802'd367    0x72  Code  Gb  stm32f4xx_hal_hcd.o [1]
HAL_HCD_HC_NotifyURBChange_Callback
                         0x802'c6cb     0x2  Code  Gb  usbh_conf.o [1]
HAL_HCD_HC_SubmitRequest
                         0x802'd3f9    0x90  Code  Gb  stm32f4xx_hal_hcd.o [1]
HAL_HCD_IRQHandler       0x802'd489   0x1b4  Code  Gb  stm32f4xx_hal_hcd.o [1]
HAL_HCD_Init             0x802'd2f9    0x6e  Code  Gb  stm32f4xx_hal_hcd.o [1]
HAL_HCD_MspInit          0x802'c639    0x7a  Code  Gb  usbh_conf.o [1]
HAL_HCD_PortDisabled_Callback
                         0x802'c6d5     0x8  Code  Gb  usbh_conf.o [1]
HAL_HCD_PortEnabled_Callback
                         0x802'c6cd     0x8  Code  Gb  usbh_conf.o [1]
HAL_HCD_ResetPort        0x802'd687     0x6  Code  Gb  stm32f4xx_hal_hcd.o [1]
HAL_HCD_SOF_Callback     0x802'c6b3     0x8  Code  Gb  usbh_conf.o [1]
HAL_HCD_Start            0x802'd63d    0x24  Code  Gb  stm32f4xx_hal_hcd.o [1]
HAL_HCD_Stop             0x802'd669    0x1e  Code  Gb  stm32f4xx_hal_hcd.o [1]
HAL_I2C_Init             0x802'8d65   0x146  Code  Gb  stm32f4xx_hal_i2c.o [1]
HAL_IncTick              0x801'beb5    0xc0  Code  Gb  sys_timer.o [1]
HAL_Init                 0x802'4f1d    0x30  Code  Gb  stm32f4xx_hal.o [1]
HAL_InitTick             0x802'8ced    0x40  Code  Wk  stm32f4xx_hal.o [1]
HAL_MspInit              0x802'8d2d    0x38  Code  Gb  stm32f4xx_hal_msp.o [1]
HAL_NVIC_EnableIRQ       0x802'1749    0x16  Code  Gb  stm32f4xx_hal_cortex.o [1]
HAL_NVIC_SetPriority     0x802'16f7    0x52  Code  Gb  stm32f4xx_hal_cortex.o [1]
HAL_NVIC_SetPriorityGrouping
                         0x802'16dd    0x1a  Code  Gb  stm32f4xx_hal_cortex.o [1]
HAL_PWR_DeInit           0x802'4f05    0x14  Code  Gb  stm32f4xx_hal_pwr.o [1]
HAL_RCCEx_PeriphCLKConfig
                         0x802'8bad   0x112  Code  Gb  stm32f4xx_hal_rcc_ex.o [1]
HAL_RCC_ClockConfig      0x802'8a09   0x112  Code  Gb  stm32f4xx_hal_rcc.o [1]
HAL_RCC_GetPCLK1Freq     0x802'8b1b    0x10  Code  Gb  stm32f4xx_hal_rcc.o [1]
HAL_RCC_GetSysClockFreq
                         0x802'8b4d    0x60  Code  Wk  stm32f4xx_hal_rcc.o [1]
HAL_RCC_OscConfig        0x802'86e1   0x328  Code  Wk  stm32f4xx_hal_rcc.o [1]
HAL_RTC_GetDate          0x802'0277    0x5a  Code  Gb  stm32f4xx_hal_rtc.o [1]
HAL_RTC_GetTime          0x802'00ed    0x66  Code  Gb  stm32f4xx_hal_rtc.o [1]
HAL_RTC_Init             0x801'feb5    0xe6  Code  Gb  stm32f4xx_hal_rtc.o [1]
HAL_RTC_SetDate          0x802'0153   0x124  Code  Gb  stm32f4xx_hal_rtc.o [1]
HAL_RTC_SetTime          0x801'ff9b   0x152  Code  Gb  stm32f4xx_hal_rtc.o [1]
HAL_SPI_Init             0x802'45f1    0xb6  Code  Gb  stm32f4xx_hal_spi.o [1]
HAL_SPI_Receive_DMA      0x802'4763    0xd6  Code  Gb  stm32f4xx_hal_spi.o [1]
HAL_SPI_TransmitReceive_DMA
                         0x802'4839    0xfc  Code  Gb  stm32f4xx_hal_spi.o [1]
HAL_SPI_Transmit_DMA     0x802'46a7    0xbc  Code  Gb  stm32f4xx_hal_spi.o [1]
HAL_SPI_TxCpltCallback   0x802'1a4d    0x10  Code  Gb  fst_spi.o [1]
HAL_SPI_TxRxCpltCallback
                         0x802'1a35    0x18  Code  Gb  fst_spi.o [1]
HAL_SRAM_Init            0x802'2a91    0x54  Code  Gb  stm32f4xx_hal_sram.o [1]
HAL_SRAM_MspInit         0x802'135f     0x2  Code  Gb  fsmc.o [1]
HAL_SYSTICK_Config       0x802'175f    0x22  Code  Gb  stm32f4xx_hal_cortex.o [1]
HAL_TIMEx_MasterConfigSynchronization
                         0x802'c5ad    0x70  Code  Gb  stm32f4xx_hal_tim_ex.o [1]
HAL_TIM_Base_Init        0x802'a2d5    0x1e  Code  Gb  stm32f4xx_hal_tim.o [1]
HAL_TIM_Base_MspInit     0x802'a227    0x54  Code  Gb  tim.o [1]
HAL_TIM_Base_Start_IT    0x802'a2f3     0xe  Code  Gb  stm32f4xx_hal_tim.o [1]
HAL_TIM_Base_Stop_IT     0x802'a301    0x1e  Code  Gb  stm32f4xx_hal_tim.o [1]
HAL_TIM_ConfigClockSource
                         0x802'a5ed    0xfa  Code  Gb  stm32f4xx_hal_tim.o [1]
HAL_TIM_IRQHandler       0x802'a3c9   0x14a  Code  Gb  stm32f4xx_hal_tim.o [1]
HAL_TIM_MspPostInit      0x802'a27b    0x34  Code  Gb  tim.o [1]
HAL_TIM_PWM_ConfigChannel
                         0x802'a513    0xda  Code  Gb  stm32f4xx_hal_tim.o [1]
HAL_TIM_PWM_Init         0x802'a341    0x1e  Code  Gb  stm32f4xx_hal_tim.o [1]
HAL_TIM_PWM_Start        0x802'a35f    0x32  Code  Gb  stm32f4xx_hal_tim.o [1]
HCD_HC_IN_IRQHandler     0x802'd6b3   0x212  Code  Lc  stm32f4xx_hal_hcd.o [1]
HCD_HC_OUT_IRQHandler    0x802'd8c5   0x238  Code  Lc  stm32f4xx_hal_hcd.o [1]
HCD_RXQLVL_IRQHandler    0x802'dafd    0x68  Code  Lc  stm32f4xx_hal_hcd.o [1]
HEAP$$Base              0x2001'1fa8           --   Gb  - Linker created -
HEAP$$Limit             0x2001'3fa8           --   Gb  - Linker created -
HardFault_Handler        0x804'2613     0x2  Code  Gb  stm32f4xx_it.o [1]
IsrStepperHandler        0x802'9c97    0x12  Code  Gb  z_stepper.o [1]
LANG_GetLanduagesCount()
                         0x801'b875     0x4  Code  Gb  languages.o [1]
LANG_GetLanguageName(unsigned char)
                         0x801'b84f    0x10  Code  Gb  languages.o [1]
LANG_GetString(LNG_STRING_ID)
                         0x801'b845     0xa  Code  Gb  languages.o [1]
LANG_SetLanguage(unsigned char)
                         0x801'b85f     0xc  Code  Gb  languages.o [1]
LCDUI_Clear()            0x801'c5f7    0x14  Code  Gb  lcd_ui.o [1]
LCDUI_DrawChar(char, unsigned short, short, short)
                         0x801'c91f   0x15a  Code  Gb  lcd_ui.o [1]
LCDUI_DrawFastHLine(short, short, short)
                         0x801'c64d    0x42  Code  Gb  lcd_ui.o [1]
LCDUI_DrawFastVLine(short, short, short)
                         0x801'c60b    0x42  Code  Gb  lcd_ui.o [1]
LCDUI_DrawRect(short, short, short, short)
                         0x801'c68f    0x32  Code  Gb  lcd_ui.o [1]
LCDUI_DrawRoundRect(short, short, short, short, short)
                         0x801'c70d    0x94  Code  Gb  lcd_ui.o [1]
LCDUI_DrawText(char *, unsigned short, short, short, short, short, TSIZE *)
                         0x801'ca79   0x200  Code  Gb  lcd_ui.o [1]
LCDUI_FillRect(short, short, short, short)
                         0x801'c6c1    0x4c  Code  Gb  lcd_ui.o [1]
LCDUI_FillRoundRect(short, short, short, short, short)
                         0x801'c7a1    0x54  Code  Gb  lcd_ui.o [1]
LCDUI_GetCurrentBackColor()
                         0x801'c5ef     0x8  Code  Gb  lcd_ui.o [1]
LCDUI_GetCurrentColor()
                         0x801'c5e7     0x8  Code  Gb  lcd_ui.o [1]
LCDUI_GetCurrentCursorY()
                         0x801'c5db     0xc  Code  Gb  lcd_ui.o [1]
LCDUI_GetCurrentFontHeight()
                         0x801'c915     0xa  Code  Gb  lcd_ui.o [1]
LCDUI_GetTextWidth(char *)
                         0x801'c8e9    0x2c  Code  Gb  lcd_ui.o [1]
LCDUI_Init()             0x801'c301    0x28  Code  Gb  lcd_ui.o [1]
LCDUI_SetBackColor(unsigned short)
                         0x801'c5b9     0xc  Code  Gb  lcd_ui.o [1]
LCDUI_SetColor(unsigned short)
                         0x801'c5ad     0xc  Code  Gb  lcd_ui.o [1]
LCDUI_SetCursorCoord(short, short)
                         0x801'c5c5    0x16  Code  Gb  lcd_ui.o [1]
LCDUI_SetFont(LCDUI_FONT_TYPE)
                         0x801'c889    0x56  Code  Gb  lcd_ui.o [1]
LCD_BackLight            0x801'd035    0x14  Code  Gb  lcd_low.o [1]
LCD_Clear                0x801'cfe1    0x54  Code  Gb  lcd_low.o [1]
LCD_CtrlLinesConfig      0x801'cca9    0x8e  Code  Gb  lcd_low.o [1]
LCD_Initializtion        0x801'cd89   0x1e0  Code  Gb  lcd_low.o [1]
LCD_SetCursor            0x801'cf69    0x28  Code  Gb  lcd_low.o [1]
LCD_SetWindows           0x801'cf91    0x50  Code  Gb  lcd_low.o [1]
LCD_WaitDMAReady         0x801'cd77    0x12  Code  Gb  lcd_low.o [1]
LCD_WriteCmd             0x801'cd37     0x8  Code  Gb  lcd_low.o [1]
LCD_WriteRAM             0x801'cd49     0x8  Code  Gb  lcd_low.o [1]
LCD_WriteRAM_DMA         0x801'cd51    0x26  Code  Gb  lcd_low.o [1]
LCD_WriteRAM_Prepare     0x801'cd3f     0xa  Code  Gb  lcd_low.o [1]
LfnBuf                  0x2000'8d68   0x200  Data  Lc  ff.o [1]
LfnOfs                   0x801'dcc0    0x10  Data  Lc  ff.o [1]
Line_Pixel              0x2000'7464   0x600  Data  Gb  uvdisplay.o [1]
LoadInt                  0x802'04df    0x7a  Code  Lc  xprintffull.o [2]
MIPI_Off()               0x802'aee9    0x2e  Code  Gb  ssd_utils.o [1]
MIPI_On()                0x802'af17    0x34  Code  Gb  ssd_utils.o [1]
MX_FSMC_Init             0x802'128d    0x66  Code  Gb  fsmc.o [1]
MemManage_Handler        0x804'2615     0x2  Code  Gb  stm32f4xx_it.o [1]
NMI_Handler              0x804'2611     0x2  Code  Gb  stm32f4xx_it.o [1]
OTG_FS_IRQHandler        0x804'2631     0x6  Code  Gb  stm32f4xx_it.o [1]
PFILE_DrawPreview(FIL *, TG_RECT *, unsigned char)
                         0x802'81d7    0x26  Code  Gb  prtfiles.o [1]
PFILE_GetAntialiasing()
                         0x802'8505    0x1c  Code  Gb  prtfiles.o [1]
PFILE_GetDropSpeed()     0x802'8623    0x1a  Code  Gb  prtfiles.o [1]
PFILE_GetIndLayerSettings()
                         0x802'866f    0x1c  Code  Gb  prtfiles.o [1]
PFILE_GetLayerThickness()
                         0x802'84eb    0x1a  Code  Gb  prtfiles.o [1]
PFILE_GetLiftHeight()    0x802'85bf    0x1a  Code  Gb  prtfiles.o [1]
PFILE_GetLiftSpeed()     0x802'85f1    0x1a  Code  Gb  prtfiles.o [1]
PFILE_GetLightBottom()   0x802'855b    0x1a  Code  Gb  prtfiles.o [1]
PFILE_GetLightLayer()    0x802'8525    0x18  Code  Gb  prtfiles.o [1]
PFILE_GetLightPause()    0x802'858d    0x1a  Code  Gb  prtfiles.o [1]
PFILE_GetPrintTime()     0x802'81fd   0x2d2  Code  Gb  prtfiles.o [1]
PFILE_GetResinVolume()   0x802'8655    0x1a  Code  Gb  prtfiles.o [1]
PFILE_GetResolutionX()   0x802'868b    0x1c  Code  Gb  prtfiles.o [1]
PFILE_GetResolutionY()   0x802'86a7    0x1c  Code  Gb  prtfiles.o [1]
PFILE_GetTotalLayers()   0x802'84cf    0x1c  Code  Gb  prtfiles.o [1]
PFILE_Init(FIL *, FILES_TYPE)
                         0x802'8145    0x8a  Code  Gb  prtfiles.o [1]
PFILE_IsInited()         0x802'81cf     0x8  Code  Gb  prtfiles.o [1]
PFILE_SetDropSpeed(float)
                         0x802'863d    0x18  Code  Gb  prtfiles.o [1]
PFILE_SetLiftHeight(float)
                         0x802'85d9    0x18  Code  Gb  prtfiles.o [1]
PFILE_SetLiftSpeed(float)
                         0x802'860b    0x18  Code  Gb  prtfiles.o [1]
PFILE_SetLightBottom(float)
                         0x802'8575    0x18  Code  Gb  prtfiles.o [1]
PFILE_SetLightLayer(float)
                         0x802'8543    0x18  Code  Gb  prtfiles.o [1]
PFILE_SetLightPause(float)
                         0x802'85a7    0x18  Code  Gb  prtfiles.o [1]
PRINT_ClearLayerPreview()
                         0x802'8029    0x32  Code  Gb  printing.o [1]
PRINT_Complete()         0x802'7c17   0x16e  Code  Gb  printing.o [1]
PRINT_DrawLayerPreview()
                         0x802'805b    0x9a  Code  Gb  printing.o [1]
PRINT_Init()             0x802'7b65    0xb2  Code  Gb  printing.o [1]
PRINT_ReadLayerBegin()   0x802'7fab    0x3e  Code  Gb  printing.o [1]
PRINT_ReadLayerInfo()    0x802'7d85    0x54  Code  Gb  printing.o [1]
PRINT_ReadRLEDecode(unsigned char)
                         0x802'7dd9   0x1cc  Code  Gb  printing.o [1]
PRINT_ReadSublayerContinue()
                         0x802'7fe9    0x40  Code  Gb  printing.o [1]
PendSV_Handler           0x804'261f     0x2  Code  Gb  stm32f4xx_it.o [1]
Planner::_buffer_steps(int, float, float)
                         0x802'95c5    0x76  Code  Gb  z_planner.o [1]
Planner::_populate_block(block_t *, bool, int, float, float)
                         0x802'9641   0x404  Code  Gb  z_planner.o [1]
Planner::_populate_block(block_t *, bool, int32_t, float, float)::previous_safe_speed
                        0x2000'9ae8     0x4  Data  Lc  z_planner.o [1]
Planner::block_buffer   0x2000'7f70   0x400  Data  Gb  z_planner.o [1]
Planner::block_buffer_head
                        0x2000'9aa0     0x1  Data  Gb  z_planner.o [1]
Planner::block_buffer_nonbusy
                        0x2000'9aa1     0x1  Data  Gb  z_planner.o [1]
Planner::block_buffer_planned
                        0x2000'9aa2     0x1  Data  Gb  z_planner.o [1]
Planner::block_buffer_tail
                        0x2000'9aa3     0x1  Data  Gb  z_planner.o [1]
Planner::buffer_segment(float, float, float const &)
                         0x802'9aa1    0x3c  Code  Gb  z_planner.o [1]
Planner::buffer_sync_block()
                         0x802'9a45    0x5c  Code  Gb  z_planner.o [1]
Planner::calculate_trapezoid_for_block(block_t *, float const &, float const &)
                         0x802'9109   0x150  Code  Gb  z_planner.o [1]
Planner::cleaning_buffer_counter
                        0x2000'9aa6     0x2  Data  Gb  z_planner.o [1]
Planner::cutoff_long    0x2000'9adc     0x4  Data  Gb  z_planner.o [1]
Planner::delay_before_delivering
                        0x2000'9aa4     0x1  Data  Gb  z_planner.o [1]
Planner::endstop_triggered()
                         0x802'95a5     0x4  Code  Gb  z_planner.o [1]
Planner::estimate_acceleration_distance(float, float, float)
                         0x802'c4bd    0x58  Code  Gb  z_planner.o [1]
Planner::forward_pass()
                         0x802'93f5    0x44  Code  Gb  z_planner.o [1]
Planner::forward_pass_kernel(block_t const *, block_t *, unsigned char)
                         0x802'9371    0x84  Code  Gb  z_planner.o [1]
Planner::get_current_block()
                         0x802'90b7    0x50  Code  Gb  z_planner.o [1]
Planner::init()          0x802'909f    0x18  Code  Gb  z_planner.o [1]
Planner::max_acceleration_steps_per_s2
                        0x2000'9ad0     0x4  Data  Gb  z_planner.o [1]
Planner::position       0x2000'9ad8     0x4  Data  Gb  z_planner.o [1]
Planner::previous_nominal_speed_sqr
                        0x2000'9ae4     0x4  Data  Gb  z_planner.o [1]
Planner::previous_speed
                        0x2000'9ae0     0x4  Data  Gb  z_planner.o [1]
Planner::quick_stop()    0x802'9561    0x40  Code  Gb  z_planner.o [1]
Planner::recalculate()   0x802'953f    0x22  Code  Gb  z_planner.o [1]
Planner::recalculate_trapezoids()
                         0x802'943d   0x102  Code  Gb  z_planner.o [1]
Planner::refresh_positioning()
                         0x802'9b41    0x2c  Code  Gb  z_planner.o [1]
Planner::reset_acceleration_rates()
                         0x802'9b13    0x28  Code  Gb  z_planner.o [1]
Planner::reverse_pass()
                         0x802'931f    0x52  Code  Gb  z_planner.o [1]
Planner::reverse_pass_kernel(block_t *, block_t const *)
                         0x802'9259    0xc6  Code  Gb  z_planner.o [1]
Planner::set_machine_position_mm(float)
                         0x802'9ae3    0x28  Code  Gb  z_planner.o [1]
Planner::set_position_mm(float)
                         0x802'9b11     0x2  Code  Gb  z_planner.o [1]
Planner::settings       0x2000'9aa8    0x28  Data  Gb  z_planner.o [1]
Planner::steps_to_mm    0x2000'9ad4     0x4  Data  Gb  z_planner.o [1]
Planner::synchronize()   0x802'95a9    0x1c  Code  Gb  z_planner.o [1]
RTC_Bcd2ToByte           0x802'02fb    0x12  Code  Gb  stm32f4xx_hal_rtc.o [1]
RTC_ByteToBcd2           0x802'02e5    0x16  Code  Gb  stm32f4xx_hal_rtc.o [1]
RTC_Enable               0x802'68f5    0x10  Code  Gb  rtc.o [1]
RTC_Init                 0x802'6865    0x90  Code  Gb  rtc.o [1]
Region$$Table$$Base      0x804'3358           --   Gb  - Linker created -
Region$$Table$$Limit     0x804'3384           --   Gb  - Linker created -
SHT$$INIT_ARRAY$$Base    0x804'3468           --   Gb  - Linker created -
SHT$$INIT_ARRAY$$Limit   0x804'346c           --   Gb  - Linker created -
SHT$$PREINIT_ARRAY$$Base
                         0x804'3468           --   Gb  - Linker created -
SHT$$PREINIT_ARRAY$$Limit
                         0x804'3468           --   Gb  - Linker created -
SPIFL_Driver             0x804'340c    0x14  Data  Gb  spifl_diskio.o [1]
SPIFL_EraseSector        0x802'667f    0x70  Code  Gb  spi_flash.o [1]
SPIFL_Init               0x802'6513    0x5a  Code  Gb  spi_flash.o [1]
SPIFL_ReadBuff           0x802'65e5    0x9a  Code  Gb  spi_flash.o [1]
SPIFL_ReadID             0x802'656d    0x78  Code  Gb  spi_flash.o [1]
SPIFL_WriteBuff          0x802'66ef   0x162  Code  Gb  spi_flash.o [1]
SPIFL_initialize         0x804'2359    0x18  Code  Gb  spifl_diskio.o [1]
SPIFL_ioctl              0x804'23ed    0x3a  Code  Gb  spifl_diskio.o [1]
SPIFL_read               0x804'237f    0x2e  Code  Gb  spifl_diskio.o [1]
SPIFL_status             0x804'2371     0xe  Code  Gb  spifl_diskio.o [1]
SPIFL_write              0x804'23ad    0x2e  Code  Gb  spifl_diskio.o [1]
SPI_DMAError             0x802'4ac1    0x22  Code  Lc  stm32f4xx_hal_spi.o [1]
SPI_DMAHalfReceiveCplt   0x802'4ab1     0x6  Code  Lc  stm32f4xx_hal_spi.o [1]
SPI_DMAHalfTransmitCplt
                         0x802'4aa9     0x6  Code  Lc  stm32f4xx_hal_spi.o [1]
SPI_DMAHalfTransmitReceiveCplt
                         0x802'4ab9     0x6  Code  Lc  stm32f4xx_hal_spi.o [1]
SPI_DMAReceiveCplt       0x802'49d5    0x68  Code  Lc  stm32f4xx_hal_spi.o [1]
SPI_DMATransmitCplt      0x802'4961    0x72  Code  Lc  stm32f4xx_hal_spi.o [1]
SPI_DMATransmitReceiveCplt
                         0x802'4a45    0x5a  Code  Lc  stm32f4xx_hal_spi.o [1]
SPI_EndRxTransaction     0x802'4ae5    0xf2  Code  Lc  stm32f4xx_hal_spi.o [1]
SPI_EndRxTxTransaction   0x802'4bd7    0xbe  Code  Lc  stm32f4xx_hal_spi.o [1]
SSD_Init()               0x802'ad61    0x94  Code  Gb  ssd_utils.o [1]
SSD_SleepIn()            0x802'adf5    0x82  Code  Gb  ssd_utils.o [1]
SSD_SleepOut()           0x802'ae77    0x68  Code  Gb  ssd_utils.o [1]
SVC_Handler              0x804'261b     0x2  Code  Gb  stm32f4xx_it.o [1]
SYSTIMER_GetCountDown    0x801'bfe3    0x18  Code  Gb  sys_timer.o [1]
SYSTIMER_Init            0x801'bf75    0x3c  Code  Gb  sys_timer.o [1]
SYSTIMER_NewCountDown    0x801'bfb1    0x32  Code  Gb  sys_timer.o [1]
SYSTIMER_SetCountDown    0x801'bffb    0x16  Code  Gb  sys_timer.o [1]
SpiflFS                 0x2000'5588  0x1038  Data  Gb  fatfs.o [1]
SpiflPath               0x2000'9cac     0x8  Data  Gb  fatfs.o [1]
Stepper::abort_current_block
                        0x2000'02ca     0x1  Data  Gb  z_stepper.o [1]
Stepper::acc_step_rate  0x2000'02fc     0x4  Data  Gb  z_stepper.o [1]
Stepper::accelerate_until
                        0x2000'02ec     0x4  Data  Gb  z_stepper.o [1]
Stepper::acceleration_time
                        0x2000'02d4     0x4  Data  Gb  z_stepper.o [1]
Stepper::advance_dividend
                        0x2000'02e0     0x4  Data  Gb  z_stepper.o [1]
Stepper::advance_divisor
                        0x2000'02e4     0x4  Data  Gb  z_stepper.o [1]
Stepper::axis_did_move  0x2000'02c9     0x1  Data  Gb  z_stepper.o [1]
Stepper::block_phase_isr()
                         0x802'9e7f   0x1c0  Code  Gb  z_stepper.o [1]
Stepper::count_direction
                        0x2000'02cc     0x1  Data  Gb  z_stepper.o [1]
Stepper::count_position
                        0x2000'0304     0x4  Data  Gb  z_stepper.o [1]
Stepper::current_block  0x2000'02d0     0x4  Data  Gb  z_stepper.o [1]
Stepper::decelerate_after
                        0x2000'02f0     0x4  Data  Gb  z_stepper.o [1]
Stepper::deceleration_time
                        0x2000'02d8     0x4  Data  Gb  z_stepper.o [1]
Stepper::delta_error    0x2000'02dc     0x4  Data  Gb  z_stepper.o [1]
Stepper::discard_current_block()
                         0x802'c581    0x2c  Code  Gb  z_stepper.o [1]
Stepper::endstop_triggered()
                         0x802'a0ad    0x28  Code  Gb  z_stepper.o [1]
Stepper::endstops_trigsteps
                        0x2000'0300     0x4  Data  Gb  z_stepper.o [1]
Stepper::init()          0x802'a051    0x30  Code  Gb  z_stepper.o [1]
Stepper::is_block_busy(block_t const *)
                         0x802'a03f    0x10  Code  Gb  z_stepper.o [1]
Stepper::isr()           0x802'9ca9    0xa0  Code  Gb  z_stepper.o [1]
Stepper::isr()::nextMainISR
                        0x2000'9d44     0x4  Data  Lc  z_stepper.o [1]
Stepper::last_direction_bits
                        0x2000'02c8     0x1  Data  Gb  z_stepper.o [1]
Stepper::pulse_phase_isr()
                         0x802'9d49   0x136  Code  Gb  z_stepper.o [1]
Stepper::set_directions()
[...]
dir_read                 0x801'd813   0x130  Code  Lc  ff.o [1]
dir_register             0x801'dab5   0x20a  Code  Lc  ff.o [1]
dir_remove               0x801'dcd1    0x4a  Code  Lc  ff.o [1]
dir_sdi                  0x801'd5cd    0x88  Code  Lc  ff.o [1]
disk                    0x2000'9cc8    0x10  Data  Gb  ff_gen_drv.o [1]
disk_initialize          0x802'17af    0x24  Code  Gb  diskio.o [1]
disk_ioctl               0x802'17ff    0x16  Code  Gb  diskio.o [1]
disk_read                0x802'17d3    0x16  Code  Gb  diskio.o [1]
disk_status              0x802'179d    0x12  Code  Gb  diskio.o [1]
disk_write               0x802'17e9    0x16  Code  Gb  diskio.o [1]
disp_locked             0x2000'9d54     0x1  Data  Gb  tgui_printscreenfuncs.o [1]
dmul                     0x802'bf3d    0xc6  Code  Lc  strto64.o [4]
dot_entered             0x2000'9d27     0x1  Data  Gb  tgui_numenterscreenfuncs.o [1]
edit_value              0x2000'9d28     0x4  Data  Gb  tgui_numenterscreenfuncs.o [1]
enter_begin             0x2000'9d26     0x1  Data  Gb  tgui_numenterscreenfuncs.o [1]
exit                     0x804'33df     0x4  Code  Gb  exit.o [2]
fMoveStep               0x2000'02a4     0x4  Data  Gb  tgui_movezscreenfuncs.o [1]
f_close                  0x801'eae7    0x1e  Code  Gb  ff.o [1]
f_closedir               0x801'ecaf    0x2e  Code  Gb  ff.o [1]
f_getfree                0x801'ed5f    0xe4  Code  Gb  ff.o [1]
f_lseek                  0x801'eb05   0x14a  Code  Gb  ff.o [1]
f_mkdir                  0x801'eed3   0x12e  Code  Gb  ff.o [1]
f_mkfs                   0x801'f297   0x5e8  Code  Gb  ff.o [1]
f_mkfs::cst              0x801'f8d8    0x10  Data  Lc  ff.o [1]
f_mkfs::cst32            0x801'f8e8    0x10  Data  Lc  ff.o [1]
f_mkfs::defopt           0x801'f8f8    0x10  Data  Lc  ff.o [1]
f_mount                  0x801'e4c7    0x46  Code  Gb  ff.o [1]
f_open                   0x801'e51d   0x1d6  Code  Gb  ff.o [1]
f_opendir                0x801'ec4f    0x60  Code  Gb  ff.o [1]
f_read                   0x801'e6f3   0x192  Code  Gb  ff.o [1]
f_readdir                0x801'ecdd    0x40  Code  Gb  ff.o [1]
f_rename                 0x801'f001   0x146  Code  Gb  ff.o [1]
f_stat                   0x801'ed23    0x3c  Code  Gb  ff.o [1]
f_sync                   0x801'ea5b    0x8c  Code  Gb  ff.o [1]
f_unlink                 0x801'ee43    0x90  Code  Gb  ff.o [1]
f_write                  0x801'e885   0x1d6  Code  Gb  ff.o [1]
fbuff                   0x1000'1cc0  0x4000  Data  Gb  main.o [1]
ff_oem2uni               0x802'1877    0x2a  Code  Gb  ffunicode.o [1]
ff_uni2oem               0x802'1819    0x5e  Code  Gb  ffunicode.o [1]
ff_wtoupper              0x802'18a1    0x80  Code  Gb  ffunicode.o [1]
ff_wtoupper::cvt1        0x804'0f40   0x1f4  Data  Lc  ffunicode.o [1]
ff_wtoupper::cvt2        0x804'1134    0xbc  Data  Lc  ffunicode.o [1]
filedate                0x2000'7a66     0x2  Data  Gb  tgui_fileviewscreenfuncs.o [1]
files                   0x2000'65c0   0x830  Data  Gb  tgui_filesscreenfuncs.o [1]
filesize                0x2000'7a6c     0x4  Data  Gb  tgui_fileviewscreenfuncs.o [1]
filetime                0x2000'7a68     0x2  Data  Gb  tgui_fileviewscreenfuncs.o [1]
finfo                   0x2000'34ec   0x224  Data  Gb  main.o [1]
floorf                   0x802'c525          Code  Gb  floorf.o [4]
fnt12_data               0x803'ddbc   0x6b4  Data  Gb  fnt12.o [1]
fnt12_width              0x804'1788   0x140  Data  Gb  fnt12.o [1]
fnt12bold_data           0x803'd634   0x788  Data  Gb  fnt12bold.o [1]
fnt12bold_width          0x804'18c8   0x140  Data  Gb  fnt12bold.o [1]
fnt170num_lcd_data       0x801'0188  0x66f0  Data  Gb  fnt170num_lcd.o [1]
fnt170num_lcd_width      0x804'2e88    0x38  Data  Gb  fnt170num_lcd.o [1]
fnt18_data               0x803'7e6c   0xea4  Data  Gb  fnt18.o [1]
fnt18_width              0x804'1a08   0x140  Data  Gb  fnt18.o [1]
fnt18bold_data           0x803'6da4  0x10c8  Data  Gb  fnt18bold.o [1]
fnt18bold_width          0x804'1b48   0x140  Data  Gb  fnt18bold.o [1]
fnt24_data               0x803'3e7c  0x1a1c  Data  Gb  fnt24.o [1]
fnt24_width              0x804'1c88   0x140  Data  Gb  fnt24.o [1]
fnt24bold_data           0x803'1de8  0x2094  Data  Gb  fnt24bold.o [1]
fnt24bold_width          0x804'1dc8   0x140  Data  Gb  fnt24bold.o [1]
fnt36_data               0x802'e254  0x3b94  Data  Gb  fnt36.o [1]
fnt36_width              0x804'1f08   0x140  Data  Gb  fnt36.o [1]
fnt36num_data            0x803'e470   0x684  Data  Gb  fnt36num.o [1]
fnt36num_width           0x804'2ec0    0x38  Data  Gb  fnt36num.o [1]
follow_path              0x801'e0cf    0x7e  Code  Lc  ff.o [1]
font_fnt12              0x2000'0000     0xc  Data  Gb  fnt12.o [1]
font_fnt12bold          0x2000'000c     0xc  Data  Gb  fnt12bold.o [1]
font_fnt170num_lcd      0x2000'0018     0xc  Data  Gb  fnt170num_lcd.o [1]
font_fnt18              0x2000'0024     0xc  Data  Gb  fnt18.o [1]
font_fnt18bold          0x2000'0030     0xc  Data  Gb  fnt18bold.o [1]
font_fnt24              0x2000'003c     0xc  Data  Gb  fnt24.o [1]
font_fnt24bold          0x2000'0048     0xc  Data  Gb  fnt24bold.o [1]
font_fnt36              0x2000'0054     0xc  Data  Gb  fnt36.o [1]
font_fnt36num           0x2000'0060     0xc  Data  Gb  fnt36num.o [1]
fphoton_header          0x2000'975c    0x70  Data  Gb  files_photon.o [1]
fphoton_info            0x2000'9bac    0x3c  Data  Gb  files_photon.o [1]
fphoton_preview_big     0x2000'9aec    0x20  Data  Gb  files_photon.o [1]
fphoton_preview_small   0x2000'9b0c    0x20  Data  Gb  files_photon.o [1]
fpws_header             0x2000'9830    0x30  Data  Gb  files_pws.o [1]
fpws_info               0x2000'99fc    0x54  Data  Gb  files_pws.o [1]
fpws_layersdata         0x2000'987c    0x14  Data  Gb  files_pws.o [1]
fpws_preview            0x2000'9860    0x1c  Data  Gb  files_pws.o [1]
free                     0x803'fcc3     0x4  Code  Gb  heaptramp0.o [2]
fres                    0x2000'3718     0x1  Data  Gb  main.o [1]
fv_dirname              0x2000'93dc   0x100  Data  Gb  tgui_fileviewscreenfuncs.o [1]
fv_filename             0x2000'7a70   0x100  Data  Gb  tgui_fileviewscreenfuncs.o [1]
fv_filetype             0x2000'7a64     0x1  Data  Gb  tgui_fileviewscreenfuncs.o [1]
fv_tfilename            0x2000'7b70   0x400  Data  Gb  tgui_fileviewscreenfuncs.o [1]
gen_numname              0x801'd759    0x9e  Code  Lc  ff.o [1]
get_fat                  0x801'd1ff    0xee  Code  Lc  ff.o [1]
get_fattime              0x802'1945    0x4c  Code  Gb  fatfs.o [1]
get_fileinfo             0x801'dd1b   0x16a  Code  Lc  ff.o [1]
get_ldnumber             0x801'e14d    0x46  Code  Lc  ff.o [1]
hFlashSpi               0x2000'96dc    0x80  Data  Gb  fst_spi.o [1]
hFlashSpiDmaRx          0x2000'959c    0x60  Data  Gb  fst_spi.o [1]
hFlashSpiDmaTx          0x2000'95fc    0x60  Data  Gb  fst_spi.o [1]
hI2C                    0x2000'9954    0x54  Data  Gb  eeprom.o [1]
hLcdDma                 0x2000'98f0    0x60  Data  Gb  lcd_low.o [1]
hRTC                    0x2000'9c48    0x20  Data  Gb  rtc.o [1]
hStepperTim             0x2000'9b2c    0x40  Data  Gb  tim.o [1]
hTouchSpi               0x2000'965c    0x80  Data  Gb  fst_spi.o [1]
hTouchSpiDmaRx          0x2000'94dc    0x60  Data  Gb  fst_spi.o [1]
hTouchSpiDmaTx          0x2000'953c    0x60  Data  Gb  fst_spi.o [1]
hUsbHost                0x2000'8370   0x3d8  Data  Gb  usb_host.o [1]
hZRefTim                0x2000'9b6c    0x40  Data  Gb  tim.o [1]
hhcd_USB_OTG_FS         0x2000'8a98   0x2c4  Data  Gb  usbh_conf.o [1]
hsram1                  0x2000'9a50    0x50  Data  Gb  fsmc.o [1]
i2c_timer               0x2000'9950     0x1  Data  Gb  eeprom.o [1]
idle()                   0x802'6915     0xa  Code  Gb  motor.o [1]
idle()::idlecount       0x2000'9d3c     0x4  Data  Lc  motor.o [1]
init_mparams             0x803'58b3    0x32  Code  Lc  dlmalloc.o [2]
init_top                 0x803'58e5    0x36  Code  Lc  dlmalloc.o [2]
inited                  0x2000'9d0d     0x1  Data  Gb  prtfiles.o [1]
isalpha                  0x802'dc01    0x14  Code  Gb  isalpha.o [2]
isspace                  0x802'c459    0x14  Code  Gb  isspace.o [2]
l_info                  0x2000'9bf0    0x20  Data  Gb  printing.o [1]
lastfilenum             0x2000'038c     0x1  Data  Gb  tgui_filesscreenfuncs.o [1]
lcdui_bgcolor           0x2000'008a     0x2  Data  Gb  lcd_ui.o [1]
lcdui_color             0x2000'008c     0x2  Data  Gb  lcd_ui.o [1]
lcdui_current_font      0x2000'0090     0x4  Data  Gb  lcd_ui.o [1]
lcdui_current_font_type
                        0x2000'0080     0x1  Data  Gb  lcd_ui.o [1]
lcdui_cursor_x          0x2000'0086     0x2  Data  Gb  lcd_ui.o [1]
lcdui_cursor_y          0x2000'0088     0x2  Data  Gb  lcd_ui.o [1]
lcdui_height            0x2000'0084     0x2  Data  Gb  lcd_ui.o [1]
lcdui_width             0x2000'0082     0x2  Data  Gb  lcd_ui.o [1]
ld_clust                 0x801'd723    0x1e  Code  Lc  ff.o [1]
ld_dword                 0x801'd06d    0x16  Code  Lc  ff.o [1]
ldata_length            0x2000'9c18     0x4  Data  Gb  printing.o [1]
ldata_offset_begin      0x2000'9c10     0x4  Data  Gb  printing.o [1]
ldata_offset_current    0x2000'9c14     0x4  Data  Gb  printing.o [1]
ldexp                    0x802'2585          Code  Gb  ldexp.o [4]
ldexpl                   0x802'2585          Code  Gb  ldexp.o [4]
lmos                     0x801'c290    0x18  Data  Lc  datetime.o [1]
lngCurrent              0x2000'007c     0x4  Data  Gb  languages.o [1]
lngLanguages            0x2000'006c    0x10  Data  Gb  languages.o [1]
localeconv               0x802'1fdf     0x4  Code  Gb  xlocale_c.o [2]
lroundf                  0x802'c555          Code  Gb  lroundf.o [4]
main                     0x802'2ae5  0x171e  Code  Gb  main.o [1]
mem_cmp                  0x801'd093    0x18  Code  Lc  ff.o [1]
memchr                   0x802'207d          Code  Gb  memchr.o [5]
mos                      0x801'c2a8    0x18  Data  Lc  datetime.o [1]
mount_volume             0x801'e1fd   0x282  Code  Lc  ff.o [1]
move_window              0x801'd12b    0x34  Code  Lc  ff.o [1]
mparams                 0x2000'9c88    0x18  Data  Lc  dlmalloc.o [2]
msg                     0x2000'431c   0x200  Data  Gb  main.o [1]
ndigs                    0x804'2b10    0x28  Data  Lc  iar_Stoulx.o [2]
ndigs                    0x804'2b60    0x28  Data  Lc  iar_Stoullx.o [2]
nomorefiles             0x2000'038e     0x1  Data  Gb  tgui_filesscreenfuncs.o [1]
numstr                  0x2000'9c68    0x20  Data  Gb  tgui_numenterscreenfuncs.o [1]
numstr_len              0x2000'9d25     0x1  Data  Gb  tgui_numenterscreenfuncs.o [1]
oldUsbMounted           0x2000'038a     0x1  Data  Gb  tgui_filesscreenfuncs.o [1]
old_datetime            0x2000'9d00     0x8  Data  Gb  tgui_screensaverfuncs.o [1]
old_layer               0x2000'9cfc     0x4  Data  Gb  tgui_printscreenfuncs.o [1]
old_pause               0x2000'9cf4     0x1  Data  Gb  tgui_printscreenfuncs.o [1]
old_prtlayer            0x2000'9d08     0x4  Data  Gb  tgui_screensaverfuncs.o [1]
old_time                0x2000'9cf8     0x4  Data  Gb  tgui_printscreenfuncs.o [1]
pfile_type              0x2000'9d0c     0x1  Data  Gb  prtfiles.o [1]
pows                     0x804'2c90    0x48  Data  Lc  strto64.o [4]
prepend_alloc            0x803'591b   0x346  Code  Lc  dlmalloc.o [2]
prev_position           0x2000'9be8     0x8  Data  Gb  printing.o [1]
prevcolors               0x802'8140     0x4  Data  Lc  printing.o [1]
previmage               0x1000'0000  0x1cc0  Data  Gb  printing.o [1]
prnparams               0x2000'9c28    0x20  Data  Gb  tgui_prnparamsscreenfuncs.o [1]
prt_file                0x2000'9d10     0x4  Data  Gb  prtfiles.o [1]
put_fat                  0x801'd2ed   0x13c  Code  Lc  ff.o [1]
put_utf                  0x801'd0ab    0x3c  Code  Lc  ff.o [1]
ranmatch                 0x803'9079    0x44  Code  Lc  xscanffull.o [2]
reTransmission_all_cnt  0x2000'9d30     0x4  Data  Gb  cpld_utils.o [1]
reTransmission_data_cnt
                        0x2000'9d2c     0x4  Data  Gb  cpld_utils.o [1]
remove_chain             0x801'd429    0x70  Code  Lc  ff.o [1]
resX                    0x2000'9c1c     0x4  Data  Gb  printing.o [1]
resY                    0x2000'9c20     0x4  Data  Gb  printing.o [1]
retSPIFL                0x2000'9ca1     0x1  Data  Gb  fatfs.o [1]
retUSBH                 0x2000'9ca0     0x1  Data  Gb  fatfs.o [1]
s_tfname                0x2000'3b1c   0x400  Data  Gb  main.o [1]
scalbln                  0x802'2585          Code  Gb  ldexp.o [4]
scalblnl                 0x802'2585          Code  Gb  ldexp.o [4]
scalbn                   0x802'2585          Code  Gb  ldexp.o [4]
scalbnl                  0x802'2585          Code  Gb  ldexp.o [4]
scale                    0x802'0af3    0x46  Code  Lc  xprintffull.o [2]
scrTimeTimer            0x2000'0388     0x1  Data  Gb  tgui_defaultfuncs.o [1]
sec_hand                0x2000'9d48     0x4  Data  Lc  xfail_s.o [2]
segment_holding          0x803'5899    0x1a  Code  Lc  dlmalloc.o [2]
sfile                   0x2000'9d58  0x1028  Data  Gb  main.o [1]
sprintf                  0x801'c2c1    0x40  Code  Gb  sprintf.o [2]
sqrtf                    0x802'bf1d          Code  Gb  sqrtf.o [4]
srvMode                 0x2000'3717     0x1  Data  Gb  main.o [1]
sscanf                   0x803'f551    0x28  Code  Gb  sscanf.o [2]
st_clust                 0x801'd741    0x18  Code  Lc  ff.o [1]
st_dword                 0x801'd083    0x10  Code  Lc  ff.o [1]
strcat                   0x802'af71    0x1e  Code  Gb  strcat.o [2]
strchr                   0x802'1fed          Code  Gb  strchr.o [5]
strcmp                   0x802'72a5          Code  Gb  strcmp.o [5]
strcpy                   0x802'af59          Code  Gb  strcpy.o [5]
strcpy_utf(char *, char *)
                         0x801'faa3    0x22  Code  Gb  unicode_utils.o [1]
strlen                   0x802'2045          Code  Gb  strlen.o [5]
strncpy                  0x801'fe45          Code  Gb  strncpy.o [5]
strtoll                  0x803'9c3d     0x2  Code  Gb  iar_Stollx.o [2]
strtoul                  0x802'9091     0x2  Code  Gb  iar_Stoulx.o [2]
strtoull                 0x803'9df1     0x2  Code  Gb  iar_Stoullx.o [2]
strtrim(char *)          0x801'fb4b    0x50  Code  Gb  unicode_utils.o [1]
strupper_utf(char *)     0x801'fb9b    0x4a  Code  Gb  unicode_utils.o [1]
subdir                  0x2000'038d     0x1  Data  Gb  tgui_filesscreenfuncs.o [1]
sum_sfn                  0x801'd7f7    0x1c  Code  Lc  ff.o [1]
sync_fs                  0x801'd15f    0x86  Code  Lc  ff.o [1]
sync_window              0x801'd0e7    0x44  Code  Lc  ff.o [1]
sys_alloc                0x803'5e59   0x164  Code  Lc  dlmalloc.o [2]
sys_trim                 0x803'5fbd    0x64  Code  Lc  dlmalloc.o [2]
systemInfo              0x2000'6e28    0x3c  Data  Gb  config.o [1]
tfname                  0x1000'6ce8   0x400  Data  Gb  tgui.o [1]
tguiActiveScreen        0x2000'982c     0x4  Data  Gb  tgui.o [1]
tguiDBuff               0x2000'bda8  0x1000  Data  Gb  tgui.o [1]
tguiDefaultConfig       0x2000'346c    0x28  Data  Gb  tgui.o [1]
tguiFBuff               0x2000'cda8   0x200  Data  Gb  tgui.o [1]
tguiFile                0x2000'ad80  0x1028  Data  Gb  tgui.o [1]
tguiMsgBox              0x2000'8748   0x350  Data  Gb  tgui.o [1]
tguiScrClockSetButtons  0x2000'096c   0x5d8  Data  Gb  tgui.o [1]
tguiScrFilesButtons     0x2000'1784   0x370  Data  Gb  tgui.o [1]
tguiScrFilesListButtons
                        0x2000'2c24   0x4d0  Data  Gb  tgui.o [1]
tguiScrFileviewButtons  0x2000'1e64   0x210  Data  Gb  tgui.o [1]
tguiScrInfoButtons      0x2000'2b74    0xb0  Data  Gb  tgui.o [1]
tguiScrLanguageButtons  0x2000'30f4   0x108  Data  Gb  tgui.o [1]
tguiScrMainButtons      0x2000'2a14   0x160  Data  Gb  tgui.o [1]
tguiScrMovezButtons     0x2000'13bc   0x3c8  Data  Gb  tgui.o [1]
tguiScrNumenterButtons  0x2000'0394   0x5d8  Data  Gb  tgui.o [1]
tguiScrPrintButtons     0x2000'2074   0x210  Data  Gb  tgui.o [1]
tguiScrPrnparamsButtons
                        0x2000'0f44   0x478  Data  Gb  tgui.o [1]
tguiScrServiceButtons   0x2000'285c   0x1b8  Data  Gb  tgui.o [1]
tguiScrSettingsButtons  0x2000'1af4   0x370  Data  Gb  tgui.o [1]
tguiScrUVTestButtons    0x2000'2284   0x5d8  Data  Gb  tgui.o [1]
tguiScreenClockSet      0x2000'33ac    0x30  Data  Gb  tgui.o [1]
tguiScreenFiles         0x2000'97cc    0x30  Data  Gb  tgui.o [1]
tguiScreenFilesList     0x2000'97fc    0x30  Data  Gb  tgui.o [1]
tguiScreenFileview      0x2000'334c    0x30  Data  Gb  tgui.o [1]
tguiScreenInfo          0x2000'328c    0x30  Data  Gb  tgui.o [1]
tguiScreenLanguage      0x2000'325c    0x30  Data  Gb  tgui.o [1]
tguiScreenMain          0x2000'31fc    0x30  Data  Gb  tgui.o [1]
tguiScreenMovez         0x2000'32bc    0x30  Data  Gb  tgui.o [1]
tguiScreenNumenter      0x2000'331c    0x30  Data  Gb  tgui.o [1]
tguiScreenPrint         0x2000'337c    0x30  Data  Gb  tgui.o [1]
tguiScreenPrnparams     0x2000'340c    0x30  Data  Gb  tgui.o [1]
tguiScreenSaver         0x2000'343c    0x30  Data  Gb  tgui.o [1]
tguiScreenSaverButtons  0x2000'3494    0x58  Data  Gb  tgui.o [1]
tguiScreenService       0x2000'322c    0x30  Data  Gb  tgui.o [1]
tguiScreenSettings      0x2000'32ec    0x30  Data  Gb  tgui.o [1]
tguiScreenTimer         0x2000'3715     0x1  Data  Gb  main.o [1]
tguiScreenUVTest        0x2000'33dc    0x30  Data  Gb  tgui.o [1]
tguiTimer               0x2000'3712     0x1  Data  Gb  main.o [1]
timerWorkTimeTimer      0x2000'3716     0x1  Data  Gb  main.o [1]
tmalloc_large            0x803'602d   0x386  Code  Lc  dlmalloc.o [2]
tmalloc_small            0x803'63b3   0x200  Code  Lc  dlmalloc.o [2]
tolower                  0x802'c46d    0x14  Code  Gb  tolower.o [2]
touch_buff              0x2000'9890    0x60  Data  Gb  fst_spi.o [1]
touch_info              0x2000'9cb4    0x10  Data  Gb  touch.o [1]
touch_point             0x2000'9cc4     0x4  Data  Gb  touch.o [1]
tstrcat(unsigned short *, unsigned short *)
                         0x801'fae5    0x2e  Code  Gb  unicode_utils.o [1]
tstrcat_utf(unsigned short *, char *)
                         0x801'fb13    0x38  Code  Gb  unicode_utils.o [1]
tstrcpy(unsigned short *, unsigned short *)
                         0x801'fac5    0x20  Code  Gb  unicode_utils.o [1]
typeval                 0x2000'9d24     0x1  Data  Gb  tgui_numenterscreenfuncs.o [1]
u_tfname                0x2000'371c   0x400  Data  Gb  main.o [1]
uc866                    0x804'2164   0x100  Data  Lc  ffunicode.o [1]
ufile                   0x1000'5cc0  0x1028  Data  Gb  main.o [1]
uv_image                0x2000'9d55     0x1  Data  Gb  tgui_uvtestscreenfuncs.o [1]
uvdisp_on               0x2000'9d53     0x1  Data  Gb  tgui_uvtestscreenfuncs.o [1]
uvfan_timer             0x2000'9ce4     0x4  Data  Gb  sys_timer.o [1]
uvled_timer             0x2000'9cdc     0x4  Data  Gb  sys_timer.o [1]
uvlight_on              0x2000'9d52     0x1  Data  Gb  tgui_uvtestscreenfuncs.o [1]
uvpause_timer           0x2000'9ce0     0x4  Data  Gb  sys_timer.o [1]
uwTick                  0x2000'0098     0x4  Data  Gb  stm32f4xx_hal.o [1]
uwTickFreq              0x2000'0094     0x1  Data  Gb  stm32f4xx_hal.o [1]
uwTickPrio              0x2000'009c     0x4  Data  Gb  stm32f4xx_hal.o [1]
validate                 0x801'e491    0x36  Code  Lc  ff.o [1]
wctob                    0x803'9b69    0x32  Code  Gb  wctob.o [2]
zDisTimer               0x2000'3714     0x1  Data  Gb  main.o [1]
zHoldTimer              0x2000'3713     0x1  Data  Gb  main.o [1]
zPlanner                0x2000'9d57     0x1  Data  Gb  z_planner.o [1]


[1] = D:\Electronics\Projects\MKS_DLP_new\SRC\firmware\MKSDLP_Alter_debug\Obj
[2] = dl7M_tlf.a
[3] = dlpp7M_tl_fc.a
[4] = m7M_tls.a
[5] = rt7M_tl.a
[6] = shb_l.a

  124 171 bytes of readonly  code memory
   86 119 bytes of readonly  data memory
  110 734 bytes of readwrite data memory

Errors: none
Warnings: none
