###############################################################################
#
# IAR ELF Linker V8.32.1.169/W32 for ARM                  27/Jul/2020  13:48:43
# Copyright 2007-2018 IAR Systems AB.
#
#    Output file  =  
#        D:\Electronics\Projects\MKS_DLP_new\SRC\firmware\MKS_DLP_new_debug\Exe\MKS_DLP_new.out
#    Map file     =  
#        D:\Electronics\Projects\MKS_DLP_new\SRC\firmware\MKS_DLP_new_debug\List\MKS_DLP_new.map
#    Command line =  
#        -f C:\Temp\EWCFE6.tmp
#        (D:\Electronics\Projects\MKS_DLP_new\SRC\firmware\MKS_DLP_new_debug\Obj\diskio.o
#        D:\Electronics\Projects\MKS_DLP_new\SRC\firmware\MKS_DLP_new_debug\Obj\fatfs.o
#        D:\Electronics\Projects\MKS_DLP_new\SRC\firmware\MKS_DLP_new_debug\Obj\ff.o
#        D:\Electronics\Projects\MKS_DLP_new\SRC\firmware\MKS_DLP_new_debug\Obj\ff_gen_drv.o
#        D:\Electronics\Projects\MKS_DLP_new\SRC\firmware\MKS_DLP_new_debug\Obj\ffsystem.o
#        D:\Electronics\Projects\MKS_DLP_new\SRC\firmware\MKS_DLP_new_debug\Obj\ffunicode.o
#        D:\Electronics\Projects\MKS_DLP_new\SRC\firmware\MKS_DLP_new_debug\Obj\fnt12.o
#        D:\Electronics\Projects\MKS_DLP_new\SRC\firmware\MKS_DLP_new_debug\Obj\fnt18.o
#        D:\Electronics\Projects\MKS_DLP_new\SRC\firmware\MKS_DLP_new_debug\Obj\fnt18bold.o
#        D:\Electronics\Projects\MKS_DLP_new\SRC\firmware\MKS_DLP_new_debug\Obj\fnt24.o
#        D:\Electronics\Projects\MKS_DLP_new\SRC\firmware\MKS_DLP_new_debug\Obj\fnt24bold.o
#        D:\Electronics\Projects\MKS_DLP_new\SRC\firmware\MKS_DLP_new_debug\Obj\fsmc.o
#        D:\Electronics\Projects\MKS_DLP_new\SRC\firmware\MKS_DLP_new_debug\Obj\fst_spi.o
#        D:\Electronics\Projects\MKS_DLP_new\SRC\firmware\MKS_DLP_new_debug\Obj\gpio.o
#        D:\Electronics\Projects\MKS_DLP_new\SRC\firmware\MKS_DLP_new_debug\Obj\lcd_low.o
#        D:\Electronics\Projects\MKS_DLP_new\SRC\firmware\MKS_DLP_new_debug\Obj\lcd_ui.o
#        D:\Electronics\Projects\MKS_DLP_new\SRC\firmware\MKS_DLP_new_debug\Obj\main.o
#        D:\Electronics\Projects\MKS_DLP_new\SRC\firmware\MKS_DLP_new_debug\Obj\rtc.o
#        D:\Electronics\Projects\MKS_DLP_new\SRC\firmware\MKS_DLP_new_debug\Obj\spi_flash.o
#        D:\Electronics\Projects\MKS_DLP_new\SRC\firmware\MKS_DLP_new_debug\Obj\spifl_diskio.o
#        D:\Electronics\Projects\MKS_DLP_new\SRC\firmware\MKS_DLP_new_debug\Obj\startup_stm32f407xx.o
#        D:\Electronics\Projects\MKS_DLP_new\SRC\firmware\MKS_DLP_new_debug\Obj\stm32f4xx_hal.o
#        D:\Electronics\Projects\MKS_DLP_new\SRC\firmware\MKS_DLP_new_debug\Obj\stm32f4xx_hal_cortex.o
#        D:\Electronics\Projects\MKS_DLP_new\SRC\firmware\MKS_DLP_new_debug\Obj\stm32f4xx_hal_dma.o
#        D:\Electronics\Projects\MKS_DLP_new\SRC\firmware\MKS_DLP_new_debug\Obj\stm32f4xx_hal_dma_ex.o
#        D:\Electronics\Projects\MKS_DLP_new\SRC\firmware\MKS_DLP_new_debug\Obj\stm32f4xx_hal_exti.o
#        D:\Electronics\Projects\MKS_DLP_new\SRC\firmware\MKS_DLP_new_debug\Obj\stm32f4xx_hal_flash.o
#        D:\Electronics\Projects\MKS_DLP_new\SRC\firmware\MKS_DLP_new_debug\Obj\stm32f4xx_hal_flash_ex.o
#        D:\Electronics\Projects\MKS_DLP_new\SRC\firmware\MKS_DLP_new_debug\Obj\stm32f4xx_hal_flash_ramfunc.o
#        D:\Electronics\Projects\MKS_DLP_new\SRC\firmware\MKS_DLP_new_debug\Obj\stm32f4xx_hal_gpio.o
#        D:\Electronics\Projects\MKS_DLP_new\SRC\firmware\MKS_DLP_new_debug\Obj\stm32f4xx_hal_hcd.o
#        D:\Electronics\Projects\MKS_DLP_new\SRC\firmware\MKS_DLP_new_debug\Obj\stm32f4xx_hal_msp.o
#        D:\Electronics\Projects\MKS_DLP_new\SRC\firmware\MKS_DLP_new_debug\Obj\stm32f4xx_hal_pwr.o
#        D:\Electronics\Projects\MKS_DLP_new\SRC\firmware\MKS_DLP_new_debug\Obj\stm32f4xx_hal_pwr_ex.o
#        D:\Electronics\Projects\MKS_DLP_new\SRC\firmware\MKS_DLP_new_debug\Obj\stm32f4xx_hal_rcc.o
#        D:\Electronics\Projects\MKS_DLP_new\SRC\firmware\MKS_DLP_new_debug\Obj\stm32f4xx_hal_rcc_ex.o
#        D:\Electronics\Projects\MKS_DLP_new\SRC\firmware\MKS_DLP_new_debug\Obj\stm32f4xx_hal_rtc.o
#        D:\Electronics\Projects\MKS_DLP_new\SRC\firmware\MKS_DLP_new_debug\Obj\stm32f4xx_hal_rtc_ex.o
#        D:\Electronics\Projects\MKS_DLP_new\SRC\firmware\MKS_DLP_new_debug\Obj\stm32f4xx_hal_spi.o
#        D:\Electronics\Projects\MKS_DLP_new\SRC\firmware\MKS_DLP_new_debug\Obj\stm32f4xx_hal_sram.o
#        D:\Electronics\Projects\MKS_DLP_new\SRC\firmware\MKS_DLP_new_debug\Obj\stm32f4xx_hal_tim.o
#        D:\Electronics\Projects\MKS_DLP_new\SRC\firmware\MKS_DLP_new_debug\Obj\stm32f4xx_hal_tim_ex.o
#        D:\Electronics\Projects\MKS_DLP_new\SRC\firmware\MKS_DLP_new_debug\Obj\stm32f4xx_it.o
#        D:\Electronics\Projects\MKS_DLP_new\SRC\firmware\MKS_DLP_new_debug\Obj\stm32f4xx_ll_fsmc.o
#        D:\Electronics\Projects\MKS_DLP_new\SRC\firmware\MKS_DLP_new_debug\Obj\stm32f4xx_ll_usb.o
#        D:\Electronics\Projects\MKS_DLP_new\SRC\firmware\MKS_DLP_new_debug\Obj\sys_timer.o
#        D:\Electronics\Projects\MKS_DLP_new\SRC\firmware\MKS_DLP_new_debug\Obj\system_stm32f4xx.o
#        D:\Electronics\Projects\MKS_DLP_new\SRC\firmware\MKS_DLP_new_debug\Obj\tgui.o
#        D:\Electronics\Projects\MKS_DLP_new\SRC\firmware\MKS_DLP_new_debug\Obj\touch.o
#        D:\Electronics\Projects\MKS_DLP_new\SRC\firmware\MKS_DLP_new_debug\Obj\unicode_utils.o
#        D:\Electronics\Projects\MKS_DLP_new\SRC\firmware\MKS_DLP_new_debug\Obj\usb_host.o
#        D:\Electronics\Projects\MKS_DLP_new\SRC\firmware\MKS_DLP_new_debug\Obj\usbh_conf.o
#        D:\Electronics\Projects\MKS_DLP_new\SRC\firmware\MKS_DLP_new_debug\Obj\usbh_core.o
#        D:\Electronics\Projects\MKS_DLP_new\SRC\firmware\MKS_DLP_new_debug\Obj\usbh_ctlreq.o
#        D:\Electronics\Projects\MKS_DLP_new\SRC\firmware\MKS_DLP_new_debug\Obj\usbh_diskio.o
#        D:\Electronics\Projects\MKS_DLP_new\SRC\firmware\MKS_DLP_new_debug\Obj\usbh_ioreq.o
#        D:\Electronics\Projects\MKS_DLP_new\SRC\firmware\MKS_DLP_new_debug\Obj\usbh_msc.o
#        D:\Electronics\Projects\MKS_DLP_new\SRC\firmware\MKS_DLP_new_debug\Obj\usbh_msc_bot.o
#        D:\Electronics\Projects\MKS_DLP_new\SRC\firmware\MKS_DLP_new_debug\Obj\usbh_msc_scsi.o
#        D:\Electronics\Projects\MKS_DLP_new\SRC\firmware\MKS_DLP_new_debug\Obj\usbh_pipes.o
#        D:\Electronics\Projects\MKS_DLP_new\SRC\firmware\MKS_DLP_new_debug\Obj\usbh_platform.o
#        --redirect _Printf=_PrintfFull --redirect _Scanf=_ScanfFull
#        --no_out_extension -o
#        D:\Electronics\Projects\MKS_DLP_new\SRC\firmware\MKS_DLP_new_debug\Exe\MKS_DLP_new.out
#        --image_input=D:\Electronics\Projects\MKS_DLP_new\SRC\IMGS\original\logo1.bmp,TEST_BMP,readonly,8
#        --map
#        D:\Electronics\Projects\MKS_DLP_new\SRC\firmware\MKS_DLP_new_debug\List\MKS_DLP_new.map
#        --log libraries,call_graph --log_file
#        D:\Electronics\Projects\MKS_DLP_new\SRC\firmware\MKS_DLP_new_debug\List\MKS_DLP_new.log
#        --config
#        D:\Electronics\Projects\MKS_DLP_new\SRC\firmware/config/stm32f407xx_flash.icf
#        --semihosting --entry __iar_program_start --merge_duplicate_sections
#        --vfe --text_out locale)
#
###############################################################################

*******************************************************************************
*** RUNTIME MODEL ATTRIBUTES
***

CppFlavor        = *
__CPP_Exceptions = Disabled
__CPP_Language   = C++14
__Heap_Handler   = DLMalloc
__SystemLibrary  = DLib
__dlib_version   = 6


*******************************************************************************
*** HEAP SELECTION
***

The advanced heap was selected because the application calls memory
allocation functions outside of system library functions, and there
are calls to deallocation functions in the application.


*******************************************************************************
*** PLACEMENT SUMMARY
***

"A0":  place at 0x801'0000 { ro section .intvec };
"P1":  place in [from 0x801'0000 to 0x80f'ffff] { ro };
define block CSTACK with size = 8K, alignment = 8 { };
define block HEAP with size = 4K, alignment = 8 { };
"P2":  place in [from 0x2000'0000 to 0x2001'ffff] {
          rw, block CSTACK, block HEAP };
initialize by copy { rw };

No sections matched the following patterns:

  rw section CCMRAM  in "P3"


  Section            Kind         Address     Size  Object
  -------            ----         -------     ----  ------
"A0":                                        0x188
  .intvec            ro code   0x801'0000    0x188  startup_stm32f407xx.o [2]
                             - 0x801'0188    0x188

"P1":                                      0x14fbc
  .text              ro code   0x801'0188   0x2a38  ff.o [2]
  .text              ro code   0x801'2bc0     0xb0  diskio.o [2]
  .text              ro code   0x801'2c70    0x144  ffunicode.o [2]
  .text              ro code   0x801'2db4     0x38  fatfs.o [2]
  .text              ro code   0x801'2dec     0x54  ff_gen_drv.o [2]
  .rodata            const     0x801'2e40   0x2094  fnt24bold.o [2]
  .rodata            const     0x801'4ed4   0x195c  fnt24.o [2]
  .text              ro code   0x801'6830   0x14e0  dlmalloc.o [3]
  .text              ro code   0x801'7d10      0x6  abort.o [3]
  .text              ro code   0x801'7d16     0x7a  lz77_init_single.o [5]
  .text              ro code   0x801'7d90     0x2c  xgetmemchunk.o [3]
  .text              ro code   0x801'7dbc     0x14  exit.o [6]
  .rodata            const     0x801'7dd0   0x10c8  fnt18bold.o [2]
  .text              ro code   0x801'8e98   0x1060  stm32f4xx_hal_hcd.o [2]
  .text              ro code   0x801'9ef8    0x2f8  usbh_conf.o [2]
  .text              ro code   0x801'a1f0    0x9c4  stm32f4xx_ll_usb.o [2]
  .text              ro code   0x801'abb4     0xa6  ABImemcpy.o [5]
  .text              ro code   0x801'ac5a     0x3a  zero_init3.o [5]
  .text              ro code   0x801'ac94      0x6  ABImemclr4.o [5]
  .text              ro code   0x801'ac9a     0x1e  xencoding_8859_1.o [3]
  .text              ro code   0x801'acb8    0x21c  stm32f4xx_hal_gpio.o [2]
  .text              ro code   0x801'aed4    0x12c  stm32f4xx_hal_cortex.o [2]
  .text              ro code   0x801'b000    0x79e  usbh_core.o [2]
  .text              ro code   0x801'b79e      0xa  xsprout.o [3]
  .text              ro code   0x801'b7a8    0x932  main.o [2]
  .rodata            const     0x801'c0da      0x1  unwind_debug.o [6]
  .text              ro code   0x801'c0dc     0x20  usbh_platform.o [2]
  .text              ro code   0x801'c0fc     0x28  stm32f4xx_hal.o [2]
  .text              ro code   0x801'c124     0x32  ABImemset48.o [5]
  .text              ro code   0x801'c156     0xb6  usbh_pipes.o [2]
  .text              ro code   0x801'c20c    0x5bc  usbh_ctlreq.o [2]
  .text              ro code   0x801'c7c8     0x34  stm32f4xx_hal.o [2]
  .text              ro code   0x801'c7fc    0x140  gpio.o [2]
  .text              ro code   0x801'c93c    0x1e8  touch.o [2]
  .text              ro code   0x801'cb24    0x534  fst_spi.o [2]
  .text              ro code   0x801'd058    0x2fc  spi_flash.o [2]
  .text              ro code   0x801'd354     0xb8  rtc.o [2]
  .text              ro code   0x801'd40c    0x4dc  lcd_low.o [2]
  .text              ro code   0x801'd8e8    0x828  lcd_ui.o [2]
  .text              ro code   0x801'e110     0x8c  usb_host.o [2]
  .text              ro code   0x801'e19c    0x254  unicode_utils.o [2]
  .text              ro code   0x801'e3f0      0xc  stm32f4xx_hal.o [2]
  .text              ro code   0x801'e3fc     0x40  sprintf.o [3]
  .text              ro code   0x801'e43c    0x3b4  stm32f4xx_hal_rcc.o [2]
  .text              ro code   0x801'e7f0    0x1d4  stm32f4xx_hal_rcc.o [2]
  .text              ro code   0x801'e9c4    0x150  stm32f4xx_hal_rcc_ex.o [2]
  .text              ro code   0x801'eb14     0xd0  usbh_ioreq.o [2]
  .text              ro code   0x801'ebe4     0x4c  stm32f4xx_hal.o [2]
  .text              ro code   0x801'ec30     0x40  stm32f4xx_hal_msp.o [2]
  .text              ro code   0x801'ec70    0x5fa  stm32f4xx_hal_spi.o [2]
  .text              ro code   0x801'f26c    0x450  stm32f4xx_hal_dma.o [2]
  .text              ro code   0x801'f6bc     0x66  ABImemset.o [5]
  .text              ro code   0x801'f722     0x20  spi_flash.o [2]
  .text              ro code   0x801'f744    0x34e  stm32f4xx_hal_rtc.o [2]
  .text              ro code   0x801'fa94    0x114  fsmc.o [2]
  .text              ro code   0x801'fba8    0xf46  xprintffull.o [3]
  .text              ro code   0x802'0af0    0x230  I64DivMod.o [5]
  .text              ro code   0x802'0d20     0x5c  stm32f4xx_hal_sram.o [2]
  .text              ro code   0x802'0d7c     0x78  xlocale_c.o [3]
  .text              ro code   0x802'0df4     0x16  strchr.o [5]
  .text              ro code   0x802'0e0c     0x40  xfail_s.o [3]
  .text              ro code   0x802'0e4c     0x36  strlen.o [5]
  .text              ro code   0x802'0e84     0x58  memchr.o [5]
  .text              ro code   0x802'0edc      0xa  xmbcurmax.o [3]
  .text              ro code   0x802'0ee8    0x1a2  DblMul.o [4]
  .text              ro code   0x802'108c     0x70  frexp.o [4]
  .text              ro code   0x802'10fc     0x2e  DblCmpLe.o [4]
  .text              ro code   0x802'112c     0x2e  DblCmpGe.o [4]
  .text              ro code   0x802'115c    0x13a  ldexp.o [4]
  .text              ro code   0x802'1298     0x3a  DblToS32.o [4]
  .text              ro code   0x802'12d4     0x22  S32ToDbl.o [4]
  .text              ro code   0x802'12f8     0xe2  DblSub.o [4]
  .text              ro code   0x802'13dc    0x246  DblDiv.o [4]
  .text              ro code   0x802'1624     0x28  DblToU32.o [4]
  .text              ro code   0x802'164c     0x1a  U32ToDbl.o [4]
  .text              ro code   0x802'1666      0x2  stm32f4xx_hal_spi.o [2]
  .text              ro code   0x802'1668     0xe4  stm32f4xx_ll_fsmc.o [2]
  .text              ro code   0x802'174c    0x16a  DblAdd.o [4]
  .rodata            const     0x802'18b8    0xea4  fnt18.o [2]
  .text              ro code   0x802'275c    0x8b4  usbh_msc.o [2]
  .text              ro code   0x802'3010    0x394  usbh_msc_bot.o [2]
  .text              ro code   0x802'33a4      0x4  heaptramp0.o [3]
  .text              ro code   0x802'33a8    0x3ea  usbh_msc_scsi.o [2]
  .rodata            const     0x802'3794    0x6b4  fnt12.o [2]
  .rodata            const     0x802'3e48    0x1f4  ffunicode.o [2]
  .text              ro code   0x802'403c    0x144  usbh_diskio.o [2]
  .rodata            const     0x802'4180    0x140  fnt12.o [2]
  .rodata            const     0x802'42c0    0x140  fnt18.o [2]
  .rodata            const     0x802'4400    0x140  fnt18bold.o [2]
  .rodata            const     0x802'4540    0x140  fnt24.o [2]
  .rodata            const     0x802'4680    0x140  fnt24bold.o [2]
  .rodata            const     0x802'47c0    0x100  ffunicode.o [2]
  .text              ro code   0x802'48c0     0xec  spifl_diskio.o [2]
  .rodata            const     0x802'49ac     0xbc  ffunicode.o [2]
  .rodata            const     0x802'4a68     0x80  ff.o [2]
  .text              ro code   0x802'4ae8     0x6c  stm32f4xx_it.o [2]
  .text              ro code   0x802'4b54     0x64  sys_timer.o [2]
  .rodata            const     0x802'4bb8     0x3c  main.o [2]
  .rodata            const     0x802'4bf4     0x2c  main.o [2]
  .rodata            const     0x802'4c20     0x2c  main.o [2]
  .rodata            const     0x802'4c4c     0x2c  main.o [2]
  .rodata            const     0x802'4c78     0x28  main.o [2]
  .rodata            const     0x802'4ca0     0x28  main.o [2]
  .rodata            const     0x802'4cc8     0x28  main.o [2]
  .rodata            const     0x802'4cf0     0x28  main.o [2]
  .text              ro code   0x802'4d18     0x28  data_init.o [5]
  .rodata            const     0x802'4d40     0x24  main.o [2]
  .rodata            const     0x802'4d64     0x24  main.o [2]
  .rodata            const     0x802'4d88     0x24  main.o [2]
  .text              ro code   0x802'4dac     0x22  fpinit_M.o [4]
  .iar.init_table    const     0x802'4dd0     0x20  - Linker created -
  .rodata            const     0x802'4df0     0x20  main.o [2]
  .rodata            const     0x802'4e10     0x20  main.o [2]
  .rodata            const     0x802'4e30     0x20  main.o [2]
  .rodata            const     0x802'4e50     0x20  main.o [2]
  .rodata            const     0x802'4e70     0x20  main.o [2]
  .text              ro code   0x802'4e90     0x20  system_stm32f4xx.o [2]
  .text              ro code   0x802'4eb0     0x1e  cmain.o [5]
  .text              ro code   0x802'4ece      0x4  low_level_init.o [3]
  .text              ro code   0x802'4ed2      0x4  exit.o [3]
  .text              ro code   0x802'4ed8      0xa  cexit.o [5]
  .rodata            const     0x802'4ee4     0x1c  main.o [2]
  .rodata            const     0x802'4f00     0x1c  main.o [2]
  .rodata            const     0x802'4f1c     0x14  ff.o [2]
  .rodata            const     0x802'4f30     0x14  ff.o [2]
  .rodata            const     0x802'4f44     0x14  main.o [2]
  .rodata            const     0x802'4f58     0x14  main.o [2]
  .rodata            const     0x802'4f6c     0x14  main.o [2]
  .rodata            const     0x802'4f80     0x14  spifl_diskio.o [2]
  .rodata            const     0x802'4f94     0x14  usbh_diskio.o [2]
  .rodata            const     0x802'4fa8     0x10  ff.o [2]
  .rodata            const     0x802'4fb8     0x10  ff.o [2]
  .rodata            const     0x802'4fc8     0x10  ff.o [2]
  .rodata            const     0x802'4fd8     0x10  ff.o [2]
  .rodata            const     0x802'4fe8     0x10  main.o [2]
  .rodata            const     0x802'4ff8     0x10  main.o [2]
  .rodata            const     0x802'5008     0x10  main.o [2]
  .rodata            const     0x802'5018     0x10  system_stm32f4xx.o [2]
  .text              ro code   0x802'5028     0x10  startup_stm32f407xx.o [2]
  .rodata            const     0x802'5038      0xc  ff.o [2]
  .rodata            const     0x802'5044      0xc  ff.o [2]
  .rodata            const     0x802'5050      0xc  main.o [2]
  .rodata            const     0x802'505c      0xc  main.o [2]
  .text              ro code   0x802'5068      0xc  cstartup_M.o [5]
  .rodata            const     0x802'5074      0x8  ff.o [2]
  .rodata            const     0x802'507c      0x8  ff.o [2]
  .rodata            const     0x802'5084      0x8  main.o [2]
  .rodata            const     0x802'508c      0x8  main.o [2]
  .rodata            const     0x802'5094      0x8  stm32f4xx_hal_dma.o [2]
  .rodata            const     0x802'509c      0x6  xlocale_c.o [3]
  .rodata            const     0x802'50a4      0x4  rtc.o [2]
  .rodata            const     0x802'50a8      0x4  usbh_msc.o [2]
  .text              ro code   0x802'50ac      0x4  startup_stm32f407xx.o [2]
  .rodata            const     0x802'50b0      0x0  zero_init3.o [5]
  .rodata            const     0x802'50b0      0x0  lz77_init_single.o [5]
  Initializer bytes  const     0x802'50b0     0x94  <for P2-1>
                             - 0x802'5144  0x14fbc

"P2", part 1 of 3:                            0xef
  P2-1                        0x2000'0000     0xef  <Init block>
    .data            inited   0x2000'0000      0xc  fnt12.o [2]
    .data            inited   0x2000'000c      0xc  fnt18.o [2]
    .data            inited   0x2000'0018      0xc  fnt18bold.o [2]
    .data            inited   0x2000'0024      0xc  fnt24.o [2]
    .data            inited   0x2000'0030      0xc  fnt24bold.o [2]
    .data            inited   0x2000'003c      0x4  lcd_ui.o [2]
    .data            inited   0x2000'0040      0x4  stm32f4xx_hal.o [2]
    .data            inited   0x2000'0044      0x4  system_stm32f4xx.o [2]
    .data            inited   0x2000'0048     0x20  usbh_msc.o [2]
    .data            inited   0x2000'0068     0x38  xlocale_c.o [3]
    .data            inited   0x2000'00a0     0x48  xlocale_c.o [3]
    .data            inited   0x2000'00e8      0x2  lcd_ui.o [2]
    .data            inited   0x2000'00ea      0x2  lcd_ui.o [2]
    .data            inited   0x2000'00ec      0x2  lcd_ui.o [2]
    .data            inited   0x2000'00ee      0x1  stm32f4xx_hal.o [2]
                            - 0x2000'00ef     0xef

"P2", part 2 of 3:                          0x4048
  .bss               zero     0x2000'00f0   0x1038  fatfs.o [2]
  .bss               zero     0x2000'1128   0x1038  fatfs.o [2]
  .bss               zero     0x2000'2160   0x1028  main.o [2]
  .bss               zero     0x2000'3188    0x3d8  usb_host.o [2]
  .bss               zero     0x2000'3560    0x2c4  usbh_conf.o [2]
  .bss               zero     0x2000'3824    0x200  ff.o [2]
  .bss               zero     0x2000'3a24    0x1d8  dlmalloc.o [3]
  .bss               zero     0x2000'3bfc    0x100  sys_timer.o [2]
  .bss               zero     0x2000'3cfc     0x80  fst_spi.o [2]
  .bss               zero     0x2000'3d7c     0x80  fst_spi.o [2]
  .bss               zero     0x2000'3dfc     0x60  fst_spi.o [2]
  .bss               zero     0x2000'3e5c     0x60  fst_spi.o [2]
  .bss               zero     0x2000'3ebc     0x60  fst_spi.o [2]
  .bss               zero     0x2000'3f1c     0x60  fst_spi.o [2]
  .bss               zero     0x2000'3f7c     0x60  fst_spi.o [2]
  .bss               zero     0x2000'3fdc     0x60  lcd_low.o [2]
  .bss               zero     0x2000'403c     0x50  fsmc.o [2]
  .bss               zero     0x2000'408c     0x20  rtc.o [2]
  .bss               zero     0x2000'40ac     0x18  dlmalloc.o [3]
  .bss               zero     0x2000'40c4     0x10  ff_gen_drv.o [2]
  .bss               zero     0x2000'40d4     0x10  touch.o [2]
  .bss               zero     0x2000'40e4      0xc  spi_flash.o [2]
  .bss               zero     0x2000'40f0      0x8  fatfs.o [2]
  .bss               zero     0x2000'40f8      0x8  fatfs.o [2]
  .bss               zero     0x2000'4100      0x8  ff.o [2]
  .bss               zero     0x2000'4108      0x4  fsmc.o [2]
  .bss               zero     0x2000'410c      0x4  spi_flash.o [2]
  .bss               zero     0x2000'4110      0x4  spi_flash.o [2]
  .bss               zero     0x2000'4114      0x4  stm32f4xx_hal.o [2]
  .bss               zero     0x2000'4118      0x4  stm32f4xx_ll_usb.o [2]
  .bss               zero     0x2000'411c      0x4  touch.o [2]
  .bss               zero     0x2000'4120      0x4  xfail_s.o [3]
  .bss               zero     0x2000'4124      0x4  xgetmemchunk.o [3]
  .bss               zero     0x2000'4128      0x2  ff.o [2]
  .bss               zero     0x2000'412a      0x2  lcd_low.o [2]
  .bss               zero     0x2000'412c      0x2  lcd_ui.o [2]
  .bss               zero     0x2000'412e      0x2  lcd_ui.o [2]
  .bss               zero     0x2000'4130      0x2  lcd_ui.o [2]
  .bss               zero     0x2000'4132      0x1  fatfs.o [2]
  .bss               zero     0x2000'4133      0x1  fatfs.o [2]
  .bss               zero     0x2000'4134      0x1  main.o [2]
  .bss               zero     0x2000'4135      0x1  usb_host.o [2]
                            - 0x2000'4136   0x4046

"P2", part 3 of 3:                          0x5000
  .noinit            uninit   0x2000'4138   0x2000  main.o [2]
  CSTACK                      0x2000'6138   0x2000  <Block>
    CSTACK           uninit   0x2000'6138   0x2000  <Block tail>
  HEAP                        0x2000'8138   0x1000  <Block>
    HEAP             uninit   0x2000'8138   0x1000  <Block tail>
                            - 0x2000'9138   0x5000

Unused ranges:

         From           To      Size
         ----           --      ----
   0x802'5144   0x80f'ffff  0xd'aebc
  0x2000'00ef  0x2000'00ef       0x1
  0x2000'9138  0x2001'ffff  0x1'6ec8


*******************************************************************************
*** INIT TABLE
***

          Address      Size
          -------      ----
Zero (__iar_zero_init3)
    1 destination range, total size 0x4046:
          0x2000'00f0  0x4046

Copy/lz77 (__iar_lz77_init_single3)
    1 source range, total size 0x94 (61% of destination):
           0x802'50b0    0x94
    1 destination range, total size 0xef:
          0x2000'0000    0xef



*******************************************************************************
*** MODULE SUMMARY
***

    Module                  ro code  ro data  rw data
    ------                  -------  -------  -------
command line/config:
    -------------------------------------------------
    Total:

D:\Electronics\Projects\MKS_DLP_new\SRC\IMGS\original: [1]
    -------------------------------------------------
    Total:

D:\Electronics\Projects\MKS_DLP_new\SRC\firmware\MKS_DLP_new_debug\Obj: [2]
    diskio.o                    176
    fatfs.o                      56             8 322
    ff.o                     10 808      272      522
    ff_gen_drv.o                 84                16
    ffunicode.o                 324      944
    fnt12.o                            2 043       12
    fnt18.o                            4 075       12
    fnt18bold.o                        4 624       12
    fnt24.o                            6 819       12
    fnt24bold.o                        8 668       12
    fsmc.o                      276                84
    fst_spi.o                 1 332               736
    gpio.o                      320
    lcd_low.o                 1 244                98
    lcd_ui.o                  2 088        6       16
    main.o                    2 354      824   12 329
    rtc.o                       184        4       32
    spi_flash.o                 796                20
    spifl_diskio.o              236       20
    startup_stm32f407xx.o       412
    stm32f4xx_hal.o             180        4        9
    stm32f4xx_hal_cortex.o      300
    stm32f4xx_hal_dma.o       1 104        8
    stm32f4xx_hal_gpio.o        540
    stm32f4xx_hal_hcd.o       4 192
    stm32f4xx_hal_msp.o          64
    stm32f4xx_hal_rcc.o       1 416
    stm32f4xx_hal_rcc_ex.o      336
    stm32f4xx_hal_rtc.o         846
    stm32f4xx_hal_spi.o       1 532
    stm32f4xx_hal_sram.o         92
    stm32f4xx_it.o              108
    stm32f4xx_ll_fsmc.o         228
    stm32f4xx_ll_usb.o        2 500                 4
    sys_timer.o                 100               256
    system_stm32f4xx.o           32       18        4
    touch.o                     488                20
    unicode_utils.o             596
    usb_host.o                  140               985
    usbh_conf.o                 760               708
    usbh_core.o               1 950
    usbh_ctlreq.o             1 468
    usbh_diskio.o               324       20
    usbh_ioreq.o                208
    usbh_msc.o                2 228       24       32
    usbh_msc_bot.o              916
    usbh_msc_scsi.o           1 002
    usbh_pipes.o                182
    usbh_platform.o              32
    -------------------------------------------------
    Total:                   44 554   28 373   24 253

dl7M_tlf.a: [3]
    abort.o                       6
    dlmalloc.o                5 344               496
    exit.o                        4
    heaptramp0.o                  4
    low_level_init.o              4
    sprintf.o                    64
    xencoding_8859_1.o           30
    xfail_s.o                    64                 4
    xgetmemchunk.o               44                 4
    xlocale_c.o                 120       85      128
    xmbcurmax.o                  10
    xprintffull.o             3 910
    xsprout.o                    10
    -------------------------------------------------
    Total:                    9 614       85      632

m7M_tls.a: [4]
    DblAdd.o                    362
    DblCmpGe.o                   46
    DblCmpLe.o                   46
    DblDiv.o                    582
    DblMul.o                    418
    DblSub.o                    226
    DblToS32.o                   58
    DblToU32.o                   40
    S32ToDbl.o                   34
    U32ToDbl.o                   26
    fpinit_M.o                   34
    frexp.o                     112
    ldexp.o                     314
    -------------------------------------------------
    Total:                    2 298

rt7M_tl.a: [5]
    ABImemclr4.o                  6
    ABImemcpy.o                 166
    ABImemset.o                 102
    ABImemset48.o                50
    I64DivMod.o                 560
    cexit.o                      10
    cmain.o                      30
    cstartup_M.o                 12
    data_init.o                  40
    lz77_init_single.o          122
    memchr.o                     88
    strchr.o                     22
    strlen.o                     54
    zero_init3.o                 58
    -------------------------------------------------
    Total:                    1 320

shb_l.a: [6]
    exit.o                       20
    unwind_debug.o                         1
    -------------------------------------------------
    Total:                       20        1

    Gaps                         33       10
    Linker created                        32   12 288
-----------------------------------------------------
    Grand Total:             57 839   28 501   37 173


*******************************************************************************
*** ENTRY LIST
***

Entry                       Address    Size  Type      Object
-----                       -------    ----  ----      ------
.iar.init_table$$Base    0x802'4dd0           --   Gb  - Linker created -
.iar.init_table$$Limit   0x802'4df0           --   Gb  - Linker created -
?main                    0x802'4eb1          Code  Gb  cmain.o [5]
AHBPrescTable            0x802'5018    0x10  Data  Gb  system_stm32f4xx.o [2]
Appli_state             0x2000'4135     0x1  Data  Gb  usb_host.o [2]
Appli_state_old         0x2000'4134     0x1  Data  Gb  main.o [2]
BusFault_Handler         0x802'4aef     0x2  Code  Gb  stm32f4xx_it.o [2]
CSTACK$$Base            0x2000'6138           --   Gb  - Linker created -
CSTACK$$Limit           0x2000'8138           --   Gb  - Linker created -
CacheMore                0x802'0d81    0x24  Code  Lc  xlocale_c.o [3]
DMA1_Stream3_IRQHandler
                         0x802'4b01     0xa  Code  Gb  stm32f4xx_it.o [2]
DMA1_Stream4_IRQHandler
                         0x802'4b0b     0xa  Code  Gb  stm32f4xx_it.o [2]
DMA2_Stream2_IRQHandler
                         0x802'4b29     0xa  Code  Gb  stm32f4xx_it.o [2]
DMA2_Stream5_IRQHandler
                         0x802'4b33     0xa  Code  Gb  stm32f4xx_it.o [2]
DMA2_Stream7_IRQHandler
                         0x802'4b1f     0xa  Code  Gb  stm32f4xx_it.o [2]
DMA_CalcBaseAndBitshift
                         0x801'f5f9    0x30  Code  Lc  stm32f4xx_hal_dma.o [2]
DMA_CalcBaseAndBitshift::flagBitshiftOffset
                         0x802'5094     0x8  Data  Lc  stm32f4xx_hal_dma.o [2]
DMA_CheckFifoParam       0x801'f635    0x88  Code  Lc  stm32f4xx_hal_dma.o [2]
DMA_SetConfig            0x801'f5cb    0x2e  Code  Lc  stm32f4xx_hal_dma.o [2]
DeInitStateMachine       0x801'b051    0x66  Code  Lc  usbh_core.o [2]
DebugMon_Handler         0x802'4af5     0x2  Code  Gb  stm32f4xx_it.o [2]
DeviceCode              0x2000'412a     0x2  Data  Gb  lcd_low.o [2]
Error_Handler            0x801'c0d9     0x2  Code  Gb  main.o [2]
ExCvt                    0x802'4a68    0x80  Data  Lc  ff.o [2]
FATFS_Init               0x801'2db5    0x1c  Code  Gb  fatfs.o [2]
FATFS_LinkDriver         0x801'2e31     0xa  Code  Gb  ff_gen_drv.o [2]
FATFS_LinkDriverEx       0x801'2ded    0x44  Code  Gb  ff_gen_drv.o [2]
FLASH_SPIEnable          0x801'cdc7   0x188  Code  Gb  fst_spi.o [2]
FLASH_SPIInit            0x801'cd69    0x5e  Code  Gb  fst_spi.o [2]
FLASH_SPIReadBuff        0x801'cf99    0x40  Code  Gb  fst_spi.o [2]
FLASH_SPIReadBuffDMA     0x801'cfd9    0x2e  Code  Gb  fst_spi.o [2]
FLASH_SPISetSpeed        0x801'cf4f    0x1c  Code  Gb  fst_spi.o [2]
FLASH_SPIWriteReadByte   0x801'cf6b    0x2e  Code  Gb  fst_spi.o [2]
FSMC_Initialized        0x2000'4108     0x4  Data  Lc  fsmc.o [2]
FSMC_NORSRAM_Extended_Timing_Init
                         0x802'1705    0x40  Code  Gb  stm32f4xx_ll_fsmc.o [2]
FSMC_NORSRAM_Init        0x802'1669    0x58  Code  Gb  stm32f4xx_ll_fsmc.o [2]
FSMC_NORSRAM_Timing_Init
                         0x802'16c1    0x44  Code  Gb  stm32f4xx_ll_fsmc.o [2]
FatFs                   0x2000'4100     0x8  Data  Lc  ff.o [2]
Fsid                    0x2000'4128     0x2  Data  Lc  ff.o [2]
GPIO_Init                0x801'c7fd   0x140  Code  Gb  gpio.o [2]
HAL_DMA_IRQHandler       0x801'f3c1   0x20a  Code  Gb  stm32f4xx_hal_dma.o [2]
HAL_DMA_Init             0x801'f26d    0xe0  Code  Gb  stm32f4xx_hal_dma.o [2]
HAL_DMA_Start_IT         0x801'f34d    0x74  Code  Gb  stm32f4xx_hal_dma.o [2]
HAL_Delay                0x801'c0fd    0x28  Code  Wk  stm32f4xx_hal.o [2]
HAL_FSMC_MspInit         0x801'fb17    0x70  Code  Gb  fsmc.o [2]
HAL_GPIO_Init            0x801'acb9   0x1d0  Code  Gb  stm32f4xx_hal_gpio.o [2]
HAL_GPIO_WritePin        0x801'ae89    0x14  Code  Gb  stm32f4xx_hal_gpio.o [2]
HAL_GetTick              0x801'e3f1     0xc  Code  Wk  stm32f4xx_hal.o [2]
HAL_HCD_Connect_Callback
                         0x801'9f87     0xc  Code  Gb  usbh_conf.o [2]
HAL_HCD_Disconnect_Callback
                         0x801'9f93     0xc  Code  Gb  usbh_conf.o [2]
HAL_HCD_GetCurrentFrame
                         0x801'93a9     0xa  Code  Gb  stm32f4xx_hal_hcd.o [2]
HAL_HCD_GetCurrentSpeed
                         0x801'93b3     0xa  Code  Gb  stm32f4xx_hal_hcd.o [2]
HAL_HCD_HC_GetURBState   0x801'938f     0xe  Code  Gb  stm32f4xx_hal_hcd.o [2]
HAL_HCD_HC_GetXferCount
                         0x801'939d     0xc  Code  Gb  stm32f4xx_hal_hcd.o [2]
HAL_HCD_HC_Halt          0x801'8fd9    0x2c  Code  Gb  stm32f4xx_hal_hcd.o [2]
HAL_HCD_HC_Init          0x801'8f0f    0xca  Code  Gb  stm32f4xx_hal_hcd.o [2]
HAL_HCD_HC_NotifyURBChange_Callback
                         0x801'9f9f     0x2  Code  Gb  usbh_conf.o [2]
HAL_HCD_HC_SubmitRequest
                         0x801'9005   0x1f8  Code  Gb  stm32f4xx_hal_hcd.o [2]
HAL_HCD_IRQHandler       0x801'91fd   0x134  Code  Gb  stm32f4xx_hal_hcd.o [2]
HAL_HCD_Init             0x801'8e99    0x76  Code  Gb  stm32f4xx_hal_hcd.o [2]
HAL_HCD_MspInit          0x801'9ef9    0x82  Code  Gb  usbh_conf.o [2]
HAL_HCD_PortDisabled_Callback
                         0x801'9fad     0xc  Code  Gb  usbh_conf.o [2]
HAL_HCD_PortEnabled_Callback
                         0x801'9fa1     0xc  Code  Gb  usbh_conf.o [2]
HAL_HCD_ResetPort        0x801'9385     0xa  Code  Gb  stm32f4xx_hal_hcd.o [2]
HAL_HCD_SOF_Callback     0x801'9f7b     0xc  Code  Gb  usbh_conf.o [2]
HAL_HCD_Start            0x801'9331    0x2e  Code  Gb  stm32f4xx_hal_hcd.o [2]
HAL_HCD_Stop             0x801'935f    0x26  Code  Gb  stm32f4xx_hal_hcd.o [2]
HAL_IncTick              0x802'4b55    0x58  Code  Gb  sys_timer.o [2]
HAL_Init                 0x801'c7c9    0x30  Code  Gb  stm32f4xx_hal.o [2]
HAL_InitTick             0x801'ebe5    0x4c  Code  Wk  stm32f4xx_hal.o [2]
HAL_MspInit              0x801'ec31    0x40  Code  Gb  stm32f4xx_hal_msp.o [2]
HAL_NVIC_EnableIRQ       0x801'afcd     0xa  Code  Gb  stm32f4xx_hal_cortex.o [2]
HAL_NVIC_SetPriority     0x801'afab    0x22  Code  Gb  stm32f4xx_hal_cortex.o [2]
HAL_NVIC_SetPriorityGrouping
                         0x801'afa3     0x8  Code  Gb  stm32f4xx_hal_cortex.o [2]
HAL_RCCEx_PeriphCLKConfig
                         0x801'e9c5   0x12c  Code  Gb  stm32f4xx_hal_rcc_ex.o [2]
HAL_RCC_ClockConfig      0x801'e7f1   0x13a  Code  Gb  stm32f4xx_hal_rcc.o [2]
HAL_RCC_OscConfig        0x801'e43d   0x3b4  Code  Wk  stm32f4xx_hal_rcc.o [2]
HAL_RTC_Init             0x801'f745    0xcc  Code  Gb  stm32f4xx_hal_rtc.o [2]
HAL_RTC_SetDate          0x801'f917    0xe6  Code  Gb  stm32f4xx_hal_rtc.o [2]
HAL_RTC_SetTime          0x801'f811   0x106  Code  Gb  stm32f4xx_hal_rtc.o [2]
HAL_RTC_WaitForSynchro   0x801'fa09    0x36  Code  Gb  stm32f4xx_hal_rtc.o [2]
HAL_SPI_Init             0x801'ec71    0xca  Code  Gb  stm32f4xx_hal_spi.o [2]
HAL_SPI_Receive_DMA      0x801'ed61   0x106  Code  Gb  stm32f4xx_hal_spi.o [2]
HAL_SPI_TransmitReceive_DMA
                         0x801'ee67   0x156  Code  Gb  stm32f4xx_hal_spi.o [2]
HAL_SPI_TxRxCpltCallback
                         0x801'cb25    0x1e  Code  Gb  fst_spi.o [2]
HAL_SRAM_Init            0x802'0d21    0x5c  Code  Gb  stm32f4xx_hal_sram.o [2]
HAL_SRAM_MspInit         0x801'fb87     0x8  Code  Gb  fsmc.o [2]
HAL_SYSTICK_Config       0x801'afd7     0x8  Code  Gb  stm32f4xx_hal_cortex.o [2]
HCD_HC_IN_IRQHandler     0x801'93bd   0x55e  Code  Lc  stm32f4xx_hal_hcd.o [2]
HCD_HC_OUT_IRQHandler    0x801'991b   0x478  Code  Lc  stm32f4xx_hal_hcd.o [2]
HCD_Port_IRQHandler      0x801'9e51    0xa8  Code  Lc  stm32f4xx_hal_hcd.o [2]
HCD_RXQLVL_IRQHandler    0x801'9d93    0xba  Code  Lc  stm32f4xx_hal_hcd.o [2]
HEAP$$Base              0x2000'8138           --   Gb  - Linker created -
HEAP$$Limit             0x2000'9138           --   Gb  - Linker created -
HardFault_Handler        0x802'4aeb     0x2  Code  Gb  stm32f4xx_it.o [2]
LCDUI_Clear()            0x801'd965     0xe  Code  Gb  lcd_ui.o [2]
LCDUI_DrawChar(char, unsigned short, short, short)
                         0x801'daa9   0x18a  Code  Gb  lcd_ui.o [2]
LCDUI_DrawText(char *, unsigned short, short, short, short, short)
                         0x801'dc33   0x246  Code  Gb  lcd_ui.o [2]
LCDUI_DrawTextUTF(char *, unsigned short, short, short, short, short)
                         0x801'de79   0x266  Code  Gb  lcd_ui.o [2]
LCDUI_GetCurrentCursorY()
                         0x801'd959     0xc  Code  Gb  lcd_ui.o [2]
LCDUI_GetCurrentFontHeight()
                         0x801'da9f     0xa  Code  Gb  lcd_ui.o [2]
LCDUI_Init()             0x801'd8e9    0x42  Code  Gb  lcd_ui.o [2]
LCDUI_SetBackColor(unsigned short)
                         0x801'd933     0x8  Code  Gb  lcd_ui.o [2]
LCDUI_SetColor(unsigned short)
                         0x801'd92b     0x8  Code  Gb  lcd_ui.o [2]
LCDUI_SetCursorCoord(short, short)
                         0x801'd93b    0x1e  Code  Gb  lcd_ui.o [2]
LCDUI_SetFont(LCDUI_FONT_TYPE)
                         0x801'da4f    0x50  Code  Gb  lcd_ui.o [2]
LCDUI_getchardata(char)
                         0x801'd9c3    0x8c  Code  Gb  lcd_ui.o [2]
LCDUI_getcharwidth(char)
                         0x801'd973    0x50  Code  Gb  lcd_ui.o [2]
LCD_BackLight            0x801'd8af    0x1a  Code  Gb  lcd_low.o [2]
LCD_Clear                0x801'd87b    0x34  Code  Gb  lcd_low.o [2]
LCD_CtrlLinesConfig      0x801'd40d    0xa2  Code  Gb  lcd_low.o [2]
LCD_FSMCConfig           0x801'd4af     0x8  Code  Gb  lcd_low.o [2]
LCD_Initializtion        0x801'd51f   0x256  Code  Gb  lcd_low.o [2]
LCD_ReadRAM              0x801'd4f5     0xa  Code  Gb  lcd_low.o [2]
LCD_ReadReg              0x801'd4d1     0xa  Code  Gb  lcd_low.o [2]
LCD_Read_ID              0x801'd4ff    0x20  Code  Gb  lcd_low.o [2]
LCD_SetCursor            0x801'd775    0x60  Code  Gb  lcd_low.o [2]
LCD_SetWindows           0x801'd7d5    0xa6  Code  Gb  lcd_low.o [2]
LCD_WriteCmd             0x801'd4db     0x8  Code  Gb  lcd_low.o [2]
LCD_WriteRAM             0x801'd4ed     0x8  Code  Gb  lcd_low.o [2]
LCD_WriteRAM_Prepare     0x801'd4e3     0xa  Code  Gb  lcd_low.o [2]
LCD_WriteReg             0x801'd4c3     0xe  Code  Gb  lcd_low.o [2]
LCD_X_Init               0x801'd4b7     0xc  Code  Gb  lcd_low.o [2]
LfnBuf                  0x2000'3824   0x200  Data  Lc  ff.o [2]
LfnOfs                   0x802'4fa8    0x10  Data  Lc  ff.o [2]
LoadInt                  0x801'fd6b    0x7a  Code  Lc  xprintffull.o [3]
MX_FSMC_Init             0x801'fa95    0x82  Code  Gb  fsmc.o [2]
MemManage_Handler        0x802'4aed     0x2  Code  Gb  stm32f4xx_it.o [2]
NMI_Handler              0x802'4ae9     0x2  Code  Gb  stm32f4xx_it.o [2]
NVIC_EncodePriority      0x801'af39    0x3c  Code  Lc  stm32f4xx_hal_cortex.o [2]
OTG_FS_IRQHandler        0x802'4b15     0xa  Code  Gb  stm32f4xx_it.o [2]
PendSV_Handler           0x802'4af7     0x2  Code  Gb  stm32f4xx_it.o [2]
RTC_ByteToBcd2           0x801'fa79    0x18  Code  Gb  stm32f4xx_hal_rtc.o [2]
RTC_Enable               0x801'd3ed    0x10  Code  Gb  rtc.o [2]
RTC_EnterInitMode        0x801'fa3f    0x3a  Code  Gb  stm32f4xx_hal_rtc.o [2]
RTC_Init                 0x801'd355    0x98  Code  Gb  rtc.o [2]
Region$$Table$$Base      0x802'4dd0           --   Gb  - Linker created -
Region$$Table$$Limit     0x802'4df0           --   Gb  - Linker created -
SPIFL_Driver             0x802'4f80    0x14  Data  Gb  spifl_diskio.o [2]
SPIFL_EraseSector        0x801'd1d7    0x52  Code  Gb  spi_flash.o [2]
SPIFL_Init               0x801'd0cf    0x42  Code  Gb  spi_flash.o [2]
SPIFL_ReadBuff           0x801'd169    0x6e  Code  Gb  spi_flash.o [2]
SPIFL_ReadID             0x801'd111    0x58  Code  Gb  spi_flash.o [2]
SPIFL_WriteBuff          0x801'd229   0x118  Code  Gb  spi_flash.o [2]
SPIFL_initialize         0x802'48c1    0x1c  Code  Gb  spifl_diskio.o [2]
SPIFL_ioctl              0x802'4955    0x54  Code  Gb  spifl_diskio.o [2]
SPIFL_read               0x802'48ed    0x34  Code  Gb  spifl_diskio.o [2]
SPIFL_status             0x802'48dd    0x10  Code  Gb  spifl_diskio.o [2]
SPIFL_write              0x802'4921    0x34  Code  Gb  spifl_diskio.o [2]
SPI_DMAError             0x801'f0b1    0x24  Code  Lc  stm32f4xx_hal_spi.o [2]
SPI_DMAHalfReceiveCplt   0x801'f099     0xa  Code  Lc  stm32f4xx_hal_spi.o [2]
SPI_DMAHalfTransmitReceiveCplt
                         0x801'f0a5     0xa  Code  Lc  stm32f4xx_hal_spi.o [2]
SPI_DMAReceiveCplt       0x801'efbd    0x78  Code  Lc  stm32f4xx_hal_spi.o [2]
SPI_DMATransmitReceiveCplt
                         0x801'f035    0x64  Code  Lc  stm32f4xx_hal_spi.o [2]
SPI_EndRxTransaction     0x801'f175    0x92  Code  Lc  stm32f4xx_hal_spi.o [2]
SPI_EndRxTxTransaction   0x801'f207    0x5a  Code  Lc  stm32f4xx_hal_spi.o [2]
SPI_WaitFlagStateUntilTimeout
                         0x801'f0d5    0xa0  Code  Lc  stm32f4xx_hal_spi.o [2]
SVC_Handler              0x802'4af3     0x2  Code  Gb  stm32f4xx_it.o [2]
SpiflFS                 0x2000'1128  0x1038  Data  Gb  fatfs.o [2]
SpiflPath               0x2000'40f8     0x8  Data  Gb  fatfs.o [2]
SysTick_Config           0x801'af75    0x2e  Code  Lc  stm32f4xx_hal_cortex.o [2]
SysTick_Handler          0x802'4af9     0x8  Code  Gb  stm32f4xx_it.o [2]
SystemClock_Config()     0x801'bf67    0xc6  Code  Gb  main.o [2]
SystemCoreClock         0x2000'0044     0x4  Data  Gb  system_stm32f4xx.o [2]
SystemInit               0x802'4e91    0x12  Code  Gb  system_stm32f4xx.o [2]
TOUCH_SPIEnable          0x801'cba7   0x15a  Code  Gb  fst_spi.o [2]
TOUCH_SPIGetState        0x801'cd57     0x8  Code  Gb  fst_spi.o [2]
TOUCH_SPIInit            0x801'cb43    0x64  Code  Gb  fst_spi.o [2]
TOUCH_SPIStartRead       0x801'cd01    0x56  Code  Gb  fst_spi.o [2]
Timers                  0x2000'3bfc   0x100  Data  Gb  sys_timer.o [2]
Touch_Enable             0x801'caf9     0x8  Code  Gb  touch.o [2]
Touch_GetCoords          0x801'cb0d     0xc  Code  Gb  touch.o [2]
Touch_GetState           0x801'cb01     0x6  Code  Gb  touch.o [2]
Touch_Init               0x801'cac5    0x34  Code  Gb  touch.o [2]
Touch_SetState           0x801'cb07     0x6  Code  Gb  touch.o [2]
USBH_AllocPipe           0x801'c187    0x32  Code  Gb  usbh_pipes.o [2]
USBH_BulkReceiveData     0x801'ebc1    0x24  Code  Gb  usbh_ioreq.o [2]
USBH_BulkSendData        0x801'eb8f    0x32  Code  Gb  usbh_ioreq.o [2]
USBH_ClosePipe           0x801'c17b     0xc  Code  Gb  usbh_pipes.o [2]
USBH_ClrFeature          0x801'c371    0x26  Code  Gb  usbh_ctlreq.o [2]
USBH_CtlReceiveData      0x801'eb6b    0x24  Code  Gb  usbh_ioreq.o [2]
USBH_CtlReq              0x801'c559    0x54  Code  Gb  usbh_ctlreq.o [2]
USBH_CtlSendData         0x801'eb39    0x32  Code  Gb  usbh_ioreq.o [2]
USBH_CtlSendSetup        0x801'eb15    0x24  Code  Gb  usbh_ioreq.o [2]
USBH_Delay               0x801'a1bf     0x8  Code  Gb  usbh_conf.o [2]
USBH_Driver              0x802'4f94    0x14  Data  Gb  usbh_diskio.o [2]
USBH_FindInterface       0x801'b105    0x66  Code  Gb  usbh_core.o [2]
USBH_FreePipe            0x801'c1b9    0x26  Code  Gb  usbh_pipes.o [2]
USBH_GetDescriptor       0x801'c2c5    0x3c  Code  Gb  usbh_ctlreq.o [2]
USBH_GetFreePipe         0x801'c1df    0x2e  Code  Lc  usbh_pipes.o [2]
USBH_GetNextDesc         0x801'c549    0x10  Code  Gb  usbh_ctlreq.o [2]
USBH_Get_CfgDesc         0x801'c24b    0x3a  Code  Gb  usbh_ctlreq.o [2]
USBH_Get_DevDesc         0x801'c20d    0x3e  Code  Gb  usbh_ctlreq.o [2]
USBH_Get_StringDesc      0x801'c285    0x40  Code  Gb  usbh_ctlreq.o [2]
USBH_Get_USB_Status      0x801'a1c7    0x2a  Code  Gb  usbh_conf.o [2]
USBH_HandleControl       0x801'c5ad   0x21c  Code  Lc  usbh_ctlreq.o [2]
USBH_HandleEnum          0x801'b459   0x2be  Code  Lc  usbh_core.o [2]
USBH_HandleSof           0x801'b72f    0x1a  Code  Lc  usbh_core.o [2]
USBH_Init                0x801'b001    0x50  Code  Gb  usbh_core.o [2]
USBH_LL_ClosePipe        0x801'a0d1    0x1a  Code  Gb  usbh_conf.o [2]
USBH_LL_Connect          0x801'b759    0x16  Code  Gb  usbh_core.o [2]
USBH_LL_Disconnect       0x801'b76f    0x30  Code  Gb  usbh_core.o [2]
USBH_LL_DriverVBUS       0x801'a135    0x1c  Code  Gb  usbh_conf.o [2]
USBH_LL_GetLastXferSize
                         0x801'a093     0xe  Code  Gb  usbh_conf.o [2]
USBH_LL_GetSpeed         0x801'a051    0x2a  Code  Gb  usbh_conf.o [2]
USBH_LL_GetToggle        0x801'a189    0x36  Code  Gb  usbh_conf.o [2]
USBH_LL_GetURBState      0x801'a127     0xe  Code  Gb  usbh_conf.o [2]
USBH_LL_IncTimer         0x801'b71d    0x12  Code  Gb  usbh_core.o [2]
USBH_LL_Init             0x801'9fb9    0x50  Code  Gb  usbh_conf.o [2]
USBH_LL_OpenPipe         0x801'a0a1    0x30  Code  Gb  usbh_conf.o [2]
USBH_LL_PortDisabled     0x801'b751     0x8  Code  Gb  usbh_core.o [2]
USBH_LL_PortEnabled      0x801'b749     0x8  Code  Gb  usbh_core.o [2]
USBH_LL_ResetPort        0x801'a07b    0x18  Code  Gb  usbh_conf.o [2]
USBH_LL_SetTimer         0x801'b717     0x6  Code  Gb  usbh_core.o [2]
USBH_LL_SetToggle        0x801'a151    0x38  Code  Gb  usbh_conf.o [2]
USBH_LL_Start            0x801'a021    0x18  Code  Gb  usbh_conf.o [2]
USBH_LL_Stop             0x801'a039    0x18  Code  Gb  usbh_conf.o [2]
USBH_LL_SubmitURB        0x801'a0eb    0x3c  Code  Gb  usbh_conf.o [2]
USBH_MSC_BOT_Abort       0x802'3315    0x30  Code  Lc  usbh_msc_bot.o [2]
USBH_MSC_BOT_Init        0x802'304f    0x22  Code  Gb  usbh_msc_bot.o [2]
USBH_MSC_BOT_Process     0x802'3071   0x2a4  Code  Gb  usbh_msc_bot.o [2]
USBH_MSC_BOT_REQ_GetMaxLUN
                         0x802'3031    0x1e  Code  Gb  usbh_msc_bot.o [2]
USBH_MSC_BOT_REQ_Reset   0x802'3011    0x20  Code  Gb  usbh_msc_bot.o [2]
USBH_MSC_ClassRequest    0x802'292f    0x90  Code  Lc  usbh_msc.o [2]
USBH_MSC_DecodeCSW       0x802'3345    0x54  Code  Lc  usbh_msc_bot.o [2]
USBH_MSC_GetLUNInfo      0x802'2eab    0x2e  Code  Gb  usbh_msc.o [2]
USBH_MSC_InterfaceDeInit
                         0x802'28d1    0x5e  Code  Lc  usbh_msc.o [2]
USBH_MSC_InterfaceInit   0x802'275d   0x174  Code  Lc  usbh_msc.o [2]
USBH_MSC_Process         0x802'29bf   0x380  Code  Lc  usbh_msc.o [2]
USBH_MSC_RdWrProcess     0x802'2d43   0x140  Code  Lc  usbh_msc.o [2]
USBH_MSC_Read            0x802'2ed9    0x9c  Code  Gb  usbh_msc.o [2]
USBH_MSC_SCSI_Inquiry    0x802'34af   0x100  Code  Gb  usbh_msc_scsi.o [2]
USBH_MSC_SCSI_Read       0x802'36f7    0x9c  Code  Gb  usbh_msc_scsi.o [2]
USBH_MSC_SCSI_ReadCapacity
                         0x802'3409    0xa6  Code  Gb  usbh_msc_scsi.o [2]
USBH_MSC_SCSI_RequestSense
                         0x802'35af    0xac  Code  Gb  usbh_msc_scsi.o [2]
USBH_MSC_SCSI_TestUnitReady
                         0x802'33a9    0x60  Code  Gb  usbh_msc_scsi.o [2]
USBH_MSC_SCSI_Write      0x802'365b    0x9c  Code  Gb  usbh_msc_scsi.o [2]
USBH_MSC_SOFProcess      0x802'2d3f     0x4  Code  Lc  usbh_msc.o [2]
USBH_MSC_UnitIsReady     0x802'2e83    0x28  Code  Gb  usbh_msc.o [2]
USBH_MSC_Write           0x802'2f75    0x9c  Code  Gb  usbh_msc.o [2]
USBH_OpenPipe            0x801'c157    0x24  Code  Gb  usbh_pipes.o [2]
USBH_ParseCfgDesc        0x801'c3f3    0xd0  Code  Lc  usbh_ctlreq.o [2]
USBH_ParseDevDesc        0x801'c397    0x5c  Code  Lc  usbh_ctlreq.o [2]
USBH_ParseEPDesc         0x801'c4e9    0x20  Code  Lc  usbh_ctlreq.o [2]
USBH_ParseInterfaceDesc
                         0x801'c4c3    0x26  Code  Lc  usbh_ctlreq.o [2]
USBH_ParseStringDesc     0x801'c509    0x40  Code  Lc  usbh_ctlreq.o [2]
USBH_Process             0x801'b181   0x2d8  Code  Gb  usbh_core.o [2]
USBH_RegisterClass       0x801'b0b7    0x2e  Code  Gb  usbh_core.o [2]
USBH_SelectInterface     0x801'b0e5    0x20  Code  Gb  usbh_core.o [2]
USBH_SetAddress          0x801'c301    0x26  Code  Gb  usbh_ctlreq.o [2]
USBH_SetCfg              0x801'c327    0x24  Code  Gb  usbh_ctlreq.o [2]
USBH_SetFeature          0x801'c34b    0x26  Code  Gb  usbh_ctlreq.o [2]
USBH_Start               0x801'b16b    0x16  Code  Gb  usbh_core.o [2]
USBH_UserProcess         0x801'e155    0x3a  Code  Lc  usb_host.o [2]
USBH_initialize          0x802'403d     0x4  Code  Gb  usbh_diskio.o [2]
USBH_ioctl               0x802'40f7    0x86  Code  Gb  usbh_diskio.o [2]
USBH_msc                0x2000'0048    0x20  Data  Gb  usbh_msc.o [2]
USBH_read                0x802'405d    0x48  Code  Gb  usbh_diskio.o [2]
USBH_status              0x802'4041    0x1c  Code  Gb  usbh_diskio.o [2]
USBH_write               0x802'40a5    0x52  Code  Gb  usbh_diskio.o [2]
USB_CoreInit             0x801'a1f1    0x80  Code  Gb  stm32f4xx_ll_usb.o [2]
USB_CoreReset            0x801'a373    0x32  Code  Lc  stm32f4xx_ll_usb.o [2]
USB_DisableGlobalInt     0x801'a27d     0xc  Code  Gb  stm32f4xx_ll_usb.o [2]
USB_DoPing               0x801'aabb    0x3c  Code  Gb  stm32f4xx_ll_usb.o [2]
USB_DriveVbus            0x801'a53f    0x4e  Code  Gb  stm32f4xx_ll_usb.o [2]
USB_EnableGlobalInt      0x801'a271     0xc  Code  Gb  stm32f4xx_ll_usb.o [2]
USB_FlushRxFifo          0x801'a2e3    0x1e  Code  Gb  stm32f4xx_ll_usb.o [2]
USB_FlushTxFifo          0x801'a2c1    0x22  Code  Gb  stm32f4xx_ll_usb.o [2]
USB_GetCurrentFrame      0x801'a5a5     0xa  Code  Gb  stm32f4xx_ll_usb.o [2]
USB_GetHostSpeed         0x801'a58d    0x18  Code  Gb  stm32f4xx_ll_usb.o [2]
USB_GetMode              0x801'a36b     0x8  Code  Gb  stm32f4xx_ll_usb.o [2]
USB_HC_Halt              0x801'a959   0x162  Code  Gb  stm32f4xx_ll_usb.o [2]
USB_HC_Init              0x801'a5af   0x1de  Code  Gb  stm32f4xx_ll_usb.o [2]
USB_HC_ReadInterrupt     0x801'a94f     0xa  Code  Gb  stm32f4xx_ll_usb.o [2]
USB_HC_StartXfer         0x801'a78d   0x1c2  Code  Gb  stm32f4xx_ll_usb.o [2]
USB_HC_StartXfer::tmpreg
                        0x2000'4118     0x4  Data  Lc  stm32f4xx_ll_usb.o [2]
USB_HOST_Init            0x801'e111    0x38  Code  Gb  usb_host.o [2]
USB_HOST_Process         0x801'e149     0xa  Code  Gb  usb_host.o [2]
USB_HOST_VbusFS          0x801'c0dd    0x20  Code  Gb  usbh_platform.o [2]
USB_HostInit             0x801'a3ad   0x102  Code  Gb  stm32f4xx_ll_usb.o [2]
USB_InitFSLSPClkSel      0x801'a4b1    0x4e  Code  Gb  stm32f4xx_ll_usb.o [2]
USB_ReadInterrupts       0x801'a361     0xa  Code  Gb  stm32f4xx_ll_usb.o [2]
USB_ReadPacket           0x801'a33d    0x24  Code  Gb  stm32f4xx_ll_usb.o [2]
USB_ResetPort            0x801'a4ff    0x40  Code  Gb  stm32f4xx_ll_usb.o [2]
USB_SetCurrentMode       0x801'a289    0x38  Code  Gb  stm32f4xx_ll_usb.o [2]
USB_StopHost             0x801'ab15    0xa0  Code  Gb  stm32f4xx_ll_usb.o [2]
USB_WritePacket          0x801'a305    0x38  Code  Gb  stm32f4xx_ll_usb.o [2]
UTF8toANSI(char *)       0x801'e19d    0x3a  Code  Gb  unicode_utils.o [2]
UTF8toUnicode(char *)    0x801'e1e1    0x44  Code  Gb  unicode_utils.o [2]
UnicodeToANSI(unsigned short)
                         0x801'e25b    0x34  Code  Gb  unicode_utils.o [2]
UnicodeToANSI_Str(char *, unsigned short *, unsigned short)
                         0x801'e303    0x5c  Code  Gb  unicode_utils.o [2]
UnicodeToUTF8(unsigned short)
                         0x801'e225    0x36  Code  Gb  unicode_utils.o [2]
UnicodeToUTF8_Str(char *, unsigned short *, unsigned short)
                         0x801'e28f    0x74  Code  Gb  unicode_utils.o [2]
UsageFault_Handler       0x802'4af1     0x2  Code  Gb  stm32f4xx_it.o [2]
UsbFS                   0x2000'00f0  0x1038  Data  Gb  fatfs.o [2]
UsbPath                 0x2000'40f0     0x8  Data  Gb  fatfs.o [2]
_Encoding_8859_1_Mbrlen
                         0x801'acad     0x2  Code  Gb  xencoding_8859_1.o [3]
_Encoding_8859_1_Wctomb
                         0x801'ac9b    0x12  Code  Gb  xencoding_8859_1.o [3]
_GenldFull               0x802'07c9   0x274  Code  Lc  xprintffull.o [3]
_LdtobFull               0x802'03c5   0x3d6  Code  Lc  xprintffull.o [3]
_LitobFull               0x802'0275   0x10a  Code  Lc  xprintffull.o [3]
_Locale_lconv           0x2000'0068    0x38  Data  Lc  xlocale_c.o [3]
_PrintfFull              0x801'fba9   0x1aa  Code  Gb  xprintffull.o [3]
_PutcharsFull            0x802'0a3d    0x2e  Code  Lc  xprintffull.o [3]
_PutfldFull              0x801'fde5   0x2d4  Code  Lc  xprintffull.o [3]
_PutstrFull              0x802'01af    0xc6  Code  Lc  xprintffull.o [3]
_PuttxtFull              0x802'00b9    0xf6  Code  Lc  xprintffull.o [3]
_SProut                  0x801'b79f     0xa  Code  Gb  xsprout.o [3]
__NVIC_EnableIRQ         0x801'aef9    0x1c  Code  Lc  stm32f4xx_hal_cortex.o [2]
__NVIC_GetPriorityGrouping
                         0x801'aeef     0xa  Code  Lc  stm32f4xx_hal_cortex.o [2]
__NVIC_SetPriority       0x801'af15    0x24  Code  Lc  stm32f4xx_hal_cortex.o [2]
__NVIC_SetPriorityGrouping
                         0x801'aed5    0x1a  Code  Lc  stm32f4xx_hal_cortex.o [2]
___spifl_wait_cs         0x801'f723    0x20  Code  Gb  spi_flash.o [2]
__aeabi_cdcmple          0x802'10fd          Code  Gb  DblCmpLe.o [4]
__aeabi_cdrcmple         0x802'112d          Code  Gb  DblCmpGe.o [4]
__aeabi_d2iz             0x802'1299          Code  Gb  DblToS32.o [4]
__aeabi_d2uiz            0x802'1625          Code  Gb  DblToU32.o [4]
__aeabi_ddiv             0x802'13dd          Code  Gb  DblDiv.o [4]
__aeabi_dmul             0x802'0ee9          Code  Gb  DblMul.o [4]
__aeabi_dsub             0x802'12f9          Code  Gb  DblSub.o [4]
__aeabi_i2d              0x802'12d5          Code  Gb  S32ToDbl.o [4]
__aeabi_memclr4          0x801'ac95          Code  Gb  ABImemclr4.o [5]
__aeabi_memcpy           0x801'abb5          Code  Gb  ABImemcpy.o [5]
__aeabi_memcpy4          0x801'abd5          Code  Gb  ABImemcpy.o [5]
__aeabi_memcpy8          0x801'abd5          Code  Gb  ABImemcpy.o [5]
__aeabi_memset           0x801'f6bd          Code  Gb  ABImemset.o [5]
__aeabi_ui2d             0x802'164d          Code  Gb  U32ToDbl.o [4]
__aeabi_uldivmod         0x802'0af1          Code  Gb  I64DivMod.o [5]
__cmain                  0x802'4eb1          Code  Gb  cmain.o [5]
__data_GetMemChunk       0x801'7d91    0x2c  Code  Gb  xgetmemchunk.o [3]
__data_GetMemChunk::start
                        0x2000'4124     0x4  Data  Lc  xgetmemchunk.o [3]
__exit                   0x801'7dbd    0x14  Code  Gb  exit.o [6]
__iar_Fail_s             0x802'0e0d    0x1c  Code  Gb  xfail_s.o [3]
__iar_Mbcurmax           0x802'0edd     0xa  Code  Gb  xmbcurmax.o [3]
__iar_Memchr             0x802'0e85          Code  Gb  memchr.o [5]
__iar_Memset             0x801'f6bd          Code  Gb  ABImemset.o [5]
__iar_Memset4_word       0x801'c125          Code  Gb  ABImemset48.o [5]
__iar_Memset8_word       0x801'c125          Code  Gb  ABImemset48.o [5]
__iar_Memset_word        0x801'f6c5          Code  Gb  ABImemset.o [5]
__iar_Strchr             0x802'0df5          Code  Gb  strchr.o [5]
__iar_dadd               0x802'1309          Code  Gb  DblSub.o [4]
__iar_data_init3         0x802'4d19    0x28  Code  Gb  data_init.o [5]
__iar_debug_exceptions   0x801'c0da     0x1  Data  Gb  unwind_debug.o [6]
__iar_dlfree             0x801'780f   0x4f6  Code  Gb  dlmalloc.o [3]
__iar_dlmalloc           0x801'7559   0x2b6  Code  Gb  dlmalloc.o [3]
__iar_dsub               0x802'174d          Code  Gb  DblAdd.o [4]
__iar_dsubStart          0x802'175f          Code  Gb  DblAdd.o [4]
__iar_frexp              0x802'1099          Code  Gb  frexp.o [4]
__iar_frexpl             0x802'1099          Code  Gb  frexp.o [4]
__iar_globLocale        0x2000'00a0    0x48  Data  Lc  xlocale_c.o [3]
__iar_global_Locale      0x802'0d7d     0x4  Code  Gb  xlocale_c.o [3]
__iar_init_vfp           0x802'4dad          Code  Gb  fpinit_M.o [4]
__iar_ldexp64            0x802'115d          Code  Gb  ldexp.o [4]
__iar_lz77_init_single3
                         0x801'7d17    0x7a  Code  Gb  lz77_init_single.o [5]
__iar_program_start      0x802'5069          Code  Gb  cstartup_M.o [5]
__iar_scalbln64          0x802'115d          Code  Gb  ldexp.o [4]
__iar_scalbn64           0x802'115d          Code  Gb  ldexp.o [4]
__iar_softfp___iar_frexp64
                         0x802'108d          Code  Gb  frexp.o [4]
__iar_softfp_frexp       0x802'108d          Code  Gb  frexp.o [4]
__iar_softfp_frexpl      0x802'108d          Code  Gb  frexp.o [4]
__iar_zero_init3         0x801'ac5b    0x3a  Code  Gb  zero_init3.o [5]
__low_level_init         0x802'4ecf     0x4  Code  Gb  low_level_init.o [3]
__vector_table           0x801'0000          Data  Gb  startup_stm32f407xx.o [2]
_call_main               0x802'4ebd          Code  Gb  cmain.o [5]
_exit                    0x802'4ed9          Code  Gb  cexit.o [5]
_flash_SPIGetFlags       0x801'cd5f     0xa  Code  Gb  fst_spi.o [2]
_gLocale_mblen           0x802'0de1     0x4  Code  Gb  xlocale_c.o [3]
_gLocale_mblenInt        0x802'0da5    0x2c  Code  Gb  xlocale_c.o [3]
_gLocale_wctomb          0x802'0de5     0x4  Code  Gb  xlocale_c.o [3]
_gLocale_wctombInt       0x802'0ddd     0x4  Code  Gb  xlocale_c.o [3]
_gm_                    0x2000'3a24   0x1d8  Data  Lc  dlmalloc.o [3]
_main                    0x802'4ecb          Code  Gb  cmain.o [5]
_spifl_WaitBusy          0x801'd059    0x4a  Code  Gb  spi_flash.o [2]
_spifl_WriteEnable       0x801'd0a3    0x2c  Code  Gb  spi_flash.o [2]
_spifl_bust_counts      0x2000'410c     0x4  Data  Gb  spi_flash.o [2]
_spifl_info             0x2000'40e4     0xc  Data  Gb  spi_flash.o [2]
_touch_ReadCoords        0x801'c93d    0xc8  Code  Gb  touch.o [2]
_touch_RefreshState      0x801'ca05    0xc0  Code  Gb  touch.o [2]
abort                    0x801'7d11     0x6  Code  Gb  abort.o [3]
add_segment              0x801'6bf9   0x1f2  Code  Lc  dlmalloc.o [3]
check_fs                 0x801'1635    0x76  Code  Lc  ff.o [2]
chk_chr                  0x801'020f    0x14  Code  Lc  ff.o [2]
clst2sect                0x801'0403    0x1a  Code  Lc  ff.o [2]
cmp_lfn                  0x801'0afd    0xa0  Code  Lc  ff.o [2]
create_chain             0x801'0711   0x130  Code  Lc  ff.o [2]
create_name              0x801'12c1   0x286  Code  Lc  ff.o [2]
create_partition         0x801'2355   0x1a8  Code  Lc  ff.o [2]
d                       0x2000'4110     0x4  Data  Gb  spi_flash.o [2]
dbc_1st                  0x801'0223     0xe  Code  Lc  ff.o [2]
dbc_2nd                  0x801'0231     0xe  Code  Lc  ff.o [2]
dir_alloc                0x801'0a49    0x64  Code  Lc  ff.o [2]
dir_clear                0x801'0841    0x64  Code  Lc  ff.o [2]
dir_find                 0x801'0e7b   0x118  Code  Lc  ff.o [2]
dir_next                 0x801'0957    0xf2  Code  Lc  ff.o [2]
dir_read                 0x801'0d7b   0x100  Code  Lc  ff.o [2]
dir_register             0x801'0f93   0x166  Code  Lc  ff.o [2]
dir_sdi                  0x801'08a5    0xb2  Code  Lc  ff.o [2]
disk                    0x2000'40c4    0x10  Data  Gb  ff_gen_drv.o [2]
disk_initialize          0x801'2bdf    0x32  Code  Gb  diskio.o [2]
disk_ioctl               0x801'2c4d    0x20  Code  Gb  diskio.o [2]
disk_read                0x801'2c11    0x1e  Code  Gb  diskio.o [2]
disk_status              0x801'2bc1    0x1e  Code  Gb  diskio.o [2]
disk_write               0x801'2c2f    0x1e  Code  Gb  diskio.o [2]
exit                     0x802'4ed3     0x4  Code  Gb  exit.o [3]
f_close                  0x801'2147    0x2a  Code  Gb  ff.o [2]
f_getfree                0x801'2255   0x100  Code  Gb  ff.o [2]
f_mkfs                   0x801'24fd   0x692  Code  Gb  ff.o [2]
f_mkfs::cst              0x802'4fb8    0x10  Data  Lc  ff.o [2]
f_mkfs::cst32            0x802'4fc8    0x10  Data  Lc  ff.o [2]
f_mkfs::defopt           0x802'4fd8    0x10  Data  Lc  ff.o [2]
f_mount                  0x801'1a2b    0x54  Code  Gb  ff.o [2]
f_open                   0x801'1aa9   0x21a  Code  Gb  ff.o [2]
f_opendir                0x801'2171    0x88  Code  Gb  ff.o [2]
f_read                   0x801'1cc3   0x1cc  Code  Gb  ff.o [2]
f_readdir                0x801'21f9    0x5c  Code  Gb  ff.o [2]
f_sync                   0x801'20a7    0xa0  Code  Gb  ff.o [2]
f_write                  0x801'1e8f   0x218  Code  Gb  ff.o [2]
ff_oem2uni               0x801'2cb7    0x3a  Code  Gb  ffunicode.o [2]
ff_uni2oem               0x801'2c71    0x46  Code  Gb  ffunicode.o [2]
ff_wtoupper              0x801'2cf1    0xb6  Code  Gb  ffunicode.o [2]
ff_wtoupper::cvt1        0x802'3e48   0x1f4  Data  Lc  ffunicode.o [2]
ff_wtoupper::cvt2        0x802'49ac    0xbc  Data  Lc  ffunicode.o [2]
file                    0x2000'2160  0x1028  Data  Gb  main.o [2]
find_volume              0x801'16b1    0x6c  Code  Lc  ff.o [2]
fnt12_data               0x802'3794   0x6b4  Data  Gb  fnt12.o [2]
fnt12_width              0x802'4180   0x140  Data  Gb  fnt12.o [2]
fnt18_data               0x802'18b8   0xea4  Data  Gb  fnt18.o [2]
fnt18_width              0x802'42c0   0x140  Data  Gb  fnt18.o [2]
fnt18bold_data           0x801'7dd0  0x10c8  Data  Gb  fnt18bold.o [2]
fnt18bold_width          0x802'4400   0x140  Data  Gb  fnt18bold.o [2]
fnt24_data               0x801'4ed4  0x195c  Data  Gb  fnt24.o [2]
fnt24_width              0x802'4540   0x140  Data  Gb  fnt24.o [2]
fnt24bold_data           0x801'2e40  0x2094  Data  Gb  fnt24bold.o [2]
fnt24bold_width          0x802'4680   0x140  Data  Gb  fnt24bold.o [2]
follow_path              0x801'154d    0x9a  Code  Lc  ff.o [2]
font_fnt12              0x2000'0000     0xc  Data  Gb  fnt12.o [2]
font_fnt18              0x2000'000c     0xc  Data  Gb  fnt18.o [2]
font_fnt18bold          0x2000'0018     0xc  Data  Gb  fnt18bold.o [2]
font_fnt24              0x2000'0024     0xc  Data  Gb  fnt24.o [2]
font_fnt24bold          0x2000'0030     0xc  Data  Gb  fnt24bold.o [2]
free                     0x802'33a5     0x4  Code  Gb  heaptramp0.o [3]
gen_numname              0x801'0cb9    0xa2  Code  Lc  ff.o [2]
get_fat                  0x801'041d   0x10a  Code  Lc  ff.o [2]
get_fattime              0x801'2de9     0x4  Code  Gb  fatfs.o [2]
get_fileinfo             0x801'10f9   0x1c8  Code  Lc  ff.o [2]
get_ldnumber             0x801'15e7    0x4e  Code  Lc  ff.o [2]
hFlashSpi               0x2000'3d7c    0x80  Data  Gb  fst_spi.o [2]
hFlashSpiDmaRx          0x2000'3f1c    0x60  Data  Gb  fst_spi.o [2]
hFlashSpiDmaTx          0x2000'3f7c    0x60  Data  Gb  fst_spi.o [2]
hLcdDma                 0x2000'3fdc    0x60  Data  Gb  lcd_low.o [2]
hRTC                    0x2000'408c    0x20  Data  Gb  rtc.o [2]
hTouchSpi               0x2000'3cfc    0x80  Data  Gb  fst_spi.o [2]
hTouchSpiDmaRx          0x2000'3dfc    0x60  Data  Gb  fst_spi.o [2]
hTouchSpiDmaTx          0x2000'3e5c    0x60  Data  Gb  fst_spi.o [2]
hUsbHost                0x2000'3188   0x3d8  Data  Gb  usb_host.o [2]
hhcd_USB_OTG_FS         0x2000'3560   0x2c4  Data  Gb  usbh_conf.o [2]
hsram1                  0x2000'403c    0x50  Data  Gb  fsmc.o [2]
init_mparams             0x801'684b    0x32  Code  Lc  dlmalloc.o [3]
init_top                 0x801'687d    0x36  Code  Lc  dlmalloc.o [3]
lcdui_bgcolor           0x2000'4130     0x2  Data  Gb  lcd_ui.o [2]
lcdui_color             0x2000'00ec     0x2  Data  Gb  lcd_ui.o [2]
lcdui_current_font      0x2000'003c     0x4  Data  Gb  lcd_ui.o [2]
lcdui_cursor_x          0x2000'412c     0x2  Data  Gb  lcd_ui.o [2]
lcdui_cursor_y          0x2000'412e     0x2  Data  Gb  lcd_ui.o [2]
lcdui_height            0x2000'00ea     0x2  Data  Gb  lcd_ui.o [2]
lcdui_width             0x2000'00e8     0x2  Data  Gb  lcd_ui.o [2]
ld_clust                 0x801'0aad    0x26  Code  Lc  ff.o [2]
ld_dword                 0x801'0195    0x16  Code  Lc  ff.o [2]
ld_word                  0x801'0189     0xc  Code  Lc  ff.o [2]
ldexp                    0x802'115d          Code  Gb  ldexp.o [4]
ldexpl                   0x802'115d          Code  Gb  ldexp.o [4]
localeconv               0x802'0de9     0x4  Code  Gb  xlocale_c.o [3]
main                     0x801'b7a9   0x7be  Code  Gb  main.o [2]
mem_cmp                  0x801'01f1    0x1e  Code  Lc  ff.o [2]
mem_cpy                  0x801'01d1    0x14  Code  Lc  ff.o [2]
mem_set                  0x801'01e5     0xc  Code  Lc  ff.o [2]
memchr                   0x802'0e85          Code  Gb  memchr.o [5]
mount_volume             0x801'171d   0x2c6  Code  Lc  ff.o [2]
move_window              0x801'0331    0x3e  Code  Lc  ff.o [2]
mparams                 0x2000'40ac    0x18  Data  Lc  dlmalloc.o [3]
pick_lfn                 0x801'0b9d    0x90  Code  Lc  ff.o [2]
prepend_alloc            0x801'68b3   0x346  Code  Lc  dlmalloc.o [3]
put_fat                  0x801'0527   0x15c  Code  Lc  ff.o [2]
put_lfn                  0x801'0c2d    0x84  Code  Lc  ff.o [2]
put_utf                  0x801'0285    0x5c  Code  Lc  ff.o [2]
remove_chain             0x801'0683    0x8e  Code  Lc  ff.o [2]
retSPIFL                0x2000'4133     0x1  Data  Gb  fatfs.o [2]
retUSBH                 0x2000'4132     0x1  Data  Gb  fatfs.o [2]
scalbln                  0x802'115d          Code  Gb  ldexp.o [4]
scalblnl                 0x802'115d          Code  Gb  ldexp.o [4]
scalbn                   0x802'115d          Code  Gb  ldexp.o [4]
scalbnl                  0x802'115d          Code  Gb  ldexp.o [4]
scale                    0x802'037f    0x46  Code  Lc  xprintffull.o [3]
sec_hand                0x2000'4120     0x4  Data  Lc  xfail_s.o [3]
segment_holding          0x801'6831    0x1a  Code  Lc  dlmalloc.o [3]
sprintf                  0x801'e3fd    0x40  Code  Gb  sprintf.o [3]
st_clust                 0x801'0ad3    0x2a  Code  Lc  ff.o [2]
st_dword                 0x801'01b9    0x18  Code  Lc  ff.o [2]
st_word                  0x801'01ab     0xe  Code  Lc  ff.o [2]
strchr                   0x802'0df5          Code  Gb  strchr.o [5]
strlen                   0x802'0e4d          Code  Gb  strlen.o [5]
sum_sfn                  0x801'0d5b    0x20  Code  Lc  ff.o [2]
sync_fs                  0x801'036f    0x94  Code  Lc  ff.o [2]
sync_window              0x801'02e1    0x50  Code  Lc  ff.o [2]
sys_alloc                0x801'6df1   0x164  Code  Lc  dlmalloc.o [3]
sys_trim                 0x801'6f55    0x64  Code  Lc  dlmalloc.o [3]
tchar2uni                0x801'023f    0x46  Code  Lc  ff.o [2]
tmalloc_large            0x801'6fc5   0x386  Code  Lc  dlmalloc.o [3]
tmalloc_small            0x801'734b   0x200  Code  Lc  dlmalloc.o [3]
touch_buff              0x2000'3ebc    0x60  Data  Gb  fst_spi.o [2]
touch_info              0x2000'40d4    0x10  Data  Gb  touch.o [2]
touch_point             0x2000'411c     0x4  Data  Gb  touch.o [2]
tstrcat(unsigned short *, unsigned short *)
                         0x801'e381    0x2c  Code  Gb  unicode_utils.o [2]
tstrcat_utf(unsigned short *, char *)
                         0x801'e3ad    0x44  Code  Gb  unicode_utils.o [2]
tstrcpy(unsigned short *, unsigned short *)
                         0x801'e35f    0x22  Code  Gb  unicode_utils.o [2]
uc866                    0x802'47c0   0x100  Data  Lc  ffunicode.o [2]
uibuff                  0x2000'4138  0x2000  Data  Gb  main.o [2]
uwTick                  0x2000'4114     0x4  Data  Gb  stm32f4xx_hal.o [2]
uwTickFreq              0x2000'00ee     0x1  Data  Gb  stm32f4xx_hal.o [2]
uwTickPrio              0x2000'0040     0x4  Data  Gb  stm32f4xx_hal.o [2]
validate                 0x801'19e3    0x48  Code  Lc  ff.o [2]


[1] = D:\Electronics\Projects\MKS_DLP_new\SRC\IMGS\original
[2] = D:\Electronics\Projects\MKS_DLP_new\SRC\firmware\MKS_DLP_new_debug\Obj
[3] = dl7M_tlf.a
[4] = m7M_tls.a
[5] = rt7M_tl.a
[6] = shb_l.a

  57 839 bytes of readonly  code memory
  28 501 bytes of readonly  data memory
  37 173 bytes of readwrite data memory

Errors: none
Warnings: none
