###############################################################################
#
# IAR ELF Linker V8.32.1.169/W32 for ARM                  27/Jul/2020  19:49:42
# Copyright 2007-2018 IAR Systems AB.
#
#    Output file  =  
#        D:\Electronics\Projects\MKS_DLP_new\SRC\firmware\MKS_DLP_new_debug\Exe\MKS_DLP_new.out
#    Map file     =  
#        D:\Electronics\Projects\MKS_DLP_new\SRC\firmware\MKS_DLP_new_debug\List\MKS_DLP_new.map
#    Command line =  
#        -f C:\Temp\EWC429.tmp
#        (D:\Electronics\Projects\MKS_DLP_new\SRC\firmware\MKS_DLP_new_debug\Obj\diskio.o
#        D:\Electronics\Projects\MKS_DLP_new\SRC\firmware\MKS_DLP_new_debug\Obj\fatfs.o
#        D:\Electronics\Projects\MKS_DLP_new\SRC\firmware\MKS_DLP_new_debug\Obj\ff.o
#        D:\Electronics\Projects\MKS_DLP_new\SRC\firmware\MKS_DLP_new_debug\Obj\ff_gen_drv.o
#        D:\Electronics\Projects\MKS_DLP_new\SRC\firmware\MKS_DLP_new_debug\Obj\ffsystem.o
#        D:\Electronics\Projects\MKS_DLP_new\SRC\firmware\MKS_DLP_new_debug\Obj\ffunicode.o
#        D:\Electronics\Projects\MKS_DLP_new\SRC\firmware\MKS_DLP_new_debug\Obj\fnt12.o
#        D:\Electronics\Projects\MKS_DLP_new\SRC\firmware\MKS_DLP_new_debug\Obj\fnt18.o
#        D:\Electronics\Projects\MKS_DLP_new\SRC\firmware\MKS_DLP_new_debug\Obj\fnt18bold.o
#        D:\Electronics\Projects\MKS_DLP_new\SRC\firmware\MKS_DLP_new_debug\Obj\fnt24.o
#        D:\Electronics\Projects\MKS_DLP_new\SRC\firmware\MKS_DLP_new_debug\Obj\fnt24bold.o
#        D:\Electronics\Projects\MKS_DLP_new\SRC\firmware\MKS_DLP_new_debug\Obj\fsmc.o
#        D:\Electronics\Projects\MKS_DLP_new\SRC\firmware\MKS_DLP_new_debug\Obj\fst_spi.o
#        D:\Electronics\Projects\MKS_DLP_new\SRC\firmware\MKS_DLP_new_debug\Obj\gpio.o
#        D:\Electronics\Projects\MKS_DLP_new\SRC\firmware\MKS_DLP_new_debug\Obj\lcd_low.o
#        D:\Electronics\Projects\MKS_DLP_new\SRC\firmware\MKS_DLP_new_debug\Obj\lcd_ui.o
#        D:\Electronics\Projects\MKS_DLP_new\SRC\firmware\MKS_DLP_new_debug\Obj\main.o
#        D:\Electronics\Projects\MKS_DLP_new\SRC\firmware\MKS_DLP_new_debug\Obj\rtc.o
#        D:\Electronics\Projects\MKS_DLP_new\SRC\firmware\MKS_DLP_new_debug\Obj\spi_flash.o
#        D:\Electronics\Projects\MKS_DLP_new\SRC\firmware\MKS_DLP_new_debug\Obj\spifl_diskio.o
#        D:\Electronics\Projects\MKS_DLP_new\SRC\firmware\MKS_DLP_new_debug\Obj\startup_stm32f407xx.o
#        D:\Electronics\Projects\MKS_DLP_new\SRC\firmware\MKS_DLP_new_debug\Obj\stm32f4xx_hal.o
#        D:\Electronics\Projects\MKS_DLP_new\SRC\firmware\MKS_DLP_new_debug\Obj\stm32f4xx_hal_cortex.o
#        D:\Electronics\Projects\MKS_DLP_new\SRC\firmware\MKS_DLP_new_debug\Obj\stm32f4xx_hal_dma.o
#        D:\Electronics\Projects\MKS_DLP_new\SRC\firmware\MKS_DLP_new_debug\Obj\stm32f4xx_hal_dma_ex.o
#        D:\Electronics\Projects\MKS_DLP_new\SRC\firmware\MKS_DLP_new_debug\Obj\stm32f4xx_hal_exti.o
#        D:\Electronics\Projects\MKS_DLP_new\SRC\firmware\MKS_DLP_new_debug\Obj\stm32f4xx_hal_flash.o
#        D:\Electronics\Projects\MKS_DLP_new\SRC\firmware\MKS_DLP_new_debug\Obj\stm32f4xx_hal_flash_ex.o
#        D:\Electronics\Projects\MKS_DLP_new\SRC\firmware\MKS_DLP_new_debug\Obj\stm32f4xx_hal_flash_ramfunc.o
#        D:\Electronics\Projects\MKS_DLP_new\SRC\firmware\MKS_DLP_new_debug\Obj\stm32f4xx_hal_gpio.o
#        D:\Electronics\Projects\MKS_DLP_new\SRC\firmware\MKS_DLP_new_debug\Obj\stm32f4xx_hal_hcd.o
#        D:\Electronics\Projects\MKS_DLP_new\SRC\firmware\MKS_DLP_new_debug\Obj\stm32f4xx_hal_msp.o
#        D:\Electronics\Projects\MKS_DLP_new\SRC\firmware\MKS_DLP_new_debug\Obj\stm32f4xx_hal_pwr.o
#        D:\Electronics\Projects\MKS_DLP_new\SRC\firmware\MKS_DLP_new_debug\Obj\stm32f4xx_hal_pwr_ex.o
#        D:\Electronics\Projects\MKS_DLP_new\SRC\firmware\MKS_DLP_new_debug\Obj\stm32f4xx_hal_rcc.o
#        D:\Electronics\Projects\MKS_DLP_new\SRC\firmware\MKS_DLP_new_debug\Obj\stm32f4xx_hal_rcc_ex.o
#        D:\Electronics\Projects\MKS_DLP_new\SRC\firmware\MKS_DLP_new_debug\Obj\stm32f4xx_hal_rtc.o
#        D:\Electronics\Projects\MKS_DLP_new\SRC\firmware\MKS_DLP_new_debug\Obj\stm32f4xx_hal_rtc_ex.o
#        D:\Electronics\Projects\MKS_DLP_new\SRC\firmware\MKS_DLP_new_debug\Obj\stm32f4xx_hal_spi.o
#        D:\Electronics\Projects\MKS_DLP_new\SRC\firmware\MKS_DLP_new_debug\Obj\stm32f4xx_hal_sram.o
#        D:\Electronics\Projects\MKS_DLP_new\SRC\firmware\MKS_DLP_new_debug\Obj\stm32f4xx_hal_tim.o
#        D:\Electronics\Projects\MKS_DLP_new\SRC\firmware\MKS_DLP_new_debug\Obj\stm32f4xx_hal_tim_ex.o
#        D:\Electronics\Projects\MKS_DLP_new\SRC\firmware\MKS_DLP_new_debug\Obj\stm32f4xx_it.o
#        D:\Electronics\Projects\MKS_DLP_new\SRC\firmware\MKS_DLP_new_debug\Obj\stm32f4xx_ll_fsmc.o
#        D:\Electronics\Projects\MKS_DLP_new\SRC\firmware\MKS_DLP_new_debug\Obj\stm32f4xx_ll_usb.o
#        D:\Electronics\Projects\MKS_DLP_new\SRC\firmware\MKS_DLP_new_debug\Obj\sys_timer.o
#        D:\Electronics\Projects\MKS_DLP_new\SRC\firmware\MKS_DLP_new_debug\Obj\system_stm32f4xx.o
#        D:\Electronics\Projects\MKS_DLP_new\SRC\firmware\MKS_DLP_new_debug\Obj\tgui.o
#        D:\Electronics\Projects\MKS_DLP_new\SRC\firmware\MKS_DLP_new_debug\Obj\touch.o
#        D:\Electronics\Projects\MKS_DLP_new\SRC\firmware\MKS_DLP_new_debug\Obj\unicode_utils.o
#        D:\Electronics\Projects\MKS_DLP_new\SRC\firmware\MKS_DLP_new_debug\Obj\usb_host.o
#        D:\Electronics\Projects\MKS_DLP_new\SRC\firmware\MKS_DLP_new_debug\Obj\usbh_conf.o
#        D:\Electronics\Projects\MKS_DLP_new\SRC\firmware\MKS_DLP_new_debug\Obj\usbh_core.o
#        D:\Electronics\Projects\MKS_DLP_new\SRC\firmware\MKS_DLP_new_debug\Obj\usbh_ctlreq.o
#        D:\Electronics\Projects\MKS_DLP_new\SRC\firmware\MKS_DLP_new_debug\Obj\usbh_diskio.o
#        D:\Electronics\Projects\MKS_DLP_new\SRC\firmware\MKS_DLP_new_debug\Obj\usbh_ioreq.o
#        D:\Electronics\Projects\MKS_DLP_new\SRC\firmware\MKS_DLP_new_debug\Obj\usbh_msc.o
#        D:\Electronics\Projects\MKS_DLP_new\SRC\firmware\MKS_DLP_new_debug\Obj\usbh_msc_bot.o
#        D:\Electronics\Projects\MKS_DLP_new\SRC\firmware\MKS_DLP_new_debug\Obj\usbh_msc_scsi.o
#        D:\Electronics\Projects\MKS_DLP_new\SRC\firmware\MKS_DLP_new_debug\Obj\usbh_pipes.o
#        D:\Electronics\Projects\MKS_DLP_new\SRC\firmware\MKS_DLP_new_debug\Obj\usbh_platform.o
#        --redirect _Printf=_PrintfFull --redirect _Scanf=_ScanfFull
#        --no_out_extension -o
#        D:\Electronics\Projects\MKS_DLP_new\SRC\firmware\MKS_DLP_new_debug\Exe\MKS_DLP_new.out
#        --image_input=D:\Electronics\Projects\MKS_DLP_new\SRC\IMGS\original\logo1.bmp,TEST_BMP,readonly,8
#        --map
#        D:\Electronics\Projects\MKS_DLP_new\SRC\firmware\MKS_DLP_new_debug\List\MKS_DLP_new.map
#        --log libraries,call_graph --log_file
#        D:\Electronics\Projects\MKS_DLP_new\SRC\firmware\MKS_DLP_new_debug\List\MKS_DLP_new.log
#        --config
#        D:\Electronics\Projects\MKS_DLP_new\SRC\firmware/config/stm32f407xx_flash.icf
#        --semihosting --entry __iar_program_start --merge_duplicate_sections
#        --vfe --text_out locale)
#
###############################################################################

*******************************************************************************
*** RUNTIME MODEL ATTRIBUTES
***

CppFlavor        = *
__CPP_Exceptions = Disabled
__CPP_Language   = C++14
__Heap_Handler   = DLMalloc
__SystemLibrary  = DLib
__dlib_version   = 6


*******************************************************************************
*** HEAP SELECTION
***

The advanced heap was selected because the application calls memory
allocation functions outside of system library functions, and there
are calls to deallocation functions in the application.


*******************************************************************************
*** PLACEMENT SUMMARY
***

"A0":  place at 0x801'0000 { ro section .intvec };
"P1":  place in [from 0x801'0000 to 0x80f'ffff] { ro };
define block CSTACK with size = 16K, alignment = 8 { };
define block HEAP with size = 8K, alignment = 8 { };
"P2":  place in [from 0x2000'0000 to 0x2001'ffff] {
          rw, block CSTACK, block HEAP };
initialize by copy { rw };

No sections matched the following patterns:

  rw section CCMRAM  in "P3"


  Section            Kind         Address     Size  Object
  -------            ----         -------     ----  ------
"A0":                                        0x188
  .intvec            ro code   0x801'0000    0x188  startup_stm32f407xx.o [2]
                             - 0x801'0188    0x188

"P1":                                      0x14180
  .rodata            const     0x801'0188   0x2094  fnt24bold.o [2]
  .text              ro code   0x801'221c   0x1f2c  ff.o [2]
  .text              ro code   0x801'4148     0xb0  diskio.o [2]
  .text              ro code   0x801'41f8    0x144  ffunicode.o [2]
  .text              ro code   0x801'433c     0x38  fatfs.o [2]
  .text              ro code   0x801'4374     0x54  ff_gen_drv.o [2]
  .rodata            const     0x801'43c8   0x195c  fnt24.o [2]
  .text              ro code   0x801'5d24   0x14e0  dlmalloc.o [3]
  .text              ro code   0x801'7204      0x6  abort.o [3]
  .text              ro code   0x801'720a     0x7a  lz77_init_single.o [5]
  .text              ro code   0x801'7284     0x2c  xgetmemchunk.o [3]
  .text              ro code   0x801'72b0     0x14  exit.o [6]
  .rodata            const     0x801'72c4   0x10c8  fnt18bold.o [2]
  .text              ro code   0x801'838c   0x1060  stm32f4xx_hal_hcd.o [2]
  .text              ro code   0x801'93ec    0x2f8  usbh_conf.o [2]
  .text              ro code   0x801'96e4    0x9c4  stm32f4xx_ll_usb.o [2]
  .text              ro code   0x801'a0a8     0xa6  ABImemcpy.o [5]
  .text              ro code   0x801'a14e     0x3a  zero_init3.o [5]
  .text              ro code   0x801'a188      0x6  ABImemclr4.o [5]
  .text              ro code   0x801'a18e     0x1e  xencoding_8859_1.o [3]
  .text              ro code   0x801'a1ac    0x21c  stm32f4xx_hal_gpio.o [2]
  .text              ro code   0x801'a3c8    0x12c  stm32f4xx_hal_cortex.o [2]
  .text              ro code   0x801'a4f4    0x79e  usbh_core.o [2]
  .text              ro code   0x801'ac92      0xa  xsprout.o [3]
  .text              ro code   0x801'ac9c    0x762  main.o [2]
  .rodata            const     0x801'b3fe      0x1  unwind_debug.o [6]
  .text              ro code   0x801'b400     0x20  usbh_platform.o [2]
  .text              ro code   0x801'b420     0x28  stm32f4xx_hal.o [2]
  .text              ro code   0x801'b448     0x32  ABImemset48.o [5]
  .text              ro code   0x801'b47a     0xb6  usbh_pipes.o [2]
  .text              ro code   0x801'b530    0x5bc  usbh_ctlreq.o [2]
  .text              ro code   0x801'baec     0x34  stm32f4xx_hal.o [2]
  .text              ro code   0x801'bb20    0x140  gpio.o [2]
  .text              ro code   0x801'bc60    0x1e8  touch.o [2]
  .text              ro code   0x801'be48    0x534  fst_spi.o [2]
  .text              ro code   0x801'c37c    0x2fc  spi_flash.o [2]
  .text              ro code   0x801'c678     0xb8  rtc.o [2]
  .text              ro code   0x801'c730    0x4dc  lcd_low.o [2]
  .text              ro code   0x801'cc0c    0x828  lcd_ui.o [2]
  .text              ro code   0x801'd434     0x8c  usb_host.o [2]
  .text              ro code   0x801'd4c0    0x1cc  unicode_utils.o [2]
  .text              ro code   0x801'd68c     0x40  sprintf.o [3]
  .text              ro code   0x801'd6cc    0x3b4  stm32f4xx_hal_rcc.o [2]
  .text              ro code   0x801'da80    0x1d4  stm32f4xx_hal_rcc.o [2]
  .text              ro code   0x801'dc54    0x150  stm32f4xx_hal_rcc_ex.o [2]
  .text              ro code   0x801'dda4      0xc  stm32f4xx_hal.o [2]
  .text              ro code   0x801'ddb0     0xd0  usbh_ioreq.o [2]
  .text              ro code   0x801'de80     0x4c  stm32f4xx_hal.o [2]
  .text              ro code   0x801'decc     0x40  stm32f4xx_hal_msp.o [2]
  .text              ro code   0x801'df0c    0x5fa  stm32f4xx_hal_spi.o [2]
  .text              ro code   0x801'e508    0x450  stm32f4xx_hal_dma.o [2]
  .text              ro code   0x801'e958     0x66  ABImemset.o [5]
  .text              ro code   0x801'e9be     0x20  spi_flash.o [2]
  .text              ro code   0x801'e9e0    0x34e  stm32f4xx_hal_rtc.o [2]
  .text              ro code   0x801'ed30    0x114  fsmc.o [2]
  .text              ro code   0x801'ee44    0xf46  xprintffull.o [3]
  .text              ro code   0x801'fd8c    0x230  I64DivMod.o [5]
  .text              ro code   0x801'ffbc     0x5c  stm32f4xx_hal_sram.o [2]
  .text              ro code   0x802'0018     0x78  xlocale_c.o [3]
  .text              ro code   0x802'0090     0x16  strchr.o [5]
  .text              ro code   0x802'00a8     0x40  xfail_s.o [3]
  .text              ro code   0x802'00e8     0x36  strlen.o [5]
  .text              ro code   0x802'0120     0x58  memchr.o [5]
  .text              ro code   0x802'0178      0xa  xmbcurmax.o [3]
  .text              ro code   0x802'0184    0x1a2  DblMul.o [4]
  .text              ro code   0x802'0328     0x70  frexp.o [4]
  .text              ro code   0x802'0398     0x2e  DblCmpLe.o [4]
  .text              ro code   0x802'03c8     0x2e  DblCmpGe.o [4]
  .text              ro code   0x802'03f8    0x13a  ldexp.o [4]
  .text              ro code   0x802'0534     0x3a  DblToS32.o [4]
  .text              ro code   0x802'0570     0x22  S32ToDbl.o [4]
  .text              ro code   0x802'0594     0xe2  DblSub.o [4]
  .text              ro code   0x802'0678    0x246  DblDiv.o [4]
  .text              ro code   0x802'08c0     0x28  DblToU32.o [4]
  .text              ro code   0x802'08e8     0x1a  U32ToDbl.o [4]
  .text              ro code   0x802'0902      0x2  stm32f4xx_hal_spi.o [2]
  .text              ro code   0x802'0904     0xe4  stm32f4xx_ll_fsmc.o [2]
  .text              ro code   0x802'09e8    0x16a  DblAdd.o [4]
  .rodata            const     0x802'0b54    0xea4  fnt18.o [2]
  .text              ro code   0x802'19f8    0x8b4  usbh_msc.o [2]
  .text              ro code   0x802'22ac    0x394  usbh_msc_bot.o [2]
  .text              ro code   0x802'2640      0x4  heaptramp0.o [3]
  .text              ro code   0x802'2644    0x3ea  usbh_msc_scsi.o [2]
  .rodata            const     0x802'2a30    0x6b4  fnt12.o [2]
  .rodata            const     0x802'30e4    0x1f4  ffunicode.o [2]
  .text              ro code   0x802'32d8    0x144  usbh_diskio.o [2]
  .rodata            const     0x802'341c    0x140  fnt12.o [2]
  .rodata            const     0x802'355c    0x140  fnt18.o [2]
  .rodata            const     0x802'369c    0x140  fnt18bold.o [2]
  .rodata            const     0x802'37dc    0x140  fnt24.o [2]
  .rodata            const     0x802'391c    0x140  fnt24bold.o [2]
  .rodata            const     0x802'3a5c    0x100  ffunicode.o [2]
  .text              ro code   0x802'3b5c     0xec  spifl_diskio.o [2]
  .rodata            const     0x802'3c48     0xbc  ffunicode.o [2]
  .rodata            const     0x802'3d04     0x80  ff.o [2]
  .text              ro code   0x802'3d84     0x6c  stm32f4xx_it.o [2]
  .text              ro code   0x802'3df0     0x64  sys_timer.o [2]
  .rodata            const     0x802'3e54     0x3c  main.o [2]
  .rodata            const     0x802'3e90     0x2c  main.o [2]
  .rodata            const     0x802'3ebc     0x2c  main.o [2]
  .rodata            const     0x802'3ee8     0x2c  main.o [2]
  .rodata            const     0x802'3f14     0x28  main.o [2]
  .rodata            const     0x802'3f3c     0x28  main.o [2]
  .text              ro code   0x802'3f64     0x28  data_init.o [5]
  .rodata            const     0x802'3f8c     0x24  main.o [2]
  .rodata            const     0x802'3fb0     0x24  main.o [2]
  .rodata            const     0x802'3fd4     0x24  main.o [2]
  .text              ro code   0x802'3ff8     0x22  fpinit_M.o [4]
  .iar.init_table    const     0x802'401c     0x20  - Linker created -
  .rodata            const     0x802'403c     0x20  main.o [2]
  .rodata            const     0x802'405c     0x20  main.o [2]
  .text              ro code   0x802'407c     0x20  system_stm32f4xx.o [2]
  .text              ro code   0x802'409c     0x1e  cmain.o [5]
  .text              ro code   0x802'40ba      0x4  low_level_init.o [3]
  .text              ro code   0x802'40be      0x4  exit.o [3]
  .text              ro code   0x802'40c4      0xa  cexit.o [5]
  .rodata            const     0x802'40d0     0x1c  main.o [2]
  .rodata            const     0x802'40ec     0x14  ff.o [2]
  .rodata            const     0x802'4100     0x14  ff.o [2]
  .rodata            const     0x802'4114     0x14  main.o [2]
  .rodata            const     0x802'4128     0x14  main.o [2]
  .rodata            const     0x802'413c     0x14  spifl_diskio.o [2]
  .rodata            const     0x802'4150     0x14  usbh_diskio.o [2]
  .rodata            const     0x802'4164     0x10  ff.o [2]
  .rodata            const     0x802'4174     0x10  ff.o [2]
  .rodata            const     0x802'4184     0x10  ff.o [2]
  .rodata            const     0x802'4194     0x10  ff.o [2]
  .rodata            const     0x802'41a4     0x10  main.o [2]
  .rodata            const     0x802'41b4     0x10  main.o [2]
  .rodata            const     0x802'41c4     0x10  main.o [2]
  .rodata            const     0x802'41d4     0x10  system_stm32f4xx.o [2]
  .text              ro code   0x802'41e4     0x10  startup_stm32f407xx.o [2]
  .rodata            const     0x802'41f4      0xc  ff.o [2]
  .rodata            const     0x802'4200      0xc  ff.o [2]
  .rodata            const     0x802'420c      0xc  main.o [2]
  .rodata            const     0x802'4218      0xc  main.o [2]
  .text              ro code   0x802'4224      0xc  cstartup_M.o [5]
  .rodata            const     0x802'4230      0x8  ff.o [2]
  .rodata            const     0x802'4238      0x8  ff.o [2]
  .rodata            const     0x802'4240      0x8  main.o [2]
  .rodata            const     0x802'4248      0x8  main.o [2]
  .rodata            const     0x802'4250      0x8  main.o [2]
  .rodata            const     0x802'4258      0x8  stm32f4xx_hal_dma.o [2]
  .rodata            const     0x802'4260      0x6  xlocale_c.o [3]
  .rodata            const     0x802'4268      0x4  rtc.o [2]
  .rodata            const     0x802'426c      0x4  usbh_msc.o [2]
  .text              ro code   0x802'4270      0x4  startup_stm32f407xx.o [2]
  .rodata            const     0x802'4274      0x0  zero_init3.o [5]
  .rodata            const     0x802'4274      0x0  lz77_init_single.o [5]
  Initializer bytes  const     0x802'4274     0x94  <for P2-1>
                             - 0x802'4308  0x14180

"P2", part 1 of 3:                            0xef
  P2-1                        0x2000'0000     0xef  <Init block>
    .data            inited   0x2000'0000      0xc  fnt12.o [2]
    .data            inited   0x2000'000c      0xc  fnt18.o [2]
    .data            inited   0x2000'0018      0xc  fnt18bold.o [2]
    .data            inited   0x2000'0024      0xc  fnt24.o [2]
    .data            inited   0x2000'0030      0xc  fnt24bold.o [2]
    .data            inited   0x2000'003c      0x4  lcd_ui.o [2]
    .data            inited   0x2000'0040      0x4  stm32f4xx_hal.o [2]
    .data            inited   0x2000'0044      0x4  system_stm32f4xx.o [2]
    .data            inited   0x2000'0048     0x20  usbh_msc.o [2]
    .data            inited   0x2000'0068     0x38  xlocale_c.o [3]
    .data            inited   0x2000'00a0     0x48  xlocale_c.o [3]
    .data            inited   0x2000'00e8      0x2  lcd_ui.o [2]
    .data            inited   0x2000'00ea      0x2  lcd_ui.o [2]
    .data            inited   0x2000'00ec      0x2  lcd_ui.o [2]
    .data            inited   0x2000'00ee      0x1  stm32f4xx_hal.o [2]
                            - 0x2000'00ef     0xef

"P2", part 2 of 3:                          0x3020
  .bss               zero     0x2000'00f0   0x1038  fatfs.o [2]
  .bss               zero     0x2000'1128   0x1038  fatfs.o [2]
  .bss               zero     0x2000'2160    0x3d8  usb_host.o [2]
  .bss               zero     0x2000'2538    0x2c4  usbh_conf.o [2]
  .bss               zero     0x2000'27fc    0x200  ff.o [2]
  .bss               zero     0x2000'29fc    0x1d8  dlmalloc.o [3]
  .bss               zero     0x2000'2bd4    0x100  sys_timer.o [2]
  .bss               zero     0x2000'2cd4     0x80  fst_spi.o [2]
  .bss               zero     0x2000'2d54     0x80  fst_spi.o [2]
  .bss               zero     0x2000'2dd4     0x60  fst_spi.o [2]
  .bss               zero     0x2000'2e34     0x60  fst_spi.o [2]
  .bss               zero     0x2000'2e94     0x60  fst_spi.o [2]
  .bss               zero     0x2000'2ef4     0x60  fst_spi.o [2]
  .bss               zero     0x2000'2f54     0x60  fst_spi.o [2]
  .bss               zero     0x2000'2fb4     0x60  lcd_low.o [2]
  .bss               zero     0x2000'3014     0x50  fsmc.o [2]
  .bss               zero     0x2000'3064     0x20  rtc.o [2]
  .bss               zero     0x2000'3084     0x18  dlmalloc.o [3]
  .bss               zero     0x2000'309c     0x10  ff_gen_drv.o [2]
  .bss               zero     0x2000'30ac     0x10  touch.o [2]
  .bss               zero     0x2000'30bc      0xc  spi_flash.o [2]
  .bss               zero     0x2000'30c8      0x8  fatfs.o [2]
  .bss               zero     0x2000'30d0      0x8  fatfs.o [2]
  .bss               zero     0x2000'30d8      0x8  ff.o [2]
  .bss               zero     0x2000'30e0      0x4  fsmc.o [2]
  .bss               zero     0x2000'30e4      0x4  spi_flash.o [2]
  .bss               zero     0x2000'30e8      0x4  spi_flash.o [2]
  .bss               zero     0x2000'30ec      0x4  stm32f4xx_hal.o [2]
  .bss               zero     0x2000'30f0      0x4  stm32f4xx_ll_usb.o [2]
  .bss               zero     0x2000'30f4      0x4  touch.o [2]
  .bss               zero     0x2000'30f8      0x4  xfail_s.o [3]
  .bss               zero     0x2000'30fc      0x4  xgetmemchunk.o [3]
  .bss               zero     0x2000'3100      0x2  ff.o [2]
  .bss               zero     0x2000'3102      0x2  lcd_low.o [2]
  .bss               zero     0x2000'3104      0x2  lcd_ui.o [2]
  .bss               zero     0x2000'3106      0x2  lcd_ui.o [2]
  .bss               zero     0x2000'3108      0x2  lcd_ui.o [2]
  .bss               zero     0x2000'310a      0x1  fatfs.o [2]
  .bss               zero     0x2000'310b      0x1  fatfs.o [2]
  .bss               zero     0x2000'310c      0x1  main.o [2]
  .bss               zero     0x2000'310d      0x1  usb_host.o [2]
                            - 0x2000'310e   0x301e

"P2", part 3 of 3:                          0x8000
  .noinit            uninit   0x2000'3110   0x2000  main.o [2]
  CSTACK                      0x2000'5110   0x4000  <Block>
    CSTACK           uninit   0x2000'5110   0x4000  <Block tail>
  HEAP                        0x2000'9110   0x2000  <Block>
    HEAP             uninit   0x2000'9110   0x2000  <Block tail>
                            - 0x2000'b110   0x8000

Unused ranges:

         From           To      Size
         ----           --      ----
   0x802'4308   0x80f'ffff  0xd'bcf8
  0x2000'00ef  0x2000'00ef       0x1
  0x2000'b110  0x2001'ffff  0x1'4ef0


*******************************************************************************
*** INIT TABLE
***

          Address      Size
          -------      ----
Zero (__iar_zero_init3)
    1 destination range, total size 0x301e:
          0x2000'00f0  0x301e

Copy/lz77 (__iar_lz77_init_single3)
    1 source range, total size 0x94 (61% of destination):
           0x802'4274    0x94
    1 destination range, total size 0xef:
          0x2000'0000    0xef



*******************************************************************************
*** MODULE SUMMARY
***

    Module                  ro code  ro data  rw data
    ------                  -------  -------  -------
command line/config:
    -------------------------------------------------
    Total:

D:\Electronics\Projects\MKS_DLP_new\SRC\IMGS\original: [1]
    -------------------------------------------------
    Total:

D:\Electronics\Projects\MKS_DLP_new\SRC\firmware\MKS_DLP_new_debug\Obj: [2]
    diskio.o                    176
    fatfs.o                      56             8 322
    ff.o                      7 980      272      522
    ff_gen_drv.o                 84                16
    ffunicode.o                 324      944
    fnt12.o                            2 043       12
    fnt18.o                            4 075       12
    fnt18bold.o                        4 624       12
    fnt24.o                            6 819       12
    fnt24bold.o                        8 668       12
    fsmc.o                      276                84
    fst_spi.o                 1 332               736
    gpio.o                      320
    lcd_low.o                 1 244                98
    lcd_ui.o                  2 088        6       16
    main.o                    1 890      608    8 193
    rtc.o                       184        4       32
    spi_flash.o                 796                20
    spifl_diskio.o              236       20
    startup_stm32f407xx.o       412
    stm32f4xx_hal.o             180        4        9
    stm32f4xx_hal_cortex.o      300
    stm32f4xx_hal_dma.o       1 104        8
    stm32f4xx_hal_gpio.o        540
    stm32f4xx_hal_hcd.o       4 192
    stm32f4xx_hal_msp.o          64
    stm32f4xx_hal_rcc.o       1 416
    stm32f4xx_hal_rcc_ex.o      336
    stm32f4xx_hal_rtc.o         846
    stm32f4xx_hal_spi.o       1 532
    stm32f4xx_hal_sram.o         92
    stm32f4xx_it.o              108
    stm32f4xx_ll_fsmc.o         228
    stm32f4xx_ll_usb.o        2 500                 4
    sys_timer.o                 100               256
    system_stm32f4xx.o           32       18        4
    touch.o                     488                20
    unicode_utils.o             460
    usb_host.o                  140               985
    usbh_conf.o                 760               708
    usbh_core.o               1 950
    usbh_ctlreq.o             1 468
    usbh_diskio.o               324       20
    usbh_ioreq.o                208
    usbh_msc.o                2 228       24       32
    usbh_msc_bot.o              916
    usbh_msc_scsi.o           1 002
    usbh_pipes.o                182
    usbh_platform.o              32
    -------------------------------------------------
    Total:                   41 126   28 157   20 117

dl7M_tlf.a: [3]
    abort.o                       6
    dlmalloc.o                5 344               496
    exit.o                        4
    heaptramp0.o                  4
    low_level_init.o              4
    sprintf.o                    64
    xencoding_8859_1.o           30
    xfail_s.o                    64                 4
    xgetmemchunk.o               44                 4
    xlocale_c.o                 120       85      128
    xmbcurmax.o                  10
    xprintffull.o             3 910
    xsprout.o                    10
    -------------------------------------------------
    Total:                    9 614       85      632

m7M_tls.a: [4]
    DblAdd.o                    362
    DblCmpGe.o                   46
    DblCmpLe.o                   46
    DblDiv.o                    582
    DblMul.o                    418
    DblSub.o                    226
    DblToS32.o                   58
    DblToU32.o                   40
    S32ToDbl.o                   34
    U32ToDbl.o                   26
    fpinit_M.o                   34
    frexp.o                     112
    ldexp.o                     314
    -------------------------------------------------
    Total:                    2 298

rt7M_tl.a: [5]
    ABImemclr4.o                  6
    ABImemcpy.o                 166
    ABImemset.o                 102
    ABImemset48.o                50
    I64DivMod.o                 560
    cexit.o                      10
    cmain.o                      30
    cstartup_M.o                 12
    data_init.o                  40
    lz77_init_single.o          122
    memchr.o                     88
    strchr.o                     22
    strlen.o                     54
    zero_init3.o                 58
    -------------------------------------------------
    Total:                    1 320

shb_l.a: [6]
    exit.o                       20
    unwind_debug.o                         1
    -------------------------------------------------
    Total:                       20        1

    Gaps                         33       10
    Linker created                        32   24 576
-----------------------------------------------------
    Grand Total:             54 411   28 285   45 325


*******************************************************************************
*** ENTRY LIST
***

Entry                       Address    Size  Type      Object
-----                       -------    ----  ----      ------
.iar.init_table$$Base    0x802'401c           --   Gb  - Linker created -
.iar.init_table$$Limit   0x802'403c           --   Gb  - Linker created -
?main                    0x802'409d          Code  Gb  cmain.o [5]
AHBPrescTable            0x802'41d4    0x10  Data  Gb  system_stm32f4xx.o [2]
Appli_state             0x2000'310d     0x1  Data  Gb  usb_host.o [2]
Appli_state_old         0x2000'310c     0x1  Data  Gb  main.o [2]
BusFault_Handler         0x802'3d8b     0x2  Code  Gb  stm32f4xx_it.o [2]
CSTACK$$Base            0x2000'5110           --   Gb  - Linker created -
CSTACK$$Limit           0x2000'9110           --   Gb  - Linker created -
CacheMore                0x802'001d    0x24  Code  Lc  xlocale_c.o [3]
DMA1_Stream3_IRQHandler
                         0x802'3d9d     0xa  Code  Gb  stm32f4xx_it.o [2]
DMA1_Stream4_IRQHandler
                         0x802'3da7     0xa  Code  Gb  stm32f4xx_it.o [2]
DMA2_Stream2_IRQHandler
                         0x802'3dc5     0xa  Code  Gb  stm32f4xx_it.o [2]
DMA2_Stream5_IRQHandler
                         0x802'3dcf     0xa  Code  Gb  stm32f4xx_it.o [2]
DMA2_Stream7_IRQHandler
                         0x802'3dbb     0xa  Code  Gb  stm32f4xx_it.o [2]
DMA_CalcBaseAndBitshift
                         0x801'e895    0x30  Code  Lc  stm32f4xx_hal_dma.o [2]
DMA_CalcBaseAndBitshift::flagBitshiftOffset
                         0x802'4258     0x8  Data  Lc  stm32f4xx_hal_dma.o [2]
DMA_CheckFifoParam       0x801'e8d1    0x88  Code  Lc  stm32f4xx_hal_dma.o [2]
DMA_SetConfig            0x801'e867    0x2e  Code  Lc  stm32f4xx_hal_dma.o [2]
DeInitStateMachine       0x801'a545    0x66  Code  Lc  usbh_core.o [2]
DebugMon_Handler         0x802'3d91     0x2  Code  Gb  stm32f4xx_it.o [2]
DeviceCode              0x2000'3102     0x2  Data  Gb  lcd_low.o [2]
Error_Handler            0x801'b3fd     0x2  Code  Gb  main.o [2]
ExCvt                    0x802'3d04    0x80  Data  Lc  ff.o [2]
FATFS_Init               0x801'433d    0x1c  Code  Gb  fatfs.o [2]
FATFS_LinkDriver         0x801'43b9     0xa  Code  Gb  ff_gen_drv.o [2]
FATFS_LinkDriverEx       0x801'4375    0x44  Code  Gb  ff_gen_drv.o [2]
FLASH_SPIEnable          0x801'c0eb   0x188  Code  Gb  fst_spi.o [2]
FLASH_SPIInit            0x801'c08d    0x5e  Code  Gb  fst_spi.o [2]
FLASH_SPIReadBuff        0x801'c2bd    0x40  Code  Gb  fst_spi.o [2]
FLASH_SPIReadBuffDMA     0x801'c2fd    0x2e  Code  Gb  fst_spi.o [2]
FLASH_SPISetSpeed        0x801'c273    0x1c  Code  Gb  fst_spi.o [2]
FLASH_SPIWriteReadByte   0x801'c28f    0x2e  Code  Gb  fst_spi.o [2]
FSMC_Initialized        0x2000'30e0     0x4  Data  Lc  fsmc.o [2]
FSMC_NORSRAM_Extended_Timing_Init
                         0x802'09a1    0x40  Code  Gb  stm32f4xx_ll_fsmc.o [2]
FSMC_NORSRAM_Init        0x802'0905    0x58  Code  Gb  stm32f4xx_ll_fsmc.o [2]
FSMC_NORSRAM_Timing_Init
                         0x802'095d    0x44  Code  Gb  stm32f4xx_ll_fsmc.o [2]
FatFs                   0x2000'30d8     0x8  Data  Lc  ff.o [2]
Fsid                    0x2000'3100     0x2  Data  Lc  ff.o [2]
GPIO_Init                0x801'bb21   0x140  Code  Gb  gpio.o [2]
HAL_DMA_IRQHandler       0x801'e65d   0x20a  Code  Gb  stm32f4xx_hal_dma.o [2]
HAL_DMA_Init             0x801'e509    0xe0  Code  Gb  stm32f4xx_hal_dma.o [2]
HAL_DMA_Start_IT         0x801'e5e9    0x74  Code  Gb  stm32f4xx_hal_dma.o [2]
HAL_Delay                0x801'b421    0x28  Code  Wk  stm32f4xx_hal.o [2]
HAL_FSMC_MspInit         0x801'edb3    0x70  Code  Gb  fsmc.o [2]
HAL_GPIO_Init            0x801'a1ad   0x1d0  Code  Gb  stm32f4xx_hal_gpio.o [2]
HAL_GPIO_WritePin        0x801'a37d    0x14  Code  Gb  stm32f4xx_hal_gpio.o [2]
HAL_GetTick              0x801'dda5     0xc  Code  Wk  stm32f4xx_hal.o [2]
HAL_HCD_Connect_Callback
                         0x801'947b     0xc  Code  Gb  usbh_conf.o [2]
HAL_HCD_Disconnect_Callback
                         0x801'9487     0xc  Code  Gb  usbh_conf.o [2]
HAL_HCD_GetCurrentFrame
                         0x801'889d     0xa  Code  Gb  stm32f4xx_hal_hcd.o [2]
HAL_HCD_GetCurrentSpeed
                         0x801'88a7     0xa  Code  Gb  stm32f4xx_hal_hcd.o [2]
HAL_HCD_HC_GetURBState   0x801'8883     0xe  Code  Gb  stm32f4xx_hal_hcd.o [2]
HAL_HCD_HC_GetXferCount
                         0x801'8891     0xc  Code  Gb  stm32f4xx_hal_hcd.o [2]
HAL_HCD_HC_Halt          0x801'84cd    0x2c  Code  Gb  stm32f4xx_hal_hcd.o [2]
HAL_HCD_HC_Init          0x801'8403    0xca  Code  Gb  stm32f4xx_hal_hcd.o [2]
HAL_HCD_HC_NotifyURBChange_Callback
                         0x801'9493     0x2  Code  Gb  usbh_conf.o [2]
HAL_HCD_HC_SubmitRequest
                         0x801'84f9   0x1f8  Code  Gb  stm32f4xx_hal_hcd.o [2]
HAL_HCD_IRQHandler       0x801'86f1   0x134  Code  Gb  stm32f4xx_hal_hcd.o [2]
HAL_HCD_Init             0x801'838d    0x76  Code  Gb  stm32f4xx_hal_hcd.o [2]
HAL_HCD_MspInit          0x801'93ed    0x82  Code  Gb  usbh_conf.o [2]
HAL_HCD_PortDisabled_Callback
                         0x801'94a1     0xc  Code  Gb  usbh_conf.o [2]
HAL_HCD_PortEnabled_Callback
                         0x801'9495     0xc  Code  Gb  usbh_conf.o [2]
HAL_HCD_ResetPort        0x801'8879     0xa  Code  Gb  stm32f4xx_hal_hcd.o [2]
HAL_HCD_SOF_Callback     0x801'946f     0xc  Code  Gb  usbh_conf.o [2]
HAL_HCD_Start            0x801'8825    0x2e  Code  Gb  stm32f4xx_hal_hcd.o [2]
HAL_HCD_Stop             0x801'8853    0x26  Code  Gb  stm32f4xx_hal_hcd.o [2]
HAL_IncTick              0x802'3df1    0x58  Code  Gb  sys_timer.o [2]
HAL_Init                 0x801'baed    0x30  Code  Gb  stm32f4xx_hal.o [2]
HAL_InitTick             0x801'de81    0x4c  Code  Wk  stm32f4xx_hal.o [2]
HAL_MspInit              0x801'decd    0x40  Code  Gb  stm32f4xx_hal_msp.o [2]
HAL_NVIC_EnableIRQ       0x801'a4c1     0xa  Code  Gb  stm32f4xx_hal_cortex.o [2]
HAL_NVIC_SetPriority     0x801'a49f    0x22  Code  Gb  stm32f4xx_hal_cortex.o [2]
HAL_NVIC_SetPriorityGrouping
                         0x801'a497     0x8  Code  Gb  stm32f4xx_hal_cortex.o [2]
HAL_RCCEx_PeriphCLKConfig
                         0x801'dc55   0x12c  Code  Gb  stm32f4xx_hal_rcc_ex.o [2]
HAL_RCC_ClockConfig      0x801'da81   0x13a  Code  Gb  stm32f4xx_hal_rcc.o [2]
HAL_RCC_OscConfig        0x801'd6cd   0x3b4  Code  Wk  stm32f4xx_hal_rcc.o [2]
HAL_RTC_Init             0x801'e9e1    0xcc  Code  Gb  stm32f4xx_hal_rtc.o [2]
HAL_RTC_SetDate          0x801'ebb3    0xe6  Code  Gb  stm32f4xx_hal_rtc.o [2]
HAL_RTC_SetTime          0x801'eaad   0x106  Code  Gb  stm32f4xx_hal_rtc.o [2]
HAL_RTC_WaitForSynchro   0x801'eca5    0x36  Code  Gb  stm32f4xx_hal_rtc.o [2]
HAL_SPI_Init             0x801'df0d    0xca  Code  Gb  stm32f4xx_hal_spi.o [2]
HAL_SPI_Receive_DMA      0x801'dffd   0x106  Code  Gb  stm32f4xx_hal_spi.o [2]
HAL_SPI_TransmitReceive_DMA
                         0x801'e103   0x156  Code  Gb  stm32f4xx_hal_spi.o [2]
HAL_SPI_TxRxCpltCallback
                         0x801'be49    0x1e  Code  Gb  fst_spi.o [2]
HAL_SRAM_Init            0x801'ffbd    0x5c  Code  Gb  stm32f4xx_hal_sram.o [2]
HAL_SRAM_MspInit         0x801'ee23     0x8  Code  Gb  fsmc.o [2]
HAL_SYSTICK_Config       0x801'a4cb     0x8  Code  Gb  stm32f4xx_hal_cortex.o [2]
HCD_HC_IN_IRQHandler     0x801'88b1   0x55e  Code  Lc  stm32f4xx_hal_hcd.o [2]
HCD_HC_OUT_IRQHandler    0x801'8e0f   0x478  Code  Lc  stm32f4xx_hal_hcd.o [2]
HCD_Port_IRQHandler      0x801'9345    0xa8  Code  Lc  stm32f4xx_hal_hcd.o [2]
HCD_RXQLVL_IRQHandler    0x801'9287    0xba  Code  Lc  stm32f4xx_hal_hcd.o [2]
HEAP$$Base              0x2000'9110           --   Gb  - Linker created -
HEAP$$Limit             0x2000'b110           --   Gb  - Linker created -
HardFault_Handler        0x802'3d87     0x2  Code  Gb  stm32f4xx_it.o [2]
LCDUI_Clear()            0x801'cc89     0xe  Code  Gb  lcd_ui.o [2]
LCDUI_DrawChar(char, unsigned short, short, short)
                         0x801'cdcd   0x18a  Code  Gb  lcd_ui.o [2]
LCDUI_DrawText(char *, unsigned short, short, short, short, short)
                         0x801'cf57   0x246  Code  Gb  lcd_ui.o [2]
LCDUI_DrawTextUTF(char *, unsigned short, short, short, short, short)
                         0x801'd19d   0x266  Code  Gb  lcd_ui.o [2]
LCDUI_GetCurrentCursorY()
                         0x801'cc7d     0xc  Code  Gb  lcd_ui.o [2]
LCDUI_GetCurrentFontHeight()
                         0x801'cdc3     0xa  Code  Gb  lcd_ui.o [2]
LCDUI_Init()             0x801'cc0d    0x42  Code  Gb  lcd_ui.o [2]
LCDUI_SetBackColor(unsigned short)
                         0x801'cc57     0x8  Code  Gb  lcd_ui.o [2]
LCDUI_SetColor(unsigned short)
                         0x801'cc4f     0x8  Code  Gb  lcd_ui.o [2]
LCDUI_SetCursorCoord(short, short)
                         0x801'cc5f    0x1e  Code  Gb  lcd_ui.o [2]
LCDUI_SetFont(LCDUI_FONT_TYPE)
                         0x801'cd73    0x50  Code  Gb  lcd_ui.o [2]
LCDUI_getchardata(char)
                         0x801'cce7    0x8c  Code  Gb  lcd_ui.o [2]
LCDUI_getcharwidth(char)
                         0x801'cc97    0x50  Code  Gb  lcd_ui.o [2]
LCD_BackLight            0x801'cbd3    0x1a  Code  Gb  lcd_low.o [2]
LCD_Clear                0x801'cb9f    0x34  Code  Gb  lcd_low.o [2]
LCD_CtrlLinesConfig      0x801'c731    0xa2  Code  Gb  lcd_low.o [2]
LCD_FSMCConfig           0x801'c7d3     0x8  Code  Gb  lcd_low.o [2]
LCD_Initializtion        0x801'c843   0x256  Code  Gb  lcd_low.o [2]
LCD_ReadRAM              0x801'c819     0xa  Code  Gb  lcd_low.o [2]
LCD_ReadReg              0x801'c7f5     0xa  Code  Gb  lcd_low.o [2]
LCD_Read_ID              0x801'c823    0x20  Code  Gb  lcd_low.o [2]
LCD_SetCursor            0x801'ca99    0x60  Code  Gb  lcd_low.o [2]
LCD_SetWindows           0x801'caf9    0xa6  Code  Gb  lcd_low.o [2]
LCD_WriteCmd             0x801'c7ff     0x8  Code  Gb  lcd_low.o [2]
LCD_WriteRAM             0x801'c811     0x8  Code  Gb  lcd_low.o [2]
LCD_WriteRAM_Prepare     0x801'c807     0xa  Code  Gb  lcd_low.o [2]
LCD_WriteReg             0x801'c7e7     0xe  Code  Gb  lcd_low.o [2]
LCD_X_Init               0x801'c7db     0xc  Code  Gb  lcd_low.o [2]
LfnBuf                  0x2000'27fc   0x200  Data  Lc  ff.o [2]
LfnOfs                   0x802'4164    0x10  Data  Lc  ff.o [2]
LoadInt                  0x801'f007    0x7a  Code  Lc  xprintffull.o [3]
MX_FSMC_Init             0x801'ed31    0x82  Code  Gb  fsmc.o [2]
MemManage_Handler        0x802'3d89     0x2  Code  Gb  stm32f4xx_it.o [2]
NMI_Handler              0x802'3d85     0x2  Code  Gb  stm32f4xx_it.o [2]
NVIC_EncodePriority      0x801'a42d    0x3c  Code  Lc  stm32f4xx_hal_cortex.o [2]
OTG_FS_IRQHandler        0x802'3db1     0xa  Code  Gb  stm32f4xx_it.o [2]
PendSV_Handler           0x802'3d93     0x2  Code  Gb  stm32f4xx_it.o [2]
RTC_ByteToBcd2           0x801'ed15    0x18  Code  Gb  stm32f4xx_hal_rtc.o [2]
RTC_Enable               0x801'c711    0x10  Code  Gb  rtc.o [2]
RTC_EnterInitMode        0x801'ecdb    0x3a  Code  Gb  stm32f4xx_hal_rtc.o [2]
RTC_Init                 0x801'c679    0x98  Code  Gb  rtc.o [2]
Region$$Table$$Base      0x802'401c           --   Gb  - Linker created -
Region$$Table$$Limit     0x802'403c           --   Gb  - Linker created -
SPIFL_Driver             0x802'413c    0x14  Data  Gb  spifl_diskio.o [2]
SPIFL_EraseSector        0x801'c4fb    0x52  Code  Gb  spi_flash.o [2]
SPIFL_Init               0x801'c3f3    0x42  Code  Gb  spi_flash.o [2]
SPIFL_ReadBuff           0x801'c48d    0x6e  Code  Gb  spi_flash.o [2]
SPIFL_ReadID             0x801'c435    0x58  Code  Gb  spi_flash.o [2]
SPIFL_WriteBuff          0x801'c54d   0x118  Code  Gb  spi_flash.o [2]
SPIFL_initialize         0x802'3b5d    0x1c  Code  Gb  spifl_diskio.o [2]
SPIFL_ioctl              0x802'3bf1    0x54  Code  Gb  spifl_diskio.o [2]
SPIFL_read               0x802'3b89    0x34  Code  Gb  spifl_diskio.o [2]
SPIFL_status             0x802'3b79    0x10  Code  Gb  spifl_diskio.o [2]
SPIFL_write              0x802'3bbd    0x34  Code  Gb  spifl_diskio.o [2]
SPI_DMAError             0x801'e34d    0x24  Code  Lc  stm32f4xx_hal_spi.o [2]
SPI_DMAHalfReceiveCplt   0x801'e335     0xa  Code  Lc  stm32f4xx_hal_spi.o [2]
SPI_DMAHalfTransmitReceiveCplt
                         0x801'e341     0xa  Code  Lc  stm32f4xx_hal_spi.o [2]
SPI_DMAReceiveCplt       0x801'e259    0x78  Code  Lc  stm32f4xx_hal_spi.o [2]
SPI_DMATransmitReceiveCplt
                         0x801'e2d1    0x64  Code  Lc  stm32f4xx_hal_spi.o [2]
SPI_EndRxTransaction     0x801'e411    0x92  Code  Lc  stm32f4xx_hal_spi.o [2]
SPI_EndRxTxTransaction   0x801'e4a3    0x5a  Code  Lc  stm32f4xx_hal_spi.o [2]
SPI_WaitFlagStateUntilTimeout
                         0x801'e371    0xa0  Code  Lc  stm32f4xx_hal_spi.o [2]
SVC_Handler              0x802'3d8f     0x2  Code  Gb  stm32f4xx_it.o [2]
SpiflFS                 0x2000'1128  0x1038  Data  Gb  fatfs.o [2]
SpiflPath               0x2000'30d0     0x8  Data  Gb  fatfs.o [2]
SysTick_Config           0x801'a469    0x2e  Code  Lc  stm32f4xx_hal_cortex.o [2]
SysTick_Handler          0x802'3d95     0x8  Code  Gb  stm32f4xx_it.o [2]
SystemClock_Config()     0x801'b2a7    0xc6  Code  Gb  main.o [2]
SystemCoreClock         0x2000'0044     0x4  Data  Gb  system_stm32f4xx.o [2]
SystemInit               0x802'407d    0x12  Code  Gb  system_stm32f4xx.o [2]
TOUCH_SPIEnable          0x801'becb   0x15a  Code  Gb  fst_spi.o [2]
TOUCH_SPIGetState        0x801'c07b     0x8  Code  Gb  fst_spi.o [2]
TOUCH_SPIInit            0x801'be67    0x64  Code  Gb  fst_spi.o [2]
TOUCH_SPIStartRead       0x801'c025    0x56  Code  Gb  fst_spi.o [2]
Timers                  0x2000'2bd4   0x100  Data  Gb  sys_timer.o [2]
Touch_Enable             0x801'be1d     0x8  Code  Gb  touch.o [2]
Touch_GetCoords          0x801'be31     0xc  Code  Gb  touch.o [2]
Touch_GetState           0x801'be25     0x6  Code  Gb  touch.o [2]
Touch_Init               0x801'bde9    0x34  Code  Gb  touch.o [2]
Touch_SetState           0x801'be2b     0x6  Code  Gb  touch.o [2]
USBH_AllocPipe           0x801'b4ab    0x32  Code  Gb  usbh_pipes.o [2]
USBH_BulkReceiveData     0x801'de5d    0x24  Code  Gb  usbh_ioreq.o [2]
USBH_BulkSendData        0x801'de2b    0x32  Code  Gb  usbh_ioreq.o [2]
USBH_ClosePipe           0x801'b49f     0xc  Code  Gb  usbh_pipes.o [2]
USBH_ClrFeature          0x801'b695    0x26  Code  Gb  usbh_ctlreq.o [2]
USBH_CtlReceiveData      0x801'de07    0x24  Code  Gb  usbh_ioreq.o [2]
USBH_CtlReq              0x801'b87d    0x54  Code  Gb  usbh_ctlreq.o [2]
USBH_CtlSendData         0x801'ddd5    0x32  Code  Gb  usbh_ioreq.o [2]
USBH_CtlSendSetup        0x801'ddb1    0x24  Code  Gb  usbh_ioreq.o [2]
USBH_Delay               0x801'96b3     0x8  Code  Gb  usbh_conf.o [2]
USBH_Driver              0x802'4150    0x14  Data  Gb  usbh_diskio.o [2]
USBH_FindInterface       0x801'a5f9    0x66  Code  Gb  usbh_core.o [2]
USBH_FreePipe            0x801'b4dd    0x26  Code  Gb  usbh_pipes.o [2]
USBH_GetDescriptor       0x801'b5e9    0x3c  Code  Gb  usbh_ctlreq.o [2]
USBH_GetFreePipe         0x801'b503    0x2e  Code  Lc  usbh_pipes.o [2]
USBH_GetNextDesc         0x801'b86d    0x10  Code  Gb  usbh_ctlreq.o [2]
USBH_Get_CfgDesc         0x801'b56f    0x3a  Code  Gb  usbh_ctlreq.o [2]
USBH_Get_DevDesc         0x801'b531    0x3e  Code  Gb  usbh_ctlreq.o [2]
USBH_Get_StringDesc      0x801'b5a9    0x40  Code  Gb  usbh_ctlreq.o [2]
USBH_Get_USB_Status      0x801'96bb    0x2a  Code  Gb  usbh_conf.o [2]
USBH_HandleControl       0x801'b8d1   0x21c  Code  Lc  usbh_ctlreq.o [2]
USBH_HandleEnum          0x801'a94d   0x2be  Code  Lc  usbh_core.o [2]
USBH_HandleSof           0x801'ac23    0x1a  Code  Lc  usbh_core.o [2]
USBH_Init                0x801'a4f5    0x50  Code  Gb  usbh_core.o [2]
USBH_LL_ClosePipe        0x801'95c5    0x1a  Code  Gb  usbh_conf.o [2]
USBH_LL_Connect          0x801'ac4d    0x16  Code  Gb  usbh_core.o [2]
USBH_LL_Disconnect       0x801'ac63    0x30  Code  Gb  usbh_core.o [2]
USBH_LL_DriverVBUS       0x801'9629    0x1c  Code  Gb  usbh_conf.o [2]
USBH_LL_GetLastXferSize
                         0x801'9587     0xe  Code  Gb  usbh_conf.o [2]
USBH_LL_GetSpeed         0x801'9545    0x2a  Code  Gb  usbh_conf.o [2]
USBH_LL_GetToggle        0x801'967d    0x36  Code  Gb  usbh_conf.o [2]
USBH_LL_GetURBState      0x801'961b     0xe  Code  Gb  usbh_conf.o [2]
USBH_LL_IncTimer         0x801'ac11    0x12  Code  Gb  usbh_core.o [2]
USBH_LL_Init             0x801'94ad    0x50  Code  Gb  usbh_conf.o [2]
USBH_LL_OpenPipe         0x801'9595    0x30  Code  Gb  usbh_conf.o [2]
USBH_LL_PortDisabled     0x801'ac45     0x8  Code  Gb  usbh_core.o [2]
USBH_LL_PortEnabled      0x801'ac3d     0x8  Code  Gb  usbh_core.o [2]
USBH_LL_ResetPort        0x801'956f    0x18  Code  Gb  usbh_conf.o [2]
USBH_LL_SetTimer         0x801'ac0b     0x6  Code  Gb  usbh_core.o [2]
USBH_LL_SetToggle        0x801'9645    0x38  Code  Gb  usbh_conf.o [2]
USBH_LL_Start            0x801'9515    0x18  Code  Gb  usbh_conf.o [2]
USBH_LL_Stop             0x801'952d    0x18  Code  Gb  usbh_conf.o [2]
USBH_LL_SubmitURB        0x801'95df    0x3c  Code  Gb  usbh_conf.o [2]
USBH_MSC_BOT_Abort       0x802'25b1    0x30  Code  Lc  usbh_msc_bot.o [2]
USBH_MSC_BOT_Init        0x802'22eb    0x22  Code  Gb  usbh_msc_bot.o [2]
USBH_MSC_BOT_Process     0x802'230d   0x2a4  Code  Gb  usbh_msc_bot.o [2]
USBH_MSC_BOT_REQ_GetMaxLUN
                         0x802'22cd    0x1e  Code  Gb  usbh_msc_bot.o [2]
USBH_MSC_BOT_REQ_Reset   0x802'22ad    0x20  Code  Gb  usbh_msc_bot.o [2]
USBH_MSC_ClassRequest    0x802'1bcb    0x90  Code  Lc  usbh_msc.o [2]
USBH_MSC_DecodeCSW       0x802'25e1    0x54  Code  Lc  usbh_msc_bot.o [2]
USBH_MSC_GetLUNInfo      0x802'2147    0x2e  Code  Gb  usbh_msc.o [2]
USBH_MSC_InterfaceDeInit
                         0x802'1b6d    0x5e  Code  Lc  usbh_msc.o [2]
USBH_MSC_InterfaceInit   0x802'19f9   0x174  Code  Lc  usbh_msc.o [2]
USBH_MSC_Process         0x802'1c5b   0x380  Code  Lc  usbh_msc.o [2]
USBH_MSC_RdWrProcess     0x802'1fdf   0x140  Code  Lc  usbh_msc.o [2]
USBH_MSC_Read            0x802'2175    0x9c  Code  Gb  usbh_msc.o [2]
USBH_MSC_SCSI_Inquiry    0x802'274b   0x100  Code  Gb  usbh_msc_scsi.o [2]
USBH_MSC_SCSI_Read       0x802'2993    0x9c  Code  Gb  usbh_msc_scsi.o [2]
USBH_MSC_SCSI_ReadCapacity
                         0x802'26a5    0xa6  Code  Gb  usbh_msc_scsi.o [2]
USBH_MSC_SCSI_RequestSense
                         0x802'284b    0xac  Code  Gb  usbh_msc_scsi.o [2]
USBH_MSC_SCSI_TestUnitReady
                         0x802'2645    0x60  Code  Gb  usbh_msc_scsi.o [2]
USBH_MSC_SCSI_Write      0x802'28f7    0x9c  Code  Gb  usbh_msc_scsi.o [2]
USBH_MSC_SOFProcess      0x802'1fdb     0x4  Code  Lc  usbh_msc.o [2]
USBH_MSC_UnitIsReady     0x802'211f    0x28  Code  Gb  usbh_msc.o [2]
USBH_MSC_Write           0x802'2211    0x9c  Code  Gb  usbh_msc.o [2]
USBH_OpenPipe            0x801'b47b    0x24  Code  Gb  usbh_pipes.o [2]
USBH_ParseCfgDesc        0x801'b717    0xd0  Code  Lc  usbh_ctlreq.o [2]
USBH_ParseDevDesc        0x801'b6bb    0x5c  Code  Lc  usbh_ctlreq.o [2]
USBH_ParseEPDesc         0x801'b80d    0x20  Code  Lc  usbh_ctlreq.o [2]
USBH_ParseInterfaceDesc
                         0x801'b7e7    0x26  Code  Lc  usbh_ctlreq.o [2]
USBH_ParseStringDesc     0x801'b82d    0x40  Code  Lc  usbh_ctlreq.o [2]
USBH_Process             0x801'a675   0x2d8  Code  Gb  usbh_core.o [2]
USBH_RegisterClass       0x801'a5ab    0x2e  Code  Gb  usbh_core.o [2]
USBH_SelectInterface     0x801'a5d9    0x20  Code  Gb  usbh_core.o [2]
USBH_SetAddress          0x801'b625    0x26  Code  Gb  usbh_ctlreq.o [2]
USBH_SetCfg              0x801'b64b    0x24  Code  Gb  usbh_ctlreq.o [2]
USBH_SetFeature          0x801'b66f    0x26  Code  Gb  usbh_ctlreq.o [2]
USBH_Start               0x801'a65f    0x16  Code  Gb  usbh_core.o [2]
USBH_UserProcess         0x801'd479    0x3a  Code  Lc  usb_host.o [2]
USBH_initialize          0x802'32d9     0x4  Code  Gb  usbh_diskio.o [2]
USBH_ioctl               0x802'3393    0x86  Code  Gb  usbh_diskio.o [2]
USBH_msc                0x2000'0048    0x20  Data  Gb  usbh_msc.o [2]
USBH_read                0x802'32f9    0x48  Code  Gb  usbh_diskio.o [2]
USBH_status              0x802'32dd    0x1c  Code  Gb  usbh_diskio.o [2]
USBH_write               0x802'3341    0x52  Code  Gb  usbh_diskio.o [2]
USB_CoreInit             0x801'96e5    0x80  Code  Gb  stm32f4xx_ll_usb.o [2]
USB_CoreReset            0x801'9867    0x32  Code  Lc  stm32f4xx_ll_usb.o [2]
USB_DisableGlobalInt     0x801'9771     0xc  Code  Gb  stm32f4xx_ll_usb.o [2]
USB_DoPing               0x801'9faf    0x3c  Code  Gb  stm32f4xx_ll_usb.o [2]
USB_DriveVbus            0x801'9a33    0x4e  Code  Gb  stm32f4xx_ll_usb.o [2]
USB_EnableGlobalInt      0x801'9765     0xc  Code  Gb  stm32f4xx_ll_usb.o [2]
USB_FlushRxFifo          0x801'97d7    0x1e  Code  Gb  stm32f4xx_ll_usb.o [2]
USB_FlushTxFifo          0x801'97b5    0x22  Code  Gb  stm32f4xx_ll_usb.o [2]
USB_GetCurrentFrame      0x801'9a99     0xa  Code  Gb  stm32f4xx_ll_usb.o [2]
USB_GetHostSpeed         0x801'9a81    0x18  Code  Gb  stm32f4xx_ll_usb.o [2]
USB_GetMode              0x801'985f     0x8  Code  Gb  stm32f4xx_ll_usb.o [2]
USB_HC_Halt              0x801'9e4d   0x162  Code  Gb  stm32f4xx_ll_usb.o [2]
USB_HC_Init              0x801'9aa3   0x1de  Code  Gb  stm32f4xx_ll_usb.o [2]
USB_HC_ReadInterrupt     0x801'9e43     0xa  Code  Gb  stm32f4xx_ll_usb.o [2]
USB_HC_StartXfer         0x801'9c81   0x1c2  Code  Gb  stm32f4xx_ll_usb.o [2]
USB_HC_StartXfer::tmpreg
                        0x2000'30f0     0x4  Data  Lc  stm32f4xx_ll_usb.o [2]
USB_HOST_Init            0x801'd435    0x38  Code  Gb  usb_host.o [2]
USB_HOST_Process         0x801'd46d     0xa  Code  Gb  usb_host.o [2]
USB_HOST_VbusFS          0x801'b401    0x20  Code  Gb  usbh_platform.o [2]
USB_HostInit             0x801'98a1   0x102  Code  Gb  stm32f4xx_ll_usb.o [2]
USB_InitFSLSPClkSel      0x801'99a5    0x4e  Code  Gb  stm32f4xx_ll_usb.o [2]
USB_ReadInterrupts       0x801'9855     0xa  Code  Gb  stm32f4xx_ll_usb.o [2]
USB_ReadPacket           0x801'9831    0x24  Code  Gb  stm32f4xx_ll_usb.o [2]
USB_ResetPort            0x801'99f3    0x40  Code  Gb  stm32f4xx_ll_usb.o [2]
USB_SetCurrentMode       0x801'977d    0x38  Code  Gb  stm32f4xx_ll_usb.o [2]
USB_StopHost             0x801'a009    0xa0  Code  Gb  stm32f4xx_ll_usb.o [2]
USB_WritePacket          0x801'97f9    0x38  Code  Gb  stm32f4xx_ll_usb.o [2]
UTF8toANSI(char *)       0x801'd4c1    0x3a  Code  Gb  unicode_utils.o [2]
UnicodeToANSI(unsigned short)
                         0x801'd53b    0x34  Code  Gb  unicode_utils.o [2]
UnicodeToANSI_Str(char *, unsigned short *, unsigned short)
                         0x801'd5e3    0x5c  Code  Gb  unicode_utils.o [2]
UnicodeToUTF8(unsigned short)
                         0x801'd505    0x36  Code  Gb  unicode_utils.o [2]
UnicodeToUTF8_Str(char *, unsigned short *, unsigned short)
                         0x801'd56f    0x74  Code  Gb  unicode_utils.o [2]
UsageFault_Handler       0x802'3d8d     0x2  Code  Gb  stm32f4xx_it.o [2]
UsbFS                   0x2000'00f0  0x1038  Data  Gb  fatfs.o [2]
UsbPath                 0x2000'30c8     0x8  Data  Gb  fatfs.o [2]
_Encoding_8859_1_Mbrlen
                         0x801'a1a1     0x2  Code  Gb  xencoding_8859_1.o [3]
_Encoding_8859_1_Wctomb
                         0x801'a18f    0x12  Code  Gb  xencoding_8859_1.o [3]
_GenldFull               0x801'fa65   0x274  Code  Lc  xprintffull.o [3]
_LdtobFull               0x801'f661   0x3d6  Code  Lc  xprintffull.o [3]
_LitobFull               0x801'f511   0x10a  Code  Lc  xprintffull.o [3]
_Locale_lconv           0x2000'0068    0x38  Data  Lc  xlocale_c.o [3]
_PrintfFull              0x801'ee45   0x1aa  Code  Gb  xprintffull.o [3]
_PutcharsFull            0x801'fcd9    0x2e  Code  Lc  xprintffull.o [3]
_PutfldFull              0x801'f081   0x2d4  Code  Lc  xprintffull.o [3]
_PutstrFull              0x801'f44b    0xc6  Code  Lc  xprintffull.o [3]
_PuttxtFull              0x801'f355    0xf6  Code  Lc  xprintffull.o [3]
_SProut                  0x801'ac93     0xa  Code  Gb  xsprout.o [3]
__NVIC_EnableIRQ         0x801'a3ed    0x1c  Code  Lc  stm32f4xx_hal_cortex.o [2]
__NVIC_GetPriorityGrouping
                         0x801'a3e3     0xa  Code  Lc  stm32f4xx_hal_cortex.o [2]
__NVIC_SetPriority       0x801'a409    0x24  Code  Lc  stm32f4xx_hal_cortex.o [2]
__NVIC_SetPriorityGrouping
                         0x801'a3c9    0x1a  Code  Lc  stm32f4xx_hal_cortex.o [2]
___spifl_wait_cs         0x801'e9bf    0x20  Code  Gb  spi_flash.o [2]
__aeabi_cdcmple          0x802'0399          Code  Gb  DblCmpLe.o [4]
__aeabi_cdrcmple         0x802'03c9          Code  Gb  DblCmpGe.o [4]
__aeabi_d2iz             0x802'0535          Code  Gb  DblToS32.o [4]
__aeabi_d2uiz            0x802'08c1          Code  Gb  DblToU32.o [4]
__aeabi_ddiv             0x802'0679          Code  Gb  DblDiv.o [4]
__aeabi_dmul             0x802'0185          Code  Gb  DblMul.o [4]
__aeabi_dsub             0x802'0595          Code  Gb  DblSub.o [4]
__aeabi_i2d              0x802'0571          Code  Gb  S32ToDbl.o [4]
__aeabi_memclr4          0x801'a189          Code  Gb  ABImemclr4.o [5]
__aeabi_memcpy           0x801'a0a9          Code  Gb  ABImemcpy.o [5]
__aeabi_memcpy4          0x801'a0c9          Code  Gb  ABImemcpy.o [5]
__aeabi_memcpy8          0x801'a0c9          Code  Gb  ABImemcpy.o [5]
__aeabi_memset           0x801'e959          Code  Gb  ABImemset.o [5]
__aeabi_ui2d             0x802'08e9          Code  Gb  U32ToDbl.o [4]
__aeabi_uldivmod         0x801'fd8d          Code  Gb  I64DivMod.o [5]
__cmain                  0x802'409d          Code  Gb  cmain.o [5]
__data_GetMemChunk       0x801'7285    0x2c  Code  Gb  xgetmemchunk.o [3]
__data_GetMemChunk::start
                        0x2000'30fc     0x4  Data  Lc  xgetmemchunk.o [3]
__exit                   0x801'72b1    0x14  Code  Gb  exit.o [6]
__iar_Fail_s             0x802'00a9    0x1c  Code  Gb  xfail_s.o [3]
__iar_Mbcurmax           0x802'0179     0xa  Code  Gb  xmbcurmax.o [3]
__iar_Memchr             0x802'0121          Code  Gb  memchr.o [5]
__iar_Memset             0x801'e959          Code  Gb  ABImemset.o [5]
__iar_Memset4_word       0x801'b449          Code  Gb  ABImemset48.o [5]
__iar_Memset8_word       0x801'b449          Code  Gb  ABImemset48.o [5]
__iar_Memset_word        0x801'e961          Code  Gb  ABImemset.o [5]
__iar_Strchr             0x802'0091          Code  Gb  strchr.o [5]
__iar_dadd               0x802'05a5          Code  Gb  DblSub.o [4]
__iar_data_init3         0x802'3f65    0x28  Code  Gb  data_init.o [5]
__iar_debug_exceptions   0x801'b3fe     0x1  Data  Gb  unwind_debug.o [6]
__iar_dlfree             0x801'6d03   0x4f6  Code  Gb  dlmalloc.o [3]
__iar_dlmalloc           0x801'6a4d   0x2b6  Code  Gb  dlmalloc.o [3]
__iar_dsub               0x802'09e9          Code  Gb  DblAdd.o [4]
__iar_dsubStart          0x802'09fb          Code  Gb  DblAdd.o [4]
__iar_frexp              0x802'0335          Code  Gb  frexp.o [4]
__iar_frexpl             0x802'0335          Code  Gb  frexp.o [4]
__iar_globLocale        0x2000'00a0    0x48  Data  Lc  xlocale_c.o [3]
__iar_global_Locale      0x802'0019     0x4  Code  Gb  xlocale_c.o [3]
__iar_init_vfp           0x802'3ff9          Code  Gb  fpinit_M.o [4]
__iar_ldexp64            0x802'03f9          Code  Gb  ldexp.o [4]
__iar_lz77_init_single3
                         0x801'720b    0x7a  Code  Gb  lz77_init_single.o [5]
__iar_program_start      0x802'4225          Code  Gb  cstartup_M.o [5]
__iar_scalbln64          0x802'03f9          Code  Gb  ldexp.o [4]
__iar_scalbn64           0x802'03f9          Code  Gb  ldexp.o [4]
__iar_softfp___iar_frexp64
                         0x802'0329          Code  Gb  frexp.o [4]
__iar_softfp_frexp       0x802'0329          Code  Gb  frexp.o [4]
__iar_softfp_frexpl      0x802'0329          Code  Gb  frexp.o [4]
__iar_zero_init3         0x801'a14f    0x3a  Code  Gb  zero_init3.o [5]
__low_level_init         0x802'40bb     0x4  Code  Gb  low_level_init.o [3]
__vector_table           0x801'0000          Data  Gb  startup_stm32f407xx.o [2]
_call_main               0x802'40a9          Code  Gb  cmain.o [5]
_exit                    0x802'40c5          Code  Gb  cexit.o [5]
_flash_SPIGetFlags       0x801'c083     0xa  Code  Gb  fst_spi.o [2]
_gLocale_mblen           0x802'007d     0x4  Code  Gb  xlocale_c.o [3]
_gLocale_mblenInt        0x802'0041    0x2c  Code  Gb  xlocale_c.o [3]
_gLocale_wctomb          0x802'0081     0x4  Code  Gb  xlocale_c.o [3]
_gLocale_wctombInt       0x802'0079     0x4  Code  Gb  xlocale_c.o [3]
_gm_                    0x2000'29fc   0x1d8  Data  Lc  dlmalloc.o [3]
_main                    0x802'40b7          Code  Gb  cmain.o [5]
_spifl_WaitBusy          0x801'c37d    0x4a  Code  Gb  spi_flash.o [2]
_spifl_WriteEnable       0x801'c3c7    0x2c  Code  Gb  spi_flash.o [2]
_spifl_bust_counts      0x2000'30e4     0x4  Data  Gb  spi_flash.o [2]
_spifl_info             0x2000'30bc     0xc  Data  Gb  spi_flash.o [2]
_touch_ReadCoords        0x801'bc61    0xc8  Code  Gb  touch.o [2]
_touch_RefreshState      0x801'bd29    0xc0  Code  Gb  touch.o [2]
abort                    0x801'7205     0x6  Code  Gb  abort.o [3]
add_segment              0x801'60ed   0x1f2  Code  Lc  dlmalloc.o [3]
check_fs                 0x801'3285    0x76  Code  Lc  ff.o [2]
chk_chr                  0x801'22a3    0x14  Code  Lc  ff.o [2]
clst2sect                0x801'2403    0x1a  Code  Lc  ff.o [2]
cmp_lfn                  0x801'29e1    0xa0  Code  Lc  ff.o [2]
create_chain             0x801'2683   0x130  Code  Lc  ff.o [2]
create_name              0x801'2f11   0x286  Code  Lc  ff.o [2]
create_partition         0x801'38dd   0x1a8  Code  Lc  ff.o [2]
d                       0x2000'30e8     0x4  Data  Gb  spi_flash.o [2]
dbc_1st                  0x801'22b7     0xe  Code  Lc  ff.o [2]
dbc_2nd                  0x801'22c5     0xe  Code  Lc  ff.o [2]
dir_clear                0x801'27b3    0x64  Code  Lc  ff.o [2]
dir_find                 0x801'2c31   0x118  Code  Lc  ff.o [2]
dir_next                 0x801'28c9    0xf2  Code  Lc  ff.o [2]
dir_read                 0x801'2b31   0x100  Code  Lc  ff.o [2]
dir_sdi                  0x801'2817    0xb2  Code  Lc  ff.o [2]
disk                    0x2000'309c    0x10  Data  Gb  ff_gen_drv.o [2]
disk_initialize          0x801'4167    0x32  Code  Gb  diskio.o [2]
disk_ioctl               0x801'41d5    0x20  Code  Gb  diskio.o [2]
disk_read                0x801'4199    0x1e  Code  Gb  diskio.o [2]
disk_status              0x801'4149    0x1e  Code  Gb  diskio.o [2]
disk_write               0x801'41b7    0x1e  Code  Gb  diskio.o [2]
exit                     0x802'40bf     0x4  Code  Gb  exit.o [3]
f_getfree                0x801'37dd   0x100  Code  Gb  ff.o [2]
f_mkfs                   0x801'3a85   0x692  Code  Gb  ff.o [2]
f_mkfs::cst              0x802'4174    0x10  Data  Lc  ff.o [2]
f_mkfs::cst32            0x802'4184    0x10  Data  Lc  ff.o [2]
f_mkfs::defopt           0x802'4194    0x10  Data  Lc  ff.o [2]
f_mount                  0x801'367b    0x54  Code  Gb  ff.o [2]
f_opendir                0x801'36f9    0x88  Code  Gb  ff.o [2]
f_readdir                0x801'3781    0x5c  Code  Gb  ff.o [2]
ff_oem2uni               0x801'423f    0x3a  Code  Gb  ffunicode.o [2]
ff_uni2oem               0x801'41f9    0x46  Code  Gb  ffunicode.o [2]
ff_wtoupper              0x801'4279    0xb6  Code  Gb  ffunicode.o [2]
ff_wtoupper::cvt1        0x802'30e4   0x1f4  Data  Lc  ffunicode.o [2]
ff_wtoupper::cvt2        0x802'3c48    0xbc  Data  Lc  ffunicode.o [2]
find_volume              0x801'3301    0x6c  Code  Lc  ff.o [2]
fnt12_data               0x802'2a30   0x6b4  Data  Gb  fnt12.o [2]
fnt12_width              0x802'341c   0x140  Data  Gb  fnt12.o [2]
fnt18_data               0x802'0b54   0xea4  Data  Gb  fnt18.o [2]
fnt18_width              0x802'355c   0x140  Data  Gb  fnt18.o [2]
fnt18bold_data           0x801'72c4  0x10c8  Data  Gb  fnt18bold.o [2]
fnt18bold_width          0x802'369c   0x140  Data  Gb  fnt18bold.o [2]
fnt24_data               0x801'43c8  0x195c  Data  Gb  fnt24.o [2]
fnt24_width              0x802'37dc   0x140  Data  Gb  fnt24.o [2]
fnt24bold_data           0x801'0188  0x2094  Data  Gb  fnt24bold.o [2]
fnt24bold_width          0x802'391c   0x140  Data  Gb  fnt24bold.o [2]
follow_path              0x801'319d    0x9a  Code  Lc  ff.o [2]
font_fnt12              0x2000'0000     0xc  Data  Gb  fnt12.o [2]
font_fnt18              0x2000'000c     0xc  Data  Gb  fnt18.o [2]
font_fnt18bold          0x2000'0018     0xc  Data  Gb  fnt18bold.o [2]
font_fnt24              0x2000'0024     0xc  Data  Gb  fnt24.o [2]
font_fnt24bold          0x2000'0030     0xc  Data  Gb  fnt24bold.o [2]
free                     0x802'2641     0x4  Code  Gb  heaptramp0.o [3]
get_fat                  0x801'241d   0x10a  Code  Lc  ff.o [2]
get_fattime              0x801'4371     0x4  Code  Gb  fatfs.o [2]
get_fileinfo             0x801'2d49   0x1c8  Code  Lc  ff.o [2]
get_ldnumber             0x801'3237    0x4e  Code  Lc  ff.o [2]
hFlashSpi               0x2000'2d54    0x80  Data  Gb  fst_spi.o [2]
hFlashSpiDmaRx          0x2000'2ef4    0x60  Data  Gb  fst_spi.o [2]
hFlashSpiDmaTx          0x2000'2f54    0x60  Data  Gb  fst_spi.o [2]
hLcdDma                 0x2000'2fb4    0x60  Data  Gb  lcd_low.o [2]
hRTC                    0x2000'3064    0x20  Data  Gb  rtc.o [2]
hTouchSpi               0x2000'2cd4    0x80  Data  Gb  fst_spi.o [2]
hTouchSpiDmaRx          0x2000'2dd4    0x60  Data  Gb  fst_spi.o [2]
hTouchSpiDmaTx          0x2000'2e34    0x60  Data  Gb  fst_spi.o [2]
hUsbHost                0x2000'2160   0x3d8  Data  Gb  usb_host.o [2]
hhcd_USB_OTG_FS         0x2000'2538   0x2c4  Data  Gb  usbh_conf.o [2]
hsram1                  0x2000'3014    0x50  Data  Gb  fsmc.o [2]
init_mparams             0x801'5d3f    0x32  Code  Lc  dlmalloc.o [3]
init_top                 0x801'5d71    0x36  Code  Lc  dlmalloc.o [3]
lcdui_bgcolor           0x2000'3108     0x2  Data  Gb  lcd_ui.o [2]
lcdui_color             0x2000'00ec     0x2  Data  Gb  lcd_ui.o [2]
lcdui_current_font      0x2000'003c     0x4  Data  Gb  lcd_ui.o [2]
lcdui_cursor_x          0x2000'3104     0x2  Data  Gb  lcd_ui.o [2]
lcdui_cursor_y          0x2000'3106     0x2  Data  Gb  lcd_ui.o [2]
lcdui_height            0x2000'00ea     0x2  Data  Gb  lcd_ui.o [2]
lcdui_width             0x2000'00e8     0x2  Data  Gb  lcd_ui.o [2]
ld_clust                 0x801'29bb    0x26  Code  Lc  ff.o [2]
ld_dword                 0x801'2229    0x16  Code  Lc  ff.o [2]
ld_word                  0x801'221d     0xc  Code  Lc  ff.o [2]
ldexp                    0x802'03f9          Code  Gb  ldexp.o [4]
ldexpl                   0x802'03f9          Code  Gb  ldexp.o [4]
localeconv               0x802'0085     0x4  Code  Gb  xlocale_c.o [3]
main                     0x801'ac9d   0x60a  Code  Gb  main.o [2]
mem_cmp                  0x801'2285    0x1e  Code  Lc  ff.o [2]
mem_cpy                  0x801'2265    0x14  Code  Lc  ff.o [2]
mem_set                  0x801'2279     0xc  Code  Lc  ff.o [2]
memchr                   0x802'0121          Code  Gb  memchr.o [5]
mount_volume             0x801'336d   0x2c6  Code  Lc  ff.o [2]
move_window              0x801'23c5    0x3e  Code  Lc  ff.o [2]
mparams                 0x2000'3084    0x18  Data  Lc  dlmalloc.o [3]
pick_lfn                 0x801'2a81    0x90  Code  Lc  ff.o [2]
prepend_alloc            0x801'5da7   0x346  Code  Lc  dlmalloc.o [3]
put_fat                  0x801'2527   0x15c  Code  Lc  ff.o [2]
put_utf                  0x801'2319    0x5c  Code  Lc  ff.o [2]
retSPIFL                0x2000'310b     0x1  Data  Gb  fatfs.o [2]
retUSBH                 0x2000'310a     0x1  Data  Gb  fatfs.o [2]
scalbln                  0x802'03f9          Code  Gb  ldexp.o [4]
scalblnl                 0x802'03f9          Code  Gb  ldexp.o [4]
scalbn                   0x802'03f9          Code  Gb  ldexp.o [4]
scalbnl                  0x802'03f9          Code  Gb  ldexp.o [4]
scale                    0x801'f61b    0x46  Code  Lc  xprintffull.o [3]
sec_hand                0x2000'30f8     0x4  Data  Lc  xfail_s.o [3]
segment_holding          0x801'5d25    0x1a  Code  Lc  dlmalloc.o [3]
sprintf                  0x801'd68d    0x40  Code  Gb  sprintf.o [3]
st_dword                 0x801'224d    0x18  Code  Lc  ff.o [2]
st_word                  0x801'223f     0xe  Code  Lc  ff.o [2]
strchr                   0x802'0091          Code  Gb  strchr.o [5]
strlen                   0x802'00e9          Code  Gb  strlen.o [5]
sum_sfn                  0x801'2b11    0x20  Code  Lc  ff.o [2]
sync_window              0x801'2375    0x50  Code  Lc  ff.o [2]
sys_alloc                0x801'62e5   0x164  Code  Lc  dlmalloc.o [3]
sys_trim                 0x801'6449    0x64  Code  Lc  dlmalloc.o [3]
tchar2uni                0x801'22d3    0x46  Code  Lc  ff.o [2]
tmalloc_large            0x801'64b9   0x386  Code  Lc  dlmalloc.o [3]
tmalloc_small            0x801'683f   0x200  Code  Lc  dlmalloc.o [3]
touch_buff              0x2000'2e94    0x60  Data  Gb  fst_spi.o [2]
touch_info              0x2000'30ac    0x10  Data  Gb  touch.o [2]
touch_point             0x2000'30f4     0x4  Data  Gb  touch.o [2]
tstrcat(unsigned short *, unsigned short *)
                         0x801'd661    0x2c  Code  Gb  unicode_utils.o [2]
tstrcpy(unsigned short *, unsigned short *)
                         0x801'd63f    0x22  Code  Gb  unicode_utils.o [2]
uc866                    0x802'3a5c   0x100  Data  Lc  ffunicode.o [2]
uibuff                  0x2000'3110  0x2000  Data  Gb  main.o [2]
uwTick                  0x2000'30ec     0x4  Data  Gb  stm32f4xx_hal.o [2]
uwTickFreq              0x2000'00ee     0x1  Data  Gb  stm32f4xx_hal.o [2]
uwTickPrio              0x2000'0040     0x4  Data  Gb  stm32f4xx_hal.o [2]
validate                 0x801'3633    0x48  Code  Lc  ff.o [2]


[1] = D:\Electronics\Projects\MKS_DLP_new\SRC\IMGS\original
[2] = D:\Electronics\Projects\MKS_DLP_new\SRC\firmware\MKS_DLP_new_debug\Obj
[3] = dl7M_tlf.a
[4] = m7M_tls.a
[5] = rt7M_tl.a
[6] = shb_l.a

  54 411 bytes of readonly  code memory
  28 285 bytes of readonly  data memory
  45 325 bytes of readwrite data memory

Errors: none
Warnings: none
