###############################################################################
#
# IAR ELF Linker V8.32.1.169/W32 for ARM                  22/Jul/2020  15:10:35
# Copyright 2007-2018 IAR Systems AB.
#
#    Output file  =  
#        D:\Electronics\Projects\MKS_DLP_new\SRC\firmware\MKS_DLP_new_debug\Exe\MKS_DLP_new.out
#    Map file     =  
#        D:\Electronics\Projects\MKS_DLP_new\SRC\firmware\MKS_DLP_new_debug\List\MKS_DLP_new.map
#    Command line =  
#        -f C:\Temp\EW1438.tmp
#        (D:\Electronics\Projects\MKS_DLP_new\SRC\firmware\MKS_DLP_new_debug\Obj\diskio.o
#        D:\Electronics\Projects\MKS_DLP_new\SRC\firmware\MKS_DLP_new_debug\Obj\fatfs.o
#        D:\Electronics\Projects\MKS_DLP_new\SRC\firmware\MKS_DLP_new_debug\Obj\ff.o
#        D:\Electronics\Projects\MKS_DLP_new\SRC\firmware\MKS_DLP_new_debug\Obj\ff_gen_drv.o
#        D:\Electronics\Projects\MKS_DLP_new\SRC\firmware\MKS_DLP_new_debug\Obj\ffsystem.o
#        D:\Electronics\Projects\MKS_DLP_new\SRC\firmware\MKS_DLP_new_debug\Obj\ffunicode.o
#        D:\Electronics\Projects\MKS_DLP_new\SRC\firmware\MKS_DLP_new_debug\Obj\fnt18.o
#        D:\Electronics\Projects\MKS_DLP_new\SRC\firmware\MKS_DLP_new_debug\Obj\fnt18b.o
#        D:\Electronics\Projects\MKS_DLP_new\SRC\firmware\MKS_DLP_new_debug\Obj\fnt24.o
#        D:\Electronics\Projects\MKS_DLP_new\SRC\firmware\MKS_DLP_new_debug\Obj\fsmc.o
#        D:\Electronics\Projects\MKS_DLP_new\SRC\firmware\MKS_DLP_new_debug\Obj\gpio.o
#        D:\Electronics\Projects\MKS_DLP_new\SRC\firmware\MKS_DLP_new_debug\Obj\lcd_low.o
#        D:\Electronics\Projects\MKS_DLP_new\SRC\firmware\MKS_DLP_new_debug\Obj\lcd_ui.o
#        D:\Electronics\Projects\MKS_DLP_new\SRC\firmware\MKS_DLP_new_debug\Obj\main.o
#        D:\Electronics\Projects\MKS_DLP_new\SRC\firmware\MKS_DLP_new_debug\Obj\rtc.o
#        D:\Electronics\Projects\MKS_DLP_new\SRC\firmware\MKS_DLP_new_debug\Obj\startup_stm32f407xx.o
#        D:\Electronics\Projects\MKS_DLP_new\SRC\firmware\MKS_DLP_new_debug\Obj\stm32f4xx_hal.o
#        D:\Electronics\Projects\MKS_DLP_new\SRC\firmware\MKS_DLP_new_debug\Obj\stm32f4xx_hal_cortex.o
#        D:\Electronics\Projects\MKS_DLP_new\SRC\firmware\MKS_DLP_new_debug\Obj\stm32f4xx_hal_dma.o
#        D:\Electronics\Projects\MKS_DLP_new\SRC\firmware\MKS_DLP_new_debug\Obj\stm32f4xx_hal_dma_ex.o
#        D:\Electronics\Projects\MKS_DLP_new\SRC\firmware\MKS_DLP_new_debug\Obj\stm32f4xx_hal_exti.o
#        D:\Electronics\Projects\MKS_DLP_new\SRC\firmware\MKS_DLP_new_debug\Obj\stm32f4xx_hal_flash.o
#        D:\Electronics\Projects\MKS_DLP_new\SRC\firmware\MKS_DLP_new_debug\Obj\stm32f4xx_hal_flash_ex.o
#        D:\Electronics\Projects\MKS_DLP_new\SRC\firmware\MKS_DLP_new_debug\Obj\stm32f4xx_hal_flash_ramfunc.o
#        D:\Electronics\Projects\MKS_DLP_new\SRC\firmware\MKS_DLP_new_debug\Obj\stm32f4xx_hal_gpio.o
#        D:\Electronics\Projects\MKS_DLP_new\SRC\firmware\MKS_DLP_new_debug\Obj\stm32f4xx_hal_hcd.o
#        D:\Electronics\Projects\MKS_DLP_new\SRC\firmware\MKS_DLP_new_debug\Obj\stm32f4xx_hal_msp.o
#        D:\Electronics\Projects\MKS_DLP_new\SRC\firmware\MKS_DLP_new_debug\Obj\stm32f4xx_hal_pwr.o
#        D:\Electronics\Projects\MKS_DLP_new\SRC\firmware\MKS_DLP_new_debug\Obj\stm32f4xx_hal_pwr_ex.o
#        D:\Electronics\Projects\MKS_DLP_new\SRC\firmware\MKS_DLP_new_debug\Obj\stm32f4xx_hal_rcc.o
#        D:\Electronics\Projects\MKS_DLP_new\SRC\firmware\MKS_DLP_new_debug\Obj\stm32f4xx_hal_rcc_ex.o
#        D:\Electronics\Projects\MKS_DLP_new\SRC\firmware\MKS_DLP_new_debug\Obj\stm32f4xx_hal_rtc.o
#        D:\Electronics\Projects\MKS_DLP_new\SRC\firmware\MKS_DLP_new_debug\Obj\stm32f4xx_hal_rtc_ex.o
#        D:\Electronics\Projects\MKS_DLP_new\SRC\firmware\MKS_DLP_new_debug\Obj\stm32f4xx_hal_spi.o
#        D:\Electronics\Projects\MKS_DLP_new\SRC\firmware\MKS_DLP_new_debug\Obj\stm32f4xx_hal_sram.o
#        D:\Electronics\Projects\MKS_DLP_new\SRC\firmware\MKS_DLP_new_debug\Obj\stm32f4xx_hal_tim.o
#        D:\Electronics\Projects\MKS_DLP_new\SRC\firmware\MKS_DLP_new_debug\Obj\stm32f4xx_hal_tim_ex.o
#        D:\Electronics\Projects\MKS_DLP_new\SRC\firmware\MKS_DLP_new_debug\Obj\stm32f4xx_it.o
#        D:\Electronics\Projects\MKS_DLP_new\SRC\firmware\MKS_DLP_new_debug\Obj\stm32f4xx_ll_fsmc.o
#        D:\Electronics\Projects\MKS_DLP_new\SRC\firmware\MKS_DLP_new_debug\Obj\stm32f4xx_ll_usb.o
#        D:\Electronics\Projects\MKS_DLP_new\SRC\firmware\MKS_DLP_new_debug\Obj\sys_timer.o
#        D:\Electronics\Projects\MKS_DLP_new\SRC\firmware\MKS_DLP_new_debug\Obj\system_stm32f4xx.o
#        D:\Electronics\Projects\MKS_DLP_new\SRC\firmware\MKS_DLP_new_debug\Obj\touch_spi.o
#        D:\Electronics\Projects\MKS_DLP_new\SRC\firmware\MKS_DLP_new_debug\Obj\unicode_utils.o
#        D:\Electronics\Projects\MKS_DLP_new\SRC\firmware\MKS_DLP_new_debug\Obj\usb_host.o
#        D:\Electronics\Projects\MKS_DLP_new\SRC\firmware\MKS_DLP_new_debug\Obj\usbh_conf.o
#        D:\Electronics\Projects\MKS_DLP_new\SRC\firmware\MKS_DLP_new_debug\Obj\usbh_core.o
#        D:\Electronics\Projects\MKS_DLP_new\SRC\firmware\MKS_DLP_new_debug\Obj\usbh_ctlreq.o
#        D:\Electronics\Projects\MKS_DLP_new\SRC\firmware\MKS_DLP_new_debug\Obj\usbh_diskio.o
#        D:\Electronics\Projects\MKS_DLP_new\SRC\firmware\MKS_DLP_new_debug\Obj\usbh_ioreq.o
#        D:\Electronics\Projects\MKS_DLP_new\SRC\firmware\MKS_DLP_new_debug\Obj\usbh_msc.o
#        D:\Electronics\Projects\MKS_DLP_new\SRC\firmware\MKS_DLP_new_debug\Obj\usbh_msc_bot.o
#        D:\Electronics\Projects\MKS_DLP_new\SRC\firmware\MKS_DLP_new_debug\Obj\usbh_msc_scsi.o
#        D:\Electronics\Projects\MKS_DLP_new\SRC\firmware\MKS_DLP_new_debug\Obj\usbh_pipes.o
#        D:\Electronics\Projects\MKS_DLP_new\SRC\firmware\MKS_DLP_new_debug\Obj\usbh_platform.o
#        --redirect _Printf=_PrintfFull --redirect _Scanf=_ScanfFull
#        --no_out_extension -o
#        D:\Electronics\Projects\MKS_DLP_new\SRC\firmware\MKS_DLP_new_debug\Exe\MKS_DLP_new.out
#        --map
#        D:\Electronics\Projects\MKS_DLP_new\SRC\firmware\MKS_DLP_new_debug\List\MKS_DLP_new.map
#        --log libraries,call_graph --log_file
#        D:\Electronics\Projects\MKS_DLP_new\SRC\firmware\MKS_DLP_new_debug\List\MKS_DLP_new.log
#        --config
#        D:\Electronics\Projects\MKS_DLP_new\SRC\firmware/config/stm32f407xx_flash.icf
#        --semihosting --entry __iar_program_start --merge_duplicate_sections
#        --vfe --text_out locale)
#
###############################################################################

*******************************************************************************
*** RUNTIME MODEL ATTRIBUTES
***

CppFlavor        = *
__CPP_Exceptions = Disabled
__CPP_Language   = C++14
__Heap_Handler   = DLMalloc
__SystemLibrary  = DLib
__dlib_version   = 6


*******************************************************************************
*** HEAP SELECTION
***

The advanced heap was selected because the application calls memory
allocation functions outside of system library functions, and there
are calls to deallocation functions in the application.


*******************************************************************************
*** PLACEMENT SUMMARY
***

"A0":  place at 0x801'0000 { ro section .intvec };
"P1":  place in [from 0x801'0000 to 0x80f'ffff] { ro };
define block CSTACK with size = 8K, alignment = 8 { };
define block HEAP with size = 4K, alignment = 8 { };
"P2":  place in [from 0x2000'0000 to 0x2001'ffff] {
          rw, block CSTACK, block HEAP };
"P3":  place in [from 0x1000'0000 to 0x1000'ffff] { rw section CCMRAM };
initialize by copy { rw };

  Section            Kind         Address     Size  Object
  -------            ----         -------     ----  ------
"A0":                                        0x188
  .intvec            ro code   0x801'0000    0x188  startup_stm32f407xx.o [1]
                             - 0x801'0188    0x188

"P1":                                      0x10adf
  .text              ro code   0x801'0188   0x1fb4  ff.o [1]
  .text              ro code   0x801'213c     0xb0  diskio.o [1]
  .text              ro code   0x801'21ec    0x144  ffunicode.o [1]
  .text              ro code   0x801'2330     0x20  fatfs.o [1]
  .text              ro code   0x801'2350     0x54  ff_gen_drv.o [1]
  .rodata            const     0x801'23a4   0x195c  fnt24.o [1]
  .text              ro code   0x801'3d00   0x14e0  dlmalloc.o [2]
  .text              ro code   0x801'51e0      0x6  abort.o [2]
  .text              ro code   0x801'51e6     0x7a  lz77_init_single.o [4]
  .text              ro code   0x801'5260     0x2c  xgetmemchunk.o [2]
  .text              ro code   0x801'528c     0x14  exit.o [5]
  .rodata            const     0x801'52a0   0x10c8  fnt18b.o [1]
  .text              ro code   0x801'6368   0x1060  stm32f4xx_hal_hcd.o [1]
  .text              ro code   0x801'73c8    0x2f8  usbh_conf.o [1]
  .text              ro code   0x801'76c0    0x9c4  stm32f4xx_ll_usb.o [1]
  .text              ro code   0x801'8084     0xa6  ABImemcpy.o [4]
  .text              ro code   0x801'812a     0x3a  zero_init3.o [4]
  .text              ro code   0x801'8164      0x6  ABImemclr4.o [4]
  .text              ro code   0x801'816a     0x1e  xencoding_8859_1.o [2]
  .text              ro code   0x801'8188    0x21c  stm32f4xx_hal_gpio.o [1]
  .text              ro code   0x801'83a4    0x12c  stm32f4xx_hal_cortex.o [1]
  .text              ro code   0x801'84d0    0x79e  usbh_core.o [1]
  .text              ro code   0x801'8c6e      0xa  xsprout.o [2]
  .text              ro code   0x801'8c78    0x6c2  main.o [1]
  .rodata            const     0x801'933a      0x1  unwind_debug.o [5]
  .text              ro code   0x801'933c     0x20  usbh_platform.o [1]
  .text              ro code   0x801'935c     0x28  stm32f4xx_hal.o [1]
  .text              ro code   0x801'9384     0x32  ABImemset48.o [4]
  .text              ro code   0x801'93b6     0xb6  usbh_pipes.o [1]
  .text              ro code   0x801'946c    0x5bc  usbh_ctlreq.o [1]
  .text              ro code   0x801'9a28     0x34  stm32f4xx_hal.o [1]
  .text              ro code   0x801'9a5c    0x140  gpio.o [1]
  .text              ro code   0x801'9b9c     0xb8  rtc.o [1]
  .text              ro code   0x801'9c54    0x30c  touch_spi.o [1]
  .text              ro code   0x801'9f60    0x4dc  lcd_low.o [1]
  .text              ro code   0x801'a43c    0x5d4  lcd_ui.o [1]
  .text              ro code   0x801'aa10     0x8c  usb_host.o [1]
  .text              ro code   0x801'aa9c     0x40  sprintf.o [2]
  .text              ro code   0x801'aadc    0x126  unicode_utils.o [1]
  .text              ro code   0x801'ac04     0x12  strcmp.o [4]
  .text              ro code   0x801'ac18      0xc  stm32f4xx_hal.o [1]
  .text              ro code   0x801'ac24     0x48  FltToDbl.o [3]
  .text              ro code   0x801'ac6c    0x246  DblDiv.o [3]
  .text              ro code   0x801'aeb4     0x68  DblToFlt.o [3]
  .text              ro code   0x801'af1c    0x3b4  stm32f4xx_hal_rcc.o [1]
  .text              ro code   0x801'b2d0    0x1d4  stm32f4xx_hal_rcc.o [1]
  .text              ro code   0x801'b4a4    0x150  stm32f4xx_hal_rcc_ex.o [1]
  .text              ro code   0x801'b5f4     0xd0  usbh_ioreq.o [1]
  .text              ro code   0x801'b6c4     0x4c  stm32f4xx_hal.o [1]
  .text              ro code   0x801'b710     0x40  stm32f4xx_hal_msp.o [1]
  .text              ro code   0x801'b750    0x34e  stm32f4xx_hal_rtc.o [1]
  .text              ro code   0x801'baa0    0x4f6  stm32f4xx_hal_spi.o [1]
  .text              ro code   0x801'bf98    0x450  stm32f4xx_hal_dma.o [1]
  .text              ro code   0x801'c3e8     0x66  ABImemset.o [4]
  .text              ro code   0x801'c450    0x114  fsmc.o [1]
  .text              ro code   0x801'c564    0xf46  xprintffull.o [2]
  .text              ro code   0x801'd4ac    0x230  I64DivMod.o [4]
  .text              ro code   0x801'd6dc     0x5c  stm32f4xx_hal_sram.o [1]
  .text              ro code   0x801'd738     0x78  xlocale_c.o [2]
  .text              ro code   0x801'd7b0     0x16  strchr.o [4]
  .text              ro code   0x801'd7c8     0x40  xfail_s.o [2]
  .text              ro code   0x801'd808     0x36  strlen.o [4]
  .text              ro code   0x801'd840     0x58  memchr.o [4]
  .text              ro code   0x801'd898      0xa  xmbcurmax.o [2]
  .text              ro code   0x801'd8a4    0x1a2  DblMul.o [3]
  .text              ro code   0x801'da48     0x70  frexp.o [3]
  .text              ro code   0x801'dab8     0x2e  DblCmpLe.o [3]
  .text              ro code   0x801'dae8     0x2e  DblCmpGe.o [3]
  .text              ro code   0x801'db18    0x13a  ldexp.o [3]
  .text              ro code   0x801'dc54     0x3a  DblToS32.o [3]
  .text              ro code   0x801'dc90     0x22  S32ToDbl.o [3]
  .text              ro code   0x801'dcb4     0xe2  DblSub.o [3]
  .text              ro code   0x801'dd98     0x28  DblToU32.o [3]
  .text              ro code   0x801'ddc0     0x1a  U32ToDbl.o [3]
  .text              ro code   0x801'ddda      0x2  stm32f4xx_hal_spi.o [1]
  .text              ro code   0x801'dddc     0xe4  stm32f4xx_ll_fsmc.o [1]
  .text              ro code   0x801'dec0    0x16a  DblAdd.o [3]
  .rodata            const     0x801'e02c    0xea4  fnt18.o [1]
  .text              ro code   0x801'eed0    0x8b4  usbh_msc.o [1]
  .text              ro code   0x801'f784    0x394  usbh_msc_bot.o [1]
  .text              ro code   0x801'fb18      0x4  heaptramp0.o [2]
  .text              ro code   0x801'fb1c    0x3ea  usbh_msc_scsi.o [1]
  .rodata            const     0x801'ff08    0x1f4  ffunicode.o [1]
  .text              ro code   0x802'00fc    0x144  usbh_diskio.o [1]
  .rodata            const     0x802'0240    0x140  fnt18.o [1]
  .rodata            const     0x802'0380    0x140  fnt18b.o [1]
  .rodata            const     0x802'04c0    0x140  fnt24.o [1]
  .rodata            const     0x802'0600    0x100  ffunicode.o [1]
  .rodata            const     0x802'0700     0xbc  ffunicode.o [1]
  .rodata            const     0x802'07bc     0x80  ff.o [1]
  .text              ro code   0x802'083c     0x50  stm32f4xx_it.o [1]
  .text              ro code   0x802'088c     0x24  sys_timer.o [1]
  .rodata            const     0x802'08b0     0x2c  main.o [1]
  .rodata            const     0x802'08dc     0x2c  main.o [1]
  .rodata            const     0x802'0908     0x2c  main.o [1]
  .rodata            const     0x802'0934     0x28  main.o [1]
  .text              ro code   0x802'095c     0x28  data_init.o [4]
  .rodata            const     0x802'0984     0x24  main.o [1]
  .rodata            const     0x802'09a8     0x24  main.o [1]
  .text              ro code   0x802'09cc     0x22  fpinit_M.o [3]
  .iar.init_table    const     0x802'09f0     0x20  - Linker created -
  .rodata            const     0x802'0a10     0x20  main.o [1]
  .rodata            const     0x802'0a30     0x20  main.o [1]
  .text              ro code   0x802'0a50     0x20  system_stm32f4xx.o [1]
  .text              ro code   0x802'0a70     0x1e  cmain.o [4]
  .text              ro code   0x802'0a8e      0x4  low_level_init.o [2]
  .text              ro code   0x802'0a92      0x4  exit.o [2]
  .text              ro code   0x802'0a98      0xa  cexit.o [4]
  .rodata            const     0x802'0aa4     0x1c  main.o [1]
  .rodata            const     0x802'0ac0     0x1c  main.o [1]
  .rodata            const     0x802'0adc     0x18  main.o [1]
  .rodata            const     0x802'0af4     0x14  main.o [1]
  .rodata            const     0x802'0b08     0x14  usbh_diskio.o [1]
  .rodata            const     0x802'0b1c     0x10  ff.o [1]
  .rodata            const     0x802'0b2c     0x10  main.o [1]
  .rodata            const     0x802'0b3c     0x10  main.o [1]
  .rodata            const     0x802'0b4c     0x10  system_stm32f4xx.o [1]
  .text              ro code   0x802'0b5c     0x10  startup_stm32f407xx.o [1]
  .rodata            const     0x802'0b6c      0xc  ff.o [1]
  .rodata            const     0x802'0b78      0xc  main.o [1]
  .rodata            const     0x802'0b84      0xc  main.o [1]
  .rodata            const     0x802'0b90      0xc  main.o [1]
  .text              ro code   0x802'0b9c      0xc  cstartup_M.o [4]
  .rodata            const     0x802'0ba8      0x8  ff.o [1]
  .rodata            const     0x802'0bb0      0x8  ff.o [1]
  .rodata            const     0x802'0bb8      0x8  main.o [1]
  .rodata            const     0x802'0bc0      0x8  main.o [1]
  .rodata            const     0x802'0bc8      0x8  stm32f4xx_hal_dma.o [1]
  .rodata            const     0x802'0bd0      0x6  xlocale_c.o [2]
  .rodata            const     0x802'0bd8      0x4  rtc.o [1]
  .rodata            const     0x802'0bdc      0x4  usbh_msc.o [1]
  .text              ro code   0x802'0be0      0x4  startup_stm32f407xx.o [1]
  .rodata            const     0x802'0be4      0x0  zero_init3.o [4]
  .rodata            const     0x802'0be4      0x0  lz77_init_single.o [4]
  Initializer bytes  const     0x802'0be4     0x83  <for P2-1>
                             - 0x802'0c67  0x10adf

"P3":                                       0x2000
  CCMRAM             uninit   0x1000'0000   0x2000  main.o [1]
                            - 0x1000'2000   0x2000

"P2", part 1 of 3:                            0xdf
  P2-1                        0x2000'0000     0xdf  <Init block>
    .data            inited   0x2000'0000      0xc  fnt18.o [1]
    .data            inited   0x2000'000c      0xc  fnt18b.o [1]
    .data            inited   0x2000'0018      0xc  fnt24.o [1]
    .data            inited   0x2000'0024      0x4  lcd_ui.o [1]
    .data            inited   0x2000'0028      0x4  stm32f4xx_hal.o [1]
    .data            inited   0x2000'002c      0x4  system_stm32f4xx.o [1]
    .data            inited   0x2000'0030     0x20  usbh_msc.o [1]
    .data            inited   0x2000'0050     0x38  xlocale_c.o [2]
    .data            inited   0x2000'0088     0x48  xlocale_c.o [2]
    .data            inited   0x2000'00d0      0x2  lcd_ui.o [1]
    .data            inited   0x2000'00d2      0x2  lcd_ui.o [1]
    .data            inited   0x2000'00d4      0x2  lcd_ui.o [1]
    .data            inited   0x2000'00d6      0x2  touch_spi.o [1]
    .data            inited   0x2000'00d8      0x2  touch_spi.o [1]
    .data            inited   0x2000'00da      0x2  touch_spi.o [1]
    .data            inited   0x2000'00dc      0x2  touch_spi.o [1]
    .data            inited   0x2000'00de      0x1  stm32f4xx_hal.o [1]
                            - 0x2000'00df     0xdf

"P2", part 2 of 3:                          0x1574
  .bss               zero     0x2000'00e0    0x838  fatfs.o [1]
  .bss               zero     0x2000'0918    0x3d8  usb_host.o [1]
  .bss               zero     0x2000'0cf0    0x2c4  usbh_conf.o [1]
  .bss               zero     0x2000'0fb4    0x200  ff.o [1]
  .bss               zero     0x2000'11b4    0x1d8  dlmalloc.o [2]
  .bss               zero     0x2000'138c     0x80  touch_spi.o [1]
  .bss               zero     0x2000'140c     0x60  lcd_low.o [1]
  .bss               zero     0x2000'146c     0x60  touch_spi.o [1]
  .bss               zero     0x2000'14cc     0x60  touch_spi.o [1]
  .bss               zero     0x2000'152c     0x60  touch_spi.o [1]
  .bss               zero     0x2000'158c     0x50  fsmc.o [1]
  .bss               zero     0x2000'15dc     0x20  rtc.o [1]
  .bss               zero     0x2000'15fc     0x18  dlmalloc.o [2]
  .bss               zero     0x2000'1614      0xc  ff_gen_drv.o [1]
  .bss               zero     0x2000'1620      0x8  fatfs.o [1]
  .bss               zero     0x2000'1628      0x4  ff.o [1]
  .bss               zero     0x2000'162c      0x4  fsmc.o [1]
  .bss               zero     0x2000'1630      0x4  stm32f4xx_hal.o [1]
  .bss               zero     0x2000'1634      0x4  stm32f4xx_ll_usb.o [1]
  .bss               zero     0x2000'1638      0x4  xfail_s.o [2]
  .bss               zero     0x2000'163c      0x4  xgetmemchunk.o [2]
  .bss               zero     0x2000'1640      0x2  ff.o [1]
  .bss               zero     0x2000'1642      0x2  lcd_low.o [1]
  .bss               zero     0x2000'1644      0x2  lcd_ui.o [1]
  .bss               zero     0x2000'1646      0x2  lcd_ui.o [1]
  .bss               zero     0x2000'1648      0x2  lcd_ui.o [1]
  .bss               zero     0x2000'164a      0x2  touch_spi.o [1]
  .bss               zero     0x2000'164c      0x2  touch_spi.o [1]
  .bss               zero     0x2000'164e      0x1  fatfs.o [1]
  .bss               zero     0x2000'164f      0x1  main.o [1]
  .bss               zero     0x2000'1650      0x1  usb_host.o [1]
                            - 0x2000'1651   0x1571

"P2", part 3 of 3:                          0x3000
  CSTACK                      0x2000'1658   0x2000  <Block>
    CSTACK           uninit   0x2000'1658   0x2000  <Block tail>
  HEAP                        0x2000'3658   0x1000  <Block>
    HEAP             uninit   0x2000'3658   0x1000  <Block tail>
                            - 0x2000'4658   0x3000

Unused ranges:

         From           To      Size
         ----           --      ----
   0x802'0c67   0x80f'ffff  0xd'f399
  0x1000'2000  0x1000'ffff    0xe000
  0x2000'00df  0x2000'00df       0x1
  0x2000'1654  0x2000'1657       0x4
  0x2000'4658  0x2001'ffff  0x1'b9a8


*******************************************************************************
*** INIT TABLE
***

          Address      Size
          -------      ----
Zero (__iar_zero_init3)
    1 destination range, total size 0x1571:
          0x2000'00e0  0x1571

Copy/lz77 (__iar_lz77_init_single3)
    1 source range, total size 0x83 (58% of destination):
           0x802'0be4    0x83
    1 destination range, total size 0xdf:
          0x2000'0000    0xdf



*******************************************************************************
*** MODULE SUMMARY
***

    Module                  ro code  ro data  rw data
    ------                  -------  -------  -------
command line/config:
    -------------------------------------------------
    Total:

D:\Electronics\Projects\MKS_DLP_new\SRC\firmware\MKS_DLP_new_debug\Obj: [1]
    diskio.o                    176
    fatfs.o                      32             2 113
    ff.o                      8 116      172      518
    ff_gen_drv.o                 84                12
    ffunicode.o                 324      944
    fnt18.o                            4 075       12
    fnt18b.o                           4 623       12
    fnt24.o                            6 819       12
    fsmc.o                      276                84
    gpio.o                      320
    lcd_low.o                 1 244                98
    lcd_ui.o                  1 492        5       16
    main.o                    1 730      492    8 193
    rtc.o                       184        4       32
    startup_stm32f407xx.o       412
    stm32f4xx_hal.o             180        3        9
    stm32f4xx_hal_cortex.o      300
    stm32f4xx_hal_dma.o       1 104        8
    stm32f4xx_hal_gpio.o        540
    stm32f4xx_hal_hcd.o       4 192
    stm32f4xx_hal_msp.o          64
    stm32f4xx_hal_rcc.o       1 416
    stm32f4xx_hal_rcc_ex.o      336
    stm32f4xx_hal_rtc.o         846
    stm32f4xx_hal_spi.o       1 272
    stm32f4xx_hal_sram.o         92
    stm32f4xx_it.o               80
    stm32f4xx_ll_fsmc.o         228
    stm32f4xx_ll_usb.o        2 500                 4
    sys_timer.o                  36
    system_stm32f4xx.o           32       19        4
    touch_spi.o                 780        5      428
    unicode_utils.o             294
    usb_host.o                  140               985
    usbh_conf.o                 760               708
    usbh_core.o               1 950
    usbh_ctlreq.o             1 468
    usbh_diskio.o               324       20
    usbh_ioreq.o                208
    usbh_msc.o                2 228       22       32
    usbh_msc_bot.o              916
    usbh_msc_scsi.o           1 002
    usbh_pipes.o                182
    usbh_platform.o              32
    -------------------------------------------------
    Total:                   37 892   17 211   13 272

dl7M_tlf.a: [2]
    abort.o                       6
    dlmalloc.o                5 344               496
    exit.o                        4
    heaptramp0.o                  4
    low_level_init.o              4
    sprintf.o                    64
    xencoding_8859_1.o           30
    xfail_s.o                    64                 4
    xgetmemchunk.o               44                 4
    xlocale_c.o                 120       82      128
    xmbcurmax.o                  10
    xprintffull.o             3 910
    xsprout.o                    10
    -------------------------------------------------
    Total:                    9 614       82      632

m7M_tls.a: [3]
    DblAdd.o                    362
    DblCmpGe.o                   46
    DblCmpLe.o                   46
    DblDiv.o                    582
    DblMul.o                    418
    DblSub.o                    226
    DblToFlt.o                  104
    DblToS32.o                   58
    DblToU32.o                   40
    FltToDbl.o                   72
    S32ToDbl.o                   34
    U32ToDbl.o                   26
    fpinit_M.o                   34
    frexp.o                     112
    ldexp.o                     314
    -------------------------------------------------
    Total:                    2 474

rt7M_tl.a: [4]
    ABImemclr4.o                  6
    ABImemcpy.o                 166
    ABImemset.o                 102
    ABImemset48.o                50
    I64DivMod.o                 560
    cexit.o                      10
    cmain.o                      30
    cstartup_M.o                 12
    data_init.o                  40
    lz77_init_single.o          122
    memchr.o                     88
    strchr.o                     22
    strcmp.o                     18
    strlen.o                     54
    zero_init3.o                 58
    -------------------------------------------------
    Total:                    1 338

shb_l.a: [5]
    exit.o                       20
    unwind_debug.o                         1
    -------------------------------------------------
    Total:                       20        1

    Gaps                         37       10
    Linker created                        32   12 288
-----------------------------------------------------
    Grand Total:             51 375   17 336   26 192


*******************************************************************************
*** ENTRY LIST
***

Entry                       Address    Size  Type      Object
-----                       -------    ----  ----      ------
.iar.init_table$$Base    0x802'09f0           --   Gb  - Linker created -
.iar.init_table$$Limit   0x802'0a10           --   Gb  - Linker created -
?main                    0x802'0a71          Code  Gb  cmain.o [4]
AHBPrescTable            0x802'0b4c    0x10  Data  Gb  system_stm32f4xx.o [1]
Appli_state             0x2000'1650     0x1  Data  Gb  usb_host.o [1]
Appli_state_old         0x2000'164f     0x1  Data  Gb  main.o [1]
BusFault_Handler         0x802'0843     0x2  Code  Gb  stm32f4xx_it.o [1]
CSTACK$$Base            0x2000'1658           --   Gb  - Linker created -
CSTACK$$Limit           0x2000'3658           --   Gb  - Linker created -
CacheMore                0x801'd73d    0x24  Code  Lc  xlocale_c.o [2]
DMA1_Stream3_IRQHandler
                         0x802'0855     0xa  Code  Gb  stm32f4xx_it.o [1]
DMA1_Stream4_IRQHandler
                         0x802'085f     0xa  Code  Gb  stm32f4xx_it.o [1]
DMA2_Stream7_IRQHandler
                         0x802'0873     0xa  Code  Gb  stm32f4xx_it.o [1]
DMA_CalcBaseAndBitshift
                         0x801'c325    0x30  Code  Lc  stm32f4xx_hal_dma.o [1]
DMA_CalcBaseAndBitshift::flagBitshiftOffset
                         0x802'0bc8     0x8  Data  Lc  stm32f4xx_hal_dma.o [1]
DMA_CheckFifoParam       0x801'c361    0x88  Code  Lc  stm32f4xx_hal_dma.o [1]
DMA_SetConfig            0x801'c2f7    0x2e  Code  Lc  stm32f4xx_hal_dma.o [1]
DeInitStateMachine       0x801'8521    0x66  Code  Lc  usbh_core.o [1]
DebugMon_Handler         0x802'0849     0x2  Code  Gb  stm32f4xx_it.o [1]
DeviceCode              0x2000'1642     0x2  Data  Gb  lcd_low.o [1]
Error_Handler            0x801'9339     0x2  Code  Gb  main.o [1]
ExCvt                    0x802'07bc    0x80  Data  Lc  ff.o [1]
FATFS_Init               0x801'2331    0x10  Code  Gb  fatfs.o [1]
FATFS_LinkDriver         0x801'2395     0xa  Code  Gb  ff_gen_drv.o [1]
FATFS_LinkDriverEx       0x801'2351    0x44  Code  Gb  ff_gen_drv.o [1]
FSMC_Initialized        0x2000'162c     0x4  Data  Lc  fsmc.o [1]
FSMC_NORSRAM_Extended_Timing_Init
                         0x801'de79    0x40  Code  Gb  stm32f4xx_ll_fsmc.o [1]
FSMC_NORSRAM_Init        0x801'dddd    0x58  Code  Gb  stm32f4xx_ll_fsmc.o [1]
FSMC_NORSRAM_Timing_Init
                         0x801'de35    0x44  Code  Gb  stm32f4xx_ll_fsmc.o [1]
FatFs                   0x2000'1628     0x4  Data  Lc  ff.o [1]
Fsid                    0x2000'1640     0x2  Data  Lc  ff.o [1]
GPIO_Init                0x801'9a5d   0x140  Code  Gb  gpio.o [1]
HAL_DMA_IRQHandler       0x801'c0ed   0x20a  Code  Gb  stm32f4xx_hal_dma.o [1]
HAL_DMA_Init             0x801'bf99    0xe0  Code  Gb  stm32f4xx_hal_dma.o [1]
HAL_DMA_Start_IT         0x801'c079    0x74  Code  Gb  stm32f4xx_hal_dma.o [1]
HAL_Delay                0x801'935d    0x28  Code  Wk  stm32f4xx_hal.o [1]
HAL_FSMC_MspInit         0x801'c4d3    0x70  Code  Gb  fsmc.o [1]
HAL_GPIO_Init            0x801'8189   0x1d0  Code  Gb  stm32f4xx_hal_gpio.o [1]
HAL_GPIO_WritePin        0x801'8359    0x14  Code  Gb  stm32f4xx_hal_gpio.o [1]
HAL_GetTick              0x801'ac19     0xc  Code  Wk  stm32f4xx_hal.o [1]
HAL_HCD_Connect_Callback
                         0x801'7457     0xc  Code  Gb  usbh_conf.o [1]
HAL_HCD_Disconnect_Callback
                         0x801'7463     0xc  Code  Gb  usbh_conf.o [1]
HAL_HCD_GetCurrentFrame
                         0x801'6879     0xa  Code  Gb  stm32f4xx_hal_hcd.o [1]
HAL_HCD_GetCurrentSpeed
                         0x801'6883     0xa  Code  Gb  stm32f4xx_hal_hcd.o [1]
HAL_HCD_HC_GetURBState   0x801'685f     0xe  Code  Gb  stm32f4xx_hal_hcd.o [1]
HAL_HCD_HC_GetXferCount
                         0x801'686d     0xc  Code  Gb  stm32f4xx_hal_hcd.o [1]
HAL_HCD_HC_Halt          0x801'64a9    0x2c  Code  Gb  stm32f4xx_hal_hcd.o [1]
HAL_HCD_HC_Init          0x801'63df    0xca  Code  Gb  stm32f4xx_hal_hcd.o [1]
HAL_HCD_HC_NotifyURBChange_Callback
                         0x801'746f     0x2  Code  Gb  usbh_conf.o [1]
HAL_HCD_HC_SubmitRequest
                         0x801'64d5   0x1f8  Code  Gb  stm32f4xx_hal_hcd.o [1]
HAL_HCD_IRQHandler       0x801'66cd   0x134  Code  Gb  stm32f4xx_hal_hcd.o [1]
HAL_HCD_Init             0x801'6369    0x76  Code  Gb  stm32f4xx_hal_hcd.o [1]
HAL_HCD_MspInit          0x801'73c9    0x82  Code  Gb  usbh_conf.o [1]
HAL_HCD_PortDisabled_Callback
                         0x801'747d     0xc  Code  Gb  usbh_conf.o [1]
HAL_HCD_PortEnabled_Callback
                         0x801'7471     0xc  Code  Gb  usbh_conf.o [1]
HAL_HCD_ResetPort        0x801'6855     0xa  Code  Gb  stm32f4xx_hal_hcd.o [1]
HAL_HCD_SOF_Callback     0x801'744b     0xc  Code  Gb  usbh_conf.o [1]
HAL_HCD_Start            0x801'6801    0x2e  Code  Gb  stm32f4xx_hal_hcd.o [1]
HAL_HCD_Stop             0x801'682f    0x26  Code  Gb  stm32f4xx_hal_hcd.o [1]
HAL_IncTick              0x802'088d    0x24  Code  Gb  sys_timer.o [1]
HAL_Init                 0x801'9a29    0x30  Code  Gb  stm32f4xx_hal.o [1]
HAL_InitTick             0x801'b6c5    0x4c  Code  Wk  stm32f4xx_hal.o [1]
HAL_MspInit              0x801'b711    0x40  Code  Gb  stm32f4xx_hal_msp.o [1]
HAL_NVIC_EnableIRQ       0x801'849d     0xa  Code  Gb  stm32f4xx_hal_cortex.o [1]
HAL_NVIC_SetPriority     0x801'847b    0x22  Code  Gb  stm32f4xx_hal_cortex.o [1]
HAL_NVIC_SetPriorityGrouping
                         0x801'8473     0x8  Code  Gb  stm32f4xx_hal_cortex.o [1]
HAL_RCCEx_PeriphCLKConfig
                         0x801'b4a5   0x12c  Code  Gb  stm32f4xx_hal_rcc_ex.o [1]
HAL_RCC_ClockConfig      0x801'b2d1   0x13a  Code  Gb  stm32f4xx_hal_rcc.o [1]
HAL_RCC_OscConfig        0x801'af1d   0x3b4  Code  Wk  stm32f4xx_hal_rcc.o [1]
HAL_RTC_Init             0x801'b751    0xcc  Code  Gb  stm32f4xx_hal_rtc.o [1]
HAL_RTC_SetDate          0x801'b923    0xe6  Code  Gb  stm32f4xx_hal_rtc.o [1]
HAL_RTC_SetTime          0x801'b81d   0x106  Code  Gb  stm32f4xx_hal_rtc.o [1]
HAL_RTC_WaitForSynchro   0x801'ba15    0x36  Code  Gb  stm32f4xx_hal_rtc.o [1]
HAL_SPI_Init             0x801'baa1    0xca  Code  Gb  stm32f4xx_hal_spi.o [1]
HAL_SPI_TransmitReceive_DMA
                         0x801'bb91   0x156  Code  Gb  stm32f4xx_hal_spi.o [1]
HAL_SPI_TxRxCpltCallback
                         0x801'9c75    0x12  Code  Gb  touch_spi.o [1]
HAL_SRAM_Init            0x801'd6dd    0x5c  Code  Gb  stm32f4xx_hal_sram.o [1]
HAL_SRAM_MspInit         0x801'c543     0x8  Code  Gb  fsmc.o [1]
HAL_SYSTICK_Config       0x801'84a7     0x8  Code  Gb  stm32f4xx_hal_cortex.o [1]
HCD_HC_IN_IRQHandler     0x801'688d   0x55e  Code  Lc  stm32f4xx_hal_hcd.o [1]
HCD_HC_OUT_IRQHandler    0x801'6deb   0x478  Code  Lc  stm32f4xx_hal_hcd.o [1]
HCD_Port_IRQHandler      0x801'7321    0xa8  Code  Lc  stm32f4xx_hal_hcd.o [1]
HCD_RXQLVL_IRQHandler    0x801'7263    0xba  Code  Lc  stm32f4xx_hal_hcd.o [1]
HEAP$$Base              0x2000'3658           --   Gb  - Linker created -
HEAP$$Limit             0x2000'4658           --   Gb  - Linker created -
HardFault_Handler        0x802'083f     0x2  Code  Gb  stm32f4xx_it.o [1]
LCDUI_Clear()            0x801'a49d     0xe  Code  Gb  lcd_ui.o [1]
LCDUI_DrawChar(char, unsigned short, short, short)
                         0x801'a5f5   0x18a  Code  Gb  lcd_ui.o [1]
LCDUI_DrawPixel(unsigned short, unsigned short)
                         0x801'a4ab    0x3c  Code  Gb  lcd_ui.o [1]
LCDUI_DrawTextUTF(char *, unsigned short, short, short, short, short)
                         0x801'a77f   0x266  Code  Gb  lcd_ui.o [1]
LCDUI_Init()             0x801'a43d    0x42  Code  Gb  lcd_ui.o [1]
LCDUI_SetBackColor(unsigned short)
                         0x801'a487     0x8  Code  Gb  lcd_ui.o [1]
LCDUI_SetColor(unsigned short)
                         0x801'a47f     0x8  Code  Gb  lcd_ui.o [1]
LCDUI_SetCursorCoord(short, short)
                         0x801'a48f     0xe  Code  Gb  lcd_ui.o [1]
LCDUI_SetFont(LCDUI_FONT_TYPE)
                         0x801'a5c3    0x32  Code  Gb  lcd_ui.o [1]
LCDUI_getchardata(char)
                         0x801'a537    0x8c  Code  Gb  lcd_ui.o [1]
LCDUI_getcharwidth(char)
                         0x801'a4e7    0x50  Code  Gb  lcd_ui.o [1]
LCD_BackLight            0x801'a403    0x1a  Code  Gb  lcd_low.o [1]
LCD_Clear                0x801'a3cf    0x34  Code  Gb  lcd_low.o [1]
LCD_CtrlLinesConfig      0x801'9f61    0xa2  Code  Gb  lcd_low.o [1]
LCD_FSMCConfig           0x801'a003     0x8  Code  Gb  lcd_low.o [1]
LCD_Initializtion        0x801'a073   0x256  Code  Gb  lcd_low.o [1]
LCD_ReadRAM              0x801'a049     0xa  Code  Gb  lcd_low.o [1]
LCD_ReadReg              0x801'a025     0xa  Code  Gb  lcd_low.o [1]
LCD_Read_ID              0x801'a053    0x20  Code  Gb  lcd_low.o [1]
LCD_SetCursor            0x801'a2c9    0x60  Code  Gb  lcd_low.o [1]
LCD_SetWindows           0x801'a329    0xa6  Code  Gb  lcd_low.o [1]
LCD_WriteCmd             0x801'a02f     0x8  Code  Gb  lcd_low.o [1]
LCD_WriteRAM             0x801'a041     0x8  Code  Gb  lcd_low.o [1]
LCD_WriteRAM_Prepare     0x801'a037     0xa  Code  Gb  lcd_low.o [1]
LCD_WriteReg             0x801'a017     0xe  Code  Gb  lcd_low.o [1]
LCD_X_Init               0x801'a00b     0xc  Code  Gb  lcd_low.o [1]
LfnBuf                  0x2000'0fb4   0x200  Data  Lc  ff.o [1]
LfnOfs                   0x802'0b1c    0x10  Data  Lc  ff.o [1]
LoadInt                  0x801'c727    0x7a  Code  Lc  xprintffull.o [2]
MX_FSMC_Init             0x801'c451    0x82  Code  Gb  fsmc.o [1]
MemManage_Handler        0x802'0841     0x2  Code  Gb  stm32f4xx_it.o [1]
NMI_Handler              0x802'083d     0x2  Code  Gb  stm32f4xx_it.o [1]
NVIC_EncodePriority      0x801'8409    0x3c  Code  Lc  stm32f4xx_hal_cortex.o [1]
OTG_FS_IRQHandler        0x802'0869     0xa  Code  Gb  stm32f4xx_it.o [1]
PendSV_Handler           0x802'084b     0x2  Code  Gb  stm32f4xx_it.o [1]
RTC_ByteToBcd2           0x801'ba85    0x18  Code  Gb  stm32f4xx_hal_rtc.o [1]
RTC_Enable               0x801'9c35    0x10  Code  Gb  rtc.o [1]
RTC_EnterInitMode        0x801'ba4b    0x3a  Code  Gb  stm32f4xx_hal_rtc.o [1]
RTC_Init                 0x801'9b9d    0x98  Code  Gb  rtc.o [1]
Region$$Table$$Base      0x802'09f0           --   Gb  - Linker created -
Region$$Table$$Limit     0x802'0a10           --   Gb  - Linker created -
SPI_DMAError             0x801'bddd    0x24  Code  Lc  stm32f4xx_hal_spi.o [1]
SPI_DMAHalfReceiveCplt   0x801'bdc5     0xa  Code  Lc  stm32f4xx_hal_spi.o [1]
SPI_DMAHalfTransmitReceiveCplt
                         0x801'bdd1     0xa  Code  Lc  stm32f4xx_hal_spi.o [1]
SPI_DMAReceiveCplt       0x801'bce9    0x78  Code  Lc  stm32f4xx_hal_spi.o [1]
SPI_DMATransmitReceiveCplt
                         0x801'bd61    0x64  Code  Lc  stm32f4xx_hal_spi.o [1]
SPI_EndRxTransaction     0x801'bea1    0x92  Code  Lc  stm32f4xx_hal_spi.o [1]
SPI_EndRxTxTransaction   0x801'bf33    0x5a  Code  Lc  stm32f4xx_hal_spi.o [1]
SPI_WaitFlagStateUntilTimeout
                         0x801'be01    0xa0  Code  Lc  stm32f4xx_hal_spi.o [1]
SVC_Handler              0x802'0847     0x2  Code  Gb  stm32f4xx_it.o [1]
SysTick_Config           0x801'8445    0x2e  Code  Lc  stm32f4xx_hal_cortex.o [1]
SysTick_Handler          0x802'084d     0x8  Code  Gb  stm32f4xx_it.o [1]
SystemClock_Config()     0x801'91f1    0xc6  Code  Gb  main.o [1]
SystemCoreClock         0x2000'002c     0x4  Data  Gb  system_stm32f4xx.o [1]
SystemInit               0x802'0a51    0x12  Code  Gb  system_stm32f4xx.o [1]
Touch_CS_Disable         0x801'9c65    0x10  Code  Gb  touch_spi.o [1]
Touch_CS_Enable          0x801'9c55    0x10  Code  Gb  touch_spi.o [1]
Touch_Enable             0x801'9ccd   0x12e  Code  Gb  touch_spi.o [1]
Touch_GetX               0x801'9f11     0x6  Code  Gb  touch_spi.o [1]
Touch_GetY               0x801'9f17     0x6  Code  Gb  touch_spi.o [1]
Touch_Init               0x801'9c87    0x46  Code  Gb  touch_spi.o [1]
Touch_ReadCoords         0x801'9dfb   0x116  Code  Gb  touch_spi.o [1]
USBH_AllocPipe           0x801'93e7    0x32  Code  Gb  usbh_pipes.o [1]
USBH_BulkReceiveData     0x801'b6a1    0x24  Code  Gb  usbh_ioreq.o [1]
USBH_BulkSendData        0x801'b66f    0x32  Code  Gb  usbh_ioreq.o [1]
USBH_ClosePipe           0x801'93db     0xc  Code  Gb  usbh_pipes.o [1]
USBH_ClrFeature          0x801'95d1    0x26  Code  Gb  usbh_ctlreq.o [1]
USBH_CtlReceiveData      0x801'b64b    0x24  Code  Gb  usbh_ioreq.o [1]
USBH_CtlReq              0x801'97b9    0x54  Code  Gb  usbh_ctlreq.o [1]
USBH_CtlSendData         0x801'b619    0x32  Code  Gb  usbh_ioreq.o [1]
USBH_CtlSendSetup        0x801'b5f5    0x24  Code  Gb  usbh_ioreq.o [1]
USBH_Delay               0x801'768f     0x8  Code  Gb  usbh_conf.o [1]
USBH_Driver              0x802'0b08    0x14  Data  Gb  usbh_diskio.o [1]
USBH_FindInterface       0x801'85d5    0x66  Code  Gb  usbh_core.o [1]
USBH_FreePipe            0x801'9419    0x26  Code  Gb  usbh_pipes.o [1]
USBH_GetDescriptor       0x801'9525    0x3c  Code  Gb  usbh_ctlreq.o [1]
USBH_GetFreePipe         0x801'943f    0x2e  Code  Lc  usbh_pipes.o [1]
USBH_GetNextDesc         0x801'97a9    0x10  Code  Gb  usbh_ctlreq.o [1]
USBH_Get_CfgDesc         0x801'94ab    0x3a  Code  Gb  usbh_ctlreq.o [1]
USBH_Get_DevDesc         0x801'946d    0x3e  Code  Gb  usbh_ctlreq.o [1]
USBH_Get_StringDesc      0x801'94e5    0x40  Code  Gb  usbh_ctlreq.o [1]
USBH_Get_USB_Status      0x801'7697    0x2a  Code  Gb  usbh_conf.o [1]
USBH_HandleControl       0x801'980d   0x21c  Code  Lc  usbh_ctlreq.o [1]
USBH_HandleEnum          0x801'8929   0x2be  Code  Lc  usbh_core.o [1]
USBH_HandleSof           0x801'8bff    0x1a  Code  Lc  usbh_core.o [1]
USBH_Init                0x801'84d1    0x50  Code  Gb  usbh_core.o [1]
USBH_LL_ClosePipe        0x801'75a1    0x1a  Code  Gb  usbh_conf.o [1]
USBH_LL_Connect          0x801'8c29    0x16  Code  Gb  usbh_core.o [1]
USBH_LL_Disconnect       0x801'8c3f    0x30  Code  Gb  usbh_core.o [1]
USBH_LL_DriverVBUS       0x801'7605    0x1c  Code  Gb  usbh_conf.o [1]
USBH_LL_GetLastXferSize
                         0x801'7563     0xe  Code  Gb  usbh_conf.o [1]
USBH_LL_GetSpeed         0x801'7521    0x2a  Code  Gb  usbh_conf.o [1]
USBH_LL_GetToggle        0x801'7659    0x36  Code  Gb  usbh_conf.o [1]
USBH_LL_GetURBState      0x801'75f7     0xe  Code  Gb  usbh_conf.o [1]
USBH_LL_IncTimer         0x801'8bed    0x12  Code  Gb  usbh_core.o [1]
USBH_LL_Init             0x801'7489    0x50  Code  Gb  usbh_conf.o [1]
USBH_LL_OpenPipe         0x801'7571    0x30  Code  Gb  usbh_conf.o [1]
USBH_LL_PortDisabled     0x801'8c21     0x8  Code  Gb  usbh_core.o [1]
USBH_LL_PortEnabled      0x801'8c19     0x8  Code  Gb  usbh_core.o [1]
USBH_LL_ResetPort        0x801'754b    0x18  Code  Gb  usbh_conf.o [1]
USBH_LL_SetTimer         0x801'8be7     0x6  Code  Gb  usbh_core.o [1]
USBH_LL_SetToggle        0x801'7621    0x38  Code  Gb  usbh_conf.o [1]
USBH_LL_Start            0x801'74f1    0x18  Code  Gb  usbh_conf.o [1]
USBH_LL_Stop             0x801'7509    0x18  Code  Gb  usbh_conf.o [1]
USBH_LL_SubmitURB        0x801'75bb    0x3c  Code  Gb  usbh_conf.o [1]
USBH_MSC_BOT_Abort       0x801'fa89    0x30  Code  Lc  usbh_msc_bot.o [1]
USBH_MSC_BOT_Init        0x801'f7c3    0x22  Code  Gb  usbh_msc_bot.o [1]
USBH_MSC_BOT_Process     0x801'f7e5   0x2a4  Code  Gb  usbh_msc_bot.o [1]
USBH_MSC_BOT_REQ_GetMaxLUN
                         0x801'f7a5    0x1e  Code  Gb  usbh_msc_bot.o [1]
USBH_MSC_BOT_REQ_Reset   0x801'f785    0x20  Code  Gb  usbh_msc_bot.o [1]
USBH_MSC_ClassRequest    0x801'f0a3    0x90  Code  Lc  usbh_msc.o [1]
USBH_MSC_DecodeCSW       0x801'fab9    0x54  Code  Lc  usbh_msc_bot.o [1]
USBH_MSC_GetLUNInfo      0x801'f61f    0x2e  Code  Gb  usbh_msc.o [1]
USBH_MSC_InterfaceDeInit
                         0x801'f045    0x5e  Code  Lc  usbh_msc.o [1]
USBH_MSC_InterfaceInit   0x801'eed1   0x174  Code  Lc  usbh_msc.o [1]
USBH_MSC_Process         0x801'f133   0x380  Code  Lc  usbh_msc.o [1]
USBH_MSC_RdWrProcess     0x801'f4b7   0x140  Code  Lc  usbh_msc.o [1]
USBH_MSC_Read            0x801'f64d    0x9c  Code  Gb  usbh_msc.o [1]
USBH_MSC_SCSI_Inquiry    0x801'fc23   0x100  Code  Gb  usbh_msc_scsi.o [1]
USBH_MSC_SCSI_Read       0x801'fe6b    0x9c  Code  Gb  usbh_msc_scsi.o [1]
USBH_MSC_SCSI_ReadCapacity
                         0x801'fb7d    0xa6  Code  Gb  usbh_msc_scsi.o [1]
USBH_MSC_SCSI_RequestSense
                         0x801'fd23    0xac  Code  Gb  usbh_msc_scsi.o [1]
USBH_MSC_SCSI_TestUnitReady
                         0x801'fb1d    0x60  Code  Gb  usbh_msc_scsi.o [1]
USBH_MSC_SCSI_Write      0x801'fdcf    0x9c  Code  Gb  usbh_msc_scsi.o [1]
USBH_MSC_SOFProcess      0x801'f4b3     0x4  Code  Lc  usbh_msc.o [1]
USBH_MSC_UnitIsReady     0x801'f5f7    0x28  Code  Gb  usbh_msc.o [1]
USBH_MSC_Write           0x801'f6e9    0x9c  Code  Gb  usbh_msc.o [1]
USBH_OpenPipe            0x801'93b7    0x24  Code  Gb  usbh_pipes.o [1]
USBH_ParseCfgDesc        0x801'9653    0xd0  Code  Lc  usbh_ctlreq.o [1]
USBH_ParseDevDesc        0x801'95f7    0x5c  Code  Lc  usbh_ctlreq.o [1]
USBH_ParseEPDesc         0x801'9749    0x20  Code  Lc  usbh_ctlreq.o [1]
USBH_ParseInterfaceDesc
                         0x801'9723    0x26  Code  Lc  usbh_ctlreq.o [1]
USBH_ParseStringDesc     0x801'9769    0x40  Code  Lc  usbh_ctlreq.o [1]
USBH_Process             0x801'8651   0x2d8  Code  Gb  usbh_core.o [1]
USBH_RegisterClass       0x801'8587    0x2e  Code  Gb  usbh_core.o [1]
USBH_SelectInterface     0x801'85b5    0x20  Code  Gb  usbh_core.o [1]
USBH_SetAddress          0x801'9561    0x26  Code  Gb  usbh_ctlreq.o [1]
USBH_SetCfg              0x801'9587    0x24  Code  Gb  usbh_ctlreq.o [1]
USBH_SetFeature          0x801'95ab    0x26  Code  Gb  usbh_ctlreq.o [1]
USBH_Start               0x801'863b    0x16  Code  Gb  usbh_core.o [1]
USBH_UserProcess         0x801'aa55    0x3a  Code  Lc  usb_host.o [1]
USBH_initialize          0x802'00fd     0x4  Code  Gb  usbh_diskio.o [1]
USBH_ioctl               0x802'01b7    0x86  Code  Gb  usbh_diskio.o [1]
USBH_msc                0x2000'0030    0x20  Data  Gb  usbh_msc.o [1]
USBH_read                0x802'011d    0x48  Code  Gb  usbh_diskio.o [1]
USBH_status              0x802'0101    0x1c  Code  Gb  usbh_diskio.o [1]
USBH_write               0x802'0165    0x52  Code  Gb  usbh_diskio.o [1]
USB_CoreInit             0x801'76c1    0x80  Code  Gb  stm32f4xx_ll_usb.o [1]
USB_CoreReset            0x801'7843    0x32  Code  Lc  stm32f4xx_ll_usb.o [1]
USB_DisableGlobalInt     0x801'774d     0xc  Code  Gb  stm32f4xx_ll_usb.o [1]
USB_DoPing               0x801'7f8b    0x3c  Code  Gb  stm32f4xx_ll_usb.o [1]
USB_DriveVbus            0x801'7a0f    0x4e  Code  Gb  stm32f4xx_ll_usb.o [1]
USB_EnableGlobalInt      0x801'7741     0xc  Code  Gb  stm32f4xx_ll_usb.o [1]
USB_FlushRxFifo          0x801'77b3    0x1e  Code  Gb  stm32f4xx_ll_usb.o [1]
USB_FlushTxFifo          0x801'7791    0x22  Code  Gb  stm32f4xx_ll_usb.o [1]
USB_GetCurrentFrame      0x801'7a75     0xa  Code  Gb  stm32f4xx_ll_usb.o [1]
USB_GetHostSpeed         0x801'7a5d    0x18  Code  Gb  stm32f4xx_ll_usb.o [1]
USB_GetMode              0x801'783b     0x8  Code  Gb  stm32f4xx_ll_usb.o [1]
USB_HC_Halt              0x801'7e29   0x162  Code  Gb  stm32f4xx_ll_usb.o [1]
USB_HC_Init              0x801'7a7f   0x1de  Code  Gb  stm32f4xx_ll_usb.o [1]
USB_HC_ReadInterrupt     0x801'7e1f     0xa  Code  Gb  stm32f4xx_ll_usb.o [1]
USB_HC_StartXfer         0x801'7c5d   0x1c2  Code  Gb  stm32f4xx_ll_usb.o [1]
USB_HC_StartXfer::tmpreg
                        0x2000'1634     0x4  Data  Lc  stm32f4xx_ll_usb.o [1]
USB_HOST_Init            0x801'aa11    0x38  Code  Gb  usb_host.o [1]
USB_HOST_Process         0x801'aa49     0xa  Code  Gb  usb_host.o [1]
USB_HOST_VbusFS          0x801'933d    0x20  Code  Gb  usbh_platform.o [1]
USB_HostInit             0x801'787d   0x102  Code  Gb  stm32f4xx_ll_usb.o [1]
USB_InitFSLSPClkSel      0x801'7981    0x4e  Code  Gb  stm32f4xx_ll_usb.o [1]
USB_ReadInterrupts       0x801'7831     0xa  Code  Gb  stm32f4xx_ll_usb.o [1]
USB_ReadPacket           0x801'780d    0x24  Code  Gb  stm32f4xx_ll_usb.o [1]
USB_ResetPort            0x801'79cf    0x40  Code  Gb  stm32f4xx_ll_usb.o [1]
USB_SetCurrentMode       0x801'7759    0x38  Code  Gb  stm32f4xx_ll_usb.o [1]
USB_StopHost             0x801'7fe5    0xa0  Code  Gb  stm32f4xx_ll_usb.o [1]
USB_WritePacket          0x801'77d5    0x38  Code  Gb  stm32f4xx_ll_usb.o [1]
UTF8toANSI(unsigned char *)
                         0x801'aadd    0x2e  Code  Gb  unicode_utils.o [1]
UnicodeToUTF8(unsigned short)
                         0x801'ab0b    0x36  Code  Gb  unicode_utils.o [1]
UnicodeToUTF8_Str(char *, unsigned short *, unsigned short)
                         0x801'ab41    0x74  Code  Gb  unicode_utils.o [1]
UsageFault_Handler       0x802'0845     0x2  Code  Gb  stm32f4xx_it.o [1]
UsbFS                   0x2000'00e0   0x838  Data  Gb  fatfs.o [1]
UsbPath                 0x2000'1620     0x8  Data  Gb  fatfs.o [1]
_Encoding_8859_1_Mbrlen
                         0x801'817d     0x2  Code  Gb  xencoding_8859_1.o [2]
_Encoding_8859_1_Wctomb
                         0x801'816b    0x12  Code  Gb  xencoding_8859_1.o [2]
_GenldFull               0x801'd185   0x274  Code  Lc  xprintffull.o [2]
_LdtobFull               0x801'cd81   0x3d6  Code  Lc  xprintffull.o [2]
_LitobFull               0x801'cc31   0x10a  Code  Lc  xprintffull.o [2]
_Locale_lconv           0x2000'0050    0x38  Data  Lc  xlocale_c.o [2]
_PrintfFull              0x801'c565   0x1aa  Code  Gb  xprintffull.o [2]
_PutcharsFull            0x801'd3f9    0x2e  Code  Lc  xprintffull.o [2]
_PutfldFull              0x801'c7a1   0x2d4  Code  Lc  xprintffull.o [2]
_PutstrFull              0x801'cb6b    0xc6  Code  Lc  xprintffull.o [2]
_PuttxtFull              0x801'ca75    0xf6  Code  Lc  xprintffull.o [2]
_SProut                  0x801'8c6f     0xa  Code  Gb  xsprout.o [2]
__NVIC_EnableIRQ         0x801'83c9    0x1c  Code  Lc  stm32f4xx_hal_cortex.o [1]
__NVIC_GetPriorityGrouping
                         0x801'83bf     0xa  Code  Lc  stm32f4xx_hal_cortex.o [1]
__NVIC_SetPriority       0x801'83e5    0x24  Code  Lc  stm32f4xx_hal_cortex.o [1]
__NVIC_SetPriorityGrouping
                         0x801'83a5    0x1a  Code  Lc  stm32f4xx_hal_cortex.o [1]
__aeabi_cdcmple          0x801'dab9          Code  Gb  DblCmpLe.o [3]
__aeabi_cdrcmple         0x801'dae9          Code  Gb  DblCmpGe.o [3]
__aeabi_d2f              0x801'aeb5          Code  Gb  DblToFlt.o [3]
__aeabi_d2iz             0x801'dc55          Code  Gb  DblToS32.o [3]
__aeabi_d2uiz            0x801'dd99          Code  Gb  DblToU32.o [3]
__aeabi_ddiv             0x801'ac6d          Code  Gb  DblDiv.o [3]
__aeabi_dmul             0x801'd8a5          Code  Gb  DblMul.o [3]
__aeabi_dsub             0x801'dcb5          Code  Gb  DblSub.o [3]
__aeabi_f2d              0x801'ac25          Code  Gb  FltToDbl.o [3]
__aeabi_i2d              0x801'dc91          Code  Gb  S32ToDbl.o [3]
__aeabi_memclr4          0x801'8165          Code  Gb  ABImemclr4.o [4]
__aeabi_memcpy           0x801'8085          Code  Gb  ABImemcpy.o [4]
__aeabi_memcpy4          0x801'80a5          Code  Gb  ABImemcpy.o [4]
__aeabi_memcpy8          0x801'80a5          Code  Gb  ABImemcpy.o [4]
__aeabi_memset           0x801'c3e9          Code  Gb  ABImemset.o [4]
__aeabi_ui2d             0x801'ddc1          Code  Gb  U32ToDbl.o [3]
__aeabi_uldivmod         0x801'd4ad          Code  Gb  I64DivMod.o [4]
__cmain                  0x802'0a71          Code  Gb  cmain.o [4]
__data_GetMemChunk       0x801'5261    0x2c  Code  Gb  xgetmemchunk.o [2]
__data_GetMemChunk::start
                        0x2000'163c     0x4  Data  Lc  xgetmemchunk.o [2]
__exit                   0x801'528d    0x14  Code  Gb  exit.o [5]
__iar_Fail_s             0x801'd7c9    0x1c  Code  Gb  xfail_s.o [2]
__iar_Mbcurmax           0x801'd899     0xa  Code  Gb  xmbcurmax.o [2]
__iar_Memchr             0x801'd841          Code  Gb  memchr.o [4]
__iar_Memset             0x801'c3e9          Code  Gb  ABImemset.o [4]
__iar_Memset4_word       0x801'9385          Code  Gb  ABImemset48.o [4]
__iar_Memset8_word       0x801'9385          Code  Gb  ABImemset48.o [4]
__iar_Memset_word        0x801'c3f1          Code  Gb  ABImemset.o [4]
__iar_Strchr             0x801'd7b1          Code  Gb  strchr.o [4]
__iar_dadd               0x801'dcc5          Code  Gb  DblSub.o [3]
__iar_data_init3         0x802'095d    0x28  Code  Gb  data_init.o [4]
__iar_debug_exceptions   0x801'933a     0x1  Data  Gb  unwind_debug.o [5]
__iar_dlfree             0x801'4cdf   0x4f6  Code  Gb  dlmalloc.o [2]
__iar_dlmalloc           0x801'4a29   0x2b6  Code  Gb  dlmalloc.o [2]
__iar_dsub               0x801'dec1          Code  Gb  DblAdd.o [3]
__iar_dsubStart          0x801'ded3          Code  Gb  DblAdd.o [3]
__iar_frexp              0x801'da55          Code  Gb  frexp.o [3]
__iar_frexpl             0x801'da55          Code  Gb  frexp.o [3]
__iar_globLocale        0x2000'0088    0x48  Data  Lc  xlocale_c.o [2]
__iar_global_Locale      0x801'd739     0x4  Code  Gb  xlocale_c.o [2]
__iar_init_vfp           0x802'09cd          Code  Gb  fpinit_M.o [3]
__iar_ldexp64            0x801'db19          Code  Gb  ldexp.o [3]
__iar_lz77_init_single3
                         0x801'51e7    0x7a  Code  Gb  lz77_init_single.o [4]
__iar_program_start      0x802'0b9d          Code  Gb  cstartup_M.o [4]
__iar_scalbln64          0x801'db19          Code  Gb  ldexp.o [3]
__iar_scalbn64           0x801'db19          Code  Gb  ldexp.o [3]
__iar_softfp___iar_frexp64
                         0x801'da49          Code  Gb  frexp.o [3]
__iar_softfp_frexp       0x801'da49          Code  Gb  frexp.o [3]
__iar_softfp_frexpl      0x801'da49          Code  Gb  frexp.o [3]
__iar_zero_init3         0x801'812b    0x3a  Code  Gb  zero_init3.o [4]
__low_level_init         0x802'0a8f     0x4  Code  Gb  low_level_init.o [2]
__vector_table           0x801'0000          Data  Gb  startup_stm32f407xx.o [1]
_call_main               0x802'0a7d          Code  Gb  cmain.o [4]
_exit                    0x802'0a99          Code  Gb  cexit.o [4]
_gLocale_mblen           0x801'd79d     0x4  Code  Gb  xlocale_c.o [2]
_gLocale_mblenInt        0x801'd761    0x2c  Code  Gb  xlocale_c.o [2]
_gLocale_wctomb          0x801'd7a1     0x4  Code  Gb  xlocale_c.o [2]
_gLocale_wctombInt       0x801'd799     0x4  Code  Gb  xlocale_c.o [2]
_gm_                    0x2000'11b4   0x1d8  Data  Lc  dlmalloc.o [2]
_main                    0x802'0a8b          Code  Gb  cmain.o [4]
abort                    0x801'51e1     0x6  Code  Gb  abort.o [2]
add_segment              0x801'40c9   0x1f2  Code  Lc  dlmalloc.o [2]
check_fs                 0x801'162f    0x76  Code  Lc  ff.o [1]
chk_chr                  0x801'020f    0x14  Code  Lc  ff.o [1]
clst2sect                0x801'0403    0x1a  Code  Lc  ff.o [1]
cmp_lfn                  0x801'0afd    0xa0  Code  Lc  ff.o [1]
create_chain             0x801'0711   0x130  Code  Lc  ff.o [1]
create_name              0x801'12c1   0x286  Code  Lc  ff.o [1]
dbc_1st                  0x801'0223     0xe  Code  Lc  ff.o [1]
dbc_2nd                  0x801'0231     0xe  Code  Lc  ff.o [1]
dir_alloc                0x801'0a49    0x64  Code  Lc  ff.o [1]
dir_clear                0x801'0841    0x64  Code  Lc  ff.o [1]
dir_find                 0x801'0e7b   0x118  Code  Lc  ff.o [1]
dir_next                 0x801'0957    0xf2  Code  Lc  ff.o [1]
dir_read                 0x801'0d7b   0x100  Code  Lc  ff.o [1]
dir_register             0x801'0f93   0x166  Code  Lc  ff.o [1]
dir_sdi                  0x801'08a5    0xb2  Code  Lc  ff.o [1]
disk                    0x2000'1614     0xc  Data  Gb  ff_gen_drv.o [1]
disk_initialize          0x801'215b    0x32  Code  Gb  diskio.o [1]
disk_ioctl               0x801'21c9    0x20  Code  Gb  diskio.o [1]
disk_read                0x801'218d    0x1e  Code  Gb  diskio.o [1]
disk_status              0x801'213d    0x1e  Code  Gb  diskio.o [1]
disk_write               0x801'21ab    0x1e  Code  Gb  diskio.o [1]
dmabuff                 0x2000'152c    0x60  Data  Gb  touch_spi.o [1]
exit                     0x802'0a93     0x4  Code  Gb  exit.o [2]
f_close                  0x801'1f2f    0x2a  Code  Gb  ff.o [1]
f_getfree                0x801'203d   0x100  Code  Gb  ff.o [1]
f_mount                  0x801'1a2b    0x54  Code  Gb  ff.o [1]
f_open                   0x801'1aa9   0x21a  Code  Gb  ff.o [1]
f_opendir                0x801'1f59    0x88  Code  Gb  ff.o [1]
f_read                   0x801'1cc3   0x1cc  Code  Gb  ff.o [1]
f_readdir                0x801'1fe1    0x5c  Code  Gb  ff.o [1]
f_sync                   0x801'1e8f    0xa0  Code  Gb  ff.o [1]
ff_oem2uni               0x801'2233    0x3a  Code  Gb  ffunicode.o [1]
ff_uni2oem               0x801'21ed    0x46  Code  Gb  ffunicode.o [1]
ff_wtoupper              0x801'226d    0xb6  Code  Gb  ffunicode.o [1]
ff_wtoupper::cvt1        0x801'ff08   0x1f4  Data  Lc  ffunicode.o [1]
ff_wtoupper::cvt2        0x802'0700    0xbc  Data  Lc  ffunicode.o [1]
filebuff                0x1000'0000  0x2000  Data  Gb  main.o [1]
find_volume              0x801'16b1    0x6c  Code  Lc  ff.o [1]
fnt18_raw                0x801'e02c   0xea4  Data  Gb  fnt18.o [1]
fnt18_raw_width          0x802'0240   0x140  Data  Gb  fnt18.o [1]
fnt18b_raw               0x801'52a0  0x10c8  Data  Gb  fnt18b.o [1]
fnt18b_raw_width         0x802'0380   0x140  Data  Gb  fnt18b.o [1]
fnt24_raw                0x801'23a4  0x195c  Data  Gb  fnt24.o [1]
fnt24_raw_width          0x802'04c0   0x140  Data  Gb  fnt24.o [1]
fnt_h18                 0x2000'0000     0xc  Data  Gb  fnt18.o [1]
fnt_h18b                0x2000'000c     0xc  Data  Gb  fnt18b.o [1]
fnt_h24                 0x2000'0018     0xc  Data  Gb  fnt24.o [1]
follow_path              0x801'1547    0x9a  Code  Lc  ff.o [1]
free                     0x801'fb19     0x4  Code  Gb  heaptramp0.o [2]
gen_numname              0x801'0cb9    0xa2  Code  Lc  ff.o [1]
get_fat                  0x801'041d   0x10a  Code  Lc  ff.o [1]
get_fattime              0x801'234d     0x4  Code  Gb  fatfs.o [1]
get_fileinfo             0x801'10f9   0x1c8  Code  Lc  ff.o [1]
get_ldnumber             0x801'15e1    0x4e  Code  Lc  ff.o [1]
hLcdDma                 0x2000'140c    0x60  Data  Gb  lcd_low.o [1]
hRTC                    0x2000'15dc    0x20  Data  Gb  rtc.o [1]
hTouch                  0x2000'138c    0x80  Data  Gb  touch_spi.o [1]
hTouchDmaRx             0x2000'146c    0x60  Data  Gb  touch_spi.o [1]
hTouchDmaTx             0x2000'14cc    0x60  Data  Gb  touch_spi.o [1]
hUsbHost                0x2000'0918   0x3d8  Data  Gb  usb_host.o [1]
hhcd_USB_OTG_FS         0x2000'0cf0   0x2c4  Data  Gb  usbh_conf.o [1]
hsram1                  0x2000'158c    0x50  Data  Gb  fsmc.o [1]
init_mparams             0x801'3d1b    0x32  Code  Lc  dlmalloc.o [2]
init_top                 0x801'3d4d    0x36  Code  Lc  dlmalloc.o [2]
lcdui_bgcolor           0x2000'1648     0x2  Data  Gb  lcd_ui.o [1]
lcdui_color             0x2000'00d4     0x2  Data  Gb  lcd_ui.o [1]
lcdui_current_font      0x2000'0024     0x4  Data  Gb  lcd_ui.o [1]
lcdui_cursor_x          0x2000'1644     0x2  Data  Gb  lcd_ui.o [1]
lcdui_cursor_y          0x2000'1646     0x2  Data  Gb  lcd_ui.o [1]
lcdui_height            0x2000'00d2     0x2  Data  Gb  lcd_ui.o [1]
lcdui_width             0x2000'00d0     0x2  Data  Gb  lcd_ui.o [1]
ld_clust                 0x801'0aad    0x26  Code  Lc  ff.o [1]
ld_dword                 0x801'0195    0x16  Code  Lc  ff.o [1]
ld_word                  0x801'0189     0xc  Code  Lc  ff.o [1]
ldexp                    0x801'db19          Code  Gb  ldexp.o [3]
ldexpl                   0x801'db19          Code  Gb  ldexp.o [3]
localeconv               0x801'd7a5     0x4  Code  Gb  xlocale_c.o [2]
main                     0x801'8c79   0x578  Code  Gb  main.o [1]
mem_cmp                  0x801'01f1    0x1e  Code  Lc  ff.o [1]
mem_cpy                  0x801'01d1    0x14  Code  Lc  ff.o [1]
mem_set                  0x801'01e5     0xc  Code  Lc  ff.o [1]
memchr                   0x801'd841          Code  Gb  memchr.o [4]
mount_volume             0x801'171d   0x2c6  Code  Lc  ff.o [1]
move_window              0x801'0331    0x3e  Code  Lc  ff.o [1]
mparams                 0x2000'15fc    0x18  Data  Lc  dlmalloc.o [2]
pick_lfn                 0x801'0b9d    0x90  Code  Lc  ff.o [1]
prepend_alloc            0x801'3d83   0x346  Code  Lc  dlmalloc.o [2]
put_fat                  0x801'0527   0x15c  Code  Lc  ff.o [1]
put_lfn                  0x801'0c2d    0x84  Code  Lc  ff.o [1]
put_utf                  0x801'0285    0x5c  Code  Lc  ff.o [1]
remove_chain             0x801'0683    0x8e  Code  Lc  ff.o [1]
retUSBH                 0x2000'164e     0x1  Data  Gb  fatfs.o [1]
scalbln                  0x801'db19          Code  Gb  ldexp.o [3]
scalblnl                 0x801'db19          Code  Gb  ldexp.o [3]
scalbn                   0x801'db19          Code  Gb  ldexp.o [3]
scalbnl                  0x801'db19          Code  Gb  ldexp.o [3]
scale                    0x801'cd3b    0x46  Code  Lc  xprintffull.o [2]
sec_hand                0x2000'1638     0x4  Data  Lc  xfail_s.o [2]
segment_holding          0x801'3d01    0x1a  Code  Lc  dlmalloc.o [2]
sprintf                  0x801'aa9d    0x40  Code  Gb  sprintf.o [2]
st_clust                 0x801'0ad3    0x2a  Code  Lc  ff.o [1]
st_dword                 0x801'01b9    0x18  Code  Lc  ff.o [1]
st_word                  0x801'01ab     0xe  Code  Lc  ff.o [1]
strcat_uni(unsigned short *, unsigned short *)
                         0x801'abd7    0x2c  Code  Gb  unicode_utils.o [1]
strchr                   0x801'd7b1          Code  Gb  strchr.o [4]
strcmp                   0x801'ac05          Code  Gb  strcmp.o [4]
strcpy_uni(unsigned short *, unsigned short *)
                         0x801'abb5    0x22  Code  Gb  unicode_utils.o [1]
strlen                   0x801'd809          Code  Gb  strlen.o [4]
sum_sfn                  0x801'0d5b    0x20  Code  Lc  ff.o [1]
sync_fs                  0x801'036f    0x94  Code  Lc  ff.o [1]
sync_window              0x801'02e1    0x50  Code  Lc  ff.o [1]
sys_alloc                0x801'42c1   0x164  Code  Lc  dlmalloc.o [2]
sys_trim                 0x801'4425    0x64  Code  Lc  dlmalloc.o [2]
tchar2uni                0x801'023f    0x46  Code  Lc  ff.o [1]
tchx                    0x2000'164a     0x2  Data  Gb  touch_spi.o [1]
tchx_max                0x2000'00d8     0x2  Data  Gb  touch_spi.o [1]
tchx_min                0x2000'00d6     0x2  Data  Gb  touch_spi.o [1]
tchy                    0x2000'164c     0x2  Data  Gb  touch_spi.o [1]
tchy_max                0x2000'00dc     0x2  Data  Gb  touch_spi.o [1]
tchy_min                0x2000'00da     0x2  Data  Gb  touch_spi.o [1]
tmalloc_large            0x801'4495   0x386  Code  Lc  dlmalloc.o [2]
tmalloc_small            0x801'481b   0x200  Code  Lc  dlmalloc.o [2]
uc866                    0x802'0600   0x100  Data  Lc  ffunicode.o [1]
uwTick                  0x2000'1630     0x4  Data  Gb  stm32f4xx_hal.o [1]
uwTickFreq              0x2000'00de     0x1  Data  Gb  stm32f4xx_hal.o [1]
uwTickPrio              0x2000'0028     0x4  Data  Gb  stm32f4xx_hal.o [1]
validate                 0x801'19e3    0x48  Code  Lc  ff.o [1]


[1] = D:\Electronics\Projects\MKS_DLP_new\SRC\firmware\MKS_DLP_new_debug\Obj
[2] = dl7M_tlf.a
[3] = m7M_tls.a
[4] = rt7M_tl.a
[5] = shb_l.a

  51 375 bytes of readonly  code memory
  17 336 bytes of readonly  data memory
  26 192 bytes of readwrite data memory

Errors: none
Warnings: none
