###############################################################################
#
# IAR ELF Linker V8.32.1.169/W32 for ARM                  29/Jul/2020  01:31:07
# Copyright 2007-2018 IAR Systems AB.
#
#    Output file  =  
#        D:\Electronics\Projects\MKS_DLP_new\SRC\firmware\MKS_DLP_new_debug\Exe\MKS_DLP_new.out
#    Map file     =  
#        D:\Electronics\Projects\MKS_DLP_new\SRC\firmware\MKS_DLP_new_debug\List\MKS_DLP_new.map
#    Command line =  
#        -f C:\Temp\EWBB05.tmp
#        (D:\Electronics\Projects\MKS_DLP_new\SRC\firmware\MKS_DLP_new_debug\Obj\diskio.o
#        D:\Electronics\Projects\MKS_DLP_new\SRC\firmware\MKS_DLP_new_debug\Obj\fatfs.o
#        D:\Electronics\Projects\MKS_DLP_new\SRC\firmware\MKS_DLP_new_debug\Obj\ff.o
#        D:\Electronics\Projects\MKS_DLP_new\SRC\firmware\MKS_DLP_new_debug\Obj\ff_gen_drv.o
#        D:\Electronics\Projects\MKS_DLP_new\SRC\firmware\MKS_DLP_new_debug\Obj\ffsystem.o
#        D:\Electronics\Projects\MKS_DLP_new\SRC\firmware\MKS_DLP_new_debug\Obj\ffunicode.o
#        D:\Electronics\Projects\MKS_DLP_new\SRC\firmware\MKS_DLP_new_debug\Obj\fnt12.o
#        D:\Electronics\Projects\MKS_DLP_new\SRC\firmware\MKS_DLP_new_debug\Obj\fnt18.o
#        D:\Electronics\Projects\MKS_DLP_new\SRC\firmware\MKS_DLP_new_debug\Obj\fnt18bold.o
#        D:\Electronics\Projects\MKS_DLP_new\SRC\firmware\MKS_DLP_new_debug\Obj\fnt24.o
#        D:\Electronics\Projects\MKS_DLP_new\SRC\firmware\MKS_DLP_new_debug\Obj\fnt24bold.o
#        D:\Electronics\Projects\MKS_DLP_new\SRC\firmware\MKS_DLP_new_debug\Obj\fsmc.o
#        D:\Electronics\Projects\MKS_DLP_new\SRC\firmware\MKS_DLP_new_debug\Obj\fst_spi.o
#        D:\Electronics\Projects\MKS_DLP_new\SRC\firmware\MKS_DLP_new_debug\Obj\gpio.o
#        D:\Electronics\Projects\MKS_DLP_new\SRC\firmware\MKS_DLP_new_debug\Obj\lcd_low.o
#        D:\Electronics\Projects\MKS_DLP_new\SRC\firmware\MKS_DLP_new_debug\Obj\lcd_ui.o
#        D:\Electronics\Projects\MKS_DLP_new\SRC\firmware\MKS_DLP_new_debug\Obj\main.o
#        D:\Electronics\Projects\MKS_DLP_new\SRC\firmware\MKS_DLP_new_debug\Obj\rtc.o
#        D:\Electronics\Projects\MKS_DLP_new\SRC\firmware\MKS_DLP_new_debug\Obj\spi_flash.o
#        D:\Electronics\Projects\MKS_DLP_new\SRC\firmware\MKS_DLP_new_debug\Obj\spifl_diskio.o
#        D:\Electronics\Projects\MKS_DLP_new\SRC\firmware\MKS_DLP_new_debug\Obj\startup_stm32f407xx.o
#        D:\Electronics\Projects\MKS_DLP_new\SRC\firmware\MKS_DLP_new_debug\Obj\stm32f4xx_hal.o
#        D:\Electronics\Projects\MKS_DLP_new\SRC\firmware\MKS_DLP_new_debug\Obj\stm32f4xx_hal_cortex.o
#        D:\Electronics\Projects\MKS_DLP_new\SRC\firmware\MKS_DLP_new_debug\Obj\stm32f4xx_hal_dma.o
#        D:\Electronics\Projects\MKS_DLP_new\SRC\firmware\MKS_DLP_new_debug\Obj\stm32f4xx_hal_dma_ex.o
#        D:\Electronics\Projects\MKS_DLP_new\SRC\firmware\MKS_DLP_new_debug\Obj\stm32f4xx_hal_exti.o
#        D:\Electronics\Projects\MKS_DLP_new\SRC\firmware\MKS_DLP_new_debug\Obj\stm32f4xx_hal_flash.o
#        D:\Electronics\Projects\MKS_DLP_new\SRC\firmware\MKS_DLP_new_debug\Obj\stm32f4xx_hal_flash_ex.o
#        D:\Electronics\Projects\MKS_DLP_new\SRC\firmware\MKS_DLP_new_debug\Obj\stm32f4xx_hal_flash_ramfunc.o
#        D:\Electronics\Projects\MKS_DLP_new\SRC\firmware\MKS_DLP_new_debug\Obj\stm32f4xx_hal_gpio.o
#        D:\Electronics\Projects\MKS_DLP_new\SRC\firmware\MKS_DLP_new_debug\Obj\stm32f4xx_hal_hcd.o
#        D:\Electronics\Projects\MKS_DLP_new\SRC\firmware\MKS_DLP_new_debug\Obj\stm32f4xx_hal_msp.o
#        D:\Electronics\Projects\MKS_DLP_new\SRC\firmware\MKS_DLP_new_debug\Obj\stm32f4xx_hal_pwr.o
#        D:\Electronics\Projects\MKS_DLP_new\SRC\firmware\MKS_DLP_new_debug\Obj\stm32f4xx_hal_pwr_ex.o
#        D:\Electronics\Projects\MKS_DLP_new\SRC\firmware\MKS_DLP_new_debug\Obj\stm32f4xx_hal_rcc.o
#        D:\Electronics\Projects\MKS_DLP_new\SRC\firmware\MKS_DLP_new_debug\Obj\stm32f4xx_hal_rcc_ex.o
#        D:\Electronics\Projects\MKS_DLP_new\SRC\firmware\MKS_DLP_new_debug\Obj\stm32f4xx_hal_rtc.o
#        D:\Electronics\Projects\MKS_DLP_new\SRC\firmware\MKS_DLP_new_debug\Obj\stm32f4xx_hal_rtc_ex.o
#        D:\Electronics\Projects\MKS_DLP_new\SRC\firmware\MKS_DLP_new_debug\Obj\stm32f4xx_hal_spi.o
#        D:\Electronics\Projects\MKS_DLP_new\SRC\firmware\MKS_DLP_new_debug\Obj\stm32f4xx_hal_sram.o
#        D:\Electronics\Projects\MKS_DLP_new\SRC\firmware\MKS_DLP_new_debug\Obj\stm32f4xx_hal_tim.o
#        D:\Electronics\Projects\MKS_DLP_new\SRC\firmware\MKS_DLP_new_debug\Obj\stm32f4xx_hal_tim_ex.o
#        D:\Electronics\Projects\MKS_DLP_new\SRC\firmware\MKS_DLP_new_debug\Obj\stm32f4xx_it.o
#        D:\Electronics\Projects\MKS_DLP_new\SRC\firmware\MKS_DLP_new_debug\Obj\stm32f4xx_ll_fsmc.o
#        D:\Electronics\Projects\MKS_DLP_new\SRC\firmware\MKS_DLP_new_debug\Obj\stm32f4xx_ll_usb.o
#        D:\Electronics\Projects\MKS_DLP_new\SRC\firmware\MKS_DLP_new_debug\Obj\sys_timer.o
#        D:\Electronics\Projects\MKS_DLP_new\SRC\firmware\MKS_DLP_new_debug\Obj\system_stm32f4xx.o
#        D:\Electronics\Projects\MKS_DLP_new\SRC\firmware\MKS_DLP_new_debug\Obj\tgui.o
#        D:\Electronics\Projects\MKS_DLP_new\SRC\firmware\MKS_DLP_new_debug\Obj\tgui_defaultfuncs.o
#        D:\Electronics\Projects\MKS_DLP_new\SRC\firmware\MKS_DLP_new_debug\Obj\touch.o
#        D:\Electronics\Projects\MKS_DLP_new\SRC\firmware\MKS_DLP_new_debug\Obj\unicode_utils.o
#        D:\Electronics\Projects\MKS_DLP_new\SRC\firmware\MKS_DLP_new_debug\Obj\usb_host.o
#        D:\Electronics\Projects\MKS_DLP_new\SRC\firmware\MKS_DLP_new_debug\Obj\usbh_conf.o
#        D:\Electronics\Projects\MKS_DLP_new\SRC\firmware\MKS_DLP_new_debug\Obj\usbh_core.o
#        D:\Electronics\Projects\MKS_DLP_new\SRC\firmware\MKS_DLP_new_debug\Obj\usbh_ctlreq.o
#        D:\Electronics\Projects\MKS_DLP_new\SRC\firmware\MKS_DLP_new_debug\Obj\usbh_diskio.o
#        D:\Electronics\Projects\MKS_DLP_new\SRC\firmware\MKS_DLP_new_debug\Obj\usbh_ioreq.o
#        D:\Electronics\Projects\MKS_DLP_new\SRC\firmware\MKS_DLP_new_debug\Obj\usbh_msc.o
#        D:\Electronics\Projects\MKS_DLP_new\SRC\firmware\MKS_DLP_new_debug\Obj\usbh_msc_bot.o
#        D:\Electronics\Projects\MKS_DLP_new\SRC\firmware\MKS_DLP_new_debug\Obj\usbh_msc_scsi.o
#        D:\Electronics\Projects\MKS_DLP_new\SRC\firmware\MKS_DLP_new_debug\Obj\usbh_pipes.o
#        D:\Electronics\Projects\MKS_DLP_new\SRC\firmware\MKS_DLP_new_debug\Obj\usbh_platform.o
#        --redirect _Printf=_PrintfFull --redirect _Scanf=_ScanfFull
#        --no_out_extension -o
#        D:\Electronics\Projects\MKS_DLP_new\SRC\firmware\MKS_DLP_new_debug\Exe\MKS_DLP_new.out
#        --map
#        D:\Electronics\Projects\MKS_DLP_new\SRC\firmware\MKS_DLP_new_debug\List\MKS_DLP_new.map
#        --log libraries,call_graph --log_file
#        D:\Electronics\Projects\MKS_DLP_new\SRC\firmware\MKS_DLP_new_debug\List\MKS_DLP_new.log
#        --config
#        D:\Electronics\Projects\MKS_DLP_new\SRC\firmware/config/stm32f407xx_flash.icf
#        --semihosting --entry __iar_program_start --merge_duplicate_sections
#        --vfe --text_out locale)
#
###############################################################################

*******************************************************************************
*** RUNTIME MODEL ATTRIBUTES
***

CppFlavor        = *
__CPP_Exceptions = Disabled
__CPP_Language   = C++14
__Heap_Handler   = DLMalloc
__SystemLibrary  = DLib
__dlib_version   = 6


*******************************************************************************
*** HEAP SELECTION
***

The advanced heap was selected because the application calls memory
allocation functions outside of system library functions, and there
are calls to deallocation functions in the application.


*******************************************************************************
*** PLACEMENT SUMMARY
***

"A0":  place at 0x801'0000 { ro section .intvec };
"P1":  place in [from 0x801'0000 to 0x80f'ffff] { ro };
define block CSTACK with size = 16K, alignment = 8 { };
define block HEAP with size = 8K, alignment = 8 { };
"P2":  place in [from 0x2000'0000 to 0x2001'ffff] {
          rw, block CSTACK, block HEAP };
"P3":  place in [from 0x1000'0000 to 0x1000'ffff] { rw section CCMRAM };
initialize by copy { rw };

  Section            Kind         Address     Size  Object
  -------            ----         -------     ----  ------
"A0":                                        0x188
  .intvec            ro code   0x801'0000    0x188  startup_stm32f407xx.o [1]
                             - 0x801'0188    0x188

"P1":                                      0x15786
  .text              ro code   0x801'0188   0x2b00  ff.o [1]
  .text              ro code   0x801'2c88     0xb0  diskio.o [1]
  .text              ro code   0x801'2d38    0x144  ffunicode.o [1]
  .text              ro code   0x801'2e7c     0x88  fatfs.o [1]
  .text              ro code   0x801'2f04     0x54  ff_gen_drv.o [1]
  .text              ro code   0x801'2f58    0x418  stm32f4xx_hal_rtc.o [1]
  .text              ro code   0x801'3370      0xc  stm32f4xx_hal.o [1]
  .rodata            const     0x801'337c   0x2094  fnt24bold.o [1]
  .rodata            const     0x801'5410   0x195c  fnt24.o [1]
  .text              ro code   0x801'6d6c   0x14e0  dlmalloc.o [2]
  .text              ro code   0x801'824c      0x6  abort.o [2]
  .text              ro code   0x801'8252     0x7a  lz77_init_single.o [4]
  .text              ro code   0x801'82cc     0x2c  xgetmemchunk.o [2]
  .text              ro code   0x801'82f8     0x14  exit.o [5]
  .rodata            const     0x801'830c   0x10c8  fnt18bold.o [1]
  .text              ro code   0x801'93d4   0x1060  stm32f4xx_hal_hcd.o [1]
  .text              ro code   0x801'a434    0x2f8  usbh_conf.o [1]
  .text              ro code   0x801'a72c    0x9c4  stm32f4xx_ll_usb.o [1]
  .text              ro code   0x801'b0f0     0xa6  ABImemcpy.o [4]
  .text              ro code   0x801'b196     0x3a  zero_init3.o [4]
  .text              ro code   0x801'b1d0      0x6  ABImemclr4.o [4]
  .text              ro code   0x801'b1d6     0x1e  xencoding_8859_1.o [2]
  .text              ro code   0x801'b1f4    0x21c  stm32f4xx_hal_gpio.o [1]
  .text              ro code   0x801'b410    0x12c  stm32f4xx_hal_cortex.o [1]
  .text              ro code   0x801'b53c    0x79e  usbh_core.o [1]
  .text              ro code   0x801'bcda      0xa  xsprout.o [2]
  .text              ro code   0x801'bce4    0x71e  main.o [1]
  .rodata            const     0x801'c402      0x1  unwind_debug.o [5]
  .text              ro code   0x801'c404     0x20  usbh_platform.o [1]
  .text              ro code   0x801'c424     0x28  stm32f4xx_hal.o [1]
  .text              ro code   0x801'c44c     0x32  ABImemset48.o [4]
  .text              ro code   0x801'c47e     0xb6  usbh_pipes.o [1]
  .text              ro code   0x801'c534    0x5bc  usbh_ctlreq.o [1]
  .text              ro code   0x801'caf0     0x34  stm32f4xx_hal.o [1]
  .text              ro code   0x801'cb24     0x90  sys_timer.o [1]
  .text              ro code   0x801'cbb4    0x140  gpio.o [1]
  .text              ro code   0x801'ccf4    0x570  lcd_low.o [1]
  .text              ro code   0x801'd264    0x880  lcd_ui.o [1]
  .text              ro code   0x801'dae4    0x534  fst_spi.o [1]
  .text              ro code   0x801'e018    0x304  spi_flash.o [1]
  .text              ro code   0x801'e31c    0x200  touch.o [1]
  .text              ro code   0x801'e51c    0x37c  tgui.o [1]
  .text              ro code   0x801'e898     0xb8  rtc.o [1]
  .text              ro code   0x801'e950     0x8c  usb_host.o [1]
  .text              ro code   0x801'e9dc    0x1aa  unicode_utils.o [1]
  .text              ro code   0x801'eb88     0x12  strcmp.o [4]
  .text              ro code   0x801'eb9c     0x40  sprintf.o [2]
  .text              ro code   0x801'ebdc     0x66  ABImemset.o [4]
  .text              ro code   0x801'ec44    0x3b4  stm32f4xx_hal_rcc.o [1]
  .text              ro code   0x801'eff8    0x1d4  stm32f4xx_hal_rcc.o [1]
  .text              ro code   0x801'f1cc    0x150  stm32f4xx_hal_rcc_ex.o [1]
  .text              ro code   0x801'f31c     0xd0  usbh_ioreq.o [1]
  .text              ro code   0x801'f3ec     0x4c  stm32f4xx_hal.o [1]
  .text              ro code   0x801'f438     0x40  stm32f4xx_hal_msp.o [1]
  .text              ro code   0x801'f478    0x114  fsmc.o [1]
  .text              ro code   0x801'f58c    0x458  stm32f4xx_hal_dma.o [1]
  .text              ro code   0x801'f9e4    0x5fa  stm32f4xx_hal_spi.o [1]
  .text              ro code   0x801'ffde     0x20  spi_flash.o [1]
  .text              ro code   0x802'0000    0x3e6  tgui_defaultfuncs.o [1]
  .text              ro code   0x802'03e8    0xf46  xprintffull.o [2]
  .text              ro code   0x802'1330    0x230  I64DivMod.o [4]
  .text              ro code   0x802'1560     0x5c  stm32f4xx_hal_sram.o [1]
  .text              ro code   0x802'15bc     0x78  xlocale_c.o [2]
  .text              ro code   0x802'1634     0x16  strchr.o [4]
  .text              ro code   0x802'164c     0x40  xfail_s.o [2]
  .text              ro code   0x802'168c     0x36  strlen.o [4]
  .text              ro code   0x802'16c4     0x58  memchr.o [4]
  .text              ro code   0x802'171c      0xa  xmbcurmax.o [2]
  .text              ro code   0x802'1728    0x1a2  DblMul.o [3]
  .text              ro code   0x802'18cc     0x70  frexp.o [3]
  .text              ro code   0x802'193c     0x2e  DblCmpLe.o [3]
  .text              ro code   0x802'196c     0x2e  DblCmpGe.o [3]
  .text              ro code   0x802'199c    0x13a  ldexp.o [3]
  .text              ro code   0x802'1ad8     0x3a  DblToS32.o [3]
  .text              ro code   0x802'1b14     0x22  S32ToDbl.o [3]
  .text              ro code   0x802'1b38     0xe2  DblSub.o [3]
  .text              ro code   0x802'1c1c    0x246  DblDiv.o [3]
  .text              ro code   0x802'1e64     0x28  DblToU32.o [3]
  .text              ro code   0x802'1e8c     0x1a  U32ToDbl.o [3]
  .text              ro code   0x802'1ea6      0x2  stm32f4xx_hal_spi.o [1]
  .text              ro code   0x802'1ea8     0xe4  stm32f4xx_ll_fsmc.o [1]
  .text              ro code   0x802'1f8c    0x16a  DblAdd.o [3]
  .rodata            const     0x802'20f8    0xea4  fnt18.o [1]
  .text              ro code   0x802'2f9c    0x8b4  usbh_msc.o [1]
  .text              ro code   0x802'3850    0x394  usbh_msc_bot.o [1]
  .text              ro code   0x802'3be4      0x4  heaptramp0.o [2]
  .text              ro code   0x802'3be8    0x3ea  usbh_msc_scsi.o [1]
  .rodata            const     0x802'3fd4    0x6b4  fnt12.o [1]
  .rodata            const     0x802'4688    0x1f4  ffunicode.o [1]
  .text              ro code   0x802'487c    0x144  usbh_diskio.o [1]
  .rodata            const     0x802'49c0    0x140  fnt12.o [1]
  .rodata            const     0x802'4b00    0x140  fnt18.o [1]
  .rodata            const     0x802'4c40    0x140  fnt18bold.o [1]
  .rodata            const     0x802'4d80    0x140  fnt24.o [1]
  .rodata            const     0x802'4ec0    0x140  fnt24bold.o [1]
  .rodata            const     0x802'5000    0x100  ffunicode.o [1]
  .text              ro code   0x802'5100     0xec  spifl_diskio.o [1]
  .rodata            const     0x802'51ec     0xbc  ffunicode.o [1]
  .rodata            const     0x802'52a8     0x80  ff.o [1]
  .text              ro code   0x802'5328     0x6c  stm32f4xx_it.o [1]
  .rodata            const     0x802'5394     0x38  main.o [1]
  .rodata            const     0x802'53cc     0x34  main.o [1]
  .rodata            const     0x802'5400     0x30  main.o [1]
  .rodata            const     0x802'5430     0x30  main.o [1]
  .rodata            const     0x802'5460     0x2c  main.o [1]
  .rodata            const     0x802'548c     0x2c  main.o [1]
  .rodata            const     0x802'54b8     0x2c  main.o [1]
  .rodata            const     0x802'54e4     0x28  main.o [1]
  .rodata            const     0x802'550c     0x28  main.o [1]
  .text              ro code   0x802'5534     0x28  data_init.o [4]
  .rodata            const     0x802'555c     0x24  main.o [1]
  .rodata            const     0x802'5580     0x24  main.o [1]
  .text              ro code   0x802'55a4     0x22  fpinit_M.o [3]
  .iar.init_table    const     0x802'55c8     0x20  - Linker created -
  .rodata            const     0x802'55e8     0x20  main.o [1]
  .text              ro code   0x802'5608     0x20  system_stm32f4xx.o [1]
  .text              ro code   0x802'5628     0x1e  cmain.o [4]
  .text              ro code   0x802'5646      0x4  low_level_init.o [2]
  .text              ro code   0x802'564a      0x4  exit.o [2]
  .text              ro code   0x802'5650      0xa  cexit.o [4]
  .rodata            const     0x802'565c     0x18  main.o [1]
  .rodata            const     0x802'5674     0x18  main.o [1]
  .rodata            const     0x802'568c     0x18  main.o [1]
  .rodata            const     0x802'56a4     0x18  tgui.o [1]
  .rodata            const     0x802'56bc     0x14  ff.o [1]
  .rodata            const     0x802'56d0     0x14  ff.o [1]
  .rodata            const     0x802'56e4     0x14  main.o [1]
  .rodata            const     0x802'56f8     0x14  spifl_diskio.o [1]
  .rodata            const     0x802'570c     0x14  usbh_diskio.o [1]
  .rodata            const     0x802'5720     0x10  ff.o [1]
  .rodata            const     0x802'5730     0x10  ff.o [1]
  .rodata            const     0x802'5740     0x10  ff.o [1]
  .rodata            const     0x802'5750     0x10  ff.o [1]
  .rodata            const     0x802'5760     0x10  main.o [1]
  .rodata            const     0x802'5770     0x10  main.o [1]
  .rodata            const     0x802'5780     0x10  main.o [1]
  .rodata            const     0x802'5790     0x10  system_stm32f4xx.o [1]
  .rodata            const     0x802'57a0     0x10  tgui.o [1]
  .rodata            const     0x802'57b0     0x10  tgui.o [1]
  .text              ro code   0x802'57c0     0x10  startup_stm32f407xx.o [1]
  .rodata            const     0x802'57d0      0xc  ff.o [1]
  .rodata            const     0x802'57dc      0xc  ff.o [1]
  .rodata            const     0x802'57e8      0xc  main.o [1]
  .rodata            const     0x802'57f4      0xc  main.o [1]
  .rodata            const     0x802'5800      0xc  tgui.o [1]
  .text              ro code   0x802'580c      0xc  cstartup_M.o [4]
  .rodata            const     0x802'5818      0x8  ff.o [1]
  .rodata            const     0x802'5820      0x8  ff.o [1]
  .rodata            const     0x802'5828      0x8  stm32f4xx_hal_dma.o [1]
  .rodata            const     0x802'5830      0x8  tgui.o [1]
  .rodata            const     0x802'5838      0x8  tgui.o [1]
  .rodata            const     0x802'5840      0x8  tgui.o [1]
  .rodata            const     0x802'5848      0x8  tgui.o [1]
  .rodata            const     0x802'5850      0x8  tgui.o [1]
  .rodata            const     0x802'5858      0x8  tgui.o [1]
  .rodata            const     0x802'5860      0x8  tgui.o [1]
  .rodata            const     0x802'5868      0x6  xlocale_c.o [2]
  .rodata            const     0x802'5870      0x4  rtc.o [1]
  .rodata            const     0x802'5874      0x4  usbh_msc.o [1]
  .text              ro code   0x802'5878      0x4  startup_stm32f407xx.o [1]
  .rodata            const     0x802'587c      0x0  zero_init3.o [4]
  .rodata            const     0x802'587c      0x0  lz77_init_single.o [4]
  Initializer bytes  const     0x802'587c     0x92  <for P2-1>
                             - 0x802'590e  0x15786

"P3":                                       0x5478
  CCMRAM             uninit   0x1000'0000   0x2000  main.o [1]
  CCMRAM             uninit   0x1000'2000   0x1028  main.o [1]
  CCMRAM             uninit   0x1000'3028   0x1028  main.o [1]
  CCMRAM             uninit   0x1000'4050   0x1028  tgui.o [1]
  CCMRAM             uninit   0x1000'5078    0x400  tgui.o [1]
                            - 0x1000'5478   0x5478

"P2", part 1 of 3:                            0xf0
  P2-1                        0x2000'0000     0xf0  <Init block>
    .data            inited   0x2000'0000      0xc  fnt12.o [1]
    .data            inited   0x2000'000c      0xc  fnt18.o [1]
    .data            inited   0x2000'0018      0xc  fnt18bold.o [1]
    .data            inited   0x2000'0024      0xc  fnt24.o [1]
    .data            inited   0x2000'0030      0xc  fnt24bold.o [1]
    .data            inited   0x2000'003c      0x4  lcd_ui.o [1]
    .data            inited   0x2000'0040      0x4  stm32f4xx_hal.o [1]
    .data            inited   0x2000'0044      0x4  system_stm32f4xx.o [1]
    .data            inited   0x2000'0048     0x20  usbh_msc.o [1]
    .data            inited   0x2000'0068     0x38  xlocale_c.o [2]
    .data            inited   0x2000'00a0     0x48  xlocale_c.o [2]
    .data            inited   0x2000'00e8      0x2  lcd_ui.o [1]
    .data            inited   0x2000'00ea      0x2  lcd_ui.o [1]
    .data            inited   0x2000'00ec      0x2  lcd_ui.o [1]
    .data            inited   0x2000'00ee      0x1  lcd_ui.o [1]
    .data            inited   0x2000'00ef      0x1  stm32f4xx_hal.o [1]
                            - 0x2000'00f0     0xf0

"P2", part 2 of 3:                          0x4194
  .bss               zero     0x2000'00f0   0x1038  fatfs.o [1]
  .bss               zero     0x2000'1128   0x1038  fatfs.o [1]
  .bss               zero     0x2000'2160    0x400  main.o [1]
  .bss               zero     0x2000'2560    0x400  main.o [1]
  .bss               zero     0x2000'2960    0x400  main.o [1]
  .bss               zero     0x2000'2d60    0x3d8  usb_host.o [1]
  .bss               zero     0x2000'3138    0x2c4  usbh_conf.o [1]
  .bss               zero     0x2000'33fc    0x224  main.o [1]
  .bss               zero     0x2000'3620    0x200  ff.o [1]
  .bss               zero     0x2000'3820    0x200  main.o [1]
  .bss               zero     0x2000'3a20    0x1d8  dlmalloc.o [2]
  .bss               zero     0x2000'3bf8    0x100  sys_timer.o [1]
  .bss               zero     0x2000'3cf8     0xcc  tgui.o [1]
  .bss               zero     0x2000'3dc4     0x80  fst_spi.o [1]
  .bss               zero     0x2000'3e44     0x80  fst_spi.o [1]
  .bss               zero     0x2000'3ec4     0x60  fst_spi.o [1]
  .bss               zero     0x2000'3f24     0x60  fst_spi.o [1]
  .bss               zero     0x2000'3f84     0x60  fst_spi.o [1]
  .bss               zero     0x2000'3fe4     0x60  fst_spi.o [1]
  .bss               zero     0x2000'4044     0x60  fst_spi.o [1]
  .bss               zero     0x2000'40a4     0x60  lcd_low.o [1]
  .bss               zero     0x2000'4104     0x50  fsmc.o [1]
  .bss               zero     0x2000'4154     0x34  main.o [1]
  .bss               zero     0x2000'4188     0x2c  tgui.o [1]
  .bss               zero     0x2000'41b4     0x20  rtc.o [1]
  .bss               zero     0x2000'41d4     0x1c  tgui.o [1]
  .bss               zero     0x2000'41f0     0x18  dlmalloc.o [2]
  .bss               zero     0x2000'4208     0x10  ff_gen_drv.o [1]
  .bss               zero     0x2000'4218     0x10  touch.o [1]
  .bss               zero     0x2000'4228      0xc  spi_flash.o [1]
  .bss               zero     0x2000'4234      0x8  fatfs.o [1]
  .bss               zero     0x2000'423c      0x8  fatfs.o [1]
  .bss               zero     0x2000'4244      0x8  ff.o [1]
  .bss               zero     0x2000'424c      0x4  fsmc.o [1]
  .bss               zero     0x2000'4250      0x4  spi_flash.o [1]
  .bss               zero     0x2000'4254      0x4  spi_flash.o [1]
  .bss               zero     0x2000'4258      0x4  stm32f4xx_hal.o [1]
  .bss               zero     0x2000'425c      0x4  stm32f4xx_ll_usb.o [1]
  .bss               zero     0x2000'4260      0x4  tgui.o [1]
  .bss               zero     0x2000'4264      0x4  touch.o [1]
  .bss               zero     0x2000'4268      0x4  xfail_s.o [2]
  .bss               zero     0x2000'426c      0x4  xgetmemchunk.o [2]
  .bss               zero     0x2000'4270      0x2  ff.o [1]
  .bss               zero     0x2000'4272      0x2  lcd_low.o [1]
  .bss               zero     0x2000'4274      0x2  lcd_ui.o [1]
  .bss               zero     0x2000'4276      0x2  lcd_ui.o [1]
  .bss               zero     0x2000'4278      0x2  lcd_ui.o [1]
  .bss               zero     0x2000'427a      0x1  fatfs.o [1]
  .bss               zero     0x2000'427b      0x1  fatfs.o [1]
  .bss               zero     0x2000'427c      0x1  main.o [1]
  .bss               zero     0x2000'427d      0x1  main.o [1]
  .bss               zero     0x2000'427e      0x1  main.o [1]
  .bss               zero     0x2000'427f      0x1  main.o [1]
  .bss               zero     0x2000'4280      0x1  usb_host.o [1]
                            - 0x2000'4281   0x4191

"P2", part 3 of 3:                          0x8804
  .noinit            uninit   0x2000'4284   0x2000  tgui.o [1]
  .noinit            uninit   0x2000'6284    0x800  tgui.o [1]
  CSTACK                      0x2000'6a88   0x4000  <Block>
    CSTACK           uninit   0x2000'6a88   0x4000  <Block tail>
  HEAP                        0x2000'aa88   0x2000  <Block>
    HEAP             uninit   0x2000'aa88   0x2000  <Block tail>
                            - 0x2000'ca88   0x8804

Unused ranges:

         From           To      Size
         ----           --      ----
   0x802'590e   0x80f'ffff  0xd'a6f2
  0x1000'5478  0x1000'ffff    0xab88
  0x2000'ca88  0x2001'ffff  0x1'3578


*******************************************************************************
*** INIT TABLE
***

          Address      Size
          -------      ----
Zero (__iar_zero_init3)
    1 destination range, total size 0x4191:
          0x2000'00f0  0x4191

Copy/lz77 (__iar_lz77_init_single3)
    1 source range, total size 0x92 (60% of destination):
           0x802'587c    0x92
    1 destination range, total size 0xf0:
          0x2000'0000    0xf0



*******************************************************************************
*** MODULE SUMMARY
***

    Module                  ro code  ro data  rw data
    ------                  -------  -------  -------
command line/config:
    -------------------------------------------------
    Total:

D:\Electronics\Projects\MKS_DLP_new\SRC\firmware\MKS_DLP_new_debug\Obj: [1]
    diskio.o                    176
    fatfs.o                     136             8 322
    ff.o                     11 008      272      522
    ff_gen_drv.o                 84                16
    ffunicode.o                 324      944
    fnt12.o                            2 043       12
    fnt18.o                            4 075       12
    fnt18bold.o                        4 623       12
    fnt24.o                            6 820       12
    fnt24bold.o                        8 667       12
    fsmc.o                      276                84
    fst_spi.o                 1 332               736
    gpio.o                      320
    lcd_low.o                 1 392                98
    lcd_ui.o                  2 176        6       17
    main.o                    1 822      684   20 652
    rtc.o                       184        4       32
    spi_flash.o                 804                20
    spifl_diskio.o              236       20
    startup_stm32f407xx.o       412
    stm32f4xx_hal.o             180        4        9
    stm32f4xx_hal_cortex.o      300
    stm32f4xx_hal_dma.o       1 112        8
    stm32f4xx_hal_gpio.o        540
    stm32f4xx_hal_hcd.o       4 192
    stm32f4xx_hal_msp.o          64
    stm32f4xx_hal_rcc.o       1 416
    stm32f4xx_hal_rcc_ex.o      336
    stm32f4xx_hal_rtc.o       1 048
    stm32f4xx_hal_spi.o       1 532
    stm32f4xx_hal_sram.o         92
    stm32f4xx_it.o              108
    stm32f4xx_ll_fsmc.o         228
    stm32f4xx_ll_usb.o        2 500                 4
    sys_timer.o                 144               256
    system_stm32f4xx.o           32       18        4
    tgui.o                      892      124   15 680
    tgui_defaultfuncs.o         998
    touch.o                     512                20
    unicode_utils.o             426
    usb_host.o                  140               985
    usbh_conf.o                 760               708
    usbh_core.o               1 950
    usbh_ctlreq.o             1 468
    usbh_diskio.o               324       20
    usbh_ioreq.o                208
    usbh_msc.o                2 228       24       32
    usbh_msc_bot.o              916
    usbh_msc_scsi.o           1 002
    usbh_pipes.o                182
    usbh_platform.o              32
    -------------------------------------------------
    Total:                   46 544   28 356   48 257

dl7M_tlf.a: [2]
    abort.o                       6
    dlmalloc.o                5 344               496
    exit.o                        4
    heaptramp0.o                  4
    low_level_init.o              4
    sprintf.o                    64
    xencoding_8859_1.o           30
    xfail_s.o                    64                 4
    xgetmemchunk.o               44                 4
    xlocale_c.o                 120       84      128
    xmbcurmax.o                  10
    xprintffull.o             3 910
    xsprout.o                    10
    -------------------------------------------------
    Total:                    9 614       84      632

m7M_tls.a: [3]
    DblAdd.o                    362
    DblCmpGe.o                   46
    DblCmpLe.o                   46
    DblDiv.o                    582
    DblMul.o                    418
    DblSub.o                    226
    DblToS32.o                   58
    DblToU32.o                   40
    S32ToDbl.o                   34
    U32ToDbl.o                   26
    fpinit_M.o                   34
    frexp.o                     112
    ldexp.o                     314
    -------------------------------------------------
    Total:                    2 298

rt7M_tl.a: [4]
    ABImemclr4.o                  6
    ABImemcpy.o                 166
    ABImemset.o                 102
    ABImemset48.o                50
    I64DivMod.o                 560
    cexit.o                      10
    cmain.o                      30
    cstartup_M.o                 12
    data_init.o                  40
    lz77_init_single.o          122
    memchr.o                     88
    strchr.o                     22
    strcmp.o                     18
    strlen.o                     54
    zero_init3.o                 58
    -------------------------------------------------
    Total:                    1 338

shb_l.a: [5]
    exit.o                       20
    unwind_debug.o                         1
    -------------------------------------------------
    Total:                       20        1

    Gaps                         37       10
    Linker created                        32   24 576
-----------------------------------------------------
    Grand Total:             59 851   28 483   73 465


*******************************************************************************
*** ENTRY LIST
***

Entry                       Address    Size  Type      Object
-----                       -------    ----  ----      ------
.iar.init_table$$Base    0x802'55c8           --   Gb  - Linker created -
.iar.init_table$$Limit   0x802'55e8           --   Gb  - Linker created -
?main                    0x802'5629          Code  Gb  cmain.o [4]
AHBPrescTable            0x802'5790    0x10  Data  Gb  system_stm32f4xx.o [1]
Appli_state             0x2000'4280     0x1  Data  Gb  usb_host.o [1]
Appli_state_old         0x2000'427c     0x1  Data  Gb  main.o [1]
BusFault_Handler         0x802'532f     0x2  Code  Gb  stm32f4xx_it.o [1]
CSTACK$$Base            0x2000'6a88           --   Gb  - Linker created -
CSTACK$$Limit           0x2000'aa88           --   Gb  - Linker created -
CacheMore                0x802'15c1    0x24  Code  Lc  xlocale_c.o [2]
DMA1_Stream3_IRQHandler
                         0x802'5341     0xa  Code  Gb  stm32f4xx_it.o [1]
DMA1_Stream4_IRQHandler
                         0x802'534b     0xa  Code  Gb  stm32f4xx_it.o [1]
DMA2_Stream2_IRQHandler
                         0x802'5369     0xa  Code  Gb  stm32f4xx_it.o [1]
DMA2_Stream5_IRQHandler
                         0x802'5373     0xa  Code  Gb  stm32f4xx_it.o [1]
DMA2_Stream7_IRQHandler
                         0x802'535f     0xa  Code  Gb  stm32f4xx_it.o [1]
DMA_CalcBaseAndBitshift
                         0x801'f91f    0x30  Code  Lc  stm32f4xx_hal_dma.o [1]
DMA_CalcBaseAndBitshift::flagBitshiftOffset
                         0x802'5828     0x8  Data  Lc  stm32f4xx_hal_dma.o [1]
DMA_CheckFifoParam       0x801'f95d    0x88  Code  Lc  stm32f4xx_hal_dma.o [1]
DMA_SetConfig            0x801'f8f1    0x2e  Code  Lc  stm32f4xx_hal_dma.o [1]
DeInitStateMachine       0x801'b58d    0x66  Code  Lc  usbh_core.o [1]
DebugMon_Handler         0x802'5335     0x2  Code  Gb  stm32f4xx_it.o [1]
DeviceCode              0x2000'4272     0x2  Data  Gb  lcd_low.o [1]
Error_Handler            0x801'c401     0x2  Code  Gb  main.o [1]
ExCvt                    0x802'52a8    0x80  Data  Lc  ff.o [1]
FATFS_Init               0x801'2e7d    0x1c  Code  Gb  fatfs.o [1]
FATFS_LinkDriver         0x801'2f49     0xa  Code  Gb  ff_gen_drv.o [1]
FATFS_LinkDriverEx       0x801'2f05    0x44  Code  Gb  ff_gen_drv.o [1]
FLASH_SPIEnable          0x801'dd87   0x188  Code  Gb  fst_spi.o [1]
FLASH_SPIInit            0x801'dd29    0x5e  Code  Gb  fst_spi.o [1]
FLASH_SPIReadBuff        0x801'df59    0x40  Code  Gb  fst_spi.o [1]
FLASH_SPIReadBuffDMA     0x801'df99    0x2e  Code  Gb  fst_spi.o [1]
FLASH_SPISetSpeed        0x801'df0f    0x1c  Code  Gb  fst_spi.o [1]
FLASH_SPIWriteReadByte   0x801'df2b    0x2e  Code  Gb  fst_spi.o [1]
FSMC_Initialized        0x2000'424c     0x4  Data  Lc  fsmc.o [1]
FSMC_NORSRAM_Extended_Timing_Init
                         0x802'1f45    0x40  Code  Gb  stm32f4xx_ll_fsmc.o [1]
FSMC_NORSRAM_Init        0x802'1ea9    0x58  Code  Gb  stm32f4xx_ll_fsmc.o [1]
FSMC_NORSRAM_Timing_Init
                         0x802'1f01    0x44  Code  Gb  stm32f4xx_ll_fsmc.o [1]
FatFs                   0x2000'4244     0x8  Data  Lc  ff.o [1]
Fsid                    0x2000'4270     0x2  Data  Lc  ff.o [1]
GPIO_Init                0x801'cbb5   0x140  Code  Gb  gpio.o [1]
HAL_DMA_GetState         0x801'f8eb     0x6  Code  Gb  stm32f4xx_hal_dma.o [1]
HAL_DMA_IRQHandler       0x801'f6e1   0x20a  Code  Gb  stm32f4xx_hal_dma.o [1]
HAL_DMA_Init             0x801'f58d    0xe0  Code  Gb  stm32f4xx_hal_dma.o [1]
HAL_DMA_Start_IT         0x801'f66d    0x74  Code  Gb  stm32f4xx_hal_dma.o [1]
HAL_Delay                0x801'c425    0x28  Code  Wk  stm32f4xx_hal.o [1]
HAL_FSMC_MspInit         0x801'f4fb    0x70  Code  Gb  fsmc.o [1]
HAL_GPIO_Init            0x801'b1f5   0x1d0  Code  Gb  stm32f4xx_hal_gpio.o [1]
HAL_GPIO_WritePin        0x801'b3c5    0x14  Code  Gb  stm32f4xx_hal_gpio.o [1]
HAL_GetTick              0x801'3371     0xc  Code  Wk  stm32f4xx_hal.o [1]
HAL_HCD_Connect_Callback
                         0x801'a4c3     0xc  Code  Gb  usbh_conf.o [1]
HAL_HCD_Disconnect_Callback
                         0x801'a4cf     0xc  Code  Gb  usbh_conf.o [1]
HAL_HCD_GetCurrentFrame
                         0x801'98e5     0xa  Code  Gb  stm32f4xx_hal_hcd.o [1]
HAL_HCD_GetCurrentSpeed
                         0x801'98ef     0xa  Code  Gb  stm32f4xx_hal_hcd.o [1]
HAL_HCD_HC_GetURBState   0x801'98cb     0xe  Code  Gb  stm32f4xx_hal_hcd.o [1]
HAL_HCD_HC_GetXferCount
                         0x801'98d9     0xc  Code  Gb  stm32f4xx_hal_hcd.o [1]
HAL_HCD_HC_Halt          0x801'9515    0x2c  Code  Gb  stm32f4xx_hal_hcd.o [1]
HAL_HCD_HC_Init          0x801'944b    0xca  Code  Gb  stm32f4xx_hal_hcd.o [1]
HAL_HCD_HC_NotifyURBChange_Callback
                         0x801'a4db     0x2  Code  Gb  usbh_conf.o [1]
HAL_HCD_HC_SubmitRequest
                         0x801'9541   0x1f8  Code  Gb  stm32f4xx_hal_hcd.o [1]
HAL_HCD_IRQHandler       0x801'9739   0x134  Code  Gb  stm32f4xx_hal_hcd.o [1]
HAL_HCD_Init             0x801'93d5    0x76  Code  Gb  stm32f4xx_hal_hcd.o [1]
HAL_HCD_MspInit          0x801'a435    0x82  Code  Gb  usbh_conf.o [1]
HAL_HCD_PortDisabled_Callback
                         0x801'a4e9     0xc  Code  Gb  usbh_conf.o [1]
HAL_HCD_PortEnabled_Callback
                         0x801'a4dd     0xc  Code  Gb  usbh_conf.o [1]
HAL_HCD_ResetPort        0x801'98c1     0xa  Code  Gb  stm32f4xx_hal_hcd.o [1]
HAL_HCD_SOF_Callback     0x801'a4b7     0xc  Code  Gb  usbh_conf.o [1]
HAL_HCD_Start            0x801'986d    0x2e  Code  Gb  stm32f4xx_hal_hcd.o [1]
HAL_HCD_Stop             0x801'989b    0x26  Code  Gb  stm32f4xx_hal_hcd.o [1]
HAL_IncTick              0x801'cb25    0x58  Code  Gb  sys_timer.o [1]
HAL_Init                 0x801'caf1    0x30  Code  Gb  stm32f4xx_hal.o [1]
HAL_InitTick             0x801'f3ed    0x4c  Code  Wk  stm32f4xx_hal.o [1]
HAL_MspInit              0x801'f439    0x40  Code  Gb  stm32f4xx_hal_msp.o [1]
HAL_NVIC_EnableIRQ       0x801'b509     0xa  Code  Gb  stm32f4xx_hal_cortex.o [1]
HAL_NVIC_SetPriority     0x801'b4e7    0x22  Code  Gb  stm32f4xx_hal_cortex.o [1]
HAL_NVIC_SetPriorityGrouping
                         0x801'b4df     0x8  Code  Gb  stm32f4xx_hal_cortex.o [1]
HAL_RCCEx_PeriphCLKConfig
                         0x801'f1cd   0x12c  Code  Gb  stm32f4xx_hal_rcc_ex.o [1]
HAL_RCC_ClockConfig      0x801'eff9   0x13a  Code  Gb  stm32f4xx_hal_rcc.o [1]
HAL_RCC_OscConfig        0x801'ec45   0x3b4  Code  Wk  stm32f4xx_hal_rcc.o [1]
HAL_RTC_GetDate          0x801'3273    0x4e  Code  Gb  stm32f4xx_hal_rtc.o [1]
HAL_RTC_GetTime          0x801'312b    0x62  Code  Gb  stm32f4xx_hal_rtc.o [1]
HAL_RTC_Init             0x801'2f59    0xcc  Code  Gb  stm32f4xx_hal_rtc.o [1]
HAL_RTC_SetDate          0x801'318d    0xe6  Code  Gb  stm32f4xx_hal_rtc.o [1]
HAL_RTC_SetTime          0x801'3025   0x106  Code  Gb  stm32f4xx_hal_rtc.o [1]
HAL_RTC_WaitForSynchro   0x801'32cd    0x36  Code  Gb  stm32f4xx_hal_rtc.o [1]
HAL_SPI_Init             0x801'f9e5    0xca  Code  Gb  stm32f4xx_hal_spi.o [1]
HAL_SPI_Receive_DMA      0x801'fad5   0x106  Code  Gb  stm32f4xx_hal_spi.o [1]
HAL_SPI_TransmitReceive_DMA
                         0x801'fbdb   0x156  Code  Gb  stm32f4xx_hal_spi.o [1]
HAL_SPI_TxRxCpltCallback
                         0x801'dae5    0x1e  Code  Gb  fst_spi.o [1]
HAL_SRAM_Init            0x802'1561    0x5c  Code  Gb  stm32f4xx_hal_sram.o [1]
HAL_SRAM_MspInit         0x801'f56b     0x8  Code  Gb  fsmc.o [1]
HAL_SYSTICK_Config       0x801'b513     0x8  Code  Gb  stm32f4xx_hal_cortex.o [1]
HCD_HC_IN_IRQHandler     0x801'98f9   0x55e  Code  Lc  stm32f4xx_hal_hcd.o [1]
HCD_HC_OUT_IRQHandler    0x801'9e57   0x478  Code  Lc  stm32f4xx_hal_hcd.o [1]
HCD_Port_IRQHandler      0x801'a38d    0xa8  Code  Lc  stm32f4xx_hal_hcd.o [1]
HCD_RXQLVL_IRQHandler    0x801'a2cf    0xba  Code  Lc  stm32f4xx_hal_hcd.o [1]
HEAP$$Base              0x2000'aa88           --   Gb  - Linker created -
HEAP$$Limit             0x2000'ca88           --   Gb  - Linker created -
HardFault_Handler        0x802'532b     0x2  Code  Gb  stm32f4xx_it.o [1]
LCDUI_Clear()            0x801'd3a5     0xe  Code  Gb  lcd_ui.o [1]
LCDUI_DrawChar(char, unsigned short, short, short)
                         0x801'd6a5   0x188  Code  Gb  lcd_ui.o [1]
LCDUI_DrawFastVLine(short, short, short)
                         0x801'd3b3    0x64  Code  Gb  lcd_ui.o [1]
LCDUI_DrawTextUTF(char *, unsigned short, short, short, short, short)
                         0x801'd84d   0x266  Code  Gb  lcd_ui.o [1]
LCDUI_FillRect(short, short, short, short)
                         0x801'd417    0x86  Code  Gb  lcd_ui.o [1]
LCDUI_FillRoundRect(short, short, short, short, short)
                         0x801'd49d    0x82  Code  Gb  lcd_ui.o [1]
LCDUI_GetCurrentFontHeight()
                         0x801'd69b     0xa  Code  Gb  lcd_ui.o [1]
LCDUI_GetTextWidthUTF(char *)
                         0x801'd661    0x3a  Code  Gb  lcd_ui.o [1]
LCDUI_Init()             0x801'd265    0x42  Code  Gb  lcd_ui.o [1]
LCDUI_SetBackColor(unsigned short)
                         0x801'd379     0xe  Code  Gb  lcd_ui.o [1]
LCDUI_SetColor(unsigned short)
                         0x801'd36b     0xe  Code  Gb  lcd_ui.o [1]
LCDUI_SetCursorCoord(short, short)
                         0x801'd387    0x1e  Code  Gb  lcd_ui.o [1]
LCDUI_SetFont(LCDUI_FONT_TYPE)
                         0x801'd5fb    0x66  Code  Gb  lcd_ui.o [1]
LCD_BackLight            0x801'd223    0x1a  Code  Gb  lcd_low.o [1]
LCD_Clear                0x801'd1ef    0x34  Code  Gb  lcd_low.o [1]
LCD_CtrlLinesConfig      0x801'ccf5   0x108  Code  Gb  lcd_low.o [1]
LCD_FSMCConfig           0x801'cdfd     0x8  Code  Gb  lcd_low.o [1]
LCD_Initializtion        0x801'ce93   0x256  Code  Gb  lcd_low.o [1]
LCD_ReadRAM              0x801'ce69     0xa  Code  Gb  lcd_low.o [1]
LCD_ReadReg              0x801'ce1f     0xa  Code  Gb  lcd_low.o [1]
LCD_Read_ID              0x801'ce73    0x20  Code  Gb  lcd_low.o [1]
LCD_SetCursor            0x801'd0e9    0x60  Code  Gb  lcd_low.o [1]
LCD_SetWindows           0x801'd149    0xa6  Code  Gb  lcd_low.o [1]
LCD_WriteCmd             0x801'ce29     0x8  Code  Gb  lcd_low.o [1]
LCD_WriteRAM             0x801'ce3b     0x8  Code  Gb  lcd_low.o [1]
LCD_WriteRAM_DMA         0x801'ce43    0x26  Code  Gb  lcd_low.o [1]
LCD_WriteRAM_Prepare     0x801'ce31     0xa  Code  Gb  lcd_low.o [1]
LCD_WriteReg             0x801'ce11     0xe  Code  Gb  lcd_low.o [1]
LCD_X_Init               0x801'ce05     0xc  Code  Gb  lcd_low.o [1]
LfnBuf                  0x2000'3620   0x200  Data  Lc  ff.o [1]
LfnOfs                   0x802'5720    0x10  Data  Lc  ff.o [1]
LoadInt                  0x802'05ab    0x7a  Code  Lc  xprintffull.o [2]
MX_FSMC_Init             0x801'f479    0x82  Code  Gb  fsmc.o [1]
MemManage_Handler        0x802'532d     0x2  Code  Gb  stm32f4xx_it.o [1]
NMI_Handler              0x802'5329     0x2  Code  Gb  stm32f4xx_it.o [1]
NVIC_EncodePriority      0x801'b475    0x3c  Code  Lc  stm32f4xx_hal_cortex.o [1]
OTG_FS_IRQHandler        0x802'5355     0xa  Code  Gb  stm32f4xx_it.o [1]
PendSV_Handler           0x802'5337     0x2  Code  Gb  stm32f4xx_it.o [1]
RTC_Bcd2ToByte           0x801'3355    0x1a  Code  Gb  stm32f4xx_hal_rtc.o [1]
RTC_ByteToBcd2           0x801'333d    0x18  Code  Gb  stm32f4xx_hal_rtc.o [1]
RTC_Enable               0x801'e931    0x10  Code  Gb  rtc.o [1]
RTC_EnterInitMode        0x801'3303    0x3a  Code  Gb  stm32f4xx_hal_rtc.o [1]
RTC_Init                 0x801'e899    0x98  Code  Gb  rtc.o [1]
Region$$Table$$Base      0x802'55c8           --   Gb  - Linker created -
Region$$Table$$Limit     0x802'55e8           --   Gb  - Linker created -
SPIFL_Driver             0x802'56f8    0x14  Data  Gb  spifl_diskio.o [1]
SPIFL_EraseSector        0x801'e1a1    0x52  Code  Gb  spi_flash.o [1]
SPIFL_Init               0x801'e08f    0x42  Code  Gb  spi_flash.o [1]
SPIFL_ReadBuff           0x801'e129    0x78  Code  Gb  spi_flash.o [1]
SPIFL_ReadID             0x801'e0d1    0x58  Code  Gb  spi_flash.o [1]
SPIFL_WriteBuff          0x801'e1f3   0x118  Code  Gb  spi_flash.o [1]
SPIFL_initialize         0x802'5101    0x1c  Code  Gb  spifl_diskio.o [1]
SPIFL_ioctl              0x802'5195    0x54  Code  Gb  spifl_diskio.o [1]
SPIFL_read               0x802'512d    0x34  Code  Gb  spifl_diskio.o [1]
SPIFL_status             0x802'511d    0x10  Code  Gb  spifl_diskio.o [1]
SPIFL_write              0x802'5161    0x34  Code  Gb  spifl_diskio.o [1]
SPI_DMAError             0x801'fe25    0x24  Code  Lc  stm32f4xx_hal_spi.o [1]
SPI_DMAHalfReceiveCplt   0x801'fe0d     0xa  Code  Lc  stm32f4xx_hal_spi.o [1]
SPI_DMAHalfTransmitReceiveCplt
                         0x801'fe19     0xa  Code  Lc  stm32f4xx_hal_spi.o [1]
SPI_DMAReceiveCplt       0x801'fd31    0x78  Code  Lc  stm32f4xx_hal_spi.o [1]
SPI_DMATransmitReceiveCplt
                         0x801'fda9    0x64  Code  Lc  stm32f4xx_hal_spi.o [1]
SPI_EndRxTransaction     0x801'fee9    0x92  Code  Lc  stm32f4xx_hal_spi.o [1]
SPI_EndRxTxTransaction   0x801'ff7b    0x5a  Code  Lc  stm32f4xx_hal_spi.o [1]
SPI_WaitFlagStateUntilTimeout
                         0x801'fe49    0xa0  Code  Lc  stm32f4xx_hal_spi.o [1]
SVC_Handler              0x802'5333     0x2  Code  Gb  stm32f4xx_it.o [1]
SYSTIMER_Init            0x801'cb7d    0x2a  Code  Gb  sys_timer.o [1]
SpiflFS                 0x2000'1128  0x1038  Data  Gb  fatfs.o [1]
SpiflPath               0x2000'423c     0x8  Data  Gb  fatfs.o [1]
SysTick_Config           0x801'b4b1    0x2e  Code  Lc  stm32f4xx_hal_cortex.o [1]
SysTick_Handler          0x802'5339     0x8  Code  Gb  stm32f4xx_it.o [1]
SystemClock_Config()     0x801'c281    0xc6  Code  Gb  main.o [1]
SystemCoreClock         0x2000'0044     0x4  Data  Gb  system_stm32f4xx.o [1]
SystemInit               0x802'5609    0x12  Code  Gb  system_stm32f4xx.o [1]
TGUI_DrawLogo()          0x801'e829     0xa  Code  Gb  tgui.o [1]
TGUI_ForceRepaint()      0x801'e833    0x18  Code  Gb  tgui.o [1]
TGUI_Init()              0x801'e51d   0x30c  Code  Gb  tgui.o [1]
TOUCH_SPIEnable          0x801'db67   0x15a  Code  Gb  fst_spi.o [1]
TOUCH_SPIGetState        0x801'dd17     0x8  Code  Gb  fst_spi.o [1]
TOUCH_SPIInit            0x801'db03    0x64  Code  Gb  fst_spi.o [1]
TOUCH_SPIStartRead       0x801'dcc1    0x56  Code  Gb  fst_spi.o [1]
Timers                  0x2000'3bf8   0x100  Data  Gb  sys_timer.o [1]
Touch_Enable             0x801'e4d9     0x8  Code  Gb  touch.o [1]
Touch_GetCoords          0x801'e4ed     0xc  Code  Gb  touch.o [1]
Touch_GetState           0x801'e4e1     0x6  Code  Gb  touch.o [1]
Touch_Init               0x801'e4a5    0x34  Code  Gb  touch.o [1]
Touch_IsPressed          0x801'e4f9    0x18  Code  Gb  touch.o [1]
Touch_SetState           0x801'e4e7     0x6  Code  Gb  touch.o [1]
USBH_AllocPipe           0x801'c4af    0x32  Code  Gb  usbh_pipes.o [1]
USBH_BulkReceiveData     0x801'f3c9    0x24  Code  Gb  usbh_ioreq.o [1]
USBH_BulkSendData        0x801'f397    0x32  Code  Gb  usbh_ioreq.o [1]
USBH_ClosePipe           0x801'c4a3     0xc  Code  Gb  usbh_pipes.o [1]
USBH_ClrFeature          0x801'c699    0x26  Code  Gb  usbh_ctlreq.o [1]
USBH_CtlReceiveData      0x801'f373    0x24  Code  Gb  usbh_ioreq.o [1]
USBH_CtlReq              0x801'c881    0x54  Code  Gb  usbh_ctlreq.o [1]
USBH_CtlSendData         0x801'f341    0x32  Code  Gb  usbh_ioreq.o [1]
USBH_CtlSendSetup        0x801'f31d    0x24  Code  Gb  usbh_ioreq.o [1]
USBH_Delay               0x801'a6fb     0x8  Code  Gb  usbh_conf.o [1]
USBH_Driver              0x802'570c    0x14  Data  Gb  usbh_diskio.o [1]
USBH_FindInterface       0x801'b641    0x66  Code  Gb  usbh_core.o [1]
USBH_FreePipe            0x801'c4e1    0x26  Code  Gb  usbh_pipes.o [1]
USBH_GetDescriptor       0x801'c5ed    0x3c  Code  Gb  usbh_ctlreq.o [1]
USBH_GetFreePipe         0x801'c507    0x2e  Code  Lc  usbh_pipes.o [1]
USBH_GetNextDesc         0x801'c871    0x10  Code  Gb  usbh_ctlreq.o [1]
USBH_Get_CfgDesc         0x801'c573    0x3a  Code  Gb  usbh_ctlreq.o [1]
USBH_Get_DevDesc         0x801'c535    0x3e  Code  Gb  usbh_ctlreq.o [1]
USBH_Get_StringDesc      0x801'c5ad    0x40  Code  Gb  usbh_ctlreq.o [1]
USBH_Get_USB_Status      0x801'a703    0x2a  Code  Gb  usbh_conf.o [1]
USBH_HandleControl       0x801'c8d5   0x21c  Code  Lc  usbh_ctlreq.o [1]
USBH_HandleEnum          0x801'b995   0x2be  Code  Lc  usbh_core.o [1]
USBH_HandleSof           0x801'bc6b    0x1a  Code  Lc  usbh_core.o [1]
USBH_Init                0x801'b53d    0x50  Code  Gb  usbh_core.o [1]
USBH_LL_ClosePipe        0x801'a60d    0x1a  Code  Gb  usbh_conf.o [1]
USBH_LL_Connect          0x801'bc95    0x16  Code  Gb  usbh_core.o [1]
USBH_LL_Disconnect       0x801'bcab    0x30  Code  Gb  usbh_core.o [1]
USBH_LL_DriverVBUS       0x801'a671    0x1c  Code  Gb  usbh_conf.o [1]
USBH_LL_GetLastXferSize
                         0x801'a5cf     0xe  Code  Gb  usbh_conf.o [1]
USBH_LL_GetSpeed         0x801'a58d    0x2a  Code  Gb  usbh_conf.o [1]
USBH_LL_GetToggle        0x801'a6c5    0x36  Code  Gb  usbh_conf.o [1]
USBH_LL_GetURBState      0x801'a663     0xe  Code  Gb  usbh_conf.o [1]
USBH_LL_IncTimer         0x801'bc59    0x12  Code  Gb  usbh_core.o [1]
USBH_LL_Init             0x801'a4f5    0x50  Code  Gb  usbh_conf.o [1]
USBH_LL_OpenPipe         0x801'a5dd    0x30  Code  Gb  usbh_conf.o [1]
USBH_LL_PortDisabled     0x801'bc8d     0x8  Code  Gb  usbh_core.o [1]
USBH_LL_PortEnabled      0x801'bc85     0x8  Code  Gb  usbh_core.o [1]
USBH_LL_ResetPort        0x801'a5b7    0x18  Code  Gb  usbh_conf.o [1]
USBH_LL_SetTimer         0x801'bc53     0x6  Code  Gb  usbh_core.o [1]
USBH_LL_SetToggle        0x801'a68d    0x38  Code  Gb  usbh_conf.o [1]
USBH_LL_Start            0x801'a55d    0x18  Code  Gb  usbh_conf.o [1]
USBH_LL_Stop             0x801'a575    0x18  Code  Gb  usbh_conf.o [1]
USBH_LL_SubmitURB        0x801'a627    0x3c  Code  Gb  usbh_conf.o [1]
USBH_MSC_BOT_Abort       0x802'3b55    0x30  Code  Lc  usbh_msc_bot.o [1]
USBH_MSC_BOT_Init        0x802'388f    0x22  Code  Gb  usbh_msc_bot.o [1]
USBH_MSC_BOT_Process     0x802'38b1   0x2a4  Code  Gb  usbh_msc_bot.o [1]
USBH_MSC_BOT_REQ_GetMaxLUN
                         0x802'3871    0x1e  Code  Gb  usbh_msc_bot.o [1]
USBH_MSC_BOT_REQ_Reset   0x802'3851    0x20  Code  Gb  usbh_msc_bot.o [1]
USBH_MSC_ClassRequest    0x802'316f    0x90  Code  Lc  usbh_msc.o [1]
USBH_MSC_DecodeCSW       0x802'3b85    0x54  Code  Lc  usbh_msc_bot.o [1]
USBH_MSC_GetLUNInfo      0x802'36eb    0x2e  Code  Gb  usbh_msc.o [1]
USBH_MSC_InterfaceDeInit
                         0x802'3111    0x5e  Code  Lc  usbh_msc.o [1]
USBH_MSC_InterfaceInit   0x802'2f9d   0x174  Code  Lc  usbh_msc.o [1]
USBH_MSC_Process         0x802'31ff   0x380  Code  Lc  usbh_msc.o [1]
USBH_MSC_RdWrProcess     0x802'3583   0x140  Code  Lc  usbh_msc.o [1]
USBH_MSC_Read            0x802'3719    0x9c  Code  Gb  usbh_msc.o [1]
USBH_MSC_SCSI_Inquiry    0x802'3cef   0x100  Code  Gb  usbh_msc_scsi.o [1]
USBH_MSC_SCSI_Read       0x802'3f37    0x9c  Code  Gb  usbh_msc_scsi.o [1]
USBH_MSC_SCSI_ReadCapacity
                         0x802'3c49    0xa6  Code  Gb  usbh_msc_scsi.o [1]
USBH_MSC_SCSI_RequestSense
                         0x802'3def    0xac  Code  Gb  usbh_msc_scsi.o [1]
USBH_MSC_SCSI_TestUnitReady
                         0x802'3be9    0x60  Code  Gb  usbh_msc_scsi.o [1]
USBH_MSC_SCSI_Write      0x802'3e9b    0x9c  Code  Gb  usbh_msc_scsi.o [1]
USBH_MSC_SOFProcess      0x802'357f     0x4  Code  Lc  usbh_msc.o [1]
USBH_MSC_UnitIsReady     0x802'36c3    0x28  Code  Gb  usbh_msc.o [1]
USBH_MSC_Write           0x802'37b5    0x9c  Code  Gb  usbh_msc.o [1]
USBH_OpenPipe            0x801'c47f    0x24  Code  Gb  usbh_pipes.o [1]
USBH_ParseCfgDesc        0x801'c71b    0xd0  Code  Lc  usbh_ctlreq.o [1]
USBH_ParseDevDesc        0x801'c6bf    0x5c  Code  Lc  usbh_ctlreq.o [1]
USBH_ParseEPDesc         0x801'c811    0x20  Code  Lc  usbh_ctlreq.o [1]
USBH_ParseInterfaceDesc
                         0x801'c7eb    0x26  Code  Lc  usbh_ctlreq.o [1]
USBH_ParseStringDesc     0x801'c831    0x40  Code  Lc  usbh_ctlreq.o [1]
USBH_Process             0x801'b6bd   0x2d8  Code  Gb  usbh_core.o [1]
USBH_RegisterClass       0x801'b5f3    0x2e  Code  Gb  usbh_core.o [1]
USBH_SelectInterface     0x801'b621    0x20  Code  Gb  usbh_core.o [1]
USBH_SetAddress          0x801'c629    0x26  Code  Gb  usbh_ctlreq.o [1]
USBH_SetCfg              0x801'c64f    0x24  Code  Gb  usbh_ctlreq.o [1]
USBH_SetFeature          0x801'c673    0x26  Code  Gb  usbh_ctlreq.o [1]
USBH_Start               0x801'b6a7    0x16  Code  Gb  usbh_core.o [1]
USBH_UserProcess         0x801'e995    0x3a  Code  Lc  usb_host.o [1]
USBH_initialize          0x802'487d     0x4  Code  Gb  usbh_diskio.o [1]
USBH_ioctl               0x802'4937    0x86  Code  Gb  usbh_diskio.o [1]
USBH_msc                0x2000'0048    0x20  Data  Gb  usbh_msc.o [1]
USBH_read                0x802'489d    0x48  Code  Gb  usbh_diskio.o [1]
USBH_status              0x802'4881    0x1c  Code  Gb  usbh_diskio.o [1]
USBH_write               0x802'48e5    0x52  Code  Gb  usbh_diskio.o [1]
USB_CoreInit             0x801'a72d    0x80  Code  Gb  stm32f4xx_ll_usb.o [1]
USB_CoreReset            0x801'a8af    0x32  Code  Lc  stm32f4xx_ll_usb.o [1]
USB_DisableGlobalInt     0x801'a7b9     0xc  Code  Gb  stm32f4xx_ll_usb.o [1]
USB_DoPing               0x801'aff7    0x3c  Code  Gb  stm32f4xx_ll_usb.o [1]
USB_DriveVbus            0x801'aa7b    0x4e  Code  Gb  stm32f4xx_ll_usb.o [1]
USB_EnableGlobalInt      0x801'a7ad     0xc  Code  Gb  stm32f4xx_ll_usb.o [1]
USB_FlushRxFifo          0x801'a81f    0x1e  Code  Gb  stm32f4xx_ll_usb.o [1]
USB_FlushTxFifo          0x801'a7fd    0x22  Code  Gb  stm32f4xx_ll_usb.o [1]
USB_GetCurrentFrame      0x801'aae1     0xa  Code  Gb  stm32f4xx_ll_usb.o [1]
USB_GetHostSpeed         0x801'aac9    0x18  Code  Gb  stm32f4xx_ll_usb.o [1]
USB_GetMode              0x801'a8a7     0x8  Code  Gb  stm32f4xx_ll_usb.o [1]
USB_HC_Halt              0x801'ae95   0x162  Code  Gb  stm32f4xx_ll_usb.o [1]
USB_HC_Init              0x801'aaeb   0x1de  Code  Gb  stm32f4xx_ll_usb.o [1]
USB_HC_ReadInterrupt     0x801'ae8b     0xa  Code  Gb  stm32f4xx_ll_usb.o [1]
USB_HC_StartXfer         0x801'acc9   0x1c2  Code  Gb  stm32f4xx_ll_usb.o [1]
USB_HC_StartXfer::tmpreg
                        0x2000'425c     0x4  Data  Lc  stm32f4xx_ll_usb.o [1]
USB_HOST_Init            0x801'e951    0x38  Code  Gb  usb_host.o [1]
USB_HOST_Process         0x801'e989     0xa  Code  Gb  usb_host.o [1]
USB_HOST_VbusFS          0x801'c405    0x20  Code  Gb  usbh_platform.o [1]
USB_HostInit             0x801'a8e9   0x102  Code  Gb  stm32f4xx_ll_usb.o [1]
USB_InitFSLSPClkSel      0x801'a9ed    0x4e  Code  Gb  stm32f4xx_ll_usb.o [1]
USB_ReadInterrupts       0x801'a89d     0xa  Code  Gb  stm32f4xx_ll_usb.o [1]
USB_ReadPacket           0x801'a879    0x24  Code  Gb  stm32f4xx_ll_usb.o [1]
USB_ResetPort            0x801'aa3b    0x40  Code  Gb  stm32f4xx_ll_usb.o [1]
USB_SetCurrentMode       0x801'a7c5    0x38  Code  Gb  stm32f4xx_ll_usb.o [1]
USB_StopHost             0x801'b051    0xa0  Code  Gb  stm32f4xx_ll_usb.o [1]
USB_WritePacket          0x801'a841    0x38  Code  Gb  stm32f4xx_ll_usb.o [1]
UTF8toANSI(char *)       0x801'e9dd    0x3a  Code  Gb  unicode_utils.o [1]
UTF8toUnicode(char *)    0x801'ea21    0x44  Code  Gb  unicode_utils.o [1]
UnicodeToANSI(unsigned short)
                         0x801'ea65    0x34  Code  Gb  unicode_utils.o [1]
UnicodeToANSI_Str(char *, unsigned short *, unsigned short)
                         0x801'ea99    0x5c  Code  Gb  unicode_utils.o [1]
UsageFault_Handler       0x802'5331     0x2  Code  Gb  stm32f4xx_it.o [1]
UsbFS                   0x2000'00f0  0x1038  Data  Gb  fatfs.o [1]
UsbMounted              0x2000'427d     0x1  Data  Gb  main.o [1]
UsbPath                 0x2000'4234     0x8  Data  Gb  fatfs.o [1]
_Encoding_8859_1_Mbrlen
                         0x801'b1e9     0x2  Code  Gb  xencoding_8859_1.o [2]
_Encoding_8859_1_Wctomb
                         0x801'b1d7    0x12  Code  Gb  xencoding_8859_1.o [2]
_GenldFull               0x802'1009   0x274  Code  Lc  xprintffull.o [2]
_LdtobFull               0x802'0c05   0x3d6  Code  Lc  xprintffull.o [2]
_LitobFull               0x802'0ab5   0x10a  Code  Lc  xprintffull.o [2]
_Locale_lconv           0x2000'0068    0x38  Data  Lc  xlocale_c.o [2]
_PrintfFull              0x802'03e9   0x1aa  Code  Gb  xprintffull.o [2]
_PutcharsFull            0x802'127d    0x2e  Code  Lc  xprintffull.o [2]
_PutfldFull              0x802'0625   0x2d4  Code  Lc  xprintffull.o [2]
_PutstrFull              0x802'09ef    0xc6  Code  Lc  xprintffull.o [2]
_PuttxtFull              0x802'08f9    0xf6  Code  Lc  xprintffull.o [2]
_SProut                  0x801'bcdb     0xa  Code  Gb  xsprout.o [2]
__NVIC_EnableIRQ         0x801'b435    0x1c  Code  Lc  stm32f4xx_hal_cortex.o [1]
__NVIC_GetPriorityGrouping
                         0x801'b42b     0xa  Code  Lc  stm32f4xx_hal_cortex.o [1]
__NVIC_SetPriority       0x801'b451    0x24  Code  Lc  stm32f4xx_hal_cortex.o [1]
__NVIC_SetPriorityGrouping
                         0x801'b411    0x1a  Code  Lc  stm32f4xx_hal_cortex.o [1]
___spifl_wait_cs         0x801'ffdf    0x20  Code  Gb  spi_flash.o [1]
__aeabi_cdcmple          0x802'193d          Code  Gb  DblCmpLe.o [3]
__aeabi_cdrcmple         0x802'196d          Code  Gb  DblCmpGe.o [3]
__aeabi_d2iz             0x802'1ad9          Code  Gb  DblToS32.o [3]
__aeabi_d2uiz            0x802'1e65          Code  Gb  DblToU32.o [3]
__aeabi_ddiv             0x802'1c1d          Code  Gb  DblDiv.o [3]
__aeabi_dmul             0x802'1729          Code  Gb  DblMul.o [3]
__aeabi_dsub             0x802'1b39          Code  Gb  DblSub.o [3]
__aeabi_i2d              0x802'1b15          Code  Gb  S32ToDbl.o [3]
__aeabi_memclr4          0x801'b1d1          Code  Gb  ABImemclr4.o [4]
__aeabi_memcpy           0x801'b0f1          Code  Gb  ABImemcpy.o [4]
__aeabi_memcpy4          0x801'b111          Code  Gb  ABImemcpy.o [4]
__aeabi_memcpy8          0x801'b111          Code  Gb  ABImemcpy.o [4]
__aeabi_memset           0x801'ebdd          Code  Gb  ABImemset.o [4]
__aeabi_ui2d             0x802'1e8d          Code  Gb  U32ToDbl.o [3]
__aeabi_uldivmod         0x802'1331          Code  Gb  I64DivMod.o [4]
__cmain                  0x802'5629          Code  Gb  cmain.o [4]
__data_GetMemChunk       0x801'82cd    0x2c  Code  Gb  xgetmemchunk.o [2]
__data_GetMemChunk::start
                        0x2000'426c     0x4  Data  Lc  xgetmemchunk.o [2]
__exit                   0x801'82f9    0x14  Code  Gb  exit.o [5]
__iar_Fail_s             0x802'164d    0x1c  Code  Gb  xfail_s.o [2]
__iar_Mbcurmax           0x802'171d     0xa  Code  Gb  xmbcurmax.o [2]
__iar_Memchr             0x802'16c5          Code  Gb  memchr.o [4]
__iar_Memset             0x801'ebdd          Code  Gb  ABImemset.o [4]
__iar_Memset4_word       0x801'c44d          Code  Gb  ABImemset48.o [4]
__iar_Memset8_word       0x801'c44d          Code  Gb  ABImemset48.o [4]
__iar_Memset_word        0x801'ebe5          Code  Gb  ABImemset.o [4]
__iar_Strchr             0x802'1635          Code  Gb  strchr.o [4]
__iar_dadd               0x802'1b49          Code  Gb  DblSub.o [3]
__iar_data_init3         0x802'5535    0x28  Code  Gb  data_init.o [4]
__iar_debug_exceptions   0x801'c402     0x1  Data  Gb  unwind_debug.o [5]
__iar_dlfree             0x801'7d4b   0x4f6  Code  Gb  dlmalloc.o [2]
__iar_dlmalloc           0x801'7a95   0x2b6  Code  Gb  dlmalloc.o [2]
__iar_dsub               0x802'1f8d          Code  Gb  DblAdd.o [3]
__iar_dsubStart          0x802'1f9f          Code  Gb  DblAdd.o [3]
__iar_frexp              0x802'18d9          Code  Gb  frexp.o [3]
__iar_frexpl             0x802'18d9          Code  Gb  frexp.o [3]
__iar_globLocale        0x2000'00a0    0x48  Data  Lc  xlocale_c.o [2]
__iar_global_Locale      0x802'15bd     0x4  Code  Gb  xlocale_c.o [2]
__iar_init_vfp           0x802'55a5          Code  Gb  fpinit_M.o [3]
__iar_ldexp64            0x802'199d          Code  Gb  ldexp.o [3]
__iar_lz77_init_single3
                         0x801'8253    0x7a  Code  Gb  lz77_init_single.o [4]
__iar_program_start      0x802'580d          Code  Gb  cstartup_M.o [4]
__iar_scalbln64          0x802'199d          Code  Gb  ldexp.o [3]
__iar_scalbn64           0x802'199d          Code  Gb  ldexp.o [3]
__iar_softfp___iar_frexp64
                         0x802'18cd          Code  Gb  frexp.o [3]
__iar_softfp_frexp       0x802'18cd          Code  Gb  frexp.o [3]
__iar_softfp_frexpl      0x802'18cd          Code  Gb  frexp.o [3]
__iar_zero_init3         0x801'b197    0x3a  Code  Gb  zero_init3.o [4]
__low_level_init         0x802'5647     0x4  Code  Gb  low_level_init.o [2]
__vector_table           0x801'0000          Data  Gb  startup_stm32f407xx.o [1]
_call_main               0x802'5635          Code  Gb  cmain.o [4]
_exit                    0x802'5651          Code  Gb  cexit.o [4]
_flash_SPIGetFlags       0x801'dd1f     0xa  Code  Gb  fst_spi.o [1]
_gLocale_mblen           0x802'1621     0x4  Code  Gb  xlocale_c.o [2]
_gLocale_mblenInt        0x802'15e5    0x2c  Code  Gb  xlocale_c.o [2]
_gLocale_wctomb          0x802'1625     0x4  Code  Gb  xlocale_c.o [2]
_gLocale_wctombInt       0x802'161d     0x4  Code  Gb  xlocale_c.o [2]
_gm_                    0x2000'3a20   0x1d8  Data  Lc  dlmalloc.o [2]
_lcdui_FillCircle_helper(short, short, short, unsigned char, short)
                         0x801'd2a7    0xc4  Code  Gb  lcd_ui.o [1]
_lcdui_GetCharData(char)
                         0x801'd56f    0x8c  Code  Gb  lcd_ui.o [1]
_lcdui_GetCharWidth(char)
                         0x801'd51f    0x50  Code  Gb  lcd_ui.o [1]
_main                    0x802'5643          Code  Gb  cmain.o [4]
_spifl_WaitBusy          0x801'e019    0x4a  Code  Gb  spi_flash.o [1]
_spifl_WriteEnable       0x801'e063    0x2c  Code  Gb  spi_flash.o [1]
_spifl_bust_counts      0x2000'4250     0x4  Data  Gb  spi_flash.o [1]
_spifl_info             0x2000'4228     0xc  Data  Gb  spi_flash.o [1]
_tgui_DefaultButtonPaint(void *, void *)
                         0x802'02b9    0x90  Code  Gb  tgui_defaultfuncs.o [1]
_tgui_DefaultScreenPaint(void *, void *)
                         0x802'0349    0x9e  Code  Gb  tgui_defaultfuncs.o [1]
_tgui_DrawFileCimgBackground(char *)
                         0x802'00d1   0x1d2  Code  Gb  tgui_defaultfuncs.o [1]
_tgui_DrawStringInRect(char *, TGUI_RECT *, TGUI_TEXTOPTIONS *)
                         0x802'0001    0xd0  Code  Gb  tgui_defaultfuncs.o [1]
_touch_ReadCoords        0x801'e31d    0xc8  Code  Gb  touch.o [1]
_touch_RefreshState      0x801'e3e5    0xc0  Code  Gb  touch.o [1]
abort                    0x801'824d     0x6  Code  Gb  abort.o [2]
add_segment              0x801'7135   0x1f2  Code  Lc  dlmalloc.o [2]
cfname                  0x2000'2960   0x400  Data  Gb  main.o [1]
check_fs                 0x801'1635    0x76  Code  Lc  ff.o [1]
chk_chr                  0x801'020f    0x14  Code  Lc  ff.o [1]
clst2sect                0x801'0403    0x1a  Code  Lc  ff.o [1]
cmp_lfn                  0x801'0afd    0xa0  Code  Lc  ff.o [1]
create_chain             0x801'0711   0x130  Code  Lc  ff.o [1]
create_name              0x801'12c1   0x286  Code  Lc  ff.o [1]
create_partition         0x801'241b   0x1a8  Code  Lc  ff.o [1]
d                       0x2000'4254     0x4  Data  Gb  spi_flash.o [1]
dbc_1st                  0x801'0223     0xe  Code  Lc  ff.o [1]
dbc_2nd                  0x801'0231     0xe  Code  Lc  ff.o [1]
dir                     0x2000'4154    0x34  Data  Gb  main.o [1]
dir_alloc                0x801'0a49    0x64  Code  Lc  ff.o [1]
dir_clear                0x801'0841    0x64  Code  Lc  ff.o [1]
dir_find                 0x801'0e7b   0x118  Code  Lc  ff.o [1]
dir_next                 0x801'0957    0xf2  Code  Lc  ff.o [1]
dir_read                 0x801'0d7b   0x100  Code  Lc  ff.o [1]
dir_register             0x801'0f93   0x166  Code  Lc  ff.o [1]
dir_sdi                  0x801'08a5    0xb2  Code  Lc  ff.o [1]
disk                    0x2000'4208    0x10  Data  Gb  ff_gen_drv.o [1]
disk_initialize          0x801'2ca7    0x32  Code  Gb  diskio.o [1]
disk_ioctl               0x801'2d15    0x20  Code  Gb  diskio.o [1]
disk_read                0x801'2cd9    0x1e  Code  Gb  diskio.o [1]
disk_status              0x801'2c89    0x1e  Code  Gb  diskio.o [1]
disk_write               0x801'2cf7    0x1e  Code  Gb  diskio.o [1]
exit                     0x802'564b     0x4  Code  Gb  exit.o [2]
f_close                  0x801'2147    0x2a  Code  Gb  ff.o [1]
f_closedir               0x801'23a3    0x1c  Code  Gb  ff.o [1]
f_lseek                  0x801'2171   0x1aa  Code  Gb  ff.o [1]
f_mkfs                   0x801'25c3   0x692  Code  Gb  ff.o [1]
f_mkfs::cst              0x802'5730    0x10  Data  Lc  ff.o [1]
f_mkfs::cst32            0x802'5740    0x10  Data  Lc  ff.o [1]
f_mkfs::defopt           0x802'5750    0x10  Data  Lc  ff.o [1]
f_mount                  0x801'1a2b    0x54  Code  Gb  ff.o [1]
f_open                   0x801'1aa9   0x21a  Code  Gb  ff.o [1]
f_opendir                0x801'231b    0x88  Code  Gb  ff.o [1]
f_read                   0x801'1cc3   0x1cc  Code  Gb  ff.o [1]
f_readdir                0x801'23bf    0x5c  Code  Gb  ff.o [1]
f_sync                   0x801'20a7    0xa0  Code  Gb  ff.o [1]
f_write                  0x801'1e8f   0x218  Code  Gb  ff.o [1]
fbuff                   0x1000'0000  0x2000  Data  Gb  main.o [1]
ff_oem2uni               0x801'2d7f    0x3a  Code  Gb  ffunicode.o [1]
ff_uni2oem               0x801'2d39    0x46  Code  Gb  ffunicode.o [1]
ff_wtoupper              0x801'2db9    0xb6  Code  Gb  ffunicode.o [1]
ff_wtoupper::cvt1        0x802'4688   0x1f4  Data  Lc  ffunicode.o [1]
ff_wtoupper::cvt2        0x802'51ec    0xbc  Data  Lc  ffunicode.o [1]
find_volume              0x801'16b1    0x6c  Code  Lc  ff.o [1]
finfo                   0x2000'33fc   0x224  Data  Gb  main.o [1]
fnt12_data               0x802'3fd4   0x6b4  Data  Gb  fnt12.o [1]
fnt12_width              0x802'49c0   0x140  Data  Gb  fnt12.o [1]
fnt18_data               0x802'20f8   0xea4  Data  Gb  fnt18.o [1]
fnt18_width              0x802'4b00   0x140  Data  Gb  fnt18.o [1]
fnt18bold_data           0x801'830c  0x10c8  Data  Gb  fnt18bold.o [1]
fnt18bold_width          0x802'4c40   0x140  Data  Gb  fnt18bold.o [1]
fnt24_data               0x801'5410  0x195c  Data  Gb  fnt24.o [1]
fnt24_width              0x802'4d80   0x140  Data  Gb  fnt24.o [1]
fnt24bold_data           0x801'337c  0x2094  Data  Gb  fnt24bold.o [1]
fnt24bold_width          0x802'4ec0   0x140  Data  Gb  fnt24bold.o [1]
follow_path              0x801'154d    0x9a  Code  Lc  ff.o [1]
font_fnt12              0x2000'0000     0xc  Data  Gb  fnt12.o [1]
font_fnt18              0x2000'000c     0xc  Data  Gb  fnt18.o [1]
font_fnt18bold          0x2000'0018     0xc  Data  Gb  fnt18bold.o [1]
font_fnt24              0x2000'0024     0xc  Data  Gb  fnt24.o [1]
font_fnt24bold          0x2000'0030     0xc  Data  Gb  fnt24bold.o [1]
free                     0x802'3be5     0x4  Code  Gb  heaptramp0.o [2]
gen_numname              0x801'0cb9    0xa2  Code  Lc  ff.o [1]
get_fat                  0x801'041d   0x10a  Code  Lc  ff.o [1]
get_fattime              0x801'2e99    0x50  Code  Gb  fatfs.o [1]
get_fileinfo             0x801'10f9   0x1c8  Code  Lc  ff.o [1]
get_ldnumber             0x801'15e7    0x4e  Code  Lc  ff.o [1]
hFlashSpi               0x2000'3e44    0x80  Data  Gb  fst_spi.o [1]
hFlashSpiDmaRx          0x2000'3fe4    0x60  Data  Gb  fst_spi.o [1]
hFlashSpiDmaTx          0x2000'4044    0x60  Data  Gb  fst_spi.o [1]
hLcdDma                 0x2000'40a4    0x60  Data  Gb  lcd_low.o [1]
hRTC                    0x2000'41b4    0x20  Data  Gb  rtc.o [1]
hTouchSpi               0x2000'3dc4    0x80  Data  Gb  fst_spi.o [1]
hTouchSpiDmaRx          0x2000'3ec4    0x60  Data  Gb  fst_spi.o [1]
hTouchSpiDmaTx          0x2000'3f24    0x60  Data  Gb  fst_spi.o [1]
hUsbHost                0x2000'2d60   0x3d8  Data  Gb  usb_host.o [1]
hhcd_USB_OTG_FS         0x2000'3138   0x2c4  Data  Gb  usbh_conf.o [1]
hsram1                  0x2000'4104    0x50  Data  Gb  fsmc.o [1]
init_mparams             0x801'6d87    0x32  Code  Lc  dlmalloc.o [2]
init_top                 0x801'6db9    0x36  Code  Lc  dlmalloc.o [2]
lcdui_bgcolor           0x2000'4278     0x2  Data  Gb  lcd_ui.o [1]
lcdui_color             0x2000'00ec     0x2  Data  Gb  lcd_ui.o [1]
lcdui_current_font      0x2000'003c     0x4  Data  Gb  lcd_ui.o [1]
lcdui_current_font_type
                        0x2000'00ee     0x1  Data  Gb  lcd_ui.o [1]
lcdui_cursor_x          0x2000'4274     0x2  Data  Gb  lcd_ui.o [1]
lcdui_cursor_y          0x2000'4276     0x2  Data  Gb  lcd_ui.o [1]
lcdui_height            0x2000'00ea     0x2  Data  Gb  lcd_ui.o [1]
lcdui_width             0x2000'00e8     0x2  Data  Gb  lcd_ui.o [1]
ld_clust                 0x801'0aad    0x26  Code  Lc  ff.o [1]
ld_dword                 0x801'0195    0x16  Code  Lc  ff.o [1]
ld_word                  0x801'0189     0xc  Code  Lc  ff.o [1]
ldexp                    0x802'199d          Code  Gb  ldexp.o [3]
ldexpl                   0x802'199d          Code  Gb  ldexp.o [3]
localeconv               0x802'1629     0x4  Code  Gb  xlocale_c.o [2]
main                     0x801'bce5   0x596  Code  Gb  main.o [1]
mem_cmp                  0x801'01f1    0x1e  Code  Lc  ff.o [1]
mem_cpy                  0x801'01d1    0x14  Code  Lc  ff.o [1]
mem_set                  0x801'01e5     0xc  Code  Lc  ff.o [1]
memchr                   0x802'16c5          Code  Gb  memchr.o [4]
mount_volume             0x801'171d   0x2c6  Code  Lc  ff.o [1]
move_window              0x801'0331    0x3e  Code  Lc  ff.o [1]
mparams                 0x2000'41f0    0x18  Data  Lc  dlmalloc.o [2]
msg                     0x2000'3820   0x200  Data  Gb  main.o [1]
pick_lfn                 0x801'0b9d    0x90  Code  Lc  ff.o [1]
prepend_alloc            0x801'6def   0x346  Code  Lc  dlmalloc.o [2]
put_fat                  0x801'0527   0x15c  Code  Lc  ff.o [1]
put_lfn                  0x801'0c2d    0x84  Code  Lc  ff.o [1]
put_utf                  0x801'0285    0x5c  Code  Lc  ff.o [1]
remove_chain             0x801'0683    0x8e  Code  Lc  ff.o [1]
retSPIFL                0x2000'427b     0x1  Data  Gb  fatfs.o [1]
retUSBH                 0x2000'427a     0x1  Data  Gb  fatfs.o [1]
s_tfname                0x2000'2560   0x400  Data  Gb  main.o [1]
scalbln                  0x802'199d          Code  Gb  ldexp.o [3]
scalblnl                 0x802'199d          Code  Gb  ldexp.o [3]
scalbn                   0x802'199d          Code  Gb  ldexp.o [3]
scalbnl                  0x802'199d          Code  Gb  ldexp.o [3]
scale                    0x802'0bbf    0x46  Code  Lc  xprintffull.o [2]
sec_hand                0x2000'4268     0x4  Data  Lc  xfail_s.o [2]
segment_holding          0x801'6d6d    0x1a  Code  Lc  dlmalloc.o [2]
sfile                   0x1000'3028  0x1028  Data  Gb  main.o [1]
sprintf                  0x801'eb9d    0x40  Code  Gb  sprintf.o [2]
srvMode                 0x2000'427f     0x1  Data  Gb  main.o [1]
st_clust                 0x801'0ad3    0x2a  Code  Lc  ff.o [1]
st_dword                 0x801'01b9    0x18  Code  Lc  ff.o [1]
st_word                  0x801'01ab     0xe  Code  Lc  ff.o [1]
strchr                   0x802'1635          Code  Gb  strchr.o [4]
strcmp                   0x801'eb89          Code  Gb  strcmp.o [4]
strlen                   0x802'168d          Code  Gb  strlen.o [4]
sum_sfn                  0x801'0d5b    0x20  Code  Lc  ff.o [1]
sync_fs                  0x801'036f    0x94  Code  Lc  ff.o [1]
sync_window              0x801'02e1    0x50  Code  Lc  ff.o [1]
sys_alloc                0x801'732d   0x164  Code  Lc  dlmalloc.o [2]
sys_trim                 0x801'7491    0x64  Code  Lc  dlmalloc.o [2]
tchar2uni                0x801'023f    0x46  Code  Lc  ff.o [1]
tfname                  0x1000'5078   0x400  Data  Gb  tgui.o [1]
tguiActiveScreen        0x2000'4260     0x4  Data  Gb  tgui.o [1]
tguiDBuff               0x2000'4284  0x2000  Data  Gb  tgui.o [1]
tguiDefaultConfig       0x2000'41d4    0x1c  Data  Gb  tgui.o [1]
tguiFBuff               0x2000'6284   0x800  Data  Gb  tgui.o [1]
tguiFile                0x1000'4050  0x1028  Data  Gb  tgui.o [1]
tguiMainScrButtons      0x2000'3cf8    0xcc  Data  Gb  tgui.o [1]
tguiScreenMain          0x2000'4188    0x2c  Data  Gb  tgui.o [1]
tmalloc_large            0x801'7501   0x386  Code  Lc  dlmalloc.o [2]
tmalloc_small            0x801'7887   0x200  Code  Lc  dlmalloc.o [2]
touchState              0x2000'427e     0x1  Data  Gb  main.o [1]
touch_buff              0x2000'3f84    0x60  Data  Gb  fst_spi.o [1]
touch_info              0x2000'4218    0x10  Data  Gb  touch.o [1]
touch_point             0x2000'4264     0x4  Data  Gb  touch.o [1]
tstrcat(unsigned short *, unsigned short *)
                         0x801'eb17    0x2c  Code  Gb  unicode_utils.o [1]
tstrcat_utf(unsigned short *, char *)
                         0x801'eb43    0x44  Code  Gb  unicode_utils.o [1]
tstrcpy(unsigned short *, unsigned short *)
                         0x801'eaf5    0x22  Code  Gb  unicode_utils.o [1]
u_tfname                0x2000'2160   0x400  Data  Gb  main.o [1]
uc866                    0x802'5000   0x100  Data  Lc  ffunicode.o [1]
ufile                   0x1000'2000  0x1028  Data  Gb  main.o [1]
uwTick                  0x2000'4258     0x4  Data  Gb  stm32f4xx_hal.o [1]
uwTickFreq              0x2000'00ef     0x1  Data  Gb  stm32f4xx_hal.o [1]
uwTickPrio              0x2000'0040     0x4  Data  Gb  stm32f4xx_hal.o [1]
validate                 0x801'19e3    0x48  Code  Lc  ff.o [1]


[1] = D:\Electronics\Projects\MKS_DLP_new\SRC\firmware\MKS_DLP_new_debug\Obj
[2] = dl7M_tlf.a
[3] = m7M_tls.a
[4] = rt7M_tl.a
[5] = shb_l.a

  59 851 bytes of readonly  code memory
  28 483 bytes of readonly  data memory
  73 465 bytes of readwrite data memory

Errors: none
Warnings: none
