###############################################################################
#
# IAR ELF Linker V8.32.1.169/W32 for ARM                  24/Jul/2020  08:23:39
# Copyright 2007-2018 IAR Systems AB.
#
#    Output file  =  
#        D:\Electronics\Projects\MKS_DLP_new\SRC\firmware\MKS_DLP_new_debug\Exe\MKS_DLP_new.out
#    Map file     =  
#        D:\Electronics\Projects\MKS_DLP_new\SRC\firmware\MKS_DLP_new_debug\List\MKS_DLP_new.map
#    Command line =  
#        -f C:\Temp\EW3685.tmp
#        (D:\Electronics\Projects\MKS_DLP_new\SRC\firmware\MKS_DLP_new_debug\Obj\diskio.o
#        D:\Electronics\Projects\MKS_DLP_new\SRC\firmware\MKS_DLP_new_debug\Obj\fatfs.o
#        D:\Electronics\Projects\MKS_DLP_new\SRC\firmware\MKS_DLP_new_debug\Obj\ff.o
#        D:\Electronics\Projects\MKS_DLP_new\SRC\firmware\MKS_DLP_new_debug\Obj\ff_gen_drv.o
#        D:\Electronics\Projects\MKS_DLP_new\SRC\firmware\MKS_DLP_new_debug\Obj\ffsystem.o
#        D:\Electronics\Projects\MKS_DLP_new\SRC\firmware\MKS_DLP_new_debug\Obj\ffunicode.o
#        D:\Electronics\Projects\MKS_DLP_new\SRC\firmware\MKS_DLP_new_debug\Obj\fnt12.o
#        D:\Electronics\Projects\MKS_DLP_new\SRC\firmware\MKS_DLP_new_debug\Obj\fnt18.o
#        D:\Electronics\Projects\MKS_DLP_new\SRC\firmware\MKS_DLP_new_debug\Obj\fnt18bold.o
#        D:\Electronics\Projects\MKS_DLP_new\SRC\firmware\MKS_DLP_new_debug\Obj\fnt24.o
#        D:\Electronics\Projects\MKS_DLP_new\SRC\firmware\MKS_DLP_new_debug\Obj\fnt24bold.o
#        D:\Electronics\Projects\MKS_DLP_new\SRC\firmware\MKS_DLP_new_debug\Obj\fsmc.o
#        D:\Electronics\Projects\MKS_DLP_new\SRC\firmware\MKS_DLP_new_debug\Obj\gpio.o
#        D:\Electronics\Projects\MKS_DLP_new\SRC\firmware\MKS_DLP_new_debug\Obj\lcd_low.o
#        D:\Electronics\Projects\MKS_DLP_new\SRC\firmware\MKS_DLP_new_debug\Obj\lcd_ui.o
#        D:\Electronics\Projects\MKS_DLP_new\SRC\firmware\MKS_DLP_new_debug\Obj\main.o
#        D:\Electronics\Projects\MKS_DLP_new\SRC\firmware\MKS_DLP_new_debug\Obj\rtc.o
#        D:\Electronics\Projects\MKS_DLP_new\SRC\firmware\MKS_DLP_new_debug\Obj\startup_stm32f407xx.o
#        D:\Electronics\Projects\MKS_DLP_new\SRC\firmware\MKS_DLP_new_debug\Obj\stm32f4xx_hal.o
#        D:\Electronics\Projects\MKS_DLP_new\SRC\firmware\MKS_DLP_new_debug\Obj\stm32f4xx_hal_cortex.o
#        D:\Electronics\Projects\MKS_DLP_new\SRC\firmware\MKS_DLP_new_debug\Obj\stm32f4xx_hal_dma.o
#        D:\Electronics\Projects\MKS_DLP_new\SRC\firmware\MKS_DLP_new_debug\Obj\stm32f4xx_hal_dma_ex.o
#        D:\Electronics\Projects\MKS_DLP_new\SRC\firmware\MKS_DLP_new_debug\Obj\stm32f4xx_hal_exti.o
#        D:\Electronics\Projects\MKS_DLP_new\SRC\firmware\MKS_DLP_new_debug\Obj\stm32f4xx_hal_flash.o
#        D:\Electronics\Projects\MKS_DLP_new\SRC\firmware\MKS_DLP_new_debug\Obj\stm32f4xx_hal_flash_ex.o
#        D:\Electronics\Projects\MKS_DLP_new\SRC\firmware\MKS_DLP_new_debug\Obj\stm32f4xx_hal_flash_ramfunc.o
#        D:\Electronics\Projects\MKS_DLP_new\SRC\firmware\MKS_DLP_new_debug\Obj\stm32f4xx_hal_gpio.o
#        D:\Electronics\Projects\MKS_DLP_new\SRC\firmware\MKS_DLP_new_debug\Obj\stm32f4xx_hal_hcd.o
#        D:\Electronics\Projects\MKS_DLP_new\SRC\firmware\MKS_DLP_new_debug\Obj\stm32f4xx_hal_msp.o
#        D:\Electronics\Projects\MKS_DLP_new\SRC\firmware\MKS_DLP_new_debug\Obj\stm32f4xx_hal_pwr.o
#        D:\Electronics\Projects\MKS_DLP_new\SRC\firmware\MKS_DLP_new_debug\Obj\stm32f4xx_hal_pwr_ex.o
#        D:\Electronics\Projects\MKS_DLP_new\SRC\firmware\MKS_DLP_new_debug\Obj\stm32f4xx_hal_rcc.o
#        D:\Electronics\Projects\MKS_DLP_new\SRC\firmware\MKS_DLP_new_debug\Obj\stm32f4xx_hal_rcc_ex.o
#        D:\Electronics\Projects\MKS_DLP_new\SRC\firmware\MKS_DLP_new_debug\Obj\stm32f4xx_hal_rtc.o
#        D:\Electronics\Projects\MKS_DLP_new\SRC\firmware\MKS_DLP_new_debug\Obj\stm32f4xx_hal_rtc_ex.o
#        D:\Electronics\Projects\MKS_DLP_new\SRC\firmware\MKS_DLP_new_debug\Obj\stm32f4xx_hal_spi.o
#        D:\Electronics\Projects\MKS_DLP_new\SRC\firmware\MKS_DLP_new_debug\Obj\stm32f4xx_hal_sram.o
#        D:\Electronics\Projects\MKS_DLP_new\SRC\firmware\MKS_DLP_new_debug\Obj\stm32f4xx_hal_tim.o
#        D:\Electronics\Projects\MKS_DLP_new\SRC\firmware\MKS_DLP_new_debug\Obj\stm32f4xx_hal_tim_ex.o
#        D:\Electronics\Projects\MKS_DLP_new\SRC\firmware\MKS_DLP_new_debug\Obj\stm32f4xx_it.o
#        D:\Electronics\Projects\MKS_DLP_new\SRC\firmware\MKS_DLP_new_debug\Obj\stm32f4xx_ll_fsmc.o
#        D:\Electronics\Projects\MKS_DLP_new\SRC\firmware\MKS_DLP_new_debug\Obj\stm32f4xx_ll_usb.o
#        D:\Electronics\Projects\MKS_DLP_new\SRC\firmware\MKS_DLP_new_debug\Obj\sys_timer.o
#        D:\Electronics\Projects\MKS_DLP_new\SRC\firmware\MKS_DLP_new_debug\Obj\system_stm32f4xx.o
#        D:\Electronics\Projects\MKS_DLP_new\SRC\firmware\MKS_DLP_new_debug\Obj\touch_spi.o
#        D:\Electronics\Projects\MKS_DLP_new\SRC\firmware\MKS_DLP_new_debug\Obj\unicode_utils.o
#        D:\Electronics\Projects\MKS_DLP_new\SRC\firmware\MKS_DLP_new_debug\Obj\usb_host.o
#        D:\Electronics\Projects\MKS_DLP_new\SRC\firmware\MKS_DLP_new_debug\Obj\usbh_conf.o
#        D:\Electronics\Projects\MKS_DLP_new\SRC\firmware\MKS_DLP_new_debug\Obj\usbh_core.o
#        D:\Electronics\Projects\MKS_DLP_new\SRC\firmware\MKS_DLP_new_debug\Obj\usbh_ctlreq.o
#        D:\Electronics\Projects\MKS_DLP_new\SRC\firmware\MKS_DLP_new_debug\Obj\usbh_diskio.o
#        D:\Electronics\Projects\MKS_DLP_new\SRC\firmware\MKS_DLP_new_debug\Obj\usbh_ioreq.o
#        D:\Electronics\Projects\MKS_DLP_new\SRC\firmware\MKS_DLP_new_debug\Obj\usbh_msc.o
#        D:\Electronics\Projects\MKS_DLP_new\SRC\firmware\MKS_DLP_new_debug\Obj\usbh_msc_bot.o
#        D:\Electronics\Projects\MKS_DLP_new\SRC\firmware\MKS_DLP_new_debug\Obj\usbh_msc_scsi.o
#        D:\Electronics\Projects\MKS_DLP_new\SRC\firmware\MKS_DLP_new_debug\Obj\usbh_pipes.o
#        D:\Electronics\Projects\MKS_DLP_new\SRC\firmware\MKS_DLP_new_debug\Obj\usbh_platform.o
#        --redirect _Printf=_PrintfFull --redirect _Scanf=_ScanfFull
#        --no_out_extension -o
#        D:\Electronics\Projects\MKS_DLP_new\SRC\firmware\MKS_DLP_new_debug\Exe\MKS_DLP_new.out
#        --image_input=D:\Electronics\Projects\MKS_DLP_new\SRC\IMGS\original\logo1.bmp,TEST_BMP,readonly,8
#        --map
#        D:\Electronics\Projects\MKS_DLP_new\SRC\firmware\MKS_DLP_new_debug\List\MKS_DLP_new.map
#        --log libraries,call_graph --log_file
#        D:\Electronics\Projects\MKS_DLP_new\SRC\firmware\MKS_DLP_new_debug\List\MKS_DLP_new.log
#        --config
#        D:\Electronics\Projects\MKS_DLP_new\SRC\firmware/config/stm32f407xx_flash.icf
#        --semihosting --entry __iar_program_start --merge_duplicate_sections
#        --vfe --text_out locale)
#
###############################################################################

*******************************************************************************
*** RUNTIME MODEL ATTRIBUTES
***

CppFlavor        = *
__CPP_Exceptions = Disabled
__CPP_Language   = C++14
__Heap_Handler   = DLMalloc
__SystemLibrary  = DLib
__dlib_version   = 6


*******************************************************************************
*** HEAP SELECTION
***

The advanced heap was selected because the application calls memory
allocation functions outside of system library functions, and there
are calls to deallocation functions in the application.


*******************************************************************************
*** PLACEMENT SUMMARY
***

"A0":  place at 0x801'0000 { ro section .intvec };
"P1":  place in [from 0x801'0000 to 0x80f'ffff] { ro };
define block CSTACK with size = 8K, alignment = 8 { };
define block HEAP with size = 4K, alignment = 8 { };
"P2":  place in [from 0x2000'0000 to 0x2001'ffff] {
          rw, block CSTACK, block HEAP };
"P3":  place in [from 0x1000'0000 to 0x1000'ffff] { rw section CCMRAM };
initialize by copy { rw };

  Section            Kind         Address     Size  Object
  -------            ----         -------     ----  ------
"A0":                                        0x188
  .intvec            ro code   0x801'0000    0x188  startup_stm32f407xx.o [2]
                             - 0x801'0188    0x188

"P1":                                      0x13a3c
  .rodata            const     0x801'0188   0x2094  fnt24bold.o [2]
  .text              ro code   0x801'221c   0x1fb4  ff.o [2]
  .text              ro code   0x801'41d0     0xb0  diskio.o [2]
  .text              ro code   0x801'4280    0x144  ffunicode.o [2]
  .text              ro code   0x801'43c4     0x20  fatfs.o [2]
  .text              ro code   0x801'43e4     0x54  ff_gen_drv.o [2]
  .rodata            const     0x801'4438   0x195c  fnt24.o [2]
  .text              ro code   0x801'5d94   0x14e0  dlmalloc.o [3]
  .text              ro code   0x801'7274      0x6  abort.o [3]
  .text              ro code   0x801'727a     0x7a  lz77_init_single.o [5]
  .text              ro code   0x801'72f4     0x2c  xgetmemchunk.o [3]
  .text              ro code   0x801'7320     0x14  exit.o [6]
  .rodata            const     0x801'7334   0x10c8  fnt18bold.o [2]
  .text              ro code   0x801'83fc   0x1060  stm32f4xx_hal_hcd.o [2]
  .text              ro code   0x801'945c    0x2f8  usbh_conf.o [2]
  .text              ro code   0x801'9754    0x9c4  stm32f4xx_ll_usb.o [2]
  .text              ro code   0x801'a118     0xa6  ABImemcpy.o [5]
  .text              ro code   0x801'a1be     0x3a  zero_init3.o [5]
  .text              ro code   0x801'a1f8      0x6  ABImemclr4.o [5]
  .text              ro code   0x801'a1fe     0x1e  xencoding_8859_1.o [3]
  .text              ro code   0x801'a21c    0x21c  stm32f4xx_hal_gpio.o [2]
  .text              ro code   0x801'a438    0x12c  stm32f4xx_hal_cortex.o [2]
  .text              ro code   0x801'a564    0x79e  usbh_core.o [2]
  .text              ro code   0x801'ad02      0xa  xsprout.o [3]
  .text              ro code   0x801'ad0c    0x706  main.o [2]
  .rodata            const     0x801'b412      0x1  unwind_debug.o [6]
  .text              ro code   0x801'b414     0x20  usbh_platform.o [2]
  .text              ro code   0x801'b434     0x28  stm32f4xx_hal.o [2]
  .text              ro code   0x801'b45c     0x32  ABImemset48.o [5]
  .text              ro code   0x801'b48e     0xb6  usbh_pipes.o [2]
  .text              ro code   0x801'b544    0x5bc  usbh_ctlreq.o [2]
  .text              ro code   0x801'bb00     0x34  stm32f4xx_hal.o [2]
  .text              ro code   0x801'bb34    0x140  gpio.o [2]
  .text              ro code   0x801'bc74     0xb8  rtc.o [2]
  .text              ro code   0x801'bd2c    0x3ec  touch_spi.o [2]
  .text              ro code   0x801'c118    0x4dc  lcd_low.o [2]
  .text              ro code   0x801'c5f4    0x5bc  lcd_ui.o [2]
  .text              ro code   0x801'cbb0     0x8c  usb_host.o [2]
  .text              ro code   0x801'cc3c     0x40  sprintf.o [3]
  .text              ro code   0x801'cc7c    0x13c  unicode_utils.o [2]
  .text              ro code   0x801'cdb8     0x12  strcmp.o [5]
  .text              ro code   0x801'cdcc      0xc  stm32f4xx_hal.o [2]
  .text              ro code   0x801'cdd8     0x48  FltToDbl.o [4]
  .text              ro code   0x801'ce20    0x246  DblDiv.o [4]
  .text              ro code   0x801'd068     0x68  DblToFlt.o [4]
  .text              ro code   0x801'd0d0    0x3b4  stm32f4xx_hal_rcc.o [2]
  .text              ro code   0x801'd484    0x1d4  stm32f4xx_hal_rcc.o [2]
  .text              ro code   0x801'd658    0x150  stm32f4xx_hal_rcc_ex.o [2]
  .text              ro code   0x801'd7a8     0xd0  usbh_ioreq.o [2]
  .text              ro code   0x801'd878     0x4c  stm32f4xx_hal.o [2]
  .text              ro code   0x801'd8c4     0x40  stm32f4xx_hal_msp.o [2]
  .text              ro code   0x801'd904    0x34e  stm32f4xx_hal_rtc.o [2]
  .text              ro code   0x801'dc54     0x66  ABImemset.o [5]
  .text              ro code   0x801'dcbc    0x4f6  stm32f4xx_hal_spi.o [2]
  .text              ro code   0x801'e1b4    0x450  stm32f4xx_hal_dma.o [2]
  .text              ro code   0x801'e604    0x114  fsmc.o [2]
  .text              ro code   0x801'e718    0xf46  xprintffull.o [3]
  .text              ro code   0x801'f660    0x230  I64DivMod.o [5]
  .text              ro code   0x801'f890     0x5c  stm32f4xx_hal_sram.o [2]
  .text              ro code   0x801'f8ec     0x78  xlocale_c.o [3]
  .text              ro code   0x801'f964     0x16  strchr.o [5]
  .text              ro code   0x801'f97c     0x40  xfail_s.o [3]
  .text              ro code   0x801'f9bc     0x36  strlen.o [5]
  .text              ro code   0x801'f9f4     0x58  memchr.o [5]
  .text              ro code   0x801'fa4c      0xa  xmbcurmax.o [3]
  .text              ro code   0x801'fa58    0x1a2  DblMul.o [4]
  .text              ro code   0x801'fbfc     0x70  frexp.o [4]
  .text              ro code   0x801'fc6c     0x2e  DblCmpLe.o [4]
  .text              ro code   0x801'fc9c     0x2e  DblCmpGe.o [4]
  .text              ro code   0x801'fccc    0x13a  ldexp.o [4]
  .text              ro code   0x801'fe08     0x3a  DblToS32.o [4]
  .text              ro code   0x801'fe44     0x22  S32ToDbl.o [4]
  .text              ro code   0x801'fe68     0xe2  DblSub.o [4]
  .text              ro code   0x801'ff4c     0x28  DblToU32.o [4]
  .text              ro code   0x801'ff74     0x1a  U32ToDbl.o [4]
  .text              ro code   0x801'ff8e      0x2  stm32f4xx_hal_spi.o [2]
  .text              ro code   0x801'ff90     0xe4  stm32f4xx_ll_fsmc.o [2]
  .text              ro code   0x802'0074    0x16a  DblAdd.o [4]
  .rodata            const     0x802'01e0    0xea4  fnt18.o [2]
  .text              ro code   0x802'1084    0x8b4  usbh_msc.o [2]
  .text              ro code   0x802'1938    0x394  usbh_msc_bot.o [2]
  .text              ro code   0x802'1ccc      0x4  heaptramp0.o [3]
  .text              ro code   0x802'1cd0    0x3ea  usbh_msc_scsi.o [2]
  .rodata            const     0x802'20bc    0x6b4  fnt12.o [2]
  .rodata            const     0x802'2770    0x450  main.o [2]
  .rodata            const     0x802'2bc0    0x1f4  ffunicode.o [2]
  .text              ro code   0x802'2db4    0x144  usbh_diskio.o [2]
  .rodata            const     0x802'2ef8    0x140  fnt12.o [2]
  .rodata            const     0x802'3038    0x140  fnt18.o [2]
  .rodata            const     0x802'3178    0x140  fnt18bold.o [2]
  .rodata            const     0x802'32b8    0x140  fnt24.o [2]
  .rodata            const     0x802'33f8    0x140  fnt24bold.o [2]
  .rodata            const     0x802'3538    0x100  ffunicode.o [2]
  .rodata            const     0x802'3638     0xbc  ffunicode.o [2]
  .rodata            const     0x802'36f4     0x80  ff.o [2]
  .text              ro code   0x802'3774     0x50  stm32f4xx_it.o [2]
  .text              ro code   0x802'37c4     0x24  sys_timer.o [2]
  .rodata            const     0x802'37e8     0x2c  main.o [2]
  .rodata            const     0x802'3814     0x2c  main.o [2]
  .rodata            const     0x802'3840     0x2c  main.o [2]
  .rodata            const     0x802'386c     0x28  main.o [2]
  .text              ro code   0x802'3894     0x28  data_init.o [5]
  .rodata            const     0x802'38bc     0x24  main.o [2]
  .rodata            const     0x802'38e0     0x24  main.o [2]
  .text              ro code   0x802'3904     0x22  fpinit_M.o [4]
  .iar.init_table    const     0x802'3928     0x20  - Linker created -
  .rodata            const     0x802'3948     0x20  main.o [2]
  .rodata            const     0x802'3968     0x20  main.o [2]
  .text              ro code   0x802'3988     0x20  system_stm32f4xx.o [2]
  .text              ro code   0x802'39a8     0x1e  cmain.o [5]
  .text              ro code   0x802'39c6      0x4  low_level_init.o [3]
  .text              ro code   0x802'39ca      0x4  exit.o [3]
  .text              ro code   0x802'39d0      0xa  cexit.o [5]
  .rodata            const     0x802'39dc     0x1c  main.o [2]
  .rodata            const     0x802'39f8     0x1c  main.o [2]
  .rodata            const     0x802'3a14     0x18  main.o [2]
  .rodata            const     0x802'3a2c     0x14  main.o [2]
  .rodata            const     0x802'3a40     0x14  main.o [2]
  .rodata            const     0x802'3a54     0x14  usbh_diskio.o [2]
  .rodata            const     0x802'3a68     0x10  ff.o [2]
  .rodata            const     0x802'3a78     0x10  main.o [2]
  .rodata            const     0x802'3a88     0x10  main.o [2]
  .rodata            const     0x802'3a98     0x10  system_stm32f4xx.o [2]
  .text              ro code   0x802'3aa8     0x10  startup_stm32f407xx.o [2]
  .rodata            const     0x802'3ab8      0xc  ff.o [2]
  .rodata            const     0x802'3ac4      0xc  main.o [2]
  .rodata            const     0x802'3ad0      0xc  main.o [2]
  .rodata            const     0x802'3adc      0xc  main.o [2]
  .text              ro code   0x802'3ae8      0xc  cstartup_M.o [5]
  .rodata            const     0x802'3af4      0x8  ff.o [2]
  .rodata            const     0x802'3afc      0x8  ff.o [2]
  .rodata            const     0x802'3b04      0x8  main.o [2]
  .rodata            const     0x802'3b0c      0x8  main.o [2]
  .rodata            const     0x802'3b14      0x8  stm32f4xx_hal_dma.o [2]
  .rodata            const     0x802'3b1c      0x6  xlocale_c.o [3]
  .rodata            const     0x802'3b24      0x4  rtc.o [2]
  .rodata            const     0x802'3b28      0x4  usbh_msc.o [2]
  .text              ro code   0x802'3b2c      0x4  startup_stm32f407xx.o [2]
  .rodata            const     0x802'3b30      0x0  zero_init3.o [5]
  .rodata            const     0x802'3b30      0x0  lz77_init_single.o [5]
  Initializer bytes  const     0x802'3b30     0x94  <for P2-1>
                             - 0x802'3bc4  0x13a3c

"P3":                                       0x2000
  CCMRAM             uninit   0x1000'0000   0x2000  main.o [2]
                            - 0x1000'2000   0x2000

"P2", part 1 of 3:                            0xef
  P2-1                        0x2000'0000     0xef  <Init block>
    .data            inited   0x2000'0000      0xc  fnt12.o [2]
    .data            inited   0x2000'000c      0xc  fnt18.o [2]
    .data            inited   0x2000'0018      0xc  fnt18bold.o [2]
    .data            inited   0x2000'0024      0xc  fnt24.o [2]
    .data            inited   0x2000'0030      0xc  fnt24bold.o [2]
    .data            inited   0x2000'003c      0x4  lcd_ui.o [2]
    .data            inited   0x2000'0040      0x4  stm32f4xx_hal.o [2]
    .data            inited   0x2000'0044      0x4  system_stm32f4xx.o [2]
    .data            inited   0x2000'0048     0x20  usbh_msc.o [2]
    .data            inited   0x2000'0068     0x38  xlocale_c.o [3]
    .data            inited   0x2000'00a0     0x48  xlocale_c.o [3]
    .data            inited   0x2000'00e8      0x2  lcd_ui.o [2]
    .data            inited   0x2000'00ea      0x2  lcd_ui.o [2]
    .data            inited   0x2000'00ec      0x2  lcd_ui.o [2]
    .data            inited   0x2000'00ee      0x1  stm32f4xx_hal.o [2]
                            - 0x2000'00ef     0xef

"P2", part 2 of 3:                          0x1584
  .bss               zero     0x2000'00f0    0x838  fatfs.o [2]
  .bss               zero     0x2000'0928    0x3d8  usb_host.o [2]
  .bss               zero     0x2000'0d00    0x2c4  usbh_conf.o [2]
  .bss               zero     0x2000'0fc4    0x200  ff.o [2]
  .bss               zero     0x2000'11c4    0x1d8  dlmalloc.o [3]
  .bss               zero     0x2000'139c     0x80  touch_spi.o [2]
  .bss               zero     0x2000'141c     0x60  lcd_low.o [2]
  .bss               zero     0x2000'147c     0x60  touch_spi.o [2]
  .bss               zero     0x2000'14dc     0x60  touch_spi.o [2]
  .bss               zero     0x2000'153c     0x60  touch_spi.o [2]
  .bss               zero     0x2000'159c     0x50  fsmc.o [2]
  .bss               zero     0x2000'15ec     0x20  rtc.o [2]
  .bss               zero     0x2000'160c     0x18  dlmalloc.o [3]
  .bss               zero     0x2000'1624     0x10  touch_spi.o [2]
  .bss               zero     0x2000'1634      0xc  ff_gen_drv.o [2]
  .bss               zero     0x2000'1640      0x8  fatfs.o [2]
  .bss               zero     0x2000'1648      0x4  ff.o [2]
  .bss               zero     0x2000'164c      0x4  fsmc.o [2]
  .bss               zero     0x2000'1650      0x4  stm32f4xx_hal.o [2]
  .bss               zero     0x2000'1654      0x4  stm32f4xx_ll_usb.o [2]
  .bss               zero     0x2000'1658      0x4  touch_spi.o [2]
  .bss               zero     0x2000'165c      0x4  xfail_s.o [3]
  .bss               zero     0x2000'1660      0x4  xgetmemchunk.o [3]
  .bss               zero     0x2000'1664      0x2  ff.o [2]
  .bss               zero     0x2000'1666      0x2  lcd_low.o [2]
  .bss               zero     0x2000'1668      0x2  lcd_ui.o [2]
  .bss               zero     0x2000'166a      0x2  lcd_ui.o [2]
  .bss               zero     0x2000'166c      0x2  lcd_ui.o [2]
  .bss               zero     0x2000'166e      0x1  fatfs.o [2]
  .bss               zero     0x2000'166f      0x1  main.o [2]
  .bss               zero     0x2000'1670      0x1  usb_host.o [2]
                            - 0x2000'1671   0x1581

"P2", part 3 of 3:                          0x3000
  CSTACK                      0x2000'1678   0x2000  <Block>
    CSTACK           uninit   0x2000'1678   0x2000  <Block tail>
  HEAP                        0x2000'3678   0x1000  <Block>
    HEAP             uninit   0x2000'3678   0x1000  <Block tail>
                            - 0x2000'4678   0x3000

Unused ranges:

         From           To      Size
         ----           --      ----
   0x802'3bc4   0x80f'ffff  0xd'c43c
  0x1000'2000  0x1000'ffff    0xe000
  0x2000'00ef  0x2000'00ef       0x1
  0x2000'1674  0x2000'1677       0x4
  0x2000'4678  0x2001'ffff  0x1'b988


*******************************************************************************
*** INIT TABLE
***

          Address      Size
          -------      ----
Zero (__iar_zero_init3)
    1 destination range, total size 0x1581:
          0x2000'00f0  0x1581

Copy/lz77 (__iar_lz77_init_single3)
    1 source range, total size 0x94 (61% of destination):
           0x802'3b30    0x94
    1 destination range, total size 0xef:
          0x2000'0000    0xef



*******************************************************************************
*** MODULE SUMMARY
***

    Module                  ro code  ro data  rw data
    ------                  -------  -------  -------
command line/config:
    -------------------------------------------------
    Total:

D:\Electronics\Projects\MKS_DLP_new\SRC\IMGS\original: [1]
    -------------------------------------------------
    Total:

D:\Electronics\Projects\MKS_DLP_new\SRC\firmware\MKS_DLP_new_debug\Obj: [2]
    diskio.o                    176
    fatfs.o                      32             2 113
    ff.o                      8 116      172      518
    ff_gen_drv.o                 84                12
    ffunicode.o                 324      944
    fnt12.o                            2 043       12
    fnt18.o                            4 075       12
    fnt18bold.o                        4 624       12
    fnt24.o                            6 819       12
    fnt24bold.o                        8 668       12
    fsmc.o                      276                84
    gpio.o                      320
    lcd_low.o                 1 244                98
    lcd_ui.o                  1 468        6       16
    main.o                    1 798    1 616    8 193
    rtc.o                       184        4       32
    startup_stm32f407xx.o       412
    stm32f4xx_hal.o             180        4        9
    stm32f4xx_hal_cortex.o      300
    stm32f4xx_hal_dma.o       1 104        8
    stm32f4xx_hal_gpio.o        540
    stm32f4xx_hal_hcd.o       4 192
    stm32f4xx_hal_msp.o          64
    stm32f4xx_hal_rcc.o       1 416
    stm32f4xx_hal_rcc_ex.o      336
    stm32f4xx_hal_rtc.o         846
    stm32f4xx_hal_spi.o       1 272
    stm32f4xx_hal_sram.o         92
    stm32f4xx_it.o               80
    stm32f4xx_ll_fsmc.o         228
    stm32f4xx_ll_usb.o        2 500                 4
    sys_timer.o                  36
    system_stm32f4xx.o           32       18        4
    touch_spi.o               1 004               436
    unicode_utils.o             316
    usb_host.o                  140               985
    usbh_conf.o                 760               708
    usbh_core.o               1 950
    usbh_ctlreq.o             1 468
    usbh_diskio.o               324       20
    usbh_ioreq.o                208
    usbh_msc.o                2 228       24       32
    usbh_msc_bot.o              916
    usbh_msc_scsi.o           1 002
    usbh_pipes.o                182
    usbh_platform.o              32
    -------------------------------------------------
    Total:                   38 182   29 045   13 304

dl7M_tlf.a: [3]
    abort.o                       6
    dlmalloc.o                5 344               496
    exit.o                        4
    heaptramp0.o                  4
    low_level_init.o              4
    sprintf.o                    64
    xencoding_8859_1.o           30
    xfail_s.o                    64                 4
    xgetmemchunk.o               44                 4
    xlocale_c.o                 120       85      128
    xmbcurmax.o                  10
    xprintffull.o             3 910
    xsprout.o                    10
    -------------------------------------------------
    Total:                    9 614       85      632

m7M_tls.a: [4]
    DblAdd.o                    362
    DblCmpGe.o                   46
    DblCmpLe.o                   46
    DblDiv.o                    582
    DblMul.o                    418
    DblSub.o                    226
    DblToFlt.o                  104
    DblToS32.o                   58
    DblToU32.o                   40
    FltToDbl.o                   72
    S32ToDbl.o                   34
    U32ToDbl.o                   26
    fpinit_M.o                   34
    frexp.o                     112
    ldexp.o                     314
    -------------------------------------------------
    Total:                    2 474

rt7M_tl.a: [5]
    ABImemclr4.o                  6
    ABImemcpy.o                 166
    ABImemset.o                 102
    ABImemset48.o                50
    I64DivMod.o                 560
    cexit.o                      10
    cmain.o                      30
    cstartup_M.o                 12
    data_init.o                  40
    lz77_init_single.o          122
    memchr.o                     88
    strchr.o                     22
    strcmp.o                     18
    strlen.o                     54
    zero_init3.o                 58
    -------------------------------------------------
    Total:                    1 338

shb_l.a: [6]
    exit.o                       20
    unwind_debug.o                         1
    -------------------------------------------------
    Total:                       20        1

    Gaps                         35       10
    Linker created                        32   12 288
-----------------------------------------------------
    Grand Total:             51 663   29 173   26 224


*******************************************************************************
*** ENTRY LIST
***

Entry                       Address    Size  Type      Object
-----                       -------    ----  ----      ------
.iar.init_table$$Base    0x802'3928           --   Gb  - Linker created -
.iar.init_table$$Limit   0x802'3948           --   Gb  - Linker created -
?main                    0x802'39a9          Code  Gb  cmain.o [5]
AHBPrescTable            0x802'3a98    0x10  Data  Gb  system_stm32f4xx.o [2]
Appli_state             0x2000'1670     0x1  Data  Gb  usb_host.o [2]
Appli_state_old         0x2000'166f     0x1  Data  Gb  main.o [2]
BusFault_Handler         0x802'377b     0x2  Code  Gb  stm32f4xx_it.o [2]
CSTACK$$Base            0x2000'1678           --   Gb  - Linker created -
CSTACK$$Limit           0x2000'3678           --   Gb  - Linker created -
CacheMore                0x801'f8f1    0x24  Code  Lc  xlocale_c.o [3]
DMA1_Stream3_IRQHandler
                         0x802'378d     0xa  Code  Gb  stm32f4xx_it.o [2]
DMA1_Stream4_IRQHandler
                         0x802'3797     0xa  Code  Gb  stm32f4xx_it.o [2]
DMA2_Stream7_IRQHandler
                         0x802'37ab     0xa  Code  Gb  stm32f4xx_it.o [2]
DMA_CalcBaseAndBitshift
                         0x801'e541    0x30  Code  Lc  stm32f4xx_hal_dma.o [2]
DMA_CalcBaseAndBitshift::flagBitshiftOffset
                         0x802'3b14     0x8  Data  Lc  stm32f4xx_hal_dma.o [2]
DMA_CheckFifoParam       0x801'e57d    0x88  Code  Lc  stm32f4xx_hal_dma.o [2]
DMA_SetConfig            0x801'e513    0x2e  Code  Lc  stm32f4xx_hal_dma.o [2]
DeInitStateMachine       0x801'a5b5    0x66  Code  Lc  usbh_core.o [2]
DebugMon_Handler         0x802'3781     0x2  Code  Gb  stm32f4xx_it.o [2]
DeviceCode              0x2000'1666     0x2  Data  Gb  lcd_low.o [2]
Error_Handler            0x801'b411     0x2  Code  Gb  main.o [2]
ExCvt                    0x802'36f4    0x80  Data  Lc  ff.o [2]
FATFS_Init               0x801'43c5    0x10  Code  Gb  fatfs.o [2]
FATFS_LinkDriver         0x801'4429     0xa  Code  Gb  ff_gen_drv.o [2]
FATFS_LinkDriverEx       0x801'43e5    0x44  Code  Gb  ff_gen_drv.o [2]
FSMC_Initialized        0x2000'164c     0x4  Data  Lc  fsmc.o [2]
FSMC_NORSRAM_Extended_Timing_Init
                         0x802'002d    0x40  Code  Gb  stm32f4xx_ll_fsmc.o [2]
FSMC_NORSRAM_Init        0x801'ff91    0x58  Code  Gb  stm32f4xx_ll_fsmc.o [2]
FSMC_NORSRAM_Timing_Init
                         0x801'ffe9    0x44  Code  Gb  stm32f4xx_ll_fsmc.o [2]
FatFs                   0x2000'1648     0x4  Data  Lc  ff.o [2]
Fsid                    0x2000'1664     0x2  Data  Lc  ff.o [2]
GPIO_Init                0x801'bb35   0x140  Code  Gb  gpio.o [2]
HAL_DMA_IRQHandler       0x801'e309   0x20a  Code  Gb  stm32f4xx_hal_dma.o [2]
HAL_DMA_Init             0x801'e1b5    0xe0  Code  Gb  stm32f4xx_hal_dma.o [2]
HAL_DMA_Start_IT         0x801'e295    0x74  Code  Gb  stm32f4xx_hal_dma.o [2]
HAL_Delay                0x801'b435    0x28  Code  Wk  stm32f4xx_hal.o [2]
HAL_FSMC_MspInit         0x801'e687    0x70  Code  Gb  fsmc.o [2]
HAL_GPIO_Init            0x801'a21d   0x1d0  Code  Gb  stm32f4xx_hal_gpio.o [2]
HAL_GPIO_WritePin        0x801'a3ed    0x14  Code  Gb  stm32f4xx_hal_gpio.o [2]
HAL_GetTick              0x801'cdcd     0xc  Code  Wk  stm32f4xx_hal.o [2]
HAL_HCD_Connect_Callback
                         0x801'94eb     0xc  Code  Gb  usbh_conf.o [2]
HAL_HCD_Disconnect_Callback
                         0x801'94f7     0xc  Code  Gb  usbh_conf.o [2]
HAL_HCD_GetCurrentFrame
                         0x801'890d     0xa  Code  Gb  stm32f4xx_hal_hcd.o [2]
HAL_HCD_GetCurrentSpeed
                         0x801'8917     0xa  Code  Gb  stm32f4xx_hal_hcd.o [2]
HAL_HCD_HC_GetURBState   0x801'88f3     0xe  Code  Gb  stm32f4xx_hal_hcd.o [2]
HAL_HCD_HC_GetXferCount
                         0x801'8901     0xc  Code  Gb  stm32f4xx_hal_hcd.o [2]
HAL_HCD_HC_Halt          0x801'853d    0x2c  Code  Gb  stm32f4xx_hal_hcd.o [2]
HAL_HCD_HC_Init          0x801'8473    0xca  Code  Gb  stm32f4xx_hal_hcd.o [2]
HAL_HCD_HC_NotifyURBChange_Callback
                         0x801'9503     0x2  Code  Gb  usbh_conf.o [2]
HAL_HCD_HC_SubmitRequest
                         0x801'8569   0x1f8  Code  Gb  stm32f4xx_hal_hcd.o [2]
HAL_HCD_IRQHandler       0x801'8761   0x134  Code  Gb  stm32f4xx_hal_hcd.o [2]
HAL_HCD_Init             0x801'83fd    0x76  Code  Gb  stm32f4xx_hal_hcd.o [2]
HAL_HCD_MspInit          0x801'945d    0x82  Code  Gb  usbh_conf.o [2]
HAL_HCD_PortDisabled_Callback
                         0x801'9511     0xc  Code  Gb  usbh_conf.o [2]
HAL_HCD_PortEnabled_Callback
                         0x801'9505     0xc  Code  Gb  usbh_conf.o [2]
HAL_HCD_ResetPort        0x801'88e9     0xa  Code  Gb  stm32f4xx_hal_hcd.o [2]
HAL_HCD_SOF_Callback     0x801'94df     0xc  Code  Gb  usbh_conf.o [2]
HAL_HCD_Start            0x801'8895    0x2e  Code  Gb  stm32f4xx_hal_hcd.o [2]
HAL_HCD_Stop             0x801'88c3    0x26  Code  Gb  stm32f4xx_hal_hcd.o [2]
HAL_IncTick              0x802'37c5    0x24  Code  Gb  sys_timer.o [2]
HAL_Init                 0x801'bb01    0x30  Code  Gb  stm32f4xx_hal.o [2]
HAL_InitTick             0x801'd879    0x4c  Code  Wk  stm32f4xx_hal.o [2]
HAL_MspInit              0x801'd8c5    0x40  Code  Gb  stm32f4xx_hal_msp.o [2]
HAL_NVIC_EnableIRQ       0x801'a531     0xa  Code  Gb  stm32f4xx_hal_cortex.o [2]
HAL_NVIC_SetPriority     0x801'a50f    0x22  Code  Gb  stm32f4xx_hal_cortex.o [2]
HAL_NVIC_SetPriorityGrouping
                         0x801'a507     0x8  Code  Gb  stm32f4xx_hal_cortex.o [2]
HAL_RCCEx_PeriphCLKConfig
                         0x801'd659   0x12c  Code  Gb  stm32f4xx_hal_rcc_ex.o [2]
HAL_RCC_ClockConfig      0x801'd485   0x13a  Code  Gb  stm32f4xx_hal_rcc.o [2]
HAL_RCC_OscConfig        0x801'd0d1   0x3b4  Code  Wk  stm32f4xx_hal_rcc.o [2]
HAL_RTC_Init             0x801'd905    0xcc  Code  Gb  stm32f4xx_hal_rtc.o [2]
HAL_RTC_SetDate          0x801'dad7    0xe6  Code  Gb  stm32f4xx_hal_rtc.o [2]
HAL_RTC_SetTime          0x801'd9d1   0x106  Code  Gb  stm32f4xx_hal_rtc.o [2]
HAL_RTC_WaitForSynchro   0x801'dbc9    0x36  Code  Gb  stm32f4xx_hal_rtc.o [2]
HAL_SPI_Init             0x801'dcbd    0xca  Code  Gb  stm32f4xx_hal_spi.o [2]
HAL_SPI_TransmitReceive_DMA
                         0x801'ddad   0x156  Code  Gb  stm32f4xx_hal_spi.o [2]
HAL_SPI_TxRxCpltCallback
                         0x801'bf11    0x1a  Code  Gb  touch_spi.o [2]
HAL_SRAM_Init            0x801'f891    0x5c  Code  Gb  stm32f4xx_hal_sram.o [2]
HAL_SRAM_MspInit         0x801'e6f7     0x8  Code  Gb  fsmc.o [2]
HAL_SYSTICK_Config       0x801'a53b     0x8  Code  Gb  stm32f4xx_hal_cortex.o [2]
HCD_HC_IN_IRQHandler     0x801'8921   0x55e  Code  Lc  stm32f4xx_hal_hcd.o [2]
HCD_HC_OUT_IRQHandler    0x801'8e7f   0x478  Code  Lc  stm32f4xx_hal_hcd.o [2]
HCD_Port_IRQHandler      0x801'93b5    0xa8  Code  Lc  stm32f4xx_hal_hcd.o [2]
HCD_RXQLVL_IRQHandler    0x801'92f7    0xba  Code  Lc  stm32f4xx_hal_hcd.o [2]
HEAP$$Base              0x2000'3678           --   Gb  - Linker created -
HEAP$$Limit             0x2000'4678           --   Gb  - Linker created -
HardFault_Handler        0x802'3777     0x2  Code  Gb  stm32f4xx_it.o [2]
LCDUI_Clear()            0x801'c655     0xe  Code  Gb  lcd_ui.o [2]
LCDUI_DrawChar(char, unsigned short, short, short)
                         0x801'c78f   0x18a  Code  Gb  lcd_ui.o [2]
LCDUI_DrawTextUTF(char *, unsigned short, short, short, short, short)
                         0x801'c919   0x266  Code  Gb  lcd_ui.o [2]
LCDUI_Init()             0x801'c5f5    0x42  Code  Gb  lcd_ui.o [2]
LCDUI_SetBackColor(unsigned short)
                         0x801'c63f     0x8  Code  Gb  lcd_ui.o [2]
LCDUI_SetColor(unsigned short)
                         0x801'c637     0x8  Code  Gb  lcd_ui.o [2]
LCDUI_SetCursorCoord(short, short)
                         0x801'c647     0xe  Code  Gb  lcd_ui.o [2]
LCDUI_SetFont(LCDUI_FONT_TYPE)
                         0x801'c73f    0x50  Code  Gb  lcd_ui.o [2]
LCDUI_getchardata(char)
                         0x801'c6b3    0x8c  Code  Gb  lcd_ui.o [2]
LCDUI_getcharwidth(char)
                         0x801'c663    0x50  Code  Gb  lcd_ui.o [2]
LCD_BackLight            0x801'c5bb    0x1a  Code  Gb  lcd_low.o [2]
LCD_Clear                0x801'c587    0x34  Code  Gb  lcd_low.o [2]
LCD_CtrlLinesConfig      0x801'c119    0xa2  Code  Gb  lcd_low.o [2]
LCD_FSMCConfig           0x801'c1bb     0x8  Code  Gb  lcd_low.o [2]
LCD_Initializtion        0x801'c22b   0x256  Code  Gb  lcd_low.o [2]
LCD_ReadRAM              0x801'c201     0xa  Code  Gb  lcd_low.o [2]
LCD_ReadReg              0x801'c1dd     0xa  Code  Gb  lcd_low.o [2]
LCD_Read_ID              0x801'c20b    0x20  Code  Gb  lcd_low.o [2]
LCD_SetCursor            0x801'c481    0x60  Code  Gb  lcd_low.o [2]
LCD_SetWindows           0x801'c4e1    0xa6  Code  Gb  lcd_low.o [2]
LCD_WriteCmd             0x801'c1e7     0x8  Code  Gb  lcd_low.o [2]
LCD_WriteRAM             0x801'c1f9     0x8  Code  Gb  lcd_low.o [2]
LCD_WriteRAM_Prepare     0x801'c1ef     0xa  Code  Gb  lcd_low.o [2]
LCD_WriteReg             0x801'c1cf     0xe  Code  Gb  lcd_low.o [2]
LCD_X_Init               0x801'c1c3     0xc  Code  Gb  lcd_low.o [2]
LfnBuf                  0x2000'0fc4   0x200  Data  Lc  ff.o [2]
LfnOfs                   0x802'3a68    0x10  Data  Lc  ff.o [2]
LoadInt                  0x801'e8db    0x7a  Code  Lc  xprintffull.o [3]
MX_FSMC_Init             0x801'e605    0x82  Code  Gb  fsmc.o [2]
MemManage_Handler        0x802'3779     0x2  Code  Gb  stm32f4xx_it.o [2]
NMI_Handler              0x802'3775     0x2  Code  Gb  stm32f4xx_it.o [2]
NVIC_EncodePriority      0x801'a49d    0x3c  Code  Lc  stm32f4xx_hal_cortex.o [2]
OTG_FS_IRQHandler        0x802'37a1     0xa  Code  Gb  stm32f4xx_it.o [2]
PendSV_Handler           0x802'3783     0x2  Code  Gb  stm32f4xx_it.o [2]
RTC_ByteToBcd2           0x801'dc39    0x18  Code  Gb  stm32f4xx_hal_rtc.o [2]
RTC_Enable               0x801'bd0d    0x10  Code  Gb  rtc.o [2]
RTC_EnterInitMode        0x801'dbff    0x3a  Code  Gb  stm32f4xx_hal_rtc.o [2]
RTC_Init                 0x801'bc75    0x98  Code  Gb  rtc.o [2]
Region$$Table$$Base      0x802'3928           --   Gb  - Linker created -
Region$$Table$$Limit     0x802'3948           --   Gb  - Linker created -
SPI_DMAError             0x801'dff9    0x24  Code  Lc  stm32f4xx_hal_spi.o [2]
SPI_DMAHalfReceiveCplt   0x801'dfe1     0xa  Code  Lc  stm32f4xx_hal_spi.o [2]
SPI_DMAHalfTransmitReceiveCplt
                         0x801'dfed     0xa  Code  Lc  stm32f4xx_hal_spi.o [2]
SPI_DMAReceiveCplt       0x801'df05    0x78  Code  Lc  stm32f4xx_hal_spi.o [2]
SPI_DMATransmitReceiveCplt
                         0x801'df7d    0x64  Code  Lc  stm32f4xx_hal_spi.o [2]
SPI_EndRxTransaction     0x801'e0bd    0x92  Code  Lc  stm32f4xx_hal_spi.o [2]
SPI_EndRxTxTransaction   0x801'e14f    0x5a  Code  Lc  stm32f4xx_hal_spi.o [2]
SPI_WaitFlagStateUntilTimeout
                         0x801'e01d    0xa0  Code  Lc  stm32f4xx_hal_spi.o [2]
SVC_Handler              0x802'377f     0x2  Code  Gb  stm32f4xx_it.o [2]
SysTick_Config           0x801'a4d9    0x2e  Code  Lc  stm32f4xx_hal_cortex.o [2]
SysTick_Handler          0x802'3785     0x8  Code  Gb  stm32f4xx_it.o [2]
SystemClock_Config()     0x801'b2c3    0xc6  Code  Gb  main.o [2]
SystemCoreClock         0x2000'0044     0x4  Data  Gb  system_stm32f4xx.o [2]
SystemInit               0x802'3989    0x12  Code  Gb  system_stm32f4xx.o [2]
Touch_Enable             0x801'bf9d   0x12e  Code  Gb  touch_spi.o [2]
Touch_GetCoords          0x801'c0d7     0xc  Code  Gb  touch_spi.o [2]
Touch_GetState           0x801'c0cb     0x6  Code  Gb  touch_spi.o [2]
Touch_Init               0x801'bf2b    0x72  Code  Gb  touch_spi.o [2]
Touch_SetState           0x801'c0d1     0x6  Code  Gb  touch_spi.o [2]
USBH_AllocPipe           0x801'b4bf    0x32  Code  Gb  usbh_pipes.o [2]
USBH_BulkReceiveData     0x801'd855    0x24  Code  Gb  usbh_ioreq.o [2]
USBH_BulkSendData        0x801'd823    0x32  Code  Gb  usbh_ioreq.o [2]
USBH_ClosePipe           0x801'b4b3     0xc  Code  Gb  usbh_pipes.o [2]
USBH_ClrFeature          0x801'b6a9    0x26  Code  Gb  usbh_ctlreq.o [2]
USBH_CtlReceiveData      0x801'd7ff    0x24  Code  Gb  usbh_ioreq.o [2]
USBH_CtlReq              0x801'b891    0x54  Code  Gb  usbh_ctlreq.o [2]
USBH_CtlSendData         0x801'd7cd    0x32  Code  Gb  usbh_ioreq.o [2]
USBH_CtlSendSetup        0x801'd7a9    0x24  Code  Gb  usbh_ioreq.o [2]
USBH_Delay               0x801'9723     0x8  Code  Gb  usbh_conf.o [2]
USBH_Driver              0x802'3a54    0x14  Data  Gb  usbh_diskio.o [2]
USBH_FindInterface       0x801'a669    0x66  Code  Gb  usbh_core.o [2]
USBH_FreePipe            0x801'b4f1    0x26  Code  Gb  usbh_pipes.o [2]
USBH_GetDescriptor       0x801'b5fd    0x3c  Code  Gb  usbh_ctlreq.o [2]
USBH_GetFreePipe         0x801'b517    0x2e  Code  Lc  usbh_pipes.o [2]
USBH_GetNextDesc         0x801'b881    0x10  Code  Gb  usbh_ctlreq.o [2]
USBH_Get_CfgDesc         0x801'b583    0x3a  Code  Gb  usbh_ctlreq.o [2]
USBH_Get_DevDesc         0x801'b545    0x3e  Code  Gb  usbh_ctlreq.o [2]
USBH_Get_StringDesc      0x801'b5bd    0x40  Code  Gb  usbh_ctlreq.o [2]
USBH_Get_USB_Status      0x801'972b    0x2a  Code  Gb  usbh_conf.o [2]
USBH_HandleControl       0x801'b8e5   0x21c  Code  Lc  usbh_ctlreq.o [2]
USBH_HandleEnum          0x801'a9bd   0x2be  Code  Lc  usbh_core.o [2]
USBH_HandleSof           0x801'ac93    0x1a  Code  Lc  usbh_core.o [2]
USBH_Init                0x801'a565    0x50  Code  Gb  usbh_core.o [2]
USBH_LL_ClosePipe        0x801'9635    0x1a  Code  Gb  usbh_conf.o [2]
USBH_LL_Connect          0x801'acbd    0x16  Code  Gb  usbh_core.o [2]
USBH_LL_Disconnect       0x801'acd3    0x30  Code  Gb  usbh_core.o [2]
USBH_LL_DriverVBUS       0x801'9699    0x1c  Code  Gb  usbh_conf.o [2]
USBH_LL_GetLastXferSize
                         0x801'95f7     0xe  Code  Gb  usbh_conf.o [2]
USBH_LL_GetSpeed         0x801'95b5    0x2a  Code  Gb  usbh_conf.o [2]
USBH_LL_GetToggle        0x801'96ed    0x36  Code  Gb  usbh_conf.o [2]
USBH_LL_GetURBState      0x801'968b     0xe  Code  Gb  usbh_conf.o [2]
USBH_LL_IncTimer         0x801'ac81    0x12  Code  Gb  usbh_core.o [2]
USBH_LL_Init             0x801'951d    0x50  Code  Gb  usbh_conf.o [2]
USBH_LL_OpenPipe         0x801'9605    0x30  Code  Gb  usbh_conf.o [2]
USBH_LL_PortDisabled     0x801'acb5     0x8  Code  Gb  usbh_core.o [2]
USBH_LL_PortEnabled      0x801'acad     0x8  Code  Gb  usbh_core.o [2]
USBH_LL_ResetPort        0x801'95df    0x18  Code  Gb  usbh_conf.o [2]
USBH_LL_SetTimer         0x801'ac7b     0x6  Code  Gb  usbh_core.o [2]
USBH_LL_SetToggle        0x801'96b5    0x38  Code  Gb  usbh_conf.o [2]
USBH_LL_Start            0x801'9585    0x18  Code  Gb  usbh_conf.o [2]
USBH_LL_Stop             0x801'959d    0x18  Code  Gb  usbh_conf.o [2]
USBH_LL_SubmitURB        0x801'964f    0x3c  Code  Gb  usbh_conf.o [2]
USBH_MSC_BOT_Abort       0x802'1c3d    0x30  Code  Lc  usbh_msc_bot.o [2]
USBH_MSC_BOT_Init        0x802'1977    0x22  Code  Gb  usbh_msc_bot.o [2]
USBH_MSC_BOT_Process     0x802'1999   0x2a4  Code  Gb  usbh_msc_bot.o [2]
USBH_MSC_BOT_REQ_GetMaxLUN
                         0x802'1959    0x1e  Code  Gb  usbh_msc_bot.o [2]
USBH_MSC_BOT_REQ_Reset   0x802'1939    0x20  Code  Gb  usbh_msc_bot.o [2]
USBH_MSC_ClassRequest    0x802'1257    0x90  Code  Lc  usbh_msc.o [2]
USBH_MSC_DecodeCSW       0x802'1c6d    0x54  Code  Lc  usbh_msc_bot.o [2]
USBH_MSC_GetLUNInfo      0x802'17d3    0x2e  Code  Gb  usbh_msc.o [2]
USBH_MSC_InterfaceDeInit
                         0x802'11f9    0x5e  Code  Lc  usbh_msc.o [2]
USBH_MSC_InterfaceInit   0x802'1085   0x174  Code  Lc  usbh_msc.o [2]
USBH_MSC_Process         0x802'12e7   0x380  Code  Lc  usbh_msc.o [2]
USBH_MSC_RdWrProcess     0x802'166b   0x140  Code  Lc  usbh_msc.o [2]
USBH_MSC_Read            0x802'1801    0x9c  Code  Gb  usbh_msc.o [2]
USBH_MSC_SCSI_Inquiry    0x802'1dd7   0x100  Code  Gb  usbh_msc_scsi.o [2]
USBH_MSC_SCSI_Read       0x802'201f    0x9c  Code  Gb  usbh_msc_scsi.o [2]
USBH_MSC_SCSI_ReadCapacity
                         0x802'1d31    0xa6  Code  Gb  usbh_msc_scsi.o [2]
USBH_MSC_SCSI_RequestSense
                         0x802'1ed7    0xac  Code  Gb  usbh_msc_scsi.o [2]
USBH_MSC_SCSI_TestUnitReady
                         0x802'1cd1    0x60  Code  Gb  usbh_msc_scsi.o [2]
USBH_MSC_SCSI_Write      0x802'1f83    0x9c  Code  Gb  usbh_msc_scsi.o [2]
USBH_MSC_SOFProcess      0x802'1667     0x4  Code  Lc  usbh_msc.o [2]
USBH_MSC_UnitIsReady     0x802'17ab    0x28  Code  Gb  usbh_msc.o [2]
USBH_MSC_Write           0x802'189d    0x9c  Code  Gb  usbh_msc.o [2]
USBH_OpenPipe            0x801'b48f    0x24  Code  Gb  usbh_pipes.o [2]
USBH_ParseCfgDesc        0x801'b72b    0xd0  Code  Lc  usbh_ctlreq.o [2]
USBH_ParseDevDesc        0x801'b6cf    0x5c  Code  Lc  usbh_ctlreq.o [2]
USBH_ParseEPDesc         0x801'b821    0x20  Code  Lc  usbh_ctlreq.o [2]
USBH_ParseInterfaceDesc
                         0x801'b7fb    0x26  Code  Lc  usbh_ctlreq.o [2]
USBH_ParseStringDesc     0x801'b841    0x40  Code  Lc  usbh_ctlreq.o [2]
USBH_Process             0x801'a6e5   0x2d8  Code  Gb  usbh_core.o [2]
USBH_RegisterClass       0x801'a61b    0x2e  Code  Gb  usbh_core.o [2]
USBH_SelectInterface     0x801'a649    0x20  Code  Gb  usbh_core.o [2]
USBH_SetAddress          0x801'b639    0x26  Code  Gb  usbh_ctlreq.o [2]
USBH_SetCfg              0x801'b65f    0x24  Code  Gb  usbh_ctlreq.o [2]
USBH_SetFeature          0x801'b683    0x26  Code  Gb  usbh_ctlreq.o [2]
USBH_Start               0x801'a6cf    0x16  Code  Gb  usbh_core.o [2]
USBH_UserProcess         0x801'cbf5    0x3a  Code  Lc  usb_host.o [2]
USBH_initialize          0x802'2db5     0x4  Code  Gb  usbh_diskio.o [2]
USBH_ioctl               0x802'2e6f    0x86  Code  Gb  usbh_diskio.o [2]
USBH_msc                0x2000'0048    0x20  Data  Gb  usbh_msc.o [2]
USBH_read                0x802'2dd5    0x48  Code  Gb  usbh_diskio.o [2]
USBH_status              0x802'2db9    0x1c  Code  Gb  usbh_diskio.o [2]
USBH_write               0x802'2e1d    0x52  Code  Gb  usbh_diskio.o [2]
USB_CoreInit             0x801'9755    0x80  Code  Gb  stm32f4xx_ll_usb.o [2]
USB_CoreReset            0x801'98d7    0x32  Code  Lc  stm32f4xx_ll_usb.o [2]
USB_DisableGlobalInt     0x801'97e1     0xc  Code  Gb  stm32f4xx_ll_usb.o [2]
USB_DoPing               0x801'a01f    0x3c  Code  Gb  stm32f4xx_ll_usb.o [2]
USB_DriveVbus            0x801'9aa3    0x4e  Code  Gb  stm32f4xx_ll_usb.o [2]
USB_EnableGlobalInt      0x801'97d5     0xc  Code  Gb  stm32f4xx_ll_usb.o [2]
USB_FlushRxFifo          0x801'9847    0x1e  Code  Gb  stm32f4xx_ll_usb.o [2]
USB_FlushTxFifo          0x801'9825    0x22  Code  Gb  stm32f4xx_ll_usb.o [2]
USB_GetCurrentFrame      0x801'9b09     0xa  Code  Gb  stm32f4xx_ll_usb.o [2]
USB_GetHostSpeed         0x801'9af1    0x18  Code  Gb  stm32f4xx_ll_usb.o [2]
USB_GetMode              0x801'98cf     0x8  Code  Gb  stm32f4xx_ll_usb.o [2]
USB_HC_Halt              0x801'9ebd   0x162  Code  Gb  stm32f4xx_ll_usb.o [2]
USB_HC_Init              0x801'9b13   0x1de  Code  Gb  stm32f4xx_ll_usb.o [2]
USB_HC_ReadInterrupt     0x801'9eb3     0xa  Code  Gb  stm32f4xx_ll_usb.o [2]
USB_HC_StartXfer         0x801'9cf1   0x1c2  Code  Gb  stm32f4xx_ll_usb.o [2]
USB_HC_StartXfer::tmpreg
                        0x2000'1654     0x4  Data  Lc  stm32f4xx_ll_usb.o [2]
USB_HOST_Init            0x801'cbb1    0x38  Code  Gb  usb_host.o [2]
USB_HOST_Process         0x801'cbe9     0xa  Code  Gb  usb_host.o [2]
USB_HOST_VbusFS          0x801'b415    0x20  Code  Gb  usbh_platform.o [2]
USB_HostInit             0x801'9911   0x102  Code  Gb  stm32f4xx_ll_usb.o [2]
USB_InitFSLSPClkSel      0x801'9a15    0x4e  Code  Gb  stm32f4xx_ll_usb.o [2]
USB_ReadInterrupts       0x801'98c5     0xa  Code  Gb  stm32f4xx_ll_usb.o [2]
USB_ReadPacket           0x801'98a1    0x24  Code  Gb  stm32f4xx_ll_usb.o [2]
USB_ResetPort            0x801'9a63    0x40  Code  Gb  stm32f4xx_ll_usb.o [2]
USB_SetCurrentMode       0x801'97ed    0x38  Code  Gb  stm32f4xx_ll_usb.o [2]
USB_StopHost             0x801'a079    0xa0  Code  Gb  stm32f4xx_ll_usb.o [2]
USB_WritePacket          0x801'9869    0x38  Code  Gb  stm32f4xx_ll_usb.o [2]
UTF8toANSI(unsigned char *)
                         0x801'cc7d    0x3a  Code  Gb  unicode_utils.o [2]
UnicodeToUTF8(unsigned short)
                         0x801'ccc1    0x36  Code  Gb  unicode_utils.o [2]
UnicodeToUTF8_Str(char *, unsigned short *, unsigned short)
                         0x801'ccf7    0x74  Code  Gb  unicode_utils.o [2]
UsageFault_Handler       0x802'377d     0x2  Code  Gb  stm32f4xx_it.o [2]
UsbFS                   0x2000'00f0   0x838  Data  Gb  fatfs.o [2]
UsbPath                 0x2000'1640     0x8  Data  Gb  fatfs.o [2]
_Encoding_8859_1_Mbrlen
                         0x801'a211     0x2  Code  Gb  xencoding_8859_1.o [3]
_Encoding_8859_1_Wctomb
                         0x801'a1ff    0x12  Code  Gb  xencoding_8859_1.o [3]
_GenldFull               0x801'f339   0x274  Code  Lc  xprintffull.o [3]
_LdtobFull               0x801'ef35   0x3d6  Code  Lc  xprintffull.o [3]
_LitobFull               0x801'ede5   0x10a  Code  Lc  xprintffull.o [3]
_Locale_lconv           0x2000'0068    0x38  Data  Lc  xlocale_c.o [3]
_PrintfFull              0x801'e719   0x1aa  Code  Gb  xprintffull.o [3]
_PutcharsFull            0x801'f5ad    0x2e  Code  Lc  xprintffull.o [3]
_PutfldFull              0x801'e955   0x2d4  Code  Lc  xprintffull.o [3]
_PutstrFull              0x801'ed1f    0xc6  Code  Lc  xprintffull.o [3]
_PuttxtFull              0x801'ec29    0xf6  Code  Lc  xprintffull.o [3]
_SProut                  0x801'ad03     0xa  Code  Gb  xsprout.o [3]
__NVIC_EnableIRQ         0x801'a45d    0x1c  Code  Lc  stm32f4xx_hal_cortex.o [2]
__NVIC_GetPriorityGrouping
                         0x801'a453     0xa  Code  Lc  stm32f4xx_hal_cortex.o [2]
__NVIC_SetPriority       0x801'a479    0x24  Code  Lc  stm32f4xx_hal_cortex.o [2]
__NVIC_SetPriorityGrouping
                         0x801'a439    0x1a  Code  Lc  stm32f4xx_hal_cortex.o [2]
__aeabi_cdcmple          0x801'fc6d          Code  Gb  DblCmpLe.o [4]
__aeabi_cdrcmple         0x801'fc9d          Code  Gb  DblCmpGe.o [4]
__aeabi_d2f              0x801'd069          Code  Gb  DblToFlt.o [4]
__aeabi_d2iz             0x801'fe09          Code  Gb  DblToS32.o [4]
__aeabi_d2uiz            0x801'ff4d          Code  Gb  DblToU32.o [4]
__aeabi_ddiv             0x801'ce21          Code  Gb  DblDiv.o [4]
__aeabi_dmul             0x801'fa59          Code  Gb  DblMul.o [4]
__aeabi_dsub             0x801'fe69          Code  Gb  DblSub.o [4]
__aeabi_f2d              0x801'cdd9          Code  Gb  FltToDbl.o [4]
__aeabi_i2d              0x801'fe45          Code  Gb  S32ToDbl.o [4]
__aeabi_memclr4          0x801'a1f9          Code  Gb  ABImemclr4.o [5]
__aeabi_memcpy           0x801'a119          Code  Gb  ABImemcpy.o [5]
__aeabi_memcpy4          0x801'a139          Code  Gb  ABImemcpy.o [5]
__aeabi_memcpy8          0x801'a139          Code  Gb  ABImemcpy.o [5]
__aeabi_memset           0x801'dc55          Code  Gb  ABImemset.o [5]
__aeabi_ui2d             0x801'ff75          Code  Gb  U32ToDbl.o [4]
__aeabi_uldivmod         0x801'f661          Code  Gb  I64DivMod.o [5]
__cmain                  0x802'39a9          Code  Gb  cmain.o [5]
__data_GetMemChunk       0x801'72f5    0x2c  Code  Gb  xgetmemchunk.o [3]
__data_GetMemChunk::start
                        0x2000'1660     0x4  Data  Lc  xgetmemchunk.o [3]
__exit                   0x801'7321    0x14  Code  Gb  exit.o [6]
__iar_Fail_s             0x801'f97d    0x1c  Code  Gb  xfail_s.o [3]
__iar_Mbcurmax           0x801'fa4d     0xa  Code  Gb  xmbcurmax.o [3]
__iar_Memchr             0x801'f9f5          Code  Gb  memchr.o [5]
__iar_Memset             0x801'dc55          Code  Gb  ABImemset.o [5]
__iar_Memset4_word       0x801'b45d          Code  Gb  ABImemset48.o [5]
__iar_Memset8_word       0x801'b45d          Code  Gb  ABImemset48.o [5]
__iar_Memset_word        0x801'dc5d          Code  Gb  ABImemset.o [5]
__iar_Strchr             0x801'f965          Code  Gb  strchr.o [5]
__iar_dadd               0x801'fe79          Code  Gb  DblSub.o [4]
__iar_data_init3         0x802'3895    0x28  Code  Gb  data_init.o [5]
__iar_debug_exceptions   0x801'b412     0x1  Data  Gb  unwind_debug.o [6]
__iar_dlfree             0x801'6d73   0x4f6  Code  Gb  dlmalloc.o [3]
__iar_dlmalloc           0x801'6abd   0x2b6  Code  Gb  dlmalloc.o [3]
__iar_dsub               0x802'0075          Code  Gb  DblAdd.o [4]
__iar_dsubStart          0x802'0087          Code  Gb  DblAdd.o [4]
__iar_frexp              0x801'fc09          Code  Gb  frexp.o [4]
__iar_frexpl             0x801'fc09          Code  Gb  frexp.o [4]
__iar_globLocale        0x2000'00a0    0x48  Data  Lc  xlocale_c.o [3]
__iar_global_Locale      0x801'f8ed     0x4  Code  Gb  xlocale_c.o [3]
__iar_init_vfp           0x802'3905          Code  Gb  fpinit_M.o [4]
__iar_ldexp64            0x801'fccd          Code  Gb  ldexp.o [4]
__iar_lz77_init_single3
                         0x801'727b    0x7a  Code  Gb  lz77_init_single.o [5]
__iar_program_start      0x802'3ae9          Code  Gb  cstartup_M.o [5]
__iar_scalbln64          0x801'fccd          Code  Gb  ldexp.o [4]
__iar_scalbn64           0x801'fccd          Code  Gb  ldexp.o [4]
__iar_softfp___iar_frexp64
                         0x801'fbfd          Code  Gb  frexp.o [4]
__iar_softfp_frexp       0x801'fbfd          Code  Gb  frexp.o [4]
__iar_softfp_frexpl      0x801'fbfd          Code  Gb  frexp.o [4]
__iar_zero_init3         0x801'a1bf    0x3a  Code  Gb  zero_init3.o [5]
__low_level_init         0x802'39c7     0x4  Code  Gb  low_level_init.o [3]
__vector_table           0x801'0000          Data  Gb  startup_stm32f407xx.o [2]
_call_main               0x802'39b5          Code  Gb  cmain.o [5]
_exit                    0x802'39d1          Code  Gb  cexit.o [5]
_gLocale_mblen           0x801'f951     0x4  Code  Gb  xlocale_c.o [3]
_gLocale_mblenInt        0x801'f915    0x2c  Code  Gb  xlocale_c.o [3]
_gLocale_wctomb          0x801'f955     0x4  Code  Gb  xlocale_c.o [3]
_gLocale_wctombInt       0x801'f94d     0x4  Code  Gb  xlocale_c.o [3]
_gm_                    0x2000'11c4   0x1d8  Data  Lc  dlmalloc.o [3]
_main                    0x802'39c3          Code  Gb  cmain.o [5]
_touch_ReadCoords        0x801'bd2d   0x124  Code  Gb  touch_spi.o [2]
_touch_RefreshState      0x801'be51    0xc0  Code  Gb  touch_spi.o [2]
abort                    0x801'7275     0x6  Code  Gb  abort.o [3]
add_segment              0x801'615d   0x1f2  Code  Lc  dlmalloc.o [3]
check_fs                 0x801'36c3    0x76  Code  Lc  ff.o [2]
chk_chr                  0x801'22a3    0x14  Code  Lc  ff.o [2]
clst2sect                0x801'2497    0x1a  Code  Lc  ff.o [2]
cmp_lfn                  0x801'2b91    0xa0  Code  Lc  ff.o [2]
create_chain             0x801'27a5   0x130  Code  Lc  ff.o [2]
create_name              0x801'3355   0x286  Code  Lc  ff.o [2]
dbc_1st                  0x801'22b7     0xe  Code  Lc  ff.o [2]
dbc_2nd                  0x801'22c5     0xe  Code  Lc  ff.o [2]
dir_alloc                0x801'2add    0x64  Code  Lc  ff.o [2]
dir_clear                0x801'28d5    0x64  Code  Lc  ff.o [2]
dir_find                 0x801'2f0f   0x118  Code  Lc  ff.o [2]
dir_next                 0x801'29eb    0xf2  Code  Lc  ff.o [2]
dir_read                 0x801'2e0f   0x100  Code  Lc  ff.o [2]
dir_register             0x801'3027   0x166  Code  Lc  ff.o [2]
dir_sdi                  0x801'2939    0xb2  Code  Lc  ff.o [2]
disk                    0x2000'1634     0xc  Data  Gb  ff_gen_drv.o [2]
disk_initialize          0x801'41ef    0x32  Code  Gb  diskio.o [2]
disk_ioctl               0x801'425d    0x20  Code  Gb  diskio.o [2]
disk_read                0x801'4221    0x1e  Code  Gb  diskio.o [2]
disk_status              0x801'41d1    0x1e  Code  Gb  diskio.o [2]
disk_write               0x801'423f    0x1e  Code  Gb  diskio.o [2]
dmabuff                 0x2000'153c    0x60  Data  Gb  touch_spi.o [2]
exit                     0x802'39cb     0x4  Code  Gb  exit.o [3]
f_close                  0x801'3fc3    0x2a  Code  Gb  ff.o [2]
f_getfree                0x801'40d1   0x100  Code  Gb  ff.o [2]
f_mount                  0x801'3abf    0x54  Code  Gb  ff.o [2]
f_open                   0x801'3b3d   0x21a  Code  Gb  ff.o [2]
f_opendir                0x801'3fed    0x88  Code  Gb  ff.o [2]
f_read                   0x801'3d57   0x1cc  Code  Gb  ff.o [2]
f_readdir                0x801'4075    0x5c  Code  Gb  ff.o [2]
f_sync                   0x801'3f23    0xa0  Code  Gb  ff.o [2]
ff_oem2uni               0x801'42c7    0x3a  Code  Gb  ffunicode.o [2]
ff_uni2oem               0x801'4281    0x46  Code  Gb  ffunicode.o [2]
ff_wtoupper              0x801'4301    0xb6  Code  Gb  ffunicode.o [2]
ff_wtoupper::cvt1        0x802'2bc0   0x1f4  Data  Lc  ffunicode.o [2]
ff_wtoupper::cvt2        0x802'3638    0xbc  Data  Lc  ffunicode.o [2]
filebuff                0x1000'0000  0x2000  Data  Gb  main.o [2]
find_volume              0x801'3745    0x6c  Code  Lc  ff.o [2]
fnt12_data               0x802'20bc   0x6b4  Data  Gb  fnt12.o [2]
fnt12_width              0x802'2ef8   0x140  Data  Gb  fnt12.o [2]
fnt18_data               0x802'01e0   0xea4  Data  Gb  fnt18.o [2]
fnt18_width              0x802'3038   0x140  Data  Gb  fnt18.o [2]
fnt18bold_data           0x801'7334  0x10c8  Data  Gb  fnt18bold.o [2]
fnt18bold_width          0x802'3178   0x140  Data  Gb  fnt18bold.o [2]
fnt24_data               0x801'4438  0x195c  Data  Gb  fnt24.o [2]
fnt24_width              0x802'32b8   0x140  Data  Gb  fnt24.o [2]
fnt24bold_data           0x801'0188  0x2094  Data  Gb  fnt24bold.o [2]
fnt24bold_width          0x802'33f8   0x140  Data  Gb  fnt24bold.o [2]
follow_path              0x801'35db    0x9a  Code  Lc  ff.o [2]
font_fnt12              0x2000'0000     0xc  Data  Gb  fnt12.o [2]
font_fnt18              0x2000'000c     0xc  Data  Gb  fnt18.o [2]
font_fnt18bold          0x2000'0018     0xc  Data  Gb  fnt18bold.o [2]
font_fnt24              0x2000'0024     0xc  Data  Gb  fnt24.o [2]
font_fnt24bold          0x2000'0030     0xc  Data  Gb  fnt24bold.o [2]
free                     0x802'1ccd     0x4  Code  Gb  heaptramp0.o [3]
gen_numname              0x801'2d4d    0xa2  Code  Lc  ff.o [2]
get_fat                  0x801'24b1   0x10a  Code  Lc  ff.o [2]
get_fattime              0x801'43e1     0x4  Code  Gb  fatfs.o [2]
get_fileinfo             0x801'318d   0x1c8  Code  Lc  ff.o [2]
get_ldnumber             0x801'3675    0x4e  Code  Lc  ff.o [2]
hLcdDma                 0x2000'141c    0x60  Data  Gb  lcd_low.o [2]
hRTC                    0x2000'15ec    0x20  Data  Gb  rtc.o [2]
hTouch                  0x2000'139c    0x80  Data  Gb  touch_spi.o [2]
hTouchDmaRx             0x2000'147c    0x60  Data  Gb  touch_spi.o [2]
hTouchDmaTx             0x2000'14dc    0x60  Data  Gb  touch_spi.o [2]
hUsbHost                0x2000'0928   0x3d8  Data  Gb  usb_host.o [2]
hhcd_USB_OTG_FS         0x2000'0d00   0x2c4  Data  Gb  usbh_conf.o [2]
hsram1                  0x2000'159c    0x50  Data  Gb  fsmc.o [2]
init_mparams             0x801'5daf    0x32  Code  Lc  dlmalloc.o [3]
init_top                 0x801'5de1    0x36  Code  Lc  dlmalloc.o [3]
lcdui_bgcolor           0x2000'166c     0x2  Data  Gb  lcd_ui.o [2]
lcdui_color             0x2000'00ec     0x2  Data  Gb  lcd_ui.o [2]
lcdui_current_font      0x2000'003c     0x4  Data  Gb  lcd_ui.o [2]
lcdui_cursor_x          0x2000'1668     0x2  Data  Gb  lcd_ui.o [2]
lcdui_cursor_y          0x2000'166a     0x2  Data  Gb  lcd_ui.o [2]
lcdui_height            0x2000'00ea     0x2  Data  Gb  lcd_ui.o [2]
lcdui_width             0x2000'00e8     0x2  Data  Gb  lcd_ui.o [2]
ld_clust                 0x801'2b41    0x26  Code  Lc  ff.o [2]
ld_dword                 0x801'2229    0x16  Code  Lc  ff.o [2]
ld_word                  0x801'221d     0xc  Code  Lc  ff.o [2]
ldexp                    0x801'fccd          Code  Gb  ldexp.o [4]
ldexpl                   0x801'fccd          Code  Gb  ldexp.o [4]
localeconv               0x801'f959     0x4  Code  Gb  xlocale_c.o [3]
main                     0x801'ad0d   0x5b6  Code  Gb  main.o [2]
mem_cmp                  0x801'2285    0x1e  Code  Lc  ff.o [2]
mem_cpy                  0x801'2265    0x14  Code  Lc  ff.o [2]
mem_set                  0x801'2279     0xc  Code  Lc  ff.o [2]
memchr                   0x801'f9f5          Code  Gb  memchr.o [5]
mount_volume             0x801'37b1   0x2c6  Code  Lc  ff.o [2]
move_window              0x801'23c5    0x3e  Code  Lc  ff.o [2]
mparams                 0x2000'160c    0x18  Data  Lc  dlmalloc.o [3]
pick_lfn                 0x801'2c31    0x90  Code  Lc  ff.o [2]
prepend_alloc            0x801'5e17   0x346  Code  Lc  dlmalloc.o [3]
put_fat                  0x801'25bb   0x15c  Code  Lc  ff.o [2]
put_lfn                  0x801'2cc1    0x84  Code  Lc  ff.o [2]
put_utf                  0x801'2319    0x5c  Code  Lc  ff.o [2]
remove_chain             0x801'2717    0x8e  Code  Lc  ff.o [2]
retUSBH                 0x2000'166e     0x1  Data  Gb  fatfs.o [2]
scalbln                  0x801'fccd          Code  Gb  ldexp.o [4]
scalblnl                 0x801'fccd          Code  Gb  ldexp.o [4]
scalbn                   0x801'fccd          Code  Gb  ldexp.o [4]
scalbnl                  0x801'fccd          Code  Gb  ldexp.o [4]
scale                    0x801'eeef    0x46  Code  Lc  xprintffull.o [3]
sec_hand                0x2000'165c     0x4  Data  Lc  xfail_s.o [3]
segment_holding          0x801'5d95    0x1a  Code  Lc  dlmalloc.o [3]
sprintf                  0x801'cc3d    0x40  Code  Gb  sprintf.o [3]
st_clust                 0x801'2b67    0x2a  Code  Lc  ff.o [2]
st_dword                 0x801'224d    0x18  Code  Lc  ff.o [2]
st_word                  0x801'223f     0xe  Code  Lc  ff.o [2]
strcat_uni(unsigned short *, unsigned short *)
                         0x801'cd8d    0x2c  Code  Gb  unicode_utils.o [2]
strchr                   0x801'f965          Code  Gb  strchr.o [5]
strcmp                   0x801'cdb9          Code  Gb  strcmp.o [5]
strcpy_uni(unsigned short *, unsigned short *)
                         0x801'cd6b    0x22  Code  Gb  unicode_utils.o [2]
strlen                   0x801'f9bd          Code  Gb  strlen.o [5]
sum_sfn                  0x801'2def    0x20  Code  Lc  ff.o [2]
sync_fs                  0x801'2403    0x94  Code  Lc  ff.o [2]
sync_window              0x801'2375    0x50  Code  Lc  ff.o [2]
sys_alloc                0x801'6355   0x164  Code  Lc  dlmalloc.o [3]
sys_trim                 0x801'64b9    0x64  Code  Lc  dlmalloc.o [3]
tchar2uni                0x801'22d3    0x46  Code  Lc  ff.o [2]
tmalloc_large            0x801'6529   0x386  Code  Lc  dlmalloc.o [3]
tmalloc_small            0x801'68af   0x200  Code  Lc  dlmalloc.o [3]
touch_info              0x2000'1624    0x10  Data  Gb  touch_spi.o [2]
touch_point             0x2000'1658     0x4  Data  Gb  touch_spi.o [2]
uc866                    0x802'3538   0x100  Data  Lc  ffunicode.o [2]
uwTick                  0x2000'1650     0x4  Data  Gb  stm32f4xx_hal.o [2]
uwTickFreq              0x2000'00ee     0x1  Data  Gb  stm32f4xx_hal.o [2]
uwTickPrio              0x2000'0040     0x4  Data  Gb  stm32f4xx_hal.o [2]
validate                 0x801'3a77    0x48  Code  Lc  ff.o [2]


[1] = D:\Electronics\Projects\MKS_DLP_new\SRC\IMGS\original
[2] = D:\Electronics\Projects\MKS_DLP_new\SRC\firmware\MKS_DLP_new_debug\Obj
[3] = dl7M_tlf.a
[4] = m7M_tls.a
[5] = rt7M_tl.a
[6] = shb_l.a

  51 663 bytes of readonly  code memory
  29 173 bytes of readonly  data memory
  26 224 bytes of readwrite data memory

Errors: none
Warnings: none
