###############################################################################
#
# IAR ELF Linker V8.32.1.169/W32 for ARM                  23/Jul/2020  21:19:42
# Copyright 2007-2018 IAR Systems AB.
#
#    Output file  =  
#        D:\Electronics\Projects\MKS_DLP_new\SRC\firmware\MKS_DLP_new_debug\Exe\MKS_DLP_new.out
#    Map file     =  
#        D:\Electronics\Projects\MKS_DLP_new\SRC\firmware\MKS_DLP_new_debug\List\MKS_DLP_new.map
#    Command line =  
#        -f C:\Temp\EW59AA.tmp
#        (D:\Electronics\Projects\MKS_DLP_new\SRC\firmware\MKS_DLP_new_debug\Obj\diskio.o
#        D:\Electronics\Projects\MKS_DLP_new\SRC\firmware\MKS_DLP_new_debug\Obj\fatfs.o
#        D:\Electronics\Projects\MKS_DLP_new\SRC\firmware\MKS_DLP_new_debug\Obj\ff.o
#        D:\Electronics\Projects\MKS_DLP_new\SRC\firmware\MKS_DLP_new_debug\Obj\ff_gen_drv.o
#        D:\Electronics\Projects\MKS_DLP_new\SRC\firmware\MKS_DLP_new_debug\Obj\ffsystem.o
#        D:\Electronics\Projects\MKS_DLP_new\SRC\firmware\MKS_DLP_new_debug\Obj\ffunicode.o
#        D:\Electronics\Projects\MKS_DLP_new\SRC\firmware\MKS_DLP_new_debug\Obj\fnt18.o
#        D:\Electronics\Projects\MKS_DLP_new\SRC\firmware\MKS_DLP_new_debug\Obj\fnt18b.o
#        D:\Electronics\Projects\MKS_DLP_new\SRC\firmware\MKS_DLP_new_debug\Obj\fnt24.o
#        D:\Electronics\Projects\MKS_DLP_new\SRC\firmware\MKS_DLP_new_debug\Obj\fnt24b.o
#        D:\Electronics\Projects\MKS_DLP_new\SRC\firmware\MKS_DLP_new_debug\Obj\fsmc.o
#        D:\Electronics\Projects\MKS_DLP_new\SRC\firmware\MKS_DLP_new_debug\Obj\gpio.o
#        D:\Electronics\Projects\MKS_DLP_new\SRC\firmware\MKS_DLP_new_debug\Obj\lcd_low.o
#        D:\Electronics\Projects\MKS_DLP_new\SRC\firmware\MKS_DLP_new_debug\Obj\lcd_ui.o
#        D:\Electronics\Projects\MKS_DLP_new\SRC\firmware\MKS_DLP_new_debug\Obj\main.o
#        D:\Electronics\Projects\MKS_DLP_new\SRC\firmware\MKS_DLP_new_debug\Obj\rtc.o
#        D:\Electronics\Projects\MKS_DLP_new\SRC\firmware\MKS_DLP_new_debug\Obj\startup_stm32f407xx.o
#        D:\Electronics\Projects\MKS_DLP_new\SRC\firmware\MKS_DLP_new_debug\Obj\stm32f4xx_hal.o
#        D:\Electronics\Projects\MKS_DLP_new\SRC\firmware\MKS_DLP_new_debug\Obj\stm32f4xx_hal_cortex.o
#        D:\Electronics\Projects\MKS_DLP_new\SRC\firmware\MKS_DLP_new_debug\Obj\stm32f4xx_hal_dma.o
#        D:\Electronics\Projects\MKS_DLP_new\SRC\firmware\MKS_DLP_new_debug\Obj\stm32f4xx_hal_dma_ex.o
#        D:\Electronics\Projects\MKS_DLP_new\SRC\firmware\MKS_DLP_new_debug\Obj\stm32f4xx_hal_exti.o
#        D:\Electronics\Projects\MKS_DLP_new\SRC\firmware\MKS_DLP_new_debug\Obj\stm32f4xx_hal_flash.o
#        D:\Electronics\Projects\MKS_DLP_new\SRC\firmware\MKS_DLP_new_debug\Obj\stm32f4xx_hal_flash_ex.o
#        D:\Electronics\Projects\MKS_DLP_new\SRC\firmware\MKS_DLP_new_debug\Obj\stm32f4xx_hal_flash_ramfunc.o
#        D:\Electronics\Projects\MKS_DLP_new\SRC\firmware\MKS_DLP_new_debug\Obj\stm32f4xx_hal_gpio.o
#        D:\Electronics\Projects\MKS_DLP_new\SRC\firmware\MKS_DLP_new_debug\Obj\stm32f4xx_hal_hcd.o
#        D:\Electronics\Projects\MKS_DLP_new\SRC\firmware\MKS_DLP_new_debug\Obj\stm32f4xx_hal_msp.o
#        D:\Electronics\Projects\MKS_DLP_new\SRC\firmware\MKS_DLP_new_debug\Obj\stm32f4xx_hal_pwr.o
#        D:\Electronics\Projects\MKS_DLP_new\SRC\firmware\MKS_DLP_new_debug\Obj\stm32f4xx_hal_pwr_ex.o
#        D:\Electronics\Projects\MKS_DLP_new\SRC\firmware\MKS_DLP_new_debug\Obj\stm32f4xx_hal_rcc.o
#        D:\Electronics\Projects\MKS_DLP_new\SRC\firmware\MKS_DLP_new_debug\Obj\stm32f4xx_hal_rcc_ex.o
#        D:\Electronics\Projects\MKS_DLP_new\SRC\firmware\MKS_DLP_new_debug\Obj\stm32f4xx_hal_rtc.o
#        D:\Electronics\Projects\MKS_DLP_new\SRC\firmware\MKS_DLP_new_debug\Obj\stm32f4xx_hal_rtc_ex.o
#        D:\Electronics\Projects\MKS_DLP_new\SRC\firmware\MKS_DLP_new_debug\Obj\stm32f4xx_hal_spi.o
#        D:\Electronics\Projects\MKS_DLP_new\SRC\firmware\MKS_DLP_new_debug\Obj\stm32f4xx_hal_sram.o
#        D:\Electronics\Projects\MKS_DLP_new\SRC\firmware\MKS_DLP_new_debug\Obj\stm32f4xx_hal_tim.o
#        D:\Electronics\Projects\MKS_DLP_new\SRC\firmware\MKS_DLP_new_debug\Obj\stm32f4xx_hal_tim_ex.o
#        D:\Electronics\Projects\MKS_DLP_new\SRC\firmware\MKS_DLP_new_debug\Obj\stm32f4xx_it.o
#        D:\Electronics\Projects\MKS_DLP_new\SRC\firmware\MKS_DLP_new_debug\Obj\stm32f4xx_ll_fsmc.o
#        D:\Electronics\Projects\MKS_DLP_new\SRC\firmware\MKS_DLP_new_debug\Obj\stm32f4xx_ll_usb.o
#        D:\Electronics\Projects\MKS_DLP_new\SRC\firmware\MKS_DLP_new_debug\Obj\sys_timer.o
#        D:\Electronics\Projects\MKS_DLP_new\SRC\firmware\MKS_DLP_new_debug\Obj\system_stm32f4xx.o
#        D:\Electronics\Projects\MKS_DLP_new\SRC\firmware\MKS_DLP_new_debug\Obj\touch_spi.o
#        D:\Electronics\Projects\MKS_DLP_new\SRC\firmware\MKS_DLP_new_debug\Obj\unicode_utils.o
#        D:\Electronics\Projects\MKS_DLP_new\SRC\firmware\MKS_DLP_new_debug\Obj\usb_host.o
#        D:\Electronics\Projects\MKS_DLP_new\SRC\firmware\MKS_DLP_new_debug\Obj\usbh_conf.o
#        D:\Electronics\Projects\MKS_DLP_new\SRC\firmware\MKS_DLP_new_debug\Obj\usbh_core.o
#        D:\Electronics\Projects\MKS_DLP_new\SRC\firmware\MKS_DLP_new_debug\Obj\usbh_ctlreq.o
#        D:\Electronics\Projects\MKS_DLP_new\SRC\firmware\MKS_DLP_new_debug\Obj\usbh_diskio.o
#        D:\Electronics\Projects\MKS_DLP_new\SRC\firmware\MKS_DLP_new_debug\Obj\usbh_ioreq.o
#        D:\Electronics\Projects\MKS_DLP_new\SRC\firmware\MKS_DLP_new_debug\Obj\usbh_msc.o
#        D:\Electronics\Projects\MKS_DLP_new\SRC\firmware\MKS_DLP_new_debug\Obj\usbh_msc_bot.o
#        D:\Electronics\Projects\MKS_DLP_new\SRC\firmware\MKS_DLP_new_debug\Obj\usbh_msc_scsi.o
#        D:\Electronics\Projects\MKS_DLP_new\SRC\firmware\MKS_DLP_new_debug\Obj\usbh_pipes.o
#        D:\Electronics\Projects\MKS_DLP_new\SRC\firmware\MKS_DLP_new_debug\Obj\usbh_platform.o
#        --redirect _Printf=_PrintfFull --redirect _Scanf=_ScanfFull
#        --no_out_extension -o
#        D:\Electronics\Projects\MKS_DLP_new\SRC\firmware\MKS_DLP_new_debug\Exe\MKS_DLP_new.out
#        --image_input=D:\Electronics\Projects\MKS_DLP_new\SRC\IMGS\original\logo1.bmp,TEST_BMP,readonly,8
#        --map
#        D:\Electronics\Projects\MKS_DLP_new\SRC\firmware\MKS_DLP_new_debug\List\MKS_DLP_new.map
#        --log libraries,call_graph --log_file
#        D:\Electronics\Projects\MKS_DLP_new\SRC\firmware\MKS_DLP_new_debug\List\MKS_DLP_new.log
#        --config
#        D:\Electronics\Projects\MKS_DLP_new\SRC\firmware/config/stm32f407xx_flash.icf
#        --semihosting --entry __iar_program_start --merge_duplicate_sections
#        --vfe --text_out locale)
#
###############################################################################

*******************************************************************************
*** RUNTIME MODEL ATTRIBUTES
***

CppFlavor        = *
__CPP_Exceptions = Disabled
__CPP_Language   = C++14
__Heap_Handler   = DLMalloc
__SystemLibrary  = DLib
__dlib_version   = 6


*******************************************************************************
*** HEAP SELECTION
***

The advanced heap was selected because the application calls memory
allocation functions outside of system library functions, and there
are calls to deallocation functions in the application.


*******************************************************************************
*** PLACEMENT SUMMARY
***

"A0":  place at 0x801'0000 { ro section .intvec };
"P1":  place in [from 0x801'0000 to 0x80f'ffff] { ro };
define block CSTACK with size = 8K, alignment = 8 { };
define block HEAP with size = 4K, alignment = 8 { };
"P2":  place in [from 0x2000'0000 to 0x2001'ffff] {
          rw, block CSTACK, block HEAP };
"P3":  place in [from 0x1000'0000 to 0x1000'ffff] { rw section CCMRAM };
initialize by copy { rw };

  Section            Kind         Address     Size  Object
  -------            ----         -------     ----  ------
"A0":                                        0x188
  .intvec            ro code   0x801'0000    0x188  startup_stm32f407xx.o [2]
                             - 0x801'0188    0x188

"P1":                                      0x5de98
  readonly           const     0x801'0188  0x4b048  logo1.bmp [1]
  .rodata            const     0x805'b1d0   0x2094  fnt24b.o [2]
  .text              ro code   0x805'd264   0x1fb4  ff.o [2]
  .text              ro code   0x805'f218     0xb0  diskio.o [2]
  .text              ro code   0x805'f2c8    0x144  ffunicode.o [2]
  .text              ro code   0x805'f40c     0x20  fatfs.o [2]
  .text              ro code   0x805'f42c     0x54  ff_gen_drv.o [2]
  .rodata            const     0x805'f480   0x195c  fnt24.o [2]
  .text              ro code   0x806'0ddc   0x14e0  dlmalloc.o [3]
  .text              ro code   0x806'22bc      0x6  abort.o [3]
  .text              ro code   0x806'22c2     0x7a  lz77_init_single.o [5]
  .text              ro code   0x806'233c     0x2c  xgetmemchunk.o [3]
  .text              ro code   0x806'2368     0x14  exit.o [6]
  .rodata            const     0x806'237c   0x10c8  fnt18b.o [2]
  .text              ro code   0x806'3444   0x1060  stm32f4xx_hal_hcd.o [2]
  .text              ro code   0x806'44a4    0x2f8  usbh_conf.o [2]
  .text              ro code   0x806'479c    0x9c4  stm32f4xx_ll_usb.o [2]
  .text              ro code   0x806'5160     0xa6  ABImemcpy.o [5]
  .text              ro code   0x806'5206     0x3a  zero_init3.o [5]
  .text              ro code   0x806'5240      0x6  ABImemclr4.o [5]
  .text              ro code   0x806'5246     0x1e  xencoding_8859_1.o [3]
  .text              ro code   0x806'5264    0x21c  stm32f4xx_hal_gpio.o [2]
  .text              ro code   0x806'5480    0x12c  stm32f4xx_hal_cortex.o [2]
  .text              ro code   0x806'55ac    0x79e  usbh_core.o [2]
  .text              ro code   0x806'5d4a      0xa  xsprout.o [3]
  .text              ro code   0x806'5d54    0x6be  main.o [2]
  .rodata            const     0x806'6412      0x1  unwind_debug.o [6]
  .text              ro code   0x806'6414     0x20  usbh_platform.o [2]
  .text              ro code   0x806'6434     0x28  stm32f4xx_hal.o [2]
  .text              ro code   0x806'645c     0x32  ABImemset48.o [5]
  .text              ro code   0x806'648e     0xb6  usbh_pipes.o [2]
  .text              ro code   0x806'6544    0x5bc  usbh_ctlreq.o [2]
  .text              ro code   0x806'6b00     0x34  stm32f4xx_hal.o [2]
  .text              ro code   0x806'6b34    0x140  gpio.o [2]
  .text              ro code   0x806'6c74     0xb8  rtc.o [2]
  .text              ro code   0x806'6d2c    0x3ec  touch_spi.o [2]
  .text              ro code   0x806'7118    0x4dc  lcd_low.o [2]
  .text              ro code   0x806'75f4    0x692  lcd_ui.o [2]
  .text              ro code   0x806'7c88     0x8c  usb_host.o [2]
  .text              ro code   0x806'7d14     0x40  sprintf.o [3]
  .text              ro code   0x806'7d54    0x126  unicode_utils.o [2]
  .text              ro code   0x806'7e7c     0x12  strcmp.o [5]
  .text              ro code   0x806'7e90      0xc  stm32f4xx_hal.o [2]
  .text              ro code   0x806'7e9c     0x48  FltToDbl.o [4]
  .text              ro code   0x806'7ee4    0x246  DblDiv.o [4]
  .text              ro code   0x806'812c     0x68  DblToFlt.o [4]
  .text              ro code   0x806'8194    0x3b4  stm32f4xx_hal_rcc.o [2]
  .text              ro code   0x806'8548    0x1d4  stm32f4xx_hal_rcc.o [2]
  .text              ro code   0x806'871c    0x150  stm32f4xx_hal_rcc_ex.o [2]
  .text              ro code   0x806'886c     0xd0  usbh_ioreq.o [2]
  .text              ro code   0x806'893c     0x4c  stm32f4xx_hal.o [2]
  .text              ro code   0x806'8988     0x40  stm32f4xx_hal_msp.o [2]
  .text              ro code   0x806'89c8    0x34e  stm32f4xx_hal_rtc.o [2]
  .text              ro code   0x806'8d18     0x66  ABImemset.o [5]
  .text              ro code   0x806'8d80    0x4f6  stm32f4xx_hal_spi.o [2]
  .text              ro code   0x806'9278    0x450  stm32f4xx_hal_dma.o [2]
  .text              ro code   0x806'96c8    0x114  fsmc.o [2]
  .text              ro code   0x806'97dc    0xf46  xprintffull.o [3]
  .text              ro code   0x806'a724    0x230  I64DivMod.o [5]
  .text              ro code   0x806'a954     0x5c  stm32f4xx_hal_sram.o [2]
  .text              ro code   0x806'a9b0     0x78  xlocale_c.o [3]
  .text              ro code   0x806'aa28     0x16  strchr.o [5]
  .text              ro code   0x806'aa40     0x40  xfail_s.o [3]
  .text              ro code   0x806'aa80     0x36  strlen.o [5]
  .text              ro code   0x806'aab8     0x58  memchr.o [5]
  .text              ro code   0x806'ab10      0xa  xmbcurmax.o [3]
  .text              ro code   0x806'ab1c    0x1a2  DblMul.o [4]
  .text              ro code   0x806'acc0     0x70  frexp.o [4]
  .text              ro code   0x806'ad30     0x2e  DblCmpLe.o [4]
  .text              ro code   0x806'ad60     0x2e  DblCmpGe.o [4]
  .text              ro code   0x806'ad90    0x13a  ldexp.o [4]
  .text              ro code   0x806'aecc     0x3a  DblToS32.o [4]
  .text              ro code   0x806'af08     0x22  S32ToDbl.o [4]
  .text              ro code   0x806'af2c     0xe2  DblSub.o [4]
  .text              ro code   0x806'b010     0x28  DblToU32.o [4]
  .text              ro code   0x806'b038     0x1a  U32ToDbl.o [4]
  .text              ro code   0x806'b052      0x2  stm32f4xx_hal_spi.o [2]
  .text              ro code   0x806'b054     0xe4  stm32f4xx_ll_fsmc.o [2]
  .text              ro code   0x806'b138    0x16a  DblAdd.o [4]
  .rodata            const     0x806'b2a4    0xea4  fnt18.o [2]
  .text              ro code   0x806'c148    0x8b4  usbh_msc.o [2]
  .text              ro code   0x806'c9fc    0x394  usbh_msc_bot.o [2]
  .text              ro code   0x806'cd90      0x4  heaptramp0.o [3]
  .text              ro code   0x806'cd94    0x3ea  usbh_msc_scsi.o [2]
  .rodata            const     0x806'd180    0x1f4  ffunicode.o [2]
  .text              ro code   0x806'd374    0x144  usbh_diskio.o [2]
  .rodata            const     0x806'd4b8    0x140  fnt18.o [2]
  .rodata            const     0x806'd5f8    0x140  fnt18b.o [2]
  .rodata            const     0x806'd738    0x140  fnt24.o [2]
  .rodata            const     0x806'd878    0x140  fnt24b.o [2]
  .rodata            const     0x806'd9b8    0x100  ffunicode.o [2]
  .rodata            const     0x806'dab8     0xbc  ffunicode.o [2]
  .rodata            const     0x806'db74     0x80  ff.o [2]
  .text              ro code   0x806'dbf4     0x50  stm32f4xx_it.o [2]
  .text              ro code   0x806'dc44     0x24  sys_timer.o [2]
  .rodata            const     0x806'dc68     0x2c  main.o [2]
  .rodata            const     0x806'dc94     0x2c  main.o [2]
  .rodata            const     0x806'dcc0     0x2c  main.o [2]
  .rodata            const     0x806'dcec     0x28  main.o [2]
  .text              ro code   0x806'dd14     0x28  data_init.o [5]
  .rodata            const     0x806'dd3c     0x24  main.o [2]
  .rodata            const     0x806'dd60     0x24  main.o [2]
  .text              ro code   0x806'dd84     0x22  fpinit_M.o [4]
  .iar.init_table    const     0x806'dda8     0x20  - Linker created -
  .rodata            const     0x806'ddc8     0x20  main.o [2]
  .rodata            const     0x806'dde8     0x20  main.o [2]
  .text              ro code   0x806'de08     0x20  system_stm32f4xx.o [2]
  .text              ro code   0x806'de28     0x1e  cmain.o [5]
  .text              ro code   0x806'de46      0x4  low_level_init.o [3]
  .text              ro code   0x806'de4a      0x4  exit.o [3]
  .text              ro code   0x806'de50      0xa  cexit.o [5]
  .rodata            const     0x806'de5c     0x1c  main.o [2]
  .rodata            const     0x806'de78     0x1c  main.o [2]
  .rodata            const     0x806'de94     0x18  main.o [2]
  .rodata            const     0x806'deac     0x14  main.o [2]
  .rodata            const     0x806'dec0     0x14  usbh_diskio.o [2]
  .rodata            const     0x806'ded4     0x10  ff.o [2]
  .rodata            const     0x806'dee4     0x10  main.o [2]
  .rodata            const     0x806'def4     0x10  main.o [2]
  .rodata            const     0x806'df04     0x10  system_stm32f4xx.o [2]
  .text              ro code   0x806'df14     0x10  startup_stm32f407xx.o [2]
  .rodata            const     0x806'df24      0xc  ff.o [2]
  .rodata            const     0x806'df30      0xc  main.o [2]
  .rodata            const     0x806'df3c      0xc  main.o [2]
  .rodata            const     0x806'df48      0xc  main.o [2]
  .text              ro code   0x806'df54      0xc  cstartup_M.o [5]
  .rodata            const     0x806'df60      0x8  ff.o [2]
  .rodata            const     0x806'df68      0x8  ff.o [2]
  .rodata            const     0x806'df70      0x8  main.o [2]
  .rodata            const     0x806'df78      0x8  main.o [2]
  .rodata            const     0x806'df80      0x8  stm32f4xx_hal_dma.o [2]
  .rodata            const     0x806'df88      0x6  xlocale_c.o [3]
  .rodata            const     0x806'df90      0x4  rtc.o [2]
  .rodata            const     0x806'df94      0x4  usbh_msc.o [2]
  .text              ro code   0x806'df98      0x4  startup_stm32f407xx.o [2]
  .rodata            const     0x806'df9c      0x0  zero_init3.o [5]
  .rodata            const     0x806'df9c      0x0  lz77_init_single.o [5]
  Initializer bytes  const     0x806'df9c     0x84  <for P2-1>
                             - 0x806'e020  0x5de98

"P3":                                       0x2000
  CCMRAM             uninit   0x1000'0000   0x2000  main.o [2]
                            - 0x1000'2000   0x2000

"P2", part 1 of 3:                            0xe3
  P2-1                        0x2000'0000     0xe3  <Init block>
    .data            inited   0x2000'0000      0xc  fnt18.o [2]
    .data            inited   0x2000'000c      0xc  fnt18b.o [2]
    .data            inited   0x2000'0018      0xc  fnt24.o [2]
    .data            inited   0x2000'0024      0xc  fnt24b.o [2]
    .data            inited   0x2000'0030      0x4  lcd_ui.o [2]
    .data            inited   0x2000'0034      0x4  stm32f4xx_hal.o [2]
    .data            inited   0x2000'0038      0x4  system_stm32f4xx.o [2]
    .data            inited   0x2000'003c     0x20  usbh_msc.o [2]
    .data            inited   0x2000'005c     0x38  xlocale_c.o [3]
    .data            inited   0x2000'0094     0x48  xlocale_c.o [3]
    .data            inited   0x2000'00dc      0x2  lcd_ui.o [2]
    .data            inited   0x2000'00de      0x2  lcd_ui.o [2]
    .data            inited   0x2000'00e0      0x2  lcd_ui.o [2]
    .data            inited   0x2000'00e2      0x1  stm32f4xx_hal.o [2]
                            - 0x2000'00e3     0xe3

"P2", part 2 of 3:                          0x1584
  .bss               zero     0x2000'00e4    0x838  fatfs.o [2]
  .bss               zero     0x2000'091c    0x3d8  usb_host.o [2]
  .bss               zero     0x2000'0cf4    0x2c4  usbh_conf.o [2]
  .bss               zero     0x2000'0fb8    0x200  ff.o [2]
  .bss               zero     0x2000'11b8    0x1d8  dlmalloc.o [3]
  .bss               zero     0x2000'1390     0x80  touch_spi.o [2]
  .bss               zero     0x2000'1410     0x60  lcd_low.o [2]
  .bss               zero     0x2000'1470     0x60  touch_spi.o [2]
  .bss               zero     0x2000'14d0     0x60  touch_spi.o [2]
  .bss               zero     0x2000'1530     0x60  touch_spi.o [2]
  .bss               zero     0x2000'1590     0x50  fsmc.o [2]
  .bss               zero     0x2000'15e0     0x20  rtc.o [2]
  .bss               zero     0x2000'1600     0x18  dlmalloc.o [3]
  .bss               zero     0x2000'1618     0x10  touch_spi.o [2]
  .bss               zero     0x2000'1628      0xc  ff_gen_drv.o [2]
  .bss               zero     0x2000'1634      0x8  fatfs.o [2]
  .bss               zero     0x2000'163c      0x4  ff.o [2]
  .bss               zero     0x2000'1640      0x4  fsmc.o [2]
  .bss               zero     0x2000'1644      0x4  stm32f4xx_hal.o [2]
  .bss               zero     0x2000'1648      0x4  stm32f4xx_ll_usb.o [2]
  .bss               zero     0x2000'164c      0x4  touch_spi.o [2]
  .bss               zero     0x2000'1650      0x4  xfail_s.o [3]
  .bss               zero     0x2000'1654      0x4  xgetmemchunk.o [3]
  .bss               zero     0x2000'1658      0x2  ff.o [2]
  .bss               zero     0x2000'165a      0x2  lcd_low.o [2]
  .bss               zero     0x2000'165c      0x2  lcd_ui.o [2]
  .bss               zero     0x2000'165e      0x2  lcd_ui.o [2]
  .bss               zero     0x2000'1660      0x2  lcd_ui.o [2]
  .bss               zero     0x2000'1662      0x1  fatfs.o [2]
  .bss               zero     0x2000'1663      0x1  main.o [2]
  .bss               zero     0x2000'1664      0x1  usb_host.o [2]
                            - 0x2000'1665   0x1581

"P2", part 3 of 3:                          0x3000
  CSTACK                      0x2000'1668   0x2000  <Block>
    CSTACK           uninit   0x2000'1668   0x2000  <Block tail>
  HEAP                        0x2000'3668   0x1000  <Block>
    HEAP             uninit   0x2000'3668   0x1000  <Block tail>
                            - 0x2000'4668   0x3000

Unused ranges:

         From           To      Size
         ----           --      ----
   0x806'e020   0x80f'ffff  0x9'1fe0
  0x1000'2000  0x1000'ffff    0xe000
  0x2000'00e3  0x2000'00e3       0x1
  0x2000'4668  0x2001'ffff  0x1'b998


*******************************************************************************
*** INIT TABLE
***

          Address      Size
          -------      ----
Zero (__iar_zero_init3)
    1 destination range, total size 0x1581:
          0x2000'00e4  0x1581

Copy/lz77 (__iar_lz77_init_single3)
    1 source range, total size 0x84 (58% of destination):
           0x806'df9c    0x84
    1 destination range, total size 0xe3:
          0x2000'0000    0xe3



*******************************************************************************
*** MODULE SUMMARY
***

    Module                  ro code  ro data  rw data
    ------                  -------  -------  -------
command line/config:
    -------------------------------------------------
    Total:

D:\Electronics\Projects\MKS_DLP_new\SRC\IMGS\original: [1]
    logo1.bmp                        307 272
    -------------------------------------------------
    Total:                           307 272

D:\Electronics\Projects\MKS_DLP_new\SRC\firmware\MKS_DLP_new_debug\Obj: [2]
    diskio.o                    176
    fatfs.o                      32             2 113
    ff.o                      8 116      172      518
    ff_gen_drv.o                 84                12
    ffunicode.o                 324      944
    fnt18.o                            4 074       12
    fnt18b.o                           4 623       12
    fnt24.o                            6 819       12
    fnt24b.o                           8 667       12
    fsmc.o                      276                84
    gpio.o                      320
    lcd_low.o                 1 244                98
    lcd_ui.o                  1 682        7       16
    main.o                    1 726      492    8 193
    rtc.o                       184        4       32
    startup_stm32f407xx.o       412
    stm32f4xx_hal.o             180        3        9
    stm32f4xx_hal_cortex.o      300
    stm32f4xx_hal_dma.o       1 104        8
    stm32f4xx_hal_gpio.o        540
    stm32f4xx_hal_hcd.o       4 192
    stm32f4xx_hal_msp.o          64
    stm32f4xx_hal_rcc.o       1 416
    stm32f4xx_hal_rcc_ex.o      336
    stm32f4xx_hal_rtc.o         846
    stm32f4xx_hal_spi.o       1 272
    stm32f4xx_hal_sram.o         92
    stm32f4xx_it.o               80
    stm32f4xx_ll_fsmc.o         228
    stm32f4xx_ll_usb.o        2 500                 4
    sys_timer.o                  36
    system_stm32f4xx.o           32       18        4
    touch_spi.o               1 004               436
    unicode_utils.o             294
    usb_host.o                  140               985
    usbh_conf.o                 760               708
    usbh_core.o               1 950
    usbh_ctlreq.o             1 468
    usbh_diskio.o               324       20
    usbh_ioreq.o                208
    usbh_msc.o                2 228       23       32
    usbh_msc_bot.o              916
    usbh_msc_scsi.o           1 002
    usbh_pipes.o                182
    usbh_platform.o              32
    -------------------------------------------------
    Total:                   38 302   25 874   13 292

dl7M_tlf.a: [3]
    abort.o                       6
    dlmalloc.o                5 344               496
    exit.o                        4
    heaptramp0.o                  4
    low_level_init.o              4
    sprintf.o                    64
    xencoding_8859_1.o           30
    xfail_s.o                    64                 4
    xgetmemchunk.o               44                 4
    xlocale_c.o                 120       80      128
    xmbcurmax.o                  10
    xprintffull.o             3 910
    xsprout.o                    10
    -------------------------------------------------
    Total:                    9 614       80      632

m7M_tls.a: [4]
    DblAdd.o                    362
    DblCmpGe.o                   46
    DblCmpLe.o                   46
    DblDiv.o                    582
    DblMul.o                    418
    DblSub.o                    226
    DblToFlt.o                  104
    DblToS32.o                   58
    DblToU32.o                   40
    FltToDbl.o                   72
    S32ToDbl.o                   34
    U32ToDbl.o                   26
    fpinit_M.o                   34
    frexp.o                     112
    ldexp.o                     314
    -------------------------------------------------
    Total:                    2 474

rt7M_tl.a: [5]
    ABImemclr4.o                  6
    ABImemcpy.o                 166
    ABImemset.o                 102
    ABImemset48.o                50
    I64DivMod.o                 560
    cexit.o                      10
    cmain.o                      30
    cstartup_M.o                 12
    data_init.o                  40
    lz77_init_single.o          122
    memchr.o                     88
    strchr.o                     22
    strcmp.o                     18
    strlen.o                     54
    zero_init3.o                 58
    -------------------------------------------------
    Total:                    1 338

shb_l.a: [6]
    exit.o                       20
    unwind_debug.o                         1
    -------------------------------------------------
    Total:                       20        1

    Gaps                         39       10
    Linker created                        32   12 288
-----------------------------------------------------
    Grand Total:             51 787  333 269   26 212


*******************************************************************************
*** ENTRY LIST
***

Entry                       Address     Size  Type      Object
-----                       -------     ----  ----      ------
.iar.init_table$$Base    0x806'dda8            --   Gb  - Linker created -
.iar.init_table$$Limit   0x806'ddc8            --   Gb  - Linker created -
?main                    0x806'de29           Code  Gb  cmain.o [5]
AHBPrescTable            0x806'df04     0x10  Data  Gb  system_stm32f4xx.o [2]
Appli_state             0x2000'1664      0x1  Data  Gb  usb_host.o [2]
Appli_state_old         0x2000'1663      0x1  Data  Gb  main.o [2]
BusFault_Handler         0x806'dbfb      0x2  Code  Gb  stm32f4xx_it.o [2]
CSTACK$$Base            0x2000'1668            --   Gb  - Linker created -
CSTACK$$Limit           0x2000'3668            --   Gb  - Linker created -
CacheMore                0x806'a9b5     0x24  Code  Lc  xlocale_c.o [3]
DMA1_Stream3_IRQHandler
                         0x806'dc0d      0xa  Code  Gb  stm32f4xx_it.o [2]
DMA1_Stream4_IRQHandler
                         0x806'dc17      0xa  Code  Gb  stm32f4xx_it.o [2]
DMA2_Stream7_IRQHandler
                         0x806'dc2b      0xa  Code  Gb  stm32f4xx_it.o [2]
DMA_CalcBaseAndBitshift
                         0x806'9605     0x30  Code  Lc  stm32f4xx_hal_dma.o [2]
DMA_CalcBaseAndBitshift::flagBitshiftOffset
                         0x806'df80      0x8  Data  Lc  stm32f4xx_hal_dma.o [2]
DMA_CheckFifoParam       0x806'9641     0x88  Code  Lc  stm32f4xx_hal_dma.o [2]
DMA_SetConfig            0x806'95d7     0x2e  Code  Lc  stm32f4xx_hal_dma.o [2]
DeInitStateMachine       0x806'55fd     0x66  Code  Lc  usbh_core.o [2]
DebugMon_Handler         0x806'dc01      0x2  Code  Gb  stm32f4xx_it.o [2]
DeviceCode              0x2000'165a      0x2  Data  Gb  lcd_low.o [2]
Error_Handler            0x806'6411      0x2  Code  Gb  main.o [2]
ExCvt                    0x806'db74     0x80  Data  Lc  ff.o [2]
FATFS_Init               0x805'f40d     0x10  Code  Gb  fatfs.o [2]
FATFS_LinkDriver         0x805'f471      0xa  Code  Gb  ff_gen_drv.o [2]
FATFS_LinkDriverEx       0x805'f42d     0x44  Code  Gb  ff_gen_drv.o [2]
FSMC_Initialized        0x2000'1640      0x4  Data  Lc  fsmc.o [2]
FSMC_NORSRAM_Extended_Timing_Init
                         0x806'b0f1     0x40  Code  Gb  stm32f4xx_ll_fsmc.o [2]
FSMC_NORSRAM_Init        0x806'b055     0x58  Code  Gb  stm32f4xx_ll_fsmc.o [2]
FSMC_NORSRAM_Timing_Init
                         0x806'b0ad     0x44  Code  Gb  stm32f4xx_ll_fsmc.o [2]
FatFs                   0x2000'163c      0x4  Data  Lc  ff.o [2]
Fsid                    0x2000'1658      0x2  Data  Lc  ff.o [2]
GPIO_Init                0x806'6b35    0x140  Code  Gb  gpio.o [2]
HAL_DMA_IRQHandler       0x806'93cd    0x20a  Code  Gb  stm32f4xx_hal_dma.o [2]
HAL_DMA_Init             0x806'9279     0xe0  Code  Gb  stm32f4xx_hal_dma.o [2]
HAL_DMA_Start_IT         0x806'9359     0x74  Code  Gb  stm32f4xx_hal_dma.o [2]
HAL_Delay                0x806'6435     0x28  Code  Wk  stm32f4xx_hal.o [2]
HAL_FSMC_MspInit         0x806'974b     0x70  Code  Gb  fsmc.o [2]
HAL_GPIO_Init            0x806'5265    0x1d0  Code  Gb  stm32f4xx_hal_gpio.o [2]
HAL_GPIO_WritePin        0x806'5435     0x14  Code  Gb  stm32f4xx_hal_gpio.o [2]
HAL_GetTick              0x806'7e91      0xc  Code  Wk  stm32f4xx_hal.o [2]
HAL_HCD_Connect_Callback
                         0x806'4533      0xc  Code  Gb  usbh_conf.o [2]
HAL_HCD_Disconnect_Callback
                         0x806'453f      0xc  Code  Gb  usbh_conf.o [2]
HAL_HCD_GetCurrentFrame
                         0x806'3955      0xa  Code  Gb  stm32f4xx_hal_hcd.o [2]
HAL_HCD_GetCurrentSpeed
                         0x806'395f      0xa  Code  Gb  stm32f4xx_hal_hcd.o [2]
HAL_HCD_HC_GetURBState   0x806'393b      0xe  Code  Gb  stm32f4xx_hal_hcd.o [2]
HAL_HCD_HC_GetXferCount
                         0x806'3949      0xc  Code  Gb  stm32f4xx_hal_hcd.o [2]
HAL_HCD_HC_Halt          0x806'3585     0x2c  Code  Gb  stm32f4xx_hal_hcd.o [2]
HAL_HCD_HC_Init          0x806'34bb     0xca  Code  Gb  stm32f4xx_hal_hcd.o [2]
HAL_HCD_HC_NotifyURBChange_Callback
                         0x806'454b      0x2  Code  Gb  usbh_conf.o [2]
HAL_HCD_HC_SubmitRequest
                         0x806'35b1    0x1f8  Code  Gb  stm32f4xx_hal_hcd.o [2]
HAL_HCD_IRQHandler       0x806'37a9    0x134  Code  Gb  stm32f4xx_hal_hcd.o [2]
HAL_HCD_Init             0x806'3445     0x76  Code  Gb  stm32f4xx_hal_hcd.o [2]
HAL_HCD_MspInit          0x806'44a5     0x82  Code  Gb  usbh_conf.o [2]
HAL_HCD_PortDisabled_Callback
                         0x806'4559      0xc  Code  Gb  usbh_conf.o [2]
HAL_HCD_PortEnabled_Callback
                         0x806'454d      0xc  Code  Gb  usbh_conf.o [2]
HAL_HCD_ResetPort        0x806'3931      0xa  Code  Gb  stm32f4xx_hal_hcd.o [2]
HAL_HCD_SOF_Callback     0x806'4527      0xc  Code  Gb  usbh_conf.o [2]
HAL_HCD_Start            0x806'38dd     0x2e  Code  Gb  stm32f4xx_hal_hcd.o [2]
HAL_HCD_Stop             0x806'390b     0x26  Code  Gb  stm32f4xx_hal_hcd.o [2]
HAL_IncTick              0x806'dc45     0x24  Code  Gb  sys_timer.o [2]
HAL_Init                 0x806'6b01     0x30  Code  Gb  stm32f4xx_hal.o [2]
HAL_InitTick             0x806'893d     0x4c  Code  Wk  stm32f4xx_hal.o [2]
HAL_MspInit              0x806'8989     0x40  Code  Gb  stm32f4xx_hal_msp.o [2]
HAL_NVIC_EnableIRQ       0x806'5579      0xa  Code  Gb  stm32f4xx_hal_cortex.o [2]
HAL_NVIC_SetPriority     0x806'5557     0x22  Code  Gb  stm32f4xx_hal_cortex.o [2]
HAL_NVIC_SetPriorityGrouping
                         0x806'554f      0x8  Code  Gb  stm32f4xx_hal_cortex.o [2]
HAL_RCCEx_PeriphCLKConfig
                         0x806'871d    0x12c  Code  Gb  stm32f4xx_hal_rcc_ex.o [2]
HAL_RCC_ClockConfig      0x806'8549    0x13a  Code  Gb  stm32f4xx_hal_rcc.o [2]
HAL_RCC_OscConfig        0x806'8195    0x3b4  Code  Wk  stm32f4xx_hal_rcc.o [2]
HAL_RTC_Init             0x806'89c9     0xcc  Code  Gb  stm32f4xx_hal_rtc.o [2]
HAL_RTC_SetDate          0x806'8b9b     0xe6  Code  Gb  stm32f4xx_hal_rtc.o [2]
HAL_RTC_SetTime          0x806'8a95    0x106  Code  Gb  stm32f4xx_hal_rtc.o [2]
HAL_RTC_WaitForSynchro   0x806'8c8d     0x36  Code  Gb  stm32f4xx_hal_rtc.o [2]
HAL_SPI_Init             0x806'8d81     0xca  Code  Gb  stm32f4xx_hal_spi.o [2]
HAL_SPI_TransmitReceive_DMA
                         0x806'8e71    0x156  Code  Gb  stm32f4xx_hal_spi.o [2]
HAL_SPI_TxRxCpltCallback
                         0x806'6f11     0x1a  Code  Gb  touch_spi.o [2]
HAL_SRAM_Init            0x806'a955     0x5c  Code  Gb  stm32f4xx_hal_sram.o [2]
HAL_SRAM_MspInit         0x806'97bb      0x8  Code  Gb  fsmc.o [2]
HAL_SYSTICK_Config       0x806'5583      0x8  Code  Gb  stm32f4xx_hal_cortex.o [2]
HCD_HC_IN_IRQHandler     0x806'3969    0x55e  Code  Lc  stm32f4xx_hal_hcd.o [2]
HCD_HC_OUT_IRQHandler    0x806'3ec7    0x478  Code  Lc  stm32f4xx_hal_hcd.o [2]
HCD_Port_IRQHandler      0x806'43fd     0xa8  Code  Lc  stm32f4xx_hal_hcd.o [2]
HCD_RXQLVL_IRQHandler    0x806'433f     0xba  Code  Lc  stm32f4xx_hal_hcd.o [2]
HEAP$$Base              0x2000'3668            --   Gb  - Linker created -
HEAP$$Limit             0x2000'4668            --   Gb  - Linker created -
HardFault_Handler        0x806'dbf7      0x2  Code  Gb  stm32f4xx_it.o [2]
LCDUI_Clear()            0x806'7655      0xe  Code  Gb  lcd_ui.o [2]
LCDUI_DrawBitmap(unsigned short, unsigned short, unsigned char *)
                         0x806'7ba1     0xe6  Code  Gb  lcd_ui.o [2]
LCDUI_DrawChar(char, unsigned short, short, short)
                         0x806'7781    0x18a  Code  Gb  lcd_ui.o [2]
LCDUI_DrawTextUTF(char *, unsigned short, short, short, short, short)
                         0x806'790b    0x266  Code  Gb  lcd_ui.o [2]
LCDUI_Init()             0x806'75f5     0x42  Code  Gb  lcd_ui.o [2]
LCDUI_SetBackColor(unsigned short)
                         0x806'763f      0x8  Code  Gb  lcd_ui.o [2]
LCDUI_SetColor(unsigned short)
                         0x806'7637      0x8  Code  Gb  lcd_ui.o [2]
LCDUI_SetCursorCoord(short, short)
                         0x806'7647      0xe  Code  Gb  lcd_ui.o [2]
LCDUI_SetFont(LCDUI_FONT_TYPE)
                         0x806'773f     0x42  Code  Gb  lcd_ui.o [2]
LCDUI_getchardata(char)
                         0x806'76b3     0x8c  Code  Gb  lcd_ui.o [2]
LCDUI_getcharwidth(char)
                         0x806'7663     0x50  Code  Gb  lcd_ui.o [2]
LCD_BackLight            0x806'75bb     0x1a  Code  Gb  lcd_low.o [2]
LCD_Clear                0x806'7587     0x34  Code  Gb  lcd_low.o [2]
LCD_CtrlLinesConfig      0x806'7119     0xa2  Code  Gb  lcd_low.o [2]
LCD_FSMCConfig           0x806'71bb      0x8  Code  Gb  lcd_low.o [2]
LCD_Initializtion        0x806'722b    0x256  Code  Gb  lcd_low.o [2]
LCD_ReadRAM              0x806'7201      0xa  Code  Gb  lcd_low.o [2]
LCD_ReadReg              0x806'71dd      0xa  Code  Gb  lcd_low.o [2]
LCD_Read_ID              0x806'720b     0x20  Code  Gb  lcd_low.o [2]
LCD_SetCursor            0x806'7481     0x60  Code  Gb  lcd_low.o [2]
LCD_SetWindows           0x806'74e1     0xa6  Code  Gb  lcd_low.o [2]
LCD_WriteCmd             0x806'71e7      0x8  Code  Gb  lcd_low.o [2]
LCD_WriteRAM             0x806'71f9      0x8  Code  Gb  lcd_low.o [2]
LCD_WriteRAM_Prepare     0x806'71ef      0xa  Code  Gb  lcd_low.o [2]
LCD_WriteReg             0x806'71cf      0xe  Code  Gb  lcd_low.o [2]
LCD_X_Init               0x806'71c3      0xc  Code  Gb  lcd_low.o [2]
LfnBuf                  0x2000'0fb8    0x200  Data  Lc  ff.o [2]
LfnOfs                   0x806'ded4     0x10  Data  Lc  ff.o [2]
LoadInt                  0x806'999f     0x7a  Code  Lc  xprintffull.o [3]
MX_FSMC_Init             0x806'96c9     0x82  Code  Gb  fsmc.o [2]
MemManage_Handler        0x806'dbf9      0x2  Code  Gb  stm32f4xx_it.o [2]
NMI_Handler              0x806'dbf5      0x2  Code  Gb  stm32f4xx_it.o [2]
NVIC_EncodePriority      0x806'54e5     0x3c  Code  Lc  stm32f4xx_hal_cortex.o [2]
OTG_FS_IRQHandler        0x806'dc21      0xa  Code  Gb  stm32f4xx_it.o [2]
PendSV_Handler           0x806'dc03      0x2  Code  Gb  stm32f4xx_it.o [2]
RTC_ByteToBcd2           0x806'8cfd     0x18  Code  Gb  stm32f4xx_hal_rtc.o [2]
RTC_Enable               0x806'6d0d     0x10  Code  Gb  rtc.o [2]
RTC_EnterInitMode        0x806'8cc3     0x3a  Code  Gb  stm32f4xx_hal_rtc.o [2]
RTC_Init                 0x806'6c75     0x98  Code  Gb  rtc.o [2]
Region$$Table$$Base      0x806'dda8            --   Gb  - Linker created -
Region$$Table$$Limit     0x806'ddc8            --   Gb  - Linker created -
SPI_DMAError             0x806'90bd     0x24  Code  Lc  stm32f4xx_hal_spi.o [2]
SPI_DMAHalfReceiveCplt   0x806'90a5      0xa  Code  Lc  stm32f4xx_hal_spi.o [2]
SPI_DMAHalfTransmitReceiveCplt
                         0x806'90b1      0xa  Code  Lc  stm32f4xx_hal_spi.o [2]
SPI_DMAReceiveCplt       0x806'8fc9     0x78  Code  Lc  stm32f4xx_hal_spi.o [2]
SPI_DMATransmitReceiveCplt
                         0x806'9041     0x64  Code  Lc  stm32f4xx_hal_spi.o [2]
SPI_EndRxTransaction     0x806'9181     0x92  Code  Lc  stm32f4xx_hal_spi.o [2]
SPI_EndRxTxTransaction   0x806'9213     0x5a  Code  Lc  stm32f4xx_hal_spi.o [2]
SPI_WaitFlagStateUntilTimeout
                         0x806'90e1     0xa0  Code  Lc  stm32f4xx_hal_spi.o [2]
SVC_Handler              0x806'dbff      0x2  Code  Gb  stm32f4xx_it.o [2]
SysTick_Config           0x806'5521     0x2e  Code  Lc  stm32f4xx_hal_cortex.o [2]
SysTick_Handler          0x806'dc05      0x8  Code  Gb  stm32f4xx_it.o [2]
SystemClock_Config()     0x806'62c7     0xc6  Code  Gb  main.o [2]
SystemCoreClock         0x2000'0038      0x4  Data  Gb  system_stm32f4xx.o [2]
SystemInit               0x806'de09     0x12  Code  Gb  system_stm32f4xx.o [2]
TEST_BMP                 0x801'0188  0x4b048  Data  Gb  logo1.bmp [1]
Touch_Enable             0x806'6f9d    0x12e  Code  Gb  touch_spi.o [2]
Touch_GetCoords          0x806'70d7      0xc  Code  Gb  touch_spi.o [2]
Touch_GetState           0x806'70cb      0x6  Code  Gb  touch_spi.o [2]
Touch_Init               0x806'6f2b     0x72  Code  Gb  touch_spi.o [2]
Touch_SetState           0x806'70d1      0x6  Code  Gb  touch_spi.o [2]
USBH_AllocPipe           0x806'64bf     0x32  Code  Gb  usbh_pipes.o [2]
USBH_BulkReceiveData     0x806'8919     0x24  Code  Gb  usbh_ioreq.o [2]
USBH_BulkSendData        0x806'88e7     0x32  Code  Gb  usbh_ioreq.o [2]
USBH_ClosePipe           0x806'64b3      0xc  Code  Gb  usbh_pipes.o [2]
USBH_ClrFeature          0x806'66a9     0x26  Code  Gb  usbh_ctlreq.o [2]
USBH_CtlReceiveData      0x806'88c3     0x24  Code  Gb  usbh_ioreq.o [2]
USBH_CtlReq              0x806'6891     0x54  Code  Gb  usbh_ctlreq.o [2]
USBH_CtlSendData         0x806'8891     0x32  Code  Gb  usbh_ioreq.o [2]
USBH_CtlSendSetup        0x806'886d     0x24  Code  Gb  usbh_ioreq.o [2]
USBH_Delay               0x806'476b      0x8  Code  Gb  usbh_conf.o [2]
USBH_Driver              0x806'dec0     0x14  Data  Gb  usbh_diskio.o [2]
USBH_FindInterface       0x806'56b1     0x66  Code  Gb  usbh_core.o [2]
USBH_FreePipe            0x806'64f1     0x26  Code  Gb  usbh_pipes.o [2]
USBH_GetDescriptor       0x806'65fd     0x3c  Code  Gb  usbh_ctlreq.o [2]
USBH_GetFreePipe         0x806'6517     0x2e  Code  Lc  usbh_pipes.o [2]
USBH_GetNextDesc         0x806'6881     0x10  Code  Gb  usbh_ctlreq.o [2]
USBH_Get_CfgDesc         0x806'6583     0x3a  Code  Gb  usbh_ctlreq.o [2]
USBH_Get_DevDesc         0x806'6545     0x3e  Code  Gb  usbh_ctlreq.o [2]
USBH_Get_StringDesc      0x806'65bd     0x40  Code  Gb  usbh_ctlreq.o [2]
USBH_Get_USB_Status      0x806'4773     0x2a  Code  Gb  usbh_conf.o [2]
USBH_HandleControl       0x806'68e5    0x21c  Code  Lc  usbh_ctlreq.o [2]
USBH_HandleEnum          0x806'5a05    0x2be  Code  Lc  usbh_core.o [2]
USBH_HandleSof           0x806'5cdb     0x1a  Code  Lc  usbh_core.o [2]
USBH_Init                0x806'55ad     0x50  Code  Gb  usbh_core.o [2]
USBH_LL_ClosePipe        0x806'467d     0x1a  Code  Gb  usbh_conf.o [2]
USBH_LL_Connect          0x806'5d05     0x16  Code  Gb  usbh_core.o [2]
USBH_LL_Disconnect       0x806'5d1b     0x30  Code  Gb  usbh_core.o [2]
USBH_LL_DriverVBUS       0x806'46e1     0x1c  Code  Gb  usbh_conf.o [2]
USBH_LL_GetLastXferSize
                         0x806'463f      0xe  Code  Gb  usbh_conf.o [2]
USBH_LL_GetSpeed         0x806'45fd     0x2a  Code  Gb  usbh_conf.o [2]
USBH_LL_GetToggle        0x806'4735     0x36  Code  Gb  usbh_conf.o [2]
USBH_LL_GetURBState      0x806'46d3      0xe  Code  Gb  usbh_conf.o [2]
USBH_LL_IncTimer         0x806'5cc9     0x12  Code  Gb  usbh_core.o [2]
USBH_LL_Init             0x806'4565     0x50  Code  Gb  usbh_conf.o [2]
USBH_LL_OpenPipe         0x806'464d     0x30  Code  Gb  usbh_conf.o [2]
USBH_LL_PortDisabled     0x806'5cfd      0x8  Code  Gb  usbh_core.o [2]
USBH_LL_PortEnabled      0x806'5cf5      0x8  Code  Gb  usbh_core.o [2]
USBH_LL_ResetPort        0x806'4627     0x18  Code  Gb  usbh_conf.o [2]
USBH_LL_SetTimer         0x806'5cc3      0x6  Code  Gb  usbh_core.o [2]
USBH_LL_SetToggle        0x806'46fd     0x38  Code  Gb  usbh_conf.o [2]
USBH_LL_Start            0x806'45cd     0x18  Code  Gb  usbh_conf.o [2]
USBH_LL_Stop             0x806'45e5     0x18  Code  Gb  usbh_conf.o [2]
USBH_LL_SubmitURB        0x806'4697     0x3c  Code  Gb  usbh_conf.o [2]
USBH_MSC_BOT_Abort       0x806'cd01     0x30  Code  Lc  usbh_msc_bot.o [2]
USBH_MSC_BOT_Init        0x806'ca3b     0x22  Code  Gb  usbh_msc_bot.o [2]
USBH_MSC_BOT_Process     0x806'ca5d    0x2a4  Code  Gb  usbh_msc_bot.o [2]
USBH_MSC_BOT_REQ_GetMaxLUN
                         0x806'ca1d     0x1e  Code  Gb  usbh_msc_bot.o [2]
USBH_MSC_BOT_REQ_Reset   0x806'c9fd     0x20  Code  Gb  usbh_msc_bot.o [2]
USBH_MSC_ClassRequest    0x806'c31b     0x90  Code  Lc  usbh_msc.o [2]
USBH_MSC_DecodeCSW       0x806'cd31     0x54  Code  Lc  usbh_msc_bot.o [2]
USBH_MSC_GetLUNInfo      0x806'c897     0x2e  Code  Gb  usbh_msc.o [2]
USBH_MSC_InterfaceDeInit
                         0x806'c2bd     0x5e  Code  Lc  usbh_msc.o [2]
USBH_MSC_InterfaceInit   0x806'c149    0x174  Code  Lc  usbh_msc.o [2]
USBH_MSC_Process         0x806'c3ab    0x380  Code  Lc  usbh_msc.o [2]
USBH_MSC_RdWrProcess     0x806'c72f    0x140  Code  Lc  usbh_msc.o [2]
USBH_MSC_Read            0x806'c8c5     0x9c  Code  Gb  usbh_msc.o [2]
USBH_MSC_SCSI_Inquiry    0x806'ce9b    0x100  Code  Gb  usbh_msc_scsi.o [2]
USBH_MSC_SCSI_Read       0x806'd0e3     0x9c  Code  Gb  usbh_msc_scsi.o [2]
USBH_MSC_SCSI_ReadCapacity
                         0x806'cdf5     0xa6  Code  Gb  usbh_msc_scsi.o [2]
USBH_MSC_SCSI_RequestSense
                         0x806'cf9b     0xac  Code  Gb  usbh_msc_scsi.o [2]
USBH_MSC_SCSI_TestUnitReady
                         0x806'cd95     0x60  Code  Gb  usbh_msc_scsi.o [2]
USBH_MSC_SCSI_Write      0x806'd047     0x9c  Code  Gb  usbh_msc_scsi.o [2]
USBH_MSC_SOFProcess      0x806'c72b      0x4  Code  Lc  usbh_msc.o [2]
USBH_MSC_UnitIsReady     0x806'c86f     0x28  Code  Gb  usbh_msc.o [2]
USBH_MSC_Write           0x806'c961     0x9c  Code  Gb  usbh_msc.o [2]
USBH_OpenPipe            0x806'648f     0x24  Code  Gb  usbh_pipes.o [2]
USBH_ParseCfgDesc        0x806'672b     0xd0  Code  Lc  usbh_ctlreq.o [2]
USBH_ParseDevDesc        0x806'66cf     0x5c  Code  Lc  usbh_ctlreq.o [2]
USBH_ParseEPDesc         0x806'6821     0x20  Code  Lc  usbh_ctlreq.o [2]
USBH_ParseInterfaceDesc
                         0x806'67fb     0x26  Code  Lc  usbh_ctlreq.o [2]
USBH_ParseStringDesc     0x806'6841     0x40  Code  Lc  usbh_ctlreq.o [2]
USBH_Process             0x806'572d    0x2d8  Code  Gb  usbh_core.o [2]
USBH_RegisterClass       0x806'5663     0x2e  Code  Gb  usbh_core.o [2]
USBH_SelectInterface     0x806'5691     0x20  Code  Gb  usbh_core.o [2]
USBH_SetAddress          0x806'6639     0x26  Code  Gb  usbh_ctlreq.o [2]
USBH_SetCfg              0x806'665f     0x24  Code  Gb  usbh_ctlreq.o [2]
USBH_SetFeature          0x806'6683     0x26  Code  Gb  usbh_ctlreq.o [2]
USBH_Start               0x806'5717     0x16  Code  Gb  usbh_core.o [2]
USBH_UserProcess         0x806'7ccd     0x3a  Code  Lc  usb_host.o [2]
USBH_initialize          0x806'd375      0x4  Code  Gb  usbh_diskio.o [2]
USBH_ioctl               0x806'd42f     0x86  Code  Gb  usbh_diskio.o [2]
USBH_msc                0x2000'003c     0x20  Data  Gb  usbh_msc.o [2]
USBH_read                0x806'd395     0x48  Code  Gb  usbh_diskio.o [2]
USBH_status              0x806'd379     0x1c  Code  Gb  usbh_diskio.o [2]
USBH_write               0x806'd3dd     0x52  Code  Gb  usbh_diskio.o [2]
USB_CoreInit             0x806'479d     0x80  Code  Gb  stm32f4xx_ll_usb.o [2]
USB_CoreReset            0x806'491f     0x32  Code  Lc  stm32f4xx_ll_usb.o [2]
USB_DisableGlobalInt     0x806'4829      0xc  Code  Gb  stm32f4xx_ll_usb.o [2]
USB_DoPing               0x806'5067     0x3c  Code  Gb  stm32f4xx_ll_usb.o [2]
USB_DriveVbus            0x806'4aeb     0x4e  Code  Gb  stm32f4xx_ll_usb.o [2]
USB_EnableGlobalInt      0x806'481d      0xc  Code  Gb  stm32f4xx_ll_usb.o [2]
USB_FlushRxFifo          0x806'488f     0x1e  Code  Gb  stm32f4xx_ll_usb.o [2]
USB_FlushTxFifo          0x806'486d     0x22  Code  Gb  stm32f4xx_ll_usb.o [2]
USB_GetCurrentFrame      0x806'4b51      0xa  Code  Gb  stm32f4xx_ll_usb.o [2]
USB_GetHostSpeed         0x806'4b39     0x18  Code  Gb  stm32f4xx_ll_usb.o [2]
USB_GetMode              0x806'4917      0x8  Code  Gb  stm32f4xx_ll_usb.o [2]
USB_HC_Halt              0x806'4f05    0x162  Code  Gb  stm32f4xx_ll_usb.o [2]
USB_HC_Init              0x806'4b5b    0x1de  Code  Gb  stm32f4xx_ll_usb.o [2]
USB_HC_ReadInterrupt     0x806'4efb      0xa  Code  Gb  stm32f4xx_ll_usb.o [2]
USB_HC_StartXfer         0x806'4d39    0x1c2  Code  Gb  stm32f4xx_ll_usb.o [2]
USB_HC_StartXfer::tmpreg
                        0x2000'1648      0x4  Data  Lc  stm32f4xx_ll_usb.o [2]
USB_HOST_Init            0x806'7c89     0x38  Code  Gb  usb_host.o [2]
USB_HOST_Process         0x806'7cc1      0xa  Code  Gb  usb_host.o [2]
USB_HOST_VbusFS          0x806'6415     0x20  Code  Gb  usbh_platform.o [2]
USB_HostInit             0x806'4959    0x102  Code  Gb  stm32f4xx_ll_usb.o [2]
USB_InitFSLSPClkSel      0x806'4a5d     0x4e  Code  Gb  stm32f4xx_ll_usb.o [2]
USB_ReadInterrupts       0x806'490d      0xa  Code  Gb  stm32f4xx_ll_usb.o [2]
USB_ReadPacket           0x806'48e9     0x24  Code  Gb  stm32f4xx_ll_usb.o [2]
USB_ResetPort            0x806'4aab     0x40  Code  Gb  stm32f4xx_ll_usb.o [2]
USB_SetCurrentMode       0x806'4835     0x38  Code  Gb  stm32f4xx_ll_usb.o [2]
USB_StopHost             0x806'50c1     0xa0  Code  Gb  stm32f4xx_ll_usb.o [2]
USB_WritePacket          0x806'48b1     0x38  Code  Gb  stm32f4xx_ll_usb.o [2]
UTF8toANSI(unsigned char *)
                         0x806'7d55     0x2e  Code  Gb  unicode_utils.o [2]
UnicodeToUTF8(unsigned short)
                         0x806'7d83     0x36  Code  Gb  unicode_utils.o [2]
UnicodeToUTF8_Str(char *, unsigned short *, unsigned short)
                         0x806'7db9     0x74  Code  Gb  unicode_utils.o [2]
UsageFault_Handler       0x806'dbfd      0x2  Code  Gb  stm32f4xx_it.o [2]
UsbFS                   0x2000'00e4    0x838  Data  Gb  fatfs.o [2]
UsbPath                 0x2000'1634      0x8  Data  Gb  fatfs.o [2]
_Encoding_8859_1_Mbrlen
                         0x806'5259      0x2  Code  Gb  xencoding_8859_1.o [3]
_Encoding_8859_1_Wctomb
                         0x806'5247     0x12  Code  Gb  xencoding_8859_1.o [3]
_GenldFull               0x806'a3fd    0x274  Code  Lc  xprintffull.o [3]
_LdtobFull               0x806'9ff9    0x3d6  Code  Lc  xprintffull.o [3]
_LitobFull               0x806'9ea9    0x10a  Code  Lc  xprintffull.o [3]
_Locale_lconv           0x2000'005c     0x38  Data  Lc  xlocale_c.o [3]
_PrintfFull              0x806'97dd    0x1aa  Code  Gb  xprintffull.o [3]
_PutcharsFull            0x806'a671     0x2e  Code  Lc  xprintffull.o [3]
_PutfldFull              0x806'9a19    0x2d4  Code  Lc  xprintffull.o [3]
_PutstrFull              0x806'9de3     0xc6  Code  Lc  xprintffull.o [3]
_PuttxtFull              0x806'9ced     0xf6  Code  Lc  xprintffull.o [3]
_SProut                  0x806'5d4b      0xa  Code  Gb  xsprout.o [3]
__NVIC_EnableIRQ         0x806'54a5     0x1c  Code  Lc  stm32f4xx_hal_cortex.o [2]
__NVIC_GetPriorityGrouping
                         0x806'549b      0xa  Code  Lc  stm32f4xx_hal_cortex.o [2]
__NVIC_SetPriority       0x806'54c1     0x24  Code  Lc  stm32f4xx_hal_cortex.o [2]
__NVIC_SetPriorityGrouping
                         0x806'5481     0x1a  Code  Lc  stm32f4xx_hal_cortex.o [2]
__aeabi_cdcmple          0x806'ad31           Code  Gb  DblCmpLe.o [4]
__aeabi_cdrcmple         0x806'ad61           Code  Gb  DblCmpGe.o [4]
__aeabi_d2f              0x806'812d           Code  Gb  DblToFlt.o [4]
__aeabi_d2iz             0x806'aecd           Code  Gb  DblToS32.o [4]
__aeabi_d2uiz            0x806'b011           Code  Gb  DblToU32.o [4]
__aeabi_ddiv             0x806'7ee5           Code  Gb  DblDiv.o [4]
__aeabi_dmul             0x806'ab1d           Code  Gb  DblMul.o [4]
__aeabi_dsub             0x806'af2d           Code  Gb  DblSub.o [4]
__aeabi_f2d              0x806'7e9d           Code  Gb  FltToDbl.o [4]
__aeabi_i2d              0x806'af09           Code  Gb  S32ToDbl.o [4]
__aeabi_memclr4          0x806'5241           Code  Gb  ABImemclr4.o [5]
__aeabi_memcpy           0x806'5161           Code  Gb  ABImemcpy.o [5]
__aeabi_memcpy4          0x806'5181           Code  Gb  ABImemcpy.o [5]
__aeabi_memcpy8          0x806'5181           Code  Gb  ABImemcpy.o [5]
__aeabi_memset           0x806'8d19           Code  Gb  ABImemset.o [5]
__aeabi_ui2d             0x806'b039           Code  Gb  U32ToDbl.o [4]
__aeabi_uldivmod         0x806'a725           Code  Gb  I64DivMod.o [5]
__cmain                  0x806'de29           Code  Gb  cmain.o [5]
__data_GetMemChunk       0x806'233d     0x2c  Code  Gb  xgetmemchunk.o [3]
__data_GetMemChunk::start
                        0x2000'1654      0x4  Data  Lc  xgetmemchunk.o [3]
__exit                   0x806'2369     0x14  Code  Gb  exit.o [6]
__iar_Fail_s             0x806'aa41     0x1c  Code  Gb  xfail_s.o [3]
__iar_Mbcurmax           0x806'ab11      0xa  Code  Gb  xmbcurmax.o [3]
__iar_Memchr             0x806'aab9           Code  Gb  memchr.o [5]
__iar_Memset             0x806'8d19           Code  Gb  ABImemset.o [5]
__iar_Memset4_word       0x806'645d           Code  Gb  ABImemset48.o [5]
__iar_Memset8_word       0x806'645d           Code  Gb  ABImemset48.o [5]
__iar_Memset_word        0x806'8d21           Code  Gb  ABImemset.o [5]
__iar_Strchr             0x806'aa29           Code  Gb  strchr.o [5]
__iar_dadd               0x806'af3d           Code  Gb  DblSub.o [4]
__iar_data_init3         0x806'dd15     0x28  Code  Gb  data_init.o [5]
__iar_debug_exceptions   0x806'6412      0x1  Data  Gb  unwind_debug.o [6]
__iar_dlfree             0x806'1dbb    0x4f6  Code  Gb  dlmalloc.o [3]
__iar_dlmalloc           0x806'1b05    0x2b6  Code  Gb  dlmalloc.o [3]
__iar_dsub               0x806'b139           Code  Gb  DblAdd.o [4]
__iar_dsubStart          0x806'b14b           Code  Gb  DblAdd.o [4]
__iar_frexp              0x806'accd           Code  Gb  frexp.o [4]
__iar_frexpl             0x806'accd           Code  Gb  frexp.o [4]
__iar_globLocale        0x2000'0094     0x48  Data  Lc  xlocale_c.o [3]
__iar_global_Locale      0x806'a9b1      0x4  Code  Gb  xlocale_c.o [3]
__iar_init_vfp           0x806'dd85           Code  Gb  fpinit_M.o [4]
__iar_ldexp64            0x806'ad91           Code  Gb  ldexp.o [4]
__iar_lz77_init_single3
                         0x806'22c3     0x7a  Code  Gb  lz77_init_single.o [5]
__iar_program_start      0x806'df55           Code  Gb  cstartup_M.o [5]
__iar_scalbln64          0x806'ad91           Code  Gb  ldexp.o [4]
__iar_scalbn64           0x806'ad91           Code  Gb  ldexp.o [4]
__iar_softfp___iar_frexp64
                         0x806'acc1           Code  Gb  frexp.o [4]
__iar_softfp_frexp       0x806'acc1           Code  Gb  frexp.o [4]
__iar_softfp_frexpl      0x806'acc1           Code  Gb  frexp.o [4]
__iar_zero_init3         0x806'5207     0x3a  Code  Gb  zero_init3.o [5]
__low_level_init         0x806'de47      0x4  Code  Gb  low_level_init.o [3]
__vector_table           0x801'0000           Data  Gb  startup_stm32f407xx.o [2]
_call_main               0x806'de35           Code  Gb  cmain.o [5]
_exit                    0x806'de51           Code  Gb  cexit.o [5]
_gLocale_mblen           0x806'aa15      0x4  Code  Gb  xlocale_c.o [3]
_gLocale_mblenInt        0x806'a9d9     0x2c  Code  Gb  xlocale_c.o [3]
_gLocale_wctomb          0x806'aa19      0x4  Code  Gb  xlocale_c.o [3]
_gLocale_wctombInt       0x806'aa11      0x4  Code  Gb  xlocale_c.o [3]
_gm_                    0x2000'11b8    0x1d8  Data  Lc  dlmalloc.o [3]
_main                    0x806'de43           Code  Gb  cmain.o [5]
_touch_ReadCoords        0x806'6d2d    0x124  Code  Gb  touch_spi.o [2]
_touch_RefreshState      0x806'6e51     0xc0  Code  Gb  touch_spi.o [2]
abort                    0x806'22bd      0x6  Code  Gb  abort.o [3]
add_segment              0x806'11a5    0x1f2  Code  Lc  dlmalloc.o [3]
check_fs                 0x805'e70b     0x76  Code  Lc  ff.o [2]
chk_chr                  0x805'd2eb     0x14  Code  Lc  ff.o [2]
clst2sect                0x805'd4df     0x1a  Code  Lc  ff.o [2]
cmp_lfn                  0x805'dbd9     0xa0  Code  Lc  ff.o [2]
create_chain             0x805'd7ed    0x130  Code  Lc  ff.o [2]
create_name              0x805'e39d    0x286  Code  Lc  ff.o [2]
dbc_1st                  0x805'd2ff      0xe  Code  Lc  ff.o [2]
dbc_2nd                  0x805'd30d      0xe  Code  Lc  ff.o [2]
dir_alloc                0x805'db25     0x64  Code  Lc  ff.o [2]
dir_clear                0x805'd91d     0x64  Code  Lc  ff.o [2]
dir_find                 0x805'df57    0x118  Code  Lc  ff.o [2]
dir_next                 0x805'da33     0xf2  Code  Lc  ff.o [2]
dir_read                 0x805'de57    0x100  Code  Lc  ff.o [2]
dir_register             0x805'e06f    0x166  Code  Lc  ff.o [2]
dir_sdi                  0x805'd981     0xb2  Code  Lc  ff.o [2]
disk                    0x2000'1628      0xc  Data  Gb  ff_gen_drv.o [2]
disk_initialize          0x805'f237     0x32  Code  Gb  diskio.o [2]
disk_ioctl               0x805'f2a5     0x20  Code  Gb  diskio.o [2]
disk_read                0x805'f269     0x1e  Code  Gb  diskio.o [2]
disk_status              0x805'f219     0x1e  Code  Gb  diskio.o [2]
disk_write               0x805'f287     0x1e  Code  Gb  diskio.o [2]
dmabuff                 0x2000'1530     0x60  Data  Gb  touch_spi.o [2]
exit                     0x806'de4b      0x4  Code  Gb  exit.o [3]
f_close                  0x805'f00b     0x2a  Code  Gb  ff.o [2]
f_getfree                0x805'f119    0x100  Code  Gb  ff.o [2]
f_mount                  0x805'eb07     0x54  Code  Gb  ff.o [2]
f_open                   0x805'eb85    0x21a  Code  Gb  ff.o [2]
f_opendir                0x805'f035     0x88  Code  Gb  ff.o [2]
f_read                   0x805'ed9f    0x1cc  Code  Gb  ff.o [2]
f_readdir                0x805'f0bd     0x5c  Code  Gb  ff.o [2]
f_sync                   0x805'ef6b     0xa0  Code  Gb  ff.o [2]
ff_oem2uni               0x805'f30f     0x3a  Code  Gb  ffunicode.o [2]
ff_uni2oem               0x805'f2c9     0x46  Code  Gb  ffunicode.o [2]
ff_wtoupper              0x805'f349     0xb6  Code  Gb  ffunicode.o [2]
ff_wtoupper::cvt1        0x806'd180    0x1f4  Data  Lc  ffunicode.o [2]
ff_wtoupper::cvt2        0x806'dab8     0xbc  Data  Lc  ffunicode.o [2]
filebuff                0x1000'0000   0x2000  Data  Gb  main.o [2]
find_volume              0x805'e78d     0x6c  Code  Lc  ff.o [2]
fnt18                    0x806'b2a4    0xea4  Data  Gb  fnt18.o [2]
fnt18_width              0x806'd4b8    0x140  Data  Gb  fnt18.o [2]
fnt18bold                0x806'237c   0x10c8  Data  Gb  fnt18b.o [2]
fnt18bold_raw_width      0x806'd5f8    0x140  Data  Gb  fnt18b.o [2]
fnt24                    0x805'f480   0x195c  Data  Gb  fnt24.o [2]
fnt24_width              0x806'd738    0x140  Data  Gb  fnt24.o [2]
fnt24bold                0x805'b1d0   0x2094  Data  Gb  fnt24b.o [2]
fnt24bold_width          0x806'd878    0x140  Data  Gb  fnt24b.o [2]
fnt_h18                 0x2000'0000      0xc  Data  Gb  fnt18.o [2]
fnt_h18bold             0x2000'000c      0xc  Data  Gb  fnt18b.o [2]
fnt_h24                 0x2000'0018      0xc  Data  Gb  fnt24.o [2]
fnt_h24bold             0x2000'0024      0xc  Data  Gb  fnt24b.o [2]
follow_path              0x805'e623     0x9a  Code  Lc  ff.o [2]
free                     0x806'cd91      0x4  Code  Gb  heaptramp0.o [3]
gen_numname              0x805'dd95     0xa2  Code  Lc  ff.o [2]
get_fat                  0x805'd4f9    0x10a  Code  Lc  ff.o [2]
get_fattime              0x805'f429      0x4  Code  Gb  fatfs.o [2]
get_fileinfo             0x805'e1d5    0x1c8  Code  Lc  ff.o [2]
get_ldnumber             0x805'e6bd     0x4e  Code  Lc  ff.o [2]
hLcdDma                 0x2000'1410     0x60  Data  Gb  lcd_low.o [2]
hRTC                    0x2000'15e0     0x20  Data  Gb  rtc.o [2]
hTouch                  0x2000'1390     0x80  Data  Gb  touch_spi.o [2]
hTouchDmaRx             0x2000'1470     0x60  Data  Gb  touch_spi.o [2]
hTouchDmaTx             0x2000'14d0     0x60  Data  Gb  touch_spi.o [2]
hUsbHost                0x2000'091c    0x3d8  Data  Gb  usb_host.o [2]
hhcd_USB_OTG_FS         0x2000'0cf4    0x2c4  Data  Gb  usbh_conf.o [2]
hsram1                  0x2000'1590     0x50  Data  Gb  fsmc.o [2]
init_mparams             0x806'0df7     0x32  Code  Lc  dlmalloc.o [3]
init_top                 0x806'0e29     0x36  Code  Lc  dlmalloc.o [3]
lcdui_bgcolor           0x2000'1660      0x2  Data  Gb  lcd_ui.o [2]
lcdui_color             0x2000'00e0      0x2  Data  Gb  lcd_ui.o [2]
lcdui_current_font      0x2000'0030      0x4  Data  Gb  lcd_ui.o [2]
lcdui_cursor_x          0x2000'165c      0x2  Data  Gb  lcd_ui.o [2]
lcdui_cursor_y          0x2000'165e      0x2  Data  Gb  lcd_ui.o [2]
lcdui_height            0x2000'00de      0x2  Data  Gb  lcd_ui.o [2]
lcdui_width             0x2000'00dc      0x2  Data  Gb  lcd_ui.o [2]
ld_clust                 0x805'db89     0x26  Code  Lc  ff.o [2]
ld_dword                 0x805'd271     0x16  Code  Lc  ff.o [2]
ld_word                  0x805'd265      0xc  Code  Lc  ff.o [2]
ldexp                    0x806'ad91           Code  Gb  ldexp.o [4]
ldexpl                   0x806'ad91           Code  Gb  ldexp.o [4]
localeconv               0x806'aa1d      0x4  Code  Gb  xlocale_c.o [3]
main                     0x806'5d55    0x572  Code  Gb  main.o [2]
mem_cmp                  0x805'd2cd     0x1e  Code  Lc  ff.o [2]
mem_cpy                  0x805'd2ad     0x14  Code  Lc  ff.o [2]
mem_set                  0x805'd2c1      0xc  Code  Lc  ff.o [2]
memchr                   0x806'aab9           Code  Gb  memchr.o [5]
mount_volume             0x805'e7f9    0x2c6  Code  Lc  ff.o [2]
move_window              0x805'd40d     0x3e  Code  Lc  ff.o [2]
mparams                 0x2000'1600     0x18  Data  Lc  dlmalloc.o [3]
pick_lfn                 0x805'dc79     0x90  Code  Lc  ff.o [2]
prepend_alloc            0x806'0e5f    0x346  Code  Lc  dlmalloc.o [3]
put_fat                  0x805'd603    0x15c  Code  Lc  ff.o [2]
put_lfn                  0x805'dd09     0x84  Code  Lc  ff.o [2]
put_utf                  0x805'd361     0x5c  Code  Lc  ff.o [2]
remove_chain             0x805'd75f     0x8e  Code  Lc  ff.o [2]
retUSBH                 0x2000'1662      0x1  Data  Gb  fatfs.o [2]
scalbln                  0x806'ad91           Code  Gb  ldexp.o [4]
scalblnl                 0x806'ad91           Code  Gb  ldexp.o [4]
scalbn                   0x806'ad91           Code  Gb  ldexp.o [4]
scalbnl                  0x806'ad91           Code  Gb  ldexp.o [4]
scale                    0x806'9fb3     0x46  Code  Lc  xprintffull.o [3]
sec_hand                0x2000'1650      0x4  Data  Lc  xfail_s.o [3]
segment_holding          0x806'0ddd     0x1a  Code  Lc  dlmalloc.o [3]
sprintf                  0x806'7d15     0x40  Code  Gb  sprintf.o [3]
st_clust                 0x805'dbaf     0x2a  Code  Lc  ff.o [2]
st_dword                 0x805'd295     0x18  Code  Lc  ff.o [2]
st_word                  0x805'd287      0xe  Code  Lc  ff.o [2]
strcat_uni(unsigned short *, unsigned short *)
                         0x806'7e4f     0x2c  Code  Gb  unicode_utils.o [2]
strchr                   0x806'aa29           Code  Gb  strchr.o [5]
strcmp                   0x806'7e7d           Code  Gb  strcmp.o [5]
strcpy_uni(unsigned short *, unsigned short *)
                         0x806'7e2d     0x22  Code  Gb  unicode_utils.o [2]
strlen                   0x806'aa81           Code  Gb  strlen.o [5]
sum_sfn                  0x805'de37     0x20  Code  Lc  ff.o [2]
sync_fs                  0x805'd44b     0x94  Code  Lc  ff.o [2]
sync_window              0x805'd3bd     0x50  Code  Lc  ff.o [2]
sys_alloc                0x806'139d    0x164  Code  Lc  dlmalloc.o [3]
sys_trim                 0x806'1501     0x64  Code  Lc  dlmalloc.o [3]
tchar2uni                0x805'd31b     0x46  Code  Lc  ff.o [2]
tmalloc_large            0x806'1571    0x386  Code  Lc  dlmalloc.o [3]
tmalloc_small            0x806'18f7    0x200  Code  Lc  dlmalloc.o [3]
touch_info              0x2000'1618     0x10  Data  Gb  touch_spi.o [2]
touch_point             0x2000'164c      0x4  Data  Gb  touch_spi.o [2]
uc866                    0x806'd9b8    0x100  Data  Lc  ffunicode.o [2]
uwTick                  0x2000'1644      0x4  Data  Gb  stm32f4xx_hal.o [2]
uwTickFreq              0x2000'00e2      0x1  Data  Gb  stm32f4xx_hal.o [2]
uwTickPrio              0x2000'0034      0x4  Data  Gb  stm32f4xx_hal.o [2]
validate                 0x805'eabf     0x48  Code  Lc  ff.o [2]


[1] = D:\Electronics\Projects\MKS_DLP_new\SRC\IMGS\original
[2] = D:\Electronics\Projects\MKS_DLP_new\SRC\firmware\MKS_DLP_new_debug\Obj
[3] = dl7M_tlf.a
[4] = m7M_tls.a
[5] = rt7M_tl.a
[6] = shb_l.a

   51 787 bytes of readonly  code memory
  333 269 bytes of readonly  data memory
   26 212 bytes of readwrite data memory

Errors: none
Warnings: none
