###############################################################################
#
# IAR ELF Linker V8.32.1.169/W32 for ARM                  23/Jul/2020  03:52:52
# Copyright 2007-2018 IAR Systems AB.
#
#    Output file  =  
#        D:\Electronics\Projects\MKS_DLP_new\SRC\firmware\MKS_DLP_new_debug\Exe\MKS_DLP_new.out
#    Map file     =  
#        D:\Electronics\Projects\MKS_DLP_new\SRC\firmware\MKS_DLP_new_debug\List\MKS_DLP_new.map
#    Command line =  
#        -f C:\Temp\EWFD2C.tmp
#        (D:\Electronics\Projects\MKS_DLP_new\SRC\firmware\MKS_DLP_new_debug\Obj\diskio.o
#        D:\Electronics\Projects\MKS_DLP_new\SRC\firmware\MKS_DLP_new_debug\Obj\fatfs.o
#        D:\Electronics\Projects\MKS_DLP_new\SRC\firmware\MKS_DLP_new_debug\Obj\ff.o
#        D:\Electronics\Projects\MKS_DLP_new\SRC\firmware\MKS_DLP_new_debug\Obj\ff_gen_drv.o
#        D:\Electronics\Projects\MKS_DLP_new\SRC\firmware\MKS_DLP_new_debug\Obj\ffsystem.o
#        D:\Electronics\Projects\MKS_DLP_new\SRC\firmware\MKS_DLP_new_debug\Obj\ffunicode.o
#        D:\Electronics\Projects\MKS_DLP_new\SRC\firmware\MKS_DLP_new_debug\Obj\fnt18.o
#        D:\Electronics\Projects\MKS_DLP_new\SRC\firmware\MKS_DLP_new_debug\Obj\fnt18b.o
#        D:\Electronics\Projects\MKS_DLP_new\SRC\firmware\MKS_DLP_new_debug\Obj\fnt24.o
#        D:\Electronics\Projects\MKS_DLP_new\SRC\firmware\MKS_DLP_new_debug\Obj\fsmc.o
#        D:\Electronics\Projects\MKS_DLP_new\SRC\firmware\MKS_DLP_new_debug\Obj\gpio.o
#        D:\Electronics\Projects\MKS_DLP_new\SRC\firmware\MKS_DLP_new_debug\Obj\lcd_low.o
#        D:\Electronics\Projects\MKS_DLP_new\SRC\firmware\MKS_DLP_new_debug\Obj\lcd_ui.o
#        D:\Electronics\Projects\MKS_DLP_new\SRC\firmware\MKS_DLP_new_debug\Obj\main.o
#        D:\Electronics\Projects\MKS_DLP_new\SRC\firmware\MKS_DLP_new_debug\Obj\rtc.o
#        D:\Electronics\Projects\MKS_DLP_new\SRC\firmware\MKS_DLP_new_debug\Obj\startup_stm32f407xx.o
#        D:\Electronics\Projects\MKS_DLP_new\SRC\firmware\MKS_DLP_new_debug\Obj\stm32f4xx_hal.o
#        D:\Electronics\Projects\MKS_DLP_new\SRC\firmware\MKS_DLP_new_debug\Obj\stm32f4xx_hal_cortex.o
#        D:\Electronics\Projects\MKS_DLP_new\SRC\firmware\MKS_DLP_new_debug\Obj\stm32f4xx_hal_dma.o
#        D:\Electronics\Projects\MKS_DLP_new\SRC\firmware\MKS_DLP_new_debug\Obj\stm32f4xx_hal_dma_ex.o
#        D:\Electronics\Projects\MKS_DLP_new\SRC\firmware\MKS_DLP_new_debug\Obj\stm32f4xx_hal_exti.o
#        D:\Electronics\Projects\MKS_DLP_new\SRC\firmware\MKS_DLP_new_debug\Obj\stm32f4xx_hal_flash.o
#        D:\Electronics\Projects\MKS_DLP_new\SRC\firmware\MKS_DLP_new_debug\Obj\stm32f4xx_hal_flash_ex.o
#        D:\Electronics\Projects\MKS_DLP_new\SRC\firmware\MKS_DLP_new_debug\Obj\stm32f4xx_hal_flash_ramfunc.o
#        D:\Electronics\Projects\MKS_DLP_new\SRC\firmware\MKS_DLP_new_debug\Obj\stm32f4xx_hal_gpio.o
#        D:\Electronics\Projects\MKS_DLP_new\SRC\firmware\MKS_DLP_new_debug\Obj\stm32f4xx_hal_hcd.o
#        D:\Electronics\Projects\MKS_DLP_new\SRC\firmware\MKS_DLP_new_debug\Obj\stm32f4xx_hal_msp.o
#        D:\Electronics\Projects\MKS_DLP_new\SRC\firmware\MKS_DLP_new_debug\Obj\stm32f4xx_hal_pwr.o
#        D:\Electronics\Projects\MKS_DLP_new\SRC\firmware\MKS_DLP_new_debug\Obj\stm32f4xx_hal_pwr_ex.o
#        D:\Electronics\Projects\MKS_DLP_new\SRC\firmware\MKS_DLP_new_debug\Obj\stm32f4xx_hal_rcc.o
#        D:\Electronics\Projects\MKS_DLP_new\SRC\firmware\MKS_DLP_new_debug\Obj\stm32f4xx_hal_rcc_ex.o
#        D:\Electronics\Projects\MKS_DLP_new\SRC\firmware\MKS_DLP_new_debug\Obj\stm32f4xx_hal_rtc.o
#        D:\Electronics\Projects\MKS_DLP_new\SRC\firmware\MKS_DLP_new_debug\Obj\stm32f4xx_hal_rtc_ex.o
#        D:\Electronics\Projects\MKS_DLP_new\SRC\firmware\MKS_DLP_new_debug\Obj\stm32f4xx_hal_spi.o
#        D:\Electronics\Projects\MKS_DLP_new\SRC\firmware\MKS_DLP_new_debug\Obj\stm32f4xx_hal_sram.o
#        D:\Electronics\Projects\MKS_DLP_new\SRC\firmware\MKS_DLP_new_debug\Obj\stm32f4xx_hal_tim.o
#        D:\Electronics\Projects\MKS_DLP_new\SRC\firmware\MKS_DLP_new_debug\Obj\stm32f4xx_hal_tim_ex.o
#        D:\Electronics\Projects\MKS_DLP_new\SRC\firmware\MKS_DLP_new_debug\Obj\stm32f4xx_it.o
#        D:\Electronics\Projects\MKS_DLP_new\SRC\firmware\MKS_DLP_new_debug\Obj\stm32f4xx_ll_fsmc.o
#        D:\Electronics\Projects\MKS_DLP_new\SRC\firmware\MKS_DLP_new_debug\Obj\stm32f4xx_ll_usb.o
#        D:\Electronics\Projects\MKS_DLP_new\SRC\firmware\MKS_DLP_new_debug\Obj\sys_timer.o
#        D:\Electronics\Projects\MKS_DLP_new\SRC\firmware\MKS_DLP_new_debug\Obj\system_stm32f4xx.o
#        D:\Electronics\Projects\MKS_DLP_new\SRC\firmware\MKS_DLP_new_debug\Obj\touch_spi.o
#        D:\Electronics\Projects\MKS_DLP_new\SRC\firmware\MKS_DLP_new_debug\Obj\unicode_utils.o
#        D:\Electronics\Projects\MKS_DLP_new\SRC\firmware\MKS_DLP_new_debug\Obj\usb_host.o
#        D:\Electronics\Projects\MKS_DLP_new\SRC\firmware\MKS_DLP_new_debug\Obj\usbh_conf.o
#        D:\Electronics\Projects\MKS_DLP_new\SRC\firmware\MKS_DLP_new_debug\Obj\usbh_core.o
#        D:\Electronics\Projects\MKS_DLP_new\SRC\firmware\MKS_DLP_new_debug\Obj\usbh_ctlreq.o
#        D:\Electronics\Projects\MKS_DLP_new\SRC\firmware\MKS_DLP_new_debug\Obj\usbh_diskio.o
#        D:\Electronics\Projects\MKS_DLP_new\SRC\firmware\MKS_DLP_new_debug\Obj\usbh_ioreq.o
#        D:\Electronics\Projects\MKS_DLP_new\SRC\firmware\MKS_DLP_new_debug\Obj\usbh_msc.o
#        D:\Electronics\Projects\MKS_DLP_new\SRC\firmware\MKS_DLP_new_debug\Obj\usbh_msc_bot.o
#        D:\Electronics\Projects\MKS_DLP_new\SRC\firmware\MKS_DLP_new_debug\Obj\usbh_msc_scsi.o
#        D:\Electronics\Projects\MKS_DLP_new\SRC\firmware\MKS_DLP_new_debug\Obj\usbh_pipes.o
#        D:\Electronics\Projects\MKS_DLP_new\SRC\firmware\MKS_DLP_new_debug\Obj\usbh_platform.o
#        --redirect _Printf=_PrintfFull --redirect _Scanf=_ScanfFull
#        --no_out_extension -o
#        D:\Electronics\Projects\MKS_DLP_new\SRC\firmware\MKS_DLP_new_debug\Exe\MKS_DLP_new.out
#        --image_input=D:\Electronics\Projects\MKS_DLP_new\SRC\IMGS\original\logo1.bmp,TEST_BMP,readonly,8
#        --map
#        D:\Electronics\Projects\MKS_DLP_new\SRC\firmware\MKS_DLP_new_debug\List\MKS_DLP_new.map
#        --log libraries,call_graph --log_file
#        D:\Electronics\Projects\MKS_DLP_new\SRC\firmware\MKS_DLP_new_debug\List\MKS_DLP_new.log
#        --config
#        D:\Electronics\Projects\MKS_DLP_new\SRC\firmware/config/stm32f407xx_flash.icf
#        --semihosting --entry __iar_program_start --merge_duplicate_sections
#        --vfe --text_out locale)
#
###############################################################################

*******************************************************************************
*** RUNTIME MODEL ATTRIBUTES
***

CppFlavor        = *
__CPP_Exceptions = Disabled
__CPP_Language   = C++14
__Heap_Handler   = DLMalloc
__SystemLibrary  = DLib
__dlib_version   = 6


*******************************************************************************
*** HEAP SELECTION
***

The advanced heap was selected because the application calls memory
allocation functions outside of system library functions, and there
are calls to deallocation functions in the application.


*******************************************************************************
*** PLACEMENT SUMMARY
***

"A0":  place at 0x801'0000 { ro section .intvec };
"P1":  place in [from 0x801'0000 to 0x80f'ffff] { ro };
define block CSTACK with size = 8K, alignment = 8 { };
define block HEAP with size = 4K, alignment = 8 { };
"P2":  place in [from 0x2000'0000 to 0x2001'ffff] {
          rw, block CSTACK, block HEAP };
"P3":  place in [from 0x1000'0000 to 0x1000'ffff] { rw section CCMRAM };
initialize by copy { rw };

  Section            Kind         Address     Size  Object
  -------            ----         -------     ----  ------
"A0":                                        0x188
  .intvec            ro code   0x801'0000    0x188  startup_stm32f407xx.o [2]
                             - 0x801'0188    0x188

"P1":                                      0x5bca7
  readonly           const     0x801'0188  0x4b048  logo1.bmp [1]
  .text              ro code   0x805'b1d0   0x1fb4  ff.o [2]
  .text              ro code   0x805'd184     0xb0  diskio.o [2]
  .text              ro code   0x805'd234    0x144  ffunicode.o [2]
  .text              ro code   0x805'd378     0x20  fatfs.o [2]
  .text              ro code   0x805'd398     0x54  ff_gen_drv.o [2]
  .rodata            const     0x805'd3ec   0x195c  fnt24.o [2]
  .text              ro code   0x805'ed48   0x14e0  dlmalloc.o [3]
  .text              ro code   0x806'0228      0x6  abort.o [3]
  .text              ro code   0x806'022e     0x7a  lz77_init_single.o [5]
  .text              ro code   0x806'02a8     0x2c  xgetmemchunk.o [3]
  .text              ro code   0x806'02d4     0x14  exit.o [6]
  .rodata            const     0x806'02e8   0x10c8  fnt18b.o [2]
  .text              ro code   0x806'13b0   0x1060  stm32f4xx_hal_hcd.o [2]
  .text              ro code   0x806'2410    0x2f8  usbh_conf.o [2]
  .text              ro code   0x806'2708    0x9c4  stm32f4xx_ll_usb.o [2]
  .text              ro code   0x806'30cc     0xa6  ABImemcpy.o [5]
  .text              ro code   0x806'3172     0x3a  zero_init3.o [5]
  .text              ro code   0x806'31ac      0x6  ABImemclr4.o [5]
  .text              ro code   0x806'31b2     0x1e  xencoding_8859_1.o [3]
  .text              ro code   0x806'31d0    0x21c  stm32f4xx_hal_gpio.o [2]
  .text              ro code   0x806'33ec    0x12c  stm32f4xx_hal_cortex.o [2]
  .text              ro code   0x806'3518    0x79e  usbh_core.o [2]
  .text              ro code   0x806'3cb6      0xa  xsprout.o [3]
  .text              ro code   0x806'3cc0    0x6be  main.o [2]
  .rodata            const     0x806'437e      0x1  unwind_debug.o [6]
  .text              ro code   0x806'4380     0x20  usbh_platform.o [2]
  .text              ro code   0x806'43a0     0x28  stm32f4xx_hal.o [2]
  .text              ro code   0x806'43c8     0x32  ABImemset48.o [5]
  .text              ro code   0x806'43fa     0xb6  usbh_pipes.o [2]
  .text              ro code   0x806'44b0    0x5bc  usbh_ctlreq.o [2]
  .text              ro code   0x806'4a6c     0x34  stm32f4xx_hal.o [2]
  .text              ro code   0x806'4aa0    0x140  gpio.o [2]
  .text              ro code   0x806'4be0     0xb8  rtc.o [2]
  .text              ro code   0x806'4c98    0x3ec  touch_spi.o [2]
  .text              ro code   0x806'5084    0x4dc  lcd_low.o [2]
  .text              ro code   0x806'5560    0x67e  lcd_ui.o [2]
  .text              ro code   0x806'5be0     0x8c  usb_host.o [2]
  .text              ro code   0x806'5c6c     0x40  sprintf.o [3]
  .text              ro code   0x806'5cac    0x126  unicode_utils.o [2]
  .text              ro code   0x806'5dd4     0x12  strcmp.o [5]
  .text              ro code   0x806'5de8      0xc  stm32f4xx_hal.o [2]
  .text              ro code   0x806'5df4     0x48  FltToDbl.o [4]
  .text              ro code   0x806'5e3c    0x246  DblDiv.o [4]
  .text              ro code   0x806'6084     0x68  DblToFlt.o [4]
  .text              ro code   0x806'60ec    0x3b4  stm32f4xx_hal_rcc.o [2]
  .text              ro code   0x806'64a0    0x1d4  stm32f4xx_hal_rcc.o [2]
  .text              ro code   0x806'6674    0x150  stm32f4xx_hal_rcc_ex.o [2]
  .text              ro code   0x806'67c4     0xd0  usbh_ioreq.o [2]
  .text              ro code   0x806'6894     0x4c  stm32f4xx_hal.o [2]
  .text              ro code   0x806'68e0     0x40  stm32f4xx_hal_msp.o [2]
  .text              ro code   0x806'6920    0x34e  stm32f4xx_hal_rtc.o [2]
  .text              ro code   0x806'6c70     0x66  ABImemset.o [5]
  .text              ro code   0x806'6cd8    0x4f6  stm32f4xx_hal_spi.o [2]
  .text              ro code   0x806'71d0    0x450  stm32f4xx_hal_dma.o [2]
  .text              ro code   0x806'7620    0x114  fsmc.o [2]
  .text              ro code   0x806'7734    0xf46  xprintffull.o [3]
  .text              ro code   0x806'867c    0x230  I64DivMod.o [5]
  .text              ro code   0x806'88ac     0x5c  stm32f4xx_hal_sram.o [2]
  .text              ro code   0x806'8908     0x78  xlocale_c.o [3]
  .text              ro code   0x806'8980     0x16  strchr.o [5]
  .text              ro code   0x806'8998     0x40  xfail_s.o [3]
  .text              ro code   0x806'89d8     0x36  strlen.o [5]
  .text              ro code   0x806'8a10     0x58  memchr.o [5]
  .text              ro code   0x806'8a68      0xa  xmbcurmax.o [3]
  .text              ro code   0x806'8a74    0x1a2  DblMul.o [4]
  .text              ro code   0x806'8c18     0x70  frexp.o [4]
  .text              ro code   0x806'8c88     0x2e  DblCmpLe.o [4]
  .text              ro code   0x806'8cb8     0x2e  DblCmpGe.o [4]
  .text              ro code   0x806'8ce8    0x13a  ldexp.o [4]
  .text              ro code   0x806'8e24     0x3a  DblToS32.o [4]
  .text              ro code   0x806'8e60     0x22  S32ToDbl.o [4]
  .text              ro code   0x806'8e84     0xe2  DblSub.o [4]
  .text              ro code   0x806'8f68     0x28  DblToU32.o [4]
  .text              ro code   0x806'8f90     0x1a  U32ToDbl.o [4]
  .text              ro code   0x806'8faa      0x2  stm32f4xx_hal_spi.o [2]
  .text              ro code   0x806'8fac     0xe4  stm32f4xx_ll_fsmc.o [2]
  .text              ro code   0x806'9090    0x16a  DblAdd.o [4]
  .rodata            const     0x806'91fc    0xea4  fnt18.o [2]
  .text              ro code   0x806'a0a0    0x8b4  usbh_msc.o [2]
  .text              ro code   0x806'a954    0x394  usbh_msc_bot.o [2]
  .text              ro code   0x806'ace8      0x4  heaptramp0.o [3]
  .text              ro code   0x806'acec    0x3ea  usbh_msc_scsi.o [2]
  .rodata            const     0x806'b0d8    0x1f4  ffunicode.o [2]
  .text              ro code   0x806'b2cc    0x144  usbh_diskio.o [2]
  .rodata            const     0x806'b410    0x140  fnt18.o [2]
  .rodata            const     0x806'b550    0x140  fnt18b.o [2]
  .rodata            const     0x806'b690    0x140  fnt24.o [2]
  .rodata            const     0x806'b7d0    0x100  ffunicode.o [2]
  .rodata            const     0x806'b8d0     0xbc  ffunicode.o [2]
  .rodata            const     0x806'b98c     0x80  ff.o [2]
  .text              ro code   0x806'ba0c     0x50  stm32f4xx_it.o [2]
  .text              ro code   0x806'ba5c     0x24  sys_timer.o [2]
  .rodata            const     0x806'ba80     0x2c  main.o [2]
  .rodata            const     0x806'baac     0x2c  main.o [2]
  .rodata            const     0x806'bad8     0x2c  main.o [2]
  .rodata            const     0x806'bb04     0x28  main.o [2]
  .text              ro code   0x806'bb2c     0x28  data_init.o [5]
  .rodata            const     0x806'bb54     0x24  main.o [2]
  .rodata            const     0x806'bb78     0x24  main.o [2]
  .text              ro code   0x806'bb9c     0x22  fpinit_M.o [4]
  .iar.init_table    const     0x806'bbc0     0x20  - Linker created -
  .rodata            const     0x806'bbe0     0x20  main.o [2]
  .rodata            const     0x806'bc00     0x20  main.o [2]
  .text              ro code   0x806'bc20     0x20  system_stm32f4xx.o [2]
  .text              ro code   0x806'bc40     0x1e  cmain.o [5]
  .text              ro code   0x806'bc5e      0x4  low_level_init.o [3]
  .text              ro code   0x806'bc62      0x4  exit.o [3]
  .text              ro code   0x806'bc68      0xa  cexit.o [5]
  .rodata            const     0x806'bc74     0x1c  main.o [2]
  .rodata            const     0x806'bc90     0x1c  main.o [2]
  .rodata            const     0x806'bcac     0x18  main.o [2]
  .rodata            const     0x806'bcc4     0x14  main.o [2]
  .rodata            const     0x806'bcd8     0x14  usbh_diskio.o [2]
  .rodata            const     0x806'bcec     0x10  ff.o [2]
  .rodata            const     0x806'bcfc     0x10  main.o [2]
  .rodata            const     0x806'bd0c     0x10  main.o [2]
  .rodata            const     0x806'bd1c     0x10  system_stm32f4xx.o [2]
  .text              ro code   0x806'bd2c     0x10  startup_stm32f407xx.o [2]
  .rodata            const     0x806'bd3c      0xc  ff.o [2]
  .rodata            const     0x806'bd48      0xc  main.o [2]
  .rodata            const     0x806'bd54      0xc  main.o [2]
  .rodata            const     0x806'bd60      0xc  main.o [2]
  .text              ro code   0x806'bd6c      0xc  cstartup_M.o [5]
  .rodata            const     0x806'bd78      0x8  ff.o [2]
  .rodata            const     0x806'bd80      0x8  ff.o [2]
  .rodata            const     0x806'bd88      0x8  main.o [2]
  .rodata            const     0x806'bd90      0x8  main.o [2]
  .rodata            const     0x806'bd98      0x8  stm32f4xx_hal_dma.o [2]
  .rodata            const     0x806'bda0      0x6  xlocale_c.o [3]
  .rodata            const     0x806'bda8      0x4  rtc.o [2]
  .rodata            const     0x806'bdac      0x4  usbh_msc.o [2]
  .text              ro code   0x806'bdb0      0x4  startup_stm32f407xx.o [2]
  .rodata            const     0x806'bdb4      0x0  zero_init3.o [5]
  .rodata            const     0x806'bdb4      0x0  lz77_init_single.o [5]
  Initializer bytes  const     0x806'bdb4     0x7b  <for P2-1>
                             - 0x806'be2f  0x5bca7

"P3":                                       0x2000
  CCMRAM             uninit   0x1000'0000   0x2000  main.o [2]
                            - 0x1000'2000   0x2000

"P2", part 1 of 3:                            0xd7
  P2-1                        0x2000'0000     0xd7  <Init block>
    .data            inited   0x2000'0000      0xc  fnt18.o [2]
    .data            inited   0x2000'000c      0xc  fnt18b.o [2]
    .data            inited   0x2000'0018      0xc  fnt24.o [2]
    .data            inited   0x2000'0024      0x4  lcd_ui.o [2]
    .data            inited   0x2000'0028      0x4  stm32f4xx_hal.o [2]
    .data            inited   0x2000'002c      0x4  system_stm32f4xx.o [2]
    .data            inited   0x2000'0030     0x20  usbh_msc.o [2]
    .data            inited   0x2000'0050     0x38  xlocale_c.o [3]
    .data            inited   0x2000'0088     0x48  xlocale_c.o [3]
    .data            inited   0x2000'00d0      0x2  lcd_ui.o [2]
    .data            inited   0x2000'00d2      0x2  lcd_ui.o [2]
    .data            inited   0x2000'00d4      0x2  lcd_ui.o [2]
    .data            inited   0x2000'00d6      0x1  stm32f4xx_hal.o [2]
                            - 0x2000'00d7     0xd7

"P2", part 2 of 3:                          0x1584
  .bss               zero     0x2000'00d8    0x838  fatfs.o [2]
  .bss               zero     0x2000'0910    0x3d8  usb_host.o [2]
  .bss               zero     0x2000'0ce8    0x2c4  usbh_conf.o [2]
  .bss               zero     0x2000'0fac    0x200  ff.o [2]
  .bss               zero     0x2000'11ac    0x1d8  dlmalloc.o [3]
  .bss               zero     0x2000'1384     0x80  touch_spi.o [2]
  .bss               zero     0x2000'1404     0x60  lcd_low.o [2]
  .bss               zero     0x2000'1464     0x60  touch_spi.o [2]
  .bss               zero     0x2000'14c4     0x60  touch_spi.o [2]
  .bss               zero     0x2000'1524     0x60  touch_spi.o [2]
  .bss               zero     0x2000'1584     0x50  fsmc.o [2]
  .bss               zero     0x2000'15d4     0x20  rtc.o [2]
  .bss               zero     0x2000'15f4     0x18  dlmalloc.o [3]
  .bss               zero     0x2000'160c     0x10  touch_spi.o [2]
  .bss               zero     0x2000'161c      0xc  ff_gen_drv.o [2]
  .bss               zero     0x2000'1628      0x8  fatfs.o [2]
  .bss               zero     0x2000'1630      0x4  ff.o [2]
  .bss               zero     0x2000'1634      0x4  fsmc.o [2]
  .bss               zero     0x2000'1638      0x4  stm32f4xx_hal.o [2]
  .bss               zero     0x2000'163c      0x4  stm32f4xx_ll_usb.o [2]
  .bss               zero     0x2000'1640      0x4  touch_spi.o [2]
  .bss               zero     0x2000'1644      0x4  xfail_s.o [3]
  .bss               zero     0x2000'1648      0x4  xgetmemchunk.o [3]
  .bss               zero     0x2000'164c      0x2  ff.o [2]
  .bss               zero     0x2000'164e      0x2  lcd_low.o [2]
  .bss               zero     0x2000'1650      0x2  lcd_ui.o [2]
  .bss               zero     0x2000'1652      0x2  lcd_ui.o [2]
  .bss               zero     0x2000'1654      0x2  lcd_ui.o [2]
  .bss               zero     0x2000'1656      0x1  fatfs.o [2]
  .bss               zero     0x2000'1657      0x1  main.o [2]
  .bss               zero     0x2000'1658      0x1  usb_host.o [2]
                            - 0x2000'1659   0x1581

"P2", part 3 of 3:                          0x3000
  CSTACK                      0x2000'1660   0x2000  <Block>
    CSTACK           uninit   0x2000'1660   0x2000  <Block tail>
  HEAP                        0x2000'3660   0x1000  <Block>
    HEAP             uninit   0x2000'3660   0x1000  <Block tail>
                            - 0x2000'4660   0x3000

Unused ranges:

         From           To      Size
         ----           --      ----
   0x806'be2f   0x80f'ffff  0x9'41d1
  0x1000'2000  0x1000'ffff    0xe000
  0x2000'00d7  0x2000'00d7       0x1
  0x2000'165c  0x2000'165f       0x4
  0x2000'4660  0x2001'ffff  0x1'b9a0


*******************************************************************************
*** INIT TABLE
***

          Address      Size
          -------      ----
Zero (__iar_zero_init3)
    1 destination range, total size 0x1581:
          0x2000'00d8  0x1581

Copy/lz77 (__iar_lz77_init_single3)
    1 source range, total size 0x7b (57% of destination):
           0x806'bdb4    0x7b
    1 destination range, total size 0xd7:
          0x2000'0000    0xd7



*******************************************************************************
*** MODULE SUMMARY
***

    Module                  ro code  ro data  rw data
    ------                  -------  -------  -------
command line/config:
    -------------------------------------------------
    Total:

D:\Electronics\Projects\MKS_DLP_new\SRC\IMGS\original: [1]
    logo1.bmp                        307 272
    -------------------------------------------------
    Total:                           307 272

D:\Electronics\Projects\MKS_DLP_new\SRC\firmware\MKS_DLP_new_debug\Obj: [2]
    diskio.o                    176
    fatfs.o                      32             2 113
    ff.o                      8 116      172      518
    ff_gen_drv.o                 84                12
    ffunicode.o                 324      944
    fnt18.o                            4 074       12
    fnt18b.o                           4 623       12
    fnt24.o                            6 819       12
    fsmc.o                      276                84
    gpio.o                      320
    lcd_low.o                 1 244                98
    lcd_ui.o                  1 662        6       16
    main.o                    1 726      492    8 193
    rtc.o                       184        4       32
    startup_stm32f407xx.o       412
    stm32f4xx_hal.o             180        3        9
    stm32f4xx_hal_cortex.o      300
    stm32f4xx_hal_dma.o       1 104        8
    stm32f4xx_hal_gpio.o        540
    stm32f4xx_hal_hcd.o       4 192
    stm32f4xx_hal_msp.o          64
    stm32f4xx_hal_rcc.o       1 416
    stm32f4xx_hal_rcc_ex.o      336
    stm32f4xx_hal_rtc.o         846
    stm32f4xx_hal_spi.o       1 272
    stm32f4xx_hal_sram.o         92
    stm32f4xx_it.o               80
    stm32f4xx_ll_fsmc.o         228
    stm32f4xx_ll_usb.o        2 500                 4
    sys_timer.o                  36
    system_stm32f4xx.o           32       18        4
    touch_spi.o               1 004               436
    unicode_utils.o             294
    usb_host.o                  140               985
    usbh_conf.o                 760               708
    usbh_core.o               1 950
    usbh_ctlreq.o             1 468
    usbh_diskio.o               324       20
    usbh_ioreq.o                208
    usbh_msc.o                2 228       22       32
    usbh_msc_bot.o              916
    usbh_msc_scsi.o           1 002
    usbh_pipes.o                182
    usbh_platform.o              32
    -------------------------------------------------
    Total:                   38 282   17 205   13 280

dl7M_tlf.a: [3]
    abort.o                       6
    dlmalloc.o                5 344               496
    exit.o                        4
    heaptramp0.o                  4
    low_level_init.o              4
    sprintf.o                    64
    xencoding_8859_1.o           30
    xfail_s.o                    64                 4
    xgetmemchunk.o               44                 4
    xlocale_c.o                 120       79      128
    xmbcurmax.o                  10
    xprintffull.o             3 910
    xsprout.o                    10
    -------------------------------------------------
    Total:                    9 614       79      632

m7M_tls.a: [4]
    DblAdd.o                    362
    DblCmpGe.o                   46
    DblCmpLe.o                   46
    DblDiv.o                    582
    DblMul.o                    418
    DblSub.o                    226
    DblToFlt.o                  104
    DblToS32.o                   58
    DblToU32.o                   40
    FltToDbl.o                   72
    S32ToDbl.o                   34
    U32ToDbl.o                   26
    fpinit_M.o                   34
    frexp.o                     112
    ldexp.o                     314
    -------------------------------------------------
    Total:                    2 474

rt7M_tl.a: [5]
    ABImemclr4.o                  6
    ABImemcpy.o                 166
    ABImemset.o                 102
    ABImemset48.o                50
    I64DivMod.o                 560
    cexit.o                      10
    cmain.o                      30
    cstartup_M.o                 12
    data_init.o                  40
    lz77_init_single.o          122
    memchr.o                     88
    strchr.o                     22
    strcmp.o                     18
    strlen.o                     54
    zero_init3.o                 58
    -------------------------------------------------
    Total:                    1 338

shb_l.a: [6]
    exit.o                       20
    unwind_debug.o                         1
    -------------------------------------------------
    Total:                       20        1

    Gaps                         39       10
    Linker created                        33   12 288
-----------------------------------------------------
    Grand Total:             51 767  324 600   26 200


*******************************************************************************
*** ENTRY LIST
***

Entry                       Address     Size  Type      Object
-----                       -------     ----  ----      ------
.iar.init_table$$Base    0x806'bbc0            --   Gb  - Linker created -
.iar.init_table$$Limit   0x806'bbe0            --   Gb  - Linker created -
?main                    0x806'bc41           Code  Gb  cmain.o [5]
AHBPrescTable            0x806'bd1c     0x10  Data  Gb  system_stm32f4xx.o [2]
Appli_state             0x2000'1658      0x1  Data  Gb  usb_host.o [2]
Appli_state_old         0x2000'1657      0x1  Data  Gb  main.o [2]
BusFault_Handler         0x806'ba13      0x2  Code  Gb  stm32f4xx_it.o [2]
CSTACK$$Base            0x2000'1660            --   Gb  - Linker created -
CSTACK$$Limit           0x2000'3660            --   Gb  - Linker created -
CacheMore                0x806'890d     0x24  Code  Lc  xlocale_c.o [3]
DMA1_Stream3_IRQHandler
                         0x806'ba25      0xa  Code  Gb  stm32f4xx_it.o [2]
DMA1_Stream4_IRQHandler
                         0x806'ba2f      0xa  Code  Gb  stm32f4xx_it.o [2]
DMA2_Stream7_IRQHandler
                         0x806'ba43      0xa  Code  Gb  stm32f4xx_it.o [2]
DMA_CalcBaseAndBitshift
                         0x806'755d     0x30  Code  Lc  stm32f4xx_hal_dma.o [2]
DMA_CalcBaseAndBitshift::flagBitshiftOffset
                         0x806'bd98      0x8  Data  Lc  stm32f4xx_hal_dma.o [2]
DMA_CheckFifoParam       0x806'7599     0x88  Code  Lc  stm32f4xx_hal_dma.o [2]
DMA_SetConfig            0x806'752f     0x2e  Code  Lc  stm32f4xx_hal_dma.o [2]
DeInitStateMachine       0x806'3569     0x66  Code  Lc  usbh_core.o [2]
DebugMon_Handler         0x806'ba19      0x2  Code  Gb  stm32f4xx_it.o [2]
DeviceCode              0x2000'164e      0x2  Data  Gb  lcd_low.o [2]
Error_Handler            0x806'437d      0x2  Code  Gb  main.o [2]
ExCvt                    0x806'b98c     0x80  Data  Lc  ff.o [2]
FATFS_Init               0x805'd379     0x10  Code  Gb  fatfs.o [2]
FATFS_LinkDriver         0x805'd3dd      0xa  Code  Gb  ff_gen_drv.o [2]
FATFS_LinkDriverEx       0x805'd399     0x44  Code  Gb  ff_gen_drv.o [2]
FSMC_Initialized        0x2000'1634      0x4  Data  Lc  fsmc.o [2]
FSMC_NORSRAM_Extended_Timing_Init
                         0x806'9049     0x40  Code  Gb  stm32f4xx_ll_fsmc.o [2]
FSMC_NORSRAM_Init        0x806'8fad     0x58  Code  Gb  stm32f4xx_ll_fsmc.o [2]
FSMC_NORSRAM_Timing_Init
                         0x806'9005     0x44  Code  Gb  stm32f4xx_ll_fsmc.o [2]
FatFs                   0x2000'1630      0x4  Data  Lc  ff.o [2]
Fsid                    0x2000'164c      0x2  Data  Lc  ff.o [2]
GPIO_Init                0x806'4aa1    0x140  Code  Gb  gpio.o [2]
HAL_DMA_IRQHandler       0x806'7325    0x20a  Code  Gb  stm32f4xx_hal_dma.o [2]
HAL_DMA_Init             0x806'71d1     0xe0  Code  Gb  stm32f4xx_hal_dma.o [2]
HAL_DMA_Start_IT         0x806'72b1     0x74  Code  Gb  stm32f4xx_hal_dma.o [2]
HAL_Delay                0x806'43a1     0x28  Code  Wk  stm32f4xx_hal.o [2]
HAL_FSMC_MspInit         0x806'76a3     0x70  Code  Gb  fsmc.o [2]
HAL_GPIO_Init            0x806'31d1    0x1d0  Code  Gb  stm32f4xx_hal_gpio.o [2]
HAL_GPIO_WritePin        0x806'33a1     0x14  Code  Gb  stm32f4xx_hal_gpio.o [2]
HAL_GetTick              0x806'5de9      0xc  Code  Wk  stm32f4xx_hal.o [2]
HAL_HCD_Connect_Callback
                         0x806'249f      0xc  Code  Gb  usbh_conf.o [2]
HAL_HCD_Disconnect_Callback
                         0x806'24ab      0xc  Code  Gb  usbh_conf.o [2]
HAL_HCD_GetCurrentFrame
                         0x806'18c1      0xa  Code  Gb  stm32f4xx_hal_hcd.o [2]
HAL_HCD_GetCurrentSpeed
                         0x806'18cb      0xa  Code  Gb  stm32f4xx_hal_hcd.o [2]
HAL_HCD_HC_GetURBState   0x806'18a7      0xe  Code  Gb  stm32f4xx_hal_hcd.o [2]
HAL_HCD_HC_GetXferCount
                         0x806'18b5      0xc  Code  Gb  stm32f4xx_hal_hcd.o [2]
HAL_HCD_HC_Halt          0x806'14f1     0x2c  Code  Gb  stm32f4xx_hal_hcd.o [2]
HAL_HCD_HC_Init          0x806'1427     0xca  Code  Gb  stm32f4xx_hal_hcd.o [2]
HAL_HCD_HC_NotifyURBChange_Callback
                         0x806'24b7      0x2  Code  Gb  usbh_conf.o [2]
HAL_HCD_HC_SubmitRequest
                         0x806'151d    0x1f8  Code  Gb  stm32f4xx_hal_hcd.o [2]
HAL_HCD_IRQHandler       0x806'1715    0x134  Code  Gb  stm32f4xx_hal_hcd.o [2]
HAL_HCD_Init             0x806'13b1     0x76  Code  Gb  stm32f4xx_hal_hcd.o [2]
HAL_HCD_MspInit          0x806'2411     0x82  Code  Gb  usbh_conf.o [2]
HAL_HCD_PortDisabled_Callback
                         0x806'24c5      0xc  Code  Gb  usbh_conf.o [2]
HAL_HCD_PortEnabled_Callback
                         0x806'24b9      0xc  Code  Gb  usbh_conf.o [2]
HAL_HCD_ResetPort        0x806'189d      0xa  Code  Gb  stm32f4xx_hal_hcd.o [2]
HAL_HCD_SOF_Callback     0x806'2493      0xc  Code  Gb  usbh_conf.o [2]
HAL_HCD_Start            0x806'1849     0x2e  Code  Gb  stm32f4xx_hal_hcd.o [2]
HAL_HCD_Stop             0x806'1877     0x26  Code  Gb  stm32f4xx_hal_hcd.o [2]
HAL_IncTick              0x806'ba5d     0x24  Code  Gb  sys_timer.o [2]
HAL_Init                 0x806'4a6d     0x30  Code  Gb  stm32f4xx_hal.o [2]
HAL_InitTick             0x806'6895     0x4c  Code  Wk  stm32f4xx_hal.o [2]
HAL_MspInit              0x806'68e1     0x40  Code  Gb  stm32f4xx_hal_msp.o [2]
HAL_NVIC_EnableIRQ       0x806'34e5      0xa  Code  Gb  stm32f4xx_hal_cortex.o [2]
HAL_NVIC_SetPriority     0x806'34c3     0x22  Code  Gb  stm32f4xx_hal_cortex.o [2]
HAL_NVIC_SetPriorityGrouping
                         0x806'34bb      0x8  Code  Gb  stm32f4xx_hal_cortex.o [2]
HAL_RCCEx_PeriphCLKConfig
                         0x806'6675    0x12c  Code  Gb  stm32f4xx_hal_rcc_ex.o [2]
HAL_RCC_ClockConfig      0x806'64a1    0x13a  Code  Gb  stm32f4xx_hal_rcc.o [2]
HAL_RCC_OscConfig        0x806'60ed    0x3b4  Code  Wk  stm32f4xx_hal_rcc.o [2]
HAL_RTC_Init             0x806'6921     0xcc  Code  Gb  stm32f4xx_hal_rtc.o [2]
HAL_RTC_SetDate          0x806'6af3     0xe6  Code  Gb  stm32f4xx_hal_rtc.o [2]
HAL_RTC_SetTime          0x806'69ed    0x106  Code  Gb  stm32f4xx_hal_rtc.o [2]
HAL_RTC_WaitForSynchro   0x806'6be5     0x36  Code  Gb  stm32f4xx_hal_rtc.o [2]
HAL_SPI_Init             0x806'6cd9     0xca  Code  Gb  stm32f4xx_hal_spi.o [2]
HAL_SPI_TransmitReceive_DMA
                         0x806'6dc9    0x156  Code  Gb  stm32f4xx_hal_spi.o [2]
HAL_SPI_TxRxCpltCallback
                         0x806'4e7d     0x1a  Code  Gb  touch_spi.o [2]
HAL_SRAM_Init            0x806'88ad     0x5c  Code  Gb  stm32f4xx_hal_sram.o [2]
HAL_SRAM_MspInit         0x806'7713      0x8  Code  Gb  fsmc.o [2]
HAL_SYSTICK_Config       0x806'34ef      0x8  Code  Gb  stm32f4xx_hal_cortex.o [2]
HCD_HC_IN_IRQHandler     0x806'18d5    0x55e  Code  Lc  stm32f4xx_hal_hcd.o [2]
HCD_HC_OUT_IRQHandler    0x806'1e33    0x478  Code  Lc  stm32f4xx_hal_hcd.o [2]
HCD_Port_IRQHandler      0x806'2369     0xa8  Code  Lc  stm32f4xx_hal_hcd.o [2]
HCD_RXQLVL_IRQHandler    0x806'22ab     0xba  Code  Lc  stm32f4xx_hal_hcd.o [2]
HEAP$$Base              0x2000'3660            --   Gb  - Linker created -
HEAP$$Limit             0x2000'4660            --   Gb  - Linker created -
HardFault_Handler        0x806'ba0f      0x2  Code  Gb  stm32f4xx_it.o [2]
LCDUI_Clear()            0x806'55c1      0xe  Code  Gb  lcd_ui.o [2]
LCDUI_DrawBitmap(unsigned short, unsigned short, unsigned char *)
                         0x806'5af9     0xe6  Code  Gb  lcd_ui.o [2]
LCDUI_DrawChar(char, unsigned short, short, short)
                         0x806'56dd    0x18a  Code  Gb  lcd_ui.o [2]
LCDUI_DrawTextUTF(char *, unsigned short, short, short, short, short)
                         0x806'5867    0x266  Code  Gb  lcd_ui.o [2]
LCDUI_Init()             0x806'5561     0x42  Code  Gb  lcd_ui.o [2]
LCDUI_SetBackColor(unsigned short)
                         0x806'55ab      0x8  Code  Gb  lcd_ui.o [2]
LCDUI_SetColor(unsigned short)
                         0x806'55a3      0x8  Code  Gb  lcd_ui.o [2]
LCDUI_SetCursorCoord(short, short)
                         0x806'55b3      0xe  Code  Gb  lcd_ui.o [2]
LCDUI_SetFont(LCDUI_FONT_TYPE)
                         0x806'56ab     0x32  Code  Gb  lcd_ui.o [2]
LCDUI_getchardata(char)
                         0x806'561f     0x8c  Code  Gb  lcd_ui.o [2]
LCDUI_getcharwidth(char)
                         0x806'55cf     0x50  Code  Gb  lcd_ui.o [2]
LCD_BackLight            0x806'5527     0x1a  Code  Gb  lcd_low.o [2]
LCD_Clear                0x806'54f3     0x34  Code  Gb  lcd_low.o [2]
LCD_CtrlLinesConfig      0x806'5085     0xa2  Code  Gb  lcd_low.o [2]
LCD_FSMCConfig           0x806'5127      0x8  Code  Gb  lcd_low.o [2]
LCD_Initializtion        0x806'5197    0x256  Code  Gb  lcd_low.o [2]
LCD_ReadRAM              0x806'516d      0xa  Code  Gb  lcd_low.o [2]
LCD_ReadReg              0x806'5149      0xa  Code  Gb  lcd_low.o [2]
LCD_Read_ID              0x806'5177     0x20  Code  Gb  lcd_low.o [2]
LCD_SetCursor            0x806'53ed     0x60  Code  Gb  lcd_low.o [2]
LCD_SetWindows           0x806'544d     0xa6  Code  Gb  lcd_low.o [2]
LCD_WriteCmd             0x806'5153      0x8  Code  Gb  lcd_low.o [2]
LCD_WriteRAM             0x806'5165      0x8  Code  Gb  lcd_low.o [2]
LCD_WriteRAM_Prepare     0x806'515b      0xa  Code  Gb  lcd_low.o [2]
LCD_WriteReg             0x806'513b      0xe  Code  Gb  lcd_low.o [2]
LCD_X_Init               0x806'512f      0xc  Code  Gb  lcd_low.o [2]
LfnBuf                  0x2000'0fac    0x200  Data  Lc  ff.o [2]
LfnOfs                   0x806'bcec     0x10  Data  Lc  ff.o [2]
LoadInt                  0x806'78f7     0x7a  Code  Lc  xprintffull.o [3]
MX_FSMC_Init             0x806'7621     0x82  Code  Gb  fsmc.o [2]
MemManage_Handler        0x806'ba11      0x2  Code  Gb  stm32f4xx_it.o [2]
NMI_Handler              0x806'ba0d      0x2  Code  Gb  stm32f4xx_it.o [2]
NVIC_EncodePriority      0x806'3451     0x3c  Code  Lc  stm32f4xx_hal_cortex.o [2]
OTG_FS_IRQHandler        0x806'ba39      0xa  Code  Gb  stm32f4xx_it.o [2]
PendSV_Handler           0x806'ba1b      0x2  Code  Gb  stm32f4xx_it.o [2]
RTC_ByteToBcd2           0x806'6c55     0x18  Code  Gb  stm32f4xx_hal_rtc.o [2]
RTC_Enable               0x806'4c79     0x10  Code  Gb  rtc.o [2]
RTC_EnterInitMode        0x806'6c1b     0x3a  Code  Gb  stm32f4xx_hal_rtc.o [2]
RTC_Init                 0x806'4be1     0x98  Code  Gb  rtc.o [2]
Region$$Table$$Base      0x806'bbc0            --   Gb  - Linker created -
Region$$Table$$Limit     0x806'bbe0            --   Gb  - Linker created -
SPI_DMAError             0x806'7015     0x24  Code  Lc  stm32f4xx_hal_spi.o [2]
SPI_DMAHalfReceiveCplt   0x806'6ffd      0xa  Code  Lc  stm32f4xx_hal_spi.o [2]
SPI_DMAHalfTransmitReceiveCplt
                         0x806'7009      0xa  Code  Lc  stm32f4xx_hal_spi.o [2]
SPI_DMAReceiveCplt       0x806'6f21     0x78  Code  Lc  stm32f4xx_hal_spi.o [2]
SPI_DMATransmitReceiveCplt
                         0x806'6f99     0x64  Code  Lc  stm32f4xx_hal_spi.o [2]
SPI_EndRxTransaction     0x806'70d9     0x92  Code  Lc  stm32f4xx_hal_spi.o [2]
SPI_EndRxTxTransaction   0x806'716b     0x5a  Code  Lc  stm32f4xx_hal_spi.o [2]
SPI_WaitFlagStateUntilTimeout
                         0x806'7039     0xa0  Code  Lc  stm32f4xx_hal_spi.o [2]
SVC_Handler              0x806'ba17      0x2  Code  Gb  stm32f4xx_it.o [2]
SysTick_Config           0x806'348d     0x2e  Code  Lc  stm32f4xx_hal_cortex.o [2]
SysTick_Handler          0x806'ba1d      0x8  Code  Gb  stm32f4xx_it.o [2]
SystemClock_Config()     0x806'4233     0xc6  Code  Gb  main.o [2]
SystemCoreClock         0x2000'002c      0x4  Data  Gb  system_stm32f4xx.o [2]
SystemInit               0x806'bc21     0x12  Code  Gb  system_stm32f4xx.o [2]
TEST_BMP                 0x801'0188  0x4b048  Data  Gb  logo1.bmp [1]
Touch_Enable             0x806'4f09    0x12e  Code  Gb  touch_spi.o [2]
Touch_GetCoords          0x806'5043      0xc  Code  Gb  touch_spi.o [2]
Touch_GetState           0x806'5037      0x6  Code  Gb  touch_spi.o [2]
Touch_Init               0x806'4e97     0x72  Code  Gb  touch_spi.o [2]
Touch_SetState           0x806'503d      0x6  Code  Gb  touch_spi.o [2]
USBH_AllocPipe           0x806'442b     0x32  Code  Gb  usbh_pipes.o [2]
USBH_BulkReceiveData     0x806'6871     0x24  Code  Gb  usbh_ioreq.o [2]
USBH_BulkSendData        0x806'683f     0x32  Code  Gb  usbh_ioreq.o [2]
USBH_ClosePipe           0x806'441f      0xc  Code  Gb  usbh_pipes.o [2]
USBH_ClrFeature          0x806'4615     0x26  Code  Gb  usbh_ctlreq.o [2]
USBH_CtlReceiveData      0x806'681b     0x24  Code  Gb  usbh_ioreq.o [2]
USBH_CtlReq              0x806'47fd     0x54  Code  Gb  usbh_ctlreq.o [2]
USBH_CtlSendData         0x806'67e9     0x32  Code  Gb  usbh_ioreq.o [2]
USBH_CtlSendSetup        0x806'67c5     0x24  Code  Gb  usbh_ioreq.o [2]
USBH_Delay               0x806'26d7      0x8  Code  Gb  usbh_conf.o [2]
USBH_Driver              0x806'bcd8     0x14  Data  Gb  usbh_diskio.o [2]
USBH_FindInterface       0x806'361d     0x66  Code  Gb  usbh_core.o [2]
USBH_FreePipe            0x806'445d     0x26  Code  Gb  usbh_pipes.o [2]
USBH_GetDescriptor       0x806'4569     0x3c  Code  Gb  usbh_ctlreq.o [2]
USBH_GetFreePipe         0x806'4483     0x2e  Code  Lc  usbh_pipes.o [2]
USBH_GetNextDesc         0x806'47ed     0x10  Code  Gb  usbh_ctlreq.o [2]
USBH_Get_CfgDesc         0x806'44ef     0x3a  Code  Gb  usbh_ctlreq.o [2]
USBH_Get_DevDesc         0x806'44b1     0x3e  Code  Gb  usbh_ctlreq.o [2]
USBH_Get_StringDesc      0x806'4529     0x40  Code  Gb  usbh_ctlreq.o [2]
USBH_Get_USB_Status      0x806'26df     0x2a  Code  Gb  usbh_conf.o [2]
USBH_HandleControl       0x806'4851    0x21c  Code  Lc  usbh_ctlreq.o [2]
USBH_HandleEnum          0x806'3971    0x2be  Code  Lc  usbh_core.o [2]
USBH_HandleSof           0x806'3c47     0x1a  Code  Lc  usbh_core.o [2]
USBH_Init                0x806'3519     0x50  Code  Gb  usbh_core.o [2]
USBH_LL_ClosePipe        0x806'25e9     0x1a  Code  Gb  usbh_conf.o [2]
USBH_LL_Connect          0x806'3c71     0x16  Code  Gb  usbh_core.o [2]
USBH_LL_Disconnect       0x806'3c87     0x30  Code  Gb  usbh_core.o [2]
USBH_LL_DriverVBUS       0x806'264d     0x1c  Code  Gb  usbh_conf.o [2]
USBH_LL_GetLastXferSize
                         0x806'25ab      0xe  Code  Gb  usbh_conf.o [2]
USBH_LL_GetSpeed         0x806'2569     0x2a  Code  Gb  usbh_conf.o [2]
USBH_LL_GetToggle        0x806'26a1     0x36  Code  Gb  usbh_conf.o [2]
USBH_LL_GetURBState      0x806'263f      0xe  Code  Gb  usbh_conf.o [2]
USBH_LL_IncTimer         0x806'3c35     0x12  Code  Gb  usbh_core.o [2]
USBH_LL_Init             0x806'24d1     0x50  Code  Gb  usbh_conf.o [2]
USBH_LL_OpenPipe         0x806'25b9     0x30  Code  Gb  usbh_conf.o [2]
USBH_LL_PortDisabled     0x806'3c69      0x8  Code  Gb  usbh_core.o [2]
USBH_LL_PortEnabled      0x806'3c61      0x8  Code  Gb  usbh_core.o [2]
USBH_LL_ResetPort        0x806'2593     0x18  Code  Gb  usbh_conf.o [2]
USBH_LL_SetTimer         0x806'3c2f      0x6  Code  Gb  usbh_core.o [2]
USBH_LL_SetToggle        0x806'2669     0x38  Code  Gb  usbh_conf.o [2]
USBH_LL_Start            0x806'2539     0x18  Code  Gb  usbh_conf.o [2]
USBH_LL_Stop             0x806'2551     0x18  Code  Gb  usbh_conf.o [2]
USBH_LL_SubmitURB        0x806'2603     0x3c  Code  Gb  usbh_conf.o [2]
USBH_MSC_BOT_Abort       0x806'ac59     0x30  Code  Lc  usbh_msc_bot.o [2]
USBH_MSC_BOT_Init        0x806'a993     0x22  Code  Gb  usbh_msc_bot.o [2]
USBH_MSC_BOT_Process     0x806'a9b5    0x2a4  Code  Gb  usbh_msc_bot.o [2]
USBH_MSC_BOT_REQ_GetMaxLUN
                         0x806'a975     0x1e  Code  Gb  usbh_msc_bot.o [2]
USBH_MSC_BOT_REQ_Reset   0x806'a955     0x20  Code  Gb  usbh_msc_bot.o [2]
USBH_MSC_ClassRequest    0x806'a273     0x90  Code  Lc  usbh_msc.o [2]
USBH_MSC_DecodeCSW       0x806'ac89     0x54  Code  Lc  usbh_msc_bot.o [2]
USBH_MSC_GetLUNInfo      0x806'a7ef     0x2e  Code  Gb  usbh_msc.o [2]
USBH_MSC_InterfaceDeInit
                         0x806'a215     0x5e  Code  Lc  usbh_msc.o [2]
USBH_MSC_InterfaceInit   0x806'a0a1    0x174  Code  Lc  usbh_msc.o [2]
USBH_MSC_Process         0x806'a303    0x380  Code  Lc  usbh_msc.o [2]
USBH_MSC_RdWrProcess     0x806'a687    0x140  Code  Lc  usbh_msc.o [2]
USBH_MSC_Read            0x806'a81d     0x9c  Code  Gb  usbh_msc.o [2]
USBH_MSC_SCSI_Inquiry    0x806'adf3    0x100  Code  Gb  usbh_msc_scsi.o [2]
USBH_MSC_SCSI_Read       0x806'b03b     0x9c  Code  Gb  usbh_msc_scsi.o [2]
USBH_MSC_SCSI_ReadCapacity
                         0x806'ad4d     0xa6  Code  Gb  usbh_msc_scsi.o [2]
USBH_MSC_SCSI_RequestSense
                         0x806'aef3     0xac  Code  Gb  usbh_msc_scsi.o [2]
USBH_MSC_SCSI_TestUnitReady
                         0x806'aced     0x60  Code  Gb  usbh_msc_scsi.o [2]
USBH_MSC_SCSI_Write      0x806'af9f     0x9c  Code  Gb  usbh_msc_scsi.o [2]
USBH_MSC_SOFProcess      0x806'a683      0x4  Code  Lc  usbh_msc.o [2]
USBH_MSC_UnitIsReady     0x806'a7c7     0x28  Code  Gb  usbh_msc.o [2]
USBH_MSC_Write           0x806'a8b9     0x9c  Code  Gb  usbh_msc.o [2]
USBH_OpenPipe            0x806'43fb     0x24  Code  Gb  usbh_pipes.o [2]
USBH_ParseCfgDesc        0x806'4697     0xd0  Code  Lc  usbh_ctlreq.o [2]
USBH_ParseDevDesc        0x806'463b     0x5c  Code  Lc  usbh_ctlreq.o [2]
USBH_ParseEPDesc         0x806'478d     0x20  Code  Lc  usbh_ctlreq.o [2]
USBH_ParseInterfaceDesc
                         0x806'4767     0x26  Code  Lc  usbh_ctlreq.o [2]
USBH_ParseStringDesc     0x806'47ad     0x40  Code  Lc  usbh_ctlreq.o [2]
USBH_Process             0x806'3699    0x2d8  Code  Gb  usbh_core.o [2]
USBH_RegisterClass       0x806'35cf     0x2e  Code  Gb  usbh_core.o [2]
USBH_SelectInterface     0x806'35fd     0x20  Code  Gb  usbh_core.o [2]
USBH_SetAddress          0x806'45a5     0x26  Code  Gb  usbh_ctlreq.o [2]
USBH_SetCfg              0x806'45cb     0x24  Code  Gb  usbh_ctlreq.o [2]
USBH_SetFeature          0x806'45ef     0x26  Code  Gb  usbh_ctlreq.o [2]
USBH_Start               0x806'3683     0x16  Code  Gb  usbh_core.o [2]
USBH_UserProcess         0x806'5c25     0x3a  Code  Lc  usb_host.o [2]
USBH_initialize          0x806'b2cd      0x4  Code  Gb  usbh_diskio.o [2]
USBH_ioctl               0x806'b387     0x86  Code  Gb  usbh_diskio.o [2]
USBH_msc                0x2000'0030     0x20  Data  Gb  usbh_msc.o [2]
USBH_read                0x806'b2ed     0x48  Code  Gb  usbh_diskio.o [2]
USBH_status              0x806'b2d1     0x1c  Code  Gb  usbh_diskio.o [2]
USBH_write               0x806'b335     0x52  Code  Gb  usbh_diskio.o [2]
USB_CoreInit             0x806'2709     0x80  Code  Gb  stm32f4xx_ll_usb.o [2]
USB_CoreReset            0x806'288b     0x32  Code  Lc  stm32f4xx_ll_usb.o [2]
USB_DisableGlobalInt     0x806'2795      0xc  Code  Gb  stm32f4xx_ll_usb.o [2]
USB_DoPing               0x806'2fd3     0x3c  Code  Gb  stm32f4xx_ll_usb.o [2]
USB_DriveVbus            0x806'2a57     0x4e  Code  Gb  stm32f4xx_ll_usb.o [2]
USB_EnableGlobalInt      0x806'2789      0xc  Code  Gb  stm32f4xx_ll_usb.o [2]
USB_FlushRxFifo          0x806'27fb     0x1e  Code  Gb  stm32f4xx_ll_usb.o [2]
USB_FlushTxFifo          0x806'27d9     0x22  Code  Gb  stm32f4xx_ll_usb.o [2]
USB_GetCurrentFrame      0x806'2abd      0xa  Code  Gb  stm32f4xx_ll_usb.o [2]
USB_GetHostSpeed         0x806'2aa5     0x18  Code  Gb  stm32f4xx_ll_usb.o [2]
USB_GetMode              0x806'2883      0x8  Code  Gb  stm32f4xx_ll_usb.o [2]
USB_HC_Halt              0x806'2e71    0x162  Code  Gb  stm32f4xx_ll_usb.o [2]
USB_HC_Init              0x806'2ac7    0x1de  Code  Gb  stm32f4xx_ll_usb.o [2]
USB_HC_ReadInterrupt     0x806'2e67      0xa  Code  Gb  stm32f4xx_ll_usb.o [2]
USB_HC_StartXfer         0x806'2ca5    0x1c2  Code  Gb  stm32f4xx_ll_usb.o [2]
USB_HC_StartXfer::tmpreg
                        0x2000'163c      0x4  Data  Lc  stm32f4xx_ll_usb.o [2]
USB_HOST_Init            0x806'5be1     0x38  Code  Gb  usb_host.o [2]
USB_HOST_Process         0x806'5c19      0xa  Code  Gb  usb_host.o [2]
USB_HOST_VbusFS          0x806'4381     0x20  Code  Gb  usbh_platform.o [2]
USB_HostInit             0x806'28c5    0x102  Code  Gb  stm32f4xx_ll_usb.o [2]
USB_InitFSLSPClkSel      0x806'29c9     0x4e  Code  Gb  stm32f4xx_ll_usb.o [2]
USB_ReadInterrupts       0x806'2879      0xa  Code  Gb  stm32f4xx_ll_usb.o [2]
USB_ReadPacket           0x806'2855     0x24  Code  Gb  stm32f4xx_ll_usb.o [2]
USB_ResetPort            0x806'2a17     0x40  Code  Gb  stm32f4xx_ll_usb.o [2]
USB_SetCurrentMode       0x806'27a1     0x38  Code  Gb  stm32f4xx_ll_usb.o [2]
USB_StopHost             0x806'302d     0xa0  Code  Gb  stm32f4xx_ll_usb.o [2]
USB_WritePacket          0x806'281d     0x38  Code  Gb  stm32f4xx_ll_usb.o [2]
UTF8toANSI(unsigned char *)
                         0x806'5cad     0x2e  Code  Gb  unicode_utils.o [2]
UnicodeToUTF8(unsigned short)
                         0x806'5cdb     0x36  Code  Gb  unicode_utils.o [2]
UnicodeToUTF8_Str(char *, unsigned short *, unsigned short)
                         0x806'5d11     0x74  Code  Gb  unicode_utils.o [2]
UsageFault_Handler       0x806'ba15      0x2  Code  Gb  stm32f4xx_it.o [2]
UsbFS                   0x2000'00d8    0x838  Data  Gb  fatfs.o [2]
UsbPath                 0x2000'1628      0x8  Data  Gb  fatfs.o [2]
_Encoding_8859_1_Mbrlen
                         0x806'31c5      0x2  Code  Gb  xencoding_8859_1.o [3]
_Encoding_8859_1_Wctomb
                         0x806'31b3     0x12  Code  Gb  xencoding_8859_1.o [3]
_GenldFull               0x806'8355    0x274  Code  Lc  xprintffull.o [3]
_LdtobFull               0x806'7f51    0x3d6  Code  Lc  xprintffull.o [3]
_LitobFull               0x806'7e01    0x10a  Code  Lc  xprintffull.o [3]
_Locale_lconv           0x2000'0050     0x38  Data  Lc  xlocale_c.o [3]
_PrintfFull              0x806'7735    0x1aa  Code  Gb  xprintffull.o [3]
_PutcharsFull            0x806'85c9     0x2e  Code  Lc  xprintffull.o [3]
_PutfldFull              0x806'7971    0x2d4  Code  Lc  xprintffull.o [3]
_PutstrFull              0x806'7d3b     0xc6  Code  Lc  xprintffull.o [3]
_PuttxtFull              0x806'7c45     0xf6  Code  Lc  xprintffull.o [3]
_SProut                  0x806'3cb7      0xa  Code  Gb  xsprout.o [3]
__NVIC_EnableIRQ         0x806'3411     0x1c  Code  Lc  stm32f4xx_hal_cortex.o [2]
__NVIC_GetPriorityGrouping
                         0x806'3407      0xa  Code  Lc  stm32f4xx_hal_cortex.o [2]
__NVIC_SetPriority       0x806'342d     0x24  Code  Lc  stm32f4xx_hal_cortex.o [2]
__NVIC_SetPriorityGrouping
                         0x806'33ed     0x1a  Code  Lc  stm32f4xx_hal_cortex.o [2]
__aeabi_cdcmple          0x806'8c89           Code  Gb  DblCmpLe.o [4]
__aeabi_cdrcmple         0x806'8cb9           Code  Gb  DblCmpGe.o [4]
__aeabi_d2f              0x806'6085           Code  Gb  DblToFlt.o [4]
__aeabi_d2iz             0x806'8e25           Code  Gb  DblToS32.o [4]
__aeabi_d2uiz            0x806'8f69           Code  Gb  DblToU32.o [4]
__aeabi_ddiv             0x806'5e3d           Code  Gb  DblDiv.o [4]
__aeabi_dmul             0x806'8a75           Code  Gb  DblMul.o [4]
__aeabi_dsub             0x806'8e85           Code  Gb  DblSub.o [4]
__aeabi_f2d              0x806'5df5           Code  Gb  FltToDbl.o [4]
__aeabi_i2d              0x806'8e61           Code  Gb  S32ToDbl.o [4]
__aeabi_memclr4          0x806'31ad           Code  Gb  ABImemclr4.o [5]
__aeabi_memcpy           0x806'30cd           Code  Gb  ABImemcpy.o [5]
__aeabi_memcpy4          0x806'30ed           Code  Gb  ABImemcpy.o [5]
__aeabi_memcpy8          0x806'30ed           Code  Gb  ABImemcpy.o [5]
__aeabi_memset           0x806'6c71           Code  Gb  ABImemset.o [5]
__aeabi_ui2d             0x806'8f91           Code  Gb  U32ToDbl.o [4]
__aeabi_uldivmod         0x806'867d           Code  Gb  I64DivMod.o [5]
__cmain                  0x806'bc41           Code  Gb  cmain.o [5]
__data_GetMemChunk       0x806'02a9     0x2c  Code  Gb  xgetmemchunk.o [3]
__data_GetMemChunk::start
                        0x2000'1648      0x4  Data  Lc  xgetmemchunk.o [3]
__exit                   0x806'02d5     0x14  Code  Gb  exit.o [6]
__iar_Fail_s             0x806'8999     0x1c  Code  Gb  xfail_s.o [3]
__iar_Mbcurmax           0x806'8a69      0xa  Code  Gb  xmbcurmax.o [3]
__iar_Memchr             0x806'8a11           Code  Gb  memchr.o [5]
__iar_Memset             0x806'6c71           Code  Gb  ABImemset.o [5]
__iar_Memset4_word       0x806'43c9           Code  Gb  ABImemset48.o [5]
__iar_Memset8_word       0x806'43c9           Code  Gb  ABImemset48.o [5]
__iar_Memset_word        0x806'6c79           Code  Gb  ABImemset.o [5]
__iar_Strchr             0x806'8981           Code  Gb  strchr.o [5]
__iar_dadd               0x806'8e95           Code  Gb  DblSub.o [4]
__iar_data_init3         0x806'bb2d     0x28  Code  Gb  data_init.o [5]
__iar_debug_exceptions   0x806'437e      0x1  Data  Gb  unwind_debug.o [6]
__iar_dlfree             0x805'fd27    0x4f6  Code  Gb  dlmalloc.o [3]
__iar_dlmalloc           0x805'fa71    0x2b6  Code  Gb  dlmalloc.o [3]
__iar_dsub               0x806'9091           Code  Gb  DblAdd.o [4]
__iar_dsubStart          0x806'90a3           Code  Gb  DblAdd.o [4]
__iar_frexp              0x806'8c25           Code  Gb  frexp.o [4]
__iar_frexpl             0x806'8c25           Code  Gb  frexp.o [4]
__iar_globLocale        0x2000'0088     0x48  Data  Lc  xlocale_c.o [3]
__iar_global_Locale      0x806'8909      0x4  Code  Gb  xlocale_c.o [3]
__iar_init_vfp           0x806'bb9d           Code  Gb  fpinit_M.o [4]
__iar_ldexp64            0x806'8ce9           Code  Gb  ldexp.o [4]
__iar_lz77_init_single3
                         0x806'022f     0x7a  Code  Gb  lz77_init_single.o [5]
__iar_program_start      0x806'bd6d           Code  Gb  cstartup_M.o [5]
__iar_scalbln64          0x806'8ce9           Code  Gb  ldexp.o [4]
__iar_scalbn64           0x806'8ce9           Code  Gb  ldexp.o [4]
__iar_softfp___iar_frexp64
                         0x806'8c19           Code  Gb  frexp.o [4]
__iar_softfp_frexp       0x806'8c19           Code  Gb  frexp.o [4]
__iar_softfp_frexpl      0x806'8c19           Code  Gb  frexp.o [4]
__iar_zero_init3         0x806'3173     0x3a  Code  Gb  zero_init3.o [5]
__low_level_init         0x806'bc5f      0x4  Code  Gb  low_level_init.o [3]
__vector_table           0x801'0000           Data  Gb  startup_stm32f407xx.o [2]
_call_main               0x806'bc4d           Code  Gb  cmain.o [5]
_exit                    0x806'bc69           Code  Gb  cexit.o [5]
_gLocale_mblen           0x806'896d      0x4  Code  Gb  xlocale_c.o [3]
_gLocale_mblenInt        0x806'8931     0x2c  Code  Gb  xlocale_c.o [3]
_gLocale_wctomb          0x806'8971      0x4  Code  Gb  xlocale_c.o [3]
_gLocale_wctombInt       0x806'8969      0x4  Code  Gb  xlocale_c.o [3]
_gm_                    0x2000'11ac    0x1d8  Data  Lc  dlmalloc.o [3]
_main                    0x806'bc5b           Code  Gb  cmain.o [5]
_touch_ReadCoords        0x806'4c99    0x124  Code  Gb  touch_spi.o [2]
_touch_RefreshState      0x806'4dbd     0xc0  Code  Gb  touch_spi.o [2]
abort                    0x806'0229      0x6  Code  Gb  abort.o [3]
add_segment              0x805'f111    0x1f2  Code  Lc  dlmalloc.o [3]
check_fs                 0x805'c677     0x76  Code  Lc  ff.o [2]
chk_chr                  0x805'b257     0x14  Code  Lc  ff.o [2]
clst2sect                0x805'b44b     0x1a  Code  Lc  ff.o [2]
cmp_lfn                  0x805'bb45     0xa0  Code  Lc  ff.o [2]
create_chain             0x805'b759    0x130  Code  Lc  ff.o [2]
create_name              0x805'c309    0x286  Code  Lc  ff.o [2]
dbc_1st                  0x805'b26b      0xe  Code  Lc  ff.o [2]
dbc_2nd                  0x805'b279      0xe  Code  Lc  ff.o [2]
dir_alloc                0x805'ba91     0x64  Code  Lc  ff.o [2]
dir_clear                0x805'b889     0x64  Code  Lc  ff.o [2]
dir_find                 0x805'bec3    0x118  Code  Lc  ff.o [2]
dir_next                 0x805'b99f     0xf2  Code  Lc  ff.o [2]
dir_read                 0x805'bdc3    0x100  Code  Lc  ff.o [2]
dir_register             0x805'bfdb    0x166  Code  Lc  ff.o [2]
dir_sdi                  0x805'b8ed     0xb2  Code  Lc  ff.o [2]
disk                    0x2000'161c      0xc  Data  Gb  ff_gen_drv.o [2]
disk_initialize          0x805'd1a3     0x32  Code  Gb  diskio.o [2]
disk_ioctl               0x805'd211     0x20  Code  Gb  diskio.o [2]
disk_read                0x805'd1d5     0x1e  Code  Gb  diskio.o [2]
disk_status              0x805'd185     0x1e  Code  Gb  diskio.o [2]
disk_write               0x805'd1f3     0x1e  Code  Gb  diskio.o [2]
dmabuff                 0x2000'1524     0x60  Data  Gb  touch_spi.o [2]
exit                     0x806'bc63      0x4  Code  Gb  exit.o [3]
f_close                  0x805'cf77     0x2a  Code  Gb  ff.o [2]
f_getfree                0x805'd085    0x100  Code  Gb  ff.o [2]
f_mount                  0x805'ca73     0x54  Code  Gb  ff.o [2]
f_open                   0x805'caf1    0x21a  Code  Gb  ff.o [2]
f_opendir                0x805'cfa1     0x88  Code  Gb  ff.o [2]
f_read                   0x805'cd0b    0x1cc  Code  Gb  ff.o [2]
f_readdir                0x805'd029     0x5c  Code  Gb  ff.o [2]
f_sync                   0x805'ced7     0xa0  Code  Gb  ff.o [2]
ff_oem2uni               0x805'd27b     0x3a  Code  Gb  ffunicode.o [2]
ff_uni2oem               0x805'd235     0x46  Code  Gb  ffunicode.o [2]
ff_wtoupper              0x805'd2b5     0xb6  Code  Gb  ffunicode.o [2]
ff_wtoupper::cvt1        0x806'b0d8    0x1f4  Data  Lc  ffunicode.o [2]
ff_wtoupper::cvt2        0x806'b8d0     0xbc  Data  Lc  ffunicode.o [2]
filebuff                0x1000'0000   0x2000  Data  Gb  main.o [2]
find_volume              0x805'c6f9     0x6c  Code  Lc  ff.o [2]
fnt18_raw                0x806'91fc    0xea4  Data  Gb  fnt18.o [2]
fnt18_raw_width          0x806'b410    0x140  Data  Gb  fnt18.o [2]
fnt18b_raw               0x806'02e8   0x10c8  Data  Gb  fnt18b.o [2]
fnt18b_raw_width         0x806'b550    0x140  Data  Gb  fnt18b.o [2]
fnt24_raw                0x805'd3ec   0x195c  Data  Gb  fnt24.o [2]
fnt24_raw_width          0x806'b690    0x140  Data  Gb  fnt24.o [2]
fnt_h18                 0x2000'0000      0xc  Data  Gb  fnt18.o [2]
fnt_h18b                0x2000'000c      0xc  Data  Gb  fnt18b.o [2]
fnt_h24                 0x2000'0018      0xc  Data  Gb  fnt24.o [2]
follow_path              0x805'c58f     0x9a  Code  Lc  ff.o [2]
free                     0x806'ace9      0x4  Code  Gb  heaptramp0.o [3]
gen_numname              0x805'bd01     0xa2  Code  Lc  ff.o [2]
get_fat                  0x805'b465    0x10a  Code  Lc  ff.o [2]
get_fattime              0x805'd395      0x4  Code  Gb  fatfs.o [2]
get_fileinfo             0x805'c141    0x1c8  Code  Lc  ff.o [2]
get_ldnumber             0x805'c629     0x4e  Code  Lc  ff.o [2]
hLcdDma                 0x2000'1404     0x60  Data  Gb  lcd_low.o [2]
hRTC                    0x2000'15d4     0x20  Data  Gb  rtc.o [2]
hTouch                  0x2000'1384     0x80  Data  Gb  touch_spi.o [2]
hTouchDmaRx             0x2000'1464     0x60  Data  Gb  touch_spi.o [2]
hTouchDmaTx             0x2000'14c4     0x60  Data  Gb  touch_spi.o [2]
hUsbHost                0x2000'0910    0x3d8  Data  Gb  usb_host.o [2]
hhcd_USB_OTG_FS         0x2000'0ce8    0x2c4  Data  Gb  usbh_conf.o [2]
hsram1                  0x2000'1584     0x50  Data  Gb  fsmc.o [2]
init_mparams             0x805'ed63     0x32  Code  Lc  dlmalloc.o [3]
init_top                 0x805'ed95     0x36  Code  Lc  dlmalloc.o [3]
lcdui_bgcolor           0x2000'1654      0x2  Data  Gb  lcd_ui.o [2]
lcdui_color             0x2000'00d4      0x2  Data  Gb  lcd_ui.o [2]
lcdui_current_font      0x2000'0024      0x4  Data  Gb  lcd_ui.o [2]
lcdui_cursor_x          0x2000'1650      0x2  Data  Gb  lcd_ui.o [2]
lcdui_cursor_y          0x2000'1652      0x2  Data  Gb  lcd_ui.o [2]
lcdui_height            0x2000'00d2      0x2  Data  Gb  lcd_ui.o [2]
lcdui_width             0x2000'00d0      0x2  Data  Gb  lcd_ui.o [2]
ld_clust                 0x805'baf5     0x26  Code  Lc  ff.o [2]
ld_dword                 0x805'b1dd     0x16  Code  Lc  ff.o [2]
ld_word                  0x805'b1d1      0xc  Code  Lc  ff.o [2]
ldexp                    0x806'8ce9           Code  Gb  ldexp.o [4]
ldexpl                   0x806'8ce9           Code  Gb  ldexp.o [4]
localeconv               0x806'8975      0x4  Code  Gb  xlocale_c.o [3]
main                     0x806'3cc1    0x572  Code  Gb  main.o [2]
mem_cmp                  0x805'b239     0x1e  Code  Lc  ff.o [2]
mem_cpy                  0x805'b219     0x14  Code  Lc  ff.o [2]
mem_set                  0x805'b22d      0xc  Code  Lc  ff.o [2]
memchr                   0x806'8a11           Code  Gb  memchr.o [5]
mount_volume             0x805'c765    0x2c6  Code  Lc  ff.o [2]
move_window              0x805'b379     0x3e  Code  Lc  ff.o [2]
mparams                 0x2000'15f4     0x18  Data  Lc  dlmalloc.o [3]
pick_lfn                 0x805'bbe5     0x90  Code  Lc  ff.o [2]
prepend_alloc            0x805'edcb    0x346  Code  Lc  dlmalloc.o [3]
put_fat                  0x805'b56f    0x15c  Code  Lc  ff.o [2]
put_lfn                  0x805'bc75     0x84  Code  Lc  ff.o [2]
put_utf                  0x805'b2cd     0x5c  Code  Lc  ff.o [2]
remove_chain             0x805'b6cb     0x8e  Code  Lc  ff.o [2]
retUSBH                 0x2000'1656      0x1  Data  Gb  fatfs.o [2]
scalbln                  0x806'8ce9           Code  Gb  ldexp.o [4]
scalblnl                 0x806'8ce9           Code  Gb  ldexp.o [4]
scalbn                   0x806'8ce9           Code  Gb  ldexp.o [4]
scalbnl                  0x806'8ce9           Code  Gb  ldexp.o [4]
scale                    0x806'7f0b     0x46  Code  Lc  xprintffull.o [3]
sec_hand                0x2000'1644      0x4  Data  Lc  xfail_s.o [3]
segment_holding          0x805'ed49     0x1a  Code  Lc  dlmalloc.o [3]
sprintf                  0x806'5c6d     0x40  Code  Gb  sprintf.o [3]
st_clust                 0x805'bb1b     0x2a  Code  Lc  ff.o [2]
st_dword                 0x805'b201     0x18  Code  Lc  ff.o [2]
st_word                  0x805'b1f3      0xe  Code  Lc  ff.o [2]
strcat_uni(unsigned short *, unsigned short *)
                         0x806'5da7     0x2c  Code  Gb  unicode_utils.o [2]
strchr                   0x806'8981           Code  Gb  strchr.o [5]
strcmp                   0x806'5dd5           Code  Gb  strcmp.o [5]
strcpy_uni(unsigned short *, unsigned short *)
                         0x806'5d85     0x22  Code  Gb  unicode_utils.o [2]
strlen                   0x806'89d9           Code  Gb  strlen.o [5]
sum_sfn                  0x805'bda3     0x20  Code  Lc  ff.o [2]
sync_fs                  0x805'b3b7     0x94  Code  Lc  ff.o [2]
sync_window              0x805'b329     0x50  Code  Lc  ff.o [2]
sys_alloc                0x805'f309    0x164  Code  Lc  dlmalloc.o [3]
sys_trim                 0x805'f46d     0x64  Code  Lc  dlmalloc.o [3]
tchar2uni                0x805'b287     0x46  Code  Lc  ff.o [2]
tmalloc_large            0x805'f4dd    0x386  Code  Lc  dlmalloc.o [3]
tmalloc_small            0x805'f863    0x200  Code  Lc  dlmalloc.o [3]
touch_info              0x2000'160c     0x10  Data  Gb  touch_spi.o [2]
touch_point             0x2000'1640      0x4  Data  Gb  touch_spi.o [2]
uc866                    0x806'b7d0    0x100  Data  Lc  ffunicode.o [2]
uwTick                  0x2000'1638      0x4  Data  Gb  stm32f4xx_hal.o [2]
uwTickFreq              0x2000'00d6      0x1  Data  Gb  stm32f4xx_hal.o [2]
uwTickPrio              0x2000'0028      0x4  Data  Gb  stm32f4xx_hal.o [2]
validate                 0x805'ca2b     0x48  Code  Lc  ff.o [2]


[1] = D:\Electronics\Projects\MKS_DLP_new\SRC\IMGS\original
[2] = D:\Electronics\Projects\MKS_DLP_new\SRC\firmware\MKS_DLP_new_debug\Obj
[3] = dl7M_tlf.a
[4] = m7M_tls.a
[5] = rt7M_tl.a
[6] = shb_l.a

   51 767 bytes of readonly  code memory
  324 600 bytes of readonly  data memory
   26 200 bytes of readwrite data memory

Errors: none
Warnings: none
